slurmstepd: info: Setting TMPDIR to /scratch/8413562. Previous errors about TMPDIR can be discarded
==============================
RUN_ID: 20260712-220132
Array ID: 2  (entrada: 200:2:7)
num_nodes: 200   chunk: 3/7
num_instances (total del n): 100
num_workers: 16   cpus-per-task: 32
OMP_NUM_THREADS=1 OPENBLAS_NUM_THREADS=1 MKL_NUM_THREADS=1
device: CPU   optimizer: DIFFERENTIALEVOLUTION   maxiter: 25   k: 3
backend: AER   shots: 8192
==============================

==============================
num_nodes     = 200
num_instances = 100 (total del n)
chunk         = 3/7
num_workers   = 16
k             = 3
optimizer     = DIFFERENTIALEVOLUTION
maxiter       = 25
backend       = AER
outdir        = Resultados/PCE/20260712-220132/chunks
==============================

(num_workers ajustado de 16 a 14: este chunk solo tiene 14 instancias)
[TIMING] pid=3243085 idx=79 t0=8268161.369 grafo=0.031s init_bench=0.000s run_pce=25710.647s total=25710.678s
[TIMING] pid=3243075 idx=9 t0=8268161.341 grafo=0.031s init_bench=0.000s run_pce=25718.811s total=25718.842s
[TIMING] pid=3243086 idx=86 t0=8268161.373 grafo=0.031s init_bench=0.000s run_pce=25732.884s total=25732.916s
[TIMING] pid=3243079 idx=37 t0=8268161.348 grafo=0.031s init_bench=0.000s run_pce=25822.404s total=25822.436s
[TIMING] pid=3243078 idx=30 t0=8268161.345 grafo=0.031s init_bench=0.000s run_pce=26655.374s total=26655.405s
[TIMING] pid=3243076 idx=16 t0=8268161.341 grafo=0.031s init_bench=0.000s run_pce=26820.804s total=26820.835s
[TIMING] pid=3243080 idx=44 t0=8268161.351 grafo=0.031s init_bench=0.000s run_pce=26987.135s total=26987.166s
[TIMING] pid=3243083 idx=65 t0=8268161.361 grafo=0.032s init_bench=0.000s run_pce=27118.763s total=27118.795s
[TIMING] pid=3243077 idx=23 t0=8268161.344 grafo=0.032s init_bench=0.000s run_pce=27181.130s total=27181.161s
[TIMING] pid=3243072 idx=2 t0=8268161.336 grafo=0.032s init_bench=0.000s run_pce=27231.629s total=27231.661s
[TIMING] pid=3243087 idx=93 t0=8268161.377 grafo=0.032s init_bench=0.000s run_pce=27345.531s total=27345.563s
[TIMING] pid=3243082 idx=58 t0=8268161.357 grafo=0.032s init_bench=0.000s run_pce=27425.506s total=27425.538s
[TIMING] pid=3243084 idx=72 t0=8268161.365 grafo=0.032s init_bench=0.000s run_pce=27433.827s total=27433.858s
[TIMING] pid=3243081 idx=51 t0=8268161.354 grafo=0.031s init_bench=0.000s run_pce=27500.563s total=27500.595s

✔ n=200 chunk 3/7 (14 instancias) beta_parcial=0.3120 ± 0.0164
✔ Resultado del chunk guardado en: Resultados/PCE/20260712-220132/chunks/n_200_chunk_2_of_7.h5
  (recuerda: esto es PARCIAL — hace falta merge_chunks_qscore_PCE.py para combinar todos los chunks de este n antes de agregar)
Fecha fin: Mon Jul 13 05:41:03 AM CEST 2026

*****************************************************************************
*                                                                           *
*                    JOB EFFICIENCY REPORT (seff 8413562)                   *
*                                                                           *
*****************************************************************************

Job ID: 8413562
Array Job ID: 8413559_2
Cluster: finisterrae3
User/Group: tec_app6/cesga
State: COMPLETED (exit code 0)
Nodes: 1
Cores per node: 32
CPU Utilized: 11:13:09
CPU Efficiency: 4.59% of 10-04:30:56 core-walltime
Job Wall-clock time: 07:38:28
Memory Utilized: 6.93 GB
Memory Efficiency: 21.66% of 32.00 GB

 +++++++++++++++++++++++++++++++++++++++++++++++++++++++++++++++++++++++++++
 ++   Memory Efficiency is too small. Please review the requested memory. ++
 ++ It seems that you do not need that much memory so we recommend        ++
 ++ requesting less memory in other similar jobs.                         ++
 +++++++++++++++++++++++++++++++++++++++++++++++++++++++++++++++++++++++++++
 
*****************************************************************************

