slurmstepd: info: Setting TMPDIR to /scratch/8413569. Previous errors about TMPDIR can be discarded
==============================
RUN_ID: 20260712-220132
Array ID: 9  (entrada: 225:2:7)
num_nodes: 225   chunk: 3/7
num_instances (total del n): 100
num_workers: 16   cpus-per-task: 32
OMP_NUM_THREADS=1 OPENBLAS_NUM_THREADS=1 MKL_NUM_THREADS=1
device: CPU   optimizer: DIFFERENTIALEVOLUTION   maxiter: 25   k: 3
backend: AER   shots: 8192
==============================

==============================
num_nodes     = 225
num_instances = 100 (total del n)
chunk         = 3/7
num_workers   = 16
k             = 3
optimizer     = DIFFERENTIALEVOLUTION
maxiter       = 25
backend       = AER
outdir        = Resultados/PCE/20260712-220132/chunks
==============================

(num_workers ajustado de 16 a 14: este chunk solo tiene 14 instancias)
[TIMING] pid=1590409 idx=86 t0=10231789.982 grafo=0.039s init_bench=0.000s run_pce=28893.201s total=28893.240s
[TIMING] pid=1590395 idx=2 t0=10231789.945 grafo=0.039s init_bench=0.000s run_pce=28939.616s total=28939.656s
[TIMING] pid=1590399 idx=16 t0=10231789.951 grafo=0.039s init_bench=0.000s run_pce=28991.461s total=28991.500s
[TIMING] pid=1590405 idx=58 t0=10231789.968 grafo=0.039s init_bench=0.000s run_pce=28998.671s total=28998.710s
[TIMING] pid=1590407 idx=72 t0=10231789.975 grafo=0.039s init_bench=0.000s run_pce=30032.390s total=30032.429s
[TIMING] pid=1590406 idx=65 t0=10231789.971 grafo=0.039s init_bench=0.000s run_pce=30473.327s total=30473.366s
[TIMING] pid=1590408 idx=79 t0=10231789.979 grafo=0.039s init_bench=0.000s run_pce=30474.313s total=30474.352s
[TIMING] pid=1590410 idx=93 t0=10231789.986 grafo=0.039s init_bench=0.000s run_pce=30550.462s total=30550.501s
[TIMING] pid=1590403 idx=44 t0=10231789.961 grafo=0.039s init_bench=0.000s run_pce=30673.608s total=30673.647s
[TIMING] pid=1590402 idx=37 t0=10231789.957 grafo=0.039s init_bench=0.000s run_pce=30680.646s total=30680.684s
[TIMING] pid=1590398 idx=9 t0=10231789.950 grafo=0.039s init_bench=0.000s run_pce=30748.998s total=30749.037s
[TIMING] pid=1590404 idx=51 t0=10231789.964 grafo=0.039s init_bench=0.000s run_pce=30767.301s total=30767.340s
[TIMING] pid=1590401 idx=30 t0=10231789.954 grafo=0.039s init_bench=0.000s run_pce=30831.769s total=30831.807s
[TIMING] pid=1590400 idx=23 t0=10231789.953 grafo=0.039s init_bench=0.000s run_pce=31054.969s total=31055.009s

✔ n=225 chunk 3/7 (14 instancias) beta_parcial=0.2585 ± 0.0198
✔ Resultado del chunk guardado en: Resultados/PCE/20260712-220132/chunks/n_225_chunk_2_of_7.h5
  (recuerda: esto es PARCIAL — hace falta merge_chunks_qscore_PCE.py para combinar todos los chunks de este n antes de agregar)
Fecha fin: Mon Jul 13 06:40:17 AM CEST 2026

*****************************************************************************
*                                                                           *
*                    JOB EFFICIENCY REPORT (seff 8413569)                   *
*                                                                           *
*****************************************************************************

Job ID: 8413569
Array Job ID: 8413559_9
Cluster: finisterrae3
User/Group: tec_app6/cesga
State: COMPLETED (exit code 0)
Nodes: 1
Cores per node: 32
CPU Utilized: 13:18:59
CPU Efficiency: 4.82% of 11-12:06:24 core-walltime
Job Wall-clock time: 08:37:42
Memory Utilized: 7.74 GB
Memory Efficiency: 24.18% of 32.00 GB

 +++++++++++++++++++++++++++++++++++++++++++++++++++++++++++++++++++++++++++
 ++   Memory Efficiency is too small. Please review the requested memory. ++
 ++ It seems that you do not need that much memory so we recommend        ++
 ++ requesting less memory in other similar jobs.                         ++
 +++++++++++++++++++++++++++++++++++++++++++++++++++++++++++++++++++++++++++
 
*****************************************************************************

