gcc/system unloaded
gcccore/system unloaded
cesga/2022 unloaded
rust/1.75.0 unloaded
imkl/2022.0.1 unloaded
numpy/1.26.4 unloaded
scipy/1.13.1 unloaded
flint/2.8.4 unloaded
symengine/0.11.1 unloaded
symengine-python/0.11.0 unloaded
spdlog/1.9.2 unloaded
pylatexenc/2.10 unloaded
qiskit/1.2.4-aer-gpu-cu11 unloaded
        Preparing the environment for use of the CESGA 2022 software stack.
        Please rebuild modules cache: module --ignore-cache avail
     
cesga/2022 loaded
rust/1.75.0 loaded

imkl/2023.2.0 loaded
numpy/1.26.4 loaded
scipy/1.13.1 loaded
imkl/2023.2.0 unloaded

imkl/2022.0.1 loaded
flint/2.8.4 loaded
symengine/0.11.1 loaded
symengine-python/0.11.0 loaded
spdlog/1.9.2 loaded
pylatexenc/2.10 loaded
gcccore/system loaded
gcc/system loaded
qiskit/1.2.4-aer-gpu-cu11 loaded
2026-07-13 02:30:50,013 [INFO] [PCE] n=250 chunk 5/7: 14 instancias [4, 11, 18, 25, 32, 39, 46, 53, 60, 67, 74, 81, 88, 95], num_workers=14, qubits=9
2026-07-13 02:30:50,013 [INFO] [PCE] n=250 paralelizando 14 instancias entre 14 workers (max_parallel_threads=1 fijo, independiente de num_workers)
2026-07-13 02:30:50,180 [INFO] Pass: ContainsInstruction - 0.01502 (ms)
2026-07-13 02:30:50,180 [INFO] Pass: ContainsInstruction - 0.01407 (ms)
2026-07-13 02:30:50,180 [INFO] Pass: ContainsInstruction - 0.01717 (ms)
2026-07-13 02:30:50,180 [INFO] Pass: ContainsInstruction - 0.01669 (ms)
2026-07-13 02:30:50,180 [INFO] Pass: ContainsInstruction - 0.01431 (ms)
2026-07-13 02:30:50,180 [INFO] Pass: ContainsInstruction - 0.01597 (ms)
2026-07-13 02:30:50,180 [INFO] Pass: InverseCancellation - 0.02050 (ms)
2026-07-13 02:30:50,180 [INFO] Pass: InverseCancellation - 0.01979 (ms)
2026-07-13 02:30:50,180 [INFO] Pass: ContainsInstruction - 0.01502 (ms)
2026-07-13 02:30:50,180 [INFO] Pass: InverseCancellation - 0.01836 (ms)
2026-07-13 02:30:50,180 [INFO] Pass: InverseCancellation - 0.01597 (ms)
2026-07-13 02:30:50,180 [INFO] Pass: InverseCancellation - 0.01788 (ms)
2026-07-13 02:30:50,180 [INFO] Pass: UnitarySynthesis - 0.00930 (ms)
2026-07-13 02:30:50,180 [INFO] Pass: UnitarySynthesis - 0.00834 (ms)
2026-07-13 02:30:50,180 [INFO] Pass: InverseCancellation - 0.01764 (ms)
2026-07-13 02:30:50,180 [INFO] Pass: UnitarySynthesis - 0.00834 (ms)
2026-07-13 02:30:50,180 [INFO] Pass: UnitarySynthesis - 0.00906 (ms)
2026-07-13 02:30:50,180 [INFO] Pass: UnitarySynthesis - 0.00858 (ms)
2026-07-13 02:30:50,180 [INFO] Pass: InverseCancellation - 0.01621 (ms)
2026-07-13 02:30:50,180 [INFO] Pass: UnitarySynthesis - 0.00882 (ms)
2026-07-13 02:30:50,180 [INFO] Pass: UnitarySynthesis - 0.00834 (ms)
2026-07-13 02:30:50,180 [INFO] Pass: ContainsInstruction - 0.01860 (ms)
2026-07-13 02:30:50,180 [INFO] Pass: InverseCancellation - 0.01836 (ms)
2026-07-13 02:30:50,180 [INFO] Pass: UnitarySynthesis - 0.00834 (ms)
2026-07-13 02:30:50,181 [INFO] Pass: HighLevelSynthesis - 1.70732 (ms)
2026-07-13 02:30:50,182 [INFO] Pass: HighLevelSynthesis - 1.71852 (ms)
2026-07-13 02:30:50,182 [INFO] Pass: HighLevelSynthesis - 1.70398 (ms)
2026-07-13 02:30:50,182 [INFO] Pass: HighLevelSynthesis - 1.72019 (ms)
2026-07-13 02:30:50,182 [INFO] Pass: HighLevelSynthesis - 1.74880 (ms)
2026-07-13 02:30:50,182 [INFO] Pass: HighLevelSynthesis - 1.72544 (ms)
2026-07-13 02:30:50,182 [INFO] Pass: HighLevelSynthesis - 1.78719 (ms)
2026-07-13 02:30:50,182 [INFO] Pass: HighLevelSynthesis - 1.82033 (ms)
2026-07-13 02:30:50,182 [INFO] Pass: ContainsInstruction - 0.01383 (ms)
2026-07-13 02:30:50,182 [INFO] Pass: InverseCancellation - 0.01645 (ms)
2026-07-13 02:30:50,182 [INFO] Pass: UnitarySynthesis - 0.00834 (ms)
2026-07-13 02:30:50,182 [INFO] Pass: BasisTranslator - 0.87070 (ms)
2026-07-13 02:30:50,183 [INFO] Pass: BasisTranslator - 0.90122 (ms)
2026-07-13 02:30:50,183 [INFO] Pass: BasisTranslator - 0.91362 (ms)
2026-07-13 02:30:50,183 [INFO] Pass: BasisTranslator - 0.95105 (ms)
2026-07-13 02:30:50,183 [INFO] Pass: BasisTranslator - 0.86379 (ms)
2026-07-13 02:30:50,183 [INFO] Pass: BasisTranslator - 0.92006 (ms)
2026-07-13 02:30:50,183 [INFO] Pass: BasisTranslator - 0.92459 (ms)
2026-07-13 02:30:50,183 [INFO] Pass: Depth - 0.21505 (ms)
2026-07-13 02:30:50,183 [INFO] Pass: FixedPoint - 0.01693 (ms)
2026-07-13 02:30:50,183 [INFO] Pass: Depth - 0.21529 (ms)
2026-07-13 02:30:50,183 [INFO] Pass: Depth - 0.20981 (ms)
2026-07-13 02:30:50,183 [INFO] Pass: Depth - 0.20933 (ms)
2026-07-13 02:30:50,183 [INFO] Pass: Depth - 0.21410 (ms)
2026-07-13 02:30:50,183 [INFO] Pass: Depth - 0.21148 (ms)
2026-07-13 02:30:50,183 [INFO] Pass: FixedPoint - 0.01550 (ms)
2026-07-13 02:30:50,183 [INFO] Pass: FixedPoint - 0.01526 (ms)
2026-07-13 02:30:50,183 [INFO] Pass: FixedPoint - 0.01407 (ms)
2026-07-13 02:30:50,183 [INFO] Pass: Size - 0.06390 (ms)
2026-07-13 02:30:50,183 [INFO] Pass: FixedPoint - 0.01431 (ms)
2026-07-13 02:30:50,183 [INFO] Pass: FixedPoint - 0.01383 (ms)
2026-07-13 02:30:50,183 [INFO] Pass: FixedPoint - 0.00453 (ms)
2026-07-13 02:30:50,183 [INFO] Pass: Depth - 0.21052 (ms)
2026-07-13 02:30:50,183 [INFO] Pass: Size - 0.06890 (ms)
2026-07-13 02:30:50,183 [INFO] Pass: Size - 0.06366 (ms)
2026-07-13 02:30:50,183 [INFO] Pass: Size - 0.06247 (ms)
2026-07-13 02:30:50,183 [INFO] Pass: FixedPoint - 0.01502 (ms)
2026-07-13 02:30:50,183 [INFO] Pass: Size - 0.06247 (ms)
2026-07-13 02:30:50,183 [INFO] Pass: FixedPoint - 0.00501 (ms)
2026-07-13 02:30:50,183 [INFO] Pass: FixedPoint - 0.00453 (ms)
2026-07-13 02:30:50,183 [INFO] Pass: Size - 0.06509 (ms)
2026-07-13 02:30:50,183 [INFO] Pass: FixedPoint - 0.00453 (ms)
2026-07-13 02:30:50,183 [INFO] Pass: FixedPoint - 0.00453 (ms)
2026-07-13 02:30:50,183 [INFO] Pass: FixedPoint - 0.00477 (ms)
2026-07-13 02:30:50,183 [INFO] Pass: Size - 0.06247 (ms)
2026-07-13 02:30:50,183 [INFO] Pass: BasisTranslator - 0.87714 (ms)
2026-07-13 02:30:50,183 [INFO] Pass: FixedPoint - 0.00453 (ms)
2026-07-13 02:30:50,183 [INFO] Pass: Optimize1qGatesDecomposition - 0.15283 (ms)
2026-07-13 02:30:50,183 [INFO] Pass: InverseCancellation - 0.00763 (ms)
2026-07-13 02:30:50,183 [INFO] Pass: Optimize1qGatesDecomposition - 0.14901 (ms)
2026-07-13 02:30:50,183 [INFO] Pass: Optimize1qGatesDecomposition - 0.14901 (ms)
2026-07-13 02:30:50,183 [INFO] Pass: Optimize1qGatesDecomposition - 0.14687 (ms)
2026-07-13 02:30:50,183 [INFO] Pass: Optimize1qGatesDecomposition - 0.14544 (ms)
2026-07-13 02:30:50,183 [INFO] Pass: Optimize1qGatesDecomposition - 0.14162 (ms)
2026-07-13 02:30:50,183 [INFO] Pass: InverseCancellation - 0.00763 (ms)
2026-07-13 02:30:50,183 [INFO] Pass: InverseCancellation - 0.00954 (ms)
2026-07-13 02:30:50,183 [INFO] Pass: InverseCancellation - 0.00763 (ms)
2026-07-13 02:30:50,183 [INFO] Pass: InverseCancellation - 0.00739 (ms)
2026-07-13 02:30:50,183 [INFO] Pass: InverseCancellation - 0.00691 (ms)
2026-07-13 02:30:50,183 [INFO] Pass: Optimize1qGatesDecomposition - 0.14329 (ms)
2026-07-13 02:30:50,183 [INFO] Pass: Depth - 0.20838 (ms)
2026-07-13 02:30:50,183 [INFO] Pass: InverseCancellation - 0.00739 (ms)
2026-07-13 02:30:50,183 [INFO] Pass: FixedPoint - 0.01454 (ms)
2026-07-13 02:30:50,183 [INFO] Pass: Size - 0.07176 (ms)
2026-07-13 02:30:50,183 [INFO] Pass: FixedPoint - 0.00477 (ms)
2026-07-13 02:30:50,184 [INFO] Pass: Optimize1qGatesDecomposition - 0.14400 (ms)
2026-07-13 02:30:50,184 [INFO] Pass: InverseCancellation - 0.01168 (ms)
2026-07-13 02:30:50,184 [INFO] Pass: GatesInBasis - 0.91720 (ms)
2026-07-13 02:30:50,184 [INFO] Pass: HighLevelSynthesis - 1.66512 (ms)
2026-07-13 02:30:50,184 [INFO] Pass: GatesInBasis - 0.89574 (ms)
2026-07-13 02:30:50,184 [INFO] Pass: GatesInBasis - 0.90027 (ms)
2026-07-13 02:30:50,184 [INFO] Pass: GatesInBasis - 0.91720 (ms)
2026-07-13 02:30:50,184 [INFO] Pass: GatesInBasis - 0.89550 (ms)
2026-07-13 02:30:50,184 [INFO] Pass: GatesInBasis - 0.90432 (ms)
2026-07-13 02:30:50,184 [INFO] Pass: GatesInBasis - 0.90003 (ms)
2026-07-13 02:30:50,184 [INFO] Pass: Depth - 0.17047 (ms)
2026-07-13 02:30:50,184 [INFO] Pass: FixedPoint - 0.00548 (ms)
2026-07-13 02:30:50,184 [INFO] Pass: Depth - 0.16975 (ms)
2026-07-13 02:30:50,184 [INFO] Pass: Depth - 0.16928 (ms)
2026-07-13 02:30:50,184 [INFO] Pass: Depth - 0.16975 (ms)
2026-07-13 02:30:50,184 [INFO] Pass: Depth - 0.16952 (ms)
2026-07-13 02:30:50,184 [INFO] Pass: FixedPoint - 0.00501 (ms)
2026-07-13 02:30:50,184 [INFO] Pass: Depth - 0.17476 (ms)
2026-07-13 02:30:50,184 [INFO] Pass: FixedPoint - 0.00548 (ms)
2026-07-13 02:30:50,184 [INFO] Pass: FixedPoint - 0.00548 (ms)
2026-07-13 02:30:50,184 [INFO] Pass: FixedPoint - 0.00477 (ms)
2026-07-13 02:30:50,184 [INFO] Pass: Size - 0.06890 (ms)
2026-07-13 02:30:50,184 [INFO] Pass: FixedPoint - 0.00525 (ms)
2026-07-13 02:30:50,184 [INFO] Pass: Depth - 0.17500 (ms)
2026-07-13 02:30:50,184 [INFO] Pass: FixedPoint - 0.00429 (ms)
2026-07-13 02:30:50,184 [INFO] Pass: Size - 0.06104 (ms)
2026-07-13 02:30:50,185 [INFO] Pass: Size - 0.05984 (ms)
2026-07-13 02:30:50,185 [INFO] Pass: FixedPoint - 0.00572 (ms)
2026-07-13 02:30:50,185 [INFO] Pass: Size - 0.06032 (ms)
2026-07-13 02:30:50,185 [INFO] Pass: ContainsInstruction - 0.00596 (ms)
2026-07-13 02:30:50,185 [INFO] Pass: Size - 0.06032 (ms)
2026-07-13 02:30:50,185 [INFO] Pass: FixedPoint - 0.00453 (ms)
2026-07-13 02:30:50,185 [INFO] Pass: FixedPoint - 0.00405 (ms)
2026-07-13 02:30:50,185 [INFO] Pass: Size - 0.06056 (ms)
2026-07-13 02:30:50,185 [INFO] Pass: FixedPoint - 0.00405 (ms)
2026-07-13 02:30:50,185 [INFO] Pass: FixedPoint - 0.00429 (ms)
2026-07-13 02:30:50,185 [INFO] Pass: ContainsInstruction - 0.00525 (ms)
2026-07-13 02:30:50,185 [INFO] Pass: FixedPoint - 0.00405 (ms)
2026-07-13 02:30:50,185 [INFO] Pass: ContainsInstruction - 0.00548 (ms)
2026-07-13 02:30:50,185 [INFO] Pass: ContainsInstruction - 0.00501 (ms)
2026-07-13 02:30:50,185 [INFO] Pass: ContainsInstruction - 0.00501 (ms)
2026-07-13 02:30:50,185 [INFO] Pass: Size - 0.05937 (ms)
2026-07-13 02:30:50,185 [INFO] Pass: ContainsInstruction - 0.00548 (ms)
2026-07-13 02:30:50,185 [INFO] Pass: FixedPoint - 0.00429 (ms)
2026-07-13 02:30:50,185 [INFO] Pass: ContainsInstruction - 0.00525 (ms)
2026-07-13 02:30:50,185 [INFO] Pass: GatesInBasis - 0.90599 (ms)
2026-07-13 02:30:50,185 [INFO] Pass: Depth - 0.20313 (ms)
2026-07-13 02:30:50,185 [INFO] Pass: FixedPoint - 0.00548 (ms)
2026-07-13 02:30:50,185 [INFO] Pass: BasisTranslator - 0.91028 (ms)
2026-07-13 02:30:50,185 [INFO] Pass: Size - 0.06032 (ms)
2026-07-13 02:30:50,185 [INFO] Pass: FixedPoint - 0.00453 (ms)
2026-07-13 02:30:50,185 [INFO] Pass: ContainsInstruction - 0.00525 (ms)
2026-07-13 02:30:50,185 [INFO] Pass: Depth - 0.20981 (ms)
2026-07-13 02:30:50,185 [INFO] Pass: FixedPoint - 0.01311 (ms)
2026-07-13 02:30:50,185 [INFO] Pass: Size - 0.06676 (ms)
2026-07-13 02:30:50,186 [INFO] Pass: FixedPoint - 0.00453 (ms)
2026-07-13 02:30:50,186 [INFO] Pass: Optimize1qGatesDecomposition - 0.14210 (ms)
2026-07-13 02:30:50,186 [INFO] Pass: InverseCancellation - 0.00763 (ms)
2026-07-13 02:30:50,186 [INFO] Total Transpile Time - 82.93462 (ms)
2026-07-13 02:30:50,186 [INFO] Total Transpile Time - 87.31747 (ms)
2026-07-13 02:30:50,186 [INFO] Total Transpile Time - 87.37278 (ms)
2026-07-13 02:30:50,186 [INFO] Total Transpile Time - 87.29982 (ms)
2026-07-13 02:30:50,186 [INFO] Total Transpile Time - 87.41808 (ms)
2026-07-13 02:30:50,186 [INFO] Total Transpile Time - 87.27360 (ms)
2026-07-13 02:30:50,186 [INFO] Pass: ContainsInstruction - 0.01335 (ms)
2026-07-13 02:30:50,186 [INFO] Total Transpile Time - 87.41045 (ms)
2026-07-13 02:30:50,186 [INFO] Pass: InverseCancellation - 0.01597 (ms)
2026-07-13 02:30:50,186 [INFO] Pass: UnitarySynthesis - 0.00882 (ms)
2026-07-13 02:30:50,187 [INFO] Total Transpile Time - 87.90731 (ms)
2026-07-13 02:30:50,187 [INFO] Pass: GatesInBasis - 0.90337 (ms)
2026-07-13 02:30:50,187 [INFO] Pass: Depth - 0.16999 (ms)
2026-07-13 02:30:50,187 [INFO] Pass: FixedPoint - 0.00501 (ms)
2026-07-13 02:30:50,187 [INFO] Pass: Size - 0.05984 (ms)
2026-07-13 02:30:50,187 [INFO] Pass: FixedPoint - 0.00405 (ms)
2026-07-13 02:30:50,187 [INFO] Pass: ContainsInstruction - 0.00525 (ms)
2026-07-13 02:30:50,188 [INFO] Pass: HighLevelSynthesis - 1.68514 (ms)
2026-07-13 02:30:50,188 [INFO] Total Transpile Time - 82.43847 (ms)
2026-07-13 02:30:50,189 [INFO] Pass: ContainsInstruction - 0.01359 (ms)
2026-07-13 02:30:50,189 [INFO] Pass: BasisTranslator - 0.86117 (ms)
2026-07-13 02:30:50,189 [INFO] Pass: InverseCancellation - 0.01597 (ms)
2026-07-13 02:30:50,189 [INFO] Pass: UnitarySynthesis - 0.00811 (ms)
2026-07-13 02:30:50,189 [INFO] Pass: Depth - 0.20766 (ms)
2026-07-13 02:30:50,189 [INFO] Pass: FixedPoint - 0.01383 (ms)
2026-07-13 02:30:50,189 [INFO] Pass: Size - 0.06199 (ms)
2026-07-13 02:30:50,189 [INFO] Pass: FixedPoint - 0.00453 (ms)
2026-07-13 02:30:50,190 [INFO] Pass: Optimize1qGatesDecomposition - 0.15688 (ms)
2026-07-13 02:30:50,190 [INFO] Pass: InverseCancellation - 0.00715 (ms)
2026-07-13 02:30:50,191 [INFO] Pass: GatesInBasis - 0.91314 (ms)
2026-07-13 02:30:50,191 [INFO] Pass: HighLevelSynthesis - 1.67966 (ms)
2026-07-13 02:30:50,191 [INFO] Pass: Depth - 0.17118 (ms)
2026-07-13 02:30:50,191 [INFO] Pass: FixedPoint - 0.00525 (ms)
2026-07-13 02:30:50,191 [INFO] Pass: Size - 0.05984 (ms)
2026-07-13 02:30:50,191 [INFO] Pass: FixedPoint - 0.00429 (ms)
2026-07-13 02:30:50,191 [INFO] Pass: ContainsInstruction - 0.00501 (ms)
2026-07-13 02:30:50,192 [INFO] Pass: BasisTranslator - 0.91505 (ms)
2026-07-13 02:30:50,192 [INFO] Pass: Depth - 0.20695 (ms)
2026-07-13 02:30:50,192 [INFO] Pass: FixedPoint - 0.01597 (ms)
2026-07-13 02:30:50,192 [INFO] Pass: Size - 0.06223 (ms)
2026-07-13 02:30:50,192 [INFO] Pass: FixedPoint - 0.00477 (ms)
2026-07-13 02:30:50,192 [INFO] Pass: Optimize1qGatesDecomposition - 0.14234 (ms)
2026-07-13 02:30:50,192 [INFO] Pass: InverseCancellation - 0.00715 (ms)
2026-07-13 02:30:50,192 [INFO] Total Transpile Time - 82.14951 (ms)
2026-07-13 02:30:50,193 [INFO] Pass: GatesInBasis - 0.89002 (ms)
2026-07-13 02:30:50,193 [INFO] Pass: ContainsInstruction - 0.01907 (ms)
2026-07-13 02:30:50,194 [INFO] Pass: Depth - 0.17571 (ms)
2026-07-13 02:30:50,194 [INFO] Pass: FixedPoint - 0.00501 (ms)
2026-07-13 02:30:50,194 [INFO] Pass: InverseCancellation - 0.01526 (ms)
2026-07-13 02:30:50,194 [INFO] Pass: UnitarySynthesis - 0.00811 (ms)
2026-07-13 02:30:50,194 [INFO] Pass: Size - 0.05984 (ms)
2026-07-13 02:30:50,194 [INFO] Pass: FixedPoint - 0.00429 (ms)
2026-07-13 02:30:50,194 [INFO] Pass: ContainsInstruction - 0.00501 (ms)
2026-07-13 02:30:50,195 [INFO] Total Transpile Time - 82.12328 (ms)
2026-07-13 02:30:50,195 [INFO] Pass: HighLevelSynthesis - 1.65939 (ms)
2026-07-13 02:30:50,196 [INFO] Pass: ContainsInstruction - 0.01407 (ms)
2026-07-13 02:30:50,196 [INFO] Pass: InverseCancellation - 0.01621 (ms)
2026-07-13 02:30:50,196 [INFO] Pass: BasisTranslator - 0.90075 (ms)
2026-07-13 02:30:50,196 [INFO] Pass: UnitarySynthesis - 0.00787 (ms)
2026-07-13 02:30:50,197 [INFO] Pass: Depth - 0.21362 (ms)
2026-07-13 02:30:50,197 [INFO] Pass: FixedPoint - 0.01383 (ms)
2026-07-13 02:30:50,197 [INFO] Pass: Size - 0.06270 (ms)
2026-07-13 02:30:50,197 [INFO] Pass: FixedPoint - 0.00453 (ms)
2026-07-13 02:30:50,197 [INFO] Pass: Optimize1qGatesDecomposition - 0.14114 (ms)
2026-07-13 02:30:50,197 [INFO] Pass: InverseCancellation - 0.00691 (ms)
2026-07-13 02:30:50,198 [INFO] Pass: GatesInBasis - 0.92697 (ms)
2026-07-13 02:30:50,198 [INFO] Pass: HighLevelSynthesis - 1.66631 (ms)
2026-07-13 02:30:50,198 [INFO] Pass: Depth - 0.17810 (ms)
2026-07-13 02:30:50,198 [INFO] Pass: FixedPoint - 0.00620 (ms)
2026-07-13 02:30:50,198 [INFO] Pass: Size - 0.06223 (ms)
2026-07-13 02:30:50,198 [INFO] Pass: FixedPoint - 0.00477 (ms)
2026-07-13 02:30:50,198 [INFO] Pass: ContainsInstruction - 0.00548 (ms)
2026-07-13 02:30:50,199 [INFO] Pass: BasisTranslator - 0.92697 (ms)
2026-07-13 02:30:50,199 [INFO] Pass: Depth - 0.20814 (ms)
2026-07-13 02:30:50,199 [INFO] Pass: FixedPoint - 0.01383 (ms)
2026-07-13 02:30:50,199 [INFO] Pass: Size - 0.06723 (ms)
2026-07-13 02:30:50,199 [INFO] Pass: FixedPoint - 0.00501 (ms)
2026-07-13 02:30:50,200 [INFO] Pass: Optimize1qGatesDecomposition - 0.14019 (ms)
2026-07-13 02:30:50,200 [INFO] Pass: InverseCancellation - 0.00715 (ms)
2026-07-13 02:30:50,200 [INFO] Total Transpile Time - 82.53646 (ms)
2026-07-13 02:30:50,200 [INFO] Pass: ContainsInstruction - 0.01407 (ms)
2026-07-13 02:30:50,200 [INFO] Pass: InverseCancellation - 0.01597 (ms)
2026-07-13 02:30:50,200 [INFO] Pass: UnitarySynthesis - 0.00787 (ms)
2026-07-13 02:30:50,201 [INFO] Pass: GatesInBasis - 0.89216 (ms)
2026-07-13 02:30:50,201 [INFO] Pass: Depth - 0.17095 (ms)
2026-07-13 02:30:50,201 [INFO] Pass: FixedPoint - 0.00525 (ms)
2026-07-13 02:30:50,201 [INFO] Pass: Size - 0.06032 (ms)
2026-07-13 02:30:50,201 [INFO] Pass: FixedPoint - 0.00429 (ms)
2026-07-13 02:30:50,201 [INFO] Pass: ContainsInstruction - 0.00572 (ms)
2026-07-13 02:30:50,202 [INFO] Pass: HighLevelSynthesis - 1.65939 (ms)
2026-07-13 02:30:50,202 [INFO] Total Transpile Time - 82.25727 (ms)
2026-07-13 02:30:50,203 [INFO] Pass: BasisTranslator - 0.92220 (ms)
2026-07-13 02:30:50,203 [INFO] Pass: Depth - 0.20576 (ms)
2026-07-13 02:30:50,203 [INFO] Pass: FixedPoint - 0.01359 (ms)
2026-07-13 02:30:50,203 [INFO] Pass: Size - 0.06199 (ms)
2026-07-13 02:30:50,203 [INFO] Pass: FixedPoint - 0.00525 (ms)
2026-07-13 02:30:50,203 [INFO] Pass: Optimize1qGatesDecomposition - 0.13947 (ms)
2026-07-13 02:30:50,203 [INFO] Pass: InverseCancellation - 0.00715 (ms)
2026-07-13 02:30:50,204 [INFO] Pass: GatesInBasis - 0.89312 (ms)
2026-07-13 02:30:50,205 [INFO] Pass: Depth - 0.17142 (ms)
2026-07-13 02:30:50,205 [INFO] Pass: FixedPoint - 0.00548 (ms)
2026-07-13 02:30:50,205 [INFO] Pass: Size - 0.05984 (ms)
2026-07-13 02:30:50,205 [INFO] Pass: FixedPoint - 0.00429 (ms)
2026-07-13 02:30:50,205 [INFO] Pass: ContainsInstruction - 0.00477 (ms)
2026-07-13 02:30:50,206 [INFO] Total Transpile Time - 82.27324 (ms)
2026-07-13 02:30:50,243 [INFO] Pass: ContainsInstruction - 0.00763 (ms)
2026-07-13 02:30:50,243 [INFO] Pass: ContainsInstruction - 0.00668 (ms)
2026-07-13 02:30:50,244 [INFO] Pass: ContainsInstruction - 0.00691 (ms)
2026-07-13 02:30:50,244 [INFO] Pass: InverseCancellation - 0.17786 (ms)
2026-07-13 02:30:50,244 [INFO] Pass: ContainsInstruction - 0.00691 (ms)
2026-07-13 02:30:50,244 [INFO] Pass: UnitarySynthesis - 0.00453 (ms)
2026-07-13 02:30:50,244 [INFO] Pass: InverseCancellation - 0.17619 (ms)
2026-07-13 02:30:50,244 [INFO] Pass: ContainsInstruction - 0.00644 (ms)
2026-07-13 02:30:50,244 [INFO] Pass: InverseCancellation - 0.18048 (ms)
2026-07-13 02:30:50,244 [INFO] Pass: UnitarySynthesis - 0.00525 (ms)
2026-07-13 02:30:50,244 [INFO] Pass: UnitarySynthesis - 0.00453 (ms)
2026-07-13 02:30:50,244 [INFO] Pass: InverseCancellation - 0.18096 (ms)
2026-07-13 02:30:50,244 [INFO] Pass: ContainsInstruction - 0.00715 (ms)
2026-07-13 02:30:50,244 [INFO] Pass: UnitarySynthesis - 0.00477 (ms)
2026-07-13 02:30:50,244 [INFO] Pass: InverseCancellation - 0.17309 (ms)
2026-07-13 02:30:50,244 [INFO] Pass: UnitarySynthesis - 0.00453 (ms)
2026-07-13 02:30:50,244 [INFO] Pass: InverseCancellation - 0.17452 (ms)
2026-07-13 02:30:50,244 [INFO] Pass: UnitarySynthesis - 0.00453 (ms)
2026-07-13 02:30:50,244 [INFO] Pass: ContainsInstruction - 0.00691 (ms)
2026-07-13 02:30:50,245 [INFO] Pass: InverseCancellation - 0.17571 (ms)
2026-07-13 02:30:50,245 [INFO] Pass: UnitarySynthesis - 0.00453 (ms)
2026-07-13 02:30:50,245 [INFO] Pass: ContainsInstruction - 0.00858 (ms)
2026-07-13 02:30:50,245 [INFO] Pass: HighLevelSynthesis - 1.57595 (ms)
2026-07-13 02:30:50,245 [INFO] Pass: HighLevelSynthesis - 1.61028 (ms)
2026-07-13 02:30:50,245 [INFO] Pass: HighLevelSynthesis - 1.58858 (ms)
2026-07-13 02:30:50,246 [INFO] Pass: InverseCancellation - 0.18144 (ms)
2026-07-13 02:30:50,246 [INFO] Pass: UnitarySynthesis - 0.00525 (ms)
2026-07-13 02:30:50,246 [INFO] Pass: HighLevelSynthesis - 1.60718 (ms)
2026-07-13 02:30:50,246 [INFO] Pass: HighLevelSynthesis - 1.62983 (ms)
2026-07-13 02:30:50,246 [INFO] Pass: HighLevelSynthesis - 1.60289 (ms)
2026-07-13 02:30:50,246 [INFO] Pass: ContainsInstruction - 0.00763 (ms)
2026-07-13 02:30:50,246 [INFO] Pass: HighLevelSynthesis - 1.61862 (ms)
2026-07-13 02:30:50,246 [INFO] Pass: BasisTranslator - 0.87380 (ms)
2026-07-13 02:30:50,246 [INFO] Pass: BasisTranslator - 1.00994 (ms)
2026-07-13 02:30:50,246 [INFO] Pass: InverseCancellation - 0.17953 (ms)
2026-07-13 02:30:50,247 [INFO] Pass: BasisTranslator - 1.01590 (ms)
2026-07-13 02:30:50,247 [INFO] Pass: UnitarySynthesis - 0.00501 (ms)
2026-07-13 02:30:50,247 [INFO] Pass: BasisTranslator - 0.86570 (ms)
2026-07-13 02:30:50,247 [INFO] Pass: Depth - 0.18001 (ms)
2026-07-13 02:30:50,247 [INFO] Pass: Depth - 0.18740 (ms)
2026-07-13 02:30:50,247 [INFO] Pass: BasisTranslator - 0.87714 (ms)
2026-07-13 02:30:50,247 [INFO] Pass: FixedPoint - 0.00715 (ms)
2026-07-13 02:30:50,247 [INFO] Pass: FixedPoint - 0.00834 (ms)
2026-07-13 02:30:50,247 [INFO] Pass: Depth - 0.18549 (ms)
2026-07-13 02:30:50,247 [INFO] Pass: Depth - 0.18287 (ms)
2026-07-13 02:30:50,247 [INFO] Pass: Size - 0.06294 (ms)
2026-07-13 02:30:50,247 [INFO] Pass: BasisTranslator - 0.86808 (ms)
2026-07-13 02:30:50,247 [INFO] Pass: FixedPoint - 0.00739 (ms)
2026-07-13 02:30:50,247 [INFO] Pass: Size - 0.06270 (ms)
2026-07-13 02:30:50,247 [INFO] Pass: FixedPoint - 0.00453 (ms)
2026-07-13 02:30:50,247 [INFO] Pass: FixedPoint - 0.00715 (ms)
2026-07-13 02:30:50,247 [INFO] Pass: FixedPoint - 0.00429 (ms)
2026-07-13 02:30:50,247 [INFO] Pass: Depth - 0.18311 (ms)
2026-07-13 02:30:50,247 [INFO] Pass: Size - 0.06366 (ms)
2026-07-13 02:30:50,247 [INFO] Pass: Size - 0.06270 (ms)
2026-07-13 02:30:50,247 [INFO] Pass: FixedPoint - 0.00453 (ms)
2026-07-13 02:30:50,247 [INFO] Pass: FixedPoint - 0.00715 (ms)
2026-07-13 02:30:50,247 [INFO] Pass: FixedPoint - 0.00453 (ms)
2026-07-13 02:30:50,247 [INFO] Pass: Depth - 0.18263 (ms)
2026-07-13 02:30:50,247 [INFO] Pass: Size - 0.06318 (ms)
2026-07-13 02:30:50,247 [INFO] Pass: FixedPoint - 0.00763 (ms)
2026-07-13 02:30:50,247 [INFO] Pass: FixedPoint - 0.00477 (ms)
2026-07-13 02:30:50,247 [INFO] Pass: Size - 0.06223 (ms)
2026-07-13 02:30:50,247 [INFO] Pass: FixedPoint - 0.00453 (ms)
2026-07-13 02:30:50,247 [INFO] Pass: HighLevelSynthesis - 1.62315 (ms)
2026-07-13 02:30:50,247 [INFO] Pass: BasisTranslator - 0.86498 (ms)
2026-07-13 02:30:50,248 [INFO] Pass: Depth - 0.18764 (ms)
2026-07-13 02:30:50,248 [INFO] Pass: FixedPoint - 0.00715 (ms)
2026-07-13 02:30:50,248 [INFO] Pass: Optimize1qGatesDecomposition - 0.80419 (ms)
2026-07-13 02:30:50,248 [INFO] Pass: Size - 0.06270 (ms)
2026-07-13 02:30:50,248 [INFO] Pass: Optimize1qGatesDecomposition - 0.79727 (ms)
2026-07-13 02:30:50,248 [INFO] Pass: FixedPoint - 0.00453 (ms)
2026-07-13 02:30:50,248 [INFO] Pass: Optimize1qGatesDecomposition - 0.79060 (ms)
2026-07-13 02:30:50,248 [INFO] Pass: Optimize1qGatesDecomposition - 0.79894 (ms)
2026-07-13 02:30:50,248 [INFO] Pass: InverseCancellation - 0.15640 (ms)
2026-07-13 02:30:50,248 [INFO] Pass: InverseCancellation - 0.16165 (ms)
2026-07-13 02:30:50,248 [INFO] Pass: Optimize1qGatesDecomposition - 0.79584 (ms)
2026-07-13 02:30:50,248 [INFO] Pass: InverseCancellation - 0.15855 (ms)
2026-07-13 02:30:50,248 [INFO] Pass: InverseCancellation - 0.15569 (ms)
2026-07-13 02:30:50,248 [INFO] Pass: Optimize1qGatesDecomposition - 0.78678 (ms)
2026-07-13 02:30:50,248 [INFO] Pass: InverseCancellation - 0.16379 (ms)
2026-07-13 02:30:50,248 [INFO] Pass: BasisTranslator - 0.86164 (ms)
2026-07-13 02:30:50,248 [INFO] Pass: HighLevelSynthesis - 1.61386 (ms)
2026-07-13 02:30:50,248 [INFO] Pass: InverseCancellation - 0.15736 (ms)
2026-07-13 02:30:50,248 [INFO] Pass: Depth - 0.18024 (ms)
2026-07-13 02:30:50,248 [INFO] Pass: FixedPoint - 0.00739 (ms)
2026-07-13 02:30:50,249 [INFO] Pass: Size - 0.06294 (ms)
2026-07-13 02:30:50,249 [INFO] Pass: Optimize1qGatesDecomposition - 0.78821 (ms)
2026-07-13 02:30:50,249 [INFO] Pass: FixedPoint - 0.00429 (ms)
2026-07-13 02:30:50,249 [INFO] Pass: InverseCancellation - 0.15879 (ms)
2026-07-13 02:30:50,249 [INFO] Pass: GatesInBasis - 0.91124 (ms)
2026-07-13 02:30:50,249 [INFO] Pass: GatesInBasis - 0.91600 (ms)
2026-07-13 02:30:50,249 [INFO] Pass: GatesInBasis - 0.92554 (ms)
2026-07-13 02:30:50,249 [INFO] Pass: GatesInBasis - 0.91696 (ms)
2026-07-13 02:30:50,249 [INFO] Pass: Depth - 0.17285 (ms)
2026-07-13 02:30:50,249 [INFO] Pass: FixedPoint - 0.00525 (ms)
2026-07-13 02:30:50,249 [INFO] Pass: Depth - 0.17428 (ms)
2026-07-13 02:30:50,249 [INFO] Pass: GatesInBasis - 0.92530 (ms)
2026-07-13 02:30:50,249 [INFO] Pass: FixedPoint - 0.00525 (ms)
2026-07-13 02:30:50,249 [INFO] Pass: BasisTranslator - 0.86832 (ms)
2026-07-13 02:30:50,249 [INFO] Pass: Depth - 0.17738 (ms)
2026-07-13 02:30:50,249 [INFO] Pass: Size - 0.06127 (ms)
2026-07-13 02:30:50,249 [INFO] Pass: Depth - 0.17381 (ms)
2026-07-13 02:30:50,249 [INFO] Pass: GatesInBasis - 0.91553 (ms)
2026-07-13 02:30:50,249 [INFO] Pass: FixedPoint - 0.00572 (ms)
2026-07-13 02:30:50,249 [INFO] Pass: FixedPoint - 0.00429 (ms)
2026-07-13 02:30:50,249 [INFO] Pass: Size - 0.06175 (ms)
2026-07-13 02:30:50,249 [INFO] Pass: FixedPoint - 0.00525 (ms)
2026-07-13 02:30:50,249 [INFO] Pass: FixedPoint - 0.00453 (ms)
2026-07-13 02:30:50,249 [INFO] Pass: ContainsInstruction - 0.00477 (ms)
2026-07-13 02:30:50,249 [INFO] Pass: ContainsInstruction - 0.00453 (ms)
2026-07-13 02:30:50,249 [INFO] Pass: Size - 0.06223 (ms)
2026-07-13 02:30:50,249 [INFO] Pass: Size - 0.06175 (ms)
2026-07-13 02:30:50,249 [INFO] Pass: Depth - 0.17595 (ms)
2026-07-13 02:30:50,249 [INFO] Pass: FixedPoint - 0.00453 (ms)
2026-07-13 02:30:50,249 [INFO] Pass: FixedPoint - 0.00453 (ms)
2026-07-13 02:30:50,249 [INFO] Pass: Depth - 0.18382 (ms)
2026-07-13 02:30:50,249 [INFO] Pass: FixedPoint - 0.00596 (ms)
2026-07-13 02:30:50,249 [INFO] Pass: ContainsInstruction - 0.00453 (ms)
2026-07-13 02:30:50,249 [INFO] Pass: ContainsInstruction - 0.00453 (ms)
2026-07-13 02:30:50,249 [INFO] Pass: FixedPoint - 0.00715 (ms)
2026-07-13 02:30:50,249 [INFO] Pass: Depth - 0.17309 (ms)
2026-07-13 02:30:50,249 [INFO] Pass: Optimize1qGatesDecomposition - 0.77820 (ms)
2026-07-13 02:30:50,249 [INFO] Pass: FixedPoint - 0.00548 (ms)
2026-07-13 02:30:50,249 [INFO] Pass: Size - 0.06509 (ms)
2026-07-13 02:30:50,249 [INFO] Pass: Size - 0.06557 (ms)
2026-07-13 02:30:50,249 [INFO] Pass: FixedPoint - 0.00429 (ms)
2026-07-13 02:30:50,249 [INFO] Pass: FixedPoint - 0.00477 (ms)
2026-07-13 02:30:50,250 [INFO] Pass: ContainsInstruction - 0.00477 (ms)
2026-07-13 02:30:50,250 [INFO] Pass: Size - 0.06199 (ms)
2026-07-13 02:30:50,250 [INFO] Pass: FixedPoint - 0.00453 (ms)
2026-07-13 02:30:50,250 [INFO] Pass: ContainsInstruction - 0.00501 (ms)
2026-07-13 02:30:50,250 [INFO] Pass: InverseCancellation - 0.15569 (ms)
2026-07-13 02:30:50,250 [INFO] Pass: ContainsInstruction - 0.00691 (ms)
2026-07-13 02:30:50,250 [INFO] Pass: GatesInBasis - 0.91791 (ms)
2026-07-13 02:30:50,250 [INFO] Pass: Depth - 0.17619 (ms)
2026-07-13 02:30:50,250 [INFO] Pass: InverseCancellation - 0.17524 (ms)
2026-07-13 02:30:50,250 [INFO] Pass: FixedPoint - 0.00525 (ms)
2026-07-13 02:30:50,250 [INFO] Pass: UnitarySynthesis - 0.00453 (ms)
2026-07-13 02:30:50,250 [INFO] Pass: Size - 0.06199 (ms)
2026-07-13 02:30:50,250 [INFO] Pass: FixedPoint - 0.00429 (ms)
2026-07-13 02:30:50,250 [INFO] Pass: ContainsInstruction - 0.00501 (ms)
2026-07-13 02:30:50,250 [INFO] Pass: Optimize1qGatesDecomposition - 0.78177 (ms)
2026-07-13 02:30:50,251 [INFO] Pass: InverseCancellation - 0.16189 (ms)
2026-07-13 02:30:50,251 [INFO] Pass: GatesInBasis - 0.92840 (ms)
2026-07-13 02:30:50,251 [INFO] Total Transpile Time - 64.53204 (ms)
2026-07-13 02:30:50,251 [INFO] Total Transpile Time - 64.61620 (ms)
2026-07-13 02:30:50,251 [INFO] Pass: Depth - 0.17500 (ms)
2026-07-13 02:30:50,251 [INFO] Total Transpile Time - 64.67247 (ms)
2026-07-13 02:30:50,251 [INFO] Total Transpile Time - 64.68320 (ms)
2026-07-13 02:30:50,251 [INFO] Pass: FixedPoint - 0.00548 (ms)
2026-07-13 02:30:50,251 [INFO] Pass: Size - 0.06175 (ms)
2026-07-13 02:30:50,251 [INFO] Pass: FixedPoint - 0.00429 (ms)
2026-07-13 02:30:50,251 [INFO] Total Transpile Time - 64.72445 (ms)
2026-07-13 02:30:50,251 [INFO] Pass: ContainsInstruction - 0.00477 (ms)
2026-07-13 02:30:50,251 [INFO] Total Transpile Time - 64.84890 (ms)
2026-07-13 02:30:50,251 [INFO] Pass: GatesInBasis - 0.91505 (ms)
2026-07-13 02:30:50,252 [INFO] Total Transpile Time - 64.81576 (ms)
2026-07-13 02:30:50,252 [INFO] Pass: HighLevelSynthesis - 1.57809 (ms)
2026-07-13 02:30:50,252 [INFO] Pass: Depth - 0.17476 (ms)
2026-07-13 02:30:50,252 [INFO] Pass: FixedPoint - 0.00572 (ms)
2026-07-13 02:30:50,252 [INFO] Pass: Size - 0.06223 (ms)
2026-07-13 02:30:50,252 [INFO] Pass: FixedPoint - 0.00453 (ms)
2026-07-13 02:30:50,252 [INFO] Pass: ContainsInstruction - 0.00477 (ms)
2026-07-13 02:30:50,252 [INFO] Total Transpile Time - 66.27464 (ms)
2026-07-13 02:30:50,253 [INFO] Pass: BasisTranslator - 1.02162 (ms)
2026-07-13 02:30:50,253 [INFO] Pass: ContainsInstruction - 0.00811 (ms)
2026-07-13 02:30:50,253 [INFO] Pass: Depth - 0.18382 (ms)
2026-07-13 02:30:50,253 [INFO] Pass: FixedPoint - 0.00715 (ms)
2026-07-13 02:30:50,253 [INFO] Pass: InverseCancellation - 0.17333 (ms)
2026-07-13 02:30:50,253 [INFO] Pass: UnitarySynthesis - 0.00501 (ms)
2026-07-13 02:30:50,253 [INFO] Pass: Size - 0.06342 (ms)
2026-07-13 02:30:50,253 [INFO] Pass: FixedPoint - 0.00405 (ms)
2026-07-13 02:30:50,253 [INFO] Total Transpile Time - 64.73422 (ms)
2026-07-13 02:30:50,254 [INFO] Pass: Optimize1qGatesDecomposition - 0.78559 (ms)
2026-07-13 02:30:50,254 [INFO] Pass: InverseCancellation - 0.15807 (ms)
2026-07-13 02:30:50,255 [INFO] Pass: HighLevelSynthesis - 1.56808 (ms)
2026-07-13 02:30:50,255 [INFO] Pass: GatesInBasis - 0.91863 (ms)
2026-07-13 02:30:50,255 [INFO] Pass: Depth - 0.17357 (ms)
2026-07-13 02:30:50,255 [INFO] Pass: FixedPoint - 0.00548 (ms)
2026-07-13 02:30:50,255 [INFO] Pass: Size - 0.06557 (ms)
2026-07-13 02:30:50,255 [INFO] Pass: FixedPoint - 0.00477 (ms)
2026-07-13 02:30:50,255 [INFO] Pass: ContainsInstruction - 0.00477 (ms)
2026-07-13 02:30:50,256 [INFO] Pass: BasisTranslator - 0.86927 (ms)
2026-07-13 02:30:50,256 [INFO] Pass: Depth - 0.18716 (ms)
2026-07-13 02:30:50,256 [INFO] Pass: FixedPoint - 0.00739 (ms)
2026-07-13 02:30:50,256 [INFO] Pass: Size - 0.06223 (ms)
2026-07-13 02:30:50,256 [INFO] Pass: FixedPoint - 0.00477 (ms)
2026-07-13 02:30:50,257 [INFO] Pass: Optimize1qGatesDecomposition - 0.78535 (ms)
2026-07-13 02:30:50,257 [INFO] Total Transpile Time - 64.43262 (ms)
2026-07-13 02:30:50,257 [INFO] Pass: InverseCancellation - 0.15712 (ms)
2026-07-13 02:30:50,257 [INFO] Pass: ContainsInstruction - 0.00715 (ms)
2026-07-13 02:30:50,258 [INFO] Pass: InverseCancellation - 0.17428 (ms)
2026-07-13 02:30:50,258 [INFO] Pass: UnitarySynthesis - 0.00429 (ms)
2026-07-13 02:30:50,258 [INFO] Pass: GatesInBasis - 0.92220 (ms)
2026-07-13 02:30:50,258 [INFO] Pass: Depth - 0.17548 (ms)
2026-07-13 02:30:50,258 [INFO] Pass: FixedPoint - 0.00548 (ms)
2026-07-13 02:30:50,258 [INFO] Pass: Size - 0.06127 (ms)
2026-07-13 02:30:50,258 [INFO] Pass: FixedPoint - 0.00429 (ms)
2026-07-13 02:30:50,258 [INFO] Pass: ContainsInstruction - 0.00501 (ms)
2026-07-13 02:30:50,259 [INFO] Pass: HighLevelSynthesis - 1.56808 (ms)
2026-07-13 02:30:50,260 [INFO] Total Transpile Time - 64.51392 (ms)
2026-07-13 02:30:50,260 [INFO] Pass: BasisTranslator - 1.01185 (ms)
2026-07-13 02:30:50,260 [INFO] Pass: ContainsInstruction - 0.00763 (ms)
2026-07-13 02:30:50,261 [INFO] Pass: Depth - 0.18406 (ms)
2026-07-13 02:30:50,261 [INFO] Pass: FixedPoint - 0.00787 (ms)
2026-07-13 02:30:50,261 [INFO] Pass: InverseCancellation - 0.17428 (ms)
2026-07-13 02:30:50,261 [INFO] Pass: UnitarySynthesis - 0.00501 (ms)
2026-07-13 02:30:50,261 [INFO] Pass: Size - 0.06318 (ms)
2026-07-13 02:30:50,261 [INFO] Pass: FixedPoint - 0.00429 (ms)
2026-07-13 02:30:50,262 [INFO] Pass: Optimize1qGatesDecomposition - 0.78321 (ms)
2026-07-13 02:30:50,262 [INFO] Pass: InverseCancellation - 0.15593 (ms)
2026-07-13 02:30:50,262 [INFO] Pass: HighLevelSynthesis - 1.56736 (ms)
2026-07-13 02:30:50,263 [INFO] Pass: GatesInBasis - 0.92626 (ms)
2026-07-13 02:30:50,263 [INFO] Pass: Depth - 0.17548 (ms)
2026-07-13 02:30:50,263 [INFO] Pass: FixedPoint - 0.00525 (ms)
2026-07-13 02:30:50,263 [INFO] Pass: Size - 0.06175 (ms)
2026-07-13 02:30:50,263 [INFO] Pass: FixedPoint - 0.00477 (ms)
2026-07-13 02:30:50,263 [INFO] Pass: ContainsInstruction - 0.00501 (ms)
2026-07-13 02:30:50,263 [INFO] Pass: BasisTranslator - 0.88406 (ms)
2026-07-13 02:30:50,263 [INFO] Pass: Depth - 0.18764 (ms)
2026-07-13 02:30:50,264 [INFO] Pass: FixedPoint - 0.00787 (ms)
2026-07-13 02:30:50,264 [INFO] Pass: Size - 0.06247 (ms)
2026-07-13 02:30:50,264 [INFO] Pass: FixedPoint - 0.00453 (ms)
2026-07-13 02:30:50,264 [INFO] Pass: ContainsInstruction - 0.00739 (ms)
2026-07-13 02:30:50,264 [INFO] Pass: InverseCancellation - 0.17452 (ms)
2026-07-13 02:30:50,264 [INFO] Pass: UnitarySynthesis - 0.00477 (ms)
2026-07-13 02:30:50,264 [INFO] Pass: Optimize1qGatesDecomposition - 0.78559 (ms)
2026-07-13 02:30:50,265 [INFO] Total Transpile Time - 64.66937 (ms)
2026-07-13 02:30:50,265 [INFO] Pass: InverseCancellation - 0.15616 (ms)
2026-07-13 02:30:50,266 [INFO] Pass: GatesInBasis - 0.92316 (ms)
2026-07-13 02:30:50,266 [INFO] Pass: HighLevelSynthesis - 1.59883 (ms)
2026-07-13 02:30:50,266 [INFO] Pass: Depth - 0.17500 (ms)
2026-07-13 02:30:50,266 [INFO] Pass: FixedPoint - 0.00548 (ms)
2026-07-13 02:30:50,266 [INFO] Pass: Size - 0.06223 (ms)
2026-07-13 02:30:50,266 [INFO] Pass: FixedPoint - 0.00453 (ms)
2026-07-13 02:30:50,266 [INFO] Pass: ContainsInstruction - 0.00501 (ms)
2026-07-13 02:30:50,267 [INFO] Pass: BasisTranslator - 0.85664 (ms)
2026-07-13 02:30:50,267 [INFO] Pass: Depth - 0.18430 (ms)
2026-07-13 02:30:50,267 [INFO] Pass: FixedPoint - 0.00739 (ms)
2026-07-13 02:30:50,267 [INFO] Pass: Size - 0.06342 (ms)
2026-07-13 02:30:50,267 [INFO] Pass: FixedPoint - 0.00453 (ms)
2026-07-13 02:30:50,267 [INFO] Total Transpile Time - 64.90040 (ms)
2026-07-13 02:30:50,268 [INFO] Pass: Optimize1qGatesDecomposition - 0.78106 (ms)
2026-07-13 02:30:50,268 [INFO] Pass: InverseCancellation - 0.15569 (ms)
2026-07-13 02:30:50,269 [INFO] Pass: GatesInBasis - 0.91243 (ms)
2026-07-13 02:30:50,269 [INFO] Pass: Depth - 0.17476 (ms)
2026-07-13 02:30:50,269 [INFO] Pass: FixedPoint - 0.00548 (ms)
2026-07-13 02:30:50,269 [INFO] Pass: Size - 0.06223 (ms)
2026-07-13 02:30:50,269 [INFO] Pass: FixedPoint - 0.00429 (ms)
2026-07-13 02:30:50,269 [INFO] Pass: ContainsInstruction - 0.00453 (ms)
2026-07-13 02:30:50,271 [INFO] Total Transpile Time - 64.55350 (ms)
2026-07-13 02:30:50,308 [INFO] Pass: ContainsInstruction - 0.00882 (ms)
2026-07-13 02:30:50,308 [INFO] Pass: ContainsInstruction - 0.00763 (ms)
2026-07-13 02:30:50,308 [INFO] Pass: InverseCancellation - 0.17476 (ms)
2026-07-13 02:30:50,308 [INFO] Pass: UnitarySynthesis - 0.00429 (ms)
2026-07-13 02:30:50,308 [INFO] Pass: InverseCancellation - 0.17548 (ms)
2026-07-13 02:30:50,308 [INFO] Pass: ContainsInstruction - 0.00691 (ms)
2026-07-13 02:30:50,308 [INFO] Pass: UnitarySynthesis - 0.00453 (ms)
2026-07-13 02:30:50,309 [INFO] Pass: ContainsInstruction - 0.00739 (ms)
2026-07-13 02:30:50,309 [INFO] Pass: InverseCancellation - 0.17452 (ms)
2026-07-13 02:30:50,309 [INFO] Pass: UnitarySynthesis - 0.00429 (ms)
2026-07-13 02:30:50,309 [INFO] Pass: ContainsInstruction - 0.00691 (ms)
2026-07-13 02:30:50,309 [INFO] Pass: ContainsInstruction - 0.00691 (ms)
2026-07-13 02:30:50,309 [INFO] Pass: InverseCancellation - 0.17715 (ms)
2026-07-13 02:30:50,309 [INFO] Pass: UnitarySynthesis - 0.00477 (ms)
2026-07-13 02:30:50,309 [INFO] Pass: InverseCancellation - 0.17643 (ms)
2026-07-13 02:30:50,309 [INFO] Pass: InverseCancellation - 0.17691 (ms)
2026-07-13 02:30:50,309 [INFO] Pass: UnitarySynthesis - 0.00477 (ms)
2026-07-13 02:30:50,309 [INFO] Pass: UnitarySynthesis - 0.00501 (ms)
2026-07-13 02:30:50,309 [INFO] Pass: ContainsInstruction - 0.00691 (ms)
2026-07-13 02:30:50,309 [INFO] Pass: InverseCancellation - 0.17643 (ms)
2026-07-13 02:30:50,309 [INFO] Pass: UnitarySynthesis - 0.00501 (ms)
2026-07-13 02:30:50,310 [INFO] Pass: HighLevelSynthesis - 1.60193 (ms)
2026-07-13 02:30:50,310 [INFO] Pass: HighLevelSynthesis - 1.59025 (ms)
2026-07-13 02:30:50,310 [INFO] Pass: ContainsInstruction - 0.00691 (ms)
2026-07-13 02:30:50,310 [INFO] Pass: HighLevelSynthesis - 1.59574 (ms)
2026-07-13 02:30:50,311 [INFO] Pass: InverseCancellation - 0.17834 (ms)
2026-07-13 02:30:50,311 [INFO] Pass: HighLevelSynthesis - 1.64747 (ms)
2026-07-13 02:30:50,311 [INFO] Pass: UnitarySynthesis - 0.00477 (ms)
2026-07-13 02:30:50,311 [INFO] Pass: HighLevelSynthesis - 1.60670 (ms)
2026-07-13 02:30:50,311 [INFO] Pass: HighLevelSynthesis - 1.61767 (ms)
2026-07-13 02:30:50,311 [INFO] Pass: BasisTranslator - 0.89049 (ms)
2026-07-13 02:30:50,311 [INFO] Pass: BasisTranslator - 0.87905 (ms)
2026-07-13 02:30:50,311 [INFO] Pass: ContainsInstruction - 0.00763 (ms)
2026-07-13 02:30:50,311 [INFO] Pass: HighLevelSynthesis - 1.62411 (ms)
2026-07-13 02:30:50,311 [INFO] Pass: Depth - 0.19193 (ms)
2026-07-13 02:30:50,311 [INFO] Pass: FixedPoint - 0.00715 (ms)
2026-07-13 02:30:50,311 [INFO] Pass: Depth - 0.18644 (ms)
2026-07-13 02:30:50,311 [INFO] Pass: InverseCancellation - 0.17667 (ms)
2026-07-13 02:30:50,311 [INFO] Pass: Size - 0.06461 (ms)
2026-07-13 02:30:50,311 [INFO] Pass: FixedPoint - 0.00715 (ms)
2026-07-13 02:30:50,311 [INFO] Pass: BasisTranslator - 0.88310 (ms)
2026-07-13 02:30:50,311 [INFO] Pass: FixedPoint - 0.00453 (ms)
2026-07-13 02:30:50,311 [INFO] Pass: UnitarySynthesis - 0.00477 (ms)
2026-07-13 02:30:50,311 [INFO] Pass: Size - 0.06437 (ms)
2026-07-13 02:30:50,311 [INFO] Pass: FixedPoint - 0.00453 (ms)
2026-07-13 02:30:50,311 [INFO] Pass: Depth - 0.19050 (ms)
2026-07-13 02:30:50,312 [INFO] Pass: BasisTranslator - 0.88406 (ms)
2026-07-13 02:30:50,312 [INFO] Pass: FixedPoint - 0.00739 (ms)
2026-07-13 02:30:50,312 [INFO] Pass: Size - 0.06461 (ms)
2026-07-13 02:30:50,312 [INFO] Pass: FixedPoint - 0.00453 (ms)
2026-07-13 02:30:50,312 [INFO] Pass: BasisTranslator - 0.88429 (ms)
2026-07-13 02:30:50,312 [INFO] Pass: Depth - 0.18835 (ms)
2026-07-13 02:30:50,312 [INFO] Pass: FixedPoint - 0.00715 (ms)
2026-07-13 02:30:50,312 [INFO] Pass: BasisTranslator - 1.03092 (ms)
2026-07-13 02:30:50,312 [INFO] Pass: Size - 0.06366 (ms)
2026-07-13 02:30:50,312 [INFO] Pass: FixedPoint - 0.00477 (ms)
2026-07-13 02:30:50,312 [INFO] Pass: Depth - 0.18573 (ms)
2026-07-13 02:30:50,312 [INFO] Pass: FixedPoint - 0.00715 (ms)
2026-07-13 02:30:50,312 [INFO] Pass: BasisTranslator - 0.87643 (ms)
2026-07-13 02:30:50,312 [INFO] Pass: Size - 0.06461 (ms)
2026-07-13 02:30:50,312 [INFO] Pass: Depth - 0.18382 (ms)
2026-07-13 02:30:50,312 [INFO] Pass: FixedPoint - 0.00453 (ms)
2026-07-13 02:30:50,312 [INFO] Pass: FixedPoint - 0.00715 (ms)
2026-07-13 02:30:50,312 [INFO] Pass: Optimize1qGatesDecomposition - 0.85020 (ms)
2026-07-13 02:30:50,312 [INFO] Pass: Size - 0.06366 (ms)
2026-07-13 02:30:50,312 [INFO] Pass: InverseCancellation - 0.00787 (ms)
2026-07-13 02:30:50,312 [INFO] Pass: Depth - 0.18835 (ms)
2026-07-13 02:30:50,312 [INFO] Pass: HighLevelSynthesis - 1.62792 (ms)
2026-07-13 02:30:50,312 [INFO] Pass: FixedPoint - 0.00429 (ms)
2026-07-13 02:30:50,312 [INFO] Pass: FixedPoint - 0.00691 (ms)
2026-07-13 02:30:50,312 [INFO] Pass: Optimize1qGatesDecomposition - 0.85616 (ms)
2026-07-13 02:30:50,312 [INFO] Pass: InverseCancellation - 0.00811 (ms)
2026-07-13 02:30:50,312 [INFO] Pass: Size - 0.06485 (ms)
2026-07-13 02:30:50,312 [INFO] Pass: FixedPoint - 0.00477 (ms)
2026-07-13 02:30:50,313 [INFO] Pass: Optimize1qGatesDecomposition - 0.84710 (ms)
2026-07-13 02:30:50,313 [INFO] Pass: InverseCancellation - 0.00787 (ms)
2026-07-13 02:30:50,313 [INFO] Pass: Optimize1qGatesDecomposition - 0.85139 (ms)
2026-07-13 02:30:50,313 [INFO] Pass: InverseCancellation - 0.00811 (ms)
2026-07-13 02:30:50,313 [INFO] Pass: HighLevelSynthesis - 1.58858 (ms)
2026-07-13 02:30:50,313 [INFO] Pass: Optimize1qGatesDecomposition - 0.85068 (ms)
2026-07-13 02:30:50,313 [INFO] Pass: InverseCancellation - 0.00811 (ms)
2026-07-13 02:30:50,313 [INFO] Pass: Optimize1qGatesDecomposition - 0.85139 (ms)
2026-07-13 02:30:50,313 [INFO] Pass: BasisTranslator - 0.88739 (ms)
2026-07-13 02:30:50,313 [INFO] Pass: InverseCancellation - 0.00834 (ms)
2026-07-13 02:30:50,313 [INFO] Pass: GatesInBasis - 0.88596 (ms)
2026-07-13 02:30:50,313 [INFO] Pass: GatesInBasis - 0.99659 (ms)
2026-07-13 02:30:50,313 [INFO] Pass: Optimize1qGatesDecomposition - 0.84901 (ms)
2026-07-13 02:30:50,313 [INFO] Pass: InverseCancellation - 0.01144 (ms)
2026-07-13 02:30:50,313 [INFO] Pass: Depth - 0.19431 (ms)
2026-07-13 02:30:50,313 [INFO] Pass: FixedPoint - 0.00763 (ms)
2026-07-13 02:30:50,313 [INFO] Pass: Depth - 0.18263 (ms)
2026-07-13 02:30:50,314 [INFO] Pass: Depth - 0.18239 (ms)
2026-07-13 02:30:50,314 [INFO] Pass: FixedPoint - 0.00525 (ms)
2026-07-13 02:30:50,314 [INFO] Pass: FixedPoint - 0.00572 (ms)
2026-07-13 02:30:50,314 [INFO] Pass: Size - 0.06437 (ms)
2026-07-13 02:30:50,314 [INFO] Pass: FixedPoint - 0.00453 (ms)
2026-07-13 02:30:50,314 [INFO] Pass: Size - 0.06175 (ms)
2026-07-13 02:30:50,314 [INFO] Pass: GatesInBasis - 0.97013 (ms)
2026-07-13 02:30:50,314 [INFO] Pass: Size - 0.06366 (ms)
2026-07-13 02:30:50,314 [INFO] Pass: FixedPoint - 0.00429 (ms)
2026-07-13 02:30:50,314 [INFO] Pass: FixedPoint - 0.00429 (ms)
2026-07-13 02:30:50,314 [INFO] Pass: BasisTranslator - 0.88239 (ms)
2026-07-13 02:30:50,314 [INFO] Pass: Depth - 0.17834 (ms)
2026-07-13 02:30:50,314 [INFO] Pass: GatesInBasis - 0.96965 (ms)
2026-07-13 02:30:50,314 [INFO] Pass: FixedPoint - 0.00572 (ms)
2026-07-13 02:30:50,314 [INFO] Pass: Size - 0.06270 (ms)
2026-07-13 02:30:50,314 [INFO] Pass: FixedPoint - 0.00453 (ms)
2026-07-13 02:30:50,314 [INFO] Pass: GatesInBasis - 0.97656 (ms)
2026-07-13 02:30:50,314 [INFO] Pass: Depth - 0.18787 (ms)
2026-07-13 02:30:50,314 [INFO] Pass: Depth - 0.17715 (ms)
2026-07-13 02:30:50,314 [INFO] Pass: FixedPoint - 0.00715 (ms)
2026-07-13 02:30:50,314 [INFO] Pass: FixedPoint - 0.00572 (ms)
2026-07-13 02:30:50,314 [INFO] Pass: GatesInBasis - 0.88978 (ms)
2026-07-13 02:30:50,314 [INFO] Pass: ContainsInstruction - 0.00596 (ms)
2026-07-13 02:30:50,314 [INFO] Pass: Size - 0.06437 (ms)
2026-07-13 02:30:50,314 [INFO] Pass: Size - 0.06175 (ms)
2026-07-13 02:30:50,314 [INFO] Pass: FixedPoint - 0.00453 (ms)
2026-07-13 02:30:50,314 [INFO] Pass: FixedPoint - 0.00429 (ms)
2026-07-13 02:30:50,314 [INFO] Pass: Depth - 0.17691 (ms)
2026-07-13 02:30:50,314 [INFO] Pass: FixedPoint - 0.00572 (ms)
2026-07-13 02:30:50,314 [INFO] Pass: Depth - 0.17667 (ms)
2026-07-13 02:30:50,314 [INFO] Pass: GatesInBasis - 0.97179 (ms)
2026-07-13 02:30:50,314 [INFO] Pass: FixedPoint - 0.00501 (ms)
2026-07-13 02:30:50,314 [INFO] Pass: Size - 0.06819 (ms)
2026-07-13 02:30:50,314 [INFO] Pass: Optimize1qGatesDecomposition - 0.70620 (ms)
2026-07-13 02:30:50,314 [INFO] Pass: Optimize1qGatesDecomposition - 0.70477 (ms)
2026-07-13 02:30:50,314 [INFO] Pass: InverseCancellation - 0.17762 (ms)
2026-07-13 02:30:50,314 [INFO] Pass: FixedPoint - 0.00453 (ms)
2026-07-13 02:30:50,314 [INFO] Pass: InverseCancellation - 0.00739 (ms)
2026-07-13 02:30:50,314 [INFO] Pass: InverseCancellation - 0.00763 (ms)
2026-07-13 02:30:50,314 [INFO] Pass: UnitarySynthesis - 0.00477 (ms)
2026-07-13 02:30:50,314 [INFO] Pass: Optimize1qGatesDecomposition - 0.85211 (ms)
2026-07-13 02:30:50,314 [INFO] Pass: Size - 0.06247 (ms)
2026-07-13 02:30:50,315 [INFO] Pass: FixedPoint - 0.00453 (ms)
2026-07-13 02:30:50,315 [INFO] Pass: InverseCancellation - 0.00787 (ms)
2026-07-13 02:30:50,315 [INFO] Pass: Depth - 0.17715 (ms)
2026-07-13 02:30:50,315 [INFO] Pass: FixedPoint - 0.00572 (ms)
2026-07-13 02:30:50,315 [INFO] Pass: Size - 0.06175 (ms)
2026-07-13 02:30:50,315 [INFO] Pass: FixedPoint - 0.00429 (ms)
2026-07-13 02:30:50,315 [INFO] Pass: Optimize1qGatesDecomposition - 0.71383 (ms)
2026-07-13 02:30:50,315 [INFO] Pass: InverseCancellation - 0.00763 (ms)
2026-07-13 02:30:50,315 [INFO] Pass: Optimize1qGatesDecomposition - 0.70453 (ms)
2026-07-13 02:30:50,315 [INFO] Pass: InverseCancellation - 0.00715 (ms)
2026-07-13 02:30:50,315 [INFO] Pass: Optimize1qGatesDecomposition - 0.85258 (ms)
2026-07-13 02:30:50,315 [INFO] Pass: Optimize1qGatesDecomposition - 0.70405 (ms)
2026-07-13 02:30:50,315 [INFO] Pass: InverseCancellation - 0.00811 (ms)
2026-07-13 02:30:50,315 [INFO] Pass: InverseCancellation - 0.00763 (ms)
2026-07-13 02:30:50,315 [INFO] Pass: Optimize1qGatesDecomposition - 0.70190 (ms)
2026-07-13 02:30:50,315 [INFO] Pass: InverseCancellation - 0.00739 (ms)
2026-07-13 02:30:50,315 [INFO] Pass: GatesInBasis - 0.89288 (ms)
2026-07-13 02:30:50,315 [INFO] Pass: GatesInBasis - 0.94128 (ms)
2026-07-13 02:30:50,316 [INFO] Pass: Optimize1qGatesDecomposition - 0.70333 (ms)
2026-07-13 02:30:50,316 [INFO] Pass: GatesInBasis - 0.97632 (ms)
2026-07-13 02:30:50,316 [INFO] Pass: InverseCancellation - 0.00763 (ms)
2026-07-13 02:30:50,316 [INFO] Pass: Depth - 0.17166 (ms)
2026-07-13 02:30:50,316 [INFO] Pass: FixedPoint - 0.00525 (ms)
2026-07-13 02:30:50,316 [INFO] Pass: Depth - 0.17452 (ms)
2026-07-13 02:30:50,316 [INFO] Pass: FixedPoint - 0.00572 (ms)
2026-07-13 02:30:50,316 [INFO] Pass: Size - 0.06127 (ms)
2026-07-13 02:30:50,316 [INFO] Pass: GatesInBasis - 0.89407 (ms)
2026-07-13 02:30:50,316 [INFO] Pass: Depth - 0.17667 (ms)
2026-07-13 02:30:50,316 [INFO] Pass: FixedPoint - 0.00429 (ms)
2026-07-13 02:30:50,316 [INFO] Pass: Size - 0.06175 (ms)
2026-07-13 02:30:50,316 [INFO] Pass: FixedPoint - 0.00548 (ms)
2026-07-13 02:30:50,316 [INFO] Pass: ContainsInstruction - 0.00525 (ms)
2026-07-13 02:30:50,316 [INFO] Pass: FixedPoint - 0.00429 (ms)
2026-07-13 02:30:50,316 [INFO] Pass: ContainsInstruction - 0.00501 (ms)
2026-07-13 02:30:50,316 [INFO] Pass: Size - 0.06199 (ms)
2026-07-13 02:30:50,316 [INFO] Pass: FixedPoint - 0.00429 (ms)
2026-07-13 02:30:50,316 [INFO] Pass: GatesInBasis - 0.88620 (ms)
2026-07-13 02:30:50,316 [INFO] Pass: Depth - 0.17309 (ms)
2026-07-13 02:30:50,316 [INFO] Pass: FixedPoint - 0.00525 (ms)
2026-07-13 02:30:50,316 [INFO] Pass: Size - 0.06199 (ms)
2026-07-13 02:30:50,316 [INFO] Pass: HighLevelSynthesis - 1.60456 (ms)
2026-07-13 02:30:50,316 [INFO] Pass: FixedPoint - 0.00405 (ms)
2026-07-13 02:30:50,316 [INFO] Pass: GatesInBasis - 0.88763 (ms)
2026-07-13 02:30:50,316 [INFO] Pass: ContainsInstruction - 0.00501 (ms)
2026-07-13 02:30:50,316 [INFO] Pass: Depth - 0.17262 (ms)
2026-07-13 02:30:50,316 [INFO] Pass: GatesInBasis - 0.96774 (ms)
2026-07-13 02:30:50,316 [INFO] Pass: FixedPoint - 0.00525 (ms)
2026-07-13 02:30:50,316 [INFO] Pass: GatesInBasis - 0.91243 (ms)
2026-07-13 02:30:50,316 [INFO] Pass: Size - 0.06175 (ms)
2026-07-13 02:30:50,316 [INFO] Pass: FixedPoint - 0.00453 (ms)
2026-07-13 02:30:50,316 [INFO] Pass: Depth - 0.17214 (ms)
2026-07-13 02:30:50,316 [INFO] Pass: ContainsInstruction - 0.00572 (ms)
2026-07-13 02:30:50,316 [INFO] Pass: FixedPoint - 0.00501 (ms)
2026-07-13 02:30:50,316 [INFO] Pass: Depth - 0.18001 (ms)
2026-07-13 02:30:50,316 [INFO] Pass: FixedPoint - 0.00572 (ms)
2026-07-13 02:30:50,316 [INFO] Pass: Depth - 0.17738 (ms)
2026-07-13 02:30:50,317 [INFO] Pass: Size - 0.06151 (ms)
2026-07-13 02:30:50,317 [INFO] Pass: GatesInBasis - 0.89240 (ms)
2026-07-13 02:30:50,317 [INFO] Pass: FixedPoint - 0.00477 (ms)
2026-07-13 02:30:50,317 [INFO] Pass: FixedPoint - 0.00429 (ms)
2026-07-13 02:30:50,317 [INFO] Pass: Size - 0.06294 (ms)
2026-07-13 02:30:50,317 [INFO] Pass: ContainsInstruction - 0.00477 (ms)
2026-07-13 02:30:50,317 [INFO] Pass: FixedPoint - 0.00429 (ms)
2026-07-13 02:30:50,317 [INFO] Pass: Size - 0.06151 (ms)
2026-07-13 02:30:50,317 [INFO] Pass: FixedPoint - 0.00429 (ms)
2026-07-13 02:30:50,317 [INFO] Pass: Optimize1qGatesDecomposition - 0.70024 (ms)
2026-07-13 02:30:50,317 [INFO] Pass: ContainsInstruction - 0.00501 (ms)
2026-07-13 02:30:50,317 [INFO] Pass: Depth - 0.17476 (ms)
2026-07-13 02:30:50,317 [INFO] Pass: InverseCancellation - 0.00787 (ms)
2026-07-13 02:30:50,317 [INFO] Pass: FixedPoint - 0.00548 (ms)
2026-07-13 02:30:50,317 [INFO] Pass: Size - 0.06151 (ms)
2026-07-13 02:30:50,317 [INFO] Pass: FixedPoint - 0.00405 (ms)
2026-07-13 02:30:50,317 [INFO] Pass: ContainsInstruction - 0.00501 (ms)
2026-07-13 02:30:50,317 [INFO] Pass: BasisTranslator - 0.87547 (ms)
2026-07-13 02:30:50,317 [INFO] Pass: ContainsInstruction - 0.00811 (ms)
2026-07-13 02:30:50,317 [INFO] Total Transpile Time - 66.53500 (ms)
2026-07-13 02:30:50,317 [INFO] Pass: Depth - 0.18334 (ms)
2026-07-13 02:30:50,317 [INFO] Total Transpile Time - 66.49971 (ms)
2026-07-13 02:30:50,317 [INFO] Pass: FixedPoint - 0.00691 (ms)
2026-07-13 02:30:50,317 [INFO] Pass: Optimize1qGatesDecomposition - 0.69571 (ms)
2026-07-13 02:30:50,317 [INFO] Pass: InverseCancellation - 0.00739 (ms)
2026-07-13 02:30:50,317 [INFO] Pass: Size - 0.06795 (ms)
2026-07-13 02:30:50,317 [INFO] Pass: InverseCancellation - 0.17929 (ms)
2026-07-13 02:30:50,317 [INFO] Pass: FixedPoint - 0.00453 (ms)
2026-07-13 02:30:50,317 [INFO] Pass: UnitarySynthesis - 0.00501 (ms)
2026-07-13 02:30:50,318 [INFO] Total Transpile Time - 66.70737 (ms)
2026-07-13 02:30:50,318 [INFO] Pass: GatesInBasis - 0.88501 (ms)
2026-07-13 02:30:50,318 [INFO] Total Transpile Time - 66.80369 (ms)
2026-07-13 02:30:50,318 [INFO] Pass: Depth - 0.17333 (ms)
2026-07-13 02:30:50,318 [INFO] Pass: FixedPoint - 0.00525 (ms)
2026-07-13 02:30:50,318 [INFO] Pass: Size - 0.06127 (ms)
2026-07-13 02:30:50,318 [INFO] Total Transpile Time - 66.91647 (ms)
2026-07-13 02:30:50,318 [INFO] Pass: FixedPoint - 0.00405 (ms)
2026-07-13 02:30:50,318 [INFO] Pass: ContainsInstruction - 0.00477 (ms)
2026-07-13 02:30:50,318 [INFO] Total Transpile Time - 67.23356 (ms)
2026-07-13 02:30:50,318 [INFO] Pass: GatesInBasis - 0.87643 (ms)
2026-07-13 02:30:50,318 [INFO] Pass: Optimize1qGatesDecomposition - 0.84186 (ms)
2026-07-13 02:30:50,318 [INFO] Total Transpile Time - 66.76054 (ms)
2026-07-13 02:30:50,318 [INFO] Pass: InverseCancellation - 0.01526 (ms)
2026-07-13 02:30:50,319 [INFO] Pass: Depth - 0.17571 (ms)
2026-07-13 02:30:50,319 [INFO] Pass: FixedPoint - 0.00477 (ms)
2026-07-13 02:30:50,319 [INFO] Pass: Size - 0.06223 (ms)
2026-07-13 02:30:50,319 [INFO] Pass: FixedPoint - 0.00429 (ms)
2026-07-13 02:30:50,319 [INFO] Pass: ContainsInstruction - 0.00477 (ms)
2026-07-13 02:30:50,319 [INFO] Pass: HighLevelSynthesis - 1.58930 (ms)
2026-07-13 02:30:50,319 [INFO] Pass: GatesInBasis - 0.88644 (ms)
2026-07-13 02:30:50,320 [INFO] Total Transpile Time - 66.99800 (ms)
2026-07-13 02:30:50,320 [INFO] Pass: Depth - 0.18048 (ms)
2026-07-13 02:30:50,320 [INFO] Pass: FixedPoint - 0.00596 (ms)
2026-07-13 02:30:50,320 [INFO] Pass: Size - 0.06175 (ms)
2026-07-13 02:30:50,320 [INFO] Pass: FixedPoint - 0.00453 (ms)
2026-07-13 02:30:50,320 [INFO] Pass: BasisTranslator - 0.88000 (ms)
2026-07-13 02:30:50,320 [INFO] Total Transpile Time - 66.74623 (ms)
2026-07-13 02:30:50,320 [INFO] Pass: Depth - 0.18978 (ms)
2026-07-13 02:30:50,320 [INFO] Pass: FixedPoint - 0.00739 (ms)
2026-07-13 02:30:50,320 [INFO] Pass: Size - 0.06819 (ms)
2026-07-13 02:30:50,320 [INFO] Pass: FixedPoint - 0.00429 (ms)
2026-07-13 02:30:50,320 [INFO] Pass: Optimize1qGatesDecomposition - 0.69928 (ms)
2026-07-13 02:30:50,321 [INFO] Pass: InverseCancellation - 0.00668 (ms)
2026-07-13 02:30:50,321 [INFO] Pass: Optimize1qGatesDecomposition - 0.85306 (ms)
2026-07-13 02:30:50,321 [INFO] Pass: InverseCancellation - 0.01335 (ms)
2026-07-13 02:30:50,321 [INFO] Pass: GatesInBasis - 0.94676 (ms)
2026-07-13 02:30:50,322 [INFO] Pass: Depth - 0.17381 (ms)
2026-07-13 02:30:50,322 [INFO] Pass: FixedPoint - 0.00525 (ms)
2026-07-13 02:30:50,322 [INFO] Pass: Size - 0.06104 (ms)
2026-07-13 02:30:50,322 [INFO] Pass: FixedPoint - 0.00429 (ms)
2026-07-13 02:30:50,322 [INFO] Pass: ContainsInstruction - 0.00525 (ms)
2026-07-13 02:30:50,322 [INFO] Pass: ContainsInstruction - 0.00691 (ms)
2026-07-13 02:30:50,322 [INFO] Pass: InverseCancellation - 0.17405 (ms)
2026-07-13 02:30:50,322 [INFO] Pass: UnitarySynthesis - 0.00477 (ms)
2026-07-13 02:30:50,322 [INFO] Pass: GatesInBasis - 0.97203 (ms)
2026-07-13 02:30:50,323 [INFO] Pass: Depth - 0.17667 (ms)
2026-07-13 02:30:50,323 [INFO] Pass: FixedPoint - 0.00596 (ms)
2026-07-13 02:30:50,323 [INFO] Pass: Size - 0.06104 (ms)
2026-07-13 02:30:50,323 [INFO] Pass: FixedPoint - 0.00429 (ms)
2026-07-13 02:30:50,323 [INFO] Total Transpile Time - 66.36381 (ms)
2026-07-13 02:30:50,324 [INFO] Pass: Optimize1qGatesDecomposition - 0.70524 (ms)
2026-07-13 02:30:50,324 [INFO] Pass: InverseCancellation - 0.00763 (ms)
2026-07-13 02:30:50,324 [INFO] Pass: HighLevelSynthesis - 1.58668 (ms)
2026-07-13 02:30:50,325 [INFO] Pass: GatesInBasis - 0.88310 (ms)
2026-07-13 02:30:50,325 [INFO] Pass: Depth - 0.17262 (ms)
2026-07-13 02:30:50,325 [INFO] Pass: FixedPoint - 0.00548 (ms)
2026-07-13 02:30:50,325 [INFO] Pass: Size - 0.06247 (ms)
2026-07-13 02:30:50,325 [INFO] Pass: FixedPoint - 0.00429 (ms)
2026-07-13 02:30:50,325 [INFO] Pass: ContainsInstruction - 0.00525 (ms)
2026-07-13 02:30:50,325 [INFO] Pass: BasisTranslator - 1.03569 (ms)
2026-07-13 02:30:50,325 [INFO] Pass: ContainsInstruction - 0.01049 (ms)
2026-07-13 02:30:50,325 [INFO] Pass: Depth - 0.19026 (ms)
2026-07-13 02:30:50,325 [INFO] Pass: FixedPoint - 0.00834 (ms)
2026-07-13 02:30:50,325 [INFO] Pass: InverseCancellation - 0.17548 (ms)
2026-07-13 02:30:50,325 [INFO] Pass: UnitarySynthesis - 0.00477 (ms)
2026-07-13 02:30:50,325 [INFO] Pass: Size - 0.06413 (ms)
2026-07-13 02:30:50,325 [INFO] Pass: FixedPoint - 0.00453 (ms)
2026-07-13 02:30:50,326 [INFO] Pass: Optimize1qGatesDecomposition - 0.84090 (ms)
2026-07-13 02:30:50,326 [INFO] Total Transpile Time - 66.49971 (ms)
2026-07-13 02:30:50,326 [INFO] Pass: InverseCancellation - 0.00763 (ms)
2026-07-13 02:30:50,327 [INFO] Pass: HighLevelSynthesis - 1.60170 (ms)
2026-07-13 02:30:50,327 [INFO] Pass: GatesInBasis - 0.88525 (ms)
2026-07-13 02:30:50,328 [INFO] Pass: Depth - 0.18072 (ms)
2026-07-13 02:30:50,328 [INFO] Pass: FixedPoint - 0.00572 (ms)
2026-07-13 02:30:50,328 [INFO] Pass: Size - 0.06199 (ms)
2026-07-13 02:30:50,328 [INFO] Pass: FixedPoint - 0.00429 (ms)
2026-07-13 02:30:50,328 [INFO] Pass: BasisTranslator - 0.88406 (ms)
2026-07-13 02:30:50,328 [INFO] Pass: Depth - 0.18907 (ms)
2026-07-13 02:30:50,328 [INFO] Pass: FixedPoint - 0.00739 (ms)
2026-07-13 02:30:50,328 [INFO] Pass: Size - 0.06461 (ms)
2026-07-13 02:30:50,328 [INFO] Pass: FixedPoint - 0.00429 (ms)
2026-07-13 02:30:50,328 [INFO] Pass: Optimize1qGatesDecomposition - 0.69666 (ms)
2026-07-13 02:30:50,328 [INFO] Pass: InverseCancellation - 0.00668 (ms)
2026-07-13 02:30:50,328 [INFO] Pass: ContainsInstruction - 0.00787 (ms)
2026-07-13 02:30:50,329 [INFO] Pass: InverseCancellation - 0.17214 (ms)
2026-07-13 02:30:50,329 [INFO] Pass: UnitarySynthesis - 0.00453 (ms)
2026-07-13 02:30:50,329 [INFO] Pass: Optimize1qGatesDecomposition - 0.85735 (ms)
2026-07-13 02:30:50,329 [INFO] Pass: InverseCancellation - 0.00882 (ms)
2026-07-13 02:30:50,329 [INFO] Pass: GatesInBasis - 0.89002 (ms)
2026-07-13 02:30:50,330 [INFO] Pass: Depth - 0.17190 (ms)
2026-07-13 02:30:50,330 [INFO] Pass: FixedPoint - 0.00477 (ms)
2026-07-13 02:30:50,330 [INFO] Pass: Size - 0.06151 (ms)
2026-07-13 02:30:50,330 [INFO] Pass: FixedPoint - 0.00429 (ms)
2026-07-13 02:30:50,330 [INFO] Pass: ContainsInstruction - 0.00525 (ms)
2026-07-13 02:30:50,330 [INFO] Pass: GatesInBasis - 0.98109 (ms)
2026-07-13 02:30:50,330 [INFO] Pass: HighLevelSynthesis - 1.59431 (ms)
2026-07-13 02:30:50,331 [INFO] Pass: Depth - 0.18454 (ms)
2026-07-13 02:30:50,331 [INFO] Pass: FixedPoint - 0.00620 (ms)
2026-07-13 02:30:50,331 [INFO] Pass: Size - 0.06223 (ms)
2026-07-13 02:30:50,331 [INFO] Pass: FixedPoint - 0.00453 (ms)
2026-07-13 02:30:50,331 [INFO] Total Transpile Time - 66.56790 (ms)
2026-07-13 02:30:50,331 [INFO] Pass: BasisTranslator - 0.87309 (ms)
2026-07-13 02:30:50,331 [INFO] Pass: Optimize1qGatesDecomposition - 0.71025 (ms)
2026-07-13 02:30:50,332 [INFO] Pass: InverseCancellation - 0.00811 (ms)
2026-07-13 02:30:50,332 [INFO] Pass: Depth - 0.19360 (ms)
2026-07-13 02:30:50,332 [INFO] Pass: FixedPoint - 0.00691 (ms)
2026-07-13 02:30:50,332 [INFO] Pass: Size - 0.06413 (ms)
2026-07-13 02:30:50,332 [INFO] Pass: FixedPoint - 0.00429 (ms)
2026-07-13 02:30:50,332 [INFO] Pass: GatesInBasis - 0.88048 (ms)
2026-07-13 02:30:50,333 [INFO] Pass: Optimize1qGatesDecomposition - 0.85044 (ms)
2026-07-13 02:30:50,333 [INFO] Pass: Depth - 0.17166 (ms)
2026-07-13 02:30:50,333 [INFO] Pass: InverseCancellation - 0.00787 (ms)
2026-07-13 02:30:50,333 [INFO] Pass: FixedPoint - 0.00477 (ms)
2026-07-13 02:30:50,333 [INFO] Pass: Size - 0.06104 (ms)
2026-07-13 02:30:50,333 [INFO] Pass: FixedPoint - 0.00405 (ms)
2026-07-13 02:30:50,333 [INFO] Pass: ContainsInstruction - 0.00525 (ms)
2026-07-13 02:30:50,334 [INFO] Pass: GatesInBasis - 0.96726 (ms)
2026-07-13 02:30:50,334 [INFO] Pass: Depth - 0.17691 (ms)
2026-07-13 02:30:50,334 [INFO] Pass: FixedPoint - 0.00596 (ms)
2026-07-13 02:30:50,334 [INFO] Pass: Size - 0.06175 (ms)
2026-07-13 02:30:50,334 [INFO] Pass: FixedPoint - 0.00429 (ms)
2026-07-13 02:30:50,334 [INFO] Total Transpile Time - 66.73026 (ms)
2026-07-13 02:30:50,335 [INFO] Pass: Optimize1qGatesDecomposition - 0.70119 (ms)
2026-07-13 02:30:50,335 [INFO] Pass: InverseCancellation - 0.00691 (ms)
2026-07-13 02:30:50,336 [INFO] Pass: GatesInBasis - 0.87190 (ms)
2026-07-13 02:30:50,336 [INFO] Pass: Depth - 0.17190 (ms)
2026-07-13 02:30:50,336 [INFO] Pass: FixedPoint - 0.00525 (ms)
2026-07-13 02:30:50,336 [INFO] Pass: Size - 0.06175 (ms)
2026-07-13 02:30:50,336 [INFO] Pass: FixedPoint - 0.00477 (ms)
2026-07-13 02:30:50,336 [INFO] Pass: ContainsInstruction - 0.00525 (ms)
2026-07-13 02:30:50,338 [INFO] Total Transpile Time - 66.74814 (ms)
2026-07-13 02:30:50,996 [INFO] [PCE] Aer metadata (1a ejecucion de este proceso): device=CPU method=statevector shots=8192 fusion_enabled=True
2026-07-13 02:30:50,998 [INFO] [PCE] Aer metadata (1a ejecucion de este proceso): device=CPU method=statevector shots=8192 fusion_enabled=True
2026-07-13 02:30:51,001 [INFO] [PCE] Aer metadata (1a ejecucion de este proceso): device=CPU method=statevector shots=8192 fusion_enabled=True
2026-07-13 02:30:51,003 [INFO] [PCE] Aer metadata (1a ejecucion de este proceso): device=CPU method=statevector shots=8192 fusion_enabled=True
2026-07-13 02:30:51,005 [INFO] [PCE] Aer metadata (1a ejecucion de este proceso): device=CPU method=statevector shots=8192 fusion_enabled=True
2026-07-13 02:30:51,007 [INFO] [PCE] Aer metadata (1a ejecucion de este proceso): device=CPU method=statevector shots=8192 fusion_enabled=True
2026-07-13 02:30:51,010 [INFO] [PCE] Aer metadata (1a ejecucion de este proceso): device=CPU method=statevector shots=8192 fusion_enabled=True
2026-07-13 02:30:51,012 [INFO] [PCE] Aer metadata (1a ejecucion de este proceso): device=CPU method=statevector shots=8192 fusion_enabled=True
2026-07-13 02:30:51,014 [INFO] [PCE] Aer metadata (1a ejecucion de este proceso): device=CPU method=statevector shots=8192 fusion_enabled=True
2026-07-13 02:30:51,017 [INFO] [PCE] Aer metadata (1a ejecucion de este proceso): device=CPU method=statevector shots=8192 fusion_enabled=True
2026-07-13 02:30:51,019 [INFO] [PCE] Aer metadata (1a ejecucion de este proceso): device=CPU method=statevector shots=8192 fusion_enabled=True
2026-07-13 02:30:51,021 [INFO] [PCE] Aer metadata (1a ejecucion de este proceso): device=CPU method=statevector shots=8192 fusion_enabled=True
2026-07-13 02:30:51,023 [INFO] [PCE] Aer metadata (1a ejecucion de este proceso): device=CPU method=statevector shots=8192 fusion_enabled=True
2026-07-13 02:30:51,025 [INFO] [PCE] Aer metadata (1a ejecucion de este proceso): device=CPU method=statevector shots=8192 fusion_enabled=True
2026-07-13 10:52:36,307 [INFO] [PCE] n=250 instancia (idx=4) 1/14 completada (paralelo) - transcurrido=0:08:21:46
2026-07-13 10:53:02,566 [INFO] [PCE] n=250 instancia (idx=60) 2/14 completada (paralelo) - transcurrido=0:08:22:13
2026-07-13 10:53:11,366 [INFO] [PCE] n=250 instancia (idx=46) 3/14 completada (paralelo) - transcurrido=0:08:22:21
2026-07-13 10:53:28,346 [INFO] [PCE] n=250 instancia (idx=67) 4/14 completada (paralelo) - transcurrido=0:08:22:38
2026-07-13 10:53:59,101 [INFO] [PCE] n=250 instancia (idx=95) 5/14 completada (paralelo) - transcurrido=0:08:23:09
2026-07-13 11:00:07,704 [INFO] [PCE] n=250 instancia (idx=11) 6/14 completada (paralelo) - transcurrido=0:08:29:18
2026-07-13 11:15:48,745 [INFO] [PCE] n=250 instancia (idx=18) 7/14 completada (paralelo) - transcurrido=0:08:44:59
2026-07-13 11:18:03,262 [INFO] [PCE] n=250 instancia (idx=81) 8/14 completada (paralelo) - transcurrido=0:08:47:13
2026-07-13 11:20:58,854 [INFO] [PCE] n=250 instancia (idx=74) 9/14 completada (paralelo) - transcurrido=0:08:50:09
2026-07-13 11:21:55,494 [INFO] [PCE] n=250 instancia (idx=39) 10/14 completada (paralelo) - transcurrido=0:08:51:05
2026-07-13 11:25:13,406 [INFO] [PCE] n=250 instancia (idx=32) 11/14 completada (paralelo) - transcurrido=0:08:54:23
2026-07-13 11:25:15,668 [INFO] [PCE] n=250 instancia (idx=53) 12/14 completada (paralelo) - transcurrido=0:08:54:26
2026-07-13 11:26:51,100 [INFO] [PCE] n=250 instancia (idx=88) 13/14 completada (paralelo) - transcurrido=0:08:56:01
2026-07-13 11:27:04,171 [INFO] [PCE] n=250 instancia (idx=25) 14/14 completada (paralelo) - transcurrido=0:08:56:14
2026-07-13 11:27:04,298 [INFO] [PCE] n=250 chunk 5/7 completado - beta_parcial=0.2265 duration=0:08:56:14 shots=8192 backend=AER
