slurmstepd: info: Setting TMPDIR to /scratch/8417203. Previous errors about TMPDIR can be discarded
==============================
RUN_ID: 20260712-220132
Array ID: 18  (entrada: 250:4:7)
num_nodes: 250   chunk: 5/7
num_instances (total del n): 100
num_workers: 16   cpus-per-task: 32
OMP_NUM_THREADS=1 OPENBLAS_NUM_THREADS=1 MKL_NUM_THREADS=1
device: CPU   optimizer: DIFFERENTIALEVOLUTION   maxiter: 25   k: 3
backend: AER   shots: 8192
==============================

==============================
num_nodes     = 250
num_instances = 100 (total del n)
chunk         = 5/7
num_workers   = 16
k             = 3
optimizer     = DIFFERENTIALEVOLUTION
maxiter       = 25
backend       = AER
outdir        = Resultados/PCE/20260712-220132/chunks
==============================

(num_workers ajustado de 16 a 14: este chunk solo tiene 14 instancias)
[TIMING] pid=2731732 idx=4 t0=6359168.251 grafo=0.047s init_bench=0.000s run_pce=30106.221s total=30106.269s
[TIMING] pid=2731742 idx=60 t0=6359168.260 grafo=0.047s init_bench=0.000s run_pce=30132.470s total=30132.517s
[TIMING] pid=2731740 idx=46 t0=6359168.252 grafo=0.047s init_bench=0.000s run_pce=30141.280s total=30141.327s
[TIMING] pid=2731743 idx=67 t0=6359168.263 grafo=0.047s init_bench=0.000s run_pce=30158.248s total=30158.296s
[TIMING] pid=2731747 idx=95 t0=6359168.278 grafo=0.047s init_bench=0.000s run_pce=30188.989s total=30189.036s
[TIMING] pid=2731735 idx=11 t0=6359168.251 grafo=0.047s init_bench=0.000s run_pce=30557.617s total=30557.664s
[TIMING] pid=2731736 idx=18 t0=6359168.251 grafo=0.047s init_bench=0.000s run_pce=31498.656s total=31498.703s
[TIMING] pid=2731745 idx=81 t0=6359168.270 grafo=0.047s init_bench=0.000s run_pce=31633.157s total=31633.204s
[TIMING] pid=2731744 idx=74 t0=6359168.267 grafo=0.047s init_bench=0.000s run_pce=31808.753s total=31808.799s
[TIMING] pid=2731739 idx=39 t0=6359168.251 grafo=0.047s init_bench=0.000s run_pce=31865.408s total=31865.455s
[TIMING] pid=2731738 idx=32 t0=6359168.251 grafo=0.047s init_bench=0.000s run_pce=32063.309s total=32063.356s
[TIMING] pid=2731741 idx=53 t0=6359168.256 grafo=0.047s init_bench=0.000s run_pce=32065.577s total=32065.624s
[TIMING] pid=2731746 idx=88 t0=6359168.274 grafo=0.047s init_bench=0.000s run_pce=32160.992s total=32161.039s
[TIMING] pid=2731737 idx=25 t0=6359168.251 grafo=0.047s init_bench=0.000s run_pce=32174.086s total=32174.133s

✔ n=250 chunk 5/7 (14 instancias) beta_parcial=0.2265 ± 0.0233
✔ Resultado del chunk guardado en: Resultados/PCE/20260712-220132/chunks/n_250_chunk_4_of_7.h5
  (recuerda: esto es PARCIAL — hace falta merge_chunks_qscore_PCE.py para combinar todos los chunks de este n antes de agregar)
Fecha fin: Mon Jul 13 11:27:04 AM CEST 2026

*****************************************************************************
*                                                                           *
*                    JOB EFFICIENCY REPORT (seff 8417203)                   *
*                                                                           *
*****************************************************************************

Job ID: 8417203
Array Job ID: 8413559_18
Cluster: finisterrae3
User/Group: tec_app6/cesga
State: COMPLETED (exit code 0)
Nodes: 1
Cores per node: 32
CPU Utilized: 14:54:55
CPU Efficiency: 5.21% of 11-22:02:40 core-walltime
Job Wall-clock time: 08:56:20
Memory Utilized: 8.39 GB
Memory Efficiency: 26.21% of 32.00 GB

 +++++++++++++++++++++++++++++++++++++++++++++++++++++++++++++++++++++++++++
 ++   Memory Efficiency is too small. Please review the requested memory. ++
 ++ It seems that you do not need that much memory so we recommend        ++
 ++ requesting less memory in other similar jobs.                         ++
 +++++++++++++++++++++++++++++++++++++++++++++++++++++++++++++++++++++++++++
 
*****************************************************************************

