gcc/system unloaded
gcccore/system unloaded
cesga/2022 unloaded
rust/1.75.0 unloaded
imkl/2022.0.1 unloaded
numpy/1.26.4 unloaded
scipy/1.13.1 unloaded
flint/2.8.4 unloaded
symengine/0.11.1 unloaded
symengine-python/0.11.0 unloaded
spdlog/1.9.2 unloaded
pylatexenc/2.10 unloaded
qiskit/1.2.4-aer-gpu-cu11 unloaded
        Preparing the environment for use of the CESGA 2022 software stack.
        Please rebuild modules cache: module --ignore-cache avail
     
cesga/2022 loaded
rust/1.75.0 loaded

imkl/2023.2.0 loaded
numpy/1.26.4 loaded
scipy/1.13.1 loaded
imkl/2023.2.0 unloaded

imkl/2022.0.1 loaded
flint/2.8.4 loaded
symengine/0.11.1 loaded
symengine-python/0.11.0 loaded
spdlog/1.9.2 loaded
pylatexenc/2.10 loaded
gcccore/system loaded
gcc/system loaded
qiskit/1.2.4-aer-gpu-cu11 loaded
2026-07-13 02:33:43,165 [INFO] [PCE] n=250 chunk 6/7: 14 instancias [5, 12, 19, 26, 33, 40, 47, 54, 61, 68, 75, 82, 89, 96], num_workers=14, qubits=9
2026-07-13 02:33:43,165 [INFO] [PCE] n=250 paralelizando 14 instancias entre 14 workers (max_parallel_threads=1 fijo, independiente de num_workers)
2026-07-13 02:33:43,316 [INFO] Pass: ContainsInstruction - 0.01359 (ms)
2026-07-13 02:33:43,317 [INFO] Pass: InverseCancellation - 0.01550 (ms)
2026-07-13 02:33:43,317 [INFO] Pass: UnitarySynthesis - 0.00596 (ms)
2026-07-13 02:33:43,318 [INFO] Pass: HighLevelSynthesis - 1.62315 (ms)
2026-07-13 02:33:43,319 [INFO] Pass: BasisTranslator - 0.88882 (ms)
2026-07-13 02:33:43,319 [INFO] Pass: Depth - 0.21744 (ms)
2026-07-13 02:33:43,320 [INFO] Pass: FixedPoint - 0.01216 (ms)
2026-07-13 02:33:43,320 [INFO] Pass: Size - 0.06199 (ms)
2026-07-13 02:33:43,320 [INFO] Pass: FixedPoint - 0.00477 (ms)
2026-07-13 02:33:43,320 [INFO] Pass: Optimize1qGatesDecomposition - 0.16856 (ms)
2026-07-13 02:33:43,320 [INFO] Pass: InverseCancellation - 0.00834 (ms)
2026-07-13 02:33:43,321 [INFO] Pass: GatesInBasis - 0.89073 (ms)
2026-07-13 02:33:43,321 [INFO] Pass: Depth - 0.16904 (ms)
2026-07-13 02:33:43,321 [INFO] Pass: FixedPoint - 0.00501 (ms)
2026-07-13 02:33:43,321 [INFO] Pass: ContainsInstruction - 0.01478 (ms)
2026-07-13 02:33:43,321 [INFO] Pass: Size - 0.05937 (ms)
2026-07-13 02:33:43,321 [INFO] Pass: FixedPoint - 0.00453 (ms)
2026-07-13 02:33:43,321 [INFO] Pass: InverseCancellation - 0.01526 (ms)
2026-07-13 02:33:43,321 [INFO] Pass: ContainsInstruction - 0.00548 (ms)
2026-07-13 02:33:43,321 [INFO] Pass: UnitarySynthesis - 0.00525 (ms)
2026-07-13 02:33:43,321 [INFO] Pass: ContainsInstruction - 0.01407 (ms)
2026-07-13 02:33:43,322 [INFO] Pass: InverseCancellation - 0.01645 (ms)
2026-07-13 02:33:43,322 [INFO] Pass: UnitarySynthesis - 0.00548 (ms)
2026-07-13 02:33:43,323 [INFO] Total Transpile Time - 83.58884 (ms)
2026-07-13 02:33:43,323 [INFO] Pass: HighLevelSynthesis - 1.62673 (ms)
2026-07-13 02:33:43,323 [INFO] Pass: HighLevelSynthesis - 1.64723 (ms)
2026-07-13 02:33:43,323 [INFO] Pass: ContainsInstruction - 0.01335 (ms)
2026-07-13 02:33:43,324 [INFO] Pass: InverseCancellation - 0.01550 (ms)
2026-07-13 02:33:43,324 [INFO] Pass: UnitarySynthesis - 0.00548 (ms)
2026-07-13 02:33:43,324 [INFO] Pass: BasisTranslator - 0.89717 (ms)
2026-07-13 02:33:43,324 [INFO] Pass: Depth - 0.21815 (ms)
2026-07-13 02:33:43,324 [INFO] Pass: FixedPoint - 0.01478 (ms)
2026-07-13 02:33:43,324 [INFO] Pass: BasisTranslator - 0.90933 (ms)
2026-07-13 02:33:43,324 [INFO] Pass: Size - 0.06485 (ms)
2026-07-13 02:33:43,324 [INFO] Pass: FixedPoint - 0.00453 (ms)
2026-07-13 02:33:43,325 [INFO] Pass: Depth - 0.21935 (ms)
2026-07-13 02:33:43,325 [INFO] Pass: Optimize1qGatesDecomposition - 0.15354 (ms)
2026-07-13 02:33:43,325 [INFO] Pass: FixedPoint - 0.01693 (ms)
2026-07-13 02:33:43,325 [INFO] Pass: InverseCancellation - 0.00739 (ms)
2026-07-13 02:33:43,325 [INFO] Pass: ContainsInstruction - 0.01407 (ms)
2026-07-13 02:33:43,325 [INFO] Pass: Size - 0.06461 (ms)
2026-07-13 02:33:43,325 [INFO] Pass: FixedPoint - 0.00477 (ms)
2026-07-13 02:33:43,325 [INFO] Pass: InverseCancellation - 0.01693 (ms)
2026-07-13 02:33:43,325 [INFO] Pass: UnitarySynthesis - 0.00548 (ms)
2026-07-13 02:33:43,325 [INFO] Pass: Optimize1qGatesDecomposition - 0.14734 (ms)
2026-07-13 02:33:43,325 [INFO] Pass: InverseCancellation - 0.00954 (ms)
2026-07-13 02:33:43,325 [INFO] Pass: HighLevelSynthesis - 1.62244 (ms)
2026-07-13 02:33:43,326 [INFO] Pass: GatesInBasis - 0.89335 (ms)
2026-07-13 02:33:43,326 [INFO] Pass: ContainsInstruction - 0.01359 (ms)
2026-07-13 02:33:43,326 [INFO] Pass: Depth - 0.17309 (ms)
2026-07-13 02:33:43,326 [INFO] Pass: FixedPoint - 0.00525 (ms)
2026-07-13 02:33:43,326 [INFO] Pass: InverseCancellation - 0.01621 (ms)
2026-07-13 02:33:43,326 [INFO] Pass: UnitarySynthesis - 0.00548 (ms)
2026-07-13 02:33:43,326 [INFO] Pass: Size - 0.05889 (ms)
2026-07-13 02:33:43,326 [INFO] Pass: FixedPoint - 0.00429 (ms)
2026-07-13 02:33:43,326 [INFO] Pass: GatesInBasis - 0.90837 (ms)
2026-07-13 02:33:43,326 [INFO] Pass: ContainsInstruction - 0.00501 (ms)
2026-07-13 02:33:43,326 [INFO] Pass: Depth - 0.17643 (ms)
2026-07-13 02:33:43,326 [INFO] Pass: FixedPoint - 0.00548 (ms)
2026-07-13 02:33:43,326 [INFO] Pass: BasisTranslator - 0.90933 (ms)
2026-07-13 02:33:43,326 [INFO] Pass: Size - 0.05984 (ms)
2026-07-13 02:33:43,326 [INFO] Pass: FixedPoint - 0.00453 (ms)
2026-07-13 02:33:43,326 [INFO] Pass: ContainsInstruction - 0.00525 (ms)
2026-07-13 02:33:43,327 [INFO] Pass: Depth - 0.21100 (ms)
2026-07-13 02:33:43,327 [INFO] Pass: FixedPoint - 0.01502 (ms)
2026-07-13 02:33:43,327 [INFO] Pass: HighLevelSynthesis - 1.68967 (ms)
2026-07-13 02:33:43,327 [INFO] Pass: Size - 0.06342 (ms)
2026-07-13 02:33:43,327 [INFO] Pass: FixedPoint - 0.00477 (ms)
2026-07-13 02:33:43,327 [INFO] Pass: Optimize1qGatesDecomposition - 0.14758 (ms)
2026-07-13 02:33:43,327 [INFO] Pass: InverseCancellation - 0.00787 (ms)
2026-07-13 02:33:43,327 [INFO] Total Transpile Time - 83.44007 (ms)
2026-07-13 02:33:43,328 [INFO] Pass: BasisTranslator - 0.91624 (ms)
2026-07-13 02:33:43,328 [INFO] Pass: HighLevelSynthesis - 1.65486 (ms)
2026-07-13 02:33:43,328 [INFO] Pass: ContainsInstruction - 0.01287 (ms)
2026-07-13 02:33:43,328 [INFO] Pass: Depth - 0.23031 (ms)
2026-07-13 02:33:43,328 [INFO] Pass: FixedPoint - 0.01431 (ms)
2026-07-13 02:33:43,328 [INFO] Pass: GatesInBasis - 0.89717 (ms)
2026-07-13 02:33:43,328 [INFO] Pass: InverseCancellation - 0.01693 (ms)
2026-07-13 02:33:43,328 [INFO] Total Transpile Time - 83.71615 (ms)
2026-07-13 02:33:43,328 [INFO] Pass: UnitarySynthesis - 0.00525 (ms)
2026-07-13 02:33:43,328 [INFO] Pass: Size - 0.06723 (ms)
2026-07-13 02:33:43,328 [INFO] Pass: FixedPoint - 0.00477 (ms)
2026-07-13 02:33:43,328 [INFO] Pass: Depth - 0.17285 (ms)
2026-07-13 02:33:43,328 [INFO] Pass: FixedPoint - 0.00525 (ms)
2026-07-13 02:33:43,328 [INFO] Pass: Size - 0.06056 (ms)
2026-07-13 02:33:43,328 [INFO] Pass: Optimize1qGatesDecomposition - 0.15092 (ms)
2026-07-13 02:33:43,328 [INFO] Pass: FixedPoint - 0.00477 (ms)
2026-07-13 02:33:43,328 [INFO] Pass: InverseCancellation - 0.00834 (ms)
2026-07-13 02:33:43,328 [INFO] Pass: ContainsInstruction - 0.00525 (ms)
2026-07-13 02:33:43,329 [INFO] Pass: BasisTranslator - 0.90909 (ms)
2026-07-13 02:33:43,329 [INFO] Pass: Depth - 0.22769 (ms)
2026-07-13 02:33:43,329 [INFO] Pass: FixedPoint - 0.01383 (ms)
2026-07-13 02:33:43,329 [INFO] Pass: Size - 0.06509 (ms)
2026-07-13 02:33:43,329 [INFO] Pass: FixedPoint - 0.00453 (ms)
2026-07-13 02:33:43,329 [INFO] Pass: Optimize1qGatesDecomposition - 0.14806 (ms)
2026-07-13 02:33:43,329 [INFO] Pass: GatesInBasis - 0.91434 (ms)
2026-07-13 02:33:43,329 [INFO] Pass: InverseCancellation - 0.00811 (ms)
2026-07-13 02:33:43,329 [INFO] Pass: Depth - 0.17142 (ms)
2026-07-13 02:33:43,330 [INFO] Pass: FixedPoint - 0.00525 (ms)
2026-07-13 02:33:43,330 [INFO] Pass: Size - 0.05984 (ms)
2026-07-13 02:33:43,330 [INFO] Pass: FixedPoint - 0.00453 (ms)
2026-07-13 02:33:43,330 [INFO] Pass: HighLevelSynthesis - 1.64032 (ms)
2026-07-13 02:33:43,330 [INFO] Pass: ContainsInstruction - 0.00572 (ms)
2026-07-13 02:33:43,330 [INFO] Total Transpile Time - 83.24456 (ms)
2026-07-13 02:33:43,330 [INFO] Pass: GatesInBasis - 0.89598 (ms)
2026-07-13 02:33:43,330 [INFO] Pass: Depth - 0.16809 (ms)
2026-07-13 02:33:43,330 [INFO] Pass: FixedPoint - 0.00501 (ms)
2026-07-13 02:33:43,331 [INFO] Pass: Size - 0.05913 (ms)
2026-07-13 02:33:43,331 [INFO] Pass: FixedPoint - 0.00453 (ms)
2026-07-13 02:33:43,331 [INFO] Pass: BasisTranslator - 0.90313 (ms)
2026-07-13 02:33:43,331 [INFO] Pass: ContainsInstruction - 0.00501 (ms)
2026-07-13 02:33:43,331 [INFO] Pass: ContainsInstruction - 0.01121 (ms)
2026-07-13 02:33:43,331 [INFO] Pass: Depth - 0.21529 (ms)
2026-07-13 02:33:43,331 [INFO] Pass: InverseCancellation - 0.01788 (ms)
2026-07-13 02:33:43,331 [INFO] Pass: FixedPoint - 0.01335 (ms)
2026-07-13 02:33:43,331 [INFO] Pass: UnitarySynthesis - 0.00596 (ms)
2026-07-13 02:33:43,331 [INFO] Pass: Size - 0.06437 (ms)
2026-07-13 02:33:43,331 [INFO] Pass: FixedPoint - 0.00501 (ms)
2026-07-13 02:33:43,331 [INFO] Total Transpile Time - 84.35774 (ms)
2026-07-13 02:33:43,331 [INFO] Pass: Optimize1qGatesDecomposition - 0.14400 (ms)
2026-07-13 02:33:43,331 [INFO] Pass: InverseCancellation - 0.00763 (ms)
2026-07-13 02:33:43,332 [INFO] Total Transpile Time - 84.30862 (ms)
2026-07-13 02:33:43,332 [INFO] Pass: GatesInBasis - 0.89097 (ms)
2026-07-13 02:33:43,332 [INFO] Pass: Depth - 0.16975 (ms)
2026-07-13 02:33:43,332 [INFO] Pass: FixedPoint - 0.00525 (ms)
2026-07-13 02:33:43,333 [INFO] Pass: Size - 0.05889 (ms)
2026-07-13 02:33:43,333 [INFO] Pass: FixedPoint - 0.00477 (ms)
2026-07-13 02:33:43,333 [INFO] Pass: HighLevelSynthesis - 1.61314 (ms)
2026-07-13 02:33:43,333 [INFO] Pass: ContainsInstruction - 0.00501 (ms)
2026-07-13 02:33:43,333 [INFO] Pass: ContainsInstruction - 0.01168 (ms)
2026-07-13 02:33:43,333 [INFO] Pass: InverseCancellation - 0.01526 (ms)
2026-07-13 02:33:43,334 [INFO] Pass: UnitarySynthesis - 0.00572 (ms)
2026-07-13 02:33:43,334 [INFO] Pass: BasisTranslator - 0.84376 (ms)
2026-07-13 02:33:43,334 [INFO] Pass: Depth - 0.21291 (ms)
2026-07-13 02:33:43,334 [INFO] Pass: FixedPoint - 0.01574 (ms)
2026-07-13 02:33:43,334 [INFO] Pass: Size - 0.06175 (ms)
2026-07-13 02:33:43,334 [INFO] Pass: FixedPoint - 0.00453 (ms)
2026-07-13 02:33:43,334 [INFO] Total Transpile Time - 83.10628 (ms)
2026-07-13 02:33:43,334 [INFO] Pass: Optimize1qGatesDecomposition - 0.14520 (ms)
2026-07-13 02:33:43,334 [INFO] Pass: InverseCancellation - 0.00763 (ms)
2026-07-13 02:33:43,335 [INFO] Pass: GatesInBasis - 0.90718 (ms)
2026-07-13 02:33:43,335 [INFO] Pass: HighLevelSynthesis - 1.61934 (ms)
2026-07-13 02:33:43,335 [INFO] Pass: Depth - 0.16975 (ms)
2026-07-13 02:33:43,335 [INFO] Pass: FixedPoint - 0.00501 (ms)
2026-07-13 02:33:43,335 [INFO] Pass: Size - 0.05984 (ms)
2026-07-13 02:33:43,336 [INFO] Pass: FixedPoint - 0.00429 (ms)
2026-07-13 02:33:43,336 [INFO] Pass: ContainsInstruction - 0.00477 (ms)
2026-07-13 02:33:43,336 [INFO] Pass: BasisTranslator - 0.90408 (ms)
2026-07-13 02:33:43,336 [INFO] Pass: Depth - 0.20576 (ms)
2026-07-13 02:33:43,336 [INFO] Pass: FixedPoint - 0.01407 (ms)
2026-07-13 02:33:43,337 [INFO] Pass: Size - 0.06080 (ms)
2026-07-13 02:33:43,337 [INFO] Pass: FixedPoint - 0.00477 (ms)
2026-07-13 02:33:43,337 [INFO] Pass: Optimize1qGatesDecomposition - 0.14806 (ms)
2026-07-13 02:33:43,337 [INFO] Pass: InverseCancellation - 0.00787 (ms)
2026-07-13 02:33:43,337 [INFO] Pass: ContainsInstruction - 0.01287 (ms)
2026-07-13 02:33:43,337 [INFO] Pass: InverseCancellation - 0.01478 (ms)
2026-07-13 02:33:43,337 [INFO] Total Transpile Time - 83.24671 (ms)
2026-07-13 02:33:43,337 [INFO] Pass: UnitarySynthesis - 0.00572 (ms)
2026-07-13 02:33:43,338 [INFO] Pass: GatesInBasis - 0.90122 (ms)
2026-07-13 02:33:43,338 [INFO] Pass: Depth - 0.16952 (ms)
2026-07-13 02:33:43,338 [INFO] Pass: FixedPoint - 0.00525 (ms)
2026-07-13 02:33:43,338 [INFO] Pass: Size - 0.05960 (ms)
2026-07-13 02:33:43,338 [INFO] Pass: FixedPoint - 0.00453 (ms)
2026-07-13 02:33:43,338 [INFO] Pass: ContainsInstruction - 0.00525 (ms)
2026-07-13 02:33:43,339 [INFO] Pass: ContainsInstruction - 0.01097 (ms)
2026-07-13 02:33:43,339 [INFO] Pass: HighLevelSynthesis - 1.61505 (ms)
2026-07-13 02:33:43,339 [INFO] Pass: InverseCancellation - 0.01454 (ms)
2026-07-13 02:33:43,339 [INFO] Pass: UnitarySynthesis - 0.00548 (ms)
2026-07-13 02:33:43,340 [INFO] Total Transpile Time - 82.87764 (ms)
2026-07-13 02:33:43,340 [INFO] Pass: BasisTranslator - 0.89431 (ms)
2026-07-13 02:33:43,340 [INFO] Pass: Depth - 0.21100 (ms)
2026-07-13 02:33:43,340 [INFO] Pass: FixedPoint - 0.01431 (ms)
2026-07-13 02:33:43,340 [INFO] Pass: Size - 0.06175 (ms)
2026-07-13 02:33:43,340 [INFO] Pass: FixedPoint - 0.00453 (ms)
2026-07-13 02:33:43,340 [INFO] Pass: Optimize1qGatesDecomposition - 0.14663 (ms)
2026-07-13 02:33:43,340 [INFO] Pass: InverseCancellation - 0.00715 (ms)
2026-07-13 02:33:43,340 [INFO] Pass: HighLevelSynthesis - 1.59621 (ms)
2026-07-13 02:33:43,341 [INFO] Pass: GatesInBasis - 0.89407 (ms)
2026-07-13 02:33:43,341 [INFO] Pass: BasisTranslator - 0.89788 (ms)
2026-07-13 02:33:43,341 [INFO] Pass: Depth - 0.16904 (ms)
2026-07-13 02:33:43,341 [INFO] Pass: FixedPoint - 0.00525 (ms)
2026-07-13 02:33:43,342 [INFO] Pass: Size - 0.05913 (ms)
2026-07-13 02:33:43,342 [INFO] Pass: FixedPoint - 0.00453 (ms)
2026-07-13 02:33:43,342 [INFO] Pass: Depth - 0.20742 (ms)
2026-07-13 02:33:43,342 [INFO] Pass: ContainsInstruction - 0.00525 (ms)
2026-07-13 02:33:43,342 [INFO] Pass: FixedPoint - 0.01335 (ms)
2026-07-13 02:33:43,342 [INFO] Pass: Size - 0.06580 (ms)
2026-07-13 02:33:43,342 [INFO] Pass: FixedPoint - 0.00453 (ms)
2026-07-13 02:33:43,342 [INFO] Pass: Optimize1qGatesDecomposition - 0.14305 (ms)
2026-07-13 02:33:43,342 [INFO] Pass: InverseCancellation - 0.00691 (ms)
2026-07-13 02:33:43,343 [INFO] Pass: GatesInBasis - 0.89550 (ms)
2026-07-13 02:33:43,343 [INFO] Total Transpile Time - 83.14729 (ms)
2026-07-13 02:33:43,343 [INFO] Pass: Depth - 0.16904 (ms)
2026-07-13 02:33:43,343 [INFO] Pass: FixedPoint - 0.00548 (ms)
2026-07-13 02:33:43,343 [INFO] Pass: Size - 0.05960 (ms)
2026-07-13 02:33:43,343 [INFO] Pass: FixedPoint - 0.00429 (ms)
2026-07-13 02:33:43,343 [INFO] Pass: ContainsInstruction - 0.00501 (ms)
2026-07-13 02:33:43,344 [INFO] Pass: ContainsInstruction - 0.01216 (ms)
2026-07-13 02:33:43,344 [INFO] Pass: InverseCancellation - 0.01454 (ms)
2026-07-13 02:33:43,344 [INFO] Pass: UnitarySynthesis - 0.00572 (ms)
2026-07-13 02:33:43,345 [INFO] Total Transpile Time - 82.36217 (ms)
2026-07-13 02:33:43,346 [INFO] Pass: HighLevelSynthesis - 1.63221 (ms)
2026-07-13 02:33:43,347 [INFO] Pass: ContainsInstruction - 0.01144 (ms)
2026-07-13 02:33:43,347 [INFO] Pass: InverseCancellation - 0.01574 (ms)
2026-07-13 02:33:43,347 [INFO] Pass: UnitarySynthesis - 0.00572 (ms)
2026-07-13 02:33:43,347 [INFO] Pass: BasisTranslator - 0.88811 (ms)
2026-07-13 02:33:43,347 [INFO] Pass: Depth - 0.20576 (ms)
2026-07-13 02:33:43,347 [INFO] Pass: FixedPoint - 0.01478 (ms)
2026-07-13 02:33:43,347 [INFO] Pass: Size - 0.06199 (ms)
2026-07-13 02:33:43,347 [INFO] Pass: FixedPoint - 0.00477 (ms)
2026-07-13 02:33:43,348 [INFO] Pass: Optimize1qGatesDecomposition - 0.14377 (ms)
2026-07-13 02:33:43,348 [INFO] Pass: InverseCancellation - 0.00715 (ms)
2026-07-13 02:33:43,348 [INFO] Pass: HighLevelSynthesis - 1.62506 (ms)
2026-07-13 02:33:43,349 [INFO] Pass: GatesInBasis - 0.88692 (ms)
2026-07-13 02:33:43,349 [INFO] Pass: ContainsInstruction - 0.01287 (ms)
2026-07-13 02:33:43,349 [INFO] Pass: InverseCancellation - 0.01454 (ms)
2026-07-13 02:33:43,349 [INFO] Pass: Depth - 0.17238 (ms)
2026-07-13 02:33:43,349 [INFO] Pass: FixedPoint - 0.00525 (ms)
2026-07-13 02:33:43,349 [INFO] Pass: UnitarySynthesis - 0.00548 (ms)
2026-07-13 02:33:43,349 [INFO] Pass: Size - 0.05937 (ms)
2026-07-13 02:33:43,349 [INFO] Pass: FixedPoint - 0.00453 (ms)
2026-07-13 02:33:43,349 [INFO] Pass: ContainsInstruction - 0.00477 (ms)
2026-07-13 02:33:43,349 [INFO] Pass: BasisTranslator - 0.85092 (ms)
2026-07-13 02:33:43,350 [INFO] Pass: Depth - 0.20862 (ms)
2026-07-13 02:33:43,350 [INFO] Pass: FixedPoint - 0.01454 (ms)
2026-07-13 02:33:43,350 [INFO] Pass: Size - 0.06247 (ms)
2026-07-13 02:33:43,350 [INFO] Pass: FixedPoint - 0.00453 (ms)
2026-07-13 02:33:43,350 [INFO] Pass: Optimize1qGatesDecomposition - 0.14162 (ms)
2026-07-13 02:33:43,350 [INFO] Pass: InverseCancellation - 0.00715 (ms)
2026-07-13 02:33:43,350 [INFO] Total Transpile Time - 83.96435 (ms)
2026-07-13 02:33:43,351 [INFO] Pass: HighLevelSynthesis - 1.58930 (ms)
2026-07-13 02:33:43,351 [INFO] Pass: GatesInBasis - 0.91052 (ms)
2026-07-13 02:33:43,351 [INFO] Pass: Depth - 0.16880 (ms)
2026-07-13 02:33:43,351 [INFO] Pass: FixedPoint - 0.00548 (ms)
2026-07-13 02:33:43,351 [INFO] Pass: Size - 0.05913 (ms)
2026-07-13 02:33:43,351 [INFO] Pass: FixedPoint - 0.00453 (ms)
2026-07-13 02:33:43,351 [INFO] Pass: ContainsInstruction - 0.00477 (ms)
2026-07-13 02:33:43,351 [INFO] Pass: BasisTranslator - 0.89884 (ms)
2026-07-13 02:33:43,352 [INFO] Pass: Depth - 0.20218 (ms)
2026-07-13 02:33:43,352 [INFO] Pass: FixedPoint - 0.01478 (ms)
2026-07-13 02:33:43,352 [INFO] Pass: Size - 0.06223 (ms)
2026-07-13 02:33:43,352 [INFO] Pass: FixedPoint - 0.00501 (ms)
2026-07-13 02:33:43,352 [INFO] Pass: Optimize1qGatesDecomposition - 0.14377 (ms)
2026-07-13 02:33:43,352 [INFO] Pass: InverseCancellation - 0.00715 (ms)
2026-07-13 02:33:43,353 [INFO] Total Transpile Time - 82.57914 (ms)
2026-07-13 02:33:43,353 [INFO] Pass: GatesInBasis - 0.88716 (ms)
2026-07-13 02:33:43,353 [INFO] Pass: Depth - 0.16832 (ms)
2026-07-13 02:33:43,353 [INFO] Pass: FixedPoint - 0.00501 (ms)
2026-07-13 02:33:43,353 [INFO] Pass: Size - 0.06008 (ms)
2026-07-13 02:33:43,353 [INFO] Pass: FixedPoint - 0.00453 (ms)
2026-07-13 02:33:43,353 [INFO] Pass: ContainsInstruction - 0.00453 (ms)
2026-07-13 02:33:43,355 [INFO] Total Transpile Time - 82.03506 (ms)
2026-07-13 02:33:43,380 [INFO] Pass: ContainsInstruction - 0.00834 (ms)
2026-07-13 02:33:43,380 [INFO] Pass: InverseCancellation - 0.17786 (ms)
2026-07-13 02:33:43,380 [INFO] Pass: UnitarySynthesis - 0.00525 (ms)
2026-07-13 02:33:43,382 [INFO] Pass: HighLevelSynthesis - 1.53494 (ms)
2026-07-13 02:33:43,383 [INFO] Pass: BasisTranslator - 0.99540 (ms)
2026-07-13 02:33:43,383 [INFO] Pass: Depth - 0.18597 (ms)
2026-07-13 02:33:43,383 [INFO] Pass: FixedPoint - 0.00739 (ms)
2026-07-13 02:33:43,383 [INFO] Pass: Size - 0.06223 (ms)
2026-07-13 02:33:43,383 [INFO] Pass: FixedPoint - 0.00453 (ms)
2026-07-13 02:33:43,384 [INFO] Pass: Optimize1qGatesDecomposition - 0.80180 (ms)
2026-07-13 02:33:43,385 [INFO] Pass: InverseCancellation - 0.15593 (ms)
2026-07-13 02:33:43,385 [INFO] Pass: ContainsInstruction - 0.01001 (ms)
2026-07-13 02:33:43,385 [INFO] Pass: InverseCancellation - 0.16856 (ms)
2026-07-13 02:33:43,385 [INFO] Pass: GatesInBasis - 0.91720 (ms)
2026-07-13 02:33:43,386 [INFO] Pass: UnitarySynthesis - 0.00453 (ms)
2026-07-13 02:33:43,386 [INFO] Pass: ContainsInstruction - 0.00858 (ms)
2026-07-13 02:33:43,386 [INFO] Pass: Depth - 0.17619 (ms)
2026-07-13 02:33:43,386 [INFO] Pass: FixedPoint - 0.00596 (ms)
2026-07-13 02:33:43,386 [INFO] Pass: Size - 0.06080 (ms)
2026-07-13 02:33:43,386 [INFO] Pass: FixedPoint - 0.00477 (ms)
2026-07-13 02:33:43,386 [INFO] Pass: InverseCancellation - 0.17810 (ms)
2026-07-13 02:33:43,386 [INFO] Pass: ContainsInstruction - 0.00548 (ms)
2026-07-13 02:33:43,386 [INFO] Pass: UnitarySynthesis - 0.00429 (ms)
2026-07-13 02:33:43,387 [INFO] Pass: HighLevelSynthesis - 1.55449 (ms)
2026-07-13 02:33:43,387 [INFO] Total Transpile Time - 64.48817 (ms)
2026-07-13 02:33:43,388 [INFO] Pass: HighLevelSynthesis - 1.55210 (ms)
2026-07-13 02:33:43,388 [INFO] Pass: BasisTranslator - 0.85211 (ms)
2026-07-13 02:33:43,388 [INFO] Pass: Depth - 0.18287 (ms)
2026-07-13 02:33:43,388 [INFO] Pass: FixedPoint - 0.00715 (ms)
2026-07-13 02:33:43,388 [INFO] Pass: Size - 0.06247 (ms)
2026-07-13 02:33:43,388 [INFO] Pass: FixedPoint - 0.00453 (ms)
2026-07-13 02:33:43,388 [INFO] Pass: BasisTranslator - 0.86880 (ms)
2026-07-13 02:33:43,389 [INFO] Pass: Depth - 0.18525 (ms)
2026-07-13 02:33:43,389 [INFO] Pass: ContainsInstruction - 0.00882 (ms)
2026-07-13 02:33:43,389 [INFO] Pass: FixedPoint - 0.00763 (ms)
2026-07-13 02:33:43,389 [INFO] Pass: Size - 0.06270 (ms)
2026-07-13 02:33:43,389 [INFO] Pass: FixedPoint - 0.00453 (ms)
2026-07-13 02:33:43,389 [INFO] Pass: ContainsInstruction - 0.00858 (ms)
2026-07-13 02:33:43,389 [INFO] Pass: InverseCancellation - 0.17142 (ms)
2026-07-13 02:33:43,389 [INFO] Pass: UnitarySynthesis - 0.00429 (ms)
2026-07-13 02:33:43,389 [INFO] Pass: InverseCancellation - 0.16999 (ms)
2026-07-13 02:33:43,389 [INFO] Pass: UnitarySynthesis - 0.00429 (ms)
2026-07-13 02:33:43,389 [INFO] Pass: Optimize1qGatesDecomposition - 0.81825 (ms)
2026-07-13 02:33:43,389 [INFO] Pass: InverseCancellation - 0.15616 (ms)
2026-07-13 02:33:43,390 [INFO] Pass: Optimize1qGatesDecomposition - 0.78201 (ms)
2026-07-13 02:33:43,390 [INFO] Pass: ContainsInstruction - 0.00834 (ms)
2026-07-13 02:33:43,390 [INFO] Pass: InverseCancellation - 0.15497 (ms)
2026-07-13 02:33:43,390 [INFO] Pass: InverseCancellation - 0.17190 (ms)
2026-07-13 02:33:43,390 [INFO] Pass: UnitarySynthesis - 0.00477 (ms)
2026-07-13 02:33:43,390 [INFO] Pass: GatesInBasis - 0.92840 (ms)
2026-07-13 02:33:43,391 [INFO] Pass: HighLevelSynthesis - 1.52612 (ms)
2026-07-13 02:33:43,391 [INFO] Pass: Depth - 0.17500 (ms)
2026-07-13 02:33:43,391 [INFO] Pass: FixedPoint - 0.00906 (ms)
2026-07-13 02:33:43,391 [INFO] Pass: HighLevelSynthesis - 1.55306 (ms)
2026-07-13 02:33:43,391 [INFO] Pass: Size - 0.06127 (ms)
2026-07-13 02:33:43,391 [INFO] Pass: FixedPoint - 0.00477 (ms)
2026-07-13 02:33:43,391 [INFO] Pass: GatesInBasis - 0.91577 (ms)
2026-07-13 02:33:43,391 [INFO] Pass: ContainsInstruction - 0.00572 (ms)
2026-07-13 02:33:43,391 [INFO] Pass: Depth - 0.17619 (ms)
2026-07-13 02:33:43,391 [INFO] Pass: FixedPoint - 0.00644 (ms)
2026-07-13 02:33:43,391 [INFO] Pass: Size - 0.06127 (ms)
2026-07-13 02:33:43,391 [INFO] Pass: FixedPoint - 0.00453 (ms)
2026-07-13 02:33:43,391 [INFO] Pass: ContainsInstruction - 0.00525 (ms)
2026-07-13 02:33:43,391 [INFO] Pass: BasisTranslator - 0.84901 (ms)
2026-07-13 02:33:43,392 [INFO] Pass: BasisTranslator - 0.84543 (ms)
2026-07-13 02:33:43,392 [INFO] Pass: Depth - 0.18430 (ms)
2026-07-13 02:33:43,392 [INFO] Pass: FixedPoint - 0.00715 (ms)
2026-07-13 02:33:43,392 [INFO] Pass: HighLevelSynthesis - 1.54233 (ms)
2026-07-13 02:33:43,392 [INFO] Pass: Size - 0.06247 (ms)
2026-07-13 02:33:43,392 [INFO] Pass: FixedPoint - 0.00477 (ms)
2026-07-13 02:33:43,392 [INFO] Pass: Depth - 0.18883 (ms)
2026-07-13 02:33:43,392 [INFO] Pass: FixedPoint - 0.00787 (ms)
2026-07-13 02:33:43,392 [INFO] Pass: ContainsInstruction - 0.00811 (ms)
2026-07-13 02:33:43,392 [INFO] Pass: Size - 0.06342 (ms)
2026-07-13 02:33:43,392 [INFO] Pass: FixedPoint - 0.00453 (ms)
2026-07-13 02:33:43,392 [INFO] Pass: InverseCancellation - 0.17309 (ms)
2026-07-13 02:33:43,392 [INFO] Pass: UnitarySynthesis - 0.00453 (ms)
2026-07-13 02:33:43,392 [INFO] Total Transpile Time - 64.78810 (ms)
2026-07-13 02:33:43,393 [INFO] Pass: BasisTranslator - 0.84543 (ms)
2026-07-13 02:33:43,393 [INFO] Total Transpile Time - 64.73565 (ms)
2026-07-13 02:33:43,393 [INFO] Pass: Optimize1qGatesDecomposition - 0.82326 (ms)
2026-07-13 02:33:43,393 [INFO] Pass: Depth - 0.18668 (ms)
2026-07-13 02:33:43,393 [INFO] Pass: Optimize1qGatesDecomposition - 0.78940 (ms)
2026-07-13 02:33:43,393 [INFO] Pass: FixedPoint - 0.00715 (ms)
2026-07-13 02:33:43,393 [INFO] Pass: InverseCancellation - 0.15545 (ms)
2026-07-13 02:33:43,393 [INFO] Pass: Size - 0.06270 (ms)
2026-07-13 02:33:43,393 [INFO] Pass: FixedPoint - 0.00477 (ms)
2026-07-13 02:33:43,393 [INFO] Pass: InverseCancellation - 0.15450 (ms)
2026-07-13 02:33:43,394 [INFO] Pass: HighLevelSynthesis - 1.55663 (ms)
2026-07-13 02:33:43,394 [INFO] Pass: Optimize1qGatesDecomposition - 0.80180 (ms)
2026-07-13 02:33:43,394 [INFO] Pass: GatesInBasis - 0.91195 (ms)
2026-07-13 02:33:43,394 [INFO] Pass: GatesInBasis - 0.91672 (ms)
2026-07-13 02:33:43,394 [INFO] Pass: InverseCancellation - 0.15497 (ms)
2026-07-13 02:33:43,394 [INFO] Pass: Depth - 0.17500 (ms)
2026-07-13 02:33:43,394 [INFO] Pass: FixedPoint - 0.00548 (ms)
2026-07-13 02:33:43,394 [INFO] Pass: Size - 0.06247 (ms)
2026-07-13 02:33:43,394 [INFO] Pass: Depth - 0.17357 (ms)
2026-07-13 02:33:43,394 [INFO] Pass: FixedPoint - 0.00477 (ms)
2026-07-13 02:33:43,394 [INFO] Pass: FixedPoint - 0.00548 (ms)
2026-07-13 02:33:43,394 [INFO] Pass: ContainsInstruction - 0.00548 (ms)
2026-07-13 02:33:43,394 [INFO] Pass: Size - 0.06104 (ms)
2026-07-13 02:33:43,394 [INFO] Pass: FixedPoint - 0.00453 (ms)
2026-07-13 02:33:43,394 [INFO] Pass: ContainsInstruction - 0.00525 (ms)
2026-07-13 02:33:43,395 [INFO] Pass: BasisTranslator - 0.85711 (ms)
2026-07-13 02:33:43,395 [INFO] Pass: ContainsInstruction - 0.00834 (ms)
2026-07-13 02:33:43,395 [INFO] Pass: Depth - 0.18597 (ms)
2026-07-13 02:33:43,395 [INFO] Pass: FixedPoint - 0.00715 (ms)
2026-07-13 02:33:43,395 [INFO] Pass: InverseCancellation - 0.17190 (ms)
2026-07-13 02:33:43,395 [INFO] Pass: GatesInBasis - 0.91624 (ms)
2026-07-13 02:33:43,395 [INFO] Pass: Size - 0.06485 (ms)
2026-07-13 02:33:43,395 [INFO] Pass: UnitarySynthesis - 0.00477 (ms)
2026-07-13 02:33:43,395 [INFO] Pass: FixedPoint - 0.00453 (ms)
2026-07-13 02:33:43,395 [INFO] Pass: Depth - 0.17619 (ms)
2026-07-13 02:33:43,395 [INFO] Pass: FixedPoint - 0.00572 (ms)
2026-07-13 02:33:43,395 [INFO] Pass: Size - 0.06151 (ms)
2026-07-13 02:33:43,395 [INFO] Pass: FixedPoint - 0.00477 (ms)
2026-07-13 02:33:43,395 [INFO] Pass: ContainsInstruction - 0.00501 (ms)
2026-07-13 02:33:43,396 [INFO] Total Transpile Time - 65.88769 (ms)
2026-07-13 02:33:43,396 [INFO] Total Transpile Time - 64.66174 (ms)
2026-07-13 02:33:43,396 [INFO] Pass: Optimize1qGatesDecomposition - 0.82064 (ms)
2026-07-13 02:33:43,396 [INFO] Pass: InverseCancellation - 0.15664 (ms)
2026-07-13 02:33:43,397 [INFO] Pass: HighLevelSynthesis - 1.53208 (ms)
2026-07-13 02:33:43,397 [INFO] Total Transpile Time - 64.74686 (ms)
2026-07-13 02:33:43,397 [INFO] Pass: GatesInBasis - 0.91290 (ms)
2026-07-13 02:33:43,397 [INFO] Pass: ContainsInstruction - 0.00834 (ms)
2026-07-13 02:33:43,397 [INFO] Pass: Depth - 0.17643 (ms)
2026-07-13 02:33:43,397 [INFO] Pass: FixedPoint - 0.00548 (ms)
2026-07-13 02:33:43,397 [INFO] Pass: InverseCancellation - 0.17357 (ms)
2026-07-13 02:33:43,398 [INFO] Pass: Size - 0.06104 (ms)
2026-07-13 02:33:43,398 [INFO] Pass: UnitarySynthesis - 0.00525 (ms)
2026-07-13 02:33:43,398 [INFO] Pass: FixedPoint - 0.00453 (ms)
2026-07-13 02:33:43,398 [INFO] Pass: ContainsInstruction - 0.00548 (ms)
2026-07-13 02:33:43,398 [INFO] Pass: BasisTranslator - 1.00183 (ms)
2026-07-13 02:33:43,398 [INFO] Pass: Depth - 0.18692 (ms)
2026-07-13 02:33:43,398 [INFO] Pass: FixedPoint - 0.00787 (ms)
2026-07-13 02:33:43,398 [INFO] Pass: Size - 0.06247 (ms)
2026-07-13 02:33:43,398 [INFO] Pass: FixedPoint - 0.00477 (ms)
2026-07-13 02:33:43,399 [INFO] Total Transpile Time - 64.84318 (ms)
2026-07-13 02:33:43,399 [INFO] Pass: Optimize1qGatesDecomposition - 0.82898 (ms)
2026-07-13 02:33:43,399 [INFO] Pass: HighLevelSynthesis - 1.57475 (ms)
2026-07-13 02:33:43,399 [INFO] Pass: InverseCancellation - 0.16236 (ms)
2026-07-13 02:33:43,400 [INFO] Pass: BasisTranslator - 0.84734 (ms)
2026-07-13 02:33:43,400 [INFO] Pass: GatesInBasis - 0.91434 (ms)
2026-07-13 02:33:43,400 [INFO] Pass: Depth - 0.18334 (ms)
2026-07-13 02:33:43,400 [INFO] Pass: FixedPoint - 0.00763 (ms)
2026-07-13 02:33:43,400 [INFO] Pass: Depth - 0.17691 (ms)
2026-07-13 02:33:43,400 [INFO] Pass: Size - 0.06223 (ms)
2026-07-13 02:33:43,400 [INFO] Pass: FixedPoint - 0.00453 (ms)
2026-07-13 02:33:43,400 [INFO] Pass: FixedPoint - 0.00620 (ms)
2026-07-13 02:33:43,401 [INFO] Pass: Size - 0.06056 (ms)
2026-07-13 02:33:43,401 [INFO] Pass: FixedPoint - 0.00501 (ms)
2026-07-13 02:33:43,401 [INFO] Pass: ContainsInstruction - 0.00525 (ms)
2026-07-13 02:33:43,401 [INFO] Pass: ContainsInstruction - 0.00882 (ms)
2026-07-13 02:33:43,401 [INFO] Pass: InverseCancellation - 0.17118 (ms)
2026-07-13 02:33:43,401 [INFO] Pass: UnitarySynthesis - 0.00453 (ms)
2026-07-13 02:33:43,401 [INFO] Pass: Optimize1qGatesDecomposition - 0.78988 (ms)
2026-07-13 02:33:43,402 [INFO] Pass: InverseCancellation - 0.15473 (ms)
2026-07-13 02:33:43,402 [INFO] Total Transpile Time - 64.99362 (ms)
2026-07-13 02:33:43,402 [INFO] Pass: ContainsInstruction - 0.00787 (ms)
2026-07-13 02:33:43,402 [INFO] Pass: InverseCancellation - 0.16856 (ms)
2026-07-13 02:33:43,402 [INFO] Pass: GatesInBasis - 0.91386 (ms)
2026-07-13 02:33:43,403 [INFO] Pass: UnitarySynthesis - 0.00501 (ms)
2026-07-13 02:33:43,403 [INFO] Pass: Depth - 0.17428 (ms)
2026-07-13 02:33:43,403 [INFO] Pass: HighLevelSynthesis - 1.54281 (ms)
2026-07-13 02:33:43,403 [INFO] Pass: FixedPoint - 0.00572 (ms)
2026-07-13 02:33:43,403 [INFO] Pass: Size - 0.06127 (ms)
2026-07-13 02:33:43,403 [INFO] Pass: FixedPoint - 0.00477 (ms)
2026-07-13 02:33:43,403 [INFO] Pass: ContainsInstruction - 0.00548 (ms)
2026-07-13 02:33:43,404 [INFO] Pass: BasisTranslator - 0.85664 (ms)
2026-07-13 02:33:43,404 [INFO] Pass: Depth - 0.19073 (ms)
2026-07-13 02:33:43,404 [INFO] Pass: FixedPoint - 0.00763 (ms)
2026-07-13 02:33:43,404 [INFO] Pass: Size - 0.06270 (ms)
2026-07-13 02:33:43,404 [INFO] Pass: FixedPoint - 0.00477 (ms)
2026-07-13 02:33:43,404 [INFO] Pass: HighLevelSynthesis - 1.53852 (ms)
2026-07-13 02:33:43,404 [INFO] Total Transpile Time - 64.61358 (ms)
2026-07-13 02:33:43,405 [INFO] Pass: Optimize1qGatesDecomposition - 0.78249 (ms)
2026-07-13 02:33:43,405 [INFO] Pass: BasisTranslator - 0.85330 (ms)
2026-07-13 02:33:43,405 [INFO] Pass: InverseCancellation - 0.15569 (ms)
2026-07-13 02:33:43,405 [INFO] Pass: Depth - 0.17834 (ms)
2026-07-13 02:33:43,405 [INFO] Pass: FixedPoint - 0.00691 (ms)
2026-07-13 02:33:43,405 [INFO] Pass: Size - 0.06175 (ms)
2026-07-13 02:33:43,405 [INFO] Pass: FixedPoint - 0.00453 (ms)
2026-07-13 02:33:43,406 [INFO] Pass: GatesInBasis - 0.91648 (ms)
2026-07-13 02:33:43,406 [INFO] Pass: Optimize1qGatesDecomposition - 0.78225 (ms)
2026-07-13 02:33:43,406 [INFO] Pass: Depth - 0.17333 (ms)
2026-07-13 02:33:43,406 [INFO] Pass: FixedPoint - 0.00596 (ms)
2026-07-13 02:33:43,406 [INFO] Pass: Size - 0.06104 (ms)
2026-07-13 02:33:43,406 [INFO] Pass: FixedPoint - 0.00477 (ms)
2026-07-13 02:33:43,406 [INFO] Pass: InverseCancellation - 0.15712 (ms)
2026-07-13 02:33:43,406 [INFO] Pass: ContainsInstruction - 0.00501 (ms)
2026-07-13 02:33:43,407 [INFO] Pass: GatesInBasis - 0.91910 (ms)
2026-07-13 02:33:43,408 [INFO] Pass: Depth - 0.17405 (ms)
2026-07-13 02:33:43,408 [INFO] Pass: FixedPoint - 0.00620 (ms)
2026-07-13 02:33:43,408 [INFO] Pass: Size - 0.06580 (ms)
2026-07-13 02:33:43,408 [INFO] Pass: FixedPoint - 0.00477 (ms)
2026-07-13 02:33:43,408 [INFO] Pass: ContainsInstruction - 0.00548 (ms)
2026-07-13 02:33:43,408 [INFO] Total Transpile Time - 64.73875 (ms)
2026-07-13 02:33:43,408 [INFO] Pass: ContainsInstruction - 0.00834 (ms)
2026-07-13 02:33:43,408 [INFO] Pass: InverseCancellation - 0.17190 (ms)
2026-07-13 02:33:43,408 [INFO] Pass: UnitarySynthesis - 0.00453 (ms)
2026-07-13 02:33:43,409 [INFO] Total Transpile Time - 64.32700 (ms)
2026-07-13 02:33:43,410 [INFO] Pass: HighLevelSynthesis - 1.55210 (ms)
2026-07-13 02:33:43,410 [INFO] Pass: ContainsInstruction - 0.00763 (ms)
2026-07-13 02:33:43,411 [INFO] Pass: InverseCancellation - 0.17381 (ms)
2026-07-13 02:33:43,411 [INFO] Pass: UnitarySynthesis - 0.00525 (ms)
2026-07-13 02:33:43,411 [INFO] Pass: BasisTranslator - 0.85425 (ms)
2026-07-13 02:33:43,411 [INFO] Pass: Depth - 0.18668 (ms)
2026-07-13 02:33:43,411 [INFO] Pass: FixedPoint - 0.00715 (ms)
2026-07-13 02:33:43,411 [INFO] Pass: Size - 0.06199 (ms)
2026-07-13 02:33:43,411 [INFO] Pass: FixedPoint - 0.00453 (ms)
2026-07-13 02:33:43,412 [INFO] Pass: Optimize1qGatesDecomposition - 0.78702 (ms)
2026-07-13 02:33:43,412 [INFO] Pass: HighLevelSynthesis - 1.55497 (ms)
2026-07-13 02:33:43,412 [INFO] Pass: InverseCancellation - 0.15473 (ms)
2026-07-13 02:33:43,412 [INFO] Pass: ContainsInstruction - 0.00787 (ms)
2026-07-13 02:33:43,413 [INFO] Pass: InverseCancellation - 0.17428 (ms)
2026-07-13 02:33:43,413 [INFO] Pass: UnitarySynthesis - 0.00429 (ms)
2026-07-13 02:33:43,413 [INFO] Pass: BasisTranslator - 0.99087 (ms)
2026-07-13 02:33:43,413 [INFO] Pass: GatesInBasis - 0.90814 (ms)
2026-07-13 02:33:43,414 [INFO] Pass: Depth - 0.18048 (ms)
2026-07-13 02:33:43,414 [INFO] Pass: FixedPoint - 0.00715 (ms)
2026-07-13 02:33:43,414 [INFO] Pass: Depth - 0.17309 (ms)
2026-07-13 02:33:43,414 [INFO] Pass: FixedPoint - 0.00548 (ms)
2026-07-13 02:33:43,414 [INFO] Pass: Size - 0.06199 (ms)
2026-07-13 02:33:43,414 [INFO] Pass: FixedPoint - 0.00477 (ms)
2026-07-13 02:33:43,414 [INFO] Pass: Size - 0.06557 (ms)
2026-07-13 02:33:43,414 [INFO] Pass: FixedPoint - 0.00453 (ms)
2026-07-13 02:33:43,414 [INFO] Pass: ContainsInstruction - 0.00525 (ms)
2026-07-13 02:33:43,414 [INFO] Pass: HighLevelSynthesis - 1.55830 (ms)
2026-07-13 02:33:43,414 [INFO] Pass: Optimize1qGatesDecomposition - 0.78487 (ms)
2026-07-13 02:33:43,415 [INFO] Pass: InverseCancellation - 0.15616 (ms)
2026-07-13 02:33:43,415 [INFO] Total Transpile Time - 64.69321 (ms)
2026-07-13 02:33:43,415 [INFO] Pass: BasisTranslator - 0.84877 (ms)
2026-07-13 02:33:43,416 [INFO] Pass: Depth - 0.17834 (ms)
2026-07-13 02:33:43,416 [INFO] Pass: FixedPoint - 0.00668 (ms)
2026-07-13 02:33:43,416 [INFO] Pass: Size - 0.06151 (ms)
2026-07-13 02:33:43,416 [INFO] Pass: GatesInBasis - 0.90885 (ms)
2026-07-13 02:33:43,416 [INFO] Pass: FixedPoint - 0.00453 (ms)
2026-07-13 02:33:43,416 [INFO] Pass: Depth - 0.18048 (ms)
2026-07-13 02:33:43,416 [INFO] Pass: FixedPoint - 0.00572 (ms)
2026-07-13 02:33:43,416 [INFO] Pass: Size - 0.06175 (ms)
2026-07-13 02:33:43,416 [INFO] Pass: FixedPoint - 0.00453 (ms)
2026-07-13 02:33:43,416 [INFO] Pass: ContainsInstruction - 0.00501 (ms)
2026-07-13 02:33:43,416 [INFO] Pass: Optimize1qGatesDecomposition - 0.78058 (ms)
2026-07-13 02:33:43,417 [INFO] Pass: InverseCancellation - 0.15616 (ms)
2026-07-13 02:33:43,418 [INFO] Total Transpile Time - 64.60404 (ms)
2026-07-13 02:33:43,418 [INFO] Pass: GatesInBasis - 0.90933 (ms)
2026-07-13 02:33:43,418 [INFO] Pass: Depth - 0.17595 (ms)
2026-07-13 02:33:43,418 [INFO] Pass: FixedPoint - 0.00596 (ms)
2026-07-13 02:33:43,418 [INFO] Pass: Size - 0.06056 (ms)
2026-07-13 02:33:43,418 [INFO] Pass: FixedPoint - 0.00453 (ms)
2026-07-13 02:33:43,418 [INFO] Pass: ContainsInstruction - 0.00501 (ms)
2026-07-13 02:33:43,419 [INFO] Total Transpile Time - 64.51821 (ms)
2026-07-13 02:33:43,445 [INFO] Pass: ContainsInstruction - 0.01049 (ms)
2026-07-13 02:33:43,445 [INFO] Pass: InverseCancellation - 0.17309 (ms)
2026-07-13 02:33:43,445 [INFO] Pass: UnitarySynthesis - 0.00525 (ms)
2026-07-13 02:33:43,447 [INFO] Pass: HighLevelSynthesis - 1.57380 (ms)
2026-07-13 02:33:43,448 [INFO] Pass: BasisTranslator - 0.86904 (ms)
2026-07-13 02:33:43,448 [INFO] Pass: Depth - 0.18644 (ms)
2026-07-13 02:33:43,448 [INFO] Pass: FixedPoint - 0.00763 (ms)
2026-07-13 02:33:43,448 [INFO] Pass: Size - 0.06437 (ms)
2026-07-13 02:33:43,448 [INFO] Pass: FixedPoint - 0.00477 (ms)
2026-07-13 02:33:43,449 [INFO] Pass: Optimize1qGatesDecomposition - 0.85568 (ms)
2026-07-13 02:33:43,449 [INFO] Pass: InverseCancellation - 0.00834 (ms)
2026-07-13 02:33:43,450 [INFO] Pass: ContainsInstruction - 0.00787 (ms)
2026-07-13 02:33:43,450 [INFO] Pass: GatesInBasis - 0.91743 (ms)
2026-07-13 02:33:43,450 [INFO] Pass: InverseCancellation - 0.16999 (ms)
2026-07-13 02:33:43,450 [INFO] Pass: UnitarySynthesis - 0.00477 (ms)
2026-07-13 02:33:43,450 [INFO] Pass: Depth - 0.17619 (ms)
2026-07-13 02:33:43,450 [INFO] Pass: FixedPoint - 0.00525 (ms)
2026-07-13 02:33:43,450 [INFO] Pass: Size - 0.06080 (ms)
2026-07-13 02:33:43,450 [INFO] Pass: FixedPoint - 0.00453 (ms)
2026-07-13 02:33:43,451 [INFO] Pass: ContainsInstruction - 0.00787 (ms)
2026-07-13 02:33:43,451 [INFO] Pass: InverseCancellation - 0.17571 (ms)
2026-07-13 02:33:43,451 [INFO] Pass: UnitarySynthesis - 0.00453 (ms)
2026-07-13 02:33:43,451 [INFO] Pass: Optimize1qGatesDecomposition - 0.70024 (ms)
2026-07-13 02:33:43,451 [INFO] Pass: InverseCancellation - 0.00668 (ms)
2026-07-13 02:33:43,452 [INFO] Pass: HighLevelSynthesis - 1.58095 (ms)
2026-07-13 02:33:43,452 [INFO] Pass: GatesInBasis - 0.96154 (ms)
2026-07-13 02:33:43,452 [INFO] Pass: Depth - 0.17262 (ms)
2026-07-13 02:33:43,452 [INFO] Pass: HighLevelSynthesis - 1.58882 (ms)
2026-07-13 02:33:43,452 [INFO] Pass: FixedPoint - 0.00548 (ms)
2026-07-13 02:33:43,453 [INFO] Pass: Size - 0.06032 (ms)
2026-07-13 02:33:43,453 [INFO] Pass: FixedPoint - 0.00429 (ms)
2026-07-13 02:33:43,453 [INFO] Pass: ContainsInstruction - 0.00572 (ms)
2026-07-13 02:33:43,453 [INFO] Pass: BasisTranslator - 0.87023 (ms)
2026-07-13 02:33:43,453 [INFO] Pass: Depth - 0.18954 (ms)
2026-07-13 02:33:43,453 [INFO] Pass: FixedPoint - 0.00715 (ms)
2026-07-13 02:33:43,453 [INFO] Pass: Size - 0.06390 (ms)
2026-07-13 02:33:43,453 [INFO] Pass: FixedPoint - 0.00477 (ms)
2026-07-13 02:33:43,453 [INFO] Pass: ContainsInstruction - 0.00834 (ms)
2026-07-13 02:33:43,453 [INFO] Pass: BasisTranslator - 0.87333 (ms)
2026-07-13 02:33:43,453 [INFO] Pass: ContainsInstruction - 0.00787 (ms)
2026-07-13 02:33:43,454 [INFO] Pass: InverseCancellation - 0.17047 (ms)
2026-07-13 02:33:43,454 [INFO] Pass: UnitarySynthesis - 0.00453 (ms)
2026-07-13 02:33:43,454 [INFO] Pass: Depth - 0.18764 (ms)
2026-07-13 02:33:43,454 [INFO] Pass: FixedPoint - 0.00787 (ms)
2026-07-13 02:33:43,454 [INFO] Pass: InverseCancellation - 0.17095 (ms)
2026-07-13 02:33:43,454 [INFO] Pass: Size - 0.06986 (ms)
2026-07-13 02:33:43,454 [INFO] Pass: UnitarySynthesis - 0.00429 (ms)
2026-07-13 02:33:43,454 [INFO] Pass: FixedPoint - 0.00453 (ms)
2026-07-13 02:33:43,454 [INFO] Total Transpile Time - 66.67542 (ms)
2026-07-13 02:33:43,454 [INFO] Pass: Optimize1qGatesDecomposition - 0.86308 (ms)
2026-07-13 02:33:43,454 [INFO] Pass: InverseCancellation - 0.00763 (ms)
2026-07-13 02:33:43,455 [INFO] Pass: Optimize1qGatesDecomposition - 0.85068 (ms)
2026-07-13 02:33:43,455 [INFO] Pass: ContainsInstruction - 0.00834 (ms)
2026-07-13 02:33:43,455 [INFO] Pass: InverseCancellation - 0.00811 (ms)
2026-07-13 02:33:43,455 [INFO] Pass: InverseCancellation - 0.17214 (ms)
2026-07-13 02:33:43,455 [INFO] Pass: UnitarySynthesis - 0.00453 (ms)
2026-07-13 02:33:43,455 [INFO] Pass: GatesInBasis - 0.98991 (ms)
2026-07-13 02:33:43,455 [INFO] Pass: HighLevelSynthesis - 1.57595 (ms)
2026-07-13 02:33:43,455 [INFO] Pass: HighLevelSynthesis - 1.57261 (ms)
2026-07-13 02:33:43,455 [INFO] Pass: Depth - 0.17810 (ms)
2026-07-13 02:33:43,455 [INFO] Pass: FixedPoint - 0.00620 (ms)
2026-07-13 02:33:43,456 [INFO] Pass: Size - 0.06151 (ms)
2026-07-13 02:33:43,456 [INFO] Pass: FixedPoint - 0.00453 (ms)
2026-07-13 02:33:43,456 [INFO] Pass: GatesInBasis - 0.97680 (ms)
2026-07-13 02:33:43,456 [INFO] Pass: Depth - 0.17834 (ms)
2026-07-13 02:33:43,456 [INFO] Pass: FixedPoint - 0.00644 (ms)
2026-07-13 02:33:43,456 [INFO] Pass: BasisTranslator - 0.86808 (ms)
2026-07-13 02:33:43,456 [INFO] Pass: Size - 0.06080 (ms)
2026-07-13 02:33:43,456 [INFO] Pass: FixedPoint - 0.00453 (ms)
2026-07-13 02:33:43,456 [INFO] Pass: BasisTranslator - 0.87929 (ms)
2026-07-13 02:33:43,456 [INFO] Pass: Optimize1qGatesDecomposition - 0.70882 (ms)
2026-07-13 02:33:43,456 [INFO] Pass: Depth - 0.18907 (ms)
2026-07-13 02:33:43,456 [INFO] Pass: FixedPoint - 0.00715 (ms)
2026-07-13 02:33:43,456 [INFO] Pass: InverseCancellation - 0.00739 (ms)
2026-07-13 02:33:43,457 [INFO] Pass: Size - 0.06342 (ms)
2026-07-13 02:33:43,457 [INFO] Pass: Depth - 0.18930 (ms)
2026-07-13 02:33:43,457 [INFO] Pass: FixedPoint - 0.00453 (ms)
2026-07-13 02:33:43,457 [INFO] Pass: FixedPoint - 0.00691 (ms)
2026-07-13 02:33:43,457 [INFO] Pass: HighLevelSynthesis - 1.58000 (ms)
2026-07-13 02:33:43,457 [INFO] Pass: Size - 0.06390 (ms)
2026-07-13 02:33:43,457 [INFO] Pass: FixedPoint - 0.00453 (ms)
2026-07-13 02:33:43,457 [INFO] Pass: ContainsInstruction - 0.00834 (ms)
2026-07-13 02:33:43,457 [INFO] Pass: Optimize1qGatesDecomposition - 0.71120 (ms)
2026-07-13 02:33:43,457 [INFO] Pass: InverseCancellation - 0.00715 (ms)
2026-07-13 02:33:43,457 [INFO] Pass: InverseCancellation - 0.17357 (ms)
2026-07-13 02:33:43,457 [INFO] Pass: UnitarySynthesis - 0.00501 (ms)
2026-07-13 02:33:43,457 [INFO] Pass: GatesInBasis - 0.88382 (ms)
2026-07-13 02:33:43,457 [INFO] Pass: Optimize1qGatesDecomposition - 0.85664 (ms)
2026-07-13 02:33:43,457 [INFO] Pass: InverseCancellation - 0.00763 (ms)
2026-07-13 02:33:43,458 [INFO] Pass: Depth - 0.17238 (ms)
2026-07-13 02:33:43,458 [INFO] Pass: BasisTranslator - 0.86260 (ms)
2026-07-13 02:33:43,458 [INFO] Pass: FixedPoint - 0.00501 (ms)
2026-07-13 02:33:43,458 [INFO] Pass: Optimize1qGatesDecomposition - 0.85187 (ms)
2026-07-13 02:33:43,458 [INFO] Pass: InverseCancellation - 0.00811 (ms)
2026-07-13 02:33:43,458 [INFO] Pass: Size - 0.06127 (ms)
2026-07-13 02:33:43,458 [INFO] Pass: FixedPoint - 0.00429 (ms)
2026-07-13 02:33:43,458 [INFO] Pass: ContainsInstruction - 0.00525 (ms)
2026-07-13 02:33:43,458 [INFO] Pass: Depth - 0.18978 (ms)
2026-07-13 02:33:43,458 [INFO] Pass: FixedPoint - 0.00763 (ms)
2026-07-13 02:33:43,458 [INFO] Pass: GatesInBasis - 0.88549 (ms)
2026-07-13 02:33:43,458 [INFO] Pass: Size - 0.06461 (ms)
2026-07-13 02:33:43,458 [INFO] Pass: FixedPoint - 0.00501 (ms)
2026-07-13 02:33:43,458 [INFO] Pass: Depth - 0.17333 (ms)
2026-07-13 02:33:43,458 [INFO] Pass: FixedPoint - 0.00525 (ms)
2026-07-13 02:33:43,458 [INFO] Pass: Size - 0.06104 (ms)
2026-07-13 02:33:43,458 [INFO] Pass: FixedPoint - 0.00453 (ms)
2026-07-13 02:33:43,458 [INFO] Pass: ContainsInstruction - 0.00572 (ms)
2026-07-13 02:33:43,459 [INFO] Pass: GatesInBasis - 0.96655 (ms)
2026-07-13 02:33:43,459 [INFO] Pass: GatesInBasis - 0.97466 (ms)
2026-07-13 02:33:43,459 [INFO] Pass: HighLevelSynthesis - 1.61386 (ms)
2026-07-13 02:33:43,459 [INFO] Pass: Depth - 0.17762 (ms)
2026-07-13 02:33:43,459 [INFO] Pass: FixedPoint - 0.00596 (ms)
2026-07-13 02:33:43,459 [INFO] Pass: Optimize1qGatesDecomposition - 0.85831 (ms)
2026-07-13 02:33:43,459 [INFO] Pass: Size - 0.06175 (ms)
2026-07-13 02:33:43,459 [INFO] Pass: FixedPoint - 0.00453 (ms)
2026-07-13 02:33:43,459 [INFO] Pass: InverseCancellation - 0.00787 (ms)
2026-07-13 02:33:43,459 [INFO] Pass: Depth - 0.18001 (ms)
2026-07-13 02:33:43,459 [INFO] Pass: FixedPoint - 0.00620 (ms)
2026-07-13 02:33:43,459 [INFO] Pass: Size - 0.06151 (ms)
2026-07-13 02:33:43,459 [INFO] Pass: FixedPoint - 0.00453 (ms)
2026-07-13 02:33:43,459 [INFO] Total Transpile Time - 66.78438 (ms)
2026-07-13 02:33:43,460 [INFO] Pass: BasisTranslator - 0.86451 (ms)
2026-07-13 02:33:43,460 [INFO] Pass: Optimize1qGatesDecomposition - 0.69499 (ms)
2026-07-13 02:33:43,460 [INFO] Pass: InverseCancellation - 0.00691 (ms)
2026-07-13 02:33:43,460 [INFO] Total Transpile Time - 66.93649 (ms)
2026-07-13 02:33:43,460 [INFO] Pass: Optimize1qGatesDecomposition - 0.71073 (ms)
2026-07-13 02:33:43,460 [INFO] Pass: Depth - 0.19765 (ms)
2026-07-13 02:33:43,460 [INFO] Pass: InverseCancellation - 0.00739 (ms)
2026-07-13 02:33:43,460 [INFO] Pass: ContainsInstruction - 0.00930 (ms)
2026-07-13 02:33:43,460 [INFO] Pass: FixedPoint - 0.00715 (ms)
2026-07-13 02:33:43,460 [INFO] Pass: GatesInBasis - 0.97609 (ms)
2026-07-13 02:33:43,460 [INFO] Pass: Size - 0.06771 (ms)
2026-07-13 02:33:43,460 [INFO] Pass: FixedPoint - 0.00453 (ms)
2026-07-13 02:33:43,460 [INFO] Pass: InverseCancellation - 0.17452 (ms)
2026-07-13 02:33:43,460 [INFO] Pass: Depth - 0.17834 (ms)
2026-07-13 02:33:43,460 [INFO] Pass: UnitarySynthesis - 0.00477 (ms)
2026-07-13 02:33:43,460 [INFO] Pass: FixedPoint - 0.00572 (ms)
2026-07-13 02:33:43,460 [INFO] Pass: Size - 0.06151 (ms)
2026-07-13 02:33:43,460 [INFO] Pass: FixedPoint - 0.00477 (ms)
2026-07-13 02:33:43,461 [INFO] Pass: GatesInBasis - 0.87500 (ms)
2026-07-13 02:33:43,461 [INFO] Pass: GatesInBasis - 0.87428 (ms)
2026-07-13 02:33:43,461 [INFO] Pass: Depth - 0.17571 (ms)
2026-07-13 02:33:43,461 [INFO] Pass: FixedPoint - 0.00525 (ms)
2026-07-13 02:33:43,461 [INFO] Pass: Size - 0.06080 (ms)
2026-07-13 02:33:43,461 [INFO] Pass: Optimize1qGatesDecomposition - 0.86522 (ms)
2026-07-13 02:33:43,461 [INFO] Pass: FixedPoint - 0.00429 (ms)
2026-07-13 02:33:43,461 [INFO] Pass: ContainsInstruction - 0.00501 (ms)
2026-07-13 02:33:43,461 [INFO] Pass: Depth - 0.17238 (ms)
2026-07-13 02:33:43,461 [INFO] Pass: InverseCancellation - 0.00834 (ms)
2026-07-13 02:33:43,461 [INFO] Pass: FixedPoint - 0.00501 (ms)
2026-07-13 02:33:43,461 [INFO] Pass: Optimize1qGatesDecomposition - 0.71287 (ms)
2026-07-13 02:33:43,461 [INFO] Pass: InverseCancellation - 0.00834 (ms)
2026-07-13 02:33:43,461 [INFO] Pass: Size - 0.06080 (ms)
2026-07-13 02:33:43,461 [INFO] Pass: FixedPoint - 0.00429 (ms)
2026-07-13 02:33:43,461 [INFO] Pass: ContainsInstruction - 0.00548 (ms)
2026-07-13 02:33:43,462 [INFO] Pass: HighLevelSynthesis - 1.56379 (ms)
2026-07-13 02:33:43,462 [INFO] Pass: GatesInBasis - 0.97251 (ms)
2026-07-13 02:33:43,462 [INFO] Pass: GatesInBasis - 0.89002 (ms)
2026-07-13 02:33:43,462 [INFO] Pass: ContainsInstruction - 0.00882 (ms)
2026-07-13 02:33:43,462 [INFO] Pass: Depth - 0.17786 (ms)
2026-07-13 02:33:43,462 [INFO] Pass: Depth - 0.17238 (ms)
2026-07-13 02:33:43,462 [INFO] Pass: FixedPoint - 0.00548 (ms)
2026-07-13 02:33:43,462 [INFO] Pass: FixedPoint - 0.00477 (ms)
2026-07-13 02:33:43,462 [INFO] Pass: InverseCancellation - 0.17142 (ms)
2026-07-13 02:33:43,462 [INFO] Pass: UnitarySynthesis - 0.00763 (ms)
2026-07-13 02:33:43,462 [INFO] Pass: Size - 0.06199 (ms)
2026-07-13 02:33:43,462 [INFO] Pass: Size - 0.06056 (ms)
2026-07-13 02:33:43,462 [INFO] Pass: FixedPoint - 0.00453 (ms)
2026-07-13 02:33:43,462 [INFO] Pass: FixedPoint - 0.00453 (ms)
2026-07-13 02:33:43,462 [INFO] Pass: ContainsInstruction - 0.00572 (ms)
2026-07-13 02:33:43,462 [INFO] Total Transpile Time - 66.61296 (ms)
2026-07-13 02:33:43,463 [INFO] Total Transpile Time - 66.65397 (ms)
2026-07-13 02:33:43,463 [INFO] Pass: BasisTranslator - 0.86451 (ms)
2026-07-13 02:33:43,463 [INFO] Pass: Depth - 0.18859 (ms)
2026-07-13 02:33:43,463 [INFO] Pass: FixedPoint - 0.00739 (ms)
2026-07-13 02:33:43,463 [INFO] Pass: Size - 0.06437 (ms)
2026-07-13 02:33:43,463 [INFO] Pass: FixedPoint - 0.00453 (ms)
2026-07-13 02:33:43,463 [INFO] Pass: Optimize1qGatesDecomposition - 0.71144 (ms)
2026-07-13 02:33:43,463 [INFO] Pass: InverseCancellation - 0.00763 (ms)
2026-07-13 02:33:43,464 [INFO] Total Transpile Time - 66.91217 (ms)
2026-07-13 02:33:43,464 [INFO] Pass: Optimize1qGatesDecomposition - 0.86689 (ms)
2026-07-13 02:33:43,464 [INFO] Pass: HighLevelSynthesis - 1.61815 (ms)
2026-07-13 02:33:43,464 [INFO] Pass: InverseCancellation - 0.00787 (ms)
2026-07-13 02:33:43,464 [INFO] Pass: GatesInBasis - 0.87333 (ms)
2026-07-13 02:33:43,464 [INFO] Pass: Depth - 0.17190 (ms)
2026-07-13 02:33:43,464 [INFO] Pass: FixedPoint - 0.00477 (ms)
2026-07-13 02:33:43,464 [INFO] Pass: Size - 0.06104 (ms)
2026-07-13 02:33:43,465 [INFO] Pass: FixedPoint - 0.00453 (ms)
2026-07-13 02:33:43,465 [INFO] Pass: ContainsInstruction - 0.00501 (ms)
2026-07-13 02:33:43,465 [INFO] Pass: BasisTranslator - 0.87929 (ms)
2026-07-13 02:33:43,465 [INFO] Pass: GatesInBasis - 0.88286 (ms)
2026-07-13 02:33:43,465 [INFO] Pass: Depth - 0.19121 (ms)
2026-07-13 02:33:43,465 [INFO] Pass: Depth - 0.17786 (ms)
2026-07-13 02:33:43,465 [INFO] Pass: FixedPoint - 0.00739 (ms)
2026-07-13 02:33:43,465 [INFO] Pass: FixedPoint - 0.00596 (ms)
2026-07-13 02:33:43,465 [INFO] Pass: Size - 0.06390 (ms)
2026-07-13 02:33:43,465 [INFO] Pass: Size - 0.06080 (ms)
2026-07-13 02:33:43,465 [INFO] Pass: FixedPoint - 0.00453 (ms)
2026-07-13 02:33:43,465 [INFO] Pass: FixedPoint - 0.00453 (ms)
2026-07-13 02:33:43,466 [INFO] Pass: ContainsInstruction - 0.00858 (ms)
2026-07-13 02:33:43,466 [INFO] Pass: InverseCancellation - 0.16999 (ms)
2026-07-13 02:33:43,466 [INFO] Pass: UnitarySynthesis - 0.00477 (ms)
2026-07-13 02:33:43,466 [INFO] Total Transpile Time - 66.93602 (ms)
2026-07-13 02:33:43,466 [INFO] Pass: Optimize1qGatesDecomposition - 0.70238 (ms)
2026-07-13 02:33:43,466 [INFO] Pass: InverseCancellation - 0.00739 (ms)
2026-07-13 02:33:43,466 [INFO] Pass: Optimize1qGatesDecomposition - 0.86617 (ms)
2026-07-13 02:33:43,466 [INFO] Pass: InverseCancellation - 0.00834 (ms)
2026-07-13 02:33:43,467 [INFO] Pass: ContainsInstruction - 0.00715 (ms)
2026-07-13 02:33:43,467 [INFO] Pass: InverseCancellation - 0.16952 (ms)
2026-07-13 02:33:43,467 [INFO] Pass: UnitarySynthesis - 0.00453 (ms)
2026-07-13 02:33:43,467 [INFO] Pass: GatesInBasis - 0.94271 (ms)
2026-07-13 02:33:43,467 [INFO] Pass: GatesInBasis - 0.97799 (ms)
2026-07-13 02:33:43,467 [INFO] Pass: Depth - 0.17571 (ms)
2026-07-13 02:33:43,467 [INFO] Pass: FixedPoint - 0.00525 (ms)
2026-07-13 02:33:43,468 [INFO] Pass: Size - 0.06127 (ms)
2026-07-13 02:33:43,468 [INFO] Pass: FixedPoint - 0.00453 (ms)
2026-07-13 02:33:43,468 [INFO] Pass: ContainsInstruction - 0.00548 (ms)
2026-07-13 02:33:43,468 [INFO] Pass: Depth - 0.17905 (ms)
2026-07-13 02:33:43,468 [INFO] Pass: FixedPoint - 0.00596 (ms)
2026-07-13 02:33:43,468 [INFO] Pass: HighLevelSynthesis - 1.57595 (ms)
2026-07-13 02:33:43,468 [INFO] Pass: Size - 0.06557 (ms)
2026-07-13 02:33:43,468 [INFO] Pass: FixedPoint - 0.00453 (ms)
2026-07-13 02:33:43,469 [INFO] Pass: Optimize1qGatesDecomposition - 0.74673 (ms)
2026-07-13 02:33:43,469 [INFO] Pass: BasisTranslator - 0.89097 (ms)
2026-07-13 02:33:43,469 [INFO] Pass: InverseCancellation - 0.00811 (ms)
2026-07-13 02:33:43,469 [INFO] Pass: HighLevelSynthesis - 1.57380 (ms)
2026-07-13 02:33:43,469 [INFO] Pass: Depth - 0.19479 (ms)
2026-07-13 02:33:43,469 [INFO] Pass: FixedPoint - 0.00787 (ms)
2026-07-13 02:33:43,469 [INFO] Pass: Size - 0.06390 (ms)
2026-07-13 02:33:43,469 [INFO] Pass: FixedPoint - 0.00453 (ms)
2026-07-13 02:33:43,469 [INFO] Total Transpile Time - 66.87641 (ms)
2026-07-13 02:33:43,470 [INFO] Pass: GatesInBasis - 0.88644 (ms)
2026-07-13 02:33:43,470 [INFO] Pass: BasisTranslator - 0.87118 (ms)
2026-07-13 02:33:43,470 [INFO] Pass: Depth - 0.17953 (ms)
2026-07-13 02:33:43,470 [INFO] Pass: Depth - 0.18859 (ms)
2026-07-13 02:33:43,470 [INFO] Pass: FixedPoint - 0.00572 (ms)
2026-07-13 02:33:43,470 [INFO] Pass: FixedPoint - 0.00715 (ms)
2026-07-13 02:33:43,470 [INFO] Pass: Size - 0.06104 (ms)
2026-07-13 02:33:43,470 [INFO] Pass: Size - 0.06342 (ms)
2026-07-13 02:33:43,470 [INFO] Pass: FixedPoint - 0.00477 (ms)
2026-07-13 02:33:43,470 [INFO] Pass: Optimize1qGatesDecomposition - 0.87214 (ms)
2026-07-13 02:33:43,470 [INFO] Pass: FixedPoint - 0.00453 (ms)
2026-07-13 02:33:43,470 [INFO] Pass: ContainsInstruction - 0.00620 (ms)
2026-07-13 02:33:43,470 [INFO] Pass: InverseCancellation - 0.00811 (ms)
2026-07-13 02:33:43,471 [INFO] Pass: Optimize1qGatesDecomposition - 0.85020 (ms)
2026-07-13 02:33:43,471 [INFO] Pass: InverseCancellation - 0.00858 (ms)
2026-07-13 02:33:43,471 [INFO] Pass: GatesInBasis - 0.97060 (ms)
2026-07-13 02:33:43,471 [INFO] Pass: Depth - 0.17738 (ms)
2026-07-13 02:33:43,471 [INFO] Pass: FixedPoint - 0.00620 (ms)
2026-07-13 02:33:43,471 [INFO] Pass: Size - 0.06270 (ms)
2026-07-13 02:33:43,471 [INFO] Pass: FixedPoint - 0.00453 (ms)
2026-07-13 02:33:43,471 [INFO] Total Transpile Time - 67.09504 (ms)
2026-07-13 02:33:43,472 [INFO] Pass: GatesInBasis - 0.96607 (ms)
2026-07-13 02:33:43,472 [INFO] Pass: Depth - 0.17881 (ms)
2026-07-13 02:33:43,472 [INFO] Pass: Optimize1qGatesDecomposition - 0.71859 (ms)
2026-07-13 02:33:43,472 [INFO] Pass: FixedPoint - 0.00596 (ms)
2026-07-13 02:33:43,472 [INFO] Pass: InverseCancellation - 0.00763 (ms)
2026-07-13 02:33:43,472 [INFO] Pass: Size - 0.06151 (ms)
2026-07-13 02:33:43,472 [INFO] Pass: FixedPoint - 0.00453 (ms)
2026-07-13 02:33:43,473 [INFO] Pass: Optimize1qGatesDecomposition - 0.70953 (ms)
2026-07-13 02:33:43,473 [INFO] Pass: InverseCancellation - 0.00763 (ms)
2026-07-13 02:33:43,473 [INFO] Pass: GatesInBasis - 0.88406 (ms)
2026-07-13 02:33:43,473 [INFO] Pass: Depth - 0.17190 (ms)
2026-07-13 02:33:43,473 [INFO] Pass: FixedPoint - 0.00501 (ms)
2026-07-13 02:33:43,473 [INFO] Pass: Size - 0.06080 (ms)
2026-07-13 02:33:43,474 [INFO] Pass: FixedPoint - 0.00429 (ms)
2026-07-13 02:33:43,474 [INFO] Pass: ContainsInstruction - 0.00525 (ms)
2026-07-13 02:33:43,474 [INFO] Pass: ContainsInstruction - 0.00978 (ms)
2026-07-13 02:33:43,474 [INFO] Pass: GatesInBasis - 0.87404 (ms)
2026-07-13 02:33:43,474 [INFO] Pass: InverseCancellation - 0.19932 (ms)
2026-07-13 02:33:43,474 [INFO] Pass: Depth - 0.17262 (ms)
2026-07-13 02:33:43,474 [INFO] Pass: FixedPoint - 0.00501 (ms)
2026-07-13 02:33:43,474 [INFO] Pass: UnitarySynthesis - 0.01240 (ms)
2026-07-13 02:33:43,474 [INFO] Pass: Size - 0.06056 (ms)
2026-07-13 02:33:43,474 [INFO] Pass: FixedPoint - 0.00429 (ms)
2026-07-13 02:33:43,474 [INFO] Pass: ContainsInstruction - 0.00548 (ms)
2026-07-13 02:33:43,475 [INFO] Total Transpile Time - 67.07573 (ms)
2026-07-13 02:33:43,476 [INFO] Total Transpile Time - 66.57839 (ms)
2026-07-13 02:33:43,476 [INFO] Pass: ContainsInstruction - 0.00954 (ms)
2026-07-13 02:33:43,476 [INFO] Pass: HighLevelSynthesis - 1.75500 (ms)
2026-07-13 02:33:43,476 [INFO] Pass: InverseCancellation - 0.17238 (ms)
2026-07-13 02:33:43,476 [INFO] Pass: UnitarySynthesis - 0.00477 (ms)
2026-07-13 02:33:43,477 [INFO] Pass: BasisTranslator - 0.95725 (ms)
2026-07-13 02:33:43,477 [INFO] Pass: ContainsInstruction - 0.00715 (ms)
2026-07-13 02:33:43,477 [INFO] Pass: InverseCancellation - 0.16952 (ms)
2026-07-13 02:33:43,477 [INFO] Pass: Depth - 0.21100 (ms)
2026-07-13 02:33:43,477 [INFO] Pass: UnitarySynthesis - 0.00477 (ms)
2026-07-13 02:33:43,477 [INFO] Pass: FixedPoint - 0.00811 (ms)
2026-07-13 02:33:43,478 [INFO] Pass: Size - 0.07391 (ms)
2026-07-13 02:33:43,478 [INFO] Pass: FixedPoint - 0.00501 (ms)
2026-07-13 02:33:43,478 [INFO] Pass: HighLevelSynthesis - 1.60527 (ms)
2026-07-13 02:33:43,479 [INFO] Pass: Optimize1qGatesDecomposition - 0.99921 (ms)
2026-07-13 02:33:43,479 [INFO] Pass: InverseCancellation - 0.00930 (ms)
2026-07-13 02:33:43,479 [INFO] Pass: BasisTranslator - 0.87571 (ms)
2026-07-13 02:33:43,479 [INFO] Pass: HighLevelSynthesis - 1.58572 (ms)
2026-07-13 02:33:43,479 [INFO] Pass: Depth - 0.18382 (ms)
2026-07-13 02:33:43,479 [INFO] Pass: FixedPoint - 0.00715 (ms)
2026-07-13 02:33:43,479 [INFO] Pass: Size - 0.06390 (ms)
2026-07-13 02:33:43,479 [INFO] Pass: FixedPoint - 0.00453 (ms)
2026-07-13 02:33:43,480 [INFO] Pass: GatesInBasis - 1.06835 (ms)
2026-07-13 02:33:43,480 [INFO] Pass: BasisTranslator - 0.88000 (ms)
2026-07-13 02:33:43,480 [INFO] Pass: Depth - 0.21052 (ms)
2026-07-13 02:33:43,480 [INFO] Pass: FixedPoint - 0.00620 (ms)
2026-07-13 02:33:43,480 [INFO] Pass: Optimize1qGatesDecomposition - 0.85878 (ms)
2026-07-13 02:33:43,480 [INFO] Pass: Depth - 0.18334 (ms)
2026-07-13 02:33:43,480 [INFO] Pass: FixedPoint - 0.00691 (ms)
2026-07-13 02:33:43,480 [INFO] Pass: InverseCancellation - 0.00763 (ms)
2026-07-13 02:33:43,480 [INFO] Pass: Size - 0.06747 (ms)
2026-07-13 02:33:43,480 [INFO] Pass: FixedPoint - 0.00501 (ms)
2026-07-13 02:33:43,480 [INFO] Pass: Size - 0.06318 (ms)
2026-07-13 02:33:43,480 [INFO] Pass: FixedPoint - 0.00477 (ms)
2026-07-13 02:33:43,481 [INFO] Pass: Optimize1qGatesDecomposition - 0.79012 (ms)
2026-07-13 02:33:43,481 [INFO] Pass: GatesInBasis - 0.88239 (ms)
2026-07-13 02:33:43,481 [INFO] Pass: InverseCancellation - 0.00811 (ms)
2026-07-13 02:33:43,481 [INFO] Pass: Optimize1qGatesDecomposition - 0.84734 (ms)
2026-07-13 02:33:43,481 [INFO] Pass: InverseCancellation - 0.00763 (ms)
2026-07-13 02:33:43,481 [INFO] Pass: Depth - 0.17667 (ms)
2026-07-13 02:33:43,481 [INFO] Pass: FixedPoint - 0.00525 (ms)
2026-07-13 02:33:43,482 [INFO] Pass: Size - 0.06104 (ms)
2026-07-13 02:33:43,482 [INFO] Pass: FixedPoint - 0.00453 (ms)
2026-07-13 02:33:43,482 [INFO] Pass: GatesInBasis - 0.95582 (ms)
2026-07-13 02:33:43,482 [INFO] Pass: Optimize1qGatesDecomposition - 0.70071 (ms)
2026-07-13 02:33:43,482 [INFO] Pass: GatesInBasis - 0.96774 (ms)
2026-07-13 02:33:43,482 [INFO] Pass: InverseCancellation - 0.00668 (ms)
2026-07-13 02:33:43,482 [INFO] Pass: Depth - 0.18811 (ms)
2026-07-13 02:33:43,482 [INFO] Pass: FixedPoint - 0.00596 (ms)
2026-07-13 02:33:43,483 [INFO] Pass: Depth - 0.17667 (ms)
2026-07-13 02:33:43,483 [INFO] Pass: Size - 0.07081 (ms)
2026-07-13 02:33:43,483 [INFO] Pass: FixedPoint - 0.00572 (ms)
2026-07-13 02:33:43,483 [INFO] Pass: FixedPoint - 0.00477 (ms)
2026-07-13 02:33:43,483 [INFO] Pass: ContainsInstruction - 0.00644 (ms)
2026-07-13 02:33:43,483 [INFO] Pass: Size - 0.06080 (ms)
2026-07-13 02:33:43,483 [INFO] Pass: FixedPoint - 0.00453 (ms)
2026-07-13 02:33:43,483 [INFO] Pass: GatesInBasis - 0.94366 (ms)
2026-07-13 02:33:43,483 [INFO] Pass: Optimize1qGatesDecomposition - 0.69833 (ms)
2026-07-13 02:33:43,484 [INFO] Pass: InverseCancellation - 0.00739 (ms)
2026-07-13 02:33:43,484 [INFO] Pass: Depth - 0.17667 (ms)
2026-07-13 02:33:43,484 [INFO] Pass: FixedPoint - 0.00548 (ms)
2026-07-13 02:33:43,484 [INFO] Pass: Size - 0.06056 (ms)
2026-07-13 02:33:43,484 [INFO] Pass: FixedPoint - 0.01001 (ms)
2026-07-13 02:33:43,484 [INFO] Pass: ContainsInstruction - 0.00572 (ms)
2026-07-13 02:33:43,484 [INFO] Total Transpile Time - 68.98141 (ms)
2026-07-13 02:33:43,484 [INFO] Pass: GatesInBasis - 0.88692 (ms)
2026-07-13 02:33:43,485 [INFO] Pass: Depth - 0.17285 (ms)
2026-07-13 02:33:43,485 [INFO] Pass: FixedPoint - 0.00501 (ms)
2026-07-13 02:33:43,485 [INFO] Pass: Size - 0.06127 (ms)
2026-07-13 02:33:43,485 [INFO] Pass: FixedPoint - 0.00429 (ms)
2026-07-13 02:33:43,485 [INFO] Pass: ContainsInstruction - 0.00548 (ms)
2026-07-13 02:33:43,485 [INFO] Total Transpile Time - 67.58404 (ms)
2026-07-13 02:33:43,486 [INFO] Total Transpile Time - 66.72454 (ms)
2026-07-13 02:33:44,091 [INFO] [PCE] Aer metadata (1a ejecucion de este proceso): device=CPU method=statevector shots=8192 fusion_enabled=True
2026-07-13 02:33:44,093 [INFO] [PCE] Aer metadata (1a ejecucion de este proceso): device=CPU method=statevector shots=8192 fusion_enabled=True
2026-07-13 02:33:44,095 [INFO] [PCE] Aer metadata (1a ejecucion de este proceso): device=CPU method=statevector shots=8192 fusion_enabled=True
2026-07-13 02:33:44,098 [INFO] [PCE] Aer metadata (1a ejecucion de este proceso): device=CPU method=statevector shots=8192 fusion_enabled=True
2026-07-13 02:33:44,100 [INFO] [PCE] Aer metadata (1a ejecucion de este proceso): device=CPU method=statevector shots=8192 fusion_enabled=True
2026-07-13 02:33:44,102 [INFO] [PCE] Aer metadata (1a ejecucion de este proceso): device=CPU method=statevector shots=8192 fusion_enabled=True
2026-07-13 02:33:44,105 [INFO] [PCE] Aer metadata (1a ejecucion de este proceso): device=CPU method=statevector shots=8192 fusion_enabled=True
2026-07-13 02:33:44,107 [INFO] [PCE] Aer metadata (1a ejecucion de este proceso): device=CPU method=statevector shots=8192 fusion_enabled=True
2026-07-13 02:33:44,109 [INFO] [PCE] Aer metadata (1a ejecucion de este proceso): device=CPU method=statevector shots=8192 fusion_enabled=True
2026-07-13 02:33:44,112 [INFO] [PCE] Aer metadata (1a ejecucion de este proceso): device=CPU method=statevector shots=8192 fusion_enabled=True
2026-07-13 02:33:44,114 [INFO] [PCE] Aer metadata (1a ejecucion de este proceso): device=CPU method=statevector shots=8192 fusion_enabled=True
2026-07-13 02:33:44,116 [INFO] [PCE] Aer metadata (1a ejecucion de este proceso): device=CPU method=statevector shots=8192 fusion_enabled=True
2026-07-13 02:33:44,119 [INFO] [PCE] Aer metadata (1a ejecucion de este proceso): device=CPU method=statevector shots=8192 fusion_enabled=True
2026-07-13 02:33:44,121 [INFO] [PCE] Aer metadata (1a ejecucion de este proceso): device=CPU method=statevector shots=8192 fusion_enabled=True
2026-07-13 10:53:30,438 [INFO] [PCE] n=250 instancia (idx=75) 1/14 completada (paralelo) - transcurrido=0:08:19:47
2026-07-13 10:53:57,752 [INFO] [PCE] n=250 instancia (idx=61) 2/14 completada (paralelo) - transcurrido=0:08:20:15
2026-07-13 10:54:41,312 [INFO] [PCE] n=250 instancia (idx=89) 3/14 completada (paralelo) - transcurrido=0:08:20:58
2026-07-13 10:54:47,138 [INFO] [PCE] n=250 instancia (idx=96) 4/14 completada (paralelo) - transcurrido=0:08:21:04
2026-07-13 10:56:13,836 [INFO] [PCE] n=250 instancia (idx=19) 5/14 completada (paralelo) - transcurrido=0:08:22:31
2026-07-13 11:10:48,577 [INFO] [PCE] n=250 instancia (idx=82) 6/14 completada (paralelo) - transcurrido=0:08:37:05
2026-07-13 11:14:28,114 [INFO] [PCE] n=250 instancia (idx=33) 7/14 completada (paralelo) - transcurrido=0:08:40:45
2026-07-13 11:14:30,762 [INFO] [PCE] n=250 instancia (idx=68) 8/14 completada (paralelo) - transcurrido=0:08:40:48
2026-07-13 11:15:58,097 [INFO] [PCE] n=250 instancia (idx=54) 9/14 completada (paralelo) - transcurrido=0:08:42:15
2026-07-13 11:16:31,952 [INFO] [PCE] n=250 instancia (idx=26) 10/14 completada (paralelo) - transcurrido=0:08:42:49
2026-07-13 11:19:04,464 [INFO] [PCE] n=250 instancia (idx=47) 11/14 completada (paralelo) - transcurrido=0:08:45:21
2026-07-13 11:21:17,577 [INFO] [PCE] n=250 instancia (idx=12) 12/14 completada (paralelo) - transcurrido=0:08:47:34
2026-07-13 11:21:37,758 [INFO] [PCE] n=250 instancia (idx=40) 13/14 completada (paralelo) - transcurrido=0:08:47:55
2026-07-13 11:21:39,296 [INFO] [PCE] n=250 instancia (idx=5) 14/14 completada (paralelo) - transcurrido=0:08:47:56
2026-07-13 11:21:39,432 [INFO] [PCE] n=250 chunk 6/7 completado - beta_parcial=0.2200 duration=0:08:47:56 shots=8192 backend=AER
