gcc/system unloaded
gcccore/system unloaded
cesga/2022 unloaded
rust/1.75.0 unloaded
imkl/2022.0.1 unloaded
numpy/1.26.4 unloaded
scipy/1.13.1 unloaded
flint/2.8.4 unloaded
symengine/0.11.1 unloaded
symengine-python/0.11.0 unloaded
spdlog/1.9.2 unloaded
pylatexenc/2.10 unloaded
qiskit/1.2.4-aer-gpu-cu11 unloaded
        Preparing the environment for use of the CESGA 2022 software stack.
        Please rebuild modules cache: module --ignore-cache avail
     
cesga/2022 loaded
rust/1.75.0 loaded

imkl/2023.2.0 loaded
numpy/1.26.4 loaded
scipy/1.13.1 loaded
imkl/2023.2.0 unloaded

imkl/2022.0.1 loaded
flint/2.8.4 loaded
symengine/0.11.1 loaded
symengine-python/0.11.0 loaded
spdlog/1.9.2 loaded
pylatexenc/2.10 loaded
gcccore/system loaded
gcc/system loaded
qiskit/1.2.4-aer-gpu-cu11 loaded
2026-07-12 22:02:42,174 [INFO] [PCE] n=200 chunk 3/7: 14 instancias [2, 9, 16, 23, 30, 37, 44, 51, 58, 65, 72, 79, 86, 93], num_workers=14, qubits=9
2026-07-12 22:02:42,174 [INFO] [PCE] n=200 paralelizando 14 instancias entre 14 workers (max_parallel_threads=1 fijo, independiente de num_workers)
2026-07-12 22:02:42,309 [INFO] Pass: ContainsInstruction - 0.01287 (ms)
2026-07-12 22:02:42,309 [INFO] Pass: InverseCancellation - 0.01669 (ms)
2026-07-12 22:02:42,309 [INFO] Pass: UnitarySynthesis - 0.00572 (ms)
2026-07-12 22:02:42,311 [INFO] Pass: HighLevelSynthesis - 1.51825 (ms)
2026-07-12 22:02:42,312 [INFO] Pass: BasisTranslator - 0.76365 (ms)
2026-07-12 22:02:42,312 [INFO] Pass: Depth - 0.19431 (ms)
2026-07-12 22:02:42,312 [INFO] Pass: FixedPoint - 0.01884 (ms)
2026-07-12 22:02:42,312 [INFO] Pass: Size - 0.05746 (ms)
2026-07-12 22:02:42,312 [INFO] Pass: FixedPoint - 0.00429 (ms)
2026-07-12 22:02:42,312 [INFO] Pass: Optimize1qGatesDecomposition - 0.14544 (ms)
2026-07-12 22:02:42,312 [INFO] Pass: InverseCancellation - 0.00834 (ms)
2026-07-12 22:02:42,313 [INFO] Pass: GatesInBasis - 0.76699 (ms)
2026-07-12 22:02:42,313 [INFO] Pass: Depth - 0.15092 (ms)
2026-07-12 22:02:42,313 [INFO] Pass: FixedPoint - 0.00525 (ms)
2026-07-12 22:02:42,314 [INFO] Pass: Size - 0.05388 (ms)
2026-07-12 22:02:42,314 [INFO] Pass: FixedPoint - 0.00453 (ms)
2026-07-12 22:02:42,314 [INFO] Pass: ContainsInstruction - 0.00525 (ms)
2026-07-12 22:02:42,314 [INFO] Pass: ContainsInstruction - 0.01240 (ms)
2026-07-12 22:02:42,314 [INFO] Pass: ContainsInstruction - 0.01431 (ms)
2026-07-12 22:02:42,314 [INFO] Pass: InverseCancellation - 0.01717 (ms)
2026-07-12 22:02:42,314 [INFO] Pass: InverseCancellation - 0.01550 (ms)
2026-07-12 22:02:42,314 [INFO] Pass: UnitarySynthesis - 0.00572 (ms)
2026-07-12 22:02:42,314 [INFO] Pass: UnitarySynthesis - 0.00572 (ms)
2026-07-12 22:02:42,315 [INFO] Total Transpile Time - 85.40988 (ms)
2026-07-12 22:02:42,316 [INFO] Pass: HighLevelSynthesis - 1.52016 (ms)
2026-07-12 22:02:42,316 [INFO] Pass: HighLevelSynthesis - 1.51587 (ms)
2026-07-12 22:02:42,317 [INFO] Pass: ContainsInstruction - 0.01264 (ms)
2026-07-12 22:02:42,317 [INFO] Pass: BasisTranslator - 0.76771 (ms)
2026-07-12 22:02:42,317 [INFO] Pass: BasisTranslator - 0.77868 (ms)
2026-07-12 22:02:42,317 [INFO] Pass: ContainsInstruction - 0.01311 (ms)
2026-07-12 22:02:42,317 [INFO] Pass: InverseCancellation - 0.01621 (ms)
2026-07-12 22:02:42,317 [INFO] Pass: UnitarySynthesis - 0.00501 (ms)
2026-07-12 22:02:42,317 [INFO] Pass: InverseCancellation - 0.01740 (ms)
2026-07-12 22:02:42,317 [INFO] Pass: UnitarySynthesis - 0.00620 (ms)
2026-07-12 22:02:42,317 [INFO] Pass: Depth - 0.19360 (ms)
2026-07-12 22:02:42,317 [INFO] Pass: Depth - 0.19693 (ms)
2026-07-12 22:02:42,317 [INFO] Pass: FixedPoint - 0.01168 (ms)
2026-07-12 22:02:42,317 [INFO] Pass: FixedPoint - 0.01240 (ms)
2026-07-12 22:02:42,317 [INFO] Pass: Size - 0.06223 (ms)
2026-07-12 22:02:42,317 [INFO] Pass: FixedPoint - 0.00453 (ms)
2026-07-12 22:02:42,317 [INFO] Pass: Size - 0.05960 (ms)
2026-07-12 22:02:42,317 [INFO] Pass: FixedPoint - 0.00477 (ms)
2026-07-12 22:02:42,317 [INFO] Pass: Optimize1qGatesDecomposition - 0.14496 (ms)
2026-07-12 22:02:42,317 [INFO] Pass: Optimize1qGatesDecomposition - 0.15283 (ms)
2026-07-12 22:02:42,317 [INFO] Pass: InverseCancellation - 0.00811 (ms)
2026-07-12 22:02:42,317 [INFO] Pass: InverseCancellation - 0.00930 (ms)
2026-07-12 22:02:42,318 [INFO] Pass: GatesInBasis - 0.77558 (ms)
2026-07-12 22:02:42,318 [INFO] Pass: GatesInBasis - 0.77605 (ms)
2026-07-12 22:02:42,318 [INFO] Pass: HighLevelSynthesis - 1.48654 (ms)
2026-07-12 22:02:42,318 [INFO] Pass: Depth - 0.15450 (ms)
2026-07-12 22:02:42,318 [INFO] Pass: Depth - 0.15450 (ms)
2026-07-12 22:02:42,318 [INFO] Pass: FixedPoint - 0.00525 (ms)
2026-07-12 22:02:42,318 [INFO] Pass: HighLevelSynthesis - 1.53494 (ms)
2026-07-12 22:02:42,318 [INFO] Pass: FixedPoint - 0.00525 (ms)
2026-07-12 22:02:42,318 [INFO] Pass: Size - 0.05817 (ms)
2026-07-12 22:02:42,318 [INFO] Pass: Size - 0.05484 (ms)
2026-07-12 22:02:42,318 [INFO] Pass: FixedPoint - 0.00429 (ms)
2026-07-12 22:02:42,319 [INFO] Pass: FixedPoint - 0.00405 (ms)
2026-07-12 22:02:42,319 [INFO] Pass: ContainsInstruction - 0.00548 (ms)
2026-07-12 22:02:42,319 [INFO] Pass: ContainsInstruction - 0.00525 (ms)
2026-07-12 22:02:42,319 [INFO] Pass: BasisTranslator - 0.75769 (ms)
2026-07-12 22:02:42,319 [INFO] Pass: BasisTranslator - 0.77224 (ms)
2026-07-12 22:02:42,319 [INFO] Pass: Depth - 0.18668 (ms)
2026-07-12 22:02:42,319 [INFO] Pass: FixedPoint - 0.01287 (ms)
2026-07-12 22:02:42,319 [INFO] Pass: Size - 0.05984 (ms)
2026-07-12 22:02:42,319 [INFO] Pass: Depth - 0.18930 (ms)
2026-07-12 22:02:42,319 [INFO] Pass: FixedPoint - 0.00429 (ms)
2026-07-12 22:02:42,320 [INFO] Pass: FixedPoint - 0.01311 (ms)
2026-07-12 22:02:42,320 [INFO] Pass: Size - 0.05746 (ms)
2026-07-12 22:02:42,320 [INFO] Pass: ContainsInstruction - 0.01264 (ms)
2026-07-12 22:02:42,320 [INFO] Pass: FixedPoint - 0.00453 (ms)
2026-07-12 22:02:42,320 [INFO] Pass: Optimize1qGatesDecomposition - 0.14305 (ms)
2026-07-12 22:02:42,320 [INFO] Pass: InverseCancellation - 0.00834 (ms)
2026-07-12 22:02:42,320 [INFO] Pass: InverseCancellation - 0.01931 (ms)
2026-07-12 22:02:42,320 [INFO] Pass: UnitarySynthesis - 0.00525 (ms)
2026-07-12 22:02:42,320 [INFO] Pass: Optimize1qGatesDecomposition - 0.14043 (ms)
2026-07-12 22:02:42,320 [INFO] Pass: InverseCancellation - 0.00858 (ms)
2026-07-12 22:02:42,320 [INFO] Total Transpile Time - 85.35266 (ms)
2026-07-12 22:02:42,320 [INFO] Total Transpile Time - 85.35719 (ms)
2026-07-12 22:02:42,321 [INFO] Pass: GatesInBasis - 0.82684 (ms)
2026-07-12 22:02:42,321 [INFO] Pass: GatesInBasis - 0.77176 (ms)
2026-07-12 22:02:42,321 [INFO] Pass: Depth - 0.15235 (ms)
2026-07-12 22:02:42,321 [INFO] Pass: FixedPoint - 0.00548 (ms)
2026-07-12 22:02:42,321 [INFO] Pass: Depth - 0.15068 (ms)
2026-07-12 22:02:42,321 [INFO] Pass: FixedPoint - 0.00477 (ms)
2026-07-12 22:02:42,321 [INFO] Pass: Size - 0.05531 (ms)
2026-07-12 22:02:42,321 [INFO] Pass: FixedPoint - 0.00405 (ms)
2026-07-12 22:02:42,321 [INFO] Pass: ContainsInstruction - 0.00548 (ms)
2026-07-12 22:02:42,321 [INFO] Pass: Size - 0.05913 (ms)
2026-07-12 22:02:42,321 [INFO] Pass: FixedPoint - 0.00405 (ms)
2026-07-12 22:02:42,321 [INFO] Pass: ContainsInstruction - 0.00548 (ms)
2026-07-12 22:02:42,321 [INFO] Pass: HighLevelSynthesis - 1.52826 (ms)
2026-07-12 22:02:42,321 [INFO] Pass: ContainsInstruction - 0.01287 (ms)
2026-07-12 22:02:42,321 [INFO] Pass: InverseCancellation - 0.01717 (ms)
2026-07-12 22:02:42,322 [INFO] Pass: UnitarySynthesis - 0.00525 (ms)
2026-07-12 22:02:42,322 [INFO] Pass: BasisTranslator - 0.81301 (ms)
2026-07-12 22:02:42,322 [INFO] Total Transpile Time - 84.62811 (ms)
2026-07-12 22:02:42,322 [INFO] Total Transpile Time - 84.36871 (ms)
2026-07-12 22:02:42,322 [INFO] Pass: Depth - 0.19121 (ms)
2026-07-12 22:02:42,323 [INFO] Pass: FixedPoint - 0.01359 (ms)
2026-07-12 22:02:42,323 [INFO] Pass: Size - 0.05841 (ms)
2026-07-12 22:02:42,323 [INFO] Pass: FixedPoint - 0.00453 (ms)
2026-07-12 22:02:42,323 [INFO] Pass: Optimize1qGatesDecomposition - 0.14257 (ms)
2026-07-12 22:02:42,323 [INFO] Pass: InverseCancellation - 0.00763 (ms)
2026-07-12 22:02:42,323 [INFO] Pass: HighLevelSynthesis - 1.50967 (ms)
2026-07-12 22:02:42,324 [INFO] Pass: GatesInBasis - 0.77248 (ms)
2026-07-12 22:02:42,324 [INFO] Pass: BasisTranslator - 0.75746 (ms)
2026-07-12 22:02:42,324 [INFO] Pass: Depth - 0.15521 (ms)
2026-07-12 22:02:42,324 [INFO] Pass: FixedPoint - 0.00525 (ms)
2026-07-12 22:02:42,324 [INFO] Pass: Size - 0.06151 (ms)
2026-07-12 22:02:42,324 [INFO] Pass: FixedPoint - 0.00405 (ms)
2026-07-12 22:02:42,324 [INFO] Pass: ContainsInstruction - 0.00525 (ms)
2026-07-12 22:02:42,324 [INFO] Pass: Depth - 0.19622 (ms)
2026-07-12 22:02:42,324 [INFO] Pass: FixedPoint - 0.01168 (ms)
2026-07-12 22:02:42,324 [INFO] Pass: Size - 0.05698 (ms)
2026-07-12 22:02:42,324 [INFO] Pass: FixedPoint - 0.00429 (ms)
2026-07-12 22:02:42,325 [INFO] Pass: Optimize1qGatesDecomposition - 0.13876 (ms)
2026-07-12 22:02:42,325 [INFO] Pass: InverseCancellation - 0.00811 (ms)
2026-07-12 22:02:42,325 [INFO] Pass: ContainsInstruction - 0.01264 (ms)
2026-07-12 22:02:42,325 [INFO] Pass: InverseCancellation - 0.01597 (ms)
2026-07-12 22:02:42,325 [INFO] Pass: UnitarySynthesis - 0.00548 (ms)
2026-07-12 22:02:42,325 [INFO] Pass: GatesInBasis - 0.77391 (ms)
2026-07-12 22:02:42,325 [INFO] Total Transpile Time - 84.19394 (ms)
2026-07-12 22:02:42,326 [INFO] Pass: Depth - 0.15044 (ms)
2026-07-12 22:02:42,326 [INFO] Pass: FixedPoint - 0.00501 (ms)
2026-07-12 22:02:42,326 [INFO] Pass: Size - 0.05460 (ms)
2026-07-12 22:02:42,326 [INFO] Pass: FixedPoint - 0.00405 (ms)
2026-07-12 22:02:42,326 [INFO] Pass: ContainsInstruction - 0.00596 (ms)
2026-07-12 22:02:42,326 [INFO] Pass: HighLevelSynthesis - 1.53327 (ms)
2026-07-12 22:02:42,327 [INFO] Total Transpile Time - 83.31227 (ms)
2026-07-12 22:02:42,327 [INFO] Pass: BasisTranslator - 0.75841 (ms)
2026-07-12 22:02:42,328 [INFO] Pass: Depth - 0.19002 (ms)
2026-07-12 22:02:42,328 [INFO] Pass: FixedPoint - 0.01192 (ms)
2026-07-12 22:02:42,328 [INFO] Pass: Size - 0.05817 (ms)
2026-07-12 22:02:42,328 [INFO] Pass: FixedPoint - 0.00453 (ms)
2026-07-12 22:02:42,328 [INFO] Pass: Optimize1qGatesDecomposition - 0.13947 (ms)
2026-07-12 22:02:42,328 [INFO] Pass: InverseCancellation - 0.00787 (ms)
2026-07-12 22:02:42,328 [INFO] Pass: ContainsInstruction - 0.01144 (ms)
2026-07-12 22:02:42,328 [INFO] Pass: InverseCancellation - 0.01574 (ms)
2026-07-12 22:02:42,328 [INFO] Pass: UnitarySynthesis - 0.00525 (ms)
2026-07-12 22:02:42,329 [INFO] Pass: GatesInBasis - 0.76222 (ms)
2026-07-12 22:02:42,329 [INFO] Pass: Depth - 0.15020 (ms)
2026-07-12 22:02:42,329 [INFO] Pass: FixedPoint - 0.00525 (ms)
2026-07-12 22:02:42,329 [INFO] Pass: Size - 0.05484 (ms)
2026-07-12 22:02:42,329 [INFO] Pass: FixedPoint - 0.00429 (ms)
2026-07-12 22:02:42,329 [INFO] Pass: ContainsInstruction - 0.00525 (ms)
2026-07-12 22:02:42,330 [INFO] Pass: HighLevelSynthesis - 1.44315 (ms)
2026-07-12 22:02:42,330 [INFO] Total Transpile Time - 83.28271 (ms)
2026-07-12 22:02:42,331 [INFO] Pass: BasisTranslator - 0.82016 (ms)
2026-07-12 22:02:42,331 [INFO] Pass: Depth - 0.18764 (ms)
2026-07-12 22:02:42,331 [INFO] Pass: FixedPoint - 0.01216 (ms)
2026-07-12 22:02:42,331 [INFO] Pass: Size - 0.05865 (ms)
2026-07-12 22:02:42,331 [INFO] Pass: FixedPoint - 0.00429 (ms)
2026-07-12 22:02:42,331 [INFO] Pass: Optimize1qGatesDecomposition - 0.13757 (ms)
2026-07-12 22:02:42,331 [INFO] Pass: InverseCancellation - 0.00811 (ms)
2026-07-12 22:02:42,332 [INFO] Pass: GatesInBasis - 0.76652 (ms)
2026-07-12 22:02:42,332 [INFO] Pass: Depth - 0.15235 (ms)
2026-07-12 22:02:42,332 [INFO] Pass: FixedPoint - 0.00525 (ms)
2026-07-12 22:02:42,333 [INFO] Pass: Size - 0.05460 (ms)
2026-07-12 22:02:42,333 [INFO] Pass: FixedPoint - 0.00429 (ms)
2026-07-12 22:02:42,333 [INFO] Pass: ContainsInstruction - 0.00501 (ms)
2026-07-12 22:02:42,334 [INFO] Total Transpile Time - 82.87311 (ms)
2026-07-12 22:02:42,334 [INFO] Pass: ContainsInstruction - 0.01144 (ms)
2026-07-12 22:02:42,334 [INFO] Pass: InverseCancellation - 0.01502 (ms)
2026-07-12 22:02:42,334 [INFO] Pass: UnitarySynthesis - 0.00548 (ms)
2026-07-12 22:02:42,335 [INFO] Pass: ContainsInstruction - 0.01192 (ms)
2026-07-12 22:02:42,335 [INFO] Pass: InverseCancellation - 0.01526 (ms)
2026-07-12 22:02:42,335 [INFO] Pass: UnitarySynthesis - 0.00548 (ms)
2026-07-12 22:02:42,336 [INFO] Pass: HighLevelSynthesis - 1.45936 (ms)
2026-07-12 22:02:42,336 [INFO] Pass: HighLevelSynthesis - 1.44601 (ms)
2026-07-12 22:02:42,337 [INFO] Pass: BasisTranslator - 0.81420 (ms)
2026-07-12 22:02:42,337 [INFO] Pass: Depth - 0.19217 (ms)
2026-07-12 22:02:42,337 [INFO] Pass: FixedPoint - 0.01311 (ms)
2026-07-12 22:02:42,337 [INFO] Pass: Size - 0.05770 (ms)
2026-07-12 22:02:42,337 [INFO] Pass: BasisTranslator - 0.75817 (ms)
2026-07-12 22:02:42,337 [INFO] Pass: FixedPoint - 0.00453 (ms)
2026-07-12 22:02:42,337 [INFO] Pass: Optimize1qGatesDecomposition - 0.13828 (ms)
2026-07-12 22:02:42,337 [INFO] Pass: Depth - 0.18692 (ms)
2026-07-12 22:02:42,337 [INFO] Pass: InverseCancellation - 0.00811 (ms)
2026-07-12 22:02:42,337 [INFO] Pass: FixedPoint - 0.01097 (ms)
2026-07-12 22:02:42,338 [INFO] Pass: Size - 0.05651 (ms)
2026-07-12 22:02:42,338 [INFO] Pass: FixedPoint - 0.00477 (ms)
2026-07-12 22:02:42,338 [INFO] Pass: Optimize1qGatesDecomposition - 0.13900 (ms)
2026-07-12 22:02:42,338 [INFO] Pass: InverseCancellation - 0.00787 (ms)
2026-07-12 22:02:42,338 [INFO] Pass: GatesInBasis - 0.77009 (ms)
2026-07-12 22:02:42,338 [INFO] Pass: ContainsInstruction - 0.01383 (ms)
2026-07-12 22:02:42,338 [INFO] Pass: InverseCancellation - 0.01431 (ms)
2026-07-12 22:02:42,338 [INFO] Pass: UnitarySynthesis - 0.00572 (ms)
2026-07-12 22:02:42,338 [INFO] Pass: Depth - 0.15044 (ms)
2026-07-12 22:02:42,338 [INFO] Pass: FixedPoint - 0.00525 (ms)
2026-07-12 22:02:42,339 [INFO] Pass: Size - 0.05460 (ms)
2026-07-12 22:02:42,339 [INFO] Pass: FixedPoint - 0.00405 (ms)
2026-07-12 22:02:42,339 [INFO] Pass: ContainsInstruction - 0.00525 (ms)
2026-07-12 22:02:42,339 [INFO] Pass: GatesInBasis - 0.81038 (ms)
2026-07-12 22:02:42,339 [INFO] Pass: Depth - 0.15163 (ms)
2026-07-12 22:02:42,339 [INFO] Pass: FixedPoint - 0.00525 (ms)
2026-07-12 22:02:42,339 [INFO] Pass: Size - 0.05984 (ms)
2026-07-12 22:02:42,339 [INFO] Pass: FixedPoint - 0.00429 (ms)
2026-07-12 22:02:42,339 [INFO] Pass: ContainsInstruction - 0.00501 (ms)
2026-07-12 22:02:42,340 [INFO] Pass: HighLevelSynthesis - 1.44696 (ms)
2026-07-12 22:02:42,340 [INFO] Total Transpile Time - 85.35624 (ms)
2026-07-12 22:02:42,340 [INFO] Total Transpile Time - 82.40938 (ms)
2026-07-12 22:02:42,341 [INFO] Pass: BasisTranslator - 0.75483 (ms)
2026-07-12 22:02:42,341 [INFO] Pass: Depth - 0.18835 (ms)
2026-07-12 22:02:42,341 [INFO] Pass: FixedPoint - 0.01216 (ms)
2026-07-12 22:02:42,341 [INFO] Pass: Size - 0.05698 (ms)
2026-07-12 22:02:42,341 [INFO] Pass: FixedPoint - 0.00453 (ms)
2026-07-12 22:02:42,341 [INFO] Pass: Optimize1qGatesDecomposition - 0.13709 (ms)
2026-07-12 22:02:42,341 [INFO] Pass: ContainsInstruction - 0.01192 (ms)
2026-07-12 22:02:42,341 [INFO] Pass: InverseCancellation - 0.00834 (ms)
2026-07-12 22:02:42,341 [INFO] Pass: InverseCancellation - 0.01597 (ms)
2026-07-12 22:02:42,342 [INFO] Pass: UnitarySynthesis - 0.00525 (ms)
2026-07-12 22:02:42,342 [INFO] Pass: GatesInBasis - 0.80609 (ms)
2026-07-12 22:02:42,342 [INFO] Pass: Depth - 0.15020 (ms)
2026-07-12 22:02:42,342 [INFO] Pass: FixedPoint - 0.00548 (ms)
2026-07-12 22:02:42,343 [INFO] Pass: Size - 0.05436 (ms)
2026-07-12 22:02:42,343 [INFO] Pass: FixedPoint - 0.00405 (ms)
2026-07-12 22:02:42,343 [INFO] Pass: ContainsInstruction - 0.00501 (ms)
2026-07-12 22:02:42,343 [INFO] Pass: HighLevelSynthesis - 1.45602 (ms)
2026-07-12 22:02:42,344 [INFO] Pass: BasisTranslator - 0.79107 (ms)
2026-07-12 22:02:42,344 [INFO] Total Transpile Time - 82.05724 (ms)
2026-07-12 22:02:42,344 [INFO] Pass: Depth - 0.18859 (ms)
2026-07-12 22:02:42,344 [INFO] Pass: FixedPoint - 0.01121 (ms)
2026-07-12 22:02:42,344 [INFO] Pass: Size - 0.05722 (ms)
2026-07-12 22:02:42,344 [INFO] Pass: FixedPoint - 0.00501 (ms)
2026-07-12 22:02:42,344 [INFO] Pass: Optimize1qGatesDecomposition - 0.13804 (ms)
2026-07-12 22:02:42,345 [INFO] Pass: InverseCancellation - 0.00763 (ms)
2026-07-12 22:02:42,345 [INFO] Pass: GatesInBasis - 0.81038 (ms)
2026-07-12 22:02:42,346 [INFO] Pass: Depth - 0.15092 (ms)
2026-07-12 22:02:42,346 [INFO] Pass: FixedPoint - 0.00477 (ms)
2026-07-12 22:02:42,346 [INFO] Pass: Size - 0.05412 (ms)
2026-07-12 22:02:42,346 [INFO] Pass: FixedPoint - 0.00429 (ms)
2026-07-12 22:02:42,346 [INFO] Pass: ContainsInstruction - 0.00572 (ms)
2026-07-12 22:02:42,347 [INFO] Total Transpile Time - 81.51364 (ms)
2026-07-12 22:02:42,348 [INFO] Pass: ContainsInstruction - 0.01335 (ms)
2026-07-12 22:02:42,348 [INFO] Pass: InverseCancellation - 0.01478 (ms)
2026-07-12 22:02:42,348 [INFO] Pass: UnitarySynthesis - 0.00501 (ms)
2026-07-12 22:02:42,350 [INFO] Pass: HighLevelSynthesis - 1.43385 (ms)
2026-07-12 22:02:42,351 [INFO] Pass: BasisTranslator - 0.80466 (ms)
2026-07-12 22:02:42,351 [INFO] Pass: Depth - 0.19217 (ms)
2026-07-12 22:02:42,351 [INFO] Pass: FixedPoint - 0.01073 (ms)
2026-07-12 22:02:42,351 [INFO] Pass: Size - 0.05770 (ms)
2026-07-12 22:02:42,351 [INFO] Pass: FixedPoint - 0.00429 (ms)
2026-07-12 22:02:42,351 [INFO] Pass: Optimize1qGatesDecomposition - 0.13614 (ms)
2026-07-12 22:02:42,351 [INFO] Pass: InverseCancellation - 0.00715 (ms)
2026-07-12 22:02:42,352 [INFO] Pass: GatesInBasis - 0.76127 (ms)
2026-07-12 22:02:42,352 [INFO] Pass: Depth - 0.15044 (ms)
2026-07-12 22:02:42,353 [INFO] Pass: FixedPoint - 0.00501 (ms)
2026-07-12 22:02:42,353 [INFO] Pass: Size - 0.05460 (ms)
2026-07-12 22:02:42,353 [INFO] Pass: FixedPoint - 0.00405 (ms)
2026-07-12 22:02:42,353 [INFO] Pass: ContainsInstruction - 0.00453 (ms)
2026-07-12 22:02:42,354 [INFO] Total Transpile Time - 83.71687 (ms)
2026-07-12 22:02:42,374 [INFO] Pass: ContainsInstruction - 0.00811 (ms)
2026-07-12 22:02:42,374 [INFO] Pass: InverseCancellation - 0.16880 (ms)
2026-07-12 22:02:42,374 [INFO] Pass: UnitarySynthesis - 0.00453 (ms)
2026-07-12 22:02:42,375 [INFO] Pass: HighLevelSynthesis - 1.38617 (ms)
2026-07-12 22:02:42,376 [INFO] Pass: BasisTranslator - 0.76151 (ms)
2026-07-12 22:02:42,376 [INFO] Pass: Depth - 0.16546 (ms)
2026-07-12 22:02:42,376 [INFO] Pass: FixedPoint - 0.00715 (ms)
2026-07-12 22:02:42,377 [INFO] Pass: Size - 0.05722 (ms)
2026-07-12 22:02:42,377 [INFO] Pass: FixedPoint - 0.00453 (ms)
2026-07-12 22:02:42,377 [INFO] Pass: Optimize1qGatesDecomposition - 0.80323 (ms)
2026-07-12 22:02:42,378 [INFO] Pass: InverseCancellation - 0.14305 (ms)
2026-07-12 22:02:42,378 [INFO] Pass: GatesInBasis - 0.78607 (ms)
2026-07-12 22:02:42,379 [INFO] Pass: ContainsInstruction - 0.00787 (ms)
2026-07-12 22:02:42,379 [INFO] Pass: Depth - 0.15593 (ms)
2026-07-12 22:02:42,379 [INFO] Pass: FixedPoint - 0.00548 (ms)
2026-07-12 22:02:42,379 [INFO] Pass: Size - 0.05627 (ms)
2026-07-12 22:02:42,379 [INFO] Pass: FixedPoint - 0.00429 (ms)
2026-07-12 22:02:42,379 [INFO] Pass: InverseCancellation - 0.16499 (ms)
2026-07-12 22:02:42,379 [INFO] Pass: ContainsInstruction - 0.00525 (ms)
2026-07-12 22:02:42,379 [INFO] Pass: ContainsInstruction - 0.00906 (ms)
2026-07-12 22:02:42,379 [INFO] Pass: UnitarySynthesis - 0.00453 (ms)
2026-07-12 22:02:42,379 [INFO] Pass: InverseCancellation - 0.17047 (ms)
2026-07-12 22:02:42,379 [INFO] Pass: UnitarySynthesis - 0.00477 (ms)
2026-07-12 22:02:42,380 [INFO] Total Transpile Time - 65.13476 (ms)
2026-07-12 22:02:42,380 [INFO] Pass: HighLevelSynthesis - 1.38950 (ms)
2026-07-12 22:02:42,381 [INFO] Pass: HighLevelSynthesis - 1.38593 (ms)
2026-07-12 22:02:42,381 [INFO] Pass: BasisTranslator - 0.76342 (ms)
2026-07-12 22:02:42,381 [INFO] Pass: ContainsInstruction - 0.00811 (ms)
2026-07-12 22:02:42,381 [INFO] Pass: ContainsInstruction - 0.00811 (ms)
2026-07-12 22:02:42,381 [INFO] Pass: Depth - 0.16665 (ms)
2026-07-12 22:02:42,381 [INFO] Pass: FixedPoint - 0.00763 (ms)
2026-07-12 22:02:42,381 [INFO] Pass: BasisTranslator - 0.76318 (ms)
2026-07-12 22:02:42,381 [INFO] Pass: InverseCancellation - 0.16594 (ms)
2026-07-12 22:02:42,381 [INFO] Pass: InverseCancellation - 0.16618 (ms)
2026-07-12 22:02:42,381 [INFO] Pass: UnitarySynthesis - 0.00453 (ms)
2026-07-12 22:02:42,382 [INFO] Pass: Size - 0.05817 (ms)
2026-07-12 22:02:42,382 [INFO] Pass: UnitarySynthesis - 0.00453 (ms)
2026-07-12 22:02:42,382 [INFO] Pass: FixedPoint - 0.00429 (ms)
2026-07-12 22:02:42,382 [INFO] Pass: Depth - 0.16665 (ms)
2026-07-12 22:02:42,382 [INFO] Pass: FixedPoint - 0.00715 (ms)
2026-07-12 22:02:42,382 [INFO] Pass: Size - 0.05722 (ms)
2026-07-12 22:02:42,382 [INFO] Pass: FixedPoint - 0.00477 (ms)
2026-07-12 22:02:42,382 [INFO] Pass: Optimize1qGatesDecomposition - 0.77653 (ms)
2026-07-12 22:02:42,383 [INFO] Pass: InverseCancellation - 0.14257 (ms)
2026-07-12 22:02:42,383 [INFO] Pass: Optimize1qGatesDecomposition - 0.78702 (ms)
2026-07-12 22:02:42,383 [INFO] Pass: InverseCancellation - 0.14281 (ms)
2026-07-12 22:02:42,383 [INFO] Pass: HighLevelSynthesis - 1.40285 (ms)
2026-07-12 22:02:42,383 [INFO] Pass: HighLevelSynthesis - 1.37806 (ms)
2026-07-12 22:02:42,383 [INFO] Pass: GatesInBasis - 0.78487 (ms)
2026-07-12 22:02:42,384 [INFO] Pass: Depth - 0.15831 (ms)
2026-07-12 22:02:42,384 [INFO] Pass: FixedPoint - 0.00572 (ms)
2026-07-12 22:02:42,384 [INFO] Pass: GatesInBasis - 0.79298 (ms)
2026-07-12 22:02:42,384 [INFO] Pass: Size - 0.05627 (ms)
2026-07-12 22:02:42,384 [INFO] Pass: BasisTranslator - 0.77176 (ms)
2026-07-12 22:02:42,384 [INFO] Pass: FixedPoint - 0.00405 (ms)
2026-07-12 22:02:42,384 [INFO] Pass: ContainsInstruction - 0.00548 (ms)
2026-07-12 22:02:42,384 [INFO] Pass: Depth - 0.15688 (ms)
2026-07-12 22:02:42,384 [INFO] Pass: BasisTranslator - 0.89860 (ms)
2026-07-12 22:02:42,384 [INFO] Pass: FixedPoint - 0.00572 (ms)
2026-07-12 22:02:42,384 [INFO] Pass: Depth - 0.16761 (ms)
2026-07-12 22:02:42,384 [INFO] Pass: FixedPoint - 0.00739 (ms)
2026-07-12 22:02:42,384 [INFO] Pass: Size - 0.05960 (ms)
2026-07-12 22:02:42,384 [INFO] Pass: FixedPoint - 0.00429 (ms)
2026-07-12 22:02:42,384 [INFO] Pass: ContainsInstruction - 0.00501 (ms)
2026-07-12 22:02:42,384 [INFO] Pass: Size - 0.05746 (ms)
2026-07-12 22:02:42,384 [INFO] Pass: Depth - 0.17405 (ms)
2026-07-12 22:02:42,384 [INFO] Pass: FixedPoint - 0.00453 (ms)
2026-07-12 22:02:42,384 [INFO] Pass: FixedPoint - 0.00739 (ms)
2026-07-12 22:02:42,384 [INFO] Pass: ContainsInstruction - 0.00834 (ms)
2026-07-12 22:02:42,384 [INFO] Pass: Size - 0.05817 (ms)
2026-07-12 22:02:42,384 [INFO] Pass: FixedPoint - 0.00453 (ms)
2026-07-12 22:02:42,384 [INFO] Pass: InverseCancellation - 0.16642 (ms)
2026-07-12 22:02:42,384 [INFO] Pass: UnitarySynthesis - 0.00525 (ms)
2026-07-12 22:02:42,385 [INFO] Pass: Optimize1qGatesDecomposition - 0.77868 (ms)
2026-07-12 22:02:42,385 [INFO] Total Transpile Time - 65.08017 (ms)
2026-07-12 22:02:42,385 [INFO] Pass: Optimize1qGatesDecomposition - 0.78559 (ms)
2026-07-12 22:02:42,385 [INFO] Pass: InverseCancellation - 0.14544 (ms)
2026-07-12 22:02:42,385 [INFO] Pass: InverseCancellation - 0.14448 (ms)
2026-07-12 22:02:42,385 [INFO] Total Transpile Time - 65.36245 (ms)
2026-07-12 22:02:42,386 [INFO] Pass: ContainsInstruction - 0.00763 (ms)
2026-07-12 22:02:42,386 [INFO] Pass: InverseCancellation - 0.16379 (ms)
2026-07-12 22:02:42,386 [INFO] Pass: UnitarySynthesis - 0.00477 (ms)
2026-07-12 22:02:42,386 [INFO] Pass: HighLevelSynthesis - 1.38712 (ms)
2026-07-12 22:02:42,386 [INFO] Pass: GatesInBasis - 0.79417 (ms)
2026-07-12 22:02:42,386 [INFO] Pass: GatesInBasis - 0.80466 (ms)
2026-07-12 22:02:42,386 [INFO] Pass: Depth - 0.15831 (ms)
2026-07-12 22:02:42,386 [INFO] Pass: FixedPoint - 0.00548 (ms)
2026-07-12 22:02:42,386 [INFO] Pass: Size - 0.05627 (ms)
2026-07-12 22:02:42,386 [INFO] Pass: FixedPoint - 0.00405 (ms)
2026-07-12 22:02:42,386 [INFO] Pass: Depth - 0.15759 (ms)
2026-07-12 22:02:42,386 [INFO] Pass: ContainsInstruction - 0.00525 (ms)
2026-07-12 22:02:42,386 [INFO] Pass: FixedPoint - 0.00525 (ms)
2026-07-12 22:02:42,387 [INFO] Pass: Size - 0.05627 (ms)
2026-07-12 22:02:42,387 [INFO] Pass: FixedPoint - 0.00405 (ms)
2026-07-12 22:02:42,387 [INFO] Pass: ContainsInstruction - 0.00477 (ms)
2026-07-12 22:02:42,387 [INFO] Pass: BasisTranslator - 0.76222 (ms)
2026-07-12 22:02:42,387 [INFO] Pass: Depth - 0.16546 (ms)
2026-07-12 22:02:42,387 [INFO] Pass: FixedPoint - 0.00739 (ms)
2026-07-12 22:02:42,387 [INFO] Pass: Size - 0.06127 (ms)
2026-07-12 22:02:42,387 [INFO] Pass: FixedPoint - 0.00477 (ms)
2026-07-12 22:02:42,387 [INFO] Pass: HighLevelSynthesis - 1.41144 (ms)
2026-07-12 22:02:42,388 [INFO] Total Transpile Time - 65.16743 (ms)
2026-07-12 22:02:42,388 [INFO] Total Transpile Time - 65.39917 (ms)
2026-07-12 22:02:42,388 [INFO] Pass: Optimize1qGatesDecomposition - 0.77677 (ms)
2026-07-12 22:02:42,388 [INFO] Pass: InverseCancellation - 0.14853 (ms)
2026-07-12 22:02:42,388 [INFO] Pass: BasisTranslator - 0.76652 (ms)
2026-07-12 22:02:42,388 [INFO] Pass: Depth - 0.16594 (ms)
2026-07-12 22:02:42,388 [INFO] Pass: FixedPoint - 0.00739 (ms)
2026-07-12 22:02:42,389 [INFO] Pass: Size - 0.05746 (ms)
2026-07-12 22:02:42,389 [INFO] Pass: FixedPoint - 0.00477 (ms)
2026-07-12 22:02:42,389 [INFO] Pass: GatesInBasis - 0.78368 (ms)
2026-07-12 22:02:42,389 [INFO] Pass: Depth - 0.16093 (ms)
2026-07-12 22:02:42,389 [INFO] Pass: ContainsInstruction - 0.00787 (ms)
2026-07-12 22:02:42,389 [INFO] Pass: FixedPoint - 0.00548 (ms)
2026-07-12 22:02:42,389 [INFO] Pass: Size - 0.05651 (ms)
2026-07-12 22:02:42,389 [INFO] Pass: FixedPoint - 0.00429 (ms)
2026-07-12 22:02:42,389 [INFO] Pass: ContainsInstruction - 0.00572 (ms)
2026-07-12 22:02:42,389 [INFO] Pass: Optimize1qGatesDecomposition - 0.77748 (ms)
2026-07-12 22:02:42,389 [INFO] Pass: InverseCancellation - 0.16642 (ms)
2026-07-12 22:02:42,389 [INFO] Pass: UnitarySynthesis - 0.00477 (ms)
2026-07-12 22:02:42,390 [INFO] Pass: InverseCancellation - 0.14472 (ms)
2026-07-12 22:02:42,390 [INFO] Pass: GatesInBasis - 0.79346 (ms)
2026-07-12 22:02:42,391 [INFO] Pass: Depth - 0.15664 (ms)
2026-07-12 22:02:42,391 [INFO] Total Transpile Time - 65.05919 (ms)
2026-07-12 22:02:42,391 [INFO] Pass: FixedPoint - 0.00548 (ms)
2026-07-12 22:02:42,391 [INFO] Pass: Size - 0.05627 (ms)
2026-07-12 22:02:42,391 [INFO] Pass: FixedPoint - 0.00429 (ms)
2026-07-12 22:02:42,391 [INFO] Pass: ContainsInstruction - 0.00548 (ms)
2026-07-12 22:02:42,391 [INFO] Pass: HighLevelSynthesis - 1.41954 (ms)
2026-07-12 22:02:42,392 [INFO] Pass: BasisTranslator - 0.75960 (ms)
2026-07-12 22:02:42,392 [INFO] Pass: Depth - 0.16618 (ms)
2026-07-12 22:02:42,392 [INFO] Pass: FixedPoint - 0.00739 (ms)
2026-07-12 22:02:42,392 [INFO] Pass: Size - 0.05841 (ms)
2026-07-12 22:02:42,392 [INFO] Total Transpile Time - 64.87966 (ms)
2026-07-12 22:02:42,392 [INFO] Pass: FixedPoint - 0.00453 (ms)
2026-07-12 22:02:42,392 [INFO] Pass: ContainsInstruction - 0.00763 (ms)
2026-07-12 22:02:42,393 [INFO] Pass: InverseCancellation - 0.16713 (ms)
2026-07-12 22:02:42,393 [INFO] Pass: UnitarySynthesis - 0.00453 (ms)
2026-07-12 22:02:42,393 [INFO] Pass: Optimize1qGatesDecomposition - 0.77081 (ms)
2026-07-12 22:02:42,393 [INFO] Pass: InverseCancellation - 0.15020 (ms)
2026-07-12 22:02:42,394 [INFO] Pass: GatesInBasis - 0.78630 (ms)
2026-07-12 22:02:42,394 [INFO] Pass: Depth - 0.16284 (ms)
2026-07-12 22:02:42,394 [INFO] Pass: FixedPoint - 0.00548 (ms)
2026-07-12 22:02:42,394 [INFO] Pass: HighLevelSynthesis - 1.37973 (ms)
2026-07-12 22:02:42,394 [INFO] Pass: Size - 0.05603 (ms)
2026-07-12 22:02:42,394 [INFO] Pass: FixedPoint - 0.00405 (ms)
2026-07-12 22:02:42,394 [INFO] Pass: ContainsInstruction - 0.00525 (ms)
2026-07-12 22:02:42,395 [INFO] Pass: BasisTranslator - 0.75960 (ms)
2026-07-12 22:02:42,395 [INFO] Pass: Depth - 0.16546 (ms)
2026-07-12 22:02:42,395 [INFO] Pass: FixedPoint - 0.00739 (ms)
2026-07-12 22:02:42,395 [INFO] Pass: Size - 0.05722 (ms)
2026-07-12 22:02:42,395 [INFO] Pass: FixedPoint - 0.00429 (ms)
2026-07-12 22:02:42,396 [INFO] Total Transpile Time - 65.04893 (ms)
2026-07-12 22:02:42,396 [INFO] Pass: Optimize1qGatesDecomposition - 0.78034 (ms)
2026-07-12 22:02:42,396 [INFO] Pass: InverseCancellation - 0.14400 (ms)
2026-07-12 22:02:42,397 [INFO] Pass: GatesInBasis - 0.78440 (ms)
2026-07-12 22:02:42,397 [INFO] Pass: Depth - 0.15831 (ms)
2026-07-12 22:02:42,397 [INFO] Pass: FixedPoint - 0.00548 (ms)
2026-07-12 22:02:42,398 [INFO] Pass: Size - 0.05579 (ms)
2026-07-12 22:02:42,398 [INFO] Pass: FixedPoint - 0.00405 (ms)
2026-07-12 22:02:42,398 [INFO] Pass: ContainsInstruction - 0.00501 (ms)
2026-07-12 22:02:42,399 [INFO] Pass: ContainsInstruction - 0.00858 (ms)
2026-07-12 22:02:42,399 [INFO] Pass: ContainsInstruction - 0.00620 (ms)
2026-07-12 22:02:42,399 [INFO] Total Transpile Time - 64.88514 (ms)
2026-07-12 22:02:42,399 [INFO] Pass: InverseCancellation - 0.16475 (ms)
2026-07-12 22:02:42,399 [INFO] Pass: UnitarySynthesis - 0.00525 (ms)
2026-07-12 22:02:42,399 [INFO] Pass: InverseCancellation - 0.19383 (ms)
2026-07-12 22:02:42,399 [INFO] Pass: UnitarySynthesis - 0.00477 (ms)
2026-07-12 22:02:42,400 [INFO] Pass: HighLevelSynthesis - 1.38712 (ms)
2026-07-12 22:02:42,401 [INFO] Pass: HighLevelSynthesis - 1.37806 (ms)
2026-07-12 22:02:42,401 [INFO] Pass: BasisTranslator - 0.76580 (ms)
2026-07-12 22:02:42,401 [INFO] Pass: BasisTranslator - 0.90313 (ms)
2026-07-12 22:02:42,402 [INFO] Pass: Depth - 0.16141 (ms)
2026-07-12 22:02:42,402 [INFO] Pass: Depth - 0.16594 (ms)
2026-07-12 22:02:42,402 [INFO] Pass: FixedPoint - 0.00715 (ms)
2026-07-12 22:02:42,402 [INFO] Pass: FixedPoint - 0.00787 (ms)
2026-07-12 22:02:42,402 [INFO] Pass: Size - 0.05674 (ms)
2026-07-12 22:02:42,402 [INFO] Pass: Size - 0.05722 (ms)
2026-07-12 22:02:42,402 [INFO] Pass: FixedPoint - 0.00429 (ms)
2026-07-12 22:02:42,402 [INFO] Pass: FixedPoint - 0.00453 (ms)
2026-07-12 22:02:42,403 [INFO] Pass: Optimize1qGatesDecomposition - 0.78583 (ms)
2026-07-12 22:02:42,403 [INFO] Pass: Optimize1qGatesDecomposition - 0.78201 (ms)
2026-07-12 22:02:42,403 [INFO] Pass: InverseCancellation - 0.14377 (ms)
2026-07-12 22:02:42,403 [INFO] Pass: InverseCancellation - 0.14448 (ms)
2026-07-12 22:02:42,403 [INFO] Pass: ContainsInstruction - 0.00787 (ms)
2026-07-12 22:02:42,404 [INFO] Pass: InverseCancellation - 0.16737 (ms)
2026-07-12 22:02:42,404 [INFO] Pass: UnitarySynthesis - 0.00453 (ms)
2026-07-12 22:02:42,404 [INFO] Pass: GatesInBasis - 0.78917 (ms)
2026-07-12 22:02:42,404 [INFO] Pass: GatesInBasis - 0.79346 (ms)
2026-07-12 22:02:42,404 [INFO] Pass: Depth - 0.15950 (ms)
2026-07-12 22:02:42,404 [INFO] Pass: Depth - 0.15640 (ms)
2026-07-12 22:02:42,404 [INFO] Pass: FixedPoint - 0.00572 (ms)
2026-07-12 22:02:42,404 [INFO] Pass: FixedPoint - 0.00572 (ms)
2026-07-12 22:02:42,404 [INFO] Pass: Size - 0.05603 (ms)
2026-07-12 22:02:42,404 [INFO] Pass: Size - 0.05555 (ms)
2026-07-12 22:02:42,404 [INFO] Pass: FixedPoint - 0.00405 (ms)
2026-07-12 22:02:42,404 [INFO] Pass: FixedPoint - 0.00405 (ms)
2026-07-12 22:02:42,404 [INFO] Pass: ContainsInstruction - 0.00525 (ms)
2026-07-12 22:02:42,404 [INFO] Pass: ContainsInstruction - 0.00477 (ms)
2026-07-12 22:02:42,405 [INFO] Pass: HighLevelSynthesis - 1.37568 (ms)
2026-07-12 22:02:42,405 [INFO] Total Transpile Time - 64.80646 (ms)
2026-07-12 22:02:42,405 [INFO] Total Transpile Time - 65.25254 (ms)
2026-07-12 22:02:42,405 [INFO] Pass: ContainsInstruction - 0.00763 (ms)
2026-07-12 22:02:42,406 [INFO] Pass: InverseCancellation - 0.16737 (ms)
2026-07-12 22:02:42,406 [INFO] Pass: UnitarySynthesis - 0.00501 (ms)
2026-07-12 22:02:42,406 [INFO] Pass: BasisTranslator - 0.89526 (ms)
2026-07-12 22:02:42,406 [INFO] Pass: Depth - 0.16737 (ms)
2026-07-12 22:02:42,406 [INFO] Pass: FixedPoint - 0.00763 (ms)
2026-07-12 22:02:42,406 [INFO] Pass: Size - 0.05746 (ms)
2026-07-12 22:02:42,406 [INFO] Pass: FixedPoint - 0.00429 (ms)
2026-07-12 22:02:42,407 [INFO] Pass: Optimize1qGatesDecomposition - 0.77605 (ms)
2026-07-12 22:02:42,407 [INFO] Pass: HighLevelSynthesis - 1.37496 (ms)
2026-07-12 22:02:42,407 [INFO] Pass: InverseCancellation - 0.14305 (ms)
2026-07-12 22:02:42,408 [INFO] Pass: BasisTranslator - 0.90766 (ms)
2026-07-12 22:02:42,408 [INFO] Pass: GatesInBasis - 0.79679 (ms)
2026-07-12 22:02:42,408 [INFO] Pass: Depth - 0.16809 (ms)
2026-07-12 22:02:42,408 [INFO] Pass: Depth - 0.15831 (ms)
2026-07-12 22:02:42,408 [INFO] Pass: FixedPoint - 0.00739 (ms)
2026-07-12 22:02:42,408 [INFO] Pass: FixedPoint - 0.00572 (ms)
2026-07-12 22:02:42,409 [INFO] Pass: Size - 0.05770 (ms)
2026-07-12 22:02:42,409 [INFO] Pass: Size - 0.05603 (ms)
2026-07-12 22:02:42,409 [INFO] Pass: FixedPoint - 0.00477 (ms)
2026-07-12 22:02:42,409 [INFO] Pass: FixedPoint - 0.00405 (ms)
2026-07-12 22:02:42,409 [INFO] Pass: ContainsInstruction - 0.00525 (ms)
2026-07-12 22:02:42,409 [INFO] Pass: Optimize1qGatesDecomposition - 0.77820 (ms)
2026-07-12 22:02:42,410 [INFO] Pass: InverseCancellation - 0.14329 (ms)
2026-07-12 22:02:42,410 [INFO] Total Transpile Time - 65.85360 (ms)
2026-07-12 22:02:42,410 [INFO] Pass: GatesInBasis - 0.78559 (ms)
2026-07-12 22:02:42,411 [INFO] Pass: Depth - 0.15640 (ms)
2026-07-12 22:02:42,411 [INFO] Pass: FixedPoint - 0.00572 (ms)
2026-07-12 22:02:42,411 [INFO] Pass: Size - 0.05603 (ms)
2026-07-12 22:02:42,411 [INFO] Pass: FixedPoint - 0.00429 (ms)
2026-07-12 22:02:42,411 [INFO] Pass: ContainsInstruction - 0.00525 (ms)
2026-07-12 22:02:42,412 [INFO] Total Transpile Time - 64.92996 (ms)
2026-07-12 22:02:42,412 [INFO] Pass: ContainsInstruction - 0.00811 (ms)
2026-07-12 22:02:42,413 [INFO] Pass: InverseCancellation - 0.16713 (ms)
2026-07-12 22:02:42,413 [INFO] Pass: UnitarySynthesis - 0.00453 (ms)
2026-07-12 22:02:42,414 [INFO] Pass: HighLevelSynthesis - 1.38497 (ms)
2026-07-12 22:02:42,415 [INFO] Pass: BasisTranslator - 0.76103 (ms)
2026-07-12 22:02:42,415 [INFO] Pass: Depth - 0.17214 (ms)
2026-07-12 22:02:42,415 [INFO] Pass: FixedPoint - 0.00691 (ms)
2026-07-12 22:02:42,415 [INFO] Pass: Size - 0.05746 (ms)
2026-07-12 22:02:42,415 [INFO] Pass: FixedPoint - 0.00453 (ms)
2026-07-12 22:02:42,416 [INFO] Pass: Optimize1qGatesDecomposition - 0.78416 (ms)
2026-07-12 22:02:42,416 [INFO] Pass: InverseCancellation - 0.14448 (ms)
2026-07-12 22:02:42,417 [INFO] Pass: GatesInBasis - 0.79060 (ms)
2026-07-12 22:02:42,417 [INFO] Pass: Depth - 0.15688 (ms)
2026-07-12 22:02:42,417 [INFO] Pass: FixedPoint - 0.00596 (ms)
2026-07-12 22:02:42,417 [INFO] Pass: Size - 0.05698 (ms)
2026-07-12 22:02:42,417 [INFO] Pass: FixedPoint - 0.00405 (ms)
2026-07-12 22:02:42,418 [INFO] Pass: ContainsInstruction - 0.00525 (ms)
2026-07-12 22:02:42,419 [INFO] Total Transpile Time - 64.77237 (ms)
2026-07-12 22:02:42,438 [INFO] Pass: ContainsInstruction - 0.00954 (ms)
2026-07-12 22:02:42,438 [INFO] Pass: InverseCancellation - 0.16451 (ms)
2026-07-12 22:02:42,438 [INFO] Pass: UnitarySynthesis - 0.00429 (ms)
2026-07-12 22:02:42,440 [INFO] Pass: HighLevelSynthesis - 1.42050 (ms)
2026-07-12 22:02:42,441 [INFO] Pass: BasisTranslator - 0.79823 (ms)
2026-07-12 22:02:42,441 [INFO] Pass: Depth - 0.17571 (ms)
2026-07-12 22:02:42,441 [INFO] Pass: FixedPoint - 0.00787 (ms)
2026-07-12 22:02:42,441 [INFO] Pass: Size - 0.05937 (ms)
2026-07-12 22:02:42,441 [INFO] Pass: FixedPoint - 0.00429 (ms)
2026-07-12 22:02:42,442 [INFO] Pass: Optimize1qGatesDecomposition - 0.84925 (ms)
2026-07-12 22:02:42,442 [INFO] Pass: InverseCancellation - 0.00858 (ms)
2026-07-12 22:02:42,443 [INFO] Pass: GatesInBasis - 0.77271 (ms)
2026-07-12 22:02:42,443 [INFO] Pass: Depth - 0.15998 (ms)
2026-07-12 22:02:42,443 [INFO] Pass: ContainsInstruction - 0.00787 (ms)
2026-07-12 22:02:42,443 [INFO] Pass: FixedPoint - 0.00548 (ms)
2026-07-12 22:02:42,443 [INFO] Pass: Size - 0.05627 (ms)
2026-07-12 22:02:42,443 [INFO] Pass: FixedPoint - 0.00405 (ms)
2026-07-12 22:02:42,443 [INFO] Pass: ContainsInstruction - 0.00787 (ms)
2026-07-12 22:02:42,443 [INFO] Pass: InverseCancellation - 0.16046 (ms)
2026-07-12 22:02:42,443 [INFO] Pass: UnitarySynthesis - 0.00453 (ms)
2026-07-12 22:02:42,444 [INFO] Pass: InverseCancellation - 0.16189 (ms)
2026-07-12 22:02:42,444 [INFO] Pass: UnitarySynthesis - 0.00453 (ms)
2026-07-12 22:02:42,444 [INFO] Pass: Optimize1qGatesDecomposition - 0.68998 (ms)
2026-07-12 22:02:42,444 [INFO] Pass: InverseCancellation - 0.00668 (ms)
2026-07-12 22:02:42,445 [INFO] Pass: HighLevelSynthesis - 1.44053 (ms)
2026-07-12 22:02:42,445 [INFO] Pass: GatesInBasis - 0.84114 (ms)
2026-07-12 22:02:42,445 [INFO] Pass: HighLevelSynthesis - 1.44696 (ms)
2026-07-12 22:02:42,445 [INFO] Pass: Depth - 0.16189 (ms)
2026-07-12 22:02:42,445 [INFO] Pass: FixedPoint - 0.00548 (ms)
2026-07-12 22:02:42,445 [INFO] Pass: Size - 0.05603 (ms)
2026-07-12 22:02:42,445 [INFO] Pass: FixedPoint - 0.00405 (ms)
2026-07-12 22:02:42,445 [INFO] Pass: ContainsInstruction - 0.00501 (ms)
2026-07-12 22:02:42,446 [INFO] Pass: BasisTranslator - 0.80419 (ms)
2026-07-12 22:02:42,446 [INFO] Pass: ContainsInstruction - 0.00787 (ms)
2026-07-12 22:02:42,446 [INFO] Pass: BasisTranslator - 0.78368 (ms)
2026-07-12 22:02:42,446 [INFO] Pass: Depth - 0.17405 (ms)
2026-07-12 22:02:42,446 [INFO] Pass: FixedPoint - 0.00739 (ms)
2026-07-12 22:02:42,446 [INFO] Pass: Size - 0.06318 (ms)
2026-07-12 22:02:42,446 [INFO] Pass: InverseCancellation - 0.17262 (ms)
2026-07-12 22:02:42,446 [INFO] Pass: FixedPoint - 0.00429 (ms)
2026-07-12 22:02:42,446 [INFO] Pass: UnitarySynthesis - 0.00477 (ms)
2026-07-12 22:02:42,446 [INFO] Pass: Depth - 0.17834 (ms)
2026-07-12 22:02:42,446 [INFO] Pass: FixedPoint - 0.00763 (ms)
2026-07-12 22:02:42,446 [INFO] Pass: ContainsInstruction - 0.00834 (ms)
2026-07-12 22:02:42,446 [INFO] Pass: Size - 0.05889 (ms)
2026-07-12 22:02:42,446 [INFO] Pass: FixedPoint - 0.00453 (ms)
2026-07-12 22:02:42,446 [INFO] Pass: InverseCancellation - 0.16189 (ms)
2026-07-12 22:02:42,446 [INFO] Pass: UnitarySynthesis - 0.00453 (ms)
2026-07-12 22:02:42,447 [INFO] Total Transpile Time - 66.36119 (ms)
2026-07-12 22:02:42,447 [INFO] Pass: Optimize1qGatesDecomposition - 0.84329 (ms)
2026-07-12 22:02:42,447 [INFO] Pass: InverseCancellation - 0.00787 (ms)
2026-07-12 22:02:42,447 [INFO] Pass: Optimize1qGatesDecomposition - 0.85855 (ms)
2026-07-12 22:02:42,447 [INFO] Pass: InverseCancellation - 0.00787 (ms)
2026-07-12 22:02:42,448 [INFO] Pass: HighLevelSynthesis - 1.44267 (ms)
2026-07-12 22:02:42,448 [INFO] Pass: GatesInBasis - 0.76103 (ms)
2026-07-12 22:02:42,448 [INFO] Pass: HighLevelSynthesis - 1.42097 (ms)
2026-07-12 22:02:42,448 [INFO] Pass: Depth - 0.17023 (ms)
2026-07-12 22:02:42,448 [INFO] Pass: GatesInBasis - 0.76437 (ms)
2026-07-12 22:02:42,448 [INFO] Pass: FixedPoint - 0.00572 (ms)
2026-07-12 22:02:42,448 [INFO] Pass: Size - 0.05651 (ms)
2026-07-12 22:02:42,448 [INFO] Pass: FixedPoint - 0.00453 (ms)
2026-07-12 22:02:42,448 [INFO] Pass: Depth - 0.15736 (ms)
2026-07-12 22:02:42,448 [INFO] Pass: FixedPoint - 0.00572 (ms)
2026-07-12 22:02:42,448 [INFO] Pass: Size - 0.05651 (ms)
2026-07-12 22:02:42,448 [INFO] Pass: FixedPoint - 0.00429 (ms)
2026-07-12 22:02:42,448 [INFO] Pass: BasisTranslator - 0.79632 (ms)
2026-07-12 22:02:42,449 [INFO] Pass: ContainsInstruction - 0.00787 (ms)
2026-07-12 22:02:42,449 [INFO] Pass: Depth - 0.17738 (ms)
2026-07-12 22:02:42,449 [INFO] Pass: FixedPoint - 0.00763 (ms)
2026-07-12 22:02:42,449 [INFO] Pass: Size - 0.05937 (ms)
2026-07-12 22:02:42,449 [INFO] Pass: FixedPoint - 0.00429 (ms)
2026-07-12 22:02:42,449 [INFO] Pass: InverseCancellation - 0.15974 (ms)
2026-07-12 22:02:42,449 [INFO] Pass: BasisTranslator - 0.92697 (ms)
2026-07-12 22:02:42,449 [INFO] Pass: UnitarySynthesis - 0.00525 (ms)
2026-07-12 22:02:42,449 [INFO] Pass: Optimize1qGatesDecomposition - 0.69141 (ms)
2026-07-12 22:02:42,449 [INFO] Pass: InverseCancellation - 0.01121 (ms)
2026-07-12 22:02:42,449 [INFO] Pass: Depth - 0.18311 (ms)
2026-07-12 22:02:42,449 [INFO] Pass: FixedPoint - 0.00715 (ms)
2026-07-12 22:02:42,449 [INFO] Pass: Optimize1qGatesDecomposition - 0.69714 (ms)
2026-07-12 22:02:42,449 [INFO] Pass: InverseCancellation - 0.00691 (ms)
2026-07-12 22:02:42,449 [INFO] Pass: Size - 0.05984 (ms)
2026-07-12 22:02:42,449 [INFO] Pass: FixedPoint - 0.00477 (ms)
2026-07-12 22:02:42,450 [INFO] Pass: Optimize1qGatesDecomposition - 0.85497 (ms)
2026-07-12 22:02:42,450 [INFO] Pass: InverseCancellation - 0.00787 (ms)
2026-07-12 22:02:42,450 [INFO] Pass: GatesInBasis - 0.83327 (ms)
2026-07-12 22:02:42,450 [INFO] Pass: ContainsInstruction - 0.00811 (ms)
2026-07-12 22:02:42,450 [INFO] Pass: GatesInBasis - 0.82731 (ms)
2026-07-12 22:02:42,450 [INFO] Pass: Depth - 0.16546 (ms)
2026-07-12 22:02:42,450 [INFO] Pass: FixedPoint - 0.00548 (ms)
2026-07-12 22:02:42,450 [INFO] Pass: Optimize1qGatesDecomposition - 0.84949 (ms)
2026-07-12 22:02:42,450 [INFO] Pass: Size - 0.05722 (ms)
2026-07-12 22:02:42,450 [INFO] Pass: InverseCancellation - 0.00811 (ms)
2026-07-12 22:02:42,450 [INFO] Pass: FixedPoint - 0.00405 (ms)
2026-07-12 22:02:42,450 [INFO] Pass: InverseCancellation - 0.17071 (ms)
2026-07-12 22:02:42,450 [INFO] Pass: Depth - 0.15879 (ms)
2026-07-12 22:02:42,450 [INFO] Pass: ContainsInstruction - 0.00572 (ms)
2026-07-12 22:02:42,450 [INFO] Pass: FixedPoint - 0.00525 (ms)
2026-07-12 22:02:42,450 [INFO] Pass: UnitarySynthesis - 0.00453 (ms)
2026-07-12 22:02:42,450 [INFO] Pass: HighLevelSynthesis - 1.43504 (ms)
2026-07-12 22:02:42,450 [INFO] Pass: Size - 0.06461 (ms)
2026-07-12 22:02:42,450 [INFO] Pass: FixedPoint - 0.00429 (ms)
2026-07-12 22:02:42,450 [INFO] Pass: ContainsInstruction - 0.00572 (ms)
2026-07-12 22:02:42,451 [INFO] Pass: GatesInBasis - 0.77105 (ms)
2026-07-12 22:02:42,451 [INFO] Pass: Depth - 0.16356 (ms)
2026-07-12 22:02:42,451 [INFO] Pass: FixedPoint - 0.00572 (ms)
2026-07-12 22:02:42,451 [INFO] Pass: Size - 0.05627 (ms)
2026-07-12 22:02:42,451 [INFO] Pass: FixedPoint - 0.00453 (ms)
2026-07-12 22:02:42,451 [INFO] Pass: GatesInBasis - 0.76962 (ms)
2026-07-12 22:02:42,451 [INFO] Pass: BasisTranslator - 0.79989 (ms)
2026-07-12 22:02:42,451 [INFO] Pass: Depth - 0.15879 (ms)
2026-07-12 22:02:42,451 [INFO] Pass: FixedPoint - 0.00548 (ms)
2026-07-12 22:02:42,451 [INFO] Pass: Size - 0.05651 (ms)
2026-07-12 22:02:42,451 [INFO] Pass: FixedPoint - 0.00405 (ms)
2026-07-12 22:02:42,451 [INFO] Pass: Depth - 0.17810 (ms)
2026-07-12 22:02:42,451 [INFO] Pass: FixedPoint - 0.00739 (ms)
2026-07-12 22:02:42,452 [INFO] Pass: Size - 0.05937 (ms)
2026-07-12 22:02:42,452 [INFO] Total Transpile Time - 66.39671 (ms)
2026-07-12 22:02:42,452 [INFO] Pass: FixedPoint - 0.00429 (ms)
2026-07-12 22:02:42,452 [INFO] Pass: Optimize1qGatesDecomposition - 0.69165 (ms)
2026-07-12 22:02:42,452 [INFO] Pass: InverseCancellation - 0.00691 (ms)
2026-07-12 22:02:42,452 [INFO] Total Transpile Time - 66.32614 (ms)
2026-07-12 22:02:42,452 [INFO] Pass: HighLevelSynthesis - 1.42884 (ms)
2026-07-12 22:02:42,452 [INFO] Pass: Optimize1qGatesDecomposition - 0.70357 (ms)
2026-07-12 22:02:42,452 [INFO] Pass: InverseCancellation - 0.00691 (ms)
2026-07-12 22:02:42,453 [INFO] Pass: Optimize1qGatesDecomposition - 0.85139 (ms)
2026-07-12 22:02:42,453 [INFO] Pass: InverseCancellation - 0.00858 (ms)
2026-07-12 22:02:42,453 [INFO] Pass: GatesInBasis - 0.83447 (ms)
2026-07-12 22:02:42,453 [INFO] Pass: BasisTranslator - 0.79632 (ms)
2026-07-12 22:02:42,453 [INFO] Pass: Depth - 0.15759 (ms)
2026-07-12 22:02:42,453 [INFO] Pass: Depth - 0.17190 (ms)
2026-07-12 22:02:42,453 [INFO] Pass: FixedPoint - 0.00548 (ms)
2026-07-12 22:02:42,453 [INFO] Pass: FixedPoint - 0.00739 (ms)
2026-07-12 22:02:42,453 [INFO] Pass: Size - 0.05579 (ms)
2026-07-12 22:02:42,453 [INFO] Pass: FixedPoint - 0.00858 (ms)
2026-07-12 22:02:42,453 [INFO] Pass: Size - 0.06390 (ms)
2026-07-12 22:02:42,453 [INFO] Pass: GatesInBasis - 0.76747 (ms)
2026-07-12 22:02:42,453 [INFO] Pass: ContainsInstruction - 0.00548 (ms)
2026-07-12 22:02:42,453 [INFO] Pass: FixedPoint - 0.00429 (ms)
2026-07-12 22:02:42,453 [INFO] Pass: Depth - 0.15521 (ms)
2026-07-12 22:02:42,453 [INFO] Pass: FixedPoint - 0.00477 (ms)
2026-07-12 22:02:42,453 [INFO] Pass: Size - 0.05579 (ms)
2026-07-12 22:02:42,453 [INFO] Pass: GatesInBasis - 0.75626 (ms)
2026-07-12 22:02:42,453 [INFO] Pass: FixedPoint - 0.00429 (ms)
2026-07-12 22:02:42,453 [INFO] Pass: ContainsInstruction - 0.00572 (ms)
2026-07-12 22:02:42,454 [INFO] Pass: ContainsInstruction - 0.00834 (ms)
2026-07-12 22:02:42,454 [INFO] Pass: Depth - 0.16928 (ms)
2026-07-12 22:02:42,454 [INFO] Pass: FixedPoint - 0.00572 (ms)
2026-07-12 22:02:42,454 [INFO] Pass: Size - 0.05651 (ms)
2026-07-12 22:02:42,454 [INFO] Pass: FixedPoint - 0.00405 (ms)
2026-07-12 22:02:42,454 [INFO] Pass: InverseCancellation - 0.16141 (ms)
2026-07-12 22:02:42,454 [INFO] Pass: UnitarySynthesis - 0.00501 (ms)
2026-07-12 22:02:42,454 [INFO] Pass: Optimize1qGatesDecomposition - 0.84901 (ms)
2026-07-12 22:02:42,454 [INFO] Pass: InverseCancellation - 0.01240 (ms)
2026-07-12 22:02:42,454 [INFO] Total Transpile Time - 66.54739 (ms)
2026-07-12 22:02:42,454 [INFO] Pass: Optimize1qGatesDecomposition - 0.69094 (ms)
2026-07-12 22:02:42,455 [INFO] Pass: InverseCancellation - 0.00691 (ms)
2026-07-12 22:02:42,455 [INFO] Total Transpile Time - 66.76555 (ms)
2026-07-12 22:02:42,455 [INFO] Pass: GatesInBasis - 0.75793 (ms)
2026-07-12 22:02:42,455 [INFO] Pass: Depth - 0.16427 (ms)
2026-07-12 22:02:42,455 [INFO] Pass: FixedPoint - 0.00548 (ms)
2026-07-12 22:02:42,455 [INFO] Pass: Size - 0.05746 (ms)
2026-07-12 22:02:42,455 [INFO] Pass: FixedPoint - 0.00405 (ms)
2026-07-12 22:02:42,455 [INFO] Pass: HighLevelSynthesis - 1.46222 (ms)
2026-07-12 22:02:42,455 [INFO] Pass: GatesInBasis - 0.82970 (ms)
2026-07-12 22:02:42,456 [INFO] Pass: Depth - 0.15616 (ms)
2026-07-12 22:02:42,456 [INFO] Pass: FixedPoint - 0.00477 (ms)
2026-07-12 22:02:42,456 [INFO] Pass: Size - 0.05555 (ms)
2026-07-12 22:02:42,456 [INFO] Pass: FixedPoint - 0.00405 (ms)
2026-07-12 22:02:42,456 [INFO] Pass: ContainsInstruction - 0.00548 (ms)
2026-07-12 22:02:42,456 [INFO] Pass: Optimize1qGatesDecomposition - 0.69451 (ms)
2026-07-12 22:02:42,456 [INFO] Pass: InverseCancellation - 0.00668 (ms)
2026-07-12 22:02:42,456 [INFO] Pass: BasisTranslator - 0.78630 (ms)
2026-07-12 22:02:42,456 [INFO] Pass: Depth - 0.18024 (ms)
2026-07-12 22:02:42,456 [INFO] Pass: FixedPoint - 0.00834 (ms)
2026-07-12 22:02:42,457 [INFO] Pass: Size - 0.05984 (ms)
2026-07-12 22:02:42,457 [INFO] Pass: FixedPoint - 0.00429 (ms)
2026-07-12 22:02:42,457 [INFO] Pass: ContainsInstruction - 0.00834 (ms)
2026-07-12 22:02:42,457 [INFO] Pass: GatesInBasis - 0.82707 (ms)
2026-07-12 22:02:42,457 [INFO] Pass: InverseCancellation - 0.16189 (ms)
2026-07-12 22:02:42,457 [INFO] Pass: UnitarySynthesis - 0.01049 (ms)
2026-07-12 22:02:42,457 [INFO] Pass: Depth - 0.16212 (ms)
2026-07-12 22:02:42,457 [INFO] Total Transpile Time - 66.37788 (ms)
2026-07-12 22:02:42,457 [INFO] Pass: FixedPoint - 0.00525 (ms)
2026-07-12 22:02:42,457 [INFO] Pass: Size - 0.05555 (ms)
2026-07-12 22:02:42,457 [INFO] Pass: FixedPoint - 0.00405 (ms)
2026-07-12 22:02:42,457 [INFO] Pass: ContainsInstruction - 0.00596 (ms)
2026-07-12 22:02:42,457 [INFO] Pass: Optimize1qGatesDecomposition - 0.85807 (ms)
2026-07-12 22:02:42,458 [INFO] Pass: InverseCancellation - 0.00978 (ms)
2026-07-12 22:02:42,458 [INFO] Pass: GatesInBasis - 0.76771 (ms)
2026-07-12 22:02:42,458 [INFO] Pass: HighLevelSynthesis - 1.42193 (ms)
2026-07-12 22:02:42,459 [INFO] Pass: Depth - 0.16141 (ms)
2026-07-12 22:02:42,459 [INFO] Total Transpile Time - 66.38432 (ms)
2026-07-12 22:02:42,459 [INFO] Pass: FixedPoint - 0.00596 (ms)
2026-07-12 22:02:42,459 [INFO] Pass: Size - 0.05674 (ms)
2026-07-12 22:02:42,459 [INFO] Pass: FixedPoint - 0.00429 (ms)
2026-07-12 22:02:42,459 [INFO] Pass: BasisTranslator - 0.79703 (ms)
2026-07-12 22:02:42,459 [INFO] Pass: Optimize1qGatesDecomposition - 0.70190 (ms)
2026-07-12 22:02:42,460 [INFO] Pass: InverseCancellation - 0.00715 (ms)
2026-07-12 22:02:42,460 [INFO] Pass: Depth - 0.17548 (ms)
2026-07-12 22:02:42,460 [INFO] Pass: FixedPoint - 0.00763 (ms)
2026-07-12 22:02:42,460 [INFO] Pass: Size - 0.05865 (ms)
2026-07-12 22:02:42,460 [INFO] Pass: FixedPoint - 0.00453 (ms)
2026-07-12 22:02:42,460 [INFO] Pass: GatesInBasis - 0.84829 (ms)
2026-07-12 22:02:42,461 [INFO] Pass: Optimize1qGatesDecomposition - 0.85545 (ms)
2026-07-12 22:02:42,461 [INFO] Pass: Depth - 0.15736 (ms)
2026-07-12 22:02:42,461 [INFO] Pass: FixedPoint - 0.00572 (ms)
2026-07-12 22:02:42,461 [INFO] Pass: InverseCancellation - 0.00930 (ms)
2026-07-12 22:02:42,461 [INFO] Pass: Size - 0.05603 (ms)
2026-07-12 22:02:42,461 [INFO] Pass: FixedPoint - 0.00429 (ms)
2026-07-12 22:02:42,461 [INFO] Pass: ContainsInstruction - 0.00596 (ms)
2026-07-12 22:02:42,461 [INFO] Pass: GatesInBasis - 0.75507 (ms)
2026-07-12 22:02:42,462 [INFO] Pass: Depth - 0.15998 (ms)
2026-07-12 22:02:42,462 [INFO] Pass: FixedPoint - 0.00548 (ms)
2026-07-12 22:02:42,462 [INFO] Pass: Size - 0.05698 (ms)
2026-07-12 22:02:42,462 [INFO] Pass: FixedPoint - 0.00405 (ms)
2026-07-12 22:02:42,462 [INFO] Total Transpile Time - 66.40792 (ms)
2026-07-12 22:02:42,463 [INFO] Pass: Optimize1qGatesDecomposition - 0.68903 (ms)
2026-07-12 22:02:42,463 [INFO] Pass: InverseCancellation - 0.00668 (ms)
2026-07-12 22:02:42,463 [INFO] Pass: ContainsInstruction - 0.00691 (ms)
2026-07-12 22:02:42,463 [INFO] Pass: GatesInBasis - 0.83089 (ms)
2026-07-12 22:02:42,464 [INFO] Pass: InverseCancellation - 0.16570 (ms)
2026-07-12 22:02:42,464 [INFO] Pass: Depth - 0.15688 (ms)
2026-07-12 22:02:42,464 [INFO] Pass: UnitarySynthesis - 0.00477 (ms)
2026-07-12 22:02:42,464 [INFO] Pass: FixedPoint - 0.00525 (ms)
2026-07-12 22:02:42,464 [INFO] Pass: Size - 0.05555 (ms)
2026-07-12 22:02:42,464 [INFO] Pass: ContainsInstruction - 0.00834 (ms)
2026-07-12 22:02:42,464 [INFO] Pass: FixedPoint - 0.00405 (ms)
2026-07-12 22:02:42,464 [INFO] Pass: ContainsInstruction - 0.00548 (ms)
2026-07-12 22:02:42,464 [INFO] Pass: InverseCancellation - 0.17476 (ms)
2026-07-12 22:02:42,464 [INFO] Pass: UnitarySynthesis - 0.00548 (ms)
2026-07-12 22:02:42,465 [INFO] Pass: HighLevelSynthesis - 1.41478 (ms)
2026-07-12 22:02:42,465 [INFO] Total Transpile Time - 66.20598 (ms)
2026-07-12 22:02:42,466 [INFO] Pass: HighLevelSynthesis - 1.43504 (ms)
2026-07-12 22:02:42,466 [INFO] Pass: BasisTranslator - 0.78893 (ms)
2026-07-12 22:02:42,466 [INFO] Pass: Depth - 0.17715 (ms)
2026-07-12 22:02:42,466 [INFO] Pass: FixedPoint - 0.00763 (ms)
2026-07-12 22:02:42,466 [INFO] Pass: Size - 0.05960 (ms)
2026-07-12 22:02:42,466 [INFO] Pass: FixedPoint - 0.00429 (ms)
2026-07-12 22:02:42,467 [INFO] Pass: BasisTranslator - 0.97132 (ms)
2026-07-12 22:02:42,467 [INFO] Pass: Depth - 0.18096 (ms)
2026-07-12 22:02:42,467 [INFO] Pass: FixedPoint - 0.00882 (ms)
2026-07-12 22:02:42,467 [INFO] Pass: Size - 0.06604 (ms)
2026-07-12 22:02:42,467 [INFO] Pass: FixedPoint - 0.00477 (ms)
2026-07-12 22:02:42,467 [INFO] Pass: Optimize1qGatesDecomposition - 0.86236 (ms)
2026-07-12 22:02:42,467 [INFO] Pass: InverseCancellation - 0.00906 (ms)
2026-07-12 22:02:42,468 [INFO] Pass: ContainsInstruction - 0.00811 (ms)
2026-07-12 22:02:42,468 [INFO] Pass: Optimize1qGatesDecomposition - 0.87166 (ms)
2026-07-12 22:02:42,468 [INFO] Pass: InverseCancellation - 0.00882 (ms)
2026-07-12 22:02:42,468 [INFO] Pass: InverseCancellation - 0.17095 (ms)
2026-07-12 22:02:42,468 [INFO] Pass: UnitarySynthesis - 0.00501 (ms)
2026-07-12 22:02:42,468 [INFO] Pass: GatesInBasis - 0.75769 (ms)
2026-07-12 22:02:42,468 [INFO] Pass: Depth - 0.16475 (ms)
2026-07-12 22:02:42,468 [INFO] Pass: FixedPoint - 0.00596 (ms)
2026-07-12 22:02:42,469 [INFO] Pass: Size - 0.05722 (ms)
2026-07-12 22:02:42,469 [INFO] Pass: FixedPoint - 0.00429 (ms)
2026-07-12 22:02:42,469 [INFO] Pass: GatesInBasis - 0.75293 (ms)
2026-07-12 22:02:42,469 [INFO] Pass: Depth - 0.16451 (ms)
2026-07-12 22:02:42,469 [INFO] Pass: FixedPoint - 0.00548 (ms)
2026-07-12 22:02:42,469 [INFO] Pass: Size - 0.05674 (ms)
2026-07-12 22:02:42,469 [INFO] Pass: FixedPoint - 0.00429 (ms)
2026-07-12 22:02:42,469 [INFO] Pass: Optimize1qGatesDecomposition - 0.69785 (ms)
2026-07-12 22:02:42,469 [INFO] Pass: InverseCancellation - 0.00715 (ms)
2026-07-12 22:02:42,470 [INFO] Pass: HighLevelSynthesis - 1.42169 (ms)
2026-07-12 22:02:42,470 [INFO] Pass: Optimize1qGatesDecomposition - 0.69976 (ms)
2026-07-12 22:02:42,470 [INFO] Pass: InverseCancellation - 0.01144 (ms)
2026-07-12 22:02:42,470 [INFO] Pass: ContainsInstruction - 0.00930 (ms)
2026-07-12 22:02:42,470 [INFO] Pass: GatesInBasis - 0.84805 (ms)
2026-07-12 22:02:42,470 [INFO] Pass: InverseCancellation - 0.16236 (ms)
2026-07-12 22:02:42,470 [INFO] Pass: UnitarySynthesis - 0.00477 (ms)
2026-07-12 22:02:42,470 [INFO] Pass: Depth - 0.15974 (ms)
2026-07-12 22:02:42,470 [INFO] Pass: FixedPoint - 0.00548 (ms)
2026-07-12 22:02:42,471 [INFO] Pass: BasisTranslator - 0.94151 (ms)
2026-07-12 22:02:42,471 [INFO] Pass: Size - 0.05698 (ms)
2026-07-12 22:02:42,471 [INFO] Pass: FixedPoint - 0.00405 (ms)
2026-07-12 22:02:42,471 [INFO] Pass: ContainsInstruction - 0.00572 (ms)
2026-07-12 22:02:42,471 [INFO] Pass: Depth - 0.17190 (ms)
2026-07-12 22:02:42,471 [INFO] Pass: GatesInBasis - 0.74697 (ms)
2026-07-12 22:02:42,471 [INFO] Pass: FixedPoint - 0.00882 (ms)
2026-07-12 22:02:42,471 [INFO] Pass: Size - 0.05960 (ms)
2026-07-12 22:02:42,471 [INFO] Pass: FixedPoint - 0.00429 (ms)
2026-07-12 22:02:42,471 [INFO] Pass: Depth - 0.15712 (ms)
2026-07-12 22:02:42,471 [INFO] Pass: FixedPoint - 0.00572 (ms)
2026-07-12 22:02:42,471 [INFO] Pass: Size - 0.05627 (ms)
2026-07-12 22:02:42,471 [INFO] Pass: FixedPoint - 0.00429 (ms)
2026-07-12 22:02:42,471 [INFO] Pass: ContainsInstruction - 0.00572 (ms)
2026-07-12 22:02:42,472 [INFO] Pass: Optimize1qGatesDecomposition - 0.85378 (ms)
2026-07-12 22:02:42,472 [INFO] Pass: HighLevelSynthesis - 1.43218 (ms)
2026-07-12 22:02:42,472 [INFO] Pass: InverseCancellation - 0.00906 (ms)
2026-07-12 22:02:42,472 [INFO] Total Transpile Time - 66.56170 (ms)
2026-07-12 22:02:42,473 [INFO] Total Transpile Time - 67.15465 (ms)
2026-07-12 22:02:42,473 [INFO] Pass: GatesInBasis - 0.79870 (ms)
2026-07-12 22:02:42,473 [INFO] Pass: BasisTranslator - 0.94485 (ms)
2026-07-12 22:02:42,473 [INFO] Pass: Depth - 0.17023 (ms)
2026-07-12 22:02:42,473 [INFO] Pass: FixedPoint - 0.00596 (ms)
2026-07-12 22:02:42,473 [INFO] Pass: Size - 0.05698 (ms)
2026-07-12 22:02:42,473 [INFO] Pass: Depth - 0.18573 (ms)
2026-07-12 22:02:42,473 [INFO] Pass: FixedPoint - 0.00405 (ms)
2026-07-12 22:02:42,473 [INFO] Pass: FixedPoint - 0.00834 (ms)
2026-07-12 22:02:42,473 [INFO] Pass: Size - 0.05984 (ms)
2026-07-12 22:02:42,473 [INFO] Pass: FixedPoint - 0.00429 (ms)
2026-07-12 22:02:42,474 [INFO] Pass: Optimize1qGatesDecomposition - 0.69976 (ms)
2026-07-12 22:02:42,474 [INFO] Pass: InverseCancellation - 0.00763 (ms)
2026-07-12 22:02:42,474 [INFO] Pass: Optimize1qGatesDecomposition - 0.86236 (ms)
2026-07-12 22:02:42,474 [INFO] Pass: InverseCancellation - 0.00882 (ms)
2026-07-12 22:02:42,475 [INFO] Pass: GatesInBasis - 0.74410 (ms)
2026-07-12 22:02:42,475 [INFO] Pass: Depth - 0.15569 (ms)
2026-07-12 22:02:42,475 [INFO] Pass: FixedPoint - 0.00501 (ms)
2026-07-12 22:02:42,475 [INFO] Pass: Size - 0.05984 (ms)
2026-07-12 22:02:42,475 [INFO] Pass: GatesInBasis - 0.76580 (ms)
2026-07-12 22:02:42,475 [INFO] Pass: FixedPoint - 0.00405 (ms)
2026-07-12 22:02:42,475 [INFO] Pass: ContainsInstruction - 0.00644 (ms)
2026-07-12 22:02:42,475 [INFO] Pass: Depth - 0.16117 (ms)
2026-07-12 22:02:42,475 [INFO] Pass: FixedPoint - 0.00548 (ms)
2026-07-12 22:02:42,475 [INFO] Pass: Size - 0.05674 (ms)
2026-07-12 22:02:42,475 [INFO] Pass: FixedPoint - 0.00453 (ms)
2026-07-12 22:02:42,476 [INFO] Pass: Optimize1qGatesDecomposition - 0.69237 (ms)
2026-07-12 22:02:42,476 [INFO] Pass: InverseCancellation - 0.00691 (ms)
2026-07-12 22:02:42,476 [INFO] Total Transpile Time - 66.46252 (ms)
2026-07-12 22:02:42,477 [INFO] Pass: ContainsInstruction - 0.00834 (ms)
2026-07-12 22:02:42,477 [INFO] Pass: GatesInBasis - 0.74816 (ms)
2026-07-12 22:02:42,477 [INFO] Pass: InverseCancellation - 0.16904 (ms)
2026-07-12 22:02:42,477 [INFO] Pass: UnitarySynthesis - 0.00501 (ms)
2026-07-12 22:02:42,477 [INFO] Pass: Depth - 0.15783 (ms)
2026-07-12 22:02:42,477 [INFO] Pass: FixedPoint - 0.00501 (ms)
2026-07-12 22:02:42,477 [INFO] Pass: Size - 0.05674 (ms)
2026-07-12 22:02:42,477 [INFO] Pass: FixedPoint - 0.00429 (ms)
2026-07-12 22:02:42,477 [INFO] Pass: ContainsInstruction - 0.00620 (ms)
2026-07-12 22:02:42,479 [INFO] Pass: HighLevelSynthesis - 1.45602 (ms)
2026-07-12 22:02:42,479 [INFO] Total Transpile Time - 66.56575 (ms)
2026-07-12 22:02:42,480 [INFO] Pass: BasisTranslator - 0.80109 (ms)
2026-07-12 22:02:42,480 [INFO] Pass: Depth - 0.18334 (ms)
2026-07-12 22:02:42,480 [INFO] Pass: FixedPoint - 0.00858 (ms)
2026-07-12 22:02:42,480 [INFO] Pass: Size - 0.05937 (ms)
2026-07-12 22:02:42,480 [INFO] Pass: FixedPoint - 0.00429 (ms)
2026-07-12 22:02:42,481 [INFO] Pass: Optimize1qGatesDecomposition - 0.87953 (ms)
2026-07-12 22:02:42,481 [INFO] Pass: InverseCancellation - 0.00858 (ms)
2026-07-12 22:02:42,482 [INFO] Pass: GatesInBasis - 0.75841 (ms)
2026-07-12 22:02:42,482 [INFO] Pass: Depth - 0.16713 (ms)
2026-07-12 22:02:42,482 [INFO] Pass: FixedPoint - 0.00620 (ms)
2026-07-12 22:02:42,482 [INFO] Pass: Size - 0.05817 (ms)
2026-07-12 22:02:42,482 [INFO] Pass: FixedPoint - 0.00429 (ms)
2026-07-12 22:02:42,483 [INFO] Pass: Optimize1qGatesDecomposition - 0.71573 (ms)
2026-07-12 22:02:42,483 [INFO] Pass: InverseCancellation - 0.00763 (ms)
2026-07-12 22:02:42,484 [INFO] Pass: GatesInBasis - 0.83780 (ms)
2026-07-12 22:02:42,484 [INFO] Pass: Depth - 0.15688 (ms)
2026-07-12 22:02:42,484 [INFO] Pass: FixedPoint - 0.00548 (ms)
2026-07-12 22:02:42,484 [INFO] Pass: Size - 0.05674 (ms)
2026-07-12 22:02:42,484 [INFO] Pass: FixedPoint - 0.00405 (ms)
2026-07-12 22:02:42,484 [INFO] Pass: ContainsInstruction - 0.00572 (ms)
2026-07-12 22:02:42,486 [INFO] Total Transpile Time - 66.64014 (ms)
2026-07-12 22:02:43,056 [INFO] [PCE] Aer metadata (1a ejecucion de este proceso): device=CPU method=statevector shots=8192 fusion_enabled=True
2026-07-12 22:02:43,059 [INFO] [PCE] Aer metadata (1a ejecucion de este proceso): device=CPU method=statevector shots=8192 fusion_enabled=True
2026-07-12 22:02:43,076 [INFO] [PCE] Aer metadata (1a ejecucion de este proceso): device=CPU method=statevector shots=8192 fusion_enabled=True
2026-07-12 22:02:43,085 [INFO] [PCE] Aer metadata (1a ejecucion de este proceso): device=CPU method=statevector shots=8192 fusion_enabled=True
2026-07-12 22:02:43,088 [INFO] [PCE] Aer metadata (1a ejecucion de este proceso): device=CPU method=statevector shots=8192 fusion_enabled=True
2026-07-12 22:02:43,094 [INFO] [PCE] Aer metadata (1a ejecucion de este proceso): device=CPU method=statevector shots=8192 fusion_enabled=True
2026-07-12 22:02:43,094 [INFO] [PCE] Aer metadata (1a ejecucion de este proceso): device=CPU method=statevector shots=8192 fusion_enabled=True
2026-07-12 22:02:43,095 [INFO] [PCE] Aer metadata (1a ejecucion de este proceso): device=CPU method=statevector shots=8192 fusion_enabled=True
2026-07-12 22:02:43,095 [INFO] [PCE] Aer metadata (1a ejecucion de este proceso): device=CPU method=statevector shots=8192 fusion_enabled=True
2026-07-12 22:02:43,095 [INFO] [PCE] Aer metadata (1a ejecucion de este proceso): device=CPU method=statevector shots=8192 fusion_enabled=True
2026-07-12 22:02:43,096 [INFO] [PCE] Aer metadata (1a ejecucion de este proceso): device=CPU method=statevector shots=8192 fusion_enabled=True
2026-07-12 22:02:43,096 [INFO] [PCE] Aer metadata (1a ejecucion de este proceso): device=CPU method=statevector shots=8192 fusion_enabled=True
2026-07-12 22:02:43,096 [INFO] [PCE] Aer metadata (1a ejecucion de este proceso): device=CPU method=statevector shots=8192 fusion_enabled=True
2026-07-12 22:02:43,096 [INFO] [PCE] Aer metadata (1a ejecucion de este proceso): device=CPU method=statevector shots=8192 fusion_enabled=True
2026-07-13 05:11:12,897 [INFO] [PCE] n=200 instancia (idx=79) 1/14 completada (paralelo) - transcurrido=0:07:08:31
2026-07-13 05:11:21,033 [INFO] [PCE] n=200 instancia (idx=9) 2/14 completada (paralelo) - transcurrido=0:07:08:39
2026-07-13 05:11:35,138 [INFO] [PCE] n=200 instancia (idx=86) 3/14 completada (paralelo) - transcurrido=0:07:08:53
2026-07-13 05:13:04,633 [INFO] [PCE] n=200 instancia (idx=37) 4/14 completada (paralelo) - transcurrido=0:07:10:22
2026-07-13 05:26:57,600 [INFO] [PCE] n=200 instancia (idx=30) 5/14 completada (paralelo) - transcurrido=0:07:24:15
2026-07-13 05:29:43,026 [INFO] [PCE] n=200 instancia (idx=16) 6/14 completada (paralelo) - transcurrido=0:07:27:01
2026-07-13 05:32:29,366 [INFO] [PCE] n=200 instancia (idx=44) 7/14 completada (paralelo) - transcurrido=0:07:29:47
2026-07-13 05:34:41,005 [INFO] [PCE] n=200 instancia (idx=65) 8/14 completada (paralelo) - transcurrido=0:07:31:59
2026-07-13 05:35:43,354 [INFO] [PCE] n=200 instancia (idx=23) 9/14 completada (paralelo) - transcurrido=0:07:33:01
2026-07-13 05:36:33,845 [INFO] [PCE] n=200 instancia (idx=2) 10/14 completada (paralelo) - transcurrido=0:07:33:52
2026-07-13 05:38:27,790 [INFO] [PCE] n=200 instancia (idx=93) 11/14 completada (paralelo) - transcurrido=0:07:35:46
2026-07-13 05:39:47,745 [INFO] [PCE] n=200 instancia (idx=58) 12/14 completada (paralelo) - transcurrido=0:07:37:06
2026-07-13 05:39:56,072 [INFO] [PCE] n=200 instancia (idx=72) 13/14 completada (paralelo) - transcurrido=0:07:37:14
2026-07-13 05:41:02,798 [INFO] [PCE] n=200 instancia (idx=51) 14/14 completada (paralelo) - transcurrido=0:07:38:21
2026-07-13 05:41:02,878 [INFO] [PCE] n=200 chunk 3/7 completado - beta_parcial=0.3120 duration=0:07:38:21 shots=8192 backend=AER
