slurmstepd: info: Setting TMPDIR to /scratch/8413566. Previous errors about TMPDIR can be discarded
==============================
RUN_ID: 20260712-220132
Array ID: 6  (entrada: 200:6:7)
num_nodes: 200   chunk: 7/7
num_instances (total del n): 100
num_workers: 16   cpus-per-task: 32
OMP_NUM_THREADS=1 OPENBLAS_NUM_THREADS=1 MKL_NUM_THREADS=1
device: CPU   optimizer: DIFFERENTIALEVOLUTION   maxiter: 25   k: 3
backend: AER   shots: 8192
==============================

==============================
num_nodes     = 200
num_instances = 100 (total del n)
chunk         = 7/7
num_workers   = 16
k             = 3
optimizer     = DIFFERENTIALEVOLUTION
maxiter       = 25
backend       = AER
outdir        = Resultados/PCE/20260712-220132/chunks
==============================

(num_workers ajustado de 16 a 14: este chunk solo tiene 14 instancias)
[TIMING] pid=4059076 idx=34 t0=10232698.717 grafo=0.031s init_bench=0.000s run_pce=25569.508s total=25569.539s
[TIMING] pid=4059074 idx=20 t0=10232698.714 grafo=0.031s init_bench=0.000s run_pce=25599.961s total=25599.991s
[TIMING] pid=4059083 idx=83 t0=10232698.739 grafo=0.031s init_bench=0.000s run_pce=25611.537s total=25611.568s
[TIMING] pid=4059073 idx=13 t0=10232698.711 grafo=0.031s init_bench=0.000s run_pce=26327.855s total=26327.886s
[TIMING] pid=4059075 idx=27 t0=10232698.714 grafo=0.031s init_bench=0.000s run_pce=26801.205s total=26801.236s
[TIMING] pid=4059079 idx=55 t0=10232698.726 grafo=0.031s init_bench=0.000s run_pce=26935.735s total=26935.766s
[TIMING] pid=4059080 idx=62 t0=10232698.729 grafo=0.031s init_bench=0.000s run_pce=27051.088s total=27051.119s
[TIMING] pid=4059081 idx=69 t0=10232698.733 grafo=0.031s init_bench=0.000s run_pce=27112.446s total=27112.477s
[TIMING] pid=4059078 idx=48 t0=10232698.723 grafo=0.031s init_bench=0.000s run_pce=27421.509s total=27421.540s
[TIMING] pid=4059082 idx=76 t0=10232698.736 grafo=0.031s init_bench=0.000s run_pce=27670.972s total=27671.003s
[TIMING] pid=4059084 idx=90 t0=10232698.743 grafo=0.031s init_bench=0.000s run_pce=27777.488s total=27777.519s
[TIMING] pid=4059085 idx=97 t0=10232698.746 grafo=0.031s init_bench=0.000s run_pce=27909.782s total=27909.813s
[TIMING] pid=4059070 idx=6 t0=10232698.708 grafo=0.031s init_bench=0.000s run_pce=27924.820s total=27924.851s
[TIMING] pid=4059077 idx=41 t0=10232698.720 grafo=0.031s init_bench=0.000s run_pce=27983.359s total=27983.390s

✔ n=200 chunk 7/7 (14 instancias) beta_parcial=0.2628 ± 0.0270
✔ Resultado del chunk guardado en: Resultados/PCE/20260712-220132/chunks/n_200_chunk_6_of_7.h5
  (recuerda: esto es PARCIAL — hace falta merge_chunks_qscore_PCE.py para combinar todos los chunks de este n antes de agregar)
Fecha fin: Mon Jul 13 05:49:05 AM CEST 2026

*****************************************************************************
*                                                                           *
*                    JOB EFFICIENCY REPORT (seff 8413566)                   *
*                                                                           *
*****************************************************************************

Job ID: 8413566
Array Job ID: 8413559_6
Cluster: finisterrae3
User/Group: tec_app6/cesga
State: COMPLETED (exit code 0)
Nodes: 1
Cores per node: 32
CPU Utilized: 11:24:32
CPU Efficiency: 4.59% of 10-08:48:00 core-walltime
Job Wall-clock time: 07:46:30
Memory Utilized: 7.09 GB
Memory Efficiency: 22.17% of 32.00 GB

 +++++++++++++++++++++++++++++++++++++++++++++++++++++++++++++++++++++++++++
 ++   Memory Efficiency is too small. Please review the requested memory. ++
 ++ It seems that you do not need that much memory so we recommend        ++
 ++ requesting less memory in other similar jobs.                         ++
 +++++++++++++++++++++++++++++++++++++++++++++++++++++++++++++++++++++++++++
 
*****************************************************************************

