gcc/system unloaded
gcccore/system unloaded
cesga/2022 unloaded
rust/1.75.0 unloaded
imkl/2022.0.1 unloaded
numpy/1.26.4 unloaded
scipy/1.13.1 unloaded
flint/2.8.4 unloaded
symengine/0.11.1 unloaded
symengine-python/0.11.0 unloaded
spdlog/1.9.2 unloaded
pylatexenc/2.10 unloaded
qiskit/1.2.4-aer-gpu-cu11 unloaded
        Preparing the environment for use of the CESGA 2022 software stack.
        Please rebuild modules cache: module --ignore-cache avail
     
cesga/2022 loaded
rust/1.75.0 loaded

imkl/2023.2.0 loaded
numpy/1.26.4 loaded
scipy/1.13.1 loaded
imkl/2023.2.0 unloaded

imkl/2022.0.1 loaded
flint/2.8.4 loaded
symengine/0.11.1 loaded
symengine-python/0.11.0 loaded
spdlog/1.9.2 loaded
pylatexenc/2.10 loaded
gcccore/system loaded
gcc/system loaded
qiskit/1.2.4-aer-gpu-cu11 loaded
2026-07-13 02:27:59,885 [INFO] [PCE] n=250 chunk 3/7: 14 instancias [2, 9, 16, 23, 30, 37, 44, 51, 58, 65, 72, 79, 86, 93], num_workers=14, qubits=9
2026-07-13 02:27:59,885 [INFO] [PCE] n=250 paralelizando 14 instancias entre 14 workers (max_parallel_threads=1 fijo, independiente de num_workers)
2026-07-13 02:28:00,040 [INFO] Pass: ContainsInstruction - 0.01407 (ms)
2026-07-13 02:28:00,041 [INFO] Pass: InverseCancellation - 0.02170 (ms)
2026-07-13 02:28:00,041 [INFO] Pass: UnitarySynthesis - 0.00572 (ms)
2026-07-13 02:28:00,042 [INFO] Pass: HighLevelSynthesis - 1.62935 (ms)
2026-07-13 02:28:00,043 [INFO] Pass: BasisTranslator - 0.85187 (ms)
2026-07-13 02:28:00,044 [INFO] Pass: Depth - 0.21625 (ms)
2026-07-13 02:28:00,044 [INFO] Pass: FixedPoint - 0.01192 (ms)
2026-07-13 02:28:00,044 [INFO] Pass: Size - 0.06318 (ms)
2026-07-13 02:28:00,044 [INFO] Pass: FixedPoint - 0.00477 (ms)
2026-07-13 02:28:00,044 [INFO] Pass: ContainsInstruction - 0.01431 (ms)
2026-07-13 02:28:00,044 [INFO] Pass: Optimize1qGatesDecomposition - 0.15426 (ms)
2026-07-13 02:28:00,044 [INFO] Pass: InverseCancellation - 0.01717 (ms)
2026-07-13 02:28:00,044 [INFO] Pass: InverseCancellation - 0.00811 (ms)
2026-07-13 02:28:00,044 [INFO] Pass: UnitarySynthesis - 0.00525 (ms)
2026-07-13 02:28:00,045 [INFO] Pass: GatesInBasis - 0.88787 (ms)
2026-07-13 02:28:00,045 [INFO] Pass: Depth - 0.17262 (ms)
2026-07-13 02:28:00,045 [INFO] Pass: FixedPoint - 0.00548 (ms)
2026-07-13 02:28:00,045 [INFO] Pass: Size - 0.06032 (ms)
2026-07-13 02:28:00,045 [INFO] Pass: FixedPoint - 0.00429 (ms)
2026-07-13 02:28:00,045 [INFO] Pass: ContainsInstruction - 0.00501 (ms)
2026-07-13 02:28:00,046 [INFO] Pass: HighLevelSynthesis - 1.61719 (ms)
2026-07-13 02:28:00,047 [INFO] Pass: BasisTranslator - 0.90408 (ms)
2026-07-13 02:28:00,047 [INFO] Total Transpile Time - 86.21979 (ms)
2026-07-13 02:28:00,047 [INFO] Pass: Depth - 0.20242 (ms)
2026-07-13 02:28:00,047 [INFO] Pass: FixedPoint - 0.01121 (ms)
2026-07-13 02:28:00,047 [INFO] Pass: Size - 0.06366 (ms)
2026-07-13 02:28:00,047 [INFO] Pass: FixedPoint - 0.00453 (ms)
2026-07-13 02:28:00,047 [INFO] Pass: Optimize1qGatesDecomposition - 0.14544 (ms)
2026-07-13 02:28:00,047 [INFO] Pass: InverseCancellation - 0.00739 (ms)
2026-07-13 02:28:00,048 [INFO] Pass: GatesInBasis - 0.86904 (ms)
2026-07-13 02:28:00,048 [INFO] Pass: Depth - 0.16689 (ms)
2026-07-13 02:28:00,048 [INFO] Pass: FixedPoint - 0.00525 (ms)
2026-07-13 02:28:00,049 [INFO] Pass: Size - 0.06008 (ms)
2026-07-13 02:28:00,049 [INFO] Pass: FixedPoint - 0.00453 (ms)
2026-07-13 02:28:00,049 [INFO] Pass: ContainsInstruction - 0.00525 (ms)
2026-07-13 02:28:00,049 [INFO] Pass: ContainsInstruction - 0.01478 (ms)
2026-07-13 02:28:00,049 [INFO] Pass: InverseCancellation - 0.02098 (ms)
2026-07-13 02:28:00,049 [INFO] Pass: UnitarySynthesis - 0.00501 (ms)
2026-07-13 02:28:00,050 [INFO] Total Transpile Time - 82.55506 (ms)
2026-07-13 02:28:00,051 [INFO] Pass: HighLevelSynthesis - 1.58143 (ms)
2026-07-13 02:28:00,052 [INFO] Pass: BasisTranslator - 0.89622 (ms)
2026-07-13 02:28:00,052 [INFO] Pass: Depth - 0.20170 (ms)
2026-07-13 02:28:00,052 [INFO] Pass: FixedPoint - 0.01049 (ms)
2026-07-13 02:28:00,052 [INFO] Pass: Size - 0.06080 (ms)
2026-07-13 02:28:00,052 [INFO] Pass: FixedPoint - 0.00453 (ms)
2026-07-13 02:28:00,052 [INFO] Pass: Optimize1qGatesDecomposition - 0.14091 (ms)
2026-07-13 02:28:00,052 [INFO] Pass: InverseCancellation - 0.00978 (ms)
2026-07-13 02:28:00,053 [INFO] Pass: GatesInBasis - 0.86546 (ms)
2026-07-13 02:28:00,053 [INFO] Pass: Depth - 0.16713 (ms)
2026-07-13 02:28:00,053 [INFO] Pass: FixedPoint - 0.00501 (ms)
2026-07-13 02:28:00,053 [INFO] Pass: Size - 0.06604 (ms)
2026-07-13 02:28:00,053 [INFO] Pass: FixedPoint - 0.00429 (ms)
2026-07-13 02:28:00,054 [INFO] Pass: ContainsInstruction - 0.00525 (ms)
2026-07-13 02:28:00,055 [INFO] Total Transpile Time - 81.75635 (ms)
2026-07-13 02:28:00,069 [INFO] Pass: ContainsInstruction - 0.02003 (ms)
2026-07-13 02:28:00,070 [INFO] Pass: InverseCancellation - 0.02170 (ms)
2026-07-13 02:28:00,070 [INFO] Pass: UnitarySynthesis - 0.00453 (ms)
2026-07-13 02:28:00,071 [INFO] Pass: HighLevelSynthesis - 1.63555 (ms)
2026-07-13 02:28:00,072 [INFO] Pass: BasisTranslator - 0.92626 (ms)
2026-07-13 02:28:00,073 [INFO] Pass: Depth - 0.20409 (ms)
2026-07-13 02:28:00,073 [INFO] Pass: FixedPoint - 0.01049 (ms)
2026-07-13 02:28:00,073 [INFO] Pass: Size - 0.06509 (ms)
2026-07-13 02:28:00,073 [INFO] Pass: FixedPoint - 0.00477 (ms)
2026-07-13 02:28:00,073 [INFO] Pass: Optimize1qGatesDecomposition - 0.14114 (ms)
2026-07-13 02:28:00,073 [INFO] Pass: InverseCancellation - 0.00715 (ms)
2026-07-13 02:28:00,074 [INFO] Pass: GatesInBasis - 0.85020 (ms)
2026-07-13 02:28:00,074 [INFO] Pass: Depth - 0.16618 (ms)
2026-07-13 02:28:00,074 [INFO] Pass: FixedPoint - 0.00501 (ms)
2026-07-13 02:28:00,074 [INFO] Pass: Size - 0.05960 (ms)
2026-07-13 02:28:00,074 [INFO] Pass: FixedPoint - 0.00477 (ms)
2026-07-13 02:28:00,074 [INFO] Pass: ContainsInstruction - 0.00477 (ms)
2026-07-13 02:28:00,076 [INFO] Total Transpile Time - 81.86698 (ms)
2026-07-13 02:28:00,079 [INFO] Pass: ContainsInstruction - 0.01502 (ms)
2026-07-13 02:28:00,079 [INFO] Pass: InverseCancellation - 0.01979 (ms)
2026-07-13 02:28:00,079 [INFO] Pass: UnitarySynthesis - 0.00525 (ms)
2026-07-13 02:28:00,079 [INFO] Pass: ContainsInstruction - 0.01502 (ms)
2026-07-13 02:28:00,079 [INFO] Pass: InverseCancellation - 0.02098 (ms)
2026-07-13 02:28:00,079 [INFO] Pass: UnitarySynthesis - 0.00477 (ms)
2026-07-13 02:28:00,080 [INFO] Pass: ContainsInstruction - 0.01621 (ms)
2026-07-13 02:28:00,080 [INFO] Pass: ContainsInstruction - 0.01717 (ms)
2026-07-13 02:28:00,080 [INFO] Pass: ContainsInstruction - 0.01669 (ms)
2026-07-13 02:28:00,080 [INFO] Pass: ContainsInstruction - 0.01454 (ms)
2026-07-13 02:28:00,080 [INFO] Pass: ContainsInstruction - 0.01812 (ms)
2026-07-13 02:28:00,080 [INFO] Pass: InverseCancellation - 0.02122 (ms)
2026-07-13 02:28:00,080 [INFO] Pass: InverseCancellation - 0.02694 (ms)
2026-07-13 02:28:00,080 [INFO] Pass: InverseCancellation - 0.01955 (ms)
2026-07-13 02:28:00,080 [INFO] Pass: InverseCancellation - 0.02217 (ms)
2026-07-13 02:28:00,081 [INFO] Pass: UnitarySynthesis - 0.00525 (ms)
2026-07-13 02:28:00,081 [INFO] Pass: UnitarySynthesis - 0.00548 (ms)
2026-07-13 02:28:00,081 [INFO] Pass: UnitarySynthesis - 0.00525 (ms)
2026-07-13 02:28:00,081 [INFO] Pass: InverseCancellation - 0.02170 (ms)
2026-07-13 02:28:00,080 [INFO] Pass: ContainsInstruction - 0.01645 (ms)
2026-07-13 02:28:00,081 [INFO] Pass: UnitarySynthesis - 0.00501 (ms)
2026-07-13 02:28:00,080 [INFO] Pass: ContainsInstruction - 0.01574 (ms)
2026-07-13 02:28:00,081 [INFO] Pass: UnitarySynthesis - 0.00525 (ms)
2026-07-13 02:28:00,081 [INFO] Pass: InverseCancellation - 0.02146 (ms)
2026-07-13 02:28:00,081 [INFO] Pass: InverseCancellation - 0.02122 (ms)
2026-07-13 02:28:00,081 [INFO] Pass: UnitarySynthesis - 0.00501 (ms)
2026-07-13 02:28:00,081 [INFO] Pass: UnitarySynthesis - 0.00525 (ms)
2026-07-13 02:28:00,081 [INFO] Pass: HighLevelSynthesis - 1.58858 (ms)
2026-07-13 02:28:00,081 [INFO] Pass: ContainsInstruction - 0.01526 (ms)
2026-07-13 02:28:00,081 [INFO] Pass: HighLevelSynthesis - 1.57762 (ms)
2026-07-13 02:28:00,081 [INFO] Pass: InverseCancellation - 0.02170 (ms)
2026-07-13 02:28:00,081 [INFO] Pass: UnitarySynthesis - 0.00525 (ms)
2026-07-13 02:28:00,082 [INFO] Pass: BasisTranslator - 0.88644 (ms)
2026-07-13 02:28:00,082 [INFO] Pass: Depth - 0.20051 (ms)
2026-07-13 02:28:00,082 [INFO] Pass: BasisTranslator - 0.90075 (ms)
2026-07-13 02:28:00,082 [INFO] Pass: FixedPoint - 0.01049 (ms)
2026-07-13 02:28:00,082 [INFO] Pass: Size - 0.06318 (ms)
2026-07-13 02:28:00,082 [INFO] Pass: HighLevelSynthesis - 1.62673 (ms)
2026-07-13 02:28:00,082 [INFO] Pass: FixedPoint - 0.00501 (ms)
2026-07-13 02:28:00,082 [INFO] Pass: HighLevelSynthesis - 1.63317 (ms)
2026-07-13 02:28:00,082 [INFO] Pass: HighLevelSynthesis - 1.61219 (ms)
2026-07-13 02:28:00,082 [INFO] Pass: HighLevelSynthesis - 1.61433 (ms)
2026-07-13 02:28:00,082 [INFO] Pass: HighLevelSynthesis - 1.68300 (ms)
2026-07-13 02:28:00,082 [INFO] Pass: Depth - 0.20289 (ms)
2026-07-13 02:28:00,082 [INFO] Pass: FixedPoint - 0.01049 (ms)
2026-07-13 02:28:00,082 [INFO] Pass: HighLevelSynthesis - 1.61862 (ms)
2026-07-13 02:28:00,082 [INFO] Pass: HighLevelSynthesis - 1.63984 (ms)
2026-07-13 02:28:00,082 [INFO] Pass: Optimize1qGatesDecomposition - 0.14067 (ms)
2026-07-13 02:28:00,082 [INFO] Pass: Size - 0.06628 (ms)
2026-07-13 02:28:00,082 [INFO] Pass: InverseCancellation - 0.00739 (ms)
2026-07-13 02:28:00,082 [INFO] Pass: FixedPoint - 0.00477 (ms)
2026-07-13 02:28:00,083 [INFO] Pass: Optimize1qGatesDecomposition - 0.14067 (ms)
2026-07-13 02:28:00,083 [INFO] Pass: InverseCancellation - 0.00811 (ms)
2026-07-13 02:28:00,083 [INFO] Pass: HighLevelSynthesis - 1.63484 (ms)
2026-07-13 02:28:00,083 [INFO] Pass: BasisTranslator - 0.83637 (ms)
2026-07-13 02:28:00,083 [INFO] Pass: BasisTranslator - 0.84043 (ms)
2026-07-13 02:28:00,083 [INFO] Pass: BasisTranslator - 0.89526 (ms)
2026-07-13 02:28:00,083 [INFO] Pass: BasisTranslator - 0.88954 (ms)
2026-07-13 02:28:00,083 [INFO] Pass: BasisTranslator - 0.84853 (ms)
2026-07-13 02:28:00,083 [INFO] Pass: BasisTranslator - 0.88930 (ms)
2026-07-13 02:28:00,083 [INFO] Pass: BasisTranslator - 0.84257 (ms)
2026-07-13 02:28:00,083 [INFO] Pass: GatesInBasis - 0.85473 (ms)
2026-07-13 02:28:00,083 [INFO] Pass: Depth - 0.20790 (ms)
2026-07-13 02:28:00,083 [INFO] Pass: Depth - 0.20647 (ms)
2026-07-13 02:28:00,083 [INFO] Pass: FixedPoint - 0.01311 (ms)
2026-07-13 02:28:00,083 [INFO] Pass: Depth - 0.20361 (ms)
2026-07-13 02:28:00,083 [INFO] Pass: Depth - 0.20409 (ms)
2026-07-13 02:28:00,083 [INFO] Pass: Depth - 0.20504 (ms)
2026-07-13 02:28:00,083 [INFO] Pass: FixedPoint - 0.01574 (ms)
2026-07-13 02:28:00,083 [INFO] Pass: FixedPoint - 0.01144 (ms)
2026-07-13 02:28:00,083 [INFO] Pass: FixedPoint - 0.01168 (ms)
2026-07-13 02:28:00,083 [INFO] Pass: FixedPoint - 0.01264 (ms)
2026-07-13 02:28:00,083 [INFO] Pass: Size - 0.06390 (ms)
2026-07-13 02:28:00,084 [INFO] Pass: Depth - 0.20909 (ms)
2026-07-13 02:28:00,084 [INFO] Pass: Size - 0.06437 (ms)
2026-07-13 02:28:00,084 [INFO] Pass: FixedPoint - 0.00453 (ms)
2026-07-13 02:28:00,084 [INFO] Pass: Depth - 0.20671 (ms)
2026-07-13 02:28:00,084 [INFO] Pass: Size - 0.06223 (ms)
2026-07-13 02:28:00,084 [INFO] Pass: Size - 0.06413 (ms)
2026-07-13 02:28:00,084 [INFO] Pass: Depth - 0.17190 (ms)
2026-07-13 02:28:00,084 [INFO] Pass: Size - 0.06461 (ms)
2026-07-13 02:28:00,084 [INFO] Pass: FixedPoint - 0.00453 (ms)
2026-07-13 02:28:00,084 [INFO] Pass: FixedPoint - 0.01073 (ms)
2026-07-13 02:28:00,084 [INFO] Pass: FixedPoint - 0.00453 (ms)
2026-07-13 02:28:00,084 [INFO] Pass: FixedPoint - 0.00501 (ms)
2026-07-13 02:28:00,084 [INFO] Pass: FixedPoint - 0.01311 (ms)
2026-07-13 02:28:00,084 [INFO] Pass: FixedPoint - 0.00429 (ms)
2026-07-13 02:28:00,084 [INFO] Pass: FixedPoint - 0.00501 (ms)
2026-07-13 02:28:00,084 [INFO] Pass: GatesInBasis - 0.85926 (ms)
2026-07-13 02:28:00,084 [INFO] Pass: Size - 0.06366 (ms)
2026-07-13 02:28:00,084 [INFO] Pass: Size - 0.05960 (ms)
2026-07-13 02:28:00,084 [INFO] Pass: Size - 0.06127 (ms)
2026-07-13 02:28:00,084 [INFO] Pass: FixedPoint - 0.00429 (ms)
2026-07-13 02:28:00,084 [INFO] Pass: FixedPoint - 0.00429 (ms)
2026-07-13 02:28:00,084 [INFO] Pass: FixedPoint - 0.00501 (ms)
2026-07-13 02:28:00,084 [INFO] Pass: BasisTranslator - 0.84305 (ms)
2026-07-13 02:28:00,084 [INFO] Pass: Optimize1qGatesDecomposition - 0.14877 (ms)
2026-07-13 02:28:00,084 [INFO] Pass: Optimize1qGatesDecomposition - 0.14472 (ms)
2026-07-13 02:28:00,084 [INFO] Pass: ContainsInstruction - 0.00453 (ms)
2026-07-13 02:28:00,084 [INFO] Pass: Optimize1qGatesDecomposition - 0.14091 (ms)
2026-07-13 02:28:00,084 [INFO] Pass: Optimize1qGatesDecomposition - 0.14472 (ms)
2026-07-13 02:28:00,084 [INFO] Pass: Optimize1qGatesDecomposition - 0.13947 (ms)
2026-07-13 02:28:00,084 [INFO] Pass: InverseCancellation - 0.00763 (ms)
2026-07-13 02:28:00,084 [INFO] Pass: InverseCancellation - 0.00739 (ms)
2026-07-13 02:28:00,084 [INFO] Pass: Depth - 0.16761 (ms)
2026-07-13 02:28:00,084 [INFO] Pass: InverseCancellation - 0.00739 (ms)
2026-07-13 02:28:00,084 [INFO] Pass: InverseCancellation - 0.00739 (ms)
2026-07-13 02:28:00,084 [INFO] Pass: InverseCancellation - 0.00739 (ms)
2026-07-13 02:28:00,084 [INFO] Pass: FixedPoint - 0.00548 (ms)
2026-07-13 02:28:00,084 [INFO] Pass: Optimize1qGatesDecomposition - 0.13876 (ms)
2026-07-13 02:28:00,084 [INFO] Pass: Optimize1qGatesDecomposition - 0.14234 (ms)
2026-07-13 02:28:00,084 [INFO] Pass: Size - 0.05937 (ms)
2026-07-13 02:28:00,084 [INFO] Pass: InverseCancellation - 0.00763 (ms)
2026-07-13 02:28:00,084 [INFO] Pass: InverseCancellation - 0.00691 (ms)
2026-07-13 02:28:00,084 [INFO] Pass: FixedPoint - 0.00453 (ms)
2026-07-13 02:28:00,084 [INFO] Pass: Depth - 0.20623 (ms)
2026-07-13 02:28:00,084 [INFO] Pass: ContainsInstruction - 0.00477 (ms)
2026-07-13 02:28:00,084 [INFO] Pass: FixedPoint - 0.01216 (ms)
2026-07-13 02:28:00,084 [INFO] Pass: Size - 0.06366 (ms)
2026-07-13 02:28:00,084 [INFO] Pass: FixedPoint - 0.00501 (ms)
2026-07-13 02:28:00,084 [INFO] Pass: Optimize1qGatesDecomposition - 0.14520 (ms)
2026-07-13 02:28:00,084 [INFO] Pass: InverseCancellation - 0.00763 (ms)
2026-07-13 02:28:00,085 [INFO] Pass: GatesInBasis - 0.86451 (ms)
2026-07-13 02:28:00,085 [INFO] Pass: GatesInBasis - 0.84996 (ms)
2026-07-13 02:28:00,085 [INFO] Pass: GatesInBasis - 0.85258 (ms)
2026-07-13 02:28:00,085 [INFO] Pass: GatesInBasis - 0.87881 (ms)
2026-07-13 02:28:00,085 [INFO] Pass: GatesInBasis - 0.87309 (ms)
2026-07-13 02:28:00,085 [INFO] Pass: GatesInBasis - 0.85735 (ms)
2026-07-13 02:28:00,085 [INFO] Pass: GatesInBasis - 0.84591 (ms)
2026-07-13 02:28:00,085 [INFO] Pass: Depth - 0.17118 (ms)
2026-07-13 02:28:00,085 [INFO] Pass: Depth - 0.16785 (ms)
2026-07-13 02:28:00,085 [INFO] Pass: Depth - 0.16952 (ms)
2026-07-13 02:28:00,085 [INFO] Pass: Depth - 0.16928 (ms)
2026-07-13 02:28:00,085 [INFO] Pass: FixedPoint - 0.00548 (ms)
2026-07-13 02:28:00,085 [INFO] Pass: Depth - 0.17047 (ms)
2026-07-13 02:28:00,085 [INFO] Pass: FixedPoint - 0.00501 (ms)
2026-07-13 02:28:00,085 [INFO] Pass: FixedPoint - 0.00572 (ms)
2026-07-13 02:28:00,085 [INFO] Pass: FixedPoint - 0.00525 (ms)
2026-07-13 02:28:00,085 [INFO] Pass: FixedPoint - 0.00501 (ms)
2026-07-13 02:28:00,085 [INFO] Pass: Size - 0.06008 (ms)
2026-07-13 02:28:00,085 [INFO] Pass: Depth - 0.16689 (ms)
2026-07-13 02:28:00,085 [INFO] Pass: Depth - 0.16642 (ms)
2026-07-13 02:28:00,085 [INFO] Pass: Size - 0.05937 (ms)
2026-07-13 02:28:00,085 [INFO] Pass: Size - 0.05960 (ms)
2026-07-13 02:28:00,085 [INFO] Pass: Size - 0.06032 (ms)
2026-07-13 02:28:00,085 [INFO] Pass: FixedPoint - 0.00453 (ms)
2026-07-13 02:28:00,085 [INFO] Pass: Size - 0.05984 (ms)
2026-07-13 02:28:00,085 [INFO] Pass: FixedPoint - 0.00501 (ms)
2026-07-13 02:28:00,085 [INFO] Pass: FixedPoint - 0.00525 (ms)
2026-07-13 02:28:00,085 [INFO] Pass: FixedPoint - 0.00429 (ms)
2026-07-13 02:28:00,085 [INFO] Pass: FixedPoint - 0.00429 (ms)
2026-07-13 02:28:00,085 [INFO] Pass: FixedPoint - 0.00405 (ms)
2026-07-13 02:28:00,085 [INFO] Pass: ContainsInstruction - 0.00477 (ms)
2026-07-13 02:28:00,085 [INFO] Total Transpile Time - 83.37140 (ms)
2026-07-13 02:28:00,085 [INFO] Pass: FixedPoint - 0.00429 (ms)
2026-07-13 02:28:00,085 [INFO] Pass: ContainsInstruction - 0.00525 (ms)
2026-07-13 02:28:00,085 [INFO] Pass: ContainsInstruction - 0.00525 (ms)
2026-07-13 02:28:00,085 [INFO] Pass: ContainsInstruction - 0.00525 (ms)
2026-07-13 02:28:00,085 [INFO] Pass: ContainsInstruction - 0.00501 (ms)
2026-07-13 02:28:00,085 [INFO] Pass: Size - 0.05984 (ms)
2026-07-13 02:28:00,085 [INFO] Pass: Size - 0.06008 (ms)
2026-07-13 02:28:00,085 [INFO] Pass: FixedPoint - 0.00453 (ms)
2026-07-13 02:28:00,085 [INFO] Pass: FixedPoint - 0.00453 (ms)
2026-07-13 02:28:00,085 [INFO] Pass: ContainsInstruction - 0.00525 (ms)
2026-07-13 02:28:00,085 [INFO] Pass: ContainsInstruction - 0.00525 (ms)
2026-07-13 02:28:00,085 [INFO] Pass: GatesInBasis - 0.86141 (ms)
2026-07-13 02:28:00,085 [INFO] Total Transpile Time - 83.60958 (ms)
2026-07-13 02:28:00,086 [INFO] Pass: Depth - 0.17595 (ms)
2026-07-13 02:28:00,086 [INFO] Pass: FixedPoint - 0.00525 (ms)
2026-07-13 02:28:00,086 [INFO] Pass: Size - 0.05960 (ms)
2026-07-13 02:28:00,086 [INFO] Pass: FixedPoint - 0.00453 (ms)
2026-07-13 02:28:00,086 [INFO] Pass: ContainsInstruction - 0.00596 (ms)
2026-07-13 02:28:00,086 [INFO] Total Transpile Time - 84.76710 (ms)
2026-07-13 02:28:00,087 [INFO] Total Transpile Time - 84.80287 (ms)
2026-07-13 02:28:00,087 [INFO] Total Transpile Time - 83.98819 (ms)
2026-07-13 02:28:00,087 [INFO] Total Transpile Time - 84.88131 (ms)
2026-07-13 02:28:00,087 [INFO] Total Transpile Time - 84.84793 (ms)
2026-07-13 02:28:00,087 [INFO] Total Transpile Time - 84.42545 (ms)
2026-07-13 02:28:00,087 [INFO] Total Transpile Time - 84.99265 (ms)
2026-07-13 02:28:00,087 [INFO] Total Transpile Time - 85.24585 (ms)
2026-07-13 02:28:00,104 [INFO] Pass: ContainsInstruction - 0.00668 (ms)
2026-07-13 02:28:00,105 [INFO] Pass: InverseCancellation - 0.17810 (ms)
2026-07-13 02:28:00,105 [INFO] Pass: UnitarySynthesis - 0.00477 (ms)
2026-07-13 02:28:00,106 [INFO] Pass: HighLevelSynthesis - 1.56617 (ms)
2026-07-13 02:28:00,107 [INFO] Pass: BasisTranslator - 0.98252 (ms)
2026-07-13 02:28:00,107 [INFO] Pass: ContainsInstruction - 0.00811 (ms)
2026-07-13 02:28:00,107 [INFO] Pass: Depth - 0.18597 (ms)
2026-07-13 02:28:00,108 [INFO] Pass: FixedPoint - 0.00691 (ms)
2026-07-13 02:28:00,108 [INFO] Pass: InverseCancellation - 0.17476 (ms)
2026-07-13 02:28:00,108 [INFO] Pass: UnitarySynthesis - 0.00477 (ms)
2026-07-13 02:28:00,108 [INFO] Pass: Size - 0.06318 (ms)
2026-07-13 02:28:00,108 [INFO] Pass: FixedPoint - 0.00429 (ms)
2026-07-13 02:28:00,109 [INFO] Pass: Optimize1qGatesDecomposition - 1.31392 (ms)
2026-07-13 02:28:00,109 [INFO] Pass: HighLevelSynthesis - 1.57166 (ms)
2026-07-13 02:28:00,109 [INFO] Pass: InverseCancellation - 0.16212 (ms)
2026-07-13 02:28:00,110 [INFO] Pass: GatesInBasis - 0.87619 (ms)
2026-07-13 02:28:00,110 [INFO] Pass: BasisTranslator - 0.99754 (ms)
2026-07-13 02:28:00,110 [INFO] Pass: Depth - 0.17333 (ms)
2026-07-13 02:28:00,110 [INFO] Pass: FixedPoint - 0.00548 (ms)
2026-07-13 02:28:00,110 [INFO] Pass: Depth - 0.18620 (ms)
2026-07-13 02:28:00,111 [INFO] Pass: Size - 0.06151 (ms)
2026-07-13 02:28:00,111 [INFO] Pass: FixedPoint - 0.00691 (ms)
2026-07-13 02:28:00,111 [INFO] Pass: FixedPoint - 0.00477 (ms)
2026-07-13 02:28:00,111 [INFO] Pass: ContainsInstruction - 0.00548 (ms)
2026-07-13 02:28:00,111 [INFO] Pass: Size - 0.06294 (ms)
2026-07-13 02:28:00,111 [INFO] Pass: FixedPoint - 0.00477 (ms)
2026-07-13 02:28:00,112 [INFO] Pass: Optimize1qGatesDecomposition - 0.81563 (ms)
2026-07-13 02:28:00,112 [INFO] Pass: InverseCancellation - 0.15783 (ms)
2026-07-13 02:28:00,112 [INFO] Total Transpile Time - 65.12761 (ms)
2026-07-13 02:28:00,112 [INFO] Pass: ContainsInstruction - 0.00644 (ms)
2026-07-13 02:28:00,113 [INFO] Pass: InverseCancellation - 0.18048 (ms)
2026-07-13 02:28:00,113 [INFO] Pass: UnitarySynthesis - 0.00477 (ms)
2026-07-13 02:28:00,113 [INFO] Pass: GatesInBasis - 0.89860 (ms)
2026-07-13 02:28:00,113 [INFO] Pass: Depth - 0.17357 (ms)
2026-07-13 02:28:00,113 [INFO] Pass: FixedPoint - 0.00548 (ms)
2026-07-13 02:28:00,113 [INFO] Pass: Size - 0.06127 (ms)
2026-07-13 02:28:00,113 [INFO] Pass: FixedPoint - 0.00477 (ms)
2026-07-13 02:28:00,113 [INFO] Pass: ContainsInstruction - 0.00525 (ms)
2026-07-13 02:28:00,114 [INFO] Pass: HighLevelSynthesis - 1.55568 (ms)
2026-07-13 02:28:00,114 [INFO] Total Transpile Time - 64.42881 (ms)
2026-07-13 02:28:00,115 [INFO] Pass: BasisTranslator - 0.85783 (ms)
2026-07-13 02:28:00,115 [INFO] Pass: Depth - 0.18144 (ms)
2026-07-13 02:28:00,115 [INFO] Pass: FixedPoint - 0.00691 (ms)
2026-07-13 02:28:00,115 [INFO] Pass: Size - 0.06223 (ms)
2026-07-13 02:28:00,116 [INFO] Pass: FixedPoint - 0.00453 (ms)
2026-07-13 02:28:00,116 [INFO] Pass: Optimize1qGatesDecomposition - 0.77891 (ms)
2026-07-13 02:28:00,117 [INFO] Pass: InverseCancellation - 0.16356 (ms)
2026-07-13 02:28:00,117 [INFO] Pass: GatesInBasis - 0.87309 (ms)
2026-07-13 02:28:00,118 [INFO] Pass: Depth - 0.17381 (ms)
2026-07-13 02:28:00,118 [INFO] Pass: FixedPoint - 0.00572 (ms)
2026-07-13 02:28:00,118 [INFO] Pass: Size - 0.06127 (ms)
2026-07-13 02:28:00,118 [INFO] Pass: FixedPoint - 0.00453 (ms)
2026-07-13 02:28:00,118 [INFO] Pass: ContainsInstruction - 0.00501 (ms)
2026-07-13 02:28:00,119 [INFO] Total Transpile Time - 64.29577 (ms)
2026-07-13 02:28:00,133 [INFO] Pass: ContainsInstruction - 0.00620 (ms)
2026-07-13 02:28:00,133 [INFO] Pass: InverseCancellation - 0.17238 (ms)
2026-07-13 02:28:00,133 [INFO] Pass: UnitarySynthesis - 0.00429 (ms)
2026-07-13 02:28:00,135 [INFO] Pass: HighLevelSynthesis - 1.54591 (ms)
2026-07-13 02:28:00,136 [INFO] Pass: BasisTranslator - 0.84376 (ms)
2026-07-13 02:28:00,136 [INFO] Pass: Depth - 0.17691 (ms)
2026-07-13 02:28:00,136 [INFO] Pass: FixedPoint - 0.00715 (ms)
2026-07-13 02:28:00,136 [INFO] Pass: Size - 0.06199 (ms)
2026-07-13 02:28:00,136 [INFO] Pass: FixedPoint - 0.00453 (ms)
2026-07-13 02:28:00,137 [INFO] Pass: Optimize1qGatesDecomposition - 0.77105 (ms)
2026-07-13 02:28:00,137 [INFO] Pass: InverseCancellation - 0.15664 (ms)
2026-07-13 02:28:00,138 [INFO] Pass: GatesInBasis - 0.87261 (ms)
2026-07-13 02:28:00,138 [INFO] Pass: Depth - 0.17142 (ms)
2026-07-13 02:28:00,138 [INFO] Pass: FixedPoint - 0.00572 (ms)
2026-07-13 02:28:00,138 [INFO] Pass: Size - 0.06557 (ms)
2026-07-13 02:28:00,139 [INFO] Pass: FixedPoint - 0.00453 (ms)
2026-07-13 02:28:00,139 [INFO] Pass: ContainsInstruction - 0.00525 (ms)
2026-07-13 02:28:00,140 [INFO] Total Transpile Time - 64.17823 (ms)
2026-07-13 02:28:00,142 [INFO] Pass: ContainsInstruction - 0.00644 (ms)
2026-07-13 02:28:00,142 [INFO] Pass: InverseCancellation - 0.17285 (ms)
2026-07-13 02:28:00,143 [INFO] Pass: UnitarySynthesis - 0.00429 (ms)
2026-07-13 02:28:00,144 [INFO] Pass: ContainsInstruction - 0.00691 (ms)
2026-07-13 02:28:00,144 [INFO] Pass: InverseCancellation - 0.17262 (ms)
2026-07-13 02:28:00,144 [INFO] Pass: UnitarySynthesis - 0.00453 (ms)
2026-07-13 02:28:00,144 [INFO] Pass: ContainsInstruction - 0.00668 (ms)
2026-07-13 02:28:00,144 [INFO] Pass: ContainsInstruction - 0.00691 (ms)
2026-07-13 02:28:00,144 [INFO] Pass: ContainsInstruction - 0.00644 (ms)
2026-07-13 02:28:00,144 [INFO] Pass: HighLevelSynthesis - 1.51706 (ms)
2026-07-13 02:28:00,144 [INFO] Pass: ContainsInstruction - 0.00644 (ms)
2026-07-13 02:28:00,144 [INFO] Pass: ContainsInstruction - 0.00668 (ms)
2026-07-13 02:28:00,144 [INFO] Pass: ContainsInstruction - 0.00668 (ms)
2026-07-13 02:28:00,144 [INFO] Pass: InverseCancellation - 0.17214 (ms)
2026-07-13 02:28:00,144 [INFO] Pass: InverseCancellation - 0.17285 (ms)
2026-07-13 02:28:00,144 [INFO] Pass: UnitarySynthesis - 0.00453 (ms)
2026-07-13 02:28:00,144 [INFO] Pass: InverseCancellation - 0.16809 (ms)
2026-07-13 02:28:00,144 [INFO] Pass: UnitarySynthesis - 0.00477 (ms)
2026-07-13 02:28:00,144 [INFO] Pass: InverseCancellation - 0.16880 (ms)
2026-07-13 02:28:00,144 [INFO] Pass: UnitarySynthesis - 0.00453 (ms)
2026-07-13 02:28:00,144 [INFO] Pass: UnitarySynthesis - 0.00453 (ms)
2026-07-13 02:28:00,144 [INFO] Pass: InverseCancellation - 0.17643 (ms)
2026-07-13 02:28:00,144 [INFO] Pass: InverseCancellation - 0.17571 (ms)
2026-07-13 02:28:00,145 [INFO] Pass: UnitarySynthesis - 0.00453 (ms)
2026-07-13 02:28:00,145 [INFO] Pass: UnitarySynthesis - 0.00453 (ms)
2026-07-13 02:28:00,145 [INFO] Pass: ContainsInstruction - 0.00668 (ms)
2026-07-13 02:28:00,145 [INFO] Pass: InverseCancellation - 0.16952 (ms)
2026-07-13 02:28:00,145 [INFO] Pass: UnitarySynthesis - 0.00477 (ms)
2026-07-13 02:28:00,145 [INFO] Pass: BasisTranslator - 0.98801 (ms)
2026-07-13 02:28:00,145 [INFO] Pass: ContainsInstruction - 0.00644 (ms)
2026-07-13 02:28:00,145 [INFO] Pass: Depth - 0.17715 (ms)
2026-07-13 02:28:00,145 [INFO] Pass: InverseCancellation - 0.17095 (ms)
2026-07-13 02:28:00,145 [INFO] Pass: FixedPoint - 0.00715 (ms)
2026-07-13 02:28:00,145 [INFO] Pass: UnitarySynthesis - 0.00405 (ms)
2026-07-13 02:28:00,146 [INFO] Pass: Size - 0.06247 (ms)
2026-07-13 02:28:00,146 [INFO] Pass: FixedPoint - 0.00453 (ms)
2026-07-13 02:28:00,146 [INFO] Pass: HighLevelSynthesis - 1.54424 (ms)
2026-07-13 02:28:00,146 [INFO] Pass: HighLevelSynthesis - 1.54495 (ms)
2026-07-13 02:28:00,146 [INFO] Pass: HighLevelSynthesis - 1.57094 (ms)
2026-07-13 02:28:00,146 [INFO] Pass: HighLevelSynthesis - 1.53565 (ms)
2026-07-13 02:28:00,146 [INFO] Pass: HighLevelSynthesis - 1.53828 (ms)
2026-07-13 02:28:00,146 [INFO] Pass: HighLevelSynthesis - 1.53852 (ms)
2026-07-13 02:28:00,146 [INFO] Pass: HighLevelSynthesis - 1.54161 (ms)
2026-07-13 02:28:00,146 [INFO] Pass: Optimize1qGatesDecomposition - 0.80347 (ms)
2026-07-13 02:28:00,147 [INFO] Pass: InverseCancellation - 0.15736 (ms)
2026-07-13 02:28:00,147 [INFO] Pass: BasisTranslator - 0.98991 (ms)
2026-07-13 02:28:00,147 [INFO] Pass: HighLevelSynthesis - 1.53828 (ms)
2026-07-13 02:28:00,147 [INFO] Pass: BasisTranslator - 0.84805 (ms)
2026-07-13 02:28:00,147 [INFO] Pass: Depth - 0.18430 (ms)
2026-07-13 02:28:00,147 [INFO] Pass: BasisTranslator - 0.84615 (ms)
2026-07-13 02:28:00,147 [INFO] Pass: FixedPoint - 0.00763 (ms)
2026-07-13 02:28:00,147 [INFO] Pass: BasisTranslator - 0.84448 (ms)
2026-07-13 02:28:00,147 [INFO] Pass: Size - 0.06223 (ms)
2026-07-13 02:28:00,147 [INFO] Pass: BasisTranslator - 0.84877 (ms)
2026-07-13 02:28:00,147 [INFO] Pass: BasisTranslator - 0.99254 (ms)
2026-07-13 02:28:00,147 [INFO] Pass: BasisTranslator - 0.87023 (ms)
2026-07-13 02:28:00,147 [INFO] Pass: FixedPoint - 0.00429 (ms)
2026-07-13 02:28:00,147 [INFO] Pass: Depth - 0.18096 (ms)
2026-07-13 02:28:00,147 [INFO] Pass: HighLevelSynthesis - 1.55830 (ms)
2026-07-13 02:28:00,147 [INFO] Pass: FixedPoint - 0.00715 (ms)
2026-07-13 02:28:00,147 [INFO] Pass: Depth - 0.18239 (ms)
2026-07-13 02:28:00,147 [INFO] Pass: FixedPoint - 0.00715 (ms)
2026-07-13 02:28:00,147 [INFO] Pass: Depth - 0.18263 (ms)
2026-07-13 02:28:00,147 [INFO] Pass: Size - 0.06199 (ms)
2026-07-13 02:28:00,147 [INFO] Pass: FixedPoint - 0.00691 (ms)
2026-07-13 02:28:00,147 [INFO] Pass: FixedPoint - 0.00453 (ms)
2026-07-13 02:28:00,147 [INFO] Pass: Depth - 0.18144 (ms)
2026-07-13 02:28:00,147 [INFO] Pass: Size - 0.06127 (ms)
2026-07-13 02:28:00,147 [INFO] Pass: Depth - 0.18287 (ms)
2026-07-13 02:28:00,147 [INFO] Pass: Depth - 0.18311 (ms)
2026-07-13 02:28:00,147 [INFO] Pass: FixedPoint - 0.00453 (ms)
2026-07-13 02:28:00,147 [INFO] Pass: FixedPoint - 0.00739 (ms)
2026-07-13 02:28:00,147 [INFO] Pass: Size - 0.06223 (ms)
2026-07-13 02:28:00,147 [INFO] Pass: FixedPoint - 0.00739 (ms)
2026-07-13 02:28:00,147 [INFO] Pass: FixedPoint - 0.00715 (ms)
2026-07-13 02:28:00,147 [INFO] Pass: FixedPoint - 0.00477 (ms)
2026-07-13 02:28:00,147 [INFO] Pass: Size - 0.06175 (ms)
2026-07-13 02:28:00,147 [INFO] Pass: Size - 0.06366 (ms)
2026-07-13 02:28:00,147 [INFO] Pass: Size - 0.06175 (ms)
2026-07-13 02:28:00,147 [INFO] Pass: FixedPoint - 0.00477 (ms)
2026-07-13 02:28:00,147 [INFO] Pass: FixedPoint - 0.00453 (ms)
2026-07-13 02:28:00,147 [INFO] Pass: FixedPoint - 0.00811 (ms)
2026-07-13 02:28:00,148 [INFO] Pass: GatesInBasis - 0.89693 (ms)
2026-07-13 02:28:00,148 [INFO] Pass: BasisTranslator - 0.99158 (ms)
2026-07-13 02:28:00,148 [INFO] Pass: Depth - 0.17333 (ms)
2026-07-13 02:28:00,148 [INFO] Pass: FixedPoint - 0.00572 (ms)
2026-07-13 02:28:00,148 [INFO] Pass: Size - 0.06175 (ms)
2026-07-13 02:28:00,148 [INFO] Pass: Optimize1qGatesDecomposition - 0.83280 (ms)
2026-07-13 02:28:00,148 [INFO] Pass: FixedPoint - 0.00429 (ms)
2026-07-13 02:28:00,148 [INFO] Pass: BasisTranslator - 0.85354 (ms)
2026-07-13 02:28:00,148 [INFO] Pass: Depth - 0.18072 (ms)
2026-07-13 02:28:00,148 [INFO] Pass: ContainsInstruction - 0.00477 (ms)
2026-07-13 02:28:00,148 [INFO] Pass: FixedPoint - 0.00739 (ms)
2026-07-13 02:28:00,148 [INFO] Pass: Optimize1qGatesDecomposition - 0.82088 (ms)
2026-07-13 02:28:00,148 [INFO] Pass: Optimize1qGatesDecomposition - 0.81086 (ms)
2026-07-13 02:28:00,148 [INFO] Pass: InverseCancellation - 0.15879 (ms)
2026-07-13 02:28:00,148 [INFO] Pass: Size - 0.06366 (ms)
2026-07-13 02:28:00,148 [INFO] Pass: Optimize1qGatesDecomposition - 0.78130 (ms)
2026-07-13 02:28:00,148 [INFO] Pass: FixedPoint - 0.00453 (ms)
2026-07-13 02:28:00,148 [INFO] Pass: Depth - 0.17834 (ms)
2026-07-13 02:28:00,148 [INFO] Pass: Optimize1qGatesDecomposition - 0.77581 (ms)
2026-07-13 02:28:00,148 [INFO] Pass: FixedPoint - 0.00715 (ms)
2026-07-13 02:28:00,148 [INFO] Pass: Optimize1qGatesDecomposition - 0.78106 (ms)
2026-07-13 02:28:00,148 [INFO] Pass: Optimize1qGatesDecomposition - 0.77963 (ms)
2026-07-13 02:28:00,148 [INFO] Pass: InverseCancellation - 0.15807 (ms)
2026-07-13 02:28:00,148 [INFO] Pass: InverseCancellation - 0.15426 (ms)
2026-07-13 02:28:00,148 [INFO] Pass: Size - 0.06199 (ms)
2026-07-13 02:28:00,148 [INFO] Pass: InverseCancellation - 0.15497 (ms)
2026-07-13 02:28:00,148 [INFO] Pass: FixedPoint - 0.00429 (ms)
2026-07-13 02:28:00,148 [INFO] Pass: InverseCancellation - 0.15640 (ms)
2026-07-13 02:28:00,148 [INFO] Pass: InverseCancellation - 0.16332 (ms)
2026-07-13 02:28:00,148 [INFO] Pass: InverseCancellation - 0.16046 (ms)
2026-07-13 02:28:00,149 [INFO] Pass: Optimize1qGatesDecomposition - 0.79155 (ms)
2026-07-13 02:28:00,149 [INFO] Pass: GatesInBasis - 0.87762 (ms)
2026-07-13 02:28:00,149 [INFO] Pass: Optimize1qGatesDecomposition - 0.78058 (ms)
2026-07-13 02:28:00,149 [INFO] Pass: GatesInBasis - 0.87214 (ms)
2026-07-13 02:28:00,149 [INFO] Pass: InverseCancellation - 0.15688 (ms)
2026-07-13 02:28:00,149 [INFO] Pass: GatesInBasis - 0.87214 (ms)
2026-07-13 02:28:00,149 [INFO] Pass: Depth - 0.17357 (ms)
2026-07-13 02:28:00,149 [INFO] Pass: GatesInBasis - 0.88882 (ms)
2026-07-13 02:28:00,149 [INFO] Pass: FixedPoint - 0.00548 (ms)
2026-07-13 02:28:00,149 [INFO] Pass: GatesInBasis - 0.86761 (ms)
2026-07-13 02:28:00,149 [INFO] Total Transpile Time - 64.13674 (ms)
2026-07-13 02:28:00,149 [INFO] Pass: GatesInBasis - 0.86951 (ms)
2026-07-13 02:28:00,149 [INFO] Pass: GatesInBasis - 0.86713 (ms)
2026-07-13 02:28:00,149 [INFO] Pass: Size - 0.06199 (ms)
2026-07-13 02:28:00,149 [INFO] Pass: InverseCancellation - 0.15426 (ms)
2026-07-13 02:28:00,149 [INFO] Pass: Depth - 0.17285 (ms)
2026-07-13 02:28:00,149 [INFO] Pass: FixedPoint - 0.00453 (ms)
2026-07-13 02:28:00,149 [INFO] Pass: Depth - 0.17667 (ms)
2026-07-13 02:28:00,149 [INFO] Pass: FixedPoint - 0.00572 (ms)
2026-07-13 02:28:00,149 [INFO] Pass: ContainsInstruction - 0.00525 (ms)
2026-07-13 02:28:00,149 [INFO] Pass: FixedPoint - 0.00525 (ms)
2026-07-13 02:28:00,149 [INFO] Pass: Depth - 0.17667 (ms)
2026-07-13 02:28:00,150 [INFO] Pass: FixedPoint - 0.00572 (ms)
2026-07-13 02:28:00,150 [INFO] Pass: Size - 0.06199 (ms)
2026-07-13 02:28:00,150 [INFO] Pass: Depth - 0.17858 (ms)
2026-07-13 02:28:00,150 [INFO] Pass: FixedPoint - 0.00453 (ms)
2026-07-13 02:28:00,150 [INFO] Pass: Size - 0.06151 (ms)
2026-07-13 02:28:00,150 [INFO] Pass: Depth - 0.17834 (ms)
2026-07-13 02:28:00,150 [INFO] Pass: FixedPoint - 0.00572 (ms)
2026-07-13 02:28:00,150 [INFO] Pass: Depth - 0.17810 (ms)
2026-07-13 02:28:00,150 [INFO] Pass: FixedPoint - 0.00453 (ms)
2026-07-13 02:28:00,150 [INFO] Pass: ContainsInstruction - 0.00525 (ms)
2026-07-13 02:28:00,150 [INFO] Pass: FixedPoint - 0.00572 (ms)
2026-07-13 02:28:00,150 [INFO] Pass: Size - 0.06175 (ms)
2026-07-13 02:28:00,150 [INFO] Pass: FixedPoint - 0.00572 (ms)
2026-07-13 02:28:00,150 [INFO] Pass: FixedPoint - 0.00453 (ms)
2026-07-13 02:28:00,150 [INFO] Pass: ContainsInstruction - 0.00501 (ms)
2026-07-13 02:28:00,150 [INFO] Pass: Size - 0.06199 (ms)
2026-07-13 02:28:00,150 [INFO] Pass: ContainsInstruction - 0.00548 (ms)
2026-07-13 02:28:00,150 [INFO] Pass: Size - 0.06175 (ms)
2026-07-13 02:28:00,150 [INFO] Pass: FixedPoint - 0.00429 (ms)
2026-07-13 02:28:00,150 [INFO] Pass: Size - 0.06175 (ms)
2026-07-13 02:28:00,150 [INFO] Pass: FixedPoint - 0.00429 (ms)
2026-07-13 02:28:00,150 [INFO] Pass: ContainsInstruction - 0.00477 (ms)
2026-07-13 02:28:00,150 [INFO] Pass: FixedPoint - 0.00453 (ms)
2026-07-13 02:28:00,150 [INFO] Pass: ContainsInstruction - 0.00501 (ms)
2026-07-13 02:28:00,150 [INFO] Pass: ContainsInstruction - 0.00525 (ms)
2026-07-13 02:28:00,150 [INFO] Pass: GatesInBasis - 0.88501 (ms)
2026-07-13 02:28:00,150 [INFO] Pass: GatesInBasis - 0.86665 (ms)
2026-07-13 02:28:00,150 [INFO] Pass: Depth - 0.17405 (ms)
2026-07-13 02:28:00,150 [INFO] Pass: FixedPoint - 0.00572 (ms)
2026-07-13 02:28:00,150 [INFO] Pass: Size - 0.06223 (ms)
2026-07-13 02:28:00,151 [INFO] Pass: Depth - 0.17619 (ms)
2026-07-13 02:28:00,151 [INFO] Pass: FixedPoint - 0.00453 (ms)
2026-07-13 02:28:00,151 [INFO] Pass: FixedPoint - 0.00548 (ms)
2026-07-13 02:28:00,151 [INFO] Pass: ContainsInstruction - 0.00525 (ms)
2026-07-13 02:28:00,151 [INFO] Pass: Size - 0.06175 (ms)
2026-07-13 02:28:00,151 [INFO] Pass: FixedPoint - 0.00453 (ms)
2026-07-13 02:28:00,151 [INFO] Pass: ContainsInstruction - 0.00501 (ms)
2026-07-13 02:28:00,151 [INFO] Total Transpile Time - 64.25905 (ms)
2026-07-13 02:28:00,151 [INFO] Total Transpile Time - 64.27336 (ms)
2026-07-13 02:28:00,151 [INFO] Total Transpile Time - 64.43214 (ms)
2026-07-13 02:28:00,151 [INFO] Total Transpile Time - 64.45026 (ms)
2026-07-13 02:28:00,151 [INFO] Total Transpile Time - 64.41498 (ms)
2026-07-13 02:28:00,151 [INFO] Total Transpile Time - 64.55374 (ms)
2026-07-13 02:28:00,151 [INFO] Total Transpile Time - 64.57710 (ms)
2026-07-13 02:28:00,152 [INFO] Total Transpile Time - 64.71634 (ms)
2026-07-13 02:28:00,152 [INFO] Total Transpile Time - 66.62917 (ms)
2026-07-13 02:28:00,169 [INFO] Pass: ContainsInstruction - 0.00954 (ms)
2026-07-13 02:28:00,169 [INFO] Pass: InverseCancellation - 0.17333 (ms)
2026-07-13 02:28:00,169 [INFO] Pass: UnitarySynthesis - 0.00477 (ms)
2026-07-13 02:28:00,171 [INFO] Pass: HighLevelSynthesis - 1.58000 (ms)
2026-07-13 02:28:00,172 [INFO] Pass: BasisTranslator - 0.85974 (ms)
2026-07-13 02:28:00,172 [INFO] Pass: ContainsInstruction - 0.00620 (ms)
2026-07-13 02:28:00,172 [INFO] Pass: Depth - 0.18144 (ms)
2026-07-13 02:28:00,172 [INFO] Pass: FixedPoint - 0.00691 (ms)
2026-07-13 02:28:00,172 [INFO] Pass: Size - 0.06366 (ms)
2026-07-13 02:28:00,172 [INFO] Pass: FixedPoint - 0.00453 (ms)
2026-07-13 02:28:00,172 [INFO] Pass: InverseCancellation - 0.16904 (ms)
2026-07-13 02:28:00,172 [INFO] Pass: UnitarySynthesis - 0.00429 (ms)
2026-07-13 02:28:00,173 [INFO] Pass: Optimize1qGatesDecomposition - 0.84162 (ms)
2026-07-13 02:28:00,173 [INFO] Pass: InverseCancellation - 0.00763 (ms)
2026-07-13 02:28:00,174 [INFO] Pass: HighLevelSynthesis - 1.57309 (ms)
2026-07-13 02:28:00,174 [INFO] Pass: GatesInBasis - 0.85211 (ms)
2026-07-13 02:28:00,174 [INFO] Pass: Depth - 0.17428 (ms)
2026-07-13 02:28:00,174 [INFO] Pass: FixedPoint - 0.00501 (ms)
2026-07-13 02:28:00,174 [INFO] Pass: Size - 0.06199 (ms)
2026-07-13 02:28:00,175 [INFO] Pass: FixedPoint - 0.00453 (ms)
2026-07-13 02:28:00,175 [INFO] Pass: BasisTranslator - 0.87881 (ms)
2026-07-13 02:28:00,175 [INFO] Pass: Depth - 0.18287 (ms)
2026-07-13 02:28:00,175 [INFO] Pass: FixedPoint - 0.00668 (ms)
2026-07-13 02:28:00,175 [INFO] Pass: Optimize1qGatesDecomposition - 0.68998 (ms)
2026-07-13 02:28:00,175 [INFO] Pass: InverseCancellation - 0.00715 (ms)
2026-07-13 02:28:00,175 [INFO] Pass: Size - 0.06366 (ms)
2026-07-13 02:28:00,175 [INFO] Pass: FixedPoint - 0.00429 (ms)
2026-07-13 02:28:00,176 [INFO] Pass: Optimize1qGatesDecomposition - 0.84329 (ms)
2026-07-13 02:28:00,176 [INFO] Pass: GatesInBasis - 0.91791 (ms)
2026-07-13 02:28:00,176 [INFO] Pass: InverseCancellation - 0.00763 (ms)
2026-07-13 02:28:00,176 [INFO] Pass: ContainsInstruction - 0.00596 (ms)
2026-07-13 02:28:00,176 [INFO] Pass: Depth - 0.17905 (ms)
2026-07-13 02:28:00,177 [INFO] Pass: FixedPoint - 0.00525 (ms)
2026-07-13 02:28:00,177 [INFO] Pass: Size - 0.06127 (ms)
2026-07-13 02:28:00,177 [INFO] Pass: FixedPoint - 0.00453 (ms)
2026-07-13 02:28:00,177 [INFO] Pass: ContainsInstruction - 0.00596 (ms)
2026-07-13 02:28:00,177 [INFO] Pass: InverseCancellation - 0.16952 (ms)
2026-07-13 02:28:00,177 [INFO] Pass: UnitarySynthesis - 0.00453 (ms)
2026-07-13 02:28:00,177 [INFO] Pass: GatesInBasis - 0.84376 (ms)
2026-07-13 02:28:00,177 [INFO] Pass: Depth - 0.17571 (ms)
2026-07-13 02:28:00,177 [INFO] Pass: FixedPoint - 0.00572 (ms)
2026-07-13 02:28:00,178 [INFO] Pass: Size - 0.06199 (ms)
2026-07-13 02:28:00,178 [INFO] Pass: FixedPoint - 0.00429 (ms)
2026-07-13 02:28:00,178 [INFO] Total Transpile Time - 66.02216 (ms)
2026-07-13 02:28:00,178 [INFO] Pass: Optimize1qGatesDecomposition - 0.70000 (ms)
2026-07-13 02:28:00,178 [INFO] Pass: InverseCancellation - 0.00715 (ms)
2026-07-13 02:28:00,178 [INFO] Pass: HighLevelSynthesis - 1.56617 (ms)
2026-07-13 02:28:00,179 [INFO] Pass: BasisTranslator - 0.86951 (ms)
2026-07-13 02:28:00,179 [INFO] Pass: GatesInBasis - 0.89264 (ms)
2026-07-13 02:28:00,180 [INFO] Pass: Depth - 0.18549 (ms)
2026-07-13 02:28:00,180 [INFO] Pass: Depth - 0.17691 (ms)
2026-07-13 02:28:00,180 [INFO] Pass: FixedPoint - 0.00691 (ms)
2026-07-13 02:28:00,180 [INFO] Pass: FixedPoint - 0.00501 (ms)
2026-07-13 02:28:00,180 [INFO] Pass: Size - 0.06366 (ms)
2026-07-13 02:28:00,180 [INFO] Pass: Size - 0.06080 (ms)
2026-07-13 02:28:00,180 [INFO] Pass: FixedPoint - 0.00453 (ms)
2026-07-13 02:28:00,180 [INFO] Pass: FixedPoint - 0.00453 (ms)
2026-07-13 02:28:00,180 [INFO] Pass: ContainsInstruction - 0.00525 (ms)
2026-07-13 02:28:00,181 [INFO] Pass: Optimize1qGatesDecomposition - 0.84043 (ms)
2026-07-13 02:28:00,181 [INFO] Pass: InverseCancellation - 0.00739 (ms)
2026-07-13 02:28:00,181 [INFO] Total Transpile Time - 66.48874 (ms)
2026-07-13 02:28:00,182 [INFO] Pass: GatesInBasis - 0.92125 (ms)
2026-07-13 02:28:00,182 [INFO] Pass: Depth - 0.17762 (ms)
2026-07-13 02:28:00,182 [INFO] Pass: FixedPoint - 0.00620 (ms)
2026-07-13 02:28:00,182 [INFO] Pass: Size - 0.06151 (ms)
2026-07-13 02:28:00,182 [INFO] Pass: FixedPoint - 0.00453 (ms)
2026-07-13 02:28:00,183 [INFO] Pass: Optimize1qGatesDecomposition - 0.71096 (ms)
2026-07-13 02:28:00,183 [INFO] Pass: InverseCancellation - 0.00787 (ms)
2026-07-13 02:28:00,184 [INFO] Pass: GatesInBasis - 0.82874 (ms)
2026-07-13 02:28:00,184 [INFO] Pass: Depth - 0.17166 (ms)
2026-07-13 02:28:00,184 [INFO] Pass: FixedPoint - 0.00501 (ms)
2026-07-13 02:28:00,184 [INFO] Pass: Size - 0.06175 (ms)
2026-07-13 02:28:00,184 [INFO] Pass: FixedPoint - 0.00429 (ms)
2026-07-13 02:28:00,184 [INFO] Pass: ContainsInstruction - 0.00525 (ms)
2026-07-13 02:28:00,185 [INFO] Total Transpile Time - 66.11872 (ms)
2026-07-13 02:28:00,197 [INFO] Pass: ContainsInstruction - 0.00644 (ms)
2026-07-13 02:28:00,198 [INFO] Pass: InverseCancellation - 0.18048 (ms)
2026-07-13 02:28:00,198 [INFO] Pass: UnitarySynthesis - 0.00429 (ms)
2026-07-13 02:28:00,199 [INFO] Pass: HighLevelSynthesis - 1.57261 (ms)
2026-07-13 02:28:00,200 [INFO] Pass: BasisTranslator - 0.86641 (ms)
2026-07-13 02:28:00,200 [INFO] Pass: Depth - 0.18549 (ms)
2026-07-13 02:28:00,200 [INFO] Pass: FixedPoint - 0.00715 (ms)
2026-07-13 02:28:00,201 [INFO] Pass: Size - 0.06390 (ms)
2026-07-13 02:28:00,201 [INFO] Pass: FixedPoint - 0.00429 (ms)
2026-07-13 02:28:00,201 [INFO] Pass: Optimize1qGatesDecomposition - 0.84496 (ms)
2026-07-13 02:28:00,202 [INFO] Pass: InverseCancellation - 0.00715 (ms)
2026-07-13 02:28:00,202 [INFO] Pass: GatesInBasis - 0.92840 (ms)
2026-07-13 02:28:00,203 [INFO] Pass: Depth - 0.17571 (ms)
2026-07-13 02:28:00,203 [INFO] Pass: FixedPoint - 0.00548 (ms)
2026-07-13 02:28:00,203 [INFO] Pass: Size - 0.06175 (ms)
2026-07-13 02:28:00,203 [INFO] Pass: FixedPoint - 0.00453 (ms)
2026-07-13 02:28:00,204 [INFO] Pass: Optimize1qGatesDecomposition - 0.70214 (ms)
2026-07-13 02:28:00,204 [INFO] Pass: InverseCancellation - 0.00811 (ms)
2026-07-13 02:28:00,205 [INFO] Pass: GatesInBasis - 0.83327 (ms)
2026-07-13 02:28:00,205 [INFO] Pass: Depth - 0.17142 (ms)
2026-07-13 02:28:00,205 [INFO] Pass: FixedPoint - 0.00548 (ms)
2026-07-13 02:28:00,205 [INFO] Pass: Size - 0.06032 (ms)
2026-07-13 02:28:00,205 [INFO] Pass: FixedPoint - 0.00429 (ms)
2026-07-13 02:28:00,205 [INFO] Pass: ContainsInstruction - 0.00501 (ms)
2026-07-13 02:28:00,206 [INFO] Total Transpile Time - 66.36977 (ms)
2026-07-13 02:28:00,206 [INFO] Pass: ContainsInstruction - 0.00620 (ms)
2026-07-13 02:28:00,207 [INFO] Pass: InverseCancellation - 0.17023 (ms)
2026-07-13 02:28:00,207 [INFO] Pass: UnitarySynthesis - 0.00429 (ms)
2026-07-13 02:28:00,208 [INFO] Pass: ContainsInstruction - 0.00620 (ms)
2026-07-13 02:28:00,208 [INFO] Pass: ContainsInstruction - 0.00644 (ms)
2026-07-13 02:28:00,208 [INFO] Pass: HighLevelSynthesis - 1.56593 (ms)
2026-07-13 02:28:00,208 [INFO] Pass: InverseCancellation - 0.17595 (ms)
2026-07-13 02:28:00,208 [INFO] Pass: UnitarySynthesis - 0.00477 (ms)
2026-07-13 02:28:00,209 [INFO] Pass: InverseCancellation - 0.17691 (ms)
2026-07-13 02:28:00,209 [INFO] Pass: ContainsInstruction - 0.00644 (ms)
2026-07-13 02:28:00,209 [INFO] Pass: ContainsInstruction - 0.00668 (ms)
2026-07-13 02:28:00,209 [INFO] Pass: UnitarySynthesis - 0.00477 (ms)
2026-07-13 02:28:00,209 [INFO] Pass: ContainsInstruction - 0.00691 (ms)
2026-07-13 02:28:00,209 [INFO] Pass: ContainsInstruction - 0.00811 (ms)
2026-07-13 02:28:00,209 [INFO] Pass: InverseCancellation - 0.17285 (ms)
2026-07-13 02:28:00,209 [INFO] Pass: InverseCancellation - 0.17071 (ms)
2026-07-13 02:28:00,209 [INFO] Pass: ContainsInstruction - 0.00668 (ms)
2026-07-13 02:28:00,209 [INFO] Pass: InverseCancellation - 0.17142 (ms)
2026-07-13 02:28:00,209 [INFO] Pass: UnitarySynthesis - 0.00453 (ms)
2026-07-13 02:28:00,209 [INFO] Pass: UnitarySynthesis - 0.00429 (ms)
2026-07-13 02:28:00,209 [INFO] Pass: UnitarySynthesis - 0.00429 (ms)
2026-07-13 02:28:00,209 [INFO] Pass: InverseCancellation - 0.17357 (ms)
2026-07-13 02:28:00,209 [INFO] Pass: UnitarySynthesis - 0.00429 (ms)
2026-07-13 02:28:00,209 [INFO] Pass: InverseCancellation - 0.17023 (ms)
2026-07-13 02:28:00,209 [INFO] Pass: UnitarySynthesis - 0.00429 (ms)
2026-07-13 02:28:00,209 [INFO] Pass: BasisTranslator - 0.86474 (ms)
2026-07-13 02:28:00,210 [INFO] Pass: Depth - 0.18835 (ms)
2026-07-13 02:28:00,210 [INFO] Pass: FixedPoint - 0.00668 (ms)
2026-07-13 02:28:00,210 [INFO] Pass: ContainsInstruction - 0.00644 (ms)
2026-07-13 02:28:00,210 [INFO] Pass: Size - 0.06437 (ms)
2026-07-13 02:28:00,210 [INFO] Pass: FixedPoint - 0.00429 (ms)
2026-07-13 02:28:00,210 [INFO] Pass: InverseCancellation - 0.17190 (ms)
2026-07-13 02:28:00,210 [INFO] Pass: ContainsInstruction - 0.00620 (ms)
2026-07-13 02:28:00,210 [INFO] Pass: UnitarySynthesis - 0.00477 (ms)
2026-07-13 02:28:00,210 [INFO] Pass: InverseCancellation - 0.17023 (ms)
2026-07-13 02:28:00,210 [INFO] Pass: HighLevelSynthesis - 1.54948 (ms)
2026-07-13 02:28:00,210 [INFO] Pass: UnitarySynthesis - 0.00453 (ms)
2026-07-13 02:28:00,210 [INFO] Pass: HighLevelSynthesis - 1.56569 (ms)
2026-07-13 02:28:00,210 [INFO] Pass: HighLevelSynthesis - 1.56474 (ms)
2026-07-13 02:28:00,211 [INFO] Pass: HighLevelSynthesis - 1.58191 (ms)
2026-07-13 02:28:00,211 [INFO] Pass: HighLevelSynthesis - 1.57952 (ms)
2026-07-13 02:28:00,211 [INFO] Pass: Optimize1qGatesDecomposition - 0.84352 (ms)
2026-07-13 02:28:00,211 [INFO] Pass: HighLevelSynthesis - 1.55830 (ms)
2026-07-13 02:28:00,211 [INFO] Pass: InverseCancellation - 0.00811 (ms)
2026-07-13 02:28:00,211 [INFO] Pass: HighLevelSynthesis - 1.56879 (ms)
2026-07-13 02:28:00,211 [INFO] Pass: BasisTranslator - 0.86546 (ms)
2026-07-13 02:28:00,211 [INFO] Pass: BasisTranslator - 0.87094 (ms)
2026-07-13 02:28:00,211 [INFO] Pass: Depth - 0.18430 (ms)
2026-07-13 02:28:00,211 [INFO] Pass: FixedPoint - 0.00668 (ms)
2026-07-13 02:28:00,211 [INFO] Pass: Size - 0.06390 (ms)
2026-07-13 02:28:00,211 [INFO] Pass: Depth - 0.18382 (ms)
2026-07-13 02:28:00,211 [INFO] Pass: FixedPoint - 0.00429 (ms)
2026-07-13 02:28:00,211 [INFO] Pass: BasisTranslator - 0.86308 (ms)
2026-07-13 02:28:00,211 [INFO] Pass: FixedPoint - 0.00739 (ms)
2026-07-13 02:28:00,211 [INFO] Pass: BasisTranslator - 0.86093 (ms)
2026-07-13 02:28:00,211 [INFO] Pass: BasisTranslator - 0.87023 (ms)
2026-07-13 02:28:00,211 [INFO] Pass: HighLevelSynthesis - 1.55592 (ms)
2026-07-13 02:28:00,211 [INFO] Pass: BasisTranslator - 0.85998 (ms)
2026-07-13 02:28:00,212 [INFO] Pass: Size - 0.06509 (ms)
2026-07-13 02:28:00,212 [INFO] Pass: GatesInBasis - 0.84829 (ms)
2026-07-13 02:28:00,212 [INFO] Pass: FixedPoint - 0.00429 (ms)
2026-07-13 02:28:00,212 [INFO] Pass: Depth - 0.18692 (ms)
2026-07-13 02:28:00,212 [INFO] Pass: BasisTranslator - 0.85998 (ms)
2026-07-13 02:28:00,212 [INFO] Pass: Depth - 0.18668 (ms)
2026-07-13 02:28:00,212 [INFO] Pass: FixedPoint - 0.00691 (ms)
2026-07-13 02:28:00,212 [INFO] Pass: Depth - 0.18740 (ms)
2026-07-13 02:28:00,212 [INFO] Pass: FixedPoint - 0.00715 (ms)
2026-07-13 02:28:00,212 [INFO] Pass: FixedPoint - 0.00715 (ms)
2026-07-13 02:28:00,212 [INFO] Pass: Depth - 0.18454 (ms)
2026-07-13 02:28:00,212 [INFO] Pass: HighLevelSynthesis - 1.56641 (ms)
2026-07-13 02:28:00,212 [INFO] Pass: Depth - 0.17691 (ms)
2026-07-13 02:28:00,212 [INFO] Pass: FixedPoint - 0.00691 (ms)
2026-07-13 02:28:00,212 [INFO] Pass: FixedPoint - 0.00548 (ms)
2026-07-13 02:28:00,212 [INFO] Pass: Size - 0.06390 (ms)
2026-07-13 02:28:00,212 [INFO] Pass: Size - 0.06342 (ms)
2026-07-13 02:28:00,212 [INFO] Pass: FixedPoint - 0.00477 (ms)
2026-07-13 02:28:00,212 [INFO] Pass: Size - 0.06366 (ms)
2026-07-13 02:28:00,212 [INFO] Pass: FixedPoint - 0.00429 (ms)
2026-07-13 02:28:00,212 [INFO] Pass: FixedPoint - 0.00429 (ms)
2026-07-13 02:28:00,212 [INFO] Pass: Size - 0.06342 (ms)
2026-07-13 02:28:00,212 [INFO] Pass: Size - 0.06127 (ms)
2026-07-13 02:28:00,212 [INFO] Pass: Depth - 0.18740 (ms)
2026-07-13 02:28:00,212 [INFO] Pass: FixedPoint - 0.00429 (ms)
2026-07-13 02:28:00,212 [INFO] Pass: FixedPoint - 0.00429 (ms)
2026-07-13 02:28:00,212 [INFO] Pass: FixedPoint - 0.00715 (ms)
2026-07-13 02:28:00,212 [INFO] Pass: Size - 0.06318 (ms)
2026-07-13 02:28:00,212 [INFO] Pass: FixedPoint - 0.00477 (ms)
2026-07-13 02:28:00,212 [INFO] Pass: Optimize1qGatesDecomposition - 0.84639 (ms)
2026-07-13 02:28:00,212 [INFO] Pass: InverseCancellation - 0.00739 (ms)
2026-07-13 02:28:00,212 [INFO] Pass: BasisTranslator - 0.86546 (ms)
2026-07-13 02:28:00,212 [INFO] Pass: Optimize1qGatesDecomposition - 0.85616 (ms)
2026-07-13 02:28:00,213 [INFO] Pass: InverseCancellation - 0.00787 (ms)
2026-07-13 02:28:00,213 [INFO] Pass: Depth - 0.18811 (ms)
2026-07-13 02:28:00,213 [INFO] Pass: Optimize1qGatesDecomposition - 0.70357 (ms)
2026-07-13 02:28:00,213 [INFO] Pass: BasisTranslator - 0.87881 (ms)
2026-07-13 02:28:00,213 [INFO] Pass: FixedPoint - 0.00715 (ms)
2026-07-13 02:28:00,213 [INFO] Pass: InverseCancellation - 0.00715 (ms)
2026-07-13 02:28:00,213 [INFO] Pass: Optimize1qGatesDecomposition - 0.84662 (ms)
2026-07-13 02:28:00,213 [INFO] Pass: Optimize1qGatesDecomposition - 0.86212 (ms)
2026-07-13 02:28:00,213 [INFO] Pass: Optimize1qGatesDecomposition - 0.85092 (ms)
2026-07-13 02:28:00,213 [INFO] Pass: InverseCancellation - 0.00858 (ms)
2026-07-13 02:28:00,213 [INFO] Pass: Size - 0.06509 (ms)
2026-07-13 02:28:00,213 [INFO] Pass: InverseCancellation - 0.00858 (ms)
2026-07-13 02:28:00,213 [INFO] Pass: Optimize1qGatesDecomposition - 0.84805 (ms)
2026-07-13 02:28:00,213 [INFO] Pass: InverseCancellation - 0.00739 (ms)
2026-07-13 02:28:00,213 [INFO] Pass: FixedPoint - 0.00477 (ms)
2026-07-13 02:28:00,213 [INFO] Pass: InverseCancellation - 0.00739 (ms)
2026-07-13 02:28:00,213 [INFO] Pass: Depth - 0.18477 (ms)
2026-07-13 02:28:00,213 [INFO] Pass: FixedPoint - 0.00715 (ms)
2026-07-13 02:28:00,213 [INFO] Pass: Optimize1qGatesDecomposition - 0.84162 (ms)
2026-07-13 02:28:00,213 [INFO] Pass: InverseCancellation - 0.00811 (ms)
2026-07-13 02:28:00,213 [INFO] Pass: Size - 0.06342 (ms)
2026-07-13 02:28:00,213 [INFO] Pass: FixedPoint - 0.00477 (ms)
2026-07-13 02:28:00,213 [INFO] Pass: GatesInBasis - 0.83470 (ms)
2026-07-13 02:28:00,213 [INFO] Pass: Depth - 0.18048 (ms)
2026-07-13 02:28:00,213 [INFO] Pass: FixedPoint - 0.00572 (ms)
2026-07-13 02:28:00,213 [INFO] Pass: GatesInBasis - 0.93079 (ms)
2026-07-13 02:28:00,214 [INFO] Pass: Size - 0.06223 (ms)
2026-07-13 02:28:00,214 [INFO] Pass: FixedPoint - 0.00405 (ms)
2026-07-13 02:28:00,214 [INFO] Pass: GatesInBasis - 0.91124 (ms)
2026-07-13 02:28:00,214 [INFO] Pass: GatesInBasis - 0.84233 (ms)
2026-07-13 02:28:00,214 [INFO] Pass: Depth - 0.17357 (ms)
2026-07-13 02:28:00,214 [INFO] Pass: Optimize1qGatesDecomposition - 0.85568 (ms)
2026-07-13 02:28:00,214 [INFO] Pass: GatesInBasis - 0.92173 (ms)
2026-07-13 02:28:00,214 [INFO] Pass: FixedPoint - 0.00525 (ms)
2026-07-13 02:28:00,214 [INFO] Pass: InverseCancellation - 0.00811 (ms)
2026-07-13 02:28:00,214 [INFO] Pass: GatesInBasis - 0.92506 (ms)
2026-07-13 02:28:00,214 [INFO] Pass: Size - 0.06127 (ms)
2026-07-13 02:28:00,214 [INFO] Pass: GatesInBasis - 0.95320 (ms)
2026-07-13 02:28:00,214 [INFO] Pass: Depth - 0.17262 (ms)
2026-07-13 02:28:00,214 [INFO] Pass: FixedPoint - 0.00453 (ms)
2026-07-13 02:28:00,214 [INFO] Pass: Depth - 0.17667 (ms)
2026-07-13 02:28:00,214 [INFO] Pass: FixedPoint - 0.00548 (ms)
2026-07-13 02:28:00,214 [INFO] Pass: FixedPoint - 0.00548 (ms)
2026-07-13 02:28:00,214 [INFO] Pass: Optimize1qGatesDecomposition - 0.84376 (ms)
2026-07-13 02:28:00,214 [INFO] Pass: GatesInBasis - 0.92554 (ms)
2026-07-13 02:28:00,214 [INFO] Pass: Depth - 0.17858 (ms)
2026-07-13 02:28:00,214 [INFO] Pass: FixedPoint - 0.00548 (ms)
2026-07-13 02:28:00,214 [INFO] Pass: Size - 0.06223 (ms)
2026-07-13 02:28:00,214 [INFO] Pass: InverseCancellation - 0.00739 (ms)
2026-07-13 02:28:00,214 [INFO] Pass: Depth - 0.17858 (ms)
2026-07-13 02:28:00,214 [INFO] Pass: Size - 0.06223 (ms)
2026-07-13 02:28:00,214 [INFO] Pass: FixedPoint - 0.00453 (ms)
2026-07-13 02:28:00,214 [INFO] Pass: FixedPoint - 0.00596 (ms)
2026-07-13 02:28:00,214 [INFO] Pass: Depth - 0.17595 (ms)
2026-07-13 02:28:00,214 [INFO] Pass: FixedPoint - 0.00429 (ms)
2026-07-13 02:28:00,214 [INFO] Pass: ContainsInstruction - 0.00548 (ms)
2026-07-13 02:28:00,214 [INFO] Pass: Size - 0.06318 (ms)
2026-07-13 02:28:00,214 [INFO] Pass: FixedPoint - 0.00596 (ms)
2026-07-13 02:28:00,214 [INFO] Pass: FixedPoint - 0.00453 (ms)
2026-07-13 02:28:00,214 [INFO] Pass: Size - 0.06413 (ms)
2026-07-13 02:28:00,214 [INFO] Pass: Depth - 0.17500 (ms)
2026-07-13 02:28:00,214 [INFO] Pass: FixedPoint - 0.00429 (ms)
2026-07-13 02:28:00,214 [INFO] Pass: Size - 0.06199 (ms)
2026-07-13 02:28:00,214 [INFO] Pass: FixedPoint - 0.00572 (ms)
2026-07-13 02:28:00,214 [INFO] Pass: FixedPoint - 0.00453 (ms)
2026-07-13 02:28:00,214 [INFO] Pass: Size - 0.06223 (ms)
2026-07-13 02:28:00,214 [INFO] Pass: FixedPoint - 0.00429 (ms)
2026-07-13 02:28:00,214 [INFO] Pass: Optimize1qGatesDecomposition - 0.68998 (ms)
2026-07-13 02:28:00,214 [INFO] Pass: InverseCancellation - 0.00715 (ms)
2026-07-13 02:28:00,215 [INFO] Pass: Optimize1qGatesDecomposition - 0.70310 (ms)
2026-07-13 02:28:00,215 [INFO] Pass: GatesInBasis - 0.84090 (ms)
2026-07-13 02:28:00,215 [INFO] Pass: InverseCancellation - 0.00763 (ms)
2026-07-13 02:28:00,215 [INFO] Pass: Optimize1qGatesDecomposition - 0.70190 (ms)
2026-07-13 02:28:00,215 [INFO] Pass: InverseCancellation - 0.00691 (ms)
2026-07-13 02:28:00,215 [INFO] Pass: Depth - 0.17548 (ms)
2026-07-13 02:28:00,215 [INFO] Pass: Optimize1qGatesDecomposition - 0.69952 (ms)
2026-07-13 02:28:00,215 [INFO] Pass: FixedPoint - 0.00548 (ms)
2026-07-13 02:28:00,215 [INFO] Pass: InverseCancellation - 0.00715 (ms)
2026-07-13 02:28:00,215 [INFO] Pass: Optimize1qGatesDecomposition - 0.70906 (ms)
2026-07-13 02:28:00,215 [INFO] Pass: GatesInBasis - 0.92125 (ms)
2026-07-13 02:28:00,215 [INFO] Pass: Optimize1qGatesDecomposition - 0.70381 (ms)
2026-07-13 02:28:00,215 [INFO] Pass: InverseCancellation - 0.00787 (ms)
2026-07-13 02:28:00,215 [INFO] Pass: Size - 0.06294 (ms)
2026-07-13 02:28:00,215 [INFO] Pass: InverseCancellation - 0.00763 (ms)
2026-07-13 02:28:00,215 [INFO] Pass: FixedPoint - 0.00429 (ms)
2026-07-13 02:28:00,215 [INFO] Pass: Optimize1qGatesDecomposition - 0.69857 (ms)
2026-07-13 02:28:00,215 [INFO] Pass: InverseCancellation - 0.00739 (ms)
2026-07-13 02:28:00,215 [INFO] Pass: Depth - 0.17571 (ms)
2026-07-13 02:28:00,215 [INFO] Pass: FixedPoint - 0.00572 (ms)
2026-07-13 02:28:00,215 [INFO] Pass: Size - 0.06223 (ms)
2026-07-13 02:28:00,215 [INFO] Pass: GatesInBasis - 0.88382 (ms)
2026-07-13 02:28:00,215 [INFO] Pass: FixedPoint - 0.00405 (ms)
2026-07-13 02:28:00,215 [INFO] Total Transpile Time - 66.05959 (ms)
2026-07-13 02:28:00,216 [INFO] Pass: GatesInBasis - 0.83399 (ms)
2026-07-13 02:28:00,216 [INFO] Pass: Depth - 0.17762 (ms)
2026-07-13 02:28:00,216 [INFO] Pass: FixedPoint - 0.00548 (ms)
2026-07-13 02:28:00,216 [INFO] Pass: Size - 0.06175 (ms)
2026-07-13 02:28:00,216 [INFO] Pass: FixedPoint - 0.00429 (ms)
2026-07-13 02:28:00,216 [INFO] Pass: ContainsInstruction - 0.00548 (ms)
2026-07-13 02:28:00,216 [INFO] Pass: Depth - 0.16999 (ms)
2026-07-13 02:28:00,216 [INFO] Pass: FixedPoint - 0.00477 (ms)
2026-07-13 02:28:00,216 [INFO] Pass: Optimize1qGatesDecomposition - 0.70643 (ms)
2026-07-13 02:28:00,216 [INFO] Pass: GatesInBasis - 0.83327 (ms)
2026-07-13 02:28:00,216 [INFO] Pass: GatesInBasis - 0.89931 (ms)
2026-07-13 02:28:00,216 [INFO] Pass: InverseCancellation - 0.00739 (ms)
2026-07-13 02:28:00,216 [INFO] Pass: GatesInBasis - 0.83899 (ms)
2026-07-13 02:28:00,216 [INFO] Pass: Size - 0.06080 (ms)
2026-07-13 02:28:00,216 [INFO] Pass: GatesInBasis - 0.83470 (ms)
2026-07-13 02:28:00,216 [INFO] Pass: FixedPoint - 0.00453 (ms)
2026-07-13 02:28:00,216 [INFO] Pass: ContainsInstruction - 0.00548 (ms)
2026-07-13 02:28:00,216 [INFO] Pass: Depth - 0.17095 (ms)
2026-07-13 02:28:00,216 [INFO] Pass: GatesInBasis - 0.83852 (ms)
2026-07-13 02:28:00,216 [INFO] Pass: Depth - 0.17262 (ms)
2026-07-13 02:28:00,216 [INFO] Pass: FixedPoint - 0.00501 (ms)
2026-07-13 02:28:00,216 [INFO] Pass: FixedPoint - 0.00525 (ms)
2026-07-13 02:28:00,216 [INFO] Pass: Depth - 0.17071 (ms)
2026-07-13 02:28:00,216 [INFO] Pass: Optimize1qGatesDecomposition - 0.70262 (ms)
2026-07-13 02:28:00,216 [INFO] Pass: FixedPoint - 0.00525 (ms)
2026-07-13 02:28:00,216 [INFO] Pass: Depth - 0.17190 (ms)
2026-07-13 02:28:00,216 [INFO] Pass: Size - 0.06151 (ms)
2026-07-13 02:28:00,216 [INFO] Pass: Size - 0.06127 (ms)
2026-07-13 02:28:00,216 [INFO] Pass: FixedPoint - 0.00525 (ms)
2026-07-13 02:28:00,216 [INFO] Pass: InverseCancellation - 0.00763 (ms)
2026-07-13 02:28:00,216 [INFO] Pass: FixedPoint - 0.00429 (ms)
2026-07-13 02:28:00,216 [INFO] Pass: FixedPoint - 0.00453 (ms)
2026-07-13 02:28:00,216 [INFO] Pass: Size - 0.06104 (ms)
2026-07-13 02:28:00,216 [INFO] Pass: ContainsInstruction - 0.00525 (ms)
2026-07-13 02:28:00,216 [INFO] Pass: Depth - 0.17095 (ms)
2026-07-13 02:28:00,216 [INFO] Pass: ContainsInstruction - 0.00525 (ms)
2026-07-13 02:28:00,216 [INFO] Pass: FixedPoint - 0.00429 (ms)
2026-07-13 02:28:00,216 [INFO] Pass: Size - 0.06080 (ms)
2026-07-13 02:28:00,216 [INFO] Pass: FixedPoint - 0.00548 (ms)
2026-07-13 02:28:00,216 [INFO] Pass: ContainsInstruction - 0.00501 (ms)
2026-07-13 02:28:00,216 [INFO] Pass: FixedPoint - 0.00453 (ms)
2026-07-13 02:28:00,216 [INFO] Pass: ContainsInstruction - 0.00525 (ms)
2026-07-13 02:28:00,216 [INFO] Pass: Size - 0.06056 (ms)
2026-07-13 02:28:00,216 [INFO] Pass: FixedPoint - 0.00453 (ms)
2026-07-13 02:28:00,216 [INFO] Pass: ContainsInstruction - 0.00501 (ms)
2026-07-13 02:28:00,217 [INFO] Pass: GatesInBasis - 0.89598 (ms)
2026-07-13 02:28:00,217 [INFO] Pass: Depth - 0.17190 (ms)
2026-07-13 02:28:00,217 [INFO] Pass: FixedPoint - 0.00501 (ms)
2026-07-13 02:28:00,217 [INFO] Pass: GatesInBasis - 0.83566 (ms)
2026-07-13 02:28:00,217 [INFO] Pass: Size - 0.06104 (ms)
2026-07-13 02:28:00,217 [INFO] Total Transpile Time - 66.22171 (ms)
2026-07-13 02:28:00,217 [INFO] Pass: FixedPoint - 0.00453 (ms)
2026-07-13 02:28:00,217 [INFO] Pass: ContainsInstruction - 0.00525 (ms)
2026-07-13 02:28:00,217 [INFO] Pass: Depth - 0.16999 (ms)
2026-07-13 02:28:00,217 [INFO] Pass: FixedPoint - 0.00477 (ms)
2026-07-13 02:28:00,217 [INFO] Pass: Size - 0.06223 (ms)
2026-07-13 02:28:00,217 [INFO] Total Transpile Time - 66.30826 (ms)
2026-07-13 02:28:00,217 [INFO] Pass: FixedPoint - 0.00429 (ms)
2026-07-13 02:28:00,217 [INFO] Pass: ContainsInstruction - 0.00525 (ms)
2026-07-13 02:28:00,218 [INFO] Total Transpile Time - 66.46514 (ms)
2026-07-13 02:28:00,218 [INFO] Total Transpile Time - 66.34116 (ms)
2026-07-13 02:28:00,218 [INFO] Total Transpile Time - 66.54310 (ms)
2026-07-13 02:28:00,218 [INFO] Total Transpile Time - 66.49923 (ms)
2026-07-13 02:28:00,218 [INFO] Total Transpile Time - 66.55526 (ms)
2026-07-13 02:28:00,219 [INFO] Total Transpile Time - 66.56551 (ms)
2026-07-13 02:28:00,219 [INFO] Total Transpile Time - 66.63775 (ms)
2026-07-13 02:28:01,093 [INFO] [PCE] Aer metadata (1a ejecucion de este proceso): device=CPU method=statevector shots=8192 fusion_enabled=True
2026-07-13 02:28:01,094 [INFO] [PCE] Aer metadata (1a ejecucion de este proceso): device=CPU method=statevector shots=8192 fusion_enabled=True
2026-07-13 02:28:01,097 [INFO] [PCE] Aer metadata (1a ejecucion de este proceso): device=CPU method=statevector shots=8192 fusion_enabled=True
2026-07-13 02:28:01,106 [INFO] [PCE] Aer metadata (1a ejecucion de este proceso): device=CPU method=statevector shots=8192 fusion_enabled=True
2026-07-13 02:28:01,109 [INFO] [PCE] Aer metadata (1a ejecucion de este proceso): device=CPU method=statevector shots=8192 fusion_enabled=True
2026-07-13 02:28:01,111 [INFO] [PCE] Aer metadata (1a ejecucion de este proceso): device=CPU method=statevector shots=8192 fusion_enabled=True
2026-07-13 02:28:01,113 [INFO] [PCE] Aer metadata (1a ejecucion de este proceso): device=CPU method=statevector shots=8192 fusion_enabled=True
2026-07-13 02:28:01,116 [INFO] [PCE] Aer metadata (1a ejecucion de este proceso): device=CPU method=statevector shots=8192 fusion_enabled=True
2026-07-13 02:28:01,118 [INFO] [PCE] Aer metadata (1a ejecucion de este proceso): device=CPU method=statevector shots=8192 fusion_enabled=True
2026-07-13 02:28:01,120 [INFO] [PCE] Aer metadata (1a ejecucion de este proceso): device=CPU method=statevector shots=8192 fusion_enabled=True
2026-07-13 02:28:01,122 [INFO] [PCE] Aer metadata (1a ejecucion de este proceso): device=CPU method=statevector shots=8192 fusion_enabled=True
2026-07-13 02:28:01,124 [INFO] [PCE] Aer metadata (1a ejecucion de este proceso): device=CPU method=statevector shots=8192 fusion_enabled=True
2026-07-13 02:28:01,126 [INFO] [PCE] Aer metadata (1a ejecucion de este proceso): device=CPU method=statevector shots=8192 fusion_enabled=True
2026-07-13 02:28:01,128 [INFO] [PCE] Aer metadata (1a ejecucion de este proceso): device=CPU method=statevector shots=8192 fusion_enabled=True
2026-07-13 10:51:17,885 [INFO] [PCE] n=250 instancia (idx=23) 1/14 completada (paralelo) - transcurrido=0:08:23:18
2026-07-13 10:52:59,383 [INFO] [PCE] n=250 instancia (idx=86) 2/14 completada (paralelo) - transcurrido=0:08:24:59
2026-07-13 10:53:00,224 [INFO] [PCE] n=250 instancia (idx=37) 3/14 completada (paralelo) - transcurrido=0:08:25:00
2026-07-13 10:53:12,170 [INFO] [PCE] n=250 instancia (idx=65) 4/14 completada (paralelo) - transcurrido=0:08:25:12
2026-07-13 10:53:37,704 [INFO] [PCE] n=250 instancia (idx=16) 5/14 completada (paralelo) - transcurrido=0:08:25:38
2026-07-13 11:13:35,011 [INFO] [PCE] n=250 instancia (idx=51) 6/14 completada (paralelo) - transcurrido=0:08:45:35
2026-07-13 11:15:06,960 [INFO] [PCE] n=250 instancia (idx=30) 7/14 completada (paralelo) - transcurrido=0:08:47:07
2026-07-13 11:23:24,544 [INFO] [PCE] n=250 instancia (idx=79) 8/14 completada (paralelo) - transcurrido=0:08:55:25
2026-07-13 11:25:11,585 [INFO] [PCE] n=250 instancia (idx=93) 9/14 completada (paralelo) - transcurrido=0:08:57:12
2026-07-13 11:25:12,891 [INFO] [PCE] n=250 instancia (idx=72) 10/14 completada (paralelo) - transcurrido=0:08:57:13
2026-07-13 11:27:23,461 [INFO] [PCE] n=250 instancia (idx=44) 11/14 completada (paralelo) - transcurrido=0:08:59:24
2026-07-13 11:28:07,399 [INFO] [PCE] n=250 instancia (idx=58) 12/14 completada (paralelo) - transcurrido=0:09:00:08
2026-07-13 11:28:44,863 [INFO] [PCE] n=250 instancia (idx=9) 13/14 completada (paralelo) - transcurrido=0:09:00:45
2026-07-13 11:31:23,423 [INFO] [PCE] n=250 instancia (idx=2) 14/14 completada (paralelo) - transcurrido=0:09:03:24
2026-07-13 11:31:23,549 [INFO] [PCE] n=250 chunk 3/7 completado - beta_parcial=0.2205 duration=0:09:03:24 shots=8192 backend=AER
