gcc/system unloaded
gcccore/system unloaded
cesga/2022 unloaded
rust/1.75.0 unloaded
imkl/2022.0.1 unloaded
numpy/1.26.4 unloaded
scipy/1.13.1 unloaded
flint/2.8.4 unloaded
symengine/0.11.1 unloaded
symengine-python/0.11.0 unloaded
spdlog/1.9.2 unloaded
pylatexenc/2.10 unloaded
qiskit/1.2.4-aer-gpu-cu11 unloaded
        Preparing the environment for use of the CESGA 2022 software stack.
        Please rebuild modules cache: module --ignore-cache avail
     
cesga/2022 loaded
rust/1.75.0 loaded

imkl/2023.2.0 loaded
numpy/1.26.4 loaded
scipy/1.13.1 loaded
imkl/2023.2.0 unloaded

imkl/2022.0.1 loaded
flint/2.8.4 loaded
symengine/0.11.1 loaded
symengine-python/0.11.0 loaded
spdlog/1.9.2 loaded
pylatexenc/2.10 loaded
gcccore/system loaded
gcc/system loaded
qiskit/1.2.4-aer-gpu-cu11 loaded
2026-07-13 02:29:21,658 [INFO] [PCE] n=250 chunk 4/7: 14 instancias [3, 10, 17, 24, 31, 38, 45, 52, 59, 66, 73, 80, 87, 94], num_workers=14, qubits=9
2026-07-13 02:29:21,658 [INFO] [PCE] n=250 paralelizando 14 instancias entre 14 workers (max_parallel_threads=1 fijo, independiente de num_workers)
2026-07-13 02:29:21,809 [INFO] Pass: ContainsInstruction - 0.01168 (ms)
2026-07-13 02:29:21,809 [INFO] Pass: InverseCancellation - 0.01717 (ms)
2026-07-13 02:29:21,809 [INFO] Pass: UnitarySynthesis - 0.00620 (ms)
2026-07-13 02:29:21,811 [INFO] Pass: HighLevelSynthesis - 1.66798 (ms)
2026-07-13 02:29:21,812 [INFO] Pass: BasisTranslator - 0.91481 (ms)
2026-07-13 02:29:21,812 [INFO] Pass: Depth - 0.21672 (ms)
2026-07-13 02:29:21,812 [INFO] Pass: FixedPoint - 0.01216 (ms)
2026-07-13 02:29:21,812 [INFO] Pass: Size - 0.06628 (ms)
2026-07-13 02:29:21,812 [INFO] Pass: FixedPoint - 0.00453 (ms)
2026-07-13 02:29:21,813 [INFO] Pass: Optimize1qGatesDecomposition - 0.16069 (ms)
2026-07-13 02:29:21,813 [INFO] Pass: InverseCancellation - 0.00906 (ms)
2026-07-13 02:29:21,814 [INFO] Pass: GatesInBasis - 0.90051 (ms)
2026-07-13 02:29:21,814 [INFO] Pass: Depth - 0.17118 (ms)
2026-07-13 02:29:21,814 [INFO] Pass: FixedPoint - 0.00525 (ms)
2026-07-13 02:29:21,814 [INFO] Pass: Size - 0.06294 (ms)
2026-07-13 02:29:21,814 [INFO] Pass: FixedPoint - 0.00405 (ms)
2026-07-13 02:29:21,814 [INFO] Pass: ContainsInstruction - 0.00501 (ms)
2026-07-13 02:29:21,815 [INFO] Total Transpile Time - 83.67682 (ms)
2026-07-13 02:29:21,816 [INFO] Pass: ContainsInstruction - 0.01311 (ms)
2026-07-13 02:29:21,816 [INFO] Pass: InverseCancellation - 0.01597 (ms)
2026-07-13 02:29:21,816 [INFO] Pass: UnitarySynthesis - 0.00548 (ms)
2026-07-13 02:29:21,818 [INFO] Pass: HighLevelSynthesis - 1.65391 (ms)
2026-07-13 02:29:21,818 [INFO] Pass: ContainsInstruction - 0.01335 (ms)
2026-07-13 02:29:21,818 [INFO] Pass: BasisTranslator - 0.89240 (ms)
2026-07-13 02:29:21,819 [INFO] Pass: InverseCancellation - 0.01693 (ms)
2026-07-13 02:29:21,819 [INFO] Pass: UnitarySynthesis - 0.00548 (ms)
2026-07-13 02:29:21,819 [INFO] Pass: Depth - 0.22078 (ms)
2026-07-13 02:29:21,819 [INFO] Pass: FixedPoint - 0.01216 (ms)
2026-07-13 02:29:21,819 [INFO] Pass: Size - 0.06676 (ms)
2026-07-13 02:29:21,819 [INFO] Pass: FixedPoint - 0.00429 (ms)
2026-07-13 02:29:21,819 [INFO] Pass: Optimize1qGatesDecomposition - 0.15807 (ms)
2026-07-13 02:29:21,819 [INFO] Pass: InverseCancellation - 0.00787 (ms)
2026-07-13 02:29:21,820 [INFO] Pass: GatesInBasis - 0.90528 (ms)
2026-07-13 02:29:21,820 [INFO] Pass: HighLevelSynthesis - 1.63817 (ms)
2026-07-13 02:29:21,820 [INFO] Pass: Depth - 0.17047 (ms)
2026-07-13 02:29:21,820 [INFO] Pass: FixedPoint - 0.00501 (ms)
2026-07-13 02:29:21,820 [INFO] Pass: Size - 0.06247 (ms)
2026-07-13 02:29:21,821 [INFO] Pass: FixedPoint - 0.00405 (ms)
2026-07-13 02:29:21,821 [INFO] Pass: ContainsInstruction - 0.00525 (ms)
2026-07-13 02:29:21,821 [INFO] Pass: ContainsInstruction - 0.01574 (ms)
2026-07-13 02:29:21,821 [INFO] Pass: InverseCancellation - 0.01478 (ms)
2026-07-13 02:29:21,821 [INFO] Pass: BasisTranslator - 0.91529 (ms)
2026-07-13 02:29:21,821 [INFO] Pass: UnitarySynthesis - 0.00525 (ms)
2026-07-13 02:29:21,822 [INFO] Pass: Depth - 0.22101 (ms)
2026-07-13 02:29:21,822 [INFO] Pass: FixedPoint - 0.01264 (ms)
2026-07-13 02:29:21,822 [INFO] Pass: Size - 0.06628 (ms)
2026-07-13 02:29:21,822 [INFO] Pass: FixedPoint - 0.00501 (ms)
2026-07-13 02:29:21,822 [INFO] Pass: ContainsInstruction - 0.01383 (ms)
2026-07-13 02:29:21,822 [INFO] Pass: InverseCancellation - 0.01669 (ms)
2026-07-13 02:29:21,822 [INFO] Pass: Optimize1qGatesDecomposition - 0.15473 (ms)
2026-07-13 02:29:21,822 [INFO] Pass: UnitarySynthesis - 0.00525 (ms)
2026-07-13 02:29:21,822 [INFO] Pass: InverseCancellation - 0.00954 (ms)
2026-07-13 02:29:21,822 [INFO] Total Transpile Time - 84.34439 (ms)
2026-07-13 02:29:21,823 [INFO] Pass: GatesInBasis - 0.90122 (ms)
2026-07-13 02:29:21,823 [INFO] Pass: HighLevelSynthesis - 1.62363 (ms)
2026-07-13 02:29:21,823 [INFO] Pass: Depth - 0.17691 (ms)
2026-07-13 02:29:21,823 [INFO] Pass: FixedPoint - 0.00501 (ms)
2026-07-13 02:29:21,823 [INFO] Pass: Size - 0.06175 (ms)
2026-07-13 02:29:21,823 [INFO] Pass: FixedPoint - 0.00405 (ms)
2026-07-13 02:29:21,823 [INFO] Pass: ContainsInstruction - 0.01407 (ms)
2026-07-13 02:29:21,823 [INFO] Pass: ContainsInstruction - 0.00501 (ms)
2026-07-13 02:29:21,823 [INFO] Pass: InverseCancellation - 0.01979 (ms)
2026-07-13 02:29:21,823 [INFO] Pass: UnitarySynthesis - 0.00572 (ms)
2026-07-13 02:29:21,824 [INFO] Pass: HighLevelSynthesis - 1.63627 (ms)
2026-07-13 02:29:21,824 [INFO] Pass: BasisTranslator - 0.91600 (ms)
2026-07-13 02:29:21,824 [INFO] Pass: Depth - 0.21315 (ms)
2026-07-13 02:29:21,824 [INFO] Pass: FixedPoint - 0.01168 (ms)
2026-07-13 02:29:21,824 [INFO] Pass: Size - 0.06557 (ms)
2026-07-13 02:29:21,824 [INFO] Pass: FixedPoint - 0.00477 (ms)
2026-07-13 02:29:21,825 [INFO] Pass: Optimize1qGatesDecomposition - 0.15378 (ms)
2026-07-13 02:29:21,825 [INFO] Pass: BasisTranslator - 0.90003 (ms)
2026-07-13 02:29:21,825 [INFO] Pass: InverseCancellation - 0.00811 (ms)
2026-07-13 02:29:21,825 [INFO] Total Transpile Time - 83.90856 (ms)
2026-07-13 02:29:21,825 [INFO] Pass: Depth - 0.21148 (ms)
2026-07-13 02:29:21,825 [INFO] Pass: FixedPoint - 0.01121 (ms)
2026-07-13 02:29:21,825 [INFO] Pass: Size - 0.06580 (ms)
2026-07-13 02:29:21,825 [INFO] Pass: FixedPoint - 0.00453 (ms)
2026-07-13 02:29:21,825 [INFO] Pass: HighLevelSynthesis - 1.64819 (ms)
2026-07-13 02:29:21,825 [INFO] Pass: ContainsInstruction - 0.01121 (ms)
2026-07-13 02:29:21,825 [INFO] Pass: Optimize1qGatesDecomposition - 0.14615 (ms)
2026-07-13 02:29:21,825 [INFO] Pass: InverseCancellation - 0.01597 (ms)
2026-07-13 02:29:21,825 [INFO] Pass: InverseCancellation - 0.00715 (ms)
2026-07-13 02:29:21,825 [INFO] Pass: UnitarySynthesis - 0.00525 (ms)
2026-07-13 02:29:21,826 [INFO] Pass: GatesInBasis - 0.90122 (ms)
2026-07-13 02:29:21,826 [INFO] Pass: Depth - 0.17190 (ms)
2026-07-13 02:29:21,826 [INFO] Pass: FixedPoint - 0.00477 (ms)
2026-07-13 02:29:21,826 [INFO] Pass: Size - 0.06080 (ms)
2026-07-13 02:29:21,826 [INFO] Pass: FixedPoint - 0.00453 (ms)
2026-07-13 02:29:21,826 [INFO] Pass: ContainsInstruction - 0.00501 (ms)
2026-07-13 02:29:21,826 [INFO] Pass: BasisTranslator - 0.91243 (ms)
2026-07-13 02:29:21,826 [INFO] Pass: GatesInBasis - 0.90837 (ms)
2026-07-13 02:29:21,826 [INFO] Pass: Depth - 0.21362 (ms)
2026-07-13 02:29:21,826 [INFO] Pass: Depth - 0.17023 (ms)
2026-07-13 02:29:21,826 [INFO] Pass: FixedPoint - 0.01335 (ms)
2026-07-13 02:29:21,826 [INFO] Pass: FixedPoint - 0.00501 (ms)
2026-07-13 02:29:21,827 [INFO] Pass: Size - 0.07176 (ms)
2026-07-13 02:29:21,827 [INFO] Pass: Size - 0.06580 (ms)
2026-07-13 02:29:21,827 [INFO] Pass: FixedPoint - 0.00477 (ms)
2026-07-13 02:29:21,827 [INFO] Pass: FixedPoint - 0.00405 (ms)
2026-07-13 02:29:21,827 [INFO] Pass: ContainsInstruction - 0.00525 (ms)
2026-07-13 02:29:21,827 [INFO] Pass: Optimize1qGatesDecomposition - 0.15950 (ms)
2026-07-13 02:29:21,827 [INFO] Pass: InverseCancellation - 0.00787 (ms)
2026-07-13 02:29:21,827 [INFO] Pass: HighLevelSynthesis - 1.71161 (ms)
2026-07-13 02:29:21,827 [INFO] Total Transpile Time - 83.65059 (ms)
2026-07-13 02:29:21,828 [INFO] Pass: GatesInBasis - 0.89884 (ms)
2026-07-13 02:29:21,828 [INFO] Pass: Depth - 0.17047 (ms)
2026-07-13 02:29:21,828 [INFO] Pass: FixedPoint - 0.00525 (ms)
2026-07-13 02:29:21,828 [INFO] Pass: BasisTranslator - 0.90146 (ms)
2026-07-13 02:29:21,828 [INFO] Total Transpile Time - 84.30457 (ms)
2026-07-13 02:29:21,828 [INFO] Pass: Size - 0.06247 (ms)
2026-07-13 02:29:21,828 [INFO] Pass: FixedPoint - 0.00405 (ms)
2026-07-13 02:29:21,828 [INFO] Pass: ContainsInstruction - 0.00501 (ms)
2026-07-13 02:29:21,828 [INFO] Pass: Depth - 0.21100 (ms)
2026-07-13 02:29:21,828 [INFO] Pass: FixedPoint - 0.01359 (ms)
2026-07-13 02:29:21,828 [INFO] Pass: Size - 0.06413 (ms)
2026-07-13 02:29:21,828 [INFO] Pass: FixedPoint - 0.00429 (ms)
2026-07-13 02:29:21,829 [INFO] Pass: Optimize1qGatesDecomposition - 0.15569 (ms)
2026-07-13 02:29:21,829 [INFO] Pass: InverseCancellation - 0.00763 (ms)
2026-07-13 02:29:21,830 [INFO] Pass: GatesInBasis - 0.90122 (ms)
2026-07-13 02:29:21,830 [INFO] Total Transpile Time - 85.67333 (ms)
2026-07-13 02:29:21,830 [INFO] Pass: ContainsInstruction - 0.01097 (ms)
2026-07-13 02:29:21,830 [INFO] Pass: InverseCancellation - 0.01717 (ms)
2026-07-13 02:29:21,830 [INFO] Pass: UnitarySynthesis - 0.00525 (ms)
2026-07-13 02:29:21,830 [INFO] Pass: Depth - 0.17118 (ms)
2026-07-13 02:29:21,830 [INFO] Pass: FixedPoint - 0.00548 (ms)
2026-07-13 02:29:21,830 [INFO] Pass: Size - 0.06080 (ms)
2026-07-13 02:29:21,830 [INFO] Pass: FixedPoint - 0.00453 (ms)
2026-07-13 02:29:21,830 [INFO] Pass: ContainsInstruction - 0.00453 (ms)
2026-07-13 02:29:21,830 [INFO] Pass: ContainsInstruction - 0.01144 (ms)
2026-07-13 02:29:21,831 [INFO] Pass: InverseCancellation - 0.01550 (ms)
2026-07-13 02:29:21,831 [INFO] Pass: UnitarySynthesis - 0.00501 (ms)
2026-07-13 02:29:21,832 [INFO] Total Transpile Time - 83.22144 (ms)
2026-07-13 02:29:21,832 [INFO] Pass: HighLevelSynthesis - 1.69730 (ms)
2026-07-13 02:29:21,832 [INFO] Pass: HighLevelSynthesis - 1.67990 (ms)
2026-07-13 02:29:21,833 [INFO] Pass: BasisTranslator - 0.85425 (ms)
2026-07-13 02:29:21,833 [INFO] Pass: Depth - 0.21172 (ms)
2026-07-13 02:29:21,833 [INFO] Pass: FixedPoint - 0.01311 (ms)
2026-07-13 02:29:21,833 [INFO] Pass: Size - 0.06437 (ms)
2026-07-13 02:29:21,833 [INFO] Pass: FixedPoint - 0.00429 (ms)
2026-07-13 02:29:21,833 [INFO] Pass: Optimize1qGatesDecomposition - 0.14973 (ms)
2026-07-13 02:29:21,833 [INFO] Pass: InverseCancellation - 0.00787 (ms)
2026-07-13 02:29:21,833 [INFO] Pass: BasisTranslator - 0.85664 (ms)
2026-07-13 02:29:21,834 [INFO] Pass: Depth - 0.22340 (ms)
2026-07-13 02:29:21,834 [INFO] Pass: FixedPoint - 0.01168 (ms)
2026-07-13 02:29:21,834 [INFO] Pass: Size - 0.06390 (ms)
2026-07-13 02:29:21,834 [INFO] Pass: FixedPoint - 0.00453 (ms)
2026-07-13 02:29:21,834 [INFO] Pass: Optimize1qGatesDecomposition - 0.14639 (ms)
2026-07-13 02:29:21,834 [INFO] Pass: InverseCancellation - 0.00763 (ms)
2026-07-13 02:29:21,834 [INFO] Pass: GatesInBasis - 0.92983 (ms)
2026-07-13 02:29:21,834 [INFO] Pass: Depth - 0.17190 (ms)
2026-07-13 02:29:21,834 [INFO] Pass: FixedPoint - 0.00501 (ms)
2026-07-13 02:29:21,835 [INFO] Pass: Size - 0.06175 (ms)
2026-07-13 02:29:21,835 [INFO] Pass: FixedPoint - 0.00405 (ms)
2026-07-13 02:29:21,835 [INFO] Pass: ContainsInstruction - 0.00501 (ms)
2026-07-13 02:29:21,835 [INFO] Pass: GatesInBasis - 0.92983 (ms)
2026-07-13 02:29:21,835 [INFO] Pass: Depth - 0.17095 (ms)
2026-07-13 02:29:21,835 [INFO] Pass: FixedPoint - 0.00525 (ms)
2026-07-13 02:29:21,835 [INFO] Pass: Size - 0.06104 (ms)
2026-07-13 02:29:21,835 [INFO] Pass: FixedPoint - 0.00405 (ms)
2026-07-13 02:29:21,835 [INFO] Pass: ContainsInstruction - 0.00548 (ms)
2026-07-13 02:29:21,836 [INFO] Total Transpile Time - 84.85079 (ms)
2026-07-13 02:29:21,837 [INFO] Total Transpile Time - 82.64279 (ms)
2026-07-13 02:29:21,838 [INFO] Pass: ContainsInstruction - 0.01764 (ms)
2026-07-13 02:29:21,838 [INFO] Pass: InverseCancellation - 0.01502 (ms)
2026-07-13 02:29:21,838 [INFO] Pass: UnitarySynthesis - 0.00572 (ms)
2026-07-13 02:29:21,840 [INFO] Pass: HighLevelSynthesis - 1.69373 (ms)
2026-07-13 02:29:21,840 [INFO] Pass: BasisTranslator - 0.90051 (ms)
2026-07-13 02:29:21,841 [INFO] Pass: Depth - 0.21839 (ms)
2026-07-13 02:29:21,841 [INFO] Pass: FixedPoint - 0.01121 (ms)
2026-07-13 02:29:21,841 [INFO] Pass: Size - 0.06580 (ms)
2026-07-13 02:29:21,841 [INFO] Pass: FixedPoint - 0.00453 (ms)
2026-07-13 02:29:21,841 [INFO] Pass: Optimize1qGatesDecomposition - 0.15283 (ms)
2026-07-13 02:29:21,841 [INFO] Pass: InverseCancellation - 0.00811 (ms)
2026-07-13 02:29:21,842 [INFO] Pass: GatesInBasis - 0.90957 (ms)
2026-07-13 02:29:21,842 [INFO] Pass: Depth - 0.17285 (ms)
2026-07-13 02:29:21,842 [INFO] Pass: FixedPoint - 0.00501 (ms)
2026-07-13 02:29:21,842 [INFO] Pass: Size - 0.06175 (ms)
2026-07-13 02:29:21,843 [INFO] Pass: FixedPoint - 0.00405 (ms)
2026-07-13 02:29:21,843 [INFO] Pass: ContainsInstruction - 0.00501 (ms)
2026-07-13 02:29:21,844 [INFO] Total Transpile Time - 82.70788 (ms)
2026-07-13 02:29:21,849 [INFO] Pass: ContainsInstruction - 0.01216 (ms)
2026-07-13 02:29:21,849 [INFO] Pass: InverseCancellation - 0.01740 (ms)
2026-07-13 02:29:21,849 [INFO] Pass: UnitarySynthesis - 0.00620 (ms)
2026-07-13 02:29:21,849 [INFO] Pass: ContainsInstruction - 0.01311 (ms)
2026-07-13 02:29:21,849 [INFO] Pass: InverseCancellation - 0.01621 (ms)
2026-07-13 02:29:21,849 [INFO] Pass: UnitarySynthesis - 0.00572 (ms)
2026-07-13 02:29:21,850 [INFO] Pass: HighLevelSynthesis - 1.69826 (ms)
2026-07-13 02:29:21,851 [INFO] Pass: HighLevelSynthesis - 1.74260 (ms)
2026-07-13 02:29:21,851 [INFO] Pass: BasisTranslator - 0.91338 (ms)
2026-07-13 02:29:21,852 [INFO] Pass: Depth - 0.21887 (ms)
2026-07-13 02:29:21,852 [INFO] Pass: FixedPoint - 0.01335 (ms)
2026-07-13 02:29:21,852 [INFO] Pass: Size - 0.06485 (ms)
2026-07-13 02:29:21,852 [INFO] Pass: BasisTranslator - 0.89955 (ms)
2026-07-13 02:29:21,852 [INFO] Pass: FixedPoint - 0.00477 (ms)
2026-07-13 02:29:21,852 [INFO] Pass: Optimize1qGatesDecomposition - 0.15378 (ms)
2026-07-13 02:29:21,852 [INFO] Pass: Depth - 0.21267 (ms)
2026-07-13 02:29:21,852 [INFO] Pass: InverseCancellation - 0.00739 (ms)
2026-07-13 02:29:21,852 [INFO] Pass: FixedPoint - 0.01311 (ms)
2026-07-13 02:29:21,852 [INFO] Pass: Size - 0.06413 (ms)
2026-07-13 02:29:21,852 [INFO] Pass: FixedPoint - 0.00429 (ms)
2026-07-13 02:29:21,853 [INFO] Pass: Optimize1qGatesDecomposition - 0.14925 (ms)
2026-07-13 02:29:21,853 [INFO] Pass: InverseCancellation - 0.00763 (ms)
2026-07-13 02:29:21,853 [INFO] Pass: GatesInBasis - 0.90528 (ms)
2026-07-13 02:29:21,853 [INFO] Pass: Depth - 0.16999 (ms)
2026-07-13 02:29:21,853 [INFO] Pass: FixedPoint - 0.00501 (ms)
2026-07-13 02:29:21,853 [INFO] Pass: Size - 0.06127 (ms)
2026-07-13 02:29:21,853 [INFO] Pass: FixedPoint - 0.00381 (ms)
2026-07-13 02:29:21,854 [INFO] Pass: GatesInBasis - 0.89931 (ms)
2026-07-13 02:29:21,854 [INFO] Pass: ContainsInstruction - 0.00525 (ms)
2026-07-13 02:29:21,853 [INFO] Pass: ContainsInstruction - 0.01097 (ms)
2026-07-13 02:29:21,854 [INFO] Pass: InverseCancellation - 0.01645 (ms)
2026-07-13 02:29:21,854 [INFO] Pass: UnitarySynthesis - 0.00572 (ms)
2026-07-13 02:29:21,854 [INFO] Pass: Depth - 0.17595 (ms)
2026-07-13 02:29:21,854 [INFO] Pass: FixedPoint - 0.00501 (ms)
2026-07-13 02:29:21,854 [INFO] Pass: Size - 0.06127 (ms)
2026-07-13 02:29:21,854 [INFO] Pass: FixedPoint - 0.00405 (ms)
2026-07-13 02:29:21,854 [INFO] Pass: ContainsInstruction - 0.00477 (ms)
2026-07-13 02:29:21,855 [INFO] Total Transpile Time - 83.58288 (ms)
2026-07-13 02:29:21,855 [INFO] Pass: HighLevelSynthesis - 1.69110 (ms)
2026-07-13 02:29:21,855 [INFO] Total Transpile Time - 84.01346 (ms)
2026-07-13 02:29:21,856 [INFO] Pass: BasisTranslator - 0.90814 (ms)
2026-07-13 02:29:21,857 [INFO] Pass: Depth - 0.21458 (ms)
2026-07-13 02:29:21,857 [INFO] Pass: FixedPoint - 0.01121 (ms)
2026-07-13 02:29:21,857 [INFO] Pass: Size - 0.06413 (ms)
2026-07-13 02:29:21,857 [INFO] Pass: FixedPoint - 0.00453 (ms)
2026-07-13 02:29:21,857 [INFO] Pass: Optimize1qGatesDecomposition - 0.14687 (ms)
2026-07-13 02:29:21,857 [INFO] Pass: InverseCancellation - 0.00739 (ms)
2026-07-13 02:29:21,857 [INFO] Pass: ContainsInstruction - 0.01216 (ms)
2026-07-13 02:29:21,858 [INFO] Pass: InverseCancellation - 0.01574 (ms)
2026-07-13 02:29:21,858 [INFO] Pass: UnitarySynthesis - 0.00501 (ms)
2026-07-13 02:29:21,858 [INFO] Pass: GatesInBasis - 0.89431 (ms)
2026-07-13 02:29:21,858 [INFO] Pass: Depth - 0.16999 (ms)
2026-07-13 02:29:21,858 [INFO] Pass: FixedPoint - 0.00525 (ms)
2026-07-13 02:29:21,858 [INFO] Pass: Size - 0.06151 (ms)
2026-07-13 02:29:21,858 [INFO] Pass: FixedPoint - 0.00405 (ms)
2026-07-13 02:29:21,858 [INFO] Pass: ContainsInstruction - 0.00477 (ms)
2026-07-13 02:29:21,859 [INFO] Pass: HighLevelSynthesis - 1.67704 (ms)
2026-07-13 02:29:21,860 [INFO] Total Transpile Time - 82.32784 (ms)
2026-07-13 02:29:21,860 [INFO] Pass: BasisTranslator - 0.85497 (ms)
2026-07-13 02:29:21,861 [INFO] Pass: Depth - 0.20599 (ms)
2026-07-13 02:29:21,861 [INFO] Pass: FixedPoint - 0.01812 (ms)
2026-07-13 02:29:21,861 [INFO] Pass: Size - 0.06390 (ms)
2026-07-13 02:29:21,861 [INFO] Pass: FixedPoint - 0.00477 (ms)
2026-07-13 02:29:21,861 [INFO] Pass: Optimize1qGatesDecomposition - 0.14496 (ms)
2026-07-13 02:29:21,861 [INFO] Pass: InverseCancellation - 0.00811 (ms)
2026-07-13 02:29:21,862 [INFO] Pass: GatesInBasis - 0.91767 (ms)
2026-07-13 02:29:21,862 [INFO] Pass: Depth - 0.17309 (ms)
2026-07-13 02:29:21,862 [INFO] Pass: FixedPoint - 0.00501 (ms)
2026-07-13 02:29:21,862 [INFO] Pass: Size - 0.06151 (ms)
2026-07-13 02:29:21,862 [INFO] Pass: FixedPoint - 0.00381 (ms)
2026-07-13 02:29:21,862 [INFO] Pass: ContainsInstruction - 0.00501 (ms)
2026-07-13 02:29:21,864 [INFO] Total Transpile Time - 81.87723 (ms)
2026-07-13 02:29:21,873 [INFO] Pass: ContainsInstruction - 0.00787 (ms)
2026-07-13 02:29:21,873 [INFO] Pass: InverseCancellation - 0.17929 (ms)
2026-07-13 02:29:21,873 [INFO] Pass: UnitarySynthesis - 0.00477 (ms)
2026-07-13 02:29:21,874 [INFO] Pass: HighLevelSynthesis - 1.54710 (ms)
2026-07-13 02:29:21,876 [INFO] Pass: BasisTranslator - 1.01304 (ms)
2026-07-13 02:29:21,876 [INFO] Pass: Depth - 0.19121 (ms)
2026-07-13 02:29:21,876 [INFO] Pass: FixedPoint - 0.00811 (ms)
2026-07-13 02:29:21,876 [INFO] Pass: Size - 0.06604 (ms)
2026-07-13 02:29:21,876 [INFO] Pass: FixedPoint - 0.00453 (ms)
2026-07-13 02:29:21,877 [INFO] Pass: Optimize1qGatesDecomposition - 0.82636 (ms)
2026-07-13 02:29:21,877 [INFO] Pass: InverseCancellation - 0.15879 (ms)
2026-07-13 02:29:21,878 [INFO] Pass: GatesInBasis - 0.92793 (ms)
2026-07-13 02:29:21,878 [INFO] Pass: Depth - 0.17715 (ms)
2026-07-13 02:29:21,878 [INFO] Pass: FixedPoint - 0.00572 (ms)
2026-07-13 02:29:21,878 [INFO] Pass: Size - 0.06390 (ms)
2026-07-13 02:29:21,878 [INFO] Pass: FixedPoint - 0.00453 (ms)
2026-07-13 02:29:21,878 [INFO] Pass: ContainsInstruction - 0.00548 (ms)
2026-07-13 02:29:21,879 [INFO] Pass: ContainsInstruction - 0.01144 (ms)
2026-07-13 02:29:21,880 [INFO] Pass: InverseCancellation - 0.18120 (ms)
2026-07-13 02:29:21,880 [INFO] Pass: UnitarySynthesis - 0.00453 (ms)
2026-07-13 02:29:21,880 [INFO] Total Transpile Time - 64.32843 (ms)
2026-07-13 02:29:21,881 [INFO] Pass: HighLevelSynthesis - 1.56021 (ms)
2026-07-13 02:29:21,882 [INFO] Pass: BasisTranslator - 1.00040 (ms)
2026-07-13 02:29:21,883 [INFO] Pass: Depth - 0.19288 (ms)
2026-07-13 02:29:21,883 [INFO] Pass: FixedPoint - 0.00811 (ms)
2026-07-13 02:29:21,883 [INFO] Pass: Size - 0.06485 (ms)
2026-07-13 02:29:21,883 [INFO] Pass: FixedPoint - 0.00429 (ms)
2026-07-13 02:29:21,883 [INFO] Pass: ContainsInstruction - 0.00763 (ms)
2026-07-13 02:29:21,883 [INFO] Pass: InverseCancellation - 0.17357 (ms)
2026-07-13 02:29:21,883 [INFO] Pass: UnitarySynthesis - 0.00429 (ms)
2026-07-13 02:29:21,884 [INFO] Pass: Optimize1qGatesDecomposition - 0.81778 (ms)
2026-07-13 02:29:21,884 [INFO] Pass: InverseCancellation - 0.15879 (ms)
2026-07-13 02:29:21,885 [INFO] Pass: HighLevelSynthesis - 1.57189 (ms)
2026-07-13 02:29:21,885 [INFO] Pass: ContainsInstruction - 0.00763 (ms)
2026-07-13 02:29:21,885 [INFO] Pass: GatesInBasis - 0.92602 (ms)
2026-07-13 02:29:21,885 [INFO] Pass: InverseCancellation - 0.17333 (ms)
2026-07-13 02:29:21,885 [INFO] Pass: UnitarySynthesis - 0.00429 (ms)
2026-07-13 02:29:21,885 [INFO] Pass: Depth - 0.17762 (ms)
2026-07-13 02:29:21,885 [INFO] Pass: FixedPoint - 0.00572 (ms)
2026-07-13 02:29:21,885 [INFO] Pass: Size - 0.06342 (ms)
2026-07-13 02:29:21,885 [INFO] Pass: FixedPoint - 0.00405 (ms)
2026-07-13 02:29:21,885 [INFO] Pass: ContainsInstruction - 0.00548 (ms)
2026-07-13 02:29:21,886 [INFO] Pass: BasisTranslator - 0.86927 (ms)
2026-07-13 02:29:21,886 [INFO] Pass: Depth - 0.18549 (ms)
2026-07-13 02:29:21,886 [INFO] Pass: ContainsInstruction - 0.00691 (ms)
2026-07-13 02:29:21,886 [INFO] Pass: FixedPoint - 0.00739 (ms)
2026-07-13 02:29:21,886 [INFO] Pass: Size - 0.06580 (ms)
2026-07-13 02:29:21,886 [INFO] Pass: FixedPoint - 0.00429 (ms)
2026-07-13 02:29:21,886 [INFO] Pass: InverseCancellation - 0.17262 (ms)
2026-07-13 02:29:21,886 [INFO] Pass: UnitarySynthesis - 0.00501 (ms)
2026-07-13 02:29:21,887 [INFO] Pass: HighLevelSynthesis - 1.54305 (ms)
2026-07-13 02:29:21,887 [INFO] Total Transpile Time - 64.51964 (ms)
2026-07-13 02:29:21,887 [INFO] Pass: Optimize1qGatesDecomposition - 0.81444 (ms)
2026-07-13 02:29:21,887 [INFO] Pass: InverseCancellation - 0.15926 (ms)
2026-07-13 02:29:21,887 [INFO] Pass: ContainsInstruction - 0.00787 (ms)
2026-07-13 02:29:21,887 [INFO] Pass: BasisTranslator - 0.86260 (ms)
2026-07-13 02:29:21,888 [INFO] Pass: InverseCancellation - 0.18454 (ms)
2026-07-13 02:29:21,888 [INFO] Pass: UnitarySynthesis - 0.00501 (ms)
2026-07-13 02:29:21,888 [INFO] Pass: HighLevelSynthesis - 1.56856 (ms)
2026-07-13 02:29:21,888 [INFO] Pass: Depth - 0.19121 (ms)
2026-07-13 02:29:21,888 [INFO] Pass: FixedPoint - 0.00834 (ms)
2026-07-13 02:29:21,888 [INFO] Pass: Size - 0.06413 (ms)
2026-07-13 02:29:21,888 [INFO] Pass: FixedPoint - 0.00429 (ms)
2026-07-13 02:29:21,888 [INFO] Pass: GatesInBasis - 0.92673 (ms)
2026-07-13 02:29:21,888 [INFO] Pass: Depth - 0.17858 (ms)
2026-07-13 02:29:21,888 [INFO] Pass: FixedPoint - 0.00525 (ms)
2026-07-13 02:29:21,888 [INFO] Pass: Size - 0.06318 (ms)
2026-07-13 02:29:21,888 [INFO] Pass: FixedPoint - 0.00429 (ms)
2026-07-13 02:29:21,888 [INFO] Pass: ContainsInstruction - 0.00525 (ms)
2026-07-13 02:29:21,889 [INFO] Pass: BasisTranslator - 0.85568 (ms)
2026-07-13 02:29:21,889 [INFO] Pass: Optimize1qGatesDecomposition - 0.80204 (ms)
2026-07-13 02:29:21,889 [INFO] Pass: Depth - 0.18644 (ms)
2026-07-13 02:29:21,889 [INFO] Pass: ContainsInstruction - 0.00739 (ms)
2026-07-13 02:29:21,889 [INFO] Pass: FixedPoint - 0.00739 (ms)
2026-07-13 02:29:21,889 [INFO] Pass: InverseCancellation - 0.15664 (ms)
2026-07-13 02:29:21,889 [INFO] Pass: Size - 0.06485 (ms)
2026-07-13 02:29:21,889 [INFO] Pass: FixedPoint - 0.00429 (ms)
2026-07-13 02:29:21,889 [INFO] Pass: InverseCancellation - 0.17047 (ms)
2026-07-13 02:29:21,889 [INFO] Pass: UnitarySynthesis - 0.00477 (ms)
2026-07-13 02:29:21,889 [INFO] Pass: HighLevelSynthesis - 1.53017 (ms)
2026-07-13 02:29:21,890 [INFO] Pass: Optimize1qGatesDecomposition - 0.79775 (ms)
2026-07-13 02:29:21,890 [INFO] Pass: GatesInBasis - 0.92030 (ms)
2026-07-13 02:29:21,890 [INFO] Total Transpile Time - 64.94498 (ms)
2026-07-13 02:29:21,890 [INFO] Pass: InverseCancellation - 0.15593 (ms)
2026-07-13 02:29:21,890 [INFO] Pass: BasisTranslator - 0.86141 (ms)
2026-07-13 02:29:21,890 [INFO] Pass: Depth - 0.17595 (ms)
2026-07-13 02:29:21,890 [INFO] Pass: FixedPoint - 0.00548 (ms)
2026-07-13 02:29:21,890 [INFO] Pass: Size - 0.06318 (ms)
2026-07-13 02:29:21,890 [INFO] Pass: FixedPoint - 0.00477 (ms)
2026-07-13 02:29:21,890 [INFO] Pass: ContainsInstruction - 0.00525 (ms)
2026-07-13 02:29:21,890 [INFO] Pass: Depth - 0.19002 (ms)
2026-07-13 02:29:21,890 [INFO] Pass: FixedPoint - 0.00763 (ms)
2026-07-13 02:29:21,890 [INFO] Pass: Size - 0.06652 (ms)
2026-07-13 02:29:21,891 [INFO] Pass: FixedPoint - 0.00405 (ms)
2026-07-13 02:29:21,891 [INFO] Pass: HighLevelSynthesis - 1.63746 (ms)
2026-07-13 02:29:21,891 [INFO] Pass: GatesInBasis - 0.92697 (ms)
2026-07-13 02:29:21,891 [INFO] Pass: Depth - 0.17905 (ms)
2026-07-13 02:29:21,891 [INFO] Pass: FixedPoint - 0.00572 (ms)
2026-07-13 02:29:21,891 [INFO] Pass: Size - 0.06390 (ms)
2026-07-13 02:29:21,891 [INFO] Pass: Optimize1qGatesDecomposition - 0.82040 (ms)
2026-07-13 02:29:21,891 [INFO] Pass: FixedPoint - 0.00477 (ms)
2026-07-13 02:29:21,891 [INFO] Pass: ContainsInstruction - 0.00501 (ms)
2026-07-13 02:29:21,892 [INFO] Pass: InverseCancellation - 0.16522 (ms)
2026-07-13 02:29:21,892 [INFO] Pass: BasisTranslator - 0.85855 (ms)
2026-07-13 02:29:21,892 [INFO] Total Transpile Time - 64.24403 (ms)
2026-07-13 02:29:21,892 [INFO] Pass: Depth - 0.18644 (ms)
2026-07-13 02:29:21,892 [INFO] Pass: FixedPoint - 0.00763 (ms)
2026-07-13 02:29:21,892 [INFO] Pass: Size - 0.06533 (ms)
2026-07-13 02:29:21,892 [INFO] Pass: FixedPoint - 0.00429 (ms)
2026-07-13 02:29:21,893 [INFO] Pass: GatesInBasis - 0.92292 (ms)
2026-07-13 02:29:21,893 [INFO] Pass: Depth - 0.17810 (ms)
2026-07-13 02:29:21,893 [INFO] Pass: FixedPoint - 0.00548 (ms)
2026-07-13 02:29:21,893 [INFO] Total Transpile Time - 64.67628 (ms)
2026-07-13 02:29:21,893 [INFO] Pass: Size - 0.06366 (ms)
2026-07-13 02:29:21,893 [INFO] Pass: FixedPoint - 0.00453 (ms)
2026-07-13 02:29:21,893 [INFO] Pass: Optimize1qGatesDecomposition - 0.81921 (ms)
2026-07-13 02:29:21,893 [INFO] Pass: ContainsInstruction - 0.00525 (ms)
2026-07-13 02:29:21,893 [INFO] Pass: InverseCancellation - 0.15998 (ms)
2026-07-13 02:29:21,893 [INFO] Pass: ContainsInstruction - 0.00715 (ms)
2026-07-13 02:29:21,894 [INFO] Pass: InverseCancellation - 0.17977 (ms)
2026-07-13 02:29:21,894 [INFO] Pass: UnitarySynthesis - 0.00453 (ms)
2026-07-13 02:29:21,894 [INFO] Pass: ContainsInstruction - 0.00715 (ms)
2026-07-13 02:29:21,894 [INFO] Pass: InverseCancellation - 0.17428 (ms)
2026-07-13 02:29:21,894 [INFO] Pass: GatesInBasis - 0.92649 (ms)
2026-07-13 02:29:21,894 [INFO] Pass: UnitarySynthesis - 0.00429 (ms)
2026-07-13 02:29:21,894 [INFO] Pass: Depth - 0.17738 (ms)
2026-07-13 02:29:21,894 [INFO] Pass: FixedPoint - 0.00572 (ms)
2026-07-13 02:29:21,895 [INFO] Pass: Size - 0.06390 (ms)
2026-07-13 02:29:21,895 [INFO] Total Transpile Time - 64.71443 (ms)
2026-07-13 02:29:21,895 [INFO] Pass: FixedPoint - 0.00858 (ms)
2026-07-13 02:29:21,895 [INFO] Pass: ContainsInstruction - 0.00525 (ms)
2026-07-13 02:29:21,895 [INFO] Pass: HighLevelSynthesis - 1.60003 (ms)
2026-07-13 02:29:21,896 [INFO] Pass: HighLevelSynthesis - 1.61505 (ms)
2026-07-13 02:29:21,896 [INFO] Total Transpile Time - 64.39376 (ms)
2026-07-13 02:29:21,896 [INFO] Pass: BasisTranslator - 1.00183 (ms)
2026-07-13 02:29:21,897 [INFO] Pass: Depth - 0.19431 (ms)
2026-07-13 02:29:21,897 [INFO] Pass: FixedPoint - 0.00739 (ms)
2026-07-13 02:29:21,897 [INFO] Pass: Size - 0.06485 (ms)
2026-07-13 02:29:21,897 [INFO] Pass: FixedPoint - 0.00405 (ms)
2026-07-13 02:29:21,897 [INFO] Pass: BasisTranslator - 0.99707 (ms)
2026-07-13 02:29:21,897 [INFO] Pass: Depth - 0.18811 (ms)
2026-07-13 02:29:21,897 [INFO] Pass: FixedPoint - 0.00763 (ms)
2026-07-13 02:29:21,897 [INFO] Pass: Size - 0.06557 (ms)
2026-07-13 02:29:21,897 [INFO] Pass: FixedPoint - 0.00453 (ms)
2026-07-13 02:29:21,898 [INFO] Pass: Optimize1qGatesDecomposition - 0.80276 (ms)
2026-07-13 02:29:21,898 [INFO] Pass: InverseCancellation - 0.15783 (ms)
2026-07-13 02:29:21,898 [INFO] Pass: Optimize1qGatesDecomposition - 0.79536 (ms)
2026-07-13 02:29:21,898 [INFO] Pass: InverseCancellation - 0.15926 (ms)
2026-07-13 02:29:21,899 [INFO] Pass: GatesInBasis - 0.91743 (ms)
2026-07-13 02:29:21,899 [INFO] Pass: Depth - 0.17691 (ms)
2026-07-13 02:29:21,899 [INFO] Pass: FixedPoint - 0.00525 (ms)
2026-07-13 02:29:21,899 [INFO] Pass: Size - 0.06342 (ms)
2026-07-13 02:29:21,899 [INFO] Pass: FixedPoint - 0.00405 (ms)
2026-07-13 02:29:21,899 [INFO] Pass: ContainsInstruction - 0.00501 (ms)
2026-07-13 02:29:21,899 [INFO] Pass: GatesInBasis - 0.92316 (ms)
2026-07-13 02:29:21,900 [INFO] Pass: Depth - 0.17500 (ms)
2026-07-13 02:29:21,900 [INFO] Pass: FixedPoint - 0.00572 (ms)
2026-07-13 02:29:21,900 [INFO] Pass: Size - 0.06342 (ms)
2026-07-13 02:29:21,900 [INFO] Pass: FixedPoint - 0.00453 (ms)
2026-07-13 02:29:21,900 [INFO] Pass: ContainsInstruction - 0.00525 (ms)
2026-07-13 02:29:21,901 [INFO] Total Transpile Time - 64.56137 (ms)
2026-07-13 02:29:21,901 [INFO] Pass: ContainsInstruction - 0.00739 (ms)
2026-07-13 02:29:21,901 [INFO] Total Transpile Time - 64.26501 (ms)
2026-07-13 02:29:21,901 [INFO] Pass: InverseCancellation - 0.17023 (ms)
2026-07-13 02:29:21,901 [INFO] Pass: UnitarySynthesis - 0.00477 (ms)
2026-07-13 02:29:21,903 [INFO] Pass: HighLevelSynthesis - 1.61695 (ms)
2026-07-13 02:29:21,904 [INFO] Pass: BasisTranslator - 0.86308 (ms)
2026-07-13 02:29:21,904 [INFO] Pass: Depth - 0.18620 (ms)
2026-07-13 02:29:21,904 [INFO] Pass: FixedPoint - 0.00739 (ms)
2026-07-13 02:29:21,904 [INFO] Pass: Size - 0.06437 (ms)
2026-07-13 02:29:21,904 [INFO] Pass: FixedPoint - 0.00453 (ms)
2026-07-13 02:29:21,905 [INFO] Pass: Optimize1qGatesDecomposition - 0.80895 (ms)
2026-07-13 02:29:21,905 [INFO] Pass: InverseCancellation - 0.15903 (ms)
2026-07-13 02:29:21,906 [INFO] Pass: GatesInBasis - 0.93031 (ms)
2026-07-13 02:29:21,907 [INFO] Pass: Depth - 0.18263 (ms)
2026-07-13 02:29:21,907 [INFO] Pass: FixedPoint - 0.00596 (ms)
2026-07-13 02:29:21,907 [INFO] Pass: Size - 0.06318 (ms)
2026-07-13 02:29:21,907 [INFO] Pass: FixedPoint - 0.00429 (ms)
2026-07-13 02:29:21,907 [INFO] Pass: ContainsInstruction - 0.00525 (ms)
2026-07-13 02:29:21,908 [INFO] Total Transpile Time - 64.22853 (ms)
2026-07-13 02:29:21,912 [INFO] Pass: ContainsInstruction - 0.00763 (ms)
2026-07-13 02:29:21,912 [INFO] Pass: InverseCancellation - 0.17238 (ms)
2026-07-13 02:29:21,912 [INFO] Pass: UnitarySynthesis - 0.00453 (ms)
2026-07-13 02:29:21,913 [INFO] Pass: ContainsInstruction - 0.00739 (ms)
2026-07-13 02:29:21,913 [INFO] Pass: InverseCancellation - 0.17381 (ms)
2026-07-13 02:29:21,913 [INFO] Pass: UnitarySynthesis - 0.00453 (ms)
2026-07-13 02:29:21,914 [INFO] Pass: HighLevelSynthesis - 1.61028 (ms)
2026-07-13 02:29:21,915 [INFO] Pass: HighLevelSynthesis - 1.63841 (ms)
2026-07-13 02:29:21,915 [INFO] Pass: BasisTranslator - 0.85402 (ms)
2026-07-13 02:29:21,915 [INFO] Pass: Depth - 0.18668 (ms)
2026-07-13 02:29:21,915 [INFO] Pass: FixedPoint - 0.00763 (ms)
2026-07-13 02:29:21,915 [INFO] Pass: Size - 0.06485 (ms)
2026-07-13 02:29:21,915 [INFO] Pass: FixedPoint - 0.00453 (ms)
2026-07-13 02:29:21,916 [INFO] Pass: BasisTranslator - 0.85807 (ms)
2026-07-13 02:29:21,916 [INFO] Pass: Depth - 0.18787 (ms)
2026-07-13 02:29:21,916 [INFO] Pass: FixedPoint - 0.00739 (ms)
2026-07-13 02:29:21,916 [INFO] Pass: Size - 0.06437 (ms)
2026-07-13 02:29:21,916 [INFO] Pass: FixedPoint - 0.00429 (ms)
2026-07-13 02:29:21,916 [INFO] Pass: Optimize1qGatesDecomposition - 0.81134 (ms)
2026-07-13 02:29:21,916 [INFO] Pass: InverseCancellation - 0.15688 (ms)
2026-07-13 02:29:21,917 [INFO] Pass: Optimize1qGatesDecomposition - 0.80204 (ms)
2026-07-13 02:29:21,917 [INFO] Pass: ContainsInstruction - 0.00715 (ms)
2026-07-13 02:29:21,917 [INFO] Pass: InverseCancellation - 0.15903 (ms)
2026-07-13 02:29:21,917 [INFO] Pass: InverseCancellation - 0.17357 (ms)
2026-07-13 02:29:21,917 [INFO] Pass: UnitarySynthesis - 0.00453 (ms)
2026-07-13 02:29:21,917 [INFO] Pass: GatesInBasis - 0.92983 (ms)
2026-07-13 02:29:21,917 [INFO] Pass: Depth - 0.17715 (ms)
2026-07-13 02:29:21,918 [INFO] Pass: FixedPoint - 0.00572 (ms)
2026-07-13 02:29:21,918 [INFO] Pass: Size - 0.06366 (ms)
2026-07-13 02:29:21,918 [INFO] Pass: FixedPoint - 0.00429 (ms)
2026-07-13 02:29:21,918 [INFO] Pass: ContainsInstruction - 0.00548 (ms)
2026-07-13 02:29:21,918 [INFO] Pass: GatesInBasis - 0.92793 (ms)
2026-07-13 02:29:21,918 [INFO] Pass: Depth - 0.17977 (ms)
2026-07-13 02:29:21,918 [INFO] Pass: FixedPoint - 0.00548 (ms)
2026-07-13 02:29:21,918 [INFO] Pass: Size - 0.06390 (ms)
2026-07-13 02:29:21,918 [INFO] Pass: FixedPoint - 0.00429 (ms)
2026-07-13 02:29:21,918 [INFO] Pass: ContainsInstruction - 0.00501 (ms)
2026-07-13 02:29:21,919 [INFO] Pass: HighLevelSynthesis - 1.60313 (ms)
2026-07-13 02:29:21,919 [INFO] Total Transpile Time - 64.09788 (ms)
2026-07-13 02:29:21,920 [INFO] Pass: BasisTranslator - 0.86761 (ms)
2026-07-13 02:29:21,920 [INFO] Total Transpile Time - 64.41259 (ms)
2026-07-13 02:29:21,920 [INFO] Pass: Depth - 0.18883 (ms)
2026-07-13 02:29:21,920 [INFO] Pass: FixedPoint - 0.00739 (ms)
2026-07-13 02:29:21,920 [INFO] Pass: Size - 0.06533 (ms)
2026-07-13 02:29:21,920 [INFO] Pass: FixedPoint - 0.00453 (ms)
2026-07-13 02:29:21,921 [INFO] Pass: Optimize1qGatesDecomposition - 0.79846 (ms)
2026-07-13 02:29:21,921 [INFO] Pass: InverseCancellation - 0.15759 (ms)
2026-07-13 02:29:21,921 [INFO] Pass: ContainsInstruction - 0.00763 (ms)
2026-07-13 02:29:21,922 [INFO] Pass: InverseCancellation - 0.18191 (ms)
2026-07-13 02:29:21,922 [INFO] Pass: UnitarySynthesis - 0.00477 (ms)
2026-07-13 02:29:21,922 [INFO] Pass: GatesInBasis - 0.92530 (ms)
2026-07-13 02:29:21,922 [INFO] Pass: Depth - 0.17738 (ms)
2026-07-13 02:29:21,922 [INFO] Pass: FixedPoint - 0.00596 (ms)
2026-07-13 02:29:21,923 [INFO] Pass: Size - 0.06390 (ms)
2026-07-13 02:29:21,923 [INFO] Pass: FixedPoint - 0.00453 (ms)
2026-07-13 02:29:21,923 [INFO] Pass: ContainsInstruction - 0.00501 (ms)
2026-07-13 02:29:21,923 [INFO] Pass: HighLevelSynthesis - 1.61195 (ms)
2026-07-13 02:29:21,924 [INFO] Total Transpile Time - 64.12220 (ms)
2026-07-13 02:29:21,924 [INFO] Pass: BasisTranslator - 0.99874 (ms)
2026-07-13 02:29:21,925 [INFO] Pass: Depth - 0.19646 (ms)
2026-07-13 02:29:21,925 [INFO] Pass: FixedPoint - 0.00787 (ms)
2026-07-13 02:29:21,925 [INFO] Pass: Size - 0.06509 (ms)
2026-07-13 02:29:21,925 [INFO] Pass: FixedPoint - 0.00429 (ms)
2026-07-13 02:29:21,926 [INFO] Pass: Optimize1qGatesDecomposition - 0.80013 (ms)
2026-07-13 02:29:21,926 [INFO] Pass: InverseCancellation - 0.15926 (ms)
2026-07-13 02:29:21,927 [INFO] Pass: GatesInBasis - 0.94128 (ms)
2026-07-13 02:29:21,927 [INFO] Pass: Depth - 0.17619 (ms)
2026-07-13 02:29:21,927 [INFO] Pass: FixedPoint - 0.00572 (ms)
2026-07-13 02:29:21,927 [INFO] Pass: Size - 0.06390 (ms)
2026-07-13 02:29:21,927 [INFO] Pass: FixedPoint - 0.00429 (ms)
2026-07-13 02:29:21,927 [INFO] Pass: ContainsInstruction - 0.00525 (ms)
2026-07-13 02:29:21,929 [INFO] Total Transpile Time - 64.87489 (ms)
2026-07-13 02:29:21,937 [INFO] Pass: ContainsInstruction - 0.00906 (ms)
2026-07-13 02:29:21,937 [INFO] Pass: InverseCancellation - 0.17691 (ms)
2026-07-13 02:29:21,938 [INFO] Pass: UnitarySynthesis - 0.01121 (ms)
2026-07-13 02:29:21,939 [INFO] Pass: HighLevelSynthesis - 1.56522 (ms)
2026-07-13 02:29:21,940 [INFO] Pass: BasisTranslator - 0.89955 (ms)
2026-07-13 02:29:21,940 [INFO] Pass: Depth - 0.19097 (ms)
2026-07-13 02:29:21,940 [INFO] Pass: FixedPoint - 0.00763 (ms)
2026-07-13 02:29:21,940 [INFO] Pass: Size - 0.06652 (ms)
2026-07-13 02:29:21,941 [INFO] Pass: FixedPoint - 0.00453 (ms)
2026-07-13 02:29:21,941 [INFO] Pass: Optimize1qGatesDecomposition - 0.87214 (ms)
2026-07-13 02:29:21,942 [INFO] Pass: InverseCancellation - 0.00811 (ms)
2026-07-13 02:29:21,942 [INFO] Pass: GatesInBasis - 0.90861 (ms)
2026-07-13 02:29:21,943 [INFO] Pass: Depth - 0.18239 (ms)
2026-07-13 02:29:21,943 [INFO] Pass: FixedPoint - 0.00548 (ms)
2026-07-13 02:29:21,943 [INFO] Pass: Size - 0.06342 (ms)
2026-07-13 02:29:21,943 [INFO] Pass: FixedPoint - 0.00429 (ms)
2026-07-13 02:29:21,944 [INFO] Pass: Optimize1qGatesDecomposition - 0.71621 (ms)
2026-07-13 02:29:21,944 [INFO] Pass: InverseCancellation - 0.00715 (ms)
2026-07-13 02:29:21,944 [INFO] Pass: ContainsInstruction - 0.00691 (ms)
2026-07-13 02:29:21,944 [INFO] Pass: InverseCancellation - 0.17285 (ms)
2026-07-13 02:29:21,944 [INFO] Pass: UnitarySynthesis - 0.00501 (ms)
2026-07-13 02:29:21,945 [INFO] Pass: GatesInBasis - 0.96130 (ms)
2026-07-13 02:29:21,945 [INFO] Pass: Depth - 0.17476 (ms)
2026-07-13 02:29:21,945 [INFO] Pass: FixedPoint - 0.00525 (ms)
2026-07-13 02:29:21,945 [INFO] Pass: Size - 0.06318 (ms)
2026-07-13 02:29:21,945 [INFO] Pass: FixedPoint - 0.00405 (ms)
2026-07-13 02:29:21,945 [INFO] Pass: ContainsInstruction - 0.00548 (ms)
2026-07-13 02:29:21,946 [INFO] Pass: HighLevelSynthesis - 1.60050 (ms)
2026-07-13 02:29:21,947 [INFO] Total Transpile Time - 66.54787 (ms)
2026-07-13 02:29:21,947 [INFO] Pass: BasisTranslator - 0.88167 (ms)
2026-07-13 02:29:21,947 [INFO] Pass: Depth - 0.19336 (ms)
2026-07-13 02:29:21,947 [INFO] Pass: FixedPoint - 0.00763 (ms)
2026-07-13 02:29:21,947 [INFO] Pass: Size - 0.06604 (ms)
2026-07-13 02:29:21,947 [INFO] Pass: FixedPoint - 0.00429 (ms)
2026-07-13 02:29:21,948 [INFO] Pass: ContainsInstruction - 0.00739 (ms)
2026-07-13 02:29:21,948 [INFO] Pass: Optimize1qGatesDecomposition - 0.86832 (ms)
2026-07-13 02:29:21,948 [INFO] Pass: InverseCancellation - 0.00834 (ms)
2026-07-13 02:29:21,948 [INFO] Pass: InverseCancellation - 0.17309 (ms)
2026-07-13 02:29:21,948 [INFO] Pass: UnitarySynthesis - 0.00501 (ms)
2026-07-13 02:29:21,949 [INFO] Pass: GatesInBasis - 0.90098 (ms)
2026-07-13 02:29:21,949 [INFO] Pass: ContainsInstruction - 0.00763 (ms)
2026-07-13 02:29:21,949 [INFO] Pass: Depth - 0.18263 (ms)
2026-07-13 02:29:21,949 [INFO] Pass: InverseCancellation - 0.17524 (ms)
2026-07-13 02:29:21,949 [INFO] Pass: FixedPoint - 0.00572 (ms)
2026-07-13 02:29:21,949 [INFO] Pass: UnitarySynthesis - 0.00501 (ms)
2026-07-13 02:29:21,949 [INFO] Pass: Size - 0.06342 (ms)
2026-07-13 02:29:21,949 [INFO] Pass: FixedPoint - 0.00429 (ms)
2026-07-13 02:29:21,950 [INFO] Pass: HighLevelSynthesis - 1.61362 (ms)
2026-07-13 02:29:21,950 [INFO] Pass: Optimize1qGatesDecomposition - 0.71502 (ms)
2026-07-13 02:29:21,950 [INFO] Pass: ContainsInstruction - 0.00763 (ms)
2026-07-13 02:29:21,950 [INFO] Pass: InverseCancellation - 0.00739 (ms)
2026-07-13 02:29:21,950 [INFO] Pass: InverseCancellation - 0.17405 (ms)
2026-07-13 02:29:21,950 [INFO] Pass: UnitarySynthesis - 0.00429 (ms)
2026-07-13 02:29:21,951 [INFO] Pass: BasisTranslator - 0.88000 (ms)
2026-07-13 02:29:21,951 [INFO] Pass: HighLevelSynthesis - 1.59335 (ms)
2026-07-13 02:29:21,951 [INFO] Pass: Depth - 0.19217 (ms)
2026-07-13 02:29:21,951 [INFO] Pass: FixedPoint - 0.00787 (ms)
2026-07-13 02:29:21,951 [INFO] Pass: Size - 0.06604 (ms)
2026-07-13 02:29:21,951 [INFO] Pass: FixedPoint - 0.00453 (ms)
2026-07-13 02:29:21,951 [INFO] Pass: GatesInBasis - 0.95081 (ms)
2026-07-13 02:29:21,951 [INFO] Pass: Depth - 0.17500 (ms)
2026-07-13 02:29:21,951 [INFO] Pass: FixedPoint - 0.00525 (ms)
2026-07-13 02:29:21,952 [INFO] Pass: Size - 0.06795 (ms)
2026-07-13 02:29:21,952 [INFO] Pass: FixedPoint - 0.00453 (ms)
2026-07-13 02:29:21,952 [INFO] Pass: ContainsInstruction - 0.00572 (ms)
2026-07-13 02:29:21,952 [INFO] Pass: BasisTranslator - 0.87261 (ms)
2026-07-13 02:29:21,952 [INFO] Pass: Optimize1qGatesDecomposition - 0.87595 (ms)
2026-07-13 02:29:21,952 [INFO] Pass: Depth - 0.19217 (ms)
2026-07-13 02:29:21,952 [INFO] Pass: ContainsInstruction - 0.00811 (ms)
2026-07-13 02:29:21,952 [INFO] Pass: InverseCancellation - 0.00858 (ms)
2026-07-13 02:29:21,952 [INFO] Pass: HighLevelSynthesis - 1.59264 (ms)
2026-07-13 02:29:21,952 [INFO] Pass: FixedPoint - 0.00715 (ms)
2026-07-13 02:29:21,952 [INFO] Pass: Size - 0.06628 (ms)
2026-07-13 02:29:21,952 [INFO] Pass: FixedPoint - 0.00429 (ms)
2026-07-13 02:29:21,952 [INFO] Pass: InverseCancellation - 0.17595 (ms)
2026-07-13 02:29:21,952 [INFO] Pass: UnitarySynthesis - 0.00477 (ms)
2026-07-13 02:29:21,953 [INFO] Pass: BasisTranslator - 0.88096 (ms)
2026-07-13 02:29:21,953 [INFO] Total Transpile Time - 66.33520 (ms)
2026-07-13 02:29:21,953 [INFO] Pass: ContainsInstruction - 0.00715 (ms)
2026-07-13 02:29:21,953 [INFO] Pass: GatesInBasis - 0.97680 (ms)
2026-07-13 02:29:21,953 [INFO] Pass: Optimize1qGatesDecomposition - 0.86641 (ms)
2026-07-13 02:29:21,953 [INFO] Pass: InverseCancellation - 0.00834 (ms)
2026-07-13 02:29:21,953 [INFO] Pass: Depth - 0.19169 (ms)
2026-07-13 02:29:21,953 [INFO] Pass: FixedPoint - 0.00787 (ms)
2026-07-13 02:29:21,953 [INFO] Pass: Depth - 0.18048 (ms)
2026-07-13 02:29:21,953 [INFO] Pass: InverseCancellation - 0.17548 (ms)
2026-07-13 02:29:21,953 [INFO] Pass: FixedPoint - 0.00620 (ms)
2026-07-13 02:29:21,953 [INFO] Pass: Size - 0.06628 (ms)
2026-07-13 02:29:21,953 [INFO] Pass: UnitarySynthesis - 0.00453 (ms)
2026-07-13 02:29:21,953 [INFO] Pass: FixedPoint - 0.00453 (ms)
2026-07-13 02:29:21,954 [INFO] Pass: Size - 0.06413 (ms)
2026-07-13 02:29:21,954 [INFO] Pass: FixedPoint - 0.00954 (ms)
2026-07-13 02:29:21,954 [INFO] Pass: HighLevelSynthesis - 1.56474 (ms)
2026-07-13 02:29:21,954 [INFO] Pass: GatesInBasis - 0.97847 (ms)
2026-07-13 02:29:21,954 [INFO] Pass: Optimize1qGatesDecomposition - 0.70882 (ms)
2026-07-13 02:29:21,954 [INFO] Pass: InverseCancellation - 0.00763 (ms)
2026-07-13 02:29:21,954 [INFO] Pass: Optimize1qGatesDecomposition - 0.86069 (ms)
2026-07-13 02:29:21,954 [INFO] Pass: InverseCancellation - 0.00763 (ms)
2026-07-13 02:29:21,954 [INFO] Pass: Depth - 0.18120 (ms)
2026-07-13 02:29:21,955 [INFO] Pass: FixedPoint - 0.00525 (ms)
2026-07-13 02:29:21,955 [INFO] Pass: Size - 0.06342 (ms)
2026-07-13 02:29:21,955 [INFO] Pass: FixedPoint - 0.00405 (ms)
2026-07-13 02:29:21,955 [INFO] Pass: BasisTranslator - 0.87595 (ms)
2026-07-13 02:29:21,955 [INFO] Pass: HighLevelSynthesis - 1.66726 (ms)
2026-07-13 02:29:21,955 [INFO] Pass: Depth - 0.19145 (ms)
2026-07-13 02:29:21,955 [INFO] Pass: FixedPoint - 0.00739 (ms)
2026-07-13 02:29:21,955 [INFO] Pass: GatesInBasis - 0.89741 (ms)
2026-07-13 02:29:21,955 [INFO] Pass: Size - 0.06533 (ms)
2026-07-13 02:29:21,955 [INFO] Pass: FixedPoint - 0.00477 (ms)
2026-07-13 02:29:21,955 [INFO] Pass: Optimize1qGatesDecomposition - 0.70763 (ms)
2026-07-13 02:29:21,955 [INFO] Pass: GatesInBasis - 0.98062 (ms)
2026-07-13 02:29:21,955 [INFO] Pass: InverseCancellation - 0.00763 (ms)
2026-07-13 02:29:21,956 [INFO] Pass: Depth - 0.17762 (ms)
2026-07-13 02:29:21,956 [INFO] Pass: FixedPoint - 0.00501 (ms)
2026-07-13 02:29:21,956 [INFO] Pass: Size - 0.06294 (ms)
2026-07-13 02:29:21,956 [INFO] Pass: FixedPoint - 0.00429 (ms)
2026-07-13 02:29:21,956 [INFO] Pass: Depth - 0.18549 (ms)
2026-07-13 02:29:21,956 [INFO] Pass: ContainsInstruction - 0.00572 (ms)
2026-07-13 02:29:21,956 [INFO] Pass: FixedPoint - 0.00548 (ms)
2026-07-13 02:29:21,956 [INFO] Pass: Size - 0.06437 (ms)
2026-07-13 02:29:21,956 [INFO] Pass: FixedPoint - 0.00429 (ms)
2026-07-13 02:29:21,956 [INFO] Pass: BasisTranslator - 0.87762 (ms)
2026-07-13 02:29:21,956 [INFO] Pass: Optimize1qGatesDecomposition - 0.88167 (ms)
2026-07-13 02:29:21,956 [INFO] Pass: Depth - 0.19002 (ms)
2026-07-13 02:29:21,956 [INFO] Pass: InverseCancellation - 0.00834 (ms)
2026-07-13 02:29:21,956 [INFO] Pass: FixedPoint - 0.00739 (ms)
2026-07-13 02:29:21,956 [INFO] Pass: GatesInBasis - 0.88525 (ms)
2026-07-13 02:29:21,956 [INFO] Pass: Size - 0.06652 (ms)
2026-07-13 02:29:21,956 [INFO] Pass: FixedPoint - 0.00429 (ms)
2026-07-13 02:29:21,957 [INFO] Pass: Depth - 0.17977 (ms)
2026-07-13 02:29:21,957 [INFO] Pass: Optimize1qGatesDecomposition - 0.71669 (ms)
2026-07-13 02:29:21,957 [INFO] Pass: FixedPoint - 0.00477 (ms)
2026-07-13 02:29:21,957 [INFO] Pass: InverseCancellation - 0.00834 (ms)
2026-07-13 02:29:21,957 [INFO] Pass: Size - 0.06270 (ms)
2026-07-13 02:29:21,957 [INFO] Pass: FixedPoint - 0.00429 (ms)
2026-07-13 02:29:21,957 [INFO] Pass: ContainsInstruction - 0.00548 (ms)
2026-07-13 02:29:21,957 [INFO] Total Transpile Time - 67.16824 (ms)
2026-07-13 02:29:21,957 [INFO] Pass: GatesInBasis - 0.97895 (ms)
2026-07-13 02:29:21,957 [INFO] Pass: Optimize1qGatesDecomposition - 0.86355 (ms)
2026-07-13 02:29:21,957 [INFO] Pass: InverseCancellation - 0.00811 (ms)
2026-07-13 02:29:21,958 [INFO] Pass: Depth - 0.18454 (ms)
2026-07-13 02:29:21,958 [INFO] Pass: GatesInBasis - 0.89335 (ms)
2026-07-13 02:29:21,958 [INFO] Pass: FixedPoint - 0.00548 (ms)
2026-07-13 02:29:21,958 [INFO] Pass: Size - 0.06342 (ms)
2026-07-13 02:29:21,958 [INFO] Pass: FixedPoint - 0.00453 (ms)
2026-07-13 02:29:21,958 [INFO] Pass: Depth - 0.17643 (ms)
2026-07-13 02:29:21,958 [INFO] Pass: FixedPoint - 0.00525 (ms)
2026-07-13 02:29:21,958 [INFO] Pass: Size - 0.06270 (ms)
2026-07-13 02:29:21,958 [INFO] Pass: FixedPoint - 0.00429 (ms)
2026-07-13 02:29:21,958 [INFO] Pass: ContainsInstruction - 0.00548 (ms)
2026-07-13 02:29:21,958 [INFO] Pass: ContainsInstruction - 0.00739 (ms)
2026-07-13 02:29:21,958 [INFO] Pass: ContainsInstruction - 0.00739 (ms)
2026-07-13 02:29:21,958 [INFO] Total Transpile Time - 66.38002 (ms)
2026-07-13 02:29:21,958 [INFO] Pass: InverseCancellation - 0.17715 (ms)
2026-07-13 02:29:21,958 [INFO] Pass: InverseCancellation - 0.17881 (ms)
2026-07-13 02:29:21,958 [INFO] Pass: UnitarySynthesis - 0.00477 (ms)
2026-07-13 02:29:21,958 [INFO] Pass: UnitarySynthesis - 0.00477 (ms)
2026-07-13 02:29:21,958 [INFO] Pass: GatesInBasis - 0.98252 (ms)
2026-07-13 02:29:21,958 [INFO] Pass: Optimize1qGatesDecomposition - 0.71073 (ms)
2026-07-13 02:29:21,959 [INFO] Pass: InverseCancellation - 0.01383 (ms)
2026-07-13 02:29:21,959 [INFO] Pass: Depth - 0.18620 (ms)
2026-07-13 02:29:21,959 [INFO] Pass: FixedPoint - 0.00572 (ms)
2026-07-13 02:29:21,959 [INFO] Pass: Size - 0.06390 (ms)
2026-07-13 02:29:21,959 [INFO] Pass: FixedPoint - 0.00429 (ms)
2026-07-13 02:29:21,959 [INFO] Total Transpile Time - 66.51044 (ms)
2026-07-13 02:29:21,959 [INFO] Pass: GatesInBasis - 0.89431 (ms)
2026-07-13 02:29:21,960 [INFO] Pass: Optimize1qGatesDecomposition - 0.71454 (ms)
2026-07-13 02:29:21,960 [INFO] Pass: InverseCancellation - 0.00739 (ms)
2026-07-13 02:29:21,960 [INFO] Pass: Depth - 0.17953 (ms)
2026-07-13 02:29:21,960 [INFO] Pass: FixedPoint - 0.00525 (ms)
2026-07-13 02:29:21,960 [INFO] Pass: Size - 0.06366 (ms)
2026-07-13 02:29:21,960 [INFO] Pass: FixedPoint - 0.00429 (ms)
2026-07-13 02:29:21,960 [INFO] Pass: ContainsInstruction - 0.00572 (ms)
2026-07-13 02:29:21,960 [INFO] Pass: HighLevelSynthesis - 1.64557 (ms)
2026-07-13 02:29:21,960 [INFO] Pass: HighLevelSynthesis - 1.64247 (ms)
2026-07-13 02:29:21,961 [INFO] Pass: GatesInBasis - 0.88763 (ms)
2026-07-13 02:29:21,961 [INFO] Pass: Depth - 0.17500 (ms)
2026-07-13 02:29:21,961 [INFO] Pass: FixedPoint - 0.00525 (ms)
2026-07-13 02:29:21,961 [INFO] Pass: BasisTranslator - 0.87214 (ms)
2026-07-13 02:29:21,961 [INFO] Pass: Size - 0.06366 (ms)
2026-07-13 02:29:21,961 [INFO] Pass: BasisTranslator - 0.87094 (ms)
2026-07-13 02:29:21,961 [INFO] Pass: FixedPoint - 0.00405 (ms)
2026-07-13 02:29:21,961 [INFO] Pass: ContainsInstruction - 0.00525 (ms)
2026-07-13 02:29:21,961 [INFO] Pass: Depth - 0.19693 (ms)
2026-07-13 02:29:21,961 [INFO] Pass: Depth - 0.19598 (ms)
2026-07-13 02:29:21,961 [INFO] Pass: FixedPoint - 0.00858 (ms)
2026-07-13 02:29:21,961 [INFO] Pass: FixedPoint - 0.00834 (ms)
2026-07-13 02:29:21,961 [INFO] Pass: Size - 0.06652 (ms)
2026-07-13 02:29:21,961 [INFO] Pass: Size - 0.06866 (ms)
2026-07-13 02:29:21,961 [INFO] Pass: FixedPoint - 0.00405 (ms)
2026-07-13 02:29:21,961 [INFO] Pass: FixedPoint - 0.00477 (ms)
2026-07-13 02:29:21,961 [INFO] Total Transpile Time - 66.78581 (ms)
2026-07-13 02:29:21,962 [INFO] Pass: Optimize1qGatesDecomposition - 0.87047 (ms)
2026-07-13 02:29:21,962 [INFO] Pass: Optimize1qGatesDecomposition - 0.87786 (ms)
2026-07-13 02:29:21,962 [INFO] Pass: InverseCancellation - 0.00811 (ms)
2026-07-13 02:29:21,962 [INFO] Pass: InverseCancellation - 0.00906 (ms)
2026-07-13 02:29:21,962 [INFO] Total Transpile Time - 66.36763 (ms)
2026-07-13 02:29:21,963 [INFO] Pass: GatesInBasis - 0.89574 (ms)
2026-07-13 02:29:21,963 [INFO] Pass: GatesInBasis - 0.89717 (ms)
2026-07-13 02:29:21,963 [INFO] Pass: Depth - 0.18096 (ms)
2026-07-13 02:29:21,964 [INFO] Pass: FixedPoint - 0.00548 (ms)
2026-07-13 02:29:21,964 [INFO] Pass: Depth - 0.18167 (ms)
2026-07-13 02:29:21,964 [INFO] Pass: FixedPoint - 0.00548 (ms)
2026-07-13 02:29:21,964 [INFO] Pass: Size - 0.06866 (ms)
2026-07-13 02:29:21,964 [INFO] Pass: FixedPoint - 0.00405 (ms)
2026-07-13 02:29:21,964 [INFO] Pass: Size - 0.06485 (ms)
2026-07-13 02:29:21,964 [INFO] Pass: FixedPoint - 0.00429 (ms)
2026-07-13 02:29:21,964 [INFO] Pass: Optimize1qGatesDecomposition - 0.70405 (ms)
2026-07-13 02:29:21,964 [INFO] Pass: InverseCancellation - 0.00668 (ms)
2026-07-13 02:29:21,964 [INFO] Pass: Optimize1qGatesDecomposition - 0.70667 (ms)
2026-07-13 02:29:21,964 [INFO] Pass: InverseCancellation - 0.00739 (ms)
2026-07-13 02:29:21,965 [INFO] Pass: GatesInBasis - 0.96059 (ms)
2026-07-13 02:29:21,965 [INFO] Pass: GatesInBasis - 0.95272 (ms)
2026-07-13 02:29:21,965 [INFO] Pass: ContainsInstruction - 0.00763 (ms)
2026-07-13 02:29:21,966 [INFO] Pass: Depth - 0.18191 (ms)
2026-07-13 02:29:21,966 [INFO] Pass: FixedPoint - 0.00548 (ms)
2026-07-13 02:29:21,966 [INFO] Pass: Depth - 0.18334 (ms)
2026-07-13 02:29:21,966 [INFO] Pass: FixedPoint - 0.00525 (ms)
2026-07-13 02:29:21,966 [INFO] Pass: InverseCancellation - 0.17428 (ms)
2026-07-13 02:29:21,966 [INFO] Pass: UnitarySynthesis - 0.00453 (ms)
2026-07-13 02:29:21,966 [INFO] Pass: Size - 0.06342 (ms)
2026-07-13 02:29:21,966 [INFO] Pass: FixedPoint - 0.00453 (ms)
2026-07-13 02:29:21,966 [INFO] Pass: Size - 0.06366 (ms)
2026-07-13 02:29:21,966 [INFO] Pass: ContainsInstruction - 0.00596 (ms)
2026-07-13 02:29:21,966 [INFO] Pass: FixedPoint - 0.00429 (ms)
2026-07-13 02:29:21,966 [INFO] Pass: ContainsInstruction - 0.00548 (ms)
2026-07-13 02:29:21,967 [INFO] Total Transpile Time - 66.05864 (ms)
2026-07-13 02:29:21,967 [INFO] Total Transpile Time - 66.56289 (ms)
2026-07-13 02:29:21,967 [INFO] Pass: HighLevelSynthesis - 1.65749 (ms)
2026-07-13 02:29:21,968 [INFO] Pass: BasisTranslator - 0.89288 (ms)
2026-07-13 02:29:21,969 [INFO] Pass: Depth - 0.19979 (ms)
2026-07-13 02:29:21,969 [INFO] Pass: FixedPoint - 0.00834 (ms)
2026-07-13 02:29:21,969 [INFO] Pass: Size - 0.06700 (ms)
2026-07-13 02:29:21,969 [INFO] Pass: FixedPoint - 0.00429 (ms)
2026-07-13 02:29:21,970 [INFO] Pass: Optimize1qGatesDecomposition - 0.88048 (ms)
2026-07-13 02:29:21,970 [INFO] Pass: InverseCancellation - 0.00882 (ms)
2026-07-13 02:29:21,971 [INFO] Pass: GatesInBasis - 0.98372 (ms)
2026-07-13 02:29:21,971 [INFO] Pass: Depth - 0.18382 (ms)
2026-07-13 02:29:21,971 [INFO] Pass: FixedPoint - 0.00620 (ms)
2026-07-13 02:29:21,971 [INFO] Pass: Size - 0.06413 (ms)
2026-07-13 02:29:21,971 [INFO] Pass: FixedPoint - 0.00405 (ms)
2026-07-13 02:29:21,972 [INFO] Pass: Optimize1qGatesDecomposition - 0.73004 (ms)
2026-07-13 02:29:21,972 [INFO] Pass: InverseCancellation - 0.00811 (ms)
2026-07-13 02:29:21,973 [INFO] Pass: GatesInBasis - 0.88954 (ms)
2026-07-13 02:29:21,973 [INFO] Pass: Depth - 0.17786 (ms)
2026-07-13 02:29:21,973 [INFO] Pass: FixedPoint - 0.00525 (ms)
2026-07-13 02:29:21,973 [INFO] Pass: Size - 0.06270 (ms)
2026-07-13 02:29:21,973 [INFO] Pass: FixedPoint - 0.00381 (ms)
2026-07-13 02:29:21,973 [INFO] Pass: ContainsInstruction - 0.00501 (ms)
2026-07-13 02:29:21,975 [INFO] Total Transpile Time - 66.55455 (ms)
2026-07-13 02:29:21,977 [INFO] Pass: ContainsInstruction - 0.00763 (ms)
2026-07-13 02:29:21,977 [INFO] Pass: InverseCancellation - 0.17786 (ms)
2026-07-13 02:29:21,977 [INFO] Pass: UnitarySynthesis - 0.00548 (ms)
2026-07-13 02:29:21,978 [INFO] Pass: ContainsInstruction - 0.00787 (ms)
2026-07-13 02:29:21,978 [INFO] Pass: InverseCancellation - 0.18430 (ms)
2026-07-13 02:29:21,978 [INFO] Pass: UnitarySynthesis - 0.00477 (ms)
2026-07-13 02:29:21,979 [INFO] Pass: HighLevelSynthesis - 1.63746 (ms)
2026-07-13 02:29:21,980 [INFO] Pass: HighLevelSynthesis - 1.71971 (ms)
2026-07-13 02:29:21,980 [INFO] Pass: BasisTranslator - 0.88000 (ms)
2026-07-13 02:29:21,980 [INFO] Pass: Depth - 0.19097 (ms)
2026-07-13 02:29:21,980 [INFO] Pass: FixedPoint - 0.00763 (ms)
2026-07-13 02:29:21,980 [INFO] Pass: Size - 0.06533 (ms)
2026-07-13 02:29:21,980 [INFO] Pass: FixedPoint - 0.00453 (ms)
2026-07-13 02:29:21,981 [INFO] Pass: BasisTranslator - 0.89502 (ms)
2026-07-13 02:29:21,981 [INFO] Pass: Depth - 0.19503 (ms)
2026-07-13 02:29:21,981 [INFO] Pass: FixedPoint - 0.00858 (ms)
2026-07-13 02:29:21,981 [INFO] Pass: Size - 0.07081 (ms)
2026-07-13 02:29:21,981 [INFO] Pass: Optimize1qGatesDecomposition - 0.87595 (ms)
2026-07-13 02:29:21,981 [INFO] Pass: FixedPoint - 0.00477 (ms)
2026-07-13 02:29:21,981 [INFO] Pass: InverseCancellation - 0.00787 (ms)
2026-07-13 02:29:21,981 [INFO] Pass: ContainsInstruction - 0.00978 (ms)
2026-07-13 02:29:21,981 [INFO] Pass: InverseCancellation - 0.17595 (ms)
2026-07-13 02:29:21,981 [INFO] Pass: UnitarySynthesis - 0.00429 (ms)
2026-07-13 02:29:21,982 [INFO] Pass: Optimize1qGatesDecomposition - 0.89240 (ms)
2026-07-13 02:29:21,982 [INFO] Pass: InverseCancellation - 0.00811 (ms)
2026-07-13 02:29:21,982 [INFO] Pass: GatesInBasis - 0.98562 (ms)
2026-07-13 02:29:21,982 [INFO] Pass: Depth - 0.18144 (ms)
2026-07-13 02:29:21,982 [INFO] Pass: FixedPoint - 0.00525 (ms)
2026-07-13 02:29:21,982 [INFO] Pass: Size - 0.06533 (ms)
2026-07-13 02:29:21,983 [INFO] Pass: FixedPoint - 0.00429 (ms)
2026-07-13 02:29:21,983 [INFO] Pass: GatesInBasis - 1.02448 (ms)
2026-07-13 02:29:21,983 [INFO] Pass: HighLevelSynthesis - 1.68490 (ms)
2026-07-13 02:29:21,983 [INFO] Pass: Optimize1qGatesDecomposition - 0.72598 (ms)
2026-07-13 02:29:21,983 [INFO] Pass: InverseCancellation - 0.00834 (ms)
2026-07-13 02:29:21,983 [INFO] Pass: Depth - 0.18930 (ms)
2026-07-13 02:29:21,983 [INFO] Pass: FixedPoint - 0.00572 (ms)
2026-07-13 02:29:21,984 [INFO] Pass: Size - 0.07081 (ms)
2026-07-13 02:29:21,984 [INFO] Pass: FixedPoint - 0.00739 (ms)
2026-07-13 02:29:21,984 [INFO] Pass: BasisTranslator - 0.88811 (ms)
2026-07-13 02:29:21,984 [INFO] Pass: GatesInBasis - 0.88358 (ms)
2026-07-13 02:29:21,984 [INFO] Pass: Optimize1qGatesDecomposition - 0.72932 (ms)
2026-07-13 02:29:21,984 [INFO] Pass: InverseCancellation - 0.01192 (ms)
2026-07-13 02:29:21,984 [INFO] Pass: Depth - 0.19598 (ms)
2026-07-13 02:29:21,984 [INFO] Pass: FixedPoint - 0.00763 (ms)
2026-07-13 02:29:21,984 [INFO] Pass: Depth - 0.17500 (ms)
2026-07-13 02:29:21,985 [INFO] Pass: FixedPoint - 0.00501 (ms)
2026-07-13 02:29:21,985 [INFO] Pass: Size - 0.07081 (ms)
2026-07-13 02:29:21,985 [INFO] Pass: FixedPoint - 0.00429 (ms)
2026-07-13 02:29:21,985 [INFO] Pass: Size - 0.06676 (ms)
2026-07-13 02:29:21,985 [INFO] Pass: FixedPoint - 0.00405 (ms)
2026-07-13 02:29:21,985 [INFO] Pass: ContainsInstruction - 0.00572 (ms)
2026-07-13 02:29:21,985 [INFO] Pass: GatesInBasis - 0.90790 (ms)
2026-07-13 02:29:21,985 [INFO] Pass: Optimize1qGatesDecomposition - 0.87142 (ms)
2026-07-13 02:29:21,986 [INFO] Pass: Depth - 0.18883 (ms)
2026-07-13 02:29:21,986 [INFO] Pass: InverseCancellation - 0.01431 (ms)
2026-07-13 02:29:21,986 [INFO] Pass: FixedPoint - 0.00572 (ms)
2026-07-13 02:29:21,986 [INFO] Pass: Size - 0.06318 (ms)
2026-07-13 02:29:21,986 [INFO] Pass: FixedPoint - 0.00429 (ms)
2026-07-13 02:29:21,986 [INFO] Pass: ContainsInstruction - 0.00548 (ms)
2026-07-13 02:29:21,986 [INFO] Pass: ContainsInstruction - 0.00739 (ms)
2026-07-13 02:29:21,986 [INFO] Pass: InverseCancellation - 0.17571 (ms)
2026-07-13 02:29:21,986 [INFO] Pass: UnitarySynthesis - 0.00453 (ms)
2026-07-13 02:29:21,986 [INFO] Total Transpile Time - 66.90359 (ms)
2026-07-13 02:29:21,987 [INFO] Pass: GatesInBasis - 0.98825 (ms)
2026-07-13 02:29:21,987 [INFO] Pass: Depth - 0.19598 (ms)
2026-07-13 02:29:21,987 [INFO] Pass: FixedPoint - 0.00644 (ms)
2026-07-13 02:29:21,987 [INFO] Pass: Size - 0.06700 (ms)
2026-07-13 02:29:21,987 [INFO] Pass: FixedPoint - 0.00429 (ms)
2026-07-13 02:29:21,987 [INFO] Total Transpile Time - 67.24715 (ms)
2026-07-13 02:29:21,988 [INFO] Pass: HighLevelSynthesis - 1.63269 (ms)
2026-07-13 02:29:21,988 [INFO] Pass: Optimize1qGatesDecomposition - 0.71478 (ms)
2026-07-13 02:29:21,988 [INFO] Pass: InverseCancellation - 0.00787 (ms)
2026-07-13 02:29:21,989 [INFO] Pass: BasisTranslator - 0.87905 (ms)
2026-07-13 02:29:21,989 [INFO] Pass: GatesInBasis - 0.89788 (ms)
2026-07-13 02:29:21,989 [INFO] Pass: Depth - 0.19193 (ms)
2026-07-13 02:29:21,989 [INFO] Pass: FixedPoint - 0.00787 (ms)
2026-07-13 02:29:21,989 [INFO] Pass: Depth - 0.17953 (ms)
2026-07-13 02:29:21,989 [INFO] Pass: FixedPoint - 0.00501 (ms)
2026-07-13 02:29:21,989 [INFO] Pass: Size - 0.06628 (ms)
2026-07-13 02:29:21,989 [INFO] Pass: FixedPoint - 0.00453 (ms)
2026-07-13 02:29:21,989 [INFO] Pass: Size - 0.06270 (ms)
2026-07-13 02:29:21,989 [INFO] Pass: FixedPoint - 0.00405 (ms)
2026-07-13 02:29:21,989 [INFO] Pass: ContainsInstruction - 0.00548 (ms)
2026-07-13 02:29:21,990 [INFO] Pass: Optimize1qGatesDecomposition - 0.86904 (ms)
2026-07-13 02:29:21,990 [INFO] Pass: InverseCancellation - 0.00811 (ms)
2026-07-13 02:29:21,991 [INFO] Total Transpile Time - 66.53452 (ms)
2026-07-13 02:29:21,991 [INFO] Pass: GatesInBasis - 0.89288 (ms)
2026-07-13 02:29:21,991 [INFO] Pass: Depth - 0.17667 (ms)
2026-07-13 02:29:21,991 [INFO] Pass: FixedPoint - 0.00548 (ms)
2026-07-13 02:29:21,991 [INFO] Pass: Size - 0.06342 (ms)
2026-07-13 02:29:21,991 [INFO] Pass: FixedPoint - 0.00405 (ms)
2026-07-13 02:29:21,992 [INFO] Pass: Optimize1qGatesDecomposition - 0.70977 (ms)
2026-07-13 02:29:21,992 [INFO] Pass: InverseCancellation - 0.00739 (ms)
2026-07-13 02:29:21,993 [INFO] Pass: GatesInBasis - 0.94509 (ms)
2026-07-13 02:29:21,993 [INFO] Pass: Depth - 0.17428 (ms)
2026-07-13 02:29:21,993 [INFO] Pass: FixedPoint - 0.00525 (ms)
2026-07-13 02:29:21,994 [INFO] Pass: Size - 0.06390 (ms)
2026-07-13 02:29:21,994 [INFO] Pass: FixedPoint - 0.00453 (ms)
2026-07-13 02:29:21,994 [INFO] Pass: ContainsInstruction - 0.00596 (ms)
2026-07-13 02:29:21,995 [INFO] Total Transpile Time - 66.29634 (ms)
2026-07-13 02:29:22,553 [INFO] [PCE] Aer metadata (1a ejecucion de este proceso): device=CPU method=statevector shots=8192 fusion_enabled=True
2026-07-13 02:29:22,555 [INFO] [PCE] Aer metadata (1a ejecucion de este proceso): device=CPU method=statevector shots=8192 fusion_enabled=True
2026-07-13 02:29:22,558 [INFO] [PCE] Aer metadata (1a ejecucion de este proceso): device=CPU method=statevector shots=8192 fusion_enabled=True
2026-07-13 02:29:22,561 [INFO] [PCE] Aer metadata (1a ejecucion de este proceso): device=CPU method=statevector shots=8192 fusion_enabled=True
2026-07-13 02:29:22,563 [INFO] [PCE] Aer metadata (1a ejecucion de este proceso): device=CPU method=statevector shots=8192 fusion_enabled=True
2026-07-13 02:29:22,566 [INFO] [PCE] Aer metadata (1a ejecucion de este proceso): device=CPU method=statevector shots=8192 fusion_enabled=True
2026-07-13 02:29:22,568 [INFO] [PCE] Aer metadata (1a ejecucion de este proceso): device=CPU method=statevector shots=8192 fusion_enabled=True
2026-07-13 02:29:22,571 [INFO] [PCE] Aer metadata (1a ejecucion de este proceso): device=CPU method=statevector shots=8192 fusion_enabled=True
2026-07-13 02:29:22,573 [INFO] [PCE] Aer metadata (1a ejecucion de este proceso): device=CPU method=statevector shots=8192 fusion_enabled=True
2026-07-13 02:29:22,576 [INFO] [PCE] Aer metadata (1a ejecucion de este proceso): device=CPU method=statevector shots=8192 fusion_enabled=True
2026-07-13 02:29:22,578 [INFO] [PCE] Aer metadata (1a ejecucion de este proceso): device=CPU method=statevector shots=8192 fusion_enabled=True
2026-07-13 02:29:22,580 [INFO] [PCE] Aer metadata (1a ejecucion de este proceso): device=CPU method=statevector shots=8192 fusion_enabled=True
2026-07-13 02:29:22,583 [INFO] [PCE] Aer metadata (1a ejecucion de este proceso): device=CPU method=statevector shots=8192 fusion_enabled=True
2026-07-13 02:29:22,584 [INFO] [PCE] Aer metadata (1a ejecucion de este proceso): device=CPU method=statevector shots=8192 fusion_enabled=True
2026-07-13 11:00:16,271 [INFO] [PCE] n=250 instancia (idx=87) 1/14 completada (paralelo) - transcurrido=0:08:30:55
2026-07-13 11:01:53,968 [INFO] [PCE] n=250 instancia (idx=59) 2/14 completada (paralelo) - transcurrido=0:08:32:32
2026-07-13 11:02:26,173 [INFO] [PCE] n=250 instancia (idx=31) 3/14 completada (paralelo) - transcurrido=0:08:33:05
2026-07-13 11:02:40,295 [INFO] [PCE] n=250 instancia (idx=45) 4/14 completada (paralelo) - transcurrido=0:08:33:19
2026-07-13 11:25:30,126 [INFO] [PCE] n=250 instancia (idx=94) 5/14 completada (paralelo) - transcurrido=0:08:56:08
2026-07-13 11:26:10,776 [INFO] [PCE] n=250 instancia (idx=24) 6/14 completada (paralelo) - transcurrido=0:08:56:49
2026-07-13 11:29:13,354 [INFO] [PCE] n=250 instancia (idx=52) 7/14 completada (paralelo) - transcurrido=0:08:59:52
2026-07-13 11:29:58,120 [INFO] [PCE] n=250 instancia (idx=3) 8/14 completada (paralelo) - transcurrido=0:09:00:36
2026-07-13 11:32:50,379 [INFO] [PCE] n=250 instancia (idx=73) 9/14 completada (paralelo) - transcurrido=0:09:03:29
2026-07-13 11:35:02,837 [INFO] [PCE] n=250 instancia (idx=10) 10/14 completada (paralelo) - transcurrido=0:09:05:41
2026-07-13 11:35:22,668 [INFO] [PCE] n=250 instancia (idx=38) 11/14 completada (paralelo) - transcurrido=0:09:06:01
2026-07-13 11:36:36,589 [INFO] [PCE] n=250 instancia (idx=17) 12/14 completada (paralelo) - transcurrido=0:09:07:15
2026-07-13 11:36:58,703 [INFO] [PCE] n=250 instancia (idx=66) 13/14 completada (paralelo) - transcurrido=0:09:07:37
2026-07-13 11:39:07,032 [INFO] [PCE] n=250 instancia (idx=80) 14/14 completada (paralelo) - transcurrido=0:09:09:45
2026-07-13 11:39:07,150 [INFO] [PCE] n=250 chunk 4/7 completado - beta_parcial=0.2416 duration=0:09:09:45 shots=8192 backend=AER
