gcc/system unloaded
gcccore/system unloaded
cesga/2022 unloaded
rust/1.75.0 unloaded
imkl/2022.0.1 unloaded
numpy/1.26.4 unloaded
scipy/1.13.1 unloaded
flint/2.8.4 unloaded
symengine/0.11.1 unloaded
symengine-python/0.11.0 unloaded
spdlog/1.9.2 unloaded
pylatexenc/2.10 unloaded
qiskit/1.2.4-aer-gpu-cu11 unloaded
        Preparing the environment for use of the CESGA 2022 software stack.
        Please rebuild modules cache: module --ignore-cache avail
     
cesga/2022 loaded
rust/1.75.0 loaded

imkl/2023.2.0 loaded
numpy/1.26.4 loaded
scipy/1.13.1 loaded
imkl/2023.2.0 unloaded

imkl/2022.0.1 loaded
flint/2.8.4 loaded
symengine/0.11.1 loaded
symengine-python/0.11.0 loaded
spdlog/1.9.2 loaded
pylatexenc/2.10 loaded
gcccore/system loaded
gcc/system loaded
qiskit/1.2.4-aer-gpu-cu11 loaded
2026-07-12 22:02:41,943 [INFO] [PCE] n=225 chunk 2/7: 15 instancias [1, 8, 15, 22, 29, 36, 43, 50, 57, 64, 71, 78, 85, 92, 99], num_workers=15, qubits=9
2026-07-12 22:02:41,943 [INFO] [PCE] n=225 paralelizando 15 instancias entre 15 workers (max_parallel_threads=1 fijo, independiente de num_workers)
2026-07-12 22:02:42,089 [INFO] Pass: ContainsInstruction - 0.02766 (ms)
2026-07-12 22:02:42,089 [INFO] Pass: InverseCancellation - 0.02480 (ms)
2026-07-12 22:02:42,089 [INFO] Pass: UnitarySynthesis - 0.00572 (ms)
2026-07-12 22:02:42,091 [INFO] Pass: HighLevelSynthesis - 1.59049 (ms)
2026-07-12 22:02:42,092 [INFO] Pass: ContainsInstruction - 0.01788 (ms)
2026-07-12 22:02:42,092 [INFO] Pass: ContainsInstruction - 0.01597 (ms)
2026-07-12 22:02:42,092 [INFO] Pass: ContainsInstruction - 0.01502 (ms)
2026-07-12 22:02:42,092 [INFO] Pass: InverseCancellation - 0.01621 (ms)
2026-07-12 22:02:42,092 [INFO] Pass: InverseCancellation - 0.01812 (ms)
2026-07-12 22:02:42,092 [INFO] Pass: InverseCancellation - 0.01764 (ms)
2026-07-12 22:02:42,092 [INFO] Pass: UnitarySynthesis - 0.00525 (ms)
2026-07-12 22:02:42,092 [INFO] Pass: UnitarySynthesis - 0.00548 (ms)
2026-07-12 22:02:42,092 [INFO] Pass: UnitarySynthesis - 0.00548 (ms)
2026-07-12 22:02:42,092 [INFO] Pass: BasisTranslator - 0.89312 (ms)
2026-07-12 22:02:42,092 [INFO] Pass: Depth - 0.20313 (ms)
2026-07-12 22:02:42,092 [INFO] Pass: FixedPoint - 0.01860 (ms)
2026-07-12 22:02:42,092 [INFO] Pass: Size - 0.05984 (ms)
2026-07-12 22:02:42,093 [INFO] Pass: FixedPoint - 0.00477 (ms)
2026-07-12 22:02:42,093 [INFO] Pass: Optimize1qGatesDecomposition - 0.15903 (ms)
2026-07-12 22:02:42,093 [INFO] Pass: InverseCancellation - 0.00739 (ms)
2026-07-12 22:02:42,093 [INFO] Pass: HighLevelSynthesis - 1.55663 (ms)
2026-07-12 22:02:42,093 [INFO] Pass: HighLevelSynthesis - 1.58000 (ms)
2026-07-12 22:02:42,094 [INFO] Pass: HighLevelSynthesis - 1.58381 (ms)
2026-07-12 22:02:42,094 [INFO] Pass: GatesInBasis - 0.84400 (ms)
2026-07-12 22:02:42,094 [INFO] Pass: Depth - 0.15903 (ms)
2026-07-12 22:02:42,094 [INFO] Pass: FixedPoint - 0.00572 (ms)
2026-07-12 22:02:42,094 [INFO] Pass: Size - 0.05794 (ms)
2026-07-12 22:02:42,094 [INFO] Pass: FixedPoint - 0.00429 (ms)
2026-07-12 22:02:42,094 [INFO] Pass: ContainsInstruction - 0.00453 (ms)
2026-07-12 22:02:42,094 [INFO] Pass: BasisTranslator - 0.79799 (ms)
2026-07-12 22:02:42,094 [INFO] Pass: BasisTranslator - 0.79799 (ms)
2026-07-12 22:02:42,094 [INFO] Pass: ContainsInstruction - 0.01574 (ms)
2026-07-12 22:02:42,094 [INFO] Pass: BasisTranslator - 0.80609 (ms)
2026-07-12 22:02:42,094 [INFO] Pass: InverseCancellation - 0.01597 (ms)
2026-07-12 22:02:42,094 [INFO] Pass: UnitarySynthesis - 0.00572 (ms)
2026-07-12 22:02:42,095 [INFO] Pass: Depth - 0.22268 (ms)
2026-07-12 22:02:42,095 [INFO] Pass: Depth - 0.20766 (ms)
2026-07-12 22:02:42,095 [INFO] Pass: Depth - 0.20194 (ms)
2026-07-12 22:02:42,095 [INFO] Pass: FixedPoint - 0.01502 (ms)
2026-07-12 22:02:42,095 [INFO] Pass: FixedPoint - 0.01431 (ms)
2026-07-12 22:02:42,095 [INFO] Pass: FixedPoint - 0.01192 (ms)
2026-07-12 22:02:42,095 [INFO] Pass: Size - 0.06914 (ms)
2026-07-12 22:02:42,095 [INFO] Pass: Size - 0.06843 (ms)
2026-07-12 22:02:42,095 [INFO] Pass: Size - 0.06247 (ms)
2026-07-12 22:02:42,095 [INFO] Pass: FixedPoint - 0.00453 (ms)
2026-07-12 22:02:42,095 [INFO] Pass: FixedPoint - 0.00453 (ms)
2026-07-12 22:02:42,095 [INFO] Pass: FixedPoint - 0.00453 (ms)
2026-07-12 22:02:42,095 [INFO] Pass: Optimize1qGatesDecomposition - 0.14901 (ms)
2026-07-12 22:02:42,095 [INFO] Pass: Optimize1qGatesDecomposition - 0.14973 (ms)
2026-07-12 22:02:42,095 [INFO] Pass: Optimize1qGatesDecomposition - 0.16499 (ms)
2026-07-12 22:02:42,095 [INFO] Pass: InverseCancellation - 0.00739 (ms)
2026-07-12 22:02:42,095 [INFO] Pass: InverseCancellation - 0.01001 (ms)
2026-07-12 22:02:42,095 [INFO] Pass: InverseCancellation - 0.00811 (ms)
2026-07-12 22:02:42,096 [INFO] Total Transpile Time - 87.84127 (ms)
2026-07-12 22:02:42,096 [INFO] Pass: GatesInBasis - 0.85115 (ms)
2026-07-12 22:02:42,096 [INFO] Pass: GatesInBasis - 0.85211 (ms)
2026-07-12 22:02:42,096 [INFO] Pass: GatesInBasis - 0.85521 (ms)
2026-07-12 22:02:42,096 [INFO] Pass: HighLevelSynthesis - 1.55234 (ms)
2026-07-12 22:02:42,096 [INFO] Pass: Depth - 0.16046 (ms)
2026-07-12 22:02:42,096 [INFO] Pass: Depth - 0.16022 (ms)
2026-07-12 22:02:42,096 [INFO] Pass: Depth - 0.16069 (ms)
2026-07-12 22:02:42,096 [INFO] Pass: FixedPoint - 0.00572 (ms)
2026-07-12 22:02:42,096 [INFO] Pass: FixedPoint - 0.00525 (ms)
2026-07-12 22:02:42,096 [INFO] Pass: FixedPoint - 0.00572 (ms)
2026-07-12 22:02:42,096 [INFO] Pass: Size - 0.05674 (ms)
2026-07-12 22:02:42,096 [INFO] Pass: Size - 0.05674 (ms)
2026-07-12 22:02:42,096 [INFO] Pass: Size - 0.05722 (ms)
2026-07-12 22:02:42,096 [INFO] Pass: FixedPoint - 0.00429 (ms)
2026-07-12 22:02:42,096 [INFO] Pass: FixedPoint - 0.00453 (ms)
2026-07-12 22:02:42,096 [INFO] Pass: FixedPoint - 0.00429 (ms)
2026-07-12 22:02:42,096 [INFO] Pass: ContainsInstruction - 0.00501 (ms)
2026-07-12 22:02:42,096 [INFO] Pass: ContainsInstruction - 0.00548 (ms)
2026-07-12 22:02:42,096 [INFO] Pass: ContainsInstruction - 0.00501 (ms)
2026-07-12 22:02:42,097 [INFO] Pass: BasisTranslator - 0.79179 (ms)
2026-07-12 22:02:42,097 [INFO] Pass: Depth - 0.20695 (ms)
2026-07-12 22:02:42,097 [INFO] Pass: FixedPoint - 0.01311 (ms)
2026-07-12 22:02:42,097 [INFO] Pass: ContainsInstruction - 0.01502 (ms)
2026-07-12 22:02:42,097 [INFO] Pass: Size - 0.06914 (ms)
2026-07-12 22:02:42,097 [INFO] Pass: InverseCancellation - 0.02480 (ms)
2026-07-12 22:02:42,097 [INFO] Pass: FixedPoint - 0.00453 (ms)
2026-07-12 22:02:42,097 [INFO] Pass: UnitarySynthesis - 0.00548 (ms)
2026-07-12 22:02:42,098 [INFO] Pass: Optimize1qGatesDecomposition - 0.13661 (ms)
2026-07-12 22:02:42,098 [INFO] Pass: InverseCancellation - 0.00787 (ms)
2026-07-12 22:02:42,098 [INFO] Total Transpile Time - 86.55381 (ms)
2026-07-12 22:02:42,098 [INFO] Total Transpile Time - 86.55858 (ms)
2026-07-12 22:02:42,098 [INFO] Total Transpile Time - 84.05113 (ms)
2026-07-12 22:02:42,098 [INFO] Pass: GatesInBasis - 0.83995 (ms)
2026-07-12 22:02:42,099 [INFO] Pass: Depth - 0.15974 (ms)
2026-07-12 22:02:42,099 [INFO] Pass: FixedPoint - 0.00501 (ms)
2026-07-12 22:02:42,099 [INFO] Pass: Size - 0.05651 (ms)
2026-07-12 22:02:42,099 [INFO] Pass: FixedPoint - 0.00405 (ms)
2026-07-12 22:02:42,099 [INFO] Pass: ContainsInstruction - 0.00525 (ms)
2026-07-12 22:02:42,099 [INFO] Pass: HighLevelSynthesis - 1.55687 (ms)
2026-07-12 22:02:42,100 [INFO] Pass: BasisTranslator - 0.84972 (ms)
2026-07-12 22:02:42,100 [INFO] Pass: Depth - 0.20194 (ms)
2026-07-12 22:02:42,100 [INFO] Pass: FixedPoint - 0.01311 (ms)
2026-07-12 22:02:42,100 [INFO] Pass: Size - 0.05889 (ms)
2026-07-12 22:02:42,100 [INFO] Total Transpile Time - 83.89974 (ms)
2026-07-12 22:02:42,100 [INFO] Pass: FixedPoint - 0.00453 (ms)
2026-07-12 22:02:42,101 [INFO] Pass: Optimize1qGatesDecomposition - 0.13924 (ms)
2026-07-12 22:02:42,101 [INFO] Pass: InverseCancellation - 0.00882 (ms)
2026-07-12 22:02:42,101 [INFO] Pass: ContainsInstruction - 0.01669 (ms)
2026-07-12 22:02:42,101 [INFO] Pass: InverseCancellation - 0.01645 (ms)
2026-07-12 22:02:42,101 [INFO] Pass: UnitarySynthesis - 0.00548 (ms)
2026-07-12 22:02:42,101 [INFO] Pass: GatesInBasis - 0.83995 (ms)
2026-07-12 22:02:42,102 [INFO] Pass: Depth - 0.16713 (ms)
2026-07-12 22:02:42,102 [INFO] Pass: FixedPoint - 0.00572 (ms)
2026-07-12 22:02:42,102 [INFO] Pass: Size - 0.05841 (ms)
2026-07-12 22:02:42,102 [INFO] Pass: FixedPoint - 0.00453 (ms)
2026-07-12 22:02:42,102 [INFO] Pass: ContainsInstruction - 0.00572 (ms)
2026-07-12 22:02:42,102 [INFO] Pass: HighLevelSynthesis - 1.56379 (ms)
2026-07-12 22:02:42,103 [INFO] Pass: BasisTranslator - 0.85068 (ms)
2026-07-12 22:02:42,103 [INFO] Total Transpile Time - 83.67109 (ms)
2026-07-12 22:02:42,104 [INFO] Pass: Depth - 0.21577 (ms)
2026-07-12 22:02:42,104 [INFO] Pass: FixedPoint - 0.01240 (ms)
2026-07-12 22:02:42,104 [INFO] Pass: Size - 0.06008 (ms)
2026-07-12 22:02:42,104 [INFO] Pass: FixedPoint - 0.00453 (ms)
2026-07-12 22:02:42,104 [INFO] Pass: Optimize1qGatesDecomposition - 0.14472 (ms)
2026-07-12 22:02:42,104 [INFO] Pass: InverseCancellation - 0.00834 (ms)
2026-07-12 22:02:42,105 [INFO] Pass: GatesInBasis - 0.84925 (ms)
2026-07-12 22:02:42,105 [INFO] Pass: Depth - 0.15926 (ms)
2026-07-12 22:02:42,105 [INFO] Pass: FixedPoint - 0.00548 (ms)
2026-07-12 22:02:42,105 [INFO] Pass: Size - 0.05603 (ms)
2026-07-12 22:02:42,105 [INFO] Pass: FixedPoint - 0.00429 (ms)
2026-07-12 22:02:42,105 [INFO] Pass: ContainsInstruction - 0.00501 (ms)
2026-07-12 22:02:42,105 [INFO] Pass: ContainsInstruction - 0.01955 (ms)
2026-07-12 22:02:42,105 [INFO] Pass: InverseCancellation - 0.01645 (ms)
2026-07-12 22:02:42,105 [INFO] Pass: UnitarySynthesis - 0.00525 (ms)
2026-07-12 22:02:42,107 [INFO] Total Transpile Time - 83.62103 (ms)
2026-07-12 22:02:42,107 [INFO] Pass: HighLevelSynthesis - 1.66655 (ms)
2026-07-12 22:02:42,108 [INFO] Pass: BasisTranslator - 0.82421 (ms)
2026-07-12 22:02:42,108 [INFO] Pass: Depth - 0.21219 (ms)
2026-07-12 22:02:42,108 [INFO] Pass: FixedPoint - 0.01168 (ms)
2026-07-12 22:02:42,108 [INFO] Pass: Size - 0.05913 (ms)
2026-07-12 22:02:42,108 [INFO] Pass: FixedPoint - 0.00429 (ms)
2026-07-12 22:02:42,108 [INFO] Pass: ContainsInstruction - 0.01717 (ms)
2026-07-12 22:02:42,109 [INFO] Pass: InverseCancellation - 0.01645 (ms)
2026-07-12 22:02:42,109 [INFO] Pass: Optimize1qGatesDecomposition - 0.14424 (ms)
2026-07-12 22:02:42,109 [INFO] Pass: UnitarySynthesis - 0.00525 (ms)
2026-07-12 22:02:42,109 [INFO] Pass: InverseCancellation - 0.00834 (ms)
2026-07-12 22:02:42,110 [INFO] Pass: GatesInBasis - 0.84376 (ms)
2026-07-12 22:02:42,110 [INFO] Pass: Depth - 0.16046 (ms)
2026-07-12 22:02:42,110 [INFO] Pass: FixedPoint - 0.00548 (ms)
2026-07-12 22:02:42,110 [INFO] Pass: Size - 0.05674 (ms)
2026-07-12 22:02:42,110 [INFO] Pass: FixedPoint - 0.00453 (ms)
2026-07-12 22:02:42,110 [INFO] Pass: ContainsInstruction - 0.00501 (ms)
2026-07-12 22:02:42,110 [INFO] Pass: HighLevelSynthesis - 1.61314 (ms)
2026-07-12 22:02:42,111 [INFO] Pass: BasisTranslator - 0.78797 (ms)
2026-07-12 22:02:42,111 [INFO] Pass: Depth - 0.21267 (ms)
2026-07-12 22:02:42,111 [INFO] Total Transpile Time - 83.23073 (ms)
2026-07-12 22:02:42,111 [INFO] Pass: FixedPoint - 0.01264 (ms)
2026-07-12 22:02:42,112 [INFO] Pass: Size - 0.06056 (ms)
2026-07-12 22:02:42,112 [INFO] Pass: FixedPoint - 0.00429 (ms)
2026-07-12 22:02:42,112 [INFO] Pass: Optimize1qGatesDecomposition - 0.14377 (ms)
2026-07-12 22:02:42,112 [INFO] Pass: InverseCancellation - 0.00715 (ms)
2026-07-12 22:02:42,113 [INFO] Pass: GatesInBasis - 0.83590 (ms)
2026-07-12 22:02:42,113 [INFO] Pass: Depth - 0.15831 (ms)
2026-07-12 22:02:42,113 [INFO] Pass: FixedPoint - 0.00501 (ms)
2026-07-12 22:02:42,113 [INFO] Pass: Size - 0.05674 (ms)
2026-07-12 22:02:42,113 [INFO] Pass: FixedPoint - 0.00429 (ms)
2026-07-12 22:02:42,113 [INFO] Pass: ContainsInstruction - 0.00453 (ms)
2026-07-12 22:02:42,113 [INFO] Pass: ContainsInstruction - 0.01431 (ms)
2026-07-12 22:02:42,113 [INFO] Pass: InverseCancellation - 0.01717 (ms)
2026-07-12 22:02:42,113 [INFO] Pass: UnitarySynthesis - 0.00501 (ms)
2026-07-12 22:02:42,115 [INFO] Total Transpile Time - 83.69803 (ms)
2026-07-12 22:02:42,115 [INFO] Pass: HighLevelSynthesis - 1.55354 (ms)
2026-07-12 22:02:42,116 [INFO] Pass: BasisTranslator - 0.87357 (ms)
2026-07-12 22:02:42,116 [INFO] Pass: Depth - 0.20432 (ms)
2026-07-12 22:02:42,116 [INFO] Pass: FixedPoint - 0.01240 (ms)
2026-07-12 22:02:42,116 [INFO] Pass: Size - 0.05984 (ms)
2026-07-12 22:02:42,116 [INFO] Pass: FixedPoint - 0.00477 (ms)
2026-07-12 22:02:42,116 [INFO] Pass: Optimize1qGatesDecomposition - 0.14329 (ms)
2026-07-12 22:02:42,117 [INFO] Pass: InverseCancellation - 0.00882 (ms)
2026-07-12 22:02:42,117 [INFO] Pass: GatesInBasis - 0.84233 (ms)
2026-07-12 22:02:42,118 [INFO] Pass: Depth - 0.16212 (ms)
2026-07-12 22:02:42,118 [INFO] Pass: FixedPoint - 0.00501 (ms)
2026-07-12 22:02:42,118 [INFO] Pass: Size - 0.05698 (ms)
2026-07-12 22:02:42,118 [INFO] Pass: FixedPoint - 0.00429 (ms)
2026-07-12 22:02:42,118 [INFO] Pass: ContainsInstruction - 0.00501 (ms)
2026-07-12 22:02:42,119 [INFO] Total Transpile Time - 84.69629 (ms)
2026-07-12 22:02:42,119 [INFO] Pass: ContainsInstruction - 0.01597 (ms)
2026-07-12 22:02:42,119 [INFO] Pass: InverseCancellation - 0.01812 (ms)
2026-07-12 22:02:42,119 [INFO] Pass: UnitarySynthesis - 0.00501 (ms)
2026-07-12 22:02:42,121 [INFO] Pass: HighLevelSynthesis - 1.53852 (ms)
2026-07-12 22:02:42,122 [INFO] Pass: ContainsInstruction - 0.01669 (ms)
2026-07-12 22:02:42,122 [INFO] Pass: BasisTranslator - 0.85664 (ms)
2026-07-12 22:02:42,122 [INFO] Pass: InverseCancellation - 0.01693 (ms)
2026-07-12 22:02:42,122 [INFO] Pass: UnitarySynthesis - 0.00596 (ms)
2026-07-12 22:02:42,122 [INFO] Pass: Depth - 0.20623 (ms)
2026-07-12 22:02:42,122 [INFO] Pass: FixedPoint - 0.01383 (ms)
2026-07-12 22:02:42,122 [INFO] Pass: Size - 0.06008 (ms)
2026-07-12 22:02:42,122 [INFO] Pass: FixedPoint - 0.00453 (ms)
2026-07-12 22:02:42,123 [INFO] Pass: Optimize1qGatesDecomposition - 0.16403 (ms)
2026-07-12 22:02:42,123 [INFO] Pass: InverseCancellation - 0.00668 (ms)
2026-07-12 22:02:42,124 [INFO] Pass: GatesInBasis - 0.84257 (ms)
2026-07-12 22:02:42,124 [INFO] Pass: HighLevelSynthesis - 1.59836 (ms)
2026-07-12 22:02:42,124 [INFO] Pass: Depth - 0.15950 (ms)
2026-07-12 22:02:42,124 [INFO] Pass: FixedPoint - 0.00525 (ms)
2026-07-12 22:02:42,124 [INFO] Pass: Size - 0.05674 (ms)
2026-07-12 22:02:42,124 [INFO] Pass: FixedPoint - 0.00429 (ms)
2026-07-12 22:02:42,124 [INFO] Pass: ContainsInstruction - 0.01454 (ms)
2026-07-12 22:02:42,124 [INFO] Pass: ContainsInstruction - 0.00525 (ms)
2026-07-12 22:02:42,124 [INFO] Pass: InverseCancellation - 0.01574 (ms)
2026-07-12 22:02:42,124 [INFO] Pass: UnitarySynthesis - 0.00501 (ms)
2026-07-12 22:02:42,125 [INFO] Pass: BasisTranslator - 0.81110 (ms)
2026-07-12 22:02:42,125 [INFO] Pass: Depth - 0.20766 (ms)
2026-07-12 22:02:42,125 [INFO] Pass: FixedPoint - 0.01192 (ms)
2026-07-12 22:02:42,125 [INFO] Pass: Size - 0.06199 (ms)
2026-07-12 22:02:42,125 [INFO] Pass: FixedPoint - 0.00453 (ms)
2026-07-12 22:02:42,125 [INFO] Pass: Optimize1qGatesDecomposition - 0.14257 (ms)
2026-07-12 22:02:42,125 [INFO] Pass: InverseCancellation - 0.00763 (ms)
2026-07-12 22:02:42,125 [INFO] Total Transpile Time - 85.29258 (ms)
2026-07-12 22:02:42,126 [INFO] Pass: HighLevelSynthesis - 1.56522 (ms)
2026-07-12 22:02:42,126 [INFO] Pass: GatesInBasis - 0.87452 (ms)
2026-07-12 22:02:42,126 [INFO] Pass: Depth - 0.16427 (ms)
2026-07-12 22:02:42,126 [INFO] Pass: FixedPoint - 0.00572 (ms)
2026-07-12 22:02:42,127 [INFO] Pass: BasisTranslator - 0.79060 (ms)
2026-07-12 22:02:42,127 [INFO] Pass: Size - 0.05651 (ms)
2026-07-12 22:02:42,127 [INFO] Pass: FixedPoint - 0.00405 (ms)
2026-07-12 22:02:42,127 [INFO] Pass: ContainsInstruction - 0.00501 (ms)
2026-07-12 22:02:42,127 [INFO] Pass: Depth - 0.20218 (ms)
2026-07-12 22:02:42,127 [INFO] Pass: FixedPoint - 0.01264 (ms)
2026-07-12 22:02:42,127 [INFO] Pass: Size - 0.06366 (ms)
2026-07-12 22:02:42,127 [INFO] Pass: FixedPoint - 0.00453 (ms)
2026-07-12 22:02:42,127 [INFO] Pass: Optimize1qGatesDecomposition - 0.15020 (ms)
2026-07-12 22:02:42,127 [INFO] Pass: InverseCancellation - 0.00763 (ms)
2026-07-12 22:02:42,128 [INFO] Pass: ContainsInstruction - 0.01907 (ms)
2026-07-12 22:02:42,128 [INFO] Pass: InverseCancellation - 0.01597 (ms)
2026-07-12 22:02:42,128 [INFO] Pass: UnitarySynthesis - 0.00501 (ms)
2026-07-12 22:02:42,128 [INFO] Total Transpile Time - 84.55801 (ms)
2026-07-12 22:02:42,128 [INFO] Pass: GatesInBasis - 0.85044 (ms)
2026-07-12 22:02:42,128 [INFO] Pass: Depth - 0.16165 (ms)
2026-07-12 22:02:42,128 [INFO] Pass: FixedPoint - 0.00548 (ms)
2026-07-12 22:02:42,128 [INFO] Pass: Size - 0.05722 (ms)
2026-07-12 22:02:42,128 [INFO] Pass: FixedPoint - 0.00429 (ms)
2026-07-12 22:02:42,128 [INFO] Pass: ContainsInstruction - 0.00453 (ms)
2026-07-12 22:02:42,130 [INFO] Pass: HighLevelSynthesis - 1.52946 (ms)
2026-07-12 22:02:42,130 [INFO] Total Transpile Time - 83.14800 (ms)
2026-07-12 22:02:42,130 [INFO] Pass: BasisTranslator - 0.84496 (ms)
2026-07-12 22:02:42,131 [INFO] Pass: Depth - 0.19526 (ms)
2026-07-12 22:02:42,131 [INFO] Pass: FixedPoint - 0.01431 (ms)
2026-07-12 22:02:42,131 [INFO] Pass: Size - 0.05889 (ms)
2026-07-12 22:02:42,131 [INFO] Pass: FixedPoint - 0.00453 (ms)
2026-07-12 22:02:42,131 [INFO] Pass: Optimize1qGatesDecomposition - 0.13781 (ms)
2026-07-12 22:02:42,131 [INFO] Pass: InverseCancellation - 0.00787 (ms)
2026-07-12 22:02:42,132 [INFO] Pass: GatesInBasis - 0.83804 (ms)
2026-07-12 22:02:42,132 [INFO] Pass: Depth - 0.15855 (ms)
2026-07-12 22:02:42,132 [INFO] Pass: ContainsInstruction - 0.01788 (ms)
2026-07-12 22:02:42,132 [INFO] Pass: FixedPoint - 0.00525 (ms)
2026-07-12 22:02:42,132 [INFO] Pass: Size - 0.06247 (ms)
2026-07-12 22:02:42,132 [INFO] Pass: InverseCancellation - 0.01836 (ms)
2026-07-12 22:02:42,132 [INFO] Pass: FixedPoint - 0.00429 (ms)
2026-07-12 22:02:42,132 [INFO] Pass: UnitarySynthesis - 0.00572 (ms)
2026-07-12 22:02:42,132 [INFO] Pass: ContainsInstruction - 0.00501 (ms)
2026-07-12 22:02:42,134 [INFO] Total Transpile Time - 83.08029 (ms)
2026-07-12 22:02:42,134 [INFO] Pass: HighLevelSynthesis - 1.51467 (ms)
2026-07-12 22:02:42,135 [INFO] Pass: BasisTranslator - 0.80562 (ms)
2026-07-12 22:02:42,135 [INFO] Pass: Depth - 0.20885 (ms)
2026-07-12 22:02:42,135 [INFO] Pass: FixedPoint - 0.01192 (ms)
2026-07-12 22:02:42,135 [INFO] Pass: Size - 0.06533 (ms)
2026-07-12 22:02:42,135 [INFO] Pass: FixedPoint - 0.00453 (ms)
2026-07-12 22:02:42,135 [INFO] Pass: Optimize1qGatesDecomposition - 0.15688 (ms)
2026-07-12 22:02:42,135 [INFO] Pass: InverseCancellation - 0.00691 (ms)
2026-07-12 22:02:42,136 [INFO] Pass: GatesInBasis - 0.84376 (ms)
2026-07-12 22:02:42,137 [INFO] Pass: Depth - 0.15903 (ms)
2026-07-12 22:02:42,137 [INFO] Pass: FixedPoint - 0.00572 (ms)
2026-07-12 22:02:42,137 [INFO] Pass: Size - 0.05698 (ms)
2026-07-12 22:02:42,137 [INFO] Pass: FixedPoint - 0.00453 (ms)
2026-07-12 22:02:42,137 [INFO] Pass: ContainsInstruction - 0.00453 (ms)
2026-07-12 22:02:42,138 [INFO] Total Transpile Time - 83.15921 (ms)
2026-07-12 22:02:42,153 [INFO] Pass: ContainsInstruction - 0.00715 (ms)
2026-07-12 22:02:42,153 [INFO] Pass: InverseCancellation - 0.19050 (ms)
2026-07-12 22:02:42,153 [INFO] Pass: UnitarySynthesis - 0.00453 (ms)
2026-07-12 22:02:42,155 [INFO] Pass: HighLevelSynthesis - 1.46770 (ms)
2026-07-12 22:02:42,156 [INFO] Pass: ContainsInstruction - 0.00858 (ms)
2026-07-12 22:02:42,156 [INFO] Pass: BasisTranslator - 0.81539 (ms)
2026-07-12 22:02:42,156 [INFO] Pass: InverseCancellation - 0.17548 (ms)
2026-07-12 22:02:42,156 [INFO] Pass: Depth - 0.17405 (ms)
2026-07-12 22:02:42,156 [INFO] Pass: UnitarySynthesis - 0.00501 (ms)
2026-07-12 22:02:42,156 [INFO] Pass: ContainsInstruction - 0.00811 (ms)
2026-07-12 22:02:42,156 [INFO] Pass: FixedPoint - 0.00691 (ms)
2026-07-12 22:02:42,156 [INFO] Pass: Size - 0.05984 (ms)
2026-07-12 22:02:42,156 [INFO] Pass: FixedPoint - 0.00453 (ms)
2026-07-12 22:02:42,156 [INFO] Pass: InverseCancellation - 0.17643 (ms)
2026-07-12 22:02:42,156 [INFO] Pass: UnitarySynthesis - 0.00453 (ms)
2026-07-12 22:02:42,156 [INFO] Pass: ContainsInstruction - 0.00834 (ms)
2026-07-12 22:02:42,157 [INFO] Pass: InverseCancellation - 0.16975 (ms)
2026-07-12 22:02:42,157 [INFO] Pass: UnitarySynthesis - 0.00453 (ms)
2026-07-12 22:02:42,157 [INFO] Pass: Optimize1qGatesDecomposition - 0.81944 (ms)
2026-07-12 22:02:42,157 [INFO] Pass: InverseCancellation - 0.14472 (ms)
2026-07-12 22:02:42,158 [INFO] Pass: HighLevelSynthesis - 1.46008 (ms)
2026-07-12 22:02:42,158 [INFO] Pass: HighLevelSynthesis - 1.45340 (ms)
2026-07-12 22:02:42,158 [INFO] Pass: GatesInBasis - 0.85902 (ms)
2026-07-12 22:02:42,158 [INFO] Pass: ContainsInstruction - 0.00787 (ms)
2026-07-12 22:02:42,158 [INFO] Pass: HighLevelSynthesis - 1.48988 (ms)
2026-07-12 22:02:42,158 [INFO] Pass: Depth - 0.17023 (ms)
2026-07-12 22:02:42,158 [INFO] Pass: BasisTranslator - 0.79846 (ms)
2026-07-12 22:02:42,158 [INFO] Pass: FixedPoint - 0.00572 (ms)
2026-07-12 22:02:42,159 [INFO] Pass: InverseCancellation - 0.17381 (ms)
2026-07-12 22:02:42,159 [INFO] Pass: Size - 0.05889 (ms)
2026-07-12 22:02:42,159 [INFO] Pass: UnitarySynthesis - 0.00429 (ms)
2026-07-12 22:02:42,159 [INFO] Pass: FixedPoint - 0.00429 (ms)
2026-07-12 22:02:42,159 [INFO] Pass: ContainsInstruction - 0.00453 (ms)
2026-07-12 22:02:42,159 [INFO] Pass: Depth - 0.18144 (ms)
2026-07-12 22:02:42,159 [INFO] Pass: FixedPoint - 0.00811 (ms)
2026-07-12 22:02:42,159 [INFO] Pass: BasisTranslator - 0.79322 (ms)
2026-07-12 22:02:42,159 [INFO] Pass: Size - 0.05984 (ms)
2026-07-12 22:02:42,159 [INFO] Pass: FixedPoint - 0.00429 (ms)
2026-07-12 22:02:42,159 [INFO] Pass: Depth - 0.17858 (ms)
2026-07-12 22:02:42,159 [INFO] Pass: FixedPoint - 0.00787 (ms)
2026-07-12 22:02:42,159 [INFO] Pass: Size - 0.06008 (ms)
2026-07-12 22:02:42,159 [INFO] Pass: FixedPoint - 0.00429 (ms)
2026-07-12 22:02:42,159 [INFO] Pass: BasisTranslator - 0.79298 (ms)
2026-07-12 22:02:42,159 [INFO] Pass: Depth - 0.18764 (ms)
2026-07-12 22:02:42,159 [INFO] Pass: FixedPoint - 0.00834 (ms)
2026-07-12 22:02:42,160 [INFO] Pass: Size - 0.06080 (ms)
2026-07-12 22:02:42,160 [INFO] Pass: FixedPoint - 0.00453 (ms)
2026-07-12 22:02:42,160 [INFO] Pass: Optimize1qGatesDecomposition - 0.81182 (ms)
2026-07-12 22:02:42,160 [INFO] Pass: InverseCancellation - 0.14973 (ms)
2026-07-12 22:02:42,160 [INFO] Total Transpile Time - 64.34393 (ms)
2026-07-12 22:02:42,160 [INFO] Pass: Optimize1qGatesDecomposition - 0.80562 (ms)
2026-07-12 22:02:42,160 [INFO] Pass: HighLevelSynthesis - 1.46222 (ms)
2026-07-12 22:02:42,160 [INFO] Pass: InverseCancellation - 0.14901 (ms)
2026-07-12 22:02:42,160 [INFO] Pass: Optimize1qGatesDecomposition - 0.79918 (ms)
2026-07-12 22:02:42,161 [INFO] Pass: InverseCancellation - 0.15211 (ms)
2026-07-12 22:02:42,161 [INFO] Pass: GatesInBasis - 0.82421 (ms)
2026-07-12 22:02:42,161 [INFO] Pass: BasisTranslator - 0.79703 (ms)
2026-07-12 22:02:42,161 [INFO] Pass: ContainsInstruction - 0.00834 (ms)
2026-07-12 22:02:42,161 [INFO] Pass: Depth - 0.16642 (ms)
2026-07-12 22:02:42,161 [INFO] Pass: FixedPoint - 0.00596 (ms)
2026-07-12 22:02:42,161 [INFO] Pass: GatesInBasis - 0.82541 (ms)
2026-07-12 22:02:42,161 [INFO] Pass: Size - 0.05913 (ms)
2026-07-12 22:02:42,161 [INFO] Pass: FixedPoint - 0.00429 (ms)
2026-07-12 22:02:42,161 [INFO] Pass: Depth - 0.17953 (ms)
2026-07-12 22:02:42,161 [INFO] Pass: ContainsInstruction - 0.00525 (ms)
2026-07-12 22:02:42,161 [INFO] Pass: InverseCancellation - 0.17166 (ms)
2026-07-12 22:02:42,161 [INFO] Pass: FixedPoint - 0.00763 (ms)
2026-07-12 22:02:42,161 [INFO] Pass: UnitarySynthesis - 0.00453 (ms)
2026-07-12 22:02:42,161 [INFO] Pass: Depth - 0.16880 (ms)
2026-07-12 22:02:42,161 [INFO] Pass: Size - 0.06080 (ms)
2026-07-12 22:02:42,161 [INFO] Pass: FixedPoint - 0.01049 (ms)
2026-07-12 22:02:42,161 [INFO] Pass: FixedPoint - 0.00429 (ms)
2026-07-12 22:02:42,161 [INFO] Pass: Size - 0.05937 (ms)
2026-07-12 22:02:42,161 [INFO] Pass: FixedPoint - 0.00453 (ms)
2026-07-12 22:02:42,161 [INFO] Pass: ContainsInstruction - 0.00477 (ms)
2026-07-12 22:02:42,161 [INFO] Pass: GatesInBasis - 0.83876 (ms)
2026-07-12 22:02:42,162 [INFO] Pass: Depth - 0.16594 (ms)
2026-07-12 22:02:42,162 [INFO] Pass: FixedPoint - 0.00548 (ms)
2026-07-12 22:02:42,162 [INFO] Pass: Size - 0.05913 (ms)
2026-07-12 22:02:42,162 [INFO] Pass: FixedPoint - 0.00429 (ms)
2026-07-12 22:02:42,162 [INFO] Pass: ContainsInstruction - 0.00525 (ms)
2026-07-12 22:02:42,162 [INFO] Pass: Optimize1qGatesDecomposition - 0.78487 (ms)
2026-07-12 22:02:42,162 [INFO] Pass: InverseCancellation - 0.15545 (ms)
2026-07-12 22:02:42,163 [INFO] Total Transpile Time - 64.65816 (ms)
2026-07-12 22:02:42,163 [INFO] Pass: HighLevelSynthesis - 1.52850 (ms)
2026-07-12 22:02:42,163 [INFO] Total Transpile Time - 64.94212 (ms)
2026-07-12 22:02:42,163 [INFO] Pass: GatesInBasis - 0.81396 (ms)
2026-07-12 22:02:42,163 [INFO] Total Transpile Time - 65.36365 (ms)
2026-07-12 22:02:42,163 [INFO] Pass: Depth - 0.16999 (ms)
2026-07-12 22:02:42,163 [INFO] Pass: FixedPoint - 0.00620 (ms)
2026-07-12 22:02:42,164 [INFO] Pass: Size - 0.05889 (ms)
2026-07-12 22:02:42,164 [INFO] Pass: FixedPoint - 0.00429 (ms)
2026-07-12 22:02:42,164 [INFO] Pass: ContainsInstruction - 0.00525 (ms)
2026-07-12 22:02:42,164 [INFO] Pass: BasisTranslator - 0.80657 (ms)
2026-07-12 22:02:42,164 [INFO] Pass: Depth - 0.17524 (ms)
2026-07-12 22:02:42,164 [INFO] Pass: FixedPoint - 0.00834 (ms)
2026-07-12 22:02:42,164 [INFO] Pass: Size - 0.05984 (ms)
2026-07-12 22:02:42,164 [INFO] Pass: FixedPoint - 0.00429 (ms)
2026-07-12 22:02:42,165 [INFO] Pass: ContainsInstruction - 0.00811 (ms)
2026-07-12 22:02:42,165 [INFO] Pass: Optimize1qGatesDecomposition - 0.78869 (ms)
2026-07-12 22:02:42,165 [INFO] Pass: InverseCancellation - 0.16952 (ms)
2026-07-12 22:02:42,165 [INFO] Pass: UnitarySynthesis - 0.00525 (ms)
2026-07-12 22:02:42,165 [INFO] Total Transpile Time - 64.63027 (ms)
2026-07-12 22:02:42,165 [INFO] Pass: InverseCancellation - 0.14782 (ms)
2026-07-12 22:02:42,166 [INFO] Pass: GatesInBasis - 0.86069 (ms)
2026-07-12 22:02:42,166 [INFO] Pass: Depth - 0.16522 (ms)
2026-07-12 22:02:42,166 [INFO] Pass: FixedPoint - 0.00620 (ms)
2026-07-12 22:02:42,166 [INFO] Pass: Size - 0.06175 (ms)
2026-07-12 22:02:42,166 [INFO] Pass: FixedPoint - 0.00429 (ms)
2026-07-12 22:02:42,166 [INFO] Pass: ContainsInstruction - 0.00477 (ms)
2026-07-12 22:02:42,166 [INFO] Pass: HighLevelSynthesis - 1.46174 (ms)
2026-07-12 22:02:42,167 [INFO] Pass: BasisTranslator - 0.78821 (ms)
2026-07-12 22:02:42,168 [INFO] Pass: Depth - 0.17548 (ms)
2026-07-12 22:02:42,168 [INFO] Pass: FixedPoint - 0.00739 (ms)
2026-07-12 22:02:42,168 [INFO] Pass: Size - 0.05984 (ms)
2026-07-12 22:02:42,168 [INFO] Pass: FixedPoint - 0.00429 (ms)
2026-07-12 22:02:42,168 [INFO] Total Transpile Time - 64.33916 (ms)
2026-07-12 22:02:42,169 [INFO] Pass: Optimize1qGatesDecomposition - 0.79370 (ms)
2026-07-12 22:02:42,169 [INFO] Pass: InverseCancellation - 0.15044 (ms)
2026-07-12 22:02:42,169 [INFO] Pass: ContainsInstruction - 0.00906 (ms)
2026-07-12 22:02:42,170 [INFO] Pass: InverseCancellation - 0.17166 (ms)
2026-07-12 22:02:42,170 [INFO] Pass: GatesInBasis - 0.82731 (ms)
2026-07-12 22:02:42,170 [INFO] Pass: UnitarySynthesis - 0.00453 (ms)
2026-07-12 22:02:42,170 [INFO] Pass: Depth - 0.16451 (ms)
2026-07-12 22:02:42,170 [INFO] Pass: FixedPoint - 0.00620 (ms)
2026-07-12 22:02:42,170 [INFO] Pass: Size - 0.05889 (ms)
2026-07-12 22:02:42,170 [INFO] Pass: FixedPoint - 0.00429 (ms)
2026-07-12 22:02:42,170 [INFO] Pass: ContainsInstruction - 0.00429 (ms)
2026-07-12 22:02:42,171 [INFO] Pass: HighLevelSynthesis - 1.50037 (ms)
2026-07-12 22:02:42,171 [INFO] Total Transpile Time - 64.59546 (ms)
2026-07-12 22:02:42,172 [INFO] Pass: ContainsInstruction - 0.00787 (ms)
2026-07-12 22:02:42,172 [INFO] Pass: BasisTranslator - 0.80490 (ms)
2026-07-12 22:02:42,172 [INFO] Pass: Depth - 0.17500 (ms)
2026-07-12 22:02:42,172 [INFO] Pass: InverseCancellation - 0.17071 (ms)
2026-07-12 22:02:42,172 [INFO] Pass: FixedPoint - 0.00739 (ms)
2026-07-12 22:02:42,172 [INFO] Pass: UnitarySynthesis - 0.00453 (ms)
2026-07-12 22:02:42,172 [INFO] Pass: Size - 0.06342 (ms)
2026-07-12 22:02:42,172 [INFO] Pass: FixedPoint - 0.00453 (ms)
2026-07-12 22:02:42,173 [INFO] Pass: Optimize1qGatesDecomposition - 0.79513 (ms)
2026-07-12 22:02:42,173 [INFO] Pass: InverseCancellation - 0.15450 (ms)
2026-07-12 22:02:42,174 [INFO] Pass: HighLevelSynthesis - 1.46866 (ms)
2026-07-12 22:02:42,174 [INFO] Pass: GatesInBasis - 0.81277 (ms)
2026-07-12 22:02:42,174 [INFO] Pass: Depth - 0.16737 (ms)
2026-07-12 22:02:42,175 [INFO] Pass: FixedPoint - 0.00596 (ms)
2026-07-12 22:02:42,175 [INFO] Pass: BasisTranslator - 0.79942 (ms)
2026-07-12 22:02:42,175 [INFO] Pass: Size - 0.05794 (ms)
2026-07-12 22:02:42,175 [INFO] Pass: FixedPoint - 0.00453 (ms)
2026-07-12 22:02:42,175 [INFO] Pass: ContainsInstruction - 0.00477 (ms)
2026-07-12 22:02:42,175 [INFO] Pass: Depth - 0.17524 (ms)
2026-07-12 22:02:42,175 [INFO] Pass: FixedPoint - 0.00763 (ms)
2026-07-12 22:02:42,175 [INFO] Pass: Size - 0.06056 (ms)
2026-07-12 22:02:42,175 [INFO] Pass: FixedPoint - 0.00453 (ms)
2026-07-12 22:02:42,176 [INFO] Pass: Optimize1qGatesDecomposition - 0.79060 (ms)
2026-07-12 22:02:42,176 [INFO] Pass: InverseCancellation - 0.15473 (ms)
2026-07-12 22:02:42,176 [INFO] Total Transpile Time - 64.56017 (ms)
2026-07-12 22:02:42,177 [INFO] Pass: GatesInBasis - 0.83613 (ms)
2026-07-12 22:02:42,177 [INFO] Pass: Depth - 0.16570 (ms)
2026-07-12 22:02:42,177 [INFO] Pass: FixedPoint - 0.00572 (ms)
2026-07-12 22:02:42,177 [INFO] Pass: Size - 0.05841 (ms)
2026-07-12 22:02:42,177 [INFO] Pass: FixedPoint - 0.00453 (ms)
2026-07-12 22:02:42,177 [INFO] Pass: ContainsInstruction - 0.00858 (ms)
2026-07-12 22:02:42,177 [INFO] Pass: ContainsInstruction - 0.00525 (ms)
2026-07-12 22:02:42,178 [INFO] Pass: InverseCancellation - 0.17095 (ms)
2026-07-12 22:02:42,178 [INFO] Pass: UnitarySynthesis - 0.00429 (ms)
2026-07-12 22:02:42,179 [INFO] Total Transpile Time - 64.08310 (ms)
2026-07-12 22:02:42,179 [INFO] Pass: HighLevelSynthesis - 1.44887 (ms)
2026-07-12 22:02:42,180 [INFO] Pass: BasisTranslator - 0.82088 (ms)
2026-07-12 22:02:42,180 [INFO] Pass: Depth - 0.17381 (ms)
2026-07-12 22:02:42,180 [INFO] Pass: FixedPoint - 0.00739 (ms)
2026-07-12 22:02:42,180 [INFO] Pass: Size - 0.06580 (ms)
2026-07-12 22:02:42,180 [INFO] Pass: FixedPoint - 0.00429 (ms)
2026-07-12 22:02:42,181 [INFO] Pass: Optimize1qGatesDecomposition - 0.79870 (ms)
2026-07-12 22:02:42,181 [INFO] Pass: InverseCancellation - 0.15807 (ms)
2026-07-12 22:02:42,182 [INFO] Pass: GatesInBasis - 0.86546 (ms)
2026-07-12 22:02:42,183 [INFO] Pass: Depth - 0.16761 (ms)
2026-07-12 22:02:42,183 [INFO] Pass: FixedPoint - 0.00596 (ms)
2026-07-12 22:02:42,183 [INFO] Pass: Size - 0.05984 (ms)
2026-07-12 22:02:42,183 [INFO] Pass: FixedPoint - 0.00429 (ms)
2026-07-12 22:02:42,183 [INFO] Pass: ContainsInstruction - 0.00477 (ms)
2026-07-12 22:02:42,183 [INFO] Pass: ContainsInstruction - 0.00715 (ms)
2026-07-12 22:02:42,183 [INFO] Pass: InverseCancellation - 0.17381 (ms)
2026-07-12 22:02:42,183 [INFO] Pass: UnitarySynthesis - 0.00429 (ms)
2026-07-12 22:02:42,184 [INFO] Total Transpile Time - 64.79502 (ms)
2026-07-12 22:02:42,185 [INFO] Pass: HighLevelSynthesis - 1.48273 (ms)
2026-07-12 22:02:42,186 [INFO] Pass: BasisTranslator - 1.23572 (ms)
2026-07-12 22:02:42,186 [INFO] Pass: Depth - 0.18048 (ms)
2026-07-12 22:02:42,186 [INFO] Pass: FixedPoint - 0.00739 (ms)
2026-07-12 22:02:42,186 [INFO] Pass: Size - 0.06032 (ms)
2026-07-12 22:02:42,186 [INFO] Pass: FixedPoint - 0.00477 (ms)
2026-07-12 22:02:42,186 [INFO] Pass: ContainsInstruction - 0.00906 (ms)
2026-07-12 22:02:42,187 [INFO] Pass: InverseCancellation - 0.17262 (ms)
2026-07-12 22:02:42,187 [INFO] Pass: UnitarySynthesis - 0.00477 (ms)
2026-07-12 22:02:42,187 [INFO] Pass: Optimize1qGatesDecomposition - 0.80895 (ms)
2026-07-12 22:02:42,187 [INFO] Pass: InverseCancellation - 0.15974 (ms)
2026-07-12 22:02:42,188 [INFO] Pass: ContainsInstruction - 0.00834 (ms)
2026-07-12 22:02:42,188 [INFO] Pass: InverseCancellation - 0.16761 (ms)
2026-07-12 22:02:42,188 [INFO] Pass: UnitarySynthesis - 0.00429 (ms)
2026-07-12 22:02:42,188 [INFO] Pass: GatesInBasis - 0.81134 (ms)
2026-07-12 22:02:42,188 [INFO] Pass: HighLevelSynthesis - 1.52040 (ms)
2026-07-12 22:02:42,188 [INFO] Pass: Depth - 0.17023 (ms)
2026-07-12 22:02:42,188 [INFO] Pass: FixedPoint - 0.00572 (ms)
2026-07-12 22:02:42,189 [INFO] Pass: Size - 0.05960 (ms)
2026-07-12 22:02:42,189 [INFO] Pass: FixedPoint - 0.00429 (ms)
2026-07-12 22:02:42,189 [INFO] Pass: ContainsInstruction - 0.00477 (ms)
2026-07-12 22:02:42,189 [INFO] Pass: BasisTranslator - 0.80061 (ms)
2026-07-12 22:02:42,189 [INFO] Pass: Depth - 0.18406 (ms)
2026-07-12 22:02:42,189 [INFO] Pass: FixedPoint - 0.00787 (ms)
2026-07-12 22:02:42,189 [INFO] Pass: Size - 0.06032 (ms)
2026-07-12 22:02:42,190 [INFO] Pass: FixedPoint - 0.00429 (ms)
2026-07-12 22:02:42,190 [INFO] Pass: HighLevelSynthesis - 1.47986 (ms)
2026-07-12 22:02:42,190 [INFO] Total Transpile Time - 64.53848 (ms)
2026-07-12 22:02:42,190 [INFO] Pass: Optimize1qGatesDecomposition - 0.80323 (ms)
2026-07-12 22:02:42,191 [INFO] Pass: BasisTranslator - 0.80490 (ms)
2026-07-12 22:02:42,191 [INFO] Pass: InverseCancellation - 0.14853 (ms)
2026-07-12 22:02:42,191 [INFO] Pass: Depth - 0.17715 (ms)
2026-07-12 22:02:42,191 [INFO] Pass: FixedPoint - 0.00787 (ms)
2026-07-12 22:02:42,191 [INFO] Pass: Size - 0.05937 (ms)
2026-07-12 22:02:42,191 [INFO] Pass: FixedPoint - 0.00429 (ms)
2026-07-12 22:02:42,191 [INFO] Pass: ContainsInstruction - 0.00834 (ms)
2026-07-12 22:02:42,191 [INFO] Pass: InverseCancellation - 0.17834 (ms)
2026-07-12 22:02:42,191 [INFO] Pass: GatesInBasis - 0.82970 (ms)
2026-07-12 22:02:42,191 [INFO] Pass: UnitarySynthesis - 0.00501 (ms)
2026-07-12 22:02:42,192 [INFO] Pass: Depth - 0.16546 (ms)
2026-07-12 22:02:42,192 [INFO] Pass: FixedPoint - 0.00548 (ms)
2026-07-12 22:02:42,192 [INFO] Pass: Optimize1qGatesDecomposition - 0.79584 (ms)
2026-07-12 22:02:42,192 [INFO] Pass: Size - 0.05913 (ms)
2026-07-12 22:02:42,192 [INFO] Pass: FixedPoint - 0.00429 (ms)
2026-07-12 22:02:42,192 [INFO] Pass: ContainsInstruction - 0.00477 (ms)
2026-07-12 22:02:42,192 [INFO] Pass: InverseCancellation - 0.14877 (ms)
2026-07-12 22:02:42,193 [INFO] Pass: GatesInBasis - 0.82135 (ms)
2026-07-12 22:02:42,193 [INFO] Pass: HighLevelSynthesis - 1.46651 (ms)
2026-07-12 22:02:42,193 [INFO] Pass: Depth - 0.16713 (ms)
2026-07-12 22:02:42,193 [INFO] Pass: FixedPoint - 0.00572 (ms)
2026-07-12 22:02:42,193 [INFO] Pass: Size - 0.05865 (ms)
2026-07-12 22:02:42,193 [INFO] Pass: FixedPoint - 0.00429 (ms)
2026-07-12 22:02:42,193 [INFO] Pass: ContainsInstruction - 0.00525 (ms)
2026-07-12 22:02:42,193 [INFO] Total Transpile Time - 65.21964 (ms)
2026-07-12 22:02:42,194 [INFO] Pass: BasisTranslator - 1.26719 (ms)
2026-07-12 22:02:42,195 [INFO] Pass: Depth - 0.18024 (ms)
2026-07-12 22:02:42,195 [INFO] Pass: FixedPoint - 0.00763 (ms)
2026-07-12 22:02:42,195 [INFO] Total Transpile Time - 64.69250 (ms)
2026-07-12 22:02:42,195 [INFO] Pass: Size - 0.06104 (ms)
2026-07-12 22:02:42,195 [INFO] Pass: FixedPoint - 0.00429 (ms)
2026-07-12 22:02:42,196 [INFO] Pass: Optimize1qGatesDecomposition - 0.78726 (ms)
2026-07-12 22:02:42,196 [INFO] Pass: InverseCancellation - 0.14949 (ms)
2026-07-12 22:02:42,196 [INFO] Pass: ContainsInstruction - 0.00691 (ms)
2026-07-12 22:02:42,196 [INFO] Pass: InverseCancellation - 0.16904 (ms)
2026-07-12 22:02:42,196 [INFO] Pass: UnitarySynthesis - 0.00405 (ms)
2026-07-12 22:02:42,197 [INFO] Pass: GatesInBasis - 0.85545 (ms)
2026-07-12 22:02:42,197 [INFO] Pass: Depth - 0.16403 (ms)
2026-07-12 22:02:42,197 [INFO] Pass: FixedPoint - 0.00548 (ms)
2026-07-12 22:02:42,197 [INFO] Pass: Size - 0.05865 (ms)
2026-07-12 22:02:42,197 [INFO] Pass: FixedPoint - 0.00429 (ms)
2026-07-12 22:02:42,197 [INFO] Pass: ContainsInstruction - 0.00477 (ms)
2026-07-12 22:02:42,198 [INFO] Pass: HighLevelSynthesis - 1.49322 (ms)
2026-07-12 22:02:42,198 [INFO] Total Transpile Time - 64.58855 (ms)
2026-07-12 22:02:42,199 [INFO] Pass: BasisTranslator - 0.80776 (ms)
2026-07-12 22:02:42,199 [INFO] Pass: Depth - 0.17142 (ms)
2026-07-12 22:02:42,199 [INFO] Pass: FixedPoint - 0.00668 (ms)
2026-07-12 22:02:42,199 [INFO] Pass: Size - 0.05937 (ms)
2026-07-12 22:02:42,199 [INFO] Pass: FixedPoint - 0.00429 (ms)
2026-07-12 22:02:42,200 [INFO] Pass: Optimize1qGatesDecomposition - 0.81968 (ms)
2026-07-12 22:02:42,200 [INFO] Pass: InverseCancellation - 0.15211 (ms)
2026-07-12 22:02:42,201 [INFO] Pass: GatesInBasis - 0.83351 (ms)
2026-07-12 22:02:42,201 [INFO] Pass: Depth - 0.16713 (ms)
2026-07-12 22:02:42,201 [INFO] Pass: FixedPoint - 0.00620 (ms)
2026-07-12 22:02:42,201 [INFO] Pass: Size - 0.05865 (ms)
2026-07-12 22:02:42,201 [INFO] Pass: FixedPoint - 0.00429 (ms)
2026-07-12 22:02:42,201 [INFO] Pass: ContainsInstruction - 0.00477 (ms)
2026-07-12 22:02:42,203 [INFO] Total Transpile Time - 64.40115 (ms)
2026-07-12 22:02:42,218 [INFO] Pass: ContainsInstruction - 0.01025 (ms)
2026-07-12 22:02:42,218 [INFO] Pass: InverseCancellation - 0.16904 (ms)
2026-07-12 22:02:42,218 [INFO] Pass: UnitarySynthesis - 0.00453 (ms)
2026-07-12 22:02:42,219 [INFO] Pass: HighLevelSynthesis - 1.51801 (ms)
2026-07-12 22:02:42,220 [INFO] Pass: BasisTranslator - 0.83518 (ms)
2026-07-12 22:02:42,220 [INFO] Pass: ContainsInstruction - 0.00906 (ms)
2026-07-12 22:02:42,220 [INFO] Pass: ContainsInstruction - 0.00763 (ms)
2026-07-12 22:02:42,221 [INFO] Pass: Depth - 0.17357 (ms)
2026-07-12 22:02:42,221 [INFO] Pass: FixedPoint - 0.00715 (ms)
2026-07-12 22:02:42,221 [INFO] Pass: InverseCancellation - 0.17166 (ms)
2026-07-12 22:02:42,221 [INFO] Pass: InverseCancellation - 0.17095 (ms)
2026-07-12 22:02:42,221 [INFO] Pass: Size - 0.06104 (ms)
2026-07-12 22:02:42,221 [INFO] Pass: UnitarySynthesis - 0.00501 (ms)
2026-07-12 22:02:42,221 [INFO] Pass: UnitarySynthesis - 0.00453 (ms)
2026-07-12 22:02:42,221 [INFO] Pass: FixedPoint - 0.00429 (ms)
2026-07-12 22:02:42,221 [INFO] Pass: ContainsInstruction - 0.00763 (ms)
2026-07-12 22:02:42,221 [INFO] Pass: InverseCancellation - 0.17023 (ms)
2026-07-12 22:02:42,221 [INFO] Pass: UnitarySynthesis - 0.00429 (ms)
2026-07-12 22:02:42,222 [INFO] Pass: Optimize1qGatesDecomposition - 0.85926 (ms)
2026-07-12 22:02:42,222 [INFO] Pass: InverseCancellation - 0.00787 (ms)
2026-07-12 22:02:42,222 [INFO] Pass: HighLevelSynthesis - 1.48296 (ms)
2026-07-12 22:02:42,222 [INFO] Pass: HighLevelSynthesis - 1.51038 (ms)
2026-07-12 22:02:42,222 [INFO] Pass: ContainsInstruction - 0.00787 (ms)
2026-07-12 22:02:42,223 [INFO] Pass: InverseCancellation - 0.17357 (ms)
2026-07-12 22:02:42,223 [INFO] Pass: GatesInBasis - 0.84782 (ms)
2026-07-12 22:02:42,223 [INFO] Pass: UnitarySynthesis - 0.00453 (ms)
2026-07-12 22:02:42,223 [INFO] Pass: HighLevelSynthesis - 1.48129 (ms)
2026-07-12 22:02:42,223 [INFO] Pass: Depth - 0.16594 (ms)
2026-07-12 22:02:42,223 [INFO] Pass: FixedPoint - 0.00596 (ms)
2026-07-12 22:02:42,223 [INFO] Pass: Size - 0.05794 (ms)
2026-07-12 22:02:42,223 [INFO] Pass: FixedPoint - 0.00453 (ms)
2026-07-12 22:02:42,223 [INFO] Pass: BasisTranslator - 0.81754 (ms)
2026-07-12 22:02:42,223 [INFO] Pass: BasisTranslator - 0.82064 (ms)
2026-07-12 22:02:42,223 [INFO] Pass: Depth - 0.18692 (ms)
2026-07-12 22:02:42,223 [INFO] Pass: Depth - 0.18835 (ms)
2026-07-12 22:02:42,223 [INFO] Pass: FixedPoint - 0.00811 (ms)
2026-07-12 22:02:42,223 [INFO] Pass: FixedPoint - 0.00763 (ms)
2026-07-12 22:02:42,224 [INFO] Pass: Size - 0.06247 (ms)
2026-07-12 22:02:42,224 [INFO] Pass: Size - 0.06247 (ms)
2026-07-12 22:02:42,224 [INFO] Pass: FixedPoint - 0.00453 (ms)
2026-07-12 22:02:42,224 [INFO] Pass: FixedPoint - 0.00453 (ms)
2026-07-12 22:02:42,224 [INFO] Pass: BasisTranslator - 0.82517 (ms)
2026-07-12 22:02:42,224 [INFO] Pass: Optimize1qGatesDecomposition - 0.69499 (ms)
2026-07-12 22:02:42,224 [INFO] Pass: InverseCancellation - 0.00668 (ms)
2026-07-12 22:02:42,224 [INFO] Pass: Depth - 0.18072 (ms)
2026-07-12 22:02:42,224 [INFO] Pass: FixedPoint - 0.00787 (ms)
2026-07-12 22:02:42,224 [INFO] Pass: Size - 0.06175 (ms)
2026-07-12 22:02:42,224 [INFO] Pass: FixedPoint - 0.00453 (ms)
2026-07-12 22:02:42,224 [INFO] Pass: HighLevelSynthesis - 1.50084 (ms)
2026-07-12 22:02:42,224 [INFO] Pass: Optimize1qGatesDecomposition - 0.87667 (ms)
2026-07-12 22:02:42,224 [INFO] Pass: Optimize1qGatesDecomposition - 0.86617 (ms)
2026-07-12 22:02:42,225 [INFO] Pass: InverseCancellation - 0.00858 (ms)
2026-07-12 22:02:42,225 [INFO] Pass: InverseCancellation - 0.00811 (ms)
2026-07-12 22:02:42,225 [INFO] Pass: GatesInBasis - 0.90122 (ms)
2026-07-12 22:02:42,225 [INFO] Pass: Optimize1qGatesDecomposition - 0.85378 (ms)
2026-07-12 22:02:42,225 [INFO] Pass: Depth - 0.16189 (ms)
2026-07-12 22:02:42,225 [INFO] Pass: FixedPoint - 0.00501 (ms)
2026-07-12 22:02:42,225 [INFO] Pass: InverseCancellation - 0.00834 (ms)
2026-07-12 22:02:42,225 [INFO] Pass: BasisTranslator - 0.82588 (ms)
2026-07-12 22:02:42,225 [INFO] Pass: Size - 0.05841 (ms)
2026-07-12 22:02:42,225 [INFO] Pass: FixedPoint - 0.00405 (ms)
2026-07-12 22:02:42,225 [INFO] Pass: ContainsInstruction - 0.00477 (ms)
2026-07-12 22:02:42,225 [INFO] Pass: Depth - 0.18048 (ms)
2026-07-12 22:02:42,225 [INFO] Pass: ContainsInstruction - 0.00763 (ms)
2026-07-12 22:02:42,225 [INFO] Pass: FixedPoint - 0.01287 (ms)
2026-07-12 22:02:42,225 [INFO] Pass: GatesInBasis - 0.80490 (ms)
2026-07-12 22:02:42,225 [INFO] Pass: Size - 0.06175 (ms)
2026-07-12 22:02:42,225 [INFO] Pass: GatesInBasis - 0.84496 (ms)
2026-07-12 22:02:42,225 [INFO] Pass: FixedPoint - 0.00453 (ms)
2026-07-12 22:02:42,226 [INFO] Pass: InverseCancellation - 0.16952 (ms)
2026-07-12 22:02:42,226 [INFO] Pass: UnitarySynthesis - 0.00453 (ms)
2026-07-12 22:02:42,226 [INFO] Pass: Depth - 0.16761 (ms)
2026-07-12 22:02:42,226 [INFO] Pass: FixedPoint - 0.00668 (ms)
2026-07-12 22:02:42,226 [INFO] Pass: Depth - 0.16546 (ms)
2026-07-12 22:02:42,226 [INFO] Pass: FixedPoint - 0.00548 (ms)
2026-07-12 22:02:42,226 [INFO] Pass: Size - 0.05913 (ms)
2026-07-12 22:02:42,226 [INFO] Pass: FixedPoint - 0.00453 (ms)
2026-07-12 22:02:42,226 [INFO] Pass: Size - 0.05913 (ms)
2026-07-12 22:02:42,226 [INFO] Pass: FixedPoint - 0.00429 (ms)
2026-07-12 22:02:42,226 [INFO] Pass: GatesInBasis - 0.84305 (ms)
2026-07-12 22:02:42,226 [INFO] Pass: Depth - 0.16737 (ms)
2026-07-12 22:02:42,226 [INFO] Pass: FixedPoint - 0.00572 (ms)
2026-07-12 22:02:42,226 [INFO] Pass: Size - 0.05794 (ms)
2026-07-12 22:02:42,226 [INFO] Pass: FixedPoint - 0.00429 (ms)
2026-07-12 22:02:42,226 [INFO] Pass: Optimize1qGatesDecomposition - 0.84949 (ms)
2026-07-12 22:02:42,226 [INFO] Pass: InverseCancellation - 0.00858 (ms)
2026-07-12 22:02:42,226 [INFO] Total Transpile Time - 66.41245 (ms)
2026-07-12 22:02:42,226 [INFO] Pass: Optimize1qGatesDecomposition - 0.69857 (ms)
2026-07-12 22:02:42,227 [INFO] Pass: Optimize1qGatesDecomposition - 0.69451 (ms)
2026-07-12 22:02:42,227 [INFO] Pass: InverseCancellation - 0.00668 (ms)
2026-07-12 22:02:42,227 [INFO] Pass: InverseCancellation - 0.00644 (ms)
2026-07-12 22:02:42,227 [INFO] Pass: Optimize1qGatesDecomposition - 0.69094 (ms)
2026-07-12 22:02:42,227 [INFO] Pass: InverseCancellation - 0.00644 (ms)
2026-07-12 22:02:42,227 [INFO] Pass: HighLevelSynthesis - 1.50704 (ms)
2026-07-12 22:02:42,227 [INFO] Pass: GatesInBasis - 0.83661 (ms)
2026-07-12 22:02:42,228 [INFO] Pass: Depth - 0.16689 (ms)
2026-07-12 22:02:42,228 [INFO] Pass: GatesInBasis - 0.91958 (ms)
2026-07-12 22:02:42,228 [INFO] Pass: FixedPoint - 0.00644 (ms)
2026-07-12 22:02:42,228 [INFO] Pass: GatesInBasis - 0.91648 (ms)
2026-07-12 22:02:42,228 [INFO] Pass: Size - 0.05889 (ms)
2026-07-12 22:02:42,228 [INFO] Pass: FixedPoint - 0.00429 (ms)
2026-07-12 22:02:42,228 [INFO] Pass: Depth - 0.16212 (ms)
2026-07-12 22:02:42,228 [INFO] Pass: FixedPoint - 0.00525 (ms)
2026-07-12 22:02:42,228 [INFO] Pass: Depth - 0.16189 (ms)
2026-07-12 22:02:42,228 [INFO] Pass: FixedPoint - 0.00525 (ms)
2026-07-12 22:02:42,228 [INFO] Pass: Size - 0.05794 (ms)
2026-07-12 22:02:42,228 [INFO] Pass: FixedPoint - 0.00405 (ms)
2026-07-12 22:02:42,228 [INFO] Pass: Size - 0.05865 (ms)
2026-07-12 22:02:42,228 [INFO] Pass: ContainsInstruction - 0.00572 (ms)
2026-07-12 22:02:42,228 [INFO] Pass: FixedPoint - 0.00477 (ms)
2026-07-12 22:02:42,228 [INFO] Pass: ContainsInstruction - 0.00525 (ms)
2026-07-12 22:02:42,228 [INFO] Pass: GatesInBasis - 0.91982 (ms)
2026-07-12 22:02:42,228 [INFO] Pass: BasisTranslator - 0.82541 (ms)
2026-07-12 22:02:42,228 [INFO] Pass: Depth - 0.16475 (ms)
2026-07-12 22:02:42,228 [INFO] Pass: Depth - 0.17810 (ms)
2026-07-12 22:02:42,228 [INFO] Pass: FixedPoint - 0.00572 (ms)
2026-07-12 22:02:42,228 [INFO] Pass: FixedPoint - 0.00691 (ms)
2026-07-12 22:02:42,228 [INFO] Pass: Size - 0.06223 (ms)
2026-07-12 22:02:42,228 [INFO] Pass: Size - 0.06437 (ms)
2026-07-12 22:02:42,228 [INFO] Pass: FixedPoint - 0.00429 (ms)
2026-07-12 22:02:42,228 [INFO] Pass: FixedPoint - 0.00429 (ms)
2026-07-12 22:02:42,228 [INFO] Pass: ContainsInstruction - 0.00572 (ms)
2026-07-12 22:02:42,228 [INFO] Pass: Optimize1qGatesDecomposition - 0.69237 (ms)
2026-07-12 22:02:42,228 [INFO] Pass: InverseCancellation - 0.00668 (ms)
2026-07-12 22:02:42,229 [INFO] Pass: ContainsInstruction - 0.00763 (ms)
2026-07-12 22:02:42,229 [INFO] Pass: Optimize1qGatesDecomposition - 0.84114 (ms)
2026-07-12 22:02:42,229 [INFO] Total Transpile Time - 66.32376 (ms)
2026-07-12 22:02:42,229 [INFO] Pass: InverseCancellation - 0.00834 (ms)
2026-07-12 22:02:42,229 [INFO] Total Transpile Time - 66.60891 (ms)
2026-07-12 22:02:42,229 [INFO] Pass: InverseCancellation - 0.17452 (ms)
2026-07-12 22:02:42,229 [INFO] Pass: UnitarySynthesis - 0.00548 (ms)
2026-07-12 22:02:42,229 [INFO] Pass: GatesInBasis - 0.91553 (ms)
2026-07-12 22:02:42,230 [INFO] Pass: Depth - 0.16546 (ms)
2026-07-12 22:02:42,230 [INFO] Pass: FixedPoint - 0.00596 (ms)
2026-07-12 22:02:42,230 [INFO] Pass: Size - 0.05913 (ms)
2026-07-12 22:02:42,230 [INFO] Total Transpile Time - 66.36405 (ms)
2026-07-12 22:02:42,230 [INFO] Pass: FixedPoint - 0.00429 (ms)
2026-07-12 22:02:42,230 [INFO] Pass: ContainsInstruction - 0.00525 (ms)
2026-07-12 22:02:42,230 [INFO] Pass: GatesInBasis - 0.78702 (ms)
2026-07-12 22:02:42,230 [INFO] Pass: Depth - 0.17262 (ms)
2026-07-12 22:02:42,230 [INFO] Pass: FixedPoint - 0.00548 (ms)
2026-07-12 22:02:42,231 [INFO] Pass: Size - 0.05960 (ms)
2026-07-12 22:02:42,231 [INFO] Pass: FixedPoint - 0.00429 (ms)
2026-07-12 22:02:42,231 [INFO] Pass: HighLevelSynthesis - 1.51038 (ms)
2026-07-12 22:02:42,231 [INFO] Total Transpile Time - 66.05577 (ms)
2026-07-12 22:02:42,231 [INFO] Pass: Optimize1qGatesDecomposition - 0.68688 (ms)
2026-07-12 22:02:42,231 [INFO] Pass: InverseCancellation - 0.00691 (ms)
2026-07-12 22:02:42,232 [INFO] Pass: BasisTranslator - 0.82564 (ms)
2026-07-12 22:02:42,232 [INFO] Pass: Depth - 0.17786 (ms)
2026-07-12 22:02:42,232 [INFO] Pass: FixedPoint - 0.00739 (ms)
2026-07-12 22:02:42,232 [INFO] Pass: Size - 0.06175 (ms)
2026-07-12 22:02:42,232 [INFO] Pass: FixedPoint - 0.00429 (ms)
2026-07-12 22:02:42,232 [INFO] Pass: GatesInBasis - 0.86880 (ms)
2026-07-12 22:02:42,232 [INFO] Pass: Depth - 0.16999 (ms)
2026-07-12 22:02:42,232 [INFO] Pass: FixedPoint - 0.00548 (ms)
2026-07-12 22:02:42,233 [INFO] Pass: Size - 0.05889 (ms)
2026-07-12 22:02:42,233 [INFO] Pass: FixedPoint - 0.00429 (ms)
2026-07-12 22:02:42,233 [INFO] Pass: ContainsInstruction - 0.00548 (ms)
2026-07-12 22:02:42,233 [INFO] Pass: Optimize1qGatesDecomposition - 0.85402 (ms)
2026-07-12 22:02:42,233 [INFO] Pass: InverseCancellation - 0.00906 (ms)
2026-07-12 22:02:42,233 [INFO] Pass: ContainsInstruction - 0.00787 (ms)
2026-07-12 22:02:42,234 [INFO] Pass: InverseCancellation - 0.16809 (ms)
2026-07-12 22:02:42,234 [INFO] Pass: UnitarySynthesis - 0.00429 (ms)
2026-07-12 22:02:42,234 [INFO] Total Transpile Time - 66.10990 (ms)
2026-07-12 22:02:42,234 [INFO] Pass: GatesInBasis - 0.83876 (ms)
2026-07-12 22:02:42,234 [INFO] Pass: Depth - 0.16761 (ms)
2026-07-12 22:02:42,234 [INFO] Pass: FixedPoint - 0.00596 (ms)
2026-07-12 22:02:42,234 [INFO] Pass: Size - 0.05889 (ms)
2026-07-12 22:02:42,234 [INFO] Pass: FixedPoint - 0.00453 (ms)
2026-07-12 22:02:42,235 [INFO] Pass: HighLevelSynthesis - 1.48869 (ms)
2026-07-12 22:02:42,235 [INFO] Pass: Optimize1qGatesDecomposition - 0.69261 (ms)
2026-07-12 22:02:42,235 [INFO] Pass: InverseCancellation - 0.00644 (ms)
2026-07-12 22:02:42,236 [INFO] Pass: BasisTranslator - 0.82445 (ms)
2026-07-12 22:02:42,236 [INFO] Pass: GatesInBasis - 0.92220 (ms)
2026-07-12 22:02:42,236 [INFO] Pass: ContainsInstruction - 0.00787 (ms)
2026-07-12 22:02:42,236 [INFO] Pass: Depth - 0.18024 (ms)
2026-07-12 22:02:42,236 [INFO] Pass: FixedPoint - 0.00739 (ms)
2026-07-12 22:02:42,236 [INFO] Pass: Size - 0.06199 (ms)
2026-07-12 22:02:42,236 [INFO] Pass: Depth - 0.16904 (ms)
2026-07-12 22:02:42,236 [INFO] Pass: FixedPoint - 0.00453 (ms)
2026-07-12 22:02:42,236 [INFO] Pass: InverseCancellation - 0.17405 (ms)
2026-07-12 22:02:42,236 [INFO] Pass: FixedPoint - 0.00525 (ms)
2026-07-12 22:02:42,236 [INFO] Pass: UnitarySynthesis - 0.00429 (ms)
2026-07-12 22:02:42,237 [INFO] Pass: Size - 0.05841 (ms)
2026-07-12 22:02:42,237 [INFO] Pass: FixedPoint - 0.00405 (ms)
2026-07-12 22:02:42,237 [INFO] Pass: ContainsInstruction - 0.00501 (ms)
2026-07-12 22:02:42,237 [INFO] Pass: Optimize1qGatesDecomposition - 0.85449 (ms)
2026-07-12 22:02:42,237 [INFO] Pass: InverseCancellation - 0.00882 (ms)
2026-07-12 22:02:42,238 [INFO] Total Transpile Time - 66.46943 (ms)
2026-07-12 22:02:42,238 [INFO] Pass: HighLevelSynthesis - 1.46556 (ms)
2026-07-12 22:02:42,238 [INFO] Pass: GatesInBasis - 0.82445 (ms)
2026-07-12 22:02:42,238 [INFO] Pass: Depth - 0.17190 (ms)
2026-07-12 22:02:42,239 [INFO] Pass: FixedPoint - 0.00548 (ms)
2026-07-12 22:02:42,239 [INFO] Pass: Size - 0.05913 (ms)
2026-07-12 22:02:42,239 [INFO] Pass: FixedPoint - 0.00429 (ms)
2026-07-12 22:02:42,239 [INFO] Pass: BasisTranslator - 0.81420 (ms)
2026-07-12 22:02:42,239 [INFO] Pass: Depth - 0.18001 (ms)
2026-07-12 22:02:42,239 [INFO] Pass: FixedPoint - 0.00787 (ms)
2026-07-12 22:02:42,239 [INFO] Pass: Size - 0.06127 (ms)
2026-07-12 22:02:42,239 [INFO] Pass: FixedPoint - 0.00453 (ms)
2026-07-12 22:02:42,239 [INFO] Pass: Optimize1qGatesDecomposition - 0.69785 (ms)
2026-07-12 22:02:42,239 [INFO] Pass: InverseCancellation - 0.00668 (ms)
2026-07-12 22:02:42,240 [INFO] Pass: Optimize1qGatesDecomposition - 0.84996 (ms)
2026-07-12 22:02:42,240 [INFO] Pass: InverseCancellation - 0.00930 (ms)
2026-07-12 22:02:42,240 [INFO] Pass: GatesInBasis - 0.91100 (ms)
2026-07-12 22:02:42,241 [INFO] Pass: Depth - 0.16427 (ms)
2026-07-12 22:02:42,241 [INFO] Pass: FixedPoint - 0.00525 (ms)
2026-07-12 22:02:42,241 [INFO] Pass: Size - 0.05794 (ms)
2026-07-12 22:02:42,241 [INFO] Pass: FixedPoint - 0.00405 (ms)
2026-07-12 22:02:42,241 [INFO] Pass: ContainsInstruction - 0.00501 (ms)
2026-07-12 22:02:42,241 [INFO] Pass: GatesInBasis - 0.90790 (ms)
2026-07-12 22:02:42,241 [INFO] Pass: Depth - 0.17428 (ms)
2026-07-12 22:02:42,241 [INFO] Pass: FixedPoint - 0.00596 (ms)
2026-07-12 22:02:42,242 [INFO] Pass: Size - 0.05889 (ms)
2026-07-12 22:02:42,242 [INFO] Pass: FixedPoint - 0.00405 (ms)
2026-07-12 22:02:42,242 [INFO] Pass: ContainsInstruction - 0.00763 (ms)
2026-07-12 22:02:42,242 [INFO] Pass: InverseCancellation - 0.17190 (ms)
2026-07-12 22:02:42,242 [INFO] Pass: UnitarySynthesis - 0.00453 (ms)
2026-07-12 22:02:42,242 [INFO] Total Transpile Time - 65.95111 (ms)
2026-07-12 22:02:42,242 [INFO] Pass: Optimize1qGatesDecomposition - 0.69618 (ms)
2026-07-12 22:02:42,242 [INFO] Pass: InverseCancellation - 0.00763 (ms)
2026-07-12 22:02:42,243 [INFO] Pass: GatesInBasis - 0.83041 (ms)
2026-07-12 22:02:42,243 [INFO] Pass: Depth - 0.16546 (ms)
2026-07-12 22:02:42,243 [INFO] Pass: FixedPoint - 0.00477 (ms)
2026-07-12 22:02:42,244 [INFO] Pass: Size - 0.05770 (ms)
2026-07-12 22:02:42,244 [INFO] Pass: FixedPoint - 0.00405 (ms)
2026-07-12 22:02:42,244 [INFO] Pass: ContainsInstruction - 0.00501 (ms)
2026-07-12 22:02:42,244 [INFO] Pass: HighLevelSynthesis - 1.48273 (ms)
2026-07-12 22:02:42,245 [INFO] Pass: BasisTranslator - 0.81444 (ms)
2026-07-12 22:02:42,245 [INFO] Pass: Depth - 0.17786 (ms)
2026-07-12 22:02:42,245 [INFO] Pass: FixedPoint - 0.00715 (ms)
2026-07-12 22:02:42,245 [INFO] Pass: Size - 0.06127 (ms)
2026-07-12 22:02:42,245 [INFO] Pass: FixedPoint - 0.00429 (ms)
2026-07-12 22:02:42,245 [INFO] Total Transpile Time - 66.14804 (ms)
2026-07-12 22:02:42,246 [INFO] Pass: Optimize1qGatesDecomposition - 0.85640 (ms)
2026-07-12 22:02:42,246 [INFO] Pass: InverseCancellation - 0.00906 (ms)
2026-07-12 22:02:42,247 [INFO] Pass: GatesInBasis - 0.83709 (ms)
2026-07-12 22:02:42,247 [INFO] Pass: Depth - 0.16856 (ms)
2026-07-12 22:02:42,247 [INFO] Pass: FixedPoint - 0.00572 (ms)
2026-07-12 22:02:42,247 [INFO] Pass: ContainsInstruction - 0.00691 (ms)
2026-07-12 22:02:42,247 [INFO] Pass: Size - 0.05889 (ms)
2026-07-12 22:02:42,247 [INFO] Pass: FixedPoint - 0.00429 (ms)
2026-07-12 22:02:42,247 [INFO] Pass: InverseCancellation - 0.16713 (ms)
2026-07-12 22:02:42,247 [INFO] Pass: UnitarySynthesis - 0.00453 (ms)
2026-07-12 22:02:42,248 [INFO] Pass: Optimize1qGatesDecomposition - 0.70310 (ms)
2026-07-12 22:02:42,248 [INFO] Pass: InverseCancellation - 0.00668 (ms)
2026-07-12 22:02:42,249 [INFO] Pass: HighLevelSynthesis - 1.49345 (ms)
2026-07-12 22:02:42,249 [INFO] Pass: GatesInBasis - 0.91362 (ms)
2026-07-12 22:02:42,249 [INFO] Pass: Depth - 0.16427 (ms)
2026-07-12 22:02:42,249 [INFO] Pass: FixedPoint - 0.00548 (ms)
2026-07-12 22:02:42,249 [INFO] Pass: Size - 0.05937 (ms)
2026-07-12 22:02:42,249 [INFO] Pass: FixedPoint - 0.00429 (ms)
2026-07-12 22:02:42,249 [INFO] Pass: ContainsInstruction - 0.00501 (ms)
2026-07-12 22:02:42,250 [INFO] Pass: BasisTranslator - 0.82135 (ms)
2026-07-12 22:02:42,250 [INFO] Pass: Depth - 0.17786 (ms)
2026-07-12 22:02:42,250 [INFO] Pass: FixedPoint - 0.00668 (ms)
2026-07-12 22:02:42,250 [INFO] Pass: Size - 0.06127 (ms)
2026-07-12 22:02:42,250 [INFO] Pass: FixedPoint - 0.00429 (ms)
2026-07-12 22:02:42,251 [INFO] Total Transpile Time - 66.44416 (ms)
2026-07-12 22:02:42,251 [INFO] Pass: ContainsInstruction - 0.00787 (ms)
2026-07-12 22:02:42,251 [INFO] Pass: InverseCancellation - 0.16546 (ms)
2026-07-12 22:02:42,251 [INFO] Pass: UnitarySynthesis - 0.00429 (ms)
2026-07-12 22:02:42,251 [INFO] Pass: Optimize1qGatesDecomposition - 0.84329 (ms)
2026-07-12 22:02:42,251 [INFO] Pass: InverseCancellation - 0.00811 (ms)
2026-07-12 22:02:42,252 [INFO] Pass: GatesInBasis - 0.85235 (ms)
2026-07-12 22:02:42,252 [INFO] Pass: ContainsInstruction - 0.01001 (ms)
2026-07-12 22:02:42,252 [INFO] Pass: Depth - 0.16665 (ms)
2026-07-12 22:02:42,252 [INFO] Pass: FixedPoint - 0.00596 (ms)
2026-07-12 22:02:42,252 [INFO] Pass: InverseCancellation - 0.17166 (ms)
2026-07-12 22:02:42,252 [INFO] Pass: Size - 0.06461 (ms)
2026-07-12 22:02:42,252 [INFO] Pass: UnitarySynthesis - 0.00429 (ms)
2026-07-12 22:02:42,252 [INFO] Pass: FixedPoint - 0.00429 (ms)
2026-07-12 22:02:42,253 [INFO] Pass: HighLevelSynthesis - 1.51443 (ms)
2026-07-12 22:02:42,253 [INFO] Pass: Optimize1qGatesDecomposition - 0.68855 (ms)
2026-07-12 22:02:42,253 [INFO] Pass: InverseCancellation - 0.00668 (ms)
2026-07-12 22:02:42,253 [INFO] Pass: BasisTranslator - 0.81944 (ms)
2026-07-12 22:02:42,254 [INFO] Pass: Depth - 0.18096 (ms)
2026-07-12 22:02:42,254 [INFO] Pass: FixedPoint - 0.00787 (ms)
2026-07-12 22:02:42,254 [INFO] Pass: Size - 0.06223 (ms)
2026-07-12 22:02:42,254 [INFO] Pass: FixedPoint - 0.00453 (ms)
2026-07-12 22:02:42,254 [INFO] Pass: HighLevelSynthesis - 1.48606 (ms)
2026-07-12 22:02:42,254 [INFO] Pass: GatesInBasis - 0.89216 (ms)
2026-07-12 22:02:42,254 [INFO] Pass: Depth - 0.16475 (ms)
2026-07-12 22:02:42,254 [INFO] Pass: FixedPoint - 0.00572 (ms)
2026-07-12 22:02:42,254 [INFO] Pass: Size - 0.05913 (ms)
2026-07-12 22:02:42,254 [INFO] Pass: FixedPoint - 0.00453 (ms)
2026-07-12 22:02:42,255 [INFO] Pass: ContainsInstruction - 0.00477 (ms)
2026-07-12 22:02:42,255 [INFO] Pass: BasisTranslator - 0.80943 (ms)
2026-07-12 22:02:42,255 [INFO] Pass: Optimize1qGatesDecomposition - 0.86284 (ms)
2026-07-12 22:02:42,255 [INFO] Pass: InverseCancellation - 0.00882 (ms)
2026-07-12 22:02:42,255 [INFO] Pass: Depth - 0.18048 (ms)
2026-07-12 22:02:42,255 [INFO] Pass: FixedPoint - 0.00787 (ms)
2026-07-12 22:02:42,255 [INFO] Pass: Size - 0.06127 (ms)
2026-07-12 22:02:42,255 [INFO] Pass: FixedPoint - 0.00429 (ms)
2026-07-12 22:02:42,256 [INFO] Pass: ContainsInstruction - 0.00763 (ms)
2026-07-12 22:02:42,256 [INFO] Pass: GatesInBasis - 0.81730 (ms)
2026-07-12 22:02:42,256 [INFO] Total Transpile Time - 65.71150 (ms)
2026-07-12 22:02:42,256 [INFO] Pass: InverseCancellation - 0.16856 (ms)
2026-07-12 22:02:42,256 [INFO] Pass: UnitarySynthesis - 0.00525 (ms)
2026-07-12 22:02:42,256 [INFO] Pass: Depth - 0.16737 (ms)
2026-07-12 22:02:42,256 [INFO] Pass: FixedPoint - 0.00572 (ms)
2026-07-12 22:02:42,256 [INFO] Pass: Size - 0.06008 (ms)
2026-07-12 22:02:42,256 [INFO] Pass: Optimize1qGatesDecomposition - 0.85378 (ms)
2026-07-12 22:02:42,256 [INFO] Pass: FixedPoint - 0.00405 (ms)
2026-07-12 22:02:42,256 [INFO] Pass: InverseCancellation - 0.00834 (ms)
2026-07-12 22:02:42,257 [INFO] Pass: Optimize1qGatesDecomposition - 0.69714 (ms)
2026-07-12 22:02:42,257 [INFO] Pass: InverseCancellation - 0.00691 (ms)
2026-07-12 22:02:42,257 [INFO] Pass: GatesInBasis - 0.84138 (ms)
2026-07-12 22:02:42,257 [INFO] Pass: Depth - 0.16737 (ms)
2026-07-12 22:02:42,257 [INFO] Pass: FixedPoint - 0.00572 (ms)
2026-07-12 22:02:42,257 [INFO] Pass: Size - 0.06223 (ms)
2026-07-12 22:02:42,257 [INFO] Pass: FixedPoint - 0.00429 (ms)
2026-07-12 22:02:42,257 [INFO] Pass: HighLevelSynthesis - 1.49441 (ms)
2026-07-12 22:02:42,258 [INFO] Pass: GatesInBasis - 0.93222 (ms)
2026-07-12 22:02:42,258 [INFO] Pass: Depth - 0.16189 (ms)
2026-07-12 22:02:42,258 [INFO] Pass: FixedPoint - 0.00501 (ms)
2026-07-12 22:02:42,258 [INFO] Pass: Optimize1qGatesDecomposition - 0.68784 (ms)
2026-07-12 22:02:42,258 [INFO] Pass: InverseCancellation - 0.00715 (ms)
2026-07-12 22:02:42,258 [INFO] Pass: Size - 0.05865 (ms)
2026-07-12 22:02:42,258 [INFO] Pass: FixedPoint - 0.00405 (ms)
2026-07-12 22:02:42,258 [INFO] Pass: ContainsInstruction - 0.00525 (ms)
2026-07-12 22:02:42,258 [INFO] Pass: BasisTranslator - 0.81038 (ms)
2026-07-12 22:02:42,259 [INFO] Pass: Depth - 0.17977 (ms)
2026-07-12 22:02:42,259 [INFO] Pass: FixedPoint - 0.00739 (ms)
2026-07-12 22:02:42,259 [INFO] Pass: Size - 0.06199 (ms)
2026-07-12 22:02:42,259 [INFO] Pass: FixedPoint - 0.00429 (ms)
2026-07-12 22:02:42,259 [INFO] Pass: GatesInBasis - 0.88573 (ms)
2026-07-12 22:02:42,259 [INFO] Pass: Depth - 0.16546 (ms)
2026-07-12 22:02:42,259 [INFO] Pass: FixedPoint - 0.00572 (ms)
2026-07-12 22:02:42,259 [INFO] Pass: Size - 0.05960 (ms)
2026-07-12 22:02:42,259 [INFO] Pass: FixedPoint - 0.00405 (ms)
2026-07-12 22:02:42,259 [INFO] Pass: ContainsInstruction - 0.00548 (ms)
2026-07-12 22:02:42,260 [INFO] Pass: ContainsInstruction - 0.00668 (ms)
2026-07-12 22:02:42,260 [INFO] Pass: Optimize1qGatesDecomposition - 0.86164 (ms)
2026-07-12 22:02:42,260 [INFO] Pass: InverseCancellation - 0.00834 (ms)
2026-07-12 22:02:42,260 [INFO] Total Transpile Time - 66.22267 (ms)
2026-07-12 22:02:42,260 [INFO] Pass: InverseCancellation - 0.16642 (ms)
2026-07-12 22:02:42,260 [INFO] Pass: UnitarySynthesis - 0.00429 (ms)
2026-07-12 22:02:42,261 [INFO] Pass: GatesInBasis - 0.84424 (ms)
2026-07-12 22:02:42,261 [INFO] Pass: Depth - 0.16689 (ms)
2026-07-12 22:02:42,261 [INFO] Pass: FixedPoint - 0.00572 (ms)
2026-07-12 22:02:42,261 [INFO] Total Transpile Time - 66.12277 (ms)
2026-07-12 22:02:42,261 [INFO] Pass: Size - 0.05841 (ms)
2026-07-12 22:02:42,261 [INFO] Pass: FixedPoint - 0.00453 (ms)
2026-07-12 22:02:42,261 [INFO] Pass: HighLevelSynthesis - 1.50633 (ms)
2026-07-12 22:02:42,262 [INFO] Pass: Optimize1qGatesDecomposition - 0.69404 (ms)
2026-07-12 22:02:42,262 [INFO] Pass: InverseCancellation - 0.00691 (ms)
2026-07-12 22:02:42,262 [INFO] Pass: BasisTranslator - 0.82445 (ms)
2026-07-12 22:02:42,263 [INFO] Pass: Depth - 0.18048 (ms)
2026-07-12 22:02:42,263 [INFO] Pass: FixedPoint - 0.00668 (ms)
2026-07-12 22:02:42,263 [INFO] Pass: GatesInBasis - 0.86045 (ms)
2026-07-12 22:02:42,263 [INFO] Pass: Size - 0.06127 (ms)
2026-07-12 22:02:42,263 [INFO] Pass: FixedPoint - 0.00429 (ms)
2026-07-12 22:02:42,263 [INFO] Pass: Depth - 0.16117 (ms)
2026-07-12 22:02:42,263 [INFO] Pass: FixedPoint - 0.00548 (ms)
2026-07-12 22:02:42,263 [INFO] Pass: Size - 0.05794 (ms)
2026-07-12 22:02:42,263 [INFO] Pass: FixedPoint - 0.00429 (ms)
2026-07-12 22:02:42,263 [INFO] Pass: ContainsInstruction - 0.00453 (ms)
2026-07-12 22:02:42,264 [INFO] Pass: Optimize1qGatesDecomposition - 0.84686 (ms)
2026-07-12 22:02:42,264 [INFO] Pass: InverseCancellation - 0.00811 (ms)
2026-07-12 22:02:42,264 [INFO] Total Transpile Time - 65.82522 (ms)
2026-07-12 22:02:42,265 [INFO] Pass: GatesInBasis - 0.80609 (ms)
2026-07-12 22:02:42,265 [INFO] Pass: Depth - 0.16856 (ms)
2026-07-12 22:02:42,265 [INFO] Pass: FixedPoint - 0.00620 (ms)
2026-07-12 22:02:42,265 [INFO] Pass: Size - 0.05865 (ms)
2026-07-12 22:02:42,265 [INFO] Pass: FixedPoint - 0.00429 (ms)
2026-07-12 22:02:42,266 [INFO] Pass: Optimize1qGatesDecomposition - 0.69785 (ms)
2026-07-12 22:02:42,266 [INFO] Pass: InverseCancellation - 0.00644 (ms)
2026-07-12 22:02:42,267 [INFO] Pass: GatesInBasis - 0.86212 (ms)
2026-07-12 22:02:42,267 [INFO] Pass: Depth - 0.16260 (ms)
2026-07-12 22:02:42,267 [INFO] Pass: FixedPoint - 0.00525 (ms)
2026-07-12 22:02:42,267 [INFO] Pass: Size - 0.05794 (ms)
2026-07-12 22:02:42,267 [INFO] Pass: FixedPoint - 0.00429 (ms)
2026-07-12 22:02:42,267 [INFO] Pass: ContainsInstruction - 0.00477 (ms)
2026-07-12 22:02:42,268 [INFO] Total Transpile Time - 65.53793 (ms)
2026-07-12 22:02:42,843 [INFO] [PCE] Aer metadata (1a ejecucion de este proceso): device=CPU method=statevector shots=8192 fusion_enabled=True
2026-07-12 22:02:42,845 [INFO] [PCE] Aer metadata (1a ejecucion de este proceso): device=CPU method=statevector shots=8192 fusion_enabled=True
2026-07-12 22:02:42,848 [INFO] [PCE] Aer metadata (1a ejecucion de este proceso): device=CPU method=statevector shots=8192 fusion_enabled=True
2026-07-12 22:02:42,851 [INFO] [PCE] Aer metadata (1a ejecucion de este proceso): device=CPU method=statevector shots=8192 fusion_enabled=True
2026-07-12 22:02:42,853 [INFO] [PCE] Aer metadata (1a ejecucion de este proceso): device=CPU method=statevector shots=8192 fusion_enabled=True
2026-07-12 22:02:42,855 [INFO] [PCE] Aer metadata (1a ejecucion de este proceso): device=CPU method=statevector shots=8192 fusion_enabled=True
2026-07-12 22:02:42,858 [INFO] [PCE] Aer metadata (1a ejecucion de este proceso): device=CPU method=statevector shots=8192 fusion_enabled=True
2026-07-12 22:02:42,861 [INFO] [PCE] Aer metadata (1a ejecucion de este proceso): device=CPU method=statevector shots=8192 fusion_enabled=True
2026-07-12 22:02:42,863 [INFO] [PCE] Aer metadata (1a ejecucion de este proceso): device=CPU method=statevector shots=8192 fusion_enabled=True
2026-07-12 22:02:42,866 [INFO] [PCE] Aer metadata (1a ejecucion de este proceso): device=CPU method=statevector shots=8192 fusion_enabled=True
2026-07-12 22:02:42,868 [INFO] [PCE] Aer metadata (1a ejecucion de este proceso): device=CPU method=statevector shots=8192 fusion_enabled=True
2026-07-12 22:02:42,871 [INFO] [PCE] Aer metadata (1a ejecucion de este proceso): device=CPU method=statevector shots=8192 fusion_enabled=True
2026-07-12 22:02:42,873 [INFO] [PCE] Aer metadata (1a ejecucion de este proceso): device=CPU method=statevector shots=8192 fusion_enabled=True
2026-07-12 22:02:42,875 [INFO] [PCE] Aer metadata (1a ejecucion de este proceso): device=CPU method=statevector shots=8192 fusion_enabled=True
2026-07-12 22:02:42,878 [INFO] [PCE] Aer metadata (1a ejecucion de este proceso): device=CPU method=statevector shots=8192 fusion_enabled=True
2026-07-13 06:27:50,206 [INFO] [PCE] n=225 instancia (idx=22) 1/15 completada (paralelo) - transcurrido=0:08:25:08
2026-07-13 06:29:31,926 [INFO] [PCE] n=225 instancia (idx=78) 2/15 completada (paralelo) - transcurrido=0:08:26:50
2026-07-13 06:29:35,451 [INFO] [PCE] n=225 instancia (idx=64) 3/15 completada (paralelo) - transcurrido=0:08:26:54
2026-07-13 06:29:55,787 [INFO] [PCE] n=225 instancia (idx=92) 4/15 completada (paralelo) - transcurrido=0:08:27:14
2026-07-13 06:42:57,042 [INFO] [PCE] n=225 instancia (idx=15) 5/15 completada (paralelo) - transcurrido=0:08:40:15
2026-07-13 06:50:10,859 [INFO] [PCE] n=225 instancia (idx=29) 6/15 completada (paralelo) - transcurrido=0:08:47:29
2026-07-13 06:50:23,687 [INFO] [PCE] n=225 instancia (idx=99) 7/15 completada (paralelo) - transcurrido=0:08:47:42
2026-07-13 06:56:11,920 [INFO] [PCE] n=225 instancia (idx=8) 8/15 completada (paralelo) - transcurrido=0:08:53:30
2026-07-13 06:58:04,782 [INFO] [PCE] n=225 instancia (idx=71) 9/15 completada (paralelo) - transcurrido=0:08:55:23
2026-07-13 06:58:54,598 [INFO] [PCE] n=225 instancia (idx=1) 10/15 completada (paralelo) - transcurrido=0:08:56:13
2026-07-13 06:59:16,394 [INFO] [PCE] n=225 instancia (idx=50) 11/15 completada (paralelo) - transcurrido=0:08:56:34
2026-07-13 06:59:50,372 [INFO] [PCE] n=225 instancia (idx=43) 12/15 completada (paralelo) - transcurrido=0:08:57:08
2026-07-13 07:02:33,604 [INFO] [PCE] n=225 instancia (idx=36) 13/15 completada (paralelo) - transcurrido=0:08:59:52
2026-07-13 07:05:31,448 [INFO] [PCE] n=225 instancia (idx=85) 14/15 completada (paralelo) - transcurrido=0:09:02:50
2026-07-13 07:08:15,871 [INFO] [PCE] n=225 instancia (idx=57) 15/15 completada (paralelo) - transcurrido=0:09:05:34
2026-07-13 07:08:15,988 [INFO] [PCE] n=225 chunk 2/7 completado - beta_parcial=0.2472 duration=0:09:05:34 shots=8192 backend=AER
