gcc/system unloaded
gcccore/system unloaded
cesga/2022 unloaded
rust/1.75.0 unloaded
imkl/2022.0.1 unloaded
numpy/1.26.4 unloaded
scipy/1.13.1 unloaded
flint/2.8.4 unloaded
symengine/0.11.1 unloaded
symengine-python/0.11.0 unloaded
spdlog/1.9.2 unloaded
pylatexenc/2.10 unloaded
qiskit/1.2.4-aer-gpu-cu11 unloaded
        Preparing the environment for use of the CESGA 2022 software stack.
        Please rebuild modules cache: module --ignore-cache avail
     
cesga/2022 loaded
rust/1.75.0 loaded

imkl/2023.2.0 loaded
numpy/1.26.4 loaded
scipy/1.13.1 loaded
imkl/2023.2.0 unloaded

imkl/2022.0.1 loaded
flint/2.8.4 loaded
symengine/0.11.1 loaded
symengine-python/0.11.0 loaded
spdlog/1.9.2 loaded
pylatexenc/2.10 loaded
gcccore/system loaded
gcc/system loaded
qiskit/1.2.4-aer-gpu-cu11 loaded
2026-07-12 22:02:42,464 [INFO] [PCE] n=225 chunk 3/7: 14 instancias [2, 9, 16, 23, 30, 37, 44, 51, 58, 65, 72, 79, 86, 93], num_workers=14, qubits=9
2026-07-12 22:02:42,464 [INFO] [PCE] n=225 paralelizando 14 instancias entre 14 workers (max_parallel_threads=1 fijo, independiente de num_workers)
2026-07-12 22:02:42,605 [INFO] Pass: ContainsInstruction - 0.01287 (ms)
2026-07-12 22:02:42,606 [INFO] Pass: InverseCancellation - 0.01502 (ms)
2026-07-12 22:02:42,606 [INFO] Pass: UnitarySynthesis - 0.00548 (ms)
2026-07-12 22:02:42,607 [INFO] Pass: HighLevelSynthesis - 1.60193 (ms)
2026-07-12 22:02:42,608 [INFO] Pass: BasisTranslator - 0.84567 (ms)
2026-07-12 22:02:42,608 [INFO] Pass: Depth - 0.21052 (ms)
2026-07-12 22:02:42,608 [INFO] Pass: FixedPoint - 0.01693 (ms)
2026-07-12 22:02:42,609 [INFO] Pass: Size - 0.06366 (ms)
2026-07-12 22:02:42,609 [INFO] Pass: FixedPoint - 0.00477 (ms)
2026-07-12 22:02:42,609 [INFO] Pass: Optimize1qGatesDecomposition - 0.16212 (ms)
2026-07-12 22:02:42,609 [INFO] Pass: InverseCancellation - 0.00834 (ms)
2026-07-12 22:02:42,610 [INFO] Pass: GatesInBasis - 0.83256 (ms)
2026-07-12 22:02:42,610 [INFO] Pass: Depth - 0.15855 (ms)
2026-07-12 22:02:42,610 [INFO] Pass: FixedPoint - 0.00525 (ms)
2026-07-12 22:02:42,610 [INFO] Pass: Size - 0.05698 (ms)
2026-07-12 22:02:42,610 [INFO] Pass: FixedPoint - 0.00453 (ms)
2026-07-12 22:02:42,610 [INFO] Pass: ContainsInstruction - 0.00548 (ms)
2026-07-12 22:02:42,610 [INFO] Pass: ContainsInstruction - 0.01216 (ms)
2026-07-12 22:02:42,611 [INFO] Pass: InverseCancellation - 0.01669 (ms)
2026-07-12 22:02:42,611 [INFO] Pass: ContainsInstruction - 0.01240 (ms)
2026-07-12 22:02:42,611 [INFO] Pass: UnitarySynthesis - 0.00525 (ms)
2026-07-12 22:02:42,611 [INFO] Pass: InverseCancellation - 0.01526 (ms)
2026-07-12 22:02:42,611 [INFO] Pass: UnitarySynthesis - 0.00548 (ms)
2026-07-12 22:02:42,612 [INFO] Total Transpile Time - 83.35280 (ms)
2026-07-12 22:02:42,612 [INFO] Pass: HighLevelSynthesis - 1.56045 (ms)
2026-07-12 22:02:42,612 [INFO] Pass: HighLevelSynthesis - 1.59121 (ms)
2026-07-12 22:02:42,613 [INFO] Pass: BasisTranslator - 0.78344 (ms)
2026-07-12 22:02:42,613 [INFO] Pass: BasisTranslator - 0.83351 (ms)
2026-07-12 22:02:42,613 [INFO] Pass: ContainsInstruction - 0.01168 (ms)
2026-07-12 22:02:42,613 [INFO] Pass: Depth - 0.20123 (ms)
2026-07-12 22:02:42,613 [INFO] Pass: ContainsInstruction - 0.01431 (ms)
2026-07-12 22:02:42,613 [INFO] Pass: FixedPoint - 0.01645 (ms)
2026-07-12 22:02:42,613 [INFO] Pass: InverseCancellation - 0.01693 (ms)
2026-07-12 22:02:42,613 [INFO] Pass: InverseCancellation - 0.01645 (ms)
2026-07-12 22:02:42,613 [INFO] Pass: UnitarySynthesis - 0.00620 (ms)
2026-07-12 22:02:42,614 [INFO] Pass: UnitarySynthesis - 0.00572 (ms)
2026-07-12 22:02:42,614 [INFO] Pass: Size - 0.06342 (ms)
2026-07-12 22:02:42,614 [INFO] Pass: FixedPoint - 0.00429 (ms)
2026-07-12 22:02:42,614 [INFO] Pass: Depth - 0.20337 (ms)
2026-07-12 22:02:42,614 [INFO] Pass: FixedPoint - 0.01836 (ms)
2026-07-12 22:02:42,614 [INFO] Pass: Size - 0.06199 (ms)
2026-07-12 22:02:42,614 [INFO] Pass: Optimize1qGatesDecomposition - 0.15211 (ms)
2026-07-12 22:02:42,614 [INFO] Pass: FixedPoint - 0.00477 (ms)
2026-07-12 22:02:42,614 [INFO] Pass: InverseCancellation - 0.00834 (ms)
2026-07-12 22:02:42,614 [INFO] Pass: Optimize1qGatesDecomposition - 0.14758 (ms)
2026-07-12 22:02:42,614 [INFO] Pass: InverseCancellation - 0.01001 (ms)
2026-07-12 22:02:42,615 [INFO] Pass: GatesInBasis - 0.87357 (ms)
2026-07-12 22:02:42,615 [INFO] Pass: GatesInBasis - 0.83113 (ms)
2026-07-12 22:02:42,615 [INFO] Pass: Depth - 0.15974 (ms)
2026-07-12 22:02:42,615 [INFO] Pass: FixedPoint - 0.00548 (ms)
2026-07-12 22:02:42,615 [INFO] Pass: Size - 0.05722 (ms)
2026-07-12 22:02:42,615 [INFO] Pass: FixedPoint - 0.00405 (ms)
2026-07-12 22:02:42,615 [INFO] Pass: HighLevelSynthesis - 1.55020 (ms)
2026-07-12 22:02:42,615 [INFO] Pass: Depth - 0.16427 (ms)
2026-07-12 22:02:42,615 [INFO] Pass: HighLevelSynthesis - 1.54901 (ms)
2026-07-12 22:02:42,615 [INFO] Pass: ContainsInstruction - 0.00525 (ms)
2026-07-12 22:02:42,615 [INFO] Pass: FixedPoint - 0.00525 (ms)
2026-07-12 22:02:42,615 [INFO] Pass: Size - 0.05698 (ms)
2026-07-12 22:02:42,615 [INFO] Pass: FixedPoint - 0.00405 (ms)
2026-07-12 22:02:42,615 [INFO] Pass: ContainsInstruction - 0.00501 (ms)
2026-07-12 22:02:42,616 [INFO] Pass: ContainsInstruction - 0.01311 (ms)
2026-07-12 22:02:42,616 [INFO] Pass: InverseCancellation - 0.01478 (ms)
2026-07-12 22:02:42,616 [INFO] Pass: UnitarySynthesis - 0.00548 (ms)
2026-07-12 22:02:42,616 [INFO] Pass: BasisTranslator - 0.83876 (ms)
2026-07-12 22:02:42,616 [INFO] Pass: BasisTranslator - 0.82636 (ms)
2026-07-12 22:02:42,616 [INFO] Pass: Depth - 0.20194 (ms)
2026-07-12 22:02:42,616 [INFO] Pass: Depth - 0.19979 (ms)
2026-07-12 22:02:42,616 [INFO] Pass: FixedPoint - 0.01597 (ms)
2026-07-12 22:02:42,616 [INFO] Pass: FixedPoint - 0.01907 (ms)
2026-07-12 22:02:42,616 [INFO] Pass: Size - 0.06223 (ms)
2026-07-12 22:02:42,616 [INFO] Pass: Size - 0.06199 (ms)
2026-07-12 22:02:42,616 [INFO] Pass: FixedPoint - 0.00477 (ms)
2026-07-12 22:02:42,616 [INFO] Pass: FixedPoint - 0.00477 (ms)
2026-07-12 22:02:42,617 [INFO] Total Transpile Time - 83.44007 (ms)
2026-07-12 22:02:42,617 [INFO] Pass: Optimize1qGatesDecomposition - 0.14353 (ms)
2026-07-12 22:02:42,617 [INFO] Pass: Optimize1qGatesDecomposition - 0.14162 (ms)
2026-07-12 22:02:42,617 [INFO] Pass: InverseCancellation - 0.00787 (ms)
2026-07-12 22:02:42,617 [INFO] Pass: InverseCancellation - 0.00787 (ms)
2026-07-12 22:02:42,617 [INFO] Total Transpile Time - 83.58049 (ms)
2026-07-12 22:02:42,618 [INFO] Pass: GatesInBasis - 0.83137 (ms)
2026-07-12 22:02:42,618 [INFO] Pass: GatesInBasis - 0.83995 (ms)
2026-07-12 22:02:42,618 [INFO] Pass: HighLevelSynthesis - 1.56164 (ms)
2026-07-12 22:02:42,618 [INFO] Pass: Depth - 0.15736 (ms)
2026-07-12 22:02:42,618 [INFO] Pass: Depth - 0.15807 (ms)
2026-07-12 22:02:42,618 [INFO] Pass: FixedPoint - 0.00501 (ms)
2026-07-12 22:02:42,618 [INFO] Pass: FixedPoint - 0.00525 (ms)
2026-07-12 22:02:42,618 [INFO] Pass: Size - 0.05722 (ms)
2026-07-12 22:02:42,618 [INFO] Pass: Size - 0.05722 (ms)
2026-07-12 22:02:42,618 [INFO] Pass: FixedPoint - 0.00429 (ms)
2026-07-12 22:02:42,618 [INFO] Pass: FixedPoint - 0.00429 (ms)
2026-07-12 22:02:42,618 [INFO] Pass: ContainsInstruction - 0.01001 (ms)
2026-07-12 22:02:42,618 [INFO] Pass: ContainsInstruction - 0.00525 (ms)
2026-07-12 22:02:42,618 [INFO] Pass: BasisTranslator - 0.85688 (ms)
2026-07-12 22:02:42,619 [INFO] Pass: ContainsInstruction - 0.01335 (ms)
2026-07-12 22:02:42,619 [INFO] Pass: Depth - 0.19908 (ms)
2026-07-12 22:02:42,619 [INFO] Pass: InverseCancellation - 0.01597 (ms)
2026-07-12 22:02:42,619 [INFO] Pass: FixedPoint - 0.01478 (ms)
2026-07-12 22:02:42,619 [INFO] Pass: UnitarySynthesis - 0.00572 (ms)
2026-07-12 22:02:42,619 [INFO] Pass: Size - 0.06080 (ms)
2026-07-12 22:02:42,619 [INFO] Pass: FixedPoint - 0.00453 (ms)
2026-07-12 22:02:42,619 [INFO] Pass: Optimize1qGatesDecomposition - 0.14615 (ms)
2026-07-12 22:02:42,619 [INFO] Pass: InverseCancellation - 0.00787 (ms)
2026-07-12 22:02:42,619 [INFO] Total Transpile Time - 82.94249 (ms)
2026-07-12 22:02:42,619 [INFO] Total Transpile Time - 82.92747 (ms)
2026-07-12 22:02:42,620 [INFO] Pass: GatesInBasis - 0.82970 (ms)
2026-07-12 22:02:42,620 [INFO] Pass: Depth - 0.15688 (ms)
2026-07-12 22:02:42,620 [INFO] Pass: FixedPoint - 0.00477 (ms)
2026-07-12 22:02:42,620 [INFO] Pass: Size - 0.05841 (ms)
2026-07-12 22:02:42,620 [INFO] Pass: FixedPoint - 0.00405 (ms)
2026-07-12 22:02:42,620 [INFO] Pass: HighLevelSynthesis - 1.54400 (ms)
2026-07-12 22:02:42,620 [INFO] Pass: ContainsInstruction - 0.00501 (ms)
2026-07-12 22:02:42,621 [INFO] Pass: BasisTranslator - 0.77772 (ms)
2026-07-12 22:02:42,621 [INFO] Pass: Depth - 0.19932 (ms)
2026-07-12 22:02:42,622 [INFO] Pass: FixedPoint - 0.01550 (ms)
2026-07-12 22:02:42,622 [INFO] Pass: Size - 0.05937 (ms)
2026-07-12 22:02:42,622 [INFO] Pass: FixedPoint - 0.00453 (ms)
2026-07-12 22:02:42,622 [INFO] Pass: Optimize1qGatesDecomposition - 0.14114 (ms)
2026-07-12 22:02:42,622 [INFO] Total Transpile Time - 82.30996 (ms)
2026-07-12 22:02:42,622 [INFO] Pass: InverseCancellation - 0.00834 (ms)
2026-07-12 22:02:42,623 [INFO] Pass: GatesInBasis - 0.88096 (ms)
2026-07-12 22:02:42,623 [INFO] Pass: Depth - 0.16809 (ms)
2026-07-12 22:02:42,623 [INFO] Pass: FixedPoint - 0.00525 (ms)
2026-07-12 22:02:42,623 [INFO] Pass: Size - 0.05722 (ms)
2026-07-12 22:02:42,623 [INFO] Pass: FixedPoint - 0.00429 (ms)
2026-07-12 22:02:42,623 [INFO] Pass: ContainsInstruction - 0.00548 (ms)
2026-07-12 22:02:42,623 [INFO] Pass: ContainsInstruction - 0.01264 (ms)
2026-07-12 22:02:42,624 [INFO] Pass: InverseCancellation - 0.01454 (ms)
2026-07-12 22:02:42,624 [INFO] Pass: UnitarySynthesis - 0.00525 (ms)
2026-07-12 22:02:42,625 [INFO] Total Transpile Time - 81.78258 (ms)
2026-07-12 22:02:42,625 [INFO] Pass: HighLevelSynthesis - 1.59144 (ms)
2026-07-12 22:02:42,626 [INFO] Pass: ContainsInstruction - 0.01192 (ms)
2026-07-12 22:02:42,626 [INFO] Pass: InverseCancellation - 0.01454 (ms)
2026-07-12 22:02:42,626 [INFO] Pass: UnitarySynthesis - 0.00525 (ms)
2026-07-12 22:02:42,626 [INFO] Pass: BasisTranslator - 0.80013 (ms)
2026-07-12 22:02:42,626 [INFO] Pass: Depth - 0.20409 (ms)
2026-07-12 22:02:42,626 [INFO] Pass: FixedPoint - 0.01359 (ms)
2026-07-12 22:02:42,627 [INFO] Pass: Size - 0.06008 (ms)
2026-07-12 22:02:42,627 [INFO] Pass: FixedPoint - 0.00453 (ms)
2026-07-12 22:02:42,627 [INFO] Pass: Optimize1qGatesDecomposition - 0.14234 (ms)
2026-07-12 22:02:42,627 [INFO] Pass: InverseCancellation - 0.00858 (ms)
2026-07-12 22:02:42,627 [INFO] Pass: HighLevelSynthesis - 1.53995 (ms)
2026-07-12 22:02:42,628 [INFO] Pass: GatesInBasis - 0.86403 (ms)
2026-07-12 22:02:42,628 [INFO] Pass: Depth - 0.15998 (ms)
2026-07-12 22:02:42,628 [INFO] Pass: FixedPoint - 0.00525 (ms)
2026-07-12 22:02:42,628 [INFO] Pass: Size - 0.05794 (ms)
2026-07-12 22:02:42,628 [INFO] Pass: FixedPoint - 0.00429 (ms)
2026-07-12 22:02:42,628 [INFO] Pass: ContainsInstruction - 0.00548 (ms)
2026-07-12 22:02:42,628 [INFO] Pass: BasisTranslator - 0.78225 (ms)
2026-07-12 22:02:42,629 [INFO] Pass: Depth - 0.20146 (ms)
2026-07-12 22:02:42,629 [INFO] Pass: FixedPoint - 0.01431 (ms)
2026-07-12 22:02:42,629 [INFO] Pass: Size - 0.06056 (ms)
2026-07-12 22:02:42,629 [INFO] Pass: FixedPoint - 0.00453 (ms)
2026-07-12 22:02:42,629 [INFO] Pass: Optimize1qGatesDecomposition - 0.14138 (ms)
2026-07-12 22:02:42,629 [INFO] Pass: InverseCancellation - 0.01359 (ms)
2026-07-12 22:02:42,629 [INFO] Pass: ContainsInstruction - 0.01097 (ms)
2026-07-12 22:02:42,629 [INFO] Pass: InverseCancellation - 0.01550 (ms)
2026-07-12 22:02:42,629 [INFO] Pass: UnitarySynthesis - 0.00501 (ms)
2026-07-12 22:02:42,630 [INFO] Total Transpile Time - 82.79300 (ms)
2026-07-12 22:02:42,630 [INFO] Pass: GatesInBasis - 0.86284 (ms)
2026-07-12 22:02:42,630 [INFO] Pass: Depth - 0.16356 (ms)
2026-07-12 22:02:42,630 [INFO] Pass: FixedPoint - 0.00501 (ms)
2026-07-12 22:02:42,630 [INFO] Pass: Size - 0.05722 (ms)
2026-07-12 22:02:42,630 [INFO] Pass: FixedPoint - 0.00429 (ms)
2026-07-12 22:02:42,630 [INFO] Pass: ContainsInstruction - 0.00501 (ms)
2026-07-12 22:02:42,631 [INFO] Pass: HighLevelSynthesis - 1.52564 (ms)
2026-07-12 22:02:42,632 [INFO] Total Transpile Time - 81.91991 (ms)
2026-07-12 22:02:42,632 [INFO] Pass: BasisTranslator - 0.79370 (ms)
2026-07-12 22:02:42,632 [INFO] Pass: Depth - 0.20456 (ms)
2026-07-12 22:02:42,632 [INFO] Pass: FixedPoint - 0.01359 (ms)
2026-07-12 22:02:42,632 [INFO] Pass: Size - 0.06008 (ms)
2026-07-12 22:02:42,632 [INFO] Pass: FixedPoint - 0.00477 (ms)
2026-07-12 22:02:42,632 [INFO] Pass: Optimize1qGatesDecomposition - 0.13947 (ms)
2026-07-12 22:02:42,632 [INFO] Pass: InverseCancellation - 0.00787 (ms)
2026-07-12 22:02:42,632 [INFO] Pass: ContainsInstruction - 0.01168 (ms)
2026-07-12 22:02:42,633 [INFO] Pass: InverseCancellation - 0.01526 (ms)
2026-07-12 22:02:42,633 [INFO] Pass: UnitarySynthesis - 0.00501 (ms)
2026-07-12 22:02:42,633 [INFO] Pass: GatesInBasis - 0.86308 (ms)
2026-07-12 22:02:42,634 [INFO] Pass: Depth - 0.15855 (ms)
2026-07-12 22:02:42,634 [INFO] Pass: FixedPoint - 0.00548 (ms)
2026-07-12 22:02:42,634 [INFO] Pass: Size - 0.05698 (ms)
2026-07-12 22:02:42,634 [INFO] Pass: FixedPoint - 0.00429 (ms)
2026-07-12 22:02:42,634 [INFO] Pass: ContainsInstruction - 0.00525 (ms)
2026-07-12 22:02:42,634 [INFO] Pass: HighLevelSynthesis - 1.54352 (ms)
2026-07-12 22:02:42,635 [INFO] Total Transpile Time - 82.01838 (ms)
2026-07-12 22:02:42,635 [INFO] Pass: BasisTranslator - 0.83852 (ms)
2026-07-12 22:02:42,635 [INFO] Pass: Depth - 0.19670 (ms)
2026-07-12 22:02:42,635 [INFO] Pass: FixedPoint - 0.01454 (ms)
2026-07-12 22:02:42,636 [INFO] Pass: Size - 0.06008 (ms)
2026-07-12 22:02:42,636 [INFO] Pass: FixedPoint - 0.00453 (ms)
2026-07-12 22:02:42,636 [INFO] Pass: Optimize1qGatesDecomposition - 0.14043 (ms)
2026-07-12 22:02:42,636 [INFO] Pass: InverseCancellation - 0.00787 (ms)
2026-07-12 22:02:42,636 [INFO] Pass: ContainsInstruction - 0.01240 (ms)
2026-07-12 22:02:42,636 [INFO] Pass: InverseCancellation - 0.01478 (ms)
2026-07-12 22:02:42,636 [INFO] Pass: UnitarySynthesis - 0.00501 (ms)
2026-07-12 22:02:42,637 [INFO] Pass: GatesInBasis - 0.82803 (ms)
2026-07-12 22:02:42,637 [INFO] Pass: Depth - 0.15736 (ms)
2026-07-12 22:02:42,637 [INFO] Pass: FixedPoint - 0.00501 (ms)
2026-07-12 22:02:42,637 [INFO] Pass: Size - 0.05770 (ms)
2026-07-12 22:02:42,637 [INFO] Pass: FixedPoint - 0.00453 (ms)
2026-07-12 22:02:42,637 [INFO] Pass: ContainsInstruction - 0.00477 (ms)
2026-07-12 22:02:42,638 [INFO] Pass: HighLevelSynthesis - 1.53208 (ms)
2026-07-12 22:02:42,638 [INFO] Total Transpile Time - 81.58302 (ms)
2026-07-12 22:02:42,638 [INFO] Pass: BasisTranslator - 0.78797 (ms)
2026-07-12 22:02:42,639 [INFO] Pass: Depth - 0.19670 (ms)
2026-07-12 22:02:42,639 [INFO] Pass: FixedPoint - 0.01383 (ms)
2026-07-12 22:02:42,639 [INFO] Pass: Size - 0.06032 (ms)
2026-07-12 22:02:42,639 [INFO] Pass: FixedPoint - 0.00453 (ms)
2026-07-12 22:02:42,639 [INFO] Pass: Optimize1qGatesDecomposition - 0.13638 (ms)
2026-07-12 22:02:42,639 [INFO] Pass: InverseCancellation - 0.00739 (ms)
2026-07-12 22:02:42,640 [INFO] Pass: GatesInBasis - 0.85902 (ms)
2026-07-12 22:02:42,640 [INFO] Pass: Depth - 0.15831 (ms)
2026-07-12 22:02:42,640 [INFO] Pass: FixedPoint - 0.00501 (ms)
2026-07-12 22:02:42,640 [INFO] Pass: Size - 0.05627 (ms)
2026-07-12 22:02:42,640 [INFO] Pass: FixedPoint - 0.00405 (ms)
2026-07-12 22:02:42,640 [INFO] Pass: ContainsInstruction - 0.00501 (ms)
2026-07-12 22:02:42,641 [INFO] Pass: ContainsInstruction - 0.01073 (ms)
2026-07-12 22:02:42,641 [INFO] Pass: InverseCancellation - 0.01454 (ms)
2026-07-12 22:02:42,641 [INFO] Pass: UnitarySynthesis - 0.00548 (ms)
2026-07-12 22:02:42,642 [INFO] Total Transpile Time - 81.51555 (ms)
2026-07-12 22:02:42,643 [INFO] Pass: HighLevelSynthesis - 1.54400 (ms)
2026-07-12 22:02:42,644 [INFO] Pass: BasisTranslator - 0.82421 (ms)
2026-07-12 22:02:42,644 [INFO] Pass: Depth - 0.20218 (ms)
2026-07-12 22:02:42,644 [INFO] Pass: FixedPoint - 0.01383 (ms)
2026-07-12 22:02:42,644 [INFO] Pass: Size - 0.06080 (ms)
2026-07-12 22:02:42,644 [INFO] Pass: ContainsInstruction - 0.01025 (ms)
2026-07-12 22:02:42,644 [INFO] Pass: FixedPoint - 0.00429 (ms)
2026-07-12 22:02:42,644 [INFO] Pass: InverseCancellation - 0.01359 (ms)
2026-07-12 22:02:42,644 [INFO] Pass: UnitarySynthesis - 0.00525 (ms)
2026-07-12 22:02:42,644 [INFO] Pass: Optimize1qGatesDecomposition - 0.13924 (ms)
2026-07-12 22:02:42,645 [INFO] Pass: InverseCancellation - 0.00763 (ms)
2026-07-12 22:02:42,645 [INFO] Pass: GatesInBasis - 0.84019 (ms)
2026-07-12 22:02:42,646 [INFO] Pass: Depth - 0.15831 (ms)
2026-07-12 22:02:42,646 [INFO] Pass: FixedPoint - 0.00477 (ms)
2026-07-12 22:02:42,646 [INFO] Pass: Size - 0.05674 (ms)
2026-07-12 22:02:42,646 [INFO] Pass: FixedPoint - 0.00429 (ms)
2026-07-12 22:02:42,646 [INFO] Pass: ContainsInstruction - 0.00453 (ms)
2026-07-12 22:02:42,646 [INFO] Pass: HighLevelSynthesis - 1.53017 (ms)
2026-07-12 22:02:42,647 [INFO] Pass: BasisTranslator - 0.77009 (ms)
2026-07-12 22:02:42,647 [INFO] Pass: Depth - 0.20123 (ms)
2026-07-12 22:02:42,647 [INFO] Pass: FixedPoint - 0.01287 (ms)
2026-07-12 22:02:42,647 [INFO] Pass: Size - 0.05913 (ms)
2026-07-12 22:02:42,647 [INFO] Total Transpile Time - 82.61442 (ms)
2026-07-12 22:02:42,647 [INFO] Pass: FixedPoint - 0.00477 (ms)
2026-07-12 22:02:42,647 [INFO] Pass: Optimize1qGatesDecomposition - 0.13685 (ms)
2026-07-12 22:02:42,647 [INFO] Pass: InverseCancellation - 0.00715 (ms)
2026-07-12 22:02:42,648 [INFO] Pass: GatesInBasis - 0.85783 (ms)
2026-07-12 22:02:42,649 [INFO] Pass: Depth - 0.15903 (ms)
2026-07-12 22:02:42,649 [INFO] Pass: FixedPoint - 0.00501 (ms)
2026-07-12 22:02:42,649 [INFO] Pass: Size - 0.05817 (ms)
2026-07-12 22:02:42,649 [INFO] Pass: FixedPoint - 0.00405 (ms)
2026-07-12 22:02:42,649 [INFO] Pass: ContainsInstruction - 0.00501 (ms)
2026-07-12 22:02:42,650 [INFO] Total Transpile Time - 81.73466 (ms)
2026-07-12 22:02:42,670 [INFO] Pass: ContainsInstruction - 0.00834 (ms)
2026-07-12 22:02:42,670 [INFO] Pass: InverseCancellation - 0.17262 (ms)
2026-07-12 22:02:42,670 [INFO] Pass: UnitarySynthesis - 0.00429 (ms)
2026-07-12 22:02:42,671 [INFO] Pass: HighLevelSynthesis - 1.48845 (ms)
2026-07-12 22:02:42,672 [INFO] Pass: BasisTranslator - 0.79751 (ms)
2026-07-12 22:02:42,673 [INFO] Pass: Depth - 0.17357 (ms)
2026-07-12 22:02:42,673 [INFO] Pass: FixedPoint - 0.00691 (ms)
2026-07-12 22:02:42,673 [INFO] Pass: Size - 0.06056 (ms)
2026-07-12 22:02:42,673 [INFO] Pass: FixedPoint - 0.00453 (ms)
2026-07-12 22:02:42,674 [INFO] Pass: Optimize1qGatesDecomposition - 0.80895 (ms)
2026-07-12 22:02:42,674 [INFO] Pass: InverseCancellation - 0.14853 (ms)
2026-07-12 22:02:42,674 [INFO] Pass: ContainsInstruction - 0.01049 (ms)
2026-07-12 22:02:42,674 [INFO] Pass: InverseCancellation - 0.17214 (ms)
2026-07-12 22:02:42,674 [INFO] Pass: UnitarySynthesis - 0.00429 (ms)
2026-07-12 22:02:42,674 [INFO] Pass: ContainsInstruction - 0.00834 (ms)
2026-07-12 22:02:42,675 [INFO] Pass: GatesInBasis - 0.83566 (ms)
2026-07-12 22:02:42,675 [INFO] Pass: InverseCancellation - 0.16904 (ms)
2026-07-12 22:02:42,675 [INFO] Pass: UnitarySynthesis - 0.00501 (ms)
2026-07-12 22:02:42,675 [INFO] Pass: Depth - 0.16379 (ms)
2026-07-12 22:02:42,675 [INFO] Pass: FixedPoint - 0.00572 (ms)
2026-07-12 22:02:42,675 [INFO] Pass: Size - 0.06413 (ms)
2026-07-12 22:02:42,675 [INFO] Pass: FixedPoint - 0.00429 (ms)
2026-07-12 22:02:42,675 [INFO] Pass: ContainsInstruction - 0.00477 (ms)
2026-07-12 22:02:42,676 [INFO] Pass: HighLevelSynthesis - 1.47033 (ms)
2026-07-12 22:02:42,676 [INFO] Pass: HighLevelSynthesis - 1.49703 (ms)
2026-07-12 22:02:42,676 [INFO] Total Transpile Time - 64.77189 (ms)
2026-07-12 22:02:42,676 [INFO] Pass: ContainsInstruction - 0.00715 (ms)
2026-07-12 22:02:42,677 [INFO] Pass: ContainsInstruction - 0.00739 (ms)
2026-07-12 22:02:42,677 [INFO] Pass: InverseCancellation - 0.16475 (ms)
2026-07-12 22:02:42,677 [INFO] Pass: UnitarySynthesis - 0.00453 (ms)
2026-07-12 22:02:42,677 [INFO] Pass: InverseCancellation - 0.16618 (ms)
2026-07-12 22:02:42,677 [INFO] Pass: BasisTranslator - 1.22952 (ms)
2026-07-12 22:02:42,677 [INFO] Pass: UnitarySynthesis - 0.00477 (ms)
2026-07-12 22:02:42,677 [INFO] Pass: BasisTranslator - 0.80943 (ms)
2026-07-12 22:02:42,677 [INFO] Pass: Depth - 0.17953 (ms)
2026-07-12 22:02:42,677 [INFO] Pass: FixedPoint - 0.00763 (ms)
2026-07-12 22:02:42,677 [INFO] Pass: Depth - 0.17405 (ms)
2026-07-12 22:02:42,677 [INFO] Pass: Size - 0.06104 (ms)
2026-07-12 22:02:42,677 [INFO] Pass: FixedPoint - 0.00715 (ms)
2026-07-12 22:02:42,677 [INFO] Pass: FixedPoint - 0.00453 (ms)
2026-07-12 22:02:42,677 [INFO] Pass: Size - 0.06008 (ms)
2026-07-12 22:02:42,677 [INFO] Pass: FixedPoint - 0.00453 (ms)
2026-07-12 22:02:42,678 [INFO] Pass: Optimize1qGatesDecomposition - 0.78464 (ms)
2026-07-12 22:02:42,678 [INFO] Pass: Optimize1qGatesDecomposition - 0.77915 (ms)
2026-07-12 22:02:42,678 [INFO] Pass: HighLevelSynthesis - 1.47343 (ms)
2026-07-12 22:02:42,678 [INFO] Pass: InverseCancellation - 0.14663 (ms)
2026-07-12 22:02:42,678 [INFO] Pass: InverseCancellation - 0.14853 (ms)
2026-07-12 22:02:42,679 [INFO] Pass: HighLevelSynthesis - 1.49536 (ms)
2026-07-12 22:02:42,679 [INFO] Pass: ContainsInstruction - 0.00787 (ms)
2026-07-12 22:02:42,679 [INFO] Pass: GatesInBasis - 0.84662 (ms)
2026-07-12 22:02:42,679 [INFO] Pass: InverseCancellation - 0.16475 (ms)
2026-07-12 22:02:42,679 [INFO] Pass: BasisTranslator - 0.80228 (ms)
2026-07-12 22:02:42,679 [INFO] Pass: GatesInBasis - 0.84805 (ms)
2026-07-12 22:02:42,679 [INFO] Pass: UnitarySynthesis - 0.00453 (ms)
2026-07-12 22:02:42,679 [INFO] Pass: Depth - 0.16403 (ms)
2026-07-12 22:02:42,680 [INFO] Pass: FixedPoint - 0.00548 (ms)
2026-07-12 22:02:42,680 [INFO] Pass: Depth - 0.16427 (ms)
2026-07-12 22:02:42,680 [INFO] Pass: Depth - 0.17524 (ms)
2026-07-12 22:02:42,680 [INFO] Pass: Size - 0.05913 (ms)
2026-07-12 22:02:42,680 [INFO] Pass: FixedPoint - 0.00548 (ms)
2026-07-12 22:02:42,680 [INFO] Pass: FixedPoint - 0.00739 (ms)
2026-07-12 22:02:42,680 [INFO] Pass: FixedPoint - 0.00405 (ms)
2026-07-12 22:02:42,680 [INFO] Pass: BasisTranslator - 1.23286 (ms)
2026-07-12 22:02:42,680 [INFO] Pass: ContainsInstruction - 0.00525 (ms)
2026-07-12 22:02:42,680 [INFO] Pass: Size - 0.05841 (ms)
2026-07-12 22:02:42,680 [INFO] Pass: Size - 0.05937 (ms)
2026-07-12 22:02:42,680 [INFO] Pass: FixedPoint - 0.00429 (ms)
2026-07-12 22:02:42,680 [INFO] Pass: FixedPoint - 0.00429 (ms)
2026-07-12 22:02:42,680 [INFO] Pass: ContainsInstruction - 0.00477 (ms)
2026-07-12 22:02:42,680 [INFO] Pass: Depth - 0.17977 (ms)
2026-07-12 22:02:42,680 [INFO] Pass: FixedPoint - 0.00739 (ms)
2026-07-12 22:02:42,680 [INFO] Pass: Size - 0.06223 (ms)
2026-07-12 22:02:42,680 [INFO] Pass: FixedPoint - 0.00453 (ms)
2026-07-12 22:02:42,681 [INFO] Pass: Optimize1qGatesDecomposition - 0.77510 (ms)
2026-07-12 22:02:42,681 [INFO] Pass: InverseCancellation - 0.14758 (ms)
2026-07-12 22:02:42,681 [INFO] Pass: Optimize1qGatesDecomposition - 0.78154 (ms)
2026-07-12 22:02:42,681 [INFO] Pass: HighLevelSynthesis - 1.47557 (ms)
2026-07-12 22:02:42,681 [INFO] Total Transpile Time - 64.40091 (ms)
2026-07-12 22:02:42,681 [INFO] Pass: InverseCancellation - 0.15545 (ms)
2026-07-12 22:02:42,681 [INFO] Total Transpile Time - 64.35370 (ms)
2026-07-12 22:02:42,682 [INFO] Pass: GatesInBasis - 0.84782 (ms)
2026-07-12 22:02:42,682 [INFO] Pass: BasisTranslator - 0.77939 (ms)
2026-07-12 22:02:42,682 [INFO] Pass: Depth - 0.16379 (ms)
2026-07-12 22:02:42,682 [INFO] Pass: FixedPoint - 0.00548 (ms)
2026-07-12 22:02:42,682 [INFO] Pass: Depth - 0.18167 (ms)
2026-07-12 22:02:42,682 [INFO] Pass: GatesInBasis - 0.84376 (ms)
2026-07-12 22:02:42,682 [INFO] Pass: FixedPoint - 0.00691 (ms)
2026-07-12 22:02:42,682 [INFO] Pass: Size - 0.05889 (ms)
2026-07-12 22:02:42,682 [INFO] Pass: FixedPoint - 0.00429 (ms)
2026-07-12 22:02:42,682 [INFO] Pass: ContainsInstruction - 0.00501 (ms)
2026-07-12 22:02:42,682 [INFO] Pass: ContainsInstruction - 0.00787 (ms)
2026-07-12 22:02:42,682 [INFO] Pass: Size - 0.06032 (ms)
2026-07-12 22:02:42,682 [INFO] Pass: FixedPoint - 0.00453 (ms)
2026-07-12 22:02:42,682 [INFO] Pass: Depth - 0.16403 (ms)
2026-07-12 22:02:42,682 [INFO] Pass: FixedPoint - 0.00548 (ms)
2026-07-12 22:02:42,682 [INFO] Pass: Size - 0.05817 (ms)
2026-07-12 22:02:42,682 [INFO] Pass: InverseCancellation - 0.16475 (ms)
2026-07-12 22:02:42,682 [INFO] Pass: FixedPoint - 0.00405 (ms)
2026-07-12 22:02:42,682 [INFO] Pass: UnitarySynthesis - 0.00429 (ms)
2026-07-12 22:02:42,682 [INFO] Pass: ContainsInstruction - 0.00548 (ms)
2026-07-12 22:02:42,683 [INFO] Pass: Optimize1qGatesDecomposition - 0.78702 (ms)
2026-07-12 22:02:42,683 [INFO] Pass: InverseCancellation - 0.14901 (ms)
2026-07-12 22:02:42,683 [INFO] Total Transpile Time - 64.01587 (ms)
2026-07-12 22:02:42,684 [INFO] Total Transpile Time - 64.30840 (ms)
2026-07-12 22:02:42,684 [INFO] Pass: HighLevelSynthesis - 1.47796 (ms)
2026-07-12 22:02:42,684 [INFO] Pass: GatesInBasis - 0.84424 (ms)
2026-07-12 22:02:42,684 [INFO] Pass: Depth - 0.16427 (ms)
2026-07-12 22:02:42,684 [INFO] Pass: FixedPoint - 0.00548 (ms)
2026-07-12 22:02:42,684 [INFO] Pass: Size - 0.06080 (ms)
2026-07-12 22:02:42,684 [INFO] Pass: FixedPoint - 0.00429 (ms)
2026-07-12 22:02:42,684 [INFO] Pass: ContainsInstruction - 0.00525 (ms)
2026-07-12 22:02:42,685 [INFO] Pass: BasisTranslator - 1.25194 (ms)
2026-07-12 22:02:42,685 [INFO] Pass: Depth - 0.17476 (ms)
2026-07-12 22:02:42,685 [INFO] Pass: FixedPoint - 0.00691 (ms)
2026-07-12 22:02:42,686 [INFO] Pass: Size - 0.06104 (ms)
2026-07-12 22:02:42,686 [INFO] Pass: FixedPoint - 0.00477 (ms)
2026-07-12 22:02:42,686 [INFO] Total Transpile Time - 63.88712 (ms)
2026-07-12 22:02:42,686 [INFO] Pass: Optimize1qGatesDecomposition - 0.77891 (ms)
2026-07-12 22:02:42,687 [INFO] Pass: InverseCancellation - 0.14853 (ms)
2026-07-12 22:02:42,687 [INFO] Pass: ContainsInstruction - 0.00739 (ms)
2026-07-12 22:02:42,687 [INFO] Pass: InverseCancellation - 0.17095 (ms)
2026-07-12 22:02:42,687 [INFO] Pass: UnitarySynthesis - 0.00429 (ms)
2026-07-12 22:02:42,687 [INFO] Pass: GatesInBasis - 0.83423 (ms)
2026-07-12 22:02:42,688 [INFO] Pass: Depth - 0.16403 (ms)
2026-07-12 22:02:42,688 [INFO] Pass: FixedPoint - 0.00548 (ms)
2026-07-12 22:02:42,688 [INFO] Pass: Size - 0.05937 (ms)
2026-07-12 22:02:42,688 [INFO] Pass: FixedPoint - 0.00429 (ms)
2026-07-12 22:02:42,688 [INFO] Pass: ContainsInstruction - 0.00501 (ms)
2026-07-12 22:02:42,689 [INFO] Pass: HighLevelSynthesis - 1.45793 (ms)
2026-07-12 22:02:42,689 [INFO] Pass: ContainsInstruction - 0.00811 (ms)
2026-07-12 22:02:42,689 [INFO] Pass: InverseCancellation - 0.16332 (ms)
2026-07-12 22:02:42,689 [INFO] Total Transpile Time - 64.53133 (ms)
2026-07-12 22:02:42,689 [INFO] Pass: UnitarySynthesis - 0.00429 (ms)
2026-07-12 22:02:42,690 [INFO] Pass: BasisTranslator - 1.24502 (ms)
2026-07-12 22:02:42,690 [INFO] Pass: Depth - 0.18382 (ms)
2026-07-12 22:02:42,690 [INFO] Pass: FixedPoint - 0.00811 (ms)
2026-07-12 22:02:42,690 [INFO] Pass: Size - 0.06056 (ms)
2026-07-12 22:02:42,690 [INFO] Pass: FixedPoint - 0.00429 (ms)
2026-07-12 22:02:42,691 [INFO] Pass: HighLevelSynthesis - 1.44982 (ms)
2026-07-12 22:02:42,691 [INFO] Pass: Optimize1qGatesDecomposition - 0.78416 (ms)
2026-07-12 22:02:42,691 [INFO] Pass: InverseCancellation - 0.15044 (ms)
2026-07-12 22:02:42,692 [INFO] Pass: BasisTranslator - 1.23930 (ms)
2026-07-12 22:02:42,692 [INFO] Pass: GatesInBasis - 0.85878 (ms)
2026-07-12 22:02:42,692 [INFO] Pass: Depth - 0.17595 (ms)
2026-07-12 22:02:42,692 [INFO] Pass: Depth - 0.16546 (ms)
2026-07-12 22:02:42,692 [INFO] Pass: FixedPoint - 0.00763 (ms)
2026-07-12 22:02:42,692 [INFO] Pass: ContainsInstruction - 0.00787 (ms)
2026-07-12 22:02:42,692 [INFO] Pass: FixedPoint - 0.00572 (ms)
2026-07-12 22:02:42,692 [INFO] Pass: Size - 0.05960 (ms)
2026-07-12 22:02:42,693 [INFO] Pass: Size - 0.05913 (ms)
2026-07-12 22:02:42,693 [INFO] Pass: FixedPoint - 0.00429 (ms)
2026-07-12 22:02:42,693 [INFO] Pass: FixedPoint - 0.00405 (ms)
2026-07-12 22:02:42,693 [INFO] Pass: ContainsInstruction - 0.00501 (ms)
2026-07-12 22:02:42,693 [INFO] Pass: InverseCancellation - 0.16499 (ms)
2026-07-12 22:02:42,693 [INFO] Pass: UnitarySynthesis - 0.00405 (ms)
2026-07-12 22:02:42,693 [INFO] Pass: Optimize1qGatesDecomposition - 0.78201 (ms)
2026-07-12 22:02:42,694 [INFO] Pass: InverseCancellation - 0.14615 (ms)
2026-07-12 22:02:42,694 [INFO] Total Transpile Time - 64.35418 (ms)
2026-07-12 22:02:42,694 [INFO] Pass: HighLevelSynthesis - 1.45888 (ms)
2026-07-12 22:02:42,694 [INFO] Pass: GatesInBasis - 0.85020 (ms)
2026-07-12 22:02:42,695 [INFO] Pass: Depth - 0.16236 (ms)
2026-07-12 22:02:42,695 [INFO] Pass: FixedPoint - 0.00572 (ms)
2026-07-12 22:02:42,695 [INFO] Pass: Size - 0.05960 (ms)
2026-07-12 22:02:42,695 [INFO] Pass: FixedPoint - 0.00429 (ms)
2026-07-12 22:02:42,695 [INFO] Pass: ContainsInstruction - 0.00501 (ms)
2026-07-12 22:02:42,695 [INFO] Pass: BasisTranslator - 1.23215 (ms)
2026-07-12 22:02:42,696 [INFO] Pass: Depth - 0.17786 (ms)
2026-07-12 22:02:42,696 [INFO] Pass: ContainsInstruction - 0.00811 (ms)
2026-07-12 22:02:42,696 [INFO] Pass: FixedPoint - 0.00787 (ms)
2026-07-12 22:02:42,696 [INFO] Pass: Size - 0.06008 (ms)
2026-07-12 22:02:42,696 [INFO] Pass: FixedPoint - 0.00429 (ms)
2026-07-12 22:02:42,696 [INFO] Pass: InverseCancellation - 0.16975 (ms)
2026-07-12 22:02:42,696 [INFO] Pass: UnitarySynthesis - 0.00453 (ms)
2026-07-12 22:02:42,696 [INFO] Total Transpile Time - 64.48698 (ms)
2026-07-12 22:02:42,697 [INFO] Pass: Optimize1qGatesDecomposition - 0.78082 (ms)
2026-07-12 22:02:42,697 [INFO] Pass: InverseCancellation - 0.14758 (ms)
2026-07-12 22:02:42,698 [INFO] Pass: HighLevelSynthesis - 1.46389 (ms)
2026-07-12 22:02:42,698 [INFO] Pass: GatesInBasis - 0.85902 (ms)
2026-07-12 22:02:42,698 [INFO] Pass: Depth - 0.16737 (ms)
2026-07-12 22:02:42,698 [INFO] Pass: FixedPoint - 0.00548 (ms)
2026-07-12 22:02:42,698 [INFO] Pass: Size - 0.05889 (ms)
2026-07-12 22:02:42,698 [INFO] Pass: FixedPoint - 0.00453 (ms)
2026-07-12 22:02:42,698 [INFO] Pass: ContainsInstruction - 0.00501 (ms)
2026-07-12 22:02:42,698 [INFO] Pass: BasisTranslator - 0.80252 (ms)
2026-07-12 22:02:42,699 [INFO] Pass: Depth - 0.17381 (ms)
2026-07-12 22:02:42,699 [INFO] Pass: FixedPoint - 0.00715 (ms)
2026-07-12 22:02:42,699 [INFO] Pass: Size - 0.06032 (ms)
2026-07-12 22:02:42,699 [INFO] Pass: FixedPoint - 0.00501 (ms)
2026-07-12 22:02:42,699 [INFO] Pass: ContainsInstruction - 0.00978 (ms)
2026-07-12 22:02:42,699 [INFO] Pass: InverseCancellation - 0.16475 (ms)
2026-07-12 22:02:42,699 [INFO] Pass: UnitarySynthesis - 0.00429 (ms)
2026-07-12 22:02:42,700 [INFO] Pass: Optimize1qGatesDecomposition - 0.77891 (ms)
2026-07-12 22:02:42,700 [INFO] Total Transpile Time - 64.39710 (ms)
2026-07-12 22:02:42,700 [INFO] Pass: InverseCancellation - 0.14949 (ms)
2026-07-12 22:02:42,701 [INFO] Pass: GatesInBasis - 0.83804 (ms)
2026-07-12 22:02:42,701 [INFO] Pass: Depth - 0.16403 (ms)
2026-07-12 22:02:42,701 [INFO] Pass: FixedPoint - 0.01073 (ms)
2026-07-12 22:02:42,701 [INFO] Pass: HighLevelSynthesis - 1.49775 (ms)
2026-07-12 22:02:42,701 [INFO] Pass: Size - 0.05889 (ms)
2026-07-12 22:02:42,701 [INFO] Pass: FixedPoint - 0.00453 (ms)
2026-07-12 22:02:42,701 [INFO] Pass: ContainsInstruction - 0.00453 (ms)
2026-07-12 22:02:42,702 [INFO] Pass: BasisTranslator - 1.24073 (ms)
2026-07-12 22:02:42,703 [INFO] Pass: Depth - 0.17571 (ms)
2026-07-12 22:02:42,702 [INFO] Total Transpile Time - 63.94553 (ms)
2026-07-12 22:02:42,703 [INFO] Pass: FixedPoint - 0.00715 (ms)
2026-07-12 22:02:42,703 [INFO] Pass: Size - 0.06104 (ms)
2026-07-12 22:02:42,703 [INFO] Pass: FixedPoint - 0.00429 (ms)
2026-07-12 22:02:42,703 [INFO] Pass: Optimize1qGatesDecomposition - 0.77987 (ms)
2026-07-12 22:02:42,704 [INFO] Pass: InverseCancellation - 0.14853 (ms)
2026-07-12 22:02:42,705 [INFO] Pass: GatesInBasis - 0.84400 (ms)
2026-07-12 22:02:42,705 [INFO] Pass: Depth - 0.16212 (ms)
2026-07-12 22:02:42,705 [INFO] Pass: FixedPoint - 0.00525 (ms)
2026-07-12 22:02:42,705 [INFO] Pass: ContainsInstruction - 0.00715 (ms)
2026-07-12 22:02:42,705 [INFO] Pass: Size - 0.05913 (ms)
2026-07-12 22:02:42,705 [INFO] Pass: FixedPoint - 0.00429 (ms)
2026-07-12 22:02:42,705 [INFO] Pass: ContainsInstruction - 0.00501 (ms)
2026-07-12 22:02:42,705 [INFO] Pass: InverseCancellation - 0.17238 (ms)
2026-07-12 22:02:42,705 [INFO] Pass: UnitarySynthesis - 0.00477 (ms)
2026-07-12 22:02:42,706 [INFO] Total Transpile Time - 64.46147 (ms)
2026-07-12 22:02:42,707 [INFO] Pass: HighLevelSynthesis - 1.48416 (ms)
2026-07-12 22:02:42,708 [INFO] Pass: BasisTranslator - 0.78869 (ms)
2026-07-12 22:02:42,707 [INFO] Pass: ContainsInstruction - 0.00811 (ms)
2026-07-12 22:02:42,708 [INFO] Pass: Depth - 0.17452 (ms)
2026-07-12 22:02:42,708 [INFO] Pass: InverseCancellation - 0.16546 (ms)
2026-07-12 22:02:42,708 [INFO] Pass: FixedPoint - 0.00715 (ms)
2026-07-12 22:02:42,708 [INFO] Pass: UnitarySynthesis - 0.00429 (ms)
2026-07-12 22:02:42,708 [INFO] Pass: Size - 0.05984 (ms)
2026-07-12 22:02:42,708 [INFO] Pass: FixedPoint - 0.00429 (ms)
2026-07-12 22:02:42,709 [INFO] Pass: Optimize1qGatesDecomposition - 0.77844 (ms)
2026-07-12 22:02:42,709 [INFO] Pass: InverseCancellation - 0.14591 (ms)
2026-07-12 22:02:42,709 [INFO] Pass: HighLevelSynthesis - 1.48678 (ms)
2026-07-12 22:02:42,710 [INFO] Pass: GatesInBasis - 0.83947 (ms)
2026-07-12 22:02:42,710 [INFO] Pass: Depth - 0.16832 (ms)
2026-07-12 22:02:42,710 [INFO] Pass: FixedPoint - 0.00572 (ms)
2026-07-12 22:02:42,710 [INFO] Pass: Size - 0.05913 (ms)
2026-07-12 22:02:42,710 [INFO] Pass: FixedPoint - 0.00405 (ms)
2026-07-12 22:02:42,710 [INFO] Pass: ContainsInstruction - 0.00453 (ms)
2026-07-12 22:02:42,711 [INFO] Pass: BasisTranslator - 1.23715 (ms)
2026-07-12 22:02:42,711 [INFO] Pass: Depth - 0.17548 (ms)
2026-07-12 22:02:42,711 [INFO] Pass: FixedPoint - 0.00763 (ms)
2026-07-12 22:02:42,711 [INFO] Pass: Size - 0.06580 (ms)
2026-07-12 22:02:42,711 [INFO] Pass: FixedPoint - 0.00453 (ms)
2026-07-12 22:02:42,712 [INFO] Total Transpile Time - 64.30864 (ms)
2026-07-12 22:02:42,712 [INFO] Pass: Optimize1qGatesDecomposition - 0.76556 (ms)
2026-07-12 22:02:42,712 [INFO] Pass: InverseCancellation - 0.15283 (ms)
2026-07-12 22:02:42,713 [INFO] Pass: GatesInBasis - 0.82684 (ms)
2026-07-12 22:02:42,713 [INFO] Pass: Depth - 0.16260 (ms)
2026-07-12 22:02:42,713 [INFO] Pass: FixedPoint - 0.00572 (ms)
2026-07-12 22:02:42,713 [INFO] Pass: Size - 0.05937 (ms)
2026-07-12 22:02:42,713 [INFO] Pass: FixedPoint - 0.00405 (ms)
2026-07-12 22:02:42,713 [INFO] Pass: ContainsInstruction - 0.00453 (ms)
2026-07-12 22:02:42,715 [INFO] Total Transpile Time - 64.46886 (ms)
2026-07-12 22:02:42,734 [INFO] Pass: ContainsInstruction - 0.01264 (ms)
2026-07-12 22:02:42,734 [INFO] Pass: InverseCancellation - 0.16761 (ms)
2026-07-12 22:02:42,735 [INFO] Pass: UnitarySynthesis - 0.00405 (ms)
2026-07-12 22:02:42,736 [INFO] Pass: HighLevelSynthesis - 1.51348 (ms)
2026-07-12 22:02:42,737 [INFO] Pass: BasisTranslator - 0.82994 (ms)
2026-07-12 22:02:42,737 [INFO] Pass: Depth - 0.17858 (ms)
2026-07-12 22:02:42,737 [INFO] Pass: FixedPoint - 0.00668 (ms)
2026-07-12 22:02:42,737 [INFO] Pass: Size - 0.06104 (ms)
2026-07-12 22:02:42,737 [INFO] Pass: FixedPoint - 0.00453 (ms)
2026-07-12 22:02:42,738 [INFO] Pass: ContainsInstruction - 0.01049 (ms)
2026-07-12 22:02:42,738 [INFO] Pass: InverseCancellation - 0.16522 (ms)
2026-07-12 22:02:42,738 [INFO] Pass: UnitarySynthesis - 0.00405 (ms)
2026-07-12 22:02:42,738 [INFO] Pass: Optimize1qGatesDecomposition - 0.85926 (ms)
2026-07-12 22:02:42,738 [INFO] Pass: InverseCancellation - 0.00787 (ms)
2026-07-12 22:02:42,739 [INFO] Pass: ContainsInstruction - 0.00739 (ms)
2026-07-12 22:02:42,739 [INFO] Pass: InverseCancellation - 0.16522 (ms)
2026-07-12 22:02:42,739 [INFO] Pass: UnitarySynthesis - 0.00453 (ms)
2026-07-12 22:02:42,739 [INFO] Pass: GatesInBasis - 0.90957 (ms)
2026-07-12 22:02:42,740 [INFO] Pass: Depth - 0.16856 (ms)
2026-07-12 22:02:42,740 [INFO] Pass: FixedPoint - 0.00572 (ms)
2026-07-12 22:02:42,740 [INFO] Pass: Size - 0.05913 (ms)
2026-07-12 22:02:42,740 [INFO] Pass: FixedPoint - 0.00429 (ms)
2026-07-12 22:02:42,740 [INFO] Pass: HighLevelSynthesis - 1.52922 (ms)
2026-07-12 22:02:42,740 [INFO] Pass: Optimize1qGatesDecomposition - 0.70548 (ms)
2026-07-12 22:02:42,740 [INFO] Pass: InverseCancellation - 0.00715 (ms)
2026-07-12 22:02:42,741 [INFO] Pass: HighLevelSynthesis - 1.52826 (ms)
2026-07-12 22:02:42,741 [INFO] Pass: BasisTranslator - 0.79966 (ms)
2026-07-12 22:02:42,741 [INFO] Pass: ContainsInstruction - 0.00787 (ms)
2026-07-12 22:02:42,741 [INFO] Pass: Depth - 0.17762 (ms)
2026-07-12 22:02:42,741 [INFO] Pass: ContainsInstruction - 0.00811 (ms)
2026-07-12 22:02:42,741 [INFO] Pass: FixedPoint - 0.00763 (ms)
2026-07-12 22:02:42,741 [INFO] Pass: InverseCancellation - 0.16880 (ms)
2026-07-12 22:02:42,741 [INFO] Pass: UnitarySynthesis - 0.00453 (ms)
2026-07-12 22:02:42,741 [INFO] Pass: Size - 0.06247 (ms)
2026-07-12 22:02:42,741 [INFO] Pass: FixedPoint - 0.00453 (ms)
2026-07-12 22:02:42,741 [INFO] Pass: InverseCancellation - 0.16570 (ms)
2026-07-12 22:02:42,741 [INFO] Pass: UnitarySynthesis - 0.00477 (ms)
2026-07-12 22:02:42,741 [INFO] Pass: GatesInBasis - 0.82064 (ms)
2026-07-12 22:02:42,741 [INFO] Pass: BasisTranslator - 0.82898 (ms)
2026-07-12 22:02:42,742 [INFO] Pass: Depth - 0.16284 (ms)
2026-07-12 22:02:42,742 [INFO] Pass: FixedPoint - 0.00477 (ms)
2026-07-12 22:02:42,742 [INFO] Pass: Depth - 0.17858 (ms)
2026-07-12 22:02:42,742 [INFO] Pass: Size - 0.05746 (ms)
2026-07-12 22:02:42,742 [INFO] Pass: FixedPoint - 0.00668 (ms)
2026-07-12 22:02:42,742 [INFO] Pass: FixedPoint - 0.00405 (ms)
2026-07-12 22:02:42,742 [INFO] Pass: ContainsInstruction - 0.00525 (ms)
2026-07-12 22:02:42,742 [INFO] Pass: Size - 0.06151 (ms)
2026-07-12 22:02:42,742 [INFO] Pass: FixedPoint - 0.00477 (ms)
2026-07-12 22:02:42,742 [INFO] Pass: Optimize1qGatesDecomposition - 0.84615 (ms)
2026-07-12 22:02:42,742 [INFO] Pass: InverseCancellation - 0.00691 (ms)
2026-07-12 22:02:42,743 [INFO] Pass: HighLevelSynthesis - 1.52063 (ms)
2026-07-12 22:02:42,743 [INFO] Pass: Optimize1qGatesDecomposition - 0.85497 (ms)
2026-07-12 22:02:42,743 [INFO] Pass: InverseCancellation - 0.00858 (ms)
2026-07-12 22:02:42,743 [INFO] Pass: HighLevelSynthesis - 1.51300 (ms)
2026-07-12 22:02:42,743 [INFO] Pass: GatesInBasis - 0.83041 (ms)
2026-07-12 22:02:42,743 [INFO] Pass: Depth - 0.16522 (ms)
2026-07-12 22:02:42,743 [INFO] Total Transpile Time - 66.59150 (ms)
2026-07-12 22:02:42,743 [INFO] Pass: FixedPoint - 0.00548 (ms)
2026-07-12 22:02:42,743 [INFO] Pass: ContainsInstruction - 0.00763 (ms)
2026-07-12 22:02:42,743 [INFO] Pass: Size - 0.05913 (ms)
2026-07-12 22:02:42,743 [INFO] Pass: FixedPoint - 0.00405 (ms)
2026-07-12 22:02:42,743 [INFO] Pass: InverseCancellation - 0.16594 (ms)
2026-07-12 22:02:42,743 [INFO] Pass: BasisTranslator - 0.82159 (ms)
2026-07-12 22:02:42,743 [INFO] Pass: UnitarySynthesis - 0.00429 (ms)
2026-07-12 22:02:42,744 [INFO] Pass: BasisTranslator - 0.81611 (ms)
2026-07-12 22:02:42,744 [INFO] Pass: Depth - 0.18167 (ms)
2026-07-12 22:02:42,744 [INFO] Pass: FixedPoint - 0.00715 (ms)
2026-07-12 22:02:42,744 [INFO] Pass: GatesInBasis - 0.91767 (ms)
2026-07-12 22:02:42,744 [INFO] Pass: Size - 0.06151 (ms)
2026-07-12 22:02:42,744 [INFO] Pass: FixedPoint - 0.00453 (ms)
2026-07-12 22:02:42,744 [INFO] Pass: Depth - 0.17929 (ms)
2026-07-12 22:02:42,744 [INFO] Pass: FixedPoint - 0.00668 (ms)
2026-07-12 22:02:42,744 [INFO] Pass: Depth - 0.17524 (ms)
2026-07-12 22:02:42,744 [INFO] Pass: FixedPoint - 0.00596 (ms)
2026-07-12 22:02:42,744 [INFO] Pass: Size - 0.06247 (ms)
2026-07-12 22:02:42,744 [INFO] Pass: Optimize1qGatesDecomposition - 0.69404 (ms)
2026-07-12 22:02:42,744 [INFO] Pass: FixedPoint - 0.00405 (ms)
2026-07-12 22:02:42,744 [INFO] Pass: InverseCancellation - 0.00668 (ms)
2026-07-12 22:02:42,744 [INFO] Pass: Size - 0.06127 (ms)
2026-07-12 22:02:42,744 [INFO] Pass: FixedPoint - 0.00405 (ms)
2026-07-12 22:02:42,745 [INFO] Pass: Optimize1qGatesDecomposition - 0.84424 (ms)
2026-07-12 22:02:42,745 [INFO] Pass: InverseCancellation - 0.00787 (ms)
2026-07-12 22:02:42,745 [INFO] Pass: Optimize1qGatesDecomposition - 0.69571 (ms)
2026-07-12 22:02:42,745 [INFO] Pass: InverseCancellation - 0.00668 (ms)
2026-07-12 22:02:42,745 [INFO] Pass: Optimize1qGatesDecomposition - 0.84519 (ms)
2026-07-12 22:02:42,745 [INFO] Pass: GatesInBasis - 0.88668 (ms)
2026-07-12 22:02:42,745 [INFO] Pass: InverseCancellation - 0.00739 (ms)
2026-07-12 22:02:42,745 [INFO] Pass: HighLevelSynthesis - 1.50633 (ms)
2026-07-12 22:02:42,745 [INFO] Pass: Depth - 0.16475 (ms)
2026-07-12 22:02:42,745 [INFO] Pass: FixedPoint - 0.00548 (ms)
2026-07-12 22:02:42,745 [INFO] Pass: Size - 0.06032 (ms)
2026-07-12 22:02:42,745 [INFO] Pass: FixedPoint - 0.00477 (ms)
2026-07-12 22:02:42,745 [INFO] Pass: ContainsInstruction - 0.00525 (ms)
2026-07-12 22:02:42,746 [INFO] Pass: GatesInBasis - 0.89836 (ms)
2026-07-12 22:02:42,746 [INFO] Pass: GatesInBasis - 0.82302 (ms)
2026-07-12 22:02:42,746 [INFO] Pass: GatesInBasis - 0.83137 (ms)
2026-07-12 22:02:42,746 [INFO] Pass: BasisTranslator - 0.80299 (ms)
2026-07-12 22:02:42,746 [INFO] Pass: Depth - 0.17214 (ms)
2026-07-12 22:02:42,746 [INFO] Pass: Depth - 0.16713 (ms)
2026-07-12 22:02:42,746 [INFO] Pass: FixedPoint - 0.00525 (ms)
2026-07-12 22:02:42,746 [INFO] Pass: FixedPoint - 0.00525 (ms)
2026-07-12 22:02:42,746 [INFO] Pass: Depth - 0.17071 (ms)
2026-07-12 22:02:42,746 [INFO] Pass: Size - 0.06008 (ms)
2026-07-12 22:02:42,746 [INFO] Pass: Size - 0.05913 (ms)
2026-07-12 22:02:42,746 [INFO] Pass: Depth - 0.18120 (ms)
2026-07-12 22:02:42,746 [INFO] Pass: FixedPoint - 0.00525 (ms)
2026-07-12 22:02:42,746 [INFO] Pass: FixedPoint - 0.00429 (ms)
2026-07-12 22:02:42,746 [INFO] Pass: FixedPoint - 0.00429 (ms)
2026-07-12 22:02:42,746 [INFO] Pass: FixedPoint - 0.00691 (ms)
2026-07-12 22:02:42,746 [INFO] Pass: ContainsInstruction - 0.00525 (ms)
2026-07-12 22:02:42,746 [INFO] Pass: Size - 0.05889 (ms)
2026-07-12 22:02:42,746 [INFO] Pass: Size - 0.06104 (ms)
2026-07-12 22:02:42,746 [INFO] Pass: FixedPoint - 0.00405 (ms)
2026-07-12 22:02:42,746 [INFO] Pass: FixedPoint - 0.00429 (ms)
2026-07-12 22:02:42,746 [INFO] Pass: ContainsInstruction - 0.00787 (ms)
2026-07-12 22:02:42,747 [INFO] Pass: InverseCancellation - 0.16236 (ms)
2026-07-12 22:02:42,747 [INFO] Pass: UnitarySynthesis - 0.00429 (ms)
2026-07-12 22:02:42,747 [INFO] Total Transpile Time - 65.69552 (ms)
2026-07-12 22:02:42,747 [INFO] Pass: Optimize1qGatesDecomposition - 0.69427 (ms)
2026-07-12 22:02:42,747 [INFO] Pass: InverseCancellation - 0.00739 (ms)
2026-07-12 22:02:42,747 [INFO] Pass: Optimize1qGatesDecomposition - 0.69880 (ms)
2026-07-12 22:02:42,747 [INFO] Pass: InverseCancellation - 0.00668 (ms)
2026-07-12 22:02:42,747 [INFO] Pass: Optimize1qGatesDecomposition - 0.84972 (ms)
2026-07-12 22:02:42,747 [INFO] Pass: InverseCancellation - 0.00763 (ms)
2026-07-12 22:02:42,748 [INFO] Total Transpile Time - 66.31231 (ms)
2026-07-12 22:02:42,748 [INFO] Pass: GatesInBasis - 0.82302 (ms)
2026-07-12 22:02:42,748 [INFO] Pass: GatesInBasis - 0.89002 (ms)
2026-07-12 22:02:42,748 [INFO] Pass: Depth - 0.16642 (ms)
2026-07-12 22:02:42,748 [INFO] Pass: FixedPoint - 0.00477 (ms)
2026-07-12 22:02:42,748 [INFO] Pass: Size - 0.05817 (ms)
2026-07-12 22:02:42,748 [INFO] Pass: FixedPoint - 0.00405 (ms)
2026-07-12 22:02:42,748 [INFO] Pass: Depth - 0.16546 (ms)
2026-07-12 22:02:42,748 [INFO] Pass: ContainsInstruction - 0.00477 (ms)
2026-07-12 22:02:42,748 [INFO] Pass: GatesInBasis - 0.91314 (ms)
2026-07-12 22:02:42,748 [INFO] Pass: HighLevelSynthesis - 1.54018 (ms)
2026-07-12 22:02:42,748 [INFO] Pass: FixedPoint - 0.00572 (ms)
2026-07-12 22:02:42,748 [INFO] Pass: Size - 0.05889 (ms)
2026-07-12 22:02:42,748 [INFO] Pass: FixedPoint - 0.00405 (ms)
2026-07-12 22:02:42,748 [INFO] Pass: ContainsInstruction - 0.00596 (ms)
2026-07-12 22:02:42,748 [INFO] Pass: Depth - 0.16737 (ms)
2026-07-12 22:02:42,748 [INFO] Pass: FixedPoint - 0.00548 (ms)
2026-07-12 22:02:42,749 [INFO] Pass: Size - 0.05960 (ms)
2026-07-12 22:02:42,749 [INFO] Pass: FixedPoint - 0.00453 (ms)
2026-07-12 22:02:42,749 [INFO] Pass: BasisTranslator - 0.81730 (ms)
2026-07-12 22:02:42,749 [INFO] Pass: Depth - 0.17929 (ms)
2026-07-12 22:02:42,749 [INFO] Pass: Optimize1qGatesDecomposition - 0.70143 (ms)
2026-07-12 22:02:42,749 [INFO] Pass: FixedPoint - 0.00811 (ms)
2026-07-12 22:02:42,749 [INFO] Pass: InverseCancellation - 0.00691 (ms)
2026-07-12 22:02:42,749 [INFO] Pass: Size - 0.06223 (ms)
2026-07-12 22:02:42,749 [INFO] Pass: FixedPoint - 0.00429 (ms)
2026-07-12 22:02:42,750 [INFO] Total Transpile Time - 66.01024 (ms)
2026-07-12 22:02:42,750 [INFO] Total Transpile Time - 65.93299 (ms)
2026-07-12 22:02:42,750 [INFO] Pass: GatesInBasis - 0.82231 (ms)
2026-07-12 22:02:42,750 [INFO] Pass: Optimize1qGatesDecomposition - 0.85378 (ms)
2026-07-12 22:02:42,750 [INFO] Pass: InverseCancellation - 0.00787 (ms)
2026-07-12 22:02:42,750 [INFO] Pass: Depth - 0.16141 (ms)
2026-07-12 22:02:42,750 [INFO] Pass: FixedPoint - 0.00501 (ms)
2026-07-12 22:02:42,751 [INFO] Pass: Size - 0.05913 (ms)
2026-07-12 22:02:42,751 [INFO] Pass: FixedPoint - 0.00429 (ms)
2026-07-12 22:02:42,751 [INFO] Pass: ContainsInstruction - 0.00525 (ms)
2026-07-12 22:02:42,751 [INFO] Pass: ContainsInstruction - 0.00811 (ms)
2026-07-12 22:02:42,751 [INFO] Pass: InverseCancellation - 0.17071 (ms)
2026-07-12 22:02:42,751 [INFO] Pass: UnitarySynthesis - 0.00453 (ms)
2026-07-12 22:02:42,751 [INFO] Pass: GatesInBasis - 0.83899 (ms)
2026-07-12 22:02:42,752 [INFO] Pass: Depth - 0.16618 (ms)
2026-07-12 22:02:42,752 [INFO] Pass: FixedPoint - 0.00548 (ms)
2026-07-12 22:02:42,752 [INFO] Pass: Size - 0.05865 (ms)
2026-07-12 22:02:42,752 [INFO] Pass: FixedPoint - 0.00429 (ms)
2026-07-12 22:02:42,752 [INFO] Total Transpile Time - 66.13541 (ms)
2026-07-12 22:02:42,752 [INFO] Pass: Optimize1qGatesDecomposition - 0.69427 (ms)
2026-07-12 22:02:42,752 [INFO] Pass: InverseCancellation - 0.00691 (ms)
2026-07-12 22:02:42,753 [INFO] Pass: HighLevelSynthesis - 1.52612 (ms)
2026-07-12 22:02:42,753 [INFO] Pass: ContainsInstruction - 0.00858 (ms)
2026-07-12 22:02:42,753 [INFO] Pass: GatesInBasis - 0.88787 (ms)
2026-07-12 22:02:42,753 [INFO] Pass: InverseCancellation - 0.16761 (ms)
2026-07-12 22:02:42,754 [INFO] Pass: UnitarySynthesis - 0.00429 (ms)
2026-07-12 22:02:42,754 [INFO] Pass: Depth - 0.16236 (ms)
2026-07-12 22:02:42,754 [INFO] Pass: FixedPoint - 0.00477 (ms)
2026-07-12 22:02:42,754 [INFO] Pass: BasisTranslator - 0.80037 (ms)
2026-07-12 22:02:42,754 [INFO] Pass: Size - 0.05913 (ms)
2026-07-12 22:02:42,754 [INFO] Pass: FixedPoint - 0.00429 (ms)
2026-07-12 22:02:42,754 [INFO] Pass: ContainsInstruction - 0.00501 (ms)
2026-07-12 22:02:42,754 [INFO] Pass: Depth - 0.17667 (ms)
2026-07-12 22:02:42,754 [INFO] Pass: FixedPoint - 0.00787 (ms)
2026-07-12 22:02:42,754 [INFO] Pass: Size - 0.06175 (ms)
2026-07-12 22:02:42,754 [INFO] Pass: FixedPoint - 0.00453 (ms)
2026-07-12 22:02:42,755 [INFO] Pass: Optimize1qGatesDecomposition - 0.85783 (ms)
2026-07-12 22:02:42,755 [INFO] Pass: InverseCancellation - 0.00834 (ms)
2026-07-12 22:02:42,755 [INFO] Pass: HighLevelSynthesis - 1.52016 (ms)
2026-07-12 22:02:42,755 [INFO] Total Transpile Time - 65.83428 (ms)
2026-07-12 22:02:42,756 [INFO] Pass: GatesInBasis - 0.83470 (ms)
2026-07-12 22:02:42,756 [INFO] Pass: BasisTranslator - 0.80299 (ms)
2026-07-12 22:02:42,756 [INFO] Pass: Depth - 0.16832 (ms)
2026-07-12 22:02:42,756 [INFO] Pass: FixedPoint - 0.00572 (ms)
2026-07-12 22:02:42,756 [INFO] Pass: Depth - 0.17834 (ms)
2026-07-12 22:02:42,756 [INFO] Pass: FixedPoint - 0.00739 (ms)
2026-07-12 22:02:42,756 [INFO] Pass: Size - 0.05913 (ms)
2026-07-12 22:02:42,756 [INFO] Pass: FixedPoint - 0.00405 (ms)
2026-07-12 22:02:42,756 [INFO] Pass: Size - 0.06151 (ms)
2026-07-12 22:02:42,756 [INFO] Pass: FixedPoint - 0.00477 (ms)
2026-07-12 22:02:42,757 [INFO] Pass: ContainsInstruction - 0.00811 (ms)
2026-07-12 22:02:42,757 [INFO] Pass: Optimize1qGatesDecomposition - 0.69666 (ms)
2026-07-12 22:02:42,757 [INFO] Pass: InverseCancellation - 0.17524 (ms)
2026-07-12 22:02:42,757 [INFO] Pass: InverseCancellation - 0.00668 (ms)
2026-07-12 22:02:42,757 [INFO] Pass: UnitarySynthesis - 0.00405 (ms)
2026-07-12 22:02:42,757 [INFO] Pass: Optimize1qGatesDecomposition - 0.86045 (ms)
2026-07-12 22:02:42,757 [INFO] Pass: InverseCancellation - 0.00811 (ms)
2026-07-12 22:02:42,758 [INFO] Pass: GatesInBasis - 0.88263 (ms)
2026-07-12 22:02:42,758 [INFO] Pass: GatesInBasis - 0.83780 (ms)
2026-07-12 22:02:42,758 [INFO] Pass: Depth - 0.16451 (ms)
2026-07-12 22:02:42,758 [INFO] Pass: FixedPoint - 0.00572 (ms)
2026-07-12 22:02:42,758 [INFO] Pass: Size - 0.05841 (ms)
2026-07-12 22:02:42,758 [INFO] Pass: FixedPoint - 0.00429 (ms)
2026-07-12 22:02:42,758 [INFO] Pass: ContainsInstruction - 0.00620 (ms)
2026-07-12 22:02:42,758 [INFO] Pass: Depth - 0.16665 (ms)
2026-07-12 22:02:42,758 [INFO] Pass: FixedPoint - 0.00548 (ms)
2026-07-12 22:02:42,759 [INFO] Pass: Size - 0.05913 (ms)
2026-07-12 22:02:42,759 [INFO] Pass: FixedPoint - 0.00453 (ms)
2026-07-12 22:02:42,759 [INFO] Pass: HighLevelSynthesis - 1.54591 (ms)
2026-07-12 22:02:42,759 [INFO] Pass: Optimize1qGatesDecomposition - 0.69785 (ms)
2026-07-12 22:02:42,759 [INFO] Pass: InverseCancellation - 0.00668 (ms)
2026-07-12 22:02:42,760 [INFO] Pass: BasisTranslator - 0.82254 (ms)
2026-07-12 22:02:42,760 [INFO] Pass: Depth - 0.18144 (ms)
2026-07-12 22:02:42,760 [INFO] Pass: ContainsInstruction - 0.00763 (ms)
2026-07-12 22:02:42,760 [INFO] Pass: FixedPoint - 0.00763 (ms)
2026-07-12 22:02:42,760 [INFO] Total Transpile Time - 65.75966 (ms)
2026-07-12 22:02:42,760 [INFO] Pass: Size - 0.06199 (ms)
2026-07-12 22:02:42,760 [INFO] Pass: FixedPoint - 0.00477 (ms)
2026-07-12 22:02:42,760 [INFO] Pass: InverseCancellation - 0.17285 (ms)
2026-07-12 22:02:42,760 [INFO] Pass: UnitarySynthesis - 0.00525 (ms)
2026-07-12 22:02:42,760 [INFO] Pass: GatesInBasis - 0.88310 (ms)
2026-07-12 22:02:42,761 [INFO] Pass: Depth - 0.16451 (ms)
2026-07-12 22:02:42,761 [INFO] Pass: FixedPoint - 0.00548 (ms)
2026-07-12 22:02:42,761 [INFO] Pass: Size - 0.05960 (ms)
2026-07-12 22:02:42,761 [INFO] Pass: FixedPoint - 0.00429 (ms)
2026-07-12 22:02:42,761 [INFO] Pass: ContainsInstruction - 0.00596 (ms)
2026-07-12 22:02:42,761 [INFO] Pass: Optimize1qGatesDecomposition - 0.84972 (ms)
2026-07-12 22:02:42,761 [INFO] Pass: InverseCancellation - 0.00834 (ms)
2026-07-12 22:02:42,762 [INFO] Pass: HighLevelSynthesis - 1.52755 (ms)
2026-07-12 22:02:42,762 [INFO] Pass: GatesInBasis - 0.81944 (ms)
2026-07-12 22:02:42,762 [INFO] Pass: Depth - 0.17142 (ms)
2026-07-12 22:02:42,762 [INFO] Pass: FixedPoint - 0.00572 (ms)
2026-07-12 22:02:42,762 [INFO] Pass: Size - 0.06032 (ms)
2026-07-12 22:02:42,762 [INFO] Total Transpile Time - 65.80591 (ms)
2026-07-12 22:02:42,762 [INFO] Pass: FixedPoint - 0.00453 (ms)
2026-07-12 22:02:42,763 [INFO] Pass: BasisTranslator - 0.83804 (ms)
2026-07-12 22:02:42,763 [INFO] Pass: Depth - 0.17858 (ms)
2026-07-12 22:02:42,763 [INFO] Pass: FixedPoint - 0.00739 (ms)
2026-07-12 22:02:42,763 [INFO] Pass: Optimize1qGatesDecomposition - 0.69261 (ms)
2026-07-12 22:02:42,763 [INFO] Pass: Size - 0.06223 (ms)
2026-07-12 22:02:42,763 [INFO] Pass: FixedPoint - 0.00453 (ms)
2026-07-12 22:02:42,763 [INFO] Pass: InverseCancellation - 0.00668 (ms)
2026-07-12 22:02:42,763 [INFO] Pass: ContainsInstruction - 0.00858 (ms)
2026-07-12 22:02:42,764 [INFO] Pass: InverseCancellation - 0.16713 (ms)
2026-07-12 22:02:42,764 [INFO] Pass: UnitarySynthesis - 0.00525 (ms)
2026-07-12 22:02:42,764 [INFO] Pass: Optimize1qGatesDecomposition - 0.85425 (ms)
2026-07-12 22:02:42,764 [INFO] Pass: GatesInBasis - 0.87214 (ms)
2026-07-12 22:02:42,764 [INFO] Pass: InverseCancellation - 0.00882 (ms)
2026-07-12 22:02:42,764 [INFO] Pass: Depth - 0.17071 (ms)
2026-07-12 22:02:42,764 [INFO] Pass: FixedPoint - 0.00596 (ms)
2026-07-12 22:02:42,764 [INFO] Pass: Size - 0.05889 (ms)
2026-07-12 22:02:42,764 [INFO] Pass: FixedPoint - 0.00453 (ms)
2026-07-12 22:02:42,764 [INFO] Pass: ContainsInstruction - 0.00548 (ms)
2026-07-12 22:02:42,765 [INFO] Pass: GatesInBasis - 0.91529 (ms)
2026-07-12 22:02:42,765 [INFO] Pass: Depth - 0.17619 (ms)
2026-07-12 22:02:42,765 [INFO] Pass: FixedPoint - 0.00596 (ms)
2026-07-12 22:02:42,765 [INFO] Pass: Size - 0.06032 (ms)
2026-07-12 22:02:42,765 [INFO] Pass: FixedPoint - 0.00429 (ms)
2026-07-12 22:02:42,765 [INFO] Pass: HighLevelSynthesis - 1.52373 (ms)
2026-07-12 22:02:42,766 [INFO] Total Transpile Time - 65.98067 (ms)
2026-07-12 22:02:42,766 [INFO] Pass: Optimize1qGatesDecomposition - 0.71144 (ms)
2026-07-12 22:02:42,766 [INFO] Pass: InverseCancellation - 0.00739 (ms)
2026-07-12 22:02:42,766 [INFO] Pass: BasisTranslator - 0.80776 (ms)
2026-07-12 22:02:42,766 [INFO] Pass: Depth - 0.18120 (ms)
2026-07-12 22:02:42,766 [INFO] Pass: FixedPoint - 0.00763 (ms)
2026-07-12 22:02:42,767 [INFO] Pass: Size - 0.06151 (ms)
2026-07-12 22:02:42,767 [INFO] Pass: FixedPoint - 0.00477 (ms)
2026-07-12 22:02:42,767 [INFO] Pass: GatesInBasis - 0.82350 (ms)
2026-07-12 22:02:42,767 [INFO] Pass: Depth - 0.16212 (ms)
2026-07-12 22:02:42,767 [INFO] Pass: FixedPoint - 0.00477 (ms)
2026-07-12 22:02:42,767 [INFO] Pass: Size - 0.06032 (ms)
2026-07-12 22:02:42,767 [INFO] Pass: FixedPoint - 0.00429 (ms)
2026-07-12 22:02:42,767 [INFO] Pass: ContainsInstruction - 0.00548 (ms)
2026-07-12 22:02:42,767 [INFO] Pass: Optimize1qGatesDecomposition - 0.86117 (ms)
2026-07-12 22:02:42,768 [INFO] Pass: InverseCancellation - 0.00858 (ms)
2026-07-12 22:02:42,768 [INFO] Pass: GatesInBasis - 0.82445 (ms)
2026-07-12 22:02:42,769 [INFO] Pass: Depth - 0.16856 (ms)
2026-07-12 22:02:42,769 [INFO] Pass: FixedPoint - 0.00548 (ms)
2026-07-12 22:02:42,769 [INFO] Pass: Size - 0.06008 (ms)
2026-07-12 22:02:42,769 [INFO] Pass: ContainsInstruction - 0.01168 (ms)
2026-07-12 22:02:42,769 [INFO] Pass: FixedPoint - 0.00405 (ms)
2026-07-12 22:02:42,769 [INFO] Total Transpile Time - 66.18762 (ms)
2026-07-12 22:02:42,769 [INFO] Pass: InverseCancellation - 0.17381 (ms)
2026-07-12 22:02:42,769 [INFO] Pass: UnitarySynthesis - 0.00501 (ms)
2026-07-12 22:02:42,770 [INFO] Pass: Optimize1qGatesDecomposition - 0.69380 (ms)
2026-07-12 22:02:42,770 [INFO] Pass: InverseCancellation - 0.00668 (ms)
2026-07-12 22:02:42,771 [INFO] Pass: GatesInBasis - 0.89216 (ms)
2026-07-12 22:02:42,771 [INFO] Pass: HighLevelSynthesis - 1.53518 (ms)
2026-07-12 22:02:42,771 [INFO] Pass: Depth - 0.16356 (ms)
2026-07-12 22:02:42,771 [INFO] Pass: FixedPoint - 0.00525 (ms)
2026-07-12 22:02:42,771 [INFO] Pass: Size - 0.05865 (ms)
2026-07-12 22:02:42,771 [INFO] Pass: FixedPoint - 0.00381 (ms)
2026-07-12 22:02:42,771 [INFO] Pass: ContainsInstruction - 0.00525 (ms)
2026-07-12 22:02:42,771 [INFO] Pass: BasisTranslator - 0.82135 (ms)
2026-07-12 22:02:42,772 [INFO] Pass: Depth - 0.17786 (ms)
2026-07-12 22:02:42,772 [INFO] Pass: FixedPoint - 0.00811 (ms)
2026-07-12 22:02:42,772 [INFO] Pass: Size - 0.06104 (ms)
2026-07-12 22:02:42,772 [INFO] Pass: FixedPoint - 0.00453 (ms)
2026-07-12 22:02:42,772 [INFO] Pass: ContainsInstruction - 0.00834 (ms)
2026-07-12 22:02:42,772 [INFO] Pass: InverseCancellation - 0.16856 (ms)
2026-07-12 22:02:42,772 [INFO] Pass: UnitarySynthesis - 0.00429 (ms)
2026-07-12 22:02:42,772 [INFO] Total Transpile Time - 65.86432 (ms)
2026-07-12 22:02:42,773 [INFO] Pass: Optimize1qGatesDecomposition - 0.86236 (ms)
2026-07-12 22:02:42,773 [INFO] Pass: InverseCancellation - 0.00811 (ms)
2026-07-12 22:02:42,774 [INFO] Pass: GatesInBasis - 0.91720 (ms)
2026-07-12 22:02:42,774 [INFO] Pass: HighLevelSynthesis - 1.54424 (ms)
2026-07-12 22:02:42,774 [INFO] Pass: Depth - 0.17428 (ms)
2026-07-12 22:02:42,774 [INFO] Pass: FixedPoint - 0.00596 (ms)
2026-07-12 22:02:42,774 [INFO] Pass: Size - 0.06032 (ms)
2026-07-12 22:02:42,774 [INFO] Pass: FixedPoint - 0.00429 (ms)
2026-07-12 22:02:42,775 [INFO] Pass: BasisTranslator - 0.81849 (ms)
2026-07-12 22:02:42,775 [INFO] Pass: Optimize1qGatesDecomposition - 0.69761 (ms)
2026-07-12 22:02:42,775 [INFO] Pass: Depth - 0.18716 (ms)
2026-07-12 22:02:42,775 [INFO] Pass: FixedPoint - 0.00811 (ms)
2026-07-12 22:02:42,775 [INFO] Pass: InverseCancellation - 0.00715 (ms)
2026-07-12 22:02:42,775 [INFO] Pass: Size - 0.06175 (ms)
2026-07-12 22:02:42,775 [INFO] Pass: FixedPoint - 0.00429 (ms)
2026-07-12 22:02:42,776 [INFO] Pass: GatesInBasis - 0.81301 (ms)
2026-07-12 22:02:42,776 [INFO] Pass: Optimize1qGatesDecomposition - 0.86188 (ms)
2026-07-12 22:02:42,776 [INFO] Pass: Depth - 0.16832 (ms)
2026-07-12 22:02:42,776 [INFO] Pass: InverseCancellation - 0.00811 (ms)
2026-07-12 22:02:42,776 [INFO] Pass: FixedPoint - 0.00525 (ms)
2026-07-12 22:02:42,776 [INFO] Pass: Size - 0.05889 (ms)
2026-07-12 22:02:42,776 [INFO] Pass: FixedPoint - 0.00381 (ms)
2026-07-12 22:02:42,776 [INFO] Pass: ContainsInstruction - 0.00548 (ms)
2026-07-12 22:02:42,777 [INFO] Pass: GatesInBasis - 0.82421 (ms)
2026-07-12 22:02:42,777 [INFO] Pass: Depth - 0.16761 (ms)
2026-07-12 22:02:42,777 [INFO] Pass: FixedPoint - 0.00525 (ms)
2026-07-12 22:02:42,777 [INFO] Pass: Size - 0.05937 (ms)
2026-07-12 22:02:42,777 [INFO] Pass: FixedPoint - 0.00405 (ms)
2026-07-12 22:02:42,778 [INFO] Total Transpile Time - 65.99903 (ms)
2026-07-12 22:02:42,778 [INFO] Pass: Optimize1qGatesDecomposition - 0.69356 (ms)
2026-07-12 22:02:42,778 [INFO] Pass: InverseCancellation - 0.00691 (ms)
2026-07-12 22:02:42,779 [INFO] Pass: GatesInBasis - 0.89622 (ms)
2026-07-12 22:02:42,779 [INFO] Pass: Depth - 0.16212 (ms)
2026-07-12 22:02:42,779 [INFO] Pass: FixedPoint - 0.00525 (ms)
2026-07-12 22:02:42,779 [INFO] Pass: Size - 0.05937 (ms)
2026-07-12 22:02:42,779 [INFO] Pass: FixedPoint - 0.00405 (ms)
2026-07-12 22:02:42,779 [INFO] Pass: ContainsInstruction - 0.00572 (ms)
2026-07-12 22:02:42,781 [INFO] Total Transpile Time - 66.08438 (ms)
2026-07-12 22:02:43,355 [INFO] [PCE] Aer metadata (1a ejecucion de este proceso): device=CPU method=statevector shots=8192 fusion_enabled=True
2026-07-12 22:02:43,358 [INFO] [PCE] Aer metadata (1a ejecucion de este proceso): device=CPU method=statevector shots=8192 fusion_enabled=True
2026-07-12 22:02:43,361 [INFO] [PCE] Aer metadata (1a ejecucion de este proceso): device=CPU method=statevector shots=8192 fusion_enabled=True
2026-07-12 22:02:43,364 [INFO] [PCE] Aer metadata (1a ejecucion de este proceso): device=CPU method=statevector shots=8192 fusion_enabled=True
2026-07-12 22:02:43,370 [INFO] [PCE] Aer metadata (1a ejecucion de este proceso): device=CPU method=statevector shots=8192 fusion_enabled=True
2026-07-12 22:02:43,373 [INFO] [PCE] Aer metadata (1a ejecucion de este proceso): device=CPU method=statevector shots=8192 fusion_enabled=True
2026-07-12 22:02:43,376 [INFO] [PCE] Aer metadata (1a ejecucion de este proceso): device=CPU method=statevector shots=8192 fusion_enabled=True
2026-07-12 22:02:43,379 [INFO] [PCE] Aer metadata (1a ejecucion de este proceso): device=CPU method=statevector shots=8192 fusion_enabled=True
2026-07-12 22:02:43,382 [INFO] [PCE] Aer metadata (1a ejecucion de este proceso): device=CPU method=statevector shots=8192 fusion_enabled=True
2026-07-12 22:02:43,385 [INFO] [PCE] Aer metadata (1a ejecucion de este proceso): device=CPU method=statevector shots=8192 fusion_enabled=True
2026-07-12 22:02:43,388 [INFO] [PCE] Aer metadata (1a ejecucion de este proceso): device=CPU method=statevector shots=8192 fusion_enabled=True
2026-07-12 22:02:43,391 [INFO] [PCE] Aer metadata (1a ejecucion de este proceso): device=CPU method=statevector shots=8192 fusion_enabled=True
2026-07-12 22:02:43,394 [INFO] [PCE] Aer metadata (1a ejecucion de este proceso): device=CPU method=statevector shots=8192 fusion_enabled=True
2026-07-12 22:02:43,395 [INFO] [PCE] Aer metadata (1a ejecucion de este proceso): device=CPU method=statevector shots=8192 fusion_enabled=True
2026-07-13 06:04:15,754 [INFO] [PCE] n=225 instancia (idx=86) 1/14 completada (paralelo) - transcurrido=0:08:01:33
2026-07-13 06:05:02,132 [INFO] [PCE] n=225 instancia (idx=2) 2/14 completada (paralelo) - transcurrido=0:08:02:20
2026-07-13 06:05:53,981 [INFO] [PCE] n=225 instancia (idx=16) 3/14 completada (paralelo) - transcurrido=0:08:03:12
2026-07-13 06:06:01,208 [INFO] [PCE] n=225 instancia (idx=58) 4/14 completada (paralelo) - transcurrido=0:08:03:19
2026-07-13 06:23:14,934 [INFO] [PCE] n=225 instancia (idx=72) 5/14 completada (paralelo) - transcurrido=0:08:20:32
2026-07-13 06:30:35,868 [INFO] [PCE] n=225 instancia (idx=65) 6/14 completada (paralelo) - transcurrido=0:08:27:53
2026-07-13 06:30:36,861 [INFO] [PCE] n=225 instancia (idx=79) 7/14 completada (paralelo) - transcurrido=0:08:27:54
2026-07-13 06:31:53,019 [INFO] [PCE] n=225 instancia (idx=93) 8/14 completada (paralelo) - transcurrido=0:08:29:11
2026-07-13 06:33:56,139 [INFO] [PCE] n=225 instancia (idx=44) 9/14 completada (paralelo) - transcurrido=0:08:31:14
2026-07-13 06:34:03,172 [INFO] [PCE] n=225 instancia (idx=37) 10/14 completada (paralelo) - transcurrido=0:08:31:21
2026-07-13 06:35:11,518 [INFO] [PCE] n=225 instancia (idx=9) 11/14 completada (paralelo) - transcurrido=0:08:32:29
2026-07-13 06:35:29,836 [INFO] [PCE] n=225 instancia (idx=51) 12/14 completada (paralelo) - transcurrido=0:08:32:47
2026-07-13 06:36:34,292 [INFO] [PCE] n=225 instancia (idx=30) 13/14 completada (paralelo) - transcurrido=0:08:33:52
2026-07-13 06:40:17,493 [INFO] [PCE] n=225 instancia (idx=23) 14/14 completada (paralelo) - transcurrido=0:08:37:35
2026-07-13 06:40:17,658 [INFO] [PCE] n=225 chunk 3/7 completado - beta_parcial=0.2585 duration=0:08:37:35 shots=8192 backend=AER
