gcc/system unloaded
gcccore/system unloaded
cesga/2022 unloaded
rust/1.75.0 unloaded
imkl/2022.0.1 unloaded
numpy/1.26.4 unloaded
scipy/1.13.1 unloaded
flint/2.8.4 unloaded
symengine/0.11.1 unloaded
symengine-python/0.11.0 unloaded
spdlog/1.9.2 unloaded
pylatexenc/2.10 unloaded
qiskit/1.2.4-aer-gpu-cu11 unloaded
        Preparing the environment for use of the CESGA 2022 software stack.
        Please rebuild modules cache: module --ignore-cache avail
     
cesga/2022 loaded
rust/1.75.0 loaded

imkl/2023.2.0 loaded
numpy/1.26.4 loaded
scipy/1.13.1 loaded
imkl/2023.2.0 unloaded

imkl/2022.0.1 loaded
flint/2.8.4 loaded
symengine/0.11.1 loaded
symengine-python/0.11.0 loaded
spdlog/1.9.2 loaded
pylatexenc/2.10 loaded
gcccore/system loaded
gcc/system loaded
qiskit/1.2.4-aer-gpu-cu11 loaded
2026-07-12 22:02:41,423 [INFO] [PCE] n=200 chunk 1/7: 15 instancias [0, 7, 14, 21, 28, 35, 42, 49, 56, 63, 70, 77, 84, 91, 98], num_workers=15, qubits=9
2026-07-12 22:02:41,423 [INFO] [PCE] n=200 paralelizando 15 instancias entre 15 workers (max_parallel_threads=1 fijo, independiente de num_workers)
2026-07-12 22:02:41,553 [INFO] Pass: ContainsInstruction - 0.01764 (ms)
2026-07-12 22:02:41,553 [INFO] Pass: InverseCancellation - 0.01740 (ms)
2026-07-12 22:02:41,553 [INFO] Pass: UnitarySynthesis - 0.00501 (ms)
2026-07-12 22:02:41,555 [INFO] Pass: HighLevelSynthesis - 1.53565 (ms)
2026-07-12 22:02:41,555 [INFO] Pass: BasisTranslator - 0.77868 (ms)
2026-07-12 22:02:41,556 [INFO] Pass: Depth - 0.19336 (ms)
2026-07-12 22:02:41,556 [INFO] Pass: FixedPoint - 0.01264 (ms)
2026-07-12 22:02:41,556 [INFO] Pass: Size - 0.05674 (ms)
2026-07-12 22:02:41,556 [INFO] Pass: FixedPoint - 0.00453 (ms)
2026-07-12 22:02:41,556 [INFO] Pass: Optimize1qGatesDecomposition - 0.14091 (ms)
2026-07-12 22:02:41,556 [INFO] Pass: InverseCancellation - 0.00834 (ms)
2026-07-12 22:02:41,557 [INFO] Pass: ContainsInstruction - 0.01836 (ms)
2026-07-12 22:02:41,557 [INFO] Pass: InverseCancellation - 0.01740 (ms)
2026-07-12 22:02:41,557 [INFO] Pass: UnitarySynthesis - 0.00548 (ms)
2026-07-12 22:02:41,557 [INFO] Pass: GatesInBasis - 0.80776 (ms)
2026-07-12 22:02:41,557 [INFO] Pass: Depth - 0.15354 (ms)
2026-07-12 22:02:41,557 [INFO] Pass: FixedPoint - 0.00525 (ms)
2026-07-12 22:02:41,557 [INFO] Pass: Size - 0.05412 (ms)
2026-07-12 22:02:41,557 [INFO] Pass: FixedPoint - 0.00405 (ms)
2026-07-12 22:02:41,557 [INFO] Pass: ContainsInstruction - 0.00572 (ms)
2026-07-12 22:02:41,558 [INFO] Pass: HighLevelSynthesis - 1.52588 (ms)
2026-07-12 22:02:41,559 [INFO] Total Transpile Time - 81.47740 (ms)
2026-07-12 22:02:41,559 [INFO] Pass: BasisTranslator - 0.77724 (ms)
2026-07-12 22:02:41,559 [INFO] Pass: Depth - 0.19169 (ms)
2026-07-12 22:02:41,559 [INFO] Pass: FixedPoint - 0.01407 (ms)
2026-07-12 22:02:41,560 [INFO] Pass: Size - 0.05937 (ms)
2026-07-12 22:02:41,560 [INFO] Pass: FixedPoint - 0.00477 (ms)
2026-07-12 22:02:41,560 [INFO] Pass: Optimize1qGatesDecomposition - 0.13781 (ms)
2026-07-12 22:02:41,560 [INFO] Pass: InverseCancellation - 0.00834 (ms)
2026-07-12 22:02:41,560 [INFO] Pass: ContainsInstruction - 0.01764 (ms)
2026-07-12 22:02:41,561 [INFO] Pass: InverseCancellation - 0.01574 (ms)
2026-07-12 22:02:41,560 [INFO] Pass: ContainsInstruction - 0.01597 (ms)
2026-07-12 22:02:41,561 [INFO] Pass: UnitarySynthesis - 0.00644 (ms)
2026-07-12 22:02:41,561 [INFO] Pass: InverseCancellation - 0.01669 (ms)
2026-07-12 22:02:41,561 [INFO] Pass: GatesInBasis - 0.80252 (ms)
2026-07-12 22:02:41,561 [INFO] Pass: UnitarySynthesis - 0.00620 (ms)
2026-07-12 22:02:41,561 [INFO] Pass: Depth - 0.15092 (ms)
2026-07-12 22:02:41,561 [INFO] Pass: FixedPoint - 0.00548 (ms)
2026-07-12 22:02:41,561 [INFO] Pass: Size - 0.05531 (ms)
2026-07-12 22:02:41,561 [INFO] Pass: FixedPoint - 0.00405 (ms)
2026-07-12 22:02:41,561 [INFO] Pass: ContainsInstruction - 0.00525 (ms)
2026-07-12 22:02:41,562 [INFO] Pass: HighLevelSynthesis - 1.48988 (ms)
2026-07-12 22:02:41,562 [INFO] Pass: HighLevelSynthesis - 1.50394 (ms)
2026-07-12 22:02:41,562 [INFO] Total Transpile Time - 80.78408 (ms)
2026-07-12 22:02:41,563 [INFO] Pass: ContainsInstruction - 0.01526 (ms)
2026-07-12 22:02:41,563 [INFO] Pass: BasisTranslator - 0.81587 (ms)
2026-07-12 22:02:41,563 [INFO] Pass: InverseCancellation - 0.01717 (ms)
2026-07-12 22:02:41,563 [INFO] Pass: UnitarySynthesis - 0.01335 (ms)
2026-07-12 22:02:41,563 [INFO] Pass: BasisTranslator - 0.82159 (ms)
2026-07-12 22:02:41,563 [INFO] Pass: Depth - 0.19598 (ms)
2026-07-12 22:02:41,563 [INFO] Pass: FixedPoint - 0.01335 (ms)
2026-07-12 22:02:41,563 [INFO] Pass: Size - 0.05746 (ms)
2026-07-12 22:02:41,563 [INFO] Pass: Depth - 0.18835 (ms)
2026-07-12 22:02:41,563 [INFO] Pass: FixedPoint - 0.00453 (ms)
2026-07-12 22:02:41,563 [INFO] Pass: FixedPoint - 0.01431 (ms)
2026-07-12 22:02:41,564 [INFO] Pass: Size - 0.05627 (ms)
2026-07-12 22:02:41,564 [INFO] Pass: FixedPoint - 0.00525 (ms)
2026-07-12 22:02:41,564 [INFO] Pass: Optimize1qGatesDecomposition - 0.13566 (ms)
2026-07-12 22:02:41,564 [INFO] Pass: InverseCancellation - 0.00834 (ms)
2026-07-12 22:02:41,564 [INFO] Pass: Optimize1qGatesDecomposition - 0.13685 (ms)
2026-07-12 22:02:41,564 [INFO] Pass: InverseCancellation - 0.01025 (ms)
2026-07-12 22:02:41,564 [INFO] Pass: ContainsInstruction - 0.01502 (ms)
2026-07-12 22:02:41,564 [INFO] Pass: InverseCancellation - 0.01788 (ms)
2026-07-12 22:02:41,564 [INFO] Pass: UnitarySynthesis - 0.00596 (ms)
2026-07-12 22:02:41,564 [INFO] Pass: GatesInBasis - 0.80419 (ms)
2026-07-12 22:02:41,565 [INFO] Pass: GatesInBasis - 0.81038 (ms)
2026-07-12 22:02:41,565 [INFO] Pass: Depth - 0.15092 (ms)
2026-07-12 22:02:41,565 [INFO] Pass: HighLevelSynthesis - 1.52349 (ms)
2026-07-12 22:02:41,565 [INFO] Pass: FixedPoint - 0.00525 (ms)
2026-07-12 22:02:41,565 [INFO] Pass: Size - 0.05412 (ms)
2026-07-12 22:02:41,565 [INFO] Pass: Depth - 0.15068 (ms)
2026-07-12 22:02:41,565 [INFO] Pass: FixedPoint - 0.00405 (ms)
2026-07-12 22:02:41,565 [INFO] Pass: FixedPoint - 0.00477 (ms)
2026-07-12 22:02:41,565 [INFO] Pass: ContainsInstruction - 0.00501 (ms)
2026-07-12 22:02:41,565 [INFO] Pass: Size - 0.05484 (ms)
2026-07-12 22:02:41,565 [INFO] Pass: FixedPoint - 0.00405 (ms)
2026-07-12 22:02:41,565 [INFO] Pass: ContainsInstruction - 0.00548 (ms)
2026-07-12 22:02:41,566 [INFO] Pass: BasisTranslator - 0.77415 (ms)
2026-07-12 22:02:41,566 [INFO] Pass: Depth - 0.18644 (ms)
2026-07-12 22:02:41,566 [INFO] Pass: FixedPoint - 0.01669 (ms)
2026-07-12 22:02:41,566 [INFO] Pass: HighLevelSynthesis - 1.51420 (ms)
2026-07-12 22:02:41,566 [INFO] Pass: Size - 0.05746 (ms)
2026-07-12 22:02:41,566 [INFO] Pass: FixedPoint - 0.00477 (ms)
2026-07-12 22:02:41,566 [INFO] Pass: Optimize1qGatesDecomposition - 0.13304 (ms)
2026-07-12 22:02:41,566 [INFO] Pass: InverseCancellation - 0.00858 (ms)
2026-07-12 22:02:41,566 [INFO] Total Transpile Time - 82.27658 (ms)
2026-07-12 22:02:41,566 [INFO] Total Transpile Time - 82.40390 (ms)
2026-07-12 22:02:41,566 [INFO] Pass: ContainsInstruction - 0.01407 (ms)
2026-07-12 22:02:41,567 [INFO] Pass: InverseCancellation - 0.01597 (ms)
2026-07-12 22:02:41,567 [INFO] Pass: UnitarySynthesis - 0.00596 (ms)
2026-07-12 22:02:41,567 [INFO] Pass: BasisTranslator - 0.78511 (ms)
2026-07-12 22:02:41,567 [INFO] Pass: Depth - 0.19670 (ms)
2026-07-12 22:02:41,567 [INFO] Pass: GatesInBasis - 0.79346 (ms)
2026-07-12 22:02:41,567 [INFO] Pass: FixedPoint - 0.01431 (ms)
2026-07-12 22:02:41,567 [INFO] Pass: Size - 0.07200 (ms)
2026-07-12 22:02:41,567 [INFO] Pass: FixedPoint - 0.00477 (ms)
2026-07-12 22:02:41,567 [INFO] Pass: Depth - 0.15616 (ms)
2026-07-12 22:02:41,567 [INFO] Pass: FixedPoint - 0.00477 (ms)
2026-07-12 22:02:41,567 [INFO] Pass: Size - 0.05460 (ms)
2026-07-12 22:02:41,567 [INFO] Pass: FixedPoint - 0.00405 (ms)
2026-07-12 22:02:41,567 [INFO] Pass: Optimize1qGatesDecomposition - 0.13304 (ms)
2026-07-12 22:02:41,567 [INFO] Pass: ContainsInstruction - 0.00477 (ms)
2026-07-12 22:02:41,567 [INFO] Pass: InverseCancellation - 0.00882 (ms)
2026-07-12 22:02:41,568 [INFO] Pass: HighLevelSynthesis - 1.53017 (ms)
2026-07-12 22:02:41,568 [INFO] Pass: GatesInBasis - 0.84496 (ms)
2026-07-12 22:02:41,568 [INFO] Pass: Depth - 0.15140 (ms)
2026-07-12 22:02:41,569 [INFO] Pass: FixedPoint - 0.00548 (ms)
2026-07-12 22:02:41,569 [INFO] Pass: Size - 0.05460 (ms)
2026-07-12 22:02:41,569 [INFO] Pass: FixedPoint - 0.00405 (ms)
2026-07-12 22:02:41,569 [INFO] Pass: ContainsInstruction - 0.00548 (ms)
2026-07-12 22:02:41,569 [INFO] Pass: ContainsInstruction - 0.01526 (ms)
2026-07-12 22:02:41,569 [INFO] Total Transpile Time - 81.83265 (ms)
2026-07-12 22:02:41,569 [INFO] Pass: InverseCancellation - 0.01693 (ms)
2026-07-12 22:02:41,569 [INFO] Pass: UnitarySynthesis - 0.00596 (ms)
2026-07-12 22:02:41,569 [INFO] Pass: BasisTranslator - 0.76818 (ms)
2026-07-12 22:02:41,569 [INFO] Pass: Depth - 0.19217 (ms)
2026-07-12 22:02:41,569 [INFO] Pass: FixedPoint - 0.01240 (ms)
2026-07-12 22:02:41,569 [INFO] Pass: Size - 0.05746 (ms)
2026-07-12 22:02:41,569 [INFO] Pass: FixedPoint - 0.00429 (ms)
2026-07-12 22:02:41,570 [INFO] Pass: Optimize1qGatesDecomposition - 0.13685 (ms)
2026-07-12 22:02:41,570 [INFO] Pass: InverseCancellation - 0.00834 (ms)
2026-07-12 22:02:41,570 [INFO] Total Transpile Time - 82.40533 (ms)
2026-07-12 22:02:41,570 [INFO] Pass: HighLevelSynthesis - 1.49894 (ms)
2026-07-12 22:02:41,570 [INFO] Pass: GatesInBasis - 0.79989 (ms)
2026-07-12 22:02:41,571 [INFO] Pass: Depth - 0.15020 (ms)
2026-07-12 22:02:41,571 [INFO] Pass: FixedPoint - 0.00525 (ms)
2026-07-12 22:02:41,571 [INFO] Pass: Size - 0.05412 (ms)
2026-07-12 22:02:41,571 [INFO] Pass: FixedPoint - 0.00405 (ms)
2026-07-12 22:02:41,571 [INFO] Pass: ContainsInstruction - 0.00501 (ms)
2026-07-12 22:02:41,571 [INFO] Pass: ContainsInstruction - 0.01383 (ms)
2026-07-12 22:02:41,571 [INFO] Pass: BasisTranslator - 0.77748 (ms)
2026-07-12 22:02:41,571 [INFO] Pass: InverseCancellation - 0.01717 (ms)
2026-07-12 22:02:41,571 [INFO] Pass: UnitarySynthesis - 0.00644 (ms)
2026-07-12 22:02:41,571 [INFO] Pass: Depth - 0.18501 (ms)
2026-07-12 22:02:41,572 [INFO] Pass: FixedPoint - 0.01335 (ms)
2026-07-12 22:02:41,572 [INFO] Pass: Size - 0.05746 (ms)
2026-07-12 22:02:41,572 [INFO] Pass: FixedPoint - 0.00453 (ms)
2026-07-12 22:02:41,572 [INFO] Pass: Optimize1qGatesDecomposition - 0.13447 (ms)
2026-07-12 22:02:41,572 [INFO] Pass: InverseCancellation - 0.00834 (ms)
2026-07-12 22:02:41,572 [INFO] Total Transpile Time - 81.96855 (ms)
2026-07-12 22:02:41,573 [INFO] Pass: GatesInBasis - 0.83113 (ms)
2026-07-12 22:02:41,573 [INFO] Pass: HighLevelSynthesis - 1.45745 (ms)
2026-07-12 22:02:41,573 [INFO] Pass: Depth - 0.15044 (ms)
2026-07-12 22:02:41,573 [INFO] Pass: FixedPoint - 0.00477 (ms)
2026-07-12 22:02:41,573 [INFO] Pass: Size - 0.05484 (ms)
2026-07-12 22:02:41,573 [INFO] Pass: FixedPoint - 0.00381 (ms)
2026-07-12 22:02:41,573 [INFO] Pass: ContainsInstruction - 0.00525 (ms)
2026-07-12 22:02:41,574 [INFO] Pass: BasisTranslator - 0.78130 (ms)
2026-07-12 22:02:41,574 [INFO] Pass: Depth - 0.18764 (ms)
2026-07-12 22:02:41,574 [INFO] Pass: FixedPoint - 0.01240 (ms)
2026-07-12 22:02:41,574 [INFO] Pass: Size - 0.05603 (ms)
2026-07-12 22:02:41,574 [INFO] Pass: FixedPoint - 0.00453 (ms)
2026-07-12 22:02:41,574 [INFO] Pass: Optimize1qGatesDecomposition - 0.13876 (ms)
2026-07-12 22:02:41,574 [INFO] Pass: InverseCancellation - 0.00882 (ms)
2026-07-12 22:02:41,575 [INFO] Total Transpile Time - 81.40492 (ms)
2026-07-12 22:02:41,575 [INFO] Pass: GatesInBasis - 0.84305 (ms)
2026-07-12 22:02:41,575 [INFO] Pass: Depth - 0.15235 (ms)
2026-07-12 22:02:41,575 [INFO] Pass: FixedPoint - 0.00525 (ms)
2026-07-12 22:02:41,575 [INFO] Pass: Size - 0.05460 (ms)
2026-07-12 22:02:41,576 [INFO] Pass: FixedPoint - 0.00429 (ms)
2026-07-12 22:02:41,576 [INFO] Pass: ContainsInstruction - 0.00477 (ms)
2026-07-12 22:02:41,577 [INFO] Total Transpile Time - 80.66177 (ms)
2026-07-12 22:02:41,577 [INFO] Pass: ContainsInstruction - 0.01645 (ms)
2026-07-12 22:02:41,577 [INFO] Pass: InverseCancellation - 0.01621 (ms)
2026-07-12 22:02:41,577 [INFO] Pass: UnitarySynthesis - 0.00572 (ms)
2026-07-12 22:02:41,578 [INFO] Pass: ContainsInstruction - 0.01383 (ms)
2026-07-12 22:02:41,578 [INFO] Pass: InverseCancellation - 0.01574 (ms)
2026-07-12 22:02:41,578 [INFO] Pass: UnitarySynthesis - 0.00572 (ms)
2026-07-12 22:02:41,579 [INFO] Pass: HighLevelSynthesis - 1.50347 (ms)
2026-07-12 22:02:41,580 [INFO] Pass: HighLevelSynthesis - 1.47367 (ms)
2026-07-12 22:02:41,580 [INFO] Pass: BasisTranslator - 0.82159 (ms)
2026-07-12 22:02:41,580 [INFO] Pass: Depth - 0.18954 (ms)
2026-07-12 22:02:41,580 [INFO] Pass: FixedPoint - 0.01168 (ms)
2026-07-12 22:02:41,580 [INFO] Pass: Size - 0.05603 (ms)
2026-07-12 22:02:41,580 [INFO] Pass: FixedPoint - 0.00501 (ms)
2026-07-12 22:02:41,580 [INFO] Pass: Optimize1qGatesDecomposition - 0.13375 (ms)
2026-07-12 22:02:41,580 [INFO] Pass: InverseCancellation - 0.00763 (ms)
2026-07-12 22:02:41,580 [INFO] Pass: BasisTranslator - 0.82254 (ms)
2026-07-12 22:02:41,580 [INFO] Pass: ContainsInstruction - 0.01478 (ms)
2026-07-12 22:02:41,581 [INFO] Pass: InverseCancellation - 0.01597 (ms)
2026-07-12 22:02:41,581 [INFO] Pass: UnitarySynthesis - 0.00548 (ms)
2026-07-12 22:02:41,581 [INFO] Pass: Depth - 0.18883 (ms)
2026-07-12 22:02:41,581 [INFO] Pass: FixedPoint - 0.01216 (ms)
2026-07-12 22:02:41,581 [INFO] Pass: Size - 0.05627 (ms)
2026-07-12 22:02:41,581 [INFO] Pass: FixedPoint - 0.00453 (ms)
2026-07-12 22:02:41,581 [INFO] Pass: Optimize1qGatesDecomposition - 0.13208 (ms)
2026-07-12 22:02:41,581 [INFO] Pass: InverseCancellation - 0.00763 (ms)
2026-07-12 22:02:41,581 [INFO] Pass: GatesInBasis - 0.80466 (ms)
2026-07-12 22:02:41,581 [INFO] Pass: Depth - 0.14853 (ms)
2026-07-12 22:02:41,581 [INFO] Pass: FixedPoint - 0.00525 (ms)
2026-07-12 22:02:41,582 [INFO] Pass: Size - 0.05460 (ms)
2026-07-12 22:02:41,582 [INFO] Pass: FixedPoint - 0.00429 (ms)
2026-07-12 22:02:41,582 [INFO] Pass: ContainsInstruction - 0.00477 (ms)
2026-07-12 22:02:41,582 [INFO] Pass: GatesInBasis - 0.79703 (ms)
2026-07-12 22:02:41,582 [INFO] Pass: Depth - 0.15044 (ms)
2026-07-12 22:02:41,582 [INFO] Pass: FixedPoint - 0.00477 (ms)
2026-07-12 22:02:41,582 [INFO] Pass: HighLevelSynthesis - 1.47343 (ms)
2026-07-12 22:02:41,582 [INFO] Pass: Size - 0.05412 (ms)
2026-07-12 22:02:41,582 [INFO] Pass: FixedPoint - 0.00405 (ms)
2026-07-12 22:02:41,582 [INFO] Pass: ContainsInstruction - 0.00501 (ms)
2026-07-12 22:02:41,583 [INFO] Pass: BasisTranslator - 0.76199 (ms)
2026-07-12 22:02:41,583 [INFO] Total Transpile Time - 83.07743 (ms)
2026-07-12 22:02:41,583 [INFO] Pass: Depth - 0.19026 (ms)
2026-07-12 22:02:41,583 [INFO] Pass: FixedPoint - 0.01216 (ms)
2026-07-12 22:02:41,583 [INFO] Pass: Size - 0.05674 (ms)
2026-07-12 22:02:41,583 [INFO] Pass: FixedPoint - 0.00429 (ms)
2026-07-12 22:02:41,584 [INFO] Pass: Optimize1qGatesDecomposition - 0.12970 (ms)
2026-07-12 22:02:41,584 [INFO] Pass: InverseCancellation - 0.00787 (ms)
2026-07-12 22:02:41,584 [INFO] Total Transpile Time - 80.76096 (ms)
2026-07-12 22:02:41,584 [INFO] Pass: ContainsInstruction - 0.01407 (ms)
2026-07-12 22:02:41,584 [INFO] Pass: InverseCancellation - 0.01693 (ms)
2026-07-12 22:02:41,584 [INFO] Pass: UnitarySynthesis - 0.00596 (ms)
2026-07-12 22:02:41,584 [INFO] Pass: GatesInBasis - 0.84066 (ms)
2026-07-12 22:02:41,585 [INFO] Pass: Depth - 0.15068 (ms)
2026-07-12 22:02:41,585 [INFO] Pass: FixedPoint - 0.00477 (ms)
2026-07-12 22:02:41,585 [INFO] Pass: Size - 0.05484 (ms)
2026-07-12 22:02:41,585 [INFO] Pass: FixedPoint - 0.00405 (ms)
2026-07-12 22:02:41,585 [INFO] Pass: ContainsInstruction - 0.00525 (ms)
2026-07-12 22:02:41,585 [INFO] Pass: HighLevelSynthesis - 1.47486 (ms)
2026-07-12 22:02:41,586 [INFO] Total Transpile Time - 80.52659 (ms)
2026-07-12 22:02:41,586 [INFO] Pass: BasisTranslator - 0.81277 (ms)
2026-07-12 22:02:41,586 [INFO] Pass: Depth - 0.18120 (ms)
2026-07-12 22:02:41,587 [INFO] Pass: FixedPoint - 0.01168 (ms)
2026-07-12 22:02:41,587 [INFO] Pass: Size - 0.05722 (ms)
2026-07-12 22:02:41,587 [INFO] Pass: FixedPoint - 0.00477 (ms)
2026-07-12 22:02:41,587 [INFO] Pass: Optimize1qGatesDecomposition - 0.13351 (ms)
2026-07-12 22:02:41,587 [INFO] Pass: InverseCancellation - 0.00763 (ms)
2026-07-12 22:02:41,588 [INFO] Pass: GatesInBasis - 0.80562 (ms)
2026-07-12 22:02:41,588 [INFO] Pass: Depth - 0.15020 (ms)
2026-07-12 22:02:41,588 [INFO] Pass: FixedPoint - 0.00525 (ms)
2026-07-12 22:02:41,588 [INFO] Pass: Size - 0.05436 (ms)
2026-07-12 22:02:41,588 [INFO] Pass: FixedPoint - 0.00429 (ms)
2026-07-12 22:02:41,588 [INFO] Pass: ContainsInstruction - 0.00453 (ms)
2026-07-12 22:02:41,588 [INFO] Pass: ContainsInstruction - 0.01645 (ms)
2026-07-12 22:02:41,588 [INFO] Pass: InverseCancellation - 0.01693 (ms)
2026-07-12 22:02:41,588 [INFO] Pass: UnitarySynthesis - 0.00572 (ms)
2026-07-12 22:02:41,589 [INFO] Total Transpile Time - 79.51140 (ms)
2026-07-12 22:02:41,590 [INFO] Pass: HighLevelSynthesis - 1.44792 (ms)
2026-07-12 22:02:41,591 [INFO] Pass: BasisTranslator - 0.81873 (ms)
2026-07-12 22:02:41,591 [INFO] Pass: Depth - 0.18287 (ms)
2026-07-12 22:02:41,591 [INFO] Pass: FixedPoint - 0.01502 (ms)
2026-07-12 22:02:41,591 [INFO] Pass: Size - 0.06175 (ms)
2026-07-12 22:02:41,591 [INFO] Pass: FixedPoint - 0.00477 (ms)
2026-07-12 22:02:41,591 [INFO] Pass: Optimize1qGatesDecomposition - 0.13185 (ms)
2026-07-12 22:02:41,591 [INFO] Pass: InverseCancellation - 0.00811 (ms)
2026-07-12 22:02:41,592 [INFO] Pass: ContainsInstruction - 0.01407 (ms)
2026-07-12 22:02:41,592 [INFO] Pass: GatesInBasis - 0.81301 (ms)
2026-07-12 22:02:41,592 [INFO] Pass: InverseCancellation - 0.01597 (ms)
2026-07-12 22:02:41,592 [INFO] Pass: UnitarySynthesis - 0.00596 (ms)
2026-07-12 22:02:41,592 [INFO] Pass: Depth - 0.14925 (ms)
2026-07-12 22:02:41,593 [INFO] Pass: FixedPoint - 0.00525 (ms)
2026-07-12 22:02:41,593 [INFO] Pass: Size - 0.05484 (ms)
2026-07-12 22:02:41,593 [INFO] Pass: FixedPoint - 0.00429 (ms)
2026-07-12 22:02:41,593 [INFO] Pass: ContainsInstruction - 0.00453 (ms)
2026-07-12 22:02:41,594 [INFO] Pass: HighLevelSynthesis - 1.45650 (ms)
2026-07-12 22:02:41,594 [INFO] Total Transpile Time - 80.24931 (ms)
2026-07-12 22:02:41,595 [INFO] Pass: BasisTranslator - 0.81825 (ms)
2026-07-12 22:02:41,595 [INFO] Pass: Depth - 0.18287 (ms)
2026-07-12 22:02:41,595 [INFO] Pass: FixedPoint - 0.01144 (ms)
2026-07-12 22:02:41,595 [INFO] Pass: Size - 0.05627 (ms)
2026-07-12 22:02:41,595 [INFO] Pass: FixedPoint - 0.00882 (ms)
2026-07-12 22:02:41,595 [INFO] Pass: Optimize1qGatesDecomposition - 0.12851 (ms)
2026-07-12 22:02:41,595 [INFO] Pass: InverseCancellation - 0.00739 (ms)
2026-07-12 22:02:41,596 [INFO] Pass: GatesInBasis - 0.80585 (ms)
2026-07-12 22:02:41,596 [INFO] Pass: Depth - 0.14853 (ms)
2026-07-12 22:02:41,596 [INFO] Pass: FixedPoint - 0.00477 (ms)
2026-07-12 22:02:41,596 [INFO] Pass: Size - 0.05364 (ms)
2026-07-12 22:02:41,597 [INFO] Pass: FixedPoint - 0.00429 (ms)
2026-07-12 22:02:41,597 [INFO] Pass: ContainsInstruction - 0.00453 (ms)
2026-07-12 22:02:41,598 [INFO] Total Transpile Time - 80.01900 (ms)
2026-07-12 22:02:41,615 [INFO] Pass: ContainsInstruction - 0.00811 (ms)
2026-07-12 22:02:41,616 [INFO] Pass: InverseCancellation - 0.16665 (ms)
2026-07-12 22:02:41,616 [INFO] Pass: UnitarySynthesis - 0.00596 (ms)
2026-07-12 22:02:41,617 [INFO] Pass: HighLevelSynthesis - 1.37186 (ms)
2026-07-12 22:02:41,618 [INFO] Pass: BasisTranslator - 0.77844 (ms)
2026-07-12 22:02:41,618 [INFO] Pass: Depth - 0.16761 (ms)
2026-07-12 22:02:41,618 [INFO] Pass: FixedPoint - 0.00715 (ms)
2026-07-12 22:02:41,618 [INFO] Pass: Size - 0.05674 (ms)
2026-07-12 22:02:41,618 [INFO] Pass: FixedPoint - 0.00405 (ms)
2026-07-12 22:02:41,619 [INFO] Pass: Optimize1qGatesDecomposition - 0.78416 (ms)
2026-07-12 22:02:41,619 [INFO] Pass: ContainsInstruction - 0.00978 (ms)
2026-07-12 22:02:41,619 [INFO] Pass: InverseCancellation - 0.14520 (ms)
2026-07-12 22:02:41,620 [INFO] Pass: InverseCancellation - 0.16570 (ms)
2026-07-12 22:02:41,620 [INFO] Pass: UnitarySynthesis - 0.00477 (ms)
2026-07-12 22:02:41,620 [INFO] Pass: GatesInBasis - 0.82040 (ms)
2026-07-12 22:02:41,621 [INFO] Pass: Depth - 0.15712 (ms)
2026-07-12 22:02:41,621 [INFO] Pass: FixedPoint - 0.00572 (ms)
2026-07-12 22:02:41,621 [INFO] Pass: Size - 0.05579 (ms)
2026-07-12 22:02:41,621 [INFO] Pass: FixedPoint - 0.00405 (ms)
2026-07-12 22:02:41,621 [INFO] Pass: ContainsInstruction - 0.00501 (ms)
2026-07-12 22:02:41,621 [INFO] Pass: HighLevelSynthesis - 1.37758 (ms)
2026-07-12 22:02:41,622 [INFO] Pass: BasisTranslator - 0.77415 (ms)
2026-07-12 22:02:41,622 [INFO] Total Transpile Time - 63.21025 (ms)
2026-07-12 22:02:41,622 [INFO] Pass: Depth - 0.17333 (ms)
2026-07-12 22:02:41,622 [INFO] Pass: FixedPoint - 0.00763 (ms)
2026-07-12 22:02:41,622 [INFO] Pass: Size - 0.05698 (ms)
2026-07-12 22:02:41,622 [INFO] Pass: FixedPoint - 0.00429 (ms)
2026-07-12 22:02:41,623 [INFO] Pass: Optimize1qGatesDecomposition - 0.78750 (ms)
2026-07-12 22:02:41,623 [INFO] Pass: ContainsInstruction - 0.00882 (ms)
2026-07-12 22:02:41,623 [INFO] Pass: InverseCancellation - 0.14734 (ms)
2026-07-12 22:02:41,623 [INFO] Pass: ContainsInstruction - 0.00787 (ms)
2026-07-12 22:02:41,624 [INFO] Pass: InverseCancellation - 0.16570 (ms)
2026-07-12 22:02:41,624 [INFO] Pass: UnitarySynthesis - 0.00477 (ms)
2026-07-12 22:02:41,624 [INFO] Pass: InverseCancellation - 0.16212 (ms)
2026-07-12 22:02:41,624 [INFO] Pass: UnitarySynthesis - 0.00477 (ms)
2026-07-12 22:02:41,624 [INFO] Pass: GatesInBasis - 0.81897 (ms)
2026-07-12 22:02:41,624 [INFO] Pass: Depth - 0.15664 (ms)
2026-07-12 22:02:41,624 [INFO] Pass: FixedPoint - 0.00596 (ms)
2026-07-12 22:02:41,625 [INFO] Pass: Size - 0.05603 (ms)
2026-07-12 22:02:41,625 [INFO] Pass: FixedPoint - 0.00405 (ms)
2026-07-12 22:02:41,625 [INFO] Pass: ContainsInstruction - 0.00477 (ms)
2026-07-12 22:02:41,625 [INFO] Pass: HighLevelSynthesis - 1.39666 (ms)
2026-07-12 22:02:41,625 [INFO] Pass: HighLevelSynthesis - 1.37973 (ms)
2026-07-12 22:02:41,626 [INFO] Pass: ContainsInstruction - 0.00834 (ms)
2026-07-12 22:02:41,626 [INFO] Pass: BasisTranslator - 0.78511 (ms)
2026-07-12 22:02:41,626 [INFO] Pass: InverseCancellation - 0.16308 (ms)
2026-07-12 22:02:41,626 [INFO] Pass: UnitarySynthesis - 0.00453 (ms)
2026-07-12 22:02:41,626 [INFO] Total Transpile Time - 63.48038 (ms)
2026-07-12 22:02:41,626 [INFO] Pass: BasisTranslator - 0.76938 (ms)
2026-07-12 22:02:41,626 [INFO] Pass: Depth - 0.16570 (ms)
2026-07-12 22:02:41,626 [INFO] Pass: FixedPoint - 0.01168 (ms)
2026-07-12 22:02:41,626 [INFO] Pass: Size - 0.05746 (ms)
2026-07-12 22:02:41,626 [INFO] Pass: FixedPoint - 0.00429 (ms)
2026-07-12 22:02:41,626 [INFO] Pass: Depth - 0.17095 (ms)
2026-07-12 22:02:41,626 [INFO] Pass: FixedPoint - 0.00763 (ms)
2026-07-12 22:02:41,626 [INFO] Pass: Size - 0.05794 (ms)
2026-07-12 22:02:41,626 [INFO] Pass: FixedPoint - 0.00429 (ms)
2026-07-12 22:02:41,627 [INFO] Pass: Optimize1qGatesDecomposition - 0.77415 (ms)
2026-07-12 22:02:41,627 [INFO] Pass: ContainsInstruction - 0.00811 (ms)
2026-07-12 22:02:41,627 [INFO] Pass: Optimize1qGatesDecomposition - 0.78464 (ms)
2026-07-12 22:02:41,627 [INFO] Pass: InverseCancellation - 0.14830 (ms)
2026-07-12 22:02:41,627 [INFO] Pass: InverseCancellation - 0.16570 (ms)
2026-07-12 22:02:41,627 [INFO] Pass: HighLevelSynthesis - 1.38950 (ms)
2026-07-12 22:02:41,627 [INFO] Pass: UnitarySynthesis - 0.00525 (ms)
2026-07-12 22:02:41,627 [INFO] Pass: InverseCancellation - 0.14901 (ms)
2026-07-12 22:02:41,628 [INFO] Pass: GatesInBasis - 0.82421 (ms)
2026-07-12 22:02:41,628 [INFO] Pass: BasisTranslator - 0.78630 (ms)
2026-07-12 22:02:41,628 [INFO] Pass: GatesInBasis - 0.81348 (ms)
2026-07-12 22:02:41,628 [INFO] Pass: Depth - 0.15783 (ms)
2026-07-12 22:02:41,628 [INFO] Pass: FixedPoint - 0.00525 (ms)
2026-07-12 22:02:41,628 [INFO] Pass: Depth - 0.16522 (ms)
2026-07-12 22:02:41,628 [INFO] Pass: FixedPoint - 0.00763 (ms)
2026-07-12 22:02:41,628 [INFO] Pass: Size - 0.05674 (ms)
2026-07-12 22:02:41,628 [INFO] Pass: FixedPoint - 0.00405 (ms)
2026-07-12 22:02:41,629 [INFO] Pass: Depth - 0.15831 (ms)
2026-07-12 22:02:41,629 [INFO] Pass: ContainsInstruction - 0.00525 (ms)
2026-07-12 22:02:41,629 [INFO] Pass: Size - 0.05770 (ms)
2026-07-12 22:02:41,629 [INFO] Pass: FixedPoint - 0.00572 (ms)
2026-07-12 22:02:41,629 [INFO] Pass: FixedPoint - 0.00429 (ms)
2026-07-12 22:02:41,629 [INFO] Pass: Size - 0.05674 (ms)
2026-07-12 22:02:41,629 [INFO] Pass: FixedPoint - 0.00429 (ms)
2026-07-12 22:02:41,629 [INFO] Pass: ContainsInstruction - 0.00501 (ms)
2026-07-12 22:02:41,629 [INFO] Pass: HighLevelSynthesis - 1.39618 (ms)
2026-07-12 22:02:41,629 [INFO] Pass: ContainsInstruction - 0.00811 (ms)
2026-07-12 22:02:41,629 [INFO] Pass: InverseCancellation - 0.16952 (ms)
2026-07-12 22:02:41,629 [INFO] Pass: UnitarySynthesis - 0.00477 (ms)
2026-07-12 22:02:41,629 [INFO] Pass: Optimize1qGatesDecomposition - 0.78297 (ms)
2026-07-12 22:02:41,630 [INFO] Pass: InverseCancellation - 0.14806 (ms)
2026-07-12 22:02:41,630 [INFO] Pass: BasisTranslator - 0.92435 (ms)
2026-07-12 22:02:41,630 [INFO] Total Transpile Time - 63.49659 (ms)
2026-07-12 22:02:41,630 [INFO] Pass: Depth - 0.16689 (ms)
2026-07-12 22:02:41,630 [INFO] Total Transpile Time - 63.54332 (ms)
2026-07-12 22:02:41,630 [INFO] Pass: FixedPoint - 0.00787 (ms)
2026-07-12 22:02:41,630 [INFO] Pass: Size - 0.06247 (ms)
2026-07-12 22:02:41,630 [INFO] Pass: FixedPoint - 0.00453 (ms)
2026-07-12 22:02:41,630 [INFO] Pass: GatesInBasis - 0.82731 (ms)
2026-07-12 22:02:41,631 [INFO] Pass: HighLevelSynthesis - 1.38974 (ms)
2026-07-12 22:02:41,631 [INFO] Pass: Depth - 0.15712 (ms)
2026-07-12 22:02:41,631 [INFO] Pass: FixedPoint - 0.00548 (ms)
2026-07-12 22:02:41,631 [INFO] Pass: Size - 0.05651 (ms)
2026-07-12 22:02:41,631 [INFO] Pass: FixedPoint - 0.00429 (ms)
2026-07-12 22:02:41,631 [INFO] Pass: ContainsInstruction - 0.00477 (ms)
2026-07-12 22:02:41,631 [INFO] Pass: Optimize1qGatesDecomposition - 0.77748 (ms)
2026-07-12 22:02:41,631 [INFO] Pass: InverseCancellation - 0.15378 (ms)
2026-07-12 22:02:41,631 [INFO] Pass: BasisTranslator - 0.78797 (ms)
2026-07-12 22:02:41,632 [INFO] Pass: Depth - 0.16546 (ms)
2026-07-12 22:02:41,632 [INFO] Pass: FixedPoint - 0.00715 (ms)
2026-07-12 22:02:41,632 [INFO] Pass: Size - 0.05674 (ms)
2026-07-12 22:02:41,632 [INFO] Pass: FixedPoint - 0.00429 (ms)
2026-07-12 22:02:41,632 [INFO] Pass: GatesInBasis - 0.81372 (ms)
2026-07-12 22:02:41,632 [INFO] Pass: ContainsInstruction - 0.00882 (ms)
2026-07-12 22:02:41,632 [INFO] Total Transpile Time - 63.31348 (ms)
2026-07-12 22:02:41,632 [INFO] Pass: Depth - 0.15783 (ms)
2026-07-12 22:02:41,632 [INFO] Pass: FixedPoint - 0.00572 (ms)
2026-07-12 22:02:41,632 [INFO] Pass: InverseCancellation - 0.16856 (ms)
2026-07-12 22:02:41,632 [INFO] Pass: UnitarySynthesis - 0.00525 (ms)
2026-07-12 22:02:41,632 [INFO] Pass: Size - 0.05627 (ms)
2026-07-12 22:02:41,632 [INFO] Pass: FixedPoint - 0.00429 (ms)
2026-07-12 22:02:41,632 [INFO] Pass: ContainsInstruction - 0.00477 (ms)
2026-07-12 22:02:41,633 [INFO] Pass: Optimize1qGatesDecomposition - 0.77391 (ms)
2026-07-12 22:02:41,633 [INFO] Pass: InverseCancellation - 0.14520 (ms)
2026-07-12 22:02:41,634 [INFO] Pass: ContainsInstruction - 0.00787 (ms)
2026-07-12 22:02:41,634 [INFO] Pass: GatesInBasis - 0.82231 (ms)
2026-07-12 22:02:41,634 [INFO] Total Transpile Time - 63.59196 (ms)
2026-07-12 22:02:41,634 [INFO] Pass: HighLevelSynthesis - 1.40071 (ms)
2026-07-12 22:02:41,634 [INFO] Pass: InverseCancellation - 0.16856 (ms)
2026-07-12 22:02:41,634 [INFO] Pass: UnitarySynthesis - 0.00501 (ms)
2026-07-12 22:02:41,634 [INFO] Pass: Depth - 0.15736 (ms)
2026-07-12 22:02:41,634 [INFO] Pass: FixedPoint - 0.00525 (ms)
2026-07-12 22:02:41,634 [INFO] Pass: Size - 0.05651 (ms)
2026-07-12 22:02:41,634 [INFO] Pass: FixedPoint - 0.00405 (ms)
2026-07-12 22:02:41,634 [INFO] Pass: ContainsInstruction - 0.00501 (ms)
2026-07-12 22:02:41,635 [INFO] Pass: BasisTranslator - 0.93889 (ms)
2026-07-12 22:02:41,635 [INFO] Pass: Depth - 0.16975 (ms)
2026-07-12 22:02:41,635 [INFO] Pass: FixedPoint - 0.00811 (ms)
2026-07-12 22:02:41,635 [INFO] Pass: Size - 0.05841 (ms)
2026-07-12 22:02:41,635 [INFO] Pass: FixedPoint - 0.00453 (ms)
2026-07-12 22:02:41,635 [INFO] Pass: HighLevelSynthesis - 1.38950 (ms)
2026-07-12 22:02:41,635 [INFO] Total Transpile Time - 63.14301 (ms)
2026-07-12 22:02:41,636 [INFO] Pass: Optimize1qGatesDecomposition - 0.78058 (ms)
2026-07-12 22:02:41,636 [INFO] Pass: InverseCancellation - 0.15235 (ms)
2026-07-12 22:02:41,636 [INFO] Pass: BasisTranslator - 0.92411 (ms)
2026-07-12 22:02:41,637 [INFO] Pass: Depth - 0.16737 (ms)
2026-07-12 22:02:41,637 [INFO] Pass: FixedPoint - 0.00739 (ms)
2026-07-12 22:02:41,637 [INFO] Pass: Size - 0.05746 (ms)
2026-07-12 22:02:41,637 [INFO] Pass: FixedPoint - 0.00429 (ms)
2026-07-12 22:02:41,637 [INFO] Pass: GatesInBasis - 0.83709 (ms)
2026-07-12 22:02:41,637 [INFO] Pass: Depth - 0.15998 (ms)
2026-07-12 22:02:41,637 [INFO] Pass: FixedPoint - 0.00572 (ms)
2026-07-12 22:02:41,637 [INFO] Pass: Size - 0.05698 (ms)
2026-07-12 22:02:41,638 [INFO] Pass: FixedPoint - 0.00405 (ms)
2026-07-12 22:02:41,638 [INFO] Pass: Optimize1qGatesDecomposition - 0.78130 (ms)
2026-07-12 22:02:41,638 [INFO] Pass: ContainsInstruction - 0.00572 (ms)
2026-07-12 22:02:41,638 [INFO] Pass: InverseCancellation - 0.14687 (ms)
2026-07-12 22:02:41,639 [INFO] Pass: GatesInBasis - 0.81801 (ms)
2026-07-12 22:02:41,639 [INFO] Pass: Depth - 0.15616 (ms)
2026-07-12 22:02:41,639 [INFO] Pass: FixedPoint - 0.00620 (ms)
2026-07-12 22:02:41,639 [INFO] Pass: Size - 0.05627 (ms)
2026-07-12 22:02:41,639 [INFO] Total Transpile Time - 64.28075 (ms)
2026-07-12 22:02:41,639 [INFO] Pass: FixedPoint - 0.00453 (ms)
2026-07-12 22:02:41,639 [INFO] Pass: ContainsInstruction - 0.00525 (ms)
2026-07-12 22:02:41,640 [INFO] Pass: ContainsInstruction - 0.00763 (ms)
2026-07-12 22:02:41,640 [INFO] Pass: InverseCancellation - 0.16546 (ms)
2026-07-12 22:02:41,640 [INFO] Pass: UnitarySynthesis - 0.00477 (ms)
2026-07-12 22:02:41,640 [INFO] Total Transpile Time - 63.26509 (ms)
2026-07-12 22:02:41,640 [INFO] Pass: ContainsInstruction - 0.00834 (ms)
2026-07-12 22:02:41,641 [INFO] Pass: InverseCancellation - 0.16665 (ms)
2026-07-12 22:02:41,641 [INFO] Pass: UnitarySynthesis - 0.00477 (ms)
2026-07-12 22:02:41,642 [INFO] Pass: HighLevelSynthesis - 1.37901 (ms)
2026-07-12 22:02:41,642 [INFO] Pass: HighLevelSynthesis - 1.38903 (ms)
2026-07-12 22:02:41,642 [INFO] Pass: BasisTranslator - 0.78678 (ms)
2026-07-12 22:02:41,643 [INFO] Pass: Depth - 0.16761 (ms)
2026-07-12 22:02:41,643 [INFO] Pass: FixedPoint - 0.00739 (ms)
2026-07-12 22:02:41,643 [INFO] Pass: Size - 0.05698 (ms)
2026-07-12 22:02:41,643 [INFO] Pass: FixedPoint - 0.00429 (ms)
2026-07-12 22:02:41,643 [INFO] Pass: ContainsInstruction - 0.00834 (ms)
2026-07-12 22:02:41,643 [INFO] Pass: BasisTranslator - 0.92220 (ms)
2026-07-12 22:02:41,643 [INFO] Pass: InverseCancellation - 0.17166 (ms)
2026-07-12 22:02:41,643 [INFO] Pass: Depth - 0.17071 (ms)
2026-07-12 22:02:41,643 [INFO] Pass: UnitarySynthesis - 0.00548 (ms)
2026-07-12 22:02:41,643 [INFO] Pass: FixedPoint - 0.00739 (ms)
2026-07-12 22:02:41,643 [INFO] Pass: Size - 0.05698 (ms)
2026-07-12 22:02:41,643 [INFO] Pass: FixedPoint - 0.00477 (ms)
2026-07-12 22:02:41,644 [INFO] Pass: Optimize1qGatesDecomposition - 0.77796 (ms)
2026-07-12 22:02:41,644 [INFO] Pass: InverseCancellation - 0.14544 (ms)
2026-07-12 22:02:41,644 [INFO] Pass: Optimize1qGatesDecomposition - 0.77629 (ms)
2026-07-12 22:02:41,644 [INFO] Pass: InverseCancellation - 0.14949 (ms)
2026-07-12 22:02:41,645 [INFO] Pass: HighLevelSynthesis - 1.38307 (ms)
2026-07-12 22:02:41,645 [INFO] Pass: GatesInBasis - 0.82564 (ms)
2026-07-12 22:02:41,645 [INFO] Pass: Depth - 0.15616 (ms)
2026-07-12 22:02:41,645 [INFO] Pass: FixedPoint - 0.00525 (ms)
2026-07-12 22:02:41,645 [INFO] Pass: Size - 0.05603 (ms)
2026-07-12 22:02:41,645 [INFO] Pass: FixedPoint - 0.00453 (ms)
2026-07-12 22:02:41,645 [INFO] Pass: ContainsInstruction - 0.00501 (ms)
2026-07-12 22:02:41,645 [INFO] Pass: GatesInBasis - 0.82755 (ms)
2026-07-12 22:02:41,645 [INFO] Pass: Depth - 0.15879 (ms)
2026-07-12 22:02:41,646 [INFO] Pass: FixedPoint - 0.00572 (ms)
2026-07-12 22:02:41,646 [INFO] Pass: Size - 0.05603 (ms)
2026-07-12 22:02:41,646 [INFO] Pass: BasisTranslator - 0.91696 (ms)
2026-07-12 22:02:41,646 [INFO] Pass: FixedPoint - 0.00429 (ms)
2026-07-12 22:02:41,646 [INFO] Pass: ContainsInstruction - 0.00477 (ms)
2026-07-12 22:02:41,646 [INFO] Pass: Depth - 0.16642 (ms)
2026-07-12 22:02:41,646 [INFO] Pass: FixedPoint - 0.00739 (ms)
2026-07-12 22:02:41,646 [INFO] Pass: Size - 0.05794 (ms)
2026-07-12 22:02:41,646 [INFO] Pass: FixedPoint - 0.00477 (ms)
2026-07-12 22:02:41,646 [INFO] Pass: ContainsInstruction - 0.00834 (ms)
2026-07-12 22:02:41,646 [INFO] Total Transpile Time - 63.28011 (ms)
2026-07-12 22:02:41,646 [INFO] Pass: InverseCancellation - 0.16141 (ms)
2026-07-12 22:02:41,646 [INFO] Pass: UnitarySynthesis - 0.00477 (ms)
2026-07-12 22:02:41,647 [INFO] Pass: Optimize1qGatesDecomposition - 0.77534 (ms)
2026-07-12 22:02:41,647 [INFO] Total Transpile Time - 63.32183 (ms)
2026-07-12 22:02:41,647 [INFO] Pass: InverseCancellation - 0.14448 (ms)
2026-07-12 22:02:41,648 [INFO] Pass: GatesInBasis - 0.82421 (ms)
2026-07-12 22:02:41,648 [INFO] Pass: HighLevelSynthesis - 1.40786 (ms)
2026-07-12 22:02:41,648 [INFO] Pass: Depth - 0.15616 (ms)
2026-07-12 22:02:41,648 [INFO] Pass: FixedPoint - 0.00548 (ms)
2026-07-12 22:02:41,648 [INFO] Pass: Size - 0.05627 (ms)
2026-07-12 22:02:41,648 [INFO] Pass: FixedPoint - 0.00429 (ms)
2026-07-12 22:02:41,648 [INFO] Pass: ContainsInstruction - 0.00477 (ms)
2026-07-12 22:02:41,649 [INFO] Pass: BasisTranslator - 0.77796 (ms)
2026-07-12 22:02:41,649 [INFO] Pass: Depth - 0.16618 (ms)
2026-07-12 22:02:41,649 [INFO] Pass: FixedPoint - 0.00715 (ms)
2026-07-12 22:02:41,649 [INFO] Pass: Size - 0.06342 (ms)
2026-07-12 22:02:41,649 [INFO] Pass: FixedPoint - 0.00453 (ms)
2026-07-12 22:02:41,650 [INFO] Total Transpile Time - 63.26890 (ms)
2026-07-12 22:02:41,650 [INFO] Pass: Optimize1qGatesDecomposition - 0.76938 (ms)
2026-07-12 22:02:41,650 [INFO] Pass: InverseCancellation - 0.15068 (ms)
2026-07-12 22:02:41,651 [INFO] Pass: ContainsInstruction - 0.00787 (ms)
2026-07-12 22:02:41,651 [INFO] Pass: InverseCancellation - 0.16141 (ms)
2026-07-12 22:02:41,651 [INFO] Pass: UnitarySynthesis - 0.00501 (ms)
2026-07-12 22:02:41,651 [INFO] Pass: GatesInBasis - 0.82922 (ms)
2026-07-12 22:02:41,651 [INFO] Pass: Depth - 0.16141 (ms)
2026-07-12 22:02:41,651 [INFO] Pass: FixedPoint - 0.00572 (ms)
2026-07-12 22:02:41,651 [INFO] Pass: Size - 0.05627 (ms)
2026-07-12 22:02:41,651 [INFO] Pass: FixedPoint - 0.00429 (ms)
2026-07-12 22:02:41,651 [INFO] Pass: ContainsInstruction - 0.00501 (ms)
2026-07-12 22:02:41,652 [INFO] Pass: HighLevelSynthesis - 1.39976 (ms)
2026-07-12 22:02:41,653 [INFO] Total Transpile Time - 63.17973 (ms)
2026-07-12 22:02:41,653 [INFO] Pass: BasisTranslator - 0.78297 (ms)
2026-07-12 22:02:41,653 [INFO] Pass: Depth - 0.16475 (ms)
2026-07-12 22:02:41,653 [INFO] Pass: FixedPoint - 0.00739 (ms)
2026-07-12 22:02:41,654 [INFO] Pass: Size - 0.05794 (ms)
2026-07-12 22:02:41,654 [INFO] Pass: FixedPoint - 0.00453 (ms)
2026-07-12 22:02:41,654 [INFO] Pass: Optimize1qGatesDecomposition - 0.77510 (ms)
2026-07-12 22:02:41,655 [INFO] Pass: InverseCancellation - 0.14639 (ms)
2026-07-12 22:02:41,655 [INFO] Pass: ContainsInstruction - 0.00978 (ms)
2026-07-12 22:02:41,655 [INFO] Pass: InverseCancellation - 0.16427 (ms)
2026-07-12 22:02:41,655 [INFO] Pass: UnitarySynthesis - 0.00525 (ms)
2026-07-12 22:02:41,655 [INFO] Pass: GatesInBasis - 0.82803 (ms)
2026-07-12 22:02:41,656 [INFO] Pass: Depth - 0.15640 (ms)
2026-07-12 22:02:41,656 [INFO] Pass: FixedPoint - 0.00572 (ms)
2026-07-12 22:02:41,656 [INFO] Pass: Size - 0.05603 (ms)
2026-07-12 22:02:41,656 [INFO] Pass: FixedPoint - 0.00429 (ms)
2026-07-12 22:02:41,656 [INFO] Pass: ContainsInstruction - 0.00453 (ms)
2026-07-12 22:02:41,656 [INFO] Pass: HighLevelSynthesis - 1.38044 (ms)
2026-07-12 22:02:41,657 [INFO] Total Transpile Time - 63.12513 (ms)
2026-07-12 22:02:41,657 [INFO] Pass: BasisTranslator - 0.77701 (ms)
2026-07-12 22:02:41,657 [INFO] Pass: Depth - 0.16642 (ms)
2026-07-12 22:02:41,657 [INFO] Pass: FixedPoint - 0.00739 (ms)
2026-07-12 22:02:41,658 [INFO] Pass: Size - 0.05746 (ms)
2026-07-12 22:02:41,658 [INFO] Pass: FixedPoint - 0.00453 (ms)
2026-07-12 22:02:41,658 [INFO] Pass: Optimize1qGatesDecomposition - 0.78440 (ms)
2026-07-12 22:02:41,659 [INFO] Pass: InverseCancellation - 0.14806 (ms)
2026-07-12 22:02:41,660 [INFO] Pass: GatesInBasis - 0.83447 (ms)
2026-07-12 22:02:41,660 [INFO] Pass: Depth - 0.15688 (ms)
2026-07-12 22:02:41,660 [INFO] Pass: FixedPoint - 0.00572 (ms)
2026-07-12 22:02:41,660 [INFO] Pass: Size - 0.05579 (ms)
2026-07-12 22:02:41,660 [INFO] Pass: FixedPoint - 0.00405 (ms)
2026-07-12 22:02:41,660 [INFO] Pass: ContainsInstruction - 0.00477 (ms)
2026-07-12 22:02:41,661 [INFO] Total Transpile Time - 63.21239 (ms)
2026-07-12 22:02:41,678 [INFO] Pass: ContainsInstruction - 0.01001 (ms)
2026-07-12 22:02:41,678 [INFO] Pass: InverseCancellation - 0.16475 (ms)
2026-07-12 22:02:41,679 [INFO] Pass: UnitarySynthesis - 0.00525 (ms)
2026-07-12 22:02:41,680 [INFO] Pass: HighLevelSynthesis - 1.43361 (ms)
2026-07-12 22:02:41,681 [INFO] Pass: BasisTranslator - 0.79417 (ms)
2026-07-12 22:02:41,681 [INFO] Pass: Depth - 0.17452 (ms)
2026-07-12 22:02:41,681 [INFO] Pass: FixedPoint - 0.01192 (ms)
2026-07-12 22:02:41,681 [INFO] Pass: Size - 0.05937 (ms)
2026-07-12 22:02:41,681 [INFO] Pass: FixedPoint - 0.00453 (ms)
2026-07-12 22:02:41,682 [INFO] Pass: ContainsInstruction - 0.00811 (ms)
2026-07-12 22:02:41,682 [INFO] Pass: Optimize1qGatesDecomposition - 0.83971 (ms)
2026-07-12 22:02:41,682 [INFO] Pass: InverseCancellation - 0.00834 (ms)
2026-07-12 22:02:41,682 [INFO] Pass: InverseCancellation - 0.16737 (ms)
2026-07-12 22:02:41,682 [INFO] Pass: UnitarySynthesis - 0.00501 (ms)
2026-07-12 22:02:41,683 [INFO] Pass: GatesInBasis - 0.79799 (ms)
2026-07-12 22:02:41,683 [INFO] Pass: Depth - 0.16475 (ms)
2026-07-12 22:02:41,683 [INFO] Pass: FixedPoint - 0.00572 (ms)
2026-07-12 22:02:41,683 [INFO] Pass: Size - 0.05627 (ms)
2026-07-12 22:02:41,683 [INFO] Pass: FixedPoint - 0.00453 (ms)
2026-07-12 22:02:41,684 [INFO] Pass: HighLevelSynthesis - 1.44196 (ms)
2026-07-12 22:02:41,684 [INFO] Pass: Optimize1qGatesDecomposition - 0.69380 (ms)
2026-07-12 22:02:41,684 [INFO] Pass: InverseCancellation - 0.00715 (ms)
2026-07-12 22:02:41,685 [INFO] Pass: BasisTranslator - 0.80967 (ms)
2026-07-12 22:02:41,685 [INFO] Pass: Depth - 0.16952 (ms)
2026-07-12 22:02:41,685 [INFO] Pass: FixedPoint - 0.00763 (ms)
2026-07-12 22:02:41,685 [INFO] Pass: Size - 0.05889 (ms)
2026-07-12 22:02:41,685 [INFO] Pass: FixedPoint - 0.00429 (ms)
2026-07-12 22:02:41,685 [INFO] Pass: GatesInBasis - 0.86379 (ms)
2026-07-12 22:02:41,685 [INFO] Pass: Depth - 0.15497 (ms)
2026-07-12 22:02:41,685 [INFO] Pass: FixedPoint - 0.00525 (ms)
2026-07-12 22:02:41,685 [INFO] Pass: Size - 0.05579 (ms)
2026-07-12 22:02:41,685 [INFO] Pass: FixedPoint - 0.00453 (ms)
2026-07-12 22:02:41,685 [INFO] Pass: ContainsInstruction - 0.00501 (ms)
2026-07-12 22:02:41,686 [INFO] Pass: Optimize1qGatesDecomposition - 0.84090 (ms)
2026-07-12 22:02:41,686 [INFO] Pass: InverseCancellation - 0.00858 (ms)
2026-07-12 22:02:41,686 [INFO] Pass: ContainsInstruction - 0.00834 (ms)
2026-07-12 22:02:41,686 [INFO] Pass: InverseCancellation - 0.16665 (ms)
2026-07-12 22:02:41,686 [INFO] Pass: UnitarySynthesis - 0.00477 (ms)
2026-07-12 22:02:41,686 [INFO] Pass: ContainsInstruction - 0.00763 (ms)
2026-07-12 22:02:41,687 [INFO] Pass: InverseCancellation - 0.16522 (ms)
2026-07-12 22:02:41,687 [INFO] Pass: UnitarySynthesis - 0.00501 (ms)
2026-07-12 22:02:41,687 [INFO] Total Transpile Time - 64.71038 (ms)
2026-07-12 22:02:41,687 [INFO] Pass: GatesInBasis - 0.79012 (ms)
2026-07-12 22:02:41,687 [INFO] Pass: Depth - 0.16141 (ms)
2026-07-12 22:02:41,687 [INFO] Pass: FixedPoint - 0.00572 (ms)
2026-07-12 22:02:41,687 [INFO] Pass: Size - 0.05674 (ms)
2026-07-12 22:02:41,687 [INFO] Pass: FixedPoint - 0.00429 (ms)
2026-07-12 22:02:41,688 [INFO] Pass: HighLevelSynthesis - 1.41573 (ms)
2026-07-12 22:02:41,688 [INFO] Pass: Optimize1qGatesDecomposition - 0.68808 (ms)
2026-07-12 22:02:41,688 [INFO] Pass: InverseCancellation - 0.00715 (ms)
2026-07-12 22:02:41,688 [INFO] Pass: HighLevelSynthesis - 1.44577 (ms)
2026-07-12 22:02:41,688 [INFO] Pass: ContainsInstruction - 0.00787 (ms)
2026-07-12 22:02:41,689 [INFO] Pass: BasisTranslator - 0.79679 (ms)
2026-07-12 22:02:41,689 [INFO] Pass: InverseCancellation - 0.16403 (ms)
2026-07-12 22:02:41,689 [INFO] Pass: UnitarySynthesis - 0.00525 (ms)
2026-07-12 22:02:41,689 [INFO] Pass: Depth - 0.17643 (ms)
2026-07-12 22:02:41,689 [INFO] Pass: FixedPoint - 0.00787 (ms)
2026-07-12 22:02:41,689 [INFO] Pass: GatesInBasis - 0.86164 (ms)
2026-07-12 22:02:41,689 [INFO] Pass: Size - 0.05913 (ms)
2026-07-12 22:02:41,689 [INFO] Pass: FixedPoint - 0.00429 (ms)
2026-07-12 22:02:41,689 [INFO] Pass: BasisTranslator - 0.80156 (ms)
2026-07-12 22:02:41,689 [INFO] Pass: Depth - 0.15807 (ms)
2026-07-12 22:02:41,689 [INFO] Pass: FixedPoint - 0.00596 (ms)
2026-07-12 22:02:41,689 [INFO] Pass: Size - 0.05698 (ms)
2026-07-12 22:02:41,689 [INFO] Pass: FixedPoint - 0.00453 (ms)
2026-07-12 22:02:41,689 [INFO] Pass: Depth - 0.17667 (ms)
2026-07-12 22:02:41,689 [INFO] Pass: ContainsInstruction - 0.00572 (ms)
2026-07-12 22:02:41,689 [INFO] Pass: FixedPoint - 0.00811 (ms)
2026-07-12 22:02:41,689 [INFO] Pass: Size - 0.05960 (ms)
2026-07-12 22:02:41,689 [INFO] Pass: FixedPoint - 0.00453 (ms)
2026-07-12 22:02:41,690 [INFO] Pass: Optimize1qGatesDecomposition - 0.84639 (ms)
2026-07-12 22:02:41,690 [INFO] Pass: InverseCancellation - 0.00882 (ms)
2026-07-12 22:02:41,690 [INFO] Pass: ContainsInstruction - 0.00834 (ms)
2026-07-12 22:02:41,690 [INFO] Pass: HighLevelSynthesis - 1.44911 (ms)
2026-07-12 22:02:41,690 [INFO] Pass: Optimize1qGatesDecomposition - 0.85974 (ms)
2026-07-12 22:02:41,690 [INFO] Pass: InverseCancellation - 0.00930 (ms)
2026-07-12 22:02:41,690 [INFO] Pass: InverseCancellation - 0.16236 (ms)
2026-07-12 22:02:41,690 [INFO] Pass: UnitarySynthesis - 0.00548 (ms)
2026-07-12 22:02:41,691 [INFO] Total Transpile Time - 64.58974 (ms)
2026-07-12 22:02:41,691 [INFO] Pass: GatesInBasis - 0.79703 (ms)
2026-07-12 22:02:41,691 [INFO] Pass: Depth - 0.16212 (ms)
2026-07-12 22:02:41,691 [INFO] Pass: FixedPoint - 0.00572 (ms)
2026-07-12 22:02:41,691 [INFO] Pass: BasisTranslator - 0.79608 (ms)
2026-07-12 22:02:41,691 [INFO] Pass: Size - 0.06080 (ms)
2026-07-12 22:02:41,691 [INFO] Pass: FixedPoint - 0.00429 (ms)
2026-07-12 22:02:41,691 [INFO] Pass: GatesInBasis - 0.79250 (ms)
2026-07-12 22:02:41,691 [INFO] Pass: Depth - 0.17500 (ms)
2026-07-12 22:02:41,691 [INFO] Pass: FixedPoint - 0.00811 (ms)
2026-07-12 22:02:41,691 [INFO] Pass: Size - 0.05937 (ms)
2026-07-12 22:02:41,691 [INFO] Pass: FixedPoint - 0.00429 (ms)
2026-07-12 22:02:41,691 [INFO] Pass: Depth - 0.16308 (ms)
2026-07-12 22:02:41,691 [INFO] Pass: ContainsInstruction - 0.00834 (ms)
2026-07-12 22:02:41,692 [INFO] Pass: FixedPoint - 0.00572 (ms)
2026-07-12 22:02:41,692 [INFO] Pass: Size - 0.05627 (ms)
2026-07-12 22:02:41,692 [INFO] Pass: FixedPoint - 0.00405 (ms)
2026-07-12 22:02:41,692 [INFO] Pass: InverseCancellation - 0.16475 (ms)
2026-07-12 22:02:41,692 [INFO] Pass: UnitarySynthesis - 0.00477 (ms)
2026-07-12 22:02:41,692 [INFO] Pass: Optimize1qGatesDecomposition - 0.68617 (ms)
2026-07-12 22:02:41,692 [INFO] Pass: InverseCancellation - 0.00787 (ms)
2026-07-12 22:02:41,692 [INFO] Pass: HighLevelSynthesis - 1.42884 (ms)
2026-07-12 22:02:41,692 [INFO] Pass: Optimize1qGatesDecomposition - 0.85592 (ms)
2026-07-12 22:02:41,692 [INFO] Pass: Optimize1qGatesDecomposition - 0.69857 (ms)
2026-07-12 22:02:41,692 [INFO] Pass: InverseCancellation - 0.00787 (ms)
2026-07-12 22:02:41,692 [INFO] Pass: InverseCancellation - 0.00858 (ms)
2026-07-12 22:02:41,693 [INFO] Pass: BasisTranslator - 0.79632 (ms)
2026-07-12 22:02:41,693 [INFO] Pass: GatesInBasis - 0.86212 (ms)
2026-07-12 22:02:41,693 [INFO] Pass: Depth - 0.17643 (ms)
2026-07-12 22:02:41,693 [INFO] Pass: Depth - 0.15807 (ms)
2026-07-12 22:02:41,693 [INFO] Pass: FixedPoint - 0.00787 (ms)
2026-07-12 22:02:41,693 [INFO] Pass: FixedPoint - 0.00596 (ms)
2026-07-12 22:02:41,693 [INFO] Pass: Size - 0.06270 (ms)
2026-07-12 22:02:41,693 [INFO] Pass: Size - 0.05627 (ms)
2026-07-12 22:02:41,693 [INFO] Pass: FixedPoint - 0.00477 (ms)
2026-07-12 22:02:41,693 [INFO] Pass: FixedPoint - 0.00477 (ms)
2026-07-12 22:02:41,693 [INFO] Pass: HighLevelSynthesis - 1.45650 (ms)
2026-07-12 22:02:41,693 [INFO] Pass: GatesInBasis - 0.78940 (ms)
2026-07-12 22:02:41,693 [INFO] Pass: ContainsInstruction - 0.00572 (ms)
2026-07-12 22:02:41,693 [INFO] Pass: GatesInBasis - 0.86141 (ms)
2026-07-12 22:02:41,693 [INFO] Pass: Depth - 0.15998 (ms)
2026-07-12 22:02:41,693 [INFO] Pass: FixedPoint - 0.00620 (ms)
2026-07-12 22:02:41,694 [INFO] Pass: Depth - 0.15688 (ms)
2026-07-12 22:02:41,694 [INFO] Pass: FixedPoint - 0.00548 (ms)
2026-07-12 22:02:41,694 [INFO] Pass: Size - 0.05722 (ms)
2026-07-12 22:02:41,694 [INFO] Pass: FixedPoint - 0.00405 (ms)
2026-07-12 22:02:41,694 [INFO] Pass: Size - 0.05555 (ms)
2026-07-12 22:02:41,694 [INFO] Pass: FixedPoint - 0.00405 (ms)
2026-07-12 22:02:41,694 [INFO] Pass: ContainsInstruction - 0.00525 (ms)
2026-07-12 22:02:41,694 [INFO] Pass: BasisTranslator - 0.80609 (ms)
2026-07-12 22:02:41,694 [INFO] Pass: Optimize1qGatesDecomposition - 0.84329 (ms)
2026-07-12 22:02:41,694 [INFO] Pass: InverseCancellation - 0.00954 (ms)
2026-07-12 22:02:41,694 [INFO] Pass: Depth - 0.17333 (ms)
2026-07-12 22:02:41,694 [INFO] Pass: FixedPoint - 0.00763 (ms)
2026-07-12 22:02:41,694 [INFO] Pass: Optimize1qGatesDecomposition - 0.69857 (ms)
2026-07-12 22:02:41,694 [INFO] Pass: InverseCancellation - 0.00739 (ms)
2026-07-12 22:02:41,694 [INFO] Pass: Size - 0.06008 (ms)
2026-07-12 22:02:41,694 [INFO] Pass: FixedPoint - 0.00429 (ms)
2026-07-12 22:02:41,695 [INFO] Total Transpile Time - 64.50820 (ms)
2026-07-12 22:02:41,695 [INFO] Pass: GatesInBasis - 0.78773 (ms)
2026-07-12 22:02:41,695 [INFO] Total Transpile Time - 65.15765 (ms)
2026-07-12 22:02:41,695 [INFO] Pass: Depth - 0.16570 (ms)
2026-07-12 22:02:41,695 [INFO] Pass: FixedPoint - 0.00572 (ms)
2026-07-12 22:02:41,695 [INFO] Pass: Size - 0.05674 (ms)
2026-07-12 22:02:41,695 [INFO] Pass: GatesInBasis - 0.87309 (ms)
2026-07-12 22:02:41,695 [INFO] Pass: FixedPoint - 0.00429 (ms)
2026-07-12 22:02:41,695 [INFO] Pass: Optimize1qGatesDecomposition - 0.85402 (ms)
2026-07-12 22:02:41,695 [INFO] Pass: InverseCancellation - 0.00834 (ms)
2026-07-12 22:02:41,696 [INFO] Pass: Depth - 0.15783 (ms)
2026-07-12 22:02:41,696 [INFO] Pass: FixedPoint - 0.00548 (ms)
2026-07-12 22:02:41,696 [INFO] Pass: Size - 0.05674 (ms)
2026-07-12 22:02:41,696 [INFO] Pass: ContainsInstruction - 0.00882 (ms)
2026-07-12 22:02:41,696 [INFO] Pass: FixedPoint - 0.00405 (ms)
2026-07-12 22:02:41,696 [INFO] Pass: ContainsInstruction - 0.00548 (ms)
2026-07-12 22:02:41,696 [INFO] Pass: InverseCancellation - 0.16570 (ms)
2026-07-12 22:02:41,696 [INFO] Pass: UnitarySynthesis - 0.00525 (ms)
2026-07-12 22:02:41,696 [INFO] Pass: Optimize1qGatesDecomposition - 0.69213 (ms)
2026-07-12 22:02:41,696 [INFO] Pass: InverseCancellation - 0.00811 (ms)
2026-07-12 22:02:41,696 [INFO] Pass: GatesInBasis - 0.79679 (ms)
2026-07-12 22:02:41,696 [INFO] Pass: Depth - 0.16046 (ms)
2026-07-12 22:02:41,697 [INFO] Pass: FixedPoint - 0.00596 (ms)
2026-07-12 22:02:41,697 [INFO] Pass: ContainsInstruction - 0.00811 (ms)
2026-07-12 22:02:41,697 [INFO] Pass: Size - 0.05722 (ms)
2026-07-12 22:02:41,697 [INFO] Pass: FixedPoint - 0.00405 (ms)
2026-07-12 22:02:41,697 [INFO] Pass: InverseCancellation - 0.16379 (ms)
2026-07-12 22:02:41,697 [INFO] Pass: UnitarySynthesis - 0.00477 (ms)
2026-07-12 22:02:41,697 [INFO] Pass: GatesInBasis - 0.83661 (ms)
2026-07-12 22:02:41,697 [INFO] Total Transpile Time - 64.82124 (ms)
2026-07-12 22:02:41,697 [INFO] Pass: Depth - 0.16189 (ms)
2026-07-12 22:02:41,697 [INFO] Pass: FixedPoint - 0.00525 (ms)
2026-07-12 22:02:41,697 [INFO] Pass: Size - 0.05603 (ms)
2026-07-12 22:02:41,697 [INFO] Pass: Optimize1qGatesDecomposition - 0.69690 (ms)
2026-07-12 22:02:41,697 [INFO] Pass: FixedPoint - 0.00405 (ms)
2026-07-12 22:02:41,697 [INFO] Pass: HighLevelSynthesis - 1.43623 (ms)
2026-07-12 22:02:41,697 [INFO] Pass: ContainsInstruction - 0.00525 (ms)
2026-07-12 22:02:41,697 [INFO] Pass: InverseCancellation - 0.00739 (ms)
2026-07-12 22:02:41,698 [INFO] Pass: BasisTranslator - 0.80204 (ms)
2026-07-12 22:02:41,698 [INFO] Pass: HighLevelSynthesis - 1.43790 (ms)
2026-07-12 22:02:41,698 [INFO] Pass: GatesInBasis - 0.87190 (ms)
2026-07-12 22:02:41,698 [INFO] Pass: Depth - 0.17357 (ms)
2026-07-12 22:02:41,699 [INFO] Pass: FixedPoint - 0.00906 (ms)
2026-07-12 22:02:41,699 [INFO] Pass: Depth - 0.15974 (ms)
2026-07-12 22:02:41,699 [INFO] Pass: FixedPoint - 0.00572 (ms)
2026-07-12 22:02:41,699 [INFO] Pass: Size - 0.06032 (ms)
2026-07-12 22:02:41,699 [INFO] Pass: FixedPoint - 0.00429 (ms)
2026-07-12 22:02:41,699 [INFO] Pass: Size - 0.05651 (ms)
2026-07-12 22:02:41,699 [INFO] Pass: FixedPoint - 0.00429 (ms)
2026-07-12 22:02:41,699 [INFO] Pass: ContainsInstruction - 0.00596 (ms)
2026-07-12 22:02:41,699 [INFO] Total Transpile Time - 64.89539 (ms)
2026-07-12 22:02:41,699 [INFO] Pass: BasisTranslator - 0.79536 (ms)
2026-07-12 22:02:41,699 [INFO] Pass: Depth - 0.17524 (ms)
2026-07-12 22:02:41,699 [INFO] Pass: FixedPoint - 0.00763 (ms)
2026-07-12 22:02:41,700 [INFO] Pass: Size - 0.06056 (ms)
2026-07-12 22:02:41,700 [INFO] Pass: FixedPoint - 0.00429 (ms)
2026-07-12 22:02:41,700 [INFO] Pass: Optimize1qGatesDecomposition - 0.86093 (ms)
2026-07-12 22:02:41,700 [INFO] Pass: InverseCancellation - 0.00954 (ms)
2026-07-12 22:02:41,700 [INFO] Total Transpile Time - 64.57829 (ms)
2026-07-12 22:02:41,700 [INFO] Pass: GatesInBasis - 0.79274 (ms)
2026-07-12 22:02:41,700 [INFO] Pass: Optimize1qGatesDecomposition - 0.85306 (ms)
2026-07-12 22:02:41,701 [INFO] Pass: InverseCancellation - 0.00882 (ms)
2026-07-12 22:02:41,701 [INFO] Pass: Depth - 0.16165 (ms)
2026-07-12 22:02:41,701 [INFO] Pass: FixedPoint - 0.00548 (ms)
2026-07-12 22:02:41,701 [INFO] Pass: Size - 0.05674 (ms)
2026-07-12 22:02:41,701 [INFO] Pass: FixedPoint - 0.00429 (ms)
2026-07-12 22:02:41,701 [INFO] Pass: GatesInBasis - 0.79584 (ms)
2026-07-12 22:02:41,702 [INFO] Pass: Depth - 0.16189 (ms)
2026-07-12 22:02:41,702 [INFO] Pass: Optimize1qGatesDecomposition - 0.70143 (ms)
2026-07-12 22:02:41,702 [INFO] Pass: FixedPoint - 0.00620 (ms)
2026-07-12 22:02:41,702 [INFO] Pass: InverseCancellation - 0.00882 (ms)
2026-07-12 22:02:41,702 [INFO] Pass: Size - 0.05627 (ms)
2026-07-12 22:02:41,702 [INFO] Pass: FixedPoint - 0.00429 (ms)
2026-07-12 22:02:41,702 [INFO] Pass: Optimize1qGatesDecomposition - 0.69356 (ms)
2026-07-12 22:02:41,703 [INFO] Pass: InverseCancellation - 0.00715 (ms)
2026-07-12 22:02:41,703 [INFO] Pass: GatesInBasis - 0.84329 (ms)
2026-07-12 22:02:41,703 [INFO] Pass: Depth - 0.15640 (ms)
2026-07-12 22:02:41,703 [INFO] Pass: FixedPoint - 0.00548 (ms)
2026-07-12 22:02:41,703 [INFO] Pass: Size - 0.05579 (ms)
2026-07-12 22:02:41,703 [INFO] Pass: FixedPoint - 0.00477 (ms)
2026-07-12 22:02:41,703 [INFO] Pass: ContainsInstruction - 0.00596 (ms)
2026-07-12 22:02:41,703 [INFO] Pass: ContainsInstruction - 0.00858 (ms)
2026-07-12 22:02:41,703 [INFO] Pass: ContainsInstruction - 0.00882 (ms)
2026-07-12 22:02:41,703 [INFO] Pass: GatesInBasis - 0.84686 (ms)
2026-07-12 22:02:41,703 [INFO] Pass: InverseCancellation - 0.16475 (ms)
2026-07-12 22:02:41,703 [INFO] Pass: UnitarySynthesis - 0.00501 (ms)
2026-07-12 22:02:41,704 [INFO] Pass: InverseCancellation - 0.18740 (ms)
2026-07-12 22:02:41,704 [INFO] Pass: UnitarySynthesis - 0.00477 (ms)
2026-07-12 22:02:41,704 [INFO] Pass: Depth - 0.16451 (ms)
2026-07-12 22:02:41,704 [INFO] Pass: FixedPoint - 0.00572 (ms)
2026-07-12 22:02:41,704 [INFO] Pass: Size - 0.05746 (ms)
2026-07-12 22:02:41,704 [INFO] Pass: FixedPoint - 0.00429 (ms)
2026-07-12 22:02:41,704 [INFO] Pass: ContainsInstruction - 0.00596 (ms)
2026-07-12 22:02:41,704 [INFO] Total Transpile Time - 65.32335 (ms)
2026-07-12 22:02:41,705 [INFO] Pass: HighLevelSynthesis - 1.43814 (ms)
2026-07-12 22:02:41,705 [INFO] Pass: HighLevelSynthesis - 1.53732 (ms)
2026-07-12 22:02:41,705 [INFO] Total Transpile Time - 64.83150 (ms)
2026-07-12 22:02:41,706 [INFO] Pass: BasisTranslator - 0.80824 (ms)
2026-07-12 22:02:41,706 [INFO] Pass: Depth - 0.17715 (ms)
2026-07-12 22:02:41,706 [INFO] Pass: ContainsInstruction - 0.00834 (ms)
2026-07-12 22:02:41,706 [INFO] Pass: BasisTranslator - 0.86141 (ms)
2026-07-12 22:02:41,706 [INFO] Pass: FixedPoint - 0.00763 (ms)
2026-07-12 22:02:41,706 [INFO] Pass: Size - 0.06533 (ms)
2026-07-12 22:02:41,706 [INFO] Pass: FixedPoint - 0.00453 (ms)
2026-07-12 22:02:41,706 [INFO] Pass: InverseCancellation - 0.17309 (ms)
2026-07-12 22:02:41,706 [INFO] Pass: Depth - 0.19979 (ms)
2026-07-12 22:02:41,706 [INFO] Pass: UnitarySynthesis - 0.00525 (ms)
2026-07-12 22:02:41,706 [INFO] Pass: FixedPoint - 0.00858 (ms)
2026-07-12 22:02:41,706 [INFO] Pass: Size - 0.05960 (ms)
2026-07-12 22:02:41,707 [INFO] Pass: FixedPoint - 0.00477 (ms)
2026-07-12 22:02:41,707 [INFO] Pass: Optimize1qGatesDecomposition - 0.85163 (ms)
2026-07-12 22:02:41,707 [INFO] Pass: InverseCancellation - 0.00954 (ms)
2026-07-12 22:02:41,708 [INFO] Pass: Optimize1qGatesDecomposition - 0.94199 (ms)
2026-07-12 22:02:41,708 [INFO] Pass: InverseCancellation - 0.01001 (ms)
2026-07-12 22:02:41,708 [INFO] Pass: HighLevelSynthesis - 1.45030 (ms)
2026-07-12 22:02:41,708 [INFO] Pass: GatesInBasis - 0.78869 (ms)
2026-07-12 22:02:41,708 [INFO] Pass: Depth - 0.16594 (ms)
2026-07-12 22:02:41,708 [INFO] Pass: FixedPoint - 0.00644 (ms)
2026-07-12 22:02:41,708 [INFO] Pass: Size - 0.05722 (ms)
2026-07-12 22:02:41,708 [INFO] Pass: FixedPoint - 0.00405 (ms)
2026-07-12 22:02:41,708 [INFO] Pass: GatesInBasis - 0.83804 (ms)
2026-07-12 22:02:41,709 [INFO] Pass: BasisTranslator - 0.79465 (ms)
2026-07-12 22:02:41,709 [INFO] Pass: Depth - 0.18382 (ms)
2026-07-12 22:02:41,709 [INFO] Pass: FixedPoint - 0.00644 (ms)
2026-07-12 22:02:41,709 [INFO] Pass: Size - 0.06247 (ms)
2026-07-12 22:02:41,709 [INFO] Pass: FixedPoint - 0.00453 (ms)
2026-07-12 22:02:41,709 [INFO] Pass: Depth - 0.17285 (ms)
2026-07-12 22:02:41,709 [INFO] Pass: FixedPoint - 0.00787 (ms)
2026-07-12 22:02:41,709 [INFO] Pass: Size - 0.05984 (ms)
2026-07-12 22:02:41,709 [INFO] Pass: FixedPoint - 0.00429 (ms)
2026-07-12 22:02:41,709 [INFO] Pass: ContainsInstruction - 0.00954 (ms)
2026-07-12 22:02:41,709 [INFO] Pass: Optimize1qGatesDecomposition - 0.69904 (ms)
2026-07-12 22:02:41,709 [INFO] Pass: InverseCancellation - 0.00763 (ms)
2026-07-12 22:02:41,709 [INFO] Pass: InverseCancellation - 0.16570 (ms)
2026-07-12 22:02:41,709 [INFO] Pass: UnitarySynthesis - 0.00572 (ms)
2026-07-12 22:02:41,710 [INFO] Pass: Optimize1qGatesDecomposition - 0.76175 (ms)
2026-07-12 22:02:41,710 [INFO] Pass: InverseCancellation - 0.00858 (ms)
2026-07-12 22:02:41,710 [INFO] Pass: Optimize1qGatesDecomposition - 0.85592 (ms)
2026-07-12 22:02:41,710 [INFO] Pass: InverseCancellation - 0.00906 (ms)
2026-07-12 22:02:41,710 [INFO] Pass: GatesInBasis - 0.84639 (ms)
2026-07-12 22:02:41,710 [INFO] Pass: Depth - 0.15926 (ms)
2026-07-12 22:02:41,710 [INFO] Pass: FixedPoint - 0.00501 (ms)
2026-07-12 22:02:41,710 [INFO] Pass: Size - 0.05579 (ms)
2026-07-12 22:02:41,710 [INFO] Pass: FixedPoint - 0.00429 (ms)
2026-07-12 22:02:41,710 [INFO] Pass: ContainsInstruction - 0.00548 (ms)
2026-07-12 22:02:41,711 [INFO] Pass: GatesInBasis - 0.95940 (ms)
2026-07-12 22:02:41,711 [INFO] Pass: GatesInBasis - 0.80800 (ms)
2026-07-12 22:02:41,711 [INFO] Pass: HighLevelSynthesis - 1.46556 (ms)
2026-07-12 22:02:41,711 [INFO] Pass: Depth - 0.18167 (ms)
2026-07-12 22:02:41,711 [INFO] Pass: FixedPoint - 0.00572 (ms)
2026-07-12 22:02:41,711 [INFO] Pass: Depth - 0.16093 (ms)
2026-07-12 22:02:41,711 [INFO] Pass: Size - 0.05674 (ms)
2026-07-12 22:02:41,711 [INFO] Pass: FixedPoint - 0.00978 (ms)
2026-07-12 22:02:41,711 [INFO] Pass: FixedPoint - 0.00405 (ms)
2026-07-12 22:02:41,711 [INFO] Pass: ContainsInstruction - 0.01693 (ms)
2026-07-12 22:02:41,711 [INFO] Pass: Size - 0.05627 (ms)
2026-07-12 22:02:41,711 [INFO] Pass: FixedPoint - 0.00429 (ms)
2026-07-12 22:02:41,712 [INFO] Pass: BasisTranslator - 0.79727 (ms)
2026-07-12 22:02:41,712 [INFO] Total Transpile Time - 64.75592 (ms)
2026-07-12 22:02:41,712 [INFO] Pass: Depth - 0.17667 (ms)
2026-07-12 22:02:41,712 [INFO] Pass: Optimize1qGatesDecomposition - 0.69976 (ms)
2026-07-12 22:02:41,712 [INFO] Pass: FixedPoint - 0.00811 (ms)
2026-07-12 22:02:41,712 [INFO] Pass: InverseCancellation - 0.00763 (ms)
2026-07-12 22:02:41,712 [INFO] Pass: Size - 0.06151 (ms)
2026-07-12 22:02:41,712 [INFO] Pass: FixedPoint - 0.00453 (ms)
2026-07-12 22:02:41,713 [INFO] Total Transpile Time - 66.28489 (ms)
2026-07-12 22:02:41,713 [INFO] Pass: GatesInBasis - 0.85616 (ms)
2026-07-12 22:02:41,713 [INFO] Pass: Optimize1qGatesDecomposition - 0.84710 (ms)
2026-07-12 22:02:41,713 [INFO] Pass: InverseCancellation - 0.01025 (ms)
2026-07-12 22:02:41,713 [INFO] Pass: Depth - 0.16642 (ms)
2026-07-12 22:02:41,713 [INFO] Pass: FixedPoint - 0.00548 (ms)
2026-07-12 22:02:41,713 [INFO] Pass: ContainsInstruction - 0.00906 (ms)
2026-07-12 22:02:41,713 [INFO] Pass: Size - 0.05651 (ms)
2026-07-12 22:02:41,713 [INFO] Pass: FixedPoint - 0.00429 (ms)
2026-07-12 22:02:41,713 [INFO] Pass: ContainsInstruction - 0.00596 (ms)
2026-07-12 22:02:41,713 [INFO] Pass: InverseCancellation - 0.16880 (ms)
2026-07-12 22:02:41,713 [INFO] Pass: UnitarySynthesis - 0.00501 (ms)
2026-07-12 22:02:41,714 [INFO] Pass: GatesInBasis - 0.79846 (ms)
2026-07-12 22:02:41,714 [INFO] Pass: Depth - 0.16546 (ms)
2026-07-12 22:02:41,714 [INFO] Pass: FixedPoint - 0.00596 (ms)
2026-07-12 22:02:41,714 [INFO] Pass: Size - 0.05627 (ms)
2026-07-12 22:02:41,714 [INFO] Pass: FixedPoint - 0.00429 (ms)
2026-07-12 22:02:41,715 [INFO] Total Transpile Time - 65.07206 (ms)
2026-07-12 22:02:41,715 [INFO] Pass: HighLevelSynthesis - 1.45578 (ms)
2026-07-12 22:02:41,715 [INFO] Pass: Optimize1qGatesDecomposition - 0.69761 (ms)
2026-07-12 22:02:41,715 [INFO] Pass: InverseCancellation - 0.00739 (ms)
2026-07-12 22:02:41,716 [INFO] Pass: BasisTranslator - 0.80395 (ms)
2026-07-12 22:02:41,716 [INFO] Pass: GatesInBasis - 0.87690 (ms)
2026-07-12 22:02:41,716 [INFO] Pass: Depth - 0.17452 (ms)
2026-07-12 22:02:41,716 [INFO] Pass: FixedPoint - 0.00834 (ms)
2026-07-12 22:02:41,716 [INFO] Pass: Size - 0.05984 (ms)
2026-07-12 22:02:41,716 [INFO] Pass: Depth - 0.16141 (ms)
2026-07-12 22:02:41,716 [INFO] Pass: FixedPoint - 0.00453 (ms)
2026-07-12 22:02:41,716 [INFO] Pass: FixedPoint - 0.00548 (ms)
2026-07-12 22:02:41,716 [INFO] Pass: Size - 0.05603 (ms)
2026-07-12 22:02:41,716 [INFO] Pass: FixedPoint - 0.00429 (ms)
2026-07-12 22:02:41,716 [INFO] Pass: ContainsInstruction - 0.00596 (ms)
2026-07-12 22:02:41,717 [INFO] Pass: Optimize1qGatesDecomposition - 0.86975 (ms)
2026-07-12 22:02:41,717 [INFO] Pass: InverseCancellation - 0.00930 (ms)
2026-07-12 22:02:41,718 [INFO] Pass: ContainsInstruction - 0.00834 (ms)
2026-07-12 22:02:41,718 [INFO] Total Transpile Time - 64.99410 (ms)
2026-07-12 22:02:41,718 [INFO] Pass: InverseCancellation - 0.17691 (ms)
2026-07-12 22:02:41,718 [INFO] Pass: UnitarySynthesis - 0.00501 (ms)
2026-07-12 22:02:41,718 [INFO] Pass: GatesInBasis - 0.78797 (ms)
2026-07-12 22:02:41,718 [INFO] Pass: Depth - 0.16928 (ms)
2026-07-12 22:02:41,718 [INFO] Pass: FixedPoint - 0.00644 (ms)
2026-07-12 22:02:41,718 [INFO] Pass: Size - 0.05770 (ms)
2026-07-12 22:02:41,718 [INFO] Pass: FixedPoint - 0.00429 (ms)
2026-07-12 22:02:41,719 [INFO] Pass: Optimize1qGatesDecomposition - 0.72598 (ms)
2026-07-12 22:02:41,719 [INFO] Pass: InverseCancellation - 0.00834 (ms)
2026-07-12 22:02:41,720 [INFO] Pass: HighLevelSynthesis - 1.48821 (ms)
2026-07-12 22:02:41,720 [INFO] Pass: GatesInBasis - 0.87738 (ms)
2026-07-12 22:02:41,720 [INFO] Pass: BasisTranslator - 0.80061 (ms)
2026-07-12 22:02:41,720 [INFO] Pass: Depth - 0.16379 (ms)
2026-07-12 22:02:41,720 [INFO] Pass: FixedPoint - 0.00596 (ms)
2026-07-12 22:02:41,721 [INFO] Pass: Size - 0.05913 (ms)
2026-07-12 22:02:41,721 [INFO] Pass: FixedPoint - 0.00429 (ms)
2026-07-12 22:02:41,721 [INFO] Pass: ContainsInstruction - 0.00644 (ms)
2026-07-12 22:02:41,721 [INFO] Pass: Depth - 0.17834 (ms)
2026-07-12 22:02:41,721 [INFO] Pass: FixedPoint - 0.00882 (ms)
2026-07-12 22:02:41,721 [INFO] Pass: Size - 0.06008 (ms)
2026-07-12 22:02:41,721 [INFO] Pass: FixedPoint - 0.00429 (ms)
2026-07-12 22:02:41,722 [INFO] Pass: Optimize1qGatesDecomposition - 0.88143 (ms)
2026-07-12 22:02:41,722 [INFO] Pass: InverseCancellation - 0.00930 (ms)
2026-07-12 22:02:41,722 [INFO] Total Transpile Time - 64.73064 (ms)
2026-07-12 22:02:41,723 [INFO] Pass: GatesInBasis - 0.79536 (ms)
2026-07-12 22:02:41,723 [INFO] Pass: Depth - 0.16093 (ms)
2026-07-12 22:02:41,723 [INFO] Pass: FixedPoint - 0.00596 (ms)
2026-07-12 22:02:41,723 [INFO] Pass: Size - 0.05698 (ms)
2026-07-12 22:02:41,723 [INFO] Pass: FixedPoint - 0.00453 (ms)
2026-07-12 22:02:41,724 [INFO] Pass: Optimize1qGatesDecomposition - 0.70119 (ms)
2026-07-12 22:02:41,724 [INFO] Pass: InverseCancellation - 0.00811 (ms)
2026-07-12 22:02:41,725 [INFO] Pass: GatesInBasis - 0.87380 (ms)
2026-07-12 22:02:41,725 [INFO] Pass: Depth - 0.16117 (ms)
2026-07-12 22:02:41,725 [INFO] Pass: FixedPoint - 0.00572 (ms)
2026-07-12 22:02:41,725 [INFO] Pass: Size - 0.05627 (ms)
2026-07-12 22:02:41,725 [INFO] Pass: FixedPoint - 0.00381 (ms)
2026-07-12 22:02:41,725 [INFO] Pass: ContainsInstruction - 0.00596 (ms)
2026-07-12 22:02:41,727 [INFO] Total Transpile Time - 65.25660 (ms)
2026-07-12 22:02:42,306 [INFO] [PCE] Aer metadata (1a ejecucion de este proceso): device=CPU method=statevector shots=8192 fusion_enabled=True
2026-07-12 22:02:42,309 [INFO] [PCE] Aer metadata (1a ejecucion de este proceso): device=CPU method=statevector shots=8192 fusion_enabled=True
2026-07-12 22:02:42,312 [INFO] [PCE] Aer metadata (1a ejecucion de este proceso): device=CPU method=statevector shots=8192 fusion_enabled=True
2026-07-12 22:02:42,316 [INFO] [PCE] Aer metadata (1a ejecucion de este proceso): device=CPU method=statevector shots=8192 fusion_enabled=True
2026-07-12 22:02:42,324 [INFO] [PCE] Aer metadata (1a ejecucion de este proceso): device=CPU method=statevector shots=8192 fusion_enabled=True
2026-07-12 22:02:42,328 [INFO] [PCE] Aer metadata (1a ejecucion de este proceso): device=CPU method=statevector shots=8192 fusion_enabled=True
2026-07-12 22:02:42,331 [INFO] [PCE] Aer metadata (1a ejecucion de este proceso): device=CPU method=statevector shots=8192 fusion_enabled=True
2026-07-12 22:02:42,334 [INFO] [PCE] Aer metadata (1a ejecucion de este proceso): device=CPU method=statevector shots=8192 fusion_enabled=True
2026-07-12 22:02:42,340 [INFO] [PCE] Aer metadata (1a ejecucion de este proceso): device=CPU method=statevector shots=8192 fusion_enabled=True
2026-07-12 22:02:42,343 [INFO] [PCE] Aer metadata (1a ejecucion de este proceso): device=CPU method=statevector shots=8192 fusion_enabled=True
2026-07-12 22:02:42,346 [INFO] [PCE] Aer metadata (1a ejecucion de este proceso): device=CPU method=statevector shots=8192 fusion_enabled=True
2026-07-12 22:02:42,347 [INFO] [PCE] Aer metadata (1a ejecucion de este proceso): device=CPU method=statevector shots=8192 fusion_enabled=True
2026-07-12 22:02:42,347 [INFO] [PCE] Aer metadata (1a ejecucion de este proceso): device=CPU method=statevector shots=8192 fusion_enabled=True
2026-07-12 22:02:42,347 [INFO] [PCE] Aer metadata (1a ejecucion de este proceso): device=CPU method=statevector shots=8192 fusion_enabled=True
2026-07-12 22:02:42,351 [INFO] [PCE] Aer metadata (1a ejecucion de este proceso): device=CPU method=statevector shots=8192 fusion_enabled=True
2026-07-13 05:38:08,146 [INFO] [PCE] n=200 instancia (idx=7) 1/15 completada (paralelo) - transcurrido=0:07:35:27
2026-07-13 05:38:22,404 [INFO] [PCE] n=200 instancia (idx=42) 2/15 completada (paralelo) - transcurrido=0:07:35:41
2026-07-13 05:39:36,904 [INFO] [PCE] n=200 instancia (idx=35) 3/15 completada (paralelo) - transcurrido=0:07:36:55
2026-07-13 05:41:42,758 [INFO] [PCE] n=200 instancia (idx=63) 4/15 completada (paralelo) - transcurrido=0:07:39:01
2026-07-13 05:52:59,901 [INFO] [PCE] n=200 instancia (idx=98) 5/15 completada (paralelo) - transcurrido=0:07:50:18
2026-07-13 06:00:02,380 [INFO] [PCE] n=200 instancia (idx=84) 6/15 completada (paralelo) - transcurrido=0:07:57:21
2026-07-13 06:04:39,234 [INFO] [PCE] n=200 instancia (idx=56) 7/15 completada (paralelo) - transcurrido=0:08:01:58
2026-07-13 06:05:29,905 [INFO] [PCE] n=200 instancia (idx=0) 8/15 completada (paralelo) - transcurrido=0:08:02:48
2026-07-13 06:06:14,819 [INFO] [PCE] n=200 instancia (idx=28) 9/15 completada (paralelo) - transcurrido=0:08:03:33
2026-07-13 06:07:06,416 [INFO] [PCE] n=200 instancia (idx=21) 10/15 completada (paralelo) - transcurrido=0:08:04:25
2026-07-13 06:08:18,902 [INFO] [PCE] n=200 instancia (idx=70) 11/15 completada (paralelo) - transcurrido=0:08:05:37
2026-07-13 06:09:20,573 [INFO] [PCE] n=200 instancia (idx=49) 12/15 completada (paralelo) - transcurrido=0:08:06:39
2026-07-13 06:10:41,719 [INFO] [PCE] n=200 instancia (idx=14) 13/15 completada (paralelo) - transcurrido=0:08:08:00
2026-07-13 06:12:49,822 [INFO] [PCE] n=200 instancia (idx=91) 14/15 completada (paralelo) - transcurrido=0:08:10:08
2026-07-13 06:13:19,620 [INFO] [PCE] n=200 instancia (idx=77) 15/15 completada (paralelo) - transcurrido=0:08:10:38
2026-07-13 06:13:19,735 [INFO] [PCE] n=200 chunk 1/7 completado - beta_parcial=0.2360 duration=0:08:10:38 shots=8192 backend=AER
