slurmstepd: info: Setting TMPDIR to /scratch/8413568. Previous errors about TMPDIR can be discarded
==============================
RUN_ID: 20260712-220132
Array ID: 8  (entrada: 225:1:7)
num_nodes: 225   chunk: 2/7
num_instances (total del n): 100
num_workers: 16   cpus-per-task: 32
OMP_NUM_THREADS=1 OPENBLAS_NUM_THREADS=1 MKL_NUM_THREADS=1
device: CPU   optimizer: DIFFERENTIALEVOLUTION   maxiter: 25   k: 3
backend: AER   shots: 8192
==============================

==============================
num_nodes     = 225
num_instances = 100 (total del n)
chunk         = 2/7
num_workers   = 16
k             = 3
optimizer     = DIFFERENTIALEVOLUTION
maxiter       = 25
backend       = AER
outdir        = Resultados/PCE/20260712-220132/chunks
==============================

(num_workers ajustado de 16 a 15: este chunk solo tiene 15 instancias)
[TIMING] pid=7581 idx=22 t0=10232677.479 grafo=0.039s init_bench=0.000s run_pce=30308.204s total=30308.243s
[TIMING] pid=7589 idx=78 t0=10232677.509 grafo=0.039s init_bench=0.000s run_pce=30409.895s total=30409.933s
[TIMING] pid=7587 idx=64 t0=10232677.501 grafo=0.038s init_bench=0.000s run_pce=30413.428s total=30413.467s
[TIMING] pid=7591 idx=92 t0=10232677.517 grafo=0.039s init_bench=0.000s run_pce=30433.748s total=30433.786s
[TIMING] pid=7580 idx=15 t0=10232677.476 grafo=0.039s init_bench=0.000s run_pce=31215.044s total=31215.083s
[TIMING] pid=7582 idx=29 t0=10232677.482 grafo=0.039s init_bench=0.000s run_pce=31648.855s total=31648.894s
[TIMING] pid=7592 idx=99 t0=10232677.521 grafo=0.038s init_bench=0.000s run_pce=31661.639s total=31661.677s
[TIMING] pid=7579 idx=8 t0=10232677.475 grafo=0.040s init_bench=0.000s run_pce=32009.921s total=32009.961s
[TIMING] pid=7588 idx=71 t0=10232677.506 grafo=0.039s init_bench=0.000s run_pce=32122.753s total=32122.792s
[TIMING] pid=7576 idx=1 t0=10232677.472 grafo=0.039s init_bench=0.000s run_pce=32172.603s total=32172.642s
[TIMING] pid=7585 idx=50 t0=10232677.493 grafo=0.040s init_bench=0.000s run_pce=32194.378s total=32194.418s
[TIMING] pid=7584 idx=43 t0=10232677.489 grafo=0.039s init_bench=0.000s run_pce=32228.361s total=32228.400s
[TIMING] pid=7583 idx=36 t0=10232677.485 grafo=0.039s init_bench=0.000s run_pce=32391.596s total=32391.635s
[TIMING] pid=7590 idx=85 t0=10232677.513 grafo=0.039s init_bench=0.000s run_pce=32569.413s total=32569.452s
[TIMING] pid=7586 idx=57 t0=10232677.497 grafo=0.039s init_bench=0.000s run_pce=32733.852s total=32733.890s

✔ n=225 chunk 2/7 (15 instancias) beta_parcial=0.2472 ± 0.0253
✔ Resultado del chunk guardado en: Resultados/PCE/20260712-220132/chunks/n_225_chunk_1_of_7.h5
  (recuerda: esto es PARCIAL — hace falta merge_chunks_qscore_PCE.py para combinar todos los chunks de este n antes de agregar)
Fecha fin: Mon Jul 13 07:08:16 AM CEST 2026

*****************************************************************************
*                                                                           *
*                    JOB EFFICIENCY REPORT (seff 8413568)                   *
*                                                                           *
*****************************************************************************

Job ID: 8413568
Array Job ID: 8413559_8
Cluster: finisterrae3
User/Group: tec_app6/cesga
State: COMPLETED (exit code 0)
Nodes: 1
Cores per node: 32
CPU Utilized: 14:09:26
CPU Efficiency: 4.86% of 12-03:01:52 core-walltime
Job Wall-clock time: 09:05:41
Memory Utilized: 8.27 GB
Memory Efficiency: 25.84% of 32.00 GB

 +++++++++++++++++++++++++++++++++++++++++++++++++++++++++++++++++++++++++++
 ++   Memory Efficiency is too small. Please review the requested memory. ++
 ++ It seems that you do not need that much memory so we recommend        ++
 ++ requesting less memory in other similar jobs.                         ++
 +++++++++++++++++++++++++++++++++++++++++++++++++++++++++++++++++++++++++++
 
*****************************************************************************

