gcc/system unloaded
gcccore/system unloaded
cesga/2022 unloaded
rust/1.75.0 unloaded
imkl/2022.0.1 unloaded
numpy/1.26.4 unloaded
scipy/1.13.1 unloaded
flint/2.8.4 unloaded
symengine/0.11.1 unloaded
symengine-python/0.11.0 unloaded
spdlog/1.9.2 unloaded
pylatexenc/2.10 unloaded
qiskit/1.2.4-aer-gpu-cu11 unloaded
        Preparing the environment for use of the CESGA 2022 software stack.
        Please rebuild modules cache: module --ignore-cache avail
     
cesga/2022 loaded
rust/1.75.0 loaded

imkl/2023.2.0 loaded
numpy/1.26.4 loaded
scipy/1.13.1 loaded
imkl/2023.2.0 unloaded

imkl/2022.0.1 loaded
flint/2.8.4 loaded
symengine/0.11.1 loaded
symengine-python/0.11.0 loaded
spdlog/1.9.2 loaded
pylatexenc/2.10 loaded
gcccore/system loaded
gcc/system loaded
qiskit/1.2.4-aer-gpu-cu11 loaded
2026-07-12 22:02:41,447 [INFO] [PCE] n=200 chunk 7/7: 14 instancias [6, 13, 20, 27, 34, 41, 48, 55, 62, 69, 76, 83, 90, 97], num_workers=14, qubits=9
2026-07-12 22:02:41,448 [INFO] [PCE] n=200 paralelizando 14 instancias entre 14 workers (max_parallel_threads=1 fijo, independiente de num_workers)
2026-07-12 22:02:41,577 [INFO] Pass: ContainsInstruction - 0.01216 (ms)
2026-07-12 22:02:41,577 [INFO] Pass: InverseCancellation - 0.01693 (ms)
2026-07-12 22:02:41,577 [INFO] Pass: UnitarySynthesis - 0.00548 (ms)
2026-07-12 22:02:41,579 [INFO] Pass: HighLevelSynthesis - 1.51968 (ms)
2026-07-12 22:02:41,579 [INFO] Pass: BasisTranslator - 0.85092 (ms)
2026-07-12 22:02:41,580 [INFO] Pass: Depth - 0.19550 (ms)
2026-07-12 22:02:41,580 [INFO] Pass: FixedPoint - 0.01478 (ms)
2026-07-12 22:02:41,580 [INFO] Pass: ContainsInstruction - 0.01478 (ms)
2026-07-12 22:02:41,580 [INFO] Pass: Size - 0.06413 (ms)
2026-07-12 22:02:41,580 [INFO] Pass: FixedPoint - 0.00477 (ms)
2026-07-12 22:02:41,580 [INFO] Pass: InverseCancellation - 0.01550 (ms)
2026-07-12 22:02:41,580 [INFO] Pass: UnitarySynthesis - 0.00596 (ms)
2026-07-12 22:02:41,580 [INFO] Pass: Optimize1qGatesDecomposition - 0.14758 (ms)
2026-07-12 22:02:41,580 [INFO] Pass: InverseCancellation - 0.00787 (ms)
2026-07-12 22:02:41,581 [INFO] Pass: GatesInBasis - 0.79870 (ms)
2026-07-12 22:02:41,581 [INFO] Pass: Depth - 0.15354 (ms)
2026-07-12 22:02:41,581 [INFO] Pass: FixedPoint - 0.00525 (ms)
2026-07-12 22:02:41,581 [INFO] Pass: Size - 0.05674 (ms)
2026-07-12 22:02:41,581 [INFO] Pass: FixedPoint - 0.00429 (ms)
2026-07-12 22:02:41,581 [INFO] Pass: ContainsInstruction - 0.00525 (ms)
2026-07-12 22:02:41,582 [INFO] Pass: HighLevelSynthesis - 1.53351 (ms)
2026-07-12 22:02:41,582 [INFO] Pass: ContainsInstruction - 0.01407 (ms)
2026-07-12 22:02:41,582 [INFO] Pass: InverseCancellation - 0.01597 (ms)
2026-07-12 22:02:41,582 [INFO] Pass: UnitarySynthesis - 0.00548 (ms)
2026-07-12 22:02:41,582 [INFO] Pass: BasisTranslator - 0.83494 (ms)
2026-07-12 22:02:41,583 [INFO] Pass: Depth - 0.19598 (ms)
2026-07-12 22:02:41,583 [INFO] Total Transpile Time - 81.00295 (ms)
2026-07-12 22:02:41,583 [INFO] Pass: FixedPoint - 0.01335 (ms)
2026-07-12 22:02:41,583 [INFO] Pass: ContainsInstruction - 0.01383 (ms)
2026-07-12 22:02:41,583 [INFO] Pass: Size - 0.06700 (ms)
2026-07-12 22:02:41,583 [INFO] Pass: FixedPoint - 0.00453 (ms)
2026-07-12 22:02:41,583 [INFO] Pass: InverseCancellation - 0.01550 (ms)
2026-07-12 22:02:41,583 [INFO] Pass: UnitarySynthesis - 0.00572 (ms)
2026-07-12 22:02:41,583 [INFO] Pass: Optimize1qGatesDecomposition - 0.14305 (ms)
2026-07-12 22:02:41,583 [INFO] Pass: InverseCancellation - 0.00715 (ms)
2026-07-12 22:02:41,583 [INFO] Pass: HighLevelSynthesis - 1.51229 (ms)
2026-07-12 22:02:41,584 [INFO] Pass: GatesInBasis - 0.80419 (ms)
2026-07-12 22:02:41,584 [INFO] Pass: Depth - 0.15330 (ms)
2026-07-12 22:02:41,584 [INFO] Pass: FixedPoint - 0.00572 (ms)
2026-07-12 22:02:41,584 [INFO] Pass: BasisTranslator - 0.81253 (ms)
2026-07-12 22:02:41,584 [INFO] Pass: Size - 0.05674 (ms)
2026-07-12 22:02:41,584 [INFO] Pass: FixedPoint - 0.00429 (ms)
2026-07-12 22:02:41,584 [INFO] Pass: ContainsInstruction - 0.00548 (ms)
2026-07-12 22:02:41,585 [INFO] Pass: Depth - 0.19550 (ms)
2026-07-12 22:02:41,585 [INFO] Pass: FixedPoint - 0.01168 (ms)
2026-07-12 22:02:41,585 [INFO] Pass: HighLevelSynthesis - 1.52278 (ms)
2026-07-12 22:02:41,585 [INFO] Pass: Size - 0.05960 (ms)
2026-07-12 22:02:41,585 [INFO] Pass: FixedPoint - 0.00501 (ms)
2026-07-12 22:02:41,585 [INFO] Pass: Optimize1qGatesDecomposition - 0.14091 (ms)
2026-07-12 22:02:41,585 [INFO] Pass: InverseCancellation - 0.01049 (ms)
2026-07-12 22:02:41,585 [INFO] Pass: BasisTranslator - 0.81801 (ms)
2026-07-12 22:02:41,586 [INFO] Pass: ContainsInstruction - 0.01693 (ms)
2026-07-12 22:02:41,586 [INFO] Pass: InverseCancellation - 0.01597 (ms)
2026-07-12 22:02:41,586 [INFO] Pass: Depth - 0.19121 (ms)
2026-07-12 22:02:41,586 [INFO] Pass: UnitarySynthesis - 0.00572 (ms)
2026-07-12 22:02:41,586 [INFO] Pass: FixedPoint - 0.01335 (ms)
2026-07-12 22:02:41,586 [INFO] Pass: GatesInBasis - 0.79274 (ms)
2026-07-12 22:02:41,586 [INFO] Total Transpile Time - 81.00843 (ms)
2026-07-12 22:02:41,586 [INFO] Pass: Size - 0.06032 (ms)
2026-07-12 22:02:41,586 [INFO] Pass: FixedPoint - 0.00453 (ms)
2026-07-12 22:02:41,586 [INFO] Pass: Depth - 0.16499 (ms)
2026-07-12 22:02:41,586 [INFO] Pass: FixedPoint - 0.00525 (ms)
2026-07-12 22:02:41,586 [INFO] Pass: Optimize1qGatesDecomposition - 0.13709 (ms)
2026-07-12 22:02:41,586 [INFO] Pass: Size - 0.05627 (ms)
2026-07-12 22:02:41,586 [INFO] Pass: InverseCancellation - 0.00763 (ms)
2026-07-12 22:02:41,586 [INFO] Pass: FixedPoint - 0.00429 (ms)
2026-07-12 22:02:41,586 [INFO] Pass: ContainsInstruction - 0.00548 (ms)
2026-07-12 22:02:41,587 [INFO] Pass: GatesInBasis - 0.79393 (ms)
2026-07-12 22:02:41,587 [INFO] Pass: Depth - 0.15259 (ms)
2026-07-12 22:02:41,587 [INFO] Pass: FixedPoint - 0.00525 (ms)
2026-07-12 22:02:41,587 [INFO] Pass: Size - 0.05698 (ms)
2026-07-12 22:02:41,587 [INFO] Pass: HighLevelSynthesis - 1.51157 (ms)
2026-07-12 22:02:41,587 [INFO] Pass: FixedPoint - 0.00429 (ms)
2026-07-12 22:02:41,587 [INFO] Pass: ContainsInstruction - 0.00477 (ms)
2026-07-12 22:02:41,587 [INFO] Total Transpile Time - 80.75857 (ms)
2026-07-12 22:02:41,588 [INFO] Pass: BasisTranslator - 0.76103 (ms)
2026-07-12 22:02:41,588 [INFO] Pass: Depth - 0.19097 (ms)
2026-07-12 22:02:41,588 [INFO] Pass: FixedPoint - 0.01097 (ms)
2026-07-12 22:02:41,588 [INFO] Pass: Size - 0.06008 (ms)
2026-07-12 22:02:41,588 [INFO] Pass: ContainsInstruction - 0.01359 (ms)
2026-07-12 22:02:41,589 [INFO] Pass: FixedPoint - 0.00453 (ms)
2026-07-12 22:02:41,589 [INFO] Pass: InverseCancellation - 0.01407 (ms)
2026-07-12 22:02:41,589 [INFO] Pass: UnitarySynthesis - 0.00572 (ms)
2026-07-12 22:02:41,589 [INFO] Total Transpile Time - 81.37655 (ms)
2026-07-12 22:02:41,589 [INFO] Pass: Optimize1qGatesDecomposition - 0.13447 (ms)
2026-07-12 22:02:41,589 [INFO] Pass: InverseCancellation - 0.00691 (ms)
2026-07-12 22:02:41,590 [INFO] Pass: GatesInBasis - 0.83947 (ms)
2026-07-12 22:02:41,590 [INFO] Pass: Depth - 0.15330 (ms)
2026-07-12 22:02:41,590 [INFO] Pass: FixedPoint - 0.00548 (ms)
2026-07-12 22:02:41,590 [INFO] Pass: Size - 0.05627 (ms)
2026-07-12 22:02:41,590 [INFO] Pass: FixedPoint - 0.00429 (ms)
2026-07-12 22:02:41,590 [INFO] Pass: ContainsInstruction - 0.00501 (ms)
2026-07-12 22:02:41,590 [INFO] Pass: HighLevelSynthesis - 1.52135 (ms)
2026-07-12 22:02:41,591 [INFO] Pass: ContainsInstruction - 0.01431 (ms)
2026-07-12 22:02:41,591 [INFO] Pass: InverseCancellation - 0.01431 (ms)
2026-07-12 22:02:41,591 [INFO] Pass: UnitarySynthesis - 0.00572 (ms)
2026-07-12 22:02:41,591 [INFO] Pass: BasisTranslator - 0.76175 (ms)
2026-07-12 22:02:41,591 [INFO] Pass: Depth - 0.19026 (ms)
2026-07-12 22:02:41,591 [INFO] Pass: FixedPoint - 0.01144 (ms)
2026-07-12 22:02:41,591 [INFO] Total Transpile Time - 80.51658 (ms)
2026-07-12 22:02:41,591 [INFO] Pass: Size - 0.05913 (ms)
2026-07-12 22:02:41,591 [INFO] Pass: FixedPoint - 0.00477 (ms)
2026-07-12 22:02:41,592 [INFO] Pass: Optimize1qGatesDecomposition - 0.13876 (ms)
2026-07-12 22:02:41,592 [INFO] Pass: InverseCancellation - 0.00668 (ms)
2026-07-12 22:02:41,592 [INFO] Pass: HighLevelSynthesis - 1.55830 (ms)
2026-07-12 22:02:41,593 [INFO] Pass: GatesInBasis - 0.85521 (ms)
2026-07-12 22:02:41,593 [INFO] Pass: Depth - 0.15569 (ms)
2026-07-12 22:02:41,593 [INFO] Pass: FixedPoint - 0.00572 (ms)
2026-07-12 22:02:41,593 [INFO] Pass: Size - 0.06294 (ms)
2026-07-12 22:02:41,593 [INFO] Pass: FixedPoint - 0.00429 (ms)
2026-07-12 22:02:41,593 [INFO] Pass: ContainsInstruction - 0.00477 (ms)
2026-07-12 22:02:41,593 [INFO] Pass: BasisTranslator - 0.76580 (ms)
2026-07-12 22:02:41,594 [INFO] Pass: Depth - 0.19407 (ms)
2026-07-12 22:02:41,594 [INFO] Pass: FixedPoint - 0.01121 (ms)
2026-07-12 22:02:41,594 [INFO] Pass: Size - 0.05841 (ms)
2026-07-12 22:02:41,594 [INFO] Pass: FixedPoint - 0.00501 (ms)
2026-07-12 22:02:41,594 [INFO] Pass: ContainsInstruction - 0.01621 (ms)
2026-07-12 22:02:41,594 [INFO] Pass: InverseCancellation - 0.01526 (ms)
2026-07-12 22:02:41,594 [INFO] Pass: UnitarySynthesis - 0.00572 (ms)
2026-07-12 22:02:41,594 [INFO] Pass: Optimize1qGatesDecomposition - 0.14067 (ms)
2026-07-12 22:02:41,594 [INFO] Pass: InverseCancellation - 0.00739 (ms)
2026-07-12 22:02:41,594 [INFO] Total Transpile Time - 81.29692 (ms)
2026-07-12 22:02:41,595 [INFO] Pass: GatesInBasis - 0.83256 (ms)
2026-07-12 22:02:41,595 [INFO] Pass: Depth - 0.15450 (ms)
2026-07-12 22:02:41,595 [INFO] Pass: FixedPoint - 0.00525 (ms)
2026-07-12 22:02:41,595 [INFO] Pass: Size - 0.05698 (ms)
2026-07-12 22:02:41,595 [INFO] Pass: FixedPoint - 0.00405 (ms)
2026-07-12 22:02:41,595 [INFO] Pass: ContainsInstruction - 0.00501 (ms)
2026-07-12 22:02:41,595 [INFO] Pass: HighLevelSynthesis - 1.51753 (ms)
2026-07-12 22:02:41,596 [INFO] Pass: BasisTranslator - 0.80633 (ms)
2026-07-12 22:02:41,597 [INFO] Pass: Depth - 0.19050 (ms)
2026-07-12 22:02:41,597 [INFO] Total Transpile Time - 80.26099 (ms)
2026-07-12 22:02:41,597 [INFO] Pass: FixedPoint - 0.01168 (ms)
2026-07-12 22:02:41,597 [INFO] Pass: Size - 0.05913 (ms)
2026-07-12 22:02:41,597 [INFO] Pass: FixedPoint - 0.00477 (ms)
2026-07-12 22:02:41,597 [INFO] Pass: Optimize1qGatesDecomposition - 0.14234 (ms)
2026-07-12 22:02:41,597 [INFO] Pass: InverseCancellation - 0.00787 (ms)
2026-07-12 22:02:41,598 [INFO] Pass: GatesInBasis - 0.79274 (ms)
2026-07-12 22:02:41,598 [INFO] Pass: Depth - 0.15998 (ms)
2026-07-12 22:02:41,598 [INFO] Pass: FixedPoint - 0.00525 (ms)
2026-07-12 22:02:41,598 [INFO] Pass: Size - 0.05674 (ms)
2026-07-12 22:02:41,598 [INFO] Pass: FixedPoint - 0.00429 (ms)
2026-07-12 22:02:41,598 [INFO] Pass: ContainsInstruction - 0.00525 (ms)
2026-07-12 22:02:41,599 [INFO] Pass: ContainsInstruction - 0.01645 (ms)
2026-07-12 22:02:41,599 [INFO] Pass: InverseCancellation - 0.01478 (ms)
2026-07-12 22:02:41,599 [INFO] Pass: UnitarySynthesis - 0.00572 (ms)
2026-07-12 22:02:41,600 [INFO] Total Transpile Time - 80.10840 (ms)
2026-07-12 22:02:41,601 [INFO] Pass: ContainsInstruction - 0.01335 (ms)
2026-07-12 22:02:41,601 [INFO] Pass: InverseCancellation - 0.01979 (ms)
2026-07-12 22:02:41,601 [INFO] Pass: UnitarySynthesis - 0.00548 (ms)
2026-07-12 22:02:41,601 [INFO] Pass: HighLevelSynthesis - 1.51849 (ms)
2026-07-12 22:02:41,602 [INFO] Pass: BasisTranslator - 0.76675 (ms)
2026-07-12 22:02:41,602 [INFO] Pass: Depth - 0.19312 (ms)
2026-07-12 22:02:41,602 [INFO] Pass: FixedPoint - 0.01144 (ms)
2026-07-12 22:02:41,602 [INFO] Pass: Size - 0.05960 (ms)
2026-07-12 22:02:41,602 [INFO] Pass: FixedPoint - 0.00477 (ms)
2026-07-12 22:02:41,602 [INFO] Pass: Optimize1qGatesDecomposition - 0.13518 (ms)
2026-07-12 22:02:41,602 [INFO] Pass: InverseCancellation - 0.00691 (ms)
2026-07-12 22:02:41,603 [INFO] Pass: HighLevelSynthesis - 1.54090 (ms)
2026-07-12 22:02:41,603 [INFO] Pass: ContainsInstruction - 0.01287 (ms)
2026-07-12 22:02:41,603 [INFO] Pass: GatesInBasis - 0.84352 (ms)
2026-07-12 22:02:41,603 [INFO] Pass: BasisTranslator - 0.75340 (ms)
2026-07-12 22:02:41,603 [INFO] Pass: InverseCancellation - 0.01454 (ms)
2026-07-12 22:02:41,603 [INFO] Pass: UnitarySynthesis - 0.00548 (ms)
2026-07-12 22:02:41,603 [INFO] Pass: Depth - 0.15330 (ms)
2026-07-12 22:02:41,604 [INFO] Pass: FixedPoint - 0.00548 (ms)
2026-07-12 22:02:41,604 [INFO] Pass: Depth - 0.19169 (ms)
2026-07-12 22:02:41,604 [INFO] Pass: FixedPoint - 0.01144 (ms)
2026-07-12 22:02:41,604 [INFO] Pass: Size - 0.05674 (ms)
2026-07-12 22:02:41,604 [INFO] Pass: FixedPoint - 0.00429 (ms)
2026-07-12 22:02:41,604 [INFO] Pass: Size - 0.05889 (ms)
2026-07-12 22:02:41,604 [INFO] Pass: ContainsInstruction - 0.00525 (ms)
2026-07-12 22:02:41,604 [INFO] Pass: FixedPoint - 0.00477 (ms)
2026-07-12 22:02:41,604 [INFO] Pass: Optimize1qGatesDecomposition - 0.14162 (ms)
2026-07-12 22:02:41,604 [INFO] Pass: InverseCancellation - 0.00691 (ms)
2026-07-12 22:02:41,605 [INFO] Pass: GatesInBasis - 0.82445 (ms)
2026-07-12 22:02:41,605 [INFO] Pass: HighLevelSynthesis - 1.51920 (ms)
2026-07-12 22:02:41,605 [INFO] Total Transpile Time - 82.61967 (ms)
2026-07-12 22:02:41,605 [INFO] Pass: Depth - 0.15283 (ms)
2026-07-12 22:02:41,605 [INFO] Pass: FixedPoint - 0.00548 (ms)
2026-07-12 22:02:41,605 [INFO] Pass: Size - 0.05674 (ms)
2026-07-12 22:02:41,605 [INFO] Pass: FixedPoint - 0.00405 (ms)
2026-07-12 22:02:41,605 [INFO] Pass: ContainsInstruction - 0.00501 (ms)
2026-07-12 22:02:41,606 [INFO] Pass: BasisTranslator - 0.80776 (ms)
2026-07-12 22:02:41,606 [INFO] Pass: Depth - 0.19121 (ms)
2026-07-12 22:02:41,606 [INFO] Pass: FixedPoint - 0.01144 (ms)
2026-07-12 22:02:41,606 [INFO] Pass: Size - 0.05889 (ms)
2026-07-12 22:02:41,606 [INFO] Pass: FixedPoint - 0.00453 (ms)
2026-07-12 22:02:41,606 [INFO] Pass: Optimize1qGatesDecomposition - 0.13566 (ms)
2026-07-12 22:02:41,606 [INFO] Pass: InverseCancellation - 0.00715 (ms)
2026-07-12 22:02:41,607 [INFO] Total Transpile Time - 80.89852 (ms)
2026-07-12 22:02:41,607 [INFO] Pass: ContainsInstruction - 0.01359 (ms)
2026-07-12 22:02:41,607 [INFO] Pass: InverseCancellation - 0.01431 (ms)
2026-07-12 22:02:41,607 [INFO] Pass: UnitarySynthesis - 0.00548 (ms)
2026-07-12 22:02:41,607 [INFO] Pass: GatesInBasis - 0.79536 (ms)
2026-07-12 22:02:41,608 [INFO] Pass: Depth - 0.15306 (ms)
2026-07-12 22:02:41,608 [INFO] Pass: FixedPoint - 0.00525 (ms)
2026-07-12 22:02:41,608 [INFO] Pass: Size - 0.05627 (ms)
2026-07-12 22:02:41,608 [INFO] Pass: FixedPoint - 0.00429 (ms)
2026-07-12 22:02:41,608 [INFO] Pass: ContainsInstruction - 0.00453 (ms)
2026-07-12 22:02:41,609 [INFO] Pass: HighLevelSynthesis - 1.50847 (ms)
2026-07-12 22:02:41,609 [INFO] Total Transpile Time - 80.06454 (ms)
2026-07-12 22:02:41,610 [INFO] Pass: BasisTranslator - 0.80132 (ms)
2026-07-12 22:02:41,610 [INFO] Pass: Depth - 0.19431 (ms)
2026-07-12 22:02:41,610 [INFO] Pass: FixedPoint - 0.01073 (ms)
2026-07-12 22:02:41,610 [INFO] Pass: Size - 0.05889 (ms)
2026-07-12 22:02:41,610 [INFO] Pass: FixedPoint - 0.00477 (ms)
2026-07-12 22:02:41,610 [INFO] Pass: ContainsInstruction - 0.01383 (ms)
2026-07-12 22:02:41,610 [INFO] Pass: Optimize1qGatesDecomposition - 0.13494 (ms)
2026-07-12 22:02:41,610 [INFO] Pass: InverseCancellation - 0.01383 (ms)
2026-07-12 22:02:41,610 [INFO] Pass: InverseCancellation - 0.00715 (ms)
2026-07-12 22:02:41,610 [INFO] Pass: UnitarySynthesis - 0.00501 (ms)
2026-07-12 22:02:41,611 [INFO] Pass: GatesInBasis - 0.79513 (ms)
2026-07-12 22:02:41,611 [INFO] Pass: Depth - 0.15163 (ms)
2026-07-12 22:02:41,611 [INFO] Pass: FixedPoint - 0.00501 (ms)
2026-07-12 22:02:41,611 [INFO] Pass: Size - 0.05674 (ms)
2026-07-12 22:02:41,612 [INFO] Pass: FixedPoint - 0.00405 (ms)
2026-07-12 22:02:41,612 [INFO] Pass: ContainsInstruction - 0.00501 (ms)
2026-07-12 22:02:41,612 [INFO] Pass: HighLevelSynthesis - 1.54924 (ms)
2026-07-12 22:02:41,613 [INFO] Pass: BasisTranslator - 0.75674 (ms)
2026-07-12 22:02:41,613 [INFO] Total Transpile Time - 79.99516 (ms)
2026-07-12 22:02:41,613 [INFO] Pass: Depth - 0.20361 (ms)
2026-07-12 22:02:41,613 [INFO] Pass: FixedPoint - 0.01097 (ms)
2026-07-12 22:02:41,613 [INFO] Pass: Size - 0.05937 (ms)
2026-07-12 22:02:41,613 [INFO] Pass: FixedPoint - 0.00453 (ms)
2026-07-12 22:02:41,613 [INFO] Pass: Optimize1qGatesDecomposition - 0.13685 (ms)
2026-07-12 22:02:41,613 [INFO] Pass: InverseCancellation - 0.00691 (ms)
2026-07-12 22:02:41,614 [INFO] Pass: ContainsInstruction - 0.01359 (ms)
2026-07-12 22:02:41,614 [INFO] Pass: InverseCancellation - 0.01407 (ms)
2026-07-12 22:02:41,614 [INFO] Pass: UnitarySynthesis - 0.00548 (ms)
2026-07-12 22:02:41,614 [INFO] Pass: GatesInBasis - 0.80442 (ms)
2026-07-12 22:02:41,614 [INFO] Pass: Depth - 0.15330 (ms)
2026-07-12 22:02:41,614 [INFO] Pass: FixedPoint - 0.00548 (ms)
2026-07-12 22:02:41,615 [INFO] Pass: Size - 0.05674 (ms)
2026-07-12 22:02:41,615 [INFO] Pass: FixedPoint - 0.00429 (ms)
2026-07-12 22:02:41,615 [INFO] Pass: ContainsInstruction - 0.00453 (ms)
2026-07-12 22:02:41,615 [INFO] Pass: HighLevelSynthesis - 1.50657 (ms)
2026-07-12 22:02:41,616 [INFO] Total Transpile Time - 79.65779 (ms)
2026-07-12 22:02:41,616 [INFO] Pass: BasisTranslator - 0.79727 (ms)
2026-07-12 22:02:41,616 [INFO] Pass: Depth - 0.18477 (ms)
2026-07-12 22:02:41,616 [INFO] Pass: FixedPoint - 0.01097 (ms)
2026-07-12 22:02:41,617 [INFO] Pass: Size - 0.05865 (ms)
2026-07-12 22:02:41,617 [INFO] Pass: FixedPoint - 0.00477 (ms)
2026-07-12 22:02:41,617 [INFO] Pass: Optimize1qGatesDecomposition - 0.13471 (ms)
2026-07-12 22:02:41,617 [INFO] Pass: InverseCancellation - 0.00644 (ms)
2026-07-12 22:02:41,618 [INFO] Pass: GatesInBasis - 0.82350 (ms)
2026-07-12 22:02:41,618 [INFO] Pass: Depth - 0.16451 (ms)
2026-07-12 22:02:41,618 [INFO] Pass: FixedPoint - 0.00525 (ms)
2026-07-12 22:02:41,618 [INFO] Pass: Size - 0.05651 (ms)
2026-07-12 22:02:41,618 [INFO] Pass: FixedPoint - 0.00429 (ms)
2026-07-12 22:02:41,618 [INFO] Pass: ContainsInstruction - 0.00453 (ms)
2026-07-12 22:02:41,619 [INFO] Total Transpile Time - 79.99277 (ms)
2026-07-12 22:02:41,640 [INFO] Pass: ContainsInstruction - 0.00739 (ms)
2026-07-12 22:02:41,640 [INFO] Pass: InverseCancellation - 0.17262 (ms)
2026-07-12 22:02:41,640 [INFO] Pass: UnitarySynthesis - 0.00453 (ms)
2026-07-12 22:02:41,642 [INFO] Pass: HighLevelSynthesis - 1.42527 (ms)
2026-07-12 22:02:41,642 [INFO] Pass: BasisTranslator - 0.76842 (ms)
2026-07-12 22:02:41,643 [INFO] Pass: Depth - 0.16880 (ms)
2026-07-12 22:02:41,643 [INFO] Pass: FixedPoint - 0.00739 (ms)
2026-07-12 22:02:41,643 [INFO] Pass: Size - 0.05960 (ms)
2026-07-12 22:02:41,643 [INFO] Pass: FixedPoint - 0.00453 (ms)
2026-07-12 22:02:41,643 [INFO] Pass: ContainsInstruction - 0.00954 (ms)
2026-07-12 22:02:41,643 [INFO] Pass: InverseCancellation - 0.16952 (ms)
2026-07-12 22:02:41,643 [INFO] Pass: UnitarySynthesis - 0.00477 (ms)
2026-07-12 22:02:41,644 [INFO] Pass: Optimize1qGatesDecomposition - 0.79179 (ms)
2026-07-12 22:02:41,644 [INFO] Pass: InverseCancellation - 0.14734 (ms)
2026-07-12 22:02:41,644 [INFO] Pass: ContainsInstruction - 0.00787 (ms)
2026-07-12 22:02:41,645 [INFO] Pass: InverseCancellation - 0.16308 (ms)
2026-07-12 22:02:41,645 [INFO] Pass: HighLevelSynthesis - 1.44219 (ms)
2026-07-12 22:02:41,645 [INFO] Pass: UnitarySynthesis - 0.00453 (ms)
2026-07-12 22:02:41,645 [INFO] Pass: GatesInBasis - 0.83065 (ms)
2026-07-12 22:02:41,645 [INFO] Pass: Depth - 0.16212 (ms)
2026-07-12 22:02:41,645 [INFO] Pass: FixedPoint - 0.00548 (ms)
2026-07-12 22:02:41,645 [INFO] Pass: Size - 0.05889 (ms)
2026-07-12 22:02:41,645 [INFO] Pass: FixedPoint - 0.00429 (ms)
2026-07-12 22:02:41,645 [INFO] Pass: ContainsInstruction - 0.00477 (ms)
2026-07-12 22:02:41,646 [INFO] Pass: BasisTranslator - 0.91577 (ms)
2026-07-12 22:02:41,646 [INFO] Pass: Depth - 0.17023 (ms)
2026-07-12 22:02:41,646 [INFO] Pass: ContainsInstruction - 0.00739 (ms)
2026-07-12 22:02:41,646 [INFO] Pass: FixedPoint - 0.00763 (ms)
2026-07-12 22:02:41,646 [INFO] Pass: Size - 0.06413 (ms)
2026-07-12 22:02:41,646 [INFO] Pass: FixedPoint - 0.00477 (ms)
2026-07-12 22:02:41,646 [INFO] Pass: InverseCancellation - 0.16642 (ms)
2026-07-12 22:02:41,646 [INFO] Pass: UnitarySynthesis - 0.00477 (ms)
2026-07-12 22:02:41,646 [INFO] Pass: HighLevelSynthesis - 1.43099 (ms)
2026-07-12 22:02:41,646 [INFO] Total Transpile Time - 63.46631 (ms)
2026-07-12 22:02:41,647 [INFO] Pass: Optimize1qGatesDecomposition - 0.78201 (ms)
2026-07-12 22:02:41,647 [INFO] Pass: BasisTranslator - 0.76103 (ms)
2026-07-12 22:02:41,647 [INFO] Pass: InverseCancellation - 0.15235 (ms)
2026-07-12 22:02:41,647 [INFO] Pass: Depth - 0.16904 (ms)
2026-07-12 22:02:41,647 [INFO] Pass: FixedPoint - 0.00763 (ms)
2026-07-12 22:02:41,647 [INFO] Pass: Size - 0.05984 (ms)
2026-07-12 22:02:41,647 [INFO] Pass: FixedPoint - 0.00453 (ms)
2026-07-12 22:02:41,647 [INFO] Pass: HighLevelSynthesis - 1.43456 (ms)
2026-07-12 22:02:41,648 [INFO] Pass: GatesInBasis - 0.81539 (ms)
2026-07-12 22:02:41,648 [INFO] Pass: Depth - 0.16546 (ms)
2026-07-12 22:02:41,648 [INFO] Pass: FixedPoint - 0.00572 (ms)
2026-07-12 22:02:41,648 [INFO] Pass: ContainsInstruction - 0.00787 (ms)
2026-07-12 22:02:41,648 [INFO] Pass: Optimize1qGatesDecomposition - 0.78297 (ms)
2026-07-12 22:02:41,648 [INFO] Pass: Size - 0.05865 (ms)
2026-07-12 22:02:41,648 [INFO] Pass: FixedPoint - 0.00429 (ms)
2026-07-12 22:02:41,648 [INFO] Pass: ContainsInstruction - 0.00453 (ms)
2026-07-12 22:02:41,648 [INFO] Pass: InverseCancellation - 0.16356 (ms)
2026-07-12 22:02:41,648 [INFO] Pass: InverseCancellation - 0.14782 (ms)
2026-07-12 22:02:41,648 [INFO] Pass: BasisTranslator - 0.76890 (ms)
2026-07-12 22:02:41,648 [INFO] Pass: UnitarySynthesis - 0.00477 (ms)
2026-07-12 22:02:41,649 [INFO] Pass: Depth - 0.16856 (ms)
2026-07-12 22:02:41,649 [INFO] Pass: FixedPoint - 0.00715 (ms)
2026-07-12 22:02:41,649 [INFO] Pass: Size - 0.05937 (ms)
2026-07-12 22:02:41,649 [INFO] Pass: FixedPoint - 0.00453 (ms)
2026-07-12 22:02:41,649 [INFO] Pass: GatesInBasis - 0.82850 (ms)
2026-07-12 22:02:41,649 [INFO] Pass: Depth - 0.15950 (ms)
2026-07-12 22:02:41,649 [INFO] Pass: FixedPoint - 0.00596 (ms)
2026-07-12 22:02:41,649 [INFO] Total Transpile Time - 63.63392 (ms)
2026-07-12 22:02:41,649 [INFO] Pass: Size - 0.05865 (ms)
2026-07-12 22:02:41,650 [INFO] Pass: FixedPoint - 0.00429 (ms)
2026-07-12 22:02:41,650 [INFO] Pass: Optimize1qGatesDecomposition - 0.78440 (ms)
2026-07-12 22:02:41,650 [INFO] Pass: ContainsInstruction - 0.00453 (ms)
2026-07-12 22:02:41,650 [INFO] Pass: InverseCancellation - 0.14925 (ms)
2026-07-12 22:02:41,650 [INFO] Pass: HighLevelSynthesis - 1.44148 (ms)
2026-07-12 22:02:41,651 [INFO] Pass: GatesInBasis - 0.81825 (ms)
2026-07-12 22:02:41,651 [INFO] Pass: BasisTranslator - 0.91934 (ms)
2026-07-12 22:02:41,651 [INFO] Pass: Depth - 0.16046 (ms)
2026-07-12 22:02:41,651 [INFO] Pass: FixedPoint - 0.00548 (ms)
2026-07-12 22:02:41,651 [INFO] Total Transpile Time - 63.25769 (ms)
2026-07-12 22:02:41,651 [INFO] Pass: ContainsInstruction - 0.01383 (ms)
2026-07-12 22:02:41,651 [INFO] Pass: Size - 0.05817 (ms)
2026-07-12 22:02:41,651 [INFO] Pass: FixedPoint - 0.00453 (ms)
2026-07-12 22:02:41,651 [INFO] Pass: ContainsInstruction - 0.00429 (ms)
2026-07-12 22:02:41,651 [INFO] Pass: Depth - 0.17691 (ms)
2026-07-12 22:02:41,651 [INFO] Pass: FixedPoint - 0.00763 (ms)
2026-07-12 22:02:41,651 [INFO] Pass: Size - 0.06104 (ms)
2026-07-12 22:02:41,651 [INFO] Pass: InverseCancellation - 0.16117 (ms)
2026-07-12 22:02:41,651 [INFO] Pass: FixedPoint - 0.00477 (ms)
2026-07-12 22:02:41,651 [INFO] Pass: UnitarySynthesis - 0.00477 (ms)
2026-07-12 22:02:41,652 [INFO] Pass: Optimize1qGatesDecomposition - 0.79155 (ms)
2026-07-12 22:02:41,652 [INFO] Pass: InverseCancellation - 0.14997 (ms)
2026-07-12 22:02:41,652 [INFO] Total Transpile Time - 63.52830 (ms)
2026-07-12 22:02:41,653 [INFO] Pass: HighLevelSynthesis - 1.42574 (ms)
2026-07-12 22:02:41,653 [INFO] Pass: ContainsInstruction - 0.00763 (ms)
2026-07-12 22:02:41,653 [INFO] Pass: GatesInBasis - 0.82898 (ms)
2026-07-12 22:02:41,653 [INFO] Pass: Depth - 0.15855 (ms)
2026-07-12 22:02:41,653 [INFO] Pass: InverseCancellation - 0.16999 (ms)
2026-07-12 22:02:41,653 [INFO] Pass: FixedPoint - 0.00596 (ms)
2026-07-12 22:02:41,653 [INFO] Pass: UnitarySynthesis - 0.00453 (ms)
2026-07-12 22:02:41,653 [INFO] Pass: Size - 0.05817 (ms)
2026-07-12 22:02:41,653 [INFO] Pass: FixedPoint - 0.00405 (ms)
2026-07-12 22:02:41,653 [INFO] Pass: ContainsInstruction - 0.00477 (ms)
2026-07-12 22:02:41,654 [INFO] Pass: BasisTranslator - 0.91410 (ms)
2026-07-12 22:02:41,654 [INFO] Pass: Depth - 0.17118 (ms)
2026-07-12 22:02:41,654 [INFO] Pass: FixedPoint - 0.00787 (ms)
2026-07-12 22:02:41,654 [INFO] Pass: Size - 0.05984 (ms)
2026-07-12 22:02:41,654 [INFO] Pass: FixedPoint - 0.00453 (ms)
2026-07-12 22:02:41,655 [INFO] Total Transpile Time - 63.33256 (ms)
2026-07-12 22:02:41,655 [INFO] Pass: HighLevelSynthesis - 1.43290 (ms)
2026-07-12 22:02:41,655 [INFO] Pass: Optimize1qGatesDecomposition - 0.78249 (ms)
2026-07-12 22:02:41,655 [INFO] Pass: InverseCancellation - 0.15020 (ms)
2026-07-12 22:02:41,656 [INFO] Pass: BasisTranslator - 0.91338 (ms)
2026-07-12 22:02:41,656 [INFO] Pass: GatesInBasis - 0.82350 (ms)
2026-07-12 22:02:41,656 [INFO] Pass: Depth - 0.17595 (ms)
2026-07-12 22:02:41,656 [INFO] Pass: FixedPoint - 0.00739 (ms)
2026-07-12 22:02:41,656 [INFO] Pass: Depth - 0.16189 (ms)
2026-07-12 22:02:41,656 [INFO] Pass: Size - 0.06080 (ms)
2026-07-12 22:02:41,656 [INFO] Pass: FixedPoint - 0.00596 (ms)
2026-07-12 22:02:41,656 [INFO] Pass: FixedPoint - 0.00429 (ms)
2026-07-12 22:02:41,656 [INFO] Pass: Size - 0.05937 (ms)
2026-07-12 22:02:41,656 [INFO] Pass: ContainsInstruction - 0.00787 (ms)
2026-07-12 22:02:41,656 [INFO] Pass: FixedPoint - 0.00429 (ms)
2026-07-12 22:02:41,656 [INFO] Pass: ContainsInstruction - 0.00477 (ms)
2026-07-12 22:02:41,656 [INFO] Pass: InverseCancellation - 0.16284 (ms)
2026-07-12 22:02:41,657 [INFO] Pass: UnitarySynthesis - 0.00453 (ms)
2026-07-12 22:02:41,657 [INFO] Pass: Optimize1qGatesDecomposition - 0.78392 (ms)
2026-07-12 22:02:41,657 [INFO] Pass: InverseCancellation - 0.14806 (ms)
2026-07-12 22:02:41,658 [INFO] Total Transpile Time - 63.24172 (ms)
2026-07-12 22:02:41,658 [INFO] Pass: HighLevelSynthesis - 1.44958 (ms)
2026-07-12 22:02:41,658 [INFO] Pass: GatesInBasis - 0.82350 (ms)
2026-07-12 22:02:41,658 [INFO] Pass: Depth - 0.15807 (ms)
2026-07-12 22:02:41,658 [INFO] Pass: FixedPoint - 0.00572 (ms)
2026-07-12 22:02:41,658 [INFO] Pass: Size - 0.05865 (ms)
2026-07-12 22:02:41,658 [INFO] Pass: FixedPoint - 0.00429 (ms)
2026-07-12 22:02:41,658 [INFO] Pass: ContainsInstruction - 0.00429 (ms)
2026-07-12 22:02:41,659 [INFO] Pass: BasisTranslator - 0.90861 (ms)
2026-07-12 22:02:41,659 [INFO] Pass: Depth - 0.16856 (ms)
2026-07-12 22:02:41,659 [INFO] Pass: FixedPoint - 0.00715 (ms)
2026-07-12 22:02:41,659 [INFO] Pass: Size - 0.06032 (ms)
2026-07-12 22:02:41,659 [INFO] Pass: FixedPoint - 0.00453 (ms)
2026-07-12 22:02:41,660 [INFO] Total Transpile Time - 63.10773 (ms)
2026-07-12 22:02:41,660 [INFO] Pass: Optimize1qGatesDecomposition - 0.77915 (ms)
2026-07-12 22:02:41,660 [INFO] Pass: InverseCancellation - 0.14710 (ms)
2026-07-12 22:02:41,661 [INFO] Pass: GatesInBasis - 0.82231 (ms)
2026-07-12 22:02:41,661 [INFO] Pass: Depth - 0.15950 (ms)
2026-07-12 22:02:41,662 [INFO] Pass: FixedPoint - 0.00572 (ms)
2026-07-12 22:02:41,662 [INFO] Pass: Size - 0.05937 (ms)
2026-07-12 22:02:41,662 [INFO] Pass: FixedPoint - 0.00453 (ms)
2026-07-12 22:02:41,662 [INFO] Pass: ContainsInstruction - 0.00477 (ms)
2026-07-12 22:02:41,662 [INFO] Pass: ContainsInstruction - 0.00787 (ms)
2026-07-12 22:02:41,662 [INFO] Pass: InverseCancellation - 0.16880 (ms)
2026-07-12 22:02:41,662 [INFO] Pass: UnitarySynthesis - 0.00429 (ms)
2026-07-12 22:02:41,663 [INFO] Total Transpile Time - 63.35330 (ms)
2026-07-12 22:02:41,663 [INFO] Pass: ContainsInstruction - 0.00787 (ms)
2026-07-12 22:02:41,663 [INFO] Pass: InverseCancellation - 0.16522 (ms)
2026-07-12 22:02:41,663 [INFO] Pass: UnitarySynthesis - 0.00501 (ms)
2026-07-12 22:02:41,664 [INFO] Pass: HighLevelSynthesis - 1.42765 (ms)
2026-07-12 22:02:41,665 [INFO] Pass: BasisTranslator - 0.92959 (ms)
2026-07-12 22:02:41,665 [INFO] Pass: Depth - 0.17023 (ms)
2026-07-12 22:02:41,665 [INFO] Pass: FixedPoint - 0.00834 (ms)
2026-07-12 22:02:41,665 [INFO] Pass: Size - 0.06437 (ms)
2026-07-12 22:02:41,665 [INFO] Pass: HighLevelSynthesis - 1.42932 (ms)
2026-07-12 22:02:41,665 [INFO] Pass: FixedPoint - 0.00501 (ms)
2026-07-12 22:02:41,665 [INFO] Pass: ContainsInstruction - 0.00691 (ms)
2026-07-12 22:02:41,666 [INFO] Pass: InverseCancellation - 0.16475 (ms)
2026-07-12 22:02:41,666 [INFO] Pass: Optimize1qGatesDecomposition - 0.78011 (ms)
2026-07-12 22:02:41,666 [INFO] Pass: UnitarySynthesis - 0.00429 (ms)
2026-07-12 22:02:41,666 [INFO] Pass: BasisTranslator - 0.89860 (ms)
2026-07-12 22:02:41,666 [INFO] Pass: InverseCancellation - 0.15473 (ms)
2026-07-12 22:02:41,666 [INFO] Pass: Depth - 0.17118 (ms)
2026-07-12 22:02:41,666 [INFO] Pass: FixedPoint - 0.00834 (ms)
2026-07-12 22:02:41,666 [INFO] Pass: Size - 0.05984 (ms)
2026-07-12 22:02:41,666 [INFO] Pass: FixedPoint - 0.00477 (ms)
2026-07-12 22:02:41,667 [INFO] Pass: GatesInBasis - 0.81563 (ms)
2026-07-12 22:02:41,667 [INFO] Pass: Depth - 0.16499 (ms)
2026-07-12 22:02:41,667 [INFO] Pass: FixedPoint - 0.00596 (ms)
2026-07-12 22:02:41,667 [INFO] Pass: Optimize1qGatesDecomposition - 0.78416 (ms)
2026-07-12 22:02:41,667 [INFO] Pass: Size - 0.05960 (ms)
2026-07-12 22:02:41,667 [INFO] Pass: FixedPoint - 0.00429 (ms)
2026-07-12 22:02:41,667 [INFO] Pass: ContainsInstruction - 0.00477 (ms)
2026-07-12 22:02:41,667 [INFO] Pass: HighLevelSynthesis - 1.44267 (ms)
2026-07-12 22:02:41,667 [INFO] Pass: InverseCancellation - 0.14877 (ms)
2026-07-12 22:02:41,668 [INFO] Pass: GatesInBasis - 0.81801 (ms)
2026-07-12 22:02:41,668 [INFO] Pass: BasisTranslator - 0.92435 (ms)
2026-07-12 22:02:41,668 [INFO] Pass: Depth - 0.15903 (ms)
2026-07-12 22:02:41,668 [INFO] Pass: FixedPoint - 0.00572 (ms)
2026-07-12 22:02:41,668 [INFO] Pass: Depth - 0.16975 (ms)
2026-07-12 22:02:41,668 [INFO] Pass: Size - 0.05889 (ms)
2026-07-12 22:02:41,668 [INFO] Total Transpile Time - 63.37166 (ms)
2026-07-12 22:02:41,668 [INFO] Pass: FixedPoint - 0.00787 (ms)
2026-07-12 22:02:41,669 [INFO] Pass: FixedPoint - 0.00453 (ms)
2026-07-12 22:02:41,669 [INFO] Pass: ContainsInstruction - 0.00501 (ms)
2026-07-12 22:02:41,669 [INFO] Pass: Size - 0.05913 (ms)
2026-07-12 22:02:41,669 [INFO] Pass: FixedPoint - 0.00477 (ms)
2026-07-12 22:02:41,669 [INFO] Pass: ContainsInstruction - 0.00668 (ms)
2026-07-12 22:02:41,669 [INFO] Pass: Optimize1qGatesDecomposition - 0.77796 (ms)
2026-07-12 22:02:41,670 [INFO] Pass: InverseCancellation - 0.16522 (ms)
2026-07-12 22:02:41,670 [INFO] Pass: UnitarySynthesis - 0.00429 (ms)
2026-07-12 22:02:41,670 [INFO] Pass: InverseCancellation - 0.15020 (ms)
2026-07-12 22:02:41,670 [INFO] Total Transpile Time - 63.18331 (ms)
2026-07-12 22:02:41,671 [INFO] Pass: GatesInBasis - 0.81992 (ms)
2026-07-12 22:02:41,671 [INFO] Pass: Depth - 0.15950 (ms)
2026-07-12 22:02:41,671 [INFO] Pass: FixedPoint - 0.00572 (ms)
2026-07-12 22:02:41,671 [INFO] Pass: Size - 0.05865 (ms)
2026-07-12 22:02:41,671 [INFO] Pass: FixedPoint - 0.00429 (ms)
2026-07-12 22:02:41,671 [INFO] Pass: ContainsInstruction - 0.00453 (ms)
2026-07-12 22:02:41,671 [INFO] Pass: HighLevelSynthesis - 1.48082 (ms)
2026-07-12 22:02:41,672 [INFO] Pass: BasisTranslator - 0.79489 (ms)
2026-07-12 22:02:41,672 [INFO] Pass: Depth - 0.16975 (ms)
2026-07-12 22:02:41,672 [INFO] Total Transpile Time - 63.10272 (ms)
2026-07-12 22:02:41,672 [INFO] Pass: FixedPoint - 0.00668 (ms)
2026-07-12 22:02:41,672 [INFO] Pass: Size - 0.05960 (ms)
2026-07-12 22:02:41,672 [INFO] Pass: FixedPoint - 0.00453 (ms)
2026-07-12 22:02:41,672 [INFO] Pass: ContainsInstruction - 0.00668 (ms)
2026-07-12 22:02:41,673 [INFO] Pass: InverseCancellation - 0.16475 (ms)
2026-07-12 22:02:41,673 [INFO] Pass: UnitarySynthesis - 0.00453 (ms)
2026-07-12 22:02:41,673 [INFO] Pass: Optimize1qGatesDecomposition - 0.77772 (ms)
2026-07-12 22:02:41,673 [INFO] Pass: InverseCancellation - 0.14973 (ms)
2026-07-12 22:02:41,674 [INFO] Pass: GatesInBasis - 0.82135 (ms)
2026-07-12 22:02:41,674 [INFO] Pass: HighLevelSynthesis - 1.45769 (ms)
2026-07-12 22:02:41,674 [INFO] Pass: Depth - 0.16022 (ms)
2026-07-12 22:02:41,674 [INFO] Pass: FixedPoint - 0.00596 (ms)
2026-07-12 22:02:41,675 [INFO] Pass: Size - 0.05841 (ms)
2026-07-12 22:02:41,675 [INFO] Pass: FixedPoint - 0.00453 (ms)
2026-07-12 22:02:41,675 [INFO] Pass: ContainsInstruction - 0.00477 (ms)
2026-07-12 22:02:41,675 [INFO] Pass: BasisTranslator - 0.77295 (ms)
2026-07-12 22:02:41,675 [INFO] Pass: Depth - 0.16642 (ms)
2026-07-12 22:02:41,675 [INFO] Pass: FixedPoint - 0.00691 (ms)
2026-07-12 22:02:41,675 [INFO] Pass: Size - 0.05913 (ms)
2026-07-12 22:02:41,675 [INFO] Pass: FixedPoint - 0.00453 (ms)
2026-07-12 22:02:41,676 [INFO] Total Transpile Time - 62.93726 (ms)
2026-07-12 22:02:41,676 [INFO] Pass: ContainsInstruction - 0.00763 (ms)
2026-07-12 22:02:41,676 [INFO] Pass: InverseCancellation - 0.16403 (ms)
2026-07-12 22:02:41,676 [INFO] Pass: Optimize1qGatesDecomposition - 0.77677 (ms)
2026-07-12 22:02:41,676 [INFO] Pass: UnitarySynthesis - 0.00453 (ms)
2026-07-12 22:02:41,677 [INFO] Pass: InverseCancellation - 0.14830 (ms)
2026-07-12 22:02:41,677 [INFO] Pass: GatesInBasis - 0.82755 (ms)
2026-07-12 22:02:41,678 [INFO] Pass: Depth - 0.16046 (ms)
2026-07-12 22:02:41,678 [INFO] Pass: FixedPoint - 0.00572 (ms)
2026-07-12 22:02:41,678 [INFO] Pass: Size - 0.05889 (ms)
2026-07-12 22:02:41,678 [INFO] Pass: FixedPoint - 0.00453 (ms)
2026-07-12 22:02:41,678 [INFO] Pass: ContainsInstruction - 0.00477 (ms)
2026-07-12 22:02:41,678 [INFO] Pass: HighLevelSynthesis - 1.44696 (ms)
2026-07-12 22:02:41,679 [INFO] Pass: BasisTranslator - 0.89908 (ms)
2026-07-12 22:02:41,679 [INFO] Pass: Depth - 0.17619 (ms)
2026-07-12 22:02:41,679 [INFO] Total Transpile Time - 63.03477 (ms)
2026-07-12 22:02:41,679 [INFO] Pass: FixedPoint - 0.00763 (ms)
2026-07-12 22:02:41,679 [INFO] Pass: Size - 0.05913 (ms)
2026-07-12 22:02:41,679 [INFO] Pass: FixedPoint - 0.00477 (ms)
2026-07-12 22:02:41,680 [INFO] Pass: Optimize1qGatesDecomposition - 0.77987 (ms)
2026-07-12 22:02:41,680 [INFO] Pass: InverseCancellation - 0.14806 (ms)
2026-07-12 22:02:41,681 [INFO] Pass: GatesInBasis - 0.83137 (ms)
2026-07-12 22:02:41,681 [INFO] Pass: Depth - 0.15831 (ms)
2026-07-12 22:02:41,681 [INFO] Pass: FixedPoint - 0.00572 (ms)
2026-07-12 22:02:41,681 [INFO] Pass: Size - 0.05770 (ms)
2026-07-12 22:02:41,681 [INFO] Pass: FixedPoint - 0.00429 (ms)
2026-07-12 22:02:41,682 [INFO] Pass: ContainsInstruction - 0.00453 (ms)
2026-07-12 22:02:41,683 [INFO] Total Transpile Time - 63.28988 (ms)
2026-07-12 22:02:41,703 [INFO] Pass: ContainsInstruction - 0.00882 (ms)
2026-07-12 22:02:41,703 [INFO] Pass: InverseCancellation - 0.17047 (ms)
2026-07-12 22:02:41,703 [INFO] Pass: UnitarySynthesis - 0.00477 (ms)
2026-07-12 22:02:41,705 [INFO] Pass: HighLevelSynthesis - 1.48916 (ms)
2026-07-12 22:02:41,706 [INFO] Pass: BasisTranslator - 0.78917 (ms)
2026-07-12 22:02:41,706 [INFO] Pass: ContainsInstruction - 0.00811 (ms)
2026-07-12 22:02:41,706 [INFO] Pass: Depth - 0.18120 (ms)
2026-07-12 22:02:41,706 [INFO] Pass: InverseCancellation - 0.16499 (ms)
2026-07-12 22:02:41,706 [INFO] Pass: FixedPoint - 0.00787 (ms)
2026-07-12 22:02:41,706 [INFO] Pass: UnitarySynthesis - 0.00501 (ms)
2026-07-12 22:02:41,706 [INFO] Pass: Size - 0.06151 (ms)
2026-07-12 22:02:41,706 [INFO] Pass: FixedPoint - 0.00477 (ms)
2026-07-12 22:02:41,707 [INFO] Pass: ContainsInstruction - 0.00739 (ms)
2026-07-12 22:02:41,707 [INFO] Pass: Optimize1qGatesDecomposition - 0.85998 (ms)
2026-07-12 22:02:41,707 [INFO] Pass: InverseCancellation - 0.00811 (ms)
2026-07-12 22:02:41,707 [INFO] Pass: InverseCancellation - 0.16189 (ms)
2026-07-12 22:02:41,707 [INFO] Pass: UnitarySynthesis - 0.00477 (ms)
2026-07-12 22:02:41,708 [INFO] Pass: HighLevelSynthesis - 1.45984 (ms)
2026-07-12 22:02:41,708 [INFO] Pass: GatesInBasis - 0.80323 (ms)
2026-07-12 22:02:41,708 [INFO] Pass: Depth - 0.16785 (ms)
2026-07-12 22:02:41,708 [INFO] Pass: FixedPoint - 0.00572 (ms)
2026-07-12 22:02:41,708 [INFO] Pass: Size - 0.05937 (ms)
2026-07-12 22:02:41,708 [INFO] Pass: FixedPoint - 0.00429 (ms)
2026-07-12 22:02:41,708 [INFO] Pass: BasisTranslator - 0.79036 (ms)
2026-07-12 22:02:41,709 [INFO] Pass: Depth - 0.17285 (ms)
2026-07-12 22:02:41,709 [INFO] Pass: FixedPoint - 0.00811 (ms)
2026-07-12 22:02:41,709 [INFO] Pass: Size - 0.06127 (ms)
2026-07-12 22:02:41,709 [INFO] Pass: ContainsInstruction - 0.00691 (ms)
2026-07-12 22:02:41,709 [INFO] Pass: FixedPoint - 0.00453 (ms)
2026-07-12 22:02:41,709 [INFO] Pass: HighLevelSynthesis - 1.47057 (ms)
2026-07-12 22:02:41,709 [INFO] Pass: InverseCancellation - 0.16856 (ms)
2026-07-12 22:02:41,709 [INFO] Pass: UnitarySynthesis - 0.00477 (ms)
2026-07-12 22:02:41,709 [INFO] Pass: Optimize1qGatesDecomposition - 0.70786 (ms)
2026-07-12 22:02:41,709 [INFO] Pass: InverseCancellation - 0.00691 (ms)
2026-07-12 22:02:41,710 [INFO] Pass: Optimize1qGatesDecomposition - 0.84352 (ms)
2026-07-12 22:02:41,710 [INFO] Pass: BasisTranslator - 0.80156 (ms)
2026-07-12 22:02:41,710 [INFO] Pass: InverseCancellation - 0.00906 (ms)
2026-07-12 22:02:41,710 [INFO] Pass: Depth - 0.17881 (ms)
2026-07-12 22:02:41,710 [INFO] Pass: FixedPoint - 0.00715 (ms)
2026-07-12 22:02:41,710 [INFO] Pass: Size - 0.06127 (ms)
2026-07-12 22:02:41,710 [INFO] Pass: GatesInBasis - 0.86880 (ms)
2026-07-12 22:02:41,710 [INFO] Pass: FixedPoint - 0.00501 (ms)
2026-07-12 22:02:41,710 [INFO] Pass: Depth - 0.15783 (ms)
2026-07-12 22:02:41,710 [INFO] Pass: FixedPoint - 0.00572 (ms)
2026-07-12 22:02:41,710 [INFO] Pass: Size - 0.05817 (ms)
2026-07-12 22:02:41,710 [INFO] Pass: FixedPoint - 0.00429 (ms)
2026-07-12 22:02:41,711 [INFO] Pass: ContainsInstruction - 0.00525 (ms)
2026-07-12 22:02:41,711 [INFO] Pass: HighLevelSynthesis - 1.46151 (ms)
2026-07-12 22:02:41,711 [INFO] Pass: GatesInBasis - 0.79274 (ms)
2026-07-12 22:02:41,711 [INFO] Pass: Depth - 0.16117 (ms)
2026-07-12 22:02:41,711 [INFO] Pass: FixedPoint - 0.00525 (ms)
2026-07-12 22:02:41,711 [INFO] Pass: Size - 0.05913 (ms)
2026-07-12 22:02:41,711 [INFO] Pass: FixedPoint - 0.00405 (ms)
2026-07-12 22:02:41,711 [INFO] Pass: ContainsInstruction - 0.00763 (ms)
2026-07-12 22:02:41,711 [INFO] Pass: Optimize1qGatesDecomposition - 0.84543 (ms)
2026-07-12 22:02:41,711 [INFO] Pass: InverseCancellation - 0.00739 (ms)
2026-07-12 22:02:41,711 [INFO] Pass: InverseCancellation - 0.16236 (ms)
2026-07-12 22:02:41,711 [INFO] Pass: UnitarySynthesis - 0.00453 (ms)
2026-07-12 22:02:41,711 [INFO] Pass: BasisTranslator - 0.80085 (ms)
2026-07-12 22:02:41,712 [INFO] Pass: Depth - 0.17095 (ms)
2026-07-12 22:02:41,712 [INFO] Pass: FixedPoint - 0.00763 (ms)
2026-07-12 22:02:41,712 [INFO] Pass: Optimize1qGatesDecomposition - 0.69523 (ms)
2026-07-12 22:02:41,712 [INFO] Pass: InverseCancellation - 0.00739 (ms)
2026-07-12 22:02:41,712 [INFO] Pass: Size - 0.06151 (ms)
2026-07-12 22:02:41,712 [INFO] Pass: FixedPoint - 0.00453 (ms)
2026-07-12 22:02:41,712 [INFO] Total Transpile Time - 65.39726 (ms)
2026-07-12 22:02:41,712 [INFO] Pass: GatesInBasis - 0.79393 (ms)
2026-07-12 22:02:41,712 [INFO] Pass: Depth - 0.16022 (ms)
2026-07-12 22:02:41,712 [INFO] Pass: FixedPoint - 0.00572 (ms)
2026-07-12 22:02:41,712 [INFO] Pass: Size - 0.05841 (ms)
2026-07-12 22:02:41,712 [INFO] Pass: FixedPoint - 0.00405 (ms)
2026-07-12 22:02:41,713 [INFO] Pass: GatesInBasis - 0.84615 (ms)
2026-07-12 22:02:41,713 [INFO] Pass: Optimize1qGatesDecomposition - 0.84972 (ms)
2026-07-12 22:02:41,713 [INFO] Pass: InverseCancellation - 0.00739 (ms)
2026-07-12 22:02:41,713 [INFO] Pass: HighLevelSynthesis - 1.45960 (ms)
2026-07-12 22:02:41,713 [INFO] Pass: Depth - 0.15688 (ms)
2026-07-12 22:02:41,713 [INFO] Pass: FixedPoint - 0.00548 (ms)
2026-07-12 22:02:41,713 [INFO] Pass: Size - 0.05746 (ms)
2026-07-12 22:02:41,713 [INFO] Pass: FixedPoint - 0.00429 (ms)
2026-07-12 22:02:41,713 [INFO] Pass: Optimize1qGatesDecomposition - 0.69904 (ms)
2026-07-12 22:02:41,713 [INFO] Pass: ContainsInstruction - 0.00477 (ms)
2026-07-12 22:02:41,713 [INFO] Pass: InverseCancellation - 0.00763 (ms)
2026-07-12 22:02:41,714 [INFO] Pass: GatesInBasis - 0.79036 (ms)
2026-07-12 22:02:41,714 [INFO] Pass: BasisTranslator - 0.78058 (ms)
2026-07-12 22:02:41,714 [INFO] Pass: Depth - 0.16117 (ms)
2026-07-12 22:02:41,714 [INFO] Pass: Depth - 0.16880 (ms)
2026-07-12 22:02:41,714 [INFO] Pass: FixedPoint - 0.00572 (ms)
2026-07-12 22:02:41,714 [INFO] Pass: FixedPoint - 0.01192 (ms)
2026-07-12 22:02:41,714 [INFO] Pass: Size - 0.05841 (ms)
2026-07-12 22:02:41,714 [INFO] Pass: Size - 0.06127 (ms)
2026-07-12 22:02:41,714 [INFO] Pass: FixedPoint - 0.00429 (ms)
2026-07-12 22:02:41,714 [INFO] Pass: ContainsInstruction - 0.00715 (ms)
2026-07-12 22:02:41,714 [INFO] Pass: FixedPoint - 0.00477 (ms)
2026-07-12 22:02:41,714 [INFO] Pass: GatesInBasis - 0.86188 (ms)
2026-07-12 22:02:41,714 [INFO] Pass: Depth - 0.15903 (ms)
2026-07-12 22:02:41,714 [INFO] Pass: InverseCancellation - 0.16332 (ms)
2026-07-12 22:02:41,714 [INFO] Pass: FixedPoint - 0.00596 (ms)
2026-07-12 22:02:41,714 [INFO] Pass: UnitarySynthesis - 0.00477 (ms)
2026-07-12 22:02:41,714 [INFO] Pass: Size - 0.05841 (ms)
2026-07-12 22:02:41,714 [INFO] Total Transpile Time - 64.79287 (ms)
2026-07-12 22:02:41,714 [INFO] Pass: FixedPoint - 0.00429 (ms)
2026-07-12 22:02:41,714 [INFO] Pass: ContainsInstruction - 0.00501 (ms)
2026-07-12 22:02:41,715 [INFO] Pass: Optimize1qGatesDecomposition - 0.69451 (ms)
2026-07-12 22:02:41,715 [INFO] Pass: InverseCancellation - 0.00739 (ms)
2026-07-12 22:02:41,715 [INFO] Pass: Optimize1qGatesDecomposition - 0.85282 (ms)
2026-07-12 22:02:41,715 [INFO] Pass: InverseCancellation - 0.00787 (ms)
2026-07-12 22:02:41,716 [INFO] Pass: GatesInBasis - 0.87237 (ms)
2026-07-12 22:02:41,716 [INFO] Total Transpile Time - 64.77785 (ms)
2026-07-12 22:02:41,716 [INFO] Pass: HighLevelSynthesis - 1.46914 (ms)
2026-07-12 22:02:41,716 [INFO] Pass: GatesInBasis - 0.78511 (ms)
2026-07-12 22:02:41,716 [INFO] Pass: Depth - 0.16332 (ms)
2026-07-12 22:02:41,716 [INFO] Pass: FixedPoint - 0.00548 (ms)
2026-07-12 22:02:41,716 [INFO] Pass: Depth - 0.16499 (ms)
2026-07-12 22:02:41,716 [INFO] Pass: Size - 0.05865 (ms)
2026-07-12 22:02:41,716 [INFO] Pass: FixedPoint - 0.00572 (ms)
2026-07-12 22:02:41,716 [INFO] Pass: FixedPoint - 0.00453 (ms)
2026-07-12 22:02:41,716 [INFO] Pass: ContainsInstruction - 0.00548 (ms)
2026-07-12 22:02:41,716 [INFO] Pass: ContainsInstruction - 0.00882 (ms)
2026-07-12 22:02:41,716 [INFO] Pass: Size - 0.05865 (ms)
2026-07-12 22:02:41,716 [INFO] Pass: FixedPoint - 0.00453 (ms)
2026-07-12 22:02:41,716 [INFO] Pass: InverseCancellation - 0.16403 (ms)
2026-07-12 22:02:41,716 [INFO] Pass: UnitarySynthesis - 0.00477 (ms)
2026-07-12 22:02:41,717 [INFO] Pass: BasisTranslator - 0.79370 (ms)
2026-07-12 22:02:41,717 [INFO] Pass: Depth - 0.17643 (ms)
2026-07-12 22:02:41,717 [INFO] Pass: FixedPoint - 0.00739 (ms)
2026-07-12 22:02:41,717 [INFO] Pass: Optimize1qGatesDecomposition - 0.69833 (ms)
2026-07-12 22:02:41,717 [INFO] Pass: InverseCancellation - 0.00763 (ms)
2026-07-12 22:02:41,717 [INFO] Pass: Size - 0.06080 (ms)
2026-07-12 22:02:41,717 [INFO] Pass: FixedPoint - 0.00429 (ms)
2026-07-12 22:02:41,717 [INFO] Total Transpile Time - 65.03010 (ms)
2026-07-12 22:02:41,718 [INFO] Pass: GatesInBasis - 0.83971 (ms)
2026-07-12 22:02:41,718 [INFO] Pass: HighLevelSynthesis - 1.48058 (ms)
2026-07-12 22:02:41,718 [INFO] Pass: Optimize1qGatesDecomposition - 0.86236 (ms)
2026-07-12 22:02:41,718 [INFO] Pass: InverseCancellation - 0.00763 (ms)
2026-07-12 22:02:41,718 [INFO] Pass: Depth - 0.16046 (ms)
2026-07-12 22:02:41,718 [INFO] Pass: FixedPoint - 0.00572 (ms)
2026-07-12 22:02:41,718 [INFO] Pass: Size - 0.05913 (ms)
2026-07-12 22:02:41,718 [INFO] Pass: FixedPoint - 0.00429 (ms)
2026-07-12 22:02:41,718 [INFO] Pass: ContainsInstruction - 0.00525 (ms)
2026-07-12 22:02:41,719 [INFO] Pass: BasisTranslator - 0.79584 (ms)
2026-07-12 22:02:41,719 [INFO] Pass: GatesInBasis - 0.78773 (ms)
2026-07-12 22:02:41,719 [INFO] Pass: Depth - 0.17667 (ms)
2026-07-12 22:02:41,719 [INFO] Pass: FixedPoint - 0.00739 (ms)
2026-07-12 22:02:41,719 [INFO] Pass: Depth - 0.17190 (ms)
2026-07-12 22:02:41,719 [INFO] Pass: FixedPoint - 0.00596 (ms)
2026-07-12 22:02:41,719 [INFO] Pass: Size - 0.06247 (ms)
2026-07-12 22:02:41,719 [INFO] Pass: FixedPoint - 0.00477 (ms)
2026-07-12 22:02:41,719 [INFO] Pass: Size - 0.05960 (ms)
2026-07-12 22:02:41,719 [INFO] Pass: FixedPoint - 0.00429 (ms)
2026-07-12 22:02:41,719 [INFO] Pass: ContainsInstruction - 0.00763 (ms)
2026-07-12 22:02:41,720 [INFO] Total Transpile Time - 64.69321 (ms)
2026-07-12 22:02:41,720 [INFO] Pass: InverseCancellation - 0.16642 (ms)
2026-07-12 22:02:41,720 [INFO] Pass: UnitarySynthesis - 0.00477 (ms)
2026-07-12 22:02:41,720 [INFO] Pass: Optimize1qGatesDecomposition - 0.70429 (ms)
2026-07-12 22:02:41,720 [INFO] Pass: InverseCancellation - 0.00739 (ms)
2026-07-12 22:02:41,720 [INFO] Pass: Optimize1qGatesDecomposition - 0.87047 (ms)
2026-07-12 22:02:41,720 [INFO] Pass: InverseCancellation - 0.00858 (ms)
2026-07-12 22:02:41,721 [INFO] Pass: GatesInBasis - 0.84519 (ms)
2026-07-12 22:02:41,721 [INFO] Pass: GatesInBasis - 0.81015 (ms)
2026-07-12 22:02:41,721 [INFO] Pass: Depth - 0.15974 (ms)
2026-07-12 22:02:41,721 [INFO] Pass: FixedPoint - 0.00548 (ms)
2026-07-12 22:02:41,721 [INFO] Pass: HighLevelSynthesis - 1.47867 (ms)
2026-07-12 22:02:41,721 [INFO] Pass: Depth - 0.16403 (ms)
2026-07-12 22:02:41,721 [INFO] Pass: Size - 0.05937 (ms)
2026-07-12 22:02:41,721 [INFO] Pass: FixedPoint - 0.00596 (ms)
2026-07-12 22:02:41,721 [INFO] Pass: FixedPoint - 0.00453 (ms)
2026-07-12 22:02:41,721 [INFO] Pass: ContainsInstruction - 0.00548 (ms)
2026-07-12 22:02:41,721 [INFO] Pass: Size - 0.05913 (ms)
2026-07-12 22:02:41,721 [INFO] Pass: FixedPoint - 0.00453 (ms)
2026-07-12 22:02:41,722 [INFO] Pass: BasisTranslator - 0.80466 (ms)
2026-07-12 22:02:41,722 [INFO] Pass: Optimize1qGatesDecomposition - 0.69928 (ms)
2026-07-12 22:02:41,722 [INFO] Pass: InverseCancellation - 0.00715 (ms)
2026-07-12 22:02:41,722 [INFO] Pass: Depth - 0.17309 (ms)
2026-07-12 22:02:41,722 [INFO] Pass: FixedPoint - 0.00787 (ms)
2026-07-12 22:02:41,722 [INFO] Pass: Size - 0.06247 (ms)
2026-07-12 22:02:41,722 [INFO] Pass: FixedPoint - 0.00477 (ms)
2026-07-12 22:02:41,723 [INFO] Total Transpile Time - 64.91160 (ms)
2026-07-12 22:02:41,723 [INFO] Pass: GatesInBasis - 0.86141 (ms)
2026-07-12 22:02:41,723 [INFO] Pass: Depth - 0.16117 (ms)
2026-07-12 22:02:41,723 [INFO] Pass: FixedPoint - 0.00596 (ms)
2026-07-12 22:02:41,723 [INFO] Pass: Optimize1qGatesDecomposition - 0.85902 (ms)
2026-07-12 22:02:41,723 [INFO] Pass: InverseCancellation - 0.00811 (ms)
2026-07-12 22:02:41,723 [INFO] Pass: Size - 0.05865 (ms)
2026-07-12 22:02:41,723 [INFO] Pass: FixedPoint - 0.00453 (ms)
2026-07-12 22:02:41,723 [INFO] Pass: ContainsInstruction - 0.00572 (ms)
2026-07-12 22:02:41,724 [INFO] Pass: GatesInBasis - 0.78845 (ms)
2026-07-12 22:02:41,724 [INFO] Pass: Depth - 0.16189 (ms)
2026-07-12 22:02:41,724 [INFO] Pass: FixedPoint - 0.00548 (ms)
2026-07-12 22:02:41,725 [INFO] Pass: Size - 0.05937 (ms)
2026-07-12 22:02:41,725 [INFO] Pass: FixedPoint - 0.00429 (ms)
2026-07-12 22:02:41,725 [INFO] Total Transpile Time - 64.92186 (ms)
2026-07-12 22:02:41,725 [INFO] Pass: ContainsInstruction - 0.00882 (ms)
2026-07-12 22:02:41,725 [INFO] Pass: Optimize1qGatesDecomposition - 0.70024 (ms)
2026-07-12 22:02:41,725 [INFO] Pass: InverseCancellation - 0.00715 (ms)
2026-07-12 22:02:41,725 [INFO] Pass: InverseCancellation - 0.17858 (ms)
2026-07-12 22:02:41,725 [INFO] Pass: UnitarySynthesis - 0.00501 (ms)
2026-07-12 22:02:41,726 [INFO] Pass: ContainsInstruction - 0.00858 (ms)
2026-07-12 22:02:41,726 [INFO] Pass: GatesInBasis - 0.84853 (ms)
2026-07-12 22:02:41,726 [INFO] Pass: InverseCancellation - 0.16665 (ms)
2026-07-12 22:02:41,726 [INFO] Pass: Depth - 0.16093 (ms)
2026-07-12 22:02:41,726 [INFO] Pass: FixedPoint - 0.00548 (ms)
2026-07-12 22:02:41,726 [INFO] Pass: UnitarySynthesis - 0.00501 (ms)
2026-07-12 22:02:41,727 [INFO] Pass: Size - 0.05889 (ms)
2026-07-12 22:02:41,727 [INFO] Pass: FixedPoint - 0.00405 (ms)
2026-07-12 22:02:41,727 [INFO] Pass: ContainsInstruction - 0.00548 (ms)
2026-07-12 22:02:41,727 [INFO] Pass: HighLevelSynthesis - 1.55044 (ms)
2026-07-12 22:02:41,728 [INFO] Total Transpile Time - 64.89897 (ms)
2026-07-12 22:02:41,728 [INFO] Pass: BasisTranslator - 0.84043 (ms)
2026-07-12 22:02:41,728 [INFO] Pass: HighLevelSynthesis - 1.47605 (ms)
2026-07-12 22:02:41,728 [INFO] Pass: Depth - 0.17905 (ms)
2026-07-12 22:02:41,728 [INFO] Pass: FixedPoint - 0.00858 (ms)
2026-07-12 22:02:41,728 [INFO] Pass: Size - 0.06914 (ms)
2026-07-12 22:02:41,728 [INFO] Pass: FixedPoint - 0.00477 (ms)
2026-07-12 22:02:41,728 [INFO] Pass: ContainsInstruction - 0.00763 (ms)
2026-07-12 22:02:41,729 [INFO] Pass: InverseCancellation - 0.16522 (ms)
2026-07-12 22:02:41,729 [INFO] Pass: UnitarySynthesis - 0.00477 (ms)
2026-07-12 22:02:41,729 [INFO] Pass: BasisTranslator - 0.78845 (ms)
2026-07-12 22:02:41,729 [INFO] Pass: Depth - 0.17405 (ms)
2026-07-12 22:02:41,729 [INFO] Pass: FixedPoint - 0.00811 (ms)
2026-07-12 22:02:41,729 [INFO] Pass: Size - 0.06080 (ms)
2026-07-12 22:02:41,729 [INFO] Pass: FixedPoint - 0.00453 (ms)
2026-07-12 22:02:41,729 [INFO] Pass: Optimize1qGatesDecomposition - 0.92053 (ms)
2026-07-12 22:02:41,729 [INFO] Pass: InverseCancellation - 0.00858 (ms)
2026-07-12 22:02:41,730 [INFO] Pass: Optimize1qGatesDecomposition - 0.87929 (ms)
2026-07-12 22:02:41,730 [INFO] Pass: InverseCancellation - 0.00834 (ms)
2026-07-12 22:02:41,730 [INFO] Pass: HighLevelSynthesis - 1.47200 (ms)
2026-07-12 22:02:41,730 [INFO] Pass: GatesInBasis - 0.84472 (ms)
2026-07-12 22:02:41,731 [INFO] Pass: Depth - 0.16403 (ms)
2026-07-12 22:02:41,731 [INFO] Pass: FixedPoint - 0.00668 (ms)
2026-07-12 22:02:41,731 [INFO] Pass: Size - 0.07272 (ms)
2026-07-12 22:02:41,731 [INFO] Pass: FixedPoint - 0.00453 (ms)
2026-07-12 22:02:41,731 [INFO] Pass: GatesInBasis - 0.80347 (ms)
2026-07-12 22:02:41,731 [INFO] Pass: BasisTranslator - 0.78154 (ms)
2026-07-12 22:02:41,731 [INFO] Pass: Depth - 0.16451 (ms)
2026-07-12 22:02:41,731 [INFO] Pass: FixedPoint - 0.00596 (ms)
2026-07-12 22:02:41,731 [INFO] Pass: Depth - 0.17643 (ms)
2026-07-12 22:02:41,731 [INFO] Pass: FixedPoint - 0.00834 (ms)
2026-07-12 22:02:41,731 [INFO] Pass: Size - 0.06437 (ms)
2026-07-12 22:02:41,731 [INFO] Pass: FixedPoint - 0.00453 (ms)
2026-07-12 22:02:41,731 [INFO] Pass: Size - 0.06175 (ms)
2026-07-12 22:02:41,732 [INFO] Pass: FixedPoint - 0.00501 (ms)
2026-07-12 22:02:41,732 [INFO] Pass: Optimize1qGatesDecomposition - 0.76890 (ms)
2026-07-12 22:02:41,732 [INFO] Pass: InverseCancellation - 0.00739 (ms)
2026-07-12 22:02:41,732 [INFO] Pass: ContainsInstruction - 0.00668 (ms)
2026-07-12 22:02:41,732 [INFO] Pass: Optimize1qGatesDecomposition - 0.71120 (ms)
2026-07-12 22:02:41,732 [INFO] Pass: InverseCancellation - 0.15926 (ms)
2026-07-12 22:02:41,732 [INFO] Pass: UnitarySynthesis - 0.00453 (ms)
2026-07-12 22:02:41,732 [INFO] Pass: InverseCancellation - 0.00763 (ms)
2026-07-12 22:02:41,732 [INFO] Pass: Optimize1qGatesDecomposition - 0.85950 (ms)
2026-07-12 22:02:41,732 [INFO] Pass: InverseCancellation - 0.00811 (ms)
2026-07-12 22:02:41,733 [INFO] Pass: GatesInBasis - 0.92173 (ms)
2026-07-12 22:02:41,733 [INFO] Pass: Depth - 0.18144 (ms)
2026-07-12 22:02:41,733 [INFO] Pass: FixedPoint - 0.00548 (ms)
2026-07-12 22:02:41,733 [INFO] Pass: Size - 0.07606 (ms)
2026-07-12 22:02:41,733 [INFO] Pass: FixedPoint - 0.00429 (ms)
2026-07-12 22:02:41,733 [INFO] Pass: ContainsInstruction - 0.00548 (ms)
2026-07-12 22:02:41,733 [INFO] Pass: GatesInBasis - 0.85402 (ms)
2026-07-12 22:02:41,733 [INFO] Pass: GatesInBasis - 0.78797 (ms)
2026-07-12 22:02:41,733 [INFO] Pass: Depth - 0.16117 (ms)
2026-07-12 22:02:41,733 [INFO] Pass: FixedPoint - 0.00572 (ms)
2026-07-12 22:02:41,734 [INFO] Pass: Size - 0.05865 (ms)
2026-07-12 22:02:41,734 [INFO] Pass: Depth - 0.16093 (ms)
2026-07-12 22:02:41,734 [INFO] Pass: FixedPoint - 0.00429 (ms)
2026-07-12 22:02:41,734 [INFO] Pass: FixedPoint - 0.00596 (ms)
2026-07-12 22:02:41,734 [INFO] Pass: ContainsInstruction - 0.00548 (ms)
2026-07-12 22:02:41,734 [INFO] Pass: Size - 0.05865 (ms)
2026-07-12 22:02:41,734 [INFO] Pass: FixedPoint - 0.00453 (ms)
2026-07-12 22:02:41,734 [INFO] Pass: HighLevelSynthesis - 1.47963 (ms)
2026-07-12 22:02:41,734 [INFO] Pass: Optimize1qGatesDecomposition - 0.70381 (ms)
2026-07-12 22:02:41,734 [INFO] Pass: InverseCancellation - 0.00739 (ms)
2026-07-12 22:02:41,734 [INFO] Total Transpile Time - 65.92846 (ms)
2026-07-12 22:02:41,735 [INFO] Pass: BasisTranslator - 0.79656 (ms)
2026-07-12 22:02:41,735 [INFO] Pass: Depth - 0.16689 (ms)
2026-07-12 22:02:41,735 [INFO] Pass: FixedPoint - 0.00715 (ms)
2026-07-12 22:02:41,735 [INFO] Total Transpile Time - 65.00816 (ms)
2026-07-12 22:02:41,735 [INFO] Pass: Size - 0.06056 (ms)
2026-07-12 22:02:41,735 [INFO] Pass: FixedPoint - 0.00501 (ms)
2026-07-12 22:02:41,735 [INFO] Pass: ContainsInstruction - 0.00882 (ms)
2026-07-12 22:02:41,735 [INFO] Pass: GatesInBasis - 0.84925 (ms)
2026-07-12 22:02:41,735 [INFO] Pass: InverseCancellation - 0.16546 (ms)
2026-07-12 22:02:41,736 [INFO] Pass: UnitarySynthesis - 0.00453 (ms)
2026-07-12 22:02:41,736 [INFO] Pass: Depth - 0.15998 (ms)
2026-07-12 22:02:41,736 [INFO] Pass: FixedPoint - 0.00572 (ms)
2026-07-12 22:02:41,736 [INFO] Pass: Size - 0.05841 (ms)
2026-07-12 22:02:41,736 [INFO] Pass: FixedPoint - 0.00429 (ms)
2026-07-12 22:02:41,736 [INFO] Pass: ContainsInstruction - 0.00620 (ms)
2026-07-12 22:02:41,736 [INFO] Pass: Optimize1qGatesDecomposition - 0.85139 (ms)
2026-07-12 22:02:41,736 [INFO] Pass: InverseCancellation - 0.00834 (ms)
2026-07-12 22:02:41,737 [INFO] Pass: GatesInBasis - 0.79012 (ms)
2026-07-12 22:02:41,737 [INFO] Pass: Depth - 0.16618 (ms)
2026-07-12 22:02:41,737 [INFO] Pass: HighLevelSynthesis - 1.46985 (ms)
2026-07-12 22:02:41,737 [INFO] Pass: FixedPoint - 0.00572 (ms)
2026-07-12 22:02:41,737 [INFO] Total Transpile Time - 64.81361 (ms)
2026-07-12 22:02:41,737 [INFO] Pass: Size - 0.05865 (ms)
2026-07-12 22:02:41,737 [INFO] Pass: FixedPoint - 0.00429 (ms)
2026-07-12 22:02:41,738 [INFO] Pass: BasisTranslator - 0.77748 (ms)
2026-07-12 22:02:41,738 [INFO] Pass: Optimize1qGatesDecomposition - 0.70071 (ms)
2026-07-12 22:02:41,738 [INFO] Pass: InverseCancellation - 0.00739 (ms)
2026-07-12 22:02:41,738 [INFO] Pass: Depth - 0.17786 (ms)
2026-07-12 22:02:41,738 [INFO] Pass: FixedPoint - 0.00763 (ms)
2026-07-12 22:02:41,738 [INFO] Pass: Size - 0.06008 (ms)
2026-07-12 22:02:41,738 [INFO] Pass: FixedPoint - 0.00429 (ms)
2026-07-12 22:02:41,739 [INFO] Pass: GatesInBasis - 0.86069 (ms)
2026-07-12 22:02:41,739 [INFO] Pass: Depth - 0.16141 (ms)
2026-07-12 22:02:41,739 [INFO] Pass: FixedPoint - 0.00525 (ms)
2026-07-12 22:02:41,739 [INFO] Pass: Optimize1qGatesDecomposition - 0.85235 (ms)
2026-07-12 22:02:41,739 [INFO] Pass: Size - 0.05817 (ms)
2026-07-12 22:02:41,739 [INFO] Pass: InverseCancellation - 0.00787 (ms)
2026-07-12 22:02:41,739 [INFO] Pass: FixedPoint - 0.00429 (ms)
2026-07-12 22:02:41,739 [INFO] Pass: ContainsInstruction - 0.00501 (ms)
2026-07-12 22:02:41,740 [INFO] Pass: ContainsInstruction - 0.00834 (ms)
2026-07-12 22:02:41,740 [INFO] Pass: InverseCancellation - 0.16856 (ms)
2026-07-12 22:02:41,740 [INFO] Pass: UnitarySynthesis - 0.00525 (ms)
2026-07-12 22:02:41,740 [INFO] Pass: GatesInBasis - 0.79274 (ms)
2026-07-12 22:02:41,740 [INFO] Pass: Depth - 0.16403 (ms)
2026-07-12 22:02:41,740 [INFO] Pass: FixedPoint - 0.00596 (ms)
2026-07-12 22:02:41,740 [INFO] Pass: Size - 0.05937 (ms)
2026-07-12 22:02:41,740 [INFO] Pass: FixedPoint - 0.00405 (ms)
2026-07-12 22:02:41,741 [INFO] Total Transpile Time - 64.60738 (ms)
2026-07-12 22:02:41,741 [INFO] Pass: Optimize1qGatesDecomposition - 0.70381 (ms)
2026-07-12 22:02:41,741 [INFO] Pass: InverseCancellation - 0.00715 (ms)
2026-07-12 22:02:41,742 [INFO] Pass: HighLevelSynthesis - 1.54185 (ms)
2026-07-12 22:02:41,742 [INFO] Pass: GatesInBasis - 0.86093 (ms)
2026-07-12 22:02:41,742 [INFO] Pass: Depth - 0.15879 (ms)
2026-07-12 22:02:41,742 [INFO] Pass: BasisTranslator - 0.80585 (ms)
2026-07-12 22:02:41,742 [INFO] Pass: FixedPoint - 0.00548 (ms)
2026-07-12 22:02:41,742 [INFO] Pass: Size - 0.05794 (ms)
2026-07-12 22:02:41,742 [INFO] Pass: FixedPoint - 0.00429 (ms)
2026-07-12 22:02:41,743 [INFO] Pass: ContainsInstruction - 0.00501 (ms)
2026-07-12 22:02:41,743 [INFO] Pass: Depth - 0.17786 (ms)
2026-07-12 22:02:41,743 [INFO] Pass: FixedPoint - 0.00787 (ms)
2026-07-12 22:02:41,743 [INFO] Pass: Size - 0.06723 (ms)
2026-07-12 22:02:41,743 [INFO] Pass: FixedPoint - 0.00477 (ms)
2026-07-12 22:02:41,744 [INFO] Pass: Optimize1qGatesDecomposition - 0.90766 (ms)
2026-07-12 22:02:41,744 [INFO] Total Transpile Time - 64.66985 (ms)
2026-07-12 22:02:41,744 [INFO] Pass: InverseCancellation - 0.00858 (ms)
2026-07-12 22:02:41,745 [INFO] Pass: GatesInBasis - 0.81849 (ms)
2026-07-12 22:02:41,745 [INFO] Pass: Depth - 0.18311 (ms)
2026-07-12 22:02:41,745 [INFO] Pass: FixedPoint - 0.00644 (ms)
2026-07-12 22:02:41,745 [INFO] Pass: Size - 0.05960 (ms)
2026-07-12 22:02:41,745 [INFO] Pass: FixedPoint - 0.00429 (ms)
2026-07-12 22:02:41,746 [INFO] Pass: Optimize1qGatesDecomposition - 0.72122 (ms)
2026-07-12 22:02:41,746 [INFO] Pass: InverseCancellation - 0.00787 (ms)
2026-07-12 22:02:41,747 [INFO] Pass: GatesInBasis - 0.86904 (ms)
2026-07-12 22:02:41,747 [INFO] Pass: Depth - 0.17500 (ms)
2026-07-12 22:02:41,747 [INFO] Pass: FixedPoint - 0.00596 (ms)
2026-07-12 22:02:41,747 [INFO] Pass: Size - 0.05841 (ms)
2026-07-12 22:02:41,747 [INFO] Pass: FixedPoint - 0.00429 (ms)
2026-07-12 22:02:41,747 [INFO] Pass: ContainsInstruction - 0.00596 (ms)
2026-07-12 22:02:41,749 [INFO] Total Transpile Time - 65.73153 (ms)
2026-07-12 22:02:42,300 [INFO] [PCE] Aer metadata (1a ejecucion de este proceso): device=CPU method=statevector shots=8192 fusion_enabled=True
2026-07-12 22:02:42,303 [INFO] [PCE] Aer metadata (1a ejecucion de este proceso): device=CPU method=statevector shots=8192 fusion_enabled=True
2026-07-12 22:02:42,306 [INFO] [PCE] Aer metadata (1a ejecucion de este proceso): device=CPU method=statevector shots=8192 fusion_enabled=True
2026-07-12 22:02:42,312 [INFO] [PCE] Aer metadata (1a ejecucion de este proceso): device=CPU method=statevector shots=8192 fusion_enabled=True
2026-07-12 22:02:42,315 [INFO] [PCE] Aer metadata (1a ejecucion de este proceso): device=CPU method=statevector shots=8192 fusion_enabled=True
2026-07-12 22:02:42,318 [INFO] [PCE] Aer metadata (1a ejecucion de este proceso): device=CPU method=statevector shots=8192 fusion_enabled=True
2026-07-12 22:02:42,321 [INFO] [PCE] Aer metadata (1a ejecucion de este proceso): device=CPU method=statevector shots=8192 fusion_enabled=True
2026-07-12 22:02:42,324 [INFO] [PCE] Aer metadata (1a ejecucion de este proceso): device=CPU method=statevector shots=8192 fusion_enabled=True
2026-07-12 22:02:42,327 [INFO] [PCE] Aer metadata (1a ejecucion de este proceso): device=CPU method=statevector shots=8192 fusion_enabled=True
2026-07-12 22:02:42,333 [INFO] [PCE] Aer metadata (1a ejecucion de este proceso): device=CPU method=statevector shots=8192 fusion_enabled=True
2026-07-12 22:02:42,336 [INFO] [PCE] Aer metadata (1a ejecucion de este proceso): device=CPU method=statevector shots=8192 fusion_enabled=True
2026-07-12 22:02:42,338 [INFO] [PCE] Aer metadata (1a ejecucion de este proceso): device=CPU method=statevector shots=8192 fusion_enabled=True
2026-07-12 22:02:42,338 [INFO] [PCE] Aer metadata (1a ejecucion de este proceso): device=CPU method=statevector shots=8192 fusion_enabled=True
2026-07-12 22:02:42,338 [INFO] [PCE] Aer metadata (1a ejecucion de este proceso): device=CPU method=statevector shots=8192 fusion_enabled=True
2026-07-13 05:08:51,007 [INFO] [PCE] n=200 instancia (idx=34) 1/14 completada (paralelo) - transcurrido=0:07:06:10
2026-07-13 05:09:21,455 [INFO] [PCE] n=200 instancia (idx=20) 2/14 completada (paralelo) - transcurrido=0:07:06:40
2026-07-13 05:09:33,058 [INFO] [PCE] n=200 instancia (idx=83) 3/14 completada (paralelo) - transcurrido=0:07:06:52
2026-07-13 05:21:29,348 [INFO] [PCE] n=200 instancia (idx=13) 4/14 completada (paralelo) - transcurrido=0:07:18:48
2026-07-13 05:29:22,701 [INFO] [PCE] n=200 instancia (idx=27) 5/14 completada (paralelo) - transcurrido=0:07:26:41
2026-07-13 05:31:37,242 [INFO] [PCE] n=200 instancia (idx=55) 6/14 completada (paralelo) - transcurrido=0:07:28:56
2026-07-13 05:33:32,598 [INFO] [PCE] n=200 instancia (idx=62) 7/14 completada (paralelo) - transcurrido=0:07:30:51
2026-07-13 05:34:33,960 [INFO] [PCE] n=200 instancia (idx=69) 8/14 completada (paralelo) - transcurrido=0:07:31:53
2026-07-13 05:39:43,013 [INFO] [PCE] n=200 instancia (idx=48) 9/14 completada (paralelo) - transcurrido=0:07:37:02
2026-07-13 05:43:52,489 [INFO] [PCE] n=200 instancia (idx=76) 10/14 completada (paralelo) - transcurrido=0:07:41:11
2026-07-13 05:45:39,012 [INFO] [PCE] n=200 instancia (idx=90) 11/14 completada (paralelo) - transcurrido=0:07:42:58
2026-07-13 05:47:51,310 [INFO] [PCE] n=200 instancia (idx=97) 12/14 completada (paralelo) - transcurrido=0:07:45:10
2026-07-13 05:48:06,309 [INFO] [PCE] n=200 instancia (idx=6) 13/14 completada (paralelo) - transcurrido=0:07:45:25
2026-07-13 05:49:04,860 [INFO] [PCE] n=200 instancia (idx=41) 14/14 completada (paralelo) - transcurrido=0:07:46:23
2026-07-13 05:49:04,972 [INFO] [PCE] n=200 chunk 7/7 completado - beta_parcial=0.2628 duration=0:07:46:24 shots=8192 backend=AER
