slurmstepd: info: Setting TMPDIR to /scratch/8413570. Previous errors about TMPDIR can be discarded
==============================
RUN_ID: 20260712-220132
Array ID: 10  (entrada: 225:3:7)
num_nodes: 225   chunk: 4/7
num_instances (total del n): 100
num_workers: 16   cpus-per-task: 32
OMP_NUM_THREADS=1 OPENBLAS_NUM_THREADS=1 MKL_NUM_THREADS=1
device: CPU   optimizer: DIFFERENTIALEVOLUTION   maxiter: 25   k: 3
backend: AER   shots: 8192
==============================

==============================
num_nodes     = 225
num_instances = 100 (total del n)
chunk         = 4/7
num_workers   = 16
k             = 3
optimizer     = DIFFERENTIALEVOLUTION
maxiter       = 25
backend       = AER
outdir        = Resultados/PCE/20260712-220132/chunks
==============================

(num_workers ajustado de 16 a 14: este chunk solo tiene 14 instancias)
[TIMING] pid=2862857 idx=3 t0=10232650.033 grafo=0.039s init_bench=0.000s run_pce=28500.235s total=28500.273s
[TIMING] pid=2862862 idx=24 t0=10232650.044 grafo=0.039s init_bench=0.000s run_pce=28624.832s total=28624.871s
[TIMING] pid=2862872 idx=94 t0=10232650.069 grafo=0.039s init_bench=0.000s run_pce=28651.426s total=28651.465s
[TIMING] pid=2862868 idx=66 t0=10232650.054 grafo=0.039s init_bench=0.000s run_pce=29934.964s total=29935.003s
[TIMING] pid=2862865 idx=45 t0=10232650.050 grafo=0.039s init_bench=0.000s run_pce=30176.740s total=30176.779s
[TIMING] pid=2862871 idx=87 t0=10232650.065 grafo=0.039s init_bench=0.000s run_pce=30309.276s total=30309.316s
[TIMING] pid=2862863 idx=31 t0=10232650.047 grafo=0.039s init_bench=0.000s run_pce=30316.564s total=30316.603s
[TIMING] pid=2862861 idx=17 t0=10232650.044 grafo=0.039s init_bench=0.000s run_pce=30469.199s total=30469.238s
[TIMING] pid=2862870 idx=80 t0=10232650.061 grafo=0.039s init_bench=0.000s run_pce=30605.531s total=30605.570s
[TIMING] pid=2862866 idx=52 t0=10232650.050 grafo=0.039s init_bench=0.000s run_pce=30616.187s total=30616.226s
[TIMING] pid=2862869 idx=73 t0=10232650.058 grafo=0.039s init_bench=0.000s run_pce=30638.035s total=30638.074s
[TIMING] pid=2862860 idx=10 t0=10232650.038 grafo=0.039s init_bench=0.000s run_pce=30723.879s total=30723.918s
[TIMING] pid=2862864 idx=38 t0=10232650.047 grafo=0.039s init_bench=0.000s run_pce=30762.854s total=30762.893s
[TIMING] pid=2862867 idx=59 t0=10232650.053 grafo=0.039s init_bench=0.000s run_pce=30938.108s total=30938.147s

✔ n=225 chunk 4/7 (14 instancias) beta_parcial=0.2788 ± 0.0241
✔ Resultado del chunk guardado en: Resultados/PCE/20260712-220132/chunks/n_225_chunk_3_of_7.h5
  (recuerda: esto es PARCIAL — hace falta merge_chunks_qscore_PCE.py para combinar todos los chunks de este n antes de agregar)
Fecha fin: Mon Jul 13 06:38:21 AM CEST 2026

*****************************************************************************
*                                                                           *
*                    JOB EFFICIENCY REPORT (seff 8413570)                   *
*                                                                           *
*****************************************************************************

Job ID: 8413570
Array Job ID: 8413559_10
Cluster: finisterrae3
User/Group: tec_app6/cesga
State: COMPLETED (exit code 0)
Nodes: 1
Cores per node: 32
CPU Utilized: 13:17:52
CPU Efficiency: 4.83% of 11-11:04:32 core-walltime
Job Wall-clock time: 08:35:46
Memory Utilized: 7.74 GB
Memory Efficiency: 24.20% of 32.00 GB

 +++++++++++++++++++++++++++++++++++++++++++++++++++++++++++++++++++++++++++
 ++   Memory Efficiency is too small. Please review the requested memory. ++
 ++ It seems that you do not need that much memory so we recommend        ++
 ++ requesting less memory in other similar jobs.                         ++
 +++++++++++++++++++++++++++++++++++++++++++++++++++++++++++++++++++++++++++
 
*****************************************************************************

