slurmstepd: info: Setting TMPDIR to /scratch/8413572. Previous errors about TMPDIR can be discarded
==============================
RUN_ID: 20260712-220132
Array ID: 12  (entrada: 225:5:7)
num_nodes: 225   chunk: 6/7
num_instances (total del n): 100
num_workers: 16   cpus-per-task: 32
OMP_NUM_THREADS=1 OPENBLAS_NUM_THREADS=1 MKL_NUM_THREADS=1
device: CPU   optimizer: DIFFERENTIALEVOLUTION   maxiter: 25   k: 3
backend: AER   shots: 8192
==============================

==============================
num_nodes     = 225
num_instances = 100 (total del n)
chunk         = 6/7
num_workers   = 16
k             = 3
optimizer     = DIFFERENTIALEVOLUTION
maxiter       = 25
backend       = AER
outdir        = Resultados/PCE/20260712-220132/chunks
==============================

(num_workers ajustado de 16 a 14: este chunk solo tiene 14 instancias)
[TIMING] pid=3605663 idx=75 t0=10231788.899 grafo=0.040s init_bench=0.000s run_pce=28552.902s total=28552.942s
[TIMING] pid=3605657 idx=33 t0=10231788.875 grafo=0.040s init_bench=0.000s run_pce=28741.293s total=28741.333s
[TIMING] pid=3605656 idx=26 t0=10231788.871 grafo=0.040s init_bench=0.000s run_pce=28901.540s total=28901.580s
[TIMING] pid=3605658 idx=40 t0=10231788.879 grafo=0.040s init_bench=0.000s run_pce=29047.812s total=29047.852s
[TIMING] pid=3605659 idx=47 t0=10231788.886 grafo=0.040s init_bench=0.000s run_pce=29880.369s total=29880.409s
[TIMING] pid=3605651 idx=5 t0=10231788.862 grafo=0.041s init_bench=0.000s run_pce=30106.379s total=30106.420s
[TIMING] pid=3605660 idx=54 t0=10231788.886 grafo=0.040s init_bench=0.000s run_pce=30241.822s total=30241.863s
[TIMING] pid=3605665 idx=89 t0=10231788.908 grafo=0.040s init_bench=0.000s run_pce=30264.213s total=30264.254s
[TIMING] pid=3605661 idx=61 t0=10231788.890 grafo=0.040s init_bench=0.000s run_pce=30332.556s total=30332.596s
[TIMING] pid=3605654 idx=12 t0=10231788.866 grafo=0.040s init_bench=0.000s run_pce=30358.953s total=30358.993s
[TIMING] pid=3605666 idx=96 t0=10231788.913 grafo=0.042s init_bench=0.000s run_pce=30387.603s total=30387.645s
[TIMING] pid=3605662 idx=68 t0=10231788.895 grafo=0.041s init_bench=0.000s run_pce=30510.800s total=30510.840s
[TIMING] pid=3605655 idx=19 t0=10231788.867 grafo=0.040s init_bench=0.000s run_pce=30536.760s total=30536.800s
[TIMING] pid=3605664 idx=82 t0=10231788.903 grafo=0.040s init_bench=0.000s run_pce=30613.081s total=30613.121s

✔ n=225 chunk 6/7 (14 instancias) beta_parcial=0.2646 ± 0.0164
✔ Resultado del chunk guardado en: Resultados/PCE/20260712-220132/chunks/n_225_chunk_5_of_7.h5
  (recuerda: esto es PARCIAL — hace falta merge_chunks_qscore_PCE.py para combinar todos los chunks de este n antes de agregar)
Fecha fin: Mon Jul 13 06:32:56 AM CEST 2026

*****************************************************************************
*                                                                           *
*                    JOB EFFICIENCY REPORT (seff 8413572)                   *
*                                                                           *
*****************************************************************************

Job ID: 8413572
Array Job ID: 8413559_12
Cluster: finisterrae3
User/Group: tec_app6/cesga
State: COMPLETED (exit code 0)
Nodes: 1
Cores per node: 32
CPU Utilized: 13:12:55
CPU Efficiency: 4.86% of 11-08:11:12 core-walltime
Job Wall-clock time: 08:30:21
Memory Utilized: 7.68 GB
Memory Efficiency: 23.99% of 32.00 GB

 +++++++++++++++++++++++++++++++++++++++++++++++++++++++++++++++++++++++++++
 ++   Memory Efficiency is too small. Please review the requested memory. ++
 ++ It seems that you do not need that much memory so we recommend        ++
 ++ requesting less memory in other similar jobs.                         ++
 +++++++++++++++++++++++++++++++++++++++++++++++++++++++++++++++++++++++++++
 
*****************************************************************************

