slurmstepd: info: Setting TMPDIR to /scratch/8413563. Previous errors about TMPDIR can be discarded
==============================
RUN_ID: 20260712-220132
Array ID: 3  (entrada: 200:3:7)
num_nodes: 200   chunk: 4/7
num_instances (total del n): 100
num_workers: 16   cpus-per-task: 32
OMP_NUM_THREADS=1 OPENBLAS_NUM_THREADS=1 MKL_NUM_THREADS=1
device: CPU   optimizer: DIFFERENTIALEVOLUTION   maxiter: 25   k: 3
backend: AER   shots: 8192
==============================

==============================
num_nodes     = 200
num_instances = 100 (total del n)
chunk         = 4/7
num_workers   = 16
k             = 3
optimizer     = DIFFERENTIALEVOLUTION
maxiter       = 25
backend       = AER
outdir        = Resultados/PCE/20260712-220132/chunks
==============================

(num_workers ajustado de 16 a 14: este chunk solo tiene 14 instancias)
[TIMING] pid=1008185 idx=59 t0=10232589.817 grafo=0.045s init_bench=0.000s run_pce=25855.529s total=25855.573s
[TIMING] pid=1008187 idx=38 t0=10232589.804 grafo=0.055s init_bench=0.000s run_pce=25895.048s total=25895.103s
[TIMING] pid=1008183 idx=45 t0=10232589.809 grafo=0.060s init_bench=0.000s run_pce=25914.728s total=25914.788s
[TIMING] pid=1008188 idx=87 t0=10232589.842 grafo=0.032s init_bench=0.000s run_pce=27149.235s total=27149.267s
[TIMING] pid=1008178 idx=17 t0=10232589.767 grafo=0.032s init_bench=0.000s run_pce=27299.550s total=27299.581s
[TIMING] pid=1008184 idx=52 t0=10232589.817 grafo=0.053s init_bench=0.000s run_pce=27349.457s total=27349.510s
[TIMING] pid=1008181 idx=80 t0=10232589.828 grafo=0.032s init_bench=0.000s run_pce=27418.151s total=27418.183s
[TIMING] pid=1008177 idx=10 t0=10232589.762 grafo=0.032s init_bench=0.000s run_pce=27505.780s total=27505.812s
[TIMING] pid=1008174 idx=3 t0=10232589.759 grafo=0.032s init_bench=0.000s run_pce=27538.613s total=27538.645s
[TIMING] pid=1008179 idx=24 t0=10232589.768 grafo=0.054s init_bench=0.000s run_pce=27613.592s total=27613.647s
[TIMING] pid=1008186 idx=73 t0=10232589.828 grafo=0.035s init_bench=0.000s run_pce=27666.014s total=27666.048s
[TIMING] pid=1008189 idx=94 t0=10232589.851 grafo=0.032s init_bench=0.000s run_pce=27725.539s total=27725.570s
[TIMING] pid=1008182 idx=66 t0=10232589.824 grafo=0.049s init_bench=0.000s run_pce=27746.755s total=27746.804s
[TIMING] pid=1008180 idx=31 t0=10232589.795 grafo=0.045s init_bench=0.000s run_pce=27919.045s total=27919.090s

✔ n=200 chunk 4/7 (14 instancias) beta_parcial=0.2469 ± 0.0244
✔ Resultado del chunk guardado en: Resultados/PCE/20260712-220132/chunks/n_200_chunk_3_of_7.h5
  (recuerda: esto es PARCIAL — hace falta merge_chunks_qscore_PCE.py para combinar todos los chunks de este n antes de agregar)
Fecha fin: Mon Jul 13 05:48:02 AM CEST 2026

*****************************************************************************
*                                                                           *
*                    JOB EFFICIENCY REPORT (seff 8413563)                   *
*                                                                           *
*****************************************************************************

Job ID: 8413563
Array Job ID: 8413559_3
Cluster: finisterrae3
User/Group: tec_app6/cesga
State: COMPLETED (exit code 0)
Nodes: 1
Cores per node: 32
CPU Utilized: 11:26:21
CPU Efficiency: 4.61% of 10-08:14:24 core-walltime
Job Wall-clock time: 07:45:27
Memory Utilized: 6.96 GB
Memory Efficiency: 21.76% of 32.00 GB

 +++++++++++++++++++++++++++++++++++++++++++++++++++++++++++++++++++++++++++
 ++   Memory Efficiency is too small. Please review the requested memory. ++
 ++ It seems that you do not need that much memory so we recommend        ++
 ++ requesting less memory in other similar jobs.                         ++
 +++++++++++++++++++++++++++++++++++++++++++++++++++++++++++++++++++++++++++
 
*****************************************************************************

