gcc/system unloaded
gcccore/system unloaded
cesga/2022 unloaded
rust/1.75.0 unloaded
imkl/2022.0.1 unloaded
numpy/1.26.4 unloaded
scipy/1.13.1 unloaded
flint/2.8.4 unloaded
symengine/0.11.1 unloaded
symengine-python/0.11.0 unloaded
spdlog/1.9.2 unloaded
pylatexenc/2.10 unloaded
qiskit/1.2.4-aer-gpu-cu11 unloaded
        Preparing the environment for use of the CESGA 2022 software stack.
        Please rebuild modules cache: module --ignore-cache avail
     
cesga/2022 loaded
rust/1.75.0 loaded

imkl/2023.2.0 loaded
numpy/1.26.4 loaded
scipy/1.13.1 loaded
imkl/2023.2.0 unloaded

imkl/2022.0.1 loaded
flint/2.8.4 loaded
symengine/0.11.1 loaded
symengine-python/0.11.0 loaded
spdlog/1.9.2 loaded
pylatexenc/2.10 loaded
gcccore/system loaded
gcc/system loaded
qiskit/1.2.4-aer-gpu-cu11 loaded
2026-07-12 22:02:41,511 [INFO] [PCE] n=200 chunk 4/7: 14 instancias [3, 10, 17, 24, 31, 38, 45, 52, 59, 66, 73, 80, 87, 94], num_workers=14, qubits=9
2026-07-12 22:02:41,511 [INFO] [PCE] n=200 paralelizando 14 instancias entre 14 workers (max_parallel_threads=1 fijo, independiente de num_workers)
2026-07-12 22:02:41,642 [INFO] Pass: ContainsInstruction - 0.01121 (ms)
2026-07-12 22:02:41,642 [INFO] Pass: InverseCancellation - 0.01717 (ms)
2026-07-12 22:02:41,642 [INFO] Pass: UnitarySynthesis - 0.00501 (ms)
2026-07-12 22:02:41,644 [INFO] Pass: HighLevelSynthesis - 1.48344 (ms)
2026-07-12 22:02:41,645 [INFO] Pass: BasisTranslator - 0.81992 (ms)
2026-07-12 22:02:41,645 [INFO] Pass: ContainsInstruction - 0.01240 (ms)
2026-07-12 22:02:41,645 [INFO] Pass: InverseCancellation - 0.01597 (ms)
2026-07-12 22:02:41,645 [INFO] Pass: UnitarySynthesis - 0.00548 (ms)
2026-07-12 22:02:41,645 [INFO] Pass: Depth - 0.18859 (ms)
2026-07-12 22:02:41,645 [INFO] Pass: FixedPoint - 0.01240 (ms)
2026-07-12 22:02:41,645 [INFO] Pass: Size - 0.05865 (ms)
2026-07-12 22:02:41,645 [INFO] Pass: FixedPoint - 0.00477 (ms)
2026-07-12 22:02:41,645 [INFO] Pass: Optimize1qGatesDecomposition - 0.14806 (ms)
2026-07-12 22:02:41,645 [INFO] Pass: InverseCancellation - 0.00668 (ms)
2026-07-12 22:02:41,646 [INFO] Pass: GatesInBasis - 0.79632 (ms)
2026-07-12 22:02:41,647 [INFO] Pass: Depth - 0.14925 (ms)
2026-07-12 22:02:41,647 [INFO] Pass: FixedPoint - 0.00548 (ms)
2026-07-12 22:02:41,647 [INFO] Pass: HighLevelSynthesis - 1.47724 (ms)
2026-07-12 22:02:41,647 [INFO] Pass: Size - 0.05484 (ms)
2026-07-12 22:02:41,647 [INFO] Pass: FixedPoint - 0.00429 (ms)
2026-07-12 22:02:41,647 [INFO] Pass: ContainsInstruction - 0.00477 (ms)
2026-07-12 22:02:41,647 [INFO] Pass: BasisTranslator - 0.81754 (ms)
2026-07-12 22:02:41,648 [INFO] Pass: Depth - 0.19002 (ms)
2026-07-12 22:02:41,648 [INFO] Pass: FixedPoint - 0.01287 (ms)
2026-07-12 22:02:41,648 [INFO] Pass: Size - 0.06509 (ms)
2026-07-12 22:02:41,648 [INFO] Pass: FixedPoint - 0.00429 (ms)
2026-07-12 22:02:41,648 [INFO] Pass: Optimize1qGatesDecomposition - 0.13590 (ms)
2026-07-12 22:02:41,648 [INFO] Total Transpile Time - 82.70907 (ms)
2026-07-12 22:02:41,648 [INFO] Pass: InverseCancellation - 0.00668 (ms)
2026-07-12 22:02:41,649 [INFO] Pass: GatesInBasis - 0.79179 (ms)
2026-07-12 22:02:41,649 [INFO] Pass: Depth - 0.15306 (ms)
2026-07-12 22:02:41,649 [INFO] Pass: FixedPoint - 0.00525 (ms)
2026-07-12 22:02:41,649 [INFO] Pass: Size - 0.05555 (ms)
2026-07-12 22:02:41,649 [INFO] Pass: FixedPoint - 0.00405 (ms)
2026-07-12 22:02:41,649 [INFO] Pass: ContainsInstruction - 0.00453 (ms)
2026-07-12 22:02:41,651 [INFO] Total Transpile Time - 82.23081 (ms)
2026-07-12 22:02:41,664 [INFO] Pass: ContainsInstruction - 0.01240 (ms)
2026-07-12 22:02:41,664 [INFO] Pass: InverseCancellation - 0.01550 (ms)
2026-07-12 22:02:41,664 [INFO] Pass: UnitarySynthesis - 0.00548 (ms)
2026-07-12 22:02:41,666 [INFO] Pass: HighLevelSynthesis - 1.47891 (ms)
2026-07-12 22:02:41,667 [INFO] Pass: BasisTranslator - 0.82326 (ms)
2026-07-12 22:02:41,667 [INFO] Pass: Depth - 0.19574 (ms)
2026-07-12 22:02:41,667 [INFO] Pass: FixedPoint - 0.01359 (ms)
2026-07-12 22:02:41,667 [INFO] Pass: Size - 0.06127 (ms)
2026-07-12 22:02:41,667 [INFO] Pass: FixedPoint - 0.00477 (ms)
2026-07-12 22:02:41,667 [INFO] Pass: Optimize1qGatesDecomposition - 0.14591 (ms)
2026-07-12 22:02:41,667 [INFO] Pass: InverseCancellation - 0.00882 (ms)
2026-07-12 22:02:41,668 [INFO] Pass: GatesInBasis - 0.79942 (ms)
2026-07-12 22:02:41,668 [INFO] Pass: Depth - 0.15235 (ms)
2026-07-12 22:02:41,668 [INFO] Pass: FixedPoint - 0.00501 (ms)
2026-07-12 22:02:41,668 [INFO] Pass: Size - 0.05555 (ms)
2026-07-12 22:02:41,668 [INFO] Pass: FixedPoint - 0.00405 (ms)
2026-07-12 22:02:41,668 [INFO] Pass: ContainsInstruction - 0.00453 (ms)
2026-07-12 22:02:41,670 [INFO] Total Transpile Time - 96.81201 (ms)
2026-07-12 22:02:41,693 [INFO] Pass: ContainsInstruction - 0.01168 (ms)
2026-07-12 22:02:41,693 [INFO] Pass: InverseCancellation - 0.02265 (ms)
2026-07-12 22:02:41,693 [INFO] Pass: UnitarySynthesis - 0.00501 (ms)
2026-07-12 22:02:41,695 [INFO] Pass: HighLevelSynthesis - 1.58167 (ms)
2026-07-12 22:02:41,695 [INFO] Pass: BasisTranslator - 0.82564 (ms)
2026-07-12 22:02:41,696 [INFO] Pass: Depth - 0.20647 (ms)
2026-07-12 22:02:41,696 [INFO] Pass: FixedPoint - 0.01216 (ms)
2026-07-12 22:02:41,696 [INFO] Pass: Size - 0.06986 (ms)
2026-07-12 22:02:41,696 [INFO] Pass: FixedPoint - 0.00501 (ms)
2026-07-12 22:02:41,696 [INFO] Pass: Optimize1qGatesDecomposition - 0.14901 (ms)
2026-07-12 22:02:41,696 [INFO] Pass: InverseCancellation - 0.00644 (ms)
2026-07-12 22:02:41,697 [INFO] Pass: GatesInBasis - 0.86188 (ms)
2026-07-12 22:02:41,697 [INFO] Pass: Depth - 0.16403 (ms)
2026-07-12 22:02:41,697 [INFO] Pass: FixedPoint - 0.00572 (ms)
2026-07-12 22:02:41,697 [INFO] Pass: Size - 0.05579 (ms)
2026-07-12 22:02:41,697 [INFO] Pass: FixedPoint - 0.00405 (ms)
2026-07-12 22:02:41,698 [INFO] Pass: ContainsInstruction - 0.00525 (ms)
2026-07-12 22:02:41,699 [INFO] Total Transpile Time - 89.56003 (ms)
2026-07-12 22:02:41,704 [INFO] Pass: ContainsInstruction - 0.01192 (ms)
2026-07-12 22:02:41,704 [INFO] Pass: InverseCancellation - 0.01764 (ms)
2026-07-12 22:02:41,704 [INFO] Pass: UnitarySynthesis - 0.00501 (ms)
2026-07-12 22:02:41,706 [INFO] Pass: HighLevelSynthesis - 1.46294 (ms)
2026-07-12 22:02:41,707 [INFO] Pass: BasisTranslator - 0.76222 (ms)
2026-07-12 22:02:41,707 [INFO] Pass: Depth - 0.20814 (ms)
2026-07-12 22:02:41,707 [INFO] Pass: FixedPoint - 0.01240 (ms)
2026-07-12 22:02:41,707 [INFO] Pass: ContainsInstruction - 0.00763 (ms)
2026-07-12 22:02:41,707 [INFO] Pass: Size - 0.06461 (ms)
2026-07-12 22:02:41,707 [INFO] Pass: FixedPoint - 0.00453 (ms)
2026-07-12 22:02:41,707 [INFO] Pass: InverseCancellation - 0.16999 (ms)
2026-07-12 22:02:41,707 [INFO] Pass: UnitarySynthesis - 0.00501 (ms)
2026-07-12 22:02:41,707 [INFO] Pass: Optimize1qGatesDecomposition - 0.14257 (ms)
2026-07-12 22:02:41,707 [INFO] Pass: InverseCancellation - 0.00691 (ms)
2026-07-12 22:02:41,708 [INFO] Pass: GatesInBasis - 0.82660 (ms)
2026-07-12 22:02:41,708 [INFO] Pass: Depth - 0.15378 (ms)
2026-07-12 22:02:41,709 [INFO] Pass: FixedPoint - 0.00548 (ms)
2026-07-12 22:02:41,709 [INFO] Pass: Size - 0.05627 (ms)
2026-07-12 22:02:41,709 [INFO] Pass: FixedPoint - 0.00405 (ms)
2026-07-12 22:02:41,709 [INFO] Pass: ContainsInstruction - 0.00477 (ms)
2026-07-12 22:02:41,709 [INFO] Pass: HighLevelSynthesis - 1.38879 (ms)
2026-07-12 22:02:41,709 [INFO] Pass: ContainsInstruction - 0.01049 (ms)
2026-07-12 22:02:41,709 [INFO] Pass: InverseCancellation - 0.16475 (ms)
2026-07-12 22:02:41,709 [INFO] Pass: UnitarySynthesis - 0.00405 (ms)
2026-07-12 22:02:41,710 [INFO] Pass: BasisTranslator - 0.76485 (ms)
2026-07-12 22:02:41,710 [INFO] Pass: Depth - 0.17285 (ms)
2026-07-12 22:02:41,710 [INFO] Pass: FixedPoint - 0.00787 (ms)
2026-07-12 22:02:41,710 [INFO] Pass: Size - 0.05841 (ms)
2026-07-12 22:02:41,710 [INFO] Pass: FixedPoint - 0.00429 (ms)
2026-07-12 22:02:41,710 [INFO] Total Transpile Time - 82.10540 (ms)
2026-07-12 22:02:41,711 [INFO] Pass: HighLevelSynthesis - 1.39904 (ms)
2026-07-12 22:02:41,711 [INFO] Pass: Optimize1qGatesDecomposition - 0.80872 (ms)
2026-07-12 22:02:41,711 [INFO] Pass: InverseCancellation - 0.14234 (ms)
2026-07-12 22:02:41,711 [INFO] Pass: BasisTranslator - 0.76962 (ms)
2026-07-12 22:02:41,712 [INFO] Pass: Depth - 0.16928 (ms)
2026-07-12 22:02:41,712 [INFO] Pass: FixedPoint - 0.00691 (ms)
2026-07-12 22:02:41,712 [INFO] Pass: Size - 0.06008 (ms)
2026-07-12 22:02:41,712 [INFO] Pass: FixedPoint - 0.00429 (ms)
2026-07-12 22:02:41,712 [INFO] Pass: GatesInBasis - 0.81253 (ms)
2026-07-12 22:02:41,712 [INFO] Pass: Depth - 0.15879 (ms)
2026-07-12 22:02:41,712 [INFO] Pass: FixedPoint - 0.00596 (ms)
2026-07-12 22:02:41,712 [INFO] Pass: ContainsInstruction - 0.01407 (ms)
2026-07-12 22:02:41,712 [INFO] Pass: Size - 0.05770 (ms)
2026-07-12 22:02:41,712 [INFO] Pass: FixedPoint - 0.00405 (ms)
2026-07-12 22:02:41,712 [INFO] Pass: ContainsInstruction - 0.00501 (ms)
2026-07-12 22:02:41,712 [INFO] Pass: InverseCancellation - 0.01526 (ms)
2026-07-12 22:02:41,712 [INFO] Pass: UnitarySynthesis - 0.00525 (ms)
2026-07-12 22:02:41,712 [INFO] Pass: ContainsInstruction - 0.01454 (ms)
2026-07-12 22:02:41,713 [INFO] Pass: InverseCancellation - 0.01693 (ms)
2026-07-12 22:02:41,713 [INFO] Pass: Optimize1qGatesDecomposition - 0.81587 (ms)
2026-07-12 22:02:41,713 [INFO] Pass: UnitarySynthesis - 0.00525 (ms)
2026-07-12 22:02:41,713 [INFO] Pass: InverseCancellation - 0.15450 (ms)
2026-07-12 22:02:41,714 [INFO] Total Transpile Time - 65.44518 (ms)
2026-07-12 22:02:41,714 [INFO] Pass: GatesInBasis - 0.81348 (ms)
2026-07-12 22:02:41,714 [INFO] Pass: Depth - 0.16451 (ms)
2026-07-12 22:02:41,714 [INFO] Pass: HighLevelSynthesis - 1.50585 (ms)
2026-07-12 22:02:41,714 [INFO] Pass: FixedPoint - 0.00620 (ms)
2026-07-12 22:02:41,714 [INFO] Pass: Size - 0.05722 (ms)
2026-07-12 22:02:41,714 [INFO] Pass: FixedPoint - 0.00405 (ms)
2026-07-12 22:02:41,714 [INFO] Pass: ContainsInstruction - 0.00477 (ms)
2026-07-12 22:02:41,714 [INFO] Pass: HighLevelSynthesis - 1.48797 (ms)
2026-07-12 22:02:41,714 [INFO] Pass: ContainsInstruction - 0.01192 (ms)
2026-07-12 22:02:41,714 [INFO] Pass: InverseCancellation - 0.01478 (ms)
2026-07-12 22:02:41,714 [INFO] Pass: UnitarySynthesis - 0.00548 (ms)
2026-07-12 22:02:41,715 [INFO] Pass: ContainsInstruction - 0.01121 (ms)
2026-07-12 22:02:41,715 [INFO] Pass: BasisTranslator - 0.75173 (ms)
2026-07-12 22:02:41,715 [INFO] Pass: InverseCancellation - 0.01693 (ms)
2026-07-12 22:02:41,715 [INFO] Pass: UnitarySynthesis - 0.00525 (ms)
2026-07-12 22:02:41,715 [INFO] Pass: Depth - 0.20313 (ms)
2026-07-12 22:02:41,715 [INFO] Pass: BasisTranslator - 0.76222 (ms)
2026-07-12 22:02:41,715 [INFO] Pass: FixedPoint - 0.01168 (ms)
2026-07-12 22:02:41,715 [INFO] Pass: Size - 0.06270 (ms)
2026-07-12 22:02:41,715 [INFO] Pass: FixedPoint - 0.00453 (ms)
2026-07-12 22:02:41,715 [INFO] Pass: Depth - 0.19073 (ms)
2026-07-12 22:02:41,715 [INFO] Pass: FixedPoint - 0.01192 (ms)
2026-07-12 22:02:41,715 [INFO] Pass: Optimize1qGatesDecomposition - 0.14377 (ms)
2026-07-12 22:02:41,715 [INFO] Pass: Size - 0.06056 (ms)
2026-07-12 22:02:41,715 [INFO] Total Transpile Time - 64.61716 (ms)
2026-07-12 22:02:41,715 [INFO] Pass: InverseCancellation - 0.00668 (ms)
2026-07-12 22:02:41,715 [INFO] Pass: FixedPoint - 0.00453 (ms)
2026-07-12 22:02:41,716 [INFO] Pass: Optimize1qGatesDecomposition - 0.13566 (ms)
2026-07-12 22:02:41,716 [INFO] Pass: InverseCancellation - 0.00668 (ms)
2026-07-12 22:02:41,716 [INFO] Pass: HighLevelSynthesis - 1.47104 (ms)
2026-07-12 22:02:41,716 [INFO] Pass: GatesInBasis - 0.82397 (ms)
2026-07-12 22:02:41,716 [INFO] Pass: HighLevelSynthesis - 1.49059 (ms)
2026-07-12 22:02:41,716 [INFO] Pass: Depth - 0.15235 (ms)
2026-07-12 22:02:41,716 [INFO] Pass: FixedPoint - 0.00525 (ms)
2026-07-12 22:02:41,717 [INFO] Pass: GatesInBasis - 0.83041 (ms)
2026-07-12 22:02:41,717 [INFO] Pass: Size - 0.05555 (ms)
2026-07-12 22:02:41,717 [INFO] Pass: FixedPoint - 0.00405 (ms)
2026-07-12 22:02:41,717 [INFO] Pass: ContainsInstruction - 0.00477 (ms)
2026-07-12 22:02:41,717 [INFO] Pass: Depth - 0.15140 (ms)
2026-07-12 22:02:41,717 [INFO] Pass: FixedPoint - 0.00525 (ms)
2026-07-12 22:02:41,717 [INFO] Pass: Size - 0.07248 (ms)
2026-07-12 22:02:41,717 [INFO] Pass: BasisTranslator - 0.83399 (ms)
2026-07-12 22:02:41,717 [INFO] Pass: FixedPoint - 0.00453 (ms)
2026-07-12 22:02:41,717 [INFO] Pass: ContainsInstruction - 0.00477 (ms)
2026-07-12 22:02:41,717 [INFO] Pass: Depth - 0.19240 (ms)
2026-07-12 22:02:41,717 [INFO] Pass: FixedPoint - 0.01168 (ms)
2026-07-12 22:02:41,717 [INFO] Pass: Size - 0.05794 (ms)
2026-07-12 22:02:41,717 [INFO] Pass: FixedPoint - 0.00453 (ms)
2026-07-12 22:02:41,717 [INFO] Pass: BasisTranslator - 0.82827 (ms)
2026-07-12 22:02:41,717 [INFO] Pass: Optimize1qGatesDecomposition - 0.13423 (ms)
2026-07-12 22:02:41,717 [INFO] Pass: InverseCancellation - 0.00668 (ms)
2026-07-12 22:02:41,718 [INFO] Pass: Depth - 0.18859 (ms)
2026-07-12 22:02:41,718 [INFO] Pass: FixedPoint - 0.01121 (ms)
2026-07-12 22:02:41,718 [INFO] Pass: Size - 0.05794 (ms)
2026-07-12 22:02:41,718 [INFO] Pass: FixedPoint - 0.00429 (ms)
2026-07-12 22:02:41,718 [INFO] Pass: Optimize1qGatesDecomposition - 0.14210 (ms)
2026-07-12 22:02:41,718 [INFO] Pass: InverseCancellation - 0.00620 (ms)
2026-07-12 22:02:41,718 [INFO] Total Transpile Time - 83.69493 (ms)
2026-07-12 22:02:41,718 [INFO] Total Transpile Time - 83.35161 (ms)
2026-07-12 22:02:41,718 [INFO] Pass: GatesInBasis - 0.79465 (ms)
2026-07-12 22:02:41,719 [INFO] Pass: Depth - 0.14925 (ms)
2026-07-12 22:02:41,719 [INFO] Pass: FixedPoint - 0.00501 (ms)
2026-07-12 22:02:41,719 [INFO] Pass: Size - 0.05507 (ms)
2026-07-12 22:02:41,719 [INFO] Pass: FixedPoint - 0.00429 (ms)
2026-07-12 22:02:41,719 [INFO] Pass: ContainsInstruction - 0.00453 (ms)
2026-07-12 22:02:41,719 [INFO] Pass: GatesInBasis - 0.80013 (ms)
2026-07-12 22:02:41,719 [INFO] Pass: Depth - 0.14877 (ms)
2026-07-12 22:02:41,719 [INFO] Pass: FixedPoint - 0.00525 (ms)
2026-07-12 22:02:41,719 [INFO] Pass: Size - 0.05531 (ms)
2026-07-12 22:02:41,719 [INFO] Pass: FixedPoint - 0.00429 (ms)
2026-07-12 22:02:41,719 [INFO] Pass: ContainsInstruction - 0.00477 (ms)
2026-07-12 22:02:41,719 [INFO] Pass: ContainsInstruction - 0.01264 (ms)
2026-07-12 22:02:41,720 [INFO] Pass: InverseCancellation - 0.01574 (ms)
2026-07-12 22:02:41,720 [INFO] Pass: UnitarySynthesis - 0.00525 (ms)
2026-07-12 22:02:41,720 [INFO] Total Transpile Time - 83.30154 (ms)
2026-07-12 22:02:41,720 [INFO] Total Transpile Time - 82.86285 (ms)
2026-07-12 22:02:41,721 [INFO] Pass: HighLevelSynthesis - 1.51348 (ms)
2026-07-12 22:02:41,722 [INFO] Pass: BasisTranslator - 0.76914 (ms)
2026-07-12 22:02:41,722 [INFO] Pass: ContainsInstruction - 0.01311 (ms)
2026-07-12 22:02:41,722 [INFO] Pass: InverseCancellation - 0.01621 (ms)
2026-07-12 22:02:41,722 [INFO] Pass: Depth - 0.19646 (ms)
2026-07-12 22:02:41,722 [INFO] Pass: UnitarySynthesis - 0.00501 (ms)
2026-07-12 22:02:41,722 [INFO] Pass: FixedPoint - 0.01144 (ms)
2026-07-12 22:02:41,722 [INFO] Pass: Size - 0.06127 (ms)
2026-07-12 22:02:41,722 [INFO] Pass: FixedPoint - 0.00477 (ms)
2026-07-12 22:02:41,723 [INFO] Pass: Optimize1qGatesDecomposition - 0.13995 (ms)
2026-07-12 22:02:41,723 [INFO] Pass: InverseCancellation - 0.00668 (ms)
2026-07-12 22:02:41,724 [INFO] Pass: GatesInBasis - 0.82254 (ms)
2026-07-12 22:02:41,724 [INFO] Pass: Depth - 0.15163 (ms)
2026-07-12 22:02:41,724 [INFO] Pass: FixedPoint - 0.00525 (ms)
2026-07-12 22:02:41,724 [INFO] Pass: Size - 0.06008 (ms)
2026-07-12 22:02:41,724 [INFO] Pass: HighLevelSynthesis - 1.53232 (ms)
2026-07-12 22:02:41,724 [INFO] Pass: FixedPoint - 0.00429 (ms)
2026-07-12 22:02:41,724 [INFO] Pass: ContainsInstruction - 0.00501 (ms)
2026-07-12 22:02:41,724 [INFO] Pass: ContainsInstruction - 0.01216 (ms)
2026-07-12 22:02:41,724 [INFO] Pass: InverseCancellation - 0.01574 (ms)
2026-07-12 22:02:41,724 [INFO] Pass: UnitarySynthesis - 0.00525 (ms)
2026-07-12 22:02:41,725 [INFO] Pass: BasisTranslator - 0.76032 (ms)
2026-07-12 22:02:41,725 [INFO] Pass: ContainsInstruction - 0.01097 (ms)
2026-07-12 22:02:41,725 [INFO] Pass: InverseCancellation - 0.01502 (ms)
2026-07-12 22:02:41,725 [INFO] Pass: Depth - 0.18883 (ms)
2026-07-12 22:02:41,725 [INFO] Pass: UnitarySynthesis - 0.00501 (ms)
2026-07-12 22:02:41,725 [INFO] Pass: FixedPoint - 0.01407 (ms)
2026-07-12 22:02:41,725 [INFO] Pass: Size - 0.05817 (ms)
2026-07-12 22:02:41,725 [INFO] Pass: FixedPoint - 0.00501 (ms)
2026-07-12 22:02:41,725 [INFO] Pass: Optimize1qGatesDecomposition - 0.13256 (ms)
2026-07-12 22:02:41,725 [INFO] Pass: InverseCancellation - 0.00691 (ms)
2026-07-12 22:02:41,725 [INFO] Total Transpile Time - 82.76725 (ms)
2026-07-12 22:02:41,726 [INFO] Pass: HighLevelSynthesis - 1.52779 (ms)
2026-07-12 22:02:41,726 [INFO] Pass: GatesInBasis - 0.80037 (ms)
2026-07-12 22:02:41,726 [INFO] Pass: Depth - 0.15068 (ms)
2026-07-12 22:02:41,726 [INFO] Pass: FixedPoint - 0.00525 (ms)
2026-07-12 22:02:41,726 [INFO] Pass: HighLevelSynthesis - 1.46484 (ms)
2026-07-12 22:02:41,726 [INFO] Pass: Size - 0.05460 (ms)
2026-07-12 22:02:41,726 [INFO] Pass: FixedPoint - 0.00453 (ms)
2026-07-12 22:02:41,727 [INFO] Pass: ContainsInstruction - 0.00501 (ms)
2026-07-12 22:02:41,727 [INFO] Pass: BasisTranslator - 0.76747 (ms)
2026-07-12 22:02:41,727 [INFO] Pass: Depth - 0.19360 (ms)
2026-07-12 22:02:41,727 [INFO] Pass: FixedPoint - 0.01121 (ms)
2026-07-12 22:02:41,727 [INFO] Pass: Size - 0.05794 (ms)
2026-07-12 22:02:41,727 [INFO] Pass: FixedPoint - 0.00501 (ms)
2026-07-12 22:02:41,727 [INFO] Pass: Optimize1qGatesDecomposition - 0.13280 (ms)
2026-07-12 22:02:41,727 [INFO] Pass: BasisTranslator - 0.81491 (ms)
2026-07-12 22:02:41,727 [INFO] Pass: InverseCancellation - 0.00715 (ms)
2026-07-12 22:02:41,728 [INFO] Pass: Depth - 0.18907 (ms)
2026-07-12 22:02:41,728 [INFO] Pass: FixedPoint - 0.01121 (ms)
2026-07-12 22:02:41,728 [INFO] Pass: Size - 0.05841 (ms)
2026-07-12 22:02:41,728 [INFO] Pass: FixedPoint - 0.00477 (ms)
2026-07-12 22:02:41,728 [INFO] Total Transpile Time - 82.81589 (ms)
2026-07-12 22:02:41,728 [INFO] Pass: Optimize1qGatesDecomposition - 0.15044 (ms)
2026-07-12 22:02:41,728 [INFO] Pass: InverseCancellation - 0.00668 (ms)
2026-07-12 22:02:41,728 [INFO] Pass: GatesInBasis - 0.81706 (ms)
2026-07-12 22:02:41,728 [INFO] Pass: Depth - 0.15116 (ms)
2026-07-12 22:02:41,728 [INFO] Pass: FixedPoint - 0.00525 (ms)
2026-07-12 22:02:41,729 [INFO] Pass: Size - 0.05531 (ms)
2026-07-12 22:02:41,729 [INFO] Pass: FixedPoint - 0.00405 (ms)
2026-07-12 22:02:41,729 [INFO] Pass: ContainsInstruction - 0.00501 (ms)
2026-07-12 22:02:41,729 [INFO] Pass: ContainsInstruction - 0.00739 (ms)
2026-07-12 22:02:41,729 [INFO] Pass: GatesInBasis - 0.79060 (ms)
2026-07-12 22:02:41,729 [INFO] Pass: InverseCancellation - 0.17381 (ms)
2026-07-12 22:02:41,729 [INFO] Pass: UnitarySynthesis - 0.00429 (ms)
2026-07-12 22:02:41,729 [INFO] Pass: Depth - 0.15116 (ms)
2026-07-12 22:02:41,729 [INFO] Pass: FixedPoint - 0.00525 (ms)
2026-07-12 22:02:41,729 [INFO] Pass: Size - 0.05484 (ms)
2026-07-12 22:02:41,729 [INFO] Pass: FixedPoint - 0.00405 (ms)
2026-07-12 22:02:41,729 [INFO] Pass: ContainsInstruction - 0.00453 (ms)
2026-07-12 22:02:41,730 [INFO] Total Transpile Time - 82.65114 (ms)
2026-07-12 22:02:41,730 [INFO] Pass: HighLevelSynthesis - 1.40095 (ms)
2026-07-12 22:02:41,731 [INFO] Total Transpile Time - 82.52335 (ms)
2026-07-12 22:02:41,731 [INFO] Pass: BasisTranslator - 0.77200 (ms)
2026-07-12 22:02:41,731 [INFO] Pass: Depth - 0.16785 (ms)
2026-07-12 22:02:41,731 [INFO] Pass: FixedPoint - 0.00811 (ms)
2026-07-12 22:02:41,732 [INFO] Pass: Size - 0.05889 (ms)
2026-07-12 22:02:41,732 [INFO] Pass: FixedPoint - 0.00453 (ms)
2026-07-12 22:02:41,732 [INFO] Pass: ContainsInstruction - 0.01073 (ms)
2026-07-12 22:02:41,732 [INFO] Pass: InverseCancellation - 0.01454 (ms)
2026-07-12 22:02:41,732 [INFO] Pass: UnitarySynthesis - 0.00548 (ms)
2026-07-12 22:02:41,732 [INFO] Pass: Optimize1qGatesDecomposition - 0.81515 (ms)
2026-07-12 22:02:41,733 [INFO] Pass: InverseCancellation - 0.14424 (ms)
2026-07-12 22:02:41,733 [INFO] Pass: GatesInBasis - 0.82040 (ms)
2026-07-12 22:02:41,734 [INFO] Pass: Depth - 0.15855 (ms)
2026-07-12 22:02:41,734 [INFO] Pass: FixedPoint - 0.00572 (ms)
2026-07-12 22:02:41,734 [INFO] Pass: Size - 0.05651 (ms)
2026-07-12 22:02:41,734 [INFO] Pass: FixedPoint - 0.00405 (ms)
2026-07-12 22:02:41,734 [INFO] Pass: ContainsInstruction - 0.00453 (ms)
2026-07-12 22:02:41,734 [INFO] Pass: HighLevelSynthesis - 1.45435 (ms)
2026-07-12 22:02:41,735 [INFO] Pass: BasisTranslator - 0.80729 (ms)
2026-07-12 22:02:41,735 [INFO] Pass: Depth - 0.19169 (ms)
2026-07-12 22:02:41,735 [INFO] Pass: FixedPoint - 0.01144 (ms)
2026-07-12 22:02:41,735 [INFO] Pass: Size - 0.05746 (ms)
2026-07-12 22:02:41,735 [INFO] Pass: FixedPoint - 0.00453 (ms)
2026-07-12 22:02:41,735 [INFO] Total Transpile Time - 65.26184 (ms)
2026-07-12 22:02:41,735 [INFO] Pass: Optimize1qGatesDecomposition - 0.13471 (ms)
2026-07-12 22:02:41,735 [INFO] Pass: InverseCancellation - 0.00668 (ms)
2026-07-12 22:02:41,736 [INFO] Pass: GatesInBasis - 0.80109 (ms)
2026-07-12 22:02:41,736 [INFO] Pass: Depth - 0.15163 (ms)
2026-07-12 22:02:41,736 [INFO] Pass: FixedPoint - 0.00525 (ms)
2026-07-12 22:02:41,737 [INFO] Pass: Size - 0.05555 (ms)
2026-07-12 22:02:41,737 [INFO] Pass: FixedPoint - 0.00429 (ms)
2026-07-12 22:02:41,737 [INFO] Pass: ContainsInstruction - 0.00477 (ms)
2026-07-12 22:02:41,738 [INFO] Total Transpile Time - 81.14147 (ms)
2026-07-12 22:02:41,758 [INFO] Pass: ContainsInstruction - 0.00715 (ms)
2026-07-12 22:02:41,758 [INFO] Pass: InverseCancellation - 0.16832 (ms)
2026-07-12 22:02:41,758 [INFO] Pass: UnitarySynthesis - 0.00453 (ms)
2026-07-12 22:02:41,760 [INFO] Pass: HighLevelSynthesis - 1.39213 (ms)
2026-07-12 22:02:41,761 [INFO] Pass: BasisTranslator - 0.91243 (ms)
2026-07-12 22:02:41,761 [INFO] Pass: Depth - 0.17262 (ms)
2026-07-12 22:02:41,761 [INFO] Pass: FixedPoint - 0.00787 (ms)
2026-07-12 22:02:41,761 [INFO] Pass: Size - 0.05817 (ms)
2026-07-12 22:02:41,761 [INFO] Pass: FixedPoint - 0.00429 (ms)
2026-07-12 22:02:41,762 [INFO] Pass: Optimize1qGatesDecomposition - 0.82922 (ms)
2026-07-12 22:02:41,762 [INFO] Pass: InverseCancellation - 0.15187 (ms)
2026-07-12 22:02:41,763 [INFO] Pass: GatesInBasis - 0.81897 (ms)
2026-07-12 22:02:41,763 [INFO] Pass: Depth - 0.15831 (ms)
2026-07-12 22:02:41,763 [INFO] Pass: FixedPoint - 0.00596 (ms)
2026-07-12 22:02:41,763 [INFO] Pass: Size - 0.05722 (ms)
2026-07-12 22:02:41,763 [INFO] Pass: FixedPoint - 0.00405 (ms)
2026-07-12 22:02:41,763 [INFO] Pass: ContainsInstruction - 0.00453 (ms)
2026-07-12 22:02:41,765 [INFO] Total Transpile Time - 65.67311 (ms)
2026-07-12 22:02:41,768 [INFO] Pass: ContainsInstruction - 0.00691 (ms)
2026-07-12 22:02:41,768 [INFO] Pass: InverseCancellation - 0.16642 (ms)
2026-07-12 22:02:41,768 [INFO] Pass: UnitarySynthesis - 0.00453 (ms)
2026-07-12 22:02:41,770 [INFO] Pass: HighLevelSynthesis - 1.38879 (ms)
2026-07-12 22:02:41,771 [INFO] Pass: BasisTranslator - 0.90694 (ms)
2026-07-12 22:02:41,771 [INFO] Pass: Depth - 0.17691 (ms)
2026-07-12 22:02:41,771 [INFO] Pass: FixedPoint - 0.00787 (ms)
2026-07-12 22:02:41,771 [INFO] Pass: Size - 0.05746 (ms)
2026-07-12 22:02:41,771 [INFO] Pass: FixedPoint - 0.00429 (ms)
2026-07-12 22:02:41,771 [INFO] Pass: ContainsInstruction - 0.00930 (ms)
2026-07-12 22:02:41,771 [INFO] Pass: InverseCancellation - 0.16665 (ms)
2026-07-12 22:02:41,771 [INFO] Pass: UnitarySynthesis - 0.00429 (ms)
2026-07-12 22:02:41,772 [INFO] Pass: Optimize1qGatesDecomposition - 0.81158 (ms)
2026-07-12 22:02:41,772 [INFO] Pass: InverseCancellation - 0.14544 (ms)
2026-07-12 22:02:41,773 [INFO] Pass: ContainsInstruction - 0.00668 (ms)
2026-07-12 22:02:41,773 [INFO] Pass: GatesInBasis - 0.81587 (ms)
2026-07-12 22:02:41,773 [INFO] Pass: HighLevelSynthesis - 1.43838 (ms)
2026-07-12 22:02:41,773 [INFO] Pass: InverseCancellation - 0.16403 (ms)
2026-07-12 22:02:41,773 [INFO] Pass: UnitarySynthesis - 0.00453 (ms)
2026-07-12 22:02:41,773 [INFO] Pass: Depth - 0.15926 (ms)
2026-07-12 22:02:41,773 [INFO] Pass: FixedPoint - 0.00596 (ms)
2026-07-12 22:02:41,773 [INFO] Pass: Size - 0.05698 (ms)
2026-07-12 22:02:41,773 [INFO] Pass: FixedPoint - 0.00453 (ms)
2026-07-12 22:02:41,773 [INFO] Pass: ContainsInstruction - 0.00477 (ms)
2026-07-12 22:02:41,774 [INFO] Pass: BasisTranslator - 0.78702 (ms)
2026-07-12 22:02:41,774 [INFO] Pass: Depth - 0.17190 (ms)
2026-07-12 22:02:41,774 [INFO] Pass: FixedPoint - 0.00739 (ms)
2026-07-12 22:02:41,774 [INFO] Pass: Size - 0.05960 (ms)
2026-07-12 22:02:41,774 [INFO] Pass: FixedPoint - 0.00429 (ms)
2026-07-12 22:02:41,775 [INFO] Pass: HighLevelSynthesis - 1.43266 (ms)
2026-07-12 22:02:41,775 [INFO] Total Transpile Time - 64.46457 (ms)
2026-07-12 22:02:41,775 [INFO] Pass: Optimize1qGatesDecomposition - 0.84233 (ms)
2026-07-12 22:02:41,775 [INFO] Pass: InverseCancellation - 0.00715 (ms)
2026-07-12 22:02:41,775 [INFO] Pass: BasisTranslator - 0.80109 (ms)
2026-07-12 22:02:41,776 [INFO] Pass: Depth - 0.16809 (ms)
2026-07-12 22:02:41,776 [INFO] Pass: FixedPoint - 0.00668 (ms)
2026-07-12 22:02:41,776 [INFO] Pass: Size - 0.05913 (ms)
2026-07-12 22:02:41,776 [INFO] Pass: FixedPoint - 0.00429 (ms)
2026-07-12 22:02:41,776 [INFO] Pass: GatesInBasis - 0.80633 (ms)
2026-07-12 22:02:41,776 [INFO] Pass: Depth - 0.15807 (ms)
2026-07-12 22:02:41,776 [INFO] Pass: FixedPoint - 0.00548 (ms)
2026-07-12 22:02:41,776 [INFO] Pass: ContainsInstruction - 0.00763 (ms)
2026-07-12 22:02:41,776 [INFO] Pass: ContainsInstruction - 0.00834 (ms)
2026-07-12 22:02:41,776 [INFO] Pass: Size - 0.05698 (ms)
2026-07-12 22:02:41,776 [INFO] Pass: FixedPoint - 0.00405 (ms)
2026-07-12 22:02:41,776 [INFO] Pass: InverseCancellation - 0.16308 (ms)
2026-07-12 22:02:41,776 [INFO] Pass: InverseCancellation - 0.16522 (ms)
2026-07-12 22:02:41,776 [INFO] Pass: UnitarySynthesis - 0.00453 (ms)
2026-07-12 22:02:41,776 [INFO] Pass: UnitarySynthesis - 0.00429 (ms)
2026-07-12 22:02:41,777 [INFO] Pass: Optimize1qGatesDecomposition - 0.84257 (ms)
2026-07-12 22:02:41,777 [INFO] Pass: InverseCancellation - 0.00715 (ms)
2026-07-12 22:02:41,777 [INFO] Pass: Optimize1qGatesDecomposition - 0.68879 (ms)
2026-07-12 22:02:41,777 [INFO] Pass: InverseCancellation - 0.00620 (ms)
2026-07-12 22:02:41,778 [INFO] Pass: GatesInBasis - 0.79584 (ms)
2026-07-12 22:02:41,778 [INFO] Pass: Depth - 0.15903 (ms)
2026-07-12 22:02:41,778 [INFO] Pass: FixedPoint - 0.00525 (ms)
2026-07-12 22:02:41,778 [INFO] Pass: HighLevelSynthesis - 1.40953 (ms)
2026-07-12 22:02:41,778 [INFO] Pass: HighLevelSynthesis - 1.40786 (ms)
2026-07-12 22:02:41,778 [INFO] Pass: Size - 0.05698 (ms)
2026-07-12 22:02:41,778 [INFO] Pass: FixedPoint - 0.00453 (ms)
2026-07-12 22:02:41,778 [INFO] Pass: GatesInBasis - 0.86904 (ms)
2026-07-12 22:02:41,778 [INFO] Pass: Depth - 0.15855 (ms)
2026-07-12 22:02:41,778 [INFO] Pass: FixedPoint - 0.00548 (ms)
2026-07-12 22:02:41,778 [INFO] Pass: Size - 0.05746 (ms)
2026-07-12 22:02:41,778 [INFO] Pass: FixedPoint - 0.00429 (ms)
2026-07-12 22:02:41,778 [INFO] Pass: ContainsInstruction - 0.00668 (ms)
2026-07-12 22:02:41,778 [INFO] Pass: ContainsInstruction - 0.00525 (ms)
2026-07-12 22:02:41,778 [INFO] Pass: ContainsInstruction - 0.00691 (ms)
2026-07-12 22:02:41,779 [INFO] Pass: InverseCancellation - 0.16093 (ms)
2026-07-12 22:02:41,779 [INFO] Pass: UnitarySynthesis - 0.00405 (ms)
2026-07-12 22:02:41,779 [INFO] Pass: Optimize1qGatesDecomposition - 0.69451 (ms)
2026-07-12 22:02:41,779 [INFO] Pass: InverseCancellation - 0.16618 (ms)
2026-07-12 22:02:41,779 [INFO] Pass: InverseCancellation - 0.00668 (ms)
2026-07-12 22:02:41,779 [INFO] Pass: UnitarySynthesis - 0.00429 (ms)
2026-07-12 22:02:41,779 [INFO] Pass: BasisTranslator - 0.92101 (ms)
2026-07-12 22:02:41,779 [INFO] Pass: BasisTranslator - 0.91410 (ms)
2026-07-12 22:02:41,779 [INFO] Pass: Depth - 0.16809 (ms)
2026-07-12 22:02:41,779 [INFO] Pass: Depth - 0.16999 (ms)
2026-07-12 22:02:41,779 [INFO] Pass: FixedPoint - 0.00787 (ms)
2026-07-12 22:02:41,779 [INFO] Pass: FixedPoint - 0.00787 (ms)
2026-07-12 22:02:41,779 [INFO] Pass: Size - 0.05794 (ms)
2026-07-12 22:02:41,779 [INFO] Pass: Size - 0.05865 (ms)
2026-07-12 22:02:41,779 [INFO] Pass: FixedPoint - 0.00429 (ms)
2026-07-12 22:02:41,779 [INFO] Pass: FixedPoint - 0.00429 (ms)
2026-07-12 22:02:41,780 [INFO] Pass: GatesInBasis - 0.86451 (ms)
2026-07-12 22:02:41,780 [INFO] Total Transpile Time - 65.95397 (ms)
2026-07-12 22:02:41,780 [INFO] Pass: Depth - 0.16332 (ms)
2026-07-12 22:02:41,780 [INFO] Pass: FixedPoint - 0.00501 (ms)
2026-07-12 22:02:41,780 [INFO] Pass: Size - 0.05698 (ms)
2026-07-12 22:02:41,780 [INFO] Pass: FixedPoint - 0.00429 (ms)
2026-07-12 22:02:41,780 [INFO] Pass: ContainsInstruction - 0.00501 (ms)
2026-07-12 22:02:41,780 [INFO] Pass: HighLevelSynthesis - 1.41072 (ms)
2026-07-12 22:02:41,780 [INFO] Pass: Optimize1qGatesDecomposition - 0.80252 (ms)
2026-07-12 22:02:41,780 [INFO] Pass: Optimize1qGatesDecomposition - 0.80132 (ms)
2026-07-12 22:02:41,780 [INFO] Pass: HighLevelSynthesis - 1.40619 (ms)
2026-07-12 22:02:41,780 [INFO] Pass: InverseCancellation - 0.14400 (ms)
2026-07-12 22:02:41,780 [INFO] Pass: InverseCancellation - 0.14472 (ms)
2026-07-12 22:02:41,781 [INFO] Pass: BasisTranslator - 0.76270 (ms)
2026-07-12 22:02:41,781 [INFO] Pass: BasisTranslator - 0.78773 (ms)
2026-07-12 22:02:41,781 [INFO] Pass: Depth - 0.16618 (ms)
2026-07-12 22:02:41,781 [INFO] Pass: GatesInBasis - 0.81348 (ms)
2026-07-12 22:02:41,781 [INFO] Pass: FixedPoint - 0.00739 (ms)
2026-07-12 22:02:41,781 [INFO] Pass: GatesInBasis - 0.81921 (ms)
2026-07-12 22:02:41,781 [INFO] Pass: Size - 0.05937 (ms)
2026-07-12 22:02:41,781 [INFO] Pass: Depth - 0.16952 (ms)
2026-07-12 22:02:41,781 [INFO] Pass: FixedPoint - 0.00429 (ms)
2026-07-12 22:02:41,781 [INFO] Pass: FixedPoint - 0.00787 (ms)
2026-07-12 22:02:41,781 [INFO] Total Transpile Time - 65.84668 (ms)
2026-07-12 22:02:41,781 [INFO] Pass: Depth - 0.15879 (ms)
2026-07-12 22:02:41,781 [INFO] Pass: Depth - 0.15783 (ms)
2026-07-12 22:02:41,781 [INFO] Pass: Size - 0.05794 (ms)
2026-07-12 22:02:41,781 [INFO] Pass: FixedPoint - 0.00596 (ms)
2026-07-12 22:02:41,781 [INFO] Pass: FixedPoint - 0.00429 (ms)
2026-07-12 22:02:41,781 [INFO] Pass: FixedPoint - 0.00596 (ms)
2026-07-12 22:02:41,781 [INFO] Pass: Size - 0.05698 (ms)
2026-07-12 22:02:41,781 [INFO] Pass: Size - 0.05674 (ms)
2026-07-12 22:02:41,781 [INFO] Pass: FixedPoint - 0.00429 (ms)
2026-07-12 22:02:41,782 [INFO] Pass: FixedPoint - 0.00429 (ms)
2026-07-12 22:02:41,782 [INFO] Pass: ContainsInstruction - 0.00477 (ms)
2026-07-12 22:02:41,782 [INFO] Pass: ContainsInstruction - 0.00477 (ms)
2026-07-12 22:02:41,782 [INFO] Pass: Optimize1qGatesDecomposition - 0.79250 (ms)
2026-07-12 22:02:41,782 [INFO] Pass: Optimize1qGatesDecomposition - 0.79703 (ms)
2026-07-12 22:02:41,782 [INFO] Pass: InverseCancellation - 0.14257 (ms)
2026-07-12 22:02:41,782 [INFO] Pass: InverseCancellation - 0.14520 (ms)
2026-07-12 22:02:41,783 [INFO] Total Transpile Time - 64.69560 (ms)
2026-07-12 22:02:41,783 [INFO] Total Transpile Time - 64.47363 (ms)
2026-07-12 22:02:41,783 [INFO] Pass: GatesInBasis - 0.81587 (ms)
2026-07-12 22:02:41,783 [INFO] Pass: GatesInBasis - 0.82827 (ms)
2026-07-12 22:02:41,783 [INFO] Pass: Depth - 0.15903 (ms)
2026-07-12 22:02:41,783 [INFO] Pass: FixedPoint - 0.00596 (ms)
2026-07-12 22:02:41,783 [INFO] Pass: Size - 0.05770 (ms)
2026-07-12 22:02:41,784 [INFO] Pass: FixedPoint - 0.00429 (ms)
2026-07-12 22:02:41,784 [INFO] Pass: Depth - 0.16069 (ms)
2026-07-12 22:02:41,784 [INFO] Pass: ContainsInstruction - 0.00429 (ms)
2026-07-12 22:02:41,784 [INFO] Pass: FixedPoint - 0.00596 (ms)
2026-07-12 22:02:41,784 [INFO] Pass: ContainsInstruction - 0.00739 (ms)
2026-07-12 22:02:41,784 [INFO] Pass: Size - 0.05794 (ms)
2026-07-12 22:02:41,784 [INFO] Pass: FixedPoint - 0.00405 (ms)
2026-07-12 22:02:41,784 [INFO] Pass: ContainsInstruction - 0.00501 (ms)
2026-07-12 22:02:41,784 [INFO] Pass: InverseCancellation - 0.16856 (ms)
2026-07-12 22:02:41,784 [INFO] Pass: UnitarySynthesis - 0.00381 (ms)
2026-07-12 22:02:41,785 [INFO] Total Transpile Time - 64.28361 (ms)
2026-07-12 22:02:41,785 [INFO] Total Transpile Time - 64.88395 (ms)
2026-07-12 22:02:41,785 [INFO] Pass: HighLevelSynthesis - 1.40762 (ms)
2026-07-12 22:02:41,786 [INFO] Pass: ContainsInstruction - 0.00644 (ms)
2026-07-12 22:02:41,786 [INFO] Pass: InverseCancellation - 0.16475 (ms)
2026-07-12 22:02:41,786 [INFO] Pass: UnitarySynthesis - 0.00381 (ms)
2026-07-12 22:02:41,786 [INFO] Pass: BasisTranslator - 0.91839 (ms)
2026-07-12 22:02:41,787 [INFO] Pass: Depth - 0.17142 (ms)
2026-07-12 22:02:41,787 [INFO] Pass: FixedPoint - 0.00811 (ms)
2026-07-12 22:02:41,787 [INFO] Pass: Size - 0.06008 (ms)
2026-07-12 22:02:41,787 [INFO] Pass: FixedPoint - 0.00453 (ms)
2026-07-12 22:02:41,788 [INFO] Pass: Optimize1qGatesDecomposition - 0.80419 (ms)
2026-07-12 22:02:41,788 [INFO] Pass: HighLevelSynthesis - 1.39380 (ms)
2026-07-12 22:02:41,788 [INFO] Pass: ContainsInstruction - 0.00644 (ms)
2026-07-12 22:02:41,788 [INFO] Pass: InverseCancellation - 0.14472 (ms)
2026-07-12 22:02:41,788 [INFO] Pass: InverseCancellation - 0.16737 (ms)
2026-07-12 22:02:41,788 [INFO] Pass: UnitarySynthesis - 0.00453 (ms)
2026-07-12 22:02:41,788 [INFO] Pass: BasisTranslator - 0.76246 (ms)
2026-07-12 22:02:41,789 [INFO] Pass: GatesInBasis - 0.81778 (ms)
2026-07-12 22:02:41,789 [INFO] Pass: ContainsInstruction - 0.00787 (ms)
2026-07-12 22:02:41,789 [INFO] Pass: Depth - 0.16713 (ms)
2026-07-12 22:02:41,789 [INFO] Pass: FixedPoint - 0.00763 (ms)
2026-07-12 22:02:41,789 [INFO] Pass: Size - 0.06247 (ms)
2026-07-12 22:02:41,789 [INFO] Pass: Depth - 0.16451 (ms)
2026-07-12 22:02:41,789 [INFO] Pass: FixedPoint - 0.00477 (ms)
2026-07-12 22:02:41,789 [INFO] Pass: FixedPoint - 0.00572 (ms)
2026-07-12 22:02:41,789 [INFO] Pass: InverseCancellation - 0.17333 (ms)
2026-07-12 22:02:41,789 [INFO] Pass: UnitarySynthesis - 0.00405 (ms)
2026-07-12 22:02:41,789 [INFO] Pass: Size - 0.05722 (ms)
2026-07-12 22:02:41,789 [INFO] Pass: FixedPoint - 0.00429 (ms)
2026-07-12 22:02:41,789 [INFO] Pass: ContainsInstruction - 0.00501 (ms)
2026-07-12 22:02:41,789 [INFO] Pass: HighLevelSynthesis - 1.40238 (ms)
2026-07-12 22:02:41,790 [INFO] Pass: Optimize1qGatesDecomposition - 0.78440 (ms)
2026-07-12 22:02:41,790 [INFO] Pass: InverseCancellation - 0.15378 (ms)
2026-07-12 22:02:41,790 [INFO] Pass: BasisTranslator - 0.78988 (ms)
2026-07-12 22:02:41,790 [INFO] Total Transpile Time - 64.91709 (ms)
2026-07-12 22:02:41,790 [INFO] Pass: HighLevelSynthesis - 1.39999 (ms)
2026-07-12 22:02:41,790 [INFO] Pass: Depth - 0.16332 (ms)
2026-07-12 22:02:41,791 [INFO] Pass: FixedPoint - 0.00715 (ms)
2026-07-12 22:02:41,791 [INFO] Pass: Size - 0.05770 (ms)
2026-07-12 22:02:41,791 [INFO] Pass: FixedPoint - 0.00453 (ms)
2026-07-12 22:02:41,791 [INFO] Pass: GatesInBasis - 0.81849 (ms)
2026-07-12 22:02:41,791 [INFO] Pass: Depth - 0.16284 (ms)
2026-07-12 22:02:41,791 [INFO] Pass: FixedPoint - 0.00572 (ms)
2026-07-12 22:02:41,791 [INFO] Pass: Size - 0.05722 (ms)
2026-07-12 22:02:41,791 [INFO] Pass: FixedPoint - 0.00405 (ms)
2026-07-12 22:02:41,791 [INFO] Pass: ContainsInstruction - 0.00477 (ms)
2026-07-12 22:02:41,791 [INFO] Pass: BasisTranslator - 0.77367 (ms)
2026-07-12 22:02:41,791 [INFO] Pass: Depth - 0.16665 (ms)
2026-07-12 22:02:41,791 [INFO] Pass: FixedPoint - 0.00763 (ms)
2026-07-12 22:02:41,791 [INFO] Pass: Optimize1qGatesDecomposition - 0.79632 (ms)
2026-07-12 22:02:41,792 [INFO] Pass: Size - 0.05770 (ms)
2026-07-12 22:02:41,792 [INFO] Pass: FixedPoint - 0.00453 (ms)
2026-07-12 22:02:41,792 [INFO] Pass: InverseCancellation - 0.14734 (ms)
2026-07-12 22:02:41,792 [INFO] Pass: Optimize1qGatesDecomposition - 0.78750 (ms)
2026-07-12 22:02:41,792 [INFO] Total Transpile Time - 64.46457 (ms)
2026-07-12 22:02:41,793 [INFO] Pass: GatesInBasis - 0.82231 (ms)
2026-07-12 22:02:41,793 [INFO] Pass: InverseCancellation - 0.14520 (ms)
2026-07-12 22:02:41,793 [INFO] Pass: Depth - 0.15807 (ms)
2026-07-12 22:02:41,793 [INFO] Pass: FixedPoint - 0.00930 (ms)
2026-07-12 22:02:41,793 [INFO] Pass: Size - 0.05794 (ms)
2026-07-12 22:02:41,793 [INFO] Pass: FixedPoint - 0.00405 (ms)
2026-07-12 22:02:41,793 [INFO] Pass: ContainsInstruction - 0.00739 (ms)
2026-07-12 22:02:41,793 [INFO] Pass: ContainsInstruction - 0.00501 (ms)
2026-07-12 22:02:41,793 [INFO] Pass: InverseCancellation - 0.16379 (ms)
2026-07-12 22:02:41,793 [INFO] Pass: UnitarySynthesis - 0.00429 (ms)
2026-07-12 22:02:41,793 [INFO] Pass: GatesInBasis - 0.83017 (ms)
2026-07-12 22:02:41,794 [INFO] Pass: Depth - 0.15736 (ms)
2026-07-12 22:02:41,794 [INFO] Pass: FixedPoint - 0.00548 (ms)
2026-07-12 22:02:41,794 [INFO] Pass: Size - 0.05698 (ms)
2026-07-12 22:02:41,794 [INFO] Pass: FixedPoint - 0.00429 (ms)
2026-07-12 22:02:41,794 [INFO] Pass: ContainsInstruction - 0.00453 (ms)
2026-07-12 22:02:41,794 [INFO] Total Transpile Time - 64.24332 (ms)
2026-07-12 22:02:41,795 [INFO] Pass: HighLevelSynthesis - 1.45960 (ms)
2026-07-12 22:02:41,795 [INFO] Total Transpile Time - 64.52274 (ms)
2026-07-12 22:02:41,796 [INFO] Pass: BasisTranslator - 0.79083 (ms)
2026-07-12 22:02:41,796 [INFO] Pass: ContainsInstruction - 0.00668 (ms)
2026-07-12 22:02:41,796 [INFO] Pass: Depth - 0.17905 (ms)
2026-07-12 22:02:41,796 [INFO] Pass: FixedPoint - 0.00763 (ms)
2026-07-12 22:02:41,796 [INFO] Pass: InverseCancellation - 0.17047 (ms)
2026-07-12 22:02:41,796 [INFO] Pass: Size - 0.06032 (ms)
2026-07-12 22:02:41,796 [INFO] Pass: UnitarySynthesis - 0.00405 (ms)
2026-07-12 22:02:41,796 [INFO] Pass: FixedPoint - 0.00429 (ms)
2026-07-12 22:02:41,797 [INFO] Pass: Optimize1qGatesDecomposition - 0.85282 (ms)
2026-07-12 22:02:41,797 [INFO] Pass: InverseCancellation - 0.00715 (ms)
2026-07-12 22:02:41,797 [INFO] Pass: HighLevelSynthesis - 1.39356 (ms)
2026-07-12 22:02:41,798 [INFO] Pass: GatesInBasis - 0.78773 (ms)
2026-07-12 22:02:41,798 [INFO] Pass: Depth - 0.16332 (ms)
2026-07-12 22:02:41,798 [INFO] Pass: FixedPoint - 0.00525 (ms)
2026-07-12 22:02:41,798 [INFO] Pass: Size - 0.05770 (ms)
2026-07-12 22:02:41,798 [INFO] Pass: FixedPoint - 0.00429 (ms)
2026-07-12 22:02:41,798 [INFO] Pass: BasisTranslator - 0.92816 (ms)
2026-07-12 22:02:41,799 [INFO] Pass: Depth - 0.17238 (ms)
2026-07-12 22:02:41,799 [INFO] Pass: FixedPoint - 0.00787 (ms)
2026-07-12 22:02:41,799 [INFO] Pass: Size - 0.05794 (ms)
2026-07-12 22:02:41,799 [INFO] Pass: FixedPoint - 0.00429 (ms)
2026-07-12 22:02:41,799 [INFO] Pass: Optimize1qGatesDecomposition - 0.69213 (ms)
2026-07-12 22:02:41,799 [INFO] Pass: InverseCancellation - 0.00691 (ms)
2026-07-12 22:02:41,800 [INFO] Pass: Optimize1qGatesDecomposition - 0.79036 (ms)
2026-07-12 22:02:41,800 [INFO] Pass: GatesInBasis - 0.85425 (ms)
2026-07-12 22:02:41,800 [INFO] Pass: InverseCancellation - 0.14567 (ms)
2026-07-12 22:02:41,800 [INFO] Pass: Depth - 0.15783 (ms)
2026-07-12 22:02:41,800 [INFO] Pass: FixedPoint - 0.00548 (ms)
2026-07-12 22:02:41,800 [INFO] Pass: Size - 0.05674 (ms)
2026-07-12 22:02:41,800 [INFO] Pass: FixedPoint - 0.00405 (ms)
2026-07-12 22:02:41,800 [INFO] Pass: ContainsInstruction - 0.00525 (ms)
2026-07-12 22:02:41,801 [INFO] Pass: GatesInBasis - 0.81205 (ms)
2026-07-12 22:02:41,801 [INFO] Pass: Depth - 0.16141 (ms)
2026-07-12 22:02:41,801 [INFO] Pass: FixedPoint - 0.00548 (ms)
2026-07-12 22:02:41,801 [INFO] Pass: Size - 0.05841 (ms)
2026-07-12 22:02:41,801 [INFO] Pass: FixedPoint - 0.00429 (ms)
2026-07-12 22:02:41,801 [INFO] Pass: ContainsInstruction - 0.00501 (ms)
2026-07-12 22:02:41,802 [INFO] Total Transpile Time - 66.23840 (ms)
2026-07-12 22:02:41,802 [INFO] Total Transpile Time - 64.30817 (ms)
2026-07-12 22:02:41,825 [INFO] Pass: ContainsInstruction - 0.00763 (ms)
2026-07-12 22:02:41,825 [INFO] Pass: InverseCancellation - 0.16713 (ms)
2026-07-12 22:02:41,825 [INFO] Pass: UnitarySynthesis - 0.00429 (ms)
2026-07-12 22:02:41,827 [INFO] Pass: HighLevelSynthesis - 1.50132 (ms)
2026-07-12 22:02:41,827 [INFO] Pass: BasisTranslator - 0.81301 (ms)
2026-07-12 22:02:41,828 [INFO] Pass: Depth - 0.18716 (ms)
2026-07-12 22:02:41,828 [INFO] Pass: FixedPoint - 0.00787 (ms)
2026-07-12 22:02:41,828 [INFO] Pass: Size - 0.06652 (ms)
2026-07-12 22:02:41,828 [INFO] Pass: FixedPoint - 0.00429 (ms)
2026-07-12 22:02:41,829 [INFO] Pass: Optimize1qGatesDecomposition - 0.91195 (ms)
2026-07-12 22:02:41,829 [INFO] Pass: InverseCancellation - 0.00811 (ms)
2026-07-12 22:02:41,830 [INFO] Pass: GatesInBasis - 0.83947 (ms)
2026-07-12 22:02:41,830 [INFO] Pass: Depth - 0.16737 (ms)
2026-07-12 22:02:41,830 [INFO] Pass: FixedPoint - 0.00596 (ms)
2026-07-12 22:02:41,830 [INFO] Pass: Size - 0.05817 (ms)
2026-07-12 22:02:41,830 [INFO] Pass: FixedPoint - 0.00429 (ms)
2026-07-12 22:02:41,831 [INFO] Pass: Optimize1qGatesDecomposition - 0.73290 (ms)
2026-07-12 22:02:41,831 [INFO] Pass: InverseCancellation - 0.00715 (ms)
2026-07-12 22:02:41,832 [INFO] Pass: GatesInBasis - 0.91386 (ms)
2026-07-12 22:02:41,832 [INFO] Pass: ContainsInstruction - 0.00763 (ms)
2026-07-12 22:02:41,832 [INFO] Pass: Depth - 0.16642 (ms)
2026-07-12 22:02:41,832 [INFO] Pass: FixedPoint - 0.00572 (ms)
2026-07-12 22:02:41,832 [INFO] Pass: Size - 0.05746 (ms)
2026-07-12 22:02:41,832 [INFO] Pass: InverseCancellation - 0.16499 (ms)
2026-07-12 22:02:41,832 [INFO] Pass: FixedPoint - 0.01192 (ms)
2026-07-12 22:02:41,832 [INFO] Pass: UnitarySynthesis - 0.00429 (ms)
2026-07-12 22:02:41,832 [INFO] Pass: ContainsInstruction - 0.00572 (ms)
2026-07-12 22:02:41,834 [INFO] Total Transpile Time - 69.05103 (ms)
2026-07-12 22:02:41,834 [INFO] Pass: HighLevelSynthesis - 1.45960 (ms)
2026-07-12 22:02:41,835 [INFO] Pass: BasisTranslator - 0.78964 (ms)
2026-07-12 22:02:41,835 [INFO] Pass: Depth - 0.18120 (ms)
2026-07-12 22:02:41,835 [INFO] Pass: FixedPoint - 0.00739 (ms)
2026-07-12 22:02:41,835 [INFO] Pass: Size - 0.06008 (ms)
2026-07-12 22:02:41,835 [INFO] Pass: FixedPoint - 0.00453 (ms)
2026-07-12 22:02:41,836 [INFO] Pass: Optimize1qGatesDecomposition - 0.85473 (ms)
2026-07-12 22:02:41,836 [INFO] Pass: InverseCancellation - 0.00691 (ms)
2026-07-12 22:02:41,837 [INFO] Pass: GatesInBasis - 0.79131 (ms)
2026-07-12 22:02:41,837 [INFO] Pass: Depth - 0.15855 (ms)
2026-07-12 22:02:41,837 [INFO] Pass: FixedPoint - 0.00548 (ms)
2026-07-12 22:02:41,837 [INFO] Pass: Size - 0.05746 (ms)
2026-07-12 22:02:41,837 [INFO] Pass: FixedPoint - 0.00429 (ms)
2026-07-12 22:02:41,838 [INFO] Pass: Optimize1qGatesDecomposition - 0.69714 (ms)
2026-07-12 22:02:41,838 [INFO] Pass: InverseCancellation - 0.00668 (ms)
2026-07-12 22:02:41,839 [INFO] Pass: GatesInBasis - 0.83947 (ms)
2026-07-12 22:02:41,839 [INFO] Pass: Depth - 0.15736 (ms)
2026-07-12 22:02:41,839 [INFO] Pass: FixedPoint - 0.00477 (ms)
2026-07-12 22:02:41,839 [INFO] Pass: Size - 0.05698 (ms)
2026-07-12 22:02:41,839 [INFO] Pass: FixedPoint - 0.00429 (ms)
2026-07-12 22:02:41,839 [INFO] Pass: ContainsInstruction - 0.00525 (ms)
2026-07-12 22:02:41,840 [INFO] Pass: ContainsInstruction - 0.00811 (ms)
2026-07-12 22:02:41,841 [INFO] Pass: ContainsInstruction - 0.00715 (ms)
2026-07-12 22:02:41,841 [INFO] Total Transpile Time - 66.00189 (ms)
2026-07-12 22:02:41,841 [INFO] Pass: InverseCancellation - 0.16642 (ms)
2026-07-12 22:02:41,841 [INFO] Pass: UnitarySynthesis - 0.00453 (ms)
2026-07-12 22:02:41,841 [INFO] Pass: InverseCancellation - 0.17071 (ms)
2026-07-12 22:02:41,841 [INFO] Pass: UnitarySynthesis - 0.00429 (ms)
2026-07-12 22:02:41,842 [INFO] Pass: ContainsInstruction - 0.00715 (ms)
2026-07-12 22:02:41,842 [INFO] Pass: HighLevelSynthesis - 1.44458 (ms)
2026-07-12 22:02:41,842 [INFO] Pass: HighLevelSynthesis - 1.46365 (ms)
2026-07-12 22:02:41,842 [INFO] Pass: InverseCancellation - 0.16737 (ms)
2026-07-12 22:02:41,842 [INFO] Pass: UnitarySynthesis - 0.00429 (ms)
2026-07-12 22:02:41,843 [INFO] Pass: BasisTranslator - 0.79584 (ms)
2026-07-12 22:02:41,843 [INFO] Pass: BasisTranslator - 0.79203 (ms)
2026-07-12 22:02:41,843 [INFO] Pass: Depth - 0.17381 (ms)
2026-07-12 22:02:41,843 [INFO] Pass: FixedPoint - 0.00858 (ms)
2026-07-12 22:02:41,843 [INFO] Pass: ContainsInstruction - 0.00787 (ms)
2026-07-12 22:02:41,843 [INFO] Pass: Size - 0.05984 (ms)
2026-07-12 22:02:41,843 [INFO] Pass: FixedPoint - 0.00453 (ms)
2026-07-12 22:02:41,843 [INFO] Pass: Depth - 0.17285 (ms)
2026-07-12 22:02:41,844 [INFO] Pass: FixedPoint - 0.00811 (ms)
2026-07-12 22:02:41,844 [INFO] Pass: Size - 0.06032 (ms)
2026-07-12 22:02:41,844 [INFO] Pass: InverseCancellation - 0.16141 (ms)
2026-07-12 22:02:41,844 [INFO] Pass: FixedPoint - 0.00429 (ms)
2026-07-12 22:02:41,844 [INFO] Pass: UnitarySynthesis - 0.00429 (ms)
2026-07-12 22:02:41,844 [INFO] Pass: HighLevelSynthesis - 1.45197 (ms)
2026-07-12 22:02:41,844 [INFO] Pass: Optimize1qGatesDecomposition - 0.85926 (ms)
2026-07-12 22:02:41,844 [INFO] Pass: InverseCancellation - 0.00763 (ms)
2026-07-12 22:02:41,845 [INFO] Pass: Optimize1qGatesDecomposition - 0.84996 (ms)
2026-07-12 22:02:41,845 [INFO] Pass: InverseCancellation - 0.00739 (ms)
2026-07-12 22:02:41,845 [INFO] Pass: BasisTranslator - 0.78893 (ms)
2026-07-12 22:02:41,845 [INFO] Pass: Depth - 0.17405 (ms)
2026-07-12 22:02:41,845 [INFO] Pass: FixedPoint - 0.00787 (ms)
2026-07-12 22:02:41,845 [INFO] Pass: Size - 0.06032 (ms)
2026-07-12 22:02:41,845 [INFO] Pass: HighLevelSynthesis - 1.45149 (ms)
2026-07-12 22:02:41,845 [INFO] Pass: FixedPoint - 0.00477 (ms)
2026-07-12 22:02:41,845 [INFO] Pass: GatesInBasis - 0.79346 (ms)
2026-07-12 22:02:41,845 [INFO] Pass: GatesInBasis - 0.79250 (ms)
2026-07-12 22:02:41,845 [INFO] Pass: Depth - 0.15950 (ms)
2026-07-12 22:02:41,845 [INFO] Pass: FixedPoint - 0.00548 (ms)
2026-07-12 22:02:41,846 [INFO] Pass: Size - 0.05746 (ms)
2026-07-12 22:02:41,846 [INFO] Pass: FixedPoint - 0.00453 (ms)
2026-07-12 22:02:41,846 [INFO] Pass: Depth - 0.16117 (ms)
2026-07-12 22:02:41,846 [INFO] Pass: FixedPoint - 0.00548 (ms)
2026-07-12 22:02:41,846 [INFO] Pass: Size - 0.05889 (ms)
2026-07-12 22:02:41,846 [INFO] Pass: FixedPoint - 0.00405 (ms)
2026-07-12 22:02:41,846 [INFO] Pass: BasisTranslator - 0.79489 (ms)
2026-07-12 22:02:41,846 [INFO] Pass: Optimize1qGatesDecomposition - 0.84901 (ms)
2026-07-12 22:02:41,846 [INFO] Pass: InverseCancellation - 0.00763 (ms)
2026-07-12 22:02:41,846 [INFO] Pass: Depth - 0.17381 (ms)
2026-07-12 22:02:41,846 [INFO] Pass: FixedPoint - 0.00787 (ms)
2026-07-12 22:02:41,846 [INFO] Pass: Optimize1qGatesDecomposition - 0.69880 (ms)
2026-07-12 22:02:41,846 [INFO] Pass: Size - 0.06104 (ms)
2026-07-12 22:02:41,846 [INFO] Pass: FixedPoint - 0.00477 (ms)
2026-07-12 22:02:41,846 [INFO] Pass: InverseCancellation - 0.00715 (ms)
2026-07-12 22:02:41,847 [INFO] Pass: Optimize1qGatesDecomposition - 0.68831 (ms)
2026-07-12 22:02:41,847 [INFO] Pass: InverseCancellation - 0.00644 (ms)
2026-07-12 22:02:41,847 [INFO] Pass: GatesInBasis - 0.79226 (ms)
2026-07-12 22:02:41,847 [INFO] Pass: Depth - 0.16022 (ms)
2026-07-12 22:02:41,847 [INFO] Pass: FixedPoint - 0.00596 (ms)
2026-07-12 22:02:41,847 [INFO] Pass: GatesInBasis - 0.83756 (ms)
2026-07-12 22:02:41,847 [INFO] Pass: Optimize1qGatesDecomposition - 0.85688 (ms)
2026-07-12 22:02:41,847 [INFO] Pass: Size - 0.05722 (ms)
2026-07-12 22:02:41,847 [INFO] Pass: FixedPoint - 0.00429 (ms)
2026-07-12 22:02:41,847 [INFO] Pass: InverseCancellation - 0.00882 (ms)
2026-07-12 22:02:41,847 [INFO] Pass: GatesInBasis - 0.84257 (ms)
2026-07-12 22:02:41,847 [INFO] Pass: Depth - 0.15807 (ms)
2026-07-12 22:02:41,848 [INFO] Pass: FixedPoint - 0.00548 (ms)
2026-07-12 22:02:41,848 [INFO] Pass: Size - 0.05698 (ms)
2026-07-12 22:02:41,848 [INFO] Pass: FixedPoint - 0.00405 (ms)
2026-07-12 22:02:41,848 [INFO] Pass: Depth - 0.15545 (ms)
2026-07-12 22:02:41,848 [INFO] Pass: ContainsInstruction - 0.00548 (ms)
2026-07-12 22:02:41,848 [INFO] Pass: FixedPoint - 0.00501 (ms)
2026-07-12 22:02:41,848 [INFO] Pass: Size - 0.06175 (ms)
2026-07-12 22:02:41,848 [INFO] Pass: FixedPoint - 0.00405 (ms)
2026-07-12 22:02:41,848 [INFO] Pass: ContainsInstruction - 0.00525 (ms)
2026-07-12 22:02:41,848 [INFO] Pass: Optimize1qGatesDecomposition - 0.69642 (ms)
2026-07-12 22:02:41,848 [INFO] Pass: InverseCancellation - 0.00668 (ms)
2026-07-12 22:02:41,848 [INFO] Pass: GatesInBasis - 0.79870 (ms)
2026-07-12 22:02:41,848 [INFO] Pass: ContainsInstruction - 0.00787 (ms)
2026-07-12 22:02:41,848 [INFO] Pass: Depth - 0.16308 (ms)
2026-07-12 22:02:41,848 [INFO] Pass: FixedPoint - 0.00548 (ms)
2026-07-12 22:02:41,849 [INFO] Pass: Size - 0.05674 (ms)
2026-07-12 22:02:41,849 [INFO] Pass: FixedPoint - 0.00381 (ms)
2026-07-12 22:02:41,849 [INFO] Pass: InverseCancellation - 0.16308 (ms)
2026-07-12 22:02:41,849 [INFO] Pass: UnitarySynthesis - 0.00405 (ms)
2026-07-12 22:02:41,849 [INFO] Total Transpile Time - 66.07771 (ms)
2026-07-12 22:02:41,849 [INFO] Pass: GatesInBasis - 0.85926 (ms)
2026-07-12 22:02:41,849 [INFO] Total Transpile Time - 66.28561 (ms)
2026-07-12 22:02:41,849 [INFO] Pass: Depth - 0.15879 (ms)
2026-07-12 22:02:41,849 [INFO] Pass: FixedPoint - 0.00548 (ms)
2026-07-12 22:02:41,849 [INFO] Pass: Optimize1qGatesDecomposition - 0.69976 (ms)
2026-07-12 22:02:41,849 [INFO] Pass: InverseCancellation - 0.00715 (ms)
2026-07-12 22:02:41,849 [INFO] Pass: Size - 0.05627 (ms)
2026-07-12 22:02:41,849 [INFO] Pass: FixedPoint - 0.00405 (ms)
2026-07-12 22:02:41,849 [INFO] Pass: ContainsInstruction - 0.00501 (ms)
2026-07-12 22:02:41,850 [INFO] Pass: ContainsInstruction - 0.00644 (ms)
2026-07-12 22:02:41,850 [INFO] Pass: HighLevelSynthesis - 1.45650 (ms)
2026-07-12 22:02:41,850 [INFO] Pass: InverseCancellation - 0.16475 (ms)
2026-07-12 22:02:41,850 [INFO] Pass: UnitarySynthesis - 0.00405 (ms)
2026-07-12 22:02:41,850 [INFO] Pass: GatesInBasis - 0.85735 (ms)
2026-07-12 22:02:41,850 [INFO] Pass: Depth - 0.15664 (ms)
2026-07-12 22:02:41,850 [INFO] Pass: FixedPoint - 0.00501 (ms)
2026-07-12 22:02:41,851 [INFO] Pass: Size - 0.05651 (ms)
2026-07-12 22:02:41,851 [INFO] Pass: FixedPoint - 0.00429 (ms)
2026-07-12 22:02:41,851 [INFO] Pass: ContainsInstruction - 0.00501 (ms)
2026-07-12 22:02:41,851 [INFO] Total Transpile Time - 65.82308 (ms)
2026-07-12 22:02:41,851 [INFO] Pass: BasisTranslator - 0.79179 (ms)
2026-07-12 22:02:41,851 [INFO] Pass: Depth - 0.17500 (ms)
2026-07-12 22:02:41,851 [INFO] Pass: FixedPoint - 0.00811 (ms)
2026-07-12 22:02:41,851 [INFO] Pass: Size - 0.06056 (ms)
2026-07-12 22:02:41,851 [INFO] Pass: FixedPoint - 0.00477 (ms)
2026-07-12 22:02:41,852 [INFO] Pass: ContainsInstruction - 0.00715 (ms)
2026-07-12 22:02:41,852 [INFO] Pass: HighLevelSynthesis - 1.43576 (ms)
2026-07-12 22:02:41,852 [INFO] Pass: InverseCancellation - 0.17023 (ms)
2026-07-12 22:02:41,852 [INFO] Pass: UnitarySynthesis - 0.00429 (ms)
2026-07-12 22:02:41,852 [INFO] Total Transpile Time - 66.85114 (ms)
2026-07-12 22:02:41,852 [INFO] Pass: Optimize1qGatesDecomposition - 0.85163 (ms)
2026-07-12 22:02:41,852 [INFO] Pass: InverseCancellation - 0.00834 (ms)
2026-07-12 22:02:41,853 [INFO] Pass: BasisTranslator - 0.79441 (ms)
2026-07-12 22:02:41,853 [INFO] Pass: Depth - 0.17023 (ms)
2026-07-12 22:02:41,853 [INFO] Pass: FixedPoint - 0.00668 (ms)
2026-07-12 22:02:41,853 [INFO] Pass: Size - 0.05937 (ms)
2026-07-12 22:02:41,853 [INFO] Pass: FixedPoint - 0.00453 (ms)
2026-07-12 22:02:41,853 [INFO] Pass: GatesInBasis - 0.79131 (ms)
2026-07-12 22:02:41,853 [INFO] Pass: ContainsInstruction - 0.01192 (ms)
2026-07-12 22:02:41,853 [INFO] Pass: Depth - 0.15998 (ms)
2026-07-12 22:02:41,853 [INFO] Pass: FixedPoint - 0.00572 (ms)
2026-07-12 22:02:41,853 [INFO] Pass: HighLevelSynthesis - 1.45268 (ms)
2026-07-12 22:02:41,853 [INFO] Pass: Size - 0.05698 (ms)
2026-07-12 22:02:41,854 [INFO] Pass: FixedPoint - 0.00405 (ms)
2026-07-12 22:02:41,854 [INFO] Pass: InverseCancellation - 0.16403 (ms)
2026-07-12 22:02:41,854 [INFO] Pass: UnitarySynthesis - 0.00453 (ms)
2026-07-12 22:02:41,854 [INFO] Pass: Optimize1qGatesDecomposition - 0.83995 (ms)
2026-07-12 22:02:41,854 [INFO] Pass: InverseCancellation - 0.00763 (ms)
2026-07-12 22:02:41,854 [INFO] Pass: BasisTranslator - 0.79203 (ms)
2026-07-12 22:02:41,854 [INFO] Pass: Optimize1qGatesDecomposition - 0.69189 (ms)
2026-07-12 22:02:41,854 [INFO] Pass: InverseCancellation - 0.00668 (ms)
2026-07-12 22:02:41,854 [INFO] Pass: Depth - 0.17118 (ms)
2026-07-12 22:02:41,855 [INFO] Pass: FixedPoint - 0.00739 (ms)
2026-07-12 22:02:41,855 [INFO] Pass: Size - 0.05937 (ms)
2026-07-12 22:02:41,855 [INFO] Pass: FixedPoint - 0.00453 (ms)
2026-07-12 22:02:41,855 [INFO] Pass: GatesInBasis - 0.79370 (ms)
2026-07-12 22:02:41,855 [INFO] Pass: Depth - 0.16451 (ms)
2026-07-12 22:02:41,855 [INFO] Pass: FixedPoint - 0.00548 (ms)
2026-07-12 22:02:41,855 [INFO] Pass: Size - 0.05698 (ms)
2026-07-12 22:02:41,855 [INFO] Pass: FixedPoint - 0.00405 (ms)
2026-07-12 22:02:41,855 [INFO] Pass: HighLevelSynthesis - 1.45054 (ms)
2026-07-12 22:02:41,855 [INFO] Pass: GatesInBasis - 0.85115 (ms)
2026-07-12 22:02:41,855 [INFO] Pass: Depth - 0.15593 (ms)
2026-07-12 22:02:41,855 [INFO] Pass: FixedPoint - 0.00525 (ms)
2026-07-12 22:02:41,856 [INFO] Pass: Optimize1qGatesDecomposition - 0.84925 (ms)
2026-07-12 22:02:41,856 [INFO] Pass: Size - 0.05651 (ms)
2026-07-12 22:02:41,856 [INFO] Pass: FixedPoint - 0.00405 (ms)
2026-07-12 22:02:41,856 [INFO] Pass: InverseCancellation - 0.00787 (ms)
2026-07-12 22:02:41,856 [INFO] Pass: ContainsInstruction - 0.00525 (ms)
2026-07-12 22:02:41,856 [INFO] Pass: Optimize1qGatesDecomposition - 0.68760 (ms)
2026-07-12 22:02:41,856 [INFO] Pass: InverseCancellation - 0.00644 (ms)
2026-07-12 22:02:41,856 [INFO] Pass: BasisTranslator - 0.80585 (ms)
2026-07-12 22:02:41,856 [INFO] Pass: Depth - 0.17381 (ms)
2026-07-12 22:02:41,856 [INFO] Pass: FixedPoint - 0.00906 (ms)
2026-07-12 22:02:41,856 [INFO] Pass: Size - 0.05984 (ms)
2026-07-12 22:02:41,856 [INFO] Pass: FixedPoint - 0.00429 (ms)
2026-07-12 22:02:41,856 [INFO] Pass: GatesInBasis - 0.81038 (ms)
2026-07-12 22:02:41,857 [INFO] Pass: Depth - 0.16093 (ms)
2026-07-12 22:02:41,857 [INFO] Pass: FixedPoint - 0.00572 (ms)
2026-07-12 22:02:41,857 [INFO] Pass: GatesInBasis - 0.86474 (ms)
2026-07-12 22:02:41,857 [INFO] Pass: Size - 0.05674 (ms)
2026-07-12 22:02:41,857 [INFO] Pass: FixedPoint - 0.00453 (ms)
2026-07-12 22:02:41,857 [INFO] Pass: Depth - 0.16403 (ms)
2026-07-12 22:02:41,857 [INFO] Total Transpile Time - 66.54334 (ms)
2026-07-12 22:02:41,857 [INFO] Pass: FixedPoint - 0.00525 (ms)
2026-07-12 22:02:41,857 [INFO] Pass: Size - 0.05651 (ms)
2026-07-12 22:02:41,857 [INFO] Pass: FixedPoint - 0.00405 (ms)
2026-07-12 22:02:41,857 [INFO] Pass: ContainsInstruction - 0.00548 (ms)
2026-07-12 22:02:41,857 [INFO] Pass: Optimize1qGatesDecomposition - 0.86689 (ms)
2026-07-12 22:02:41,857 [INFO] Pass: InverseCancellation - 0.00834 (ms)
2026-07-12 22:02:41,858 [INFO] Pass: Optimize1qGatesDecomposition - 0.69761 (ms)
2026-07-12 22:02:41,858 [INFO] Pass: InverseCancellation - 0.00691 (ms)
2026-07-12 22:02:41,858 [INFO] Pass: GatesInBasis - 0.78416 (ms)
2026-07-12 22:02:41,858 [INFO] Pass: Depth - 0.16737 (ms)
2026-07-12 22:02:41,858 [INFO] Pass: FixedPoint - 0.00525 (ms)
2026-07-12 22:02:41,858 [INFO] Pass: Size - 0.05817 (ms)
2026-07-12 22:02:41,858 [INFO] Total Transpile Time - 65.96231 (ms)
2026-07-12 22:02:41,858 [INFO] Pass: GatesInBasis - 0.86713 (ms)
2026-07-12 22:02:41,859 [INFO] Pass: FixedPoint - 0.00405 (ms)
2026-07-12 22:02:41,859 [INFO] Pass: Depth - 0.15664 (ms)
2026-07-12 22:02:41,859 [INFO] Pass: FixedPoint - 0.00501 (ms)
2026-07-12 22:02:41,859 [INFO] Pass: Size - 0.06104 (ms)
2026-07-12 22:02:41,859 [INFO] Pass: FixedPoint - 0.00429 (ms)
2026-07-12 22:02:41,859 [INFO] Pass: ContainsInstruction - 0.00477 (ms)
2026-07-12 22:02:41,859 [INFO] Pass: Optimize1qGatesDecomposition - 0.70333 (ms)
2026-07-12 22:02:41,859 [INFO] Pass: InverseCancellation - 0.00715 (ms)
2026-07-12 22:02:41,860 [INFO] Pass: ContainsInstruction - 0.00715 (ms)
2026-07-12 22:02:41,860 [INFO] Pass: InverseCancellation - 0.16284 (ms)
2026-07-12 22:02:41,860 [INFO] Total Transpile Time - 65.87720 (ms)
2026-07-12 22:02:41,860 [INFO] Pass: UnitarySynthesis - 0.00477 (ms)
2026-07-12 22:02:41,860 [INFO] Pass: GatesInBasis - 0.86498 (ms)
2026-07-12 22:02:41,860 [INFO] Pass: Depth - 0.15736 (ms)
2026-07-12 22:02:41,860 [INFO] Pass: FixedPoint - 0.00477 (ms)
2026-07-12 22:02:41,861 [INFO] Pass: Size - 0.05674 (ms)
2026-07-12 22:02:41,861 [INFO] Pass: FixedPoint - 0.00381 (ms)
2026-07-12 22:02:41,861 [INFO] Pass: ContainsInstruction - 0.00548 (ms)
2026-07-12 22:02:41,862 [INFO] Pass: HighLevelSynthesis - 1.43504 (ms)
2026-07-12 22:02:41,862 [INFO] Total Transpile Time - 66.71953 (ms)
2026-07-12 22:02:41,863 [INFO] Pass: BasisTranslator - 0.80681 (ms)
2026-07-12 22:02:41,863 [INFO] Pass: Depth - 0.17095 (ms)
2026-07-12 22:02:41,863 [INFO] Pass: FixedPoint - 0.00811 (ms)
2026-07-12 22:02:41,863 [INFO] Pass: Size - 0.05960 (ms)
2026-07-12 22:02:41,863 [INFO] Pass: FixedPoint - 0.00477 (ms)
2026-07-12 22:02:41,864 [INFO] Pass: Optimize1qGatesDecomposition - 0.84138 (ms)
2026-07-12 22:02:41,864 [INFO] Pass: InverseCancellation - 0.00834 (ms)
2026-07-12 22:02:41,865 [INFO] Pass: GatesInBasis - 0.78440 (ms)
2026-07-12 22:02:41,865 [INFO] Pass: Depth - 0.16427 (ms)
2026-07-12 22:02:41,865 [INFO] Pass: FixedPoint - 0.00548 (ms)
2026-07-12 22:02:41,865 [INFO] Pass: Size - 0.05770 (ms)
2026-07-12 22:02:41,865 [INFO] Pass: FixedPoint - 0.00429 (ms)
2026-07-12 22:02:41,866 [INFO] Pass: Optimize1qGatesDecomposition - 0.69547 (ms)
2026-07-12 22:02:41,866 [INFO] Pass: InverseCancellation - 0.00691 (ms)
2026-07-12 22:02:41,867 [INFO] Pass: GatesInBasis - 0.83208 (ms)
2026-07-12 22:02:41,867 [INFO] Pass: Depth - 0.16141 (ms)
2026-07-12 22:02:41,867 [INFO] Pass: FixedPoint - 0.00548 (ms)
2026-07-12 22:02:41,867 [INFO] Pass: Size - 0.05698 (ms)
2026-07-12 22:02:41,867 [INFO] Pass: FixedPoint - 0.00429 (ms)
2026-07-12 22:02:41,867 [INFO] Pass: ContainsInstruction - 0.00477 (ms)
2026-07-12 22:02:41,868 [INFO] Total Transpile Time - 65.97137 (ms)
2026-07-12 22:02:42,275 [INFO] [PCE] Aer metadata (1a ejecucion de este proceso): device=CPU method=statevector shots=8192 fusion_enabled=True
2026-07-12 22:02:42,282 [INFO] [PCE] Aer metadata (1a ejecucion de este proceso): device=CPU method=statevector shots=8192 fusion_enabled=True
2026-07-12 22:02:42,292 [INFO] [PCE] Aer metadata (1a ejecucion de este proceso): device=CPU method=statevector shots=8192 fusion_enabled=True
2026-07-12 22:02:42,379 [INFO] [PCE] Aer metadata (1a ejecucion de este proceso): device=CPU method=statevector shots=8192 fusion_enabled=True
2026-07-12 22:02:42,394 [INFO] [PCE] Aer metadata (1a ejecucion de este proceso): device=CPU method=statevector shots=8192 fusion_enabled=True
2026-07-12 22:02:42,397 [INFO] [PCE] Aer metadata (1a ejecucion de este proceso): device=CPU method=statevector shots=8192 fusion_enabled=True
2026-07-12 22:02:42,407 [INFO] [PCE] Aer metadata (1a ejecucion de este proceso): device=CPU method=statevector shots=8192 fusion_enabled=True
2026-07-12 22:02:42,413 [INFO] [PCE] Aer metadata (1a ejecucion de este proceso): device=CPU method=statevector shots=8192 fusion_enabled=True
2026-07-12 22:02:42,416 [INFO] [PCE] Aer metadata (1a ejecucion de este proceso): device=CPU method=statevector shots=8192 fusion_enabled=True
2026-07-12 22:02:42,420 [INFO] [PCE] Aer metadata (1a ejecucion de este proceso): device=CPU method=statevector shots=8192 fusion_enabled=True
2026-07-12 22:02:42,443 [INFO] [PCE] Aer metadata (1a ejecucion de este proceso): device=CPU method=statevector shots=8192 fusion_enabled=True
2026-07-12 22:02:42,443 [INFO] [PCE] Aer metadata (1a ejecucion de este proceso): device=CPU method=statevector shots=8192 fusion_enabled=True
2026-07-12 22:02:42,444 [INFO] [PCE] Aer metadata (1a ejecucion de este proceso): device=CPU method=statevector shots=8192 fusion_enabled=True
2026-07-12 22:02:42,444 [INFO] [PCE] Aer metadata (1a ejecucion de este proceso): device=CPU method=statevector shots=8192 fusion_enabled=True
2026-07-13 05:13:37,153 [INFO] [PCE] n=200 instancia (idx=59) 1/14 completada (paralelo) - transcurrido=0:07:10:56
2026-07-13 05:14:16,670 [INFO] [PCE] n=200 instancia (idx=38) 2/14 completada (paralelo) - transcurrido=0:07:11:35
2026-07-13 05:14:36,359 [INFO] [PCE] n=200 instancia (idx=45) 3/14 completada (paralelo) - transcurrido=0:07:11:55
2026-07-13 05:35:10,871 [INFO] [PCE] n=200 instancia (idx=87) 4/14 completada (paralelo) - transcurrido=0:07:32:29
2026-07-13 05:37:41,111 [INFO] [PCE] n=200 instancia (idx=17) 5/14 completada (paralelo) - transcurrido=0:07:35:00
2026-07-13 05:38:31,090 [INFO] [PCE] n=200 instancia (idx=52) 6/14 completada (paralelo) - transcurrido=0:07:35:50
2026-07-13 05:39:39,774 [INFO] [PCE] n=200 instancia (idx=80) 7/14 completada (paralelo) - transcurrido=0:07:36:58
2026-07-13 05:41:07,337 [INFO] [PCE] n=200 instancia (idx=10) 8/14 completada (paralelo) - transcurrido=0:07:38:26
2026-07-13 05:41:40,167 [INFO] [PCE] n=200 instancia (idx=3) 9/14 completada (paralelo) - transcurrido=0:07:38:59
2026-07-13 05:42:55,177 [INFO] [PCE] n=200 instancia (idx=24) 10/14 completada (paralelo) - transcurrido=0:07:40:14
2026-07-13 05:43:47,639 [INFO] [PCE] n=200 instancia (idx=73) 11/14 completada (paralelo) - transcurrido=0:07:41:06
2026-07-13 05:44:47,184 [INFO] [PCE] n=200 instancia (idx=94) 12/14 completada (paralelo) - transcurrido=0:07:42:06
2026-07-13 05:45:08,390 [INFO] [PCE] n=200 instancia (idx=66) 13/14 completada (paralelo) - transcurrido=0:07:42:27
2026-07-13 05:48:00,648 [INFO] [PCE] n=200 instancia (idx=31) 14/14 completada (paralelo) - transcurrido=0:07:45:19
2026-07-13 05:48:00,856 [INFO] [PCE] n=200 chunk 4/7 completado - beta_parcial=0.2469 duration=0:07:45:19 shots=8192 backend=AER
