gcc/system unloaded
gcccore/system unloaded
cesga/2022 unloaded
rust/1.75.0 unloaded
imkl/2022.0.1 unloaded
numpy/1.26.4 unloaded
scipy/1.13.1 unloaded
flint/2.8.4 unloaded
symengine/0.11.1 unloaded
symengine-python/0.11.0 unloaded
spdlog/1.9.2 unloaded
pylatexenc/2.10 unloaded
qiskit/1.2.4-aer-gpu-cu11 unloaded
        Preparing the environment for use of the CESGA 2022 software stack.
        Please rebuild modules cache: module --ignore-cache avail
     
cesga/2022 loaded
rust/1.75.0 loaded

imkl/2023.2.0 loaded
numpy/1.26.4 loaded
scipy/1.13.1 loaded
imkl/2023.2.0 unloaded

imkl/2022.0.1 loaded
flint/2.8.4 loaded
symengine/0.11.1 loaded
symengine-python/0.11.0 loaded
spdlog/1.9.2 loaded
pylatexenc/2.10 loaded
gcccore/system loaded
gcc/system loaded
qiskit/1.2.4-aer-gpu-cu11 loaded
2026-07-12 22:02:41,540 [INFO] [PCE] n=200 chunk 5/7: 14 instancias [4, 11, 18, 25, 32, 39, 46, 53, 60, 67, 74, 81, 88, 95], num_workers=14, qubits=9
2026-07-12 22:02:41,540 [INFO] [PCE] n=200 paralelizando 14 instancias entre 14 workers (max_parallel_threads=1 fijo, independiente de num_workers)
2026-07-12 22:02:41,674 [INFO] Pass: ContainsInstruction - 0.01478 (ms)
2026-07-12 22:02:41,674 [INFO] Pass: ContainsInstruction - 0.01383 (ms)
2026-07-12 22:02:41,675 [INFO] Pass: InverseCancellation - 0.01979 (ms)
2026-07-12 22:02:41,675 [INFO] Pass: InverseCancellation - 0.01717 (ms)
2026-07-12 22:02:41,675 [INFO] Pass: UnitarySynthesis - 0.00548 (ms)
2026-07-12 22:02:41,675 [INFO] Pass: UnitarySynthesis - 0.00525 (ms)
2026-07-12 22:02:41,676 [INFO] Pass: HighLevelSynthesis - 1.49155 (ms)
2026-07-12 22:02:41,676 [INFO] Pass: HighLevelSynthesis - 1.54185 (ms)
2026-07-12 22:02:41,676 [INFO] Pass: ContainsInstruction - 0.01574 (ms)
2026-07-12 22:02:41,676 [INFO] Pass: InverseCancellation - 0.01788 (ms)
2026-07-12 22:02:41,677 [INFO] Pass: UnitarySynthesis - 0.00548 (ms)
2026-07-12 22:02:41,677 [INFO] Pass: BasisTranslator - 0.74029 (ms)
2026-07-12 22:02:41,677 [INFO] Pass: BasisTranslator - 0.75603 (ms)
2026-07-12 22:02:41,677 [INFO] Pass: Depth - 0.18883 (ms)
2026-07-12 22:02:41,677 [INFO] Pass: Depth - 0.19073 (ms)
2026-07-12 22:02:41,677 [INFO] Pass: FixedPoint - 0.01264 (ms)
2026-07-12 22:02:41,677 [INFO] Pass: FixedPoint - 0.01383 (ms)
2026-07-12 22:02:41,677 [INFO] Pass: Size - 0.06771 (ms)
2026-07-12 22:02:41,677 [INFO] Pass: Size - 0.06413 (ms)
2026-07-12 22:02:41,677 [INFO] Pass: FixedPoint - 0.00477 (ms)
2026-07-12 22:02:41,677 [INFO] Pass: FixedPoint - 0.00477 (ms)
2026-07-12 22:02:41,678 [INFO] Pass: Optimize1qGatesDecomposition - 0.14162 (ms)
2026-07-12 22:02:41,678 [INFO] Pass: Optimize1qGatesDecomposition - 0.13876 (ms)
2026-07-12 22:02:41,678 [INFO] Pass: InverseCancellation - 0.00906 (ms)
2026-07-12 22:02:41,678 [INFO] Pass: InverseCancellation - 0.00787 (ms)
2026-07-12 22:02:41,678 [INFO] Pass: HighLevelSynthesis - 1.52063 (ms)
2026-07-12 22:02:41,678 [INFO] Pass: GatesInBasis - 0.76485 (ms)
2026-07-12 22:02:41,678 [INFO] Pass: GatesInBasis - 0.83709 (ms)
2026-07-12 22:02:41,679 [INFO] Pass: Depth - 0.14830 (ms)
2026-07-12 22:02:41,679 [INFO] Pass: FixedPoint - 0.00525 (ms)
2026-07-12 22:02:41,679 [INFO] Pass: Depth - 0.15044 (ms)
2026-07-12 22:02:41,679 [INFO] Pass: FixedPoint - 0.00501 (ms)
2026-07-12 22:02:41,679 [INFO] Pass: Size - 0.05436 (ms)
2026-07-12 22:02:41,679 [INFO] Pass: FixedPoint - 0.00429 (ms)
2026-07-12 22:02:41,679 [INFO] Pass: Size - 0.05460 (ms)
2026-07-12 22:02:41,679 [INFO] Pass: ContainsInstruction - 0.00548 (ms)
2026-07-12 22:02:41,679 [INFO] Pass: FixedPoint - 0.00453 (ms)
2026-07-12 22:02:41,679 [INFO] Pass: BasisTranslator - 0.74887 (ms)
2026-07-12 22:02:41,679 [INFO] Pass: ContainsInstruction - 0.00477 (ms)
2026-07-12 22:02:41,679 [INFO] Pass: ContainsInstruction - 0.01526 (ms)
2026-07-12 22:02:41,679 [INFO] Pass: InverseCancellation - 0.01812 (ms)
2026-07-12 22:02:41,679 [INFO] Pass: UnitarySynthesis - 0.00548 (ms)
2026-07-12 22:02:41,679 [INFO] Pass: Depth - 0.18716 (ms)
2026-07-12 22:02:41,679 [INFO] Pass: FixedPoint - 0.01359 (ms)
2026-07-12 22:02:41,679 [INFO] Pass: Size - 0.05865 (ms)
2026-07-12 22:02:41,679 [INFO] Pass: FixedPoint - 0.00429 (ms)
2026-07-12 22:02:41,680 [INFO] Pass: Optimize1qGatesDecomposition - 0.14091 (ms)
2026-07-12 22:02:41,680 [INFO] Pass: InverseCancellation - 0.01144 (ms)
2026-07-12 22:02:41,680 [INFO] Pass: ContainsInstruction - 0.01478 (ms)
2026-07-12 22:02:41,680 [INFO] Total Transpile Time - 82.90076 (ms)
2026-07-12 22:02:41,680 [INFO] Pass: InverseCancellation - 0.01669 (ms)
2026-07-12 22:02:41,680 [INFO] Total Transpile Time - 82.93033 (ms)
2026-07-12 22:02:41,680 [INFO] Pass: UnitarySynthesis - 0.00525 (ms)
2026-07-12 22:02:41,680 [INFO] Pass: GatesInBasis - 0.78773 (ms)
2026-07-12 22:02:41,681 [INFO] Pass: Depth - 0.14901 (ms)
2026-07-12 22:02:41,681 [INFO] Pass: FixedPoint - 0.00501 (ms)
2026-07-12 22:02:41,681 [INFO] Pass: HighLevelSynthesis - 1.48535 (ms)
2026-07-12 22:02:41,681 [INFO] Pass: Size - 0.05412 (ms)
2026-07-12 22:02:41,681 [INFO] Pass: FixedPoint - 0.00405 (ms)
2026-07-12 22:02:41,681 [INFO] Pass: ContainsInstruction - 0.00477 (ms)
2026-07-12 22:02:41,681 [INFO] Pass: BasisTranslator - 0.74649 (ms)
2026-07-12 22:02:41,682 [INFO] Pass: Depth - 0.19383 (ms)
2026-07-12 22:02:41,682 [INFO] Pass: FixedPoint - 0.01311 (ms)
2026-07-12 22:02:41,682 [INFO] Pass: HighLevelSynthesis - 1.46389 (ms)
2026-07-12 22:02:41,682 [INFO] Pass: Size - 0.05794 (ms)
2026-07-12 22:02:41,682 [INFO] Pass: FixedPoint - 0.00453 (ms)
2026-07-12 22:02:41,682 [INFO] Pass: Optimize1qGatesDecomposition - 0.13995 (ms)
2026-07-12 22:02:41,682 [INFO] Pass: InverseCancellation - 0.00858 (ms)
2026-07-12 22:02:41,682 [INFO] Total Transpile Time - 83.14323 (ms)
2026-07-12 22:02:41,683 [INFO] Pass: BasisTranslator - 0.74816 (ms)
2026-07-12 22:02:41,683 [INFO] Pass: ContainsInstruction - 0.01407 (ms)
2026-07-12 22:02:41,683 [INFO] Pass: Depth - 0.18859 (ms)
2026-07-12 22:02:41,683 [INFO] Pass: InverseCancellation - 0.01717 (ms)
2026-07-12 22:02:41,683 [INFO] Pass: FixedPoint - 0.01192 (ms)
2026-07-12 22:02:41,683 [INFO] Pass: UnitarySynthesis - 0.00572 (ms)
2026-07-12 22:02:41,683 [INFO] Pass: GatesInBasis - 0.80585 (ms)
2026-07-12 22:02:41,683 [INFO] Pass: Size - 0.05794 (ms)
2026-07-12 22:02:41,683 [INFO] Pass: FixedPoint - 0.00453 (ms)
2026-07-12 22:02:41,683 [INFO] Pass: Depth - 0.15068 (ms)
2026-07-12 22:02:41,683 [INFO] Pass: FixedPoint - 0.00548 (ms)
2026-07-12 22:02:41,683 [INFO] Pass: Optimize1qGatesDecomposition - 0.13900 (ms)
2026-07-12 22:02:41,683 [INFO] Pass: Size - 0.05388 (ms)
2026-07-12 22:02:41,683 [INFO] Pass: InverseCancellation - 0.00811 (ms)
2026-07-12 22:02:41,683 [INFO] Pass: FixedPoint - 0.00429 (ms)
2026-07-12 22:02:41,683 [INFO] Pass: ContainsInstruction - 0.00572 (ms)
2026-07-12 22:02:41,684 [INFO] Pass: GatesInBasis - 0.80228 (ms)
2026-07-12 22:02:41,684 [INFO] Pass: Depth - 0.15378 (ms)
2026-07-12 22:02:41,684 [INFO] Pass: FixedPoint - 0.00525 (ms)
2026-07-12 22:02:41,684 [INFO] Pass: Size - 0.05507 (ms)
2026-07-12 22:02:41,684 [INFO] Pass: FixedPoint - 0.00405 (ms)
2026-07-12 22:02:41,684 [INFO] Pass: HighLevelSynthesis - 1.48034 (ms)
2026-07-12 22:02:41,685 [INFO] Pass: ContainsInstruction - 0.00477 (ms)
2026-07-12 22:02:41,685 [INFO] Total Transpile Time - 82.88383 (ms)
2026-07-12 22:02:41,685 [INFO] Pass: BasisTranslator - 0.73457 (ms)
2026-07-12 22:02:41,685 [INFO] Pass: Depth - 0.19550 (ms)
2026-07-12 22:02:41,686 [INFO] Pass: FixedPoint - 0.01168 (ms)
2026-07-12 22:02:41,686 [INFO] Pass: Size - 0.05794 (ms)
2026-07-12 22:02:41,686 [INFO] Pass: FixedPoint - 0.00477 (ms)
2026-07-12 22:02:41,686 [INFO] Pass: Optimize1qGatesDecomposition - 0.13518 (ms)
2026-07-12 22:02:41,686 [INFO] Total Transpile Time - 81.87675 (ms)
2026-07-12 22:02:41,686 [INFO] Pass: InverseCancellation - 0.00906 (ms)
2026-07-12 22:02:41,686 [INFO] Pass: ContainsInstruction - 0.01526 (ms)
2026-07-12 22:02:41,686 [INFO] Pass: InverseCancellation - 0.01693 (ms)
2026-07-12 22:02:41,686 [INFO] Pass: UnitarySynthesis - 0.00596 (ms)
2026-07-12 22:02:41,687 [INFO] Pass: GatesInBasis - 0.84138 (ms)
2026-07-12 22:02:41,687 [INFO] Pass: Depth - 0.15259 (ms)
2026-07-12 22:02:41,687 [INFO] Pass: FixedPoint - 0.00501 (ms)
2026-07-12 22:02:41,687 [INFO] Pass: Size - 0.05507 (ms)
2026-07-12 22:02:41,687 [INFO] Pass: FixedPoint - 0.00429 (ms)
2026-07-12 22:02:41,687 [INFO] Pass: ContainsInstruction - 0.00501 (ms)
2026-07-12 22:02:41,688 [INFO] Pass: HighLevelSynthesis - 1.48749 (ms)
2026-07-12 22:02:41,688 [INFO] Pass: BasisTranslator - 0.75245 (ms)
2026-07-12 22:02:41,689 [INFO] Total Transpile Time - 81.48170 (ms)
2026-07-12 22:02:41,689 [INFO] Pass: Depth - 0.18978 (ms)
2026-07-12 22:02:41,689 [INFO] Pass: FixedPoint - 0.01216 (ms)
2026-07-12 22:02:41,689 [INFO] Pass: Size - 0.05698 (ms)
2026-07-12 22:02:41,689 [INFO] Pass: FixedPoint - 0.00429 (ms)
2026-07-12 22:02:41,689 [INFO] Pass: Optimize1qGatesDecomposition - 0.13399 (ms)
2026-07-12 22:02:41,689 [INFO] Pass: InverseCancellation - 0.00811 (ms)
2026-07-12 22:02:41,689 [INFO] Pass: ContainsInstruction - 0.01454 (ms)
2026-07-12 22:02:41,689 [INFO] Pass: InverseCancellation - 0.01645 (ms)
2026-07-12 22:02:41,689 [INFO] Pass: UnitarySynthesis - 0.00501 (ms)
2026-07-12 22:02:41,690 [INFO] Pass: GatesInBasis - 0.83208 (ms)
2026-07-12 22:02:41,690 [INFO] Pass: Depth - 0.15020 (ms)
2026-07-12 22:02:41,690 [INFO] Pass: FixedPoint - 0.00501 (ms)
2026-07-12 22:02:41,690 [INFO] Pass: Size - 0.05412 (ms)
2026-07-12 22:02:41,690 [INFO] Pass: FixedPoint - 0.00405 (ms)
2026-07-12 22:02:41,690 [INFO] Pass: ContainsInstruction - 0.00477 (ms)
2026-07-12 22:02:41,691 [INFO] Pass: HighLevelSynthesis - 1.48249 (ms)
2026-07-12 22:02:41,692 [INFO] Total Transpile Time - 81.53582 (ms)
2026-07-12 22:02:41,692 [INFO] Pass: BasisTranslator - 0.74077 (ms)
2026-07-12 22:02:41,692 [INFO] Pass: Depth - 0.18740 (ms)
2026-07-12 22:02:41,692 [INFO] Pass: FixedPoint - 0.01240 (ms)
2026-07-12 22:02:41,692 [INFO] Pass: Size - 0.05698 (ms)
2026-07-12 22:02:41,692 [INFO] Pass: FixedPoint - 0.00453 (ms)
2026-07-12 22:02:41,692 [INFO] Pass: Optimize1qGatesDecomposition - 0.13757 (ms)
2026-07-12 22:02:41,692 [INFO] Pass: InverseCancellation - 0.00930 (ms)
2026-07-12 22:02:41,692 [INFO] Pass: ContainsInstruction - 0.01526 (ms)
2026-07-12 22:02:41,693 [INFO] Pass: InverseCancellation - 0.01597 (ms)
2026-07-12 22:02:41,693 [INFO] Pass: UnitarySynthesis - 0.00501 (ms)
2026-07-12 22:02:41,693 [INFO] Pass: GatesInBasis - 0.80132 (ms)
2026-07-12 22:02:41,693 [INFO] Pass: Depth - 0.15593 (ms)
2026-07-12 22:02:41,694 [INFO] Pass: FixedPoint - 0.00525 (ms)
2026-07-12 22:02:41,694 [INFO] Pass: Size - 0.05412 (ms)
2026-07-12 22:02:41,694 [INFO] Pass: FixedPoint - 0.00405 (ms)
2026-07-12 22:02:41,694 [INFO] Pass: ContainsInstruction - 0.00501 (ms)
2026-07-12 22:02:41,694 [INFO] Pass: HighLevelSynthesis - 1.46937 (ms)
2026-07-12 22:02:41,695 [INFO] Pass: BasisTranslator - 0.74053 (ms)
2026-07-12 22:02:41,695 [INFO] Total Transpile Time - 81.15292 (ms)
2026-07-12 22:02:41,695 [INFO] Pass: Depth - 0.18811 (ms)
2026-07-12 22:02:41,695 [INFO] Pass: FixedPoint - 0.01383 (ms)
2026-07-12 22:02:41,695 [INFO] Pass: Size - 0.06342 (ms)
2026-07-12 22:02:41,695 [INFO] Pass: FixedPoint - 0.00453 (ms)
2026-07-12 22:02:41,696 [INFO] Pass: Optimize1qGatesDecomposition - 0.13518 (ms)
2026-07-12 22:02:41,696 [INFO] Pass: InverseCancellation - 0.00858 (ms)
2026-07-12 22:02:41,696 [INFO] Pass: ContainsInstruction - 0.01311 (ms)
2026-07-12 22:02:41,696 [INFO] Pass: InverseCancellation - 0.01621 (ms)
2026-07-12 22:02:41,696 [INFO] Pass: UnitarySynthesis - 0.00501 (ms)
2026-07-12 22:02:41,696 [INFO] Pass: GatesInBasis - 0.80705 (ms)
2026-07-12 22:02:41,697 [INFO] Pass: Depth - 0.14997 (ms)
2026-07-12 22:02:41,697 [INFO] Pass: FixedPoint - 0.00548 (ms)
2026-07-12 22:02:41,697 [INFO] Pass: Size - 0.05460 (ms)
2026-07-12 22:02:41,697 [INFO] Pass: FixedPoint - 0.00429 (ms)
2026-07-12 22:02:41,697 [INFO] Pass: ContainsInstruction - 0.00501 (ms)
2026-07-12 22:02:41,698 [INFO] Pass: HighLevelSynthesis - 1.52278 (ms)
2026-07-12 22:02:41,698 [INFO] Total Transpile Time - 81.00462 (ms)
2026-07-12 22:02:41,698 [INFO] Pass: BasisTranslator - 0.73504 (ms)
2026-07-12 22:02:41,699 [INFO] Pass: Depth - 0.18287 (ms)
2026-07-12 22:02:41,699 [INFO] Pass: FixedPoint - 0.01097 (ms)
2026-07-12 22:02:41,699 [INFO] Pass: Size - 0.05746 (ms)
2026-07-12 22:02:41,699 [INFO] Pass: FixedPoint - 0.00477 (ms)
2026-07-12 22:02:41,699 [INFO] Pass: Optimize1qGatesDecomposition - 0.13471 (ms)
2026-07-12 22:02:41,699 [INFO] Pass: InverseCancellation - 0.00811 (ms)
2026-07-12 22:02:41,700 [INFO] Pass: GatesInBasis - 0.75245 (ms)
2026-07-12 22:02:41,700 [INFO] Pass: Depth - 0.14877 (ms)
2026-07-12 22:02:41,700 [INFO] Pass: FixedPoint - 0.00525 (ms)
2026-07-12 22:02:41,700 [INFO] Pass: Size - 0.05341 (ms)
2026-07-12 22:02:41,700 [INFO] Pass: FixedPoint - 0.00405 (ms)
2026-07-12 22:02:41,700 [INFO] Pass: ContainsInstruction - 0.00477 (ms)
2026-07-12 22:02:41,702 [INFO] Total Transpile Time - 80.61743 (ms)
2026-07-12 22:02:41,713 [INFO] Pass: ContainsInstruction - 0.01478 (ms)
2026-07-12 22:02:41,713 [INFO] Pass: InverseCancellation - 0.01812 (ms)
2026-07-12 22:02:41,713 [INFO] Pass: UnitarySynthesis - 0.00596 (ms)
2026-07-12 22:02:41,714 [INFO] Pass: ContainsInstruction - 0.01264 (ms)
2026-07-12 22:02:41,714 [INFO] Pass: InverseCancellation - 0.01526 (ms)
2026-07-12 22:02:41,714 [INFO] Pass: UnitarySynthesis - 0.00477 (ms)
2026-07-12 22:02:41,714 [INFO] Pass: HighLevelSynthesis - 1.54400 (ms)
2026-07-12 22:02:41,715 [INFO] Pass: BasisTranslator - 0.73934 (ms)
2026-07-12 22:02:41,715 [INFO] Pass: HighLevelSynthesis - 1.44386 (ms)
2026-07-12 22:02:41,715 [INFO] Pass: Depth - 0.19407 (ms)
2026-07-12 22:02:41,716 [INFO] Pass: FixedPoint - 0.01144 (ms)
2026-07-12 22:02:41,716 [INFO] Pass: Size - 0.05770 (ms)
2026-07-12 22:02:41,716 [INFO] Pass: FixedPoint - 0.00429 (ms)
2026-07-12 22:02:41,716 [INFO] Pass: Optimize1qGatesDecomposition - 0.13399 (ms)
2026-07-12 22:02:41,716 [INFO] Pass: InverseCancellation - 0.00858 (ms)
2026-07-12 22:02:41,716 [INFO] Pass: BasisTranslator - 0.78630 (ms)
2026-07-12 22:02:41,716 [INFO] Pass: Depth - 0.18191 (ms)
2026-07-12 22:02:41,716 [INFO] Pass: FixedPoint - 0.01025 (ms)
2026-07-12 22:02:41,716 [INFO] Pass: Size - 0.05674 (ms)
2026-07-12 22:02:41,716 [INFO] Pass: FixedPoint - 0.00477 (ms)
2026-07-12 22:02:41,717 [INFO] Pass: Optimize1qGatesDecomposition - 0.13232 (ms)
2026-07-12 22:02:41,717 [INFO] Pass: GatesInBasis - 0.79083 (ms)
2026-07-12 22:02:41,717 [INFO] Pass: InverseCancellation - 0.00834 (ms)
2026-07-12 22:02:41,717 [INFO] Pass: Depth - 0.14949 (ms)
2026-07-12 22:02:41,717 [INFO] Pass: FixedPoint - 0.00525 (ms)
2026-07-12 22:02:41,717 [INFO] Pass: Size - 0.05412 (ms)
2026-07-12 22:02:41,717 [INFO] Pass: FixedPoint - 0.00429 (ms)
2026-07-12 22:02:41,717 [INFO] Pass: ContainsInstruction - 0.00525 (ms)
2026-07-12 22:02:41,717 [INFO] Pass: GatesInBasis - 0.75197 (ms)
2026-07-12 22:02:41,718 [INFO] Pass: Depth - 0.14806 (ms)
2026-07-12 22:02:41,718 [INFO] Pass: FixedPoint - 0.00525 (ms)
2026-07-12 22:02:41,718 [INFO] Pass: Size - 0.05460 (ms)
2026-07-12 22:02:41,718 [INFO] Pass: FixedPoint - 0.00429 (ms)
2026-07-12 22:02:41,718 [INFO] Pass: ContainsInstruction - 0.01311 (ms)
2026-07-12 22:02:41,718 [INFO] Pass: ContainsInstruction - 0.00453 (ms)
2026-07-12 22:02:41,718 [INFO] Pass: InverseCancellation - 0.01740 (ms)
2026-07-12 22:02:41,718 [INFO] Pass: UnitarySynthesis - 0.00453 (ms)
2026-07-12 22:02:41,718 [INFO] Total Transpile Time - 82.02863 (ms)
2026-07-12 22:02:41,719 [INFO] Total Transpile Time - 80.93667 (ms)
2026-07-12 22:02:41,719 [INFO] Pass: HighLevelSynthesis - 1.45936 (ms)
2026-07-12 22:02:41,720 [INFO] Pass: BasisTranslator - 0.74887 (ms)
2026-07-12 22:02:41,721 [INFO] Pass: Depth - 0.18287 (ms)
2026-07-12 22:02:41,721 [INFO] Pass: FixedPoint - 0.01144 (ms)
2026-07-12 22:02:41,721 [INFO] Pass: Size - 0.05722 (ms)
2026-07-12 22:02:41,721 [INFO] Pass: FixedPoint - 0.00477 (ms)
2026-07-12 22:02:41,721 [INFO] Pass: Optimize1qGatesDecomposition - 0.13304 (ms)
2026-07-12 22:02:41,721 [INFO] Pass: InverseCancellation - 0.00834 (ms)
2026-07-12 22:02:41,722 [INFO] Pass: GatesInBasis - 0.83327 (ms)
2026-07-12 22:02:41,722 [INFO] Pass: Depth - 0.14925 (ms)
2026-07-12 22:02:41,722 [INFO] Pass: FixedPoint - 0.00477 (ms)
2026-07-12 22:02:41,722 [INFO] Pass: Size - 0.05531 (ms)
2026-07-12 22:02:41,722 [INFO] Pass: FixedPoint - 0.00429 (ms)
2026-07-12 22:02:41,722 [INFO] Pass: ContainsInstruction - 0.00477 (ms)
2026-07-12 22:02:41,723 [INFO] Total Transpile Time - 80.45149 (ms)
2026-07-12 22:02:41,730 [INFO] Pass: ContainsInstruction - 0.01431 (ms)
2026-07-12 22:02:41,731 [INFO] Pass: InverseCancellation - 0.01597 (ms)
2026-07-12 22:02:41,731 [INFO] Pass: UnitarySynthesis - 0.00477 (ms)
2026-07-12 22:02:41,732 [INFO] Pass: HighLevelSynthesis - 1.46031 (ms)
2026-07-12 22:02:41,733 [INFO] Pass: BasisTranslator - 0.79036 (ms)
2026-07-12 22:02:41,733 [INFO] Pass: Depth - 0.18406 (ms)
2026-07-12 22:02:41,733 [INFO] Pass: FixedPoint - 0.01192 (ms)
2026-07-12 22:02:41,733 [INFO] Pass: Size - 0.06151 (ms)
2026-07-12 22:02:41,733 [INFO] Pass: FixedPoint - 0.00453 (ms)
2026-07-12 22:02:41,734 [INFO] Pass: Optimize1qGatesDecomposition - 0.13304 (ms)
2026-07-12 22:02:41,734 [INFO] Pass: InverseCancellation - 0.00834 (ms)
2026-07-12 22:02:41,734 [INFO] Pass: GatesInBasis - 0.79298 (ms)
2026-07-12 22:02:41,735 [INFO] Pass: Depth - 0.14830 (ms)
2026-07-12 22:02:41,735 [INFO] Pass: FixedPoint - 0.00501 (ms)
2026-07-12 22:02:41,735 [INFO] Pass: Size - 0.05412 (ms)
2026-07-12 22:02:41,735 [INFO] Pass: FixedPoint - 0.00405 (ms)
2026-07-12 22:02:41,735 [INFO] Pass: ContainsInstruction - 0.00501 (ms)
2026-07-12 22:02:41,736 [INFO] Total Transpile Time - 80.56641 (ms)
2026-07-12 22:02:41,737 [INFO] Pass: ContainsInstruction - 0.00739 (ms)
2026-07-12 22:02:41,738 [INFO] Pass: InverseCancellation - 0.16284 (ms)
2026-07-12 22:02:41,738 [INFO] Pass: UnitarySynthesis - 0.00405 (ms)
2026-07-12 22:02:41,738 [INFO] Pass: ContainsInstruction - 0.01025 (ms)
2026-07-12 22:02:41,738 [INFO] Pass: InverseCancellation - 0.16451 (ms)
2026-07-12 22:02:41,738 [INFO] Pass: UnitarySynthesis - 0.00429 (ms)
2026-07-12 22:02:41,739 [INFO] Pass: HighLevelSynthesis - 1.39093 (ms)
2026-07-12 22:02:41,739 [INFO] Pass: ContainsInstruction - 0.00739 (ms)
2026-07-12 22:02:41,740 [INFO] Pass: HighLevelSynthesis - 1.36685 (ms)
2026-07-12 22:02:41,740 [INFO] Pass: InverseCancellation - 0.16332 (ms)
2026-07-12 22:02:41,740 [INFO] Pass: UnitarySynthesis - 0.00477 (ms)
2026-07-12 22:02:41,740 [INFO] Pass: BasisTranslator - 0.73981 (ms)
2026-07-12 22:02:41,740 [INFO] Pass: Depth - 0.16570 (ms)
2026-07-12 22:02:41,740 [INFO] Pass: FixedPoint - 0.00691 (ms)
2026-07-12 22:02:41,740 [INFO] Pass: Size - 0.05722 (ms)
2026-07-12 22:02:41,740 [INFO] Pass: FixedPoint - 0.00453 (ms)
2026-07-12 22:02:41,741 [INFO] Pass: BasisTranslator - 0.89884 (ms)
2026-07-12 22:02:41,741 [INFO] Pass: Depth - 0.16689 (ms)
2026-07-12 22:02:41,741 [INFO] Pass: FixedPoint - 0.00787 (ms)
2026-07-12 22:02:41,741 [INFO] Pass: Size - 0.05794 (ms)
2026-07-12 22:02:41,741 [INFO] Pass: FixedPoint - 0.00429 (ms)
2026-07-12 22:02:41,741 [INFO] Pass: Optimize1qGatesDecomposition - 0.78464 (ms)
2026-07-12 22:02:41,741 [INFO] Pass: HighLevelSynthesis - 1.40786 (ms)
2026-07-12 22:02:41,741 [INFO] Pass: InverseCancellation - 0.14353 (ms)
2026-07-12 22:02:41,742 [INFO] Pass: Optimize1qGatesDecomposition - 0.77510 (ms)
2026-07-12 22:02:41,742 [INFO] Pass: InverseCancellation - 0.14567 (ms)
2026-07-12 22:02:41,742 [INFO] Pass: BasisTranslator - 0.73838 (ms)
2026-07-12 22:02:41,742 [INFO] Pass: ContainsInstruction - 0.00763 (ms)
2026-07-12 22:02:41,742 [INFO] Pass: GatesInBasis - 0.82445 (ms)
2026-07-12 22:02:41,742 [INFO] Pass: Depth - 0.16832 (ms)
2026-07-12 22:02:41,742 [INFO] Pass: InverseCancellation - 0.16260 (ms)
2026-07-12 22:02:41,742 [INFO] Pass: FixedPoint - 0.00739 (ms)
2026-07-12 22:02:41,742 [INFO] Pass: UnitarySynthesis - 0.00381 (ms)
2026-07-12 22:02:41,742 [INFO] Pass: Size - 0.05794 (ms)
2026-07-12 22:02:41,742 [INFO] Pass: Depth - 0.16069 (ms)
2026-07-12 22:02:41,742 [INFO] Pass: FixedPoint - 0.00453 (ms)
2026-07-12 22:02:41,742 [INFO] Pass: FixedPoint - 0.00548 (ms)
2026-07-12 22:02:41,742 [INFO] Pass: Size - 0.05579 (ms)
2026-07-12 22:02:41,743 [INFO] Pass: FixedPoint - 0.00405 (ms)
2026-07-12 22:02:41,743 [INFO] Pass: ContainsInstruction - 0.00477 (ms)
2026-07-12 22:02:41,743 [INFO] Pass: GatesInBasis - 0.77462 (ms)
2026-07-12 22:02:41,743 [INFO] Pass: Depth - 0.15807 (ms)
2026-07-12 22:02:41,743 [INFO] Pass: FixedPoint - 0.00596 (ms)
2026-07-12 22:02:41,743 [INFO] Pass: Size - 0.05698 (ms)
2026-07-12 22:02:41,743 [INFO] Pass: FixedPoint - 0.00429 (ms)
2026-07-12 22:02:41,743 [INFO] Pass: ContainsInstruction - 0.00525 (ms)
2026-07-12 22:02:41,743 [INFO] Pass: Optimize1qGatesDecomposition - 0.78869 (ms)
2026-07-12 22:02:41,743 [INFO] Pass: ContainsInstruction - 0.00834 (ms)
2026-07-12 22:02:41,743 [INFO] Pass: InverseCancellation - 0.15020 (ms)
2026-07-12 22:02:41,743 [INFO] Pass: InverseCancellation - 0.16665 (ms)
2026-07-12 22:02:41,744 [INFO] Pass: UnitarySynthesis - 0.00429 (ms)
2026-07-12 22:02:41,744 [INFO] Pass: HighLevelSynthesis - 1.41811 (ms)
2026-07-12 22:02:41,744 [INFO] Total Transpile Time - 63.55286 (ms)
2026-07-12 22:02:41,744 [INFO] Pass: GatesInBasis - 0.81086 (ms)
2026-07-12 22:02:41,744 [INFO] Pass: Depth - 0.16260 (ms)
2026-07-12 22:02:41,744 [INFO] Total Transpile Time - 64.09574 (ms)
2026-07-12 22:02:41,744 [INFO] Pass: FixedPoint - 0.00572 (ms)
2026-07-12 22:02:41,745 [INFO] Pass: Size - 0.05627 (ms)
2026-07-12 22:02:41,745 [INFO] Pass: FixedPoint - 0.00405 (ms)
2026-07-12 22:02:41,745 [INFO] Pass: BasisTranslator - 0.88739 (ms)
2026-07-12 22:02:41,745 [INFO] Pass: ContainsInstruction - 0.00477 (ms)
2026-07-12 22:02:41,745 [INFO] Pass: Depth - 0.16785 (ms)
2026-07-12 22:02:41,745 [INFO] Pass: FixedPoint - 0.00763 (ms)
2026-07-12 22:02:41,745 [INFO] Pass: HighLevelSynthesis - 1.37997 (ms)
2026-07-12 22:02:41,745 [INFO] Pass: Size - 0.05794 (ms)
2026-07-12 22:02:41,745 [INFO] Pass: FixedPoint - 0.00429 (ms)
2026-07-12 22:02:41,746 [INFO] Pass: Optimize1qGatesDecomposition - 0.78225 (ms)
2026-07-12 22:02:41,746 [INFO] Pass: BasisTranslator - 0.90909 (ms)
2026-07-12 22:02:41,746 [INFO] Total Transpile Time - 63.70997 (ms)
2026-07-12 22:02:41,746 [INFO] Pass: InverseCancellation - 0.14544 (ms)
2026-07-12 22:02:41,746 [INFO] Pass: ContainsInstruction - 0.00763 (ms)
2026-07-12 22:02:41,746 [INFO] Pass: Depth - 0.16832 (ms)
2026-07-12 22:02:41,746 [INFO] Pass: FixedPoint - 0.00763 (ms)
2026-07-12 22:02:41,746 [INFO] Pass: Size - 0.05817 (ms)
2026-07-12 22:02:41,746 [INFO] Pass: InverseCancellation - 0.16260 (ms)
2026-07-12 22:02:41,746 [INFO] Pass: FixedPoint - 0.00453 (ms)
2026-07-12 22:02:41,746 [INFO] Pass: UnitarySynthesis - 0.01001 (ms)
2026-07-12 22:02:41,747 [INFO] Pass: GatesInBasis - 0.78845 (ms)
2026-07-12 22:02:41,747 [INFO] Pass: Depth - 0.15926 (ms)
2026-07-12 22:02:41,747 [INFO] Pass: Optimize1qGatesDecomposition - 0.77105 (ms)
2026-07-12 22:02:41,747 [INFO] Pass: FixedPoint - 0.00548 (ms)
2026-07-12 22:02:41,747 [INFO] Pass: Size - 0.05627 (ms)
2026-07-12 22:02:41,747 [INFO] Pass: FixedPoint - 0.00405 (ms)
2026-07-12 22:02:41,747 [INFO] Pass: ContainsInstruction - 0.00501 (ms)
2026-07-12 22:02:41,747 [INFO] Pass: InverseCancellation - 0.14257 (ms)
2026-07-12 22:02:41,748 [INFO] Pass: HighLevelSynthesis - 1.38545 (ms)
2026-07-12 22:02:41,748 [INFO] Pass: GatesInBasis - 0.81897 (ms)
2026-07-12 22:02:41,748 [INFO] Pass: Depth - 0.15998 (ms)
2026-07-12 22:02:41,748 [INFO] Pass: FixedPoint - 0.00596 (ms)
2026-07-12 22:02:41,748 [INFO] Pass: Size - 0.05698 (ms)
2026-07-12 22:02:41,749 [INFO] Pass: FixedPoint - 0.00429 (ms)
2026-07-12 22:02:41,749 [INFO] Total Transpile Time - 63.78007 (ms)
2026-07-12 22:02:41,749 [INFO] Pass: ContainsInstruction - 0.00453 (ms)
2026-07-12 22:02:41,749 [INFO] Pass: BasisTranslator - 0.89455 (ms)
2026-07-12 22:02:41,749 [INFO] Pass: Depth - 0.16689 (ms)
2026-07-12 22:02:41,749 [INFO] Pass: FixedPoint - 0.00834 (ms)
2026-07-12 22:02:41,749 [INFO] Pass: ContainsInstruction - 0.00858 (ms)
2026-07-12 22:02:41,749 [INFO] Pass: Size - 0.05841 (ms)
2026-07-12 22:02:41,749 [INFO] Pass: FixedPoint - 0.00405 (ms)
2026-07-12 22:02:41,749 [INFO] Pass: InverseCancellation - 0.16594 (ms)
2026-07-12 22:02:41,749 [INFO] Pass: UnitarySynthesis - 0.00453 (ms)
2026-07-12 22:02:41,750 [INFO] Total Transpile Time - 63.88927 (ms)
2026-07-12 22:02:41,750 [INFO] Pass: Optimize1qGatesDecomposition - 0.77748 (ms)
2026-07-12 22:02:41,750 [INFO] Pass: InverseCancellation - 0.14353 (ms)
2026-07-12 22:02:41,751 [INFO] Pass: HighLevelSynthesis - 1.40166 (ms)
2026-07-12 22:02:41,751 [INFO] Pass: GatesInBasis - 0.81348 (ms)
2026-07-12 22:02:41,751 [INFO] Pass: Depth - 0.15664 (ms)
2026-07-12 22:02:41,751 [INFO] Pass: FixedPoint - 0.00620 (ms)
2026-07-12 22:02:41,751 [INFO] Pass: Size - 0.05722 (ms)
2026-07-12 22:02:41,751 [INFO] Pass: FixedPoint - 0.00405 (ms)
2026-07-12 22:02:41,751 [INFO] Pass: ContainsInstruction - 0.00548 (ms)
2026-07-12 22:02:41,752 [INFO] Pass: BasisTranslator - 0.89812 (ms)
2026-07-12 22:02:41,752 [INFO] Pass: Depth - 0.16856 (ms)
2026-07-12 22:02:41,752 [INFO] Pass: FixedPoint - 0.00811 (ms)
2026-07-12 22:02:41,752 [INFO] Pass: Size - 0.05794 (ms)
2026-07-12 22:02:41,752 [INFO] Pass: FixedPoint - 0.00453 (ms)
2026-07-12 22:02:41,753 [INFO] Pass: ContainsInstruction - 0.00811 (ms)
2026-07-12 22:02:41,753 [INFO] Total Transpile Time - 64.02731 (ms)
2026-07-12 22:02:41,753 [INFO] Pass: InverseCancellation - 0.16403 (ms)
2026-07-12 22:02:41,753 [INFO] Pass: UnitarySynthesis - 0.00453 (ms)
2026-07-12 22:02:41,753 [INFO] Pass: Optimize1qGatesDecomposition - 0.77033 (ms)
2026-07-12 22:02:41,753 [INFO] Pass: InverseCancellation - 0.14257 (ms)
2026-07-12 22:02:41,754 [INFO] Pass: GatesInBasis - 0.77844 (ms)
2026-07-12 22:02:41,754 [INFO] Pass: Depth - 0.15712 (ms)
2026-07-12 22:02:41,754 [INFO] Pass: FixedPoint - 0.00548 (ms)
2026-07-12 22:02:41,754 [INFO] Pass: Size - 0.05674 (ms)
2026-07-12 22:02:41,754 [INFO] Pass: FixedPoint - 0.00429 (ms)
2026-07-12 22:02:41,754 [INFO] Pass: HighLevelSynthesis - 1.43147 (ms)
2026-07-12 22:02:41,754 [INFO] Pass: ContainsInstruction - 0.00477 (ms)
2026-07-12 22:02:41,755 [INFO] Pass: BasisTranslator - 0.88429 (ms)
2026-07-12 22:02:41,755 [INFO] Pass: Depth - 0.17118 (ms)
2026-07-12 22:02:41,756 [INFO] Pass: FixedPoint - 0.00787 (ms)
2026-07-12 22:02:41,756 [INFO] Pass: Size - 0.05817 (ms)
2026-07-12 22:02:41,756 [INFO] Pass: ContainsInstruction - 0.00787 (ms)
2026-07-12 22:02:41,756 [INFO] Pass: FixedPoint - 0.00405 (ms)
2026-07-12 22:02:41,756 [INFO] Total Transpile Time - 63.89523 (ms)
2026-07-12 22:02:41,756 [INFO] Pass: InverseCancellation - 0.16546 (ms)
2026-07-12 22:02:41,756 [INFO] Pass: UnitarySynthesis - 0.00405 (ms)
2026-07-12 22:02:41,756 [INFO] Pass: Optimize1qGatesDecomposition - 0.76914 (ms)
2026-07-12 22:02:41,757 [INFO] Pass: InverseCancellation - 0.14377 (ms)
2026-07-12 22:02:41,757 [INFO] Pass: HighLevelSynthesis - 1.39904 (ms)
2026-07-12 22:02:41,757 [INFO] Pass: GatesInBasis - 0.76389 (ms)
2026-07-12 22:02:41,758 [INFO] Pass: Depth - 0.15736 (ms)
2026-07-12 22:02:41,758 [INFO] Pass: FixedPoint - 0.00620 (ms)
2026-07-12 22:02:41,758 [INFO] Pass: Size - 0.05698 (ms)
2026-07-12 22:02:41,758 [INFO] Pass: FixedPoint - 0.00429 (ms)
2026-07-12 22:02:41,758 [INFO] Pass: ContainsInstruction - 0.00477 (ms)
2026-07-12 22:02:41,758 [INFO] Pass: BasisTranslator - 0.88835 (ms)
2026-07-12 22:02:41,758 [INFO] Pass: Depth - 0.17214 (ms)
2026-07-12 22:02:41,759 [INFO] Pass: FixedPoint - 0.00763 (ms)
2026-07-12 22:02:41,759 [INFO] Pass: Size - 0.05817 (ms)
2026-07-12 22:02:41,759 [INFO] Pass: FixedPoint - 0.00429 (ms)
2026-07-12 22:02:41,759 [INFO] Pass: ContainsInstruction - 0.00811 (ms)
2026-07-12 22:02:41,759 [INFO] Total Transpile Time - 64.03661 (ms)
2026-07-12 22:02:41,759 [INFO] Pass: InverseCancellation - 0.16141 (ms)
2026-07-12 22:02:41,759 [INFO] Pass: UnitarySynthesis - 0.00429 (ms)
2026-07-12 22:02:41,759 [INFO] Pass: Optimize1qGatesDecomposition - 0.79393 (ms)
2026-07-12 22:02:41,760 [INFO] Pass: InverseCancellation - 0.14830 (ms)
2026-07-12 22:02:41,761 [INFO] Pass: GatesInBasis - 0.81682 (ms)
2026-07-12 22:02:41,761 [INFO] Pass: HighLevelSynthesis - 1.37901 (ms)
2026-07-12 22:02:41,761 [INFO] Pass: Depth - 0.15807 (ms)
2026-07-12 22:02:41,761 [INFO] Pass: FixedPoint - 0.00620 (ms)
2026-07-12 22:02:41,761 [INFO] Pass: Size - 0.05603 (ms)
2026-07-12 22:02:41,761 [INFO] Pass: FixedPoint - 0.00429 (ms)
2026-07-12 22:02:41,761 [INFO] Pass: ContainsInstruction - 0.00477 (ms)
2026-07-12 22:02:41,762 [INFO] Pass: BasisTranslator - 0.74649 (ms)
2026-07-12 22:02:41,762 [INFO] Pass: Depth - 0.16451 (ms)
2026-07-12 22:02:41,762 [INFO] Pass: FixedPoint - 0.00787 (ms)
2026-07-12 22:02:41,762 [INFO] Pass: Size - 0.05841 (ms)
2026-07-12 22:02:41,762 [INFO] Pass: FixedPoint - 0.00453 (ms)
2026-07-12 22:02:41,762 [INFO] Total Transpile Time - 63.89380 (ms)
2026-07-12 22:02:41,763 [INFO] Pass: Optimize1qGatesDecomposition - 0.76675 (ms)
2026-07-12 22:02:41,763 [INFO] Pass: InverseCancellation - 0.14257 (ms)
2026-07-12 22:02:41,764 [INFO] Pass: GatesInBasis - 0.77224 (ms)
2026-07-12 22:02:41,764 [INFO] Pass: Depth - 0.15855 (ms)
2026-07-12 22:02:41,764 [INFO] Pass: FixedPoint - 0.00525 (ms)
2026-07-12 22:02:41,764 [INFO] Pass: Size - 0.05627 (ms)
2026-07-12 22:02:41,764 [INFO] Pass: FixedPoint - 0.00405 (ms)
2026-07-12 22:02:41,764 [INFO] Pass: ContainsInstruction - 0.00477 (ms)
2026-07-12 22:02:41,765 [INFO] Total Transpile Time - 63.77292 (ms)
2026-07-12 22:02:41,776 [INFO] Pass: ContainsInstruction - 0.00811 (ms)
2026-07-12 22:02:41,776 [INFO] Pass: InverseCancellation - 0.16212 (ms)
2026-07-12 22:02:41,776 [INFO] Pass: UnitarySynthesis - 0.00477 (ms)
2026-07-12 22:02:41,776 [INFO] Pass: ContainsInstruction - 0.00715 (ms)
2026-07-12 22:02:41,777 [INFO] Pass: InverseCancellation - 0.15950 (ms)
2026-07-12 22:02:41,777 [INFO] Pass: UnitarySynthesis - 0.00405 (ms)
2026-07-12 22:02:41,778 [INFO] Pass: HighLevelSynthesis - 1.40715 (ms)
2026-07-12 22:02:41,778 [INFO] Pass: HighLevelSynthesis - 1.38783 (ms)
2026-07-12 22:02:41,778 [INFO] Pass: BasisTranslator - 0.74434 (ms)
2026-07-12 22:02:41,779 [INFO] Pass: Depth - 0.16618 (ms)
2026-07-12 22:02:41,779 [INFO] Pass: FixedPoint - 0.00763 (ms)
2026-07-12 22:02:41,779 [INFO] Pass: Size - 0.05817 (ms)
2026-07-12 22:02:41,779 [INFO] Pass: FixedPoint - 0.00453 (ms)
2026-07-12 22:02:41,779 [INFO] Pass: BasisTranslator - 0.88692 (ms)
2026-07-12 22:02:41,779 [INFO] Pass: Depth - 0.16809 (ms)
2026-07-12 22:02:41,779 [INFO] Pass: FixedPoint - 0.00668 (ms)
2026-07-12 22:02:41,779 [INFO] Pass: Size - 0.05770 (ms)
2026-07-12 22:02:41,779 [INFO] Pass: FixedPoint - 0.00453 (ms)
2026-07-12 22:02:41,780 [INFO] Pass: Optimize1qGatesDecomposition - 0.77248 (ms)
2026-07-12 22:02:41,780 [INFO] Pass: InverseCancellation - 0.14329 (ms)
2026-07-12 22:02:41,780 [INFO] Pass: Optimize1qGatesDecomposition - 0.76103 (ms)
2026-07-12 22:02:41,780 [INFO] Pass: InverseCancellation - 0.14877 (ms)
2026-07-12 22:02:41,780 [INFO] Pass: ContainsInstruction - 0.00668 (ms)
2026-07-12 22:02:41,781 [INFO] Pass: InverseCancellation - 0.15855 (ms)
2026-07-12 22:02:41,781 [INFO] Pass: UnitarySynthesis - 0.00453 (ms)
2026-07-12 22:02:41,781 [INFO] Pass: GatesInBasis - 0.81396 (ms)
2026-07-12 22:02:41,781 [INFO] Pass: Depth - 0.15807 (ms)
2026-07-12 22:02:41,781 [INFO] Pass: FixedPoint - 0.00572 (ms)
2026-07-12 22:02:41,781 [INFO] Pass: Size - 0.05555 (ms)
2026-07-12 22:02:41,781 [INFO] Pass: FixedPoint - 0.00405 (ms)
2026-07-12 22:02:41,781 [INFO] Pass: ContainsInstruction - 0.00501 (ms)
2026-07-12 22:02:41,781 [INFO] Pass: GatesInBasis - 0.80228 (ms)
2026-07-12 22:02:41,781 [INFO] Pass: Depth - 0.16165 (ms)
2026-07-12 22:02:41,781 [INFO] Pass: FixedPoint - 0.00548 (ms)
2026-07-12 22:02:41,782 [INFO] Pass: Size - 0.05674 (ms)
2026-07-12 22:02:41,782 [INFO] Pass: FixedPoint - 0.00429 (ms)
2026-07-12 22:02:41,782 [INFO] Pass: ContainsInstruction - 0.00477 (ms)
2026-07-12 22:02:41,782 [INFO] Pass: HighLevelSynthesis - 1.41907 (ms)
2026-07-12 22:02:41,782 [INFO] Total Transpile Time - 63.84563 (ms)
2026-07-12 22:02:41,783 [INFO] Total Transpile Time - 63.57813 (ms)
2026-07-12 22:02:41,783 [INFO] Pass: BasisTranslator - 0.89979 (ms)
2026-07-12 22:02:41,783 [INFO] Pass: Depth - 0.16379 (ms)
2026-07-12 22:02:41,783 [INFO] Pass: FixedPoint - 0.00739 (ms)
2026-07-12 22:02:41,783 [INFO] Pass: Size - 0.06175 (ms)
2026-07-12 22:02:41,783 [INFO] Pass: FixedPoint - 0.00405 (ms)
2026-07-12 22:02:41,784 [INFO] Pass: Optimize1qGatesDecomposition - 0.76365 (ms)
2026-07-12 22:02:41,784 [INFO] Pass: InverseCancellation - 0.14710 (ms)
2026-07-12 22:02:41,785 [INFO] Pass: GatesInBasis - 0.81158 (ms)
2026-07-12 22:02:41,785 [INFO] Pass: Depth - 0.15855 (ms)
2026-07-12 22:02:41,786 [INFO] Pass: FixedPoint - 0.00548 (ms)
2026-07-12 22:02:41,786 [INFO] Pass: Size - 0.05651 (ms)
2026-07-12 22:02:41,786 [INFO] Pass: FixedPoint - 0.00429 (ms)
2026-07-12 22:02:41,786 [INFO] Pass: ContainsInstruction - 0.00477 (ms)
2026-07-12 22:02:41,787 [INFO] Total Transpile Time - 63.34352 (ms)
2026-07-12 22:02:41,793 [INFO] Pass: ContainsInstruction - 0.00739 (ms)
2026-07-12 22:02:41,794 [INFO] Pass: InverseCancellation - 0.15998 (ms)
2026-07-12 22:02:41,794 [INFO] Pass: UnitarySynthesis - 0.00429 (ms)
2026-07-12 22:02:41,795 [INFO] Pass: HighLevelSynthesis - 1.38903 (ms)
2026-07-12 22:02:41,796 [INFO] Pass: BasisTranslator - 0.90623 (ms)
2026-07-12 22:02:41,796 [INFO] Pass: Depth - 0.17238 (ms)
2026-07-12 22:02:41,796 [INFO] Pass: FixedPoint - 0.00763 (ms)
2026-07-12 22:02:41,797 [INFO] Pass: Size - 0.05913 (ms)
2026-07-12 22:02:41,797 [INFO] Pass: FixedPoint - 0.00429 (ms)
2026-07-12 22:02:41,797 [INFO] Pass: Optimize1qGatesDecomposition - 0.77605 (ms)
2026-07-12 22:02:41,798 [INFO] Pass: InverseCancellation - 0.14162 (ms)
2026-07-12 22:02:41,798 [INFO] Pass: GatesInBasis - 0.80967 (ms)
2026-07-12 22:02:41,799 [INFO] Pass: Depth - 0.15855 (ms)
2026-07-12 22:02:41,799 [INFO] Pass: FixedPoint - 0.00596 (ms)
2026-07-12 22:02:41,799 [INFO] Pass: Size - 0.05651 (ms)
2026-07-12 22:02:41,799 [INFO] Pass: FixedPoint - 0.00429 (ms)
2026-07-12 22:02:41,799 [INFO] Pass: ContainsInstruction - 0.00477 (ms)
2026-07-12 22:02:41,800 [INFO] Total Transpile Time - 63.92765 (ms)
2026-07-12 22:02:41,800 [INFO] Pass: ContainsInstruction - 0.00882 (ms)
2026-07-12 22:02:41,801 [INFO] Pass: InverseCancellation - 0.16069 (ms)
2026-07-12 22:02:41,801 [INFO] Pass: UnitarySynthesis - 0.00405 (ms)
2026-07-12 22:02:41,802 [INFO] Pass: ContainsInstruction - 0.00739 (ms)
2026-07-12 22:02:41,802 [INFO] Pass: HighLevelSynthesis - 1.44506 (ms)
2026-07-12 22:02:41,802 [INFO] Pass: InverseCancellation - 0.16761 (ms)
2026-07-12 22:02:41,802 [INFO] Pass: UnitarySynthesis - 0.00477 (ms)
2026-07-12 22:02:41,803 [INFO] Pass: ContainsInstruction - 0.00715 (ms)
2026-07-12 22:02:41,803 [INFO] Pass: BasisTranslator - 0.77319 (ms)
2026-07-12 22:02:41,803 [INFO] Pass: InverseCancellation - 0.16117 (ms)
2026-07-12 22:02:41,803 [INFO] Pass: UnitarySynthesis - 0.00453 (ms)
2026-07-12 22:02:41,803 [INFO] Pass: Depth - 0.16832 (ms)
2026-07-12 22:02:41,803 [INFO] Pass: FixedPoint - 0.00668 (ms)
2026-07-12 22:02:41,803 [INFO] Pass: Size - 0.05865 (ms)
2026-07-12 22:02:41,803 [INFO] Pass: FixedPoint - 0.00453 (ms)
2026-07-12 22:02:41,804 [INFO] Pass: HighLevelSynthesis - 1.43886 (ms)
2026-07-12 22:02:41,804 [INFO] Pass: Optimize1qGatesDecomposition - 0.83351 (ms)
2026-07-12 22:02:41,804 [INFO] Pass: InverseCancellation - 0.00834 (ms)
2026-07-12 22:02:41,805 [INFO] Pass: HighLevelSynthesis - 1.43886 (ms)
2026-07-12 22:02:41,805 [INFO] Pass: BasisTranslator - 0.91767 (ms)
2026-07-12 22:02:41,805 [INFO] Pass: Depth - 0.17333 (ms)
2026-07-12 22:02:41,805 [INFO] Pass: FixedPoint - 0.00858 (ms)
2026-07-12 22:02:41,805 [INFO] Pass: GatesInBasis - 0.76079 (ms)
2026-07-12 22:02:41,805 [INFO] Pass: Size - 0.06008 (ms)
2026-07-12 22:02:41,805 [INFO] Pass: FixedPoint - 0.00787 (ms)
2026-07-12 22:02:41,805 [INFO] Pass: Depth - 0.16093 (ms)
2026-07-12 22:02:41,805 [INFO] Pass: FixedPoint - 0.00548 (ms)
2026-07-12 22:02:41,805 [INFO] Pass: ContainsInstruction - 0.00763 (ms)
2026-07-12 22:02:41,806 [INFO] Pass: Size - 0.05627 (ms)
2026-07-12 22:02:41,806 [INFO] Pass: BasisTranslator - 0.76389 (ms)
2026-07-12 22:02:41,806 [INFO] Pass: FixedPoint - 0.00429 (ms)
2026-07-12 22:02:41,806 [INFO] Pass: InverseCancellation - 0.16022 (ms)
2026-07-12 22:02:41,806 [INFO] Pass: UnitarySynthesis - 0.00453 (ms)
2026-07-12 22:02:41,806 [INFO] Pass: Depth - 0.16737 (ms)
2026-07-12 22:02:41,806 [INFO] Pass: FixedPoint - 0.00691 (ms)
2026-07-12 22:02:41,806 [INFO] Pass: Size - 0.05960 (ms)
2026-07-12 22:02:41,806 [INFO] Pass: FixedPoint - 0.00429 (ms)
2026-07-12 22:02:41,806 [INFO] Pass: Optimize1qGatesDecomposition - 0.84472 (ms)
2026-07-12 22:02:41,806 [INFO] Pass: InverseCancellation - 0.00882 (ms)
2026-07-12 22:02:41,806 [INFO] Pass: Optimize1qGatesDecomposition - 0.67616 (ms)
2026-07-12 22:02:41,806 [INFO] Pass: InverseCancellation - 0.00668 (ms)
2026-07-12 22:02:41,807 [INFO] Pass: ContainsInstruction - 0.00763 (ms)
2026-07-12 22:02:41,807 [INFO] Pass: Optimize1qGatesDecomposition - 0.85855 (ms)
2026-07-12 22:02:41,807 [INFO] Pass: InverseCancellation - 0.00834 (ms)
2026-07-12 22:02:41,807 [INFO] Pass: InverseCancellation - 0.16093 (ms)
2026-07-12 22:02:41,807 [INFO] Pass: GatesInBasis - 0.74244 (ms)
2026-07-12 22:02:41,807 [INFO] Pass: UnitarySynthesis - 0.00453 (ms)
2026-07-12 22:02:41,807 [INFO] Pass: GatesInBasis - 0.82397 (ms)
2026-07-12 22:02:41,807 [INFO] Pass: HighLevelSynthesis - 1.44553 (ms)
2026-07-12 22:02:41,807 [INFO] Pass: Depth - 0.15998 (ms)
2026-07-12 22:02:41,807 [INFO] Pass: FixedPoint - 0.00548 (ms)
2026-07-12 22:02:41,807 [INFO] Pass: Size - 0.05698 (ms)
2026-07-12 22:02:41,807 [INFO] Pass: Depth - 0.16165 (ms)
2026-07-12 22:02:41,807 [INFO] Pass: FixedPoint - 0.00429 (ms)
2026-07-12 22:02:41,807 [INFO] Pass: FixedPoint - 0.00572 (ms)
2026-07-12 22:02:41,808 [INFO] Pass: Size - 0.05651 (ms)
2026-07-12 22:02:41,808 [INFO] Pass: FixedPoint - 0.00429 (ms)
2026-07-12 22:02:41,808 [INFO] Pass: ContainsInstruction - 0.00548 (ms)
2026-07-12 22:02:41,808 [INFO] Pass: GatesInBasis - 0.76032 (ms)
2026-07-12 22:02:41,808 [INFO] Pass: Depth - 0.15759 (ms)
2026-07-12 22:02:41,808 [INFO] Pass: FixedPoint - 0.00572 (ms)
2026-07-12 22:02:41,808 [INFO] Pass: Size - 0.05651 (ms)
2026-07-12 22:02:41,808 [INFO] Pass: FixedPoint - 0.00429 (ms)
2026-07-12 22:02:41,808 [INFO] Pass: Optimize1qGatesDecomposition - 0.68116 (ms)
2026-07-12 22:02:41,808 [INFO] Pass: BasisTranslator - 0.92340 (ms)
2026-07-12 22:02:41,808 [INFO] Pass: InverseCancellation - 0.00691 (ms)
2026-07-12 22:02:41,808 [INFO] Pass: Depth - 0.18573 (ms)
2026-07-12 22:02:41,808 [INFO] Pass: FixedPoint - 0.00763 (ms)
2026-07-12 22:02:41,809 [INFO] Pass: HighLevelSynthesis - 1.42622 (ms)
2026-07-12 22:02:41,809 [INFO] Pass: Size - 0.06008 (ms)
2026-07-12 22:02:41,809 [INFO] Pass: FixedPoint - 0.00429 (ms)
2026-07-12 22:02:41,809 [INFO] Pass: Optimize1qGatesDecomposition - 0.68426 (ms)
2026-07-12 22:02:41,809 [INFO] Pass: InverseCancellation - 0.00739 (ms)
2026-07-12 22:02:41,809 [INFO] Total Transpile Time - 65.01698 (ms)
2026-07-12 22:02:41,809 [INFO] Pass: GatesInBasis - 0.74625 (ms)
2026-07-12 22:02:41,809 [INFO] Pass: Depth - 0.15378 (ms)
2026-07-12 22:02:41,809 [INFO] Pass: FixedPoint - 0.00453 (ms)
2026-07-12 22:02:41,809 [INFO] Pass: Size - 0.05627 (ms)
2026-07-12 22:02:41,809 [INFO] Pass: FixedPoint - 0.00405 (ms)
2026-07-12 22:02:41,809 [INFO] Pass: ContainsInstruction - 0.00501 (ms)
2026-07-12 22:02:41,809 [INFO] Pass: Optimize1qGatesDecomposition - 0.83899 (ms)
2026-07-12 22:02:41,810 [INFO] Pass: BasisTranslator - 0.94104 (ms)
2026-07-12 22:02:41,810 [INFO] Pass: InverseCancellation - 0.00834 (ms)
2026-07-12 22:02:41,810 [INFO] Pass: GatesInBasis - 0.84448 (ms)
2026-07-12 22:02:41,810 [INFO] Pass: Depth - 0.17190 (ms)
2026-07-12 22:02:41,810 [INFO] Pass: ContainsInstruction - 0.00811 (ms)
2026-07-12 22:02:41,810 [INFO] Pass: FixedPoint - 0.00763 (ms)
2026-07-12 22:02:41,810 [INFO] Pass: Size - 0.05960 (ms)
2026-07-12 22:02:41,810 [INFO] Pass: FixedPoint - 0.00405 (ms)
2026-07-12 22:02:41,810 [INFO] Pass: Depth - 0.15879 (ms)
2026-07-12 22:02:41,810 [INFO] Pass: InverseCancellation - 0.16451 (ms)
2026-07-12 22:02:41,810 [INFO] Pass: FixedPoint - 0.00548 (ms)
2026-07-12 22:02:41,810 [INFO] Pass: UnitarySynthesis - 0.00453 (ms)
2026-07-12 22:02:41,810 [INFO] Pass: Size - 0.05651 (ms)
2026-07-12 22:02:41,810 [INFO] Pass: FixedPoint - 0.00405 (ms)
2026-07-12 22:02:41,810 [INFO] Pass: ContainsInstruction - 0.00548 (ms)
2026-07-12 22:02:41,810 [INFO] Pass: GatesInBasis - 0.75340 (ms)
2026-07-12 22:02:41,811 [INFO] Pass: Depth - 0.15926 (ms)
2026-07-12 22:02:41,811 [INFO] Pass: FixedPoint - 0.00596 (ms)
2026-07-12 22:02:41,811 [INFO] Pass: Size - 0.05698 (ms)
2026-07-12 22:02:41,811 [INFO] Total Transpile Time - 66.14852 (ms)
2026-07-12 22:02:41,811 [INFO] Pass: FixedPoint - 0.00429 (ms)
2026-07-12 22:02:41,811 [INFO] Pass: Optimize1qGatesDecomposition - 0.84472 (ms)
2026-07-12 22:02:41,811 [INFO] Pass: InverseCancellation - 0.00834 (ms)
2026-07-12 22:02:41,811 [INFO] Pass: Optimize1qGatesDecomposition - 0.68426 (ms)
2026-07-12 22:02:41,811 [INFO] Total Transpile Time - 65.45472 (ms)
2026-07-12 22:02:41,811 [INFO] Pass: InverseCancellation - 0.00715 (ms)
2026-07-12 22:02:41,811 [INFO] Pass: HighLevelSynthesis - 1.42860 (ms)
2026-07-12 22:02:41,812 [INFO] Pass: GatesInBasis - 0.79370 (ms)
2026-07-12 22:02:41,812 [INFO] Pass: Depth - 0.15879 (ms)
2026-07-12 22:02:41,812 [INFO] Pass: FixedPoint - 0.00572 (ms)
2026-07-12 22:02:41,812 [INFO] Pass: Size - 0.05627 (ms)
2026-07-12 22:02:41,812 [INFO] Pass: FixedPoint - 0.00405 (ms)
2026-07-12 22:02:41,812 [INFO] Pass: GatesInBasis - 0.73218 (ms)
2026-07-12 22:02:41,812 [INFO] Pass: ContainsInstruction - 0.00787 (ms)
2026-07-12 22:02:41,812 [INFO] Pass: Depth - 0.15831 (ms)
2026-07-12 22:02:41,812 [INFO] Pass: BasisTranslator - 0.92888 (ms)
2026-07-12 22:02:41,813 [INFO] Pass: FixedPoint - 0.00501 (ms)
2026-07-12 22:02:41,813 [INFO] Pass: Size - 0.05627 (ms)
2026-07-12 22:02:41,813 [INFO] Pass: FixedPoint - 0.00405 (ms)
2026-07-12 22:02:41,813 [INFO] Pass: InverseCancellation - 0.16189 (ms)
2026-07-12 22:02:41,813 [INFO] Pass: ContainsInstruction - 0.00525 (ms)
2026-07-12 22:02:41,813 [INFO] Pass: UnitarySynthesis - 0.00429 (ms)
2026-07-12 22:02:41,813 [INFO] Pass: Depth - 0.17476 (ms)
2026-07-12 22:02:41,813 [INFO] Pass: FixedPoint - 0.00787 (ms)
2026-07-12 22:02:41,813 [INFO] Pass: Optimize1qGatesDecomposition - 0.68498 (ms)
2026-07-12 22:02:41,813 [INFO] Pass: InverseCancellation - 0.00691 (ms)
2026-07-12 22:02:41,813 [INFO] Pass: Size - 0.06056 (ms)
2026-07-12 22:02:41,813 [INFO] Pass: FixedPoint - 0.00405 (ms)
2026-07-12 22:02:41,814 [INFO] Pass: GatesInBasis - 0.76413 (ms)
2026-07-12 22:02:41,814 [INFO] Pass: Optimize1qGatesDecomposition - 0.84877 (ms)
2026-07-12 22:02:41,814 [INFO] Pass: InverseCancellation - 0.00834 (ms)
2026-07-12 22:02:41,814 [INFO] Pass: Depth - 0.15354 (ms)
2026-07-12 22:02:41,814 [INFO] Pass: FixedPoint - 0.00477 (ms)
2026-07-12 22:02:41,814 [INFO] Pass: Size - 0.05603 (ms)
2026-07-12 22:02:41,814 [INFO] Total Transpile Time - 65.32741 (ms)
2026-07-12 22:02:41,814 [INFO] Pass: FixedPoint - 0.00429 (ms)
2026-07-12 22:02:41,814 [INFO] Pass: ContainsInstruction - 0.00501 (ms)
2026-07-12 22:02:41,814 [INFO] Pass: HighLevelSynthesis - 1.43981 (ms)
2026-07-12 22:02:41,815 [INFO] Pass: GatesInBasis - 0.79250 (ms)
2026-07-12 22:02:41,815 [INFO] Pass: Depth - 0.15831 (ms)
2026-07-12 22:02:41,815 [INFO] Pass: FixedPoint - 0.00548 (ms)
2026-07-12 22:02:41,815 [INFO] Pass: Size - 0.05674 (ms)
2026-07-12 22:02:41,815 [INFO] Pass: FixedPoint - 0.00429 (ms)
2026-07-12 22:02:41,815 [INFO] Pass: BasisTranslator - 0.93746 (ms)
2026-07-12 22:02:41,815 [INFO] Total Transpile Time - 65.39726 (ms)
2026-07-12 22:02:41,815 [INFO] Pass: Depth - 0.17619 (ms)
2026-07-12 22:02:41,815 [INFO] Pass: FixedPoint - 0.00715 (ms)
2026-07-12 22:02:41,816 [INFO] Pass: Size - 0.05937 (ms)
2026-07-12 22:02:41,816 [INFO] Pass: FixedPoint - 0.00429 (ms)
2026-07-12 22:02:41,816 [INFO] Pass: Optimize1qGatesDecomposition - 0.68974 (ms)
2026-07-12 22:02:41,816 [INFO] Pass: InverseCancellation - 0.00668 (ms)
2026-07-12 22:02:41,816 [INFO] Pass: ContainsInstruction - 0.00763 (ms)
2026-07-12 22:02:41,816 [INFO] Pass: InverseCancellation - 0.16499 (ms)
2026-07-12 22:02:41,816 [INFO] Pass: UnitarySynthesis - 0.00429 (ms)
2026-07-12 22:02:41,816 [INFO] Pass: Optimize1qGatesDecomposition - 0.84305 (ms)
2026-07-12 22:02:41,816 [INFO] Pass: InverseCancellation - 0.00834 (ms)
2026-07-12 22:02:41,817 [INFO] Pass: GatesInBasis - 0.77415 (ms)
2026-07-12 22:02:41,817 [INFO] Pass: Depth - 0.15306 (ms)
2026-07-12 22:02:41,817 [INFO] Pass: FixedPoint - 0.00501 (ms)
2026-07-12 22:02:41,817 [INFO] Pass: Size - 0.05603 (ms)
2026-07-12 22:02:41,817 [INFO] Pass: FixedPoint - 0.00453 (ms)
2026-07-12 22:02:41,817 [INFO] Pass: ContainsInstruction - 0.00525 (ms)
2026-07-12 22:02:41,817 [INFO] Pass: GatesInBasis - 0.73338 (ms)
2026-07-12 22:02:41,817 [INFO] Pass: Depth - 0.16165 (ms)
2026-07-12 22:02:41,818 [INFO] Pass: FixedPoint - 0.00525 (ms)
2026-07-12 22:02:41,818 [INFO] Pass: Size - 0.05627 (ms)
2026-07-12 22:02:41,818 [INFO] Pass: FixedPoint - 0.00429 (ms)
2026-07-12 22:02:41,818 [INFO] Pass: HighLevelSynthesis - 1.46937 (ms)
2026-07-12 22:02:41,818 [INFO] Total Transpile Time - 65.58156 (ms)
2026-07-12 22:02:41,818 [INFO] Pass: Optimize1qGatesDecomposition - 0.68331 (ms)
2026-07-12 22:02:41,818 [INFO] Pass: InverseCancellation - 0.00691 (ms)
2026-07-12 22:02:41,819 [INFO] Pass: BasisTranslator - 0.92745 (ms)
2026-07-12 22:02:41,819 [INFO] Pass: Depth - 0.17262 (ms)
2026-07-12 22:02:41,819 [INFO] Pass: FixedPoint - 0.00834 (ms)
2026-07-12 22:02:41,819 [INFO] Pass: Size - 0.06008 (ms)
2026-07-12 22:02:41,819 [INFO] Pass: FixedPoint - 0.00429 (ms)
2026-07-12 22:02:41,819 [INFO] Pass: ContainsInstruction - 0.00787 (ms)
2026-07-12 22:02:41,819 [INFO] Pass: GatesInBasis - 0.77271 (ms)
2026-07-12 22:02:41,819 [INFO] Pass: InverseCancellation - 0.16522 (ms)
2026-07-12 22:02:41,819 [INFO] Pass: UnitarySynthesis - 0.00429 (ms)
2026-07-12 22:02:41,819 [INFO] Pass: Depth - 0.15879 (ms)
2026-07-12 22:02:41,819 [INFO] Pass: FixedPoint - 0.00477 (ms)
2026-07-12 22:02:41,820 [INFO] Pass: Size - 0.05651 (ms)
2026-07-12 22:02:41,820 [INFO] Pass: FixedPoint - 0.00405 (ms)
2026-07-12 22:02:41,820 [INFO] Pass: ContainsInstruction - 0.00501 (ms)
2026-07-12 22:02:41,820 [INFO] Pass: Optimize1qGatesDecomposition - 0.84496 (ms)
2026-07-12 22:02:41,820 [INFO] Pass: InverseCancellation - 0.00906 (ms)
2026-07-12 22:02:41,821 [INFO] Pass: GatesInBasis - 0.77987 (ms)
2026-07-12 22:02:41,821 [INFO] Pass: HighLevelSynthesis - 1.46890 (ms)
2026-07-12 22:02:41,821 [INFO] Total Transpile Time - 65.23442 (ms)
2026-07-12 22:02:41,821 [INFO] Pass: Depth - 0.16069 (ms)
2026-07-12 22:02:41,821 [INFO] Pass: FixedPoint - 0.00548 (ms)
2026-07-12 22:02:41,821 [INFO] Pass: Size - 0.05603 (ms)
2026-07-12 22:02:41,821 [INFO] Pass: FixedPoint - 0.00405 (ms)
2026-07-12 22:02:41,822 [INFO] Pass: BasisTranslator - 0.93126 (ms)
2026-07-12 22:02:41,822 [INFO] Pass: Optimize1qGatesDecomposition - 0.68188 (ms)
2026-07-12 22:02:41,822 [INFO] Pass: InverseCancellation - 0.00715 (ms)
2026-07-12 22:02:41,822 [INFO] Pass: Depth - 0.17142 (ms)
2026-07-12 22:02:41,822 [INFO] Pass: FixedPoint - 0.00763 (ms)
2026-07-12 22:02:41,822 [INFO] Pass: Size - 0.06032 (ms)
2026-07-12 22:02:41,822 [INFO] Pass: FixedPoint - 0.00405 (ms)
2026-07-12 22:02:41,822 [INFO] Pass: ContainsInstruction - 0.00739 (ms)
2026-07-12 22:02:41,823 [INFO] Pass: InverseCancellation - 0.16475 (ms)
2026-07-12 22:02:41,823 [INFO] Pass: UnitarySynthesis - 0.00429 (ms)
2026-07-12 22:02:41,823 [INFO] Pass: GatesInBasis - 0.78297 (ms)
2026-07-12 22:02:41,823 [INFO] Pass: Depth - 0.15426 (ms)
2026-07-12 22:02:41,823 [INFO] Pass: FixedPoint - 0.00453 (ms)
2026-07-12 22:02:41,823 [INFO] Pass: Size - 0.05555 (ms)
2026-07-12 22:02:41,823 [INFO] Pass: FixedPoint - 0.00405 (ms)
2026-07-12 22:02:41,823 [INFO] Pass: Optimize1qGatesDecomposition - 0.84543 (ms)
2026-07-12 22:02:41,823 [INFO] Pass: ContainsInstruction - 0.00525 (ms)
2026-07-12 22:02:41,823 [INFO] Pass: InverseCancellation - 0.00930 (ms)
2026-07-12 22:02:41,824 [INFO] Pass: GatesInBasis - 0.78321 (ms)
2026-07-12 22:02:41,824 [INFO] Pass: HighLevelSynthesis - 1.43194 (ms)
2026-07-12 22:02:41,824 [INFO] Pass: Depth - 0.16117 (ms)
2026-07-12 22:02:41,824 [INFO] Pass: FixedPoint - 0.00596 (ms)
2026-07-12 22:02:41,824 [INFO] Pass: Size - 0.05698 (ms)
2026-07-12 22:02:41,824 [INFO] Pass: FixedPoint - 0.00429 (ms)
2026-07-12 22:02:41,825 [INFO] Total Transpile Time - 65.29903 (ms)
2026-07-12 22:02:41,825 [INFO] Pass: BasisTranslator - 0.77391 (ms)
2026-07-12 22:02:41,825 [INFO] Pass: Depth - 0.17190 (ms)
2026-07-12 22:02:41,825 [INFO] Pass: Optimize1qGatesDecomposition - 0.67997 (ms)
2026-07-12 22:02:41,825 [INFO] Pass: FixedPoint - 0.00763 (ms)
2026-07-12 22:02:41,825 [INFO] Pass: InverseCancellation - 0.00715 (ms)
2026-07-12 22:02:41,825 [INFO] Pass: Size - 0.06056 (ms)
2026-07-12 22:02:41,825 [INFO] Pass: FixedPoint - 0.00429 (ms)
2026-07-12 22:02:41,826 [INFO] Pass: GatesInBasis - 0.77868 (ms)
2026-07-12 22:02:41,826 [INFO] Pass: Optimize1qGatesDecomposition - 0.84305 (ms)
2026-07-12 22:02:41,826 [INFO] Pass: Depth - 0.15521 (ms)
2026-07-12 22:02:41,826 [INFO] Pass: InverseCancellation - 0.00787 (ms)
2026-07-12 22:02:41,826 [INFO] Pass: FixedPoint - 0.00572 (ms)
2026-07-12 22:02:41,826 [INFO] Pass: Size - 0.06080 (ms)
2026-07-12 22:02:41,826 [INFO] Pass: FixedPoint - 0.00381 (ms)
2026-07-12 22:02:41,826 [INFO] Pass: ContainsInstruction - 0.00525 (ms)
2026-07-12 22:02:41,827 [INFO] Pass: GatesInBasis - 0.74410 (ms)
2026-07-12 22:02:41,827 [INFO] Pass: Depth - 0.16022 (ms)
2026-07-12 22:02:41,827 [INFO] Pass: FixedPoint - 0.00572 (ms)
2026-07-12 22:02:41,827 [INFO] Pass: Size - 0.05651 (ms)
2026-07-12 22:02:41,827 [INFO] Pass: FixedPoint - 0.00477 (ms)
2026-07-12 22:02:41,828 [INFO] Total Transpile Time - 65.43636 (ms)
2026-07-12 22:02:41,828 [INFO] Pass: Optimize1qGatesDecomposition - 0.68545 (ms)
2026-07-12 22:02:41,828 [INFO] Pass: InverseCancellation - 0.00715 (ms)
2026-07-12 22:02:41,829 [INFO] Pass: GatesInBasis - 0.84400 (ms)
2026-07-12 22:02:41,829 [INFO] Pass: Depth - 0.15569 (ms)
2026-07-12 22:02:41,829 [INFO] Pass: FixedPoint - 0.00525 (ms)
2026-07-12 22:02:41,829 [INFO] Pass: Size - 0.05579 (ms)
2026-07-12 22:02:41,829 [INFO] Pass: FixedPoint - 0.00477 (ms)
2026-07-12 22:02:41,829 [INFO] Pass: ContainsInstruction - 0.00501 (ms)
2026-07-12 22:02:41,831 [INFO] Total Transpile Time - 65.32311 (ms)
2026-07-12 22:02:41,840 [INFO] Pass: ContainsInstruction - 0.00834 (ms)
2026-07-12 22:02:41,840 [INFO] Pass: InverseCancellation - 0.16427 (ms)
2026-07-12 22:02:41,840 [INFO] Pass: UnitarySynthesis - 0.00477 (ms)
2026-07-12 22:02:41,840 [INFO] Pass: ContainsInstruction - 0.00739 (ms)
2026-07-12 22:02:41,840 [INFO] Pass: InverseCancellation - 0.17214 (ms)
2026-07-12 22:02:41,840 [INFO] Pass: UnitarySynthesis - 0.00453 (ms)
2026-07-12 22:02:41,841 [INFO] Pass: HighLevelSynthesis - 1.46151 (ms)
2026-07-12 22:02:41,842 [INFO] Pass: HighLevelSynthesis - 1.46532 (ms)
2026-07-12 22:02:41,842 [INFO] Pass: BasisTranslator - 0.76914 (ms)
2026-07-12 22:02:41,842 [INFO] Pass: Depth - 0.17810 (ms)
2026-07-12 22:02:41,842 [INFO] Pass: FixedPoint - 0.00763 (ms)
2026-07-12 22:02:41,843 [INFO] Pass: Size - 0.06032 (ms)
2026-07-12 22:02:41,843 [INFO] Pass: FixedPoint - 0.00429 (ms)
2026-07-12 22:02:41,843 [INFO] Pass: BasisTranslator - 0.75865 (ms)
2026-07-12 22:02:41,843 [INFO] Pass: Depth - 0.17333 (ms)
2026-07-12 22:02:41,843 [INFO] Pass: FixedPoint - 0.00691 (ms)
2026-07-12 22:02:41,843 [INFO] Pass: Size - 0.05984 (ms)
2026-07-12 22:02:41,843 [INFO] Pass: FixedPoint - 0.00429 (ms)
2026-07-12 22:02:41,843 [INFO] Pass: Optimize1qGatesDecomposition - 0.84662 (ms)
2026-07-12 22:02:41,844 [INFO] Pass: InverseCancellation - 0.00906 (ms)
2026-07-12 22:02:41,844 [INFO] Pass: ContainsInstruction - 0.00691 (ms)
2026-07-12 22:02:41,844 [INFO] Pass: Optimize1qGatesDecomposition - 0.89526 (ms)
2026-07-12 22:02:41,844 [INFO] Pass: InverseCancellation - 0.00787 (ms)
2026-07-12 22:02:41,844 [INFO] Pass: InverseCancellation - 0.16499 (ms)
2026-07-12 22:02:41,844 [INFO] Pass: UnitarySynthesis - 0.00429 (ms)
2026-07-12 22:02:41,844 [INFO] Pass: GatesInBasis - 0.78487 (ms)
2026-07-12 22:02:41,845 [INFO] Pass: Depth - 0.15950 (ms)
2026-07-12 22:02:41,845 [INFO] Pass: FixedPoint - 0.00548 (ms)
2026-07-12 22:02:41,845 [INFO] Pass: Size - 0.05651 (ms)
2026-07-12 22:02:41,845 [INFO] Pass: FixedPoint - 0.00405 (ms)
2026-07-12 22:02:41,845 [INFO] Pass: GatesInBasis - 0.74387 (ms)
2026-07-12 22:02:41,845 [INFO] Pass: Depth - 0.16141 (ms)
2026-07-12 22:02:41,845 [INFO] Pass: FixedPoint - 0.00548 (ms)
2026-07-12 22:02:41,845 [INFO] Pass: Size - 0.05651 (ms)
2026-07-12 22:02:41,845 [INFO] Pass: FixedPoint - 0.00429 (ms)
2026-07-12 22:02:41,845 [INFO] Pass: Optimize1qGatesDecomposition - 0.68307 (ms)
2026-07-12 22:02:41,845 [INFO] Pass: InverseCancellation - 0.00691 (ms)
2026-07-12 22:02:41,846 [INFO] Pass: HighLevelSynthesis - 1.45745 (ms)
2026-07-12 22:02:41,846 [INFO] Pass: Optimize1qGatesDecomposition - 0.70071 (ms)
2026-07-12 22:02:41,846 [INFO] Pass: InverseCancellation - 0.00691 (ms)
2026-07-12 22:02:41,846 [INFO] Pass: GatesInBasis - 0.84281 (ms)
2026-07-12 22:02:41,847 [INFO] Pass: Depth - 0.15879 (ms)
2026-07-12 22:02:41,847 [INFO] Pass: FixedPoint - 0.00548 (ms)
2026-07-12 22:02:41,847 [INFO] Pass: Size - 0.05579 (ms)
2026-07-12 22:02:41,847 [INFO] Pass: FixedPoint - 0.00429 (ms)
2026-07-12 22:02:41,847 [INFO] Pass: ContainsInstruction - 0.00572 (ms)
2026-07-12 22:02:41,847 [INFO] Pass: BasisTranslator - 0.93842 (ms)
2026-07-12 22:02:41,847 [INFO] Pass: GatesInBasis - 0.84233 (ms)
2026-07-12 22:02:41,847 [INFO] Pass: Depth - 0.17858 (ms)
2026-07-12 22:02:41,847 [INFO] Pass: FixedPoint - 0.00715 (ms)
2026-07-12 22:02:41,847 [INFO] Pass: Size - 0.05960 (ms)
2026-07-12 22:02:41,847 [INFO] Pass: Depth - 0.15736 (ms)
2026-07-12 22:02:41,847 [INFO] Pass: FixedPoint - 0.00477 (ms)
2026-07-12 22:02:41,847 [INFO] Pass: FixedPoint - 0.00572 (ms)
2026-07-12 22:02:41,847 [INFO] Pass: Size - 0.05698 (ms)
2026-07-12 22:02:41,847 [INFO] Pass: FixedPoint - 0.00453 (ms)
2026-07-12 22:02:41,847 [INFO] Pass: ContainsInstruction - 0.00548 (ms)
2026-07-12 22:02:41,848 [INFO] Pass: Optimize1qGatesDecomposition - 0.85759 (ms)
2026-07-12 22:02:41,848 [INFO] Total Transpile Time - 65.68813 (ms)
2026-07-12 22:02:41,848 [INFO] Pass: InverseCancellation - 0.00858 (ms)
2026-07-12 22:02:41,849 [INFO] Total Transpile Time - 65.80043 (ms)
2026-07-12 22:02:41,849 [INFO] Pass: GatesInBasis - 0.81468 (ms)
2026-07-12 22:02:41,849 [INFO] Pass: Depth - 0.16475 (ms)
2026-07-12 22:02:41,849 [INFO] Pass: FixedPoint - 0.00572 (ms)
2026-07-12 22:02:41,849 [INFO] Pass: Size - 0.06032 (ms)
2026-07-12 22:02:41,849 [INFO] Pass: FixedPoint - 0.00405 (ms)
2026-07-12 22:02:41,850 [INFO] Pass: Optimize1qGatesDecomposition - 0.69475 (ms)
2026-07-12 22:02:41,850 [INFO] Pass: InverseCancellation - 0.00691 (ms)
2026-07-12 22:02:41,851 [INFO] Pass: GatesInBasis - 0.77224 (ms)
2026-07-12 22:02:41,851 [INFO] Pass: Depth - 0.16069 (ms)
2026-07-12 22:02:41,851 [INFO] Pass: FixedPoint - 0.00477 (ms)
2026-07-12 22:02:41,851 [INFO] Pass: Size - 0.05651 (ms)
2026-07-12 22:02:41,851 [INFO] Pass: FixedPoint - 0.00453 (ms)
2026-07-12 22:02:41,851 [INFO] Pass: ContainsInstruction - 0.00525 (ms)
2026-07-12 22:02:41,853 [INFO] Total Transpile Time - 65.71889 (ms)
2026-07-12 22:02:41,857 [INFO] Pass: ContainsInstruction - 0.01025 (ms)
2026-07-12 22:02:41,857 [INFO] Pass: InverseCancellation - 0.17071 (ms)
2026-07-12 22:02:41,858 [INFO] Pass: UnitarySynthesis - 0.00572 (ms)
2026-07-12 22:02:41,859 [INFO] Pass: HighLevelSynthesis - 1.45626 (ms)
2026-07-12 22:02:41,860 [INFO] Pass: BasisTranslator - 0.77677 (ms)
2026-07-12 22:02:41,860 [INFO] Pass: Depth - 0.17953 (ms)
2026-07-12 22:02:41,860 [INFO] Pass: FixedPoint - 0.00787 (ms)
2026-07-12 22:02:41,860 [INFO] Pass: Size - 0.05984 (ms)
2026-07-12 22:02:41,860 [INFO] Pass: FixedPoint - 0.00429 (ms)
2026-07-12 22:02:41,861 [INFO] Pass: Optimize1qGatesDecomposition - 0.85664 (ms)
2026-07-12 22:02:41,861 [INFO] Pass: InverseCancellation - 0.00930 (ms)
2026-07-12 22:02:41,862 [INFO] Pass: GatesInBasis - 0.75912 (ms)
2026-07-12 22:02:41,862 [INFO] Pass: Depth - 0.16022 (ms)
2026-07-12 22:02:41,862 [INFO] Pass: FixedPoint - 0.00596 (ms)
2026-07-12 22:02:41,862 [INFO] Pass: Size - 0.06032 (ms)
2026-07-12 22:02:41,862 [INFO] Pass: FixedPoint - 0.00429 (ms)
2026-07-12 22:02:41,863 [INFO] Pass: Optimize1qGatesDecomposition - 0.67520 (ms)
2026-07-12 22:02:41,863 [INFO] Pass: InverseCancellation - 0.00763 (ms)
2026-07-12 22:02:41,864 [INFO] Pass: GatesInBasis - 0.80442 (ms)
2026-07-12 22:02:41,864 [INFO] Pass: Depth - 0.15378 (ms)
2026-07-12 22:02:41,864 [INFO] Pass: FixedPoint - 0.00501 (ms)
2026-07-12 22:02:41,864 [INFO] Pass: Size - 0.06032 (ms)
2026-07-12 22:02:41,864 [INFO] Pass: FixedPoint - 0.00453 (ms)
2026-07-12 22:02:41,864 [INFO] Pass: ContainsInstruction - 0.00620 (ms)
2026-07-12 22:02:41,866 [INFO] Total Transpile Time - 65.56177 (ms)
2026-07-12 22:02:42,356 [INFO] [PCE] Aer metadata (1a ejecucion de este proceso): device=CPU method=statevector shots=8192 fusion_enabled=True
2026-07-12 22:02:42,363 [INFO] [PCE] Aer metadata (1a ejecucion de este proceso): device=CPU method=statevector shots=8192 fusion_enabled=True
2026-07-12 22:02:42,410 [INFO] [PCE] Aer metadata (1a ejecucion de este proceso): device=CPU method=statevector shots=8192 fusion_enabled=True
2026-07-12 22:02:42,413 [INFO] [PCE] Aer metadata (1a ejecucion de este proceso): device=CPU method=statevector shots=8192 fusion_enabled=True
2026-07-12 22:02:42,417 [INFO] [PCE] Aer metadata (1a ejecucion de este proceso): device=CPU method=statevector shots=8192 fusion_enabled=True
2026-07-12 22:02:42,435 [INFO] [PCE] Aer metadata (1a ejecucion de este proceso): device=CPU method=statevector shots=8192 fusion_enabled=True
2026-07-12 22:02:42,441 [INFO] [PCE] Aer metadata (1a ejecucion de este proceso): device=CPU method=statevector shots=8192 fusion_enabled=True
2026-07-12 22:02:42,447 [INFO] [PCE] Aer metadata (1a ejecucion de este proceso): device=CPU method=statevector shots=8192 fusion_enabled=True
2026-07-12 22:02:42,451 [INFO] [PCE] Aer metadata (1a ejecucion de este proceso): device=CPU method=statevector shots=8192 fusion_enabled=True
2026-07-12 22:02:42,458 [INFO] [PCE] Aer metadata (1a ejecucion de este proceso): device=CPU method=statevector shots=8192 fusion_enabled=True
2026-07-12 22:02:42,469 [INFO] [PCE] Aer metadata (1a ejecucion de este proceso): device=CPU method=statevector shots=8192 fusion_enabled=True
2026-07-12 22:02:42,470 [INFO] [PCE] Aer metadata (1a ejecucion de este proceso): device=CPU method=statevector shots=8192 fusion_enabled=True
2026-07-12 22:02:42,470 [INFO] [PCE] Aer metadata (1a ejecucion de este proceso): device=CPU method=statevector shots=8192 fusion_enabled=True
2026-07-12 22:02:42,470 [INFO] [PCE] Aer metadata (1a ejecucion de este proceso): device=CPU method=statevector shots=8192 fusion_enabled=True
2026-07-13 05:15:23,151 [INFO] [PCE] n=200 instancia (idx=4) 1/14 completada (paralelo) - transcurrido=0:07:12:42
2026-07-13 05:16:21,103 [INFO] [PCE] n=200 instancia (idx=81) 2/14 completada (paralelo) - transcurrido=0:07:13:40
2026-07-13 05:16:23,386 [INFO] [PCE] n=200 instancia (idx=95) 3/14 completada (paralelo) - transcurrido=0:07:13:42
2026-07-13 05:17:01,624 [INFO] [PCE] n=200 instancia (idx=53) 4/14 completada (paralelo) - transcurrido=0:07:14:20
2026-07-13 05:17:13,940 [INFO] [PCE] n=200 instancia (idx=32) 5/14 completada (paralelo) - transcurrido=0:07:14:32
2026-07-13 05:32:52,602 [INFO] [PCE] n=200 instancia (idx=11) 6/14 completada (paralelo) - transcurrido=0:07:30:11
2026-07-13 05:33:33,179 [INFO] [PCE] n=200 instancia (idx=67) 7/14 completada (paralelo) - transcurrido=0:07:30:52
2026-07-13 05:33:45,643 [INFO] [PCE] n=200 instancia (idx=39) 8/14 completada (paralelo) - transcurrido=0:07:31:04
2026-07-13 05:35:44,131 [INFO] [PCE] n=200 instancia (idx=46) 9/14 completada (paralelo) - transcurrido=0:07:33:03
2026-07-13 05:37:29,347 [INFO] [PCE] n=200 instancia (idx=74) 10/14 completada (paralelo) - transcurrido=0:07:34:48
2026-07-13 05:40:29,647 [INFO] [PCE] n=200 instancia (idx=88) 11/14 completada (paralelo) - transcurrido=0:07:37:48
2026-07-13 05:43:04,737 [INFO] [PCE] n=200 instancia (idx=60) 12/14 completada (paralelo) - transcurrido=0:07:40:23
2026-07-13 05:43:47,054 [INFO] [PCE] n=200 instancia (idx=18) 13/14 completada (paralelo) - transcurrido=0:07:41:06
2026-07-13 05:44:22,671 [INFO] [PCE] n=200 instancia (idx=25) 14/14 completada (paralelo) - transcurrido=0:07:41:41
2026-07-13 05:44:22,804 [INFO] [PCE] n=200 chunk 5/7 completado - beta_parcial=0.2128 duration=0:07:41:41 shots=8192 backend=AER
