gcc/system unloaded
gcccore/system unloaded
cesga/2022 unloaded
rust/1.75.0 unloaded
imkl/2022.0.1 unloaded
numpy/1.26.4 unloaded
scipy/1.13.1 unloaded
flint/2.8.4 unloaded
symengine/0.11.1 unloaded
symengine-python/0.11.0 unloaded
spdlog/1.9.2 unloaded
pylatexenc/2.10 unloaded
qiskit/1.2.4-aer-gpu-cu11 unloaded
        Preparing the environment for use of the CESGA 2022 software stack.
        Please rebuild modules cache: module --ignore-cache avail
     
cesga/2022 loaded
rust/1.75.0 loaded

imkl/2023.2.0 loaded
numpy/1.26.4 loaded
scipy/1.13.1 loaded
imkl/2023.2.0 unloaded

imkl/2022.0.1 loaded
flint/2.8.4 loaded
symengine/0.11.1 loaded
symengine-python/0.11.0 loaded
spdlog/1.9.2 loaded
pylatexenc/2.10 loaded
gcccore/system loaded
gcc/system loaded
qiskit/1.2.4-aer-gpu-cu11 loaded
2026-07-12 22:02:41,701 [INFO] [PCE] n=200 chunk 6/7: 14 instancias [5, 12, 19, 26, 33, 40, 47, 54, 61, 68, 75, 82, 89, 96], num_workers=14, qubits=9
2026-07-12 22:02:41,701 [INFO] [PCE] n=200 paralelizando 14 instancias entre 14 workers (max_parallel_threads=1 fijo, independiente de num_workers)
2026-07-12 22:02:41,831 [INFO] Pass: ContainsInstruction - 0.01192 (ms)
2026-07-12 22:02:41,832 [INFO] Pass: InverseCancellation - 0.01669 (ms)
2026-07-12 22:02:41,832 [INFO] Pass: UnitarySynthesis - 0.00525 (ms)
2026-07-12 22:02:41,833 [INFO] Pass: HighLevelSynthesis - 1.50037 (ms)
2026-07-12 22:02:41,834 [INFO] Pass: BasisTranslator - 0.75579 (ms)
2026-07-12 22:02:41,834 [INFO] Pass: Depth - 0.19765 (ms)
2026-07-12 22:02:41,834 [INFO] Pass: FixedPoint - 0.01192 (ms)
2026-07-12 22:02:41,834 [INFO] Pass: Size - 0.05722 (ms)
2026-07-12 22:02:41,834 [INFO] Pass: FixedPoint - 0.00525 (ms)
2026-07-12 22:02:41,835 [INFO] Pass: ContainsInstruction - 0.01121 (ms)
2026-07-12 22:02:41,835 [INFO] Pass: InverseCancellation - 0.01693 (ms)
2026-07-12 22:02:41,835 [INFO] Pass: Optimize1qGatesDecomposition - 0.14687 (ms)
2026-07-12 22:02:41,835 [INFO] Pass: UnitarySynthesis - 0.00548 (ms)
2026-07-12 22:02:41,835 [INFO] Pass: InverseCancellation - 0.00858 (ms)
2026-07-12 22:02:41,835 [INFO] Pass: ContainsInstruction - 0.01168 (ms)
2026-07-12 22:02:41,835 [INFO] Pass: InverseCancellation - 0.01574 (ms)
2026-07-12 22:02:41,835 [INFO] Pass: UnitarySynthesis - 0.00572 (ms)
2026-07-12 22:02:41,836 [INFO] Pass: GatesInBasis - 0.76580 (ms)
2026-07-12 22:02:41,836 [INFO] Pass: Depth - 0.15235 (ms)
2026-07-12 22:02:41,836 [INFO] Pass: FixedPoint - 0.00572 (ms)
2026-07-12 22:02:41,836 [INFO] Pass: Size - 0.05436 (ms)
2026-07-12 22:02:41,836 [INFO] Pass: FixedPoint - 0.00429 (ms)
2026-07-12 22:02:41,836 [INFO] Pass: ContainsInstruction - 0.00501 (ms)
2026-07-12 22:02:41,836 [INFO] Pass: HighLevelSynthesis - 1.51324 (ms)
2026-07-12 22:02:41,837 [INFO] Pass: HighLevelSynthesis - 1.47629 (ms)
2026-07-12 22:02:41,837 [INFO] Pass: BasisTranslator - 0.75364 (ms)
2026-07-12 22:02:41,837 [INFO] Total Transpile Time - 82.04341 (ms)
2026-07-12 22:02:41,837 [INFO] Pass: Depth - 0.18597 (ms)
2026-07-12 22:02:41,837 [INFO] Pass: FixedPoint - 0.01359 (ms)
2026-07-12 22:02:41,837 [INFO] Pass: BasisTranslator - 0.75793 (ms)
2026-07-12 22:02:41,837 [INFO] Pass: Size - 0.05817 (ms)
2026-07-12 22:02:41,838 [INFO] Pass: FixedPoint - 0.00477 (ms)
2026-07-12 22:02:41,838 [INFO] Pass: Depth - 0.18454 (ms)
2026-07-12 22:02:41,838 [INFO] Pass: Optimize1qGatesDecomposition - 0.13900 (ms)
2026-07-12 22:02:41,838 [INFO] Pass: FixedPoint - 0.01359 (ms)
2026-07-12 22:02:41,838 [INFO] Pass: InverseCancellation - 0.00715 (ms)
2026-07-12 22:02:41,838 [INFO] Pass: Size - 0.05960 (ms)
2026-07-12 22:02:41,838 [INFO] Pass: FixedPoint - 0.00477 (ms)
2026-07-12 22:02:41,838 [INFO] Pass: Optimize1qGatesDecomposition - 0.13876 (ms)
2026-07-12 22:02:41,838 [INFO] Pass: InverseCancellation - 0.00906 (ms)
2026-07-12 22:02:41,839 [INFO] Pass: GatesInBasis - 0.75865 (ms)
2026-07-12 22:02:41,839 [INFO] Pass: Depth - 0.15092 (ms)
2026-07-12 22:02:41,839 [INFO] Pass: FixedPoint - 0.00501 (ms)
2026-07-12 22:02:41,839 [INFO] Pass: ContainsInstruction - 0.01335 (ms)
2026-07-12 22:02:41,839 [INFO] Pass: Size - 0.05460 (ms)
2026-07-12 22:02:41,839 [INFO] Pass: FixedPoint - 0.00429 (ms)
2026-07-12 22:02:41,839 [INFO] Pass: InverseCancellation - 0.02003 (ms)
2026-07-12 22:02:41,839 [INFO] Pass: ContainsInstruction - 0.00477 (ms)
2026-07-12 22:02:41,839 [INFO] Pass: GatesInBasis - 0.83590 (ms)
2026-07-12 22:02:41,839 [INFO] Pass: UnitarySynthesis - 0.00548 (ms)
2026-07-12 22:02:41,839 [INFO] Pass: Depth - 0.15974 (ms)
2026-07-12 22:02:41,839 [INFO] Pass: FixedPoint - 0.00596 (ms)
2026-07-12 22:02:41,839 [INFO] Pass: Size - 0.05484 (ms)
2026-07-12 22:02:41,839 [INFO] Pass: FixedPoint - 0.00429 (ms)
2026-07-12 22:02:41,839 [INFO] Pass: ContainsInstruction - 0.00501 (ms)
2026-07-12 22:02:41,840 [INFO] Total Transpile Time - 82.21650 (ms)
2026-07-12 22:02:41,840 [INFO] Pass: ContainsInstruction - 0.01192 (ms)
2026-07-12 22:02:41,840 [INFO] Pass: InverseCancellation - 0.01597 (ms)
2026-07-12 22:02:41,840 [INFO] Pass: UnitarySynthesis - 0.00548 (ms)
2026-07-12 22:02:41,841 [INFO] Pass: HighLevelSynthesis - 1.55449 (ms)
2026-07-12 22:02:41,841 [INFO] Total Transpile Time - 82.11637 (ms)
2026-07-12 22:02:41,841 [INFO] Pass: BasisTranslator - 0.75483 (ms)
2026-07-12 22:02:41,842 [INFO] Pass: Depth - 0.19145 (ms)
2026-07-12 22:02:41,842 [INFO] Pass: FixedPoint - 0.01216 (ms)
2026-07-12 22:02:41,842 [INFO] Pass: Size - 0.05674 (ms)
2026-07-12 22:02:41,842 [INFO] Pass: FixedPoint - 0.00501 (ms)
2026-07-12 22:02:41,842 [INFO] Pass: Optimize1qGatesDecomposition - 0.13757 (ms)
2026-07-12 22:02:41,842 [INFO] Pass: HighLevelSynthesis - 1.53446 (ms)
2026-07-12 22:02:41,842 [INFO] Pass: InverseCancellation - 0.00787 (ms)
2026-07-12 22:02:41,843 [INFO] Pass: BasisTranslator - 0.76151 (ms)
2026-07-12 22:02:41,843 [INFO] Pass: GatesInBasis - 0.79918 (ms)
2026-07-12 22:02:41,843 [INFO] Pass: Depth - 0.15020 (ms)
2026-07-12 22:02:41,843 [INFO] Pass: Depth - 0.18215 (ms)
2026-07-12 22:02:41,843 [INFO] Pass: FixedPoint - 0.00548 (ms)
2026-07-12 22:02:41,843 [INFO] Pass: FixedPoint - 0.01192 (ms)
2026-07-12 22:02:41,843 [INFO] Pass: Size - 0.05794 (ms)
2026-07-12 22:02:41,843 [INFO] Pass: Size - 0.06461 (ms)
2026-07-12 22:02:41,843 [INFO] Pass: ContainsInstruction - 0.01073 (ms)
2026-07-12 22:02:41,843 [INFO] Pass: FixedPoint - 0.00429 (ms)
2026-07-12 22:02:41,843 [INFO] Pass: FixedPoint - 0.00477 (ms)
2026-07-12 22:02:41,843 [INFO] Pass: ContainsInstruction - 0.00453 (ms)
2026-07-12 22:02:41,843 [INFO] Pass: InverseCancellation - 0.01574 (ms)
2026-07-12 22:02:41,843 [INFO] Pass: UnitarySynthesis - 0.00572 (ms)
2026-07-12 22:02:41,843 [INFO] Pass: Optimize1qGatesDecomposition - 0.13638 (ms)
2026-07-12 22:02:41,843 [INFO] Pass: InverseCancellation - 0.00763 (ms)
2026-07-12 22:02:41,844 [INFO] Pass: GatesInBasis - 0.76127 (ms)
2026-07-12 22:02:41,844 [INFO] Pass: Depth - 0.15140 (ms)
2026-07-12 22:02:41,844 [INFO] Pass: FixedPoint - 0.00572 (ms)
2026-07-12 22:02:41,845 [INFO] Total Transpile Time - 82.71480 (ms)
2026-07-12 22:02:41,845 [INFO] Pass: Size - 0.05388 (ms)
2026-07-12 22:02:41,845 [INFO] Pass: FixedPoint - 0.00477 (ms)
2026-07-12 22:02:41,845 [INFO] Pass: ContainsInstruction - 0.00501 (ms)
2026-07-12 22:02:41,845 [INFO] Pass: HighLevelSynthesis - 1.47247 (ms)
2026-07-12 22:02:41,845 [INFO] Pass: ContainsInstruction - 0.01144 (ms)
2026-07-12 22:02:41,846 [INFO] Pass: InverseCancellation - 0.01574 (ms)
2026-07-12 22:02:41,846 [INFO] Pass: BasisTranslator - 0.75579 (ms)
2026-07-12 22:02:41,846 [INFO] Pass: UnitarySynthesis - 0.00525 (ms)
2026-07-12 22:02:41,846 [INFO] Pass: Depth - 0.18239 (ms)
2026-07-12 22:02:41,846 [INFO] Pass: FixedPoint - 0.01121 (ms)
2026-07-12 22:02:41,846 [INFO] Total Transpile Time - 82.14021 (ms)
2026-07-12 22:02:41,846 [INFO] Pass: Size - 0.05960 (ms)
2026-07-12 22:02:41,846 [INFO] Pass: FixedPoint - 0.00453 (ms)
2026-07-12 22:02:41,846 [INFO] Pass: Optimize1qGatesDecomposition - 0.14162 (ms)
2026-07-12 22:02:41,846 [INFO] Pass: InverseCancellation - 0.00811 (ms)
2026-07-12 22:02:41,847 [INFO] Pass: GatesInBasis - 0.78940 (ms)
2026-07-12 22:02:41,847 [INFO] Pass: HighLevelSynthesis - 1.45817 (ms)
2026-07-12 22:02:41,847 [INFO] Pass: Depth - 0.15163 (ms)
2026-07-12 22:02:41,847 [INFO] Pass: FixedPoint - 0.00548 (ms)
2026-07-12 22:02:41,847 [INFO] Pass: Size - 0.05484 (ms)
2026-07-12 22:02:41,847 [INFO] Pass: FixedPoint - 0.00477 (ms)
2026-07-12 22:02:41,848 [INFO] Pass: ContainsInstruction - 0.00572 (ms)
2026-07-12 22:02:41,848 [INFO] Pass: BasisTranslator - 0.80013 (ms)
2026-07-12 22:02:41,848 [INFO] Pass: Depth - 0.18644 (ms)
2026-07-12 22:02:41,848 [INFO] Pass: FixedPoint - 0.01168 (ms)
2026-07-12 22:02:41,848 [INFO] Pass: Size - 0.05698 (ms)
2026-07-12 22:02:41,848 [INFO] Pass: FixedPoint - 0.00477 (ms)
2026-07-12 22:02:41,849 [INFO] Pass: Optimize1qGatesDecomposition - 0.13518 (ms)
2026-07-12 22:02:41,849 [INFO] Pass: InverseCancellation - 0.00715 (ms)
2026-07-12 22:02:41,849 [INFO] Total Transpile Time - 81.42066 (ms)
2026-07-12 22:02:41,849 [INFO] Pass: ContainsInstruction - 0.01073 (ms)
2026-07-12 22:02:41,849 [INFO] Pass: InverseCancellation - 0.01812 (ms)
2026-07-12 22:02:41,849 [INFO] Pass: GatesInBasis - 0.76771 (ms)
2026-07-12 22:02:41,849 [INFO] Pass: UnitarySynthesis - 0.00525 (ms)
2026-07-12 22:02:41,850 [INFO] Pass: Depth - 0.15187 (ms)
2026-07-12 22:02:41,850 [INFO] Pass: FixedPoint - 0.00525 (ms)
2026-07-12 22:02:41,850 [INFO] Pass: Size - 0.05579 (ms)
2026-07-12 22:02:41,850 [INFO] Pass: FixedPoint - 0.00477 (ms)
2026-07-12 22:02:41,850 [INFO] Pass: ContainsInstruction - 0.00501 (ms)
2026-07-12 22:02:41,851 [INFO] Pass: HighLevelSynthesis - 1.51134 (ms)
2026-07-12 22:02:41,851 [INFO] Total Transpile Time - 80.76119 (ms)
2026-07-12 22:02:41,852 [INFO] Pass: BasisTranslator - 0.80848 (ms)
2026-07-12 22:02:41,852 [INFO] Pass: ContainsInstruction - 0.01097 (ms)
2026-07-12 22:02:41,852 [INFO] Pass: InverseCancellation - 0.01621 (ms)
2026-07-12 22:02:41,852 [INFO] Pass: UnitarySynthesis - 0.00548 (ms)
2026-07-12 22:02:41,852 [INFO] Pass: Depth - 0.18930 (ms)
2026-07-12 22:02:41,852 [INFO] Pass: FixedPoint - 0.01192 (ms)
2026-07-12 22:02:41,852 [INFO] Pass: Size - 0.05674 (ms)
2026-07-12 22:02:41,852 [INFO] Pass: FixedPoint - 0.00477 (ms)
2026-07-12 22:02:41,852 [INFO] Pass: Optimize1qGatesDecomposition - 0.13065 (ms)
2026-07-12 22:02:41,853 [INFO] Pass: InverseCancellation - 0.00715 (ms)
2026-07-12 22:02:41,853 [INFO] Pass: GatesInBasis - 0.79632 (ms)
2026-07-12 22:02:41,854 [INFO] Pass: Depth - 0.15020 (ms)
2026-07-12 22:02:41,854 [INFO] Pass: FixedPoint - 0.00572 (ms)
2026-07-12 22:02:41,854 [INFO] Pass: Size - 0.05507 (ms)
2026-07-12 22:02:41,854 [INFO] Pass: HighLevelSynthesis - 1.55807 (ms)
2026-07-12 22:02:41,854 [INFO] Pass: FixedPoint - 0.00429 (ms)
2026-07-12 22:02:41,854 [INFO] Pass: ContainsInstruction - 0.00525 (ms)
2026-07-12 22:02:41,854 [INFO] Pass: BasisTranslator - 0.76795 (ms)
2026-07-12 22:02:41,855 [INFO] Pass: Depth - 0.18406 (ms)
2026-07-12 22:02:41,855 [INFO] Pass: FixedPoint - 0.01192 (ms)
2026-07-12 22:02:41,855 [INFO] Pass: Size - 0.05746 (ms)
2026-07-12 22:02:41,855 [INFO] Pass: FixedPoint - 0.00501 (ms)
2026-07-12 22:02:41,855 [INFO] Total Transpile Time - 81.15292 (ms)
2026-07-12 22:02:41,855 [INFO] Pass: Optimize1qGatesDecomposition - 0.13280 (ms)
2026-07-12 22:02:41,855 [INFO] Pass: InverseCancellation - 0.01335 (ms)
2026-07-12 22:02:41,855 [INFO] Pass: ContainsInstruction - 0.01097 (ms)
2026-07-12 22:02:41,856 [INFO] Pass: InverseCancellation - 0.01597 (ms)
2026-07-12 22:02:41,856 [INFO] Pass: UnitarySynthesis - 0.00501 (ms)
2026-07-12 22:02:41,856 [INFO] Pass: GatesInBasis - 0.77033 (ms)
2026-07-12 22:02:41,856 [INFO] Pass: Depth - 0.15759 (ms)
2026-07-12 22:02:41,856 [INFO] Pass: FixedPoint - 0.00596 (ms)
2026-07-12 22:02:41,856 [INFO] Pass: Size - 0.05388 (ms)
2026-07-12 22:02:41,856 [INFO] Pass: FixedPoint - 0.00429 (ms)
2026-07-12 22:02:41,856 [INFO] Pass: ContainsInstruction - 0.00477 (ms)
2026-07-12 22:02:41,857 [INFO] Pass: HighLevelSynthesis - 1.50871 (ms)
2026-07-12 22:02:41,858 [INFO] Total Transpile Time - 81.06446 (ms)
2026-07-12 22:02:41,858 [INFO] Pass: BasisTranslator - 0.80657 (ms)
2026-07-12 22:02:41,858 [INFO] Pass: Depth - 0.18406 (ms)
2026-07-12 22:02:41,858 [INFO] Pass: FixedPoint - 0.01240 (ms)
2026-07-12 22:02:41,858 [INFO] Pass: Size - 0.05817 (ms)
2026-07-12 22:02:41,858 [INFO] Pass: ContainsInstruction - 0.01168 (ms)
2026-07-12 22:02:41,859 [INFO] Pass: FixedPoint - 0.00453 (ms)
2026-07-12 22:02:41,859 [INFO] Pass: InverseCancellation - 0.01669 (ms)
2026-07-12 22:02:41,859 [INFO] Pass: UnitarySynthesis - 0.00548 (ms)
2026-07-12 22:02:41,859 [INFO] Pass: Optimize1qGatesDecomposition - 0.13661 (ms)
2026-07-12 22:02:41,859 [INFO] Pass: InverseCancellation - 0.00811 (ms)
2026-07-12 22:02:41,860 [INFO] Pass: GatesInBasis - 0.76127 (ms)
2026-07-12 22:02:41,860 [INFO] Pass: Depth - 0.15092 (ms)
2026-07-12 22:02:41,860 [INFO] Pass: FixedPoint - 0.00525 (ms)
2026-07-12 22:02:41,860 [INFO] Pass: Size - 0.05507 (ms)
2026-07-12 22:02:41,860 [INFO] Pass: FixedPoint - 0.00429 (ms)
2026-07-12 22:02:41,860 [INFO] Pass: ContainsInstruction - 0.00477 (ms)
2026-07-12 22:02:41,860 [INFO] Pass: HighLevelSynthesis - 1.49059 (ms)
2026-07-12 22:02:41,861 [INFO] Pass: BasisTranslator - 0.75221 (ms)
2026-07-12 22:02:41,861 [INFO] Pass: Depth - 0.18668 (ms)
2026-07-12 22:02:41,861 [INFO] Total Transpile Time - 80.50895 (ms)
2026-07-12 22:02:41,861 [INFO] Pass: FixedPoint - 0.01240 (ms)
2026-07-12 22:02:41,861 [INFO] Pass: Size - 0.05889 (ms)
2026-07-12 22:02:41,861 [INFO] Pass: FixedPoint - 0.00477 (ms)
2026-07-12 22:02:41,862 [INFO] Pass: Optimize1qGatesDecomposition - 0.13185 (ms)
2026-07-12 22:02:41,862 [INFO] Pass: InverseCancellation - 0.00834 (ms)
2026-07-12 22:02:41,862 [INFO] Pass: GatesInBasis - 0.79608 (ms)
2026-07-12 22:02:41,863 [INFO] Pass: Depth - 0.15211 (ms)
2026-07-12 22:02:41,863 [INFO] Pass: FixedPoint - 0.00548 (ms)
2026-07-12 22:02:41,863 [INFO] Pass: Size - 0.05484 (ms)
2026-07-12 22:02:41,863 [INFO] Pass: FixedPoint - 0.00453 (ms)
2026-07-12 22:02:41,863 [INFO] Pass: ContainsInstruction - 0.01454 (ms)
2026-07-12 22:02:41,863 [INFO] Pass: ContainsInstruction - 0.00453 (ms)
2026-07-12 22:02:41,863 [INFO] Pass: InverseCancellation - 0.01526 (ms)
2026-07-12 22:02:41,863 [INFO] Pass: UnitarySynthesis - 0.00572 (ms)
2026-07-12 22:02:41,864 [INFO] Total Transpile Time - 80.70803 (ms)
2026-07-12 22:02:41,864 [INFO] Pass: HighLevelSynthesis - 1.49369 (ms)
2026-07-12 22:02:41,865 [INFO] Pass: ContainsInstruction - 0.01097 (ms)
2026-07-12 22:02:41,865 [INFO] Pass: InverseCancellation - 0.01597 (ms)
2026-07-12 22:02:41,865 [INFO] Pass: UnitarySynthesis - 0.00596 (ms)
2026-07-12 22:02:41,865 [INFO] Pass: BasisTranslator - 0.81182 (ms)
2026-07-12 22:02:41,866 [INFO] Pass: Depth - 0.18382 (ms)
2026-07-12 22:02:41,866 [INFO] Pass: FixedPoint - 0.01144 (ms)
2026-07-12 22:02:41,866 [INFO] Pass: Size - 0.05698 (ms)
2026-07-12 22:02:41,866 [INFO] Pass: FixedPoint - 0.00477 (ms)
2026-07-12 22:02:41,866 [INFO] Pass: Optimize1qGatesDecomposition - 0.13208 (ms)
2026-07-12 22:02:41,866 [INFO] Pass: InverseCancellation - 0.00763 (ms)
2026-07-12 22:02:41,867 [INFO] Pass: GatesInBasis - 0.75889 (ms)
2026-07-12 22:02:41,867 [INFO] Pass: HighLevelSynthesis - 1.46937 (ms)
2026-07-12 22:02:41,867 [INFO] Pass: Depth - 0.14973 (ms)
2026-07-12 22:02:41,867 [INFO] Pass: FixedPoint - 0.00525 (ms)
2026-07-12 22:02:41,867 [INFO] Pass: Size - 0.05460 (ms)
2026-07-12 22:02:41,867 [INFO] Pass: FixedPoint - 0.00429 (ms)
2026-07-12 22:02:41,867 [INFO] Pass: ContainsInstruction - 0.00477 (ms)
2026-07-12 22:02:41,868 [INFO] Pass: BasisTranslator - 0.75650 (ms)
2026-07-12 22:02:41,868 [INFO] Pass: Depth - 0.18120 (ms)
2026-07-12 22:02:41,868 [INFO] Pass: FixedPoint - 0.01073 (ms)
2026-07-12 22:02:41,868 [INFO] Pass: Size - 0.05960 (ms)
2026-07-12 22:02:41,868 [INFO] Pass: FixedPoint - 0.00477 (ms)
2026-07-12 22:02:41,868 [INFO] Pass: Optimize1qGatesDecomposition - 0.14019 (ms)
2026-07-12 22:02:41,868 [INFO] Pass: InverseCancellation - 0.00834 (ms)
2026-07-12 22:02:41,868 [INFO] Total Transpile Time - 81.37417 (ms)
2026-07-12 22:02:41,869 [INFO] Pass: GatesInBasis - 0.82612 (ms)
2026-07-12 22:02:41,869 [INFO] Pass: ContainsInstruction - 0.01073 (ms)
2026-07-12 22:02:41,869 [INFO] Pass: Depth - 0.15283 (ms)
2026-07-12 22:02:41,869 [INFO] Pass: InverseCancellation - 0.01597 (ms)
2026-07-12 22:02:41,869 [INFO] Pass: FixedPoint - 0.00548 (ms)
2026-07-12 22:02:41,869 [INFO] Pass: UnitarySynthesis - 0.00525 (ms)
2026-07-12 22:02:41,869 [INFO] Pass: Size - 0.05484 (ms)
2026-07-12 22:02:41,869 [INFO] Pass: FixedPoint - 0.00453 (ms)
2026-07-12 22:02:41,869 [INFO] Pass: ContainsInstruction - 0.00477 (ms)
2026-07-12 22:02:41,871 [INFO] Total Transpile Time - 80.55401 (ms)
2026-07-12 22:02:41,871 [INFO] Pass: HighLevelSynthesis - 1.47414 (ms)
2026-07-12 22:02:41,872 [INFO] Pass: BasisTranslator - 0.81062 (ms)
2026-07-12 22:02:41,872 [INFO] Pass: Depth - 0.18573 (ms)
2026-07-12 22:02:41,872 [INFO] Pass: FixedPoint - 0.01073 (ms)
2026-07-12 22:02:41,872 [INFO] Pass: Size - 0.06270 (ms)
2026-07-12 22:02:41,872 [INFO] Pass: FixedPoint - 0.00477 (ms)
2026-07-12 22:02:41,872 [INFO] Pass: Optimize1qGatesDecomposition - 0.13256 (ms)
2026-07-12 22:02:41,872 [INFO] Pass: InverseCancellation - 0.00739 (ms)
2026-07-12 22:02:41,873 [INFO] Pass: GatesInBasis - 0.76294 (ms)
2026-07-12 22:02:41,873 [INFO] Pass: Depth - 0.15116 (ms)
2026-07-12 22:02:41,873 [INFO] Pass: FixedPoint - 0.00525 (ms)
2026-07-12 22:02:41,874 [INFO] Pass: Size - 0.05460 (ms)
2026-07-12 22:02:41,874 [INFO] Pass: FixedPoint - 0.00453 (ms)
2026-07-12 22:02:41,874 [INFO] Pass: ContainsInstruction - 0.00501 (ms)
2026-07-12 22:02:41,875 [INFO] Total Transpile Time - 80.18303 (ms)
2026-07-12 22:02:41,895 [INFO] Pass: ContainsInstruction - 0.00858 (ms)
2026-07-12 22:02:41,895 [INFO] Pass: InverseCancellation - 0.16308 (ms)
2026-07-12 22:02:41,895 [INFO] Pass: UnitarySynthesis - 0.00501 (ms)
2026-07-12 22:02:41,897 [INFO] Pass: HighLevelSynthesis - 1.36590 (ms)
2026-07-12 22:02:41,897 [INFO] Pass: BasisTranslator - 0.76175 (ms)
2026-07-12 22:02:41,898 [INFO] Pass: Depth - 0.16785 (ms)
2026-07-12 22:02:41,898 [INFO] Pass: FixedPoint - 0.00787 (ms)
2026-07-12 22:02:41,898 [INFO] Pass: ContainsInstruction - 0.01073 (ms)
2026-07-12 22:02:41,898 [INFO] Pass: Size - 0.05794 (ms)
2026-07-12 22:02:41,898 [INFO] Pass: FixedPoint - 0.00453 (ms)
2026-07-12 22:02:41,898 [INFO] Pass: InverseCancellation - 0.16236 (ms)
2026-07-12 22:02:41,898 [INFO] Pass: ContainsInstruction - 0.00787 (ms)
2026-07-12 22:02:41,898 [INFO] Pass: UnitarySynthesis - 0.00477 (ms)
2026-07-12 22:02:41,898 [INFO] Pass: InverseCancellation - 0.16403 (ms)
2026-07-12 22:02:41,898 [INFO] Pass: UnitarySynthesis - 0.00453 (ms)
2026-07-12 22:02:41,899 [INFO] Pass: Optimize1qGatesDecomposition - 0.79036 (ms)
2026-07-12 22:02:41,899 [INFO] Pass: InverseCancellation - 0.14448 (ms)
2026-07-12 22:02:41,899 [INFO] Pass: HighLevelSynthesis - 1.39976 (ms)
2026-07-12 22:02:41,900 [INFO] Pass: GatesInBasis - 0.78893 (ms)
2026-07-12 22:02:41,900 [INFO] Pass: HighLevelSynthesis - 1.39117 (ms)
2026-07-12 22:02:41,900 [INFO] Pass: Depth - 0.15736 (ms)
2026-07-12 22:02:41,900 [INFO] Pass: FixedPoint - 0.00620 (ms)
2026-07-12 22:02:41,900 [INFO] Pass: Size - 0.05627 (ms)
2026-07-12 22:02:41,900 [INFO] Pass: FixedPoint - 0.00453 (ms)
2026-07-12 22:02:41,900 [INFO] Pass: ContainsInstruction - 0.00525 (ms)
2026-07-12 22:02:41,900 [INFO] Pass: BasisTranslator - 0.75722 (ms)
2026-07-12 22:02:41,900 [INFO] Pass: Depth - 0.16737 (ms)
2026-07-12 22:02:41,900 [INFO] Pass: FixedPoint - 0.00739 (ms)
2026-07-12 22:02:41,901 [INFO] Pass: Size - 0.05770 (ms)
2026-07-12 22:02:41,901 [INFO] Pass: FixedPoint - 0.00453 (ms)
2026-07-12 22:02:41,901 [INFO] Pass: BasisTranslator - 0.89145 (ms)
2026-07-12 22:02:41,901 [INFO] Pass: Depth - 0.16689 (ms)
2026-07-12 22:02:41,901 [INFO] Pass: FixedPoint - 0.00739 (ms)
2026-07-12 22:02:41,901 [INFO] Pass: Size - 0.05746 (ms)
2026-07-12 22:02:41,901 [INFO] Pass: FixedPoint - 0.00477 (ms)
2026-07-12 22:02:41,901 [INFO] Total Transpile Time - 63.95721 (ms)
2026-07-12 22:02:41,901 [INFO] Pass: Optimize1qGatesDecomposition - 0.77295 (ms)
2026-07-12 22:02:41,902 [INFO] Pass: InverseCancellation - 0.14591 (ms)
2026-07-12 22:02:41,902 [INFO] Pass: Optimize1qGatesDecomposition - 0.77868 (ms)
2026-07-12 22:02:41,902 [INFO] Pass: InverseCancellation - 0.14353 (ms)
2026-07-12 22:02:41,902 [INFO] Pass: ContainsInstruction - 0.00811 (ms)
2026-07-12 22:02:41,902 [INFO] Pass: InverseCancellation - 0.16475 (ms)
2026-07-12 22:02:41,902 [INFO] Pass: UnitarySynthesis - 0.00477 (ms)
2026-07-12 22:02:41,902 [INFO] Pass: GatesInBasis - 0.79083 (ms)
2026-07-12 22:02:41,903 [INFO] Pass: Depth - 0.15640 (ms)
2026-07-12 22:02:41,903 [INFO] Pass: FixedPoint - 0.00548 (ms)
2026-07-12 22:02:41,903 [INFO] Pass: Size - 0.05722 (ms)
2026-07-12 22:02:41,903 [INFO] Pass: FixedPoint - 0.00453 (ms)
2026-07-12 22:02:41,903 [INFO] Pass: GatesInBasis - 0.79131 (ms)
2026-07-12 22:02:41,903 [INFO] Pass: ContainsInstruction - 0.00477 (ms)
2026-07-12 22:02:41,903 [INFO] Pass: Depth - 0.15736 (ms)
2026-07-12 22:02:41,903 [INFO] Pass: FixedPoint - 0.00548 (ms)
2026-07-12 22:02:41,903 [INFO] Pass: Size - 0.06151 (ms)
2026-07-12 22:02:41,903 [INFO] Pass: FixedPoint - 0.00453 (ms)
2026-07-12 22:02:41,903 [INFO] Pass: ContainsInstruction - 0.00548 (ms)
2026-07-12 22:02:41,903 [INFO] Pass: ContainsInstruction - 0.00834 (ms)
2026-07-12 22:02:41,904 [INFO] Pass: InverseCancellation - 0.16403 (ms)
2026-07-12 22:02:41,904 [INFO] Pass: UnitarySynthesis - 0.00501 (ms)
2026-07-12 22:02:41,904 [INFO] Pass: HighLevelSynthesis - 1.38044 (ms)
2026-07-12 22:02:41,904 [INFO] Total Transpile Time - 63.75551 (ms)
2026-07-12 22:02:41,904 [INFO] Total Transpile Time - 63.72237 (ms)
2026-07-12 22:02:41,905 [INFO] Pass: BasisTranslator - 0.75674 (ms)
2026-07-12 22:02:41,905 [INFO] Pass: Depth - 0.16832 (ms)
2026-07-12 22:02:41,905 [INFO] Pass: FixedPoint - 0.00763 (ms)
2026-07-12 22:02:41,905 [INFO] Pass: Size - 0.05841 (ms)
2026-07-12 22:02:41,905 [INFO] Pass: FixedPoint - 0.00453 (ms)
2026-07-12 22:02:41,905 [INFO] Pass: HighLevelSynthesis - 1.39403 (ms)
2026-07-12 22:02:41,906 [INFO] Pass: Optimize1qGatesDecomposition - 0.77772 (ms)
2026-07-12 22:02:41,906 [INFO] Pass: BasisTranslator - 0.75507 (ms)
2026-07-12 22:02:41,906 [INFO] Pass: InverseCancellation - 0.14353 (ms)
2026-07-12 22:02:41,906 [INFO] Pass: ContainsInstruction - 0.00763 (ms)
2026-07-12 22:02:41,906 [INFO] Pass: Depth - 0.17118 (ms)
2026-07-12 22:02:41,906 [INFO] Pass: FixedPoint - 0.00739 (ms)
2026-07-12 22:02:41,906 [INFO] Pass: InverseCancellation - 0.16785 (ms)
2026-07-12 22:02:41,906 [INFO] Pass: UnitarySynthesis - 0.00501 (ms)
2026-07-12 22:02:41,906 [INFO] Pass: Size - 0.05698 (ms)
2026-07-12 22:02:41,906 [INFO] Pass: FixedPoint - 0.00501 (ms)
2026-07-12 22:02:41,907 [INFO] Pass: GatesInBasis - 0.78487 (ms)
2026-07-12 22:02:41,907 [INFO] Pass: Depth - 0.15807 (ms)
2026-07-12 22:02:41,907 [INFO] Pass: FixedPoint - 0.00572 (ms)
2026-07-12 22:02:41,907 [INFO] Pass: Size - 0.06127 (ms)
2026-07-12 22:02:41,907 [INFO] Pass: FixedPoint - 0.00429 (ms)
2026-07-12 22:02:41,907 [INFO] Pass: Optimize1qGatesDecomposition - 0.77772 (ms)
2026-07-12 22:02:41,907 [INFO] Pass: ContainsInstruction - 0.00501 (ms)
2026-07-12 22:02:41,907 [INFO] Pass: InverseCancellation - 0.14162 (ms)
2026-07-12 22:02:41,908 [INFO] Pass: HighLevelSynthesis - 1.39308 (ms)
2026-07-12 22:02:41,908 [INFO] Pass: ContainsInstruction - 0.00691 (ms)
2026-07-12 22:02:41,908 [INFO] Pass: InverseCancellation - 0.16212 (ms)
2026-07-12 22:02:41,908 [INFO] Pass: UnitarySynthesis - 0.00429 (ms)
2026-07-12 22:02:41,908 [INFO] Pass: GatesInBasis - 0.78249 (ms)
2026-07-12 22:02:41,908 [INFO] Pass: Depth - 0.15831 (ms)
2026-07-12 22:02:41,908 [INFO] Pass: FixedPoint - 0.00572 (ms)
2026-07-12 22:02:41,908 [INFO] Total Transpile Time - 63.83848 (ms)
2026-07-12 22:02:41,909 [INFO] Pass: Size - 0.05603 (ms)
2026-07-12 22:02:41,909 [INFO] Pass: FixedPoint - 0.00477 (ms)
2026-07-12 22:02:41,909 [INFO] Pass: ContainsInstruction - 0.00477 (ms)
2026-07-12 22:02:41,909 [INFO] Pass: BasisTranslator - 0.90313 (ms)
2026-07-12 22:02:41,909 [INFO] Pass: Depth - 0.16809 (ms)
2026-07-12 22:02:41,909 [INFO] Pass: FixedPoint - 0.00787 (ms)
2026-07-12 22:02:41,909 [INFO] Pass: Size - 0.05794 (ms)
2026-07-12 22:02:41,909 [INFO] Pass: FixedPoint - 0.00453 (ms)
2026-07-12 22:02:41,910 [INFO] Pass: HighLevelSynthesis - 1.37210 (ms)
2026-07-12 22:02:41,910 [INFO] Total Transpile Time - 63.77554 (ms)
2026-07-12 22:02:41,910 [INFO] Pass: Optimize1qGatesDecomposition - 0.77820 (ms)
2026-07-12 22:02:41,910 [INFO] Pass: InverseCancellation - 0.14615 (ms)
2026-07-12 22:02:41,910 [INFO] Pass: BasisTranslator - 0.75984 (ms)
2026-07-12 22:02:41,911 [INFO] Pass: Depth - 0.16165 (ms)
2026-07-12 22:02:41,911 [INFO] Pass: FixedPoint - 0.00691 (ms)
2026-07-12 22:02:41,911 [INFO] Pass: Size - 0.05674 (ms)
2026-07-12 22:02:41,911 [INFO] Pass: FixedPoint - 0.00453 (ms)
2026-07-12 22:02:41,911 [INFO] Pass: GatesInBasis - 0.82135 (ms)
2026-07-12 22:02:41,911 [INFO] Pass: Depth - 0.16212 (ms)
2026-07-12 22:02:41,911 [INFO] Pass: FixedPoint - 0.00620 (ms)
2026-07-12 22:02:41,911 [INFO] Pass: Size - 0.05651 (ms)
2026-07-12 22:02:41,911 [INFO] Pass: FixedPoint - 0.00429 (ms)
2026-07-12 22:02:41,911 [INFO] Pass: ContainsInstruction - 0.00477 (ms)
2026-07-12 22:02:41,912 [INFO] Pass: Optimize1qGatesDecomposition - 0.76699 (ms)
2026-07-12 22:02:41,912 [INFO] Pass: InverseCancellation - 0.14377 (ms)
2026-07-12 22:02:41,913 [INFO] Pass: GatesInBasis - 0.79083 (ms)
2026-07-12 22:02:41,913 [INFO] Total Transpile Time - 63.72261 (ms)
2026-07-12 22:02:41,913 [INFO] Pass: ContainsInstruction - 0.00811 (ms)
2026-07-12 22:02:41,913 [INFO] Pass: Depth - 0.15640 (ms)
2026-07-12 22:02:41,913 [INFO] Pass: FixedPoint - 0.00596 (ms)
2026-07-12 22:02:41,913 [INFO] Pass: InverseCancellation - 0.16642 (ms)
2026-07-12 22:02:41,913 [INFO] Pass: UnitarySynthesis - 0.00477 (ms)
2026-07-12 22:02:41,913 [INFO] Pass: Size - 0.05674 (ms)
2026-07-12 22:02:41,913 [INFO] Pass: FixedPoint - 0.00477 (ms)
2026-07-12 22:02:41,913 [INFO] Pass: ContainsInstruction - 0.00453 (ms)
2026-07-12 22:02:41,914 [INFO] Total Transpile Time - 63.02476 (ms)
2026-07-12 22:02:41,914 [INFO] Pass: HighLevelSynthesis - 1.41215 (ms)
2026-07-12 22:02:41,915 [INFO] Pass: ContainsInstruction - 0.00811 (ms)
2026-07-12 22:02:41,915 [INFO] Pass: InverseCancellation - 0.16570 (ms)
2026-07-12 22:02:41,915 [INFO] Pass: UnitarySynthesis - 0.00453 (ms)
2026-07-12 22:02:41,915 [INFO] Pass: BasisTranslator - 0.76413 (ms)
2026-07-12 22:02:41,915 [INFO] Pass: Depth - 0.16737 (ms)
2026-07-12 22:02:41,915 [INFO] Pass: FixedPoint - 0.00739 (ms)
2026-07-12 22:02:41,916 [INFO] Pass: Size - 0.05746 (ms)
2026-07-12 22:02:41,916 [INFO] Pass: FixedPoint - 0.00453 (ms)
2026-07-12 22:02:41,916 [INFO] Pass: Optimize1qGatesDecomposition - 0.77224 (ms)
2026-07-12 22:02:41,917 [INFO] Pass: HighLevelSynthesis - 1.39332 (ms)
2026-07-12 22:02:41,917 [INFO] Pass: InverseCancellation - 0.14377 (ms)
2026-07-12 22:02:41,917 [INFO] Pass: BasisTranslator - 0.76151 (ms)
2026-07-12 22:02:41,917 [INFO] Pass: GatesInBasis - 0.78511 (ms)
2026-07-12 22:02:41,918 [INFO] Pass: Depth - 0.16689 (ms)
2026-07-12 22:02:41,918 [INFO] Pass: FixedPoint - 0.00763 (ms)
2026-07-12 22:02:41,918 [INFO] Pass: Depth - 0.15593 (ms)
2026-07-12 22:02:41,918 [INFO] Pass: FixedPoint - 0.00596 (ms)
2026-07-12 22:02:41,918 [INFO] Pass: Size - 0.05722 (ms)
2026-07-12 22:02:41,918 [INFO] Pass: FixedPoint - 0.00477 (ms)
2026-07-12 22:02:41,918 [INFO] Pass: Size - 0.05627 (ms)
2026-07-12 22:02:41,918 [INFO] Pass: FixedPoint - 0.00477 (ms)
2026-07-12 22:02:41,918 [INFO] Pass: ContainsInstruction - 0.00501 (ms)
2026-07-12 22:02:41,919 [INFO] Pass: Optimize1qGatesDecomposition - 0.78106 (ms)
2026-07-12 22:02:41,919 [INFO] Pass: ContainsInstruction - 0.00811 (ms)
2026-07-12 22:02:41,919 [INFO] Pass: InverseCancellation - 0.14377 (ms)
2026-07-12 22:02:41,919 [INFO] Pass: InverseCancellation - 0.16308 (ms)
2026-07-12 22:02:41,919 [INFO] Pass: UnitarySynthesis - 0.00477 (ms)
2026-07-12 22:02:41,919 [INFO] Total Transpile Time - 63.89093 (ms)
2026-07-12 22:02:41,920 [INFO] Pass: GatesInBasis - 0.78702 (ms)
2026-07-12 22:02:41,920 [INFO] Pass: Depth - 0.15664 (ms)
2026-07-12 22:02:41,920 [INFO] Pass: FixedPoint - 0.00620 (ms)
2026-07-12 22:02:41,920 [INFO] Pass: Size - 0.05651 (ms)
2026-07-12 22:02:41,920 [INFO] Pass: FixedPoint - 0.00429 (ms)
2026-07-12 22:02:41,920 [INFO] Pass: ContainsInstruction - 0.00477 (ms)
2026-07-12 22:02:41,920 [INFO] Pass: HighLevelSynthesis - 1.40476 (ms)
2026-07-12 22:02:41,921 [INFO] Pass: BasisTranslator - 0.76413 (ms)
2026-07-12 22:02:41,921 [INFO] Total Transpile Time - 63.47013 (ms)
2026-07-12 22:02:41,921 [INFO] Pass: ContainsInstruction - 0.00882 (ms)
2026-07-12 22:02:41,921 [INFO] Pass: Depth - 0.16689 (ms)
2026-07-12 22:02:41,921 [INFO] Pass: FixedPoint - 0.00691 (ms)
2026-07-12 22:02:41,921 [INFO] Pass: Size - 0.05746 (ms)
2026-07-12 22:02:41,922 [INFO] Pass: FixedPoint - 0.00429 (ms)
2026-07-12 22:02:41,922 [INFO] Pass: InverseCancellation - 0.16475 (ms)
2026-07-12 22:02:41,922 [INFO] Pass: UnitarySynthesis - 0.00429 (ms)
2026-07-12 22:02:41,922 [INFO] Pass: Optimize1qGatesDecomposition - 0.77868 (ms)
2026-07-12 22:02:41,923 [INFO] Pass: InverseCancellation - 0.14591 (ms)
2026-07-12 22:02:41,923 [INFO] Pass: HighLevelSynthesis - 1.37544 (ms)
2026-07-12 22:02:41,923 [INFO] Pass: GatesInBasis - 0.78535 (ms)
2026-07-12 22:02:41,924 [INFO] Pass: Depth - 0.15783 (ms)
2026-07-12 22:02:41,924 [INFO] Pass: FixedPoint - 0.00572 (ms)
2026-07-12 22:02:41,924 [INFO] Pass: Size - 0.05698 (ms)
2026-07-12 22:02:41,924 [INFO] Pass: FixedPoint - 0.00453 (ms)
2026-07-12 22:02:41,924 [INFO] Pass: ContainsInstruction - 0.00501 (ms)
2026-07-12 22:02:41,924 [INFO] Pass: BasisTranslator - 0.90003 (ms)
2026-07-12 22:02:41,924 [INFO] Pass: Depth - 0.17548 (ms)
2026-07-12 22:02:41,924 [INFO] Pass: FixedPoint - 0.00739 (ms)
2026-07-12 22:02:41,924 [INFO] Pass: Size - 0.05841 (ms)
2026-07-12 22:02:41,924 [INFO] Pass: FixedPoint - 0.00477 (ms)
2026-07-12 22:02:41,925 [INFO] Total Transpile Time - 63.68208 (ms)
2026-07-12 22:02:41,925 [INFO] Pass: Optimize1qGatesDecomposition - 0.77534 (ms)
2026-07-12 22:02:41,925 [INFO] Pass: InverseCancellation - 0.14567 (ms)
2026-07-12 22:02:41,926 [INFO] Pass: ContainsInstruction - 0.00834 (ms)
2026-07-12 22:02:41,926 [INFO] Pass: InverseCancellation - 0.16713 (ms)
2026-07-12 22:02:41,926 [INFO] Pass: GatesInBasis - 0.82254 (ms)
2026-07-12 22:02:41,926 [INFO] Pass: UnitarySynthesis - 0.00429 (ms)
2026-07-12 22:02:41,926 [INFO] Pass: Depth - 0.15831 (ms)
2026-07-12 22:02:41,927 [INFO] Pass: FixedPoint - 0.00620 (ms)
2026-07-12 22:02:41,927 [INFO] Pass: Size - 0.05746 (ms)
2026-07-12 22:02:41,927 [INFO] Pass: FixedPoint - 0.00453 (ms)
2026-07-12 22:02:41,927 [INFO] Pass: ContainsInstruction - 0.00477 (ms)
2026-07-12 22:02:41,928 [INFO] Pass: HighLevelSynthesis - 1.39880 (ms)
2026-07-12 22:02:41,928 [INFO] Total Transpile Time - 63.72857 (ms)
2026-07-12 22:02:41,929 [INFO] Pass: BasisTranslator - 0.76056 (ms)
2026-07-12 22:02:41,929 [INFO] Pass: Depth - 0.16689 (ms)
2026-07-12 22:02:41,929 [INFO] Pass: FixedPoint - 0.00715 (ms)
2026-07-12 22:02:41,929 [INFO] Pass: Size - 0.05817 (ms)
2026-07-12 22:02:41,929 [INFO] Pass: FixedPoint - 0.00477 (ms)
2026-07-12 22:02:41,929 [INFO] Pass: ContainsInstruction - 0.00930 (ms)
2026-07-12 22:02:41,930 [INFO] Pass: InverseCancellation - 0.16809 (ms)
2026-07-12 22:02:41,930 [INFO] Pass: UnitarySynthesis - 0.00477 (ms)
2026-07-12 22:02:41,930 [INFO] Pass: Optimize1qGatesDecomposition - 0.76795 (ms)
2026-07-12 22:02:41,930 [INFO] Pass: InverseCancellation - 0.14234 (ms)
2026-07-12 22:02:41,931 [INFO] Pass: GatesInBasis - 0.78559 (ms)
2026-07-12 22:02:41,931 [INFO] Pass: Depth - 0.15664 (ms)
2026-07-12 22:02:41,931 [INFO] Pass: FixedPoint - 0.00596 (ms)
2026-07-12 22:02:41,931 [INFO] Pass: HighLevelSynthesis - 1.42479 (ms)
2026-07-12 22:02:41,931 [INFO] Pass: Size - 0.05579 (ms)
2026-07-12 22:02:41,931 [INFO] Pass: FixedPoint - 0.00477 (ms)
2026-07-12 22:02:41,931 [INFO] Pass: ContainsInstruction - 0.00501 (ms)
2026-07-12 22:02:41,932 [INFO] Pass: BasisTranslator - 0.90551 (ms)
2026-07-12 22:02:41,932 [INFO] Pass: ContainsInstruction - 0.00858 (ms)
2026-07-12 22:02:41,932 [INFO] Pass: Depth - 0.17524 (ms)
2026-07-12 22:02:41,932 [INFO] Pass: FixedPoint - 0.00763 (ms)
2026-07-12 22:02:41,932 [INFO] Pass: Size - 0.05794 (ms)
2026-07-12 22:02:41,932 [INFO] Pass: FixedPoint - 0.00453 (ms)
2026-07-12 22:02:41,932 [INFO] Total Transpile Time - 63.90882 (ms)
2026-07-12 22:02:41,932 [INFO] Pass: InverseCancellation - 0.16475 (ms)
2026-07-12 22:02:41,932 [INFO] Pass: UnitarySynthesis - 0.00477 (ms)
2026-07-12 22:02:41,933 [INFO] Pass: Optimize1qGatesDecomposition - 0.78869 (ms)
2026-07-12 22:02:41,933 [INFO] Pass: InverseCancellation - 0.14925 (ms)
2026-07-12 22:02:41,934 [INFO] Pass: HighLevelSynthesis - 1.38831 (ms)
2026-07-12 22:02:41,934 [INFO] Pass: GatesInBasis - 0.79012 (ms)
2026-07-12 22:02:41,934 [INFO] Pass: Depth - 0.15855 (ms)
2026-07-12 22:02:41,935 [INFO] Pass: FixedPoint - 0.00596 (ms)
2026-07-12 22:02:41,935 [INFO] Pass: Size - 0.05603 (ms)
2026-07-12 22:02:41,935 [INFO] Pass: FixedPoint - 0.00453 (ms)
2026-07-12 22:02:41,935 [INFO] Pass: ContainsInstruction - 0.00477 (ms)
2026-07-12 22:02:41,935 [INFO] Pass: BasisTranslator - 0.75793 (ms)
2026-07-12 22:02:41,935 [INFO] Pass: Depth - 0.17071 (ms)
2026-07-12 22:02:41,935 [INFO] Pass: FixedPoint - 0.00739 (ms)
2026-07-12 22:02:41,935 [INFO] Pass: Size - 0.05794 (ms)
2026-07-12 22:02:41,935 [INFO] Pass: FixedPoint - 0.00453 (ms)
2026-07-12 22:02:41,936 [INFO] Pass: Optimize1qGatesDecomposition - 0.76318 (ms)
2026-07-12 22:02:41,936 [INFO] Total Transpile Time - 65.09924 (ms)
2026-07-12 22:02:41,936 [INFO] Pass: InverseCancellation - 0.14353 (ms)
2026-07-12 22:02:41,937 [INFO] Pass: GatesInBasis - 0.79250 (ms)
2026-07-12 22:02:41,937 [INFO] Pass: Depth - 0.16260 (ms)
2026-07-12 22:02:41,937 [INFO] Pass: FixedPoint - 0.00596 (ms)
2026-07-12 22:02:41,937 [INFO] Pass: Size - 0.05674 (ms)
2026-07-12 22:02:41,937 [INFO] Pass: FixedPoint - 0.00453 (ms)
2026-07-12 22:02:41,937 [INFO] Pass: ContainsInstruction - 0.00501 (ms)
2026-07-12 22:02:41,939 [INFO] Total Transpile Time - 63.64799 (ms)
2026-07-12 22:02:41,958 [INFO] Pass: ContainsInstruction - 0.00858 (ms)
2026-07-12 22:02:41,959 [INFO] Pass: InverseCancellation - 0.16236 (ms)
2026-07-12 22:02:41,959 [INFO] Pass: UnitarySynthesis - 0.00453 (ms)
2026-07-12 22:02:41,960 [INFO] Pass: HighLevelSynthesis - 1.41883 (ms)
2026-07-12 22:02:41,961 [INFO] Pass: BasisTranslator - 0.78058 (ms)
2026-07-12 22:02:41,961 [INFO] Pass: ContainsInstruction - 0.00763 (ms)
2026-07-12 22:02:41,961 [INFO] Pass: Depth - 0.17071 (ms)
2026-07-12 22:02:41,961 [INFO] Pass: FixedPoint - 0.00715 (ms)
2026-07-12 22:02:41,961 [INFO] Pass: Size - 0.05865 (ms)
2026-07-12 22:02:41,961 [INFO] Pass: InverseCancellation - 0.16713 (ms)
2026-07-12 22:02:41,961 [INFO] Pass: FixedPoint - 0.00453 (ms)
2026-07-12 22:02:41,961 [INFO] Pass: UnitarySynthesis - 0.00477 (ms)
2026-07-12 22:02:41,961 [INFO] Pass: ContainsInstruction - 0.00787 (ms)
2026-07-12 22:02:41,962 [INFO] Pass: InverseCancellation - 0.16093 (ms)
2026-07-12 22:02:41,962 [INFO] Pass: UnitarySynthesis - 0.00453 (ms)
2026-07-12 22:02:41,962 [INFO] Pass: Optimize1qGatesDecomposition - 0.83947 (ms)
2026-07-12 22:02:41,962 [INFO] Pass: InverseCancellation - 0.00763 (ms)
2026-07-12 22:02:41,963 [INFO] Pass: HighLevelSynthesis - 1.43838 (ms)
2026-07-12 22:02:41,963 [INFO] Pass: GatesInBasis - 0.76365 (ms)
2026-07-12 22:02:41,963 [INFO] Pass: HighLevelSynthesis - 1.43147 (ms)
2026-07-12 22:02:41,963 [INFO] Pass: Depth - 0.16236 (ms)
2026-07-12 22:02:41,963 [INFO] Pass: FixedPoint - 0.00572 (ms)
2026-07-12 22:02:41,963 [INFO] Pass: Size - 0.05817 (ms)
2026-07-12 22:02:41,963 [INFO] Pass: FixedPoint - 0.00453 (ms)
2026-07-12 22:02:41,964 [INFO] Pass: BasisTranslator - 0.93246 (ms)
2026-07-12 22:02:41,964 [INFO] Pass: BasisTranslator - 0.78177 (ms)
2026-07-12 22:02:41,964 [INFO] Pass: Depth - 0.16999 (ms)
2026-07-12 22:02:41,964 [INFO] Pass: FixedPoint - 0.00834 (ms)
2026-07-12 22:02:41,964 [INFO] Pass: Depth - 0.17452 (ms)
2026-07-12 22:02:41,964 [INFO] Pass: Optimize1qGatesDecomposition - 0.69284 (ms)
2026-07-12 22:02:41,964 [INFO] Pass: Size - 0.06294 (ms)
2026-07-12 22:02:41,964 [INFO] Pass: FixedPoint - 0.00715 (ms)
2026-07-12 22:02:41,964 [INFO] Pass: FixedPoint - 0.00501 (ms)
2026-07-12 22:02:41,964 [INFO] Pass: InverseCancellation - 0.00763 (ms)
2026-07-12 22:02:41,964 [INFO] Pass: Size - 0.05889 (ms)
2026-07-12 22:02:41,964 [INFO] Pass: FixedPoint - 0.00453 (ms)
2026-07-12 22:02:41,965 [INFO] Pass: GatesInBasis - 0.83160 (ms)
2026-07-12 22:02:41,965 [INFO] Pass: Optimize1qGatesDecomposition - 0.83375 (ms)
2026-07-12 22:02:41,965 [INFO] Pass: InverseCancellation - 0.00834 (ms)
2026-07-12 22:02:41,965 [INFO] Pass: Optimize1qGatesDecomposition - 0.83852 (ms)
2026-07-12 22:02:41,965 [INFO] Pass: InverseCancellation - 0.00811 (ms)
2026-07-12 22:02:41,965 [INFO] Pass: Depth - 0.16141 (ms)
2026-07-12 22:02:41,965 [INFO] Pass: FixedPoint - 0.00548 (ms)
2026-07-12 22:02:41,965 [INFO] Pass: ContainsInstruction - 0.00763 (ms)
2026-07-12 22:02:41,965 [INFO] Pass: Size - 0.05579 (ms)
2026-07-12 22:02:41,965 [INFO] Pass: FixedPoint - 0.00429 (ms)
2026-07-12 22:02:41,965 [INFO] Pass: ContainsInstruction - 0.00501 (ms)
2026-07-12 22:02:41,966 [INFO] Pass: InverseCancellation - 0.16093 (ms)
2026-07-12 22:02:41,966 [INFO] Pass: UnitarySynthesis - 0.00477 (ms)
2026-07-12 22:02:41,966 [INFO] Pass: GatesInBasis - 0.75769 (ms)
2026-07-12 22:02:41,966 [INFO] Pass: GatesInBasis - 0.75889 (ms)
2026-07-12 22:02:41,966 [INFO] Pass: Depth - 0.16618 (ms)
2026-07-12 22:02:41,966 [INFO] Pass: FixedPoint - 0.00596 (ms)
2026-07-12 22:02:41,966 [INFO] Pass: Depth - 0.16260 (ms)
2026-07-12 22:02:41,966 [INFO] Pass: Size - 0.05674 (ms)
2026-07-12 22:02:41,966 [INFO] Pass: FixedPoint - 0.00596 (ms)
2026-07-12 22:02:41,966 [INFO] Pass: FixedPoint - 0.00453 (ms)
2026-07-12 22:02:41,966 [INFO] Pass: Size - 0.05603 (ms)
2026-07-12 22:02:41,966 [INFO] Pass: FixedPoint - 0.00429 (ms)
2026-07-12 22:02:41,967 [INFO] Pass: ContainsInstruction - 0.00811 (ms)
2026-07-12 22:02:41,967 [INFO] Total Transpile Time - 65.36698 (ms)
2026-07-12 22:02:41,967 [INFO] Pass: InverseCancellation - 0.16117 (ms)
2026-07-12 22:02:41,967 [INFO] Pass: UnitarySynthesis - 0.00477 (ms)
2026-07-12 22:02:41,967 [INFO] Pass: Optimize1qGatesDecomposition - 0.68760 (ms)
2026-07-12 22:02:41,967 [INFO] Pass: HighLevelSynthesis - 1.43218 (ms)
2026-07-12 22:02:41,967 [INFO] Pass: InverseCancellation - 0.00715 (ms)
2026-07-12 22:02:41,967 [INFO] Pass: Optimize1qGatesDecomposition - 0.68927 (ms)
2026-07-12 22:02:41,967 [INFO] Pass: InverseCancellation - 0.00787 (ms)
2026-07-12 22:02:41,968 [INFO] Pass: GatesInBasis - 0.74649 (ms)
2026-07-12 22:02:41,968 [INFO] Pass: BasisTranslator - 0.78726 (ms)
2026-07-12 22:02:41,968 [INFO] Pass: GatesInBasis - 0.81182 (ms)
2026-07-12 22:02:41,968 [INFO] Pass: Depth - 0.15497 (ms)
2026-07-12 22:02:41,968 [INFO] Pass: FixedPoint - 0.00525 (ms)
2026-07-12 22:02:41,968 [INFO] Pass: Depth - 0.17524 (ms)
2026-07-12 22:02:41,968 [INFO] Pass: FixedPoint - 0.00715 (ms)
2026-07-12 22:02:41,968 [INFO] Pass: Size - 0.05603 (ms)
2026-07-12 22:02:41,968 [INFO] Pass: FixedPoint - 0.00477 (ms)
2026-07-12 22:02:41,968 [INFO] Pass: Depth - 0.16141 (ms)
2026-07-12 22:02:41,968 [INFO] Pass: Size - 0.05913 (ms)
2026-07-12 22:02:41,968 [INFO] Pass: ContainsInstruction - 0.00525 (ms)
2026-07-12 22:02:41,968 [INFO] Pass: FixedPoint - 0.00548 (ms)
2026-07-12 22:02:41,968 [INFO] Pass: FixedPoint - 0.00453 (ms)
2026-07-12 22:02:41,968 [INFO] Pass: Size - 0.05627 (ms)
2026-07-12 22:02:41,968 [INFO] Pass: FixedPoint - 0.00429 (ms)
2026-07-12 22:02:41,968 [INFO] Pass: HighLevelSynthesis - 1.43099 (ms)
2026-07-12 22:02:41,968 [INFO] Pass: ContainsInstruction - 0.00525 (ms)
2026-07-12 22:02:41,969 [INFO] Pass: Optimize1qGatesDecomposition - 0.84519 (ms)
2026-07-12 22:02:41,969 [INFO] Pass: BasisTranslator - 0.78392 (ms)
2026-07-12 22:02:41,969 [INFO] Pass: InverseCancellation - 0.00763 (ms)
2026-07-12 22:02:41,969 [INFO] Pass: ContainsInstruction - 0.00811 (ms)
2026-07-12 22:02:41,969 [INFO] Pass: Depth - 0.17071 (ms)
2026-07-12 22:02:41,970 [INFO] Pass: InverseCancellation - 0.16141 (ms)
2026-07-12 22:02:41,970 [INFO] Pass: FixedPoint - 0.00715 (ms)
2026-07-12 22:02:41,970 [INFO] Total Transpile Time - 64.97598 (ms)
2026-07-12 22:02:41,970 [INFO] Pass: UnitarySynthesis - 0.00453 (ms)
2026-07-12 22:02:41,970 [INFO] Pass: Size - 0.05889 (ms)
2026-07-12 22:02:41,970 [INFO] Pass: FixedPoint - 0.00453 (ms)
2026-07-12 22:02:41,970 [INFO] Total Transpile Time - 65.54484 (ms)
2026-07-12 22:02:41,970 [INFO] Pass: GatesInBasis - 0.74506 (ms)
2026-07-12 22:02:41,970 [INFO] Pass: Depth - 0.16475 (ms)
2026-07-12 22:02:41,970 [INFO] Pass: FixedPoint - 0.00525 (ms)
2026-07-12 22:02:41,970 [INFO] Pass: Size - 0.05794 (ms)
2026-07-12 22:02:41,970 [INFO] Pass: FixedPoint - 0.00429 (ms)
2026-07-12 22:02:41,971 [INFO] Pass: Optimize1qGatesDecomposition - 0.83876 (ms)
2026-07-12 22:02:41,971 [INFO] Pass: InverseCancellation - 0.00763 (ms)
2026-07-12 22:02:41,971 [INFO] Pass: ContainsInstruction - 0.00715 (ms)
2026-07-12 22:02:41,971 [INFO] Pass: HighLevelSynthesis - 1.43170 (ms)
2026-07-12 22:02:41,971 [INFO] Pass: InverseCancellation - 0.16904 (ms)
2026-07-12 22:02:41,971 [INFO] Pass: UnitarySynthesis - 0.00882 (ms)
2026-07-12 22:02:41,971 [INFO] Pass: Optimize1qGatesDecomposition - 0.69070 (ms)
2026-07-12 22:02:41,971 [INFO] Pass: InverseCancellation - 0.00715 (ms)
2026-07-12 22:02:41,971 [INFO] Pass: GatesInBasis - 0.75459 (ms)
2026-07-12 22:02:41,972 [INFO] Pass: Depth - 0.15974 (ms)
2026-07-12 22:02:41,972 [INFO] Pass: FixedPoint - 0.00596 (ms)
2026-07-12 22:02:41,972 [INFO] Pass: Size - 0.05817 (ms)
2026-07-12 22:02:41,972 [INFO] Pass: FixedPoint - 0.00429 (ms)
2026-07-12 22:02:41,972 [INFO] Pass: BasisTranslator - 0.94104 (ms)
2026-07-12 22:02:41,972 [INFO] Pass: GatesInBasis - 0.81706 (ms)
2026-07-12 22:02:41,972 [INFO] Pass: Depth - 0.17786 (ms)
2026-07-12 22:02:41,972 [INFO] Pass: Depth - 0.16475 (ms)
2026-07-12 22:02:41,972 [INFO] Pass: FixedPoint - 0.00787 (ms)
2026-07-12 22:02:41,972 [INFO] Pass: FixedPoint - 0.00596 (ms)
2026-07-12 22:02:41,972 [INFO] Pass: Size - 0.05960 (ms)
2026-07-12 22:02:41,972 [INFO] Pass: Size - 0.05746 (ms)
2026-07-12 22:02:41,972 [INFO] Pass: FixedPoint - 0.00453 (ms)
2026-07-12 22:02:41,972 [INFO] Pass: FixedPoint - 0.00429 (ms)
2026-07-12 22:02:41,972 [INFO] Pass: ContainsInstruction - 0.00548 (ms)
2026-07-12 22:02:41,972 [INFO] Pass: Optimize1qGatesDecomposition - 0.69475 (ms)
2026-07-12 22:02:41,973 [INFO] Pass: InverseCancellation - 0.00739 (ms)
2026-07-12 22:02:41,973 [INFO] Pass: HighLevelSynthesis - 1.43552 (ms)
2026-07-12 22:02:41,973 [INFO] Pass: Optimize1qGatesDecomposition - 0.84639 (ms)
2026-07-12 22:02:41,973 [INFO] Pass: InverseCancellation - 0.00882 (ms)
2026-07-12 22:02:41,973 [INFO] Pass: GatesInBasis - 0.82254 (ms)
2026-07-12 22:02:41,973 [INFO] Pass: BasisTranslator - 0.79513 (ms)
2026-07-12 22:02:41,974 [INFO] Pass: Depth - 0.15640 (ms)
2026-07-12 22:02:41,974 [INFO] Pass: FixedPoint - 0.00548 (ms)
2026-07-12 22:02:41,974 [INFO] Pass: Depth - 0.17071 (ms)
2026-07-12 22:02:41,974 [INFO] Pass: FixedPoint - 0.00691 (ms)
2026-07-12 22:02:41,974 [INFO] Pass: Size - 0.05627 (ms)
2026-07-12 22:02:41,974 [INFO] Total Transpile Time - 65.19699 (ms)
2026-07-12 22:02:41,974 [INFO] Pass: FixedPoint - 0.00405 (ms)
2026-07-12 22:02:41,974 [INFO] Pass: ContainsInstruction - 0.00572 (ms)
2026-07-12 22:02:41,974 [INFO] Pass: Size - 0.05889 (ms)
2026-07-12 22:02:41,974 [INFO] Pass: FixedPoint - 0.00501 (ms)
2026-07-12 22:02:41,974 [INFO] Pass: GatesInBasis - 0.75221 (ms)
2026-07-12 22:02:41,974 [INFO] Pass: Depth - 0.16284 (ms)
2026-07-12 22:02:41,974 [INFO] Pass: FixedPoint - 0.00596 (ms)
2026-07-12 22:02:41,974 [INFO] Pass: Size - 0.05627 (ms)
2026-07-12 22:02:41,975 [INFO] Pass: FixedPoint - 0.00453 (ms)
2026-07-12 22:02:41,975 [INFO] Pass: Optimize1qGatesDecomposition - 0.83280 (ms)
2026-07-12 22:02:41,975 [INFO] Pass: InverseCancellation - 0.00787 (ms)
2026-07-12 22:02:41,975 [INFO] Total Transpile Time - 65.14096 (ms)
2026-07-12 22:02:41,975 [INFO] Pass: Optimize1qGatesDecomposition - 0.70143 (ms)
2026-07-12 22:02:41,975 [INFO] Pass: InverseCancellation - 0.00739 (ms)
2026-07-12 22:02:41,976 [INFO] Pass: GatesInBasis - 0.74863 (ms)
2026-07-12 22:02:41,976 [INFO] Pass: Depth - 0.16165 (ms)
2026-07-12 22:02:41,976 [INFO] Pass: FixedPoint - 0.00572 (ms)
2026-07-12 22:02:41,976 [INFO] Pass: Size - 0.05674 (ms)
2026-07-12 22:02:41,976 [INFO] Pass: FixedPoint - 0.00453 (ms)
2026-07-12 22:02:41,976 [INFO] Pass: ContainsInstruction - 0.00811 (ms)
2026-07-12 22:02:41,976 [INFO] Pass: GatesInBasis - 0.73481 (ms)
2026-07-12 22:02:41,976 [INFO] Pass: InverseCancellation - 0.16737 (ms)
2026-07-12 22:02:41,976 [INFO] Pass: UnitarySynthesis - 0.00501 (ms)
2026-07-12 22:02:41,976 [INFO] Pass: Depth - 0.15473 (ms)
2026-07-12 22:02:41,976 [INFO] Pass: FixedPoint - 0.00525 (ms)
2026-07-12 22:02:41,976 [INFO] Pass: Size - 0.05555 (ms)
2026-07-12 22:02:41,976 [INFO] Pass: FixedPoint - 0.00453 (ms)
2026-07-12 22:02:41,976 [INFO] Pass: ContainsInstruction - 0.00572 (ms)
2026-07-12 22:02:41,977 [INFO] Pass: Optimize1qGatesDecomposition - 0.69499 (ms)
2026-07-12 22:02:41,977 [INFO] Pass: InverseCancellation - 0.00811 (ms)
2026-07-12 22:02:41,978 [INFO] Pass: GatesInBasis - 0.81849 (ms)
2026-07-12 22:02:41,978 [INFO] Pass: Depth - 0.15807 (ms)
2026-07-12 22:02:41,978 [INFO] Total Transpile Time - 65.06467 (ms)
2026-07-12 22:02:41,978 [INFO] Pass: HighLevelSynthesis - 1.44958 (ms)
2026-07-12 22:02:41,978 [INFO] Pass: FixedPoint - 0.00572 (ms)
2026-07-12 22:02:41,978 [INFO] Pass: Size - 0.05794 (ms)
2026-07-12 22:02:41,978 [INFO] Pass: FixedPoint - 0.00453 (ms)
2026-07-12 22:02:41,978 [INFO] Pass: ContainsInstruction - 0.00525 (ms)
2026-07-12 22:02:41,978 [INFO] Pass: ContainsInstruction - 0.00906 (ms)
2026-07-12 22:02:41,978 [INFO] Pass: InverseCancellation - 0.16809 (ms)
2026-07-12 22:02:41,978 [INFO] Pass: UnitarySynthesis - 0.00453 (ms)
2026-07-12 22:02:41,979 [INFO] Pass: BasisTranslator - 0.79393 (ms)
2026-07-12 22:02:41,979 [INFO] Pass: Depth - 0.16904 (ms)
2026-07-12 22:02:41,979 [INFO] Pass: FixedPoint - 0.00834 (ms)
2026-07-12 22:02:41,979 [INFO] Pass: Size - 0.05889 (ms)
2026-07-12 22:02:41,979 [INFO] Pass: FixedPoint - 0.00477 (ms)
2026-07-12 22:02:41,979 [INFO] Total Transpile Time - 64.91351 (ms)
2026-07-12 22:02:41,980 [INFO] Pass: HighLevelSynthesis - 1.43409 (ms)
2026-07-12 22:02:41,980 [INFO] Pass: Optimize1qGatesDecomposition - 0.85282 (ms)
2026-07-12 22:02:41,980 [INFO] Pass: InverseCancellation - 0.00811 (ms)
2026-07-12 22:02:41,981 [INFO] Pass: BasisTranslator - 0.80061 (ms)
2026-07-12 22:02:41,981 [INFO] Pass: GatesInBasis - 0.75245 (ms)
2026-07-12 22:02:41,981 [INFO] Pass: Depth - 0.17023 (ms)
2026-07-12 22:02:41,981 [INFO] Pass: FixedPoint - 0.00763 (ms)
2026-07-12 22:02:41,981 [INFO] Pass: Depth - 0.15759 (ms)
2026-07-12 22:02:41,981 [INFO] Pass: Size - 0.06008 (ms)
2026-07-12 22:02:41,981 [INFO] Pass: FixedPoint - 0.00620 (ms)
2026-07-12 22:02:41,981 [INFO] Pass: FixedPoint - 0.00477 (ms)
2026-07-12 22:02:41,981 [INFO] Pass: Size - 0.05627 (ms)
2026-07-12 22:02:41,981 [INFO] Pass: FixedPoint - 0.00429 (ms)
2026-07-12 22:02:41,982 [INFO] Pass: Optimize1qGatesDecomposition - 0.68927 (ms)
2026-07-12 22:02:41,982 [INFO] Pass: Optimize1qGatesDecomposition - 0.84209 (ms)
2026-07-12 22:02:41,982 [INFO] Pass: InverseCancellation - 0.00763 (ms)
2026-07-12 22:02:41,982 [INFO] Pass: ContainsInstruction - 0.00906 (ms)
2026-07-12 22:02:41,982 [INFO] Pass: InverseCancellation - 0.00811 (ms)
2026-07-12 22:02:41,982 [INFO] Pass: InverseCancellation - 0.16665 (ms)
2026-07-12 22:02:41,982 [INFO] Pass: UnitarySynthesis - 0.00501 (ms)
2026-07-12 22:02:41,983 [INFO] Pass: GatesInBasis - 0.82088 (ms)
2026-07-12 22:02:41,983 [INFO] Pass: GatesInBasis - 0.79393 (ms)
2026-07-12 22:02:41,983 [INFO] Pass: Depth - 0.15783 (ms)
2026-07-12 22:02:41,983 [INFO] Pass: Depth - 0.16069 (ms)
2026-07-12 22:02:41,983 [INFO] Pass: FixedPoint - 0.00596 (ms)
2026-07-12 22:02:41,983 [INFO] Pass: FixedPoint - 0.00644 (ms)
2026-07-12 22:02:41,983 [INFO] Pass: Size - 0.05698 (ms)
2026-07-12 22:02:41,983 [INFO] Pass: Size - 0.05651 (ms)
2026-07-12 22:02:41,983 [INFO] Pass: FixedPoint - 0.00429 (ms)
2026-07-12 22:02:41,983 [INFO] Pass: FixedPoint - 0.00453 (ms)
2026-07-12 22:02:41,983 [INFO] Pass: ContainsInstruction - 0.00572 (ms)
2026-07-12 22:02:41,984 [INFO] Pass: HighLevelSynthesis - 1.43957 (ms)
2026-07-12 22:02:41,984 [INFO] Pass: Optimize1qGatesDecomposition - 0.69261 (ms)
2026-07-12 22:02:41,984 [INFO] Pass: InverseCancellation - 0.00763 (ms)
2026-07-12 22:02:41,984 [INFO] Total Transpile Time - 65.33861 (ms)
2026-07-12 22:02:41,985 [INFO] Pass: BasisTranslator - 0.78511 (ms)
2026-07-12 22:02:41,985 [INFO] Pass: Depth - 0.17405 (ms)
2026-07-12 22:02:41,985 [INFO] Pass: FixedPoint - 0.00811 (ms)
2026-07-12 22:02:41,985 [INFO] Pass: GatesInBasis - 0.82135 (ms)
2026-07-12 22:02:41,985 [INFO] Pass: ContainsInstruction - 0.00787 (ms)
2026-07-12 22:02:41,985 [INFO] Pass: Size - 0.05984 (ms)
2026-07-12 22:02:41,985 [INFO] Pass: FixedPoint - 0.00453 (ms)
2026-07-12 22:02:41,985 [INFO] Pass: Depth - 0.15688 (ms)
2026-07-12 22:02:41,985 [INFO] Pass: FixedPoint - 0.00525 (ms)
2026-07-12 22:02:41,985 [INFO] Pass: InverseCancellation - 0.16356 (ms)
2026-07-12 22:02:41,985 [INFO] Pass: UnitarySynthesis - 0.00453 (ms)
2026-07-12 22:02:41,985 [INFO] Pass: Size - 0.05698 (ms)
2026-07-12 22:02:41,985 [INFO] Pass: FixedPoint - 0.00477 (ms)
2026-07-12 22:02:41,985 [INFO] Pass: ContainsInstruction - 0.00572 (ms)
2026-07-12 22:02:41,986 [INFO] Pass: Optimize1qGatesDecomposition - 0.85235 (ms)
2026-07-12 22:02:41,986 [INFO] Pass: InverseCancellation - 0.00882 (ms)
2026-07-12 22:02:41,986 [INFO] Total Transpile Time - 65.19699 (ms)
2026-07-12 22:02:41,987 [INFO] Pass: HighLevelSynthesis - 1.44243 (ms)
2026-07-12 22:02:41,987 [INFO] Pass: GatesInBasis - 0.79036 (ms)
2026-07-12 22:02:41,987 [INFO] Pass: Depth - 0.15950 (ms)
2026-07-12 22:02:41,987 [INFO] Pass: FixedPoint - 0.00596 (ms)
2026-07-12 22:02:41,987 [INFO] Pass: Size - 0.05603 (ms)
2026-07-12 22:02:41,987 [INFO] Pass: FixedPoint - 0.00453 (ms)
2026-07-12 22:02:41,988 [INFO] Pass: BasisTranslator - 0.95534 (ms)
2026-07-12 22:02:41,988 [INFO] Pass: Optimize1qGatesDecomposition - 0.69833 (ms)
2026-07-12 22:02:41,988 [INFO] Pass: Depth - 0.17428 (ms)
2026-07-12 22:02:41,988 [INFO] Pass: InverseCancellation - 0.00739 (ms)
2026-07-12 22:02:41,988 [INFO] Pass: FixedPoint - 0.00787 (ms)
2026-07-12 22:02:41,988 [INFO] Pass: Size - 0.06175 (ms)
2026-07-12 22:02:41,988 [INFO] Pass: FixedPoint - 0.00453 (ms)
2026-07-12 22:02:41,989 [INFO] Pass: GatesInBasis - 0.82755 (ms)
2026-07-12 22:02:41,989 [INFO] Pass: Optimize1qGatesDecomposition - 0.84591 (ms)
2026-07-12 22:02:41,989 [INFO] Pass: Depth - 0.15712 (ms)
2026-07-12 22:02:41,989 [INFO] Pass: InverseCancellation - 0.00882 (ms)
2026-07-12 22:02:41,989 [INFO] Pass: FixedPoint - 0.00525 (ms)
2026-07-12 22:02:41,989 [INFO] Pass: Size - 0.05698 (ms)
2026-07-12 22:02:41,989 [INFO] Pass: FixedPoint - 0.00429 (ms)
2026-07-12 22:02:41,989 [INFO] Pass: ContainsInstruction - 0.00978 (ms)
2026-07-12 22:02:41,989 [INFO] Pass: ContainsInstruction - 0.00930 (ms)
2026-07-12 22:02:41,990 [INFO] Pass: InverseCancellation - 0.16737 (ms)
2026-07-12 22:02:41,990 [INFO] Pass: UnitarySynthesis - 0.00501 (ms)
2026-07-12 22:02:41,990 [INFO] Pass: GatesInBasis - 0.75960 (ms)
2026-07-12 22:02:41,990 [INFO] Pass: Depth - 0.16189 (ms)
2026-07-12 22:02:41,990 [INFO] Pass: FixedPoint - 0.00596 (ms)
2026-07-12 22:02:41,990 [INFO] Pass: Size - 0.05627 (ms)
2026-07-12 22:02:41,990 [INFO] Pass: FixedPoint - 0.00477 (ms)
2026-07-12 22:02:41,990 [INFO] Total Transpile Time - 65.34100 (ms)
2026-07-12 22:02:41,991 [INFO] Pass: Optimize1qGatesDecomposition - 0.69404 (ms)
2026-07-12 22:02:41,991 [INFO] Pass: InverseCancellation - 0.00834 (ms)
2026-07-12 22:02:41,991 [INFO] Pass: HighLevelSynthesis - 1.45006 (ms)
2026-07-12 22:02:41,992 [INFO] Pass: GatesInBasis - 0.74625 (ms)
2026-07-12 22:02:41,992 [INFO] Pass: Depth - 0.15688 (ms)
2026-07-12 22:02:41,992 [INFO] Pass: FixedPoint - 0.00501 (ms)
2026-07-12 22:02:41,992 [INFO] Pass: Size - 0.05603 (ms)
2026-07-12 22:02:41,992 [INFO] Pass: FixedPoint - 0.00429 (ms)
2026-07-12 22:02:41,992 [INFO] Pass: BasisTranslator - 0.78201 (ms)
2026-07-12 22:02:41,992 [INFO] Pass: ContainsInstruction - 0.00548 (ms)
2026-07-12 22:02:41,992 [INFO] Pass: Depth - 0.18120 (ms)
2026-07-12 22:02:41,992 [INFO] Pass: FixedPoint - 0.00811 (ms)
2026-07-12 22:02:41,992 [INFO] Pass: Size - 0.06008 (ms)
2026-07-12 22:02:41,992 [INFO] Pass: FixedPoint - 0.00453 (ms)
2026-07-12 22:02:41,993 [INFO] Pass: ContainsInstruction - 0.01049 (ms)
2026-07-12 22:02:41,993 [INFO] Pass: InverseCancellation - 0.17452 (ms)
2026-07-12 22:02:41,993 [INFO] Pass: UnitarySynthesis - 0.00525 (ms)
2026-07-12 22:02:41,993 [INFO] Pass: Optimize1qGatesDecomposition - 0.85711 (ms)
2026-07-12 22:02:41,993 [INFO] Total Transpile Time - 65.38582 (ms)
2026-07-12 22:02:41,993 [INFO] Pass: InverseCancellation - 0.00930 (ms)
2026-07-12 22:02:41,994 [INFO] Pass: GatesInBasis - 0.75555 (ms)
2026-07-12 22:02:41,994 [INFO] Pass: Depth - 0.16165 (ms)
2026-07-12 22:02:41,994 [INFO] Pass: FixedPoint - 0.00620 (ms)
2026-07-12 22:02:41,995 [INFO] Pass: Size - 0.05627 (ms)
2026-07-12 22:02:41,995 [INFO] Pass: FixedPoint - 0.00429 (ms)
2026-07-12 22:02:41,995 [INFO] Pass: HighLevelSynthesis - 1.43909 (ms)
2026-07-12 22:02:41,995 [INFO] Pass: Optimize1qGatesDecomposition - 0.70000 (ms)
2026-07-12 22:02:41,995 [INFO] Pass: InverseCancellation - 0.00763 (ms)
2026-07-12 22:02:41,996 [INFO] Pass: ContainsInstruction - 0.00882 (ms)
2026-07-12 22:02:41,996 [INFO] Pass: InverseCancellation - 0.16665 (ms)
2026-07-12 22:02:41,996 [INFO] Pass: BasisTranslator - 0.95081 (ms)
2026-07-12 22:02:41,996 [INFO] Pass: UnitarySynthesis - 0.00501 (ms)
2026-07-12 22:02:41,996 [INFO] Pass: Depth - 0.18024 (ms)
2026-07-12 22:02:41,996 [INFO] Pass: FixedPoint - 0.00834 (ms)
2026-07-12 22:02:41,996 [INFO] Pass: Size - 0.06533 (ms)
2026-07-12 22:02:41,996 [INFO] Pass: FixedPoint - 0.00477 (ms)
2026-07-12 22:02:41,996 [INFO] Pass: GatesInBasis - 0.83447 (ms)
2026-07-12 22:02:41,996 [INFO] Pass: Depth - 0.15664 (ms)
2026-07-12 22:02:41,997 [INFO] Pass: FixedPoint - 0.00548 (ms)
2026-07-12 22:02:41,997 [INFO] Pass: Size - 0.05579 (ms)
2026-07-12 22:02:41,997 [INFO] Pass: FixedPoint - 0.00453 (ms)
2026-07-12 22:02:41,997 [INFO] Pass: ContainsInstruction - 0.00548 (ms)
2026-07-12 22:02:41,997 [INFO] Pass: Optimize1qGatesDecomposition - 0.84949 (ms)
2026-07-12 22:02:41,997 [INFO] Pass: InverseCancellation - 0.00906 (ms)
2026-07-12 22:02:41,997 [INFO] Pass: HighLevelSynthesis - 1.44005 (ms)
2026-07-12 22:02:41,998 [INFO] Pass: GatesInBasis - 0.75483 (ms)
2026-07-12 22:02:41,998 [INFO] Total Transpile Time - 65.48071 (ms)
2026-07-12 22:02:41,998 [INFO] Pass: BasisTranslator - 0.78750 (ms)
2026-07-12 22:02:41,998 [INFO] Pass: Depth - 0.16642 (ms)
2026-07-12 22:02:41,998 [INFO] Pass: FixedPoint - 0.00644 (ms)
2026-07-12 22:02:41,998 [INFO] Pass: Size - 0.05722 (ms)
2026-07-12 22:02:41,998 [INFO] Pass: FixedPoint - 0.00453 (ms)
2026-07-12 22:02:41,998 [INFO] Pass: Depth - 0.17285 (ms)
2026-07-12 22:02:41,998 [INFO] Pass: FixedPoint - 0.00811 (ms)
2026-07-12 22:02:41,998 [INFO] Pass: Size - 0.06056 (ms)
2026-07-12 22:02:41,999 [INFO] Pass: FixedPoint - 0.00429 (ms)
2026-07-12 22:02:41,999 [INFO] Pass: Optimize1qGatesDecomposition - 0.69475 (ms)
2026-07-12 22:02:41,999 [INFO] Pass: InverseCancellation - 0.01287 (ms)
2026-07-12 22:02:41,999 [INFO] Pass: Optimize1qGatesDecomposition - 0.85688 (ms)
2026-07-12 22:02:41,999 [INFO] Pass: InverseCancellation - 0.00930 (ms)
2026-07-12 22:02:42,000 [INFO] Pass: GatesInBasis - 0.74387 (ms)
2026-07-12 22:02:42,000 [INFO] Pass: Depth - 0.15569 (ms)
2026-07-12 22:02:42,000 [INFO] Pass: FixedPoint - 0.00572 (ms)
2026-07-12 22:02:42,000 [INFO] Pass: Size - 0.05603 (ms)
2026-07-12 22:02:42,000 [INFO] Pass: FixedPoint - 0.00429 (ms)
2026-07-12 22:02:42,000 [INFO] Pass: GatesInBasis - 0.75507 (ms)
2026-07-12 22:02:42,000 [INFO] Pass: ContainsInstruction - 0.00548 (ms)
2026-07-12 22:02:42,001 [INFO] Pass: Depth - 0.16332 (ms)
2026-07-12 22:02:42,001 [INFO] Pass: FixedPoint - 0.00596 (ms)
2026-07-12 22:02:42,001 [INFO] Pass: Size - 0.05674 (ms)
2026-07-12 22:02:42,001 [INFO] Pass: FixedPoint - 0.00429 (ms)
2026-07-12 22:02:42,001 [INFO] Pass: Optimize1qGatesDecomposition - 0.69928 (ms)
2026-07-12 22:02:42,001 [INFO] Pass: InverseCancellation - 0.00787 (ms)
2026-07-12 22:02:42,002 [INFO] Total Transpile Time - 65.59658 (ms)
2026-07-12 22:02:42,002 [INFO] Pass: GatesInBasis - 0.82946 (ms)
2026-07-12 22:02:42,003 [INFO] Pass: Depth - 0.15855 (ms)
2026-07-12 22:02:42,003 [INFO] Pass: FixedPoint - 0.00548 (ms)
2026-07-12 22:02:42,003 [INFO] Pass: Size - 0.05555 (ms)
2026-07-12 22:02:42,003 [INFO] Pass: FixedPoint - 0.00405 (ms)
2026-07-12 22:02:42,003 [INFO] Pass: ContainsInstruction - 0.00548 (ms)
2026-07-12 22:02:42,004 [INFO] Total Transpile Time - 65.30285 (ms)
2026-07-12 22:02:42,559 [INFO] [PCE] Aer metadata (1a ejecucion de este proceso): device=CPU method=statevector shots=8192 fusion_enabled=True
2026-07-12 22:02:42,562 [INFO] [PCE] Aer metadata (1a ejecucion de este proceso): device=CPU method=statevector shots=8192 fusion_enabled=True
2026-07-12 22:02:42,571 [INFO] [PCE] Aer metadata (1a ejecucion de este proceso): device=CPU method=statevector shots=8192 fusion_enabled=True
2026-07-12 22:02:42,577 [INFO] [PCE] Aer metadata (1a ejecucion de este proceso): device=CPU method=statevector shots=8192 fusion_enabled=True
2026-07-12 22:02:42,583 [INFO] [PCE] Aer metadata (1a ejecucion de este proceso): device=CPU method=statevector shots=8192 fusion_enabled=True
2026-07-12 22:02:42,586 [INFO] [PCE] Aer metadata (1a ejecucion de este proceso): device=CPU method=statevector shots=8192 fusion_enabled=True
2026-07-12 22:02:42,592 [INFO] [PCE] Aer metadata (1a ejecucion de este proceso): device=CPU method=statevector shots=8192 fusion_enabled=True
2026-07-12 22:02:42,595 [INFO] [PCE] Aer metadata (1a ejecucion de este proceso): device=CPU method=statevector shots=8192 fusion_enabled=True
2026-07-12 22:02:42,598 [INFO] [PCE] Aer metadata (1a ejecucion de este proceso): device=CPU method=statevector shots=8192 fusion_enabled=True
2026-07-12 22:02:42,598 [INFO] [PCE] Aer metadata (1a ejecucion de este proceso): device=CPU method=statevector shots=8192 fusion_enabled=True
2026-07-12 22:02:42,599 [INFO] [PCE] Aer metadata (1a ejecucion de este proceso): device=CPU method=statevector shots=8192 fusion_enabled=True
2026-07-12 22:02:42,599 [INFO] [PCE] Aer metadata (1a ejecucion de este proceso): device=CPU method=statevector shots=8192 fusion_enabled=True
2026-07-12 22:02:42,599 [INFO] [PCE] Aer metadata (1a ejecucion de este proceso): device=CPU method=statevector shots=8192 fusion_enabled=True
2026-07-12 22:02:42,615 [INFO] [PCE] Aer metadata (1a ejecucion de este proceso): device=CPU method=statevector shots=8192 fusion_enabled=True
2026-07-13 05:08:21,747 [INFO] [PCE] n=200 instancia (idx=82) 1/14 completada (paralelo) - transcurrido=0:07:05:40
2026-07-13 05:08:55,541 [INFO] [PCE] n=200 instancia (idx=54) 2/14 completada (paralelo) - transcurrido=0:07:06:14
2026-07-13 05:09:32,420 [INFO] [PCE] n=200 instancia (idx=12) 3/14 completada (paralelo) - transcurrido=0:07:06:51
2026-07-13 05:13:11,972 [INFO] [PCE] n=200 instancia (idx=47) 4/14 completada (paralelo) - transcurrido=0:07:10:30
2026-07-13 05:29:15,803 [INFO] [PCE] n=200 instancia (idx=19) 5/14 completada (paralelo) - transcurrido=0:07:26:34
2026-07-13 05:32:39,154 [INFO] [PCE] n=200 instancia (idx=26) 6/14 completada (paralelo) - transcurrido=0:07:29:57
2026-07-13 05:33:50,157 [INFO] [PCE] n=200 instancia (idx=68) 7/14 completada (paralelo) - transcurrido=0:07:31:08
2026-07-13 05:36:21,308 [INFO] [PCE] n=200 instancia (idx=75) 8/14 completada (paralelo) - transcurrido=0:07:33:40
2026-07-13 05:37:35,892 [INFO] [PCE] n=200 instancia (idx=89) 9/14 completada (paralelo) - transcurrido=0:07:34:54
2026-07-13 05:39:08,582 [INFO] [PCE] n=200 instancia (idx=33) 10/14 completada (paralelo) - transcurrido=0:07:36:27
2026-07-13 05:40:37,772 [INFO] [PCE] n=200 instancia (idx=61) 11/14 completada (paralelo) - transcurrido=0:07:37:56
2026-07-13 05:41:01,627 [INFO] [PCE] n=200 instancia (idx=5) 12/14 completada (paralelo) - transcurrido=0:07:38:20
2026-07-13 05:41:09,321 [INFO] [PCE] n=200 instancia (idx=40) 13/14 completada (paralelo) - transcurrido=0:07:38:28
2026-07-13 05:41:38,224 [INFO] [PCE] n=200 instancia (idx=96) 14/14 completada (paralelo) - transcurrido=0:07:38:57
2026-07-13 05:41:38,354 [INFO] [PCE] n=200 chunk 6/7 completado - beta_parcial=0.2659 duration=0:07:38:57 shots=8192 backend=AER
