gcc/system unloaded
gcccore/system unloaded
cesga/2022 unloaded
rust/1.75.0 unloaded
imkl/2022.0.1 unloaded
numpy/1.26.4 unloaded
scipy/1.13.1 unloaded
flint/2.8.4 unloaded
symengine/0.11.1 unloaded
symengine-python/0.11.0 unloaded
spdlog/1.9.2 unloaded
pylatexenc/2.10 unloaded
qiskit/1.2.4-aer-gpu-cu11 unloaded
        Preparing the environment for use of the CESGA 2022 software stack.
        Please rebuild modules cache: module --ignore-cache avail
     
cesga/2022 loaded
rust/1.75.0 loaded

imkl/2023.2.0 loaded
numpy/1.26.4 loaded
scipy/1.13.1 loaded
imkl/2023.2.0 unloaded

imkl/2022.0.1 loaded
flint/2.8.4 loaded
symengine/0.11.1 loaded
symengine-python/0.11.0 loaded
spdlog/1.9.2 loaded
pylatexenc/2.10 loaded
gcccore/system loaded
gcc/system loaded
qiskit/1.2.4-aer-gpu-cu11 loaded
2026-07-12 22:02:41,782 [INFO] [PCE] n=225 chunk 6/7: 14 instancias [5, 12, 19, 26, 33, 40, 47, 54, 61, 68, 75, 82, 89, 96], num_workers=14, qubits=9
2026-07-12 22:02:41,782 [INFO] [PCE] n=225 paralelizando 14 instancias entre 14 workers (max_parallel_threads=1 fijo, independiente de num_workers)
2026-07-12 22:02:41,926 [INFO] Pass: ContainsInstruction - 0.01192 (ms)
2026-07-12 22:02:41,927 [INFO] Pass: InverseCancellation - 0.01836 (ms)
2026-07-12 22:02:41,927 [INFO] Pass: UnitarySynthesis - 0.00596 (ms)
2026-07-12 22:02:41,928 [INFO] Pass: HighLevelSynthesis - 1.58763 (ms)
2026-07-12 22:02:41,929 [INFO] Pass: BasisTranslator - 0.84972 (ms)
2026-07-12 22:02:41,929 [INFO] Pass: Depth - 0.20432 (ms)
2026-07-12 22:02:41,930 [INFO] Pass: FixedPoint - 0.01240 (ms)
2026-07-12 22:02:41,929 [INFO] Pass: ContainsInstruction - 0.01216 (ms)
2026-07-12 22:02:41,930 [INFO] Pass: ContainsInstruction - 0.01359 (ms)
2026-07-12 22:02:41,930 [INFO] Pass: Size - 0.06652 (ms)
2026-07-12 22:02:41,930 [INFO] Pass: InverseCancellation - 0.01669 (ms)
2026-07-12 22:02:41,930 [INFO] Pass: FixedPoint - 0.00477 (ms)
2026-07-12 22:02:41,930 [INFO] Pass: InverseCancellation - 0.01884 (ms)
2026-07-12 22:02:41,930 [INFO] Pass: UnitarySynthesis - 0.00596 (ms)
2026-07-12 22:02:41,930 [INFO] Pass: UnitarySynthesis - 0.00620 (ms)
2026-07-12 22:02:41,930 [INFO] Pass: Optimize1qGatesDecomposition - 0.15283 (ms)
2026-07-12 22:02:41,930 [INFO] Pass: InverseCancellation - 0.00882 (ms)
2026-07-12 22:02:41,931 [INFO] Pass: GatesInBasis - 0.82135 (ms)
2026-07-12 22:02:41,931 [INFO] Pass: Depth - 0.16117 (ms)
2026-07-12 22:02:41,931 [INFO] Pass: FixedPoint - 0.00525 (ms)
2026-07-12 22:02:41,931 [INFO] Pass: Size - 0.05651 (ms)
2026-07-12 22:02:41,931 [INFO] Pass: FixedPoint - 0.00405 (ms)
2026-07-12 22:02:41,931 [INFO] Pass: ContainsInstruction - 0.00501 (ms)
2026-07-12 22:02:41,931 [INFO] Pass: HighLevelSynthesis - 1.54853 (ms)
2026-07-12 22:02:41,931 [INFO] Pass: HighLevelSynthesis - 1.54185 (ms)
2026-07-12 22:02:41,932 [INFO] Pass: BasisTranslator - 0.84186 (ms)
2026-07-12 22:02:41,932 [INFO] Pass: BasisTranslator - 0.84305 (ms)
2026-07-12 22:02:41,932 [INFO] Pass: Depth - 0.19836 (ms)
2026-07-12 22:02:41,932 [INFO] Pass: Depth - 0.19908 (ms)
2026-07-12 22:02:41,932 [INFO] Pass: FixedPoint - 0.01526 (ms)
2026-07-12 22:02:41,933 [INFO] Pass: FixedPoint - 0.01168 (ms)
2026-07-12 22:02:41,933 [INFO] Pass: Size - 0.06652 (ms)
2026-07-12 22:02:41,933 [INFO] Pass: Size - 0.06676 (ms)
2026-07-12 22:02:41,933 [INFO] Total Transpile Time - 83.71878 (ms)
2026-07-12 22:02:41,933 [INFO] Pass: FixedPoint - 0.00477 (ms)
2026-07-12 22:02:41,933 [INFO] Pass: FixedPoint - 0.00453 (ms)
2026-07-12 22:02:41,933 [INFO] Pass: Optimize1qGatesDecomposition - 0.14162 (ms)
2026-07-12 22:02:41,933 [INFO] Pass: Optimize1qGatesDecomposition - 0.14162 (ms)
2026-07-12 22:02:41,933 [INFO] Pass: InverseCancellation - 0.00834 (ms)
2026-07-12 22:02:41,933 [INFO] Pass: InverseCancellation - 0.01001 (ms)
2026-07-12 22:02:41,934 [INFO] Pass: GatesInBasis - 0.79298 (ms)
2026-07-12 22:02:41,934 [INFO] Pass: GatesInBasis - 0.78940 (ms)
2026-07-12 22:02:41,934 [INFO] Pass: Depth - 0.15950 (ms)
2026-07-12 22:02:41,934 [INFO] Pass: Depth - 0.15640 (ms)
2026-07-12 22:02:41,934 [INFO] Pass: FixedPoint - 0.00501 (ms)
2026-07-12 22:02:41,934 [INFO] Pass: FixedPoint - 0.00525 (ms)
2026-07-12 22:02:41,934 [INFO] Pass: Size - 0.05603 (ms)
2026-07-12 22:02:41,934 [INFO] Pass: Size - 0.05722 (ms)
2026-07-12 22:02:41,934 [INFO] Pass: FixedPoint - 0.00453 (ms)
2026-07-12 22:02:41,934 [INFO] Pass: FixedPoint - 0.00453 (ms)
2026-07-12 22:02:41,934 [INFO] Pass: ContainsInstruction - 0.00548 (ms)
2026-07-12 22:02:41,934 [INFO] Pass: ContainsInstruction - 0.00501 (ms)
2026-07-12 22:02:41,934 [INFO] Pass: ContainsInstruction - 0.01240 (ms)
2026-07-12 22:02:41,934 [INFO] Pass: InverseCancellation - 0.02003 (ms)
2026-07-12 22:02:41,934 [INFO] Pass: UnitarySynthesis - 0.00596 (ms)
2026-07-12 22:02:41,936 [INFO] Total Transpile Time - 82.82900 (ms)
2026-07-12 22:02:41,936 [INFO] Total Transpile Time - 83.02355 (ms)
2026-07-12 22:02:41,936 [INFO] Pass: HighLevelSynthesis - 1.56045 (ms)
2026-07-12 22:02:41,937 [INFO] Pass: BasisTranslator - 0.78702 (ms)
2026-07-12 22:02:41,937 [INFO] Pass: Depth - 0.20194 (ms)
2026-07-12 22:02:41,937 [INFO] Pass: ContainsInstruction - 0.01216 (ms)
2026-07-12 22:02:41,937 [INFO] Pass: FixedPoint - 0.01287 (ms)
2026-07-12 22:02:41,937 [INFO] Pass: InverseCancellation - 0.01645 (ms)
2026-07-12 22:02:41,937 [INFO] Pass: Size - 0.07105 (ms)
2026-07-12 22:02:41,937 [INFO] Pass: UnitarySynthesis - 0.00572 (ms)
2026-07-12 22:02:41,937 [INFO] Pass: FixedPoint - 0.00453 (ms)
2026-07-12 22:02:41,937 [INFO] Pass: Optimize1qGatesDecomposition - 0.14544 (ms)
2026-07-12 22:02:41,937 [INFO] Pass: InverseCancellation - 0.00906 (ms)
2026-07-12 22:02:41,938 [INFO] Pass: GatesInBasis - 0.85974 (ms)
2026-07-12 22:02:41,939 [INFO] Pass: Depth - 0.15974 (ms)
2026-07-12 22:02:41,939 [INFO] Pass: FixedPoint - 0.00548 (ms)
2026-07-12 22:02:41,939 [INFO] Pass: Size - 0.05651 (ms)
2026-07-12 22:02:41,939 [INFO] Pass: FixedPoint - 0.00429 (ms)
2026-07-12 22:02:41,939 [INFO] Pass: ContainsInstruction - 0.00501 (ms)
2026-07-12 22:02:41,939 [INFO] Pass: HighLevelSynthesis - 1.54185 (ms)
2026-07-12 22:02:41,940 [INFO] Pass: BasisTranslator - 0.79870 (ms)
2026-07-12 22:02:41,940 [INFO] Pass: Depth - 0.19932 (ms)
2026-07-12 22:02:41,940 [INFO] Pass: FixedPoint - 0.01144 (ms)
2026-07-12 22:02:41,940 [INFO] Pass: Size - 0.06557 (ms)
2026-07-12 22:02:41,940 [INFO] Pass: FixedPoint - 0.00477 (ms)
2026-07-12 22:02:41,940 [INFO] Total Transpile Time - 82.82518 (ms)
2026-07-12 22:02:41,940 [INFO] Pass: Optimize1qGatesDecomposition - 0.15330 (ms)
2026-07-12 22:02:41,940 [INFO] Pass: InverseCancellation - 0.00906 (ms)
2026-07-12 22:02:41,941 [INFO] Pass: GatesInBasis - 0.86021 (ms)
2026-07-12 22:02:41,941 [INFO] Pass: Depth - 0.16284 (ms)
2026-07-12 22:02:41,941 [INFO] Pass: FixedPoint - 0.00525 (ms)
2026-07-12 22:02:41,941 [INFO] Pass: ContainsInstruction - 0.01168 (ms)
2026-07-12 22:02:41,942 [INFO] Pass: Size - 0.05627 (ms)
2026-07-12 22:02:41,942 [INFO] Pass: InverseCancellation - 0.01669 (ms)
2026-07-12 22:02:41,942 [INFO] Pass: FixedPoint - 0.00429 (ms)
2026-07-12 22:02:41,942 [INFO] Pass: UnitarySynthesis - 0.00572 (ms)
2026-07-12 22:02:41,942 [INFO] Pass: ContainsInstruction - 0.00525 (ms)
2026-07-12 22:02:41,943 [INFO] Total Transpile Time - 81.87056 (ms)
2026-07-12 22:02:41,943 [INFO] Pass: HighLevelSynthesis - 1.57189 (ms)
2026-07-12 22:02:41,944 [INFO] Pass: BasisTranslator - 0.78845 (ms)
2026-07-12 22:02:41,944 [INFO] Pass: Depth - 0.20409 (ms)
2026-07-12 22:02:41,944 [INFO] Pass: FixedPoint - 0.01240 (ms)
2026-07-12 22:02:41,944 [INFO] Pass: Size - 0.06533 (ms)
2026-07-12 22:02:41,945 [INFO] Pass: FixedPoint - 0.00477 (ms)
2026-07-12 22:02:41,945 [INFO] Pass: Optimize1qGatesDecomposition - 0.14448 (ms)
2026-07-12 22:02:41,945 [INFO] Pass: InverseCancellation - 0.00834 (ms)
2026-07-12 22:02:41,946 [INFO] Pass: GatesInBasis - 0.85258 (ms)
2026-07-12 22:02:41,946 [INFO] Pass: Depth - 0.16499 (ms)
2026-07-12 22:02:41,946 [INFO] Pass: FixedPoint - 0.00572 (ms)
2026-07-12 22:02:41,946 [INFO] Pass: Size - 0.05865 (ms)
2026-07-12 22:02:41,946 [INFO] Pass: FixedPoint - 0.00477 (ms)
2026-07-12 22:02:41,946 [INFO] Pass: ContainsInstruction - 0.00525 (ms)
2026-07-12 22:02:41,947 [INFO] Total Transpile Time - 82.26299 (ms)
2026-07-12 22:02:41,949 [INFO] Pass: ContainsInstruction - 0.01240 (ms)
2026-07-12 22:02:41,949 [INFO] Pass: ContainsInstruction - 0.01240 (ms)
2026-07-12 22:02:41,949 [INFO] Pass: InverseCancellation - 0.01740 (ms)
2026-07-12 22:02:41,949 [INFO] Pass: InverseCancellation - 0.01597 (ms)
2026-07-12 22:02:41,949 [INFO] Pass: UnitarySynthesis - 0.00572 (ms)
2026-07-12 22:02:41,949 [INFO] Pass: UnitarySynthesis - 0.00572 (ms)
2026-07-12 22:02:41,951 [INFO] Pass: HighLevelSynthesis - 1.54591 (ms)
2026-07-12 22:02:41,951 [INFO] Pass: HighLevelSynthesis - 1.57642 (ms)
2026-07-12 22:02:41,952 [INFO] Pass: BasisTranslator - 0.84543 (ms)
2026-07-12 22:02:41,952 [INFO] Pass: BasisTranslator - 0.85378 (ms)
2026-07-12 22:02:41,952 [INFO] Pass: Depth - 0.20671 (ms)
2026-07-12 22:02:41,952 [INFO] Pass: Depth - 0.20409 (ms)
2026-07-12 22:02:41,952 [INFO] Pass: FixedPoint - 0.01216 (ms)
2026-07-12 22:02:41,952 [INFO] Pass: FixedPoint - 0.01168 (ms)
2026-07-12 22:02:41,952 [INFO] Pass: Size - 0.06604 (ms)
2026-07-12 22:02:41,952 [INFO] Pass: FixedPoint - 0.00477 (ms)
2026-07-12 22:02:41,952 [INFO] Pass: Size - 0.06437 (ms)
2026-07-12 22:02:41,952 [INFO] Pass: FixedPoint - 0.00525 (ms)
2026-07-12 22:02:41,953 [INFO] Pass: Optimize1qGatesDecomposition - 0.14424 (ms)
2026-07-12 22:02:41,953 [INFO] Pass: Optimize1qGatesDecomposition - 0.14496 (ms)
2026-07-12 22:02:41,953 [INFO] Pass: InverseCancellation - 0.00811 (ms)
2026-07-12 22:02:41,953 [INFO] Pass: InverseCancellation - 0.00811 (ms)
2026-07-12 22:02:41,953 [INFO] Pass: ContainsInstruction - 0.01168 (ms)
2026-07-12 22:02:41,953 [INFO] Pass: InverseCancellation - 0.01645 (ms)
2026-07-12 22:02:41,953 [INFO] Pass: UnitarySynthesis - 0.00572 (ms)
2026-07-12 22:02:41,954 [INFO] Pass: GatesInBasis - 0.82374 (ms)
2026-07-12 22:02:41,954 [INFO] Pass: GatesInBasis - 0.82564 (ms)
2026-07-12 22:02:41,954 [INFO] Pass: Depth - 0.15759 (ms)
2026-07-12 22:02:41,954 [INFO] Pass: FixedPoint - 0.00548 (ms)
2026-07-12 22:02:41,954 [INFO] Pass: Depth - 0.15807 (ms)
2026-07-12 22:02:41,954 [INFO] Pass: FixedPoint - 0.00501 (ms)
2026-07-12 22:02:41,954 [INFO] Pass: Size - 0.05674 (ms)
2026-07-12 22:02:41,954 [INFO] Pass: FixedPoint - 0.00477 (ms)
2026-07-12 22:02:41,954 [INFO] Pass: Size - 0.05627 (ms)
2026-07-12 22:02:41,954 [INFO] Pass: ContainsInstruction - 0.00525 (ms)
2026-07-12 22:02:41,954 [INFO] Pass: FixedPoint - 0.00453 (ms)
2026-07-12 22:02:41,954 [INFO] Pass: ContainsInstruction - 0.00501 (ms)
2026-07-12 22:02:41,955 [INFO] Pass: HighLevelSynthesis - 1.53971 (ms)
2026-07-12 22:02:41,955 [INFO] Total Transpile Time - 83.19926 (ms)
2026-07-12 22:02:41,955 [INFO] Total Transpile Time - 83.18305 (ms)
2026-07-12 22:02:41,956 [INFO] Pass: BasisTranslator - 0.77868 (ms)
2026-07-12 22:02:41,956 [INFO] Pass: Depth - 0.20146 (ms)
2026-07-12 22:02:41,956 [INFO] Pass: FixedPoint - 0.01216 (ms)
2026-07-12 22:02:41,956 [INFO] Pass: Size - 0.06509 (ms)
2026-07-12 22:02:41,956 [INFO] Pass: FixedPoint - 0.00477 (ms)
2026-07-12 22:02:41,956 [INFO] Pass: Optimize1qGatesDecomposition - 0.14281 (ms)
2026-07-12 22:02:41,957 [INFO] Pass: InverseCancellation - 0.00882 (ms)
2026-07-12 22:02:41,957 [INFO] Pass: GatesInBasis - 0.86975 (ms)
2026-07-12 22:02:41,958 [INFO] Pass: Depth - 0.15688 (ms)
2026-07-12 22:02:41,958 [INFO] Pass: FixedPoint - 0.00525 (ms)
2026-07-12 22:02:41,958 [INFO] Pass: Size - 0.05651 (ms)
2026-07-12 22:02:41,958 [INFO] Pass: FixedPoint - 0.00429 (ms)
2026-07-12 22:02:41,958 [INFO] Pass: ContainsInstruction - 0.00501 (ms)
2026-07-12 22:02:41,958 [INFO] Pass: ContainsInstruction - 0.01216 (ms)
2026-07-12 22:02:41,959 [INFO] Pass: InverseCancellation - 0.01669 (ms)
2026-07-12 22:02:41,959 [INFO] Pass: UnitarySynthesis - 0.00596 (ms)
2026-07-12 22:02:41,959 [INFO] Total Transpile Time - 82.44777 (ms)
2026-07-12 22:02:41,960 [INFO] Pass: HighLevelSynthesis - 1.58262 (ms)
2026-07-12 22:02:41,961 [INFO] Pass: BasisTranslator - 0.77915 (ms)
2026-07-12 22:02:41,961 [INFO] Pass: Depth - 0.20838 (ms)
2026-07-12 22:02:41,961 [INFO] Pass: FixedPoint - 0.01264 (ms)
2026-07-12 22:02:41,961 [INFO] Pass: Size - 0.06580 (ms)
2026-07-12 22:02:41,962 [INFO] Pass: FixedPoint - 0.00477 (ms)
2026-07-12 22:02:41,962 [INFO] Pass: Optimize1qGatesDecomposition - 0.14710 (ms)
2026-07-12 22:02:41,962 [INFO] Pass: InverseCancellation - 0.00882 (ms)
2026-07-12 22:02:41,962 [INFO] Pass: ContainsInstruction - 0.01216 (ms)
2026-07-12 22:02:41,962 [INFO] Pass: InverseCancellation - 0.01764 (ms)
2026-07-12 22:02:41,962 [INFO] Pass: UnitarySynthesis - 0.00596 (ms)
2026-07-12 22:02:41,963 [INFO] Pass: GatesInBasis - 0.82231 (ms)
2026-07-12 22:02:41,963 [INFO] Pass: Depth - 0.16475 (ms)
2026-07-12 22:02:41,963 [INFO] Pass: FixedPoint - 0.00572 (ms)
2026-07-12 22:02:41,963 [INFO] Pass: Size - 0.05651 (ms)
2026-07-12 22:02:41,963 [INFO] Pass: FixedPoint - 0.00453 (ms)
2026-07-12 22:02:41,963 [INFO] Pass: ContainsInstruction - 0.00501 (ms)
2026-07-12 22:02:41,964 [INFO] Pass: HighLevelSynthesis - 1.56617 (ms)
2026-07-12 22:02:41,964 [INFO] Pass: BasisTranslator - 0.79107 (ms)
2026-07-12 22:02:41,964 [INFO] Total Transpile Time - 82.90339 (ms)
2026-07-12 22:02:41,965 [INFO] Pass: Depth - 0.20266 (ms)
2026-07-12 22:02:41,965 [INFO] Pass: FixedPoint - 0.01121 (ms)
2026-07-12 22:02:41,965 [INFO] Pass: Size - 0.06390 (ms)
2026-07-12 22:02:41,965 [INFO] Pass: FixedPoint - 0.00453 (ms)
2026-07-12 22:02:41,965 [INFO] Pass: Optimize1qGatesDecomposition - 0.14305 (ms)
2026-07-12 22:02:41,965 [INFO] Pass: InverseCancellation - 0.00882 (ms)
2026-07-12 22:02:41,966 [INFO] Pass: GatesInBasis - 0.85640 (ms)
2026-07-12 22:02:41,966 [INFO] Pass: Depth - 0.17667 (ms)
2026-07-12 22:02:41,966 [INFO] Pass: FixedPoint - 0.00548 (ms)
2026-07-12 22:02:41,966 [INFO] Pass: Size - 0.05698 (ms)
2026-07-12 22:02:41,966 [INFO] Pass: ContainsInstruction - 0.01192 (ms)
2026-07-12 22:02:41,966 [INFO] Pass: FixedPoint - 0.00429 (ms)
2026-07-12 22:02:41,966 [INFO] Pass: ContainsInstruction - 0.00525 (ms)
2026-07-12 22:02:41,966 [INFO] Pass: InverseCancellation - 0.01693 (ms)
2026-07-12 22:02:41,966 [INFO] Pass: UnitarySynthesis - 0.00596 (ms)
2026-07-12 22:02:41,968 [INFO] Total Transpile Time - 82.34048 (ms)
2026-07-12 22:02:41,968 [INFO] Pass: HighLevelSynthesis - 1.55330 (ms)
2026-07-12 22:02:41,969 [INFO] Pass: BasisTranslator - 0.79989 (ms)
2026-07-12 22:02:41,969 [INFO] Pass: Depth - 0.20862 (ms)
2026-07-12 22:02:41,969 [INFO] Pass: FixedPoint - 0.01216 (ms)
2026-07-12 22:02:41,969 [INFO] Pass: Size - 0.06771 (ms)
2026-07-12 22:02:41,969 [INFO] Pass: FixedPoint - 0.00453 (ms)
2026-07-12 22:02:41,970 [INFO] Pass: Optimize1qGatesDecomposition - 0.14186 (ms)
2026-07-12 22:02:41,970 [INFO] Pass: InverseCancellation - 0.00858 (ms)
2026-07-12 22:02:41,971 [INFO] Pass: GatesInBasis - 0.84186 (ms)
2026-07-12 22:02:41,971 [INFO] Pass: ContainsInstruction - 0.01287 (ms)
2026-07-12 22:02:41,971 [INFO] Pass: InverseCancellation - 0.01645 (ms)
2026-07-12 22:02:41,971 [INFO] Pass: Depth - 0.15950 (ms)
2026-07-12 22:02:41,971 [INFO] Pass: UnitarySynthesis - 0.00572 (ms)
2026-07-12 22:02:41,971 [INFO] Pass: FixedPoint - 0.00548 (ms)
2026-07-12 22:02:41,971 [INFO] Pass: Size - 0.05674 (ms)
2026-07-12 22:02:41,971 [INFO] Pass: FixedPoint - 0.00429 (ms)
2026-07-12 22:02:41,971 [INFO] Pass: ContainsInstruction - 0.00525 (ms)
2026-07-12 22:02:41,972 [INFO] Total Transpile Time - 82.48615 (ms)
2026-07-12 22:02:41,972 [INFO] Pass: HighLevelSynthesis - 1.55687 (ms)
2026-07-12 22:02:41,973 [INFO] Pass: BasisTranslator - 0.79203 (ms)
2026-07-12 22:02:41,973 [INFO] Pass: Depth - 0.19979 (ms)
2026-07-12 22:02:41,973 [INFO] Pass: FixedPoint - 0.01121 (ms)
2026-07-12 22:02:41,974 [INFO] Pass: Size - 0.06628 (ms)
2026-07-12 22:02:41,974 [INFO] Pass: FixedPoint - 0.00453 (ms)
2026-07-12 22:02:41,974 [INFO] Pass: Optimize1qGatesDecomposition - 0.14043 (ms)
2026-07-12 22:02:41,974 [INFO] Pass: InverseCancellation - 0.00882 (ms)
2026-07-12 22:02:41,975 [INFO] Pass: GatesInBasis - 0.87500 (ms)
2026-07-12 22:02:41,975 [INFO] Pass: Depth - 0.15736 (ms)
2026-07-12 22:02:41,975 [INFO] Pass: FixedPoint - 0.00501 (ms)
2026-07-12 22:02:41,975 [INFO] Pass: Size - 0.05698 (ms)
2026-07-12 22:02:41,975 [INFO] Pass: FixedPoint - 0.00453 (ms)
2026-07-12 22:02:41,975 [INFO] Pass: ContainsInstruction - 0.00501 (ms)
2026-07-12 22:02:41,977 [INFO] Total Transpile Time - 82.18360 (ms)
2026-07-12 22:02:41,981 [INFO] Pass: ContainsInstruction - 0.02456 (ms)
2026-07-12 22:02:41,981 [INFO] Pass: InverseCancellation - 0.02456 (ms)
2026-07-12 22:02:41,981 [INFO] Pass: UnitarySynthesis - 0.00811 (ms)
2026-07-12 22:02:41,983 [INFO] Pass: HighLevelSynthesis - 1.64604 (ms)
2026-07-12 22:02:41,984 [INFO] Pass: BasisTranslator - 0.79441 (ms)
2026-07-12 22:02:41,984 [INFO] Pass: Depth - 0.22960 (ms)
2026-07-12 22:02:41,984 [INFO] Pass: FixedPoint - 0.01574 (ms)
2026-07-12 22:02:41,984 [INFO] Pass: Size - 0.06890 (ms)
2026-07-12 22:02:41,984 [INFO] Pass: FixedPoint - 0.00501 (ms)
2026-07-12 22:02:41,984 [INFO] Pass: Optimize1qGatesDecomposition - 0.15831 (ms)
2026-07-12 22:02:41,984 [INFO] Pass: InverseCancellation - 0.01192 (ms)
2026-07-12 22:02:41,985 [INFO] Pass: GatesInBasis - 0.87500 (ms)
2026-07-12 22:02:41,985 [INFO] Pass: Depth - 0.16212 (ms)
2026-07-12 22:02:41,985 [INFO] Pass: FixedPoint - 0.00572 (ms)
2026-07-12 22:02:41,986 [INFO] Pass: Size - 0.05674 (ms)
2026-07-12 22:02:41,986 [INFO] Pass: FixedPoint - 0.00429 (ms)
2026-07-12 22:02:41,986 [INFO] Pass: ContainsInstruction - 0.00620 (ms)
2026-07-12 22:02:41,987 [INFO] Total Transpile Time - 85.26683 (ms)
2026-07-12 22:02:41,990 [INFO] Pass: ContainsInstruction - 0.00882 (ms)
2026-07-12 22:02:41,990 [INFO] Pass: InverseCancellation - 0.17142 (ms)
2026-07-12 22:02:41,990 [INFO] Pass: UnitarySynthesis - 0.00453 (ms)
2026-07-12 22:02:41,992 [INFO] Pass: HighLevelSynthesis - 1.44839 (ms)
2026-07-12 22:02:41,993 [INFO] Pass: BasisTranslator - 0.78773 (ms)
2026-07-12 22:02:41,993 [INFO] Pass: ContainsInstruction - 0.00834 (ms)
2026-07-12 22:02:41,993 [INFO] Pass: Depth - 0.17858 (ms)
2026-07-12 22:02:41,993 [INFO] Pass: FixedPoint - 0.00739 (ms)
2026-07-12 22:02:41,993 [INFO] Pass: InverseCancellation - 0.17309 (ms)
2026-07-12 22:02:41,993 [INFO] Pass: Size - 0.05984 (ms)
2026-07-12 22:02:41,993 [INFO] Pass: UnitarySynthesis - 0.00501 (ms)
2026-07-12 22:02:41,993 [INFO] Pass: FixedPoint - 0.00453 (ms)
2026-07-12 22:02:41,993 [INFO] Pass: ContainsInstruction - 0.00811 (ms)
2026-07-12 22:02:41,993 [INFO] Pass: InverseCancellation - 0.17524 (ms)
2026-07-12 22:02:41,993 [INFO] Pass: UnitarySynthesis - 0.00501 (ms)
2026-07-12 22:02:41,994 [INFO] Pass: Optimize1qGatesDecomposition - 0.82088 (ms)
2026-07-12 22:02:41,994 [INFO] Pass: InverseCancellation - 0.15783 (ms)
2026-07-12 22:02:41,995 [INFO] Pass: HighLevelSynthesis - 1.47200 (ms)
2026-07-12 22:02:41,995 [INFO] Pass: HighLevelSynthesis - 1.49488 (ms)
2026-07-12 22:02:41,995 [INFO] Pass: GatesInBasis - 0.83041 (ms)
2026-07-12 22:02:41,995 [INFO] Pass: Depth - 0.17023 (ms)
2026-07-12 22:02:41,995 [INFO] Pass: FixedPoint - 0.00596 (ms)
2026-07-12 22:02:41,995 [INFO] Pass: Size - 0.05770 (ms)
2026-07-12 22:02:41,995 [INFO] Pass: BasisTranslator - 0.78940 (ms)
2026-07-12 22:02:41,995 [INFO] Pass: FixedPoint - 0.00453 (ms)
2026-07-12 22:02:41,996 [INFO] Pass: ContainsInstruction - 0.00501 (ms)
2026-07-12 22:02:41,996 [INFO] Pass: Depth - 0.17715 (ms)
2026-07-12 22:02:41,996 [INFO] Pass: FixedPoint - 0.00715 (ms)
2026-07-12 22:02:41,996 [INFO] Pass: BasisTranslator - 0.78678 (ms)
2026-07-12 22:02:41,996 [INFO] Pass: Size - 0.06032 (ms)
2026-07-12 22:02:41,996 [INFO] Pass: FixedPoint - 0.00477 (ms)
2026-07-12 22:02:41,996 [INFO] Pass: Depth - 0.17405 (ms)
2026-07-12 22:02:41,996 [INFO] Pass: FixedPoint - 0.00811 (ms)
2026-07-12 22:02:41,996 [INFO] Pass: Size - 0.06390 (ms)
2026-07-12 22:02:41,996 [INFO] Pass: FixedPoint - 0.00477 (ms)
2026-07-12 22:02:41,997 [INFO] Pass: Optimize1qGatesDecomposition - 0.78392 (ms)
2026-07-12 22:02:41,997 [INFO] Pass: InverseCancellation - 0.15521 (ms)
2026-07-12 22:02:41,997 [INFO] Total Transpile Time - 64.21208 (ms)
2026-07-12 22:02:41,997 [INFO] Pass: Optimize1qGatesDecomposition - 0.78893 (ms)
2026-07-12 22:02:41,997 [INFO] Pass: InverseCancellation - 0.15593 (ms)
2026-07-12 22:02:41,998 [INFO] Pass: GatesInBasis - 0.85568 (ms)
2026-07-12 22:02:41,998 [INFO] Pass: ContainsInstruction - 0.00811 (ms)
2026-07-12 22:02:41,998 [INFO] Pass: Depth - 0.16594 (ms)
2026-07-12 22:02:41,998 [INFO] Pass: InverseCancellation - 0.16975 (ms)
2026-07-12 22:02:41,998 [INFO] Pass: FixedPoint - 0.00596 (ms)
2026-07-12 22:02:41,998 [INFO] Pass: UnitarySynthesis - 0.00453 (ms)
2026-07-12 22:02:41,998 [INFO] Pass: GatesInBasis - 0.83995 (ms)
2026-07-12 22:02:41,998 [INFO] Pass: Size - 0.05913 (ms)
2026-07-12 22:02:41,998 [INFO] Pass: FixedPoint - 0.00429 (ms)
2026-07-12 22:02:41,998 [INFO] Pass: ContainsInstruction - 0.00477 (ms)
2026-07-12 22:02:41,998 [INFO] Pass: Depth - 0.16260 (ms)
2026-07-12 22:02:41,998 [INFO] Pass: FixedPoint - 0.00596 (ms)
2026-07-12 22:02:41,998 [INFO] Pass: Size - 0.05841 (ms)
2026-07-12 22:02:41,999 [INFO] Pass: FixedPoint - 0.00477 (ms)
2026-07-12 22:02:41,999 [INFO] Pass: ContainsInstruction - 0.00525 (ms)
2026-07-12 22:02:42,000 [INFO] Pass: HighLevelSynthesis - 1.47653 (ms)
2026-07-12 22:02:42,000 [INFO] Total Transpile Time - 64.00442 (ms)
2026-07-12 22:02:42,000 [INFO] Total Transpile Time - 64.32962 (ms)
2026-07-12 22:02:42,000 [INFO] Pass: ContainsInstruction - 0.00954 (ms)
2026-07-12 22:02:42,001 [INFO] Pass: InverseCancellation - 0.16856 (ms)
2026-07-12 22:02:42,001 [INFO] Pass: UnitarySynthesis - 0.00548 (ms)
2026-07-12 22:02:42,001 [INFO] Pass: BasisTranslator - 1.24836 (ms)
2026-07-12 22:02:42,001 [INFO] Pass: Depth - 0.17834 (ms)
2026-07-12 22:02:42,001 [INFO] Pass: FixedPoint - 0.00834 (ms)
2026-07-12 22:02:42,001 [INFO] Pass: Size - 0.06056 (ms)
2026-07-12 22:02:42,001 [INFO] Pass: FixedPoint - 0.00453 (ms)
2026-07-12 22:02:42,002 [INFO] Pass: Optimize1qGatesDecomposition - 0.78630 (ms)
2026-07-12 22:02:42,002 [INFO] Pass: HighLevelSynthesis - 1.48630 (ms)
2026-07-12 22:02:42,002 [INFO] Pass: InverseCancellation - 0.14973 (ms)
2026-07-12 22:02:42,003 [INFO] Pass: GatesInBasis - 0.80085 (ms)
2026-07-12 22:02:42,003 [INFO] Pass: Depth - 0.16618 (ms)
2026-07-12 22:02:42,003 [INFO] Pass: FixedPoint - 0.00620 (ms)
2026-07-12 22:02:42,004 [INFO] Pass: Size - 0.05889 (ms)
2026-07-12 22:02:42,004 [INFO] Pass: FixedPoint - 0.00429 (ms)
2026-07-12 22:02:42,004 [INFO] Pass: ContainsInstruction - 0.00477 (ms)
2026-07-12 22:02:42,004 [INFO] Pass: BasisTranslator - 1.26004 (ms)
2026-07-12 22:02:42,004 [INFO] Pass: Depth - 0.17858 (ms)
2026-07-12 22:02:42,004 [INFO] Pass: FixedPoint - 0.00834 (ms)
2026-07-12 22:02:42,004 [INFO] Pass: Size - 0.06032 (ms)
2026-07-12 22:02:42,004 [INFO] Pass: FixedPoint - 0.00477 (ms)
2026-07-12 22:02:42,005 [INFO] Pass: ContainsInstruction - 0.00811 (ms)
2026-07-12 22:02:42,005 [INFO] Pass: InverseCancellation - 0.17571 (ms)
2026-07-12 22:02:42,005 [INFO] Pass: Optimize1qGatesDecomposition - 0.79250 (ms)
2026-07-12 22:02:42,005 [INFO] Pass: UnitarySynthesis - 0.00525 (ms)
2026-07-12 22:02:42,005 [INFO] Total Transpile Time - 64.76021 (ms)
2026-07-12 22:02:42,005 [INFO] Pass: InverseCancellation - 0.15140 (ms)
2026-07-12 22:02:42,006 [INFO] Pass: GatesInBasis - 0.84496 (ms)
2026-07-12 22:02:42,006 [INFO] Pass: Depth - 0.17262 (ms)
2026-07-12 22:02:42,006 [INFO] Pass: FixedPoint - 0.00572 (ms)
2026-07-12 22:02:42,006 [INFO] Pass: Size - 0.05794 (ms)
2026-07-12 22:02:42,006 [INFO] Pass: FixedPoint - 0.00429 (ms)
2026-07-12 22:02:42,006 [INFO] Pass: ContainsInstruction - 0.00525 (ms)
2026-07-12 22:02:42,006 [INFO] Pass: HighLevelSynthesis - 1.47557 (ms)
2026-07-12 22:02:42,008 [INFO] Pass: BasisTranslator - 1.27101 (ms)
2026-07-12 22:02:42,008 [INFO] Total Transpile Time - 64.67938 (ms)
2026-07-12 22:02:42,008 [INFO] Pass: Depth - 0.18215 (ms)
2026-07-12 22:02:42,008 [INFO] Pass: FixedPoint - 0.00811 (ms)
2026-07-12 22:02:42,008 [INFO] Pass: Size - 0.06008 (ms)
2026-07-12 22:02:42,008 [INFO] Pass: FixedPoint - 0.00453 (ms)
2026-07-12 22:02:42,009 [INFO] Pass: Optimize1qGatesDecomposition - 0.78154 (ms)
2026-07-12 22:02:42,009 [INFO] Pass: InverseCancellation - 0.15330 (ms)
2026-07-12 22:02:42,010 [INFO] Pass: GatesInBasis - 0.83208 (ms)
2026-07-12 22:02:42,010 [INFO] Pass: Depth - 0.16880 (ms)
2026-07-12 22:02:42,010 [INFO] Pass: FixedPoint - 0.00525 (ms)
2026-07-12 22:02:42,010 [INFO] Pass: Size - 0.05817 (ms)
2026-07-12 22:02:42,010 [INFO] Pass: FixedPoint - 0.00477 (ms)
2026-07-12 22:02:42,011 [INFO] Pass: ContainsInstruction - 0.00525 (ms)
2026-07-12 22:02:42,012 [INFO] Total Transpile Time - 64.35299 (ms)
2026-07-12 22:02:42,013 [INFO] Pass: ContainsInstruction - 0.00882 (ms)
2026-07-12 22:02:42,013 [INFO] Pass: ContainsInstruction - 0.00858 (ms)
2026-07-12 22:02:42,013 [INFO] Pass: InverseCancellation - 0.17381 (ms)
2026-07-12 22:02:42,013 [INFO] Pass: UnitarySynthesis - 0.00501 (ms)
2026-07-12 22:02:42,013 [INFO] Pass: InverseCancellation - 0.17142 (ms)
2026-07-12 22:02:42,013 [INFO] Pass: UnitarySynthesis - 0.00501 (ms)
2026-07-12 22:02:42,014 [INFO] Pass: HighLevelSynthesis - 1.46604 (ms)
2026-07-12 22:02:42,015 [INFO] Pass: HighLevelSynthesis - 1.48964 (ms)
2026-07-12 22:02:42,015 [INFO] Pass: BasisTranslator - 0.79846 (ms)
2026-07-12 22:02:42,015 [INFO] Pass: Depth - 0.17595 (ms)
2026-07-12 22:02:42,016 [INFO] Pass: BasisTranslator - 0.80061 (ms)
2026-07-12 22:02:42,016 [INFO] Pass: FixedPoint - 0.00763 (ms)
2026-07-12 22:02:42,016 [INFO] Pass: Size - 0.05937 (ms)
2026-07-12 22:02:42,016 [INFO] Pass: FixedPoint - 0.00429 (ms)
2026-07-12 22:02:42,016 [INFO] Pass: Depth - 0.17571 (ms)
2026-07-12 22:02:42,016 [INFO] Pass: FixedPoint - 0.00763 (ms)
2026-07-12 22:02:42,016 [INFO] Pass: Size - 0.05960 (ms)
2026-07-12 22:02:42,016 [INFO] Pass: FixedPoint - 0.00453 (ms)
2026-07-12 22:02:42,016 [INFO] Pass: Optimize1qGatesDecomposition - 0.78726 (ms)
2026-07-12 22:02:42,017 [INFO] Pass: ContainsInstruction - 0.00882 (ms)
2026-07-12 22:02:42,017 [INFO] Pass: InverseCancellation - 0.15116 (ms)
2026-07-12 22:02:42,017 [INFO] Pass: Optimize1qGatesDecomposition - 0.78392 (ms)
2026-07-12 22:02:42,017 [INFO] Pass: InverseCancellation - 0.17381 (ms)
2026-07-12 22:02:42,017 [INFO] Pass: UnitarySynthesis - 0.00501 (ms)
2026-07-12 22:02:42,017 [INFO] Pass: InverseCancellation - 0.15020 (ms)
2026-07-12 22:02:42,018 [INFO] Pass: GatesInBasis - 0.85044 (ms)
2026-07-12 22:02:42,018 [INFO] Pass: Depth - 0.16379 (ms)
2026-07-12 22:02:42,018 [INFO] Pass: GatesInBasis - 0.81515 (ms)
2026-07-12 22:02:42,018 [INFO] Pass: FixedPoint - 0.00548 (ms)
2026-07-12 22:02:42,018 [INFO] Pass: Size - 0.05889 (ms)
2026-07-12 22:02:42,018 [INFO] Pass: FixedPoint - 0.00453 (ms)
2026-07-12 22:02:42,018 [INFO] Pass: ContainsInstruction - 0.00501 (ms)
2026-07-12 22:02:42,018 [INFO] Pass: Depth - 0.16427 (ms)
2026-07-12 22:02:42,018 [INFO] Pass: FixedPoint - 0.00548 (ms)
2026-07-12 22:02:42,018 [INFO] Pass: Size - 0.06318 (ms)
2026-07-12 22:02:42,018 [INFO] Pass: FixedPoint - 0.00453 (ms)
2026-07-12 22:02:42,018 [INFO] Pass: ContainsInstruction - 0.00501 (ms)
2026-07-12 22:02:42,018 [INFO] Pass: HighLevelSynthesis - 1.48201 (ms)
2026-07-12 22:02:42,019 [INFO] Total Transpile Time - 64.02183 (ms)
2026-07-12 22:02:42,020 [INFO] Total Transpile Time - 64.28218 (ms)
2026-07-12 22:02:42,020 [INFO] Pass: BasisTranslator - 1.25647 (ms)
2026-07-12 22:02:42,020 [INFO] Pass: Depth - 0.18096 (ms)
2026-07-12 22:02:42,020 [INFO] Pass: FixedPoint - 0.00811 (ms)
2026-07-12 22:02:42,020 [INFO] Pass: Size - 0.06032 (ms)
2026-07-12 22:02:42,020 [INFO] Pass: FixedPoint - 0.00477 (ms)
2026-07-12 22:02:42,021 [INFO] Pass: Optimize1qGatesDecomposition - 0.78964 (ms)
2026-07-12 22:02:42,021 [INFO] Pass: InverseCancellation - 0.15259 (ms)
2026-07-12 22:02:42,022 [INFO] Pass: ContainsInstruction - 0.00858 (ms)
2026-07-12 22:02:42,022 [INFO] Pass: GatesInBasis - 0.79632 (ms)
2026-07-12 22:02:42,022 [INFO] Pass: Depth - 0.16999 (ms)
2026-07-12 22:02:42,022 [INFO] Pass: InverseCancellation - 0.17881 (ms)
2026-07-12 22:02:42,022 [INFO] Pass: FixedPoint - 0.00596 (ms)
2026-07-12 22:02:42,022 [INFO] Pass: UnitarySynthesis - 0.00477 (ms)
2026-07-12 22:02:42,022 [INFO] Pass: Size - 0.05889 (ms)
2026-07-12 22:02:42,022 [INFO] Pass: FixedPoint - 0.00429 (ms)
2026-07-12 22:02:42,022 [INFO] Pass: ContainsInstruction - 0.00525 (ms)
2026-07-12 22:02:42,024 [INFO] Pass: HighLevelSynthesis - 1.45841 (ms)
2026-07-12 22:02:42,024 [INFO] Total Transpile Time - 64.44263 (ms)
2026-07-12 22:02:42,025 [INFO] Pass: BasisTranslator - 1.23644 (ms)
2026-07-12 22:02:42,025 [INFO] Pass: ContainsInstruction - 0.00811 (ms)
2026-07-12 22:02:42,025 [INFO] Pass: Depth - 0.19908 (ms)
2026-07-12 22:02:42,025 [INFO] Pass: FixedPoint - 0.00906 (ms)
2026-07-12 22:02:42,025 [INFO] Pass: Size - 0.06151 (ms)
2026-07-12 22:02:42,026 [INFO] Pass: FixedPoint - 0.00477 (ms)
2026-07-12 22:02:42,026 [INFO] Pass: InverseCancellation - 0.17476 (ms)
2026-07-12 22:02:42,026 [INFO] Pass: UnitarySynthesis - 0.00501 (ms)
2026-07-12 22:02:42,026 [INFO] Pass: Optimize1qGatesDecomposition - 0.79083 (ms)
2026-07-12 22:02:42,027 [INFO] Pass: InverseCancellation - 0.15116 (ms)
2026-07-12 22:02:42,027 [INFO] Pass: HighLevelSynthesis - 1.46842 (ms)
2026-07-12 22:02:42,027 [INFO] Pass: GatesInBasis - 0.83923 (ms)
2026-07-12 22:02:42,028 [INFO] Pass: Depth - 0.16332 (ms)
2026-07-12 22:02:42,028 [INFO] Pass: FixedPoint - 0.00620 (ms)
2026-07-12 22:02:42,028 [INFO] Pass: Size - 0.05841 (ms)
2026-07-12 22:02:42,028 [INFO] Pass: FixedPoint - 0.00453 (ms)
2026-07-12 22:02:42,028 [INFO] Pass: ContainsInstruction - 0.00525 (ms)
2026-07-12 22:02:42,028 [INFO] Pass: BasisTranslator - 1.24884 (ms)
2026-07-12 22:02:42,029 [INFO] Pass: Depth - 0.17715 (ms)
2026-07-12 22:02:42,029 [INFO] Pass: FixedPoint - 0.00787 (ms)
2026-07-12 22:02:42,029 [INFO] Pass: Size - 0.06008 (ms)
2026-07-12 22:02:42,029 [INFO] Pass: FixedPoint - 0.00453 (ms)
2026-07-12 22:02:42,029 [INFO] Total Transpile Time - 64.74519 (ms)
2026-07-12 22:02:42,030 [INFO] Pass: Optimize1qGatesDecomposition - 0.77844 (ms)
2026-07-12 22:02:42,030 [INFO] Pass: InverseCancellation - 0.14925 (ms)
2026-07-12 22:02:42,030 [INFO] Pass: ContainsInstruction - 0.00811 (ms)
2026-07-12 22:02:42,030 [INFO] Pass: InverseCancellation - 0.17571 (ms)
2026-07-12 22:02:42,030 [INFO] Pass: UnitarySynthesis - 0.00453 (ms)
2026-07-12 22:02:42,031 [INFO] Pass: GatesInBasis - 0.80848 (ms)
2026-07-12 22:02:42,031 [INFO] Pass: Depth - 0.16570 (ms)
2026-07-12 22:02:42,031 [INFO] Pass: FixedPoint - 0.00548 (ms)
2026-07-12 22:02:42,031 [INFO] Pass: Size - 0.05913 (ms)
2026-07-12 22:02:42,031 [INFO] Pass: FixedPoint - 0.00429 (ms)
2026-07-12 22:02:42,031 [INFO] Pass: ContainsInstruction - 0.00525 (ms)
2026-07-12 22:02:42,032 [INFO] Pass: HighLevelSynthesis - 1.49250 (ms)
2026-07-12 22:02:42,032 [INFO] Total Transpile Time - 64.57591 (ms)
2026-07-12 22:02:42,033 [INFO] Pass: BasisTranslator - 1.25313 (ms)
2026-07-12 22:02:42,033 [INFO] Pass: Depth - 0.18191 (ms)
2026-07-12 22:02:42,033 [INFO] Pass: FixedPoint - 0.00882 (ms)
2026-07-12 22:02:42,033 [INFO] Pass: Size - 0.06056 (ms)
2026-07-12 22:02:42,034 [INFO] Pass: FixedPoint - 0.00477 (ms)
2026-07-12 22:02:42,034 [INFO] Pass: Optimize1qGatesDecomposition - 0.79942 (ms)
2026-07-12 22:02:42,035 [INFO] Pass: ContainsInstruction - 0.00882 (ms)
2026-07-12 22:02:42,035 [INFO] Pass: InverseCancellation - 0.14853 (ms)
2026-07-12 22:02:42,035 [INFO] Pass: InverseCancellation - 0.18144 (ms)
2026-07-12 22:02:42,035 [INFO] Pass: UnitarySynthesis - 0.00548 (ms)
2026-07-12 22:02:42,035 [INFO] Pass: GatesInBasis - 0.81420 (ms)
2026-07-12 22:02:42,036 [INFO] Pass: Depth - 0.16284 (ms)
2026-07-12 22:02:42,036 [INFO] Pass: FixedPoint - 0.00572 (ms)
2026-07-12 22:02:42,036 [INFO] Pass: Size - 0.05841 (ms)
2026-07-12 22:02:42,036 [INFO] Pass: FixedPoint - 0.00453 (ms)
2026-07-12 22:02:42,036 [INFO] Pass: ContainsInstruction - 0.00525 (ms)
2026-07-12 22:02:42,036 [INFO] Pass: HighLevelSynthesis - 1.46532 (ms)
2026-07-12 22:02:42,037 [INFO] Total Transpile Time - 64.83412 (ms)
2026-07-12 22:02:42,038 [INFO] Pass: BasisTranslator - 1.27649 (ms)
2026-07-12 22:02:42,038 [INFO] Pass: Depth - 0.18120 (ms)
2026-07-12 22:02:42,038 [INFO] Pass: FixedPoint - 0.00906 (ms)
2026-07-12 22:02:42,038 [INFO] Pass: Size - 0.06080 (ms)
2026-07-12 22:02:42,038 [INFO] Pass: FixedPoint - 0.00453 (ms)
2026-07-12 22:02:42,039 [INFO] Pass: Optimize1qGatesDecomposition - 0.79942 (ms)
2026-07-12 22:02:42,039 [INFO] Pass: InverseCancellation - 0.15974 (ms)
2026-07-12 22:02:42,040 [INFO] Pass: GatesInBasis - 0.80585 (ms)
2026-07-12 22:02:42,040 [INFO] Pass: Depth - 0.17190 (ms)
2026-07-12 22:02:42,040 [INFO] Pass: FixedPoint - 0.00620 (ms)
2026-07-12 22:02:42,040 [INFO] Pass: Size - 0.05937 (ms)
2026-07-12 22:02:42,040 [INFO] Pass: FixedPoint - 0.00501 (ms)
2026-07-12 22:02:42,040 [INFO] Pass: ContainsInstruction - 0.00548 (ms)
2026-07-12 22:02:42,042 [INFO] Total Transpile Time - 65.26375 (ms)
2026-07-12 22:02:42,046 [INFO] Pass: ContainsInstruction - 0.01502 (ms)
2026-07-12 22:02:42,046 [INFO] Pass: InverseCancellation - 0.22197 (ms)
2026-07-12 22:02:42,046 [INFO] Pass: UnitarySynthesis - 0.00691 (ms)
2026-07-12 22:02:42,048 [INFO] Pass: HighLevelSynthesis - 1.50084 (ms)
2026-07-12 22:02:42,050 [INFO] Pass: BasisTranslator - 1.77288 (ms)
2026-07-12 22:02:42,050 [INFO] Pass: Depth - 0.20885 (ms)
2026-07-12 22:02:42,050 [INFO] Pass: FixedPoint - 0.01216 (ms)
2026-07-12 22:02:42,050 [INFO] Pass: Size - 0.06652 (ms)
2026-07-12 22:02:42,050 [INFO] Pass: FixedPoint - 0.00477 (ms)
2026-07-12 22:02:42,051 [INFO] Pass: Optimize1qGatesDecomposition - 0.84543 (ms)
2026-07-12 22:02:42,051 [INFO] Pass: InverseCancellation - 0.16737 (ms)
2026-07-12 22:02:42,052 [INFO] Pass: GatesInBasis - 0.81420 (ms)
2026-07-12 22:02:42,052 [INFO] Pass: Depth - 0.17738 (ms)
2026-07-12 22:02:42,052 [INFO] Pass: FixedPoint - 0.00739 (ms)
2026-07-12 22:02:42,053 [INFO] Pass: Size - 0.05913 (ms)
2026-07-12 22:02:42,053 [INFO] Pass: FixedPoint - 0.00429 (ms)
2026-07-12 22:02:42,053 [INFO] Pass: ContainsInstruction - 0.00644 (ms)
2026-07-12 22:02:42,054 [INFO] Total Transpile Time - 66.84613 (ms)
2026-07-12 22:02:42,054 [INFO] Pass: ContainsInstruction - 0.01335 (ms)
2026-07-12 22:02:42,055 [INFO] Pass: InverseCancellation - 0.17118 (ms)
2026-07-12 22:02:42,055 [INFO] Pass: UnitarySynthesis - 0.00477 (ms)
2026-07-12 22:02:42,056 [INFO] Pass: HighLevelSynthesis - 1.49155 (ms)
2026-07-12 22:02:42,057 [INFO] Pass: ContainsInstruction - 0.00858 (ms)
2026-07-12 22:02:42,057 [INFO] Pass: BasisTranslator - 0.81205 (ms)
2026-07-12 22:02:42,057 [INFO] Pass: InverseCancellation - 0.16904 (ms)
2026-07-12 22:02:42,057 [INFO] Pass: UnitarySynthesis - 0.00501 (ms)
2026-07-12 22:02:42,057 [INFO] Pass: Depth - 0.18167 (ms)
2026-07-12 22:02:42,057 [INFO] Pass: FixedPoint - 0.00763 (ms)
2026-07-12 22:02:42,057 [INFO] Pass: ContainsInstruction - 0.00834 (ms)
2026-07-12 22:02:42,057 [INFO] Pass: Size - 0.06056 (ms)
2026-07-12 22:02:42,057 [INFO] Pass: FixedPoint - 0.00429 (ms)
2026-07-12 22:02:42,058 [INFO] Pass: InverseCancellation - 0.16880 (ms)
2026-07-12 22:02:42,058 [INFO] Pass: UnitarySynthesis - 0.00501 (ms)
2026-07-12 22:02:42,058 [INFO] Pass: Optimize1qGatesDecomposition - 0.84782 (ms)
2026-07-12 22:02:42,058 [INFO] Pass: InverseCancellation - 0.00882 (ms)
2026-07-12 22:02:42,059 [INFO] Pass: HighLevelSynthesis - 1.52969 (ms)
2026-07-12 22:02:42,059 [INFO] Pass: HighLevelSynthesis - 1.50037 (ms)
2026-07-12 22:02:42,059 [INFO] Pass: GatesInBasis - 0.91410 (ms)
2026-07-12 22:02:42,059 [INFO] Pass: Depth - 0.16546 (ms)
2026-07-12 22:02:42,060 [INFO] Pass: FixedPoint - 0.00548 (ms)
2026-07-12 22:02:42,060 [INFO] Pass: BasisTranslator - 0.81205 (ms)
2026-07-12 22:02:42,060 [INFO] Pass: Size - 0.05841 (ms)
2026-07-12 22:02:42,060 [INFO] Pass: FixedPoint - 0.00453 (ms)
2026-07-12 22:02:42,060 [INFO] Pass: Depth - 0.18120 (ms)
2026-07-12 22:02:42,060 [INFO] Pass: FixedPoint - 0.00763 (ms)
2026-07-12 22:02:42,060 [INFO] Pass: Size - 0.05984 (ms)
2026-07-12 22:02:42,060 [INFO] Pass: FixedPoint - 0.00453 (ms)
2026-07-12 22:02:42,060 [INFO] Pass: BasisTranslator - 0.81801 (ms)
2026-07-12 22:02:42,060 [INFO] Pass: Depth - 0.18358 (ms)
2026-07-12 22:02:42,060 [INFO] Pass: FixedPoint - 0.00763 (ms)
2026-07-12 22:02:42,060 [INFO] Pass: Size - 0.06032 (ms)
2026-07-12 22:02:42,060 [INFO] Pass: Optimize1qGatesDecomposition - 0.69904 (ms)
2026-07-12 22:02:42,060 [INFO] Pass: FixedPoint - 0.00453 (ms)
2026-07-12 22:02:42,060 [INFO] Pass: InverseCancellation - 0.00811 (ms)
2026-07-12 22:02:42,061 [INFO] Pass: Optimize1qGatesDecomposition - 0.84162 (ms)
2026-07-12 22:02:42,061 [INFO] Pass: InverseCancellation - 0.00811 (ms)
2026-07-12 22:02:42,061 [INFO] Pass: Optimize1qGatesDecomposition - 0.83971 (ms)
2026-07-12 22:02:42,061 [INFO] Pass: GatesInBasis - 0.82898 (ms)
2026-07-12 22:02:42,061 [INFO] Pass: InverseCancellation - 0.00858 (ms)
2026-07-12 22:02:42,062 [INFO] Pass: Depth - 0.16141 (ms)
2026-07-12 22:02:42,062 [INFO] Pass: FixedPoint - 0.00477 (ms)
2026-07-12 22:02:42,062 [INFO] Pass: Size - 0.05770 (ms)
2026-07-12 22:02:42,062 [INFO] Pass: FixedPoint - 0.00429 (ms)
2026-07-12 22:02:42,062 [INFO] Pass: ContainsInstruction - 0.00477 (ms)
2026-07-12 22:02:42,062 [INFO] Pass: GatesInBasis - 0.91362 (ms)
2026-07-12 22:02:42,062 [INFO] Pass: ContainsInstruction - 0.00787 (ms)
2026-07-12 22:02:42,062 [INFO] Pass: Depth - 0.16522 (ms)
2026-07-12 22:02:42,062 [INFO] Pass: FixedPoint - 0.00596 (ms)
2026-07-12 22:02:42,062 [INFO] Pass: Size - 0.05865 (ms)
2026-07-12 22:02:42,062 [INFO] Pass: InverseCancellation - 0.17762 (ms)
2026-07-12 22:02:42,062 [INFO] Pass: FixedPoint - 0.00453 (ms)
2026-07-12 22:02:42,062 [INFO] Pass: UnitarySynthesis - 0.00477 (ms)
2026-07-12 22:02:42,062 [INFO] Pass: GatesInBasis - 0.92435 (ms)
2026-07-12 22:02:42,063 [INFO] Pass: Depth - 0.16379 (ms)
2026-07-12 22:02:42,063 [INFO] Pass: FixedPoint - 0.00596 (ms)
2026-07-12 22:02:42,063 [INFO] Pass: Size - 0.05794 (ms)
2026-07-12 22:02:42,063 [INFO] Pass: FixedPoint - 0.00405 (ms)
2026-07-12 22:02:42,063 [INFO] Pass: Optimize1qGatesDecomposition - 0.69141 (ms)
2026-07-12 22:02:42,063 [INFO] Pass: InverseCancellation - 0.00811 (ms)
2026-07-12 22:02:42,063 [INFO] Total Transpile Time - 66.15305 (ms)
2026-07-12 22:02:42,063 [INFO] Pass: Optimize1qGatesDecomposition - 0.69952 (ms)
2026-07-12 22:02:42,063 [INFO] Pass: InverseCancellation - 0.00811 (ms)
2026-07-12 22:02:42,064 [INFO] Pass: HighLevelSynthesis - 1.53112 (ms)
2026-07-12 22:02:42,064 [INFO] Pass: GatesInBasis - 0.81778 (ms)
2026-07-12 22:02:42,064 [INFO] Pass: Depth - 0.16046 (ms)
2026-07-12 22:02:42,064 [INFO] Pass: FixedPoint - 0.00477 (ms)
2026-07-12 22:02:42,064 [INFO] Pass: Size - 0.05817 (ms)
2026-07-12 22:02:42,064 [INFO] Pass: FixedPoint - 0.00453 (ms)
2026-07-12 22:02:42,064 [INFO] Pass: ContainsInstruction - 0.00525 (ms)
2026-07-12 22:02:42,064 [INFO] Pass: GatesInBasis - 0.82707 (ms)
2026-07-12 22:02:42,065 [INFO] Pass: Depth - 0.16022 (ms)
2026-07-12 22:02:42,065 [INFO] Pass: FixedPoint - 0.00501 (ms)
2026-07-12 22:02:42,065 [INFO] Pass: Size - 0.05794 (ms)
2026-07-12 22:02:42,065 [INFO] Pass: BasisTranslator - 0.80037 (ms)
2026-07-12 22:02:42,065 [INFO] Pass: FixedPoint - 0.00429 (ms)
2026-07-12 22:02:42,065 [INFO] Pass: ContainsInstruction - 0.00525 (ms)
2026-07-12 22:02:42,065 [INFO] Pass: ContainsInstruction - 0.00858 (ms)
2026-07-12 22:02:42,065 [INFO] Pass: Depth - 0.17595 (ms)
2026-07-12 22:02:42,065 [INFO] Pass: FixedPoint - 0.00739 (ms)
2026-07-12 22:02:42,065 [INFO] Pass: InverseCancellation - 0.16785 (ms)
2026-07-12 22:02:42,065 [INFO] Pass: Size - 0.06104 (ms)
2026-07-12 22:02:42,065 [INFO] Pass: UnitarySynthesis - 0.00429 (ms)
2026-07-12 22:02:42,065 [INFO] Pass: FixedPoint - 0.00429 (ms)
2026-07-12 22:02:42,066 [INFO] Total Transpile Time - 65.99212 (ms)
2026-07-12 22:02:42,066 [INFO] Pass: Optimize1qGatesDecomposition - 0.83971 (ms)
2026-07-12 22:02:42,066 [INFO] Pass: InverseCancellation - 0.00858 (ms)
2026-07-12 22:02:42,066 [INFO] Total Transpile Time - 66.12992 (ms)
2026-07-12 22:02:42,067 [INFO] Pass: HighLevelSynthesis - 1.51944 (ms)
2026-07-12 22:02:42,067 [INFO] Pass: GatesInBasis - 0.82040 (ms)
2026-07-12 22:02:42,067 [INFO] Pass: Depth - 0.16665 (ms)
2026-07-12 22:02:42,067 [INFO] Pass: FixedPoint - 0.00644 (ms)
2026-07-12 22:02:42,067 [INFO] Pass: Size - 0.05770 (ms)
2026-07-12 22:02:42,067 [INFO] Pass: FixedPoint - 0.00453 (ms)
2026-07-12 22:02:42,068 [INFO] Pass: BasisTranslator - 0.81086 (ms)
2026-07-12 22:02:42,068 [INFO] Pass: Depth - 0.17929 (ms)
2026-07-12 22:02:42,068 [INFO] Pass: FixedPoint - 0.00763 (ms)
2026-07-12 22:02:42,068 [INFO] Pass: Size - 0.06032 (ms)
2026-07-12 22:02:42,068 [INFO] Pass: FixedPoint - 0.00501 (ms)
2026-07-12 22:02:42,068 [INFO] Pass: Optimize1qGatesDecomposition - 0.69380 (ms)
2026-07-12 22:02:42,068 [INFO] Pass: InverseCancellation - 0.00739 (ms)
2026-07-12 22:02:42,069 [INFO] Pass: Optimize1qGatesDecomposition - 0.84233 (ms)
2026-07-12 22:02:42,069 [INFO] Pass: InverseCancellation - 0.00858 (ms)
2026-07-12 22:02:42,069 [INFO] Pass: ContainsInstruction - 0.00787 (ms)
2026-07-12 22:02:42,069 [INFO] Pass: GatesInBasis - 0.88143 (ms)
2026-07-12 22:02:42,069 [INFO] Pass: InverseCancellation - 0.17405 (ms)
2026-07-12 22:02:42,069 [INFO] Pass: Depth - 0.16761 (ms)
2026-07-12 22:02:42,069 [INFO] Pass: UnitarySynthesis - 0.00477 (ms)
2026-07-12 22:02:42,069 [INFO] Pass: FixedPoint - 0.00548 (ms)
2026-07-12 22:02:42,069 [INFO] Pass: Size - 0.05770 (ms)
2026-07-12 22:02:42,069 [INFO] Pass: FixedPoint - 0.00405 (ms)
2026-07-12 22:02:42,069 [INFO] Pass: ContainsInstruction - 0.00525 (ms)
2026-07-12 22:02:42,070 [INFO] Pass: GatesInBasis - 0.83184 (ms)
2026-07-12 22:02:42,070 [INFO] Pass: Depth - 0.16689 (ms)
2026-07-12 22:02:42,070 [INFO] Pass: FixedPoint - 0.00548 (ms)
2026-07-12 22:02:42,070 [INFO] Pass: Size - 0.05794 (ms)
2026-07-12 22:02:42,070 [INFO] Pass: FixedPoint - 0.00453 (ms)
2026-07-12 22:02:42,071 [INFO] Pass: HighLevelSynthesis - 1.51348 (ms)
2026-07-12 22:02:42,071 [INFO] Total Transpile Time - 65.66095 (ms)
2026-07-12 22:02:42,071 [INFO] Pass: Optimize1qGatesDecomposition - 0.70071 (ms)
2026-07-12 22:02:42,071 [INFO] Pass: InverseCancellation - 0.00763 (ms)
2026-07-12 22:02:42,072 [INFO] Pass: BasisTranslator - 0.80681 (ms)
2026-07-12 22:02:42,072 [INFO] Pass: GatesInBasis - 0.84972 (ms)
2026-07-12 22:02:42,072 [INFO] Pass: Depth - 0.18024 (ms)
2026-07-12 22:02:42,072 [INFO] Pass: FixedPoint - 0.00739 (ms)
2026-07-12 22:02:42,072 [INFO] Pass: Depth - 0.16403 (ms)
2026-07-12 22:02:42,072 [INFO] Pass: Size - 0.06199 (ms)
2026-07-12 22:02:42,072 [INFO] Pass: FixedPoint - 0.00548 (ms)
2026-07-12 22:02:42,072 [INFO] Pass: FixedPoint - 0.00429 (ms)
2026-07-12 22:02:42,072 [INFO] Pass: Size - 0.05746 (ms)
2026-07-12 22:02:42,072 [INFO] Pass: FixedPoint - 0.01192 (ms)
2026-07-12 22:02:42,072 [INFO] Pass: ContainsInstruction - 0.00620 (ms)
2026-07-12 22:02:42,073 [INFO] Pass: Optimize1qGatesDecomposition - 0.86069 (ms)
2026-07-12 22:02:42,073 [INFO] Pass: InverseCancellation - 0.00930 (ms)
2026-07-12 22:02:42,074 [INFO] Total Transpile Time - 65.70244 (ms)
2026-07-12 22:02:42,074 [INFO] Pass: GatesInBasis - 0.82707 (ms)
2026-07-12 22:02:42,074 [INFO] Pass: Depth - 0.16952 (ms)
2026-07-12 22:02:42,074 [INFO] Pass: FixedPoint - 0.00572 (ms)
2026-07-12 22:02:42,074 [INFO] Pass: Size - 0.05889 (ms)
2026-07-12 22:02:42,074 [INFO] Pass: FixedPoint - 0.00429 (ms)
2026-07-12 22:02:42,075 [INFO] Pass: Optimize1qGatesDecomposition - 0.69261 (ms)
2026-07-12 22:02:42,075 [INFO] Pass: InverseCancellation - 0.00739 (ms)
2026-07-12 22:02:42,076 [INFO] Pass: GatesInBasis - 0.87976 (ms)
2026-07-12 22:02:42,076 [INFO] Pass: Depth - 0.16856 (ms)
2026-07-12 22:02:42,076 [INFO] Pass: FixedPoint - 0.00501 (ms)
2026-07-12 22:02:42,076 [INFO] Pass: Size - 0.05865 (ms)
2026-07-12 22:02:42,076 [INFO] Pass: FixedPoint - 0.00429 (ms)
2026-07-12 22:02:42,076 [INFO] Pass: ContainsInstruction - 0.00572 (ms)
2026-07-12 22:02:42,077 [INFO] Pass: ContainsInstruction - 0.00882 (ms)
2026-07-12 22:02:42,077 [INFO] Pass: InverseCancellation - 0.16737 (ms)
2026-07-12 22:02:42,077 [INFO] Pass: UnitarySynthesis - 0.00501 (ms)
2026-07-12 22:02:42,077 [INFO] Pass: ContainsInstruction - 0.00834 (ms)
2026-07-12 22:02:42,077 [INFO] Pass: InverseCancellation - 0.16904 (ms)
2026-07-12 22:02:42,077 [INFO] Pass: UnitarySynthesis - 0.00477 (ms)
2026-07-12 22:02:42,078 [INFO] Total Transpile Time - 65.76729 (ms)
2026-07-12 22:02:42,079 [INFO] Pass: HighLevelSynthesis - 1.50013 (ms)
2026-07-12 22:02:42,079 [INFO] Pass: HighLevelSynthesis - 1.50323 (ms)
2026-07-12 22:02:42,080 [INFO] Pass: BasisTranslator - 0.82946 (ms)
2026-07-12 22:02:42,080 [INFO] Pass: Depth - 0.18048 (ms)
2026-07-12 22:02:42,080 [INFO] Pass: FixedPoint - 0.00787 (ms)
2026-07-12 22:02:42,080 [INFO] Pass: BasisTranslator - 0.82397 (ms)
2026-07-12 22:02:42,080 [INFO] Pass: Size - 0.06151 (ms)
2026-07-12 22:02:42,080 [INFO] Pass: FixedPoint - 0.00477 (ms)
2026-07-12 22:02:42,080 [INFO] Pass: Depth - 0.17834 (ms)
2026-07-12 22:02:42,080 [INFO] Pass: FixedPoint - 0.00858 (ms)
2026-07-12 22:02:42,080 [INFO] Pass: Size - 0.06533 (ms)
2026-07-12 22:02:42,080 [INFO] Pass: FixedPoint - 0.00501 (ms)
2026-07-12 22:02:42,081 [INFO] Pass: ContainsInstruction - 0.00834 (ms)
2026-07-12 22:02:42,081 [INFO] Pass: Optimize1qGatesDecomposition - 0.85258 (ms)
2026-07-12 22:02:42,081 [INFO] Pass: InverseCancellation - 0.00834 (ms)
2026-07-12 22:02:42,081 [INFO] Pass: InverseCancellation - 0.17381 (ms)
2026-07-12 22:02:42,081 [INFO] Pass: UnitarySynthesis - 0.00572 (ms)
2026-07-12 22:02:42,081 [INFO] Pass: Optimize1qGatesDecomposition - 0.85306 (ms)
2026-07-12 22:02:42,081 [INFO] Pass: InverseCancellation - 0.00858 (ms)
2026-07-12 22:02:42,082 [INFO] Pass: GatesInBasis - 0.87571 (ms)
2026-07-12 22:02:42,082 [INFO] Pass: Depth - 0.16475 (ms)
2026-07-12 22:02:42,082 [INFO] Pass: FixedPoint - 0.00548 (ms)
2026-07-12 22:02:42,082 [INFO] Pass: Size - 0.05817 (ms)
2026-07-12 22:02:42,082 [INFO] Pass: FixedPoint - 0.00453 (ms)
2026-07-12 22:02:42,082 [INFO] Pass: GatesInBasis - 0.92053 (ms)
2026-07-12 22:02:42,082 [INFO] Pass: Depth - 0.17142 (ms)
2026-07-12 22:02:42,082 [INFO] Pass: FixedPoint - 0.00620 (ms)
2026-07-12 22:02:42,083 [INFO] Pass: Size - 0.05865 (ms)
2026-07-12 22:02:42,083 [INFO] Pass: FixedPoint - 0.00453 (ms)
2026-07-12 22:02:42,083 [INFO] Pass: HighLevelSynthesis - 1.54209 (ms)
2026-07-12 22:02:42,083 [INFO] Pass: Optimize1qGatesDecomposition - 0.69547 (ms)
2026-07-12 22:02:42,083 [INFO] Pass: InverseCancellation - 0.00763 (ms)
2026-07-12 22:02:42,083 [INFO] Pass: Optimize1qGatesDecomposition - 0.70310 (ms)
2026-07-12 22:02:42,083 [INFO] Pass: InverseCancellation - 0.00787 (ms)
2026-07-12 22:02:42,084 [INFO] Pass: BasisTranslator - 0.83733 (ms)
2026-07-12 22:02:42,084 [INFO] Pass: GatesInBasis - 0.81968 (ms)
2026-07-12 22:02:42,084 [INFO] Pass: Depth - 0.18358 (ms)
2026-07-12 22:02:42,084 [INFO] Pass: FixedPoint - 0.00763 (ms)
2026-07-12 22:02:42,084 [INFO] Pass: Size - 0.06223 (ms)
2026-07-12 22:02:42,084 [INFO] Pass: FixedPoint - 0.00453 (ms)
2026-07-12 22:02:42,084 [INFO] Pass: Depth - 0.15950 (ms)
2026-07-12 22:02:42,084 [INFO] Pass: FixedPoint - 0.00477 (ms)
2026-07-12 22:02:42,084 [INFO] Pass: Size - 0.06270 (ms)
2026-07-12 22:02:42,084 [INFO] Pass: GatesInBasis - 0.77868 (ms)
2026-07-12 22:02:42,084 [INFO] Pass: FixedPoint - 0.00405 (ms)
2026-07-12 22:02:42,084 [INFO] Pass: ContainsInstruction - 0.00548 (ms)
2026-07-12 22:02:42,084 [INFO] Pass: Depth - 0.16379 (ms)
2026-07-12 22:02:42,084 [INFO] Pass: FixedPoint - 0.00525 (ms)
2026-07-12 22:02:42,085 [INFO] Pass: Size - 0.05770 (ms)
2026-07-12 22:02:42,085 [INFO] Pass: FixedPoint - 0.00453 (ms)
2026-07-12 22:02:42,085 [INFO] Pass: ContainsInstruction - 0.00525 (ms)
2026-07-12 22:02:42,085 [INFO] Pass: Optimize1qGatesDecomposition - 0.85258 (ms)
2026-07-12 22:02:42,085 [INFO] Pass: InverseCancellation - 0.00954 (ms)
2026-07-12 22:02:42,086 [INFO] Total Transpile Time - 66.14923 (ms)
2026-07-12 22:02:42,086 [INFO] Pass: GatesInBasis - 0.79131 (ms)
2026-07-12 22:02:42,086 [INFO] Pass: Depth - 0.17023 (ms)
2026-07-12 22:02:42,086 [INFO] Total Transpile Time - 66.29777 (ms)
2026-07-12 22:02:42,086 [INFO] Pass: FixedPoint - 0.00811 (ms)
2026-07-12 22:02:42,086 [INFO] Pass: Size - 0.05817 (ms)
2026-07-12 22:02:42,086 [INFO] Pass: FixedPoint - 0.00453 (ms)
2026-07-12 22:02:42,087 [INFO] Pass: ContainsInstruction - 0.00930 (ms)
2026-07-12 22:02:42,087 [INFO] Pass: InverseCancellation - 0.18382 (ms)
2026-07-12 22:02:42,087 [INFO] Pass: UnitarySynthesis - 0.00525 (ms)
2026-07-12 22:02:42,087 [INFO] Pass: Optimize1qGatesDecomposition - 0.70381 (ms)
2026-07-12 22:02:42,087 [INFO] Pass: InverseCancellation - 0.01001 (ms)
2026-07-12 22:02:42,088 [INFO] Pass: GatesInBasis - 0.85235 (ms)
2026-07-12 22:02:42,088 [INFO] Pass: Depth - 0.16499 (ms)
2026-07-12 22:02:42,088 [INFO] Pass: FixedPoint - 0.00548 (ms)
2026-07-12 22:02:42,088 [INFO] Pass: Size - 0.05865 (ms)
2026-07-12 22:02:42,088 [INFO] Pass: FixedPoint - 0.00453 (ms)
2026-07-12 22:02:42,088 [INFO] Pass: ContainsInstruction - 0.00620 (ms)
2026-07-12 22:02:42,089 [INFO] Pass: HighLevelSynthesis - 1.51706 (ms)
2026-07-12 22:02:42,089 [INFO] Pass: BasisTranslator - 0.82374 (ms)
2026-07-12 22:02:42,090 [INFO] Pass: Depth - 0.18167 (ms)
2026-07-12 22:02:42,090 [INFO] Pass: FixedPoint - 0.00858 (ms)
2026-07-12 22:02:42,090 [INFO] Pass: Size - 0.06199 (ms)
2026-07-12 22:02:42,090 [INFO] Pass: FixedPoint - 0.00477 (ms)
2026-07-12 22:02:42,090 [INFO] Pass: ContainsInstruction - 0.00930 (ms)
2026-07-12 22:02:42,090 [INFO] Total Transpile Time - 65.89174 (ms)
2026-07-12 22:02:42,090 [INFO] Pass: InverseCancellation - 0.17095 (ms)
2026-07-12 22:02:42,090 [INFO] Pass: UnitarySynthesis - 0.00477 (ms)
2026-07-12 22:02:42,091 [INFO] Pass: Optimize1qGatesDecomposition - 0.86355 (ms)
2026-07-12 22:02:42,091 [INFO] Pass: InverseCancellation - 0.00858 (ms)
2026-07-12 22:02:42,092 [INFO] Pass: GatesInBasis - 0.83756 (ms)
2026-07-12 22:02:42,092 [INFO] Pass: HighLevelSynthesis - 1.51515 (ms)
2026-07-12 22:02:42,092 [INFO] Pass: Depth - 0.17619 (ms)
2026-07-12 22:02:42,092 [INFO] Pass: FixedPoint - 0.00596 (ms)
2026-07-12 22:02:42,092 [INFO] Pass: Size - 0.05889 (ms)
2026-07-12 22:02:42,092 [INFO] Pass: FixedPoint - 0.00429 (ms)
2026-07-12 22:02:42,093 [INFO] Pass: BasisTranslator - 0.82064 (ms)
2026-07-12 22:02:42,093 [INFO] Pass: Depth - 0.18144 (ms)
2026-07-12 22:02:42,093 [INFO] Pass: Optimize1qGatesDecomposition - 0.71979 (ms)
2026-07-12 22:02:42,093 [INFO] Pass: FixedPoint - 0.00811 (ms)
2026-07-12 22:02:42,093 [INFO] Pass: InverseCancellation - 0.00787 (ms)
2026-07-12 22:02:42,093 [INFO] Pass: Size - 0.06151 (ms)
2026-07-12 22:02:42,093 [INFO] Pass: FixedPoint - 0.00429 (ms)
2026-07-12 22:02:42,094 [INFO] Pass: GatesInBasis - 0.89359 (ms)
2026-07-12 22:02:42,094 [INFO] Pass: Optimize1qGatesDecomposition - 0.85139 (ms)
2026-07-12 22:02:42,094 [INFO] Pass: InverseCancellation - 0.00978 (ms)
2026-07-12 22:02:42,094 [INFO] Pass: Depth - 0.16403 (ms)
2026-07-12 22:02:42,094 [INFO] Pass: FixedPoint - 0.00596 (ms)
2026-07-12 22:02:42,094 [INFO] Pass: Size - 0.05770 (ms)
2026-07-12 22:02:42,094 [INFO] Pass: FixedPoint - 0.00477 (ms)
2026-07-12 22:02:42,094 [INFO] Pass: ContainsInstruction - 0.00525 (ms)
2026-07-12 22:02:42,095 [INFO] Pass: GatesInBasis - 0.82660 (ms)
2026-07-12 22:02:42,095 [INFO] Pass: Depth - 0.16761 (ms)
2026-07-12 22:02:42,095 [INFO] Pass: ContainsInstruction - 0.00930 (ms)
2026-07-12 22:02:42,095 [INFO] Pass: FixedPoint - 0.00548 (ms)
2026-07-12 22:02:42,095 [INFO] Pass: Size - 0.05841 (ms)
2026-07-12 22:02:42,095 [INFO] Pass: FixedPoint - 0.00429 (ms)
2026-07-12 22:02:42,095 [INFO] Pass: InverseCancellation - 0.18978 (ms)
2026-07-12 22:02:42,095 [INFO] Pass: UnitarySynthesis - 0.00477 (ms)
2026-07-12 22:02:42,096 [INFO] Total Transpile Time - 66.27417 (ms)
2026-07-12 22:02:42,096 [INFO] Pass: Optimize1qGatesDecomposition - 0.69928 (ms)
2026-07-12 22:02:42,096 [INFO] Pass: InverseCancellation - 0.00739 (ms)
2026-07-12 22:02:42,097 [INFO] Pass: GatesInBasis - 0.84662 (ms)
2026-07-12 22:02:42,097 [INFO] Pass: HighLevelSynthesis - 1.51777 (ms)
2026-07-12 22:02:42,097 [INFO] Pass: Depth - 0.16046 (ms)
2026-07-12 22:02:42,097 [INFO] Pass: FixedPoint - 0.00477 (ms)
2026-07-12 22:02:42,097 [INFO] Pass: Size - 0.05770 (ms)
2026-07-12 22:02:42,097 [INFO] Pass: FixedPoint - 0.00453 (ms)
2026-07-12 22:02:42,097 [INFO] Pass: ContainsInstruction - 0.00572 (ms)
2026-07-12 22:02:42,098 [INFO] Pass: BasisTranslator - 0.86808 (ms)
2026-07-12 22:02:42,098 [INFO] Pass: Depth - 0.17881 (ms)
2026-07-12 22:02:42,098 [INFO] Pass: FixedPoint - 0.00811 (ms)
2026-07-12 22:02:42,098 [INFO] Pass: Size - 0.06175 (ms)
2026-07-12 22:02:42,098 [INFO] Pass: FixedPoint - 0.00453 (ms)
2026-07-12 22:02:42,099 [INFO] Total Transpile Time - 66.04314 (ms)
2026-07-12 22:02:42,099 [INFO] Pass: Optimize1qGatesDecomposition - 0.87190 (ms)
2026-07-12 22:02:42,099 [INFO] Pass: ContainsInstruction - 0.01287 (ms)
2026-07-12 22:02:42,099 [INFO] Pass: InverseCancellation - 0.01025 (ms)
2026-07-12 22:02:42,099 [INFO] Pass: InverseCancellation - 0.18382 (ms)
2026-07-12 22:02:42,099 [INFO] Pass: UnitarySynthesis - 0.00525 (ms)
2026-07-12 22:02:42,100 [INFO] Pass: GatesInBasis - 0.84734 (ms)
2026-07-12 22:02:42,100 [INFO] Pass: Depth - 0.18358 (ms)
2026-07-12 22:02:42,100 [INFO] Pass: FixedPoint - 0.00596 (ms)
2026-07-12 22:02:42,100 [INFO] Pass: Size - 0.05913 (ms)
2026-07-12 22:02:42,100 [INFO] Pass: FixedPoint - 0.00453 (ms)
2026-07-12 22:02:42,101 [INFO] Pass: HighLevelSynthesis - 1.50037 (ms)
2026-07-12 22:02:42,101 [INFO] Pass: Optimize1qGatesDecomposition - 0.72861 (ms)
2026-07-12 22:02:42,101 [INFO] Pass: InverseCancellation - 0.00882 (ms)
2026-07-12 22:02:42,102 [INFO] Pass: BasisTranslator - 0.81730 (ms)
2026-07-12 22:02:42,102 [INFO] Pass: Depth - 0.18477 (ms)
2026-07-12 22:02:42,102 [INFO] Pass: FixedPoint - 0.00787 (ms)
2026-07-12 22:02:42,102 [INFO] Pass: Size - 0.06199 (ms)
2026-07-12 22:02:42,102 [INFO] Pass: GatesInBasis - 0.92220 (ms)
2026-07-12 22:02:42,102 [INFO] Pass: FixedPoint - 0.00453 (ms)
2026-07-12 22:02:42,102 [INFO] Pass: Depth - 0.17047 (ms)
2026-07-12 22:02:42,103 [INFO] Pass: FixedPoint - 0.00548 (ms)
2026-07-12 22:02:42,103 [INFO] Pass: Size - 0.05984 (ms)
2026-07-12 22:02:42,103 [INFO] Pass: FixedPoint - 0.00429 (ms)
2026-07-12 22:02:42,103 [INFO] Pass: ContainsInstruction - 0.00620 (ms)
2026-07-12 22:02:42,103 [INFO] Pass: Optimize1qGatesDecomposition - 0.86498 (ms)
2026-07-12 22:02:42,103 [INFO] Pass: InverseCancellation - 0.00978 (ms)
2026-07-12 22:02:42,104 [INFO] Pass: GatesInBasis - 0.83017 (ms)
2026-07-12 22:02:42,104 [INFO] Total Transpile Time - 66.88762 (ms)
2026-07-12 22:02:42,104 [INFO] Pass: Depth - 0.17262 (ms)
2026-07-12 22:02:42,104 [INFO] Pass: FixedPoint - 0.00548 (ms)
2026-07-12 22:02:42,104 [INFO] Pass: Size - 0.05937 (ms)
2026-07-12 22:02:42,105 [INFO] Pass: FixedPoint - 0.00453 (ms)
2026-07-12 22:02:42,105 [INFO] Pass: Optimize1qGatesDecomposition - 0.69857 (ms)
2026-07-12 22:02:42,105 [INFO] Pass: InverseCancellation - 0.00811 (ms)
2026-07-12 22:02:42,106 [INFO] Pass: GatesInBasis - 0.84972 (ms)
2026-07-12 22:02:42,106 [INFO] Pass: Depth - 0.16546 (ms)
2026-07-12 22:02:42,106 [INFO] Pass: FixedPoint - 0.00525 (ms)
2026-07-12 22:02:42,107 [INFO] Pass: Size - 0.05817 (ms)
2026-07-12 22:02:42,107 [INFO] Pass: FixedPoint - 0.00429 (ms)
2026-07-12 22:02:42,107 [INFO] Pass: ContainsInstruction - 0.00572 (ms)
2026-07-12 22:02:42,108 [INFO] Total Transpile Time - 66.07723 (ms)
2026-07-12 22:02:42,113 [INFO] Pass: ContainsInstruction - 0.01717 (ms)
2026-07-12 22:02:42,113 [INFO] Pass: InverseCancellation - 0.19956 (ms)
2026-07-12 22:02:42,113 [INFO] Pass: UnitarySynthesis - 0.00620 (ms)
2026-07-12 22:02:42,115 [INFO] Pass: HighLevelSynthesis - 1.54448 (ms)
2026-07-12 22:02:42,115 [INFO] Pass: BasisTranslator - 0.83709 (ms)
2026-07-12 22:02:42,116 [INFO] Pass: Depth - 0.20504 (ms)
2026-07-12 22:02:42,116 [INFO] Pass: FixedPoint - 0.01431 (ms)
2026-07-12 22:02:42,116 [INFO] Pass: Size - 0.06390 (ms)
2026-07-12 22:02:42,116 [INFO] Pass: FixedPoint - 0.00477 (ms)
2026-07-12 22:02:42,117 [INFO] Pass: Optimize1qGatesDecomposition - 0.94509 (ms)
2026-07-12 22:02:42,117 [INFO] Pass: InverseCancellation - 0.01621 (ms)
2026-07-12 22:02:42,118 [INFO] Pass: GatesInBasis - 0.84877 (ms)
2026-07-12 22:02:42,118 [INFO] Pass: Depth - 0.17977 (ms)
2026-07-12 22:02:42,118 [INFO] Pass: FixedPoint - 0.00787 (ms)
2026-07-12 22:02:42,118 [INFO] Pass: Size - 0.05984 (ms)
2026-07-12 22:02:42,118 [INFO] Pass: FixedPoint - 0.00429 (ms)
2026-07-12 22:02:42,119 [INFO] Pass: Optimize1qGatesDecomposition - 0.72718 (ms)
2026-07-12 22:02:42,119 [INFO] Pass: InverseCancellation - 0.00906 (ms)
2026-07-12 22:02:42,120 [INFO] Pass: GatesInBasis - 0.92196 (ms)
2026-07-12 22:02:42,120 [INFO] Pass: Depth - 0.17285 (ms)
2026-07-12 22:02:42,120 [INFO] Pass: FixedPoint - 0.00620 (ms)
2026-07-12 22:02:42,120 [INFO] Pass: Size - 0.05841 (ms)
2026-07-12 22:02:42,120 [INFO] Pass: FixedPoint - 0.00477 (ms)
2026-07-12 22:02:42,121 [INFO] Pass: ContainsInstruction - 0.00668 (ms)
2026-07-12 22:02:42,122 [INFO] Total Transpile Time - 67.77930 (ms)
2026-07-12 22:02:42,654 [INFO] [PCE] Aer metadata (1a ejecucion de este proceso): device=CPU method=statevector shots=8192 fusion_enabled=True
2026-07-12 22:02:42,660 [INFO] [PCE] Aer metadata (1a ejecucion de este proceso): device=CPU method=statevector shots=8192 fusion_enabled=True
2026-07-12 22:02:42,664 [INFO] [PCE] Aer metadata (1a ejecucion de este proceso): device=CPU method=statevector shots=8192 fusion_enabled=True
2026-07-12 22:02:42,666 [INFO] [PCE] Aer metadata (1a ejecucion de este proceso): device=CPU method=statevector shots=8192 fusion_enabled=True
2026-07-12 22:02:42,670 [INFO] [PCE] Aer metadata (1a ejecucion de este proceso): device=CPU method=statevector shots=8192 fusion_enabled=True
2026-07-12 22:02:42,673 [INFO] [PCE] Aer metadata (1a ejecucion de este proceso): device=CPU method=statevector shots=8192 fusion_enabled=True
2026-07-12 22:02:42,679 [INFO] [PCE] Aer metadata (1a ejecucion de este proceso): device=CPU method=statevector shots=8192 fusion_enabled=True
2026-07-12 22:02:42,682 [INFO] [PCE] Aer metadata (1a ejecucion de este proceso): device=CPU method=statevector shots=8192 fusion_enabled=True
2026-07-12 22:02:42,686 [INFO] [PCE] Aer metadata (1a ejecucion de este proceso): device=CPU method=statevector shots=8192 fusion_enabled=True
2026-07-12 22:02:42,689 [INFO] [PCE] Aer metadata (1a ejecucion de este proceso): device=CPU method=statevector shots=8192 fusion_enabled=True
2026-07-12 22:02:42,692 [INFO] [PCE] Aer metadata (1a ejecucion de este proceso): device=CPU method=statevector shots=8192 fusion_enabled=True
2026-07-12 22:02:42,695 [INFO] [PCE] Aer metadata (1a ejecucion de este proceso): device=CPU method=statevector shots=8192 fusion_enabled=True
2026-07-12 22:02:42,714 [INFO] [PCE] Aer metadata (1a ejecucion de este proceso): device=CPU method=statevector shots=8192 fusion_enabled=True
2026-07-12 22:02:42,734 [INFO] [PCE] Aer metadata (1a ejecucion de este proceso): device=CPU method=statevector shots=8192 fusion_enabled=True
2026-07-13 05:58:34,774 [INFO] [PCE] n=225 instancia (idx=75) 1/14 completada (paralelo) - transcurrido=0:07:55:53
2026-07-13 06:01:43,141 [INFO] [PCE] n=225 instancia (idx=33) 2/14 completada (paralelo) - transcurrido=0:07:59:01
2026-07-13 06:04:23,384 [INFO] [PCE] n=225 instancia (idx=26) 3/14 completada (paralelo) - transcurrido=0:08:01:42
2026-07-13 06:06:49,664 [INFO] [PCE] n=225 instancia (idx=40) 4/14 completada (paralelo) - transcurrido=0:08:04:08
2026-07-13 06:20:42,228 [INFO] [PCE] n=225 instancia (idx=47) 5/14 completada (paralelo) - transcurrido=0:08:18:00
2026-07-13 06:24:28,215 [INFO] [PCE] n=225 instancia (idx=5) 6/14 completada (paralelo) - transcurrido=0:08:21:46
2026-07-13 06:26:43,682 [INFO] [PCE] n=225 instancia (idx=54) 7/14 completada (paralelo) - transcurrido=0:08:24:02
2026-07-13 06:27:06,094 [INFO] [PCE] n=225 instancia (idx=89) 8/14 completada (paralelo) - transcurrido=0:08:24:24
2026-07-13 06:28:14,421 [INFO] [PCE] n=225 instancia (idx=61) 9/14 completada (paralelo) - transcurrido=0:08:25:33
2026-07-13 06:28:40,792 [INFO] [PCE] n=225 instancia (idx=12) 10/14 completada (paralelo) - transcurrido=0:08:25:59
2026-07-13 06:29:09,490 [INFO] [PCE] n=225 instancia (idx=96) 11/14 completada (paralelo) - transcurrido=0:08:26:28
2026-07-13 06:31:12,668 [INFO] [PCE] n=225 instancia (idx=68) 12/14 completada (paralelo) - transcurrido=0:08:28:31
2026-07-13 06:31:38,600 [INFO] [PCE] n=225 instancia (idx=19) 13/14 completada (paralelo) - transcurrido=0:08:28:57
2026-07-13 06:32:54,958 [INFO] [PCE] n=225 instancia (idx=82) 14/14 completada (paralelo) - transcurrido=0:08:30:13
2026-07-13 06:32:55,121 [INFO] [PCE] n=225 chunk 6/7 completado - beta_parcial=0.2646 duration=0:08:30:13 shots=8192 backend=AER
