slurmstepd: info: Setting TMPDIR to /scratch/513759. Previous errors about TMPDIR can be discarded
==============================
RUN_ID: 20260710-211606
Array ID: 3  (sublista: 50 75 100 125 150 175 200 225 250)
num_nodes: 125
k: 2
num_instances: 100
optimizer: DIFFERENTIALEVOLUTION
sim_device: CPU
sim_method: statevector
shots: 4096
time_limit (SLURM): 3-00:00:00
==============================

==============================
num_nodes    = 125
num_instances= 100
k            = 2
optimizer    = DIFFERENTIALEVOLUTION
maxiter      = 25
outdir       = Resultados/PCE/20260710-211606
shots        = 4096
==============================


✔ n=125 beta=0.3739 ± 0.0112 (PASSED) shots=4096
✔ Resultado guardado en: Resultados/PCE/20260710-211606/n_125.h5
Fecha fin: Sat Jul 11 22:08:34 CEST 2026

*****************************************************************************
*                                                                           *
*                    JOB EFFICIENCY REPORT (seff 513759)                   *
*                                                                           *
*****************************************************************************

Job ID: 513759
Array Job ID: 513754_3
Cluster: qmio
User/Group: tec_app6/cesga
State: COMPLETED (exit code 0)
Nodes: 1
Cores per node: 16
CPU Utilized: 16-08:16:20
CPU Efficiency: 98.62% of 16-13:46:40 core-walltime
Job Wall-clock time: 1-00:51:40
Memory Utilized: 578.17 MB
Memory Efficiency: 3.53% of 16.00 GB

 +++++++++++++++++++++++++++++++++++++++++++++++++++++++++++++++++++++++++++
 ++   Memory Efficiency is too small. Please review the requested memory. ++
 ++ It seems that you do not need that much memory so we recommend        ++
 ++ requesting less memory in other similar jobs.                         ++
 +++++++++++++++++++++++++++++++++++++++++++++++++++++++++++++++++++++++++++
 
*****************************************************************************

