slurmstepd: info: Setting TMPDIR to /scratch/513753. Previous errors about TMPDIR can be discarded
==============================
RUN_ID: 20260710-211606
Array ID: 1  (sublista: 10 25)
num_nodes: 25
k: 2
num_instances: 100
optimizer: DIFFERENTIALEVOLUTION
sim_device: CPU
sim_method: statevector
shots: 4096
time_limit (SLURM): 6:00:00
6:00:00
==============================

==============================
num_nodes    = 25
num_instances= 100
k            = 2
optimizer    = DIFFERENTIALEVOLUTION
maxiter      = 25
outdir       = Resultados/PCE/20260710-211606
shots        = 4096
==============================


✔ n=25 beta=0.7892 ± 0.0238 (PASSED) shots=4096
✔ Resultado guardado en: Resultados/PCE/20260710-211606/n_25.h5
Fecha fin: Fri Jul 10 21:39:01 CEST 2026

*****************************************************************************
*                                                                           *
*                    JOB EFFICIENCY REPORT (seff 513753)                   *
*                                                                           *
*****************************************************************************

Job ID: 513753
Array Job ID: 513753_1
Cluster: qmio
User/Group: tec_app6/cesga
State: COMPLETED (exit code 0)
Nodes: 1
Cores per node: 16
CPU Utilized: 05:56:22
CPU Efficiency: 98.70% of 06:01:04 core-walltime
Job Wall-clock time: 00:22:34
Memory Utilized: 197.05 MB
Memory Efficiency: 1.20% of 16.00 GB

 +++++++++++++++++++++++++++++++++++++++++++++++++++++++++++++++++++++++++++
 ++   Memory Efficiency is too small. Please review the requested memory. ++
 ++ It seems that you do not need that much memory so we recommend        ++
 ++ requesting less memory in other similar jobs.                         ++
 +++++++++++++++++++++++++++++++++++++++++++++++++++++++++++++++++++++++++++
 
*****************************************************************************

