slurmstepd: info: Setting TMPDIR to /scratch/513758. Previous errors about TMPDIR can be discarded
==============================
RUN_ID: 20260710-211606
Array ID: 2  (sublista: 50 75 100 125 150 175 200 225 250)
num_nodes: 100
k: 2
num_instances: 100
optimizer: DIFFERENTIALEVOLUTION
sim_device: CPU
sim_method: statevector
shots: 4096
time_limit (SLURM): 3-00:00:00
==============================

==============================
num_nodes    = 100
num_instances= 100
k            = 2
optimizer    = DIFFERENTIALEVOLUTION
maxiter      = 25
outdir       = Resultados/PCE/20260710-211606
shots        = 4096
==============================


✔ n=100 beta=0.4356 ± 0.0130 (PASSED) shots=4096
✔ Resultado guardado en: Resultados/PCE/20260710-211606/n_100.h5
Fecha fin: Sat Jul 11 07:05:57 CEST 2026

*****************************************************************************
*                                                                           *
*                    JOB EFFICIENCY REPORT (seff 513758)                   *
*                                                                           *
*****************************************************************************

Job ID: 513758
Array Job ID: 513754_2
Cluster: qmio
User/Group: tec_app6/cesga
State: COMPLETED (exit code 0)
Nodes: 1
Cores per node: 16
CPU Utilized: 6-10:11:27
CPU Efficiency: 98.16% of 6-13:04:48 core-walltime
Job Wall-clock time: 09:49:03
Memory Utilized: 500.59 MB
Memory Efficiency: 3.06% of 16.00 GB

 +++++++++++++++++++++++++++++++++++++++++++++++++++++++++++++++++++++++++++
 ++   Memory Efficiency is too small. Please review the requested memory. ++
 ++ It seems that you do not need that much memory so we recommend        ++
 ++ requesting less memory in other similar jobs.                         ++
 +++++++++++++++++++++++++++++++++++++++++++++++++++++++++++++++++++++++++++
 
*****************************************************************************

