slurmstepd: info: Setting TMPDIR to /scratch/513756. Previous errors about TMPDIR can be discarded
==============================
RUN_ID: 20260710-211606
Array ID: 0  (sublista: 50 75 100 125 150 175 200 225 250)
num_nodes: 50
k: 2
num_instances: 100
optimizer: DIFFERENTIALEVOLUTION
sim_device: CPU
sim_method: statevector
shots: 4096
time_limit (SLURM): 3-00:00:00
==============================

==============================
num_nodes    = 50
num_instances= 100
k            = 2
optimizer    = DIFFERENTIALEVOLUTION
maxiter      = 25
outdir       = Resultados/PCE/20260710-211606
shots        = 4096
==============================


✔ n=50 beta=0.6318 ± 0.0163 (PASSED) shots=4096
✔ Resultado guardado en: Resultados/PCE/20260710-211606/n_50.h5
Fecha fin: Fri Jul 10 22:45:43 CEST 2026

*****************************************************************************
*                                                                           *
*                    JOB EFFICIENCY REPORT (seff 513756)                   *
*                                                                           *
*****************************************************************************

Job ID: 513756
Array Job ID: 513754_0
Cluster: qmio
User/Group: tec_app6/cesga
State: COMPLETED (exit code 0)
Nodes: 1
Cores per node: 16
CPU Utilized: 23:30:37
CPU Efficiency: 99.26% of 23:41:04 core-walltime
Job Wall-clock time: 01:28:49
Memory Utilized: 282.91 MB
Memory Efficiency: 1.73% of 16.00 GB

 +++++++++++++++++++++++++++++++++++++++++++++++++++++++++++++++++++++++++++
 ++   Memory Efficiency is too small. Please review the requested memory. ++
 ++ It seems that you do not need that much memory so we recommend        ++
 ++ requesting less memory in other similar jobs.                         ++
 +++++++++++++++++++++++++++++++++++++++++++++++++++++++++++++++++++++++++++
 
*****************************************************************************

