slurmstepd: info: Setting TMPDIR to /scratch/513543. Previous errors about TMPDIR can be discarded
==============================
RUN_ID: 20260708-092350
Array ID: 7
num_nodes: 175
num_instances: 100
optimizer: DIFFERENTIALEVOLUTION
cpus_per_task: 16
sim_device: CPU
sim_method: statevector
==============================

==============================
num_nodes    = 175
num_instances= 100
k            = 2
optimizer    = DIFFERENTIALEVOLUTION
maxiter      = 25
outdir       = Resultados/PCE/20260708-092350
shots        = 2048
==============================


✔ n=175 beta=0.2795 ± 0.0091 (PASSED) shots=2048
✔ Resultado guardado en: Resultados/PCE/20260708-092350/n_175.h5
Fecha fin: Thu Jul  9 13:16:06 CEST 2026

*****************************************************************************
*                                                                           *
*                    JOB EFFICIENCY REPORT (seff 513543)                   *
*                                                                           *
*****************************************************************************

Job ID: 513543
Array Job ID: 513531_7
Cluster: qmio
User/Group: tec_app6/cesga
State: COMPLETED (exit code 0)
Nodes: 1
Cores per node: 16
CPU Utilized: 16-20:52:12
CPU Efficiency: 97.74% of 17-06:12:48 core-walltime
Job Wall-clock time: 1-01:53:18
Memory Utilized: 953.70 MB
Memory Efficiency: 5.82% of 16.00 GB

 +++++++++++++++++++++++++++++++++++++++++++++++++++++++++++++++++++++++++++
 ++   Memory Efficiency is too small. Please review the requested memory. ++
 ++ It seems that you do not need that much memory so we recommend        ++
 ++ requesting less memory in other similar jobs.                         ++
 +++++++++++++++++++++++++++++++++++++++++++++++++++++++++++++++++++++++++++
 
*****************************************************************************

