slurmstepd: info: Setting TMPDIR to /scratch/513542. Previous errors about TMPDIR can be discarded
==============================
RUN_ID: 20260708-092350
Array ID: 6
num_nodes: 150
num_instances: 100
optimizer: DIFFERENTIALEVOLUTION
cpus_per_task: 16
sim_device: CPU
sim_method: statevector
==============================

==============================
num_nodes    = 150
num_instances= 100
k            = 2
optimizer    = DIFFERENTIALEVOLUTION
maxiter      = 25
outdir       = Resultados/PCE/20260708-092350
shots        = 2048
==============================


✔ n=150 beta=0.3125 ± 0.0112 (PASSED) shots=2048
✔ Resultado guardado en: Resultados/PCE/20260708-092350/n_150.h5
Fecha fin: Fri Jul 10 16:29:36 CEST 2026

*****************************************************************************
*                                                                           *
*                    JOB EFFICIENCY REPORT (seff 513542)                   *
*                                                                           *
*****************************************************************************

Job ID: 513542
Array Job ID: 513531_6
Cluster: qmio
User/Group: tec_app6/cesga
State: COMPLETED (exit code 0)
Nodes: 1
Cores per node: 16
CPU Utilized: 34-15:14:21
CPU Efficiency: 96.98% of 35-17:09:36 core-walltime
Job Wall-clock time: 2-05:34:21
Memory Utilized: 644.63 MB
Memory Efficiency: 3.93% of 16.00 GB

 +++++++++++++++++++++++++++++++++++++++++++++++++++++++++++++++++++++++++++
 ++   Memory Efficiency is too small. Please review the requested memory. ++
 ++ It seems that you do not need that much memory so we recommend        ++
 ++ requesting less memory in other similar jobs.                         ++
 +++++++++++++++++++++++++++++++++++++++++++++++++++++++++++++++++++++++++++
 
*****************************************************************************

