slurmstepd: info: Setting TMPDIR to /scratch/513537. Previous errors about TMPDIR can be discarded
==============================
RUN_ID: 20260708-092350
Array ID: 2
num_nodes: 50
num_instances: 100
optimizer: DIFFERENTIALEVOLUTION
cpus_per_task: 16
sim_device: CPU
sim_method: statevector
==============================

==============================
num_nodes    = 50
num_instances= 100
k            = 2
optimizer    = DIFFERENTIALEVOLUTION
maxiter      = 25
outdir       = Resultados/PCE/20260708-092350
shots        = 2048
==============================


✔ n=50 beta=0.6477 ± 0.0173 (PASSED) shots=2048
✔ Resultado guardado en: Resultados/PCE/20260708-092350/n_50.h5
Fecha fin: Wed Jul  8 10:55:14 CEST 2026

*****************************************************************************
*                                                                           *
*                    JOB EFFICIENCY REPORT (seff 513537)                   *
*                                                                           *
*****************************************************************************

Job ID: 513537
Array Job ID: 513531_2
Cluster: qmio
User/Group: tec_app6/cesga
State: COMPLETED (exit code 0)
Nodes: 1
Cores per node: 16
CPU Utilized: 19:42:13
CPU Efficiency: 99.07% of 19:53:20 core-walltime
Job Wall-clock time: 01:14:35
Memory Utilized: 289.05 MB
Memory Efficiency: 1.76% of 16.00 GB

 +++++++++++++++++++++++++++++++++++++++++++++++++++++++++++++++++++++++++++
 ++   Memory Efficiency is too small. Please review the requested memory. ++
 ++ It seems that you do not need that much memory so we recommend        ++
 ++ requesting less memory in other similar jobs.                         ++
 +++++++++++++++++++++++++++++++++++++++++++++++++++++++++++++++++++++++++++
 
*****************************************************************************

