slurmstepd: info: Setting TMPDIR to /scratch/513536. Previous errors about TMPDIR can be discarded
==============================
RUN_ID: 20260708-092350
Array ID: 1
num_nodes: 25
num_instances: 100
optimizer: DIFFERENTIALEVOLUTION
cpus_per_task: 16
sim_device: CPU
sim_method: statevector
==============================

==============================
num_nodes    = 25
num_instances= 100
k            = 2
optimizer    = DIFFERENTIALEVOLUTION
maxiter      = 25
outdir       = Resultados/PCE/20260708-092350
shots        = 2048
==============================


✔ n=25 beta=0.7780 ± 0.0242 (PASSED) shots=2048
✔ Resultado guardado en: Resultados/PCE/20260708-092350/n_25.h5
Fecha fin: Wed Jul  8 09:53:00 CEST 2026

*****************************************************************************
*                                                                           *
*                    JOB EFFICIENCY REPORT (seff 513536)                   *
*                                                                           *
*****************************************************************************

Job ID: 513536
Array Job ID: 513531_1
Cluster: qmio
User/Group: tec_app6/cesga
State: COMPLETED (exit code 0)
Nodes: 1
Cores per node: 16
CPU Utilized: 04:54:03
CPU Efficiency: 98.45% of 04:58:40 core-walltime
Job Wall-clock time: 00:18:40
Memory Utilized: 207.21 MB
Memory Efficiency: 1.26% of 16.00 GB

 +++++++++++++++++++++++++++++++++++++++++++++++++++++++++++++++++++++++++++
 ++   Memory Efficiency is too small. Please review the requested memory. ++
 ++ It seems that you do not need that much memory so we recommend        ++
 ++ requesting less memory in other similar jobs.                         ++
 +++++++++++++++++++++++++++++++++++++++++++++++++++++++++++++++++++++++++++
 
*****************************************************************************

