slurmstepd: info: Setting TMPDIR to /scratch/513544. Previous errors about TMPDIR can be discarded
==============================
RUN_ID: 20260708-092350
Array ID: 8
num_nodes: 200
num_instances: 100
optimizer: DIFFERENTIALEVOLUTION
cpus_per_task: 16
sim_device: CPU
sim_method: statevector
==============================

==============================
num_nodes    = 200
num_instances= 100
k            = 2
optimizer    = DIFFERENTIALEVOLUTION
maxiter      = 25
outdir       = Resultados/PCE/20260708-092350
shots        = 2048
==============================


✔ n=200 beta=0.2442 ± 0.0093 (PASSED) shots=2048
✔ Resultado guardado en: Resultados/PCE/20260708-092350/n_200.h5
Fecha fin: Thu Jul  9 23:09:14 CEST 2026

*****************************************************************************
*                                                                           *
*                    JOB EFFICIENCY REPORT (seff 513544)                   *
*                                                                           *
*****************************************************************************

Job ID: 513544
Array Job ID: 513531_8
Cluster: qmio
User/Group: tec_app6/cesga
State: COMPLETED (exit code 0)
Nodes: 1
Cores per node: 16
CPU Utilized: 23-00:39:18
CPU Efficiency: 97.38% of 23-15:31:28 core-walltime
Job Wall-clock time: 1-11:28:13
Memory Utilized: 1.10 GB
Memory Efficiency: 6.88% of 16.00 GB

 +++++++++++++++++++++++++++++++++++++++++++++++++++++++++++++++++++++++++++
 ++   Memory Efficiency is too small. Please review the requested memory. ++
 ++ It seems that you do not need that much memory so we recommend        ++
 ++ requesting less memory in other similar jobs.                         ++
 +++++++++++++++++++++++++++++++++++++++++++++++++++++++++++++++++++++++++++
 
*****************************************************************************

