slurmstepd: info: Setting TMPDIR to /scratch/512441. Previous errors about TMPDIR can be discarded
==============================
RUN_ID: 20260702-141827
Array ID: 2
num_nodes: 150
num_instances: 50
optimizer: DIFFERENTIALEVOLUTION
cpus_per_task: 16
==============================

==============================
num_nodes    = 150
num_instances= 50
k            = 2
optimizer    = DIFFERENTIALEVOLUTION
maxiter      = 20
outdir       = Resultados/PCE/20260702-141827
==============================


✔ n=150 beta=0.6839 ± 0.0162 (PASSED)
✔ Resultado guardado en: Resultados/PCE/20260702-141827/n_150.json
Fecha fin: Thu Jul  2 23:43:43 CEST 2026

*****************************************************************************
*                                                                           *
*                    JOB EFFICIENCY REPORT (seff 512441)                   *
*                                                                           *
*****************************************************************************

Job ID: 512441
Array Job ID: 512438_2
Cluster: qmio
User/Group: tec_app6/cesga
State: COMPLETED (exit code 0)
Nodes: 1
Cores per node: 16
CPU Utilized: 1-09:53:19
CPU Efficiency: 22.48% of 6-06:44:00 core-walltime
Job Wall-clock time: 09:25:15
Memory Utilized: 538.96 MB
Memory Efficiency: 3.29% of 16.00 GB

 +++++++++++++++++++++++++++++++++++++++++++++++++++++++++++++++++++++++++++
 ++   Memory Efficiency is too small. Please review the requested memory. ++
 ++ It seems that you do not need that much memory so we recommend        ++
 ++ requesting less memory in other similar jobs.                         ++
 +++++++++++++++++++++++++++++++++++++++++++++++++++++++++++++++++++++++++++
 
*****************************************************************************

