slurmstepd: info: Setting TMPDIR to /scratch/512442. Previous errors about TMPDIR can be discarded
==============================
RUN_ID: 20260702-141827
Array ID: 3
num_nodes: 175
num_instances: 50
optimizer: DIFFERENTIALEVOLUTION
cpus_per_task: 16
==============================

==============================
num_nodes    = 175
num_instances= 50
k            = 2
optimizer    = DIFFERENTIALEVOLUTION
maxiter      = 20
outdir       = Resultados/PCE/20260702-141827
==============================


✔ n=175 beta=0.6688 ± 0.0116 (PASSED)
✔ Resultado guardado en: Resultados/PCE/20260702-141827/n_175.json
Fecha fin: Fri Jul  3 04:17:03 CEST 2026

*****************************************************************************
*                                                                           *
*                    JOB EFFICIENCY REPORT (seff 512442)                   *
*                                                                           *
*****************************************************************************

Job ID: 512442
Array Job ID: 512438_3
Cluster: qmio
User/Group: tec_app6/cesga
State: COMPLETED (exit code 0)
Nodes: 1
Cores per node: 16
CPU Utilized: 1-16:25:50
CPU Efficiency: 18.08% of 9-07:37:20 core-walltime
Job Wall-clock time: 13:58:35
Memory Utilized: 847.39 MB
Memory Efficiency: 5.17% of 16.00 GB

 +++++++++++++++++++++++++++++++++++++++++++++++++++++++++++++++++++++++++++
 ++   Memory Efficiency is too small. Please review the requested memory. ++
 ++ It seems that you do not need that much memory so we recommend        ++
 ++ requesting less memory in other similar jobs.                         ++
 +++++++++++++++++++++++++++++++++++++++++++++++++++++++++++++++++++++++++++
 
*****************************************************************************

