slurmstepd: info: Setting TMPDIR to /scratch/512444. Previous errors about TMPDIR can be discarded
==============================
RUN_ID: 20260702-141827
Array ID: 5
num_nodes: 225
num_instances: 50
optimizer: DIFFERENTIALEVOLUTION
cpus_per_task: 16
==============================

==============================
num_nodes    = 225
num_instances= 50
k            = 2
optimizer    = DIFFERENTIALEVOLUTION
maxiter      = 20
outdir       = Resultados/PCE/20260702-141827
==============================


✔ n=225 beta=0.5829 ± 0.0123 (PASSED)
✔ Resultado guardado en: Resultados/PCE/20260702-141827/n_225.json
Fecha fin: Fri Jul  3 13:36:27 CEST 2026

*****************************************************************************
*                                                                           *
*                    JOB EFFICIENCY REPORT (seff 512444)                   *
*                                                                           *
*****************************************************************************

Job ID: 512444
Array Job ID: 512438_5
Cluster: qmio
User/Group: tec_app6/cesga
State: COMPLETED (exit code 0)
Nodes: 1
Cores per node: 16
CPU Utilized: 2-02:57:11
CPU Efficiency: 13.67% of 15-12:47:44 core-walltime
Job Wall-clock time: 23:17:59
Memory Utilized: 967.81 MB
Memory Efficiency: 5.91% of 16.00 GB

 +++++++++++++++++++++++++++++++++++++++++++++++++++++++++++++++++++++++++++
 ++   Memory Efficiency is too small. Please review the requested memory. ++
 ++ It seems that you do not need that much memory so we recommend        ++
 ++ requesting less memory in other similar jobs.                         ++
 +++++++++++++++++++++++++++++++++++++++++++++++++++++++++++++++++++++++++++
 
*****************************************************************************

