slurmstepd: info: Setting TMPDIR to /scratch/512439. Previous errors about TMPDIR can be discarded
==============================
RUN_ID: 20260702-141827
Array ID: 0
num_nodes: 50
num_instances: 50
optimizer: DIFFERENTIALEVOLUTION
cpus_per_task: 16
==============================

==============================
num_nodes    = 50
num_instances= 50
k            = 2
optimizer    = DIFFERENTIALEVOLUTION
maxiter      = 20
outdir       = Resultados/PCE/20260702-141827
==============================


✔ n=50 beta=0.8544 ± 0.0239 (PASSED)
✔ Resultado guardado en: Resultados/PCE/20260702-141827/n_50.json
Fecha fin: Thu Jul  2 15:32:57 CEST 2026

*****************************************************************************
*                                                                           *
*                    JOB EFFICIENCY REPORT (seff 512439)                   *
*                                                                           *
*****************************************************************************

Job ID: 512439
Array Job ID: 512438_0
Cluster: qmio
User/Group: tec_app6/cesga
State: COMPLETED (exit code 0)
Nodes: 1
Cores per node: 16
CPU Utilized: 01:14:37
CPU Efficiency: 6.26% of 19:51:44 core-walltime
Job Wall-clock time: 01:14:29
Memory Utilized: 281.54 MB
Memory Efficiency: 1.72% of 16.00 GB

 +++++++++++++++++++++++++++++++++++++++++++++++++++++++++++++++++++++++++++
 ++   Memory Efficiency is too small. Please review the requested memory. ++
 ++ It seems that you do not need that much memory so we recommend        ++
 ++ requesting less memory in other similar jobs.                         ++
 +++++++++++++++++++++++++++++++++++++++++++++++++++++++++++++++++++++++++++
 
*****************************************************************************

