qmio/hpc unloaded
        Preparing the environment for use of the sistema software stack.
        Please rebuild modules cache: module --ignore-cache avail
     
qmio/hpc loaded
gcccore/12.3.0 loaded
binutils/2.40 loaded
gcc/12.3.0 loaded
sqlite/3.45.3 loaded
libffi/3.4.4 loaded
python/3.11.9 loaded
rust/1.88.0 loaded

imkl/2023.2.0 loaded
ninja/1.9.0 loaded
meson/1.5.2-python-3.11.9 loaded
meson-python/0.16.0-python-3.11.9 loaded
cython/3.0.9-python-3.11.9 loaded
numpy/1.26.4-python-3.11.9 loaded
pythran/0.15.0-python-3.11.9 loaded
pybind11/2.13.6-python-3.11.9 loaded
xsimd/12.1.1 loaded
scipy/1.13.0-python-3.11.9 loaded
llvm/16.0.0 loaded
gmp/6.3.0 loaded
mpfr/4.2.1 loaded
mpc/1.3.1 loaded
flint/3.1.2 loaded
symengine/0.11.2 loaded
symengine-python/0.11.0-python-3.11.9 loaded
spdlog/1.9.2 loaded
pylatexenc/2.10-python-3.11.9 loaded
libgd/2.3.3 loaded
nasm/2.16.03 loaded
libjpeg-turbo/3.0.2 loaded
matplotlib/3.6.3-python-3.11.9 loaded
pandas/2.2.2-python-3.11.9 loaded
seaborn/0.12.2-python-3.11.9 loaded
qiskit/2.2.3-python-3.11.9 loaded
qmio-run/0.5.1-python-3.11.9 loaded
qmio-tools/0.2.1-python-3.11.9 loaded
2026-07-02 14:18:31,689 [INFO] [PCE] Ejecutando 50 grafos con 325 nodos.
2026-07-02 14:18:31,689 [INFO] [PCE] n=325 usa 16 qubits (k=2).
2026-07-02 14:18:31,894 [INFO] Pass: ContainsInstruction - 0.01311 (ms)
2026-07-02 14:18:31,895 [INFO] Pass: UnitarySynthesis - 0.00787 (ms)
2026-07-02 14:18:31,895 [INFO] Pass: HighLevelSynthesis - 0.00548 (ms)
2026-07-02 14:18:31,895 [INFO] Pass: BasisTranslator - 0.06723 (ms)
2026-07-02 14:18:31,895 [INFO] Pass: ElidePermutations - 0.00501 (ms)
2026-07-02 14:18:31,895 [INFO] Pass: RemoveDiagonalGatesBeforeMeasure - 0.00954 (ms)
2026-07-02 14:18:31,895 [INFO] Pass: RemoveIdentityEquivalent - 0.00715 (ms)
2026-07-02 14:18:31,895 [INFO] Pass: InverseCancellation - 0.00596 (ms)
2026-07-02 14:18:31,895 [INFO] Pass: ContractIdleWiresInControlFlow - 0.00286 (ms)
2026-07-02 14:18:31,895 [INFO] Pass: CommutativeCancellation - 0.09108 (ms)
2026-07-02 14:18:31,895 [INFO] Pass: ConsolidateBlocks - 0.05960 (ms)
2026-07-02 14:18:31,895 [INFO] Pass: Split2QUnitaries - 0.00405 (ms)
2026-07-02 14:18:31,895 [INFO] Pass: UnitarySynthesis - 0.00572 (ms)
2026-07-02 14:18:31,895 [INFO] Pass: HighLevelSynthesis - 0.04053 (ms)
2026-07-02 14:18:31,895 [INFO] Pass: BasisTranslator - 0.08011 (ms)
2026-07-02 14:18:31,895 [INFO] Pass: ConsolidateBlocks - 0.05698 (ms)
2026-07-02 14:18:31,896 [INFO] Pass: UnitarySynthesis - 0.00501 (ms)
2026-07-02 14:18:31,896 [INFO] Pass: Depth - 0.02694 (ms)
2026-07-02 14:18:31,896 [INFO] Pass: FixedPoint - 0.00572 (ms)
2026-07-02 14:18:31,896 [INFO] Pass: Size - 0.00334 (ms)
2026-07-02 14:18:31,896 [INFO] Pass: FixedPoint - 0.00310 (ms)
2026-07-02 14:18:31,896 [INFO] Pass: RemoveIdentityEquivalent - 0.00405 (ms)
2026-07-02 14:18:31,896 [INFO] Pass: Optimize1qGatesDecomposition - 0.04935 (ms)
2026-07-02 14:18:31,896 [INFO] Pass: CommutativeCancellation - 0.11301 (ms)
2026-07-02 14:18:31,896 [INFO] Pass: ContractIdleWiresInControlFlow - 0.00191 (ms)
2026-07-02 14:18:31,896 [INFO] Pass: GatesInBasis - 0.03529 (ms)
2026-07-02 14:18:31,896 [INFO] Pass: Depth - 0.02527 (ms)
2026-07-02 14:18:31,896 [INFO] Pass: FixedPoint - 0.00358 (ms)
2026-07-02 14:18:31,896 [INFO] Pass: Size - 0.00262 (ms)
2026-07-02 14:18:31,896 [INFO] Pass: FixedPoint - 0.00310 (ms)
2026-07-02 14:18:31,896 [INFO] Pass: ContainsInstruction - 0.00620 (ms)
2026-07-02 14:18:31,897 [INFO] Total Transpile Time - 109.38740 (ms)
2026-07-02 14:18:31,983 [INFO] Pass: ContainsInstruction - 0.01121 (ms)
2026-07-02 14:18:31,983 [INFO] Pass: UnitarySynthesis - 0.00668 (ms)
2026-07-02 14:18:31,983 [INFO] Pass: HighLevelSynthesis - 0.00453 (ms)
2026-07-02 14:18:31,983 [INFO] Pass: BasisTranslator - 0.05221 (ms)
2026-07-02 14:18:31,983 [INFO] Pass: ElidePermutations - 0.00429 (ms)
2026-07-02 14:18:31,983 [INFO] Pass: RemoveDiagonalGatesBeforeMeasure - 0.00668 (ms)
2026-07-02 14:18:31,983 [INFO] Pass: RemoveIdentityEquivalent - 0.00668 (ms)
2026-07-02 14:18:31,983 [INFO] Pass: InverseCancellation - 0.02694 (ms)
2026-07-02 14:18:31,983 [INFO] Pass: ContractIdleWiresInControlFlow - 0.00215 (ms)
2026-07-02 14:18:31,983 [INFO] Pass: CommutativeCancellation - 0.09322 (ms)
2026-07-02 14:18:31,983 [INFO] Pass: ConsolidateBlocks - 0.04840 (ms)
2026-07-02 14:18:31,984 [INFO] Pass: Split2QUnitaries - 0.00358 (ms)
2026-07-02 14:18:31,984 [INFO] Pass: UnitarySynthesis - 0.00477 (ms)
2026-07-02 14:18:31,984 [INFO] Pass: HighLevelSynthesis - 0.04196 (ms)
2026-07-02 14:18:31,984 [INFO] Pass: BasisTranslator - 0.08559 (ms)
2026-07-02 14:18:31,984 [INFO] Pass: ConsolidateBlocks - 0.05889 (ms)
2026-07-02 14:18:31,984 [INFO] Pass: UnitarySynthesis - 0.00453 (ms)
2026-07-02 14:18:31,984 [INFO] Pass: Depth - 0.02694 (ms)
2026-07-02 14:18:31,984 [INFO] Pass: FixedPoint - 0.00429 (ms)
2026-07-02 14:18:31,984 [INFO] Pass: Size - 0.00310 (ms)
2026-07-02 14:18:31,984 [INFO] Pass: FixedPoint - 0.00310 (ms)
2026-07-02 14:18:31,984 [INFO] Pass: RemoveIdentityEquivalent - 0.00572 (ms)
2026-07-02 14:18:31,984 [INFO] Pass: Optimize1qGatesDecomposition - 0.20504 (ms)
2026-07-02 14:18:31,984 [INFO] Pass: CommutativeCancellation - 0.11992 (ms)
2026-07-02 14:18:31,984 [INFO] Pass: ContractIdleWiresInControlFlow - 0.00238 (ms)
2026-07-02 14:18:31,984 [INFO] Pass: GatesInBasis - 0.03624 (ms)
2026-07-02 14:18:31,985 [INFO] Pass: Depth - 0.02694 (ms)
2026-07-02 14:18:31,985 [INFO] Pass: FixedPoint - 0.00381 (ms)
2026-07-02 14:18:31,985 [INFO] Pass: Size - 0.00238 (ms)
2026-07-02 14:18:31,985 [INFO] Pass: FixedPoint - 0.00501 (ms)
2026-07-02 14:18:31,985 [INFO] Pass: ContainsInstruction - 0.00548 (ms)
2026-07-02 14:18:31,985 [INFO] Total Transpile Time - 88.10568 (ms)
2026-07-02 14:18:32,071 [INFO] Pass: ContainsInstruction - 0.01001 (ms)
2026-07-02 14:18:32,071 [INFO] Pass: UnitarySynthesis - 0.00668 (ms)
2026-07-02 14:18:32,071 [INFO] Pass: HighLevelSynthesis - 0.00429 (ms)
2026-07-02 14:18:32,071 [INFO] Pass: BasisTranslator - 0.05126 (ms)
2026-07-02 14:18:32,071 [INFO] Pass: ElidePermutations - 0.00405 (ms)
2026-07-02 14:18:32,071 [INFO] Pass: RemoveDiagonalGatesBeforeMeasure - 0.00572 (ms)
2026-07-02 14:18:32,071 [INFO] Pass: RemoveIdentityEquivalent - 0.00715 (ms)
2026-07-02 14:18:32,071 [INFO] Pass: InverseCancellation - 0.02623 (ms)
2026-07-02 14:18:32,071 [INFO] Pass: ContractIdleWiresInControlFlow - 0.00238 (ms)
2026-07-02 14:18:32,071 [INFO] Pass: CommutativeCancellation - 0.09084 (ms)
2026-07-02 14:18:32,071 [INFO] Pass: ConsolidateBlocks - 0.04864 (ms)
2026-07-02 14:18:32,071 [INFO] Pass: Split2QUnitaries - 0.00286 (ms)
2026-07-02 14:18:32,071 [INFO] Pass: UnitarySynthesis - 0.00978 (ms)
2026-07-02 14:18:32,071 [INFO] Pass: HighLevelSynthesis - 0.04411 (ms)
2026-07-02 14:18:32,072 [INFO] Pass: BasisTranslator - 0.08011 (ms)
2026-07-02 14:18:32,072 [INFO] Pass: ConsolidateBlocks - 0.05889 (ms)
2026-07-02 14:18:32,072 [INFO] Pass: UnitarySynthesis - 0.00453 (ms)
2026-07-02 14:18:32,072 [INFO] Pass: Depth - 0.03409 (ms)
2026-07-02 14:18:32,072 [INFO] Pass: FixedPoint - 0.00429 (ms)
2026-07-02 14:18:32,072 [INFO] Pass: Size - 0.00310 (ms)
2026-07-02 14:18:32,072 [INFO] Pass: FixedPoint - 0.00310 (ms)
2026-07-02 14:18:32,072 [INFO] Pass: RemoveIdentityEquivalent - 0.00644 (ms)
2026-07-02 14:18:32,072 [INFO] Pass: Optimize1qGatesDecomposition - 0.22030 (ms)
2026-07-02 14:18:32,072 [INFO] Pass: CommutativeCancellation - 0.10848 (ms)
2026-07-02 14:18:32,072 [INFO] Pass: ContractIdleWiresInControlFlow - 0.00191 (ms)
2026-07-02 14:18:32,072 [INFO] Pass: GatesInBasis - 0.03481 (ms)
2026-07-02 14:18:32,072 [INFO] Pass: Depth - 0.02694 (ms)
2026-07-02 14:18:32,072 [INFO] Pass: FixedPoint - 0.00358 (ms)
2026-07-02 14:18:32,072 [INFO] Pass: Size - 0.00238 (ms)
2026-07-02 14:18:32,072 [INFO] Pass: FixedPoint - 0.00334 (ms)
2026-07-02 14:18:32,072 [INFO] Pass: RemoveIdentityEquivalent - 0.00668 (ms)
2026-07-02 14:18:32,073 [INFO] Pass: Optimize1qGatesDecomposition - 0.19264 (ms)
2026-07-02 14:18:32,073 [INFO] Pass: CommutativeCancellation - 0.10061 (ms)
2026-07-02 14:18:32,073 [INFO] Pass: ContractIdleWiresInControlFlow - 0.00215 (ms)
2026-07-02 14:18:32,073 [INFO] Pass: GatesInBasis - 0.03386 (ms)
2026-07-02 14:18:32,073 [INFO] Pass: Depth - 0.02623 (ms)
2026-07-02 14:18:32,073 [INFO] Pass: FixedPoint - 0.00358 (ms)
2026-07-02 14:18:32,073 [INFO] Pass: Size - 0.00191 (ms)
2026-07-02 14:18:32,073 [INFO] Pass: FixedPoint - 0.00262 (ms)
2026-07-02 14:18:32,073 [INFO] Pass: ContainsInstruction - 0.00525 (ms)
2026-07-02 14:18:32,073 [INFO] Total Transpile Time - 88.08422 (ms)
2026-07-02 14:18:32,738 [INFO] [PCE] Aer metadata (1ª ejecución de este proceso): device=CPU method=statevector fusion_enabled=True
2026-07-02 16:47:10,630 [INFO] Pass: ContainsInstruction - 0.01287 (ms)
2026-07-02 16:47:10,631 [INFO] Pass: UnitarySynthesis - 0.00882 (ms)
2026-07-02 16:47:10,631 [INFO] Pass: HighLevelSynthesis - 0.00691 (ms)
2026-07-02 16:47:10,631 [INFO] Pass: BasisTranslator - 0.07224 (ms)
2026-07-02 16:47:10,631 [INFO] Pass: ElidePermutations - 0.00548 (ms)
2026-07-02 16:47:10,631 [INFO] Pass: RemoveDiagonalGatesBeforeMeasure - 0.00811 (ms)
2026-07-02 16:47:10,631 [INFO] Pass: RemoveIdentityEquivalent - 0.00668 (ms)
2026-07-02 16:47:10,631 [INFO] Pass: InverseCancellation - 0.00572 (ms)
2026-07-02 16:47:10,631 [INFO] Pass: ContractIdleWiresInControlFlow - 0.00453 (ms)
2026-07-02 16:47:10,631 [INFO] Pass: CommutativeCancellation - 0.09966 (ms)
2026-07-02 16:47:10,632 [INFO] Pass: ConsolidateBlocks - 0.05722 (ms)
2026-07-02 16:47:10,632 [INFO] Pass: Split2QUnitaries - 0.00358 (ms)
2026-07-02 16:47:10,632 [INFO] Pass: UnitarySynthesis - 0.00501 (ms)
2026-07-02 16:47:10,632 [INFO] Pass: HighLevelSynthesis - 0.04125 (ms)
2026-07-02 16:47:10,632 [INFO] Pass: BasisTranslator - 0.09012 (ms)
2026-07-02 16:47:10,632 [INFO] Pass: ConsolidateBlocks - 0.06509 (ms)
2026-07-02 16:47:10,632 [INFO] Pass: UnitarySynthesis - 0.00453 (ms)
2026-07-02 16:47:10,632 [INFO] Pass: Depth - 0.02909 (ms)
2026-07-02 16:47:10,632 [INFO] Pass: FixedPoint - 0.00525 (ms)
2026-07-02 16:47:10,632 [INFO] Pass: Size - 0.00453 (ms)
2026-07-02 16:47:10,632 [INFO] Pass: FixedPoint - 0.00310 (ms)
2026-07-02 16:47:10,632 [INFO] Pass: RemoveIdentityEquivalent - 0.00358 (ms)
2026-07-02 16:47:10,632 [INFO] Pass: Optimize1qGatesDecomposition - 0.04077 (ms)
2026-07-02 16:47:10,632 [INFO] Pass: CommutativeCancellation - 0.10967 (ms)
2026-07-02 16:47:10,632 [INFO] Pass: ContractIdleWiresInControlFlow - 0.00215 (ms)
2026-07-02 16:47:10,632 [INFO] Pass: GatesInBasis - 0.03505 (ms)
2026-07-02 16:47:10,632 [INFO] Pass: Depth - 0.02527 (ms)
2026-07-02 16:47:10,632 [INFO] Pass: FixedPoint - 0.00358 (ms)
2026-07-02 16:47:10,632 [INFO] Pass: Size - 0.00262 (ms)
2026-07-02 16:47:10,632 [INFO] Pass: FixedPoint - 0.00262 (ms)
2026-07-02 16:47:10,632 [INFO] Pass: ContainsInstruction - 0.00477 (ms)
2026-07-02 16:47:10,633 [INFO] Total Transpile Time - 93.48035 (ms)
2026-07-02 16:47:10,719 [INFO] Pass: ContainsInstruction - 0.01097 (ms)
2026-07-02 16:47:10,719 [INFO] Pass: UnitarySynthesis - 0.00668 (ms)
2026-07-02 16:47:10,719 [INFO] Pass: HighLevelSynthesis - 0.00429 (ms)
2026-07-02 16:47:10,719 [INFO] Pass: BasisTranslator - 0.05674 (ms)
2026-07-02 16:47:10,719 [INFO] Pass: ElidePermutations - 0.00453 (ms)
2026-07-02 16:47:10,719 [INFO] Pass: RemoveDiagonalGatesBeforeMeasure - 0.00596 (ms)
2026-07-02 16:47:10,719 [INFO] Pass: RemoveIdentityEquivalent - 0.00787 (ms)
2026-07-02 16:47:10,720 [INFO] Pass: InverseCancellation - 0.02766 (ms)
2026-07-02 16:47:10,720 [INFO] Pass: ContractIdleWiresInControlFlow - 0.00191 (ms)
2026-07-02 16:47:10,720 [INFO] Pass: CommutativeCancellation - 0.10538 (ms)
2026-07-02 16:47:10,720 [INFO] Pass: ConsolidateBlocks - 0.05102 (ms)
2026-07-02 16:47:10,720 [INFO] Pass: Split2QUnitaries - 0.00310 (ms)
2026-07-02 16:47:10,720 [INFO] Pass: UnitarySynthesis - 0.00501 (ms)
2026-07-02 16:47:10,720 [INFO] Pass: HighLevelSynthesis - 0.04172 (ms)
2026-07-02 16:47:10,720 [INFO] Pass: BasisTranslator - 0.08130 (ms)
2026-07-02 16:47:10,720 [INFO] Pass: ConsolidateBlocks - 0.05865 (ms)
2026-07-02 16:47:10,720 [INFO] Pass: UnitarySynthesis - 0.00405 (ms)
2026-07-02 16:47:10,720 [INFO] Pass: Depth - 0.02789 (ms)
2026-07-02 16:47:10,720 [INFO] Pass: FixedPoint - 0.00477 (ms)
2026-07-02 16:47:10,720 [INFO] Pass: Size - 0.00286 (ms)
2026-07-02 16:47:10,720 [INFO] Pass: FixedPoint - 0.00310 (ms)
2026-07-02 16:47:10,720 [INFO] Pass: RemoveIdentityEquivalent - 0.00596 (ms)
2026-07-02 16:47:10,720 [INFO] Pass: Optimize1qGatesDecomposition - 0.20528 (ms)
2026-07-02 16:47:10,721 [INFO] Pass: CommutativeCancellation - 0.12255 (ms)
2026-07-02 16:47:10,721 [INFO] Pass: ContractIdleWiresInControlFlow - 0.00191 (ms)
2026-07-02 16:47:10,721 [INFO] Pass: GatesInBasis - 0.03576 (ms)
2026-07-02 16:47:10,721 [INFO] Pass: Depth - 0.02670 (ms)
2026-07-02 16:47:10,721 [INFO] Pass: FixedPoint - 0.00358 (ms)
2026-07-02 16:47:10,721 [INFO] Pass: Size - 0.00262 (ms)
2026-07-02 16:47:10,721 [INFO] Pass: FixedPoint - 0.00262 (ms)
2026-07-02 16:47:10,721 [INFO] Pass: ContainsInstruction - 0.00525 (ms)
2026-07-02 16:47:10,721 [INFO] Total Transpile Time - 87.91876 (ms)
2026-07-02 16:47:10,808 [INFO] Pass: ContainsInstruction - 0.01359 (ms)
2026-07-02 16:47:10,808 [INFO] Pass: UnitarySynthesis - 0.00858 (ms)
2026-07-02 16:47:10,808 [INFO] Pass: HighLevelSynthesis - 0.00501 (ms)
2026-07-02 16:47:10,808 [INFO] Pass: BasisTranslator - 0.07391 (ms)
2026-07-02 16:47:10,808 [INFO] Pass: ElidePermutations - 0.00572 (ms)
2026-07-02 16:47:10,808 [INFO] Pass: RemoveDiagonalGatesBeforeMeasure - 0.00715 (ms)
2026-07-02 16:47:10,808 [INFO] Pass: RemoveIdentityEquivalent - 0.00978 (ms)
2026-07-02 16:47:10,808 [INFO] Pass: InverseCancellation - 0.02885 (ms)
2026-07-02 16:47:10,808 [INFO] Pass: ContractIdleWiresInControlFlow - 0.00215 (ms)
2026-07-02 16:47:10,808 [INFO] Pass: CommutativeCancellation - 0.11420 (ms)
2026-07-02 16:47:10,808 [INFO] Pass: ConsolidateBlocks - 0.05507 (ms)
2026-07-02 16:47:10,808 [INFO] Pass: Split2QUnitaries - 0.00405 (ms)
2026-07-02 16:47:10,808 [INFO] Pass: UnitarySynthesis - 0.00548 (ms)
2026-07-02 16:47:10,808 [INFO] Pass: HighLevelSynthesis - 0.04625 (ms)
2026-07-02 16:47:10,808 [INFO] Pass: BasisTranslator - 0.08535 (ms)
2026-07-02 16:47:10,808 [INFO] Pass: ConsolidateBlocks - 0.06151 (ms)
2026-07-02 16:47:10,809 [INFO] Pass: UnitarySynthesis - 0.00405 (ms)
2026-07-02 16:47:10,809 [INFO] Pass: Depth - 0.02956 (ms)
2026-07-02 16:47:10,809 [INFO] Pass: FixedPoint - 0.00548 (ms)
2026-07-02 16:47:10,809 [INFO] Pass: Size - 0.00381 (ms)
2026-07-02 16:47:10,809 [INFO] Pass: FixedPoint - 0.00215 (ms)
2026-07-02 16:47:10,809 [INFO] Pass: RemoveIdentityEquivalent - 0.00691 (ms)
2026-07-02 16:47:10,809 [INFO] Pass: Optimize1qGatesDecomposition - 0.23055 (ms)
2026-07-02 16:47:10,809 [INFO] Pass: CommutativeCancellation - 0.12279 (ms)
2026-07-02 16:47:10,809 [INFO] Pass: ContractIdleWiresInControlFlow - 0.00215 (ms)
2026-07-02 16:47:10,809 [INFO] Pass: GatesInBasis - 0.03648 (ms)
2026-07-02 16:47:10,809 [INFO] Pass: Depth - 0.02789 (ms)
2026-07-02 16:47:10,809 [INFO] Pass: FixedPoint - 0.00358 (ms)
2026-07-02 16:47:10,809 [INFO] Pass: Size - 0.00238 (ms)
2026-07-02 16:47:10,809 [INFO] Pass: FixedPoint - 0.00310 (ms)
2026-07-02 16:47:10,809 [INFO] Pass: RemoveIdentityEquivalent - 0.00644 (ms)
2026-07-02 16:47:10,810 [INFO] Pass: Optimize1qGatesDecomposition - 0.19407 (ms)
2026-07-02 16:47:10,810 [INFO] Pass: CommutativeCancellation - 0.10729 (ms)
2026-07-02 16:47:10,810 [INFO] Pass: ContractIdleWiresInControlFlow - 0.00191 (ms)
2026-07-02 16:47:10,810 [INFO] Pass: GatesInBasis - 0.03481 (ms)
2026-07-02 16:47:10,810 [INFO] Pass: Depth - 0.02551 (ms)
2026-07-02 16:47:10,810 [INFO] Pass: FixedPoint - 0.00334 (ms)
2026-07-02 16:47:10,810 [INFO] Pass: Size - 0.00215 (ms)
2026-07-02 16:47:10,810 [INFO] Pass: FixedPoint - 0.00262 (ms)
2026-07-02 16:47:10,810 [INFO] Pass: ContainsInstruction - 0.00572 (ms)
2026-07-02 16:47:10,810 [INFO] Total Transpile Time - 88.73630 (ms)
2026-07-02 19:15:57,606 [INFO] Pass: ContainsInstruction - 0.01216 (ms)
2026-07-02 19:15:57,606 [INFO] Pass: UnitarySynthesis - 0.00954 (ms)
2026-07-02 19:15:57,606 [INFO] Pass: HighLevelSynthesis - 0.00596 (ms)
2026-07-02 19:15:57,607 [INFO] Pass: BasisTranslator - 0.06628 (ms)
2026-07-02 19:15:57,607 [INFO] Pass: ElidePermutations - 0.00596 (ms)
2026-07-02 19:15:57,607 [INFO] Pass: RemoveDiagonalGatesBeforeMeasure - 0.00763 (ms)
2026-07-02 19:15:57,607 [INFO] Pass: RemoveIdentityEquivalent - 0.00620 (ms)
2026-07-02 19:15:57,607 [INFO] Pass: InverseCancellation - 0.00525 (ms)
2026-07-02 19:15:57,607 [INFO] Pass: ContractIdleWiresInControlFlow - 0.00238 (ms)
2026-07-02 19:15:57,607 [INFO] Pass: CommutativeCancellation - 0.11301 (ms)
2026-07-02 19:15:57,607 [INFO] Pass: ConsolidateBlocks - 0.05579 (ms)
2026-07-02 19:15:57,607 [INFO] Pass: Split2QUnitaries - 0.00429 (ms)
2026-07-02 19:15:57,607 [INFO] Pass: UnitarySynthesis - 0.00572 (ms)
2026-07-02 19:15:57,607 [INFO] Pass: HighLevelSynthesis - 0.04077 (ms)
2026-07-02 19:15:57,607 [INFO] Pass: BasisTranslator - 0.07987 (ms)
2026-07-02 19:15:57,607 [INFO] Pass: ConsolidateBlocks - 0.05770 (ms)
2026-07-02 19:15:57,607 [INFO] Pass: UnitarySynthesis - 0.00429 (ms)
2026-07-02 19:15:57,607 [INFO] Pass: Depth - 0.02718 (ms)
2026-07-02 19:15:57,607 [INFO] Pass: FixedPoint - 0.00477 (ms)
2026-07-02 19:15:57,607 [INFO] Pass: Size - 0.00405 (ms)
2026-07-02 19:15:57,607 [INFO] Pass: FixedPoint - 0.00262 (ms)
2026-07-02 19:15:57,607 [INFO] Pass: RemoveIdentityEquivalent - 0.00334 (ms)
2026-07-02 19:15:57,607 [INFO] Pass: Optimize1qGatesDecomposition - 0.04077 (ms)
2026-07-02 19:15:57,608 [INFO] Pass: CommutativeCancellation - 0.11134 (ms)
2026-07-02 19:15:57,608 [INFO] Pass: ContractIdleWiresInControlFlow - 0.00191 (ms)
2026-07-02 19:15:57,608 [INFO] Pass: GatesInBasis - 0.03552 (ms)
2026-07-02 19:15:57,608 [INFO] Pass: Depth - 0.02527 (ms)
2026-07-02 19:15:57,608 [INFO] Pass: FixedPoint - 0.00358 (ms)
2026-07-02 19:15:57,608 [INFO] Pass: Size - 0.00215 (ms)
2026-07-02 19:15:57,608 [INFO] Pass: FixedPoint - 0.00262 (ms)
2026-07-02 19:15:57,608 [INFO] Pass: ContainsInstruction - 0.00477 (ms)
2026-07-02 19:15:57,608 [INFO] Total Transpile Time - 91.24160 (ms)
2026-07-02 19:15:57,696 [INFO] Pass: ContainsInstruction - 0.01216 (ms)
2026-07-02 19:15:57,696 [INFO] Pass: UnitarySynthesis - 0.00715 (ms)
2026-07-02 19:15:57,696 [INFO] Pass: HighLevelSynthesis - 0.00620 (ms)
2026-07-02 19:15:57,696 [INFO] Pass: BasisTranslator - 0.06413 (ms)
2026-07-02 19:15:57,696 [INFO] Pass: ElidePermutations - 0.00668 (ms)
2026-07-02 19:15:57,696 [INFO] Pass: RemoveDiagonalGatesBeforeMeasure - 0.00834 (ms)
2026-07-02 19:15:57,696 [INFO] Pass: RemoveIdentityEquivalent - 0.00739 (ms)
2026-07-02 19:15:57,696 [INFO] Pass: InverseCancellation - 0.03171 (ms)
2026-07-02 19:15:57,696 [INFO] Pass: ContractIdleWiresInControlFlow - 0.00262 (ms)
2026-07-02 19:15:57,696 [INFO] Pass: CommutativeCancellation - 0.10991 (ms)
2026-07-02 19:15:57,696 [INFO] Pass: ConsolidateBlocks - 0.05293 (ms)
2026-07-02 19:15:57,696 [INFO] Pass: Split2QUnitaries - 0.00501 (ms)
2026-07-02 19:15:57,696 [INFO] Pass: UnitarySynthesis - 0.00477 (ms)
2026-07-02 19:15:57,697 [INFO] Pass: HighLevelSynthesis - 0.04292 (ms)
2026-07-02 19:15:57,697 [INFO] Pass: BasisTranslator - 0.08154 (ms)
2026-07-02 19:15:57,697 [INFO] Pass: ConsolidateBlocks - 0.06413 (ms)
2026-07-02 19:15:57,697 [INFO] Pass: UnitarySynthesis - 0.00429 (ms)
2026-07-02 19:15:57,697 [INFO] Pass: Depth - 0.02813 (ms)
2026-07-02 19:15:57,697 [INFO] Pass: FixedPoint - 0.00453 (ms)
2026-07-02 19:15:57,697 [INFO] Pass: Size - 0.00358 (ms)
2026-07-02 19:15:57,697 [INFO] Pass: FixedPoint - 0.00286 (ms)
2026-07-02 19:15:57,697 [INFO] Pass: RemoveIdentityEquivalent - 0.00644 (ms)
2026-07-02 19:15:57,697 [INFO] Pass: Optimize1qGatesDecomposition - 0.20790 (ms)
2026-07-02 19:15:57,697 [INFO] Pass: CommutativeCancellation - 0.12851 (ms)
2026-07-02 19:15:57,697 [INFO] Pass: ContractIdleWiresInControlFlow - 0.00238 (ms)
2026-07-02 19:15:57,697 [INFO] Pass: GatesInBasis - 0.03624 (ms)
2026-07-02 19:15:57,697 [INFO] Pass: Depth - 0.02837 (ms)
2026-07-02 19:15:57,697 [INFO] Pass: FixedPoint - 0.00381 (ms)
2026-07-02 19:15:57,698 [INFO] Pass: Size - 0.00238 (ms)
2026-07-02 19:15:57,698 [INFO] Pass: FixedPoint - 0.00238 (ms)
2026-07-02 19:15:57,698 [INFO] Pass: ContainsInstruction - 0.00548 (ms)
2026-07-02 19:15:57,698 [INFO] Total Transpile Time - 89.23984 (ms)
2026-07-02 19:15:57,786 [INFO] Pass: ContainsInstruction - 0.01335 (ms)
2026-07-02 19:15:57,786 [INFO] Pass: UnitarySynthesis - 0.00715 (ms)
2026-07-02 19:15:57,786 [INFO] Pass: HighLevelSynthesis - 0.00548 (ms)
2026-07-02 19:15:57,786 [INFO] Pass: BasisTranslator - 0.06342 (ms)
2026-07-02 19:15:57,786 [INFO] Pass: ElidePermutations - 0.00477 (ms)
2026-07-02 19:15:57,786 [INFO] Pass: RemoveDiagonalGatesBeforeMeasure - 0.00691 (ms)
2026-07-02 19:15:57,786 [INFO] Pass: RemoveIdentityEquivalent - 0.00858 (ms)
2026-07-02 19:15:57,786 [INFO] Pass: InverseCancellation - 0.02909 (ms)
2026-07-02 19:15:57,786 [INFO] Pass: ContractIdleWiresInControlFlow - 0.00238 (ms)
2026-07-02 19:15:57,787 [INFO] Pass: CommutativeCancellation - 0.10777 (ms)
2026-07-02 19:15:57,787 [INFO] Pass: ConsolidateBlocks - 0.05412 (ms)
2026-07-02 19:15:57,787 [INFO] Pass: Split2QUnitaries - 0.00358 (ms)
2026-07-02 19:15:57,787 [INFO] Pass: UnitarySynthesis - 0.00572 (ms)
2026-07-02 19:15:57,787 [INFO] Pass: HighLevelSynthesis - 0.04721 (ms)
2026-07-02 19:15:57,787 [INFO] Pass: BasisTranslator - 0.08631 (ms)
2026-07-02 19:15:57,787 [INFO] Pass: ConsolidateBlocks - 0.06151 (ms)
2026-07-02 19:15:57,787 [INFO] Pass: UnitarySynthesis - 0.00429 (ms)
2026-07-02 19:15:57,787 [INFO] Pass: Depth - 0.03028 (ms)
2026-07-02 19:15:57,787 [INFO] Pass: FixedPoint - 0.00429 (ms)
2026-07-02 19:15:57,787 [INFO] Pass: Size - 0.00381 (ms)
2026-07-02 19:15:57,787 [INFO] Pass: FixedPoint - 0.00262 (ms)
2026-07-02 19:15:57,787 [INFO] Pass: RemoveIdentityEquivalent - 0.00691 (ms)
2026-07-02 19:15:57,787 [INFO] Pass: Optimize1qGatesDecomposition - 0.22602 (ms)
2026-07-02 19:15:57,788 [INFO] Pass: CommutativeCancellation - 0.12207 (ms)
2026-07-02 19:15:57,788 [INFO] Pass: ContractIdleWiresInControlFlow - 0.00215 (ms)
2026-07-02 19:15:57,788 [INFO] Pass: GatesInBasis - 0.03648 (ms)
2026-07-02 19:15:57,788 [INFO] Pass: Depth - 0.02956 (ms)
2026-07-02 19:15:57,788 [INFO] Pass: FixedPoint - 0.00358 (ms)
2026-07-02 19:15:57,788 [INFO] Pass: Size - 0.00238 (ms)
2026-07-02 19:15:57,788 [INFO] Pass: FixedPoint - 0.00310 (ms)
2026-07-02 19:15:57,788 [INFO] Pass: RemoveIdentityEquivalent - 0.00620 (ms)
2026-07-02 19:15:57,788 [INFO] Pass: Optimize1qGatesDecomposition - 0.19193 (ms)
2026-07-02 19:15:57,788 [INFO] Pass: CommutativeCancellation - 0.11086 (ms)
2026-07-02 19:15:57,788 [INFO] Pass: ContractIdleWiresInControlFlow - 0.00143 (ms)
2026-07-02 19:15:57,788 [INFO] Pass: GatesInBasis - 0.03505 (ms)
2026-07-02 19:15:57,788 [INFO] Pass: Depth - 0.02789 (ms)
2026-07-02 19:15:57,788 [INFO] Pass: FixedPoint - 0.00334 (ms)
2026-07-02 19:15:57,788 [INFO] Pass: Size - 0.00191 (ms)
2026-07-02 19:15:57,788 [INFO] Pass: FixedPoint - 0.00262 (ms)
2026-07-02 19:15:57,788 [INFO] Pass: ContainsInstruction - 0.00668 (ms)
2026-07-02 19:15:57,789 [INFO] Total Transpile Time - 90.33084 (ms)
2026-07-02 21:44:40,398 [INFO] Pass: ContainsInstruction - 0.01144 (ms)
2026-07-02 21:44:40,398 [INFO] Pass: UnitarySynthesis - 0.00811 (ms)
2026-07-02 21:44:40,398 [INFO] Pass: HighLevelSynthesis - 0.00548 (ms)
2026-07-02 21:44:40,398 [INFO] Pass: BasisTranslator - 0.06223 (ms)
2026-07-02 21:44:40,398 [INFO] Pass: ElidePermutations - 0.00501 (ms)
2026-07-02 21:44:40,398 [INFO] Pass: RemoveDiagonalGatesBeforeMeasure - 0.00763 (ms)
2026-07-02 21:44:40,398 [INFO] Pass: RemoveIdentityEquivalent - 0.00691 (ms)
2026-07-02 21:44:40,398 [INFO] Pass: InverseCancellation - 0.00477 (ms)
2026-07-02 21:44:40,398 [INFO] Pass: ContractIdleWiresInControlFlow - 0.00215 (ms)
2026-07-02 21:44:40,398 [INFO] Pass: CommutativeCancellation - 0.09942 (ms)
2026-07-02 21:44:40,399 [INFO] Pass: ConsolidateBlocks - 0.05436 (ms)
2026-07-02 21:44:40,399 [INFO] Pass: Split2QUnitaries - 0.00334 (ms)
2026-07-02 21:44:40,399 [INFO] Pass: UnitarySynthesis - 0.00477 (ms)
2026-07-02 21:44:40,399 [INFO] Pass: HighLevelSynthesis - 0.04840 (ms)
2026-07-02 21:44:40,399 [INFO] Pass: BasisTranslator - 0.07772 (ms)
2026-07-02 21:44:40,399 [INFO] Pass: ConsolidateBlocks - 0.05770 (ms)
2026-07-02 21:44:40,399 [INFO] Pass: UnitarySynthesis - 0.00405 (ms)
2026-07-02 21:44:40,399 [INFO] Pass: Depth - 0.02956 (ms)
2026-07-02 21:44:40,399 [INFO] Pass: FixedPoint - 0.00477 (ms)
2026-07-02 21:44:40,399 [INFO] Pass: Size - 0.00358 (ms)
2026-07-02 21:44:40,399 [INFO] Pass: FixedPoint - 0.00310 (ms)
2026-07-02 21:44:40,399 [INFO] Pass: RemoveIdentityEquivalent - 0.00405 (ms)
2026-07-02 21:44:40,399 [INFO] Pass: Optimize1qGatesDecomposition - 0.03934 (ms)
2026-07-02 21:44:40,399 [INFO] Pass: CommutativeCancellation - 0.11039 (ms)
2026-07-02 21:44:40,399 [INFO] Pass: ContractIdleWiresInControlFlow - 0.00191 (ms)
2026-07-02 21:44:40,399 [INFO] Pass: GatesInBasis - 0.03529 (ms)
2026-07-02 21:44:40,399 [INFO] Pass: Depth - 0.02551 (ms)
2026-07-02 21:44:40,399 [INFO] Pass: FixedPoint - 0.00358 (ms)
2026-07-02 21:44:40,399 [INFO] Pass: Size - 0.00191 (ms)
2026-07-02 21:44:40,400 [INFO] Pass: FixedPoint - 0.00262 (ms)
2026-07-02 21:44:40,400 [INFO] Pass: ContainsInstruction - 0.00477 (ms)
2026-07-02 21:44:40,400 [INFO] Total Transpile Time - 90.14750 (ms)
2026-07-02 21:44:40,487 [INFO] Pass: ContainsInstruction - 0.01287 (ms)
2026-07-02 21:44:40,487 [INFO] Pass: UnitarySynthesis - 0.00811 (ms)
2026-07-02 21:44:40,487 [INFO] Pass: HighLevelSynthesis - 0.00572 (ms)
2026-07-02 21:44:40,487 [INFO] Pass: BasisTranslator - 0.06723 (ms)
2026-07-02 21:44:40,487 [INFO] Pass: ElidePermutations - 0.00548 (ms)
2026-07-02 21:44:40,487 [INFO] Pass: RemoveDiagonalGatesBeforeMeasure - 0.00691 (ms)
2026-07-02 21:44:40,487 [INFO] Pass: RemoveIdentityEquivalent - 0.00834 (ms)
2026-07-02 21:44:40,488 [INFO] Pass: InverseCancellation - 0.03147 (ms)
2026-07-02 21:44:40,488 [INFO] Pass: ContractIdleWiresInControlFlow - 0.00215 (ms)
2026-07-02 21:44:40,488 [INFO] Pass: CommutativeCancellation - 0.12112 (ms)
2026-07-02 21:44:40,488 [INFO] Pass: ConsolidateBlocks - 0.05293 (ms)
2026-07-02 21:44:40,488 [INFO] Pass: Split2QUnitaries - 0.00358 (ms)
2026-07-02 21:44:40,488 [INFO] Pass: UnitarySynthesis - 0.00548 (ms)
2026-07-02 21:44:40,488 [INFO] Pass: HighLevelSynthesis - 0.04363 (ms)
2026-07-02 21:44:40,488 [INFO] Pass: BasisTranslator - 0.08583 (ms)
2026-07-02 21:44:40,488 [INFO] Pass: ConsolidateBlocks - 0.05960 (ms)
2026-07-02 21:44:40,488 [INFO] Pass: UnitarySynthesis - 0.00477 (ms)
2026-07-02 21:44:40,488 [INFO] Pass: Depth - 0.02837 (ms)
2026-07-02 21:44:40,488 [INFO] Pass: FixedPoint - 0.00525 (ms)
2026-07-02 21:44:40,488 [INFO] Pass: Size - 0.00334 (ms)
2026-07-02 21:44:40,488 [INFO] Pass: FixedPoint - 0.00262 (ms)
2026-07-02 21:44:40,488 [INFO] Pass: RemoveIdentityEquivalent - 0.00548 (ms)
2026-07-02 21:44:40,489 [INFO] Pass: Optimize1qGatesDecomposition - 0.21935 (ms)
2026-07-02 21:44:40,489 [INFO] Pass: CommutativeCancellation - 0.13661 (ms)
2026-07-02 21:44:40,489 [INFO] Pass: ContractIdleWiresInControlFlow - 0.00215 (ms)
2026-07-02 21:44:40,489 [INFO] Pass: GatesInBasis - 0.03695 (ms)
2026-07-02 21:44:40,489 [INFO] Pass: Depth - 0.02718 (ms)
2026-07-02 21:44:40,489 [INFO] Pass: FixedPoint - 0.00405 (ms)
2026-07-02 21:44:40,489 [INFO] Pass: Size - 0.00262 (ms)
2026-07-02 21:44:40,489 [INFO] Pass: FixedPoint - 0.00262 (ms)
2026-07-02 21:44:40,489 [INFO] Pass: ContainsInstruction - 0.00620 (ms)
2026-07-02 21:44:40,489 [INFO] Total Transpile Time - 89.05482 (ms)
2026-07-02 21:44:40,578 [INFO] Pass: ContainsInstruction - 0.01240 (ms)
2026-07-02 21:44:40,578 [INFO] Pass: UnitarySynthesis - 0.00811 (ms)
2026-07-02 21:44:40,578 [INFO] Pass: HighLevelSynthesis - 0.00572 (ms)
2026-07-02 21:44:40,578 [INFO] Pass: BasisTranslator - 0.06199 (ms)
2026-07-02 21:44:40,578 [INFO] Pass: ElidePermutations - 0.00572 (ms)
2026-07-02 21:44:40,578 [INFO] Pass: RemoveDiagonalGatesBeforeMeasure - 0.00834 (ms)
2026-07-02 21:44:40,578 [INFO] Pass: RemoveIdentityEquivalent - 0.01001 (ms)
2026-07-02 21:44:40,578 [INFO] Pass: InverseCancellation - 0.03076 (ms)
2026-07-02 21:44:40,578 [INFO] Pass: ContractIdleWiresInControlFlow - 0.00215 (ms)
2026-07-02 21:44:40,578 [INFO] Pass: CommutativeCancellation - 0.11086 (ms)
2026-07-02 21:44:40,578 [INFO] Pass: ConsolidateBlocks - 0.05460 (ms)
2026-07-02 21:44:40,578 [INFO] Pass: Split2QUnitaries - 0.00381 (ms)
2026-07-02 21:44:40,578 [INFO] Pass: UnitarySynthesis - 0.00596 (ms)
2026-07-02 21:44:40,578 [INFO] Pass: HighLevelSynthesis - 0.04625 (ms)
2026-07-02 21:44:40,579 [INFO] Pass: BasisTranslator - 0.08464 (ms)
2026-07-02 21:44:40,579 [INFO] Pass: ConsolidateBlocks - 0.06318 (ms)
2026-07-02 21:44:40,579 [INFO] Pass: UnitarySynthesis - 0.00501 (ms)
2026-07-02 21:44:40,579 [INFO] Pass: Depth - 0.03028 (ms)
2026-07-02 21:44:40,579 [INFO] Pass: FixedPoint - 0.00429 (ms)
2026-07-02 21:44:40,579 [INFO] Pass: Size - 0.00334 (ms)
2026-07-02 21:44:40,579 [INFO] Pass: FixedPoint - 0.00286 (ms)
2026-07-02 21:44:40,579 [INFO] Pass: RemoveIdentityEquivalent - 0.00739 (ms)
2026-07-02 21:44:40,579 [INFO] Pass: Optimize1qGatesDecomposition - 0.23389 (ms)
2026-07-02 21:44:40,579 [INFO] Pass: CommutativeCancellation - 0.11992 (ms)
2026-07-02 21:44:40,579 [INFO] Pass: ContractIdleWiresInControlFlow - 0.00215 (ms)
2026-07-02 21:44:40,579 [INFO] Pass: GatesInBasis - 0.03791 (ms)
2026-07-02 21:44:40,579 [INFO] Pass: Depth - 0.02980 (ms)
2026-07-02 21:44:40,579 [INFO] Pass: FixedPoint - 0.00334 (ms)
2026-07-02 21:44:40,579 [INFO] Pass: Size - 0.00238 (ms)
2026-07-02 21:44:40,579 [INFO] Pass: FixedPoint - 0.00262 (ms)
2026-07-02 21:44:40,580 [INFO] Pass: RemoveIdentityEquivalent - 0.00668 (ms)
2026-07-02 21:44:40,580 [INFO] Pass: Optimize1qGatesDecomposition - 0.21338 (ms)
2026-07-02 21:44:40,580 [INFO] Pass: CommutativeCancellation - 0.10920 (ms)
2026-07-02 21:44:40,580 [INFO] Pass: ContractIdleWiresInControlFlow - 0.00167 (ms)
2026-07-02 21:44:40,580 [INFO] Pass: GatesInBasis - 0.03505 (ms)
2026-07-02 21:44:40,580 [INFO] Pass: Depth - 0.02623 (ms)
2026-07-02 21:44:40,580 [INFO] Pass: FixedPoint - 0.00334 (ms)
2026-07-02 21:44:40,580 [INFO] Pass: Size - 0.00191 (ms)
2026-07-02 21:44:40,580 [INFO] Pass: FixedPoint - 0.00238 (ms)
2026-07-02 21:44:40,580 [INFO] Pass: ContainsInstruction - 0.00668 (ms)
2026-07-02 21:44:40,581 [INFO] Total Transpile Time - 90.58571 (ms)
2026-07-03 00:14:14,863 [INFO] Pass: ContainsInstruction - 0.01287 (ms)
2026-07-03 00:14:14,863 [INFO] Pass: UnitarySynthesis - 0.00858 (ms)
2026-07-03 00:14:14,863 [INFO] Pass: HighLevelSynthesis - 0.00572 (ms)
2026-07-03 00:14:14,863 [INFO] Pass: BasisTranslator - 0.06795 (ms)
2026-07-03 00:14:14,863 [INFO] Pass: ElidePermutations - 0.00548 (ms)
2026-07-03 00:14:14,863 [INFO] Pass: RemoveDiagonalGatesBeforeMeasure - 0.00739 (ms)
2026-07-03 00:14:14,863 [INFO] Pass: RemoveIdentityEquivalent - 0.00668 (ms)
2026-07-03 00:14:14,863 [INFO] Pass: InverseCancellation - 0.00429 (ms)
2026-07-03 00:14:14,863 [INFO] Pass: ContractIdleWiresInControlFlow - 0.00191 (ms)
2026-07-03 00:14:14,864 [INFO] Pass: CommutativeCancellation - 0.10157 (ms)
2026-07-03 00:14:14,864 [INFO] Pass: ConsolidateBlocks - 0.05436 (ms)
2026-07-03 00:14:14,864 [INFO] Pass: Split2QUnitaries - 0.00334 (ms)
2026-07-03 00:14:14,864 [INFO] Pass: UnitarySynthesis - 0.00525 (ms)
2026-07-03 00:14:14,864 [INFO] Pass: HighLevelSynthesis - 0.04649 (ms)
2026-07-03 00:14:14,864 [INFO] Pass: BasisTranslator - 0.07844 (ms)
2026-07-03 00:14:14,864 [INFO] Pass: ConsolidateBlocks - 0.05770 (ms)
2026-07-03 00:14:14,864 [INFO] Pass: UnitarySynthesis - 0.00405 (ms)
2026-07-03 00:14:14,864 [INFO] Pass: Depth - 0.02718 (ms)
2026-07-03 00:14:14,864 [INFO] Pass: FixedPoint - 0.00501 (ms)
2026-07-03 00:14:14,864 [INFO] Pass: Size - 0.00358 (ms)
2026-07-03 00:14:14,864 [INFO] Pass: FixedPoint - 0.00286 (ms)
2026-07-03 00:14:14,864 [INFO] Pass: RemoveIdentityEquivalent - 0.00334 (ms)
2026-07-03 00:14:14,864 [INFO] Pass: Optimize1qGatesDecomposition - 0.03958 (ms)
2026-07-03 00:14:14,864 [INFO] Pass: CommutativeCancellation - 0.11563 (ms)
2026-07-03 00:14:14,864 [INFO] Pass: ContractIdleWiresInControlFlow - 0.00191 (ms)
2026-07-03 00:14:14,864 [INFO] Pass: GatesInBasis - 0.03386 (ms)
2026-07-03 00:14:14,864 [INFO] Pass: Depth - 0.02337 (ms)
2026-07-03 00:14:14,864 [INFO] Pass: FixedPoint - 0.00358 (ms)
2026-07-03 00:14:14,864 [INFO] Pass: Size - 0.00191 (ms)
2026-07-03 00:14:14,864 [INFO] Pass: FixedPoint - 0.00286 (ms)
2026-07-03 00:14:14,865 [INFO] Pass: ContainsInstruction - 0.00477 (ms)
2026-07-03 00:14:14,865 [INFO] Total Transpile Time - 90.36374 (ms)
2026-07-03 00:14:14,952 [INFO] Pass: ContainsInstruction - 0.01216 (ms)
2026-07-03 00:14:14,952 [INFO] Pass: UnitarySynthesis - 0.00691 (ms)
2026-07-03 00:14:14,952 [INFO] Pass: HighLevelSynthesis - 0.00548 (ms)
2026-07-03 00:14:14,952 [INFO] Pass: BasisTranslator - 0.06318 (ms)
2026-07-03 00:14:14,952 [INFO] Pass: ElidePermutations - 0.00453 (ms)
2026-07-03 00:14:14,952 [INFO] Pass: RemoveDiagonalGatesBeforeMeasure - 0.00739 (ms)
2026-07-03 00:14:14,952 [INFO] Pass: RemoveIdentityEquivalent - 0.00787 (ms)
2026-07-03 00:14:14,952 [INFO] Pass: InverseCancellation - 0.03028 (ms)
2026-07-03 00:14:14,952 [INFO] Pass: ContractIdleWiresInControlFlow - 0.00215 (ms)
2026-07-03 00:14:14,952 [INFO] Pass: CommutativeCancellation - 0.10681 (ms)
2026-07-03 00:14:14,952 [INFO] Pass: ConsolidateBlocks - 0.05412 (ms)
2026-07-03 00:14:14,952 [INFO] Pass: Split2QUnitaries - 0.00381 (ms)
2026-07-03 00:14:14,952 [INFO] Pass: UnitarySynthesis - 0.00477 (ms)
2026-07-03 00:14:14,952 [INFO] Pass: HighLevelSynthesis - 0.04268 (ms)
2026-07-03 00:14:14,952 [INFO] Pass: BasisTranslator - 0.08106 (ms)
2026-07-03 00:14:14,953 [INFO] Pass: ConsolidateBlocks - 0.05841 (ms)
2026-07-03 00:14:14,953 [INFO] Pass: UnitarySynthesis - 0.00405 (ms)
2026-07-03 00:14:14,953 [INFO] Pass: Depth - 0.02909 (ms)
2026-07-03 00:14:14,953 [INFO] Pass: FixedPoint - 0.00477 (ms)
2026-07-03 00:14:14,953 [INFO] Pass: Size - 0.00334 (ms)
2026-07-03 00:14:14,953 [INFO] Pass: FixedPoint - 0.00286 (ms)
2026-07-03 00:14:14,953 [INFO] Pass: RemoveIdentityEquivalent - 0.00572 (ms)
2026-07-03 00:14:14,953 [INFO] Pass: Optimize1qGatesDecomposition - 0.20313 (ms)
2026-07-03 00:14:14,953 [INFO] Pass: CommutativeCancellation - 0.12445 (ms)
2026-07-03 00:14:14,953 [INFO] Pass: ContractIdleWiresInControlFlow - 0.00191 (ms)
2026-07-03 00:14:14,953 [INFO] Pass: GatesInBasis - 0.03576 (ms)
2026-07-03 00:14:14,953 [INFO] Pass: Depth - 0.02670 (ms)
2026-07-03 00:14:14,953 [INFO] Pass: FixedPoint - 0.00381 (ms)
2026-07-03 00:14:14,953 [INFO] Pass: Size - 0.00215 (ms)
2026-07-03 00:14:14,953 [INFO] Pass: FixedPoint - 0.00334 (ms)
2026-07-03 00:14:14,953 [INFO] Pass: ContainsInstruction - 0.00525 (ms)
2026-07-03 00:14:14,954 [INFO] Total Transpile Time - 88.31263 (ms)
2026-07-03 00:14:15,040 [INFO] Pass: ContainsInstruction - 0.01192 (ms)
2026-07-03 00:14:15,040 [INFO] Pass: UnitarySynthesis - 0.00763 (ms)
2026-07-03 00:14:15,040 [INFO] Pass: HighLevelSynthesis - 0.00477 (ms)
2026-07-03 00:14:15,040 [INFO] Pass: BasisTranslator - 0.06151 (ms)
2026-07-03 00:14:15,040 [INFO] Pass: ElidePermutations - 0.00453 (ms)
2026-07-03 00:14:15,040 [INFO] Pass: RemoveDiagonalGatesBeforeMeasure - 0.00691 (ms)
2026-07-03 00:14:15,040 [INFO] Pass: RemoveIdentityEquivalent - 0.00834 (ms)
2026-07-03 00:14:15,040 [INFO] Pass: InverseCancellation - 0.03004 (ms)
2026-07-03 00:14:15,040 [INFO] Pass: ContractIdleWiresInControlFlow - 0.00215 (ms)
2026-07-03 00:14:15,040 [INFO] Pass: CommutativeCancellation - 0.10705 (ms)
2026-07-03 00:14:15,040 [INFO] Pass: ConsolidateBlocks - 0.05579 (ms)
2026-07-03 00:14:15,040 [INFO] Pass: Split2QUnitaries - 0.00381 (ms)
2026-07-03 00:14:15,040 [INFO] Pass: UnitarySynthesis - 0.00501 (ms)
2026-07-03 00:14:15,040 [INFO] Pass: HighLevelSynthesis - 0.04554 (ms)
2026-07-03 00:14:15,041 [INFO] Pass: BasisTranslator - 0.08249 (ms)
2026-07-03 00:14:15,041 [INFO] Pass: ConsolidateBlocks - 0.05960 (ms)
2026-07-03 00:14:15,041 [INFO] Pass: UnitarySynthesis - 0.00477 (ms)
2026-07-03 00:14:15,041 [INFO] Pass: Depth - 0.02980 (ms)
2026-07-03 00:14:15,041 [INFO] Pass: FixedPoint - 0.00501 (ms)
2026-07-03 00:14:15,041 [INFO] Pass: Size - 0.00334 (ms)
2026-07-03 00:14:15,041 [INFO] Pass: FixedPoint - 0.00286 (ms)
2026-07-03 00:14:15,041 [INFO] Pass: RemoveIdentityEquivalent - 0.00715 (ms)
2026-07-03 00:14:15,041 [INFO] Pass: Optimize1qGatesDecomposition - 0.22173 (ms)
2026-07-03 00:14:15,041 [INFO] Pass: CommutativeCancellation - 0.11849 (ms)
2026-07-03 00:14:15,041 [INFO] Pass: ContractIdleWiresInControlFlow - 0.00191 (ms)
2026-07-03 00:14:15,041 [INFO] Pass: GatesInBasis - 0.03791 (ms)
2026-07-03 00:14:15,041 [INFO] Pass: Depth - 0.02980 (ms)
2026-07-03 00:14:15,041 [INFO] Pass: FixedPoint - 0.00453 (ms)
2026-07-03 00:14:15,041 [INFO] Pass: Size - 0.00262 (ms)
2026-07-03 00:14:15,041 [INFO] Pass: FixedPoint - 0.00334 (ms)
2026-07-03 00:14:15,042 [INFO] Pass: RemoveIdentityEquivalent - 0.00668 (ms)
2026-07-03 00:14:15,042 [INFO] Pass: Optimize1qGatesDecomposition - 0.20480 (ms)
2026-07-03 00:14:15,042 [INFO] Pass: CommutativeCancellation - 0.11015 (ms)
2026-07-03 00:14:15,042 [INFO] Pass: ContractIdleWiresInControlFlow - 0.00191 (ms)
2026-07-03 00:14:15,042 [INFO] Pass: GatesInBasis - 0.03529 (ms)
2026-07-03 00:14:15,042 [INFO] Pass: Depth - 0.02623 (ms)
2026-07-03 00:14:15,042 [INFO] Pass: FixedPoint - 0.00334 (ms)
2026-07-03 00:14:15,042 [INFO] Pass: Size - 0.00262 (ms)
2026-07-03 00:14:15,042 [INFO] Pass: FixedPoint - 0.00286 (ms)
2026-07-03 00:14:15,042 [INFO] Pass: ContainsInstruction - 0.00620 (ms)
2026-07-03 00:14:15,043 [INFO] Total Transpile Time - 88.35888 (ms)
2026-07-03 02:43:13,670 [INFO] Pass: ContainsInstruction - 0.01192 (ms)
2026-07-03 02:43:13,670 [INFO] Pass: UnitarySynthesis - 0.00978 (ms)
2026-07-03 02:43:13,670 [INFO] Pass: HighLevelSynthesis - 0.00572 (ms)
2026-07-03 02:43:13,670 [INFO] Pass: BasisTranslator - 0.07033 (ms)
2026-07-03 02:43:13,670 [INFO] Pass: ElidePermutations - 0.00548 (ms)
2026-07-03 02:43:13,670 [INFO] Pass: RemoveDiagonalGatesBeforeMeasure - 0.00811 (ms)
2026-07-03 02:43:13,670 [INFO] Pass: RemoveIdentityEquivalent - 0.00644 (ms)
2026-07-03 02:43:13,670 [INFO] Pass: InverseCancellation - 0.00501 (ms)
2026-07-03 02:43:13,670 [INFO] Pass: ContractIdleWiresInControlFlow - 0.00191 (ms)
2026-07-03 02:43:13,670 [INFO] Pass: CommutativeCancellation - 0.11110 (ms)
2026-07-03 02:43:13,670 [INFO] Pass: ConsolidateBlocks - 0.05603 (ms)
2026-07-03 02:43:13,670 [INFO] Pass: Split2QUnitaries - 0.00358 (ms)
2026-07-03 02:43:13,670 [INFO] Pass: UnitarySynthesis - 0.00572 (ms)
2026-07-03 02:43:13,671 [INFO] Pass: HighLevelSynthesis - 0.04077 (ms)
2026-07-03 02:43:13,671 [INFO] Pass: BasisTranslator - 0.08225 (ms)
2026-07-03 02:43:13,671 [INFO] Pass: ConsolidateBlocks - 0.06604 (ms)
2026-07-03 02:43:13,671 [INFO] Pass: UnitarySynthesis - 0.00429 (ms)
2026-07-03 02:43:13,671 [INFO] Pass: Depth - 0.03052 (ms)
2026-07-03 02:43:13,671 [INFO] Pass: FixedPoint - 0.00525 (ms)
2026-07-03 02:43:13,671 [INFO] Pass: Size - 0.00358 (ms)
2026-07-03 02:43:13,671 [INFO] Pass: FixedPoint - 0.00286 (ms)
2026-07-03 02:43:13,671 [INFO] Pass: RemoveIdentityEquivalent - 0.00358 (ms)
2026-07-03 02:43:13,671 [INFO] Pass: Optimize1qGatesDecomposition - 0.04077 (ms)
2026-07-03 02:43:13,671 [INFO] Pass: CommutativeCancellation - 0.11468 (ms)
2026-07-03 02:43:13,671 [INFO] Pass: ContractIdleWiresInControlFlow - 0.00191 (ms)
2026-07-03 02:43:13,671 [INFO] Pass: GatesInBasis - 0.03552 (ms)
2026-07-03 02:43:13,671 [INFO] Pass: Depth - 0.02527 (ms)
2026-07-03 02:43:13,671 [INFO] Pass: FixedPoint - 0.00358 (ms)
2026-07-03 02:43:13,671 [INFO] Pass: Size - 0.00167 (ms)
2026-07-03 02:43:13,671 [INFO] Pass: FixedPoint - 0.00286 (ms)
2026-07-03 02:43:13,671 [INFO] Pass: ContainsInstruction - 0.00501 (ms)
2026-07-03 02:43:13,672 [INFO] Total Transpile Time - 91.27235 (ms)
2026-07-03 02:43:13,758 [INFO] Pass: ContainsInstruction - 0.01192 (ms)
2026-07-03 02:43:13,758 [INFO] Pass: UnitarySynthesis - 0.00691 (ms)
2026-07-03 02:43:13,758 [INFO] Pass: HighLevelSynthesis - 0.00501 (ms)
2026-07-03 02:43:13,758 [INFO] Pass: BasisTranslator - 0.06199 (ms)
2026-07-03 02:43:13,758 [INFO] Pass: ElidePermutations - 0.00525 (ms)
2026-07-03 02:43:13,758 [INFO] Pass: RemoveDiagonalGatesBeforeMeasure - 0.00668 (ms)
2026-07-03 02:43:13,758 [INFO] Pass: RemoveIdentityEquivalent - 0.00787 (ms)
2026-07-03 02:43:13,759 [INFO] Pass: InverseCancellation - 0.02956 (ms)
2026-07-03 02:43:13,759 [INFO] Pass: ContractIdleWiresInControlFlow - 0.00215 (ms)
2026-07-03 02:43:13,759 [INFO] Pass: CommutativeCancellation - 0.11230 (ms)
2026-07-03 02:43:13,759 [INFO] Pass: ConsolidateBlocks - 0.05293 (ms)
2026-07-03 02:43:13,759 [INFO] Pass: Split2QUnitaries - 0.00381 (ms)
2026-07-03 02:43:13,759 [INFO] Pass: UnitarySynthesis - 0.00501 (ms)
2026-07-03 02:43:13,759 [INFO] Pass: HighLevelSynthesis - 0.04315 (ms)
2026-07-03 02:43:13,759 [INFO] Pass: BasisTranslator - 0.08488 (ms)
2026-07-03 02:43:13,759 [INFO] Pass: ConsolidateBlocks - 0.05937 (ms)
2026-07-03 02:43:13,759 [INFO] Pass: UnitarySynthesis - 0.00453 (ms)
2026-07-03 02:43:13,759 [INFO] Pass: Depth - 0.03028 (ms)
2026-07-03 02:43:13,759 [INFO] Pass: FixedPoint - 0.00429 (ms)
2026-07-03 02:43:13,759 [INFO] Pass: Size - 0.00334 (ms)
2026-07-03 02:43:13,759 [INFO] Pass: FixedPoint - 0.00286 (ms)
2026-07-03 02:43:13,759 [INFO] Pass: RemoveIdentityEquivalent - 0.00525 (ms)
2026-07-03 02:43:13,760 [INFO] Pass: Optimize1qGatesDecomposition - 0.22149 (ms)
2026-07-03 02:43:13,760 [INFO] Pass: CommutativeCancellation - 0.13447 (ms)
2026-07-03 02:43:13,760 [INFO] Pass: ContractIdleWiresInControlFlow - 0.00215 (ms)
2026-07-03 02:43:13,760 [INFO] Pass: GatesInBasis - 0.03552 (ms)
2026-07-03 02:43:13,760 [INFO] Pass: Depth - 0.02813 (ms)
2026-07-03 02:43:13,760 [INFO] Pass: FixedPoint - 0.00381 (ms)
2026-07-03 02:43:13,760 [INFO] Pass: Size - 0.00215 (ms)
2026-07-03 02:43:13,760 [INFO] Pass: FixedPoint - 0.00262 (ms)
2026-07-03 02:43:13,760 [INFO] Pass: ContainsInstruction - 0.00525 (ms)
2026-07-03 02:43:13,760 [INFO] Total Transpile Time - 88.12904 (ms)
2026-07-03 02:43:13,847 [INFO] Pass: ContainsInstruction - 0.01097 (ms)
2026-07-03 02:43:13,847 [INFO] Pass: UnitarySynthesis - 0.00668 (ms)
2026-07-03 02:43:13,847 [INFO] Pass: HighLevelSynthesis - 0.00429 (ms)
2026-07-03 02:43:13,847 [INFO] Pass: BasisTranslator - 0.05674 (ms)
2026-07-03 02:43:13,847 [INFO] Pass: ElidePermutations - 0.00405 (ms)
2026-07-03 02:43:13,847 [INFO] Pass: RemoveDiagonalGatesBeforeMeasure - 0.00596 (ms)
2026-07-03 02:43:13,847 [INFO] Pass: RemoveIdentityEquivalent - 0.00954 (ms)
2026-07-03 02:43:13,847 [INFO] Pass: InverseCancellation - 0.02933 (ms)
2026-07-03 02:43:13,847 [INFO] Pass: ContractIdleWiresInControlFlow - 0.00215 (ms)
2026-07-03 02:43:13,847 [INFO] Pass: CommutativeCancellation - 0.10204 (ms)
2026-07-03 02:43:13,847 [INFO] Pass: ConsolidateBlocks - 0.05031 (ms)
2026-07-03 02:43:13,847 [INFO] Pass: Split2QUnitaries - 0.00310 (ms)
2026-07-03 02:43:13,847 [INFO] Pass: UnitarySynthesis - 0.00548 (ms)
2026-07-03 02:43:13,847 [INFO] Pass: HighLevelSynthesis - 0.04411 (ms)
2026-07-03 02:43:13,848 [INFO] Pass: BasisTranslator - 0.08106 (ms)
2026-07-03 02:43:13,848 [INFO] Pass: ConsolidateBlocks - 0.05841 (ms)
2026-07-03 02:43:13,848 [INFO] Pass: UnitarySynthesis - 0.00429 (ms)
2026-07-03 02:43:13,848 [INFO] Pass: Depth - 0.03767 (ms)
2026-07-03 02:43:13,848 [INFO] Pass: FixedPoint - 0.00405 (ms)
2026-07-03 02:43:13,848 [INFO] Pass: Size - 0.00334 (ms)
2026-07-03 02:43:13,848 [INFO] Pass: FixedPoint - 0.00310 (ms)
2026-07-03 02:43:13,848 [INFO] Pass: RemoveIdentityEquivalent - 0.00644 (ms)
2026-07-03 02:43:13,848 [INFO] Pass: Optimize1qGatesDecomposition - 0.22936 (ms)
2026-07-03 02:43:13,848 [INFO] Pass: CommutativeCancellation - 0.11539 (ms)
2026-07-03 02:43:13,848 [INFO] Pass: ContractIdleWiresInControlFlow - 0.00167 (ms)
2026-07-03 02:43:13,848 [INFO] Pass: GatesInBasis - 0.03433 (ms)
2026-07-03 02:43:13,848 [INFO] Pass: Depth - 0.02813 (ms)
2026-07-03 02:43:13,848 [INFO] Pass: FixedPoint - 0.00405 (ms)
2026-07-03 02:43:13,848 [INFO] Pass: Size - 0.00191 (ms)
2026-07-03 02:43:13,848 [INFO] Pass: FixedPoint - 0.00334 (ms)
2026-07-03 02:43:13,848 [INFO] Pass: RemoveIdentityEquivalent - 0.00620 (ms)
2026-07-03 02:43:13,849 [INFO] Pass: Optimize1qGatesDecomposition - 0.20456 (ms)
2026-07-03 02:43:13,849 [INFO] Pass: CommutativeCancellation - 0.10586 (ms)
2026-07-03 02:43:13,849 [INFO] Pass: ContractIdleWiresInControlFlow - 0.00167 (ms)
2026-07-03 02:43:13,849 [INFO] Pass: GatesInBasis - 0.03362 (ms)
2026-07-03 02:43:13,849 [INFO] Pass: Depth - 0.02575 (ms)
2026-07-03 02:43:13,849 [INFO] Pass: FixedPoint - 0.00334 (ms)
2026-07-03 02:43:13,849 [INFO] Pass: Size - 0.00215 (ms)
2026-07-03 02:43:13,849 [INFO] Pass: FixedPoint - 0.00286 (ms)
2026-07-03 02:43:13,849 [INFO] Pass: ContainsInstruction - 0.00596 (ms)
2026-07-03 02:43:13,849 [INFO] Total Transpile Time - 88.62996 (ms)
2026-07-03 05:13:26,328 [INFO] Pass: ContainsInstruction - 0.01359 (ms)
2026-07-03 05:13:26,328 [INFO] Pass: UnitarySynthesis - 0.00930 (ms)
2026-07-03 05:13:26,329 [INFO] Pass: HighLevelSynthesis - 0.00477 (ms)
2026-07-03 05:13:26,329 [INFO] Pass: BasisTranslator - 0.07033 (ms)
2026-07-03 05:13:26,329 [INFO] Pass: ElidePermutations - 0.00572 (ms)
2026-07-03 05:13:26,329 [INFO] Pass: RemoveDiagonalGatesBeforeMeasure - 0.00763 (ms)
2026-07-03 05:13:26,329 [INFO] Pass: RemoveIdentityEquivalent - 0.01645 (ms)
2026-07-03 05:13:26,329 [INFO] Pass: InverseCancellation - 0.00477 (ms)
2026-07-03 05:13:26,329 [INFO] Pass: ContractIdleWiresInControlFlow - 0.00191 (ms)
2026-07-03 05:13:26,329 [INFO] Pass: CommutativeCancellation - 0.10014 (ms)
2026-07-03 05:13:26,329 [INFO] Pass: ConsolidateBlocks - 0.05388 (ms)
2026-07-03 05:13:26,329 [INFO] Pass: Split2QUnitaries - 0.00381 (ms)
2026-07-03 05:13:26,329 [INFO] Pass: UnitarySynthesis - 0.00501 (ms)
2026-07-03 05:13:26,329 [INFO] Pass: HighLevelSynthesis - 0.04053 (ms)
2026-07-03 05:13:26,329 [INFO] Pass: BasisTranslator - 0.07987 (ms)
2026-07-03 05:13:26,329 [INFO] Pass: ConsolidateBlocks - 0.05555 (ms)
2026-07-03 05:13:26,329 [INFO] Pass: UnitarySynthesis - 0.00405 (ms)
2026-07-03 05:13:26,329 [INFO] Pass: Depth - 0.02789 (ms)
2026-07-03 05:13:26,329 [INFO] Pass: FixedPoint - 0.00477 (ms)
2026-07-03 05:13:26,329 [INFO] Pass: Size - 0.00477 (ms)
2026-07-03 05:13:26,329 [INFO] Pass: FixedPoint - 0.00310 (ms)
2026-07-03 05:13:26,329 [INFO] Pass: RemoveIdentityEquivalent - 0.00381 (ms)
2026-07-03 05:13:26,330 [INFO] Pass: Optimize1qGatesDecomposition - 0.03910 (ms)
2026-07-03 05:13:26,330 [INFO] Pass: CommutativeCancellation - 0.11253 (ms)
2026-07-03 05:13:26,330 [INFO] Pass: ContractIdleWiresInControlFlow - 0.00191 (ms)
2026-07-03 05:13:26,330 [INFO] Pass: GatesInBasis - 0.03481 (ms)
2026-07-03 05:13:26,330 [INFO] Pass: Depth - 0.02551 (ms)
2026-07-03 05:13:26,330 [INFO] Pass: FixedPoint - 0.00334 (ms)
2026-07-03 05:13:26,330 [INFO] Pass: Size - 0.00286 (ms)
2026-07-03 05:13:26,330 [INFO] Pass: FixedPoint - 0.00310 (ms)
2026-07-03 05:13:26,330 [INFO] Pass: ContainsInstruction - 0.00525 (ms)
2026-07-03 05:13:26,330 [INFO] Total Transpile Time - 90.58714 (ms)
2026-07-03 05:13:26,416 [INFO] Pass: ContainsInstruction - 0.01049 (ms)
2026-07-03 05:13:26,416 [INFO] Pass: UnitarySynthesis - 0.00644 (ms)
2026-07-03 05:13:26,416 [INFO] Pass: HighLevelSynthesis - 0.00453 (ms)
2026-07-03 05:13:26,417 [INFO] Pass: BasisTranslator - 0.05555 (ms)
2026-07-03 05:13:26,417 [INFO] Pass: ElidePermutations - 0.00453 (ms)
2026-07-03 05:13:26,417 [INFO] Pass: RemoveDiagonalGatesBeforeMeasure - 0.00596 (ms)
2026-07-03 05:13:26,417 [INFO] Pass: RemoveIdentityEquivalent - 0.00715 (ms)
2026-07-03 05:13:26,417 [INFO] Pass: InverseCancellation - 0.02766 (ms)
2026-07-03 05:13:26,417 [INFO] Pass: ContractIdleWiresInControlFlow - 0.00191 (ms)
2026-07-03 05:13:26,417 [INFO] Pass: CommutativeCancellation - 0.10252 (ms)
2026-07-03 05:13:26,417 [INFO] Pass: ConsolidateBlocks - 0.04840 (ms)
2026-07-03 05:13:26,417 [INFO] Pass: Split2QUnitaries - 0.00310 (ms)
2026-07-03 05:13:26,417 [INFO] Pass: UnitarySynthesis - 0.00477 (ms)
2026-07-03 05:13:26,417 [INFO] Pass: HighLevelSynthesis - 0.04148 (ms)
2026-07-03 05:13:26,417 [INFO] Pass: BasisTranslator - 0.08011 (ms)
2026-07-03 05:13:26,417 [INFO] Pass: ConsolidateBlocks - 0.05770 (ms)
2026-07-03 05:13:26,417 [INFO] Pass: UnitarySynthesis - 0.00429 (ms)
2026-07-03 05:13:26,417 [INFO] Pass: Depth - 0.02742 (ms)
2026-07-03 05:13:26,417 [INFO] Pass: FixedPoint - 0.00429 (ms)
2026-07-03 05:13:26,417 [INFO] Pass: Size - 0.00286 (ms)
2026-07-03 05:13:26,417 [INFO] Pass: FixedPoint - 0.00310 (ms)
2026-07-03 05:13:26,417 [INFO] Pass: RemoveIdentityEquivalent - 0.00548 (ms)
2026-07-03 05:13:26,418 [INFO] Pass: Optimize1qGatesDecomposition - 0.20146 (ms)
2026-07-03 05:13:26,418 [INFO] Pass: CommutativeCancellation - 0.13161 (ms)
2026-07-03 05:13:26,418 [INFO] Pass: ContractIdleWiresInControlFlow - 0.00191 (ms)
2026-07-03 05:13:26,418 [INFO] Pass: GatesInBasis - 0.03481 (ms)
2026-07-03 05:13:26,418 [INFO] Pass: Depth - 0.02933 (ms)
2026-07-03 05:13:26,418 [INFO] Pass: FixedPoint - 0.00381 (ms)
2026-07-03 05:13:26,418 [INFO] Pass: Size - 0.00191 (ms)
2026-07-03 05:13:26,418 [INFO] Pass: FixedPoint - 0.00286 (ms)
2026-07-03 05:13:26,418 [INFO] Pass: ContainsInstruction - 0.00548 (ms)
2026-07-03 05:13:26,418 [INFO] Total Transpile Time - 87.58640 (ms)
2026-07-03 05:13:26,506 [INFO] Pass: ContainsInstruction - 0.01311 (ms)
2026-07-03 05:13:26,506 [INFO] Pass: UnitarySynthesis - 0.00739 (ms)
2026-07-03 05:13:26,506 [INFO] Pass: HighLevelSynthesis - 0.00572 (ms)
2026-07-03 05:13:26,506 [INFO] Pass: BasisTranslator - 0.06747 (ms)
2026-07-03 05:13:26,506 [INFO] Pass: ElidePermutations - 0.00501 (ms)
2026-07-03 05:13:26,506 [INFO] Pass: RemoveDiagonalGatesBeforeMeasure - 0.00763 (ms)
2026-07-03 05:13:26,506 [INFO] Pass: RemoveIdentityEquivalent - 0.01025 (ms)
2026-07-03 05:13:26,506 [INFO] Pass: InverseCancellation - 0.02909 (ms)
2026-07-03 05:13:26,506 [INFO] Pass: ContractIdleWiresInControlFlow - 0.00215 (ms)
2026-07-03 05:13:26,506 [INFO] Pass: CommutativeCancellation - 0.11134 (ms)
2026-07-03 05:13:26,506 [INFO] Pass: ConsolidateBlocks - 0.05627 (ms)
2026-07-03 05:13:26,507 [INFO] Pass: Split2QUnitaries - 0.00381 (ms)
2026-07-03 05:13:26,507 [INFO] Pass: UnitarySynthesis - 0.00501 (ms)
2026-07-03 05:13:26,507 [INFO] Pass: HighLevelSynthesis - 0.04578 (ms)
2026-07-03 05:13:26,507 [INFO] Pass: BasisTranslator - 0.09108 (ms)
2026-07-03 05:13:26,507 [INFO] Pass: ConsolidateBlocks - 0.06366 (ms)
2026-07-03 05:13:26,507 [INFO] Pass: UnitarySynthesis - 0.00429 (ms)
2026-07-03 05:13:26,507 [INFO] Pass: Depth - 0.02956 (ms)
2026-07-03 05:13:26,507 [INFO] Pass: FixedPoint - 0.00501 (ms)
2026-07-03 05:13:26,507 [INFO] Pass: Size - 0.00358 (ms)
2026-07-03 05:13:26,507 [INFO] Pass: FixedPoint - 0.00286 (ms)
2026-07-03 05:13:26,507 [INFO] Pass: RemoveIdentityEquivalent - 0.00739 (ms)
2026-07-03 05:13:26,507 [INFO] Pass: Optimize1qGatesDecomposition - 0.22483 (ms)
2026-07-03 05:13:26,507 [INFO] Pass: CommutativeCancellation - 0.11730 (ms)
2026-07-03 05:13:26,507 [INFO] Pass: ContractIdleWiresInControlFlow - 0.00215 (ms)
2026-07-03 05:13:26,508 [INFO] Pass: GatesInBasis - 0.03672 (ms)
2026-07-03 05:13:26,508 [INFO] Pass: Depth - 0.02694 (ms)
2026-07-03 05:13:26,508 [INFO] Pass: FixedPoint - 0.00381 (ms)
2026-07-03 05:13:26,508 [INFO] Pass: Size - 0.00262 (ms)
2026-07-03 05:13:26,508 [INFO] Pass: FixedPoint - 0.00310 (ms)
2026-07-03 05:13:26,508 [INFO] Pass: RemoveIdentityEquivalent - 0.00691 (ms)
2026-07-03 05:13:26,508 [INFO] Pass: Optimize1qGatesDecomposition - 0.19717 (ms)
2026-07-03 05:13:26,508 [INFO] Pass: CommutativeCancellation - 0.10824 (ms)
2026-07-03 05:13:26,508 [INFO] Pass: ContractIdleWiresInControlFlow - 0.00167 (ms)
2026-07-03 05:13:26,508 [INFO] Pass: GatesInBasis - 0.03409 (ms)
2026-07-03 05:13:26,508 [INFO] Pass: Depth - 0.02480 (ms)
2026-07-03 05:13:26,508 [INFO] Pass: FixedPoint - 0.00334 (ms)
2026-07-03 05:13:26,508 [INFO] Pass: Size - 0.00238 (ms)
2026-07-03 05:13:26,508 [INFO] Pass: FixedPoint - 0.00262 (ms)
2026-07-03 05:13:26,508 [INFO] Pass: ContainsInstruction - 0.00572 (ms)
2026-07-03 05:13:26,509 [INFO] Total Transpile Time - 89.95271 (ms)
2026-07-03 07:43:07,917 [INFO] Pass: ContainsInstruction - 0.01311 (ms)
2026-07-03 07:43:07,918 [INFO] Pass: UnitarySynthesis - 0.01025 (ms)
2026-07-03 07:43:07,918 [INFO] Pass: HighLevelSynthesis - 0.00596 (ms)
2026-07-03 07:43:07,918 [INFO] Pass: BasisTranslator - 0.07081 (ms)
2026-07-03 07:43:07,918 [INFO] Pass: ElidePermutations - 0.00596 (ms)
2026-07-03 07:43:07,918 [INFO] Pass: RemoveDiagonalGatesBeforeMeasure - 0.00763 (ms)
2026-07-03 07:43:07,918 [INFO] Pass: RemoveIdentityEquivalent - 0.00691 (ms)
2026-07-03 07:43:07,918 [INFO] Pass: InverseCancellation - 0.00429 (ms)
2026-07-03 07:43:07,918 [INFO] Pass: ContractIdleWiresInControlFlow - 0.00215 (ms)
2026-07-03 07:43:07,918 [INFO] Pass: CommutativeCancellation - 0.10562 (ms)
2026-07-03 07:43:07,918 [INFO] Pass: ConsolidateBlocks - 0.05841 (ms)
2026-07-03 07:43:07,918 [INFO] Pass: Split2QUnitaries - 0.00310 (ms)
2026-07-03 07:43:07,918 [INFO] Pass: UnitarySynthesis - 0.00572 (ms)
2026-07-03 07:43:07,918 [INFO] Pass: HighLevelSynthesis - 0.04125 (ms)
2026-07-03 07:43:07,919 [INFO] Pass: BasisTranslator - 0.08035 (ms)
2026-07-03 07:43:07,919 [INFO] Pass: ConsolidateBlocks - 0.05984 (ms)
2026-07-03 07:43:07,919 [INFO] Pass: UnitarySynthesis - 0.00453 (ms)
2026-07-03 07:43:07,919 [INFO] Pass: Depth - 0.02813 (ms)
2026-07-03 07:43:07,919 [INFO] Pass: FixedPoint - 0.00525 (ms)
2026-07-03 07:43:07,919 [INFO] Pass: Size - 0.00334 (ms)
2026-07-03 07:43:07,919 [INFO] Pass: FixedPoint - 0.00286 (ms)
2026-07-03 07:43:07,919 [INFO] Pass: RemoveIdentityEquivalent - 0.00334 (ms)
2026-07-03 07:43:07,919 [INFO] Pass: Optimize1qGatesDecomposition - 0.04053 (ms)
2026-07-03 07:43:07,919 [INFO] Pass: CommutativeCancellation - 0.11325 (ms)
2026-07-03 07:43:07,919 [INFO] Pass: ContractIdleWiresInControlFlow - 0.00167 (ms)
2026-07-03 07:43:07,919 [INFO] Pass: GatesInBasis - 0.03624 (ms)
2026-07-03 07:43:07,919 [INFO] Pass: Depth - 0.02503 (ms)
2026-07-03 07:43:07,919 [INFO] Pass: FixedPoint - 0.00334 (ms)
2026-07-03 07:43:07,919 [INFO] Pass: Size - 0.00167 (ms)
2026-07-03 07:43:07,919 [INFO] Pass: FixedPoint - 0.00286 (ms)
2026-07-03 07:43:07,919 [INFO] Pass: ContainsInstruction - 0.00477 (ms)
2026-07-03 07:43:07,920 [INFO] Total Transpile Time - 90.35492 (ms)
2026-07-03 07:43:08,006 [INFO] Pass: ContainsInstruction - 0.01097 (ms)
2026-07-03 07:43:08,006 [INFO] Pass: UnitarySynthesis - 0.00691 (ms)
2026-07-03 07:43:08,006 [INFO] Pass: HighLevelSynthesis - 0.00477 (ms)
2026-07-03 07:43:08,006 [INFO] Pass: BasisTranslator - 0.06032 (ms)
2026-07-03 07:43:08,006 [INFO] Pass: ElidePermutations - 0.00501 (ms)
2026-07-03 07:43:08,006 [INFO] Pass: RemoveDiagonalGatesBeforeMeasure - 0.00668 (ms)
2026-07-03 07:43:08,006 [INFO] Pass: RemoveIdentityEquivalent - 0.00763 (ms)
2026-07-03 07:43:08,006 [INFO] Pass: InverseCancellation - 0.02956 (ms)
2026-07-03 07:43:08,006 [INFO] Pass: ContractIdleWiresInControlFlow - 0.00215 (ms)
2026-07-03 07:43:08,006 [INFO] Pass: CommutativeCancellation - 0.10586 (ms)
2026-07-03 07:43:08,006 [INFO] Pass: ConsolidateBlocks - 0.05221 (ms)
2026-07-03 07:43:08,006 [INFO] Pass: Split2QUnitaries - 0.00381 (ms)
2026-07-03 07:43:08,007 [INFO] Pass: UnitarySynthesis - 0.00453 (ms)
2026-07-03 07:43:08,007 [INFO] Pass: HighLevelSynthesis - 0.04220 (ms)
2026-07-03 07:43:08,007 [INFO] Pass: BasisTranslator - 0.07939 (ms)
2026-07-03 07:43:08,007 [INFO] Pass: ConsolidateBlocks - 0.06437 (ms)
2026-07-03 07:43:08,007 [INFO] Pass: UnitarySynthesis - 0.00453 (ms)
2026-07-03 07:43:08,007 [INFO] Pass: Depth - 0.02766 (ms)
2026-07-03 07:43:08,007 [INFO] Pass: FixedPoint - 0.00405 (ms)
2026-07-03 07:43:08,007 [INFO] Pass: Size - 0.00310 (ms)
2026-07-03 07:43:08,007 [INFO] Pass: FixedPoint - 0.00286 (ms)
2026-07-03 07:43:08,007 [INFO] Pass: RemoveIdentityEquivalent - 0.00525 (ms)
2026-07-03 07:43:08,007 [INFO] Pass: Optimize1qGatesDecomposition - 0.21267 (ms)
2026-07-03 07:43:08,007 [INFO] Pass: CommutativeCancellation - 0.12970 (ms)
2026-07-03 07:43:08,007 [INFO] Pass: ContractIdleWiresInControlFlow - 0.00191 (ms)
2026-07-03 07:43:08,007 [INFO] Pass: GatesInBasis - 0.03695 (ms)
2026-07-03 07:43:08,007 [INFO] Pass: Depth - 0.02933 (ms)
2026-07-03 07:43:08,008 [INFO] Pass: FixedPoint - 0.00358 (ms)
2026-07-03 07:43:08,008 [INFO] Pass: Size - 0.00286 (ms)
2026-07-03 07:43:08,008 [INFO] Pass: FixedPoint - 0.00262 (ms)
2026-07-03 07:43:08,008 [INFO] Pass: ContainsInstruction - 0.00525 (ms)
2026-07-03 07:43:08,008 [INFO] Total Transpile Time - 87.84032 (ms)
2026-07-03 07:43:08,094 [INFO] Pass: ContainsInstruction - 0.01049 (ms)
2026-07-03 07:43:08,094 [INFO] Pass: UnitarySynthesis - 0.00668 (ms)
2026-07-03 07:43:08,094 [INFO] Pass: HighLevelSynthesis - 0.00477 (ms)
2026-07-03 07:43:08,094 [INFO] Pass: BasisTranslator - 0.05698 (ms)
2026-07-03 07:43:08,094 [INFO] Pass: ElidePermutations - 0.00453 (ms)
2026-07-03 07:43:08,094 [INFO] Pass: RemoveDiagonalGatesBeforeMeasure - 0.00596 (ms)
2026-07-03 07:43:08,094 [INFO] Pass: RemoveIdentityEquivalent - 0.00787 (ms)
2026-07-03 07:43:08,094 [INFO] Pass: InverseCancellation - 0.02766 (ms)
2026-07-03 07:43:08,094 [INFO] Pass: ContractIdleWiresInControlFlow - 0.00215 (ms)
2026-07-03 07:43:08,095 [INFO] Pass: CommutativeCancellation - 0.10300 (ms)
2026-07-03 07:43:08,095 [INFO] Pass: ConsolidateBlocks - 0.04935 (ms)
2026-07-03 07:43:08,095 [INFO] Pass: Split2QUnitaries - 0.00978 (ms)
2026-07-03 07:43:08,095 [INFO] Pass: UnitarySynthesis - 0.00501 (ms)
2026-07-03 07:43:08,095 [INFO] Pass: HighLevelSynthesis - 0.04506 (ms)
2026-07-03 07:43:08,095 [INFO] Pass: BasisTranslator - 0.08345 (ms)
2026-07-03 07:43:08,095 [INFO] Pass: ConsolidateBlocks - 0.06008 (ms)
2026-07-03 07:43:08,095 [INFO] Pass: UnitarySynthesis - 0.00453 (ms)
2026-07-03 07:43:08,095 [INFO] Pass: Depth - 0.02813 (ms)
2026-07-03 07:43:08,095 [INFO] Pass: FixedPoint - 0.00453 (ms)
2026-07-03 07:43:08,095 [INFO] Pass: Size - 0.00310 (ms)
2026-07-03 07:43:08,095 [INFO] Pass: FixedPoint - 0.00262 (ms)
2026-07-03 07:43:08,095 [INFO] Pass: RemoveIdentityEquivalent - 0.00644 (ms)
2026-07-03 07:43:08,095 [INFO] Pass: Optimize1qGatesDecomposition - 0.23174 (ms)
2026-07-03 07:43:08,096 [INFO] Pass: CommutativeCancellation - 0.11086 (ms)
2026-07-03 07:43:08,096 [INFO] Pass: ContractIdleWiresInControlFlow - 0.00191 (ms)
2026-07-03 07:43:08,096 [INFO] Pass: GatesInBasis - 0.03576 (ms)
2026-07-03 07:43:08,096 [INFO] Pass: Depth - 0.03266 (ms)
2026-07-03 07:43:08,096 [INFO] Pass: FixedPoint - 0.00358 (ms)
2026-07-03 07:43:08,096 [INFO] Pass: Size - 0.00238 (ms)
2026-07-03 07:43:08,096 [INFO] Pass: FixedPoint - 0.00334 (ms)
2026-07-03 07:43:08,096 [INFO] Pass: RemoveIdentityEquivalent - 0.00644 (ms)
2026-07-03 07:43:08,096 [INFO] Pass: Optimize1qGatesDecomposition - 0.20695 (ms)
2026-07-03 07:43:08,096 [INFO] Pass: CommutativeCancellation - 0.10300 (ms)
2026-07-03 07:43:08,096 [INFO] Pass: ContractIdleWiresInControlFlow - 0.00191 (ms)
2026-07-03 07:43:08,096 [INFO] Pass: GatesInBasis - 0.03457 (ms)
2026-07-03 07:43:08,096 [INFO] Pass: Depth - 0.02575 (ms)
2026-07-03 07:43:08,096 [INFO] Pass: FixedPoint - 0.00310 (ms)
2026-07-03 07:43:08,096 [INFO] Pass: Size - 0.00215 (ms)
2026-07-03 07:43:08,096 [INFO] Pass: FixedPoint - 0.00310 (ms)
2026-07-03 07:43:08,096 [INFO] Pass: ContainsInstruction - 0.00572 (ms)
2026-07-03 07:43:08,097 [INFO] Total Transpile Time - 88.38630 (ms)
2026-07-03 10:12:54,214 [INFO] Pass: ContainsInstruction - 0.01264 (ms)
2026-07-03 10:12:54,214 [INFO] Pass: UnitarySynthesis - 0.00834 (ms)
2026-07-03 10:12:54,214 [INFO] Pass: HighLevelSynthesis - 0.00596 (ms)
2026-07-03 10:12:54,214 [INFO] Pass: BasisTranslator - 0.07105 (ms)
2026-07-03 10:12:54,214 [INFO] Pass: ElidePermutations - 0.00548 (ms)
2026-07-03 10:12:54,214 [INFO] Pass: RemoveDiagonalGatesBeforeMeasure - 0.00763 (ms)
2026-07-03 10:12:54,214 [INFO] Pass: RemoveIdentityEquivalent - 0.00715 (ms)
2026-07-03 10:12:54,214 [INFO] Pass: InverseCancellation - 0.00501 (ms)
2026-07-03 10:12:54,214 [INFO] Pass: ContractIdleWiresInControlFlow - 0.00238 (ms)
2026-07-03 10:12:54,214 [INFO] Pass: CommutativeCancellation - 0.10777 (ms)
2026-07-03 10:12:54,215 [INFO] Pass: ConsolidateBlocks - 0.05627 (ms)
2026-07-03 10:12:54,215 [INFO] Pass: Split2QUnitaries - 0.00310 (ms)
2026-07-03 10:12:54,215 [INFO] Pass: UnitarySynthesis - 0.00501 (ms)
2026-07-03 10:12:54,215 [INFO] Pass: HighLevelSynthesis - 0.04148 (ms)
2026-07-03 10:12:54,215 [INFO] Pass: BasisTranslator - 0.08225 (ms)
2026-07-03 10:12:54,215 [INFO] Pass: ConsolidateBlocks - 0.05984 (ms)
2026-07-03 10:12:54,215 [INFO] Pass: UnitarySynthesis - 0.00405 (ms)
2026-07-03 10:12:54,215 [INFO] Pass: Depth - 0.02861 (ms)
2026-07-03 10:12:54,215 [INFO] Pass: FixedPoint - 0.00453 (ms)
2026-07-03 10:12:54,215 [INFO] Pass: Size - 0.00334 (ms)
2026-07-03 10:12:54,215 [INFO] Pass: FixedPoint - 0.00286 (ms)
2026-07-03 10:12:54,215 [INFO] Pass: RemoveIdentityEquivalent - 0.00358 (ms)
2026-07-03 10:12:54,215 [INFO] Pass: Optimize1qGatesDecomposition - 0.04005 (ms)
2026-07-03 10:12:54,215 [INFO] Pass: CommutativeCancellation - 0.11468 (ms)
2026-07-03 10:12:54,215 [INFO] Pass: ContractIdleWiresInControlFlow - 0.00191 (ms)
2026-07-03 10:12:54,215 [INFO] Pass: GatesInBasis - 0.03481 (ms)
2026-07-03 10:12:54,215 [INFO] Pass: Depth - 0.02480 (ms)
2026-07-03 10:12:54,215 [INFO] Pass: FixedPoint - 0.00358 (ms)
2026-07-03 10:12:54,215 [INFO] Pass: Size - 0.00238 (ms)
2026-07-03 10:12:54,215 [INFO] Pass: FixedPoint - 0.00238 (ms)
2026-07-03 10:12:54,216 [INFO] Pass: ContainsInstruction - 0.00501 (ms)
2026-07-03 10:12:54,216 [INFO] Total Transpile Time - 91.46619 (ms)
2026-07-03 10:12:54,303 [INFO] Pass: ContainsInstruction - 0.01192 (ms)
2026-07-03 10:12:54,303 [INFO] Pass: UnitarySynthesis - 0.00763 (ms)
2026-07-03 10:12:54,303 [INFO] Pass: HighLevelSynthesis - 0.00596 (ms)
2026-07-03 10:12:54,304 [INFO] Pass: BasisTranslator - 0.06318 (ms)
2026-07-03 10:12:54,304 [INFO] Pass: ElidePermutations - 0.00453 (ms)
2026-07-03 10:12:54,304 [INFO] Pass: RemoveDiagonalGatesBeforeMeasure - 0.00715 (ms)
2026-07-03 10:12:54,304 [INFO] Pass: RemoveIdentityEquivalent - 0.00715 (ms)
2026-07-03 10:12:54,304 [INFO] Pass: InverseCancellation - 0.02980 (ms)
2026-07-03 10:12:54,304 [INFO] Pass: ContractIdleWiresInControlFlow - 0.00191 (ms)
2026-07-03 10:12:54,304 [INFO] Pass: CommutativeCancellation - 0.11778 (ms)
2026-07-03 10:12:54,304 [INFO] Pass: ConsolidateBlocks - 0.05293 (ms)
2026-07-03 10:12:54,304 [INFO] Pass: Split2QUnitaries - 0.00358 (ms)
2026-07-03 10:12:54,304 [INFO] Pass: UnitarySynthesis - 0.00572 (ms)
2026-07-03 10:12:54,304 [INFO] Pass: HighLevelSynthesis - 0.04292 (ms)
2026-07-03 10:12:54,304 [INFO] Pass: BasisTranslator - 0.08368 (ms)
2026-07-03 10:12:54,304 [INFO] Pass: ConsolidateBlocks - 0.06151 (ms)
2026-07-03 10:12:54,304 [INFO] Pass: UnitarySynthesis - 0.00429 (ms)
2026-07-03 10:12:54,304 [INFO] Pass: Depth - 0.02837 (ms)
2026-07-03 10:12:54,304 [INFO] Pass: FixedPoint - 0.00429 (ms)
2026-07-03 10:12:54,304 [INFO] Pass: Size - 0.00358 (ms)
2026-07-03 10:12:54,304 [INFO] Pass: FixedPoint - 0.00262 (ms)
2026-07-03 10:12:54,304 [INFO] Pass: RemoveIdentityEquivalent - 0.00596 (ms)
2026-07-03 10:12:54,305 [INFO] Pass: Optimize1qGatesDecomposition - 0.20790 (ms)
2026-07-03 10:12:54,305 [INFO] Pass: CommutativeCancellation - 0.13995 (ms)
2026-07-03 10:12:54,305 [INFO] Pass: ContractIdleWiresInControlFlow - 0.00215 (ms)
2026-07-03 10:12:54,305 [INFO] Pass: GatesInBasis - 0.03600 (ms)
2026-07-03 10:12:54,305 [INFO] Pass: Depth - 0.02646 (ms)
2026-07-03 10:12:54,305 [INFO] Pass: FixedPoint - 0.00358 (ms)
2026-07-03 10:12:54,305 [INFO] Pass: Size - 0.00262 (ms)
2026-07-03 10:12:54,305 [INFO] Pass: FixedPoint - 0.00310 (ms)
2026-07-03 10:12:54,305 [INFO] Pass: ContainsInstruction - 0.00548 (ms)
2026-07-03 10:12:54,306 [INFO] Total Transpile Time - 89.03623 (ms)
2026-07-03 10:12:54,393 [INFO] Pass: ContainsInstruction - 0.01097 (ms)
2026-07-03 10:12:54,393 [INFO] Pass: UnitarySynthesis - 0.00644 (ms)
2026-07-03 10:12:54,393 [INFO] Pass: HighLevelSynthesis - 0.00405 (ms)
2026-07-03 10:12:54,393 [INFO] Pass: BasisTranslator - 0.06080 (ms)
2026-07-03 10:12:54,393 [INFO] Pass: ElidePermutations - 0.00477 (ms)
2026-07-03 10:12:54,393 [INFO] Pass: RemoveDiagonalGatesBeforeMeasure - 0.00668 (ms)
2026-07-03 10:12:54,393 [INFO] Pass: RemoveIdentityEquivalent - 0.00834 (ms)
2026-07-03 10:12:54,393 [INFO] Pass: InverseCancellation - 0.02742 (ms)
2026-07-03 10:12:54,393 [INFO] Pass: ContractIdleWiresInControlFlow - 0.00215 (ms)
2026-07-03 10:12:54,393 [INFO] Pass: CommutativeCancellation - 0.10419 (ms)
2026-07-03 10:12:54,393 [INFO] Pass: ConsolidateBlocks - 0.05150 (ms)
2026-07-03 10:12:54,393 [INFO] Pass: Split2QUnitaries - 0.00286 (ms)
2026-07-03 10:12:54,393 [INFO] Pass: UnitarySynthesis - 0.00525 (ms)
2026-07-03 10:12:54,393 [INFO] Pass: HighLevelSynthesis - 0.04578 (ms)
2026-07-03 10:12:54,393 [INFO] Pass: BasisTranslator - 0.08106 (ms)
2026-07-03 10:12:54,393 [INFO] Pass: ConsolidateBlocks - 0.05889 (ms)
2026-07-03 10:12:54,393 [INFO] Pass: UnitarySynthesis - 0.00477 (ms)
2026-07-03 10:12:54,393 [INFO] Pass: Depth - 0.02909 (ms)
2026-07-03 10:12:54,394 [INFO] Pass: FixedPoint - 0.00453 (ms)
2026-07-03 10:12:54,394 [INFO] Pass: Size - 0.00310 (ms)
2026-07-03 10:12:54,394 [INFO] Pass: FixedPoint - 0.00286 (ms)
2026-07-03 10:12:54,394 [INFO] Pass: RemoveIdentityEquivalent - 0.00644 (ms)
2026-07-03 10:12:54,394 [INFO] Pass: Optimize1qGatesDecomposition - 0.21553 (ms)
2026-07-03 10:12:54,394 [INFO] Pass: CommutativeCancellation - 0.11468 (ms)
2026-07-03 10:12:54,394 [INFO] Pass: ContractIdleWiresInControlFlow - 0.00167 (ms)
2026-07-03 10:12:54,394 [INFO] Pass: GatesInBasis - 0.03529 (ms)
2026-07-03 10:12:54,394 [INFO] Pass: Depth - 0.02718 (ms)
2026-07-03 10:12:54,394 [INFO] Pass: FixedPoint - 0.00358 (ms)
2026-07-03 10:12:54,394 [INFO] Pass: Size - 0.00215 (ms)
2026-07-03 10:12:54,394 [INFO] Pass: FixedPoint - 0.00286 (ms)
2026-07-03 10:12:54,394 [INFO] Pass: RemoveIdentityEquivalent - 0.00644 (ms)
2026-07-03 10:12:54,394 [INFO] Pass: Optimize1qGatesDecomposition - 0.18716 (ms)
2026-07-03 10:12:54,395 [INFO] Pass: CommutativeCancellation - 0.10395 (ms)
2026-07-03 10:12:54,395 [INFO] Pass: ContractIdleWiresInControlFlow - 0.00191 (ms)
2026-07-03 10:12:54,395 [INFO] Pass: GatesInBasis - 0.03290 (ms)
2026-07-03 10:12:54,395 [INFO] Pass: Depth - 0.03004 (ms)
2026-07-03 10:12:54,395 [INFO] Pass: FixedPoint - 0.00334 (ms)
2026-07-03 10:12:54,395 [INFO] Pass: Size - 0.00191 (ms)
2026-07-03 10:12:54,395 [INFO] Pass: FixedPoint - 0.00286 (ms)
2026-07-03 10:12:54,395 [INFO] Pass: ContainsInstruction - 0.00501 (ms)
2026-07-03 10:12:54,395 [INFO] Total Transpile Time - 89.23435 (ms)
2026-07-03 12:42:23,443 [INFO] Pass: ContainsInstruction - 0.01287 (ms)
2026-07-03 12:42:23,443 [INFO] Pass: UnitarySynthesis - 0.00882 (ms)
2026-07-03 12:42:23,443 [INFO] Pass: HighLevelSynthesis - 0.00620 (ms)
2026-07-03 12:42:23,443 [INFO] Pass: BasisTranslator - 0.07057 (ms)
2026-07-03 12:42:23,443 [INFO] Pass: ElidePermutations - 0.00477 (ms)
2026-07-03 12:42:23,443 [INFO] Pass: RemoveDiagonalGatesBeforeMeasure - 0.00763 (ms)
2026-07-03 12:42:23,443 [INFO] Pass: RemoveIdentityEquivalent - 0.00596 (ms)
2026-07-03 12:42:23,443 [INFO] Pass: InverseCancellation - 0.00453 (ms)
2026-07-03 12:42:23,443 [INFO] Pass: ContractIdleWiresInControlFlow - 0.00238 (ms)
2026-07-03 12:42:23,443 [INFO] Pass: CommutativeCancellation - 0.10729 (ms)
2026-07-03 12:42:23,443 [INFO] Pass: ConsolidateBlocks - 0.05460 (ms)
2026-07-03 12:42:23,444 [INFO] Pass: Split2QUnitaries - 0.00358 (ms)
2026-07-03 12:42:23,444 [INFO] Pass: UnitarySynthesis - 0.00501 (ms)
2026-07-03 12:42:23,444 [INFO] Pass: HighLevelSynthesis - 0.04101 (ms)
2026-07-03 12:42:23,444 [INFO] Pass: BasisTranslator - 0.09155 (ms)
2026-07-03 12:42:23,444 [INFO] Pass: ConsolidateBlocks - 0.05841 (ms)
2026-07-03 12:42:23,444 [INFO] Pass: UnitarySynthesis - 0.00477 (ms)
2026-07-03 12:42:23,444 [INFO] Pass: Depth - 0.02789 (ms)
2026-07-03 12:42:23,444 [INFO] Pass: FixedPoint - 0.00501 (ms)
2026-07-03 12:42:23,444 [INFO] Pass: Size - 0.00334 (ms)
2026-07-03 12:42:23,444 [INFO] Pass: FixedPoint - 0.00358 (ms)
2026-07-03 12:42:23,444 [INFO] Pass: RemoveIdentityEquivalent - 0.00358 (ms)
2026-07-03 12:42:23,444 [INFO] Pass: Optimize1qGatesDecomposition - 0.04005 (ms)
2026-07-03 12:42:23,444 [INFO] Pass: CommutativeCancellation - 0.11468 (ms)
2026-07-03 12:42:23,444 [INFO] Pass: ContractIdleWiresInControlFlow - 0.00215 (ms)
2026-07-03 12:42:23,444 [INFO] Pass: GatesInBasis - 0.03505 (ms)
2026-07-03 12:42:23,444 [INFO] Pass: Depth - 0.02408 (ms)
2026-07-03 12:42:23,444 [INFO] Pass: FixedPoint - 0.00381 (ms)
2026-07-03 12:42:23,444 [INFO] Pass: Size - 0.00215 (ms)
2026-07-03 12:42:23,444 [INFO] Pass: FixedPoint - 0.00238 (ms)
2026-07-03 12:42:23,444 [INFO] Pass: ContainsInstruction - 0.00477 (ms)
2026-07-03 12:42:23,445 [INFO] Total Transpile Time - 90.52682 (ms)
2026-07-03 12:42:23,533 [INFO] Pass: ContainsInstruction - 0.01216 (ms)
2026-07-03 12:42:23,533 [INFO] Pass: UnitarySynthesis - 0.00668 (ms)
2026-07-03 12:42:23,533 [INFO] Pass: HighLevelSynthesis - 0.00620 (ms)
2026-07-03 12:42:23,533 [INFO] Pass: BasisTranslator - 0.06485 (ms)
2026-07-03 12:42:23,533 [INFO] Pass: ElidePermutations - 0.00548 (ms)
2026-07-03 12:42:23,533 [INFO] Pass: RemoveDiagonalGatesBeforeMeasure - 0.00715 (ms)
2026-07-03 12:42:23,533 [INFO] Pass: RemoveIdentityEquivalent - 0.00739 (ms)
2026-07-03 12:42:23,533 [INFO] Pass: InverseCancellation - 0.03076 (ms)
2026-07-03 12:42:23,533 [INFO] Pass: ContractIdleWiresInControlFlow - 0.00215 (ms)
2026-07-03 12:42:23,534 [INFO] Pass: CommutativeCancellation - 0.11611 (ms)
2026-07-03 12:42:23,534 [INFO] Pass: ConsolidateBlocks - 0.05412 (ms)
2026-07-03 12:42:23,534 [INFO] Pass: Split2QUnitaries - 0.00358 (ms)
2026-07-03 12:42:23,534 [INFO] Pass: UnitarySynthesis - 0.00548 (ms)
2026-07-03 12:42:23,534 [INFO] Pass: HighLevelSynthesis - 0.04911 (ms)
2026-07-03 12:42:23,534 [INFO] Pass: BasisTranslator - 0.08392 (ms)
2026-07-03 12:42:23,534 [INFO] Pass: ConsolidateBlocks - 0.06294 (ms)
2026-07-03 12:42:23,534 [INFO] Pass: UnitarySynthesis - 0.00429 (ms)
2026-07-03 12:42:23,534 [INFO] Pass: Depth - 0.02909 (ms)
2026-07-03 12:42:23,534 [INFO] Pass: FixedPoint - 0.00453 (ms)
2026-07-03 12:42:23,534 [INFO] Pass: Size - 0.00334 (ms)
2026-07-03 12:42:23,534 [INFO] Pass: FixedPoint - 0.00286 (ms)
2026-07-03 12:42:23,534 [INFO] Pass: RemoveIdentityEquivalent - 0.00596 (ms)
2026-07-03 12:42:23,534 [INFO] Pass: Optimize1qGatesDecomposition - 0.20695 (ms)
2026-07-03 12:42:23,534 [INFO] Pass: CommutativeCancellation - 0.12660 (ms)
2026-07-03 12:42:23,535 [INFO] Pass: ContractIdleWiresInControlFlow - 0.00191 (ms)
2026-07-03 12:42:23,535 [INFO] Pass: GatesInBasis - 0.03648 (ms)
2026-07-03 12:42:23,535 [INFO] Pass: Depth - 0.02670 (ms)
2026-07-03 12:42:23,535 [INFO] Pass: FixedPoint - 0.00358 (ms)
2026-07-03 12:42:23,535 [INFO] Pass: Size - 0.00167 (ms)
2026-07-03 12:42:23,535 [INFO] Pass: FixedPoint - 0.00262 (ms)
2026-07-03 12:42:23,535 [INFO] Pass: ContainsInstruction - 0.00501 (ms)
2026-07-03 12:42:23,535 [INFO] Total Transpile Time - 89.78558 (ms)
2026-07-03 12:42:23,622 [INFO] Pass: ContainsInstruction - 0.01192 (ms)
2026-07-03 12:42:23,622 [INFO] Pass: UnitarySynthesis - 0.00715 (ms)
2026-07-03 12:42:23,622 [INFO] Pass: HighLevelSynthesis - 0.00477 (ms)
2026-07-03 12:42:23,622 [INFO] Pass: BasisTranslator - 0.06080 (ms)
2026-07-03 12:42:23,622 [INFO] Pass: ElidePermutations - 0.00525 (ms)
2026-07-03 12:42:23,623 [INFO] Pass: RemoveDiagonalGatesBeforeMeasure - 0.00668 (ms)
2026-07-03 12:42:23,623 [INFO] Pass: RemoveIdentityEquivalent - 0.00882 (ms)
2026-07-03 12:42:23,623 [INFO] Pass: InverseCancellation - 0.02885 (ms)
2026-07-03 12:42:23,623 [INFO] Pass: ContractIdleWiresInControlFlow - 0.00191 (ms)
2026-07-03 12:42:23,623 [INFO] Pass: CommutativeCancellation - 0.11492 (ms)
2026-07-03 12:42:23,623 [INFO] Pass: ConsolidateBlocks - 0.05317 (ms)
2026-07-03 12:42:23,623 [INFO] Pass: Split2QUnitaries - 0.00334 (ms)
2026-07-03 12:42:23,623 [INFO] Pass: UnitarySynthesis - 0.00525 (ms)
2026-07-03 12:42:23,623 [INFO] Pass: HighLevelSynthesis - 0.04697 (ms)
2026-07-03 12:42:23,623 [INFO] Pass: BasisTranslator - 0.08297 (ms)
2026-07-03 12:42:23,623 [INFO] Pass: ConsolidateBlocks - 0.06032 (ms)
2026-07-03 12:42:23,623 [INFO] Pass: UnitarySynthesis - 0.00429 (ms)
2026-07-03 12:42:23,623 [INFO] Pass: Depth - 0.02909 (ms)
2026-07-03 12:42:23,623 [INFO] Pass: FixedPoint - 0.00477 (ms)
2026-07-03 12:42:23,623 [INFO] Pass: Size - 0.00358 (ms)
2026-07-03 12:42:23,623 [INFO] Pass: FixedPoint - 0.00286 (ms)
2026-07-03 12:42:23,623 [INFO] Pass: RemoveIdentityEquivalent - 0.00715 (ms)
2026-07-03 12:42:23,624 [INFO] Pass: Optimize1qGatesDecomposition - 0.21815 (ms)
2026-07-03 12:42:23,624 [INFO] Pass: CommutativeCancellation - 0.11969 (ms)
2026-07-03 12:42:23,624 [INFO] Pass: ContractIdleWiresInControlFlow - 0.00238 (ms)
2026-07-03 12:42:23,624 [INFO] Pass: GatesInBasis - 0.03672 (ms)
2026-07-03 12:42:23,624 [INFO] Pass: Depth - 0.02861 (ms)
2026-07-03 12:42:23,624 [INFO] Pass: FixedPoint - 0.00381 (ms)
2026-07-03 12:42:23,624 [INFO] Pass: Size - 0.00215 (ms)
2026-07-03 12:42:23,624 [INFO] Pass: FixedPoint - 0.00310 (ms)
2026-07-03 12:42:23,624 [INFO] Pass: RemoveIdentityEquivalent - 0.00620 (ms)
2026-07-03 12:42:23,624 [INFO] Pass: Optimize1qGatesDecomposition - 0.19503 (ms)
2026-07-03 12:42:23,624 [INFO] Pass: CommutativeCancellation - 0.10371 (ms)
2026-07-03 12:42:23,624 [INFO] Pass: ContractIdleWiresInControlFlow - 0.00167 (ms)
2026-07-03 12:42:23,624 [INFO] Pass: GatesInBasis - 0.03314 (ms)
2026-07-03 12:42:23,625 [INFO] Pass: Depth - 0.02599 (ms)
2026-07-03 12:42:23,625 [INFO] Pass: FixedPoint - 0.00334 (ms)
2026-07-03 12:42:23,625 [INFO] Pass: Size - 0.00191 (ms)
2026-07-03 12:42:23,625 [INFO] Pass: FixedPoint - 0.00310 (ms)
2026-07-03 12:42:23,625 [INFO] Pass: ContainsInstruction - 0.00620 (ms)
2026-07-03 12:42:23,625 [INFO] Total Transpile Time - 89.37812 (ms)
slurmstepd-c7-10: error: *** JOB 512448 ON c7-10 CANCELLED AT 2026-07-03T14:18:36 DUE TO TIME LIMIT ***
