slurmstepd: info: Setting TMPDIR to /scratch/8256348. Previous errors about TMPDIR can be discarded
==============================
RUN_ID: 20260707-135034
Array ID: 7  (sublista CPU: 10 25 50 75 100 125 150 175 200 225 250 275 300 325 350 375 400 425 450 475 500 525 550)
num_nodes: 175
num_instances: 100
optimizer: DIFFERENTIALEVOLUTION
device: CPU
sim_method: statevector
shots: 0
==============================

==============================
num_nodes    = 175
num_instances= 100
k            = 3
optimizer    = DIFFERENTIALEVOLUTION
maxiter      = 25
outdir       = Resultados/PCE/20260707-135034
shots        = exacto (statevector)
==============================


✔ n=175 beta=0.8072 ± 0.0090 (PASSED) shots=exact
✔ Resultado guardado en: Resultados/PCE/20260707-135034/n_175.h5
Fecha fin: Thu Jul  9 08:35:09 AM CEST 2026

*****************************************************************************
*                                                                           *
*                    JOB EFFICIENCY REPORT (seff 8256348)                   *
*                                                                           *
*****************************************************************************

Job ID: 8256348
Array Job ID: 8255862_7
Cluster: finisterrae3
User/Group: tec_app6/cesga
State: COMPLETED (exit code 0)
Nodes: 1
Cores per node: 32
CPU Utilized: 24-05:25:29
CPU Efficiency: 42.97% of 56-09:03:28 core-walltime
Job Wall-clock time: 1-18:16:59
Memory Utilized: 1.05 GB
Memory Efficiency: 6.56% of 16.00 GB

 +++++++++++++++++++++++++++++++++++++++++++++++++++++++++++++++++++++++++++
 ++   Memory Efficiency is too small. Please review the requested memory. ++
 ++ It seems that you do not need that much memory so we recommend        ++
 ++ requesting less memory in other similar jobs.                         ++
 +++++++++++++++++++++++++++++++++++++++++++++++++++++++++++++++++++++++++++
 
*****************************************************************************

