slurmstepd: info: Setting TMPDIR to /scratch/8256146. Previous errors about TMPDIR can be discarded
==============================
RUN_ID: 20260707-135034
Array ID: 5  (sublista CPU: 10 25 50 75 100 125 150 175 200 225 250 275 300 325 350 375 400 425 450 475 500 525 550)
num_nodes: 125
num_instances: 100
optimizer: DIFFERENTIALEVOLUTION
device: CPU
sim_method: statevector
shots: 0
==============================

==============================
num_nodes    = 125
num_instances= 100
k            = 3
optimizer    = DIFFERENTIALEVOLUTION
maxiter      = 25
outdir       = Resultados/PCE/20260707-135034
shots        = exacto (statevector)
==============================


✔ n=125 beta=0.8867 ± 0.0105 (PASSED) shots=exact
✔ Resultado guardado en: Resultados/PCE/20260707-135034/n_125.h5
Fecha fin: Wed Jul  8 04:02:29 PM CEST 2026

*****************************************************************************
*                                                                           *
*                    JOB EFFICIENCY REPORT (seff 8256146)                   *
*                                                                           *
*****************************************************************************

Job ID: 8256146
Array Job ID: 8255862_5
Cluster: finisterrae3
User/Group: tec_app6/cesga
State: COMPLETED (exit code 0)
Nodes: 1
Cores per node: 32
CPU Utilized: 4-07:02:01
CPU Efficiency: 12.40% of 34-15:05:36 core-walltime
Job Wall-clock time: 1-01:58:18
Memory Utilized: 653.57 MB
Memory Efficiency: 3.99% of 16.00 GB

 +++++++++++++++++++++++++++++++++++++++++++++++++++++++++++++++++++++++++++
 ++   Memory Efficiency is too small. Please review the requested memory. ++
 ++ It seems that you do not need that much memory so we recommend        ++
 ++ requesting less memory in other similar jobs.                         ++
 +++++++++++++++++++++++++++++++++++++++++++++++++++++++++++++++++++++++++++
 
*****************************************************************************

