slurmstepd: info: Setting TMPDIR to /scratch/8256097. Previous errors about TMPDIR can be discarded
==============================
RUN_ID: 20260707-135034
Array ID: 3  (sublista CPU: 10 25 50 75 100 125 150 175 200 225 250 275 300 325 350 375 400 425 450 475 500 525 550)
num_nodes: 75
num_instances: 100
optimizer: DIFFERENTIALEVOLUTION
device: CPU
sim_method: statevector
shots: 0
==============================

==============================
num_nodes    = 75
num_instances= 100
k            = 3
optimizer    = DIFFERENTIALEVOLUTION
maxiter      = 25
outdir       = Resultados/PCE/20260707-135034
shots        = exacto (statevector)
==============================


✔ n=75 beta=0.9168 ± 0.0112 (PASSED) shots=exact
✔ Resultado guardado en: Resultados/PCE/20260707-135034/n_75.h5
Fecha fin: Tue Jul  7 11:47:33 PM CEST 2026

*****************************************************************************
*                                                                           *
*                    JOB EFFICIENCY REPORT (seff 8256097)                   *
*                                                                           *
*****************************************************************************

Job ID: 8256097
Array Job ID: 8255862_3
Cluster: finisterrae3
User/Group: tec_app6/cesga
State: COMPLETED (exit code 0)
Nodes: 1
Cores per node: 32
CPU Utilized: 09:45:25
CPU Efficiency: 3.13% of 13-00:11:44 core-walltime
Job Wall-clock time: 09:45:22
Memory Utilized: 360.97 MB
Memory Efficiency: 2.20% of 16.00 GB

 +++++++++++++++++++++++++++++++++++++++++++++++++++++++++++++++++++++++++++
 ++   Memory Efficiency is too small. Please review the requested memory. ++
 ++ It seems that you do not need that much memory so we recommend        ++
 ++ requesting less memory in other similar jobs.                         ++
 +++++++++++++++++++++++++++++++++++++++++++++++++++++++++++++++++++++++++++
 
*****************************************************************************

