slurmstepd: info: Setting TMPDIR to /scratch/8256096. Previous errors about TMPDIR can be discarded
==============================
RUN_ID: 20260707-135034
Array ID: 2  (sublista CPU: 10 25 50 75 100 125 150 175 200 225 250 275 300 325 350 375 400 425 450 475 500 525 550)
num_nodes: 50
num_instances: 100
optimizer: DIFFERENTIALEVOLUTION
device: CPU
sim_method: statevector
shots: 0
==============================

==============================
num_nodes    = 50
num_instances= 100
k            = 3
optimizer    = DIFFERENTIALEVOLUTION
maxiter      = 25
outdir       = Resultados/PCE/20260707-135034
shots        = exacto (statevector)
==============================


✔ n=50 beta=0.9869 ± 0.0161 (PASSED) shots=exact
✔ Resultado guardado en: Resultados/PCE/20260707-135034/n_50.h5
Fecha fin: Tue Jul  7 08:21:07 PM CEST 2026
