slurmstepd: info: Setting TMPDIR to /scratch/513968. Previous errors about TMPDIR can be discarded
==============================
RUN_ID: 20260713-133623
Array ID: 1  (entrada: 200:1:4)
num_nodes: 200   chunk: 2/4
num_instances (total del n): 100
num_workers: 16
optimizer: DIFFERENTIALEVOLUTION   maxiter: 25   k: 2
backend: AER   shots: 4096
==============================

==============================
num_nodes     = 200
num_instances = 100 (total del n)
chunk         = 2/4
num_workers   = 16
k             = 2
optimizer     = DIFFERENTIALEVOLUTION
maxiter       = 25
backend       = AER
outdir        = Resultados/PCE/20260713-133623/chunks
==============================


✔ n=200 chunk 2/4 (25 instancias) beta_parcial=0.2499 ± 0.0208
✔ Resultado del chunk guardado en: Resultados/PCE/20260713-133623/chunks/n_200_chunk_1_of_4.h5
  (recuerda: esto es PARCIAL — hace falta merge_chunks_qscore_PCE.py para combinar todos los chunks de este n antes de agregar)
Fecha fin: Mon Jul 13 17:43:28 CEST 2026

*****************************************************************************
*                                                                           *
*                    JOB EFFICIENCY REPORT (seff 513968)                   *
*                                                                           *
*****************************************************************************

Job ID: 513968
Array Job ID: 513966_1
Cluster: qmio
User/Group: tec_app6/cesga
State: COMPLETED (exit code 0)
Nodes: 1
Cores per node: 32
CPU Utilized: 5-03:38:25
CPU Efficiency: 93.88% of 5-11:41:52 core-walltime
Job Wall-clock time: 04:06:56
Memory Utilized: 8.47 GB
Memory Efficiency: 52.95% of 16.00 GB

 +++++++++++++++++++++++++++++++++++++++++++++++++++++++++++++++++++++++++++
 ++   Memory Efficiency is too small. Please review the requested memory. ++
 ++ It seems that you do not need that much memory so we recommend        ++
 ++ requesting less memory in other similar jobs.                         ++
 +++++++++++++++++++++++++++++++++++++++++++++++++++++++++++++++++++++++++++
 
*****************************************************************************

