slurmstepd: info: Setting TMPDIR to /scratch/513975. Previous errors about TMPDIR can be discarded
==============================
RUN_ID: 20260713-133623
Array ID: 7  (entrada: 225:3:4)
num_nodes: 225   chunk: 4/4
num_instances (total del n): 100
num_workers: 16
optimizer: DIFFERENTIALEVOLUTION   maxiter: 25   k: 2
backend: AER   shots: 4096
==============================

==============================
num_nodes     = 225
num_instances = 100 (total del n)
chunk         = 4/4
num_workers   = 16
k             = 2
optimizer     = DIFFERENTIALEVOLUTION
maxiter       = 25
backend       = AER
outdir        = Resultados/PCE/20260713-133623/chunks
==============================


✔ n=225 chunk 4/4 (25 instancias) beta_parcial=0.2403 ± 0.0160
✔ Resultado del chunk guardado en: Resultados/PCE/20260713-133623/chunks/n_225_chunk_3_of_4.h5
  (recuerda: esto es PARCIAL — hace falta merge_chunks_qscore_PCE.py para combinar todos los chunks de este n antes de agregar)
Fecha fin: Mon Jul 13 17:47:15 CEST 2026

*****************************************************************************
*                                                                           *
*                    JOB EFFICIENCY REPORT (seff 513975)                   *
*                                                                           *
*****************************************************************************

Job ID: 513975
Array Job ID: 513966_7
Cluster: qmio
User/Group: tec_app6/cesga
State: COMPLETED (exit code 0)
Nodes: 1
Cores per node: 32
CPU Utilized: 5-04:03:31
CPU Efficiency: 93.11% of 5-13:14:40 core-walltime
Job Wall-clock time: 04:09:50
Memory Utilized: 8.63 GB
Memory Efficiency: 53.96% of 16.00 GB

 +++++++++++++++++++++++++++++++++++++++++++++++++++++++++++++++++++++++++++
 ++   Memory Efficiency is too small. Please review the requested memory. ++
 ++ It seems that you do not need that much memory so we recommend        ++
 ++ requesting less memory in other similar jobs.                         ++
 +++++++++++++++++++++++++++++++++++++++++++++++++++++++++++++++++++++++++++
 
*****************************************************************************

