slurmstepd: info: Setting TMPDIR to /scratch/513989. Previous errors about TMPDIR can be discarded
==============================
RUN_ID: 20260713-133623
Array ID: 11  (entrada: 250:3:5)
num_nodes: 250   chunk: 4/5
num_instances (total del n): 100
num_workers: 16
optimizer: DIFFERENTIALEVOLUTION   maxiter: 25   k: 2
backend: AER   shots: 4096
==============================

==============================
num_nodes     = 250
num_instances = 100 (total del n)
chunk         = 4/5
num_workers   = 16
k             = 2
optimizer     = DIFFERENTIALEVOLUTION
maxiter       = 25
backend       = AER
outdir        = Resultados/PCE/20260713-133623/chunks
==============================


✔ n=250 chunk 4/5 (20 instancias) beta_parcial=0.2294 ± 0.0173
✔ Resultado del chunk guardado en: Resultados/PCE/20260713-133623/chunks/n_250_chunk_3_of_5.h5
  (recuerda: esto es PARCIAL — hace falta merge_chunks_qscore_PCE.py para combinar todos los chunks de este n antes de agregar)
Fecha fin: Mon Jul 13 23:28:34 CEST 2026

*****************************************************************************
*                                                                           *
*                    JOB EFFICIENCY REPORT (seff 513989)                   *
*                                                                           *
*****************************************************************************

Job ID: 513989
Array Job ID: 513966_11
Cluster: qmio
User/Group: tec_app6/cesga
State: COMPLETED (exit code 0)
Nodes: 1
Cores per node: 32
CPU Utilized: 9-03:54:55
CPU Efficiency: 90.04% of 10-04:14:56 core-walltime
Job Wall-clock time: 07:37:58
Memory Utilized: 8.56 GB
Memory Efficiency: 53.51% of 16.00 GB

 +++++++++++++++++++++++++++++++++++++++++++++++++++++++++++++++++++++++++++
 ++   Memory Efficiency is too small. Please review the requested memory. ++
 ++ It seems that you do not need that much memory so we recommend        ++
 ++ requesting less memory in other similar jobs.                         ++
 +++++++++++++++++++++++++++++++++++++++++++++++++++++++++++++++++++++++++++
 
*****************************************************************************

