slurmstepd: info: Setting TMPDIR to /scratch/513966. Previous errors about TMPDIR can be discarded
==============================
RUN_ID: 20260713-133623
Array ID: 12  (entrada: 250:4:5)
num_nodes: 250   chunk: 5/5
num_instances (total del n): 100
num_workers: 16
optimizer: DIFFERENTIALEVOLUTION   maxiter: 25   k: 2
backend: AER   shots: 4096
==============================

==============================
num_nodes     = 250
num_instances = 100 (total del n)
chunk         = 5/5
num_workers   = 16
k             = 2
optimizer     = DIFFERENTIALEVOLUTION
maxiter       = 25
backend       = AER
outdir        = Resultados/PCE/20260713-133623/chunks
==============================


✔ n=250 chunk 5/5 (20 instancias) beta_parcial=0.2275 ± 0.0179
✔ Resultado del chunk guardado en: Resultados/PCE/20260713-133623/chunks/n_250_chunk_4_of_5.h5
  (recuerda: esto es PARCIAL — hace falta merge_chunks_qscore_PCE.py para combinar todos los chunks de este n antes de agregar)
Fecha fin: Mon Jul 13 23:35:11 CEST 2026
