slurmstepd: info: Setting TMPDIR to /scratch/513972. Previous errors about TMPDIR can be discarded
==============================
RUN_ID: 20260713-133623
Array ID: 5  (entrada: 225:1:4)
num_nodes: 225   chunk: 2/4
num_instances (total del n): 100
num_workers: 16
optimizer: DIFFERENTIALEVOLUTION   maxiter: 25   k: 2
backend: AER   shots: 4096
==============================

==============================
num_nodes     = 225
num_instances = 100 (total del n)
chunk         = 2/4
num_workers   = 16
k             = 2
optimizer     = DIFFERENTIALEVOLUTION
maxiter       = 25
backend       = AER
outdir        = Resultados/PCE/20260713-133623/chunks
==============================


✔ n=225 chunk 2/4 (25 instancias) beta_parcial=0.2647 ± 0.0165
✔ Resultado del chunk guardado en: Resultados/PCE/20260713-133623/chunks/n_225_chunk_1_of_4.h5
  (recuerda: esto es PARCIAL — hace falta merge_chunks_qscore_PCE.py para combinar todos los chunks de este n antes de agregar)
Fecha fin: Mon Jul 13 17:41:11 CEST 2026

*****************************************************************************
*                                                                           *
*                    JOB EFFICIENCY REPORT (seff 513972)                   *
*                                                                           *
*****************************************************************************

Job ID: 513972
Array Job ID: 513966_5
Cluster: qmio
User/Group: tec_app6/cesga
State: COMPLETED (exit code 0)
Nodes: 1
Cores per node: 32
CPU Utilized: 5-03:12:28
CPU Efficiency: 94.43% of 5-10:28:48 core-walltime
Job Wall-clock time: 04:04:39
Memory Utilized: 8.70 GB
Memory Efficiency: 54.40% of 16.00 GB

 +++++++++++++++++++++++++++++++++++++++++++++++++++++++++++++++++++++++++++
 ++   Memory Efficiency is too small. Please review the requested memory. ++
 ++ It seems that you do not need that much memory so we recommend        ++
 ++ requesting less memory in other similar jobs.                         ++
 +++++++++++++++++++++++++++++++++++++++++++++++++++++++++++++++++++++++++++
 
*****************************************************************************

