slurmstepd: info: Setting TMPDIR to /scratch/513488. Previous errors about TMPDIR can be discarded
==============================
RUN_ID: 20260708-090526
Array ID: 7
num_nodes: 175
num_instances: 100
optimizer: DIFFERENTIALEVOLUTION
cpus_per_task: 16
sim_device: CPU
sim_method: matrix_product_state
==============================

==============================
num_nodes    = 175
num_instances= 100
k            = 3
optimizer    = DIFFERENTIALEVOLUTION
maxiter      = 25
outdir       = Resultados/PCE/20260708-090526
shots        = exacto (statevector)
==============================


✔ n=175 beta=0.8137 ± 0.0093 (PASSED) shots=exact
✔ Resultado guardado en: Resultados/PCE/20260708-090526/n_175.h5
Fecha fin: Fri Jul 10 23:18:35 CEST 2026

*****************************************************************************
*                                                                           *
*                    JOB EFFICIENCY REPORT (seff 513488)                   *
*                                                                           *
*****************************************************************************

Job ID: 513488
Array Job ID: 513480_7
Cluster: qmio
User/Group: tec_app6/cesga
State: COMPLETED (exit code 0)
Nodes: 1
Cores per node: 16
CPU Utilized: 5-01:26:33
CPU Efficiency: 12.21% of 41-10:17:52 core-walltime
Job Wall-clock time: 2-14:08:37
Memory Utilized: 1021.36 MB
Memory Efficiency: 6.23% of 16.00 GB

 +++++++++++++++++++++++++++++++++++++++++++++++++++++++++++++++++++++++++++
 ++   Memory Efficiency is too small. Please review the requested memory. ++
 ++ It seems that you do not need that much memory so we recommend        ++
 ++ requesting less memory in other similar jobs.                         ++
 +++++++++++++++++++++++++++++++++++++++++++++++++++++++++++++++++++++++++++
 
*****************************************************************************

