slurmstepd: info: Setting TMPDIR to /scratch/513482. Previous errors about TMPDIR can be discarded
==============================
RUN_ID: 20260708-090526
Array ID: 1
num_nodes: 25
num_instances: 100
optimizer: DIFFERENTIALEVOLUTION
cpus_per_task: 16
sim_device: CPU
sim_method: matrix_product_state
==============================

==============================
num_nodes    = 25
num_instances= 100
k            = 3
optimizer    = DIFFERENTIALEVOLUTION
maxiter      = 25
outdir       = Resultados/PCE/20260708-090526
shots        = exacto (statevector)
==============================


✔ n=25 beta=0.9510 ± 0.0237 (PASSED) shots=exact
✔ Resultado guardado en: Resultados/PCE/20260708-090526/n_25.h5
Fecha fin: Wed Jul  8 10:15:15 CEST 2026

*****************************************************************************
*                                                                           *
*                    JOB EFFICIENCY REPORT (seff 513482)                   *
*                                                                           *
*****************************************************************************

Job ID: 513482
Array Job ID: 513480_1
Cluster: qmio
User/Group: tec_app6/cesga
State: COMPLETED (exit code 0)
Nodes: 1
Cores per node: 16
CPU Utilized: 01:08:31
CPU Efficiency: 6.27% of 18:12:32 core-walltime
Job Wall-clock time: 01:08:17
Memory Utilized: 197.55 MB
Memory Efficiency: 1.21% of 16.00 GB

 +++++++++++++++++++++++++++++++++++++++++++++++++++++++++++++++++++++++++++
 ++   Memory Efficiency is too small. Please review the requested memory. ++
 ++ It seems that you do not need that much memory so we recommend        ++
 ++ requesting less memory in other similar jobs.                         ++
 +++++++++++++++++++++++++++++++++++++++++++++++++++++++++++++++++++++++++++
 
*****************************************************************************

