qmio/hpc unloaded
gcccore/12.3.0 unloaded
binutils/2.40 unloaded
gcc/12.3.0 unloaded
sqlite/3.45.3 unloaded
libffi/3.4.4 unloaded
python/3.11.9 unloaded
rust/1.88.0 unloaded
imkl/2023.2.0 unloaded
ninja/1.9.0 unloaded
meson/1.5.2-python-3.11.9 unloaded
meson-python/0.16.0-python-3.11.9 unloaded
cython/3.0.9-python-3.11.9 unloaded
numpy/1.26.4-python-3.11.9 unloaded
pythran/0.15.0-python-3.11.9 unloaded
pybind11/2.13.6-python-3.11.9 unloaded
xsimd/12.1.1 unloaded
scipy/1.13.0-python-3.11.9 unloaded
llvm/16.0.0 unloaded
gmp/6.3.0 unloaded
mpfr/4.2.1 unloaded
mpc/1.3.1 unloaded
flint/3.1.2 unloaded
symengine/0.11.2 unloaded
symengine-python/0.11.0-python-3.11.9 unloaded
spdlog/1.9.2 unloaded
pylatexenc/2.10-python-3.11.9 unloaded
libgd/2.3.3 unloaded
nasm/2.16.03 unloaded
libjpeg-turbo/3.0.2 unloaded
matplotlib/3.6.3-python-3.11.9 unloaded
pandas/2.2.2-python-3.11.9 unloaded
seaborn/0.12.2-python-3.11.9 unloaded
qiskit/2.2.3-python-3.11.9 unloaded
qmio-run/0.5.1-python-3.11.9 unloaded
qmio-tools/0.2.1-python-3.11.9 unloaded
        Preparing the environment for use of the sistema software stack.
        Please rebuild modules cache: module --ignore-cache avail
     
qmio/hpc loaded
gcccore/12.3.0 loaded
binutils/2.40 loaded
gcc/12.3.0 loaded
sqlite/3.45.3 loaded
libffi/3.4.4 loaded
python/3.11.9 loaded
rust/1.88.0 loaded

imkl/2023.2.0 loaded
ninja/1.9.0 loaded
meson/1.5.2-python-3.11.9 loaded
meson-python/0.16.0-python-3.11.9 loaded
cython/3.0.9-python-3.11.9 loaded
numpy/1.26.4-python-3.11.9 loaded
pythran/0.15.0-python-3.11.9 loaded
pybind11/2.13.6-python-3.11.9 loaded
xsimd/12.1.1 loaded
scipy/1.13.0-python-3.11.9 loaded
llvm/16.0.0 loaded
gmp/6.3.0 loaded
mpfr/4.2.1 loaded
mpc/1.3.1 loaded
flint/3.1.2 loaded
symengine/0.11.2 loaded
symengine-python/0.11.0-python-3.11.9 loaded
spdlog/1.9.2 loaded
pylatexenc/2.10-python-3.11.9 loaded
libgd/2.3.3 loaded
nasm/2.16.03 loaded
libjpeg-turbo/3.0.2 loaded
matplotlib/3.6.3-python-3.11.9 loaded
pandas/2.2.2-python-3.11.9 loaded
seaborn/0.12.2-python-3.11.9 loaded
qiskit/2.2.3-python-3.11.9 loaded
qmio-run/0.5.1-python-3.11.9 loaded
qmio-tools/0.2.1-python-3.11.9 loaded
gcc/12.3.0 unloaded
rust/1.88.0 unloaded
pythran/0.15.0-python-3.11.9 unloaded
scipy/1.13.0-python-3.11.9 unloaded
qiskit/2.2.3-python-3.11.9 unloaded
qmio-run/0.5.1-python-3.11.9 unloaded
qmio-tools/0.2.1-python-3.11.9 unloaded
gcc/12.3.0 loaded
rust/1.88.0 loaded
pythran/0.15.0-python-3.11.9 loaded
scipy/1.13.0-python-3.11.9 loaded
qiskit/2.2.3-python-3.11.9 loaded
qmio-run/0.5.1-python-3.11.9 loaded
qmio-tools/0.2.1-python-3.11.9 loaded
qiskit/2.2.3-python-3.11.9 unloaded
qiskit/2.2.3-python-3.11.9 loaded
qmio-tools/0.2.1-python-3.11.9 unloaded
qmio-tools/0.2.1-python-3.11.9 loaded
2026-07-12 22:00:38,871 [INFO] [PCE] n=300 chunk 8/8: 12 instancias [7, 15, 23, 31, 39, 47, 55, 63, 71, 79, 87, 95], num_workers=12, qubits=10
2026-07-12 22:00:38,871 [INFO] [PCE] n=300 paralelizando 12 instancias entre 12 workers (2 hilos/worker, 32 hilos totales disponibles)
2026-07-12 22:00:39,111 [INFO] Pass: ContainsInstruction - 0.02241 (ms)
2026-07-12 22:00:39,111 [INFO] Pass: ContainsInstruction - 0.01955 (ms)
2026-07-12 22:00:39,111 [INFO] Pass: UnitarySynthesis - 0.01097 (ms)
2026-07-12 22:00:39,111 [INFO] Pass: ContainsInstruction - 0.01907 (ms)
2026-07-12 22:00:39,111 [INFO] Pass: UnitarySynthesis - 0.01001 (ms)
2026-07-12 22:00:39,111 [INFO] Pass: ContainsInstruction - 0.02122 (ms)
2026-07-12 22:00:39,111 [INFO] Pass: HighLevelSynthesis - 0.01359 (ms)
2026-07-12 22:00:39,111 [INFO] Pass: HighLevelSynthesis - 0.01287 (ms)
2026-07-12 22:00:39,111 [INFO] Pass: UnitarySynthesis - 0.01049 (ms)
2026-07-12 22:00:39,111 [INFO] Pass: ContainsInstruction - 0.01597 (ms)
2026-07-12 22:00:39,111 [INFO] Pass: ContainsInstruction - 0.01931 (ms)
2026-07-12 22:00:39,111 [INFO] Pass: ContainsInstruction - 0.01931 (ms)
2026-07-12 22:00:39,111 [INFO] Pass: UnitarySynthesis - 0.01192 (ms)
2026-07-12 22:00:39,111 [INFO] Pass: HighLevelSynthesis - 0.01311 (ms)
2026-07-12 22:00:39,111 [INFO] Pass: ContainsInstruction - 0.01860 (ms)
2026-07-12 22:00:39,111 [INFO] Pass: ContainsInstruction - 0.01621 (ms)
2026-07-12 22:00:39,111 [INFO] Pass: UnitarySynthesis - 0.00930 (ms)
2026-07-12 22:00:39,111 [INFO] Pass: UnitarySynthesis - 0.01049 (ms)
2026-07-12 22:00:39,111 [INFO] Pass: BasisTranslator - 0.07510 (ms)
2026-07-12 22:00:39,111 [INFO] Pass: ContainsInstruction - 0.01597 (ms)
2026-07-12 22:00:39,111 [INFO] Pass: HighLevelSynthesis - 0.01359 (ms)
2026-07-12 22:00:39,111 [INFO] Pass: BasisTranslator - 0.07176 (ms)
2026-07-12 22:00:39,111 [INFO] Pass: UnitarySynthesis - 0.00954 (ms)
2026-07-12 22:00:39,111 [INFO] Pass: ElidePermutations - 0.00620 (ms)
2026-07-12 22:00:39,111 [INFO] Pass: ElidePermutations - 0.00644 (ms)
2026-07-12 22:00:39,111 [INFO] Pass: UnitarySynthesis - 0.01025 (ms)
2026-07-12 22:00:39,111 [INFO] Pass: HighLevelSynthesis - 0.01287 (ms)
2026-07-12 22:00:39,111 [INFO] Pass: HighLevelSynthesis - 0.01335 (ms)
2026-07-12 22:00:39,111 [INFO] Pass: UnitarySynthesis - 0.01025 (ms)
2026-07-12 22:00:39,111 [INFO] Pass: HighLevelSynthesis - 0.01264 (ms)
2026-07-12 22:00:39,111 [INFO] Pass: UnitarySynthesis - 0.00978 (ms)
2026-07-12 22:00:39,111 [INFO] Pass: BasisTranslator - 0.07176 (ms)
2026-07-12 22:00:39,111 [INFO] Pass: HighLevelSynthesis - 0.01287 (ms)
2026-07-12 22:00:39,111 [INFO] Pass: RemoveDiagonalGatesBeforeMeasure - 0.01454 (ms)
2026-07-12 22:00:39,111 [INFO] Pass: BasisTranslator - 0.06771 (ms)
2026-07-12 22:00:39,111 [INFO] Pass: ElidePermutations - 0.00572 (ms)
2026-07-12 22:00:39,111 [INFO] Pass: RemoveDiagonalGatesBeforeMeasure - 0.01311 (ms)
2026-07-12 22:00:39,111 [INFO] Pass: HighLevelSynthesis - 0.01287 (ms)
2026-07-12 22:00:39,111 [INFO] Pass: ContainsInstruction - 0.01574 (ms)
2026-07-12 22:00:39,111 [INFO] Pass: HighLevelSynthesis - 0.01311 (ms)
2026-07-12 22:00:39,111 [INFO] Pass: ContainsInstruction - 0.01645 (ms)
2026-07-12 22:00:39,111 [INFO] Pass: ElidePermutations - 0.00548 (ms)
2026-07-12 22:00:39,111 [INFO] Pass: BasisTranslator - 0.06604 (ms)
2026-07-12 22:00:39,111 [INFO] Pass: BasisTranslator - 0.06986 (ms)
2026-07-12 22:00:39,111 [INFO] Pass: RemoveIdentityEquivalent - 0.01359 (ms)
2026-07-12 22:00:39,111 [INFO] Pass: RemoveIdentityEquivalent - 0.01407 (ms)
2026-07-12 22:00:39,111 [INFO] Pass: BasisTranslator - 0.06771 (ms)
2026-07-12 22:00:39,111 [INFO] Pass: RemoveDiagonalGatesBeforeMeasure - 0.01311 (ms)
2026-07-12 22:00:39,111 [INFO] Pass: ElidePermutations - 0.00572 (ms)
2026-07-12 22:00:39,111 [INFO] Pass: ElidePermutations - 0.00572 (ms)
2026-07-12 22:00:39,111 [INFO] Pass: InverseCancellation - 0.00882 (ms)
2026-07-12 22:00:39,111 [INFO] Pass: UnitarySynthesis - 0.01025 (ms)
2026-07-12 22:00:39,111 [INFO] Pass: InverseCancellation - 0.00787 (ms)
2026-07-12 22:00:39,111 [INFO] Pass: ElidePermutations - 0.00572 (ms)
2026-07-12 22:00:39,111 [INFO] Pass: UnitarySynthesis - 0.01121 (ms)
2026-07-12 22:00:39,111 [INFO] Pass: BasisTranslator - 0.06843 (ms)
2026-07-12 22:00:39,111 [INFO] Pass: RemoveDiagonalGatesBeforeMeasure - 0.01335 (ms)
2026-07-12 22:00:39,111 [INFO] Pass: BasisTranslator - 0.06795 (ms)
2026-07-12 22:00:39,111 [INFO] Pass: ContractIdleWiresInControlFlow - 0.00262 (ms)
2026-07-12 22:00:39,111 [INFO] Pass: ContractIdleWiresInControlFlow - 0.00262 (ms)
2026-07-12 22:00:39,111 [INFO] Pass: RemoveIdentityEquivalent - 0.01240 (ms)
2026-07-12 22:00:39,111 [INFO] Pass: BasisTranslator - 0.06652 (ms)
2026-07-12 22:00:39,111 [INFO] Pass: ElidePermutations - 0.00548 (ms)
2026-07-12 22:00:39,111 [INFO] Pass: HighLevelSynthesis - 0.01287 (ms)
2026-07-12 22:00:39,111 [INFO] Pass: RemoveDiagonalGatesBeforeMeasure - 0.01264 (ms)
2026-07-12 22:00:39,111 [INFO] Pass: ElidePermutations - 0.00501 (ms)
2026-07-12 22:00:39,111 [INFO] Pass: RemoveDiagonalGatesBeforeMeasure - 0.01240 (ms)
2026-07-12 22:00:39,111 [INFO] Pass: RemoveIdentityEquivalent - 0.01168 (ms)
2026-07-12 22:00:39,111 [INFO] Pass: HighLevelSynthesis - 0.01311 (ms)
2026-07-12 22:00:39,111 [INFO] Pass: InverseCancellation - 0.00739 (ms)
2026-07-12 22:00:39,111 [INFO] Pass: ElidePermutations - 0.00525 (ms)
2026-07-12 22:00:39,111 [INFO] Pass: RemoveDiagonalGatesBeforeMeasure - 0.01240 (ms)
2026-07-12 22:00:39,111 [INFO] Pass: ContractIdleWiresInControlFlow - 0.00310 (ms)
2026-07-12 22:00:39,111 [INFO] Pass: InverseCancellation - 0.00811 (ms)
2026-07-12 22:00:39,111 [INFO] Pass: RemoveIdentityEquivalent - 0.01264 (ms)
2026-07-12 22:00:39,111 [INFO] Pass: RemoveIdentityEquivalent - 0.01311 (ms)
2026-07-12 22:00:39,111 [INFO] Pass: RemoveDiagonalGatesBeforeMeasure - 0.01287 (ms)
2026-07-12 22:00:39,111 [INFO] Pass: ContractIdleWiresInControlFlow - 0.00238 (ms)
2026-07-12 22:00:39,111 [INFO] Pass: RemoveDiagonalGatesBeforeMeasure - 0.01264 (ms)
2026-07-12 22:00:39,111 [INFO] Pass: RemoveIdentityEquivalent - 0.01502 (ms)
2026-07-12 22:00:39,111 [INFO] Pass: RemoveDiagonalGatesBeforeMeasure - 0.01240 (ms)
2026-07-12 22:00:39,111 [INFO] Pass: InverseCancellation - 0.00811 (ms)
2026-07-12 22:00:39,111 [INFO] Pass: InverseCancellation - 0.00739 (ms)
2026-07-12 22:00:39,111 [INFO] Pass: BasisTranslator - 0.06819 (ms)
2026-07-12 22:00:39,111 [INFO] Pass: CommutativeCancellation - 0.11158 (ms)
2026-07-12 22:00:39,111 [INFO] Pass: RemoveIdentityEquivalent - 0.01431 (ms)
2026-07-12 22:00:39,111 [INFO] Pass: ContractIdleWiresInControlFlow - 0.00215 (ms)
2026-07-12 22:00:39,111 [INFO] Pass: BasisTranslator - 0.07057 (ms)
2026-07-12 22:00:39,111 [INFO] Pass: CommutativeCancellation - 0.11468 (ms)
2026-07-12 22:00:39,111 [INFO] Pass: InverseCancellation - 0.00811 (ms)
2026-07-12 22:00:39,111 [INFO] Pass: ContractIdleWiresInControlFlow - 0.00238 (ms)
2026-07-12 22:00:39,111 [INFO] Pass: RemoveIdentityEquivalent - 0.01287 (ms)
2026-07-12 22:00:39,111 [INFO] Pass: RemoveIdentityEquivalent - 0.01454 (ms)
2026-07-12 22:00:39,111 [INFO] Pass: ElidePermutations - 0.00477 (ms)
2026-07-12 22:00:39,111 [INFO] Pass: ContractIdleWiresInControlFlow - 0.00286 (ms)
2026-07-12 22:00:39,111 [INFO] Pass: InverseCancellation - 0.00811 (ms)
2026-07-12 22:00:39,111 [INFO] Pass: ElidePermutations - 0.00548 (ms)
2026-07-12 22:00:39,112 [INFO] Pass: InverseCancellation - 0.00978 (ms)
2026-07-12 22:00:39,112 [INFO] Pass: InverseCancellation - 0.00715 (ms)
2026-07-12 22:00:39,112 [INFO] Pass: ContractIdleWiresInControlFlow - 0.00262 (ms)
2026-07-12 22:00:39,112 [INFO] Pass: CommutativeCancellation - 0.11158 (ms)
2026-07-12 22:00:39,112 [INFO] Pass: ContractIdleWiresInControlFlow - 0.00286 (ms)
2026-07-12 22:00:39,112 [INFO] Pass: ContractIdleWiresInControlFlow - 0.00238 (ms)
2026-07-12 22:00:39,112 [INFO] Pass: ConsolidateBlocks - 0.07081 (ms)
2026-07-12 22:00:39,112 [INFO] Pass: RemoveDiagonalGatesBeforeMeasure - 0.01264 (ms)
2026-07-12 22:00:39,112 [INFO] Pass: CommutativeCancellation - 0.11015 (ms)
2026-07-12 22:00:39,112 [INFO] Pass: ConsolidateBlocks - 0.06986 (ms)
2026-07-12 22:00:39,112 [INFO] Pass: RemoveDiagonalGatesBeforeMeasure - 0.01264 (ms)
2026-07-12 22:00:39,112 [INFO] Pass: Split2QUnitaries - 0.00668 (ms)
2026-07-12 22:00:39,112 [INFO] Pass: Split2QUnitaries - 0.00644 (ms)
2026-07-12 22:00:39,112 [INFO] Pass: CommutativeCancellation - 0.11253 (ms)
2026-07-12 22:00:39,112 [INFO] Pass: RemoveIdentityEquivalent - 0.01216 (ms)
2026-07-12 22:00:39,112 [INFO] Pass: CommutativeCancellation - 0.11063 (ms)
2026-07-12 22:00:39,112 [INFO] Pass: UnitarySynthesis - 0.00572 (ms)
2026-07-12 22:00:39,112 [INFO] Pass: RemoveIdentityEquivalent - 0.01287 (ms)
2026-07-12 22:00:39,112 [INFO] Pass: UnitarySynthesis - 0.00548 (ms)
2026-07-12 22:00:39,112 [INFO] Pass: ConsolidateBlocks - 0.06819 (ms)
2026-07-12 22:00:39,112 [INFO] Pass: CommutativeCancellation - 0.11516 (ms)
2026-07-12 22:00:39,112 [INFO] Pass: InverseCancellation - 0.00763 (ms)
2026-07-12 22:00:39,112 [INFO] Pass: ConsolidateBlocks - 0.06676 (ms)
2026-07-12 22:00:39,112 [INFO] Pass: InverseCancellation - 0.00739 (ms)
2026-07-12 22:00:39,112 [INFO] Pass: Split2QUnitaries - 0.00620 (ms)
2026-07-12 22:00:39,112 [INFO] Pass: CommutativeCancellation - 0.11253 (ms)
2026-07-12 22:00:39,112 [INFO] Pass: ContractIdleWiresInControlFlow - 0.00215 (ms)
2026-07-12 22:00:39,112 [INFO] Pass: CommutativeCancellation - 0.11086 (ms)
2026-07-12 22:00:39,112 [INFO] Pass: ContractIdleWiresInControlFlow - 0.00215 (ms)
2026-07-12 22:00:39,112 [INFO] Pass: Split2QUnitaries - 0.00596 (ms)
2026-07-12 22:00:39,112 [INFO] Pass: UnitarySynthesis - 0.00596 (ms)
2026-07-12 22:00:39,112 [INFO] Pass: CommutativeCancellation - 0.12016 (ms)
2026-07-12 22:00:39,112 [INFO] Pass: HighLevelSynthesis - 0.06652 (ms)
2026-07-12 22:00:39,112 [INFO] Pass: HighLevelSynthesis - 0.06676 (ms)
2026-07-12 22:00:39,112 [INFO] Pass: ConsolidateBlocks - 0.07892 (ms)
2026-07-12 22:00:39,112 [INFO] Pass: ConsolidateBlocks - 0.07701 (ms)
2026-07-12 22:00:39,112 [INFO] Pass: UnitarySynthesis - 0.00548 (ms)
2026-07-12 22:00:39,112 [INFO] Pass: Split2QUnitaries - 0.00548 (ms)
2026-07-12 22:00:39,112 [INFO] Pass: ConsolidateBlocks - 0.07987 (ms)
2026-07-12 22:00:39,112 [INFO] Pass: Split2QUnitaries - 0.00620 (ms)
2026-07-12 22:00:39,112 [INFO] Pass: UnitarySynthesis - 0.00572 (ms)
2026-07-12 22:00:39,112 [INFO] Pass: UnitarySynthesis - 0.00596 (ms)
2026-07-12 22:00:39,112 [INFO] Pass: ConsolidateBlocks - 0.06676 (ms)
2026-07-12 22:00:39,112 [INFO] Pass: Split2QUnitaries - 0.00644 (ms)
2026-07-12 22:00:39,112 [INFO] Pass: HighLevelSynthesis - 0.05794 (ms)
2026-07-12 22:00:39,112 [INFO] Pass: ConsolidateBlocks - 0.06700 (ms)
2026-07-12 22:00:39,112 [INFO] Pass: ConsolidateBlocks - 0.06700 (ms)
2026-07-12 22:00:39,112 [INFO] Pass: UnitarySynthesis - 0.00525 (ms)
2026-07-12 22:00:39,112 [INFO] Pass: HighLevelSynthesis - 0.05722 (ms)
2026-07-12 22:00:39,112 [INFO] Pass: Split2QUnitaries - 0.00644 (ms)
2026-07-12 22:00:39,112 [INFO] Pass: BasisTranslator - 0.08774 (ms)
2026-07-12 22:00:39,112 [INFO] Pass: Split2QUnitaries - 0.00572 (ms)
2026-07-12 22:00:39,112 [INFO] Pass: BasisTranslator - 0.08702 (ms)
2026-07-12 22:00:39,112 [INFO] Pass: CommutativeCancellation - 0.11158 (ms)
2026-07-12 22:00:39,112 [INFO] Pass: Split2QUnitaries - 0.00644 (ms)
2026-07-12 22:00:39,112 [INFO] Pass: UnitarySynthesis - 0.00548 (ms)
2026-07-12 22:00:39,112 [INFO] Pass: CommutativeCancellation - 0.11230 (ms)
2026-07-12 22:00:39,112 [INFO] Pass: HighLevelSynthesis - 0.05651 (ms)
2026-07-12 22:00:39,112 [INFO] Pass: UnitarySynthesis - 0.00572 (ms)
2026-07-12 22:00:39,112 [INFO] Pass: HighLevelSynthesis - 0.05674 (ms)
2026-07-12 22:00:39,112 [INFO] Pass: UnitarySynthesis - 0.00596 (ms)
2026-07-12 22:00:39,112 [INFO] Pass: HighLevelSynthesis - 0.05698 (ms)
2026-07-12 22:00:39,112 [INFO] Pass: BasisTranslator - 0.08726 (ms)
2026-07-12 22:00:39,112 [INFO] Pass: ConsolidateBlocks - 0.06175 (ms)
2026-07-12 22:00:39,112 [INFO] Pass: ConsolidateBlocks - 0.06294 (ms)
2026-07-12 22:00:39,112 [INFO] Pass: HighLevelSynthesis - 0.05627 (ms)
2026-07-12 22:00:39,112 [INFO] Pass: BasisTranslator - 0.08750 (ms)
2026-07-12 22:00:39,112 [INFO] Pass: ConsolidateBlocks - 0.06771 (ms)
2026-07-12 22:00:39,112 [INFO] Pass: HighLevelSynthesis - 0.05627 (ms)
2026-07-12 22:00:39,112 [INFO] Pass: UnitarySynthesis - 0.00548 (ms)
2026-07-12 22:00:39,112 [INFO] Pass: ConsolidateBlocks - 0.06652 (ms)
2026-07-12 22:00:39,112 [INFO] Pass: UnitarySynthesis - 0.00477 (ms)
2026-07-12 22:00:39,112 [INFO] Pass: HighLevelSynthesis - 0.05698 (ms)
2026-07-12 22:00:39,112 [INFO] Pass: Split2QUnitaries - 0.00596 (ms)
2026-07-12 22:00:39,112 [INFO] Pass: BasisTranslator - 0.08559 (ms)
2026-07-12 22:00:39,112 [INFO] Pass: BasisTranslator - 0.08535 (ms)
2026-07-12 22:00:39,112 [INFO] Pass: Split2QUnitaries - 0.00596 (ms)
2026-07-12 22:00:39,112 [INFO] Pass: ConsolidateBlocks - 0.06270 (ms)
2026-07-12 22:00:39,112 [INFO] Pass: UnitarySynthesis - 0.00548 (ms)
2026-07-12 22:00:39,112 [INFO] Pass: Depth - 0.03552 (ms)
2026-07-12 22:00:39,112 [INFO] Pass: BasisTranslator - 0.08917 (ms)
2026-07-12 22:00:39,112 [INFO] Pass: UnitarySynthesis - 0.00548 (ms)
2026-07-12 22:00:39,112 [INFO] Pass: Depth - 0.03481 (ms)
2026-07-12 22:00:39,112 [INFO] Pass: ConsolidateBlocks - 0.06056 (ms)
2026-07-12 22:00:39,112 [INFO] Pass: UnitarySynthesis - 0.00501 (ms)
2026-07-12 22:00:39,112 [INFO] Pass: BasisTranslator - 0.08678 (ms)
2026-07-12 22:00:39,112 [INFO] Pass: FixedPoint - 0.00882 (ms)
2026-07-12 22:00:39,112 [INFO] Pass: FixedPoint - 0.00882 (ms)
2026-07-12 22:00:39,112 [INFO] Pass: UnitarySynthesis - 0.00501 (ms)
2026-07-12 22:00:39,112 [INFO] Pass: BasisTranslator - 0.08893 (ms)
2026-07-12 22:00:39,112 [INFO] Pass: ConsolidateBlocks - 0.06056 (ms)
2026-07-12 22:00:39,112 [INFO] Pass: ConsolidateBlocks - 0.06104 (ms)
2026-07-12 22:00:39,112 [INFO] Pass: Size - 0.00405 (ms)
2026-07-12 22:00:39,112 [INFO] Pass: BasisTranslator - 0.08678 (ms)
2026-07-12 22:00:39,112 [INFO] Pass: HighLevelSynthesis - 0.05627 (ms)
2026-07-12 22:00:39,112 [INFO] Pass: Size - 0.00405 (ms)
2026-07-12 22:00:39,112 [INFO] Pass: Depth - 0.03457 (ms)
2026-07-12 22:00:39,112 [INFO] Pass: UnitarySynthesis - 0.00501 (ms)
2026-07-12 22:00:39,112 [INFO] Pass: FixedPoint - 0.00334 (ms)
2026-07-12 22:00:39,112 [INFO] Pass: HighLevelSynthesis - 0.05674 (ms)
2026-07-12 22:00:39,112 [INFO] Pass: UnitarySynthesis - 0.00477 (ms)
2026-07-12 22:00:39,112 [INFO] Pass: ConsolidateBlocks - 0.06175 (ms)
2026-07-12 22:00:39,112 [INFO] Pass: FixedPoint - 0.00381 (ms)
2026-07-12 22:00:39,112 [INFO] Pass: Depth - 0.03433 (ms)
2026-07-12 22:00:39,112 [INFO] Pass: FixedPoint - 0.00906 (ms)
2026-07-12 22:00:39,112 [INFO] Pass: RemoveIdentityEquivalent - 0.00405 (ms)
2026-07-12 22:00:39,112 [INFO] Pass: ConsolidateBlocks - 0.06294 (ms)
2026-07-12 22:00:39,112 [INFO] Pass: UnitarySynthesis - 0.00501 (ms)
2026-07-12 22:00:39,112 [INFO] Pass: RemoveIdentityEquivalent - 0.00477 (ms)
2026-07-12 22:00:39,112 [INFO] Pass: Size - 0.00334 (ms)
2026-07-12 22:00:39,112 [INFO] Pass: ConsolidateBlocks - 0.06318 (ms)
2026-07-12 22:00:39,112 [INFO] Pass: FixedPoint - 0.00978 (ms)
2026-07-12 22:00:39,112 [INFO] Pass: Depth - 0.03433 (ms)
2026-07-12 22:00:39,112 [INFO] Pass: Depth - 0.03505 (ms)
2026-07-12 22:00:39,112 [INFO] Pass: ConsolidateBlocks - 0.06175 (ms)
2026-07-12 22:00:39,112 [INFO] Pass: UnitarySynthesis - 0.00477 (ms)
2026-07-12 22:00:39,112 [INFO] Pass: FixedPoint - 0.00334 (ms)
2026-07-12 22:00:39,112 [INFO] Pass: Size - 0.00358 (ms)
2026-07-12 22:00:39,112 [INFO] Pass: UnitarySynthesis - 0.00525 (ms)
2026-07-12 22:00:39,112 [INFO] Pass: FixedPoint - 0.01121 (ms)
2026-07-12 22:00:39,112 [INFO] Pass: FixedPoint - 0.00930 (ms)
2026-07-12 22:00:39,112 [INFO] Pass: UnitarySynthesis - 0.00477 (ms)
2026-07-12 22:00:39,112 [INFO] Pass: BasisTranslator - 0.09036 (ms)
2026-07-12 22:00:39,112 [INFO] Pass: FixedPoint - 0.00358 (ms)
2026-07-12 22:00:39,112 [INFO] Pass: Optimize1qGatesDecomposition - 0.04435 (ms)
2026-07-12 22:00:39,112 [INFO] Pass: Depth - 0.03505 (ms)
2026-07-12 22:00:39,112 [INFO] Pass: RemoveIdentityEquivalent - 0.00405 (ms)
2026-07-12 22:00:39,112 [INFO] Pass: BasisTranslator - 0.08798 (ms)
2026-07-12 22:00:39,112 [INFO] Pass: Size - 0.00358 (ms)
2026-07-12 22:00:39,112 [INFO] Pass: Optimize1qGatesDecomposition - 0.04482 (ms)
2026-07-12 22:00:39,112 [INFO] Pass: Size - 0.00381 (ms)
2026-07-12 22:00:39,112 [INFO] Pass: Depth - 0.03552 (ms)
2026-07-12 22:00:39,112 [INFO] Pass: RemoveIdentityEquivalent - 0.00429 (ms)
2026-07-12 22:00:39,112 [INFO] Pass: FixedPoint - 0.00358 (ms)
2026-07-12 22:00:39,112 [INFO] Pass: FixedPoint - 0.00930 (ms)
2026-07-12 22:00:39,112 [INFO] Pass: FixedPoint - 0.00310 (ms)
2026-07-12 22:00:39,112 [INFO] Pass: Depth - 0.03457 (ms)
2026-07-12 22:00:39,112 [INFO] Pass: Depth - 0.03505 (ms)
2026-07-12 22:00:39,112 [INFO] Pass: FixedPoint - 0.00858 (ms)
2026-07-12 22:00:39,112 [INFO] Pass: Size - 0.00405 (ms)
2026-07-12 22:00:39,112 [INFO] Pass: RemoveIdentityEquivalent - 0.00429 (ms)
2026-07-12 22:00:39,112 [INFO] Pass: FixedPoint - 0.00858 (ms)
2026-07-12 22:00:39,112 [INFO] Pass: RemoveIdentityEquivalent - 0.00405 (ms)
2026-07-12 22:00:39,112 [INFO] Pass: Optimize1qGatesDecomposition - 0.04578 (ms)
2026-07-12 22:00:39,112 [INFO] Pass: Size - 0.00358 (ms)
2026-07-12 22:00:39,112 [INFO] Pass: FixedPoint - 0.00334 (ms)
2026-07-12 22:00:39,112 [INFO] Pass: ConsolidateBlocks - 0.06104 (ms)
2026-07-12 22:00:39,112 [INFO] Pass: FixedPoint - 0.00858 (ms)
2026-07-12 22:00:39,112 [INFO] Pass: Size - 0.00405 (ms)
2026-07-12 22:00:39,112 [INFO] Pass: ConsolidateBlocks - 0.06104 (ms)
2026-07-12 22:00:39,112 [INFO] Pass: Optimize1qGatesDecomposition - 0.04315 (ms)
2026-07-12 22:00:39,112 [INFO] Pass: FixedPoint - 0.00334 (ms)
2026-07-12 22:00:39,112 [INFO] Pass: Size - 0.00358 (ms)
2026-07-12 22:00:39,112 [INFO] Pass: RemoveIdentityEquivalent - 0.00453 (ms)
2026-07-12 22:00:39,112 [INFO] Pass: UnitarySynthesis - 0.00501 (ms)
2026-07-12 22:00:39,112 [INFO] Pass: FixedPoint - 0.00334 (ms)
2026-07-12 22:00:39,112 [INFO] Pass: FixedPoint - 0.00358 (ms)
2026-07-12 22:00:39,112 [INFO] Pass: Optimize1qGatesDecomposition - 0.04292 (ms)
2026-07-12 22:00:39,112 [INFO] Pass: UnitarySynthesis - 0.00477 (ms)
2026-07-12 22:00:39,112 [INFO] Pass: RemoveIdentityEquivalent - 0.00453 (ms)
2026-07-12 22:00:39,112 [INFO] Pass: Optimize1qGatesDecomposition - 0.04244 (ms)
2026-07-12 22:00:39,112 [INFO] Pass: RemoveIdentityEquivalent - 0.00429 (ms)
2026-07-12 22:00:39,112 [INFO] Pass: CommutativeCancellation - 0.12231 (ms)
2026-07-12 22:00:39,112 [INFO] Pass: RemoveIdentityEquivalent - 0.00429 (ms)
2026-07-12 22:00:39,112 [INFO] Pass: CommutativeCancellation - 0.13065 (ms)
2026-07-12 22:00:39,112 [INFO] Pass: ContractIdleWiresInControlFlow - 0.00191 (ms)
2026-07-12 22:00:39,112 [INFO] Pass: Depth - 0.03576 (ms)
2026-07-12 22:00:39,112 [INFO] Pass: Optimize1qGatesDecomposition - 0.04458 (ms)
2026-07-12 22:00:39,112 [INFO] Pass: ContractIdleWiresInControlFlow - 0.00215 (ms)
2026-07-12 22:00:39,112 [INFO] Pass: Depth - 0.03552 (ms)
2026-07-12 22:00:39,112 [INFO] Pass: Optimize1qGatesDecomposition - 0.04458 (ms)
2026-07-12 22:00:39,112 [INFO] Pass: FixedPoint - 0.00906 (ms)
2026-07-12 22:00:39,112 [INFO] Pass: Optimize1qGatesDecomposition - 0.04363 (ms)
2026-07-12 22:00:39,112 [INFO] Pass: FixedPoint - 0.00882 (ms)
2026-07-12 22:00:39,112 [INFO] Pass: CommutativeCancellation - 0.12946 (ms)
2026-07-12 22:00:39,112 [INFO] Pass: Size - 0.00358 (ms)
2026-07-12 22:00:39,112 [INFO] Pass: Optimize1qGatesDecomposition - 0.04172 (ms)
2026-07-12 22:00:39,112 [INFO] Pass: GatesInBasis - 0.04745 (ms)
2026-07-12 22:00:39,112 [INFO] Pass: Size - 0.00381 (ms)
2026-07-12 22:00:39,112 [INFO] Pass: ContractIdleWiresInControlFlow - 0.00215 (ms)
2026-07-12 22:00:39,112 [INFO] Pass: CommutativeCancellation - 0.12732 (ms)
2026-07-12 22:00:39,112 [INFO] Pass: FixedPoint - 0.00334 (ms)
2026-07-12 22:00:39,112 [INFO] Pass: GatesInBasis - 0.04792 (ms)
2026-07-12 22:00:39,112 [INFO] Pass: FixedPoint - 0.00358 (ms)
2026-07-12 22:00:39,112 [INFO] Pass: ContractIdleWiresInControlFlow - 0.00215 (ms)
2026-07-12 22:00:39,112 [INFO] Pass: CommutativeCancellation - 0.12875 (ms)
2026-07-12 22:00:39,112 [INFO] Pass: RemoveIdentityEquivalent - 0.00429 (ms)
2026-07-12 22:00:39,112 [INFO] Pass: CommutativeCancellation - 0.12875 (ms)
2026-07-12 22:00:39,113 [INFO] Pass: Depth - 0.03171 (ms)
2026-07-12 22:00:39,113 [INFO] Pass: RemoveIdentityEquivalent - 0.00405 (ms)
2026-07-12 22:00:39,113 [INFO] Pass: ContractIdleWiresInControlFlow - 0.00262 (ms)
2026-07-12 22:00:39,113 [INFO] Pass: ContractIdleWiresInControlFlow - 0.00215 (ms)
2026-07-12 22:00:39,113 [INFO] Pass: Depth - 0.03290 (ms)
2026-07-12 22:00:39,113 [INFO] Pass: FixedPoint - 0.00453 (ms)
2026-07-12 22:00:39,113 [INFO] Pass: GatesInBasis - 0.04816 (ms)
2026-07-12 22:00:39,113 [INFO] Pass: CommutativeCancellation - 0.12636 (ms)
2026-07-12 22:00:39,113 [INFO] Pass: FixedPoint - 0.00405 (ms)
2026-07-12 22:00:39,113 [INFO] Pass: Size - 0.00215 (ms)
2026-07-12 22:00:39,113 [INFO] Pass: GatesInBasis - 0.04721 (ms)
2026-07-12 22:00:39,113 [INFO] Pass: CommutativeCancellation - 0.12803 (ms)
2026-07-12 22:00:39,113 [INFO] Pass: Optimize1qGatesDecomposition - 0.04530 (ms)
2026-07-12 22:00:39,113 [INFO] Pass: ContractIdleWiresInControlFlow - 0.00191 (ms)
2026-07-12 22:00:39,113 [INFO] Pass: Size - 0.00238 (ms)
2026-07-12 22:00:39,113 [INFO] Pass: FixedPoint - 0.00334 (ms)
2026-07-12 22:00:39,113 [INFO] Pass: CommutativeCancellation - 0.12684 (ms)
2026-07-12 22:00:39,113 [INFO] Pass: Optimize1qGatesDecomposition - 0.04387 (ms)
2026-07-12 22:00:39,113 [INFO] Pass: Depth - 0.03338 (ms)
2026-07-12 22:00:39,113 [INFO] Pass: GatesInBasis - 0.05126 (ms)
2026-07-12 22:00:39,113 [INFO] Pass: ContractIdleWiresInControlFlow - 0.00238 (ms)
2026-07-12 22:00:39,113 [INFO] Pass: CommutativeCancellation - 0.12970 (ms)
2026-07-12 22:00:39,113 [INFO] Pass: FixedPoint - 0.00334 (ms)
2026-07-12 22:00:39,113 [INFO] Pass: GatesInBasis - 0.04911 (ms)
2026-07-12 22:00:39,113 [INFO] Pass: ContractIdleWiresInControlFlow - 0.00238 (ms)
2026-07-12 22:00:39,113 [INFO] Pass: ContainsInstruction - 0.00596 (ms)
2026-07-12 22:00:39,113 [INFO] Pass: FixedPoint - 0.00429 (ms)
2026-07-12 22:00:39,113 [INFO] Pass: Depth - 0.03362 (ms)
2026-07-12 22:00:39,113 [INFO] Pass: ContractIdleWiresInControlFlow - 0.00191 (ms)
2026-07-12 22:00:39,113 [INFO] Pass: ContainsInstruction - 0.00596 (ms)
2026-07-12 22:00:39,113 [INFO] Pass: Size - 0.00191 (ms)
2026-07-12 22:00:39,113 [INFO] Pass: FixedPoint - 0.00429 (ms)
2026-07-12 22:00:39,113 [INFO] Pass: GatesInBasis - 0.04792 (ms)
2026-07-12 22:00:39,113 [INFO] Pass: Depth - 0.03338 (ms)
2026-07-12 22:00:39,113 [INFO] Pass: FixedPoint - 0.00310 (ms)
2026-07-12 22:00:39,113 [INFO] Pass: Depth - 0.03266 (ms)
2026-07-12 22:00:39,113 [INFO] Pass: Size - 0.00215 (ms)
2026-07-12 22:00:39,113 [INFO] Pass: GatesInBasis - 0.04745 (ms)
2026-07-12 22:00:39,113 [INFO] Pass: GatesInBasis - 0.05627 (ms)
2026-07-12 22:00:39,113 [INFO] Pass: FixedPoint - 0.00429 (ms)
2026-07-12 22:00:39,113 [INFO] Pass: FixedPoint - 0.00429 (ms)
2026-07-12 22:00:39,113 [INFO] Pass: FixedPoint - 0.00334 (ms)
2026-07-12 22:00:39,113 [INFO] Pass: ContainsInstruction - 0.00644 (ms)
2026-07-12 22:00:39,113 [INFO] Pass: Size - 0.00215 (ms)
2026-07-12 22:00:39,113 [INFO] Pass: Depth - 0.04315 (ms)
2026-07-12 22:00:39,113 [INFO] Pass: GatesInBasis - 0.06223 (ms)
2026-07-12 22:00:39,113 [INFO] Pass: Size - 0.00238 (ms)
2026-07-12 22:00:39,113 [INFO] Pass: ContainsInstruction - 0.00644 (ms)
2026-07-12 22:00:39,113 [INFO] Pass: FixedPoint - 0.00334 (ms)
2026-07-12 22:00:39,113 [INFO] Pass: CommutativeCancellation - 0.13924 (ms)
2026-07-12 22:00:39,113 [INFO] Pass: FixedPoint - 0.00405 (ms)
2026-07-12 22:00:39,113 [INFO] Pass: FixedPoint - 0.00334 (ms)
2026-07-12 22:00:39,113 [INFO] Pass: Depth - 0.03505 (ms)
2026-07-12 22:00:39,113 [INFO] Pass: Depth - 0.03290 (ms)
2026-07-12 22:00:39,113 [INFO] Pass: CommutativeCancellation - 0.13185 (ms)
2026-07-12 22:00:39,113 [INFO] Pass: Size - 0.00238 (ms)
2026-07-12 22:00:39,113 [INFO] Pass: ContractIdleWiresInControlFlow - 0.00238 (ms)
2026-07-12 22:00:39,113 [INFO] Pass: ContainsInstruction - 0.00596 (ms)
2026-07-12 22:00:39,113 [INFO] Pass: FixedPoint - 0.00453 (ms)
2026-07-12 22:00:39,113 [INFO] Pass: ContainsInstruction - 0.00572 (ms)
2026-07-12 22:00:39,113 [INFO] Pass: Depth - 0.03171 (ms)
2026-07-12 22:00:39,113 [INFO] Pass: FixedPoint - 0.00429 (ms)
2026-07-12 22:00:39,113 [INFO] Pass: ContractIdleWiresInControlFlow - 0.00215 (ms)
2026-07-12 22:00:39,113 [INFO] Pass: FixedPoint - 0.00334 (ms)
2026-07-12 22:00:39,113 [INFO] Pass: Size - 0.00238 (ms)
2026-07-12 22:00:39,113 [INFO] Pass: Size - 0.00238 (ms)
2026-07-12 22:00:39,113 [INFO] Pass: FixedPoint - 0.00405 (ms)
2026-07-12 22:00:39,113 [INFO] Pass: ContainsInstruction - 0.00596 (ms)
2026-07-12 22:00:39,113 [INFO] Pass: FixedPoint - 0.00334 (ms)
2026-07-12 22:00:39,113 [INFO] Pass: FixedPoint - 0.00334 (ms)
2026-07-12 22:00:39,113 [INFO] Pass: Size - 0.00238 (ms)
2026-07-12 22:00:39,113 [INFO] Pass: GatesInBasis - 0.04816 (ms)
2026-07-12 22:00:39,113 [INFO] Pass: FixedPoint - 0.00334 (ms)
2026-07-12 22:00:39,113 [INFO] Pass: ContainsInstruction - 0.00620 (ms)
2026-07-12 22:00:39,113 [INFO] Pass: ContainsInstruction - 0.00596 (ms)
2026-07-12 22:00:39,113 [INFO] Pass: GatesInBasis - 0.04888 (ms)
2026-07-12 22:00:39,113 [INFO] Pass: ContainsInstruction - 0.00620 (ms)
2026-07-12 22:00:39,113 [INFO] Pass: Depth - 0.03338 (ms)
2026-07-12 22:00:39,113 [INFO] Pass: Depth - 0.03266 (ms)
2026-07-12 22:00:39,113 [INFO] Pass: FixedPoint - 0.00381 (ms)
2026-07-12 22:00:39,113 [INFO] Pass: FixedPoint - 0.00477 (ms)
2026-07-12 22:00:39,113 [INFO] Pass: Size - 0.00262 (ms)
2026-07-12 22:00:39,113 [INFO] Pass: Size - 0.00191 (ms)
2026-07-12 22:00:39,113 [INFO] Pass: FixedPoint - 0.00310 (ms)
2026-07-12 22:00:39,113 [INFO] Pass: FixedPoint - 0.00334 (ms)
2026-07-12 22:00:39,113 [INFO] Pass: ContainsInstruction - 0.00620 (ms)
2026-07-12 22:00:39,113 [INFO] Pass: ContainsInstruction - 0.00644 (ms)
2026-07-12 22:00:39,113 [INFO] Total Transpile Time - 83.83322 (ms)
2026-07-12 22:00:39,113 [INFO] Total Transpile Time - 83.57739 (ms)
2026-07-12 22:00:39,113 [INFO] Total Transpile Time - 83.77886 (ms)
2026-07-12 22:00:39,113 [INFO] Total Transpile Time - 83.81486 (ms)
2026-07-12 22:00:39,113 [INFO] Total Transpile Time - 83.53853 (ms)
2026-07-12 22:00:39,113 [INFO] Total Transpile Time - 83.89258 (ms)
2026-07-12 22:00:39,113 [INFO] Total Transpile Time - 83.97555 (ms)
2026-07-12 22:00:39,113 [INFO] Total Transpile Time - 83.56190 (ms)
2026-07-12 22:00:39,113 [INFO] Total Transpile Time - 83.63557 (ms)
2026-07-12 22:00:39,113 [INFO] Total Transpile Time - 84.01561 (ms)
2026-07-12 22:00:39,114 [INFO] Total Transpile Time - 84.12552 (ms)
2026-07-12 22:00:39,114 [INFO] Total Transpile Time - 84.14626 (ms)
2026-07-12 22:00:39,167 [INFO] Pass: ContainsInstruction - 0.01144 (ms)
2026-07-12 22:00:39,167 [INFO] Pass: ContainsInstruction - 0.01168 (ms)
2026-07-12 22:00:39,167 [INFO] Pass: UnitarySynthesis - 0.00715 (ms)
2026-07-12 22:00:39,167 [INFO] Pass: ContainsInstruction - 0.01168 (ms)
2026-07-12 22:00:39,167 [INFO] Pass: HighLevelSynthesis - 0.00501 (ms)
2026-07-12 22:00:39,167 [INFO] Pass: UnitarySynthesis - 0.00763 (ms)
2026-07-12 22:00:39,167 [INFO] Pass: ContainsInstruction - 0.01121 (ms)
2026-07-12 22:00:39,167 [INFO] Pass: UnitarySynthesis - 0.00691 (ms)
2026-07-12 22:00:39,167 [INFO] Pass: HighLevelSynthesis - 0.00453 (ms)
2026-07-12 22:00:39,167 [INFO] Pass: ContainsInstruction - 0.01121 (ms)
2026-07-12 22:00:39,167 [INFO] Pass: HighLevelSynthesis - 0.00501 (ms)
2026-07-12 22:00:39,167 [INFO] Pass: UnitarySynthesis - 0.00715 (ms)
2026-07-12 22:00:39,167 [INFO] Pass: BasisTranslator - 0.04840 (ms)
2026-07-12 22:00:39,167 [INFO] Pass: ContainsInstruction - 0.01121 (ms)
2026-07-12 22:00:39,167 [INFO] Pass: ElidePermutations - 0.00501 (ms)
2026-07-12 22:00:39,167 [INFO] Pass: HighLevelSynthesis - 0.00501 (ms)
2026-07-12 22:00:39,167 [INFO] Pass: BasisTranslator - 0.04816 (ms)
2026-07-12 22:00:39,167 [INFO] Pass: UnitarySynthesis - 0.00715 (ms)
2026-07-12 22:00:39,167 [INFO] Pass: RemoveDiagonalGatesBeforeMeasure - 0.00668 (ms)
2026-07-12 22:00:39,167 [INFO] Pass: ElidePermutations - 0.00405 (ms)
2026-07-12 22:00:39,167 [INFO] Pass: BasisTranslator - 0.04721 (ms)
2026-07-12 22:00:39,167 [INFO] Pass: UnitarySynthesis - 0.00715 (ms)
2026-07-12 22:00:39,167 [INFO] Pass: HighLevelSynthesis - 0.00453 (ms)
2026-07-12 22:00:39,167 [INFO] Pass: RemoveIdentityEquivalent - 0.00691 (ms)
2026-07-12 22:00:39,167 [INFO] Pass: RemoveDiagonalGatesBeforeMeasure - 0.00668 (ms)
2026-07-12 22:00:39,167 [INFO] Pass: ElidePermutations - 0.00405 (ms)
2026-07-12 22:00:39,167 [INFO] Pass: BasisTranslator - 0.04745 (ms)
2026-07-12 22:00:39,167 [INFO] Pass: HighLevelSynthesis - 0.00477 (ms)
2026-07-12 22:00:39,167 [INFO] Pass: ContainsInstruction - 0.01144 (ms)
2026-07-12 22:00:39,167 [INFO] Pass: RemoveIdentityEquivalent - 0.00644 (ms)
2026-07-12 22:00:39,167 [INFO] Pass: RemoveDiagonalGatesBeforeMeasure - 0.00668 (ms)
2026-07-12 22:00:39,167 [INFO] Pass: ElidePermutations - 0.00405 (ms)
2026-07-12 22:00:39,167 [INFO] Pass: ContainsInstruction - 0.01144 (ms)
2026-07-12 22:00:39,167 [INFO] Pass: InverseCancellation - 0.03028 (ms)
2026-07-12 22:00:39,167 [INFO] Pass: BasisTranslator - 0.04768 (ms)
2026-07-12 22:00:39,167 [INFO] Pass: RemoveIdentityEquivalent - 0.00620 (ms)
2026-07-12 22:00:39,167 [INFO] Pass: UnitarySynthesis - 0.00715 (ms)
2026-07-12 22:00:39,167 [INFO] Pass: RemoveDiagonalGatesBeforeMeasure - 0.00644 (ms)
2026-07-12 22:00:39,167 [INFO] Pass: ContractIdleWiresInControlFlow - 0.00215 (ms)
2026-07-12 22:00:39,167 [INFO] Pass: InverseCancellation - 0.03028 (ms)
2026-07-12 22:00:39,167 [INFO] Pass: ElidePermutations - 0.00429 (ms)
2026-07-12 22:00:39,167 [INFO] Pass: BasisTranslator - 0.04697 (ms)
2026-07-12 22:00:39,167 [INFO] Pass: UnitarySynthesis - 0.00715 (ms)
2026-07-12 22:00:39,167 [INFO] Pass: RemoveIdentityEquivalent - 0.00668 (ms)
2026-07-12 22:00:39,167 [INFO] Pass: HighLevelSynthesis - 0.00477 (ms)
2026-07-12 22:00:39,167 [INFO] Pass: ContractIdleWiresInControlFlow - 0.00191 (ms)
2026-07-12 22:00:39,167 [INFO] Pass: ContainsInstruction - 0.01121 (ms)
2026-07-12 22:00:39,167 [INFO] Pass: InverseCancellation - 0.02909 (ms)
2026-07-12 22:00:39,167 [INFO] Pass: ElidePermutations - 0.00381 (ms)
2026-07-12 22:00:39,167 [INFO] Pass: RemoveDiagonalGatesBeforeMeasure - 0.00763 (ms)
2026-07-12 22:00:39,167 [INFO] Pass: HighLevelSynthesis - 0.00453 (ms)
2026-07-12 22:00:39,167 [INFO] Pass: ContractIdleWiresInControlFlow - 0.00215 (ms)
2026-07-12 22:00:39,167 [INFO] Pass: RemoveDiagonalGatesBeforeMeasure - 0.00620 (ms)
2026-07-12 22:00:39,167 [INFO] Pass: InverseCancellation - 0.03004 (ms)
2026-07-12 22:00:39,167 [INFO] Pass: RemoveIdentityEquivalent - 0.00691 (ms)
2026-07-12 22:00:39,167 [INFO] Pass: UnitarySynthesis - 0.00715 (ms)
2026-07-12 22:00:39,167 [INFO] Pass: ContainsInstruction - 0.01168 (ms)
2026-07-12 22:00:39,167 [INFO] Pass: ContractIdleWiresInControlFlow - 0.00167 (ms)
2026-07-12 22:00:39,167 [INFO] Pass: BasisTranslator - 0.04768 (ms)
2026-07-12 22:00:39,167 [INFO] Pass: RemoveIdentityEquivalent - 0.00691 (ms)
2026-07-12 22:00:39,167 [INFO] Pass: HighLevelSynthesis - 0.00501 (ms)
2026-07-12 22:00:39,167 [INFO] Pass: BasisTranslator - 0.04625 (ms)
2026-07-12 22:00:39,167 [INFO] Pass: ElidePermutations - 0.00429 (ms)
2026-07-12 22:00:39,167 [INFO] Pass: InverseCancellation - 0.03076 (ms)
2026-07-12 22:00:39,167 [INFO] Pass: ContainsInstruction - 0.01144 (ms)
2026-07-12 22:00:39,167 [INFO] Pass: CommutativeCancellation - 0.11611 (ms)
2026-07-12 22:00:39,167 [INFO] Pass: UnitarySynthesis - 0.00763 (ms)
2026-07-12 22:00:39,167 [INFO] Pass: ContractIdleWiresInControlFlow - 0.00191 (ms)
2026-07-12 22:00:39,167 [INFO] Pass: InverseCancellation - 0.02980 (ms)
2026-07-12 22:00:39,167 [INFO] Pass: ElidePermutations - 0.00477 (ms)
2026-07-12 22:00:39,167 [INFO] Pass: RemoveDiagonalGatesBeforeMeasure - 0.00644 (ms)
2026-07-12 22:00:39,167 [INFO] Pass: CommutativeCancellation - 0.11849 (ms)
2026-07-12 22:00:39,167 [INFO] Pass: ContractIdleWiresInControlFlow - 0.00215 (ms)
2026-07-12 22:00:39,167 [INFO] Pass: HighLevelSynthesis - 0.00453 (ms)
2026-07-12 22:00:39,167 [INFO] Pass: UnitarySynthesis - 0.00691 (ms)
2026-07-12 22:00:39,167 [INFO] Pass: RemoveDiagonalGatesBeforeMeasure - 0.00691 (ms)
2026-07-12 22:00:39,167 [INFO] Pass: RemoveIdentityEquivalent - 0.00668 (ms)
2026-07-12 22:00:39,167 [INFO] Pass: BasisTranslator - 0.04935 (ms)
2026-07-12 22:00:39,167 [INFO] Pass: CommutativeCancellation - 0.11468 (ms)
2026-07-12 22:00:39,167 [INFO] Pass: RemoveIdentityEquivalent - 0.00668 (ms)
2026-07-12 22:00:39,167 [INFO] Pass: HighLevelSynthesis - 0.00477 (ms)
2026-07-12 22:00:39,167 [INFO] Pass: ConsolidateBlocks - 0.05627 (ms)
2026-07-12 22:00:39,167 [INFO] Pass: ElidePermutations - 0.00453 (ms)
2026-07-12 22:00:39,167 [INFO] Pass: ContainsInstruction - 0.01144 (ms)
2026-07-12 22:00:39,167 [INFO] Pass: InverseCancellation - 0.02933 (ms)
2026-07-12 22:00:39,167 [INFO] Pass: CommutativeCancellation - 0.11277 (ms)
2026-07-12 22:00:39,167 [INFO] Pass: Split2QUnitaries - 0.00286 (ms)
2026-07-12 22:00:39,167 [INFO] Pass: BasisTranslator - 0.04768 (ms)
2026-07-12 22:00:39,167 [INFO] Pass: ConsolidateBlocks - 0.05627 (ms)
2026-07-12 22:00:39,167 [INFO] Pass: RemoveDiagonalGatesBeforeMeasure - 0.00668 (ms)
2026-07-12 22:00:39,167 [INFO] Pass: ContractIdleWiresInControlFlow - 0.00215 (ms)
2026-07-12 22:00:39,167 [INFO] Pass: InverseCancellation - 0.03076 (ms)
2026-07-12 22:00:39,167 [INFO] Pass: UnitarySynthesis - 0.00501 (ms)
2026-07-12 22:00:39,167 [INFO] Pass: ElidePermutations - 0.00405 (ms)
2026-07-12 22:00:39,167 [INFO] Pass: Split2QUnitaries - 0.00262 (ms)
2026-07-12 22:00:39,167 [INFO] Pass: RemoveIdentityEquivalent - 0.00668 (ms)
2026-07-12 22:00:39,167 [INFO] Pass: UnitarySynthesis - 0.00715 (ms)
2026-07-12 22:00:39,167 [INFO] Pass: BasisTranslator - 0.04721 (ms)
2026-07-12 22:00:39,167 [INFO] Pass: ContractIdleWiresInControlFlow - 0.00191 (ms)
2026-07-12 22:00:39,167 [INFO] Pass: ConsolidateBlocks - 0.05555 (ms)
2026-07-12 22:00:39,167 [INFO] Pass: CommutativeCancellation - 0.11849 (ms)
2026-07-12 22:00:39,167 [INFO] Pass: RemoveDiagonalGatesBeforeMeasure - 0.00668 (ms)
2026-07-12 22:00:39,167 [INFO] Pass: UnitarySynthesis - 0.00501 (ms)
2026-07-12 22:00:39,167 [INFO] Pass: CommutativeCancellation - 0.11468 (ms)
2026-07-12 22:00:39,167 [INFO] Pass: ConsolidateBlocks - 0.05412 (ms)
2026-07-12 22:00:39,167 [INFO] Pass: ElidePermutations - 0.00429 (ms)
2026-07-12 22:00:39,167 [INFO] Pass: Split2QUnitaries - 0.00286 (ms)
2026-07-12 22:00:39,167 [INFO] Pass: HighLevelSynthesis - 0.00548 (ms)
2026-07-12 22:00:39,167 [INFO] Pass: InverseCancellation - 0.02956 (ms)
2026-07-12 22:00:39,167 [INFO] Pass: RemoveIdentityEquivalent - 0.00715 (ms)
2026-07-12 22:00:39,167 [INFO] Pass: Split2QUnitaries - 0.00262 (ms)
2026-07-12 22:00:39,167 [INFO] Pass: RemoveDiagonalGatesBeforeMeasure - 0.00668 (ms)
2026-07-12 22:00:39,168 [INFO] Pass: HighLevelSynthesis - 0.05722 (ms)
2026-07-12 22:00:39,168 [INFO] Pass: UnitarySynthesis - 0.00501 (ms)
2026-07-12 22:00:39,168 [INFO] Pass: ContractIdleWiresInControlFlow - 0.00215 (ms)
2026-07-12 22:00:39,168 [INFO] Pass: UnitarySynthesis - 0.00525 (ms)
2026-07-12 22:00:39,168 [INFO] Pass: RemoveIdentityEquivalent - 0.00739 (ms)
2026-07-12 22:00:39,168 [INFO] Pass: ConsolidateBlocks - 0.05674 (ms)
2026-07-12 22:00:39,168 [INFO] Pass: HighLevelSynthesis - 0.05746 (ms)
2026-07-12 22:00:39,168 [INFO] Pass: InverseCancellation - 0.03052 (ms)
2026-07-12 22:00:39,168 [INFO] Pass: ConsolidateBlocks - 0.05579 (ms)
2026-07-12 22:00:39,168 [INFO] Pass: BasisTranslator - 0.04816 (ms)
2026-07-12 22:00:39,168 [INFO] Pass: CommutativeCancellation - 0.11969 (ms)
2026-07-12 22:00:39,168 [INFO] Pass: Split2QUnitaries - 0.00286 (ms)
2026-07-12 22:00:39,168 [INFO] Pass: ContractIdleWiresInControlFlow - 0.00215 (ms)
2026-07-12 22:00:39,168 [INFO] Pass: Split2QUnitaries - 0.00238 (ms)
2026-07-12 22:00:39,168 [INFO] Pass: ElidePermutations - 0.00429 (ms)
2026-07-12 22:00:39,168 [INFO] Pass: InverseCancellation - 0.03028 (ms)
2026-07-12 22:00:39,168 [INFO] Pass: UnitarySynthesis - 0.00548 (ms)
2026-07-12 22:00:39,168 [INFO] Pass: HighLevelSynthesis - 0.05770 (ms)
2026-07-12 22:00:39,168 [INFO] Pass: CommutativeCancellation - 0.11420 (ms)
2026-07-12 22:00:39,168 [INFO] Pass: UnitarySynthesis - 0.00525 (ms)
2026-07-12 22:00:39,168 [INFO] Pass: HighLevelSynthesis - 0.05794 (ms)
2026-07-12 22:00:39,168 [INFO] Pass: ContractIdleWiresInControlFlow - 0.00215 (ms)
2026-07-12 22:00:39,168 [INFO] Pass: RemoveDiagonalGatesBeforeMeasure - 0.00620 (ms)
2026-07-12 22:00:39,168 [INFO] Pass: BasisTranslator - 0.08583 (ms)
2026-07-12 22:00:39,168 [INFO] Pass: RemoveIdentityEquivalent - 0.00691 (ms)
2026-07-12 22:00:39,168 [INFO] Pass: ConsolidateBlocks - 0.05794 (ms)
2026-07-12 22:00:39,168 [INFO] Pass: BasisTranslator - 0.08821 (ms)
2026-07-12 22:00:39,168 [INFO] Pass: CommutativeCancellation - 0.11778 (ms)
2026-07-12 22:00:39,168 [INFO] Pass: HighLevelSynthesis - 0.05722 (ms)
2026-07-12 22:00:39,168 [INFO] Pass: Split2QUnitaries - 0.00262 (ms)
2026-07-12 22:00:39,168 [INFO] Pass: ConsolidateBlocks - 0.05531 (ms)
2026-07-12 22:00:39,168 [INFO] Pass: HighLevelSynthesis - 0.06843 (ms)
2026-07-12 22:00:39,168 [INFO] Pass: InverseCancellation - 0.03982 (ms)
2026-07-12 22:00:39,168 [INFO] Pass: ConsolidateBlocks - 0.06866 (ms)
2026-07-12 22:00:39,168 [INFO] Pass: BasisTranslator - 0.09680 (ms)
2026-07-12 22:00:39,168 [INFO] Pass: Split2QUnitaries - 0.00262 (ms)
2026-07-12 22:00:39,168 [INFO] Pass: UnitarySynthesis - 0.00548 (ms)
2026-07-12 22:00:39,168 [INFO] Pass: CommutativeCancellation - 0.12851 (ms)
2026-07-12 22:00:39,168 [INFO] Pass: BasisTranslator - 0.09680 (ms)
2026-07-12 22:00:39,168 [INFO] Pass: ContractIdleWiresInControlFlow - 0.00215 (ms)
2026-07-12 22:00:39,168 [INFO] Pass: UnitarySynthesis - 0.00453 (ms)
2026-07-12 22:00:39,168 [INFO] Pass: UnitarySynthesis - 0.00525 (ms)
2026-07-12 22:00:39,168 [INFO] Pass: ConsolidateBlocks - 0.07081 (ms)
2026-07-12 22:00:39,168 [INFO] Pass: ConsolidateBlocks - 0.05722 (ms)
2026-07-12 22:00:39,168 [INFO] Pass: CommutativeCancellation - 0.12660 (ms)
2026-07-12 22:00:39,168 [INFO] Pass: Split2QUnitaries - 0.00262 (ms)
2026-07-12 22:00:39,168 [INFO] Pass: UnitarySynthesis - 0.00453 (ms)
2026-07-12 22:00:39,168 [INFO] Pass: BasisTranslator - 0.08821 (ms)
2026-07-12 22:00:39,168 [INFO] Pass: HighLevelSynthesis - 0.05698 (ms)
2026-07-12 22:00:39,168 [INFO] Pass: ConsolidateBlocks - 0.06080 (ms)
2026-07-12 22:00:39,168 [INFO] Pass: ConsolidateBlocks - 0.05651 (ms)
2026-07-12 22:00:39,168 [INFO] Pass: Depth - 0.03386 (ms)
2026-07-12 22:00:39,168 [INFO] Pass: UnitarySynthesis - 0.00572 (ms)
2026-07-12 22:00:39,168 [INFO] Pass: BasisTranslator - 0.08750 (ms)
2026-07-12 22:00:39,168 [INFO] Pass: ConsolidateBlocks - 0.06080 (ms)
2026-07-12 22:00:39,168 [INFO] Pass: HighLevelSynthesis - 0.05794 (ms)
2026-07-12 22:00:39,168 [INFO] Pass: UnitarySynthesis - 0.00501 (ms)
2026-07-12 22:00:39,168 [INFO] Pass: FixedPoint - 0.00548 (ms)
2026-07-12 22:00:39,168 [INFO] Pass: Split2QUnitaries - 0.00262 (ms)
2026-07-12 22:00:39,168 [INFO] Pass: Depth - 0.03433 (ms)
2026-07-12 22:00:39,168 [INFO] Pass: UnitarySynthesis - 0.00453 (ms)
2026-07-12 22:00:39,168 [INFO] Pass: ConsolidateBlocks - 0.05579 (ms)
2026-07-12 22:00:39,168 [INFO] Pass: Size - 0.00334 (ms)
2026-07-12 22:00:39,168 [INFO] Pass: UnitarySynthesis - 0.00525 (ms)
2026-07-12 22:00:39,168 [INFO] Pass: FixedPoint - 0.00525 (ms)
2026-07-12 22:00:39,168 [INFO] Pass: FixedPoint - 0.00334 (ms)
2026-07-12 22:00:39,168 [INFO] Pass: Split2QUnitaries - 0.00286 (ms)
2026-07-12 22:00:39,168 [INFO] Pass: CommutativeCancellation - 0.11826 (ms)
2026-07-12 22:00:39,168 [INFO] Pass: ConsolidateBlocks - 0.06413 (ms)
2026-07-12 22:00:39,168 [INFO] Pass: Size - 0.00310 (ms)
2026-07-12 22:00:39,168 [INFO] Pass: Depth - 0.03386 (ms)
2026-07-12 22:00:39,168 [INFO] Pass: HighLevelSynthesis - 0.05794 (ms)
2026-07-12 22:00:39,168 [INFO] Pass: ConsolidateBlocks - 0.06127 (ms)
2026-07-12 22:00:39,168 [INFO] Pass: Depth - 0.03409 (ms)
2026-07-12 22:00:39,168 [INFO] Pass: RemoveIdentityEquivalent - 0.00548 (ms)
2026-07-12 22:00:39,168 [INFO] Pass: UnitarySynthesis - 0.00548 (ms)
2026-07-12 22:00:39,168 [INFO] Pass: BasisTranslator - 0.08893 (ms)
2026-07-12 22:00:39,168 [INFO] Pass: FixedPoint - 0.00310 (ms)
2026-07-12 22:00:39,168 [INFO] Pass: UnitarySynthesis - 0.00477 (ms)
2026-07-12 22:00:39,168 [INFO] Pass: FixedPoint - 0.00548 (ms)
2026-07-12 22:00:39,168 [INFO] Pass: UnitarySynthesis - 0.00477 (ms)
2026-07-12 22:00:39,168 [INFO] Pass: FixedPoint - 0.00501 (ms)
2026-07-12 22:00:39,168 [INFO] Pass: RemoveIdentityEquivalent - 0.00525 (ms)
2026-07-12 22:00:39,168 [INFO] Pass: Size - 0.00310 (ms)
2026-07-12 22:00:39,168 [INFO] Pass: BasisTranslator - 0.08893 (ms)
2026-07-12 22:00:39,168 [INFO] Pass: HighLevelSynthesis - 0.05770 (ms)
2026-07-12 22:00:39,168 [INFO] Pass: Size - 0.00310 (ms)
2026-07-12 22:00:39,168 [INFO] Pass: FixedPoint - 0.00310 (ms)
2026-07-12 22:00:39,168 [INFO] Pass: ConsolidateBlocks - 0.05555 (ms)
2026-07-12 22:00:39,168 [INFO] Pass: Depth - 0.03433 (ms)
2026-07-12 22:00:39,168 [INFO] Pass: FixedPoint - 0.00310 (ms)
2026-07-12 22:00:39,168 [INFO] Pass: Depth - 0.03290 (ms)
2026-07-12 22:00:39,168 [INFO] Pass: HighLevelSynthesis - 0.05746 (ms)
2026-07-12 22:00:39,168 [INFO] Pass: RemoveIdentityEquivalent - 0.00501 (ms)
2026-07-12 22:00:39,168 [INFO] Pass: Split2QUnitaries - 0.00238 (ms)
2026-07-12 22:00:39,168 [INFO] Pass: FixedPoint - 0.00477 (ms)
2026-07-12 22:00:39,168 [INFO] Pass: ConsolidateBlocks - 0.06247 (ms)
2026-07-12 22:00:39,168 [INFO] Pass: BasisTranslator - 0.08726 (ms)
2026-07-12 22:00:39,168 [INFO] Pass: RemoveIdentityEquivalent - 0.00525 (ms)
2026-07-12 22:00:39,168 [INFO] Pass: FixedPoint - 0.00525 (ms)
2026-07-12 22:00:39,168 [INFO] Pass: UnitarySynthesis - 0.00525 (ms)
2026-07-12 22:00:39,168 [INFO] Pass: Size - 0.00310 (ms)
2026-07-12 22:00:39,168 [INFO] Pass: ConsolidateBlocks - 0.06056 (ms)
2026-07-12 22:00:39,168 [INFO] Pass: UnitarySynthesis - 0.00477 (ms)
2026-07-12 22:00:39,168 [INFO] Pass: Size - 0.00310 (ms)
2026-07-12 22:00:39,168 [INFO] Pass: FixedPoint - 0.00358 (ms)
2026-07-12 22:00:39,168 [INFO] Pass: BasisTranslator - 0.08702 (ms)
2026-07-12 22:00:39,168 [INFO] Pass: FixedPoint - 0.00310 (ms)
2026-07-12 22:00:39,168 [INFO] Pass: UnitarySynthesis - 0.00429 (ms)
2026-07-12 22:00:39,168 [INFO] Pass: Optimize1qGatesDecomposition - 0.13566 (ms)
2026-07-12 22:00:39,168 [INFO] Pass: RemoveIdentityEquivalent - 0.00572 (ms)
2026-07-12 22:00:39,168 [INFO] Pass: RemoveIdentityEquivalent - 0.00548 (ms)
2026-07-12 22:00:39,168 [INFO] Pass: Depth - 0.03433 (ms)
2026-07-12 22:00:39,168 [INFO] Pass: ConsolidateBlocks - 0.06127 (ms)
2026-07-12 22:00:39,168 [INFO] Pass: Optimize1qGatesDecomposition - 0.13375 (ms)
2026-07-12 22:00:39,168 [INFO] Pass: HighLevelSynthesis - 0.05746 (ms)
2026-07-12 22:00:39,168 [INFO] Pass: BasisTranslator - 0.08893 (ms)
2026-07-12 22:00:39,168 [INFO] Pass: FixedPoint - 0.00501 (ms)
2026-07-12 22:00:39,168 [INFO] Pass: Depth - 0.03409 (ms)
2026-07-12 22:00:39,168 [INFO] Pass: UnitarySynthesis - 0.00477 (ms)
2026-07-12 22:00:39,168 [INFO] Pass: Size - 0.00334 (ms)
2026-07-12 22:00:39,168 [INFO] Pass: FixedPoint - 0.00501 (ms)
2026-07-12 22:00:39,168 [INFO] Pass: ConsolidateBlocks - 0.06104 (ms)
2026-07-12 22:00:39,168 [INFO] Pass: Optimize1qGatesDecomposition - 0.13256 (ms)
2026-07-12 22:00:39,168 [INFO] Pass: FixedPoint - 0.00286 (ms)
2026-07-12 22:00:39,168 [INFO] Pass: Optimize1qGatesDecomposition - 0.13256 (ms)
2026-07-12 22:00:39,168 [INFO] Pass: Size - 0.00310 (ms)
2026-07-12 22:00:39,168 [INFO] Pass: UnitarySynthesis - 0.00501 (ms)
2026-07-12 22:00:39,168 [INFO] Pass: Depth - 0.03409 (ms)
2026-07-12 22:00:39,168 [INFO] Pass: FixedPoint - 0.00334 (ms)
2026-07-12 22:00:39,168 [INFO] Pass: RemoveIdentityEquivalent - 0.00525 (ms)
2026-07-12 22:00:39,168 [INFO] Pass: ConsolidateBlocks - 0.06080 (ms)
2026-07-12 22:00:39,168 [INFO] Pass: FixedPoint - 0.00548 (ms)
2026-07-12 22:00:39,168 [INFO] Pass: BasisTranslator - 0.08965 (ms)
2026-07-12 22:00:39,168 [INFO] Pass: RemoveIdentityEquivalent - 0.00572 (ms)
2026-07-12 22:00:39,168 [INFO] Pass: UnitarySynthesis - 0.00501 (ms)
2026-07-12 22:00:39,168 [INFO] Pass: Size - 0.00286 (ms)
2026-07-12 22:00:39,168 [INFO] Pass: Depth - 0.03386 (ms)
2026-07-12 22:00:39,168 [INFO] Pass: CommutativeCancellation - 0.12732 (ms)
2026-07-12 22:00:39,168 [INFO] Pass: Optimize1qGatesDecomposition - 0.12922 (ms)
2026-07-12 22:00:39,168 [INFO] Pass: Optimize1qGatesDecomposition - 0.13018 (ms)
2026-07-12 22:00:39,168 [INFO] Pass: FixedPoint - 0.00310 (ms)
2026-07-12 22:00:39,168 [INFO] Pass: FixedPoint - 0.00548 (ms)
2026-07-12 22:00:39,168 [INFO] Pass: ContractIdleWiresInControlFlow - 0.00215 (ms)
2026-07-12 22:00:39,168 [INFO] Pass: CommutativeCancellation - 0.12660 (ms)
2026-07-12 22:00:39,168 [INFO] Pass: RemoveIdentityEquivalent - 0.00548 (ms)
2026-07-12 22:00:39,168 [INFO] Pass: Depth - 0.03386 (ms)
2026-07-12 22:00:39,168 [INFO] Pass: Size - 0.00286 (ms)
2026-07-12 22:00:39,168 [INFO] Pass: ContractIdleWiresInControlFlow - 0.00215 (ms)
2026-07-12 22:00:39,168 [INFO] Pass: FixedPoint - 0.00310 (ms)
2026-07-12 22:00:39,168 [INFO] Pass: ConsolidateBlocks - 0.06127 (ms)
2026-07-12 22:00:39,168 [INFO] Pass: FixedPoint - 0.00572 (ms)
2026-07-12 22:00:39,168 [INFO] Pass: CommutativeCancellation - 0.12755 (ms)
2026-07-12 22:00:39,168 [INFO] Pass: CommutativeCancellation - 0.12636 (ms)
2026-07-12 22:00:39,168 [INFO] Pass: Size - 0.00310 (ms)
2026-07-12 22:00:39,168 [INFO] Pass: GatesInBasis - 0.04959 (ms)
2026-07-12 22:00:39,168 [INFO] Pass: RemoveIdentityEquivalent - 0.00548 (ms)
2026-07-12 22:00:39,168 [INFO] Pass: UnitarySynthesis - 0.00477 (ms)
2026-07-12 22:00:39,168 [INFO] Pass: ContractIdleWiresInControlFlow - 0.00238 (ms)
2026-07-12 22:00:39,168 [INFO] Pass: ContractIdleWiresInControlFlow - 0.00215 (ms)
2026-07-12 22:00:39,168 [INFO] Pass: Optimize1qGatesDecomposition - 0.13304 (ms)
2026-07-12 22:00:39,168 [INFO] Pass: FixedPoint - 0.00286 (ms)
2026-07-12 22:00:39,168 [INFO] Pass: GatesInBasis - 0.04935 (ms)
2026-07-12 22:00:39,168 [INFO] Pass: Optimize1qGatesDecomposition - 0.13161 (ms)
2026-07-12 22:00:39,168 [INFO] Pass: RemoveIdentityEquivalent - 0.00572 (ms)
2026-07-12 22:00:39,168 [INFO] Pass: Depth - 0.03362 (ms)
2026-07-12 22:00:39,168 [INFO] Pass: Depth - 0.03505 (ms)
2026-07-12 22:00:39,168 [INFO] Pass: CommutativeCancellation - 0.12922 (ms)
2026-07-12 22:00:39,168 [INFO] Pass: CommutativeCancellation - 0.12589 (ms)
2026-07-12 22:00:39,168 [INFO] Pass: GatesInBasis - 0.04959 (ms)
2026-07-12 22:00:39,168 [INFO] Pass: FixedPoint - 0.00429 (ms)
2026-07-12 22:00:39,168 [INFO] Pass: Depth - 0.03314 (ms)
2026-07-12 22:00:39,168 [INFO] Pass: GatesInBasis - 0.04911 (ms)
2026-07-12 22:00:39,168 [INFO] Pass: FixedPoint - 0.00501 (ms)
2026-07-12 22:00:39,168 [INFO] Pass: ContractIdleWiresInControlFlow - 0.00191 (ms)
2026-07-12 22:00:39,168 [INFO] Pass: ContractIdleWiresInControlFlow - 0.00215 (ms)
2026-07-12 22:00:39,168 [INFO] Pass: Size - 0.00215 (ms)
2026-07-12 22:00:39,168 [INFO] Pass: Optimize1qGatesDecomposition - 0.13208 (ms)
2026-07-12 22:00:39,168 [INFO] Pass: FixedPoint - 0.00429 (ms)
2026-07-12 22:00:39,168 [INFO] Pass: Size - 0.00310 (ms)
2026-07-12 22:00:39,168 [INFO] Pass: Size - 0.00238 (ms)
2026-07-12 22:00:39,168 [INFO] Pass: FixedPoint - 0.00334 (ms)
2026-07-12 22:00:39,168 [INFO] Pass: FixedPoint - 0.01264 (ms)
2026-07-12 22:00:39,168 [INFO] Pass: Depth - 0.03242 (ms)
2026-07-12 22:00:39,168 [INFO] Pass: Depth - 0.03362 (ms)
2026-07-12 22:00:39,168 [INFO] Pass: FixedPoint - 0.01025 (ms)
2026-07-12 22:00:39,168 [INFO] Pass: Optimize1qGatesDecomposition - 0.13208 (ms)
2026-07-12 22:00:39,169 [INFO] Pass: FixedPoint - 0.00405 (ms)
2026-07-12 22:00:39,169 [INFO] Pass: GatesInBasis - 0.04840 (ms)
2026-07-12 22:00:39,169 [INFO] Pass: RemoveIdentityEquivalent - 0.00548 (ms)
2026-07-12 22:00:39,169 [INFO] Pass: GatesInBasis - 0.04840 (ms)
2026-07-12 22:00:39,169 [INFO] Pass: FixedPoint - 0.00429 (ms)
2026-07-12 22:00:39,169 [INFO] Pass: ContainsInstruction - 0.00572 (ms)
2026-07-12 22:00:39,169 [INFO] Pass: CommutativeCancellation - 0.12350 (ms)
2026-07-12 22:00:39,169 [INFO] Pass: Size - 0.00238 (ms)
2026-07-12 22:00:39,169 [INFO] Pass: Size - 0.00215 (ms)
2026-07-12 22:00:39,169 [INFO] Pass: ContainsInstruction - 0.00548 (ms)
2026-07-12 22:00:39,169 [INFO] Pass: CommutativeCancellation - 0.12541 (ms)
2026-07-12 22:00:39,169 [INFO] Pass: ContractIdleWiresInControlFlow - 0.00215 (ms)
2026-07-12 22:00:39,169 [INFO] Pass: Optimize1qGatesDecomposition - 0.13018 (ms)
2026-07-12 22:00:39,169 [INFO] Pass: FixedPoint - 0.01049 (ms)
2026-07-12 22:00:39,169 [INFO] Pass: FixedPoint - 0.00954 (ms)
2026-07-12 22:00:39,169 [INFO] Pass: Depth - 0.03290 (ms)
2026-07-12 22:00:39,169 [INFO] Pass: Depth - 0.03290 (ms)
2026-07-12 22:00:39,169 [INFO] Pass: ContractIdleWiresInControlFlow - 0.00215 (ms)
2026-07-12 22:00:39,169 [INFO] Pass: FixedPoint - 0.00405 (ms)
2026-07-12 22:00:39,169 [INFO] Pass: ContainsInstruction - 0.00525 (ms)
2026-07-12 22:00:39,169 [INFO] Pass: FixedPoint - 0.00405 (ms)
2026-07-12 22:00:39,169 [INFO] Pass: ContainsInstruction - 0.00548 (ms)
2026-07-12 22:00:39,169 [INFO] Pass: CommutativeCancellation - 0.12732 (ms)
2026-07-12 22:00:39,169 [INFO] Pass: Size - 0.00215 (ms)
2026-07-12 22:00:39,169 [INFO] Pass: Size - 0.00215 (ms)
2026-07-12 22:00:39,169 [INFO] Pass: GatesInBasis - 0.04697 (ms)
2026-07-12 22:00:39,169 [INFO] Pass: ContractIdleWiresInControlFlow - 0.00215 (ms)
2026-07-12 22:00:39,169 [INFO] Pass: FixedPoint - 0.01001 (ms)
2026-07-12 22:00:39,169 [INFO] Pass: GatesInBasis - 0.04864 (ms)
2026-07-12 22:00:39,169 [INFO] Pass: FixedPoint - 0.01049 (ms)
2026-07-12 22:00:39,169 [INFO] Pass: CommutativeCancellation - 0.12946 (ms)
2026-07-12 22:00:39,169 [INFO] Pass: Optimize1qGatesDecomposition - 0.13661 (ms)
2026-07-12 22:00:39,169 [INFO] Pass: Depth - 0.03290 (ms)
2026-07-12 22:00:39,169 [INFO] Pass: ContainsInstruction - 0.00548 (ms)
2026-07-12 22:00:39,169 [INFO] Pass: ContainsInstruction - 0.00548 (ms)
2026-07-12 22:00:39,169 [INFO] Pass: ContractIdleWiresInControlFlow - 0.00215 (ms)
2026-07-12 22:00:39,169 [INFO] Pass: FixedPoint - 0.00381 (ms)
2026-07-12 22:00:39,169 [INFO] Pass: Depth - 0.04125 (ms)
2026-07-12 22:00:39,169 [INFO] Pass: GatesInBasis - 0.05746 (ms)
2026-07-12 22:00:39,169 [INFO] Pass: Size - 0.00238 (ms)
2026-07-12 22:00:39,169 [INFO] Pass: CommutativeCancellation - 0.13804 (ms)
2026-07-12 22:00:39,169 [INFO] Pass: FixedPoint - 0.00405 (ms)
2026-07-12 22:00:39,169 [INFO] Pass: Size - 0.00262 (ms)
2026-07-12 22:00:39,169 [INFO] Pass: ContractIdleWiresInControlFlow - 0.00215 (ms)
2026-07-12 22:00:39,169 [INFO] Pass: FixedPoint - 0.01001 (ms)
2026-07-12 22:00:39,169 [INFO] Pass: GatesInBasis - 0.05007 (ms)
2026-07-12 22:00:39,169 [INFO] Pass: Depth - 0.03266 (ms)
2026-07-12 22:00:39,169 [INFO] Pass: FixedPoint - 0.01097 (ms)
2026-07-12 22:00:39,169 [INFO] Pass: ContainsInstruction - 0.00572 (ms)
2026-07-12 22:00:39,169 [INFO] Pass: FixedPoint - 0.00405 (ms)
2026-07-12 22:00:39,169 [INFO] Pass: Size - 0.00215 (ms)
2026-07-12 22:00:39,169 [INFO] Pass: ContainsInstruction - 0.00525 (ms)
2026-07-12 22:00:39,169 [INFO] Pass: Depth - 0.03242 (ms)
2026-07-12 22:00:39,169 [INFO] Pass: GatesInBasis - 0.04840 (ms)
2026-07-12 22:00:39,169 [INFO] Pass: CommutativeCancellation - 0.12827 (ms)
2026-07-12 22:00:39,169 [INFO] Pass: FixedPoint - 0.00405 (ms)
2026-07-12 22:00:39,169 [INFO] Pass: FixedPoint - 0.01025 (ms)
2026-07-12 22:00:39,169 [INFO] Pass: Size - 0.00238 (ms)
2026-07-12 22:00:39,169 [INFO] Pass: ContractIdleWiresInControlFlow - 0.00262 (ms)
2026-07-12 22:00:39,169 [INFO] Pass: ContainsInstruction - 0.00525 (ms)
2026-07-12 22:00:39,169 [INFO] Pass: Depth - 0.03576 (ms)
2026-07-12 22:00:39,169 [INFO] Pass: FixedPoint - 0.01025 (ms)
2026-07-12 22:00:39,169 [INFO] Pass: FixedPoint - 0.00405 (ms)
2026-07-12 22:00:39,169 [INFO] Pass: ContainsInstruction - 0.00548 (ms)
2026-07-12 22:00:39,169 [INFO] Pass: Size - 0.00262 (ms)
2026-07-12 22:00:39,169 [INFO] Pass: GatesInBasis - 0.04888 (ms)
2026-07-12 22:00:39,169 [INFO] Pass: FixedPoint - 0.01025 (ms)
2026-07-12 22:00:39,169 [INFO] Pass: ContainsInstruction - 0.00525 (ms)
2026-07-12 22:00:39,169 [INFO] Total Transpile Time - 55.20725 (ms)
2026-07-12 22:00:39,169 [INFO] Pass: Depth - 0.03552 (ms)
2026-07-12 22:00:39,169 [INFO] Total Transpile Time - 55.30477 (ms)
2026-07-12 22:00:39,169 [INFO] Pass: FixedPoint - 0.00453 (ms)
2026-07-12 22:00:39,169 [INFO] Pass: Size - 0.00238 (ms)
2026-07-12 22:00:39,169 [INFO] Total Transpile Time - 55.37701 (ms)
2026-07-12 22:00:39,169 [INFO] Pass: FixedPoint - 0.01025 (ms)
2026-07-12 22:00:39,169 [INFO] Total Transpile Time - 55.50194 (ms)
2026-07-12 22:00:39,169 [INFO] Pass: ContainsInstruction - 0.00620 (ms)
2026-07-12 22:00:39,169 [INFO] Total Transpile Time - 55.39632 (ms)
2026-07-12 22:00:39,169 [INFO] Total Transpile Time - 55.50528 (ms)
2026-07-12 22:00:39,169 [INFO] Total Transpile Time - 55.31645 (ms)
2026-07-12 22:00:39,169 [INFO] Total Transpile Time - 55.48000 (ms)
2026-07-12 22:00:39,169 [INFO] Total Transpile Time - 55.73797 (ms)
2026-07-12 22:00:39,169 [INFO] Total Transpile Time - 55.61543 (ms)
2026-07-12 22:00:39,169 [INFO] Total Transpile Time - 55.50337 (ms)
2026-07-12 22:00:39,170 [INFO] Total Transpile Time - 56.02980 (ms)
2026-07-12 22:00:39,222 [INFO] Pass: ContainsInstruction - 0.01025 (ms)
2026-07-12 22:00:39,222 [INFO] Pass: UnitarySynthesis - 0.00715 (ms)
2026-07-12 22:00:39,222 [INFO] Pass: HighLevelSynthesis - 0.00501 (ms)
2026-07-12 22:00:39,222 [INFO] Pass: BasisTranslator - 0.04768 (ms)
2026-07-12 22:00:39,222 [INFO] Pass: ContainsInstruction - 0.01049 (ms)
2026-07-12 22:00:39,222 [INFO] Pass: ElidePermutations - 0.00381 (ms)
2026-07-12 22:00:39,222 [INFO] Pass: RemoveDiagonalGatesBeforeMeasure - 0.00691 (ms)
2026-07-12 22:00:39,222 [INFO] Pass: UnitarySynthesis - 0.00763 (ms)
2026-07-12 22:00:39,222 [INFO] Pass: ContainsInstruction - 0.01121 (ms)
2026-07-12 22:00:39,222 [INFO] Pass: RemoveIdentityEquivalent - 0.00739 (ms)
2026-07-12 22:00:39,222 [INFO] Pass: HighLevelSynthesis - 0.00477 (ms)
2026-07-12 22:00:39,222 [INFO] Pass: UnitarySynthesis - 0.00763 (ms)
2026-07-12 22:00:39,222 [INFO] Pass: InverseCancellation - 0.02909 (ms)
2026-07-12 22:00:39,222 [INFO] Pass: HighLevelSynthesis - 0.00477 (ms)
2026-07-12 22:00:39,222 [INFO] Pass: ContractIdleWiresInControlFlow - 0.00215 (ms)
2026-07-12 22:00:39,222 [INFO] Pass: BasisTranslator - 0.04792 (ms)
2026-07-12 22:00:39,222 [INFO] Pass: ElidePermutations - 0.00405 (ms)
2026-07-12 22:00:39,222 [INFO] Pass: BasisTranslator - 0.04840 (ms)
2026-07-12 22:00:39,222 [INFO] Pass: RemoveDiagonalGatesBeforeMeasure - 0.00644 (ms)
2026-07-12 22:00:39,222 [INFO] Pass: ElidePermutations - 0.00381 (ms)
2026-07-12 22:00:39,222 [INFO] Pass: RemoveIdentityEquivalent - 0.00787 (ms)
2026-07-12 22:00:39,222 [INFO] Pass: RemoveDiagonalGatesBeforeMeasure - 0.00620 (ms)
2026-07-12 22:00:39,222 [INFO] Pass: CommutativeCancellation - 0.11969 (ms)
2026-07-12 22:00:39,222 [INFO] Pass: RemoveIdentityEquivalent - 0.00691 (ms)
2026-07-12 22:00:39,222 [INFO] Pass: InverseCancellation - 0.03004 (ms)
2026-07-12 22:00:39,222 [INFO] Pass: ContainsInstruction - 0.01049 (ms)
2026-07-12 22:00:39,222 [INFO] Pass: ContractIdleWiresInControlFlow - 0.00215 (ms)
2026-07-12 22:00:39,222 [INFO] Pass: InverseCancellation - 0.02909 (ms)
2026-07-12 22:00:39,222 [INFO] Pass: UnitarySynthesis - 0.00739 (ms)
2026-07-12 22:00:39,222 [INFO] Pass: ContractIdleWiresInControlFlow - 0.00215 (ms)
2026-07-12 22:00:39,222 [INFO] Pass: ConsolidateBlocks - 0.05722 (ms)
2026-07-12 22:00:39,223 [INFO] Pass: HighLevelSynthesis - 0.00477 (ms)
2026-07-12 22:00:39,223 [INFO] Pass: Split2QUnitaries - 0.00286 (ms)
2026-07-12 22:00:39,223 [INFO] Pass: UnitarySynthesis - 0.01454 (ms)
2026-07-12 22:00:39,223 [INFO] Pass: ContainsInstruction - 0.01049 (ms)
2026-07-12 22:00:39,223 [INFO] Pass: ContainsInstruction - 0.01073 (ms)
2026-07-12 22:00:39,223 [INFO] Pass: BasisTranslator - 0.04768 (ms)
2026-07-12 22:00:39,223 [INFO] Pass: CommutativeCancellation - 0.12159 (ms)
2026-07-12 22:00:39,223 [INFO] Pass: ElidePermutations - 0.00381 (ms)
2026-07-12 22:00:39,223 [INFO] Pass: ContainsInstruction - 0.01025 (ms)
2026-07-12 22:00:39,223 [INFO] Pass: UnitarySynthesis - 0.00715 (ms)
2026-07-12 22:00:39,223 [INFO] Pass: CommutativeCancellation - 0.11611 (ms)
2026-07-12 22:00:39,223 [INFO] Pass: UnitarySynthesis - 0.00739 (ms)
2026-07-12 22:00:39,223 [INFO] Pass: HighLevelSynthesis - 0.06270 (ms)
2026-07-12 22:00:39,223 [INFO] Pass: RemoveDiagonalGatesBeforeMeasure - 0.00644 (ms)
2026-07-12 22:00:39,223 [INFO] Pass: HighLevelSynthesis - 0.00501 (ms)
2026-07-12 22:00:39,223 [INFO] Pass: UnitarySynthesis - 0.00715 (ms)
2026-07-12 22:00:39,223 [INFO] Pass: HighLevelSynthesis - 0.00525 (ms)
2026-07-12 22:00:39,223 [INFO] Pass: RemoveIdentityEquivalent - 0.00715 (ms)
2026-07-12 22:00:39,223 [INFO] Pass: ConsolidateBlocks - 0.05603 (ms)
2026-07-12 22:00:39,223 [INFO] Pass: HighLevelSynthesis - 0.00501 (ms)
2026-07-12 22:00:39,223 [INFO] Pass: Split2QUnitaries - 0.00286 (ms)
2026-07-12 22:00:39,223 [INFO] Pass: ConsolidateBlocks - 0.06366 (ms)
2026-07-12 22:00:39,223 [INFO] Pass: InverseCancellation - 0.03123 (ms)
2026-07-12 22:00:39,223 [INFO] Pass: BasisTranslator - 0.04816 (ms)
2026-07-12 22:00:39,223 [INFO] Pass: Split2QUnitaries - 0.00238 (ms)
2026-07-12 22:00:39,223 [INFO] Pass: UnitarySynthesis - 0.01526 (ms)
2026-07-12 22:00:39,223 [INFO] Pass: BasisTranslator - 0.04792 (ms)
2026-07-12 22:00:39,223 [INFO] Pass: ContainsInstruction - 0.01097 (ms)
2026-07-12 22:00:39,223 [INFO] Pass: ContractIdleWiresInControlFlow - 0.00238 (ms)
2026-07-12 22:00:39,223 [INFO] Pass: BasisTranslator - 0.09894 (ms)
2026-07-12 22:00:39,223 [INFO] Pass: ElidePermutations - 0.00429 (ms)
2026-07-12 22:00:39,223 [INFO] Pass: ContainsInstruction - 0.01097 (ms)
2026-07-12 22:00:39,223 [INFO] Pass: BasisTranslator - 0.04745 (ms)
2026-07-12 22:00:39,223 [INFO] Pass: ElidePermutations - 0.00453 (ms)
2026-07-12 22:00:39,223 [INFO] Pass: UnitarySynthesis - 0.01478 (ms)
2026-07-12 22:00:39,223 [INFO] Pass: RemoveDiagonalGatesBeforeMeasure - 0.00620 (ms)
2026-07-12 22:00:39,223 [INFO] Pass: ElidePermutations - 0.00405 (ms)
2026-07-12 22:00:39,223 [INFO] Pass: UnitarySynthesis - 0.00739 (ms)
2026-07-12 22:00:39,223 [INFO] Pass: RemoveDiagonalGatesBeforeMeasure - 0.00668 (ms)
2026-07-12 22:00:39,223 [INFO] Pass: UnitarySynthesis - 0.00787 (ms)
2026-07-12 22:00:39,223 [INFO] Pass: HighLevelSynthesis - 0.06080 (ms)
2026-07-12 22:00:39,223 [INFO] Pass: RemoveDiagonalGatesBeforeMeasure - 0.00620 (ms)
2026-07-12 22:00:39,223 [INFO] Pass: RemoveIdentityEquivalent - 0.00715 (ms)
2026-07-12 22:00:39,223 [INFO] Pass: RemoveIdentityEquivalent - 0.00668 (ms)
2026-07-12 22:00:39,223 [INFO] Pass: HighLevelSynthesis - 0.00501 (ms)
2026-07-12 22:00:39,223 [INFO] Pass: ConsolidateBlocks - 0.06318 (ms)
2026-07-12 22:00:39,223 [INFO] Pass: HighLevelSynthesis - 0.00453 (ms)
2026-07-12 22:00:39,223 [INFO] Pass: RemoveIdentityEquivalent - 0.00691 (ms)
2026-07-12 22:00:39,223 [INFO] Pass: HighLevelSynthesis - 0.06080 (ms)
2026-07-12 22:00:39,223 [INFO] Pass: UnitarySynthesis - 0.00453 (ms)
2026-07-12 22:00:39,223 [INFO] Pass: InverseCancellation - 0.02980 (ms)
2026-07-12 22:00:39,223 [INFO] Pass: InverseCancellation - 0.03004 (ms)
2026-07-12 22:00:39,223 [INFO] Pass: CommutativeCancellation - 0.11611 (ms)
2026-07-12 22:00:39,223 [INFO] Pass: ContractIdleWiresInControlFlow - 0.00238 (ms)
2026-07-12 22:00:39,223 [INFO] Pass: InverseCancellation - 0.02980 (ms)
2026-07-12 22:00:39,223 [INFO] Pass: BasisTranslator - 0.04888 (ms)
2026-07-12 22:00:39,223 [INFO] Pass: ContractIdleWiresInControlFlow - 0.00191 (ms)
2026-07-12 22:00:39,223 [INFO] Pass: ContainsInstruction - 0.01025 (ms)
2026-07-12 22:00:39,223 [INFO] Pass: Depth - 0.03457 (ms)
2026-07-12 22:00:39,223 [INFO] Pass: BasisTranslator - 0.04840 (ms)
2026-07-12 22:00:39,223 [INFO] Pass: ContractIdleWiresInControlFlow - 0.00191 (ms)
2026-07-12 22:00:39,223 [INFO] Pass: ElidePermutations - 0.00405 (ms)
2026-07-12 22:00:39,223 [INFO] Pass: BasisTranslator - 0.08869 (ms)
2026-07-12 22:00:39,223 [INFO] Pass: FixedPoint - 0.00501 (ms)
2026-07-12 22:00:39,223 [INFO] Pass: ElidePermutations - 0.00405 (ms)
2026-07-12 22:00:39,223 [INFO] Pass: RemoveDiagonalGatesBeforeMeasure - 0.00620 (ms)
2026-07-12 22:00:39,223 [INFO] Pass: BasisTranslator - 0.08893 (ms)
2026-07-12 22:00:39,223 [INFO] Pass: UnitarySynthesis - 0.00739 (ms)
2026-07-12 22:00:39,223 [INFO] Pass: Size - 0.00310 (ms)
2026-07-12 22:00:39,223 [INFO] Pass: ConsolidateBlocks - 0.05579 (ms)
2026-07-12 22:00:39,223 [INFO] Pass: RemoveDiagonalGatesBeforeMeasure - 0.00668 (ms)
2026-07-12 22:00:39,223 [INFO] Pass: RemoveIdentityEquivalent - 0.00811 (ms)
2026-07-12 22:00:39,223 [INFO] Pass: FixedPoint - 0.00262 (ms)
2026-07-12 22:00:39,223 [INFO] Pass: Split2QUnitaries - 0.00262 (ms)
2026-07-12 22:00:39,223 [INFO] Pass: HighLevelSynthesis - 0.00477 (ms)
2026-07-12 22:00:39,223 [INFO] Pass: ContainsInstruction - 0.01049 (ms)
2026-07-12 22:00:39,223 [INFO] Pass: RemoveIdentityEquivalent - 0.00763 (ms)
2026-07-12 22:00:39,223 [INFO] Pass: ConsolidateBlocks - 0.06294 (ms)
2026-07-12 22:00:39,223 [INFO] Pass: RemoveIdentityEquivalent - 0.00596 (ms)
2026-07-12 22:00:39,223 [INFO] Pass: UnitarySynthesis - 0.01526 (ms)
2026-07-12 22:00:39,223 [INFO] Pass: CommutativeCancellation - 0.11611 (ms)
2026-07-12 22:00:39,223 [INFO] Pass: InverseCancellation - 0.03076 (ms)
2026-07-12 22:00:39,223 [INFO] Pass: UnitarySynthesis - 0.00477 (ms)
2026-07-12 22:00:39,223 [INFO] Pass: CommutativeCancellation - 0.11992 (ms)
2026-07-12 22:00:39,223 [INFO] Pass: ConsolidateBlocks - 0.06104 (ms)
2026-07-12 22:00:39,223 [INFO] Pass: UnitarySynthesis - 0.00715 (ms)
2026-07-12 22:00:39,223 [INFO] Pass: InverseCancellation - 0.03099 (ms)
2026-07-12 22:00:39,223 [INFO] Pass: ContractIdleWiresInControlFlow - 0.00215 (ms)
2026-07-12 22:00:39,223 [INFO] Pass: CommutativeCancellation - 0.11706 (ms)
2026-07-12 22:00:39,223 [INFO] Pass: BasisTranslator - 0.04745 (ms)
2026-07-12 22:00:39,223 [INFO] Pass: UnitarySynthesis - 0.00501 (ms)
2026-07-12 22:00:39,223 [INFO] Pass: ContainsInstruction - 0.01025 (ms)
2026-07-12 22:00:39,223 [INFO] Pass: ContractIdleWiresInControlFlow - 0.00215 (ms)
2026-07-12 22:00:39,223 [INFO] Pass: HighLevelSynthesis - 0.00477 (ms)
2026-07-12 22:00:39,223 [INFO] Pass: ElidePermutations - 0.00405 (ms)
2026-07-12 22:00:39,223 [INFO] Pass: Depth - 0.03529 (ms)
2026-07-12 22:00:39,223 [INFO] Pass: HighLevelSynthesis - 0.05984 (ms)
2026-07-12 22:00:39,223 [INFO] Pass: ConsolidateBlocks - 0.05627 (ms)
2026-07-12 22:00:39,223 [INFO] Pass: RemoveDiagonalGatesBeforeMeasure - 0.00596 (ms)
2026-07-12 22:00:39,223 [INFO] Pass: FixedPoint - 0.00525 (ms)
2026-07-12 22:00:39,223 [INFO] Pass: ConsolidateBlocks - 0.05698 (ms)
2026-07-12 22:00:39,223 [INFO] Pass: Depth - 0.03552 (ms)
2026-07-12 22:00:39,223 [INFO] Pass: UnitarySynthesis - 0.00739 (ms)
2026-07-12 22:00:39,223 [INFO] Pass: Split2QUnitaries - 0.00238 (ms)
2026-07-12 22:00:39,223 [INFO] Pass: ConsolidateBlocks - 0.05603 (ms)
2026-07-12 22:00:39,223 [INFO] Pass: RemoveIdentityEquivalent - 0.00739 (ms)
2026-07-12 22:00:39,223 [INFO] Pass: Size - 0.00334 (ms)
2026-07-12 22:00:39,223 [INFO] Pass: Split2QUnitaries - 0.00286 (ms)
2026-07-12 22:00:39,223 [INFO] Pass: FixedPoint - 0.00525 (ms)
2026-07-12 22:00:39,223 [INFO] Pass: BasisTranslator - 0.04864 (ms)
2026-07-12 22:00:39,223 [INFO] Pass: Split2QUnitaries - 0.00262 (ms)
2026-07-12 22:00:39,223 [INFO] Pass: HighLevelSynthesis - 0.00453 (ms)
2026-07-12 22:00:39,223 [INFO] Pass: FixedPoint - 0.00310 (ms)
2026-07-12 22:00:39,223 [INFO] Pass: UnitarySynthesis - 0.01407 (ms)
2026-07-12 22:00:39,223 [INFO] Pass: Size - 0.00334 (ms)
2026-07-12 22:00:39,223 [INFO] Pass: Optimize1qGatesDecomposition - 0.14639 (ms)
2026-07-12 22:00:39,223 [INFO] Pass: ElidePermutations - 0.00453 (ms)
2026-07-12 22:00:39,223 [INFO] Pass: UnitarySynthesis - 0.01550 (ms)
2026-07-12 22:00:39,223 [INFO] Pass: InverseCancellation - 0.03004 (ms)
2026-07-12 22:00:39,223 [INFO] Pass: RemoveIdentityEquivalent - 0.00620 (ms)
2026-07-12 22:00:39,223 [INFO] Pass: FixedPoint - 0.00310 (ms)
2026-07-12 22:00:39,223 [INFO] Pass: UnitarySynthesis - 0.01431 (ms)
2026-07-12 22:00:39,223 [INFO] Pass: CommutativeCancellation - 0.12016 (ms)
2026-07-12 22:00:39,223 [INFO] Pass: RemoveDiagonalGatesBeforeMeasure - 0.00620 (ms)
2026-07-12 22:00:39,223 [INFO] Pass: BasisTranslator - 0.08917 (ms)
2026-07-12 22:00:39,223 [INFO] Pass: ContractIdleWiresInControlFlow - 0.00191 (ms)
2026-07-12 22:00:39,223 [INFO] Pass: RemoveIdentityEquivalent - 0.00572 (ms)
2026-07-12 22:00:39,223 [INFO] Pass: CommutativeCancellation - 0.11659 (ms)
2026-07-12 22:00:39,223 [INFO] Pass: BasisTranslator - 0.04816 (ms)
2026-07-12 22:00:39,223 [INFO] Pass: RemoveIdentityEquivalent - 0.00715 (ms)
2026-07-12 22:00:39,223 [INFO] Pass: HighLevelSynthesis - 0.06080 (ms)
2026-07-12 22:00:39,223 [INFO] Pass: ElidePermutations - 0.00381 (ms)
2026-07-12 22:00:39,223 [INFO] Pass: HighLevelSynthesis - 0.06175 (ms)
2026-07-12 22:00:39,223 [INFO] Pass: HighLevelSynthesis - 0.06080 (ms)
2026-07-12 22:00:39,223 [INFO] Pass: ConsolidateBlocks - 0.05770 (ms)
2026-07-12 22:00:39,223 [INFO] Pass: RemoveDiagonalGatesBeforeMeasure - 0.00620 (ms)
2026-07-12 22:00:39,223 [INFO] Pass: InverseCancellation - 0.02980 (ms)
2026-07-12 22:00:39,223 [INFO] Pass: ConsolidateBlocks - 0.06223 (ms)
2026-07-12 22:00:39,223 [INFO] Pass: Split2QUnitaries - 0.00262 (ms)
2026-07-12 22:00:39,223 [INFO] Pass: ConsolidateBlocks - 0.05698 (ms)
2026-07-12 22:00:39,223 [INFO] Pass: ContractIdleWiresInControlFlow - 0.00215 (ms)
2026-07-12 22:00:39,223 [INFO] Pass: RemoveIdentityEquivalent - 0.00715 (ms)
2026-07-12 22:00:39,223 [INFO] Pass: CommutativeCancellation - 0.12207 (ms)
2026-07-12 22:00:39,223 [INFO] Pass: UnitarySynthesis - 0.00501 (ms)
2026-07-12 22:00:39,223 [INFO] Pass: Split2QUnitaries - 0.00310 (ms)
2026-07-12 22:00:39,223 [INFO] Pass: UnitarySynthesis - 0.01502 (ms)
2026-07-12 22:00:39,223 [INFO] Pass: ContractIdleWiresInControlFlow - 0.00215 (ms)
2026-07-12 22:00:39,223 [INFO] Pass: Optimize1qGatesDecomposition - 0.14019 (ms)
2026-07-12 22:00:39,223 [INFO] Pass: CommutativeCancellation - 0.11826 (ms)
2026-07-12 22:00:39,223 [INFO] Pass: BasisTranslator - 0.08917 (ms)
2026-07-12 22:00:39,223 [INFO] Pass: InverseCancellation - 0.03219 (ms)
2026-07-12 22:00:39,223 [INFO] Pass: UnitarySynthesis - 0.01717 (ms)
2026-07-12 22:00:39,223 [INFO] Pass: BasisTranslator - 0.08845 (ms)
2026-07-12 22:00:39,223 [INFO] Pass: Depth - 0.03481 (ms)
2026-07-12 22:00:39,223 [INFO] Pass: BasisTranslator - 0.08726 (ms)
2026-07-12 22:00:39,223 [INFO] Pass: Optimize1qGatesDecomposition - 0.14257 (ms)
2026-07-12 22:00:39,223 [INFO] Pass: ContractIdleWiresInControlFlow - 0.00191 (ms)
2026-07-12 22:00:39,223 [INFO] Pass: FixedPoint - 0.00477 (ms)
2026-07-12 22:00:39,223 [INFO] Pass: GatesInBasis - 0.04745 (ms)
2026-07-12 22:00:39,223 [INFO] Pass: HighLevelSynthesis - 0.06270 (ms)
2026-07-12 22:00:39,223 [INFO] Pass: Size - 0.00262 (ms)
2026-07-12 22:00:39,223 [INFO] Pass: ConsolidateBlocks - 0.05555 (ms)
2026-07-12 22:00:39,224 [INFO] Pass: FixedPoint - 0.00310 (ms)
2026-07-12 22:00:39,224 [INFO] Pass: ConsolidateBlocks - 0.06223 (ms)
2026-07-12 22:00:39,224 [INFO] Pass: HighLevelSynthesis - 0.06032 (ms)
2026-07-12 22:00:39,224 [INFO] Pass: CommutativeCancellation - 0.11539 (ms)
2026-07-12 22:00:39,224 [INFO] Pass: Split2QUnitaries - 0.00238 (ms)
2026-07-12 22:00:39,224 [INFO] Pass: ConsolidateBlocks - 0.06366 (ms)
2026-07-12 22:00:39,224 [INFO] Pass: ConsolidateBlocks - 0.06080 (ms)
2026-07-12 22:00:39,224 [INFO] Pass: Depth - 0.03529 (ms)
2026-07-12 22:00:39,224 [INFO] Pass: RemoveIdentityEquivalent - 0.00596 (ms)
2026-07-12 22:00:39,224 [INFO] Pass: UnitarySynthesis - 0.00477 (ms)
2026-07-12 22:00:39,224 [INFO] Pass: UnitarySynthesis - 0.00525 (ms)
2026-07-12 22:00:39,224 [INFO] Pass: UnitarySynthesis - 0.00477 (ms)
2026-07-12 22:00:39,224 [INFO] Pass: UnitarySynthesis - 0.01454 (ms)
2026-07-12 22:00:39,224 [INFO] Pass: FixedPoint - 0.00381 (ms)
2026-07-12 22:00:39,224 [INFO] Pass: CommutativeCancellation - 0.12517 (ms)
2026-07-12 22:00:39,224 [INFO] Pass: Size - 0.00262 (ms)
2026-07-12 22:00:39,224 [INFO] Pass: ContractIdleWiresInControlFlow - 0.00238 (ms)
2026-07-12 22:00:39,224 [INFO] Pass: BasisTranslator - 0.08941 (ms)
2026-07-12 22:00:39,224 [INFO] Pass: ConsolidateBlocks - 0.05627 (ms)
2026-07-12 22:00:39,224 [INFO] Pass: Depth - 0.03481 (ms)
2026-07-12 22:00:39,224 [INFO] Pass: CommutativeCancellation - 0.12159 (ms)
2026-07-12 22:00:39,224 [INFO] Pass: FixedPoint - 0.00358 (ms)
2026-07-12 22:00:39,224 [INFO] Pass: CommutativeCancellation - 0.12040 (ms)
2026-07-12 22:00:39,224 [INFO] Pass: Depth - 0.03529 (ms)
2026-07-12 22:00:39,224 [INFO] Pass: Depth - 0.03552 (ms)
2026-07-12 22:00:39,224 [INFO] Pass: Split2QUnitaries - 0.00286 (ms)
2026-07-12 22:00:39,224 [INFO] Pass: FixedPoint - 0.00477 (ms)
2026-07-12 22:00:39,224 [INFO] Pass: BasisTranslator - 0.08965 (ms)
2026-07-12 22:00:39,224 [INFO] Pass: ContractIdleWiresInControlFlow - 0.00191 (ms)
2026-07-12 22:00:39,224 [INFO] Pass: RemoveIdentityEquivalent - 0.00596 (ms)
2026-07-12 22:00:39,224 [INFO] Pass: FixedPoint - 0.00525 (ms)
2026-07-12 22:00:39,224 [INFO] Pass: FixedPoint - 0.00501 (ms)
2026-07-12 22:00:39,224 [INFO] Pass: HighLevelSynthesis - 0.06175 (ms)
2026-07-12 22:00:39,224 [INFO] Pass: Size - 0.00310 (ms)
2026-07-12 22:00:39,224 [INFO] Pass: Size - 0.00310 (ms)
2026-07-12 22:00:39,224 [INFO] Pass: Size - 0.00286 (ms)
2026-07-12 22:00:39,224 [INFO] Pass: GatesInBasis - 0.04840 (ms)
2026-07-12 22:00:39,224 [INFO] Pass: UnitarySynthesis - 0.01597 (ms)
2026-07-12 22:00:39,224 [INFO] Pass: FixedPoint - 0.00286 (ms)
2026-07-12 22:00:39,224 [INFO] Pass: FixedPoint - 0.00334 (ms)
2026-07-12 22:00:39,224 [INFO] Pass: ConsolidateBlocks - 0.07010 (ms)
2026-07-12 22:00:39,224 [INFO] Pass: FixedPoint - 0.00286 (ms)
2026-07-12 22:00:39,224 [INFO] Pass: ConsolidateBlocks - 0.06580 (ms)
2026-07-12 22:00:39,224 [INFO] Pass: GatesInBasis - 0.05651 (ms)
2026-07-12 22:00:39,224 [INFO] Pass: RemoveIdentityEquivalent - 0.00596 (ms)
2026-07-12 22:00:39,224 [INFO] Pass: Optimize1qGatesDecomposition - 0.14710 (ms)
2026-07-12 22:00:39,224 [INFO] Pass: RemoveIdentityEquivalent - 0.00620 (ms)
2026-07-12 22:00:39,224 [INFO] Pass: UnitarySynthesis - 0.00453 (ms)
2026-07-12 22:00:39,224 [INFO] Pass: RemoveIdentityEquivalent - 0.00644 (ms)
2026-07-12 22:00:39,224 [INFO] Pass: ConsolidateBlocks - 0.07033 (ms)
2026-07-12 22:00:39,224 [INFO] Pass: Split2QUnitaries - 0.00286 (ms)
2026-07-12 22:00:39,224 [INFO] Pass: Depth - 0.03409 (ms)
2026-07-12 22:00:39,224 [INFO] Pass: FixedPoint - 0.00381 (ms)
2026-07-12 22:00:39,224 [INFO] Pass: BasisTranslator - 0.09537 (ms)
2026-07-12 22:00:39,224 [INFO] Pass: HighLevelSynthesis - 0.06247 (ms)
2026-07-12 22:00:39,224 [INFO] Pass: UnitarySynthesis - 0.00477 (ms)
2026-07-12 22:00:39,224 [INFO] Pass: Depth - 0.03672 (ms)
2026-07-12 22:00:39,224 [INFO] Pass: UnitarySynthesis - 0.01502 (ms)
2026-07-12 22:00:39,224 [INFO] Pass: Size - 0.00238 (ms)
2026-07-12 22:00:39,224 [INFO] Pass: Optimize1qGatesDecomposition - 0.12827 (ms)
2026-07-12 22:00:39,224 [INFO] Pass: Depth - 0.03839 (ms)
2026-07-12 22:00:39,224 [INFO] Pass: FixedPoint - 0.00381 (ms)
2026-07-12 22:00:39,224 [INFO] Pass: FixedPoint - 0.00358 (ms)
2026-07-12 22:00:39,224 [INFO] Pass: Size - 0.00215 (ms)
2026-07-12 22:00:39,224 [INFO] Pass: Depth - 0.03481 (ms)
2026-07-12 22:00:39,224 [INFO] Pass: FixedPoint - 0.00525 (ms)
2026-07-12 22:00:39,224 [INFO] Pass: RemoveIdentityEquivalent - 0.00596 (ms)
2026-07-12 22:00:39,224 [INFO] Pass: FixedPoint - 0.00334 (ms)
2026-07-12 22:00:39,224 [INFO] Pass: Size - 0.00310 (ms)
2026-07-12 22:00:39,224 [INFO] Pass: FixedPoint - 0.00501 (ms)
2026-07-12 22:00:39,224 [INFO] Pass: ConsolidateBlocks - 0.06056 (ms)
2026-07-12 22:00:39,224 [INFO] Pass: HighLevelSynthesis - 0.06127 (ms)
2026-07-12 22:00:39,224 [INFO] Pass: FixedPoint - 0.00310 (ms)
2026-07-12 22:00:39,224 [INFO] Pass: CommutativeCancellation - 0.11969 (ms)
2026-07-12 22:00:39,224 [INFO] Pass: Size - 0.00334 (ms)
2026-07-12 22:00:39,224 [INFO] Pass: RemoveIdentityEquivalent - 0.00620 (ms)
2026-07-12 22:00:39,224 [INFO] Pass: UnitarySynthesis - 0.00453 (ms)
2026-07-12 22:00:39,224 [INFO] Pass: BasisTranslator - 0.09084 (ms)
2026-07-12 22:00:39,224 [INFO] Pass: Optimize1qGatesDecomposition - 0.14234 (ms)
2026-07-12 22:00:39,224 [INFO] Pass: Optimize1qGatesDecomposition - 0.14019 (ms)
2026-07-12 22:00:39,224 [INFO] Pass: FixedPoint - 0.00310 (ms)
2026-07-12 22:00:39,224 [INFO] Pass: ContractIdleWiresInControlFlow - 0.00215 (ms)
2026-07-12 22:00:39,224 [INFO] Pass: RemoveIdentityEquivalent - 0.00644 (ms)
2026-07-12 22:00:39,224 [INFO] Pass: Optimize1qGatesDecomposition - 0.14043 (ms)
2026-07-12 22:00:39,224 [INFO] Pass: RemoveIdentityEquivalent - 0.00668 (ms)
2026-07-12 22:00:39,224 [INFO] Pass: Depth - 0.03457 (ms)
2026-07-12 22:00:39,224 [INFO] Pass: CommutativeCancellation - 0.12255 (ms)
2026-07-12 22:00:39,224 [INFO] Pass: FixedPoint - 0.00477 (ms)
2026-07-12 22:00:39,224 [INFO] Pass: GatesInBasis - 0.04816 (ms)
2026-07-12 22:00:39,224 [INFO] Pass: ConsolidateBlocks - 0.06366 (ms)
2026-07-12 22:00:39,224 [INFO] Pass: BasisTranslator - 0.08988 (ms)
2026-07-12 22:00:39,224 [INFO] Pass: ContractIdleWiresInControlFlow - 0.00191 (ms)
2026-07-12 22:00:39,224 [INFO] Pass: Optimize1qGatesDecomposition - 0.11754 (ms)
2026-07-12 22:00:39,224 [INFO] Pass: Size - 0.00310 (ms)
2026-07-12 22:00:39,224 [INFO] Pass: UnitarySynthesis - 0.00501 (ms)
2026-07-12 22:00:39,224 [INFO] Pass: FixedPoint - 0.00286 (ms)
2026-07-12 22:00:39,224 [INFO] Pass: Optimize1qGatesDecomposition - 0.12374 (ms)
2026-07-12 22:00:39,224 [INFO] Pass: Depth - 0.03433 (ms)
2026-07-12 22:00:39,224 [INFO] Pass: RemoveIdentityEquivalent - 0.00596 (ms)
2026-07-12 22:00:39,224 [INFO] Pass: CommutativeCancellation - 0.11945 (ms)
2026-07-12 22:00:39,224 [INFO] Pass: CommutativeCancellation - 0.11897 (ms)
2026-07-12 22:00:39,224 [INFO] Pass: GatesInBasis - 0.04697 (ms)
2026-07-12 22:00:39,224 [INFO] Pass: FixedPoint - 0.00381 (ms)
2026-07-12 22:00:39,224 [INFO] Pass: CommutativeCancellation - 0.12231 (ms)
2026-07-12 22:00:39,224 [INFO] Pass: ContractIdleWiresInControlFlow - 0.00215 (ms)
2026-07-12 22:00:39,224 [INFO] Pass: Depth - 0.03481 (ms)
2026-07-12 22:00:39,224 [INFO] Pass: ConsolidateBlocks - 0.06247 (ms)
2026-07-12 22:00:39,224 [INFO] Pass: ContractIdleWiresInControlFlow - 0.00215 (ms)
2026-07-12 22:00:39,224 [INFO] Pass: Optimize1qGatesDecomposition - 0.13971 (ms)
2026-07-12 22:00:39,224 [INFO] Pass: Size - 0.00215 (ms)
2026-07-12 22:00:39,224 [INFO] Pass: ContractIdleWiresInControlFlow - 0.00215 (ms)
2026-07-12 22:00:39,224 [INFO] Pass: FixedPoint - 0.00477 (ms)
2026-07-12 22:00:39,224 [INFO] Pass: Optimize1qGatesDecomposition - 0.14234 (ms)
2026-07-12 22:00:39,224 [INFO] Pass: FixedPoint - 0.00381 (ms)
2026-07-12 22:00:39,224 [INFO] Pass: UnitarySynthesis - 0.00477 (ms)
2026-07-12 22:00:39,224 [INFO] Pass: Depth - 0.03409 (ms)
2026-07-12 22:00:39,224 [INFO] Pass: Size - 0.00334 (ms)
2026-07-12 22:00:39,224 [INFO] Pass: RemoveIdentityEquivalent - 0.00620 (ms)
2026-07-12 22:00:39,224 [INFO] Pass: FixedPoint - 0.00358 (ms)
2026-07-12 22:00:39,224 [INFO] Pass: GatesInBasis - 0.04864 (ms)
2026-07-12 22:00:39,224 [INFO] Pass: CommutativeCancellation - 0.11754 (ms)
2026-07-12 22:00:39,224 [INFO] Pass: FixedPoint - 0.00310 (ms)
2026-07-12 22:00:39,224 [INFO] Pass: GatesInBasis - 0.04792 (ms)
2026-07-12 22:00:39,224 [INFO] Pass: Size - 0.00191 (ms)
2026-07-12 22:00:39,224 [INFO] Pass: GatesInBasis - 0.04840 (ms)
2026-07-12 22:00:39,224 [INFO] Pass: Depth - 0.03719 (ms)
2026-07-12 22:00:39,224 [INFO] Pass: ContractIdleWiresInControlFlow - 0.00191 (ms)
2026-07-12 22:00:39,224 [INFO] Pass: RemoveIdentityEquivalent - 0.00596 (ms)
2026-07-12 22:00:39,224 [INFO] Pass: FixedPoint - 0.00310 (ms)
2026-07-12 22:00:39,224 [INFO] Pass: CommutativeCancellation - 0.11587 (ms)
2026-07-12 22:00:39,224 [INFO] Pass: FixedPoint - 0.00477 (ms)
2026-07-12 22:00:39,224 [INFO] Pass: Depth - 0.03433 (ms)
2026-07-12 22:00:39,224 [INFO] Pass: Depth - 0.03362 (ms)
2026-07-12 22:00:39,224 [INFO] Pass: ContractIdleWiresInControlFlow - 0.00191 (ms)
2026-07-12 22:00:39,224 [INFO] Pass: ContainsInstruction - 0.00548 (ms)
2026-07-12 22:00:39,224 [INFO] Pass: Optimize1qGatesDecomposition - 0.13781 (ms)
2026-07-12 22:00:39,224 [INFO] Pass: Size - 0.00310 (ms)
2026-07-12 22:00:39,224 [INFO] Pass: Depth - 0.03409 (ms)
2026-07-12 22:00:39,224 [INFO] Pass: FixedPoint - 0.00358 (ms)
2026-07-12 22:00:39,224 [INFO] Pass: FixedPoint - 0.00381 (ms)
2026-07-12 22:00:39,224 [INFO] Pass: CommutativeCancellation - 0.12088 (ms)
2026-07-12 22:00:39,224 [INFO] Pass: GatesInBasis - 0.04745 (ms)
2026-07-12 22:00:39,224 [INFO] Pass: FixedPoint - 0.00286 (ms)
2026-07-12 22:00:39,224 [INFO] Pass: Size - 0.00238 (ms)
2026-07-12 22:00:39,224 [INFO] Pass: FixedPoint - 0.00381 (ms)
2026-07-12 22:00:39,224 [INFO] Pass: Size - 0.00238 (ms)
2026-07-12 22:00:39,224 [INFO] Pass: CommutativeCancellation - 0.12112 (ms)
2026-07-12 22:00:39,224 [INFO] Pass: ContractIdleWiresInControlFlow - 0.00215 (ms)
2026-07-12 22:00:39,224 [INFO] Pass: Size - 0.00238 (ms)
2026-07-12 22:00:39,224 [INFO] Pass: FixedPoint - 0.00381 (ms)
2026-07-12 22:00:39,224 [INFO] Pass: RemoveIdentityEquivalent - 0.00668 (ms)
2026-07-12 22:00:39,224 [INFO] Pass: FixedPoint - 0.00334 (ms)
2026-07-12 22:00:39,224 [INFO] Pass: GatesInBasis - 0.04745 (ms)
2026-07-12 22:00:39,224 [INFO] Pass: Optimize1qGatesDecomposition - 0.12136 (ms)
2026-07-12 22:00:39,224 [INFO] Pass: ContractIdleWiresInControlFlow - 0.00215 (ms)
2026-07-12 22:00:39,224 [INFO] Pass: FixedPoint - 0.00381 (ms)
2026-07-12 22:00:39,224 [INFO] Pass: Depth - 0.03266 (ms)
2026-07-12 22:00:39,224 [INFO] Pass: RemoveIdentityEquivalent - 0.00596 (ms)
2026-07-12 22:00:39,224 [INFO] Pass: RemoveIdentityEquivalent - 0.00596 (ms)
2026-07-12 22:00:39,224 [INFO] Pass: FixedPoint - 0.00334 (ms)
2026-07-12 22:00:39,224 [INFO] Pass: RemoveIdentityEquivalent - 0.00620 (ms)
2026-07-12 22:00:39,224 [INFO] Pass: GatesInBasis - 0.04911 (ms)
2026-07-12 22:00:39,224 [INFO] Pass: Depth - 0.03409 (ms)
2026-07-12 22:00:39,224 [INFO] Pass: Size - 0.00215 (ms)
2026-07-12 22:00:39,224 [INFO] Pass: Optimize1qGatesDecomposition - 0.13971 (ms)
2026-07-12 22:00:39,224 [INFO] Pass: GatesInBasis - 0.04768 (ms)
2026-07-12 22:00:39,224 [INFO] Pass: FixedPoint - 0.00334 (ms)
2026-07-12 22:00:39,224 [INFO] Pass: FixedPoint - 0.00310 (ms)
2026-07-12 22:00:39,224 [INFO] Pass: CommutativeCancellation - 0.12016 (ms)
2026-07-12 22:00:39,224 [INFO] Pass: Size - 0.00191 (ms)
2026-07-12 22:00:39,224 [INFO] Pass: ContractIdleWiresInControlFlow - 0.00215 (ms)
2026-07-12 22:00:39,224 [INFO] Pass: Depth - 0.03481 (ms)
2026-07-12 22:00:39,224 [INFO] Pass: ContainsInstruction - 0.00548 (ms)
2026-07-12 22:00:39,224 [INFO] Pass: FixedPoint - 0.00310 (ms)
2026-07-12 22:00:39,224 [INFO] Pass: Depth - 0.03433 (ms)
2026-07-12 22:00:39,224 [INFO] Pass: FixedPoint - 0.00358 (ms)
2026-07-12 22:00:39,224 [INFO] Pass: ContainsInstruction - 0.00548 (ms)
2026-07-12 22:00:39,224 [INFO] Pass: CommutativeCancellation - 0.11611 (ms)
2026-07-12 22:00:39,224 [INFO] Pass: Size - 0.00215 (ms)
2026-07-12 22:00:39,224 [INFO] Pass: FixedPoint - 0.00381 (ms)
2026-07-12 22:00:39,224 [INFO] Pass: Optimize1qGatesDecomposition - 0.14043 (ms)
2026-07-12 22:00:39,224 [INFO] Pass: Optimize1qGatesDecomposition - 0.11849 (ms)
2026-07-12 22:00:39,224 [INFO] Pass: Optimize1qGatesDecomposition - 0.11706 (ms)
2026-07-12 22:00:39,224 [INFO] Pass: ContractIdleWiresInControlFlow - 0.00191 (ms)
2026-07-12 22:00:39,224 [INFO] Pass: GatesInBasis - 0.04745 (ms)
2026-07-12 22:00:39,224 [INFO] Pass: FixedPoint - 0.00358 (ms)
2026-07-12 22:00:39,224 [INFO] Pass: Size - 0.00238 (ms)
2026-07-12 22:00:39,224 [INFO] Pass: Optimize1qGatesDecomposition - 0.11587 (ms)
2026-07-12 22:00:39,224 [INFO] Pass: FixedPoint - 0.00358 (ms)
2026-07-12 22:00:39,224 [INFO] Pass: RemoveIdentityEquivalent - 0.00596 (ms)
2026-07-12 22:00:39,224 [INFO] Pass: CommutativeCancellation - 0.12112 (ms)
2026-07-12 22:00:39,225 [INFO] Pass: RemoveIdentityEquivalent - 0.00620 (ms)
2026-07-12 22:00:39,225 [INFO] Pass: Depth - 0.03386 (ms)
2026-07-12 22:00:39,225 [INFO] Pass: ContractIdleWiresInControlFlow - 0.00215 (ms)
2026-07-12 22:00:39,225 [INFO] Pass: GatesInBasis - 0.04721 (ms)
2026-07-12 22:00:39,225 [INFO] Pass: FixedPoint - 0.00381 (ms)
2026-07-12 22:00:39,225 [INFO] Pass: Size - 0.00238 (ms)
2026-07-12 22:00:39,225 [INFO] Pass: Depth - 0.03147 (ms)
2026-07-12 22:00:39,225 [INFO] Pass: FixedPoint - 0.00334 (ms)
2026-07-12 22:00:39,225 [INFO] Pass: CommutativeCancellation - 0.11468 (ms)
2026-07-12 22:00:39,225 [INFO] Pass: CommutativeCancellation - 0.11992 (ms)
2026-07-12 22:00:39,225 [INFO] Pass: GatesInBasis - 0.04792 (ms)
2026-07-12 22:00:39,225 [INFO] Pass: CommutativeCancellation - 0.11492 (ms)
2026-07-12 22:00:39,225 [INFO] Pass: FixedPoint - 0.00334 (ms)
2026-07-12 22:00:39,225 [INFO] Pass: CommutativeCancellation - 0.11539 (ms)
2026-07-12 22:00:39,225 [INFO] Pass: RemoveIdentityEquivalent - 0.00620 (ms)
2026-07-12 22:00:39,225 [INFO] Pass: ContractIdleWiresInControlFlow - 0.00215 (ms)
2026-07-12 22:00:39,225 [INFO] Pass: ContractIdleWiresInControlFlow - 0.00191 (ms)
2026-07-12 22:00:39,225 [INFO] Pass: Size - 0.00191 (ms)
2026-07-12 22:00:39,225 [INFO] Pass: ContractIdleWiresInControlFlow - 0.00215 (ms)
2026-07-12 22:00:39,225 [INFO] Pass: Optimize1qGatesDecomposition - 0.11754 (ms)
2026-07-12 22:00:39,225 [INFO] Pass: ContractIdleWiresInControlFlow - 0.00167 (ms)
2026-07-12 22:00:39,225 [INFO] Pass: FixedPoint - 0.00262 (ms)
2026-07-12 22:00:39,225 [INFO] Pass: Depth - 0.03481 (ms)
2026-07-12 22:00:39,225 [INFO] Pass: Optimize1qGatesDecomposition - 0.11754 (ms)
2026-07-12 22:00:39,225 [INFO] Pass: ContainsInstruction - 0.00548 (ms)
2026-07-12 22:00:39,225 [INFO] Total Transpile Time - 55.28712 (ms)
2026-07-12 22:00:39,225 [INFO] Pass: FixedPoint - 0.01168 (ms)
2026-07-12 22:00:39,225 [INFO] Pass: GatesInBasis - 0.05507 (ms)
2026-07-12 22:00:39,225 [INFO] Pass: GatesInBasis - 0.05531 (ms)
2026-07-12 22:00:39,225 [INFO] Pass: GatesInBasis - 0.05627 (ms)
2026-07-12 22:00:39,225 [INFO] Pass: Size - 0.00238 (ms)
2026-07-12 22:00:39,225 [INFO] Pass: GatesInBasis - 0.05627 (ms)
2026-07-12 22:00:39,225 [INFO] Pass: FixedPoint - 0.00358 (ms)
2026-07-12 22:00:39,225 [INFO] Pass: Depth - 0.03290 (ms)
2026-07-12 22:00:39,225 [INFO] Pass: Depth - 0.03242 (ms)
2026-07-12 22:00:39,225 [INFO] Pass: Depth - 0.03481 (ms)
2026-07-12 22:00:39,225 [INFO] Pass: RemoveIdentityEquivalent - 0.00596 (ms)
2026-07-12 22:00:39,225 [INFO] Pass: Optimize1qGatesDecomposition - 0.12612 (ms)
2026-07-12 22:00:39,225 [INFO] Pass: Depth - 0.03266 (ms)
2026-07-12 22:00:39,225 [INFO] Pass: FixedPoint - 0.00310 (ms)
2026-07-12 22:00:39,225 [INFO] Pass: FixedPoint - 0.00358 (ms)
2026-07-12 22:00:39,225 [INFO] Pass: FixedPoint - 0.00381 (ms)
2026-07-12 22:00:39,225 [INFO] Pass: CommutativeCancellation - 0.12350 (ms)
2026-07-12 22:00:39,225 [INFO] Pass: FixedPoint - 0.00358 (ms)
2026-07-12 22:00:39,225 [INFO] Pass: Size - 0.00167 (ms)
2026-07-12 22:00:39,225 [INFO] Pass: Size - 0.00215 (ms)
2026-07-12 22:00:39,225 [INFO] Pass: Size - 0.00238 (ms)
2026-07-12 22:00:39,225 [INFO] Pass: CommutativeCancellation - 0.11539 (ms)
2026-07-12 22:00:39,225 [INFO] Pass: ContractIdleWiresInControlFlow - 0.00191 (ms)
2026-07-12 22:00:39,225 [INFO] Pass: Size - 0.00215 (ms)
2026-07-12 22:00:39,225 [INFO] Pass: FixedPoint - 0.00310 (ms)
2026-07-12 22:00:39,225 [INFO] Pass: FixedPoint - 0.00310 (ms)
2026-07-12 22:00:39,225 [INFO] Pass: FixedPoint - 0.00310 (ms)
2026-07-12 22:00:39,225 [INFO] Pass: ContractIdleWiresInControlFlow - 0.00215 (ms)
2026-07-12 22:00:39,225 [INFO] Pass: FixedPoint - 0.00334 (ms)
2026-07-12 22:00:39,225 [INFO] Pass: ContainsInstruction - 0.00525 (ms)
2026-07-12 22:00:39,225 [INFO] Pass: ContainsInstruction - 0.00525 (ms)
2026-07-12 22:00:39,225 [INFO] Pass: RemoveIdentityEquivalent - 0.00620 (ms)
2026-07-12 22:00:39,225 [INFO] Pass: ContainsInstruction - 0.00572 (ms)
2026-07-12 22:00:39,225 [INFO] Total Transpile Time - 55.51386 (ms)
2026-07-12 22:00:39,225 [INFO] Pass: GatesInBasis - 0.04792 (ms)
2026-07-12 22:00:39,225 [INFO] Pass: GatesInBasis - 0.04745 (ms)
2026-07-12 22:00:39,225 [INFO] Total Transpile Time - 55.46927 (ms)
2026-07-12 22:00:39,225 [INFO] Pass: Optimize1qGatesDecomposition - 0.11778 (ms)
2026-07-12 22:00:39,225 [INFO] Pass: CommutativeCancellation - 0.11635 (ms)
2026-07-12 22:00:39,225 [INFO] Pass: Depth - 0.03242 (ms)
2026-07-12 22:00:39,225 [INFO] Pass: ContractIdleWiresInControlFlow - 0.00215 (ms)
2026-07-12 22:00:39,225 [INFO] Pass: Depth - 0.03242 (ms)
2026-07-12 22:00:39,225 [INFO] Pass: FixedPoint - 0.00334 (ms)
2026-07-12 22:00:39,225 [INFO] Pass: Size - 0.00215 (ms)
2026-07-12 22:00:39,225 [INFO] Pass: FixedPoint - 0.00334 (ms)
2026-07-12 22:00:39,225 [INFO] Pass: FixedPoint - 0.00310 (ms)
2026-07-12 22:00:39,225 [INFO] Pass: Optimize1qGatesDecomposition - 0.11778 (ms)
2026-07-12 22:00:39,225 [INFO] Pass: Size - 0.00215 (ms)
2026-07-12 22:00:39,225 [INFO] Pass: GatesInBasis - 0.04649 (ms)
2026-07-12 22:00:39,225 [INFO] Pass: FixedPoint - 0.00310 (ms)
2026-07-12 22:00:39,225 [INFO] Pass: ContainsInstruction - 0.00525 (ms)
2026-07-12 22:00:39,225 [INFO] Pass: ContainsInstruction - 0.00572 (ms)
2026-07-12 22:00:39,225 [INFO] Pass: CommutativeCancellation - 0.12159 (ms)
2026-07-12 22:00:39,225 [INFO] Pass: Depth - 0.03219 (ms)
2026-07-12 22:00:39,225 [INFO] Pass: FixedPoint - 0.00334 (ms)
2026-07-12 22:00:39,225 [INFO] Pass: ContractIdleWiresInControlFlow - 0.00215 (ms)
2026-07-12 22:00:39,225 [INFO] Pass: Size - 0.00191 (ms)
2026-07-12 22:00:39,225 [INFO] Pass: FixedPoint - 0.00286 (ms)
2026-07-12 22:00:39,225 [INFO] Total Transpile Time - 55.40466 (ms)
2026-07-12 22:00:39,225 [INFO] Pass: CommutativeCancellation - 0.11539 (ms)
2026-07-12 22:00:39,225 [INFO] Pass: ContainsInstruction - 0.00525 (ms)
2026-07-12 22:00:39,225 [INFO] Pass: GatesInBasis - 0.04864 (ms)
2026-07-12 22:00:39,225 [INFO] Pass: ContractIdleWiresInControlFlow - 0.00191 (ms)
2026-07-12 22:00:39,225 [INFO] Pass: Depth - 0.03433 (ms)
2026-07-12 22:00:39,225 [INFO] Pass: FixedPoint - 0.00334 (ms)
2026-07-12 22:00:39,225 [INFO] Pass: GatesInBasis - 0.04673 (ms)
2026-07-12 22:00:39,225 [INFO] Pass: Size - 0.00238 (ms)
2026-07-12 22:00:39,225 [INFO] Pass: FixedPoint - 0.00286 (ms)
2026-07-12 22:00:39,225 [INFO] Pass: Depth - 0.03338 (ms)
2026-07-12 22:00:39,225 [INFO] Pass: ContainsInstruction - 0.00548 (ms)
2026-07-12 22:00:39,225 [INFO] Total Transpile Time - 55.87149 (ms)
2026-07-12 22:00:39,225 [INFO] Pass: FixedPoint - 0.00334 (ms)
2026-07-12 22:00:39,225 [INFO] Total Transpile Time - 55.78804 (ms)
2026-07-12 22:00:39,225 [INFO] Pass: Size - 0.00215 (ms)
2026-07-12 22:00:39,225 [INFO] Total Transpile Time - 55.80902 (ms)
2026-07-12 22:00:39,225 [INFO] Pass: FixedPoint - 0.00310 (ms)
2026-07-12 22:00:39,225 [INFO] Pass: ContainsInstruction - 0.00572 (ms)
2026-07-12 22:00:39,225 [INFO] Total Transpile Time - 55.64189 (ms)
2026-07-12 22:00:39,226 [INFO] Total Transpile Time - 55.55582 (ms)
2026-07-12 22:00:39,226 [INFO] Total Transpile Time - 55.96972 (ms)
2026-07-12 22:00:39,226 [INFO] Total Transpile Time - 56.16117 (ms)
2026-07-12 22:00:39,226 [INFO] Total Transpile Time - 56.09584 (ms)
2026-07-12 22:00:39,631 [INFO] [PCE] Aer metadata (1ª ejecución de este proceso): device=CPU method=matrix_product_state shots=exact fusion_enabled=False
2026-07-12 22:00:39,632 [INFO] [PCE] Aer metadata (1ª ejecución de este proceso): device=CPU method=matrix_product_state shots=exact fusion_enabled=False
2026-07-12 22:00:39,632 [INFO] [PCE] Aer metadata (1ª ejecución de este proceso): device=CPU method=matrix_product_state shots=exact fusion_enabled=False
2026-07-12 22:00:39,633 [INFO] [PCE] Aer metadata (1ª ejecución de este proceso): device=CPU method=matrix_product_state shots=exact fusion_enabled=False
2026-07-12 22:00:39,634 [INFO] [PCE] Aer metadata (1ª ejecución de este proceso): device=CPU method=matrix_product_state shots=exact fusion_enabled=False
2026-07-12 22:00:39,634 [INFO] [PCE] Aer metadata (1ª ejecución de este proceso): device=CPU method=matrix_product_state shots=exact fusion_enabled=False
2026-07-12 22:00:39,635 [INFO] [PCE] Aer metadata (1ª ejecución de este proceso): device=CPU method=matrix_product_state shots=exact fusion_enabled=False
2026-07-12 22:00:39,635 [INFO] [PCE] Aer metadata (1ª ejecución de este proceso): device=CPU method=matrix_product_state shots=exact fusion_enabled=False
2026-07-12 22:00:39,637 [INFO] [PCE] Aer metadata (1ª ejecución de este proceso): device=CPU method=matrix_product_state shots=exact fusion_enabled=False
2026-07-12 22:00:39,637 [INFO] [PCE] Aer metadata (1ª ejecución de este proceso): device=CPU method=matrix_product_state shots=exact fusion_enabled=False
2026-07-12 22:00:39,637 [INFO] [PCE] Aer metadata (1ª ejecución de este proceso): device=CPU method=matrix_product_state shots=exact fusion_enabled=False
2026-07-12 22:00:39,638 [INFO] [PCE] Aer metadata (1ª ejecución de este proceso): device=CPU method=matrix_product_state shots=exact fusion_enabled=False
2026-07-13 04:16:36,137 [INFO] [PCE] n=300 instancia (idx=7) 1/12 completada (paralelo) — transcurrido=0:06:15:57
2026-07-13 04:17:11,262 [INFO] [PCE] n=300 instancia (idx=23) 2/12 completada (paralelo) — transcurrido=0:06:16:32
2026-07-13 04:17:18,832 [INFO] [PCE] n=300 instancia (idx=15) 3/12 completada (paralelo) — transcurrido=0:06:16:40
2026-07-13 04:17:22,141 [INFO] [PCE] n=300 instancia (idx=47) 4/12 completada (paralelo) — transcurrido=0:06:16:43
2026-07-13 04:17:25,190 [INFO] [PCE] n=300 instancia (idx=95) 5/12 completada (paralelo) — transcurrido=0:06:16:46
2026-07-13 04:17:36,164 [INFO] [PCE] n=300 instancia (idx=39) 6/12 completada (paralelo) — transcurrido=0:06:16:57
2026-07-13 04:17:48,761 [INFO] [PCE] n=300 instancia (idx=87) 7/12 completada (paralelo) — transcurrido=0:06:17:10
2026-07-13 04:17:57,711 [INFO] [PCE] n=300 instancia (idx=63) 8/12 completada (paralelo) — transcurrido=0:06:17:19
2026-07-13 04:18:01,601 [INFO] [PCE] n=300 instancia (idx=55) 9/12 completada (paralelo) — transcurrido=0:06:17:23
2026-07-13 04:18:04,088 [INFO] [PCE] n=300 instancia (idx=71) 10/12 completada (paralelo) — transcurrido=0:06:17:25
2026-07-13 04:18:15,482 [INFO] [PCE] n=300 instancia (idx=79) 11/12 completada (paralelo) — transcurrido=0:06:17:37
2026-07-13 04:19:54,521 [INFO] [PCE] n=300 instancia (idx=31) 12/12 completada (paralelo) — transcurrido=0:06:19:16
2026-07-13 04:19:54,632 [INFO] [PCE] n=300 chunk 8/8 completado — beta_parcial=0.6521 duration=0:06:19:16 shots=exact backend=AER
