slurmstepd: info: Setting TMPDIR to /scratch/513834. Previous errors about TMPDIR can be discarded
==============================
RUN_ID: 20260712-142830
Array ID: 11  (entrada: 250:4:7)
num_nodes: 250   chunk: 5/7
num_instances (total del n): 100
num_workers: 16
optimizer: DIFFERENTIALEVOLUTION   maxiter: 25   k: 3
backend: AER   shots: 0
==============================

==============================
num_nodes     = 250
num_instances = 100 (total del n)
chunk         = 5/7
num_workers   = 16
k             = 3
optimizer     = DIFFERENTIALEVOLUTION
maxiter       = 25
backend       = AER
outdir        = Resultados/PCE/20260712-142830/chunks
==============================

(num_workers ajustado de 16 a 14: este chunk solo tiene 14 instancias)

✔ n=250 chunk 5/7 (14 instancias) beta_parcial=0.7483 ± 0.0318
✔ Resultado del chunk guardado en: Resultados/PCE/20260712-142830/chunks/n_250_chunk_4_of_7.h5
  (recuerda: esto es PARCIAL — hace falta merge_chunks_qscore_PCE.py para combinar todos los chunks de este n antes de agregar)
Fecha fin: Sun Jul 12 22:18:33 CEST 2026

*****************************************************************************
*                                                                           *
*                    JOB EFFICIENCY REPORT (seff 513834)                   *
*                                                                           *
*****************************************************************************

Job ID: 513834
Array Job ID: 513813_11
Cluster: qmio
User/Group: tec_app6/cesga
State: COMPLETED (exit code 0)
Nodes: 1
Cores per node: 32
CPU Utilized: 2-18:31:15
CPU Efficiency: 86.96% of 3-04:29:52 core-walltime
Job Wall-clock time: 02:23:26
Memory Utilized: 10.85 GB
Memory Efficiency: 67.84% of 16.00 GB

 +++++++++++++++++++++++++++++++++++++++++++++++++++++++++++++++++++++++++++
 ++   Memory Efficiency is too small. Please review the requested memory. ++
 ++ It seems that you do not need that much memory so we recommend        ++
 ++ requesting less memory in other similar jobs.                         ++
 +++++++++++++++++++++++++++++++++++++++++++++++++++++++++++++++++++++++++++
 
*****************************************************************************

