slurmstepd: info: Setting TMPDIR to /scratch/513843. Previous errors about TMPDIR can be discarded
==============================
RUN_ID: 20260712-142830
Array ID: 20  (entrada: 300:6:8)
num_nodes: 300   chunk: 7/8
num_instances (total del n): 100
num_workers: 16
optimizer: DIFFERENTIALEVOLUTION   maxiter: 25   k: 3
backend: AER   shots: 0
==============================

==============================
num_nodes     = 300
num_instances = 100 (total del n)
chunk         = 7/8
num_workers   = 16
k             = 3
optimizer     = DIFFERENTIALEVOLUTION
maxiter       = 25
backend       = AER
outdir        = Resultados/PCE/20260712-142830/chunks
==============================

(num_workers ajustado de 16 a 12: este chunk solo tiene 12 instancias)

✔ n=300 chunk 7/8 (12 instancias) beta_parcial=0.6440 ± 0.0272
✔ Resultado del chunk guardado en: Resultados/PCE/20260712-142830/chunks/n_300_chunk_6_of_8.h5
  (recuerda: esto es PARCIAL — hace falta merge_chunks_qscore_PCE.py para combinar todos los chunks de este n antes de agregar)
Fecha fin: Mon Jul 13 04:10:43 CEST 2026

*****************************************************************************
*                                                                           *
*                    JOB EFFICIENCY REPORT (seff 513843)                   *
*                                                                           *
*****************************************************************************

Job ID: 513843
Array Job ID: 513813_20
Cluster: qmio
User/Group: tec_app6/cesga
State: COMPLETED (exit code 0)
Nodes: 1
Cores per node: 32
CPU Utilized: 6-23:16:05
CPU Efficiency: 83.31% of 8-08:46:24 core-walltime
Job Wall-clock time: 06:16:27
Memory Utilized: 13.09 GB
Memory Efficiency: 81.81% of 16.00 GB

*****************************************************************************

