qmio/hpc unloaded
gcccore/12.3.0 unloaded
binutils/2.40 unloaded
gcc/12.3.0 unloaded
sqlite/3.45.3 unloaded
libffi/3.4.4 unloaded
python/3.11.9 unloaded
rust/1.88.0 unloaded
imkl/2023.2.0 unloaded
ninja/1.9.0 unloaded
meson/1.5.2-python-3.11.9 unloaded
meson-python/0.16.0-python-3.11.9 unloaded
cython/3.0.9-python-3.11.9 unloaded
numpy/1.26.4-python-3.11.9 unloaded
pythran/0.15.0-python-3.11.9 unloaded
pybind11/2.13.6-python-3.11.9 unloaded
xsimd/12.1.1 unloaded
scipy/1.13.0-python-3.11.9 unloaded
llvm/16.0.0 unloaded
gmp/6.3.0 unloaded
mpfr/4.2.1 unloaded
mpc/1.3.1 unloaded
flint/3.1.2 unloaded
symengine/0.11.2 unloaded
symengine-python/0.11.0-python-3.11.9 unloaded
spdlog/1.9.2 unloaded
pylatexenc/2.10-python-3.11.9 unloaded
libgd/2.3.3 unloaded
nasm/2.16.03 unloaded
libjpeg-turbo/3.0.2 unloaded
matplotlib/3.6.3-python-3.11.9 unloaded
pandas/2.2.2-python-3.11.9 unloaded
seaborn/0.12.2-python-3.11.9 unloaded
qiskit/2.2.3-python-3.11.9 unloaded
qmio-run/0.5.1-python-3.11.9 unloaded
qmio-tools/0.2.1-python-3.11.9 unloaded
        Preparing the environment for use of the sistema software stack.
        Please rebuild modules cache: module --ignore-cache avail
     
qmio/hpc loaded
gcccore/12.3.0 loaded
binutils/2.40 loaded
gcc/12.3.0 loaded
sqlite/3.45.3 loaded
libffi/3.4.4 loaded
python/3.11.9 loaded
rust/1.88.0 loaded

imkl/2023.2.0 loaded
ninja/1.9.0 loaded
meson/1.5.2-python-3.11.9 loaded
meson-python/0.16.0-python-3.11.9 loaded
cython/3.0.9-python-3.11.9 loaded
numpy/1.26.4-python-3.11.9 loaded
pythran/0.15.0-python-3.11.9 loaded
pybind11/2.13.6-python-3.11.9 loaded
xsimd/12.1.1 loaded
scipy/1.13.0-python-3.11.9 loaded
llvm/16.0.0 loaded
gmp/6.3.0 loaded
mpfr/4.2.1 loaded
mpc/1.3.1 loaded
flint/3.1.2 loaded
symengine/0.11.2 loaded
symengine-python/0.11.0-python-3.11.9 loaded
spdlog/1.9.2 loaded
pylatexenc/2.10-python-3.11.9 loaded
libgd/2.3.3 loaded
nasm/2.16.03 loaded
libjpeg-turbo/3.0.2 loaded
matplotlib/3.6.3-python-3.11.9 loaded
pandas/2.2.2-python-3.11.9 loaded
seaborn/0.12.2-python-3.11.9 loaded
qiskit/2.2.3-python-3.11.9 loaded
qmio-run/0.5.1-python-3.11.9 loaded
qmio-tools/0.2.1-python-3.11.9 loaded
gcc/12.3.0 unloaded
rust/1.88.0 unloaded
pythran/0.15.0-python-3.11.9 unloaded
scipy/1.13.0-python-3.11.9 unloaded
qiskit/2.2.3-python-3.11.9 unloaded
qmio-run/0.5.1-python-3.11.9 unloaded
qmio-tools/0.2.1-python-3.11.9 unloaded
gcc/12.3.0 loaded
rust/1.88.0 loaded
pythran/0.15.0-python-3.11.9 loaded
scipy/1.13.0-python-3.11.9 loaded
qiskit/2.2.3-python-3.11.9 loaded
qmio-run/0.5.1-python-3.11.9 loaded
qmio-tools/0.2.1-python-3.11.9 loaded
qiskit/2.2.3-python-3.11.9 unloaded
qiskit/2.2.3-python-3.11.9 loaded
qmio-tools/0.2.1-python-3.11.9 unloaded
qmio-tools/0.2.1-python-3.11.9 loaded
2026-07-12 21:54:21,127 [INFO] [PCE] n=300 chunk 7/8: 12 instancias [6, 14, 22, 30, 38, 46, 54, 62, 70, 78, 86, 94], num_workers=12, qubits=10
2026-07-12 21:54:21,127 [INFO] [PCE] n=300 paralelizando 12 instancias entre 12 workers (2 hilos/worker, 32 hilos totales disponibles)
2026-07-12 21:54:21,369 [INFO] Pass: ContainsInstruction - 0.02098 (ms)
2026-07-12 21:54:21,369 [INFO] Pass: ContainsInstruction - 0.01693 (ms)
2026-07-12 21:54:21,369 [INFO] Pass: UnitarySynthesis - 0.01073 (ms)
2026-07-12 21:54:21,369 [INFO] Pass: UnitarySynthesis - 0.01049 (ms)
2026-07-12 21:54:21,369 [INFO] Pass: HighLevelSynthesis - 0.01526 (ms)
2026-07-12 21:54:21,369 [INFO] Pass: ContainsInstruction - 0.01597 (ms)
2026-07-12 21:54:21,369 [INFO] Pass: HighLevelSynthesis - 0.01287 (ms)
2026-07-12 21:54:21,369 [INFO] Pass: UnitarySynthesis - 0.00978 (ms)
2026-07-12 21:54:21,369 [INFO] Pass: BasisTranslator - 0.07844 (ms)
2026-07-12 21:54:21,369 [INFO] Pass: ContainsInstruction - 0.01931 (ms)
2026-07-12 21:54:21,369 [INFO] Pass: HighLevelSynthesis - 0.01287 (ms)
2026-07-12 21:54:21,369 [INFO] Pass: ContainsInstruction - 0.01502 (ms)
2026-07-12 21:54:21,369 [INFO] Pass: ElidePermutations - 0.00620 (ms)
2026-07-12 21:54:21,369 [INFO] Pass: BasisTranslator - 0.06962 (ms)
2026-07-12 21:54:21,369 [INFO] Pass: ContainsInstruction - 0.01645 (ms)
2026-07-12 21:54:21,369 [INFO] Pass: ContainsInstruction - 0.01574 (ms)
2026-07-12 21:54:21,369 [INFO] Pass: UnitarySynthesis - 0.01121 (ms)
2026-07-12 21:54:21,369 [INFO] Pass: ContainsInstruction - 0.01597 (ms)
2026-07-12 21:54:21,369 [INFO] Pass: ElidePermutations - 0.00644 (ms)
2026-07-12 21:54:21,369 [INFO] Pass: UnitarySynthesis - 0.01049 (ms)
2026-07-12 21:54:21,369 [INFO] Pass: RemoveDiagonalGatesBeforeMeasure - 0.01526 (ms)
2026-07-12 21:54:21,369 [INFO] Pass: BasisTranslator - 0.06700 (ms)
2026-07-12 21:54:21,369 [INFO] Pass: UnitarySynthesis - 0.01001 (ms)
2026-07-12 21:54:21,369 [INFO] Pass: HighLevelSynthesis - 0.01287 (ms)
2026-07-12 21:54:21,369 [INFO] Pass: ContainsInstruction - 0.01550 (ms)
2026-07-12 21:54:21,369 [INFO] Pass: UnitarySynthesis - 0.01049 (ms)
2026-07-12 21:54:21,369 [INFO] Pass: ElidePermutations - 0.00477 (ms)
2026-07-12 21:54:21,369 [INFO] Pass: RemoveIdentityEquivalent - 0.01335 (ms)
2026-07-12 21:54:21,369 [INFO] Pass: RemoveDiagonalGatesBeforeMeasure - 0.01264 (ms)
2026-07-12 21:54:21,369 [INFO] Pass: UnitarySynthesis - 0.01073 (ms)
2026-07-12 21:54:21,369 [INFO] Pass: HighLevelSynthesis - 0.01240 (ms)
2026-07-12 21:54:21,369 [INFO] Pass: ContainsInstruction - 0.01597 (ms)
2026-07-12 21:54:21,369 [INFO] Pass: HighLevelSynthesis - 0.01240 (ms)
2026-07-12 21:54:21,369 [INFO] Pass: InverseCancellation - 0.00978 (ms)
2026-07-12 21:54:21,369 [INFO] Pass: RemoveIdentityEquivalent - 0.01431 (ms)
2026-07-12 21:54:21,369 [INFO] Pass: HighLevelSynthesis - 0.01264 (ms)
2026-07-12 21:54:21,369 [INFO] Pass: HighLevelSynthesis - 0.01311 (ms)
2026-07-12 21:54:21,369 [INFO] Pass: RemoveDiagonalGatesBeforeMeasure - 0.01264 (ms)
2026-07-12 21:54:21,369 [INFO] Pass: UnitarySynthesis - 0.01121 (ms)
2026-07-12 21:54:21,369 [INFO] Pass: ContractIdleWiresInControlFlow - 0.00262 (ms)
2026-07-12 21:54:21,369 [INFO] Pass: BasisTranslator - 0.06604 (ms)
2026-07-12 21:54:21,369 [INFO] Pass: ContainsInstruction - 0.01764 (ms)
2026-07-12 21:54:21,369 [INFO] Pass: InverseCancellation - 0.00882 (ms)
2026-07-12 21:54:21,369 [INFO] Pass: UnitarySynthesis - 0.01073 (ms)
2026-07-12 21:54:21,369 [INFO] Pass: BasisTranslator - 0.07153 (ms)
2026-07-12 21:54:21,369 [INFO] Pass: RemoveIdentityEquivalent - 0.01311 (ms)
2026-07-12 21:54:21,369 [INFO] Pass: ContractIdleWiresInControlFlow - 0.00215 (ms)
2026-07-12 21:54:21,369 [INFO] Pass: ElidePermutations - 0.00477 (ms)
2026-07-12 21:54:21,369 [INFO] Pass: HighLevelSynthesis - 0.01359 (ms)
2026-07-12 21:54:21,369 [INFO] Pass: BasisTranslator - 0.07153 (ms)
2026-07-12 21:54:21,369 [INFO] Pass: ElidePermutations - 0.00525 (ms)
2026-07-12 21:54:21,369 [INFO] Pass: HighLevelSynthesis - 0.01287 (ms)
2026-07-12 21:54:21,369 [INFO] Pass: InverseCancellation - 0.00763 (ms)
2026-07-12 21:54:21,369 [INFO] Pass: UnitarySynthesis - 0.01073 (ms)
2026-07-12 21:54:21,369 [INFO] Pass: BasisTranslator - 0.07033 (ms)
2026-07-12 21:54:21,369 [INFO] Pass: BasisTranslator - 0.06914 (ms)
2026-07-12 21:54:21,369 [INFO] Pass: ContractIdleWiresInControlFlow - 0.00238 (ms)
2026-07-12 21:54:21,369 [INFO] Pass: ElidePermutations - 0.00548 (ms)
2026-07-12 21:54:21,369 [INFO] Pass: RemoveDiagonalGatesBeforeMeasure - 0.01240 (ms)
2026-07-12 21:54:21,369 [INFO] Pass: ElidePermutations - 0.00501 (ms)
2026-07-12 21:54:21,369 [INFO] Pass: ElidePermutations - 0.00501 (ms)
2026-07-12 21:54:21,369 [INFO] Pass: CommutativeCancellation - 0.12207 (ms)
2026-07-12 21:54:21,369 [INFO] Pass: RemoveDiagonalGatesBeforeMeasure - 0.01264 (ms)
2026-07-12 21:54:21,369 [INFO] Pass: HighLevelSynthesis - 0.01311 (ms)
2026-07-12 21:54:21,369 [INFO] Pass: BasisTranslator - 0.06843 (ms)
2026-07-12 21:54:21,369 [INFO] Pass: RemoveIdentityEquivalent - 0.01287 (ms)
2026-07-12 21:54:21,369 [INFO] Pass: RemoveDiagonalGatesBeforeMeasure - 0.01264 (ms)
2026-07-12 21:54:21,369 [INFO] Pass: CommutativeCancellation - 0.11230 (ms)
2026-07-12 21:54:21,369 [INFO] Pass: BasisTranslator - 0.07105 (ms)
2026-07-12 21:54:21,369 [INFO] Pass: RemoveDiagonalGatesBeforeMeasure - 0.01240 (ms)
2026-07-12 21:54:21,369 [INFO] Pass: RemoveIdentityEquivalent - 0.01287 (ms)
2026-07-12 21:54:21,369 [INFO] Pass: ElidePermutations - 0.00572 (ms)
2026-07-12 21:54:21,369 [INFO] Pass: InverseCancellation - 0.00715 (ms)
2026-07-12 21:54:21,369 [INFO] Pass: RemoveDiagonalGatesBeforeMeasure - 0.01240 (ms)
2026-07-12 21:54:21,369 [INFO] Pass: ElidePermutations - 0.00501 (ms)
2026-07-12 21:54:21,369 [INFO] Pass: RemoveIdentityEquivalent - 0.01311 (ms)
2026-07-12 21:54:21,369 [INFO] Pass: ContractIdleWiresInControlFlow - 0.00215 (ms)
2026-07-12 21:54:21,369 [INFO] Pass: InverseCancellation - 0.00739 (ms)
2026-07-12 21:54:21,369 [INFO] Pass: RemoveIdentityEquivalent - 0.01216 (ms)
2026-07-12 21:54:21,369 [INFO] Pass: CommutativeCancellation - 0.11206 (ms)
2026-07-12 21:54:21,369 [INFO] Pass: ConsolidateBlocks - 0.07606 (ms)
2026-07-12 21:54:21,369 [INFO] Pass: BasisTranslator - 0.06843 (ms)
2026-07-12 21:54:21,369 [INFO] Pass: RemoveIdentityEquivalent - 0.01335 (ms)
2026-07-12 21:54:21,369 [INFO] Pass: ContractIdleWiresInControlFlow - 0.00238 (ms)
2026-07-12 21:54:21,369 [INFO] Pass: InverseCancellation - 0.00739 (ms)
2026-07-12 21:54:21,369 [INFO] Pass: RemoveDiagonalGatesBeforeMeasure - 0.01311 (ms)
2026-07-12 21:54:21,369 [INFO] Pass: ConsolidateBlocks - 0.06819 (ms)
2026-07-12 21:54:21,370 [INFO] Pass: Split2QUnitaries - 0.00668 (ms)
2026-07-12 21:54:21,370 [INFO] Pass: InverseCancellation - 0.00858 (ms)
2026-07-12 21:54:21,370 [INFO] Pass: ElidePermutations - 0.00548 (ms)
2026-07-12 21:54:21,370 [INFO] Pass: ContractIdleWiresInControlFlow - 0.00238 (ms)
2026-07-12 21:54:21,369 [INFO] Pass: RemoveDiagonalGatesBeforeMeasure - 0.01264 (ms)
2026-07-12 21:54:21,370 [INFO] Pass: InverseCancellation - 0.00763 (ms)
2026-07-12 21:54:21,370 [INFO] Pass: UnitarySynthesis - 0.00572 (ms)
2026-07-12 21:54:21,370 [INFO] Pass: Split2QUnitaries - 0.00668 (ms)
2026-07-12 21:54:21,370 [INFO] Pass: ContractIdleWiresInControlFlow - 0.00262 (ms)
2026-07-12 21:54:21,370 [INFO] Pass: ContractIdleWiresInControlFlow - 0.00286 (ms)
2026-07-12 21:54:21,370 [INFO] Pass: RemoveIdentityEquivalent - 0.01335 (ms)
2026-07-12 21:54:21,370 [INFO] Pass: UnitarySynthesis - 0.00548 (ms)
2026-07-12 21:54:21,370 [INFO] Pass: ConsolidateBlocks - 0.06723 (ms)
2026-07-12 21:54:21,370 [INFO] Pass: RemoveIdentityEquivalent - 0.01264 (ms)
2026-07-12 21:54:21,370 [INFO] Pass: RemoveDiagonalGatesBeforeMeasure - 0.01216 (ms)
2026-07-12 21:54:21,370 [INFO] Pass: InverseCancellation - 0.00763 (ms)
2026-07-12 21:54:21,370 [INFO] Pass: Split2QUnitaries - 0.00620 (ms)
2026-07-12 21:54:21,370 [INFO] Pass: CommutativeCancellation - 0.10943 (ms)
2026-07-12 21:54:21,370 [INFO] Pass: InverseCancellation - 0.00739 (ms)
2026-07-12 21:54:21,370 [INFO] Pass: HighLevelSynthesis - 0.05984 (ms)
2026-07-12 21:54:21,370 [INFO] Pass: ContractIdleWiresInControlFlow - 0.00238 (ms)
2026-07-12 21:54:21,370 [INFO] Pass: UnitarySynthesis - 0.00525 (ms)
2026-07-12 21:54:21,370 [INFO] Pass: ContractIdleWiresInControlFlow - 0.00262 (ms)
2026-07-12 21:54:21,370 [INFO] Pass: RemoveIdentityEquivalent - 0.01311 (ms)
2026-07-12 21:54:21,370 [INFO] Pass: CommutativeCancellation - 0.11539 (ms)
2026-07-12 21:54:21,370 [INFO] Pass: HighLevelSynthesis - 0.05674 (ms)
2026-07-12 21:54:21,370 [INFO] Pass: CommutativeCancellation - 0.10991 (ms)
2026-07-12 21:54:21,370 [INFO] Pass: InverseCancellation - 0.01621 (ms)
2026-07-12 21:54:21,370 [INFO] Pass: CommutativeCancellation - 0.12493 (ms)
2026-07-12 21:54:21,370 [INFO] Pass: CommutativeCancellation - 0.11683 (ms)
2026-07-12 21:54:21,370 [INFO] Pass: ConsolidateBlocks - 0.07749 (ms)
2026-07-12 21:54:21,370 [INFO] Pass: ContractIdleWiresInControlFlow - 0.00238 (ms)
2026-07-12 21:54:21,370 [INFO] Pass: HighLevelSynthesis - 0.06413 (ms)
2026-07-12 21:54:21,370 [INFO] Pass: Split2QUnitaries - 0.00596 (ms)
2026-07-12 21:54:21,370 [INFO] Pass: BasisTranslator - 0.09847 (ms)
2026-07-12 21:54:21,370 [INFO] Pass: ConsolidateBlocks - 0.07391 (ms)
2026-07-12 21:54:21,370 [INFO] Pass: BasisTranslator - 0.09608 (ms)
2026-07-12 21:54:21,370 [INFO] Pass: ConsolidateBlocks - 0.06747 (ms)
2026-07-12 21:54:21,370 [INFO] Pass: UnitarySynthesis - 0.00620 (ms)
2026-07-12 21:54:21,370 [INFO] Pass: CommutativeCancellation - 0.12255 (ms)
2026-07-12 21:54:21,370 [INFO] Pass: Split2QUnitaries - 0.00668 (ms)
2026-07-12 21:54:21,370 [INFO] Pass: CommutativeCancellation - 0.12088 (ms)
2026-07-12 21:54:21,370 [INFO] Pass: ConsolidateBlocks - 0.06723 (ms)
2026-07-12 21:54:21,370 [INFO] Pass: ConsolidateBlocks - 0.06771 (ms)
2026-07-12 21:54:21,370 [INFO] Pass: Split2QUnitaries - 0.00596 (ms)
2026-07-12 21:54:21,370 [INFO] Pass: UnitarySynthesis - 0.00596 (ms)
2026-07-12 21:54:21,370 [INFO] Pass: BasisTranslator - 0.08774 (ms)
2026-07-12 21:54:21,370 [INFO] Pass: Split2QUnitaries - 0.00644 (ms)
2026-07-12 21:54:21,370 [INFO] Pass: Split2QUnitaries - 0.00548 (ms)
2026-07-12 21:54:21,370 [INFO] Pass: UnitarySynthesis - 0.00620 (ms)
2026-07-12 21:54:21,370 [INFO] Pass: ConsolidateBlocks - 0.06461 (ms)
2026-07-12 21:54:21,370 [INFO] Pass: HighLevelSynthesis - 0.05651 (ms)
2026-07-12 21:54:21,370 [INFO] Pass: ConsolidateBlocks - 0.06032 (ms)
2026-07-12 21:54:21,370 [INFO] Pass: UnitarySynthesis - 0.00596 (ms)
2026-07-12 21:54:21,370 [INFO] Pass: CommutativeCancellation - 0.11110 (ms)
2026-07-12 21:54:21,370 [INFO] Pass: UnitarySynthesis - 0.00644 (ms)
2026-07-12 21:54:21,370 [INFO] Pass: UnitarySynthesis - 0.00501 (ms)
2026-07-12 21:54:21,370 [INFO] Pass: ConsolidateBlocks - 0.06723 (ms)
2026-07-12 21:54:21,370 [INFO] Pass: UnitarySynthesis - 0.00501 (ms)
2026-07-12 21:54:21,370 [INFO] Pass: HighLevelSynthesis - 0.05579 (ms)
2026-07-12 21:54:21,370 [INFO] Pass: ConsolidateBlocks - 0.06866 (ms)
2026-07-12 21:54:21,370 [INFO] Pass: Split2QUnitaries - 0.00644 (ms)
2026-07-12 21:54:21,370 [INFO] Pass: HighLevelSynthesis - 0.05579 (ms)
2026-07-12 21:54:21,370 [INFO] Pass: ConsolidateBlocks - 0.05984 (ms)
2026-07-12 21:54:21,370 [INFO] Pass: Split2QUnitaries - 0.00644 (ms)
2026-07-12 21:54:21,370 [INFO] Pass: Depth - 0.03505 (ms)
2026-07-12 21:54:21,370 [INFO] Pass: HighLevelSynthesis - 0.05579 (ms)
2026-07-12 21:54:21,370 [INFO] Pass: UnitarySynthesis - 0.00596 (ms)
2026-07-12 21:54:21,370 [INFO] Pass: HighLevelSynthesis - 0.05627 (ms)
2026-07-12 21:54:21,370 [INFO] Pass: Depth - 0.03529 (ms)
2026-07-12 21:54:21,370 [INFO] Pass: UnitarySynthesis - 0.00525 (ms)
2026-07-12 21:54:21,370 [INFO] Pass: UnitarySynthesis - 0.00548 (ms)
2026-07-12 21:54:21,370 [INFO] Pass: ConsolidateBlocks - 0.06676 (ms)
2026-07-12 21:54:21,370 [INFO] Pass: FixedPoint - 0.01144 (ms)
2026-07-12 21:54:21,370 [INFO] Pass: BasisTranslator - 0.08774 (ms)
2026-07-12 21:54:21,370 [INFO] Pass: FixedPoint - 0.00858 (ms)
2026-07-12 21:54:21,370 [INFO] Pass: Size - 0.00381 (ms)
2026-07-12 21:54:21,370 [INFO] Pass: Split2QUnitaries - 0.00620 (ms)
2026-07-12 21:54:21,370 [INFO] Pass: Size - 0.00381 (ms)
2026-07-12 21:54:21,370 [INFO] Pass: BasisTranslator - 0.08917 (ms)
2026-07-12 21:54:21,370 [INFO] Pass: Depth - 0.03386 (ms)
2026-07-12 21:54:21,370 [INFO] Pass: FixedPoint - 0.00358 (ms)
2026-07-12 21:54:21,370 [INFO] Pass: UnitarySynthesis - 0.00596 (ms)
2026-07-12 21:54:21,370 [INFO] Pass: HighLevelSynthesis - 0.05651 (ms)
2026-07-12 21:54:21,370 [INFO] Pass: BasisTranslator - 0.08917 (ms)
2026-07-12 21:54:21,370 [INFO] Pass: FixedPoint - 0.00334 (ms)
2026-07-12 21:54:21,370 [INFO] Pass: HighLevelSynthesis - 0.05627 (ms)
2026-07-12 21:54:21,370 [INFO] Pass: FixedPoint - 0.00882 (ms)
2026-07-12 21:54:21,370 [INFO] Pass: RemoveIdentityEquivalent - 0.00453 (ms)
2026-07-12 21:54:21,370 [INFO] Pass: BasisTranslator - 0.09060 (ms)
2026-07-12 21:54:21,370 [INFO] Pass: ConsolidateBlocks - 0.06127 (ms)
2026-07-12 21:54:21,370 [INFO] Pass: BasisTranslator - 0.09036 (ms)
2026-07-12 21:54:21,370 [INFO] Pass: RemoveIdentityEquivalent - 0.00405 (ms)
2026-07-12 21:54:21,370 [INFO] Pass: Size - 0.00358 (ms)
2026-07-12 21:54:21,370 [INFO] Pass: FixedPoint - 0.00334 (ms)
2026-07-12 21:54:21,370 [INFO] Pass: UnitarySynthesis - 0.00501 (ms)
2026-07-12 21:54:21,370 [INFO] Pass: ConsolidateBlocks - 0.06032 (ms)
2026-07-12 21:54:21,370 [INFO] Pass: HighLevelSynthesis - 0.05555 (ms)
2026-07-12 21:54:21,370 [INFO] Pass: ConsolidateBlocks - 0.06127 (ms)
2026-07-12 21:54:21,370 [INFO] Pass: Optimize1qGatesDecomposition - 0.04578 (ms)
2026-07-12 21:54:21,370 [INFO] Pass: RemoveIdentityEquivalent - 0.00453 (ms)
2026-07-12 21:54:21,370 [INFO] Pass: UnitarySynthesis - 0.00525 (ms)
2026-07-12 21:54:21,370 [INFO] Pass: Optimize1qGatesDecomposition - 0.04458 (ms)
2026-07-12 21:54:21,370 [INFO] Pass: BasisTranslator - 0.08726 (ms)
2026-07-12 21:54:21,370 [INFO] Pass: ConsolidateBlocks - 0.06223 (ms)
2026-07-12 21:54:21,370 [INFO] Pass: BasisTranslator - 0.08821 (ms)
2026-07-12 21:54:21,370 [INFO] Pass: ConsolidateBlocks - 0.06056 (ms)
2026-07-12 21:54:21,370 [INFO] Pass: UnitarySynthesis - 0.00501 (ms)
2026-07-12 21:54:21,370 [INFO] Pass: Depth - 0.03433 (ms)
2026-07-12 21:54:21,370 [INFO] Pass: UnitarySynthesis - 0.00501 (ms)
2026-07-12 21:54:21,370 [INFO] Pass: UnitarySynthesis - 0.00501 (ms)
2026-07-12 21:54:21,370 [INFO] Pass: FixedPoint - 0.00906 (ms)
2026-07-12 21:54:21,370 [INFO] Pass: Depth - 0.03457 (ms)
2026-07-12 21:54:21,370 [INFO] Pass: Optimize1qGatesDecomposition - 0.04578 (ms)
2026-07-12 21:54:21,370 [INFO] Pass: Size - 0.00358 (ms)
2026-07-12 21:54:21,370 [INFO] Pass: Depth - 0.03362 (ms)
2026-07-12 21:54:21,370 [INFO] Pass: BasisTranslator - 0.08726 (ms)
2026-07-12 21:54:21,370 [INFO] Pass: ConsolidateBlocks - 0.05960 (ms)
2026-07-12 21:54:21,370 [INFO] Pass: FixedPoint - 0.00978 (ms)
2026-07-12 21:54:21,370 [INFO] Pass: FixedPoint - 0.00358 (ms)
2026-07-12 21:54:21,370 [INFO] Pass: ConsolidateBlocks - 0.06223 (ms)
2026-07-12 21:54:21,370 [INFO] Pass: Depth - 0.03529 (ms)
2026-07-12 21:54:21,370 [INFO] Pass: Depth - 0.03505 (ms)
2026-07-12 21:54:21,370 [INFO] Pass: FixedPoint - 0.00954 (ms)
2026-07-12 21:54:21,370 [INFO] Pass: Size - 0.00310 (ms)
2026-07-12 21:54:21,370 [INFO] Pass: UnitarySynthesis - 0.00477 (ms)
2026-07-12 21:54:21,370 [INFO] Pass: RemoveIdentityEquivalent - 0.00429 (ms)
2026-07-12 21:54:21,370 [INFO] Pass: Size - 0.00381 (ms)
2026-07-12 21:54:21,370 [INFO] Pass: UnitarySynthesis - 0.00501 (ms)
2026-07-12 21:54:21,370 [INFO] Pass: FixedPoint - 0.00906 (ms)
2026-07-12 21:54:21,370 [INFO] Pass: FixedPoint - 0.00858 (ms)
2026-07-12 21:54:21,370 [INFO] Pass: FixedPoint - 0.00334 (ms)
2026-07-12 21:54:21,370 [INFO] Pass: CommutativeCancellation - 0.12231 (ms)
2026-07-12 21:54:21,370 [INFO] Pass: CommutativeCancellation - 0.12946 (ms)
2026-07-12 21:54:21,370 [INFO] Pass: FixedPoint - 0.00358 (ms)
2026-07-12 21:54:21,370 [INFO] Pass: Size - 0.00358 (ms)
2026-07-12 21:54:21,370 [INFO] Pass: Size - 0.00405 (ms)
2026-07-12 21:54:21,370 [INFO] Pass: ConsolidateBlocks - 0.06151 (ms)
2026-07-12 21:54:21,370 [INFO] Pass: RemoveIdentityEquivalent - 0.00405 (ms)
2026-07-12 21:54:21,370 [INFO] Pass: ContractIdleWiresInControlFlow - 0.00215 (ms)
2026-07-12 21:54:21,370 [INFO] Pass: ContractIdleWiresInControlFlow - 0.00215 (ms)
2026-07-12 21:54:21,370 [INFO] Pass: Depth - 0.03433 (ms)
2026-07-12 21:54:21,370 [INFO] Pass: FixedPoint - 0.00334 (ms)
2026-07-12 21:54:21,370 [INFO] Pass: FixedPoint - 0.00334 (ms)
2026-07-12 21:54:21,370 [INFO] Pass: RemoveIdentityEquivalent - 0.00477 (ms)
2026-07-12 21:54:21,370 [INFO] Pass: Depth - 0.03576 (ms)
2026-07-12 21:54:21,370 [INFO] Pass: UnitarySynthesis - 0.00525 (ms)
2026-07-12 21:54:21,370 [INFO] Pass: Optimize1qGatesDecomposition - 0.04411 (ms)
2026-07-12 21:54:21,370 [INFO] Pass: FixedPoint - 0.00930 (ms)
2026-07-12 21:54:21,370 [INFO] Pass: RemoveIdentityEquivalent - 0.00405 (ms)
2026-07-12 21:54:21,370 [INFO] Pass: RemoveIdentityEquivalent - 0.00429 (ms)
2026-07-12 21:54:21,370 [INFO] Pass: CommutativeCancellation - 0.12612 (ms)
2026-07-12 21:54:21,370 [INFO] Pass: FixedPoint - 0.00858 (ms)
2026-07-12 21:54:21,370 [INFO] Pass: Size - 0.00358 (ms)
2026-07-12 21:54:21,370 [INFO] Pass: Optimize1qGatesDecomposition - 0.04339 (ms)
2026-07-12 21:54:21,370 [INFO] Pass: ContractIdleWiresInControlFlow - 0.00191 (ms)
2026-07-12 21:54:21,370 [INFO] Pass: GatesInBasis - 0.04888 (ms)
2026-07-12 21:54:21,370 [INFO] Pass: GatesInBasis - 0.04911 (ms)
2026-07-12 21:54:21,370 [INFO] Pass: Size - 0.00358 (ms)
2026-07-12 21:54:21,370 [INFO] Pass: Depth - 0.03505 (ms)
2026-07-12 21:54:21,370 [INFO] Pass: FixedPoint - 0.00334 (ms)
2026-07-12 21:54:21,370 [INFO] Pass: Optimize1qGatesDecomposition - 0.04220 (ms)
2026-07-12 21:54:21,370 [INFO] Pass: FixedPoint - 0.00334 (ms)
2026-07-12 21:54:21,370 [INFO] Pass: Optimize1qGatesDecomposition - 0.04387 (ms)
2026-07-12 21:54:21,370 [INFO] Pass: Optimize1qGatesDecomposition - 0.04411 (ms)
2026-07-12 21:54:21,370 [INFO] Pass: FixedPoint - 0.00906 (ms)
2026-07-12 21:54:21,370 [INFO] Pass: RemoveIdentityEquivalent - 0.00477 (ms)
2026-07-12 21:54:21,370 [INFO] Pass: Depth - 0.03266 (ms)
2026-07-12 21:54:21,370 [INFO] Pass: Depth - 0.03338 (ms)
2026-07-12 21:54:21,370 [INFO] Pass: RemoveIdentityEquivalent - 0.00429 (ms)
2026-07-12 21:54:21,370 [INFO] Pass: GatesInBasis - 0.04745 (ms)
2026-07-12 21:54:21,370 [INFO] Pass: Size - 0.00429 (ms)
2026-07-12 21:54:21,370 [INFO] Pass: FixedPoint - 0.00429 (ms)
2026-07-12 21:54:21,370 [INFO] Pass: FixedPoint - 0.00429 (ms)
2026-07-12 21:54:21,370 [INFO] Pass: FixedPoint - 0.00334 (ms)
2026-07-12 21:54:21,370 [INFO] Pass: Size - 0.00238 (ms)
2026-07-12 21:54:21,370 [INFO] Pass: Size - 0.00215 (ms)
2026-07-12 21:54:21,370 [INFO] Pass: CommutativeCancellation - 0.12493 (ms)
2026-07-12 21:54:21,371 [INFO] Pass: Optimize1qGatesDecomposition - 0.04244 (ms)
2026-07-12 21:54:21,371 [INFO] Pass: FixedPoint - 0.00334 (ms)
2026-07-12 21:54:21,371 [INFO] Pass: Depth - 0.03338 (ms)
2026-07-12 21:54:21,371 [INFO] Pass: FixedPoint - 0.00334 (ms)
2026-07-12 21:54:21,371 [INFO] Pass: RemoveIdentityEquivalent - 0.00429 (ms)
2026-07-12 21:54:21,371 [INFO] Pass: ContractIdleWiresInControlFlow - 0.00215 (ms)
2026-07-12 21:54:21,371 [INFO] Pass: Optimize1qGatesDecomposition - 0.04339 (ms)
2026-07-12 21:54:21,371 [INFO] Pass: CommutativeCancellation - 0.12064 (ms)
2026-07-12 21:54:21,371 [INFO] Pass: FixedPoint - 0.00405 (ms)
2026-07-12 21:54:21,371 [INFO] Pass: ContainsInstruction - 0.00572 (ms)
2026-07-12 21:54:21,371 [INFO] Pass: ContainsInstruction - 0.00596 (ms)
2026-07-12 21:54:21,371 [INFO] Pass: CommutativeCancellation - 0.12398 (ms)
2026-07-12 21:54:21,371 [INFO] Pass: Size - 0.00215 (ms)
2026-07-12 21:54:21,371 [INFO] Pass: ContractIdleWiresInControlFlow - 0.00191 (ms)
2026-07-12 21:54:21,371 [INFO] Pass: CommutativeCancellation - 0.12040 (ms)
2026-07-12 21:54:21,371 [INFO] Pass: FixedPoint - 0.00286 (ms)
2026-07-12 21:54:21,371 [INFO] Pass: CommutativeCancellation - 0.12374 (ms)
2026-07-12 21:54:21,371 [INFO] Pass: ContractIdleWiresInControlFlow - 0.00215 (ms)
2026-07-12 21:54:21,371 [INFO] Pass: Optimize1qGatesDecomposition - 0.04458 (ms)
2026-07-12 21:54:21,371 [INFO] Pass: GatesInBasis - 0.04864 (ms)
2026-07-12 21:54:21,371 [INFO] Pass: ContractIdleWiresInControlFlow - 0.00167 (ms)
2026-07-12 21:54:21,371 [INFO] Pass: ContractIdleWiresInControlFlow - 0.00191 (ms)
2026-07-12 21:54:21,371 [INFO] Pass: ContainsInstruction - 0.00572 (ms)
2026-07-12 21:54:21,371 [INFO] Pass: GatesInBasis - 0.04697 (ms)
2026-07-12 21:54:21,371 [INFO] Pass: CommutativeCancellation - 0.12207 (ms)
2026-07-12 21:54:21,371 [INFO] Pass: Depth - 0.03386 (ms)
2026-07-12 21:54:21,371 [INFO] Pass: GatesInBasis - 0.04768 (ms)
2026-07-12 21:54:21,371 [INFO] Pass: GatesInBasis - 0.05412 (ms)
2026-07-12 21:54:21,371 [INFO] Pass: GatesInBasis - 0.05460 (ms)
2026-07-12 21:54:21,371 [INFO] Pass: ContractIdleWiresInControlFlow - 0.00215 (ms)
2026-07-12 21:54:21,371 [INFO] Pass: FixedPoint - 0.00429 (ms)
2026-07-12 21:54:21,371 [INFO] Pass: CommutativeCancellation - 0.13685 (ms)
2026-07-12 21:54:21,371 [INFO] Pass: Depth - 0.03886 (ms)
2026-07-12 21:54:21,371 [INFO] Pass: Size - 0.00262 (ms)
2026-07-12 21:54:21,371 [INFO] Pass: ContractIdleWiresInControlFlow - 0.00215 (ms)
2026-07-12 21:54:21,371 [INFO] Pass: FixedPoint - 0.00405 (ms)
2026-07-12 21:54:21,371 [INFO] Pass: Depth - 0.03386 (ms)
2026-07-12 21:54:21,371 [INFO] Pass: FixedPoint - 0.00334 (ms)
2026-07-12 21:54:21,371 [INFO] Pass: Depth - 0.03409 (ms)
2026-07-12 21:54:21,371 [INFO] Pass: Size - 0.00215 (ms)
2026-07-12 21:54:21,371 [INFO] Pass: Depth - 0.03314 (ms)
2026-07-12 21:54:21,371 [INFO] Pass: CommutativeCancellation - 0.13185 (ms)
2026-07-12 21:54:21,371 [INFO] Pass: FixedPoint - 0.00453 (ms)
2026-07-12 21:54:21,371 [INFO] Pass: GatesInBasis - 0.04864 (ms)
2026-07-12 21:54:21,371 [INFO] Pass: ContainsInstruction - 0.00596 (ms)
2026-07-12 21:54:21,371 [INFO] Pass: FixedPoint - 0.00334 (ms)
2026-07-12 21:54:21,371 [INFO] Pass: FixedPoint - 0.00429 (ms)
2026-07-12 21:54:21,371 [INFO] Pass: FixedPoint - 0.00405 (ms)
2026-07-12 21:54:21,371 [INFO] Pass: Size - 0.00215 (ms)
2026-07-12 21:54:21,371 [INFO] Pass: ContractIdleWiresInControlFlow - 0.00238 (ms)
2026-07-12 21:54:21,371 [INFO] Pass: Size - 0.00238 (ms)
2026-07-12 21:54:21,371 [INFO] Pass: Size - 0.00262 (ms)
2026-07-12 21:54:21,371 [INFO] Pass: GatesInBasis - 0.04935 (ms)
2026-07-12 21:54:21,371 [INFO] Pass: ContainsInstruction - 0.00572 (ms)
2026-07-12 21:54:21,371 [INFO] Pass: FixedPoint - 0.00334 (ms)
2026-07-12 21:54:21,371 [INFO] Pass: FixedPoint - 0.00358 (ms)
2026-07-12 21:54:21,371 [INFO] Pass: FixedPoint - 0.00334 (ms)
2026-07-12 21:54:21,371 [INFO] Pass: Depth - 0.03314 (ms)
2026-07-12 21:54:21,371 [INFO] Pass: ContainsInstruction - 0.00596 (ms)
2026-07-12 21:54:21,371 [INFO] Pass: ContainsInstruction - 0.00572 (ms)
2026-07-12 21:54:21,371 [INFO] Pass: ContainsInstruction - 0.00620 (ms)
2026-07-12 21:54:21,371 [INFO] Pass: FixedPoint - 0.00405 (ms)
2026-07-12 21:54:21,371 [INFO] Pass: Depth - 0.03314 (ms)
2026-07-12 21:54:21,371 [INFO] Pass: GatesInBasis - 0.04840 (ms)
2026-07-12 21:54:21,371 [INFO] Pass: Size - 0.00215 (ms)
2026-07-12 21:54:21,371 [INFO] Pass: FixedPoint - 0.00429 (ms)
2026-07-12 21:54:21,371 [INFO] Pass: FixedPoint - 0.00334 (ms)
2026-07-12 21:54:21,371 [INFO] Pass: Size - 0.00215 (ms)
2026-07-12 21:54:21,371 [INFO] Pass: Depth - 0.03338 (ms)
2026-07-12 21:54:21,371 [INFO] Pass: FixedPoint - 0.00310 (ms)
2026-07-12 21:54:21,371 [INFO] Pass: ContainsInstruction - 0.00572 (ms)
2026-07-12 21:54:21,371 [INFO] Pass: FixedPoint - 0.00405 (ms)
2026-07-12 21:54:21,371 [INFO] Pass: ContainsInstruction - 0.00620 (ms)
2026-07-12 21:54:21,371 [INFO] Pass: Size - 0.00238 (ms)
2026-07-12 21:54:21,371 [INFO] Pass: FixedPoint - 0.00381 (ms)
2026-07-12 21:54:21,371 [INFO] Pass: ContainsInstruction - 0.00620 (ms)
2026-07-12 21:54:21,371 [INFO] Total Transpile Time - 84.50985 (ms)
2026-07-12 21:54:21,371 [INFO] Total Transpile Time - 84.34367 (ms)
2026-07-12 21:54:21,371 [INFO] Total Transpile Time - 84.41186 (ms)
2026-07-12 21:54:21,371 [INFO] Total Transpile Time - 84.75614 (ms)
2026-07-12 21:54:21,371 [INFO] Total Transpile Time - 85.06870 (ms)
2026-07-12 21:54:21,371 [INFO] Total Transpile Time - 85.10208 (ms)
2026-07-12 21:54:21,371 [INFO] Total Transpile Time - 84.93352 (ms)
2026-07-12 21:54:21,371 [INFO] Total Transpile Time - 85.07824 (ms)
2026-07-12 21:54:21,371 [INFO] Total Transpile Time - 84.85365 (ms)
2026-07-12 21:54:21,371 [INFO] Total Transpile Time - 85.22940 (ms)
2026-07-12 21:54:21,372 [INFO] Total Transpile Time - 84.90252 (ms)
2026-07-12 21:54:21,380 [INFO] Pass: ContainsInstruction - 0.01669 (ms)
2026-07-12 21:54:21,380 [INFO] Pass: UnitarySynthesis - 0.01001 (ms)
2026-07-12 21:54:21,380 [INFO] Pass: HighLevelSynthesis - 0.01192 (ms)
2026-07-12 21:54:21,380 [INFO] Pass: BasisTranslator - 0.06795 (ms)
2026-07-12 21:54:21,380 [INFO] Pass: ElidePermutations - 0.00548 (ms)
2026-07-12 21:54:21,380 [INFO] Pass: RemoveDiagonalGatesBeforeMeasure - 0.01192 (ms)
2026-07-12 21:54:21,380 [INFO] Pass: RemoveIdentityEquivalent - 0.01311 (ms)
2026-07-12 21:54:21,380 [INFO] Pass: InverseCancellation - 0.00787 (ms)
2026-07-12 21:54:21,380 [INFO] Pass: ContractIdleWiresInControlFlow - 0.00262 (ms)
2026-07-12 21:54:21,380 [INFO] Pass: CommutativeCancellation - 0.10896 (ms)
2026-07-12 21:54:21,381 [INFO] Pass: ConsolidateBlocks - 0.06866 (ms)
2026-07-12 21:54:21,381 [INFO] Pass: Split2QUnitaries - 0.00620 (ms)
2026-07-12 21:54:21,381 [INFO] Pass: UnitarySynthesis - 0.00572 (ms)
2026-07-12 21:54:21,381 [INFO] Pass: HighLevelSynthesis - 0.06366 (ms)
2026-07-12 21:54:21,381 [INFO] Pass: BasisTranslator - 0.08893 (ms)
2026-07-12 21:54:21,381 [INFO] Pass: ConsolidateBlocks - 0.06151 (ms)
2026-07-12 21:54:21,381 [INFO] Pass: UnitarySynthesis - 0.00501 (ms)
2026-07-12 21:54:21,381 [INFO] Pass: Depth - 0.03529 (ms)
2026-07-12 21:54:21,381 [INFO] Pass: FixedPoint - 0.00858 (ms)
2026-07-12 21:54:21,381 [INFO] Pass: Size - 0.00381 (ms)
2026-07-12 21:54:21,381 [INFO] Pass: FixedPoint - 0.00334 (ms)
2026-07-12 21:54:21,381 [INFO] Pass: RemoveIdentityEquivalent - 0.00477 (ms)
2026-07-12 21:54:21,381 [INFO] Pass: Optimize1qGatesDecomposition - 0.04315 (ms)
2026-07-12 21:54:21,381 [INFO] Pass: CommutativeCancellation - 0.12088 (ms)
2026-07-12 21:54:21,381 [INFO] Pass: ContractIdleWiresInControlFlow - 0.00215 (ms)
2026-07-12 21:54:21,381 [INFO] Pass: GatesInBasis - 0.04816 (ms)
2026-07-12 21:54:21,382 [INFO] Pass: Depth - 0.03362 (ms)
2026-07-12 21:54:21,382 [INFO] Pass: FixedPoint - 0.00429 (ms)
2026-07-12 21:54:21,382 [INFO] Pass: Size - 0.00238 (ms)
2026-07-12 21:54:21,382 [INFO] Pass: FixedPoint - 0.00334 (ms)
2026-07-12 21:54:21,382 [INFO] Pass: ContainsInstruction - 0.00620 (ms)
2026-07-12 21:54:21,382 [INFO] Total Transpile Time - 95.89171 (ms)
2026-07-12 21:54:21,425 [INFO] Pass: ContainsInstruction - 0.01097 (ms)
2026-07-12 21:54:21,425 [INFO] Pass: UnitarySynthesis - 0.00715 (ms)
2026-07-12 21:54:21,425 [INFO] Pass: ContainsInstruction - 0.01097 (ms)
2026-07-12 21:54:21,425 [INFO] Pass: HighLevelSynthesis - 0.00548 (ms)
2026-07-12 21:54:21,425 [INFO] Pass: ContainsInstruction - 0.01121 (ms)
2026-07-12 21:54:21,425 [INFO] Pass: UnitarySynthesis - 0.00691 (ms)
2026-07-12 21:54:21,425 [INFO] Pass: UnitarySynthesis - 0.00715 (ms)
2026-07-12 21:54:21,425 [INFO] Pass: BasisTranslator - 0.04768 (ms)
2026-07-12 21:54:21,425 [INFO] Pass: HighLevelSynthesis - 0.00525 (ms)
2026-07-12 21:54:21,425 [INFO] Pass: HighLevelSynthesis - 0.00501 (ms)
2026-07-12 21:54:21,425 [INFO] Pass: ElidePermutations - 0.00405 (ms)
2026-07-12 21:54:21,425 [INFO] Pass: RemoveDiagonalGatesBeforeMeasure - 0.00644 (ms)
2026-07-12 21:54:21,425 [INFO] Pass: BasisTranslator - 0.04768 (ms)
2026-07-12 21:54:21,425 [INFO] Pass: RemoveIdentityEquivalent - 0.00739 (ms)
2026-07-12 21:54:21,425 [INFO] Pass: BasisTranslator - 0.04840 (ms)
2026-07-12 21:54:21,425 [INFO] Pass: ElidePermutations - 0.00429 (ms)
2026-07-12 21:54:21,425 [INFO] Pass: ElidePermutations - 0.00429 (ms)
2026-07-12 21:54:21,425 [INFO] Pass: RemoveDiagonalGatesBeforeMeasure - 0.00668 (ms)
2026-07-12 21:54:21,425 [INFO] Pass: InverseCancellation - 0.03171 (ms)
2026-07-12 21:54:21,425 [INFO] Pass: RemoveDiagonalGatesBeforeMeasure - 0.00644 (ms)
2026-07-12 21:54:21,425 [INFO] Pass: RemoveIdentityEquivalent - 0.00620 (ms)
2026-07-12 21:54:21,425 [INFO] Pass: ContractIdleWiresInControlFlow - 0.00215 (ms)
2026-07-12 21:54:21,425 [INFO] Pass: ContainsInstruction - 0.01073 (ms)
2026-07-12 21:54:21,425 [INFO] Pass: RemoveIdentityEquivalent - 0.00620 (ms)
2026-07-12 21:54:21,425 [INFO] Pass: ContainsInstruction - 0.01144 (ms)
2026-07-12 21:54:21,425 [INFO] Pass: ContainsInstruction - 0.01073 (ms)
2026-07-12 21:54:21,425 [INFO] Pass: InverseCancellation - 0.03004 (ms)
2026-07-12 21:54:21,425 [INFO] Pass: UnitarySynthesis - 0.00691 (ms)
2026-07-12 21:54:21,425 [INFO] Pass: InverseCancellation - 0.02956 (ms)
2026-07-12 21:54:21,425 [INFO] Pass: ContractIdleWiresInControlFlow - 0.00191 (ms)
2026-07-12 21:54:21,425 [INFO] Pass: UnitarySynthesis - 0.00739 (ms)
2026-07-12 21:54:21,425 [INFO] Pass: HighLevelSynthesis - 0.00477 (ms)
2026-07-12 21:54:21,426 [INFO] Pass: ContractIdleWiresInControlFlow - 0.00215 (ms)
2026-07-12 21:54:21,425 [INFO] Pass: UnitarySynthesis - 0.00691 (ms)
2026-07-12 21:54:21,426 [INFO] Pass: HighLevelSynthesis - 0.00525 (ms)
2026-07-12 21:54:21,426 [INFO] Pass: HighLevelSynthesis - 0.00572 (ms)
2026-07-12 21:54:21,426 [INFO] Pass: CommutativeCancellation - 0.11706 (ms)
2026-07-12 21:54:21,426 [INFO] Pass: BasisTranslator - 0.04673 (ms)
2026-07-12 21:54:21,426 [INFO] Pass: BasisTranslator - 0.04721 (ms)
2026-07-12 21:54:21,426 [INFO] Pass: ElidePermutations - 0.00405 (ms)
2026-07-12 21:54:21,426 [INFO] Pass: ContainsInstruction - 0.01144 (ms)
2026-07-12 21:54:21,426 [INFO] Pass: BasisTranslator - 0.04888 (ms)
2026-07-12 21:54:21,426 [INFO] Pass: ElidePermutations - 0.00453 (ms)
2026-07-12 21:54:21,426 [INFO] Pass: RemoveDiagonalGatesBeforeMeasure - 0.00596 (ms)
2026-07-12 21:54:21,426 [INFO] Pass: CommutativeCancellation - 0.11945 (ms)
2026-07-12 21:54:21,426 [INFO] Pass: ConsolidateBlocks - 0.05651 (ms)
2026-07-12 21:54:21,426 [INFO] Pass: ElidePermutations - 0.00429 (ms)
2026-07-12 21:54:21,426 [INFO] Pass: CommutativeCancellation - 0.11778 (ms)
2026-07-12 21:54:21,426 [INFO] Pass: RemoveDiagonalGatesBeforeMeasure - 0.00644 (ms)
2026-07-12 21:54:21,426 [INFO] Pass: RemoveIdentityEquivalent - 0.00644 (ms)
2026-07-12 21:54:21,426 [INFO] Pass: UnitarySynthesis - 0.00739 (ms)
2026-07-12 21:54:21,426 [INFO] Pass: Split2QUnitaries - 0.00262 (ms)
2026-07-12 21:54:21,426 [INFO] Pass: RemoveDiagonalGatesBeforeMeasure - 0.01478 (ms)
2026-07-12 21:54:21,426 [INFO] Pass: RemoveIdentityEquivalent - 0.00596 (ms)
2026-07-12 21:54:21,426 [INFO] Pass: UnitarySynthesis - 0.00525 (ms)
2026-07-12 21:54:21,426 [INFO] Pass: HighLevelSynthesis - 0.00525 (ms)
2026-07-12 21:54:21,426 [INFO] Pass: RemoveIdentityEquivalent - 0.00691 (ms)
2026-07-12 21:54:21,426 [INFO] Pass: InverseCancellation - 0.02980 (ms)
2026-07-12 21:54:21,426 [INFO] Pass: ConsolidateBlocks - 0.06533 (ms)
2026-07-12 21:54:21,426 [INFO] Pass: ConsolidateBlocks - 0.06485 (ms)
2026-07-12 21:54:21,426 [INFO] Pass: ContractIdleWiresInControlFlow - 0.00215 (ms)
2026-07-12 21:54:21,426 [INFO] Pass: InverseCancellation - 0.03004 (ms)
2026-07-12 21:54:21,426 [INFO] Pass: Split2QUnitaries - 0.00286 (ms)
2026-07-12 21:54:21,426 [INFO] Pass: InverseCancellation - 0.03052 (ms)
2026-07-12 21:54:21,426 [INFO] Pass: ContractIdleWiresInControlFlow - 0.00215 (ms)
2026-07-12 21:54:21,426 [INFO] Pass: Split2QUnitaries - 0.00238 (ms)
2026-07-12 21:54:21,426 [INFO] Pass: BasisTranslator - 0.04840 (ms)
2026-07-12 21:54:21,426 [INFO] Pass: HighLevelSynthesis - 0.05674 (ms)
2026-07-12 21:54:21,426 [INFO] Pass: UnitarySynthesis - 0.00525 (ms)
2026-07-12 21:54:21,426 [INFO] Pass: ContainsInstruction - 0.01121 (ms)
2026-07-12 21:54:21,426 [INFO] Pass: ContractIdleWiresInControlFlow - 0.00215 (ms)
2026-07-12 21:54:21,426 [INFO] Pass: ContainsInstruction - 0.01121 (ms)
2026-07-12 21:54:21,426 [INFO] Pass: UnitarySynthesis - 0.00548 (ms)
2026-07-12 21:54:21,426 [INFO] Pass: ElidePermutations - 0.00405 (ms)
2026-07-12 21:54:21,426 [INFO] Pass: UnitarySynthesis - 0.00668 (ms)
2026-07-12 21:54:21,426 [INFO] Pass: RemoveDiagonalGatesBeforeMeasure - 0.00668 (ms)
2026-07-12 21:54:21,426 [INFO] Pass: UnitarySynthesis - 0.00691 (ms)
2026-07-12 21:54:21,426 [INFO] Pass: ContainsInstruction - 0.01240 (ms)
2026-07-12 21:54:21,426 [INFO] Pass: HighLevelSynthesis - 0.05746 (ms)
2026-07-12 21:54:21,426 [INFO] Pass: RemoveIdentityEquivalent - 0.00715 (ms)
2026-07-12 21:54:21,426 [INFO] Pass: HighLevelSynthesis - 0.00477 (ms)
2026-07-12 21:54:21,426 [INFO] Pass: HighLevelSynthesis - 0.00525 (ms)
2026-07-12 21:54:21,426 [INFO] Pass: HighLevelSynthesis - 0.05770 (ms)
2026-07-12 21:54:21,426 [INFO] Pass: CommutativeCancellation - 0.11706 (ms)
2026-07-12 21:54:21,426 [INFO] Pass: BasisTranslator - 0.08798 (ms)
2026-07-12 21:54:21,426 [INFO] Pass: UnitarySynthesis - 0.00691 (ms)
2026-07-12 21:54:21,426 [INFO] Pass: CommutativeCancellation - 0.11659 (ms)
2026-07-12 21:54:21,426 [INFO] Pass: InverseCancellation - 0.03028 (ms)
2026-07-12 21:54:21,426 [INFO] Pass: CommutativeCancellation - 0.11611 (ms)
2026-07-12 21:54:21,426 [INFO] Pass: ContractIdleWiresInControlFlow - 0.00262 (ms)
2026-07-12 21:54:21,426 [INFO] Pass: HighLevelSynthesis - 0.00501 (ms)
2026-07-12 21:54:21,426 [INFO] Pass: BasisTranslator - 0.04816 (ms)
2026-07-12 21:54:21,426 [INFO] Pass: BasisTranslator - 0.04840 (ms)
2026-07-12 21:54:21,426 [INFO] Pass: ConsolidateBlocks - 0.05674 (ms)
2026-07-12 21:54:21,426 [INFO] Pass: ElidePermutations - 0.00477 (ms)
2026-07-12 21:54:21,426 [INFO] Pass: BasisTranslator - 0.08869 (ms)
2026-07-12 21:54:21,426 [INFO] Pass: ConsolidateBlocks - 0.06104 (ms)
2026-07-12 21:54:21,426 [INFO] Pass: ElidePermutations - 0.00381 (ms)
2026-07-12 21:54:21,426 [INFO] Pass: BasisTranslator - 0.08750 (ms)
2026-07-12 21:54:21,426 [INFO] Pass: ConsolidateBlocks - 0.05651 (ms)
2026-07-12 21:54:21,426 [INFO] Pass: Split2QUnitaries - 0.00286 (ms)
2026-07-12 21:54:21,426 [INFO] Pass: RemoveDiagonalGatesBeforeMeasure - 0.00644 (ms)
2026-07-12 21:54:21,426 [INFO] Pass: UnitarySynthesis - 0.00477 (ms)
2026-07-12 21:54:21,426 [INFO] Pass: RemoveDiagonalGatesBeforeMeasure - 0.00668 (ms)
2026-07-12 21:54:21,426 [INFO] Pass: ConsolidateBlocks - 0.05603 (ms)
2026-07-12 21:54:21,426 [INFO] Pass: BasisTranslator - 0.04816 (ms)
2026-07-12 21:54:21,426 [INFO] Pass: Split2QUnitaries - 0.00286 (ms)
2026-07-12 21:54:21,426 [INFO] Pass: UnitarySynthesis - 0.00548 (ms)
2026-07-12 21:54:21,426 [INFO] Pass: RemoveIdentityEquivalent - 0.00572 (ms)
2026-07-12 21:54:21,426 [INFO] Pass: RemoveIdentityEquivalent - 0.00620 (ms)
2026-07-12 21:54:21,426 [INFO] Pass: Split2QUnitaries - 0.00358 (ms)
2026-07-12 21:54:21,426 [INFO] Pass: ElidePermutations - 0.00453 (ms)
2026-07-12 21:54:21,426 [INFO] Pass: UnitarySynthesis - 0.00668 (ms)
2026-07-12 21:54:21,426 [INFO] Pass: ConsolidateBlocks - 0.06342 (ms)
2026-07-12 21:54:21,426 [INFO] Pass: Depth - 0.03505 (ms)
2026-07-12 21:54:21,426 [INFO] Pass: UnitarySynthesis - 0.00572 (ms)
2026-07-12 21:54:21,426 [INFO] Pass: ConsolidateBlocks - 0.06008 (ms)
2026-07-12 21:54:21,426 [INFO] Pass: RemoveDiagonalGatesBeforeMeasure - 0.00715 (ms)
2026-07-12 21:54:21,426 [INFO] Pass: InverseCancellation - 0.03052 (ms)
2026-07-12 21:54:21,426 [INFO] Pass: CommutativeCancellation - 0.12159 (ms)
2026-07-12 21:54:21,426 [INFO] Pass: UnitarySynthesis - 0.00477 (ms)
2026-07-12 21:54:21,426 [INFO] Pass: InverseCancellation - 0.02980 (ms)
2026-07-12 21:54:21,426 [INFO] Pass: FixedPoint - 0.00548 (ms)
2026-07-12 21:54:21,426 [INFO] Pass: UnitarySynthesis - 0.00501 (ms)
2026-07-12 21:54:21,426 [INFO] Pass: RemoveIdentityEquivalent - 0.00644 (ms)
2026-07-12 21:54:21,426 [INFO] Pass: ContractIdleWiresInControlFlow - 0.00215 (ms)
2026-07-12 21:54:21,426 [INFO] Pass: HighLevelSynthesis - 0.05674 (ms)
2026-07-12 21:54:21,426 [INFO] Pass: Size - 0.00334 (ms)
2026-07-12 21:54:21,426 [INFO] Pass: ContractIdleWiresInControlFlow - 0.00215 (ms)
2026-07-12 21:54:21,426 [INFO] Pass: HighLevelSynthesis - 0.05674 (ms)
2026-07-12 21:54:21,426 [INFO] Pass: FixedPoint - 0.00310 (ms)
2026-07-12 21:54:21,426 [INFO] Pass: HighLevelSynthesis - 0.05698 (ms)
2026-07-12 21:54:21,426 [INFO] Pass: Depth - 0.03529 (ms)
2026-07-12 21:54:21,426 [INFO] Pass: InverseCancellation - 0.02980 (ms)
2026-07-12 21:54:21,426 [INFO] Pass: Depth - 0.03481 (ms)
2026-07-12 21:54:21,426 [INFO] Pass: ConsolidateBlocks - 0.05627 (ms)
2026-07-12 21:54:21,426 [INFO] Pass: RemoveIdentityEquivalent - 0.00548 (ms)
2026-07-12 21:54:21,426 [INFO] Pass: FixedPoint - 0.00596 (ms)
2026-07-12 21:54:21,426 [INFO] Pass: ContractIdleWiresInControlFlow - 0.00238 (ms)
2026-07-12 21:54:21,426 [INFO] Pass: FixedPoint - 0.00525 (ms)
2026-07-12 21:54:21,426 [INFO] Pass: ContainsInstruction - 0.01097 (ms)
2026-07-12 21:54:21,426 [INFO] Pass: Split2QUnitaries - 0.00286 (ms)
2026-07-12 21:54:21,426 [INFO] Pass: Size - 0.00310 (ms)
2026-07-12 21:54:21,426 [INFO] Pass: Size - 0.00310 (ms)
2026-07-12 21:54:21,426 [INFO] Pass: BasisTranslator - 0.08702 (ms)
2026-07-12 21:54:21,426 [INFO] Pass: FixedPoint - 0.00310 (ms)
2026-07-12 21:54:21,426 [INFO] Pass: UnitarySynthesis - 0.00548 (ms)
2026-07-12 21:54:21,426 [INFO] Pass: FixedPoint - 0.00334 (ms)
2026-07-12 21:54:21,426 [INFO] Pass: UnitarySynthesis - 0.00691 (ms)
2026-07-12 21:54:21,426 [INFO] Pass: CommutativeCancellation - 0.12016 (ms)
2026-07-12 21:54:21,426 [INFO] Pass: BasisTranslator - 0.08941 (ms)
2026-07-12 21:54:21,426 [INFO] Pass: RemoveIdentityEquivalent - 0.00548 (ms)
2026-07-12 21:54:21,426 [INFO] Pass: RemoveIdentityEquivalent - 0.00501 (ms)
2026-07-12 21:54:21,426 [INFO] Pass: CommutativeCancellation - 0.11230 (ms)
2026-07-12 21:54:21,426 [INFO] Pass: BasisTranslator - 0.08726 (ms)
2026-07-12 21:54:21,426 [INFO] Pass: HighLevelSynthesis - 0.00525 (ms)
2026-07-12 21:54:21,426 [INFO] Pass: HighLevelSynthesis - 0.05746 (ms)
2026-07-12 21:54:21,426 [INFO] Pass: ConsolidateBlocks - 0.06199 (ms)
2026-07-12 21:54:21,426 [INFO] Pass: CommutativeCancellation - 0.11492 (ms)
2026-07-12 21:54:21,426 [INFO] Pass: ConsolidateBlocks - 0.05531 (ms)
2026-07-12 21:54:21,426 [INFO] Pass: Optimize1qGatesDecomposition - 0.13685 (ms)
2026-07-12 21:54:21,426 [INFO] Pass: UnitarySynthesis - 0.00525 (ms)
2026-07-12 21:54:21,426 [INFO] Pass: ConsolidateBlocks - 0.06104 (ms)
2026-07-12 21:54:21,426 [INFO] Pass: ConsolidateBlocks - 0.05603 (ms)
2026-07-12 21:54:21,426 [INFO] Pass: BasisTranslator - 0.04911 (ms)
2026-07-12 21:54:21,426 [INFO] Pass: ConsolidateBlocks - 0.06127 (ms)
2026-07-12 21:54:21,426 [INFO] Pass: Split2QUnitaries - 0.00262 (ms)
2026-07-12 21:54:21,426 [INFO] Pass: UnitarySynthesis - 0.00501 (ms)
2026-07-12 21:54:21,426 [INFO] Pass: Split2QUnitaries - 0.00310 (ms)
2026-07-12 21:54:21,426 [INFO] Pass: ElidePermutations - 0.00405 (ms)
2026-07-12 21:54:21,426 [INFO] Pass: UnitarySynthesis - 0.00501 (ms)
2026-07-12 21:54:21,426 [INFO] Pass: UnitarySynthesis - 0.00525 (ms)
2026-07-12 21:54:21,426 [INFO] Pass: Depth - 0.03457 (ms)
2026-07-12 21:54:21,426 [INFO] Pass: UnitarySynthesis - 0.00525 (ms)
2026-07-12 21:54:21,426 [INFO] Pass: ConsolidateBlocks - 0.05627 (ms)
2026-07-12 21:54:21,426 [INFO] Pass: RemoveDiagonalGatesBeforeMeasure - 0.00644 (ms)
2026-07-12 21:54:21,426 [INFO] Pass: Optimize1qGatesDecomposition - 0.13089 (ms)
2026-07-12 21:54:21,426 [INFO] Pass: Optimize1qGatesDecomposition - 0.12898 (ms)
2026-07-12 21:54:21,426 [INFO] Pass: BasisTranslator - 0.08798 (ms)
2026-07-12 21:54:21,426 [INFO] Pass: FixedPoint - 0.00572 (ms)
2026-07-12 21:54:21,426 [INFO] Pass: Depth - 0.03386 (ms)
2026-07-12 21:54:21,426 [INFO] Pass: Split2QUnitaries - 0.00310 (ms)
2026-07-12 21:54:21,426 [INFO] Pass: RemoveIdentityEquivalent - 0.00691 (ms)
2026-07-12 21:54:21,426 [INFO] Pass: Depth - 0.03457 (ms)
2026-07-12 21:54:21,426 [INFO] Pass: Size - 0.00334 (ms)
2026-07-12 21:54:21,426 [INFO] Pass: FixedPoint - 0.00548 (ms)
2026-07-12 21:54:21,426 [INFO] Pass: UnitarySynthesis - 0.00501 (ms)
2026-07-12 21:54:21,426 [INFO] Pass: HighLevelSynthesis - 0.05674 (ms)
2026-07-12 21:54:21,426 [INFO] Pass: FixedPoint - 0.00310 (ms)
2026-07-12 21:54:21,426 [INFO] Pass: FixedPoint - 0.00572 (ms)
2026-07-12 21:54:21,426 [INFO] Pass: Size - 0.00310 (ms)
2026-07-12 21:54:21,426 [INFO] Pass: HighLevelSynthesis - 0.05794 (ms)
2026-07-12 21:54:21,426 [INFO] Pass: CommutativeCancellation - 0.12589 (ms)
2026-07-12 21:54:21,427 [INFO] Pass: Size - 0.00381 (ms)
2026-07-12 21:54:21,427 [INFO] Pass: InverseCancellation - 0.02956 (ms)
2026-07-12 21:54:21,427 [INFO] Pass: RemoveIdentityEquivalent - 0.00548 (ms)
2026-07-12 21:54:21,427 [INFO] Pass: FixedPoint - 0.00334 (ms)
2026-07-12 21:54:21,427 [INFO] Pass: ConsolidateBlocks - 0.06032 (ms)
2026-07-12 21:54:21,427 [INFO] Pass: FixedPoint - 0.00310 (ms)
2026-07-12 21:54:21,427 [INFO] Pass: ContractIdleWiresInControlFlow - 0.00238 (ms)
2026-07-12 21:54:21,427 [INFO] Pass: ContractIdleWiresInControlFlow - 0.00191 (ms)
2026-07-12 21:54:21,427 [INFO] Pass: RemoveIdentityEquivalent - 0.00525 (ms)
2026-07-12 21:54:21,427 [INFO] Pass: UnitarySynthesis - 0.00501 (ms)
2026-07-12 21:54:21,427 [INFO] Pass: HighLevelSynthesis - 0.05627 (ms)
2026-07-12 21:54:21,427 [INFO] Pass: RemoveIdentityEquivalent - 0.00525 (ms)
2026-07-12 21:54:21,427 [INFO] Pass: CommutativeCancellation - 0.12755 (ms)
2026-07-12 21:54:21,427 [INFO] Pass: CommutativeCancellation - 0.12994 (ms)
2026-07-12 21:54:21,427 [INFO] Pass: BasisTranslator - 0.08821 (ms)
2026-07-12 21:54:21,427 [INFO] Pass: BasisTranslator - 0.08607 (ms)
2026-07-12 21:54:21,427 [INFO] Pass: GatesInBasis - 0.04745 (ms)
2026-07-12 21:54:21,427 [INFO] Pass: Depth - 0.03552 (ms)
2026-07-12 21:54:21,427 [INFO] Pass: ContractIdleWiresInControlFlow - 0.00215 (ms)
2026-07-12 21:54:21,427 [INFO] Pass: ContractIdleWiresInControlFlow - 0.00215 (ms)
2026-07-12 21:54:21,427 [INFO] Pass: FixedPoint - 0.00572 (ms)
2026-07-12 21:54:21,427 [INFO] Pass: Size - 0.00310 (ms)
2026-07-12 21:54:21,427 [INFO] Pass: Depth - 0.03481 (ms)
2026-07-12 21:54:21,427 [INFO] Pass: Optimize1qGatesDecomposition - 0.13018 (ms)
2026-07-12 21:54:21,427 [INFO] Pass: BasisTranslator - 0.09608 (ms)
2026-07-12 21:54:21,427 [INFO] Pass: GatesInBasis - 0.05436 (ms)
2026-07-12 21:54:21,427 [INFO] Pass: ConsolidateBlocks - 0.06795 (ms)
2026-07-12 21:54:21,427 [INFO] Pass: CommutativeCancellation - 0.12112 (ms)
2026-07-12 21:54:21,427 [INFO] Pass: FixedPoint - 0.00358 (ms)
2026-07-12 21:54:21,427 [INFO] Pass: GatesInBasis - 0.05555 (ms)
2026-07-12 21:54:21,427 [INFO] Pass: FixedPoint - 0.00429 (ms)
2026-07-12 21:54:21,427 [INFO] Pass: ConsolidateBlocks - 0.06866 (ms)
2026-07-12 21:54:21,427 [INFO] Pass: Optimize1qGatesDecomposition - 0.13518 (ms)
2026-07-12 21:54:21,427 [INFO] Pass: UnitarySynthesis - 0.00501 (ms)
2026-07-12 21:54:21,427 [INFO] Pass: Size - 0.00238 (ms)
2026-07-12 21:54:21,427 [INFO] Pass: RemoveIdentityEquivalent - 0.00525 (ms)
2026-07-12 21:54:21,427 [INFO] Pass: Optimize1qGatesDecomposition - 0.14091 (ms)
2026-07-12 21:54:21,427 [INFO] Pass: UnitarySynthesis - 0.00477 (ms)
2026-07-12 21:54:21,427 [INFO] Pass: Depth - 0.03362 (ms)
2026-07-12 21:54:21,427 [INFO] Pass: FixedPoint - 0.00978 (ms)
2026-07-12 21:54:21,427 [INFO] Pass: Depth - 0.03648 (ms)
2026-07-12 21:54:21,427 [INFO] Pass: FixedPoint - 0.00381 (ms)
2026-07-12 21:54:21,427 [INFO] Pass: ConsolidateBlocks - 0.06056 (ms)
2026-07-12 21:54:21,427 [INFO] Pass: Depth - 0.03505 (ms)
2026-07-12 21:54:21,427 [INFO] Pass: ConsolidateBlocks - 0.05603 (ms)
2026-07-12 21:54:21,427 [INFO] Pass: ContainsInstruction - 0.00548 (ms)
2026-07-12 21:54:21,427 [INFO] Pass: FixedPoint - 0.00405 (ms)
2026-07-12 21:54:21,427 [INFO] Pass: Depth - 0.03505 (ms)
2026-07-12 21:54:21,427 [INFO] Pass: Size - 0.00215 (ms)
2026-07-12 21:54:21,427 [INFO] Pass: UnitarySynthesis - 0.00477 (ms)
2026-07-12 21:54:21,427 [INFO] Pass: FixedPoint - 0.00548 (ms)
2026-07-12 21:54:21,427 [INFO] Pass: Split2QUnitaries - 0.00286 (ms)
2026-07-12 21:54:21,427 [INFO] Pass: Size - 0.00215 (ms)
2026-07-12 21:54:21,427 [INFO] Pass: FixedPoint - 0.00501 (ms)
2026-07-12 21:54:21,427 [INFO] Pass: FixedPoint - 0.01025 (ms)
2026-07-12 21:54:21,427 [INFO] Pass: Size - 0.00310 (ms)
2026-07-12 21:54:21,427 [INFO] Pass: UnitarySynthesis - 0.00548 (ms)
2026-07-12 21:54:21,427 [INFO] Pass: FixedPoint - 0.01049 (ms)
2026-07-12 21:54:21,427 [INFO] Pass: CommutativeCancellation - 0.12565 (ms)
2026-07-12 21:54:21,427 [INFO] Pass: Size - 0.00286 (ms)
2026-07-12 21:54:21,427 [INFO] Pass: FixedPoint - 0.00334 (ms)
2026-07-12 21:54:21,427 [INFO] Pass: ContainsInstruction - 0.00548 (ms)
2026-07-12 21:54:21,427 [INFO] Pass: Depth - 0.03481 (ms)
2026-07-12 21:54:21,427 [INFO] Pass: FixedPoint - 0.00310 (ms)
2026-07-12 21:54:21,427 [INFO] Pass: ContractIdleWiresInControlFlow - 0.00215 (ms)
2026-07-12 21:54:21,427 [INFO] Pass: ContainsInstruction - 0.00572 (ms)
2026-07-12 21:54:21,427 [INFO] Pass: CommutativeCancellation - 0.12732 (ms)
2026-07-12 21:54:21,427 [INFO] Pass: RemoveIdentityEquivalent - 0.00525 (ms)
2026-07-12 21:54:21,427 [INFO] Pass: FixedPoint - 0.00501 (ms)
2026-07-12 21:54:21,427 [INFO] Pass: Optimize1qGatesDecomposition - 0.13399 (ms)
2026-07-12 21:54:21,427 [INFO] Pass: CommutativeCancellation - 0.12231 (ms)
2026-07-12 21:54:21,427 [INFO] Pass: RemoveIdentityEquivalent - 0.00525 (ms)
2026-07-12 21:54:21,427 [INFO] Pass: ContractIdleWiresInControlFlow - 0.00215 (ms)
2026-07-12 21:54:21,427 [INFO] Pass: Size - 0.00310 (ms)
2026-07-12 21:54:21,427 [INFO] Pass: HighLevelSynthesis - 0.05722 (ms)
2026-07-12 21:54:21,427 [INFO] Pass: ContractIdleWiresInControlFlow - 0.00238 (ms)
2026-07-12 21:54:21,427 [INFO] Pass: FixedPoint - 0.00334 (ms)
2026-07-12 21:54:21,427 [INFO] Pass: GatesInBasis - 0.04721 (ms)
2026-07-12 21:54:21,427 [INFO] Pass: RemoveIdentityEquivalent - 0.00525 (ms)
2026-07-12 21:54:21,427 [INFO] Pass: GatesInBasis - 0.04768 (ms)
2026-07-12 21:54:21,427 [INFO] Pass: GatesInBasis - 0.04911 (ms)
2026-07-12 21:54:21,427 [INFO] Pass: Depth - 0.03338 (ms)
2026-07-12 21:54:21,427 [INFO] Pass: Depth - 0.03314 (ms)
2026-07-12 21:54:21,427 [INFO] Pass: FixedPoint - 0.00429 (ms)
2026-07-12 21:54:21,427 [INFO] Pass: BasisTranslator - 0.08869 (ms)
2026-07-12 21:54:21,427 [INFO] Pass: Optimize1qGatesDecomposition - 0.13018 (ms)
2026-07-12 21:54:21,427 [INFO] Pass: CommutativeCancellation - 0.12398 (ms)
2026-07-12 21:54:21,427 [INFO] Pass: Size - 0.00238 (ms)
2026-07-12 21:54:21,427 [INFO] Pass: FixedPoint - 0.00429 (ms)
2026-07-12 21:54:21,427 [INFO] Pass: Optimize1qGatesDecomposition - 0.13018 (ms)
2026-07-12 21:54:21,427 [INFO] Pass: Depth - 0.03433 (ms)
2026-07-12 21:54:21,427 [INFO] Pass: Size - 0.00262 (ms)
2026-07-12 21:54:21,427 [INFO] Pass: ContractIdleWiresInControlFlow - 0.00238 (ms)
2026-07-12 21:54:21,427 [INFO] Pass: FixedPoint - 0.01025 (ms)
2026-07-12 21:54:21,427 [INFO] Pass: FixedPoint - 0.00429 (ms)
2026-07-12 21:54:21,427 [INFO] Pass: FixedPoint - 0.01049 (ms)
2026-07-12 21:54:21,427 [INFO] Pass: Size - 0.00238 (ms)
2026-07-12 21:54:21,427 [INFO] Pass: ConsolidateBlocks - 0.05984 (ms)
2026-07-12 21:54:21,427 [INFO] Pass: ContainsInstruction - 0.00525 (ms)
2026-07-12 21:54:21,427 [INFO] Pass: Optimize1qGatesDecomposition - 0.13208 (ms)
2026-07-12 21:54:21,427 [INFO] Pass: FixedPoint - 0.01097 (ms)
2026-07-12 21:54:21,427 [INFO] Pass: ContainsInstruction - 0.00572 (ms)
2026-07-12 21:54:21,427 [INFO] Pass: GatesInBasis - 0.04768 (ms)
2026-07-12 21:54:21,427 [INFO] Pass: UnitarySynthesis - 0.00453 (ms)
2026-07-12 21:54:21,427 [INFO] Pass: ContainsInstruction - 0.00548 (ms)
2026-07-12 21:54:21,427 [INFO] Pass: Depth - 0.03386 (ms)
2026-07-12 21:54:21,427 [INFO] Pass: Depth - 0.03624 (ms)
2026-07-12 21:54:21,427 [INFO] Pass: CommutativeCancellation - 0.13232 (ms)
2026-07-12 21:54:21,427 [INFO] Pass: CommutativeCancellation - 0.12541 (ms)
2026-07-12 21:54:21,427 [INFO] Pass: FixedPoint - 0.00525 (ms)
2026-07-12 21:54:21,427 [INFO] Pass: FixedPoint - 0.00429 (ms)
2026-07-12 21:54:21,427 [INFO] Pass: ContractIdleWiresInControlFlow - 0.00215 (ms)
2026-07-12 21:54:21,427 [INFO] Pass: ContractIdleWiresInControlFlow - 0.00262 (ms)
2026-07-12 21:54:21,427 [INFO] Total Transpile Time - 55.69839 (ms)
2026-07-12 21:54:21,427 [INFO] Pass: Size - 0.00262 (ms)
2026-07-12 21:54:21,427 [INFO] Pass: Size - 0.00334 (ms)
2026-07-12 21:54:21,427 [INFO] Pass: FixedPoint - 0.00334 (ms)
2026-07-12 21:54:21,427 [INFO] Pass: CommutativeCancellation - 0.12231 (ms)
2026-07-12 21:54:21,427 [INFO] Pass: FixedPoint - 0.01049 (ms)
2026-07-12 21:54:21,427 [INFO] Pass: GatesInBasis - 0.04888 (ms)
2026-07-12 21:54:21,427 [INFO] Pass: ContractIdleWiresInControlFlow - 0.00191 (ms)
2026-07-12 21:54:21,427 [INFO] Pass: RemoveIdentityEquivalent - 0.00525 (ms)
2026-07-12 21:54:21,427 [INFO] Pass: ContainsInstruction - 0.00572 (ms)
2026-07-12 21:54:21,427 [INFO] Pass: GatesInBasis - 0.04864 (ms)
2026-07-12 21:54:21,427 [INFO] Total Transpile Time - 55.84836 (ms)
2026-07-12 21:54:21,427 [INFO] Total Transpile Time - 55.62663 (ms)
2026-07-12 21:54:21,427 [INFO] Pass: Depth - 0.03648 (ms)
2026-07-12 21:54:21,427 [INFO] Pass: GatesInBasis - 0.04745 (ms)
2026-07-12 21:54:21,427 [INFO] Pass: Depth - 0.03552 (ms)
2026-07-12 21:54:21,427 [INFO] Pass: FixedPoint - 0.00405 (ms)
2026-07-12 21:54:21,427 [INFO] Pass: FixedPoint - 0.00405 (ms)
2026-07-12 21:54:21,427 [INFO] Pass: Size - 0.00238 (ms)
2026-07-12 21:54:21,427 [INFO] Pass: Size - 0.00215 (ms)
2026-07-12 21:54:21,427 [INFO] Pass: Depth - 0.03338 (ms)
2026-07-12 21:54:21,427 [INFO] Pass: FixedPoint - 0.00978 (ms)
2026-07-12 21:54:21,427 [INFO] Pass: FixedPoint - 0.01049 (ms)
2026-07-12 21:54:21,427 [INFO] Pass: FixedPoint - 0.00381 (ms)
2026-07-12 21:54:21,427 [INFO] Pass: Optimize1qGatesDecomposition - 0.12994 (ms)
2026-07-12 21:54:21,427 [INFO] Pass: ContainsInstruction - 0.00525 (ms)
2026-07-12 21:54:21,427 [INFO] Pass: Size - 0.00262 (ms)
2026-07-12 21:54:21,427 [INFO] Pass: ContainsInstruction - 0.00525 (ms)
2026-07-12 21:54:21,428 [INFO] Pass: FixedPoint - 0.01025 (ms)
2026-07-12 21:54:21,428 [INFO] Pass: ContainsInstruction - 0.00548 (ms)
2026-07-12 21:54:21,428 [INFO] Total Transpile Time - 55.80902 (ms)
2026-07-12 21:54:21,428 [INFO] Total Transpile Time - 55.85647 (ms)
2026-07-12 21:54:21,428 [INFO] Pass: CommutativeCancellation - 0.12565 (ms)
2026-07-12 21:54:21,428 [INFO] Pass: ContractIdleWiresInControlFlow - 0.00191 (ms)
2026-07-12 21:54:21,428 [INFO] Total Transpile Time - 56.14471 (ms)
2026-07-12 21:54:21,428 [INFO] Pass: GatesInBasis - 0.04816 (ms)
2026-07-12 21:54:21,428 [INFO] Pass: Depth - 0.03362 (ms)
2026-07-12 21:54:21,428 [INFO] Total Transpile Time - 55.93324 (ms)
2026-07-12 21:54:21,428 [INFO] Pass: FixedPoint - 0.00405 (ms)
2026-07-12 21:54:21,428 [INFO] Pass: Size - 0.00238 (ms)
2026-07-12 21:54:21,428 [INFO] Pass: FixedPoint - 0.01121 (ms)
2026-07-12 21:54:21,428 [INFO] Pass: ContainsInstruction - 0.00525 (ms)
2026-07-12 21:54:21,428 [INFO] Total Transpile Time - 56.17404 (ms)
2026-07-12 21:54:21,428 [INFO] Total Transpile Time - 56.07605 (ms)
2026-07-12 21:54:21,428 [INFO] Total Transpile Time - 56.23507 (ms)
2026-07-12 21:54:21,428 [INFO] Total Transpile Time - 56.39219 (ms)
2026-07-12 21:54:21,436 [INFO] Pass: ContainsInstruction - 0.01097 (ms)
2026-07-12 21:54:21,436 [INFO] Pass: UnitarySynthesis - 0.00691 (ms)
2026-07-12 21:54:21,436 [INFO] Pass: HighLevelSynthesis - 0.00501 (ms)
2026-07-12 21:54:21,436 [INFO] Pass: BasisTranslator - 0.04840 (ms)
2026-07-12 21:54:21,436 [INFO] Pass: ElidePermutations - 0.00405 (ms)
2026-07-12 21:54:21,436 [INFO] Pass: RemoveDiagonalGatesBeforeMeasure - 0.00644 (ms)
2026-07-12 21:54:21,436 [INFO] Pass: RemoveIdentityEquivalent - 0.00572 (ms)
2026-07-12 21:54:21,437 [INFO] Pass: InverseCancellation - 0.03028 (ms)
2026-07-12 21:54:21,437 [INFO] Pass: ContractIdleWiresInControlFlow - 0.00238 (ms)
2026-07-12 21:54:21,437 [INFO] Pass: CommutativeCancellation - 0.12517 (ms)
2026-07-12 21:54:21,437 [INFO] Pass: ConsolidateBlocks - 0.05579 (ms)
2026-07-12 21:54:21,437 [INFO] Pass: Split2QUnitaries - 0.00262 (ms)
2026-07-12 21:54:21,437 [INFO] Pass: UnitarySynthesis - 0.00501 (ms)
2026-07-12 21:54:21,437 [INFO] Pass: HighLevelSynthesis - 0.05794 (ms)
2026-07-12 21:54:21,437 [INFO] Pass: BasisTranslator - 0.08750 (ms)
2026-07-12 21:54:21,437 [INFO] Pass: ConsolidateBlocks - 0.05984 (ms)
2026-07-12 21:54:21,437 [INFO] Pass: UnitarySynthesis - 0.00429 (ms)
2026-07-12 21:54:21,437 [INFO] Pass: Depth - 0.03457 (ms)
2026-07-12 21:54:21,437 [INFO] Pass: FixedPoint - 0.00525 (ms)
2026-07-12 21:54:21,437 [INFO] Pass: Size - 0.00286 (ms)
2026-07-12 21:54:21,437 [INFO] Pass: FixedPoint - 0.00334 (ms)
2026-07-12 21:54:21,437 [INFO] Pass: RemoveIdentityEquivalent - 0.00548 (ms)
2026-07-12 21:54:21,437 [INFO] Pass: Optimize1qGatesDecomposition - 0.12946 (ms)
2026-07-12 21:54:21,438 [INFO] Pass: CommutativeCancellation - 0.12779 (ms)
2026-07-12 21:54:21,438 [INFO] Pass: ContractIdleWiresInControlFlow - 0.00215 (ms)
2026-07-12 21:54:21,438 [INFO] Pass: GatesInBasis - 0.04864 (ms)
2026-07-12 21:54:21,438 [INFO] Pass: Depth - 0.03242 (ms)
2026-07-12 21:54:21,438 [INFO] Pass: FixedPoint - 0.00381 (ms)
2026-07-12 21:54:21,438 [INFO] Pass: Size - 0.00238 (ms)
2026-07-12 21:54:21,438 [INFO] Pass: FixedPoint - 0.01049 (ms)
2026-07-12 21:54:21,438 [INFO] Pass: ContainsInstruction - 0.00525 (ms)
2026-07-12 21:54:21,438 [INFO] Total Transpile Time - 55.82952 (ms)
2026-07-12 21:54:21,481 [INFO] Pass: ContainsInstruction - 0.00978 (ms)
2026-07-12 21:54:21,481 [INFO] Pass: UnitarySynthesis - 0.00811 (ms)
2026-07-12 21:54:21,481 [INFO] Pass: HighLevelSynthesis - 0.00525 (ms)
2026-07-12 21:54:21,481 [INFO] Pass: BasisTranslator - 0.04768 (ms)
2026-07-12 21:54:21,481 [INFO] Pass: ContainsInstruction - 0.01001 (ms)
2026-07-12 21:54:21,481 [INFO] Pass: ElidePermutations - 0.00381 (ms)
2026-07-12 21:54:21,481 [INFO] Pass: RemoveDiagonalGatesBeforeMeasure - 0.00596 (ms)
2026-07-12 21:54:21,481 [INFO] Pass: UnitarySynthesis - 0.00787 (ms)
2026-07-12 21:54:21,481 [INFO] Pass: ContainsInstruction - 0.01073 (ms)
2026-07-12 21:54:21,481 [INFO] Pass: RemoveIdentityEquivalent - 0.00691 (ms)
2026-07-12 21:54:21,481 [INFO] Pass: HighLevelSynthesis - 0.00477 (ms)
2026-07-12 21:54:21,481 [INFO] Pass: UnitarySynthesis - 0.00739 (ms)
2026-07-12 21:54:21,481 [INFO] Pass: InverseCancellation - 0.03004 (ms)
2026-07-12 21:54:21,481 [INFO] Pass: HighLevelSynthesis - 0.00548 (ms)
2026-07-12 21:54:21,481 [INFO] Pass: ContractIdleWiresInControlFlow - 0.00215 (ms)
2026-07-12 21:54:21,481 [INFO] Pass: BasisTranslator - 0.04840 (ms)
2026-07-12 21:54:21,481 [INFO] Pass: ContainsInstruction - 0.01049 (ms)
2026-07-12 21:54:21,481 [INFO] Pass: ElidePermutations - 0.00429 (ms)
2026-07-12 21:54:21,481 [INFO] Pass: UnitarySynthesis - 0.00763 (ms)
2026-07-12 21:54:21,481 [INFO] Pass: BasisTranslator - 0.04745 (ms)
2026-07-12 21:54:21,481 [INFO] Pass: RemoveDiagonalGatesBeforeMeasure - 0.00644 (ms)
2026-07-12 21:54:21,481 [INFO] Pass: ElidePermutations - 0.00429 (ms)
2026-07-12 21:54:21,481 [INFO] Pass: RemoveIdentityEquivalent - 0.00715 (ms)
2026-07-12 21:54:21,481 [INFO] Pass: HighLevelSynthesis - 0.00477 (ms)
2026-07-12 21:54:21,481 [INFO] Pass: RemoveDiagonalGatesBeforeMeasure - 0.00596 (ms)
2026-07-12 21:54:21,481 [INFO] Pass: CommutativeCancellation - 0.11539 (ms)
2026-07-12 21:54:21,481 [INFO] Pass: InverseCancellation - 0.02956 (ms)
2026-07-12 21:54:21,481 [INFO] Pass: RemoveIdentityEquivalent - 0.00668 (ms)
2026-07-12 21:54:21,481 [INFO] Pass: ContractIdleWiresInControlFlow - 0.00191 (ms)
2026-07-12 21:54:21,481 [INFO] Pass: BasisTranslator - 0.04864 (ms)
2026-07-12 21:54:21,481 [INFO] Pass: ElidePermutations - 0.00381 (ms)
2026-07-12 21:54:21,481 [INFO] Pass: InverseCancellation - 0.02956 (ms)
2026-07-12 21:54:21,481 [INFO] Pass: ConsolidateBlocks - 0.05722 (ms)
2026-07-12 21:54:21,481 [INFO] Pass: ContractIdleWiresInControlFlow - 0.00191 (ms)
2026-07-12 21:54:21,481 [INFO] Pass: RemoveDiagonalGatesBeforeMeasure - 0.00572 (ms)
2026-07-12 21:54:21,481 [INFO] Pass: Split2QUnitaries - 0.00286 (ms)
2026-07-12 21:54:21,481 [INFO] Pass: ContainsInstruction - 0.01049 (ms)
2026-07-12 21:54:21,481 [INFO] Pass: RemoveIdentityEquivalent - 0.00691 (ms)
2026-07-12 21:54:21,481 [INFO] Pass: UnitarySynthesis - 0.01383 (ms)
2026-07-12 21:54:21,481 [INFO] Pass: UnitarySynthesis - 0.00763 (ms)
2026-07-12 21:54:21,481 [INFO] Pass: InverseCancellation - 0.03004 (ms)
2026-07-12 21:54:21,481 [INFO] Pass: CommutativeCancellation - 0.11992 (ms)
2026-07-12 21:54:21,481 [INFO] Pass: ContractIdleWiresInControlFlow - 0.00191 (ms)
2026-07-12 21:54:21,481 [INFO] Pass: HighLevelSynthesis - 0.00501 (ms)
2026-07-12 21:54:21,481 [INFO] Pass: HighLevelSynthesis - 0.05841 (ms)
2026-07-12 21:54:21,481 [INFO] Pass: CommutativeCancellation - 0.11134 (ms)
2026-07-12 21:54:21,481 [INFO] Pass: ConsolidateBlocks - 0.05627 (ms)
2026-07-12 21:54:21,481 [INFO] Pass: ContainsInstruction - 0.01097 (ms)
2026-07-12 21:54:21,481 [INFO] Pass: BasisTranslator - 0.04864 (ms)
2026-07-12 21:54:21,481 [INFO] Pass: ContainsInstruction - 0.01025 (ms)
2026-07-12 21:54:21,481 [INFO] Pass: Split2QUnitaries - 0.00262 (ms)
2026-07-12 21:54:21,481 [INFO] Pass: ElidePermutations - 0.00405 (ms)
2026-07-12 21:54:21,481 [INFO] Pass: ConsolidateBlocks - 0.05603 (ms)
2026-07-12 21:54:21,481 [INFO] Pass: UnitarySynthesis - 0.00739 (ms)
2026-07-12 21:54:21,481 [INFO] Pass: UnitarySynthesis - 0.01359 (ms)
2026-07-12 21:54:21,481 [INFO] Pass: UnitarySynthesis - 0.00715 (ms)
2026-07-12 21:54:21,481 [INFO] Pass: RemoveDiagonalGatesBeforeMeasure - 0.00620 (ms)
2026-07-12 21:54:21,481 [INFO] Pass: BasisTranslator - 0.08798 (ms)
2026-07-12 21:54:21,481 [INFO] Pass: Split2QUnitaries - 0.00262 (ms)
2026-07-12 21:54:21,481 [INFO] Pass: CommutativeCancellation - 0.11230 (ms)
2026-07-12 21:54:21,481 [INFO] Pass: HighLevelSynthesis - 0.00548 (ms)
2026-07-12 21:54:21,481 [INFO] Pass: HighLevelSynthesis - 0.00453 (ms)
2026-07-12 21:54:21,481 [INFO] Pass: RemoveIdentityEquivalent - 0.00763 (ms)
2026-07-12 21:54:21,481 [INFO] Pass: UnitarySynthesis - 0.01502 (ms)
2026-07-12 21:54:21,481 [INFO] Pass: HighLevelSynthesis - 0.05817 (ms)
2026-07-12 21:54:21,481 [INFO] Pass: InverseCancellation - 0.02980 (ms)
2026-07-12 21:54:21,481 [INFO] Pass: ConsolidateBlocks - 0.05674 (ms)
2026-07-12 21:54:21,481 [INFO] Pass: BasisTranslator - 0.04840 (ms)
2026-07-12 21:54:21,481 [INFO] Pass: ConsolidateBlocks - 0.06151 (ms)
2026-07-12 21:54:21,482 [INFO] Pass: BasisTranslator - 0.04792 (ms)
2026-07-12 21:54:21,482 [INFO] Pass: ContractIdleWiresInControlFlow - 0.00191 (ms)
2026-07-12 21:54:21,482 [INFO] Pass: Split2QUnitaries - 0.00262 (ms)
2026-07-12 21:54:21,482 [INFO] Pass: HighLevelSynthesis - 0.05913 (ms)
2026-07-12 21:54:21,482 [INFO] Pass: ElidePermutations - 0.00405 (ms)
2026-07-12 21:54:21,482 [INFO] Pass: UnitarySynthesis - 0.00477 (ms)
2026-07-12 21:54:21,482 [INFO] Pass: ElidePermutations - 0.00405 (ms)
2026-07-12 21:54:21,482 [INFO] Pass: RemoveDiagonalGatesBeforeMeasure - 0.00644 (ms)
2026-07-12 21:54:21,482 [INFO] Pass: RemoveDiagonalGatesBeforeMeasure - 0.00620 (ms)
2026-07-12 21:54:21,482 [INFO] Pass: UnitarySynthesis - 0.01431 (ms)
2026-07-12 21:54:21,482 [INFO] Pass: BasisTranslator - 0.08798 (ms)
2026-07-12 21:54:21,482 [INFO] Pass: ContainsInstruction - 0.01001 (ms)
2026-07-12 21:54:21,482 [INFO] Pass: RemoveIdentityEquivalent - 0.00715 (ms)
2026-07-12 21:54:21,482 [INFO] Pass: Depth - 0.03600 (ms)
2026-07-12 21:54:21,482 [INFO] Pass: RemoveIdentityEquivalent - 0.00691 (ms)
2026-07-12 21:54:21,482 [INFO] Pass: FixedPoint - 0.00548 (ms)
2026-07-12 21:54:21,482 [INFO] Pass: UnitarySynthesis - 0.00763 (ms)
2026-07-12 21:54:21,482 [INFO] Pass: Size - 0.00310 (ms)
2026-07-12 21:54:21,482 [INFO] Pass: BasisTranslator - 0.09036 (ms)
2026-07-12 21:54:21,482 [INFO] Pass: InverseCancellation - 0.03028 (ms)
2026-07-12 21:54:21,482 [INFO] Pass: InverseCancellation - 0.03028 (ms)
2026-07-12 21:54:21,482 [INFO] Pass: HighLevelSynthesis - 0.05841 (ms)
2026-07-12 21:54:21,482 [INFO] Pass: ContainsInstruction - 0.01025 (ms)
2026-07-12 21:54:21,482 [INFO] Pass: CommutativeCancellation - 0.11301 (ms)
2026-07-12 21:54:21,482 [INFO] Pass: FixedPoint - 0.01121 (ms)
2026-07-12 21:54:21,482 [INFO] Pass: ConsolidateBlocks - 0.06056 (ms)
2026-07-12 21:54:21,482 [INFO] Pass: ContractIdleWiresInControlFlow - 0.00215 (ms)
2026-07-12 21:54:21,482 [INFO] Pass: HighLevelSynthesis - 0.01287 (ms)
2026-07-12 21:54:21,482 [INFO] Pass: ContractIdleWiresInControlFlow - 0.00215 (ms)
2026-07-12 21:54:21,482 [INFO] Pass: RemoveIdentityEquivalent - 0.00644 (ms)
2026-07-12 21:54:21,482 [INFO] Pass: UnitarySynthesis - 0.00477 (ms)
2026-07-12 21:54:21,482 [INFO] Pass: UnitarySynthesis - 0.00787 (ms)
2026-07-12 21:54:21,482 [INFO] Pass: ConsolidateBlocks - 0.06270 (ms)
2026-07-12 21:54:21,482 [INFO] Pass: HighLevelSynthesis - 0.00501 (ms)
2026-07-12 21:54:21,482 [INFO] Pass: ConsolidateBlocks - 0.05698 (ms)
2026-07-12 21:54:21,482 [INFO] Pass: BasisTranslator - 0.04792 (ms)
2026-07-12 21:54:21,482 [INFO] Pass: Depth - 0.03600 (ms)
2026-07-12 21:54:21,482 [INFO] Pass: BasisTranslator - 0.08869 (ms)
2026-07-12 21:54:21,482 [INFO] Pass: UnitarySynthesis - 0.00525 (ms)
2026-07-12 21:54:21,482 [INFO] Pass: ContainsInstruction - 0.01168 (ms)
2026-07-12 21:54:21,482 [INFO] Pass: Split2QUnitaries - 0.00262 (ms)
2026-07-12 21:54:21,482 [INFO] Pass: ElidePermutations - 0.00405 (ms)
2026-07-12 21:54:21,482 [INFO] Pass: FixedPoint - 0.00525 (ms)
2026-07-12 21:54:21,482 [INFO] Pass: RemoveDiagonalGatesBeforeMeasure - 0.00572 (ms)
2026-07-12 21:54:21,482 [INFO] Pass: Size - 0.00286 (ms)
2026-07-12 21:54:21,482 [INFO] Pass: UnitarySynthesis - 0.01431 (ms)
2026-07-12 21:54:21,482 [INFO] Pass: BasisTranslator - 0.04768 (ms)
2026-07-12 21:54:21,482 [INFO] Pass: UnitarySynthesis - 0.00739 (ms)
2026-07-12 21:54:21,482 [INFO] Pass: CommutativeCancellation - 0.11706 (ms)
2026-07-12 21:54:21,482 [INFO] Pass: CommutativeCancellation - 0.11539 (ms)
2026-07-12 21:54:21,482 [INFO] Pass: Depth - 0.03576 (ms)
2026-07-12 21:54:21,482 [INFO] Pass: FixedPoint - 0.00262 (ms)
2026-07-12 21:54:21,482 [INFO] Pass: RemoveIdentityEquivalent - 0.00787 (ms)
2026-07-12 21:54:21,482 [INFO] Pass: ElidePermutations - 0.00405 (ms)
2026-07-12 21:54:21,482 [INFO] Pass: ConsolidateBlocks - 0.06270 (ms)
2026-07-12 21:54:21,482 [INFO] Pass: FixedPoint - 0.00525 (ms)
2026-07-12 21:54:21,482 [INFO] Pass: HighLevelSynthesis - 0.00501 (ms)
2026-07-12 21:54:21,482 [INFO] Pass: RemoveIdentityEquivalent - 0.00620 (ms)
2026-07-12 21:54:21,482 [INFO] Pass: Optimize1qGatesDecomposition - 0.14305 (ms)
2026-07-12 21:54:21,482 [INFO] Pass: RemoveDiagonalGatesBeforeMeasure - 0.00715 (ms)
2026-07-12 21:54:21,482 [INFO] Pass: UnitarySynthesis - 0.00525 (ms)
2026-07-12 21:54:21,482 [INFO] Pass: Size - 0.00310 (ms)
2026-07-12 21:54:21,482 [INFO] Pass: HighLevelSynthesis - 0.05817 (ms)
2026-07-12 21:54:21,482 [INFO] Pass: InverseCancellation - 0.03195 (ms)
2026-07-12 21:54:21,482 [INFO] Pass: RemoveIdentityEquivalent - 0.00787 (ms)
2026-07-12 21:54:21,482 [INFO] Pass: ConsolidateBlocks - 0.05579 (ms)
2026-07-12 21:54:21,482 [INFO] Pass: FixedPoint - 0.00310 (ms)
2026-07-12 21:54:21,482 [INFO] Pass: ConsolidateBlocks - 0.05651 (ms)
2026-07-12 21:54:21,482 [INFO] Pass: ContractIdleWiresInControlFlow - 0.00215 (ms)
2026-07-12 21:54:21,482 [INFO] Pass: ContainsInstruction - 0.01049 (ms)
2026-07-12 21:54:21,482 [INFO] Pass: Split2QUnitaries - 0.00262 (ms)
2026-07-12 21:54:21,482 [INFO] Pass: Split2QUnitaries - 0.00238 (ms)
2026-07-12 21:54:21,482 [INFO] Pass: BasisTranslator - 0.04768 (ms)
2026-07-12 21:54:21,482 [INFO] Pass: RemoveIdentityEquivalent - 0.00620 (ms)
2026-07-12 21:54:21,482 [INFO] Pass: Depth - 0.03648 (ms)
2026-07-12 21:54:21,482 [INFO] Pass: InverseCancellation - 0.03123 (ms)
2026-07-12 21:54:21,482 [INFO] Pass: ElidePermutations - 0.00405 (ms)
2026-07-12 21:54:21,482 [INFO] Pass: FixedPoint - 0.00548 (ms)
2026-07-12 21:54:21,482 [INFO] Pass: UnitarySynthesis - 0.01383 (ms)
2026-07-12 21:54:21,482 [INFO] Pass: UnitarySynthesis - 0.01669 (ms)
2026-07-12 21:54:21,482 [INFO] Pass: ContractIdleWiresInControlFlow - 0.00215 (ms)
2026-07-12 21:54:21,482 [INFO] Pass: UnitarySynthesis - 0.00739 (ms)
2026-07-12 21:54:21,482 [INFO] Pass: Size - 0.00310 (ms)
2026-07-12 21:54:21,482 [INFO] Pass: RemoveDiagonalGatesBeforeMeasure - 0.00596 (ms)
2026-07-12 21:54:21,482 [INFO] Pass: BasisTranslator - 0.08893 (ms)
2026-07-12 21:54:21,482 [INFO] Pass: FixedPoint - 0.00310 (ms)
2026-07-12 21:54:21,482 [INFO] Pass: HighLevelSynthesis - 0.00501 (ms)
2026-07-12 21:54:21,482 [INFO] Pass: CommutativeCancellation - 0.12016 (ms)
2026-07-12 21:54:21,482 [INFO] Pass: RemoveIdentityEquivalent - 0.00787 (ms)
2026-07-12 21:54:21,482 [INFO] Pass: Optimize1qGatesDecomposition - 0.14305 (ms)
2026-07-12 21:54:21,482 [INFO] Pass: RemoveIdentityEquivalent - 0.00620 (ms)
2026-07-12 21:54:21,482 [INFO] Pass: ContractIdleWiresInControlFlow - 0.00215 (ms)
2026-07-12 21:54:21,482 [INFO] Pass: HighLevelSynthesis - 0.05841 (ms)
2026-07-12 21:54:21,482 [INFO] Pass: HighLevelSynthesis - 0.06032 (ms)
2026-07-12 21:54:21,482 [INFO] Pass: CommutativeCancellation - 0.11826 (ms)
2026-07-12 21:54:21,482 [INFO] Pass: InverseCancellation - 0.02956 (ms)
2026-07-12 21:54:21,482 [INFO] Pass: BasisTranslator - 0.04768 (ms)
2026-07-12 21:54:21,482 [INFO] Pass: ConsolidateBlocks - 0.06199 (ms)
2026-07-12 21:54:21,482 [INFO] Pass: ContractIdleWiresInControlFlow - 0.00191 (ms)
2026-07-12 21:54:21,482 [INFO] Pass: Optimize1qGatesDecomposition - 0.14043 (ms)
2026-07-12 21:54:21,482 [INFO] Pass: ElidePermutations - 0.00381 (ms)
2026-07-12 21:54:21,482 [INFO] Pass: GatesInBasis - 0.04792 (ms)
2026-07-12 21:54:21,482 [INFO] Pass: UnitarySynthesis - 0.00453 (ms)
2026-07-12 21:54:21,482 [INFO] Pass: CommutativeCancellation - 0.11563 (ms)
2026-07-12 21:54:21,482 [INFO] Pass: RemoveDiagonalGatesBeforeMeasure - 0.00668 (ms)
2026-07-12 21:54:21,482 [INFO] Pass: ConsolidateBlocks - 0.05674 (ms)
2026-07-12 21:54:21,482 [INFO] Pass: BasisTranslator - 0.09298 (ms)
2026-07-12 21:54:21,482 [INFO] Pass: BasisTranslator - 0.08941 (ms)
2026-07-12 21:54:21,482 [INFO] Pass: RemoveIdentityEquivalent - 0.00691 (ms)
2026-07-12 21:54:21,482 [INFO] Pass: Depth - 0.03433 (ms)
2026-07-12 21:54:21,482 [INFO] Pass: Split2QUnitaries - 0.00262 (ms)
2026-07-12 21:54:21,482 [INFO] Pass: Depth - 0.03529 (ms)
2026-07-12 21:54:21,482 [INFO] Pass: CommutativeCancellation - 0.11969 (ms)
2026-07-12 21:54:21,482 [INFO] Pass: FixedPoint - 0.00358 (ms)
2026-07-12 21:54:21,482 [INFO] Pass: Optimize1qGatesDecomposition - 0.14043 (ms)
2026-07-12 21:54:21,482 [INFO] Pass: FixedPoint - 0.00525 (ms)
2026-07-12 21:54:21,482 [INFO] Pass: ContractIdleWiresInControlFlow - 0.00191 (ms)
2026-07-12 21:54:21,482 [INFO] Pass: ConsolidateBlocks - 0.05722 (ms)
2026-07-12 21:54:21,482 [INFO] Pass: UnitarySynthesis - 0.01526 (ms)
2026-07-12 21:54:21,482 [INFO] Pass: Size - 0.00215 (ms)
2026-07-12 21:54:21,482 [INFO] Pass: InverseCancellation - 0.02909 (ms)
2026-07-12 21:54:21,482 [INFO] Pass: Size - 0.00310 (ms)
2026-07-12 21:54:21,482 [INFO] Pass: Split2QUnitaries - 0.00262 (ms)
2026-07-12 21:54:21,482 [INFO] Pass: CommutativeCancellation - 0.11873 (ms)
2026-07-12 21:54:21,482 [INFO] Pass: FixedPoint - 0.00358 (ms)
2026-07-12 21:54:21,482 [INFO] Pass: ContractIdleWiresInControlFlow - 0.00191 (ms)
2026-07-12 21:54:21,482 [INFO] Pass: ConsolidateBlocks - 0.06223 (ms)
2026-07-12 21:54:21,482 [INFO] Pass: CommutativeCancellation - 0.11826 (ms)
2026-07-12 21:54:21,482 [INFO] Pass: FixedPoint - 0.00286 (ms)
2026-07-12 21:54:21,482 [INFO] Pass: ConsolidateBlocks - 0.06056 (ms)
2026-07-12 21:54:21,482 [INFO] Pass: RemoveIdentityEquivalent - 0.00572 (ms)
2026-07-12 21:54:21,482 [INFO] Pass: UnitarySynthesis - 0.01574 (ms)
2026-07-12 21:54:21,482 [INFO] Pass: GatesInBasis - 0.04768 (ms)
2026-07-12 21:54:21,482 [INFO] Pass: ContractIdleWiresInControlFlow - 0.00215 (ms)
2026-07-12 21:54:21,482 [INFO] Pass: UnitarySynthesis - 0.00453 (ms)
2026-07-12 21:54:21,482 [INFO] Pass: RemoveIdentityEquivalent - 0.00620 (ms)
2026-07-12 21:54:21,482 [INFO] Pass: UnitarySynthesis - 0.00453 (ms)
2026-07-12 21:54:21,482 [INFO] Pass: HighLevelSynthesis - 0.05889 (ms)
2026-07-12 21:54:21,482 [INFO] Pass: ConsolidateBlocks - 0.05674 (ms)
2026-07-12 21:54:21,482 [INFO] Pass: Depth - 0.03576 (ms)
2026-07-12 21:54:21,482 [INFO] Pass: Depth - 0.03576 (ms)
2026-07-12 21:54:21,482 [INFO] Pass: Depth - 0.03529 (ms)
2026-07-12 21:54:21,482 [INFO] Pass: GatesInBasis - 0.04864 (ms)
2026-07-12 21:54:21,482 [INFO] Pass: Split2QUnitaries - 0.00286 (ms)
2026-07-12 21:54:21,482 [INFO] Pass: CommutativeCancellation - 0.11683 (ms)
2026-07-12 21:54:21,482 [INFO] Pass: HighLevelSynthesis - 0.05865 (ms)
2026-07-12 21:54:21,482 [INFO] Pass: FixedPoint - 0.00405 (ms)
2026-07-12 21:54:21,482 [INFO] Pass: FixedPoint - 0.00572 (ms)
2026-07-12 21:54:21,482 [INFO] Pass: FixedPoint - 0.00525 (ms)
2026-07-12 21:54:21,482 [INFO] Pass: ContractIdleWiresInControlFlow - 0.00191 (ms)
2026-07-12 21:54:21,482 [INFO] Pass: Size - 0.00238 (ms)
2026-07-12 21:54:21,482 [INFO] Pass: Size - 0.00286 (ms)
2026-07-12 21:54:21,482 [INFO] Pass: UnitarySynthesis - 0.01431 (ms)
2026-07-12 21:54:21,482 [INFO] Pass: Size - 0.00310 (ms)
2026-07-12 21:54:21,482 [INFO] Pass: CommutativeCancellation - 0.11659 (ms)
2026-07-12 21:54:21,482 [INFO] Pass: FixedPoint - 0.00358 (ms)
2026-07-12 21:54:21,482 [INFO] Pass: Depth - 0.03505 (ms)
2026-07-12 21:54:21,482 [INFO] Pass: FixedPoint - 0.00310 (ms)
2026-07-12 21:54:21,482 [INFO] Pass: BasisTranslator - 0.09084 (ms)
2026-07-12 21:54:21,482 [INFO] Pass: Optimize1qGatesDecomposition - 0.11778 (ms)
2026-07-12 21:54:21,482 [INFO] Pass: FixedPoint - 0.00310 (ms)
2026-07-12 21:54:21,482 [INFO] Pass: FixedPoint - 0.00405 (ms)
2026-07-12 21:54:21,482 [INFO] Pass: RemoveIdentityEquivalent - 0.00548 (ms)
2026-07-12 21:54:21,482 [INFO] Pass: RemoveIdentityEquivalent - 0.00620 (ms)
2026-07-12 21:54:21,482 [INFO] Pass: RemoveIdentityEquivalent - 0.00596 (ms)
2026-07-12 21:54:21,482 [INFO] Pass: GatesInBasis - 0.04768 (ms)
2026-07-12 21:54:21,482 [INFO] Pass: Optimize1qGatesDecomposition - 0.14305 (ms)
2026-07-12 21:54:21,482 [INFO] Pass: Size - 0.00238 (ms)
2026-07-12 21:54:21,482 [INFO] Pass: BasisTranslator - 0.08988 (ms)
2026-07-12 21:54:21,482 [INFO] Pass: HighLevelSynthesis - 0.05841 (ms)
2026-07-12 21:54:21,483 [INFO] Pass: FixedPoint - 0.00358 (ms)
2026-07-12 21:54:21,483 [INFO] Pass: ConsolidateBlocks - 0.05674 (ms)
2026-07-12 21:54:21,483 [INFO] Pass: ConsolidateBlocks - 0.06104 (ms)
2026-07-12 21:54:21,483 [INFO] Pass: Depth - 0.03457 (ms)
2026-07-12 21:54:21,483 [INFO] Pass: RemoveIdentityEquivalent - 0.00572 (ms)
2026-07-12 21:54:21,483 [INFO] Pass: Split2QUnitaries - 0.00238 (ms)
2026-07-12 21:54:21,483 [INFO] Pass: FixedPoint - 0.00381 (ms)
2026-07-12 21:54:21,483 [INFO] Pass: UnitarySynthesis - 0.00477 (ms)
2026-07-12 21:54:21,483 [INFO] Pass: UnitarySynthesis - 0.01454 (ms)
2026-07-12 21:54:21,483 [INFO] Pass: Size - 0.00238 (ms)
2026-07-12 21:54:21,483 [INFO] Pass: ConsolidateBlocks - 0.06008 (ms)
2026-07-12 21:54:21,483 [INFO] Pass: CommutativeCancellation - 0.11158 (ms)
2026-07-12 21:54:21,483 [INFO] Pass: FixedPoint - 0.00358 (ms)
2026-07-12 21:54:21,483 [INFO] Pass: Optimize1qGatesDecomposition - 0.11611 (ms)
2026-07-12 21:54:21,483 [INFO] Pass: ContractIdleWiresInControlFlow - 0.00167 (ms)
2026-07-12 21:54:21,483 [INFO] Pass: BasisTranslator - 0.09036 (ms)
2026-07-12 21:54:21,483 [INFO] Pass: UnitarySynthesis - 0.00477 (ms)
2026-07-12 21:54:21,483 [INFO] Pass: Depth - 0.03576 (ms)
2026-07-12 21:54:21,483 [INFO] Pass: CommutativeCancellation - 0.11754 (ms)
2026-07-12 21:54:21,483 [INFO] Pass: Optimize1qGatesDecomposition - 0.13947 (ms)
2026-07-12 21:54:21,483 [INFO] Pass: RemoveIdentityEquivalent - 0.00596 (ms)
2026-07-12 21:54:21,483 [INFO] Pass: Optimize1qGatesDecomposition - 0.14043 (ms)
2026-07-12 21:54:21,483 [INFO] Pass: FixedPoint - 0.00501 (ms)
2026-07-12 21:54:21,483 [INFO] Pass: ContractIdleWiresInControlFlow - 0.00215 (ms)
2026-07-12 21:54:21,483 [INFO] Pass: HighLevelSynthesis - 0.05794 (ms)
2026-07-12 21:54:21,483 [INFO] Pass: Size - 0.01073 (ms)
2026-07-12 21:54:21,483 [INFO] Pass: Depth - 0.04339 (ms)
2026-07-12 21:54:21,483 [INFO] Pass: Optimize1qGatesDecomposition - 0.12374 (ms)
2026-07-12 21:54:21,483 [INFO] Pass: GatesInBasis - 0.05484 (ms)
2026-07-12 21:54:21,483 [INFO] Pass: FixedPoint - 0.00310 (ms)
2026-07-12 21:54:21,483 [INFO] Pass: ConsolidateBlocks - 0.06890 (ms)
2026-07-12 21:54:21,483 [INFO] Pass: FixedPoint - 0.00525 (ms)
2026-07-12 21:54:21,483 [INFO] Pass: Size - 0.00334 (ms)
2026-07-12 21:54:21,483 [INFO] Pass: RemoveIdentityEquivalent - 0.00644 (ms)
2026-07-12 21:54:21,483 [INFO] Pass: GatesInBasis - 0.04768 (ms)
2026-07-12 21:54:21,483 [INFO] Pass: UnitarySynthesis - 0.00501 (ms)
2026-07-12 21:54:21,483 [INFO] Pass: Depth - 0.03314 (ms)
2026-07-12 21:54:21,483 [INFO] Pass: FixedPoint - 0.00286 (ms)
2026-07-12 21:54:21,483 [INFO] Pass: CommutativeCancellation - 0.12088 (ms)
2026-07-12 21:54:21,483 [INFO] Pass: FixedPoint - 0.00310 (ms)
2026-07-12 21:54:21,483 [INFO] Pass: BasisTranslator - 0.09012 (ms)
2026-07-12 21:54:21,483 [INFO] Pass: ContractIdleWiresInControlFlow - 0.00215 (ms)
2026-07-12 21:54:21,483 [INFO] Pass: RemoveIdentityEquivalent - 0.00596 (ms)
2026-07-12 21:54:21,483 [INFO] Pass: Optimize1qGatesDecomposition - 0.12469 (ms)
2026-07-12 21:54:21,483 [INFO] Pass: Size - 0.00191 (ms)
2026-07-12 21:54:21,483 [INFO] Pass: CommutativeCancellation - 0.12589 (ms)
2026-07-12 21:54:21,483 [INFO] Pass: Depth - 0.03481 (ms)
2026-07-12 21:54:21,483 [INFO] Pass: Depth - 0.03505 (ms)
2026-07-12 21:54:21,483 [INFO] Pass: CommutativeCancellation - 0.12660 (ms)
2026-07-12 21:54:21,483 [INFO] Pass: FixedPoint - 0.00310 (ms)
2026-07-12 21:54:21,483 [INFO] Pass: ContractIdleWiresInControlFlow - 0.00215 (ms)
2026-07-12 21:54:21,483 [INFO] Pass: FixedPoint - 0.00405 (ms)
2026-07-12 21:54:21,483 [INFO] Pass: FixedPoint - 0.00501 (ms)
2026-07-12 21:54:21,483 [INFO] Pass: ContractIdleWiresInControlFlow - 0.00191 (ms)
2026-07-12 21:54:21,483 [INFO] Pass: CommutativeCancellation - 0.11158 (ms)
2026-07-12 21:54:21,483 [INFO] Pass: ContainsInstruction - 0.00548 (ms)
2026-07-12 21:54:21,483 [INFO] Pass: Size - 0.00238 (ms)
2026-07-12 21:54:21,483 [INFO] Pass: Size - 0.00286 (ms)
2026-07-12 21:54:21,483 [INFO] Pass: GatesInBasis - 0.04649 (ms)
2026-07-12 21:54:21,483 [INFO] Pass: ContractIdleWiresInControlFlow - 0.00167 (ms)
2026-07-12 21:54:21,483 [INFO] Pass: FixedPoint - 0.00358 (ms)
2026-07-12 21:54:21,483 [INFO] Pass: FixedPoint - 0.00286 (ms)
2026-07-12 21:54:21,483 [INFO] Pass: ConsolidateBlocks - 0.06318 (ms)
2026-07-12 21:54:21,483 [INFO] Pass: GatesInBasis - 0.04745 (ms)
2026-07-12 21:54:21,483 [INFO] Pass: GatesInBasis - 0.04792 (ms)
2026-07-12 21:54:21,483 [INFO] Pass: RemoveIdentityEquivalent - 0.00572 (ms)
2026-07-12 21:54:21,483 [INFO] Pass: RemoveIdentityEquivalent - 0.00644 (ms)
2026-07-12 21:54:21,483 [INFO] Pass: Optimize1qGatesDecomposition - 0.14281 (ms)
2026-07-12 21:54:21,483 [INFO] Pass: UnitarySynthesis - 0.00477 (ms)
2026-07-12 21:54:21,483 [INFO] Pass: Depth - 0.03552 (ms)
2026-07-12 21:54:21,483 [INFO] Pass: GatesInBasis - 0.04697 (ms)
2026-07-12 21:54:21,483 [INFO] Pass: FixedPoint - 0.00310 (ms)
2026-07-12 21:54:21,483 [INFO] Pass: CommutativeCancellation - 0.11444 (ms)
2026-07-12 21:54:21,483 [INFO] Pass: Depth - 0.03457 (ms)
2026-07-12 21:54:21,483 [INFO] Pass: Optimize1qGatesDecomposition - 0.14162 (ms)
2026-07-12 21:54:21,483 [INFO] Pass: Size - 0.00215 (ms)
2026-07-12 21:54:21,483 [INFO] Pass: Depth - 0.03457 (ms)
2026-07-12 21:54:21,483 [INFO] Pass: ContractIdleWiresInControlFlow - 0.00215 (ms)
2026-07-12 21:54:21,483 [INFO] Pass: Depth - 0.03505 (ms)
2026-07-12 21:54:21,483 [INFO] Pass: FixedPoint - 0.00405 (ms)
2026-07-12 21:54:21,483 [INFO] Pass: FixedPoint - 0.00310 (ms)
2026-07-12 21:54:21,483 [INFO] Pass: FixedPoint - 0.00429 (ms)
2026-07-12 21:54:21,483 [INFO] Pass: Depth - 0.03314 (ms)
2026-07-12 21:54:21,483 [INFO] Pass: Size - 0.00238 (ms)
2026-07-12 21:54:21,483 [INFO] Pass: FixedPoint - 0.00525 (ms)
2026-07-12 21:54:21,483 [INFO] Pass: Size - 0.00238 (ms)
2026-07-12 21:54:21,483 [INFO] Pass: ContainsInstruction - 0.00501 (ms)
2026-07-12 21:54:21,483 [INFO] Pass: FixedPoint - 0.00334 (ms)
2026-07-12 21:54:21,483 [INFO] Pass: FixedPoint - 0.00358 (ms)
2026-07-12 21:54:21,483 [INFO] Pass: Size - 0.00334 (ms)
2026-07-12 21:54:21,483 [INFO] Pass: FixedPoint - 0.00381 (ms)
2026-07-12 21:54:21,483 [INFO] Pass: Size - 0.00215 (ms)
2026-07-12 21:54:21,483 [INFO] Pass: GatesInBasis - 0.04745 (ms)
2026-07-12 21:54:21,483 [INFO] Pass: FixedPoint - 0.00262 (ms)
2026-07-12 21:54:21,483 [INFO] Pass: Optimize1qGatesDecomposition - 0.11706 (ms)
2026-07-12 21:54:21,483 [INFO] Pass: RemoveIdentityEquivalent - 0.00572 (ms)
2026-07-12 21:54:21,483 [INFO] Pass: FixedPoint - 0.00310 (ms)
2026-07-12 21:54:21,483 [INFO] Pass: RemoveIdentityEquivalent - 0.00596 (ms)
2026-07-12 21:54:21,483 [INFO] Pass: CommutativeCancellation - 0.11921 (ms)
2026-07-12 21:54:21,483 [INFO] Pass: RemoveIdentityEquivalent - 0.00596 (ms)
2026-07-12 21:54:21,483 [INFO] Pass: Optimize1qGatesDecomposition - 0.14091 (ms)
2026-07-12 21:54:21,483 [INFO] Pass: ContainsInstruction - 0.00525 (ms)
2026-07-12 21:54:21,483 [INFO] Pass: ContractIdleWiresInControlFlow - 0.00191 (ms)
2026-07-12 21:54:21,483 [INFO] Pass: Depth - 0.03457 (ms)
2026-07-12 21:54:21,483 [INFO] Pass: CommutativeCancellation - 0.11802 (ms)
2026-07-12 21:54:21,483 [INFO] Pass: FixedPoint - 0.00358 (ms)
2026-07-12 21:54:21,483 [INFO] Pass: ContractIdleWiresInControlFlow - 0.00215 (ms)
2026-07-12 21:54:21,483 [INFO] Pass: Size - 0.00215 (ms)
2026-07-12 21:54:21,483 [INFO] Pass: FixedPoint - 0.00310 (ms)
2026-07-12 21:54:21,483 [INFO] Pass: GatesInBasis - 0.04959 (ms)
2026-07-12 21:54:21,483 [INFO] Pass: ContainsInstruction - 0.00548 (ms)
2026-07-12 21:54:21,483 [INFO] Pass: CommutativeCancellation - 0.11134 (ms)
2026-07-12 21:54:21,483 [INFO] Pass: Optimize1qGatesDecomposition - 0.11563 (ms)
2026-07-12 21:54:21,483 [INFO] Pass: GatesInBasis - 0.04911 (ms)
2026-07-12 21:54:21,483 [INFO] Pass: Optimize1qGatesDecomposition - 0.11802 (ms)
2026-07-12 21:54:21,483 [INFO] Pass: ContractIdleWiresInControlFlow - 0.00167 (ms)
2026-07-12 21:54:21,483 [INFO] Pass: Depth - 0.03457 (ms)
2026-07-12 21:54:21,483 [INFO] Pass: CommutativeCancellation - 0.11826 (ms)
2026-07-12 21:54:21,483 [INFO] Pass: Optimize1qGatesDecomposition - 0.14186 (ms)
2026-07-12 21:54:21,483 [INFO] Pass: FixedPoint - 0.00381 (ms)
2026-07-12 21:54:21,483 [INFO] Pass: ContractIdleWiresInControlFlow - 0.00215 (ms)
2026-07-12 21:54:21,483 [INFO] Pass: Depth - 0.03433 (ms)
2026-07-12 21:54:21,483 [INFO] Pass: Size - 0.00215 (ms)
2026-07-12 21:54:21,483 [INFO] Pass: GatesInBasis - 0.04697 (ms)
2026-07-12 21:54:21,483 [INFO] Pass: FixedPoint - 0.00381 (ms)
2026-07-12 21:54:21,483 [INFO] Pass: FixedPoint - 0.00358 (ms)
2026-07-12 21:54:21,483 [INFO] Total Transpile Time - 55.70245 (ms)
2026-07-12 21:54:21,483 [INFO] Pass: Size - 0.00238 (ms)
2026-07-12 21:54:21,483 [INFO] Pass: GatesInBasis - 0.05054 (ms)
2026-07-12 21:54:21,483 [INFO] Pass: RemoveIdentityEquivalent - 0.00596 (ms)
2026-07-12 21:54:21,483 [INFO] Pass: CommutativeCancellation - 0.11206 (ms)
2026-07-12 21:54:21,483 [INFO] Pass: Depth - 0.03338 (ms)
2026-07-12 21:54:21,483 [INFO] Pass: FixedPoint - 0.00358 (ms)
2026-07-12 21:54:21,483 [INFO] Pass: CommutativeCancellation - 0.11277 (ms)
2026-07-12 21:54:21,483 [INFO] Pass: ContractIdleWiresInControlFlow - 0.00167 (ms)
2026-07-12 21:54:21,483 [INFO] Pass: FixedPoint - 0.00334 (ms)
2026-07-12 21:54:21,483 [INFO] Pass: RemoveIdentityEquivalent - 0.00596 (ms)
2026-07-12 21:54:21,483 [INFO] Pass: ContractIdleWiresInControlFlow - 0.00191 (ms)
2026-07-12 21:54:21,483 [INFO] Pass: Size - 0.00215 (ms)
2026-07-12 21:54:21,483 [INFO] Pass: Depth - 0.03386 (ms)
2026-07-12 21:54:21,483 [INFO] Pass: CommutativeCancellation - 0.11945 (ms)
2026-07-12 21:54:21,483 [INFO] Pass: FixedPoint - 0.00310 (ms)
2026-07-12 21:54:21,483 [INFO] Pass: FixedPoint - 0.00405 (ms)
2026-07-12 21:54:21,483 [INFO] Pass: ContractIdleWiresInControlFlow - 0.00215 (ms)
2026-07-12 21:54:21,483 [INFO] Pass: GatesInBasis - 0.04697 (ms)
2026-07-12 21:54:21,483 [INFO] Pass: ContainsInstruction - 0.00548 (ms)
2026-07-12 21:54:21,483 [INFO] Pass: Size - 0.00215 (ms)
2026-07-12 21:54:21,483 [INFO] Pass: GatesInBasis - 0.04745 (ms)
2026-07-12 21:54:21,483 [INFO] Pass: FixedPoint - 0.00381 (ms)
2026-07-12 21:54:21,483 [INFO] Total Transpile Time - 55.76658 (ms)
2026-07-12 21:54:21,483 [INFO] Pass: Optimize1qGatesDecomposition - 0.12231 (ms)
2026-07-12 21:54:21,483 [INFO] Pass: Depth - 0.03386 (ms)
2026-07-12 21:54:21,483 [INFO] Pass: RemoveIdentityEquivalent - 0.00596 (ms)
2026-07-12 21:54:21,483 [INFO] Pass: GatesInBasis - 0.04840 (ms)
2026-07-12 21:54:21,484 [INFO] Pass: Depth - 0.03386 (ms)
2026-07-12 21:54:21,484 [INFO] Pass: FixedPoint - 0.00334 (ms)
2026-07-12 21:54:21,484 [INFO] Pass: Optimize1qGatesDecomposition - 0.11611 (ms)
2026-07-12 21:54:21,484 [INFO] Pass: Size - 0.00215 (ms)
2026-07-12 21:54:21,484 [INFO] Pass: FixedPoint - 0.00358 (ms)
2026-07-12 21:54:21,484 [INFO] Pass: Depth - 0.03433 (ms)
2026-07-12 21:54:21,484 [INFO] Pass: FixedPoint - 0.00286 (ms)
2026-07-12 21:54:21,484 [INFO] Pass: Size - 0.00191 (ms)
2026-07-12 21:54:21,484 [INFO] Total Transpile Time - 55.86672 (ms)
2026-07-12 21:54:21,484 [INFO] Pass: FixedPoint - 0.00286 (ms)
2026-07-12 21:54:21,484 [INFO] Pass: FixedPoint - 0.00358 (ms)
2026-07-12 21:54:21,484 [INFO] Pass: ContainsInstruction - 0.00548 (ms)
2026-07-12 21:54:21,484 [INFO] Pass: Size - 0.00215 (ms)
2026-07-12 21:54:21,484 [INFO] Pass: ContainsInstruction - 0.00572 (ms)
2026-07-12 21:54:21,484 [INFO] Pass: FixedPoint - 0.00358 (ms)
2026-07-12 21:54:21,484 [INFO] Pass: CommutativeCancellation - 0.11349 (ms)
2026-07-12 21:54:21,484 [INFO] Pass: Optimize1qGatesDecomposition - 0.11611 (ms)
2026-07-12 21:54:21,484 [INFO] Pass: ContractIdleWiresInControlFlow - 0.00167 (ms)
2026-07-12 21:54:21,484 [INFO] Total Transpile Time - 55.65882 (ms)
2026-07-12 21:54:21,484 [INFO] Pass: RemoveIdentityEquivalent - 0.00596 (ms)
2026-07-12 21:54:21,484 [INFO] Pass: CommutativeCancellation - 0.11444 (ms)
2026-07-12 21:54:21,484 [INFO] Pass: ContractIdleWiresInControlFlow - 0.00215 (ms)
2026-07-12 21:54:21,484 [INFO] Pass: GatesInBasis - 0.05627 (ms)
2026-07-12 21:54:21,484 [INFO] Pass: GatesInBasis - 0.04864 (ms)
2026-07-12 21:54:21,484 [INFO] Pass: CommutativeCancellation - 0.11754 (ms)
2026-07-12 21:54:21,484 [INFO] Pass: Depth - 0.03338 (ms)
2026-07-12 21:54:21,484 [INFO] Pass: ContractIdleWiresInControlFlow - 0.00191 (ms)
2026-07-12 21:54:21,484 [INFO] Pass: Optimize1qGatesDecomposition - 0.11635 (ms)
2026-07-12 21:54:21,484 [INFO] Pass: FixedPoint - 0.00358 (ms)
2026-07-12 21:54:21,484 [INFO] Pass: Depth - 0.03433 (ms)
2026-07-12 21:54:21,484 [INFO] Pass: Size - 0.00215 (ms)
2026-07-12 21:54:21,484 [INFO] Pass: FixedPoint - 0.00358 (ms)
2026-07-12 21:54:21,484 [INFO] Pass: FixedPoint - 0.00262 (ms)
2026-07-12 21:54:21,484 [INFO] Pass: GatesInBasis - 0.04864 (ms)
2026-07-12 21:54:21,484 [INFO] Pass: Size - 0.00191 (ms)
2026-07-12 21:54:21,484 [INFO] Pass: ContainsInstruction - 0.00572 (ms)
2026-07-12 21:54:21,484 [INFO] Pass: FixedPoint - 0.00310 (ms)
2026-07-12 21:54:21,484 [INFO] Total Transpile Time - 55.95255 (ms)
2026-07-12 21:54:21,484 [INFO] Pass: ContainsInstruction - 0.00548 (ms)
2026-07-12 21:54:21,484 [INFO] Pass: Depth - 0.03362 (ms)
2026-07-12 21:54:21,484 [INFO] Pass: FixedPoint - 0.00310 (ms)
2026-07-12 21:54:21,484 [INFO] Pass: CommutativeCancellation - 0.11277 (ms)
2026-07-12 21:54:21,484 [INFO] Pass: Size - 0.00191 (ms)
2026-07-12 21:54:21,484 [INFO] Pass: ContractIdleWiresInControlFlow - 0.00215 (ms)
2026-07-12 21:54:21,484 [INFO] Pass: FixedPoint - 0.00310 (ms)
2026-07-12 21:54:21,484 [INFO] Pass: ContainsInstruction - 0.00501 (ms)
2026-07-12 21:54:21,484 [INFO] Pass: GatesInBasis - 0.04792 (ms)
2026-07-12 21:54:21,484 [INFO] Total Transpile Time - 55.73606 (ms)
2026-07-12 21:54:21,484 [INFO] Total Transpile Time - 55.90963 (ms)
2026-07-12 21:54:21,484 [INFO] Pass: Depth - 0.03314 (ms)
2026-07-12 21:54:21,484 [INFO] Pass: FixedPoint - 0.00334 (ms)
2026-07-12 21:54:21,484 [INFO] Pass: Size - 0.00191 (ms)
2026-07-12 21:54:21,484 [INFO] Pass: FixedPoint - 0.00262 (ms)
2026-07-12 21:54:21,484 [INFO] Pass: ContainsInstruction - 0.00548 (ms)
2026-07-12 21:54:21,484 [INFO] Total Transpile Time - 56.00500 (ms)
2026-07-12 21:54:21,484 [INFO] Total Transpile Time - 56.37693 (ms)
2026-07-12 21:54:21,484 [INFO] Total Transpile Time - 56.09798 (ms)
2026-07-12 21:54:21,485 [INFO] Total Transpile Time - 55.94301 (ms)
2026-07-12 21:54:21,492 [INFO] Pass: ContainsInstruction - 0.01192 (ms)
2026-07-12 21:54:21,492 [INFO] Pass: UnitarySynthesis - 0.00787 (ms)
2026-07-12 21:54:21,492 [INFO] Pass: HighLevelSynthesis - 0.00596 (ms)
2026-07-12 21:54:21,492 [INFO] Pass: BasisTranslator - 0.04983 (ms)
2026-07-12 21:54:21,492 [INFO] Pass: ElidePermutations - 0.00453 (ms)
2026-07-12 21:54:21,492 [INFO] Pass: RemoveDiagonalGatesBeforeMeasure - 0.00715 (ms)
2026-07-12 21:54:21,493 [INFO] Pass: RemoveIdentityEquivalent - 0.00787 (ms)
2026-07-12 21:54:21,493 [INFO] Pass: InverseCancellation - 0.03195 (ms)
2026-07-12 21:54:21,493 [INFO] Pass: ContractIdleWiresInControlFlow - 0.00191 (ms)
2026-07-12 21:54:21,493 [INFO] Pass: CommutativeCancellation - 0.12589 (ms)
2026-07-12 21:54:21,493 [INFO] Pass: ConsolidateBlocks - 0.05817 (ms)
2026-07-12 21:54:21,493 [INFO] Pass: Split2QUnitaries - 0.00334 (ms)
2026-07-12 21:54:21,493 [INFO] Pass: UnitarySynthesis - 0.01526 (ms)
2026-07-12 21:54:21,493 [INFO] Pass: HighLevelSynthesis - 0.06080 (ms)
2026-07-12 21:54:21,493 [INFO] Pass: BasisTranslator - 0.09227 (ms)
2026-07-12 21:54:21,493 [INFO] Pass: ConsolidateBlocks - 0.06294 (ms)
2026-07-12 21:54:21,493 [INFO] Pass: UnitarySynthesis - 0.00453 (ms)
2026-07-12 21:54:21,493 [INFO] Pass: Depth - 0.03576 (ms)
2026-07-12 21:54:21,493 [INFO] Pass: FixedPoint - 0.00572 (ms)
2026-07-12 21:54:21,493 [INFO] Pass: Size - 0.00334 (ms)
2026-07-12 21:54:21,493 [INFO] Pass: FixedPoint - 0.00286 (ms)
2026-07-12 21:54:21,493 [INFO] Pass: RemoveIdentityEquivalent - 0.00644 (ms)
2026-07-12 21:54:21,494 [INFO] Pass: Optimize1qGatesDecomposition - 0.14448 (ms)
2026-07-12 21:54:21,494 [INFO] Pass: CommutativeCancellation - 0.12732 (ms)
2026-07-12 21:54:21,494 [INFO] Pass: ContractIdleWiresInControlFlow - 0.00191 (ms)
2026-07-12 21:54:21,494 [INFO] Pass: GatesInBasis - 0.04816 (ms)
2026-07-12 21:54:21,494 [INFO] Pass: Depth - 0.03457 (ms)
2026-07-12 21:54:21,494 [INFO] Pass: FixedPoint - 0.00381 (ms)
2026-07-12 21:54:21,494 [INFO] Pass: Size - 0.00262 (ms)
2026-07-12 21:54:21,494 [INFO] Pass: FixedPoint - 0.00358 (ms)
2026-07-12 21:54:21,494 [INFO] Pass: RemoveIdentityEquivalent - 0.00596 (ms)
2026-07-12 21:54:21,494 [INFO] Pass: Optimize1qGatesDecomposition - 0.11659 (ms)
2026-07-12 21:54:21,494 [INFO] Pass: CommutativeCancellation - 0.11325 (ms)
2026-07-12 21:54:21,494 [INFO] Pass: ContractIdleWiresInControlFlow - 0.00215 (ms)
2026-07-12 21:54:21,494 [INFO] Pass: GatesInBasis - 0.04625 (ms)
2026-07-12 21:54:21,494 [INFO] Pass: Depth - 0.03552 (ms)
2026-07-12 21:54:21,494 [INFO] Pass: FixedPoint - 0.00334 (ms)
2026-07-12 21:54:21,494 [INFO] Pass: Size - 0.00238 (ms)
2026-07-12 21:54:21,495 [INFO] Pass: FixedPoint - 0.00286 (ms)
2026-07-12 21:54:21,495 [INFO] Pass: ContainsInstruction - 0.00525 (ms)
2026-07-12 21:54:21,495 [INFO] Total Transpile Time - 56.34427 (ms)
2026-07-12 21:54:21,892 [INFO] [PCE] Aer metadata (1ª ejecución de este proceso): device=CPU method=matrix_product_state shots=exact fusion_enabled=False
2026-07-12 21:54:21,893 [INFO] [PCE] Aer metadata (1ª ejecución de este proceso): device=CPU method=matrix_product_state shots=exact fusion_enabled=False
2026-07-12 21:54:21,893 [INFO] [PCE] Aer metadata (1ª ejecución de este proceso): device=CPU method=matrix_product_state shots=exact fusion_enabled=False
2026-07-12 21:54:21,893 [INFO] [PCE] Aer metadata (1ª ejecución de este proceso): device=CPU method=matrix_product_state shots=exact fusion_enabled=False
2026-07-12 21:54:21,894 [INFO] [PCE] Aer metadata (1ª ejecución de este proceso): device=CPU method=matrix_product_state shots=exact fusion_enabled=False
2026-07-12 21:54:21,896 [INFO] [PCE] Aer metadata (1ª ejecución de este proceso): device=CPU method=matrix_product_state shots=exact fusion_enabled=False
2026-07-12 21:54:21,896 [INFO] [PCE] Aer metadata (1ª ejecución de este proceso): device=CPU method=matrix_product_state shots=exact fusion_enabled=False
2026-07-12 21:54:21,897 [INFO] [PCE] Aer metadata (1ª ejecución de este proceso): device=CPU method=matrix_product_state shots=exact fusion_enabled=False
2026-07-12 21:54:21,898 [INFO] [PCE] Aer metadata (1ª ejecución de este proceso): device=CPU method=matrix_product_state shots=exact fusion_enabled=False
2026-07-12 21:54:21,898 [INFO] [PCE] Aer metadata (1ª ejecución de este proceso): device=CPU method=matrix_product_state shots=exact fusion_enabled=False
2026-07-12 21:54:21,898 [INFO] [PCE] Aer metadata (1ª ejecución de este proceso): device=CPU method=matrix_product_state shots=exact fusion_enabled=False
2026-07-12 21:54:21,899 [INFO] [PCE] Aer metadata (1ª ejecución de este proceso): device=CPU method=matrix_product_state shots=exact fusion_enabled=False
2026-07-13 04:09:19,251 [INFO] [PCE] n=300 instancia (idx=78) 1/12 completada (paralelo) — transcurrido=0:06:14:58
2026-07-13 04:09:22,010 [INFO] [PCE] n=300 instancia (idx=54) 2/12 completada (paralelo) — transcurrido=0:06:15:01
2026-07-13 04:09:56,085 [INFO] [PCE] n=300 instancia (idx=6) 3/12 completada (paralelo) — transcurrido=0:06:15:35
2026-07-13 04:10:05,374 [INFO] [PCE] n=300 instancia (idx=22) 4/12 completada (paralelo) — transcurrido=0:06:15:44
2026-07-13 04:10:07,936 [INFO] [PCE] n=300 instancia (idx=30) 5/12 completada (paralelo) — transcurrido=0:06:15:47
2026-07-13 04:10:11,367 [INFO] [PCE] n=300 instancia (idx=38) 6/12 completada (paralelo) — transcurrido=0:06:15:50
2026-07-13 04:10:15,050 [INFO] [PCE] n=300 instancia (idx=86) 7/12 completada (paralelo) — transcurrido=0:06:15:54
2026-07-13 04:10:24,523 [INFO] [PCE] n=300 instancia (idx=94) 8/12 completada (paralelo) — transcurrido=0:06:16:03
2026-07-13 04:10:26,602 [INFO] [PCE] n=300 instancia (idx=70) 9/12 completada (paralelo) — transcurrido=0:06:16:05
2026-07-13 04:10:37,285 [INFO] [PCE] n=300 instancia (idx=14) 10/12 completada (paralelo) — transcurrido=0:06:16:16
2026-07-13 04:10:40,067 [INFO] [PCE] n=300 instancia (idx=62) 11/12 completada (paralelo) — transcurrido=0:06:16:19
2026-07-13 04:10:42,899 [INFO] [PCE] n=300 instancia (idx=46) 12/12 completada (paralelo) — transcurrido=0:06:16:22
2026-07-13 04:10:43,014 [INFO] [PCE] n=300 chunk 7/8 completado — beta_parcial=0.6440 duration=0:06:16:22 shots=exact backend=AER
