slurmstepd: info: Setting TMPDIR to /scratch/513813. Previous errors about TMPDIR can be discarded
==============================
RUN_ID: 20260712-142830
Array ID: 21  (entrada: 300:7:8)
num_nodes: 300   chunk: 8/8
num_instances (total del n): 100
num_workers: 16
optimizer: DIFFERENTIALEVOLUTION   maxiter: 25   k: 3
backend: AER   shots: 0
==============================

==============================
num_nodes     = 300
num_instances = 100 (total del n)
chunk         = 8/8
num_workers   = 16
k             = 3
optimizer     = DIFFERENTIALEVOLUTION
maxiter       = 25
backend       = AER
outdir        = Resultados/PCE/20260712-142830/chunks
==============================

(num_workers ajustado de 16 a 12: este chunk solo tiene 12 instancias)

✔ n=300 chunk 8/8 (12 instancias) beta_parcial=0.6521 ± 0.0206
✔ Resultado del chunk guardado en: Resultados/PCE/20260712-142830/chunks/n_300_chunk_7_of_8.h5
  (recuerda: esto es PARCIAL — hace falta merge_chunks_qscore_PCE.py para combinar todos los chunks de este n antes de agregar)
Fecha fin: Mon Jul 13 04:19:54 CEST 2026

*****************************************************************************
*                                                                           *
*                    JOB EFFICIENCY REPORT (seff 513813)                   *
*                                                                           *
*****************************************************************************

Job ID: 513813
Array Job ID: 513813_21
Cluster: qmio
User/Group: tec_app6/cesga
State: COMPLETED (exit code 0)
Nodes: 1
Cores per node: 32
CPU Utilized: 6-23:28:31
CPU Efficiency: 82.78% of 8-10:18:08 core-walltime
Job Wall-clock time: 06:19:19
Memory Utilized: 13.12 GB
Memory Efficiency: 81.97% of 16.00 GB

*****************************************************************************

