slurmstepd: info: Setting TMPDIR to /scratch/513823. Previous errors about TMPDIR can be discarded
==============================
RUN_ID: 20260712-142830
Array ID: 0  (entrada: 200:0:7)
num_nodes: 200   chunk: 1/7
num_instances (total del n): 100
num_workers: 16
optimizer: DIFFERENTIALEVOLUTION   maxiter: 25   k: 3
backend: AER   shots: 0
==============================

==============================
num_nodes     = 200
num_instances = 100 (total del n)
chunk         = 1/7
num_workers   = 16
k             = 3
optimizer     = DIFFERENTIALEVOLUTION
maxiter       = 25
backend       = AER
outdir        = Resultados/PCE/20260712-142830/chunks
==============================

(num_workers ajustado de 16 a 15: este chunk solo tiene 15 instancias)

✔ n=200 chunk 1/7 (15 instancias) beta_parcial=0.7970 ± 0.0185
✔ Resultado del chunk guardado en: Resultados/PCE/20260712-142830/chunks/n_200_chunk_0_of_7.h5
  (recuerda: esto es PARCIAL — hace falta merge_chunks_qscore_PCE.py para combinar todos los chunks de este n antes de agregar)
Fecha fin: Sun Jul 12 19:13:22 CEST 2026

*****************************************************************************
*                                                                           *
*                    JOB EFFICIENCY REPORT (seff 513823)                   *
*                                                                           *
*****************************************************************************

Job ID: 513823
Array Job ID: 513813_0
Cluster: qmio
User/Group: tec_app6/cesga
State: COMPLETED (exit code 0)
Nodes: 1
Cores per node: 32
CPU Utilized: 2-15:01:48
CPU Efficiency: 88.77% of 2-23:00:16 core-walltime
Job Wall-clock time: 02:13:08
Memory Utilized: 10.02 GB
Memory Efficiency: 62.62% of 16.00 GB

 +++++++++++++++++++++++++++++++++++++++++++++++++++++++++++++++++++++++++++
 ++   Memory Efficiency is too small. Please review the requested memory. ++
 ++ It seems that you do not need that much memory so we recommend        ++
 ++ requesting less memory in other similar jobs.                         ++
 +++++++++++++++++++++++++++++++++++++++++++++++++++++++++++++++++++++++++++
 
*****************************************************************************

