slurmstepd: info: Setting TMPDIR to /scratch/513833. Previous errors about TMPDIR can be discarded
==============================
RUN_ID: 20260712-142830
Array ID: 10  (entrada: 250:3:7)
num_nodes: 250   chunk: 4/7
num_instances (total del n): 100
num_workers: 16
optimizer: DIFFERENTIALEVOLUTION   maxiter: 25   k: 3
backend: AER   shots: 0
==============================

==============================
num_nodes     = 250
num_instances = 100 (total del n)
chunk         = 4/7
num_workers   = 16
k             = 3
optimizer     = DIFFERENTIALEVOLUTION
maxiter       = 25
backend       = AER
outdir        = Resultados/PCE/20260712-142830/chunks
==============================

(num_workers ajustado de 16 a 14: este chunk solo tiene 14 instancias)

✔ n=250 chunk 4/7 (14 instancias) beta_parcial=0.7464 ± 0.0268
✔ Resultado del chunk guardado en: Resultados/PCE/20260712-142830/chunks/n_250_chunk_3_of_7.h5
  (recuerda: esto es PARCIAL — hace falta merge_chunks_qscore_PCE.py para combinar todos los chunks de este n antes de agregar)
Fecha fin: Sun Jul 12 22:09:44 CEST 2026

*****************************************************************************
*                                                                           *
*                    JOB EFFICIENCY REPORT (seff 513833)                   *
*                                                                           *
*****************************************************************************

Job ID: 513833
Array Job ID: 513813_10
Cluster: qmio
User/Group: tec_app6/cesga
State: COMPLETED (exit code 0)
Nodes: 1
Cores per node: 32
CPU Utilized: 2-18:07:03
CPU Efficiency: 87.89% of 3-03:13:36 core-walltime
Job Wall-clock time: 02:21:03
Memory Utilized: 10.91 GB
Memory Efficiency: 68.17% of 16.00 GB

 +++++++++++++++++++++++++++++++++++++++++++++++++++++++++++++++++++++++++++
 ++   Memory Efficiency is too small. Please review the requested memory. ++
 ++ It seems that you do not need that much memory so we recommend        ++
 ++ requesting less memory in other similar jobs.                         ++
 +++++++++++++++++++++++++++++++++++++++++++++++++++++++++++++++++++++++++++
 
*****************************************************************************

