slurmstepd: info: Setting TMPDIR to /scratch/513962. Previous errors about TMPDIR can be discarded
==============================
RUN_ID: 20260713-133457
Array ID: 2  (entrada: 250:2:7)
num_nodes: 250   chunk: 3/7
num_instances (total del n): 100
num_workers: 16
optimizer: DIFFERENTIALEVOLUTION   maxiter: 25   k: 3
backend: AER   shots: 4096
==============================

==============================
num_nodes     = 250
num_instances = 100 (total del n)
chunk         = 3/7
num_workers   = 16
k             = 3
optimizer     = DIFFERENTIALEVOLUTION
maxiter       = 25
backend       = AER
outdir        = Resultados/PCE/20260713-133457/chunks
==============================

(num_workers ajustado de 16 a 14: este chunk solo tiene 14 instancias)

✔ n=250 chunk 3/7 (14 instancias) beta_parcial=0.2350 ± 0.0228
✔ Resultado del chunk guardado en: Resultados/PCE/20260713-133457/chunks/n_250_chunk_2_of_7.h5
  (recuerda: esto es PARCIAL — hace falta merge_chunks_qscore_PCE.py para combinar todos los chunks de este n antes de agregar)
Fecha fin: Mon Jul 13 15:51:30 CEST 2026

*****************************************************************************
*                                                                           *
*                    JOB EFFICIENCY REPORT (seff 513962)                   *
*                                                                           *
*****************************************************************************

Job ID: 513962
Array Job ID: 513959_2
Cluster: qmio
User/Group: tec_app6/cesga
State: COMPLETED (exit code 0)
Nodes: 1
Cores per node: 32
CPU Utilized: 2-17:37:49
CPU Efficiency: 90.18% of 3-00:46:24 core-walltime
Job Wall-clock time: 02:16:27
Memory Utilized: 8.79 GB
Memory Efficiency: 54.91% of 16.00 GB

 +++++++++++++++++++++++++++++++++++++++++++++++++++++++++++++++++++++++++++
 ++   Memory Efficiency is too small. Please review the requested memory. ++
 ++ It seems that you do not need that much memory so we recommend        ++
 ++ requesting less memory in other similar jobs.                         ++
 +++++++++++++++++++++++++++++++++++++++++++++++++++++++++++++++++++++++++++
 
*****************************************************************************

