slurmstepd: info: Setting TMPDIR to /scratch/513961. Previous errors about TMPDIR can be discarded
==============================
RUN_ID: 20260713-133457
Array ID: 1  (entrada: 250:1:7)
num_nodes: 250   chunk: 2/7
num_instances (total del n): 100
num_workers: 16
optimizer: DIFFERENTIALEVOLUTION   maxiter: 25   k: 3
backend: AER   shots: 4096
==============================

==============================
num_nodes     = 250
num_instances = 100 (total del n)
chunk         = 2/7
num_workers   = 16
k             = 3
optimizer     = DIFFERENTIALEVOLUTION
maxiter       = 25
backend       = AER
outdir        = Resultados/PCE/20260713-133457/chunks
==============================

(num_workers ajustado de 16 a 15: este chunk solo tiene 15 instancias)

✔ n=250 chunk 2/7 (15 instancias) beta_parcial=0.2444 ± 0.0256
✔ Resultado del chunk guardado en: Resultados/PCE/20260713-133457/chunks/n_250_chunk_1_of_7.h5
  (recuerda: esto es PARCIAL — hace falta merge_chunks_qscore_PCE.py para combinar todos los chunks de este n antes de agregar)
Fecha fin: Mon Jul 13 15:57:10 CEST 2026

*****************************************************************************
*                                                                           *
*                    JOB EFFICIENCY REPORT (seff 513961)                   *
*                                                                           *
*****************************************************************************

Job ID: 513961
Array Job ID: 513959_1
Cluster: qmio
User/Group: tec_app6/cesga
State: COMPLETED (exit code 0)
Nodes: 1
Cores per node: 32
CPU Utilized: 2-21:11:47
CPU Efficiency: 91.29% of 3-03:47:44 core-walltime
Job Wall-clock time: 02:22:07
Memory Utilized: 9.50 GB
Memory Efficiency: 59.40% of 16.00 GB

 +++++++++++++++++++++++++++++++++++++++++++++++++++++++++++++++++++++++++++
 ++   Memory Efficiency is too small. Please review the requested memory. ++
 ++ It seems that you do not need that much memory so we recommend        ++
 ++ requesting less memory in other similar jobs.                         ++
 +++++++++++++++++++++++++++++++++++++++++++++++++++++++++++++++++++++++++++
 
*****************************************************************************

