slurmstepd: info: Setting TMPDIR to /scratch/513963. Previous errors about TMPDIR can be discarded
==============================
RUN_ID: 20260713-133457
Array ID: 3  (entrada: 250:3:7)
num_nodes: 250   chunk: 4/7
num_instances (total del n): 100
num_workers: 16
optimizer: DIFFERENTIALEVOLUTION   maxiter: 25   k: 3
backend: AER   shots: 4096
==============================

==============================
num_nodes     = 250
num_instances = 100 (total del n)
chunk         = 4/7
num_workers   = 16
k             = 3
optimizer     = DIFFERENTIALEVOLUTION
maxiter       = 25
backend       = AER
outdir        = Resultados/PCE/20260713-133457/chunks
==============================

(num_workers ajustado de 16 a 14: este chunk solo tiene 14 instancias)

✔ n=250 chunk 4/7 (14 instancias) beta_parcial=0.2467 ± 0.0224
✔ Resultado del chunk guardado en: Resultados/PCE/20260713-133457/chunks/n_250_chunk_3_of_7.h5
  (recuerda: esto es PARCIAL — hace falta merge_chunks_qscore_PCE.py para combinar todos los chunks de este n antes de agregar)
Fecha fin: Mon Jul 13 15:46:41 CEST 2026

*****************************************************************************
*                                                                           *
*                    JOB EFFICIENCY REPORT (seff 513963)                   *
*                                                                           *
*****************************************************************************

Job ID: 513963
Array Job ID: 513959_3
Cluster: qmio
User/Group: tec_app6/cesga
State: COMPLETED (exit code 0)
Nodes: 1
Cores per node: 32
CPU Utilized: 2-16:52:08
CPU Efficiency: 92.40% of 2-22:12:16 core-walltime
Job Wall-clock time: 02:11:38
Memory Utilized: 8.67 GB
Memory Efficiency: 54.20% of 16.00 GB

 +++++++++++++++++++++++++++++++++++++++++++++++++++++++++++++++++++++++++++
 ++   Memory Efficiency is too small. Please review the requested memory. ++
 ++ It seems that you do not need that much memory so we recommend        ++
 ++ requesting less memory in other similar jobs.                         ++
 +++++++++++++++++++++++++++++++++++++++++++++++++++++++++++++++++++++++++++
 
*****************************************************************************

