slurmstepd: info: Setting TMPDIR to /scratch/513520. Previous errors about TMPDIR can be discarded
==============================
RUN_ID: 20260708-092232
Array ID: 1
num_nodes: 25
num_instances: 100
optimizer: DIFFERENTIALEVOLUTION
cpus_per_task: 16
sim_device: CPU
sim_method: statevector
==============================

==============================
num_nodes    = 25
num_instances= 100
k            = 2
optimizer    = DIFFERENTIALEVOLUTION
maxiter      = 25
outdir       = Resultados/PCE/20260708-092232
shots        = 8192
==============================


✔ n=25 beta=0.7344 ± 0.0250 (PASSED) shots=8192
✔ Resultado guardado en: Resultados/PCE/20260708-092232/n_25.h5
Fecha fin: Wed Jul  8 09:52:49 CEST 2026

*****************************************************************************
*                                                                           *
*                    JOB EFFICIENCY REPORT (seff 513520)                   *
*                                                                           *
*****************************************************************************

Job ID: 513520
Array Job ID: 513518_1
Cluster: qmio
User/Group: tec_app6/cesga
State: COMPLETED (exit code 0)
Nodes: 1
Cores per node: 16
CPU Utilized: 08:00:12
CPU Efficiency: 99.16% of 08:04:16 core-walltime
Job Wall-clock time: 00:30:16
Memory Utilized: 206.04 MB
Memory Efficiency: 1.26% of 16.00 GB

 +++++++++++++++++++++++++++++++++++++++++++++++++++++++++++++++++++++++++++
 ++   Memory Efficiency is too small. Please review the requested memory. ++
 ++ It seems that you do not need that much memory so we recommend        ++
 ++ requesting less memory in other similar jobs.                         ++
 +++++++++++++++++++++++++++++++++++++++++++++++++++++++++++++++++++++++++++
 
*****************************************************************************

