slurmstepd: info: Setting TMPDIR to /scratch/513525. Previous errors about TMPDIR can be discarded
==============================
RUN_ID: 20260708-092232
Array ID: 6
num_nodes: 150
num_instances: 100
optimizer: DIFFERENTIALEVOLUTION
cpus_per_task: 16
sim_device: CPU
sim_method: statevector
==============================

==============================
num_nodes    = 150
num_instances= 100
k            = 2
optimizer    = DIFFERENTIALEVOLUTION
maxiter      = 25
outdir       = Resultados/PCE/20260708-092232
shots        = 8192
==============================


✔ n=150 beta=0.3301 ± 0.0102 (PASSED) shots=8192
✔ Resultado guardado en: Resultados/PCE/20260708-092232/n_150.h5
Fecha fin: Fri Jul 10 01:45:34 CEST 2026

*****************************************************************************
*                                                                           *
*                    JOB EFFICIENCY REPORT (seff 513525)                   *
*                                                                           *
*****************************************************************************

Job ID: 513525
Array Job ID: 513518_6
Cluster: qmio
User/Group: tec_app6/cesga
State: COMPLETED (exit code 0)
Nodes: 1
Cores per node: 16
CPU Utilized: 26-13:19:30
CPU Efficiency: 98.65% of 26-22:01:36 core-walltime
Job Wall-clock time: 1-16:22:36
Memory Utilized: 613.35 MB
Memory Efficiency: 3.74% of 16.00 GB

 +++++++++++++++++++++++++++++++++++++++++++++++++++++++++++++++++++++++++++
 ++   Memory Efficiency is too small. Please review the requested memory. ++
 ++ It seems that you do not need that much memory so we recommend        ++
 ++ requesting less memory in other similar jobs.                         ++
 +++++++++++++++++++++++++++++++++++++++++++++++++++++++++++++++++++++++++++
 
*****************************************************************************

