slurmstepd: info: Setting TMPDIR to /scratch/513706. Previous errors about TMPDIR can be discarded
==============================
RUN_ID: 20260708-130618
Array ID: 2
num_nodes: 30
MAXITER_INTERCEPT: 20  MAXITER_SLOPE: 0.2
maxiter (escalado para este n): 26
num_instances: 40
optimizer: DIFFERENTIALEVOLUTION
==============================

==============================
num_nodes    = 30
num_instances= 40
k            = 2
optimizer    = DIFFERENTIALEVOLUTION
maxiter      = 26
outdir       = Resultados/PCE/20260708-130618
shots        = exacto (statevector)
==============================


✔ n=30 beta=0.7351 ± 0.0385 (PASSED) shots=exact
✔ Resultado guardado en: Resultados/PCE/20260708-130618/n_30.h5
Fecha fin: Fri Jul 10 03:26:41 CEST 2026

*****************************************************************************
*                                                                           *
*                    JOB EFFICIENCY REPORT (seff 513706)                   *
*                                                                           *
*****************************************************************************

Job ID: 513706
Array Job ID: 513561_2
Cluster: qmio
User/Group: tec_app6/cesga
State: COMPLETED (exit code 0)
Nodes: 1
Cores per node: 16
CPU Utilized: 00:09:03
CPU Efficiency: 6.26% of 02:24:32 core-walltime
Job Wall-clock time: 00:09:02
Memory Utilized: 167.17 MB
Memory Efficiency: 1.02% of 16.00 GB

 +++++++++++++++++++++++++++++++++++++++++++++++++++++++++++++++++++++++++++
 ++   Memory Efficiency is too small. Please review the requested memory. ++
 ++ It seems that you do not need that much memory so we recommend        ++
 ++ requesting less memory in other similar jobs.                         ++
 +++++++++++++++++++++++++++++++++++++++++++++++++++++++++++++++++++++++++++
 
*****************************************************************************

