slurmstepd: info: Setting TMPDIR to /scratch/513708. Previous errors about TMPDIR can be discarded
==============================
RUN_ID: 20260708-130618
Array ID: 4
num_nodes: 50
MAXITER_INTERCEPT: 20  MAXITER_SLOPE: 0.2
maxiter (escalado para este n): 30
num_instances: 40
optimizer: DIFFERENTIALEVOLUTION
==============================

==============================
num_nodes    = 50
num_instances= 40
k            = 2
optimizer    = DIFFERENTIALEVOLUTION
maxiter      = 30
outdir       = Resultados/PCE/20260708-130618
shots        = exacto (statevector)
==============================


✔ n=50 beta=0.8851 ± 0.0283 (PASSED) shots=exact
✔ Resultado guardado en: Resultados/PCE/20260708-130618/n_50.h5
Fecha fin: Fri Jul 10 04:29:42 CEST 2026

*****************************************************************************
*                                                                           *
*                    JOB EFFICIENCY REPORT (seff 513708)                   *
*                                                                           *
*****************************************************************************

Job ID: 513708
Array Job ID: 513561_4
Cluster: qmio
User/Group: tec_app6/cesga
State: COMPLETED (exit code 0)
Nodes: 1
Cores per node: 16
CPU Utilized: 01:03:05
CPU Efficiency: 6.26% of 16:48:16 core-walltime
Job Wall-clock time: 01:03:01
Memory Utilized: 282.26 MB
Memory Efficiency: 1.72% of 16.00 GB

 +++++++++++++++++++++++++++++++++++++++++++++++++++++++++++++++++++++++++++
 ++   Memory Efficiency is too small. Please review the requested memory. ++
 ++ It seems that you do not need that much memory so we recommend        ++
 ++ requesting less memory in other similar jobs.                         ++
 +++++++++++++++++++++++++++++++++++++++++++++++++++++++++++++++++++++++++++
 
*****************************************************************************

