slurmstepd: info: Setting TMPDIR to /scratch/513785. Previous errors about TMPDIR can be discarded
==============================
RUN_ID: 20260712-014124
Array ID: 10  (entrada: 300:3:8)
num_nodes: 300   chunk: 4/8
num_instances (total del n): 100
num_workers: 16
optimizer: DIFFERENTIALEVOLUTION   maxiter: 25   k: 3
backend: AER   shots: 0
==============================

==============================
num_nodes     = 300
num_instances = 100 (total del n)
chunk         = 4/8
num_workers   = 16
k             = 3
optimizer     = DIFFERENTIALEVOLUTION
maxiter       = 25
backend       = AER
outdir        = Resultados/PCE/20260712-014124/chunks
==============================

(num_workers ajustado de 16 a 13: este chunk solo tiene 13 instancias)

✔ n=300 chunk 4/8 (13 instancias) beta_parcial=0.6953 ± 0.0172
✔ Resultado del chunk guardado en: Resultados/PCE/20260712-014124/chunks/n_300_chunk_3_of_8.h5
  (recuerda: esto es PARCIAL — hace falta merge_chunks_qscore_PCE.py para combinar todos los chunks de este n antes de agregar)
Fecha fin: Sun Jul 12 09:09:22 CEST 2026

*****************************************************************************
*                                                                           *
*                    JOB EFFICIENCY REPORT (seff 513785)                   *
*                                                                           *
*****************************************************************************

Job ID: 513785
Array Job ID: 513774_10
Cluster: qmio
User/Group: tec_app6/cesga
State: COMPLETED (exit code 0)
Nodes: 1
Cores per node: 32
CPU Utilized: 6-14:40:49
CPU Efficiency: 93.04% of 7-02:32:32 core-walltime
Job Wall-clock time: 05:19:46
Memory Utilized: 13.95 GB
Memory Efficiency: 87.19% of 16.00 GB

*****************************************************************************

