qmio/hpc unloaded
gcccore/12.3.0 unloaded
binutils/2.40 unloaded
gcc/12.3.0 unloaded
sqlite/3.45.3 unloaded
libffi/3.4.4 unloaded
python/3.11.9 unloaded
rust/1.88.0 unloaded
imkl/2023.2.0 unloaded
ninja/1.9.0 unloaded
meson/1.5.2-python-3.11.9 unloaded
meson-python/0.16.0-python-3.11.9 unloaded
cython/3.0.9-python-3.11.9 unloaded
numpy/1.26.4-python-3.11.9 unloaded
pythran/0.15.0-python-3.11.9 unloaded
pybind11/2.13.6-python-3.11.9 unloaded
xsimd/12.1.1 unloaded
scipy/1.13.0-python-3.11.9 unloaded
llvm/16.0.0 unloaded
gmp/6.3.0 unloaded
mpfr/4.2.1 unloaded
mpc/1.3.1 unloaded
flint/3.1.2 unloaded
symengine/0.11.2 unloaded
symengine-python/0.11.0-python-3.11.9 unloaded
spdlog/1.9.2 unloaded
pylatexenc/2.10-python-3.11.9 unloaded
libgd/2.3.3 unloaded
nasm/2.16.03 unloaded
libjpeg-turbo/3.0.2 unloaded
matplotlib/3.6.3-python-3.11.9 unloaded
pandas/2.2.2-python-3.11.9 unloaded
seaborn/0.12.2-python-3.11.9 unloaded
qiskit/2.2.3-python-3.11.9 unloaded
qmio-run/0.5.1-python-3.11.9 unloaded
qmio-tools/0.2.1-python-3.11.9 unloaded
        Preparing the environment for use of the sistema software stack.
        Please rebuild modules cache: module --ignore-cache avail
     
qmio/hpc loaded
gcccore/12.3.0 loaded
binutils/2.40 loaded
gcc/12.3.0 loaded
sqlite/3.45.3 loaded
libffi/3.4.4 loaded
python/3.11.9 loaded
rust/1.88.0 loaded

imkl/2023.2.0 loaded
ninja/1.9.0 loaded
meson/1.5.2-python-3.11.9 loaded
meson-python/0.16.0-python-3.11.9 loaded
cython/3.0.9-python-3.11.9 loaded
numpy/1.26.4-python-3.11.9 loaded
pythran/0.15.0-python-3.11.9 loaded
pybind11/2.13.6-python-3.11.9 loaded
xsimd/12.1.1 loaded
scipy/1.13.0-python-3.11.9 loaded
llvm/16.0.0 loaded
gmp/6.3.0 loaded
mpfr/4.2.1 loaded
mpc/1.3.1 loaded
flint/3.1.2 loaded
symengine/0.11.2 loaded
symengine-python/0.11.0-python-3.11.9 loaded
spdlog/1.9.2 loaded
pylatexenc/2.10-python-3.11.9 loaded
libgd/2.3.3 loaded
nasm/2.16.03 loaded
libjpeg-turbo/3.0.2 loaded
matplotlib/3.6.3-python-3.11.9 loaded
pandas/2.2.2-python-3.11.9 loaded
seaborn/0.12.2-python-3.11.9 loaded
qiskit/2.2.3-python-3.11.9 loaded
qmio-run/0.5.1-python-3.11.9 loaded
qmio-tools/0.2.1-python-3.11.9 loaded
gcc/12.3.0 unloaded
rust/1.88.0 unloaded
pythran/0.15.0-python-3.11.9 unloaded
scipy/1.13.0-python-3.11.9 unloaded
qiskit/2.2.3-python-3.11.9 unloaded
qmio-run/0.5.1-python-3.11.9 unloaded
qmio-tools/0.2.1-python-3.11.9 unloaded
gcc/12.3.0 loaded
rust/1.88.0 loaded
pythran/0.15.0-python-3.11.9 loaded
scipy/1.13.0-python-3.11.9 loaded
qiskit/2.2.3-python-3.11.9 loaded
qmio-run/0.5.1-python-3.11.9 loaded
qmio-tools/0.2.1-python-3.11.9 loaded
qiskit/2.2.3-python-3.11.9 unloaded
qiskit/2.2.3-python-3.11.9 loaded
qmio-tools/0.2.1-python-3.11.9 unloaded
qmio-tools/0.2.1-python-3.11.9 loaded
2026-07-12 03:52:22,751 [INFO] [PCE] n=300 chunk 7/8: 12 instancias [6, 14, 22, 30, 38, 46, 54, 62, 70, 78, 86, 94], num_workers=12, qubits=10
2026-07-12 03:52:22,751 [INFO] [PCE] n=300 paralelizando 12 instancias entre 12 workers (2 hilos/worker, 32 hilos totales disponibles)
2026-07-12 03:52:23,009 [INFO] Pass: ContainsInstruction - 0.01764 (ms)
2026-07-12 03:52:23,010 [INFO] Pass: UnitarySynthesis - 0.01287 (ms)
2026-07-12 03:52:23,010 [INFO] Pass: HighLevelSynthesis - 0.01216 (ms)
2026-07-12 03:52:23,010 [INFO] Pass: BasisTranslator - 0.08273 (ms)
2026-07-12 03:52:23,010 [INFO] Pass: ElidePermutations - 0.00906 (ms)
2026-07-12 03:52:23,010 [INFO] Pass: RemoveDiagonalGatesBeforeMeasure - 0.02003 (ms)
2026-07-12 03:52:23,010 [INFO] Pass: RemoveIdentityEquivalent - 0.01335 (ms)
2026-07-12 03:52:23,010 [INFO] Pass: InverseCancellation - 0.01144 (ms)
2026-07-12 03:52:23,010 [INFO] Pass: ContractIdleWiresInControlFlow - 0.00238 (ms)
2026-07-12 03:52:23,010 [INFO] Pass: CommutativeCancellation - 0.12279 (ms)
2026-07-12 03:52:23,010 [INFO] Pass: ConsolidateBlocks - 0.06914 (ms)
2026-07-12 03:52:23,010 [INFO] Pass: Split2QUnitaries - 0.00739 (ms)
2026-07-12 03:52:23,010 [INFO] Pass: UnitarySynthesis - 0.01287 (ms)
2026-07-12 03:52:23,010 [INFO] Pass: HighLevelSynthesis - 0.05698 (ms)
2026-07-12 03:52:23,010 [INFO] Pass: BasisTranslator - 0.09513 (ms)
2026-07-12 03:52:23,011 [INFO] Pass: ConsolidateBlocks - 0.06723 (ms)
2026-07-12 03:52:23,011 [INFO] Pass: UnitarySynthesis - 0.00525 (ms)
2026-07-12 03:52:23,011 [INFO] Pass: Depth - 0.03600 (ms)
2026-07-12 03:52:23,011 [INFO] Pass: FixedPoint - 0.00834 (ms)
2026-07-12 03:52:23,011 [INFO] Pass: Size - 0.00358 (ms)
2026-07-12 03:52:23,011 [INFO] Pass: FixedPoint - 0.00334 (ms)
2026-07-12 03:52:23,011 [INFO] Pass: RemoveIdentityEquivalent - 0.00501 (ms)
2026-07-12 03:52:23,011 [INFO] Pass: Optimize1qGatesDecomposition - 0.04673 (ms)
2026-07-12 03:52:23,011 [INFO] Pass: CommutativeCancellation - 0.13280 (ms)
2026-07-12 03:52:23,011 [INFO] Pass: ContractIdleWiresInControlFlow - 0.00191 (ms)
2026-07-12 03:52:23,011 [INFO] Pass: GatesInBasis - 0.04840 (ms)
2026-07-12 03:52:23,011 [INFO] Pass: Depth - 0.03195 (ms)
2026-07-12 03:52:23,011 [INFO] Pass: FixedPoint - 0.00429 (ms)
2026-07-12 03:52:23,011 [INFO] Pass: Size - 0.00238 (ms)
2026-07-12 03:52:23,011 [INFO] Pass: FixedPoint - 0.00310 (ms)
2026-07-12 03:52:23,011 [INFO] Pass: ContainsInstruction - 0.00596 (ms)
2026-07-12 03:52:23,012 [INFO] Total Transpile Time - 109.88665 (ms)
2026-07-12 03:52:23,028 [INFO] Pass: ContainsInstruction - 0.01955 (ms)
2026-07-12 03:52:23,028 [INFO] Pass: ContainsInstruction - 0.01812 (ms)
2026-07-12 03:52:23,028 [INFO] Pass: ContainsInstruction - 0.01812 (ms)
2026-07-12 03:52:23,028 [INFO] Pass: UnitarySynthesis - 0.01144 (ms)
2026-07-12 03:52:23,028 [INFO] Pass: UnitarySynthesis - 0.01049 (ms)
2026-07-12 03:52:23,028 [INFO] Pass: UnitarySynthesis - 0.01001 (ms)
2026-07-12 03:52:23,028 [INFO] Pass: HighLevelSynthesis - 0.01287 (ms)
2026-07-12 03:52:23,028 [INFO] Pass: HighLevelSynthesis - 0.01144 (ms)
2026-07-12 03:52:23,028 [INFO] Pass: HighLevelSynthesis - 0.01025 (ms)
2026-07-12 03:52:23,028 [INFO] Pass: ContainsInstruction - 0.01740 (ms)
2026-07-12 03:52:23,028 [INFO] Pass: BasisTranslator - 0.09060 (ms)
2026-07-12 03:52:23,028 [INFO] Pass: BasisTranslator - 0.08583 (ms)
2026-07-12 03:52:23,028 [INFO] Pass: UnitarySynthesis - 0.01144 (ms)
2026-07-12 03:52:23,028 [INFO] Pass: BasisTranslator - 0.07653 (ms)
2026-07-12 03:52:23,028 [INFO] Pass: ElidePermutations - 0.00882 (ms)
2026-07-12 03:52:23,028 [INFO] Pass: ElidePermutations - 0.00954 (ms)
2026-07-12 03:52:23,028 [INFO] Pass: ElidePermutations - 0.00787 (ms)
2026-07-12 03:52:23,028 [INFO] Pass: ContainsInstruction - 0.01740 (ms)
2026-07-12 03:52:23,028 [INFO] Pass: HighLevelSynthesis - 0.01001 (ms)
2026-07-12 03:52:23,028 [INFO] Pass: RemoveDiagonalGatesBeforeMeasure - 0.02217 (ms)
2026-07-12 03:52:23,028 [INFO] Pass: RemoveDiagonalGatesBeforeMeasure - 0.02456 (ms)
2026-07-12 03:52:23,028 [INFO] Pass: RemoveDiagonalGatesBeforeMeasure - 0.02027 (ms)
2026-07-12 03:52:23,028 [INFO] Pass: UnitarySynthesis - 0.01121 (ms)
2026-07-12 03:52:23,029 [INFO] Pass: RemoveIdentityEquivalent - 0.01478 (ms)
2026-07-12 03:52:23,029 [INFO] Pass: RemoveIdentityEquivalent - 0.01478 (ms)
2026-07-12 03:52:23,029 [INFO] Pass: BasisTranslator - 0.08106 (ms)
2026-07-12 03:52:23,029 [INFO] Pass: RemoveIdentityEquivalent - 0.01621 (ms)
2026-07-12 03:52:23,029 [INFO] Pass: HighLevelSynthesis - 0.01073 (ms)
2026-07-12 03:52:23,029 [INFO] Pass: ElidePermutations - 0.00715 (ms)
2026-07-12 03:52:23,029 [INFO] Pass: InverseCancellation - 0.01264 (ms)
2026-07-12 03:52:23,029 [INFO] Pass: InverseCancellation - 0.01407 (ms)
2026-07-12 03:52:23,029 [INFO] Pass: InverseCancellation - 0.00978 (ms)
2026-07-12 03:52:23,029 [INFO] Pass: ContractIdleWiresInControlFlow - 0.00238 (ms)
2026-07-12 03:52:23,029 [INFO] Pass: ContractIdleWiresInControlFlow - 0.00262 (ms)
2026-07-12 03:52:23,029 [INFO] Pass: ContractIdleWiresInControlFlow - 0.00262 (ms)
2026-07-12 03:52:23,029 [INFO] Pass: ContainsInstruction - 0.01693 (ms)
2026-07-12 03:52:23,029 [INFO] Pass: RemoveDiagonalGatesBeforeMeasure - 0.01884 (ms)
2026-07-12 03:52:23,029 [INFO] Pass: BasisTranslator - 0.07439 (ms)
2026-07-12 03:52:23,029 [INFO] Pass: ElidePermutations - 0.00715 (ms)
2026-07-12 03:52:23,029 [INFO] Pass: RemoveIdentityEquivalent - 0.01359 (ms)
2026-07-12 03:52:23,029 [INFO] Pass: UnitarySynthesis - 0.00978 (ms)
2026-07-12 03:52:23,029 [INFO] Pass: InverseCancellation - 0.01025 (ms)
2026-07-12 03:52:23,029 [INFO] Pass: CommutativeCancellation - 0.12279 (ms)
2026-07-12 03:52:23,029 [INFO] Pass: CommutativeCancellation - 0.12088 (ms)
2026-07-12 03:52:23,029 [INFO] Pass: CommutativeCancellation - 0.12708 (ms)
2026-07-12 03:52:23,029 [INFO] Pass: RemoveDiagonalGatesBeforeMeasure - 0.01788 (ms)
2026-07-12 03:52:23,029 [INFO] Pass: ContractIdleWiresInControlFlow - 0.00262 (ms)
2026-07-12 03:52:23,029 [INFO] Pass: HighLevelSynthesis - 0.01097 (ms)
2026-07-12 03:52:23,029 [INFO] Pass: RemoveIdentityEquivalent - 0.01264 (ms)
2026-07-12 03:52:23,029 [INFO] Pass: ConsolidateBlocks - 0.07033 (ms)
2026-07-12 03:52:23,029 [INFO] Pass: ConsolidateBlocks - 0.07224 (ms)
2026-07-12 03:52:23,029 [INFO] Pass: ConsolidateBlocks - 0.06890 (ms)
2026-07-12 03:52:23,029 [INFO] Pass: InverseCancellation - 0.01001 (ms)
2026-07-12 03:52:23,029 [INFO] Pass: BasisTranslator - 0.07606 (ms)
2026-07-12 03:52:23,029 [INFO] Pass: Split2QUnitaries - 0.00691 (ms)
2026-07-12 03:52:23,029 [INFO] Pass: Split2QUnitaries - 0.00596 (ms)
2026-07-12 03:52:23,029 [INFO] Pass: ContractIdleWiresInControlFlow - 0.00215 (ms)
2026-07-12 03:52:23,029 [INFO] Pass: Split2QUnitaries - 0.00620 (ms)
2026-07-12 03:52:23,029 [INFO] Pass: UnitarySynthesis - 0.00572 (ms)
2026-07-12 03:52:23,029 [INFO] Pass: UnitarySynthesis - 0.00572 (ms)
2026-07-12 03:52:23,029 [INFO] Pass: CommutativeCancellation - 0.12279 (ms)
2026-07-12 03:52:23,029 [INFO] Pass: UnitarySynthesis - 0.00572 (ms)
2026-07-12 03:52:23,029 [INFO] Pass: ElidePermutations - 0.00763 (ms)
2026-07-12 03:52:23,029 [INFO] Pass: ContainsInstruction - 0.02337 (ms)
2026-07-12 03:52:23,029 [INFO] Pass: HighLevelSynthesis - 0.05674 (ms)
2026-07-12 03:52:23,029 [INFO] Pass: HighLevelSynthesis - 0.05555 (ms)
2026-07-12 03:52:23,029 [INFO] Pass: HighLevelSynthesis - 0.05722 (ms)
2026-07-12 03:52:23,029 [INFO] Pass: RemoveDiagonalGatesBeforeMeasure - 0.01860 (ms)
2026-07-12 03:52:23,029 [INFO] Pass: ConsolidateBlocks - 0.06461 (ms)
2026-07-12 03:52:23,029 [INFO] Pass: CommutativeCancellation - 0.12350 (ms)
2026-07-12 03:52:23,029 [INFO] Pass: Split2QUnitaries - 0.00548 (ms)
2026-07-12 03:52:23,029 [INFO] Pass: UnitarySynthesis - 0.01168 (ms)
2026-07-12 03:52:23,029 [INFO] Pass: RemoveIdentityEquivalent - 0.01264 (ms)
2026-07-12 03:52:23,029 [INFO] Pass: UnitarySynthesis - 0.00548 (ms)
2026-07-12 03:52:23,029 [INFO] Pass: InverseCancellation - 0.01216 (ms)
2026-07-12 03:52:23,029 [INFO] Pass: HighLevelSynthesis - 0.01407 (ms)
2026-07-12 03:52:23,029 [INFO] Pass: BasisTranslator - 0.09108 (ms)
2026-07-12 03:52:23,029 [INFO] Pass: BasisTranslator - 0.09274 (ms)
2026-07-12 03:52:23,029 [INFO] Pass: BasisTranslator - 0.09227 (ms)
2026-07-12 03:52:23,029 [INFO] Pass: ContractIdleWiresInControlFlow - 0.00262 (ms)
2026-07-12 03:52:23,029 [INFO] Pass: ConsolidateBlocks - 0.06390 (ms)
2026-07-12 03:52:23,029 [INFO] Pass: HighLevelSynthesis - 0.05603 (ms)
2026-07-12 03:52:23,029 [INFO] Pass: Split2QUnitaries - 0.00572 (ms)
2026-07-12 03:52:23,029 [INFO] Pass: UnitarySynthesis - 0.00596 (ms)
2026-07-12 03:52:23,029 [INFO] Pass: ConsolidateBlocks - 0.06461 (ms)
2026-07-12 03:52:23,029 [INFO] Pass: ConsolidateBlocks - 0.06461 (ms)
2026-07-12 03:52:23,029 [INFO] Pass: ConsolidateBlocks - 0.06533 (ms)
2026-07-12 03:52:23,029 [INFO] Pass: BasisTranslator - 0.08249 (ms)
2026-07-12 03:52:23,029 [INFO] Pass: UnitarySynthesis - 0.00501 (ms)
2026-07-12 03:52:23,029 [INFO] Pass: ContainsInstruction - 0.02027 (ms)
2026-07-12 03:52:23,029 [INFO] Pass: UnitarySynthesis - 0.00501 (ms)
2026-07-12 03:52:23,029 [INFO] Pass: UnitarySynthesis - 0.00477 (ms)
2026-07-12 03:52:23,029 [INFO] Pass: BasisTranslator - 0.09966 (ms)
2026-07-12 03:52:23,029 [INFO] Pass: CommutativeCancellation - 0.13232 (ms)
2026-07-12 03:52:23,029 [INFO] Pass: ElidePermutations - 0.00930 (ms)
2026-07-12 03:52:23,029 [INFO] Pass: HighLevelSynthesis - 0.06962 (ms)
2026-07-12 03:52:23,029 [INFO] Pass: ContainsInstruction - 0.02003 (ms)
2026-07-12 03:52:23,029 [INFO] Pass: Depth - 0.03600 (ms)
2026-07-12 03:52:23,029 [INFO] Pass: Depth - 0.03529 (ms)
2026-07-12 03:52:23,029 [INFO] Pass: Depth - 0.03529 (ms)
2026-07-12 03:52:23,029 [INFO] Pass: UnitarySynthesis - 0.01168 (ms)
2026-07-12 03:52:23,029 [INFO] Pass: FixedPoint - 0.00954 (ms)
2026-07-12 03:52:23,029 [INFO] Pass: FixedPoint - 0.00882 (ms)
2026-07-12 03:52:23,029 [INFO] Pass: FixedPoint - 0.00930 (ms)
2026-07-12 03:52:23,029 [INFO] Pass: ContainsInstruction - 0.02027 (ms)
2026-07-12 03:52:23,029 [INFO] Pass: ConsolidateBlocks - 0.06509 (ms)
2026-07-12 03:52:23,029 [INFO] Pass: Size - 0.00405 (ms)
2026-07-12 03:52:23,029 [INFO] Pass: RemoveDiagonalGatesBeforeMeasure - 0.02217 (ms)
2026-07-12 03:52:23,029 [INFO] Pass: Size - 0.00405 (ms)
2026-07-12 03:52:23,029 [INFO] Pass: Size - 0.00453 (ms)
2026-07-12 03:52:23,029 [INFO] Pass: ConsolidateBlocks - 0.06580 (ms)
2026-07-12 03:52:23,029 [INFO] Pass: UnitarySynthesis - 0.01121 (ms)
2026-07-12 03:52:23,029 [INFO] Pass: HighLevelSynthesis - 0.01216 (ms)
2026-07-12 03:52:23,029 [INFO] Pass: FixedPoint - 0.00334 (ms)
2026-07-12 03:52:23,029 [INFO] Pass: FixedPoint - 0.00334 (ms)
2026-07-12 03:52:23,029 [INFO] Pass: FixedPoint - 0.00358 (ms)
2026-07-12 03:52:23,029 [INFO] Pass: UnitarySynthesis - 0.00477 (ms)
2026-07-12 03:52:23,029 [INFO] Pass: BasisTranslator - 0.09227 (ms)
2026-07-12 03:52:23,029 [INFO] Pass: Split2QUnitaries - 0.00572 (ms)
2026-07-12 03:52:23,029 [INFO] Pass: RemoveIdentityEquivalent - 0.01431 (ms)
2026-07-12 03:52:23,029 [INFO] Pass: RemoveIdentityEquivalent - 0.00477 (ms)
2026-07-12 03:52:23,029 [INFO] Pass: RemoveIdentityEquivalent - 0.00453 (ms)
2026-07-12 03:52:23,029 [INFO] Pass: RemoveIdentityEquivalent - 0.00477 (ms)
2026-07-12 03:52:23,029 [INFO] Pass: UnitarySynthesis - 0.00525 (ms)
2026-07-12 03:52:23,029 [INFO] Pass: HighLevelSynthesis - 0.01216 (ms)
2026-07-12 03:52:23,029 [INFO] Pass: UnitarySynthesis - 0.01073 (ms)
2026-07-12 03:52:23,029 [INFO] Pass: Depth - 0.03481 (ms)
2026-07-12 03:52:23,029 [INFO] Pass: InverseCancellation - 0.01264 (ms)
2026-07-12 03:52:23,030 [INFO] Pass: FixedPoint - 0.00858 (ms)
2026-07-12 03:52:23,030 [INFO] Pass: ConsolidateBlocks - 0.06628 (ms)
2026-07-12 03:52:23,030 [INFO] Pass: ContractIdleWiresInControlFlow - 0.00334 (ms)
2026-07-12 03:52:23,030 [INFO] Pass: Optimize1qGatesDecomposition - 0.04935 (ms)
2026-07-12 03:52:23,030 [INFO] Pass: HighLevelSynthesis - 0.01192 (ms)
2026-07-12 03:52:23,030 [INFO] Pass: Optimize1qGatesDecomposition - 0.04697 (ms)
2026-07-12 03:52:23,030 [INFO] Pass: Optimize1qGatesDecomposition - 0.04959 (ms)
2026-07-12 03:52:23,030 [INFO] Pass: BasisTranslator - 0.08178 (ms)
2026-07-12 03:52:23,030 [INFO] Pass: Size - 0.00381 (ms)
2026-07-12 03:52:23,030 [INFO] Pass: HighLevelSynthesis - 0.05627 (ms)
2026-07-12 03:52:23,030 [INFO] Pass: UnitarySynthesis - 0.00548 (ms)
2026-07-12 03:52:23,030 [INFO] Pass: FixedPoint - 0.00334 (ms)
2026-07-12 03:52:23,030 [INFO] Pass: ElidePermutations - 0.00882 (ms)
2026-07-12 03:52:23,030 [INFO] Pass: BasisTranslator - 0.08297 (ms)
2026-07-12 03:52:23,030 [INFO] Pass: RemoveIdentityEquivalent - 0.00477 (ms)
2026-07-12 03:52:23,030 [INFO] Pass: Depth - 0.03457 (ms)
2026-07-12 03:52:23,030 [INFO] Pass: ElidePermutations - 0.00811 (ms)
2026-07-12 03:52:23,030 [INFO] Pass: FixedPoint - 0.00882 (ms)
2026-07-12 03:52:23,030 [INFO] Pass: BasisTranslator - 0.07796 (ms)
2026-07-12 03:52:23,030 [INFO] Pass: RemoveDiagonalGatesBeforeMeasure - 0.01931 (ms)
2026-07-12 03:52:23,030 [INFO] Pass: BasisTranslator - 0.09274 (ms)
2026-07-12 03:52:23,030 [INFO] Pass: Optimize1qGatesDecomposition - 0.04578 (ms)
2026-07-12 03:52:23,030 [INFO] Pass: Size - 0.00405 (ms)
2026-07-12 03:52:23,030 [INFO] Pass: CommutativeCancellation - 0.12994 (ms)
2026-07-12 03:52:23,030 [INFO] Pass: CommutativeCancellation - 0.13018 (ms)
2026-07-12 03:52:23,030 [INFO] Pass: ElidePermutations - 0.00906 (ms)
2026-07-12 03:52:23,030 [INFO] Pass: CommutativeCancellation - 0.13447 (ms)
2026-07-12 03:52:23,030 [INFO] Pass: CommutativeCancellation - 0.13351 (ms)
2026-07-12 03:52:23,030 [INFO] Pass: FixedPoint - 0.00358 (ms)
2026-07-12 03:52:23,030 [INFO] Pass: RemoveDiagonalGatesBeforeMeasure - 0.01860 (ms)
2026-07-12 03:52:23,030 [INFO] Pass: RemoveIdentityEquivalent - 0.01335 (ms)
2026-07-12 03:52:23,030 [INFO] Pass: ContractIdleWiresInControlFlow - 0.00238 (ms)
2026-07-12 03:52:23,030 [INFO] Pass: ContractIdleWiresInControlFlow - 0.00215 (ms)
2026-07-12 03:52:23,030 [INFO] Pass: ContractIdleWiresInControlFlow - 0.00238 (ms)
2026-07-12 03:52:23,030 [INFO] Pass: RemoveIdentityEquivalent - 0.00477 (ms)
2026-07-12 03:52:23,030 [INFO] Pass: InverseCancellation - 0.01121 (ms)
2026-07-12 03:52:23,030 [INFO] Pass: ConsolidateBlocks - 0.06437 (ms)
2026-07-12 03:52:23,030 [INFO] Pass: RemoveIdentityEquivalent - 0.01407 (ms)
2026-07-12 03:52:23,030 [INFO] Pass: RemoveDiagonalGatesBeforeMeasure - 0.01884 (ms)
2026-07-12 03:52:23,030 [INFO] Pass: ContractIdleWiresInControlFlow - 0.00286 (ms)
2026-07-12 03:52:23,030 [INFO] Pass: ConsolidateBlocks - 0.07153 (ms)
2026-07-12 03:52:23,030 [INFO] Pass: GatesInBasis - 0.04864 (ms)
2026-07-12 03:52:23,030 [INFO] Pass: UnitarySynthesis - 0.00477 (ms)
2026-07-12 03:52:23,030 [INFO] Pass: GatesInBasis - 0.04792 (ms)
2026-07-12 03:52:23,030 [INFO] Pass: GatesInBasis - 0.04935 (ms)
2026-07-12 03:52:23,030 [INFO] Pass: InverseCancellation - 0.01073 (ms)
2026-07-12 03:52:23,030 [INFO] Pass: Optimize1qGatesDecomposition - 0.04840 (ms)
2026-07-12 03:52:23,030 [INFO] Pass: Split2QUnitaries - 0.00763 (ms)
2026-07-12 03:52:23,030 [INFO] Pass: RemoveIdentityEquivalent - 0.01287 (ms)
2026-07-12 03:52:23,030 [INFO] Pass: CommutativeCancellation - 0.13161 (ms)
2026-07-12 03:52:23,030 [INFO] Pass: ContractIdleWiresInControlFlow - 0.00334 (ms)
2026-07-12 03:52:23,030 [INFO] Pass: Depth - 0.03195 (ms)
2026-07-12 03:52:23,030 [INFO] Pass: Depth - 0.03171 (ms)
2026-07-12 03:52:23,030 [INFO] Pass: Depth - 0.03481 (ms)
2026-07-12 03:52:23,030 [INFO] Pass: UnitarySynthesis - 0.00644 (ms)
2026-07-12 03:52:23,030 [INFO] Pass: Depth - 0.03314 (ms)
2026-07-12 03:52:23,030 [INFO] Pass: ContractIdleWiresInControlFlow - 0.00262 (ms)
2026-07-12 03:52:23,030 [INFO] Pass: InverseCancellation - 0.01049 (ms)
2026-07-12 03:52:23,030 [INFO] Pass: FixedPoint - 0.00429 (ms)
2026-07-12 03:52:23,030 [INFO] Pass: FixedPoint - 0.00405 (ms)
2026-07-12 03:52:23,030 [INFO] Pass: FixedPoint - 0.00858 (ms)
2026-07-12 03:52:23,030 [INFO] Pass: FixedPoint - 0.00405 (ms)
2026-07-12 03:52:23,030 [INFO] Pass: Size - 0.00262 (ms)
2026-07-12 03:52:23,030 [INFO] Pass: ContractIdleWiresInControlFlow - 0.00286 (ms)
2026-07-12 03:52:23,030 [INFO] Pass: Size - 0.00262 (ms)
2026-07-12 03:52:23,030 [INFO] Pass: Size - 0.00262 (ms)
2026-07-12 03:52:23,030 [INFO] Pass: Size - 0.00381 (ms)
2026-07-12 03:52:23,030 [INFO] Pass: FixedPoint - 0.00334 (ms)
2026-07-12 03:52:23,030 [INFO] Pass: FixedPoint - 0.00334 (ms)
2026-07-12 03:52:23,030 [INFO] Pass: FixedPoint - 0.00334 (ms)
2026-07-12 03:52:23,030 [INFO] Pass: HighLevelSynthesis - 0.05627 (ms)
2026-07-12 03:52:23,030 [INFO] Pass: GatesInBasis - 0.04816 (ms)
2026-07-12 03:52:23,030 [INFO] Pass: FixedPoint - 0.00358 (ms)
2026-07-12 03:52:23,030 [INFO] Pass: CommutativeCancellation - 0.12469 (ms)
2026-07-12 03:52:23,030 [INFO] Pass: ContainsInstruction - 0.00596 (ms)
2026-07-12 03:52:23,030 [INFO] Pass: ContainsInstruction - 0.00644 (ms)
2026-07-12 03:52:23,030 [INFO] Pass: ContainsInstruction - 0.00644 (ms)
2026-07-12 03:52:23,030 [INFO] Pass: RemoveIdentityEquivalent - 0.00453 (ms)
2026-07-12 03:52:23,030 [INFO] Pass: CommutativeCancellation - 0.13685 (ms)
2026-07-12 03:52:23,030 [INFO] Pass: Depth - 0.03219 (ms)
2026-07-12 03:52:23,030 [INFO] Pass: CommutativeCancellation - 0.12422 (ms)
2026-07-12 03:52:23,030 [INFO] Pass: ContractIdleWiresInControlFlow - 0.00215 (ms)
2026-07-12 03:52:23,030 [INFO] Pass: FixedPoint - 0.00405 (ms)
2026-07-12 03:52:23,030 [INFO] Pass: Size - 0.00262 (ms)
2026-07-12 03:52:23,030 [INFO] Pass: ConsolidateBlocks - 0.07033 (ms)
2026-07-12 03:52:23,030 [INFO] Pass: Optimize1qGatesDecomposition - 0.04792 (ms)
2026-07-12 03:52:23,030 [INFO] Pass: BasisTranslator - 0.09179 (ms)
2026-07-12 03:52:23,030 [INFO] Pass: CommutativeCancellation - 0.12302 (ms)
2026-07-12 03:52:23,030 [INFO] Pass: FixedPoint - 0.00310 (ms)
2026-07-12 03:52:23,030 [INFO] Pass: Split2QUnitaries - 0.00691 (ms)
2026-07-12 03:52:23,030 [INFO] Pass: GatesInBasis - 0.04697 (ms)
2026-07-12 03:52:23,030 [INFO] Pass: ConsolidateBlocks - 0.06795 (ms)
2026-07-12 03:52:23,030 [INFO] Pass: ContainsInstruction - 0.00548 (ms)
2026-07-12 03:52:23,030 [INFO] Pass: UnitarySynthesis - 0.00548 (ms)
2026-07-12 03:52:23,030 [INFO] Pass: Split2QUnitaries - 0.00691 (ms)
2026-07-12 03:52:23,030 [INFO] Pass: Depth - 0.03266 (ms)
2026-07-12 03:52:23,030 [INFO] Pass: UnitarySynthesis - 0.00525 (ms)
2026-07-12 03:52:23,030 [INFO] Pass: ConsolidateBlocks - 0.06700 (ms)
2026-07-12 03:52:23,030 [INFO] Pass: ConsolidateBlocks - 0.06676 (ms)
2026-07-12 03:52:23,030 [INFO] Pass: FixedPoint - 0.00405 (ms)
2026-07-12 03:52:23,030 [INFO] Pass: UnitarySynthesis - 0.00525 (ms)
2026-07-12 03:52:23,030 [INFO] Pass: HighLevelSynthesis - 0.05627 (ms)
2026-07-12 03:52:23,030 [INFO] Pass: Size - 0.00238 (ms)
2026-07-12 03:52:23,030 [INFO] Pass: Split2QUnitaries - 0.00644 (ms)
2026-07-12 03:52:23,030 [INFO] Pass: CommutativeCancellation - 0.13614 (ms)
2026-07-12 03:52:23,030 [INFO] Pass: FixedPoint - 0.00310 (ms)
2026-07-12 03:52:23,030 [INFO] Pass: UnitarySynthesis - 0.00596 (ms)
2026-07-12 03:52:23,030 [INFO] Pass: HighLevelSynthesis - 0.05770 (ms)
2026-07-12 03:52:23,030 [INFO] Pass: ContractIdleWiresInControlFlow - 0.00215 (ms)
2026-07-12 03:52:23,030 [INFO] Pass: ContainsInstruction - 0.00596 (ms)
2026-07-12 03:52:23,030 [INFO] Pass: Depth - 0.03505 (ms)
2026-07-12 03:52:23,030 [INFO] Pass: FixedPoint - 0.01025 (ms)
2026-07-12 03:52:23,030 [INFO] Pass: HighLevelSynthesis - 0.06413 (ms)
2026-07-12 03:52:23,030 [INFO] Pass: BasisTranslator - 0.09680 (ms)
2026-07-12 03:52:23,030 [INFO] Pass: Size - 0.00525 (ms)
2026-07-12 03:52:23,030 [INFO] Pass: GatesInBasis - 0.04792 (ms)
2026-07-12 03:52:23,030 [INFO] Pass: FixedPoint - 0.00334 (ms)
2026-07-12 03:52:23,030 [INFO] Pass: BasisTranslator - 0.09370 (ms)
2026-07-12 03:52:23,030 [INFO] Pass: RemoveIdentityEquivalent - 0.00477 (ms)
2026-07-12 03:52:23,030 [INFO] Pass: Depth - 0.03314 (ms)
2026-07-12 03:52:23,030 [INFO] Pass: FixedPoint - 0.00405 (ms)
2026-07-12 03:52:23,030 [INFO] Pass: ConsolidateBlocks - 0.06819 (ms)
2026-07-12 03:52:23,030 [INFO] Pass: Size - 0.00262 (ms)
2026-07-12 03:52:23,030 [INFO] Pass: BasisTranslator - 0.09274 (ms)
2026-07-12 03:52:23,030 [INFO] Pass: UnitarySynthesis - 0.00477 (ms)
2026-07-12 03:52:23,030 [INFO] Pass: FixedPoint - 0.00334 (ms)
2026-07-12 03:52:23,030 [INFO] Pass: Optimize1qGatesDecomposition - 0.05102 (ms)
2026-07-12 03:52:23,030 [INFO] Pass: ConsolidateBlocks - 0.06700 (ms)
2026-07-12 03:52:23,030 [INFO] Pass: ContainsInstruction - 0.00596 (ms)
2026-07-12 03:52:23,031 [INFO] Pass: UnitarySynthesis - 0.00453 (ms)
2026-07-12 03:52:23,031 [INFO] Pass: Depth - 0.03552 (ms)
2026-07-12 03:52:23,031 [INFO] Total Transpile Time - 117.12027 (ms)
2026-07-12 03:52:23,031 [INFO] Total Transpile Time - 117.09166 (ms)
2026-07-12 03:52:23,031 [INFO] Pass: ConsolidateBlocks - 0.06533 (ms)
2026-07-12 03:52:23,031 [INFO] Total Transpile Time - 117.11121 (ms)
2026-07-12 03:52:23,031 [INFO] Pass: FixedPoint - 0.01121 (ms)
2026-07-12 03:52:23,031 [INFO] Pass: Depth - 0.03576 (ms)
2026-07-12 03:52:23,031 [INFO] Pass: UnitarySynthesis - 0.00477 (ms)
2026-07-12 03:52:23,031 [INFO] Pass: Size - 0.00477 (ms)
2026-07-12 03:52:23,031 [INFO] Pass: FixedPoint - 0.01097 (ms)
2026-07-12 03:52:23,031 [INFO] Pass: FixedPoint - 0.00334 (ms)
2026-07-12 03:52:23,031 [INFO] Pass: Size - 0.00596 (ms)
2026-07-12 03:52:23,031 [INFO] Pass: Depth - 0.03576 (ms)
2026-07-12 03:52:23,031 [INFO] Pass: CommutativeCancellation - 0.13542 (ms)
2026-07-12 03:52:23,031 [INFO] Pass: RemoveIdentityEquivalent - 0.00477 (ms)
2026-07-12 03:52:23,031 [INFO] Pass: FixedPoint - 0.00358 (ms)
2026-07-12 03:52:23,031 [INFO] Pass: ContractIdleWiresInControlFlow - 0.00262 (ms)
2026-07-12 03:52:23,031 [INFO] Pass: FixedPoint - 0.00930 (ms)
2026-07-12 03:52:23,031 [INFO] Total Transpile Time - 117.25926 (ms)
2026-07-12 03:52:23,031 [INFO] Pass: RemoveIdentityEquivalent - 0.00477 (ms)
2026-07-12 03:52:23,031 [INFO] Pass: Size - 0.00525 (ms)
2026-07-12 03:52:23,031 [INFO] Pass: Optimize1qGatesDecomposition - 0.04816 (ms)
2026-07-12 03:52:23,031 [INFO] Pass: FixedPoint - 0.00334 (ms)
2026-07-12 03:52:23,031 [INFO] Pass: GatesInBasis - 0.04697 (ms)
2026-07-12 03:52:23,031 [INFO] Pass: RemoveIdentityEquivalent - 0.00477 (ms)
2026-07-12 03:52:23,031 [INFO] Pass: Optimize1qGatesDecomposition - 0.04792 (ms)
2026-07-12 03:52:23,031 [INFO] Pass: Depth - 0.03290 (ms)
2026-07-12 03:52:23,031 [INFO] Total Transpile Time - 117.04564 (ms)
2026-07-12 03:52:23,031 [INFO] Pass: FixedPoint - 0.00429 (ms)
2026-07-12 03:52:23,031 [INFO] Pass: Optimize1qGatesDecomposition - 0.04911 (ms)
2026-07-12 03:52:23,031 [INFO] Pass: Size - 0.00215 (ms)
2026-07-12 03:52:23,031 [INFO] Pass: FixedPoint - 0.00334 (ms)
2026-07-12 03:52:23,031 [INFO] Pass: CommutativeCancellation - 0.13733 (ms)
2026-07-12 03:52:23,031 [INFO] Pass: ContainsInstruction - 0.00620 (ms)
2026-07-12 03:52:23,031 [INFO] Pass: ContractIdleWiresInControlFlow - 0.00191 (ms)
2026-07-12 03:52:23,031 [INFO] Pass: CommutativeCancellation - 0.13256 (ms)
2026-07-12 03:52:23,031 [INFO] Pass: ContractIdleWiresInControlFlow - 0.00238 (ms)
2026-07-12 03:52:23,031 [INFO] Pass: GatesInBasis - 0.04888 (ms)
2026-07-12 03:52:23,031 [INFO] Pass: CommutativeCancellation - 0.13518 (ms)
2026-07-12 03:52:23,031 [INFO] Pass: ContractIdleWiresInControlFlow - 0.00215 (ms)
2026-07-12 03:52:23,031 [INFO] Pass: GatesInBasis - 0.05150 (ms)
2026-07-12 03:52:23,031 [INFO] Pass: Depth - 0.03219 (ms)
2026-07-12 03:52:23,031 [INFO] Total Transpile Time - 117.64264 (ms)
2026-07-12 03:52:23,031 [INFO] Pass: FixedPoint - 0.00405 (ms)
2026-07-12 03:52:23,031 [INFO] Pass: Depth - 0.03242 (ms)
2026-07-12 03:52:23,031 [INFO] Pass: Size - 0.00262 (ms)
2026-07-12 03:52:23,031 [INFO] Pass: GatesInBasis - 0.04601 (ms)
2026-07-12 03:52:23,031 [INFO] Pass: FixedPoint - 0.00429 (ms)
2026-07-12 03:52:23,031 [INFO] Pass: FixedPoint - 0.00334 (ms)
2026-07-12 03:52:23,031 [INFO] Pass: Size - 0.00238 (ms)
2026-07-12 03:52:23,031 [INFO] Pass: ContainsInstruction - 0.00620 (ms)
2026-07-12 03:52:23,031 [INFO] Pass: Depth - 0.03147 (ms)
2026-07-12 03:52:23,031 [INFO] Pass: FixedPoint - 0.00334 (ms)
2026-07-12 03:52:23,031 [INFO] Pass: FixedPoint - 0.00453 (ms)
2026-07-12 03:52:23,031 [INFO] Pass: ContainsInstruction - 0.00572 (ms)
2026-07-12 03:52:23,031 [INFO] Pass: Size - 0.00262 (ms)
2026-07-12 03:52:23,031 [INFO] Pass: FixedPoint - 0.00358 (ms)
2026-07-12 03:52:23,031 [INFO] Pass: ContainsInstruction - 0.00644 (ms)
2026-07-12 03:52:23,032 [INFO] Total Transpile Time - 118.10851 (ms)
2026-07-12 03:52:23,032 [INFO] Total Transpile Time - 117.74468 (ms)
2026-07-12 03:52:23,032 [INFO] Total Transpile Time - 117.97309 (ms)
2026-07-12 03:52:23,032 [INFO] Total Transpile Time - 118.25919 (ms)
2026-07-12 03:52:23,050 [INFO] Pass: ContainsInstruction - 0.01836 (ms)
2026-07-12 03:52:23,051 [INFO] Pass: UnitarySynthesis - 0.01049 (ms)
2026-07-12 03:52:23,051 [INFO] Pass: HighLevelSynthesis - 0.01121 (ms)
2026-07-12 03:52:23,051 [INFO] Pass: BasisTranslator - 0.07510 (ms)
2026-07-12 03:52:23,051 [INFO] Pass: ElidePermutations - 0.00882 (ms)
2026-07-12 03:52:23,051 [INFO] Pass: RemoveDiagonalGatesBeforeMeasure - 0.01907 (ms)
2026-07-12 03:52:23,051 [INFO] Pass: RemoveIdentityEquivalent - 0.01359 (ms)
2026-07-12 03:52:23,051 [INFO] Pass: InverseCancellation - 0.01001 (ms)
2026-07-12 03:52:23,051 [INFO] Pass: ContractIdleWiresInControlFlow - 0.00262 (ms)
2026-07-12 03:52:23,051 [INFO] Pass: CommutativeCancellation - 0.11992 (ms)
2026-07-12 03:52:23,051 [INFO] Pass: ConsolidateBlocks - 0.06628 (ms)
2026-07-12 03:52:23,051 [INFO] Pass: Split2QUnitaries - 0.00644 (ms)
2026-07-12 03:52:23,051 [INFO] Pass: UnitarySynthesis - 0.00620 (ms)
2026-07-12 03:52:23,051 [INFO] Pass: HighLevelSynthesis - 0.05555 (ms)
2026-07-12 03:52:23,052 [INFO] Pass: BasisTranslator - 0.09179 (ms)
2026-07-12 03:52:23,052 [INFO] Pass: ConsolidateBlocks - 0.06557 (ms)
2026-07-12 03:52:23,052 [INFO] Pass: UnitarySynthesis - 0.00501 (ms)
2026-07-12 03:52:23,052 [INFO] Pass: Depth - 0.03529 (ms)
2026-07-12 03:52:23,052 [INFO] Pass: FixedPoint - 0.00906 (ms)
2026-07-12 03:52:23,052 [INFO] Pass: Size - 0.00405 (ms)
2026-07-12 03:52:23,052 [INFO] Pass: FixedPoint - 0.00310 (ms)
2026-07-12 03:52:23,052 [INFO] Pass: RemoveIdentityEquivalent - 0.00453 (ms)
2026-07-12 03:52:23,052 [INFO] Pass: Optimize1qGatesDecomposition - 0.04697 (ms)
2026-07-12 03:52:23,052 [INFO] Pass: CommutativeCancellation - 0.13471 (ms)
2026-07-12 03:52:23,052 [INFO] Pass: ContractIdleWiresInControlFlow - 0.00238 (ms)
2026-07-12 03:52:23,052 [INFO] Pass: GatesInBasis - 0.04625 (ms)
2026-07-12 03:52:23,052 [INFO] Pass: Depth - 0.03338 (ms)
2026-07-12 03:52:23,052 [INFO] Pass: FixedPoint - 0.00429 (ms)
2026-07-12 03:52:23,052 [INFO] Pass: Size - 0.00262 (ms)
2026-07-12 03:52:23,052 [INFO] Pass: FixedPoint - 0.00286 (ms)
2026-07-12 03:52:23,052 [INFO] Pass: ContainsInstruction - 0.00596 (ms)
2026-07-12 03:52:23,053 [INFO] Total Transpile Time - 139.15038 (ms)
2026-07-12 03:52:23,100 [INFO] Pass: ContainsInstruction - 0.01121 (ms)
2026-07-12 03:52:23,100 [INFO] Pass: UnitarySynthesis - 0.00668 (ms)
2026-07-12 03:52:23,100 [INFO] Pass: HighLevelSynthesis - 0.00477 (ms)
2026-07-12 03:52:23,100 [INFO] Pass: BasisTranslator - 0.05198 (ms)
2026-07-12 03:52:23,100 [INFO] Pass: ElidePermutations - 0.00405 (ms)
2026-07-12 03:52:23,100 [INFO] Pass: RemoveDiagonalGatesBeforeMeasure - 0.00668 (ms)
2026-07-12 03:52:23,100 [INFO] Pass: RemoveIdentityEquivalent - 0.00787 (ms)
2026-07-12 03:52:23,100 [INFO] Pass: InverseCancellation - 0.02980 (ms)
2026-07-12 03:52:23,100 [INFO] Pass: ContractIdleWiresInControlFlow - 0.00238 (ms)
2026-07-12 03:52:23,100 [INFO] Pass: CommutativeCancellation - 0.11349 (ms)
2026-07-12 03:52:23,100 [INFO] Pass: ConsolidateBlocks - 0.06127 (ms)
2026-07-12 03:52:23,100 [INFO] Pass: Split2QUnitaries - 0.00310 (ms)
2026-07-12 03:52:23,100 [INFO] Pass: UnitarySynthesis - 0.00548 (ms)
2026-07-12 03:52:23,100 [INFO] Pass: HighLevelSynthesis - 0.05651 (ms)
2026-07-12 03:52:23,101 [INFO] Pass: BasisTranslator - 0.08988 (ms)
2026-07-12 03:52:23,101 [INFO] Pass: ConsolidateBlocks - 0.06437 (ms)
2026-07-12 03:52:23,101 [INFO] Pass: UnitarySynthesis - 0.00453 (ms)
2026-07-12 03:52:23,101 [INFO] Pass: Depth - 0.03409 (ms)
2026-07-12 03:52:23,101 [INFO] Pass: FixedPoint - 0.00453 (ms)
2026-07-12 03:52:23,101 [INFO] Pass: Size - 0.00405 (ms)
2026-07-12 03:52:23,101 [INFO] Pass: FixedPoint - 0.00310 (ms)
2026-07-12 03:52:23,101 [INFO] Pass: RemoveIdentityEquivalent - 0.00572 (ms)
2026-07-12 03:52:23,101 [INFO] Pass: Optimize1qGatesDecomposition - 0.16046 (ms)
2026-07-12 03:52:23,101 [INFO] Pass: CommutativeCancellation - 0.13375 (ms)
2026-07-12 03:52:23,101 [INFO] Pass: ContractIdleWiresInControlFlow - 0.00215 (ms)
2026-07-12 03:52:23,101 [INFO] Pass: GatesInBasis - 0.05293 (ms)
2026-07-12 03:52:23,101 [INFO] Pass: Depth - 0.03386 (ms)
2026-07-12 03:52:23,101 [INFO] Pass: FixedPoint - 0.00405 (ms)
2026-07-12 03:52:23,101 [INFO] Pass: Size - 0.00262 (ms)
2026-07-12 03:52:23,101 [INFO] Pass: FixedPoint - 0.01097 (ms)
2026-07-12 03:52:23,101 [INFO] Pass: ContainsInstruction - 0.00548 (ms)
2026-07-12 03:52:23,102 [INFO] Total Transpile Time - 89.73932 (ms)
2026-07-12 03:52:23,119 [INFO] Pass: ContainsInstruction - 0.01168 (ms)
2026-07-12 03:52:23,119 [INFO] Pass: ContainsInstruction - 0.01121 (ms)
2026-07-12 03:52:23,119 [INFO] Pass: UnitarySynthesis - 0.00668 (ms)
2026-07-12 03:52:23,119 [INFO] Pass: UnitarySynthesis - 0.00715 (ms)
2026-07-12 03:52:23,119 [INFO] Pass: HighLevelSynthesis - 0.00477 (ms)
2026-07-12 03:52:23,119 [INFO] Pass: HighLevelSynthesis - 0.00453 (ms)
2026-07-12 03:52:23,119 [INFO] Pass: BasisTranslator - 0.05221 (ms)
2026-07-12 03:52:23,119 [INFO] Pass: BasisTranslator - 0.05150 (ms)
2026-07-12 03:52:23,119 [INFO] Pass: ContainsInstruction - 0.01121 (ms)
2026-07-12 03:52:23,119 [INFO] Pass: ElidePermutations - 0.00429 (ms)
2026-07-12 03:52:23,119 [INFO] Pass: ElidePermutations - 0.00453 (ms)
2026-07-12 03:52:23,119 [INFO] Pass: RemoveDiagonalGatesBeforeMeasure - 0.00691 (ms)
2026-07-12 03:52:23,119 [INFO] Pass: UnitarySynthesis - 0.00691 (ms)
2026-07-12 03:52:23,119 [INFO] Pass: ContainsInstruction - 0.01168 (ms)
2026-07-12 03:52:23,119 [INFO] Pass: RemoveDiagonalGatesBeforeMeasure - 0.00691 (ms)
2026-07-12 03:52:23,119 [INFO] Pass: RemoveIdentityEquivalent - 0.00787 (ms)
2026-07-12 03:52:23,119 [INFO] Pass: HighLevelSynthesis - 0.00405 (ms)
2026-07-12 03:52:23,119 [INFO] Pass: RemoveIdentityEquivalent - 0.00739 (ms)
2026-07-12 03:52:23,119 [INFO] Pass: UnitarySynthesis - 0.00715 (ms)
2026-07-12 03:52:23,119 [INFO] Pass: ContainsInstruction - 0.01144 (ms)
2026-07-12 03:52:23,119 [INFO] Pass: InverseCancellation - 0.03123 (ms)
2026-07-12 03:52:23,119 [INFO] Pass: HighLevelSynthesis - 0.00429 (ms)
2026-07-12 03:52:23,119 [INFO] Pass: InverseCancellation - 0.03052 (ms)
2026-07-12 03:52:23,119 [INFO] Pass: ContractIdleWiresInControlFlow - 0.00215 (ms)
2026-07-12 03:52:23,119 [INFO] Pass: BasisTranslator - 0.05269 (ms)
2026-07-12 03:52:23,119 [INFO] Pass: ContractIdleWiresInControlFlow - 0.00238 (ms)
2026-07-12 03:52:23,119 [INFO] Pass: UnitarySynthesis - 0.00668 (ms)
2026-07-12 03:52:23,119 [INFO] Pass: ElidePermutations - 0.00453 (ms)
2026-07-12 03:52:23,119 [INFO] Pass: HighLevelSynthesis - 0.00453 (ms)
2026-07-12 03:52:23,119 [INFO] Pass: RemoveDiagonalGatesBeforeMeasure - 0.00668 (ms)
2026-07-12 03:52:23,119 [INFO] Pass: BasisTranslator - 0.05937 (ms)
2026-07-12 03:52:23,119 [INFO] Pass: RemoveIdentityEquivalent - 0.00715 (ms)
2026-07-12 03:52:23,119 [INFO] Pass: ElidePermutations - 0.00429 (ms)
2026-07-12 03:52:23,119 [INFO] Pass: RemoveDiagonalGatesBeforeMeasure - 0.00715 (ms)
2026-07-12 03:52:23,119 [INFO] Pass: BasisTranslator - 0.05198 (ms)
2026-07-12 03:52:23,119 [INFO] Pass: InverseCancellation - 0.02933 (ms)
2026-07-12 03:52:23,119 [INFO] Pass: CommutativeCancellation - 0.11563 (ms)
2026-07-12 03:52:23,119 [INFO] Pass: RemoveIdentityEquivalent - 0.00691 (ms)
2026-07-12 03:52:23,119 [INFO] Pass: ElidePermutations - 0.00477 (ms)
2026-07-12 03:52:23,119 [INFO] Pass: ContractIdleWiresInControlFlow - 0.00238 (ms)
2026-07-12 03:52:23,119 [INFO] Pass: CommutativeCancellation - 0.11730 (ms)
2026-07-12 03:52:23,119 [INFO] Pass: RemoveDiagonalGatesBeforeMeasure - 0.00691 (ms)
2026-07-12 03:52:23,119 [INFO] Pass: ContainsInstruction - 0.01144 (ms)
2026-07-12 03:52:23,119 [INFO] Pass: InverseCancellation - 0.03004 (ms)
2026-07-12 03:52:23,119 [INFO] Pass: RemoveIdentityEquivalent - 0.00668 (ms)
2026-07-12 03:52:23,119 [INFO] Pass: ConsolidateBlocks - 0.05484 (ms)
2026-07-12 03:52:23,119 [INFO] Pass: ContractIdleWiresInControlFlow - 0.00262 (ms)
2026-07-12 03:52:23,120 [INFO] Pass: Split2QUnitaries - 0.00310 (ms)
2026-07-12 03:52:23,120 [INFO] Pass: ConsolidateBlocks - 0.05627 (ms)
2026-07-12 03:52:23,120 [INFO] Pass: UnitarySynthesis - 0.00715 (ms)
2026-07-12 03:52:23,120 [INFO] Pass: InverseCancellation - 0.02885 (ms)
2026-07-12 03:52:23,120 [INFO] Pass: UnitarySynthesis - 0.00501 (ms)
2026-07-12 03:52:23,120 [INFO] Pass: Split2QUnitaries - 0.00310 (ms)
2026-07-12 03:52:23,120 [INFO] Pass: ContractIdleWiresInControlFlow - 0.00238 (ms)
2026-07-12 03:52:23,120 [INFO] Pass: HighLevelSynthesis - 0.00525 (ms)
2026-07-12 03:52:23,120 [INFO] Pass: UnitarySynthesis - 0.00548 (ms)
2026-07-12 03:52:23,120 [INFO] Pass: CommutativeCancellation - 0.11468 (ms)
2026-07-12 03:52:23,120 [INFO] Pass: HighLevelSynthesis - 0.05627 (ms)
2026-07-12 03:52:23,120 [INFO] Pass: BasisTranslator - 0.05269 (ms)
2026-07-12 03:52:23,120 [INFO] Pass: CommutativeCancellation - 0.11396 (ms)
2026-07-12 03:52:23,120 [INFO] Pass: HighLevelSynthesis - 0.05698 (ms)
2026-07-12 03:52:23,120 [INFO] Pass: ConsolidateBlocks - 0.05436 (ms)
2026-07-12 03:52:23,120 [INFO] Pass: ElidePermutations - 0.00429 (ms)
2026-07-12 03:52:23,120 [INFO] Pass: Split2QUnitaries - 0.00286 (ms)
2026-07-12 03:52:23,120 [INFO] Pass: RemoveDiagonalGatesBeforeMeasure - 0.00668 (ms)
2026-07-12 03:52:23,120 [INFO] Pass: CommutativeCancellation - 0.11420 (ms)
2026-07-12 03:52:23,120 [INFO] Pass: UnitarySynthesis - 0.00501 (ms)
2026-07-12 03:52:23,120 [INFO] Pass: RemoveIdentityEquivalent - 0.00763 (ms)
2026-07-12 03:52:23,120 [INFO] Pass: ConsolidateBlocks - 0.05507 (ms)
2026-07-12 03:52:23,120 [INFO] Pass: BasisTranslator - 0.09108 (ms)
2026-07-12 03:52:23,120 [INFO] Pass: Split2QUnitaries - 0.00310 (ms)
2026-07-12 03:52:23,120 [INFO] Pass: BasisTranslator - 0.09274 (ms)
2026-07-12 03:52:23,120 [INFO] Pass: ContainsInstruction - 0.01097 (ms)
2026-07-12 03:52:23,120 [INFO] Pass: InverseCancellation - 0.02956 (ms)
2026-07-12 03:52:23,120 [INFO] Pass: UnitarySynthesis - 0.00572 (ms)
2026-07-12 03:52:23,120 [INFO] Pass: HighLevelSynthesis - 0.05674 (ms)
2026-07-12 03:52:23,120 [INFO] Pass: ConsolidateBlocks - 0.05627 (ms)
2026-07-12 03:52:23,120 [INFO] Pass: ContractIdleWiresInControlFlow - 0.00238 (ms)
2026-07-12 03:52:23,120 [INFO] Pass: Split2QUnitaries - 0.00310 (ms)
2026-07-12 03:52:23,120 [INFO] Pass: ConsolidateBlocks - 0.06557 (ms)
2026-07-12 03:52:23,120 [INFO] Pass: UnitarySynthesis - 0.00691 (ms)
2026-07-12 03:52:23,120 [INFO] Pass: UnitarySynthesis - 0.00548 (ms)
2026-07-12 03:52:23,120 [INFO] Pass: UnitarySynthesis - 0.00429 (ms)
2026-07-12 03:52:23,120 [INFO] Pass: ConsolidateBlocks - 0.06461 (ms)
2026-07-12 03:52:23,120 [INFO] Pass: HighLevelSynthesis - 0.00453 (ms)
2026-07-12 03:52:23,120 [INFO] Pass: HighLevelSynthesis - 0.05651 (ms)
2026-07-12 03:52:23,120 [INFO] Pass: UnitarySynthesis - 0.00477 (ms)
2026-07-12 03:52:23,120 [INFO] Pass: BasisTranslator - 0.09274 (ms)
2026-07-12 03:52:23,120 [INFO] Pass: Depth - 0.03386 (ms)
2026-07-12 03:52:23,120 [INFO] Pass: HighLevelSynthesis - 0.05674 (ms)
2026-07-12 03:52:23,120 [INFO] Pass: FixedPoint - 0.00477 (ms)
2026-07-12 03:52:23,120 [INFO] Pass: Depth - 0.03362 (ms)
2026-07-12 03:52:23,120 [INFO] Pass: BasisTranslator - 0.05269 (ms)
2026-07-12 03:52:23,120 [INFO] Pass: CommutativeCancellation - 0.11396 (ms)
2026-07-12 03:52:23,120 [INFO] Pass: Size - 0.00381 (ms)
2026-07-12 03:52:23,120 [INFO] Pass: FixedPoint - 0.00501 (ms)
2026-07-12 03:52:23,120 [INFO] Pass: ElidePermutations - 0.00429 (ms)
2026-07-12 03:52:23,120 [INFO] Pass: FixedPoint - 0.00310 (ms)
2026-07-12 03:52:23,120 [INFO] Pass: BasisTranslator - 0.09108 (ms)
2026-07-12 03:52:23,120 [INFO] Pass: ConsolidateBlocks - 0.06366 (ms)
2026-07-12 03:52:23,120 [INFO] Pass: Size - 0.00405 (ms)
2026-07-12 03:52:23,120 [INFO] Pass: RemoveDiagonalGatesBeforeMeasure - 0.00644 (ms)
2026-07-12 03:52:23,120 [INFO] Pass: RemoveIdentityEquivalent - 0.00596 (ms)
2026-07-12 03:52:23,120 [INFO] Pass: UnitarySynthesis - 0.00429 (ms)
2026-07-12 03:52:23,120 [INFO] Pass: FixedPoint - 0.00334 (ms)
2026-07-12 03:52:23,120 [INFO] Pass: ConsolidateBlocks - 0.05507 (ms)
2026-07-12 03:52:23,120 [INFO] Pass: RemoveIdentityEquivalent - 0.00715 (ms)
2026-07-12 03:52:23,120 [INFO] Pass: BasisTranslator - 0.09203 (ms)
2026-07-12 03:52:23,120 [INFO] Pass: RemoveIdentityEquivalent - 0.00548 (ms)
2026-07-12 03:52:23,120 [INFO] Pass: Split2QUnitaries - 0.00286 (ms)
2026-07-12 03:52:23,120 [INFO] Pass: Depth - 0.03386 (ms)
2026-07-12 03:52:23,120 [INFO] Pass: ConsolidateBlocks - 0.06533 (ms)
2026-07-12 03:52:23,120 [INFO] Pass: UnitarySynthesis - 0.00548 (ms)
2026-07-12 03:52:23,120 [INFO] Pass: InverseCancellation - 0.03028 (ms)
2026-07-12 03:52:23,120 [INFO] Pass: FixedPoint - 0.00501 (ms)
2026-07-12 03:52:23,120 [INFO] Pass: UnitarySynthesis - 0.00501 (ms)
2026-07-12 03:52:23,120 [INFO] Pass: ContractIdleWiresInControlFlow - 0.00238 (ms)
2026-07-12 03:52:23,120 [INFO] Pass: Size - 0.00358 (ms)
2026-07-12 03:52:23,120 [INFO] Pass: ConsolidateBlocks - 0.06318 (ms)
2026-07-12 03:52:23,120 [INFO] Pass: FixedPoint - 0.00358 (ms)
2026-07-12 03:52:23,120 [INFO] Pass: UnitarySynthesis - 0.00453 (ms)
2026-07-12 03:52:23,120 [INFO] Pass: Depth - 0.03409 (ms)
2026-07-12 03:52:23,120 [INFO] Pass: HighLevelSynthesis - 0.05698 (ms)
2026-07-12 03:52:23,120 [INFO] Pass: RemoveIdentityEquivalent - 0.00572 (ms)
2026-07-12 03:52:23,120 [INFO] Pass: ContainsInstruction - 0.01144 (ms)
2026-07-12 03:52:23,120 [INFO] Pass: FixedPoint - 0.00453 (ms)
2026-07-12 03:52:23,120 [INFO] Pass: Optimize1qGatesDecomposition - 0.15855 (ms)
2026-07-12 03:52:23,120 [INFO] Pass: Depth - 0.03386 (ms)
2026-07-12 03:52:23,120 [INFO] Pass: Size - 0.00405 (ms)
2026-07-12 03:52:23,120 [INFO] Pass: Optimize1qGatesDecomposition - 0.15593 (ms)
2026-07-12 03:52:23,120 [INFO] Pass: UnitarySynthesis - 0.00787 (ms)
2026-07-12 03:52:23,120 [INFO] Pass: FixedPoint - 0.00334 (ms)
2026-07-12 03:52:23,120 [INFO] Pass: FixedPoint - 0.00501 (ms)
2026-07-12 03:52:23,120 [INFO] Pass: CommutativeCancellation - 0.11420 (ms)
2026-07-12 03:52:23,120 [INFO] Pass: Size - 0.00405 (ms)
2026-07-12 03:52:23,120 [INFO] Pass: RemoveIdentityEquivalent - 0.00620 (ms)
2026-07-12 03:52:23,120 [INFO] Pass: HighLevelSynthesis - 0.00501 (ms)
2026-07-12 03:52:23,120 [INFO] Pass: BasisTranslator - 0.09799 (ms)
2026-07-12 03:52:23,120 [INFO] Pass: FixedPoint - 0.00334 (ms)
2026-07-12 03:52:23,120 [INFO] Pass: RemoveIdentityEquivalent - 0.00596 (ms)
2026-07-12 03:52:23,120 [INFO] Pass: ConsolidateBlocks - 0.05603 (ms)
2026-07-12 03:52:23,120 [INFO] Pass: Optimize1qGatesDecomposition - 0.15903 (ms)
2026-07-12 03:52:23,120 [INFO] Pass: BasisTranslator - 0.05269 (ms)
2026-07-12 03:52:23,120 [INFO] Pass: CommutativeCancellation - 0.14091 (ms)
2026-07-12 03:52:23,120 [INFO] Pass: Split2QUnitaries - 0.00358 (ms)
2026-07-12 03:52:23,120 [INFO] Pass: ConsolidateBlocks - 0.06557 (ms)
2026-07-12 03:52:23,120 [INFO] Pass: ElidePermutations - 0.00477 (ms)
2026-07-12 03:52:23,120 [INFO] Pass: ContractIdleWiresInControlFlow - 0.00215 (ms)
2026-07-12 03:52:23,120 [INFO] Pass: CommutativeCancellation - 0.13089 (ms)
2026-07-12 03:52:23,120 [INFO] Pass: UnitarySynthesis - 0.00596 (ms)
2026-07-12 03:52:23,120 [INFO] Pass: UnitarySynthesis - 0.00525 (ms)
2026-07-12 03:52:23,120 [INFO] Pass: RemoveDiagonalGatesBeforeMeasure - 0.00739 (ms)
2026-07-12 03:52:23,120 [INFO] Pass: ContractIdleWiresInControlFlow - 0.00191 (ms)
2026-07-12 03:52:23,120 [INFO] Pass: ContainsInstruction - 0.01240 (ms)
2026-07-12 03:52:23,120 [INFO] Pass: RemoveIdentityEquivalent - 0.00715 (ms)
2026-07-12 03:52:23,120 [INFO] Pass: Optimize1qGatesDecomposition - 0.15521 (ms)
2026-07-12 03:52:23,120 [INFO] Pass: GatesInBasis - 0.04745 (ms)
2026-07-12 03:52:23,120 [INFO] Pass: Depth - 0.03362 (ms)
2026-07-12 03:52:23,120 [INFO] Pass: ContainsInstruction - 0.01216 (ms)
2026-07-12 03:52:23,121 [INFO] Pass: HighLevelSynthesis - 0.05651 (ms)
2026-07-12 03:52:23,121 [INFO] Pass: FixedPoint - 0.00453 (ms)
2026-07-12 03:52:23,121 [INFO] Pass: UnitarySynthesis - 0.00691 (ms)
2026-07-12 03:52:23,121 [INFO] Pass: GatesInBasis - 0.04721 (ms)
2026-07-12 03:52:23,121 [INFO] Pass: Optimize1qGatesDecomposition - 0.15235 (ms)
2026-07-12 03:52:23,121 [INFO] Pass: InverseCancellation - 0.03076 (ms)
2026-07-12 03:52:23,121 [INFO] Pass: Size - 0.00381 (ms)
2026-07-12 03:52:23,121 [INFO] Pass: Depth - 0.03290 (ms)
2026-07-12 03:52:23,121 [INFO] Pass: UnitarySynthesis - 0.00691 (ms)
2026-07-12 03:52:23,121 [INFO] Pass: ContractIdleWiresInControlFlow - 0.00238 (ms)
2026-07-12 03:52:23,121 [INFO] Pass: CommutativeCancellation - 0.13590 (ms)
2026-07-12 03:52:23,121 [INFO] Pass: HighLevelSynthesis - 0.00429 (ms)
2026-07-12 03:52:23,121 [INFO] Pass: FixedPoint - 0.00334 (ms)
2026-07-12 03:52:23,121 [INFO] Pass: FixedPoint - 0.00429 (ms)
2026-07-12 03:52:23,121 [INFO] Pass: Depth - 0.03266 (ms)
2026-07-12 03:52:23,121 [INFO] Pass: ContractIdleWiresInControlFlow - 0.00215 (ms)
2026-07-12 03:52:23,121 [INFO] Pass: HighLevelSynthesis - 0.00453 (ms)
2026-07-12 03:52:23,121 [INFO] Pass: Size - 0.00262 (ms)
2026-07-12 03:52:23,121 [INFO] Pass: RemoveIdentityEquivalent - 0.00548 (ms)
2026-07-12 03:52:23,121 [INFO] Pass: FixedPoint - 0.00429 (ms)
2026-07-12 03:52:23,121 [INFO] Pass: FixedPoint - 0.01001 (ms)
2026-07-12 03:52:23,121 [INFO] Pass: Size - 0.00286 (ms)
2026-07-12 03:52:23,121 [INFO] Pass: BasisTranslator - 0.09179 (ms)
2026-07-12 03:52:23,121 [INFO] Pass: BasisTranslator - 0.05150 (ms)
2026-07-12 03:52:23,121 [INFO] Pass: CommutativeCancellation - 0.12875 (ms)
2026-07-12 03:52:23,121 [INFO] Pass: ContainsInstruction - 0.00548 (ms)
2026-07-12 03:52:23,121 [INFO] Pass: GatesInBasis - 0.04768 (ms)
2026-07-12 03:52:23,121 [INFO] Pass: FixedPoint - 0.01073 (ms)
2026-07-12 03:52:23,121 [INFO] Pass: ElidePermutations - 0.00429 (ms)
2026-07-12 03:52:23,121 [INFO] Pass: BasisTranslator - 0.05293 (ms)
2026-07-12 03:52:23,121 [INFO] Pass: ContractIdleWiresInControlFlow - 0.00238 (ms)
2026-07-12 03:52:23,121 [INFO] Pass: ContainsInstruction - 0.00572 (ms)
2026-07-12 03:52:23,121 [INFO] Pass: CommutativeCancellation - 0.13018 (ms)
2026-07-12 03:52:23,121 [INFO] Pass: RemoveDiagonalGatesBeforeMeasure - 0.00691 (ms)
2026-07-12 03:52:23,121 [INFO] Pass: ElidePermutations - 0.00477 (ms)
2026-07-12 03:52:23,121 [INFO] Pass: CommutativeCancellation - 0.11539 (ms)
2026-07-12 03:52:23,121 [INFO] Pass: Depth - 0.03481 (ms)
2026-07-12 03:52:23,121 [INFO] Pass: ContractIdleWiresInControlFlow - 0.00191 (ms)
2026-07-12 03:52:23,121 [INFO] Pass: ConsolidateBlocks - 0.06437 (ms)
2026-07-12 03:52:23,121 [INFO] Pass: RemoveIdentityEquivalent - 0.00715 (ms)
2026-07-12 03:52:23,121 [INFO] Pass: RemoveDiagonalGatesBeforeMeasure - 0.00715 (ms)
2026-07-12 03:52:23,121 [INFO] Pass: FixedPoint - 0.00405 (ms)
2026-07-12 03:52:23,121 [INFO] Pass: GatesInBasis - 0.04745 (ms)
2026-07-12 03:52:23,121 [INFO] Pass: UnitarySynthesis - 0.00477 (ms)
2026-07-12 03:52:23,121 [INFO] Pass: RemoveIdentityEquivalent - 0.00691 (ms)
2026-07-12 03:52:23,121 [INFO] Pass: Size - 0.00262 (ms)
2026-07-12 03:52:23,121 [INFO] Pass: Optimize1qGatesDecomposition - 0.15211 (ms)
2026-07-12 03:52:23,121 [INFO] Pass: InverseCancellation - 0.02933 (ms)
2026-07-12 03:52:23,121 [INFO] Pass: GatesInBasis - 0.04745 (ms)
2026-07-12 03:52:23,121 [INFO] Pass: ConsolidateBlocks - 0.05460 (ms)
2026-07-12 03:52:23,121 [INFO] Pass: FixedPoint - 0.01097 (ms)
2026-07-12 03:52:23,121 [INFO] Pass: Depth - 0.03219 (ms)
2026-07-12 03:52:23,121 [INFO] Pass: ContractIdleWiresInControlFlow - 0.00215 (ms)
2026-07-12 03:52:23,121 [INFO] Pass: Depth - 0.03409 (ms)
2026-07-12 03:52:23,121 [INFO] Pass: InverseCancellation - 0.02980 (ms)
2026-07-12 03:52:23,121 [INFO] Pass: Split2QUnitaries - 0.00334 (ms)
2026-07-12 03:52:23,121 [INFO] Pass: ContainsInstruction - 0.00572 (ms)
2026-07-12 03:52:23,121 [INFO] Pass: FixedPoint - 0.00405 (ms)
2026-07-12 03:52:23,121 [INFO] Pass: FixedPoint - 0.00548 (ms)
2026-07-12 03:52:23,121 [INFO] Pass: ContractIdleWiresInControlFlow - 0.00191 (ms)
2026-07-12 03:52:23,121 [INFO] Pass: UnitarySynthesis - 0.00548 (ms)
2026-07-12 03:52:23,121 [INFO] Pass: Depth - 0.03290 (ms)
2026-07-12 03:52:23,121 [INFO] Pass: Size - 0.00286 (ms)
2026-07-12 03:52:23,121 [INFO] Pass: Size - 0.00405 (ms)
2026-07-12 03:52:23,121 [INFO] Pass: FixedPoint - 0.00429 (ms)
2026-07-12 03:52:23,121 [INFO] Pass: FixedPoint - 0.01287 (ms)
2026-07-12 03:52:23,121 [INFO] Pass: FixedPoint - 0.00310 (ms)
2026-07-12 03:52:23,121 [INFO] Pass: Size - 0.00262 (ms)
2026-07-12 03:52:23,121 [INFO] Pass: RemoveIdentityEquivalent - 0.00596 (ms)
2026-07-12 03:52:23,121 [INFO] Pass: ContainsInstruction - 0.00596 (ms)
2026-07-12 03:52:23,121 [INFO] Pass: HighLevelSynthesis - 0.05651 (ms)
2026-07-12 03:52:23,121 [INFO] Pass: FixedPoint - 0.01001 (ms)
2026-07-12 03:52:23,121 [INFO] Pass: CommutativeCancellation - 0.13185 (ms)
2026-07-12 03:52:23,121 [INFO] Pass: CommutativeCancellation - 0.11325 (ms)
2026-07-12 03:52:23,121 [INFO] Pass: ContractIdleWiresInControlFlow - 0.00215 (ms)
2026-07-12 03:52:23,121 [INFO] Pass: ContainsInstruction - 0.00525 (ms)
2026-07-12 03:52:23,121 [INFO] Pass: CommutativeCancellation - 0.11230 (ms)
2026-07-12 03:52:23,121 [INFO] Pass: GatesInBasis - 0.04768 (ms)
2026-07-12 03:52:23,121 [INFO] Pass: ConsolidateBlocks - 0.05507 (ms)
2026-07-12 03:52:23,121 [INFO] Pass: BasisTranslator - 0.09179 (ms)
2026-07-12 03:52:23,121 [INFO] Pass: Split2QUnitaries - 0.00286 (ms)
2026-07-12 03:52:23,121 [INFO] Pass: ConsolidateBlocks - 0.05436 (ms)
2026-07-12 03:52:23,121 [INFO] Pass: Depth - 0.03242 (ms)
2026-07-12 03:52:23,121 [INFO] Pass: Split2QUnitaries - 0.00310 (ms)
2026-07-12 03:52:23,121 [INFO] Pass: UnitarySynthesis - 0.00548 (ms)
2026-07-12 03:52:23,121 [INFO] Pass: Optimize1qGatesDecomposition - 0.15640 (ms)
2026-07-12 03:52:23,121 [INFO] Pass: FixedPoint - 0.00429 (ms)
2026-07-12 03:52:23,121 [INFO] Total Transpile Time - 90.18826 (ms)
2026-07-12 03:52:23,121 [INFO] Pass: UnitarySynthesis - 0.00596 (ms)
2026-07-12 03:52:23,121 [INFO] Pass: ConsolidateBlocks - 0.06390 (ms)
2026-07-12 03:52:23,121 [INFO] Pass: Size - 0.00310 (ms)
2026-07-12 03:52:23,121 [INFO] Pass: UnitarySynthesis - 0.00501 (ms)
2026-07-12 03:52:23,121 [INFO] Pass: FixedPoint - 0.01049 (ms)
2026-07-12 03:52:23,121 [INFO] Total Transpile Time - 90.21330 (ms)
2026-07-12 03:52:23,121 [INFO] Pass: HighLevelSynthesis - 0.05698 (ms)
2026-07-12 03:52:23,121 [INFO] Pass: ContainsInstruction - 0.00525 (ms)
2026-07-12 03:52:23,121 [INFO] Pass: HighLevelSynthesis - 0.05651 (ms)
2026-07-12 03:52:23,121 [INFO] Pass: Depth - 0.03362 (ms)
2026-07-12 03:52:23,121 [INFO] Pass: FixedPoint - 0.00501 (ms)
2026-07-12 03:52:23,121 [INFO] Pass: CommutativeCancellation - 0.14257 (ms)
2026-07-12 03:52:23,121 [INFO] Pass: Size - 0.00405 (ms)
2026-07-12 03:52:23,121 [INFO] Pass: FixedPoint - 0.00334 (ms)
2026-07-12 03:52:23,121 [INFO] Pass: ContractIdleWiresInControlFlow - 0.00191 (ms)
2026-07-12 03:52:23,121 [INFO] Pass: BasisTranslator - 0.10037 (ms)
2026-07-12 03:52:23,121 [INFO] Total Transpile Time - 90.10291 (ms)
2026-07-12 03:52:23,121 [INFO] Pass: RemoveIdentityEquivalent - 0.00596 (ms)
2026-07-12 03:52:23,121 [INFO] Pass: BasisTranslator - 0.10180 (ms)
2026-07-12 03:52:23,121 [INFO] Pass: GatesInBasis - 0.04745 (ms)
2026-07-12 03:52:23,121 [INFO] Pass: ConsolidateBlocks - 0.06413 (ms)
2026-07-12 03:52:23,121 [INFO] Total Transpile Time - 90.33394 (ms)
2026-07-12 03:52:23,121 [INFO] Pass: UnitarySynthesis - 0.00501 (ms)
2026-07-12 03:52:23,121 [INFO] Pass: Depth - 0.03195 (ms)
2026-07-12 03:52:23,121 [INFO] Pass: ConsolidateBlocks - 0.06604 (ms)
2026-07-12 03:52:23,121 [INFO] Pass: FixedPoint - 0.00405 (ms)
2026-07-12 03:52:23,121 [INFO] Total Transpile Time - 89.99252 (ms)
2026-07-12 03:52:23,121 [INFO] Pass: UnitarySynthesis - 0.00477 (ms)
2026-07-12 03:52:23,121 [INFO] Pass: Size - 0.00262 (ms)
2026-07-12 03:52:23,121 [INFO] Pass: Depth - 0.03481 (ms)
2026-07-12 03:52:23,122 [INFO] Pass: FixedPoint - 0.01097 (ms)
2026-07-12 03:52:23,122 [INFO] Pass: FixedPoint - 0.00453 (ms)
2026-07-12 03:52:23,122 [INFO] Pass: Optimize1qGatesDecomposition - 0.15688 (ms)
2026-07-12 03:52:23,122 [INFO] Pass: Depth - 0.03433 (ms)
2026-07-12 03:52:23,122 [INFO] Pass: Size - 0.00405 (ms)
2026-07-12 03:52:23,122 [INFO] Pass: ContainsInstruction - 0.00572 (ms)
2026-07-12 03:52:23,122 [INFO] Pass: FixedPoint - 0.00501 (ms)
2026-07-12 03:52:23,122 [INFO] Pass: FixedPoint - 0.00310 (ms)
2026-07-12 03:52:23,122 [INFO] Pass: Size - 0.00405 (ms)
2026-07-12 03:52:23,122 [INFO] Pass: RemoveIdentityEquivalent - 0.00572 (ms)
2026-07-12 03:52:23,122 [INFO] Pass: FixedPoint - 0.00310 (ms)
2026-07-12 03:52:23,122 [INFO] Pass: RemoveIdentityEquivalent - 0.00548 (ms)
2026-07-12 03:52:23,122 [INFO] Pass: CommutativeCancellation - 0.13280 (ms)
2026-07-12 03:52:23,122 [INFO] Total Transpile Time - 90.75236 (ms)
2026-07-12 03:52:23,122 [INFO] Pass: ContractIdleWiresInControlFlow - 0.00215 (ms)
2026-07-12 03:52:23,122 [INFO] Pass: Optimize1qGatesDecomposition - 0.15497 (ms)
2026-07-12 03:52:23,122 [INFO] Pass: GatesInBasis - 0.04745 (ms)
2026-07-12 03:52:23,122 [INFO] Pass: Optimize1qGatesDecomposition - 0.15688 (ms)
2026-07-12 03:52:23,122 [INFO] Pass: Depth - 0.03266 (ms)
2026-07-12 03:52:23,122 [INFO] Pass: FixedPoint - 0.00405 (ms)
2026-07-12 03:52:23,122 [INFO] Pass: Size - 0.00286 (ms)
2026-07-12 03:52:23,122 [INFO] Pass: FixedPoint - 0.01049 (ms)
2026-07-12 03:52:23,122 [INFO] Pass: CommutativeCancellation - 0.13113 (ms)
2026-07-12 03:52:23,122 [INFO] Pass: ContainsInstruction - 0.00548 (ms)
2026-07-12 03:52:23,122 [INFO] Pass: ContractIdleWiresInControlFlow - 0.00215 (ms)
2026-07-12 03:52:23,122 [INFO] Pass: CommutativeCancellation - 0.13208 (ms)
2026-07-12 03:52:23,122 [INFO] Pass: ContractIdleWiresInControlFlow - 0.00215 (ms)
2026-07-12 03:52:23,122 [INFO] Pass: GatesInBasis - 0.04840 (ms)
2026-07-12 03:52:23,122 [INFO] Total Transpile Time - 90.04354 (ms)
2026-07-12 03:52:23,122 [INFO] Pass: GatesInBasis - 0.04673 (ms)
2026-07-12 03:52:23,122 [INFO] Pass: Depth - 0.03338 (ms)
2026-07-12 03:52:23,122 [INFO] Pass: FixedPoint - 0.00405 (ms)
2026-07-12 03:52:23,122 [INFO] Pass: Depth - 0.03290 (ms)
2026-07-12 03:52:23,122 [INFO] Pass: Size - 0.00262 (ms)
2026-07-12 03:52:23,122 [INFO] Pass: FixedPoint - 0.00381 (ms)
2026-07-12 03:52:23,122 [INFO] Pass: FixedPoint - 0.01049 (ms)
2026-07-12 03:52:23,122 [INFO] Pass: Size - 0.00310 (ms)
2026-07-12 03:52:23,122 [INFO] Pass: ContainsInstruction - 0.00525 (ms)
2026-07-12 03:52:23,122 [INFO] Pass: FixedPoint - 0.01001 (ms)
2026-07-12 03:52:23,122 [INFO] Pass: ContainsInstruction - 0.00572 (ms)
2026-07-12 03:52:23,122 [INFO] Total Transpile Time - 90.23261 (ms)
2026-07-12 03:52:23,123 [INFO] Total Transpile Time - 90.37256 (ms)
2026-07-12 03:52:23,123 [INFO] Total Transpile Time - 90.46912 (ms)
2026-07-12 03:52:23,141 [INFO] Pass: ContainsInstruction - 0.01192 (ms)
2026-07-12 03:52:23,142 [INFO] Pass: UnitarySynthesis - 0.00715 (ms)
2026-07-12 03:52:23,142 [INFO] Pass: HighLevelSynthesis - 0.00477 (ms)
2026-07-12 03:52:23,142 [INFO] Pass: BasisTranslator - 0.05150 (ms)
2026-07-12 03:52:23,142 [INFO] Pass: ElidePermutations - 0.00453 (ms)
2026-07-12 03:52:23,142 [INFO] Pass: RemoveDiagonalGatesBeforeMeasure - 0.00668 (ms)
2026-07-12 03:52:23,142 [INFO] Pass: RemoveIdentityEquivalent - 0.00715 (ms)
2026-07-12 03:52:23,142 [INFO] Pass: InverseCancellation - 0.02956 (ms)
2026-07-12 03:52:23,142 [INFO] Pass: ContractIdleWiresInControlFlow - 0.00238 (ms)
2026-07-12 03:52:23,142 [INFO] Pass: CommutativeCancellation - 0.11373 (ms)
2026-07-12 03:52:23,142 [INFO] Pass: ConsolidateBlocks - 0.05388 (ms)
2026-07-12 03:52:23,142 [INFO] Pass: Split2QUnitaries - 0.00286 (ms)
2026-07-12 03:52:23,142 [INFO] Pass: UnitarySynthesis - 0.00501 (ms)
2026-07-12 03:52:23,142 [INFO] Pass: HighLevelSynthesis - 0.05913 (ms)
2026-07-12 03:52:23,142 [INFO] Pass: BasisTranslator - 0.09942 (ms)
2026-07-12 03:52:23,142 [INFO] Pass: ConsolidateBlocks - 0.06509 (ms)
2026-07-12 03:52:23,142 [INFO] Pass: UnitarySynthesis - 0.00477 (ms)
2026-07-12 03:52:23,143 [INFO] Pass: Depth - 0.03362 (ms)
2026-07-12 03:52:23,143 [INFO] Pass: FixedPoint - 0.00453 (ms)
2026-07-12 03:52:23,143 [INFO] Pass: Size - 0.00381 (ms)
2026-07-12 03:52:23,143 [INFO] Pass: FixedPoint - 0.00310 (ms)
2026-07-12 03:52:23,143 [INFO] Pass: RemoveIdentityEquivalent - 0.00596 (ms)
2026-07-12 03:52:23,143 [INFO] Pass: Optimize1qGatesDecomposition - 0.15569 (ms)
2026-07-12 03:52:23,143 [INFO] Pass: CommutativeCancellation - 0.13161 (ms)
2026-07-12 03:52:23,143 [INFO] Pass: ContractIdleWiresInControlFlow - 0.00191 (ms)
2026-07-12 03:52:23,143 [INFO] Pass: GatesInBasis - 0.04673 (ms)
2026-07-12 03:52:23,143 [INFO] Pass: Depth - 0.03219 (ms)
2026-07-12 03:52:23,143 [INFO] Pass: FixedPoint - 0.00405 (ms)
2026-07-12 03:52:23,143 [INFO] Pass: Size - 0.00238 (ms)
2026-07-12 03:52:23,143 [INFO] Pass: FixedPoint - 0.01025 (ms)
2026-07-12 03:52:23,143 [INFO] Pass: ContainsInstruction - 0.00501 (ms)
2026-07-12 03:52:23,144 [INFO] Total Transpile Time - 90.43908 (ms)
2026-07-12 03:52:23,189 [INFO] Pass: ContainsInstruction - 0.00978 (ms)
2026-07-12 03:52:23,189 [INFO] Pass: UnitarySynthesis - 0.00715 (ms)
2026-07-12 03:52:23,189 [INFO] Pass: HighLevelSynthesis - 0.00453 (ms)
2026-07-12 03:52:23,189 [INFO] Pass: BasisTranslator - 0.05269 (ms)
2026-07-12 03:52:23,189 [INFO] Pass: ElidePermutations - 0.00381 (ms)
2026-07-12 03:52:23,189 [INFO] Pass: RemoveDiagonalGatesBeforeMeasure - 0.00644 (ms)
2026-07-12 03:52:23,189 [INFO] Pass: RemoveIdentityEquivalent - 0.00858 (ms)
2026-07-12 03:52:23,189 [INFO] Pass: InverseCancellation - 0.02885 (ms)
2026-07-12 03:52:23,189 [INFO] Pass: ContractIdleWiresInControlFlow - 0.00238 (ms)
2026-07-12 03:52:23,189 [INFO] Pass: CommutativeCancellation - 0.11659 (ms)
2026-07-12 03:52:23,189 [INFO] Pass: ConsolidateBlocks - 0.05412 (ms)
2026-07-12 03:52:23,189 [INFO] Pass: Split2QUnitaries - 0.00262 (ms)
2026-07-12 03:52:23,189 [INFO] Pass: UnitarySynthesis - 0.00954 (ms)
2026-07-12 03:52:23,189 [INFO] Pass: HighLevelSynthesis - 0.05841 (ms)
2026-07-12 03:52:23,189 [INFO] Pass: BasisTranslator - 0.09370 (ms)
2026-07-12 03:52:23,190 [INFO] Pass: ConsolidateBlocks - 0.06700 (ms)
2026-07-12 03:52:23,190 [INFO] Pass: UnitarySynthesis - 0.00477 (ms)
2026-07-12 03:52:23,190 [INFO] Pass: Depth - 0.03409 (ms)
2026-07-12 03:52:23,190 [INFO] Pass: FixedPoint - 0.00477 (ms)
2026-07-12 03:52:23,190 [INFO] Pass: Size - 0.00381 (ms)
2026-07-12 03:52:23,190 [INFO] Pass: FixedPoint - 0.00334 (ms)
2026-07-12 03:52:23,190 [INFO] Pass: RemoveIdentityEquivalent - 0.00668 (ms)
2026-07-12 03:52:23,190 [INFO] Pass: Optimize1qGatesDecomposition - 0.16189 (ms)
2026-07-12 03:52:23,190 [INFO] Pass: CommutativeCancellation - 0.12779 (ms)
2026-07-12 03:52:23,190 [INFO] Pass: ContractIdleWiresInControlFlow - 0.00215 (ms)
2026-07-12 03:52:23,190 [INFO] Pass: GatesInBasis - 0.04768 (ms)
2026-07-12 03:52:23,190 [INFO] Pass: Depth - 0.04053 (ms)
2026-07-12 03:52:23,190 [INFO] Pass: FixedPoint - 0.00381 (ms)
2026-07-12 03:52:23,190 [INFO] Pass: Size - 0.00286 (ms)
2026-07-12 03:52:23,190 [INFO] Pass: FixedPoint - 0.00381 (ms)
2026-07-12 03:52:23,190 [INFO] Pass: RemoveIdentityEquivalent - 0.00572 (ms)
2026-07-12 03:52:23,191 [INFO] Pass: Optimize1qGatesDecomposition - 0.13995 (ms)
2026-07-12 03:52:23,191 [INFO] Pass: CommutativeCancellation - 0.11873 (ms)
2026-07-12 03:52:23,191 [INFO] Pass: ContractIdleWiresInControlFlow - 0.00191 (ms)
2026-07-12 03:52:23,191 [INFO] Pass: GatesInBasis - 0.04721 (ms)
2026-07-12 03:52:23,191 [INFO] Pass: Depth - 0.03195 (ms)
2026-07-12 03:52:23,191 [INFO] Pass: FixedPoint - 0.00334 (ms)
2026-07-12 03:52:23,191 [INFO] Pass: Size - 0.00238 (ms)
2026-07-12 03:52:23,191 [INFO] Pass: FixedPoint - 0.00310 (ms)
2026-07-12 03:52:23,191 [INFO] Pass: ContainsInstruction - 0.00525 (ms)
2026-07-12 03:52:23,191 [INFO] Total Transpile Time - 89.13875 (ms)
2026-07-12 03:52:23,208 [INFO] Pass: ContainsInstruction - 0.01073 (ms)
2026-07-12 03:52:23,208 [INFO] Pass: UnitarySynthesis - 0.00715 (ms)
2026-07-12 03:52:23,208 [INFO] Pass: HighLevelSynthesis - 0.00405 (ms)
2026-07-12 03:52:23,208 [INFO] Pass: BasisTranslator - 0.05221 (ms)
2026-07-12 03:52:23,208 [INFO] Pass: ElidePermutations - 0.00405 (ms)
2026-07-12 03:52:23,208 [INFO] Pass: RemoveDiagonalGatesBeforeMeasure - 0.00596 (ms)
2026-07-12 03:52:23,208 [INFO] Pass: RemoveIdentityEquivalent - 0.00787 (ms)
2026-07-12 03:52:23,208 [INFO] Pass: InverseCancellation - 0.02933 (ms)
2026-07-12 03:52:23,209 [INFO] Pass: ContractIdleWiresInControlFlow - 0.00262 (ms)
2026-07-12 03:52:23,209 [INFO] Pass: ContainsInstruction - 0.01073 (ms)
2026-07-12 03:52:23,209 [INFO] Pass: UnitarySynthesis - 0.00691 (ms)
2026-07-12 03:52:23,209 [INFO] Pass: CommutativeCancellation - 0.11659 (ms)
2026-07-12 03:52:23,209 [INFO] Pass: HighLevelSynthesis - 0.00429 (ms)
2026-07-12 03:52:23,209 [INFO] Pass: ConsolidateBlocks - 0.05484 (ms)
2026-07-12 03:52:23,209 [INFO] Pass: BasisTranslator - 0.05245 (ms)
2026-07-12 03:52:23,209 [INFO] Pass: Split2QUnitaries - 0.00286 (ms)
2026-07-12 03:52:23,209 [INFO] Pass: ElidePermutations - 0.00429 (ms)
2026-07-12 03:52:23,209 [INFO] Pass: UnitarySynthesis - 0.00906 (ms)
2026-07-12 03:52:23,209 [INFO] Pass: RemoveDiagonalGatesBeforeMeasure - 0.00620 (ms)
2026-07-12 03:52:23,209 [INFO] Pass: RemoveIdentityEquivalent - 0.00739 (ms)
2026-07-12 03:52:23,209 [INFO] Pass: HighLevelSynthesis - 0.05794 (ms)
2026-07-12 03:52:23,209 [INFO] Pass: ContainsInstruction - 0.01121 (ms)
2026-07-12 03:52:23,209 [INFO] Pass: InverseCancellation - 0.02837 (ms)
2026-07-12 03:52:23,209 [INFO] Pass: ContractIdleWiresInControlFlow - 0.00262 (ms)
2026-07-12 03:52:23,209 [INFO] Pass: UnitarySynthesis - 0.00691 (ms)
2026-07-12 03:52:23,209 [INFO] Pass: HighLevelSynthesis - 0.00405 (ms)
2026-07-12 03:52:23,209 [INFO] Pass: BasisTranslator - 0.09108 (ms)
2026-07-12 03:52:23,209 [INFO] Pass: BasisTranslator - 0.05317 (ms)
2026-07-12 03:52:23,209 [INFO] Pass: CommutativeCancellation - 0.11325 (ms)
2026-07-12 03:52:23,209 [INFO] Pass: ElidePermutations - 0.00429 (ms)
2026-07-12 03:52:23,209 [INFO] Pass: ConsolidateBlocks - 0.06604 (ms)
2026-07-12 03:52:23,209 [INFO] Pass: RemoveDiagonalGatesBeforeMeasure - 0.00644 (ms)
2026-07-12 03:52:23,209 [INFO] Pass: UnitarySynthesis - 0.00453 (ms)
2026-07-12 03:52:23,209 [INFO] Pass: RemoveIdentityEquivalent - 0.00787 (ms)
2026-07-12 03:52:23,209 [INFO] Pass: ConsolidateBlocks - 0.05436 (ms)
2026-07-12 03:52:23,209 [INFO] Pass: Split2QUnitaries - 0.00262 (ms)
2026-07-12 03:52:23,209 [INFO] Pass: Depth - 0.03433 (ms)
2026-07-12 03:52:23,209 [INFO] Pass: InverseCancellation - 0.02909 (ms)
2026-07-12 03:52:23,209 [INFO] Pass: UnitarySynthesis - 0.00930 (ms)
2026-07-12 03:52:23,209 [INFO] Pass: FixedPoint - 0.00477 (ms)
2026-07-12 03:52:23,209 [INFO] Pass: ContractIdleWiresInControlFlow - 0.00262 (ms)
2026-07-12 03:52:23,209 [INFO] Pass: Size - 0.00405 (ms)
2026-07-12 03:52:23,209 [INFO] Pass: FixedPoint - 0.00310 (ms)
2026-07-12 03:52:23,209 [INFO] Pass: HighLevelSynthesis - 0.06509 (ms)
2026-07-12 03:52:23,209 [INFO] Pass: RemoveIdentityEquivalent - 0.00668 (ms)
2026-07-12 03:52:23,209 [INFO] Pass: CommutativeCancellation - 0.12159 (ms)
2026-07-12 03:52:23,209 [INFO] Pass: BasisTranslator - 0.09346 (ms)
2026-07-12 03:52:23,209 [INFO] Pass: ContainsInstruction - 0.01049 (ms)
2026-07-12 03:52:23,209 [INFO] Pass: ConsolidateBlocks - 0.05579 (ms)
2026-07-12 03:52:23,209 [INFO] Pass: UnitarySynthesis - 0.00715 (ms)
2026-07-12 03:52:23,209 [INFO] Pass: Split2QUnitaries - 0.00262 (ms)
2026-07-12 03:52:23,209 [INFO] Pass: Optimize1qGatesDecomposition - 0.16236 (ms)
2026-07-12 03:52:23,209 [INFO] Pass: ConsolidateBlocks - 0.06557 (ms)
2026-07-12 03:52:23,210 [INFO] Pass: HighLevelSynthesis - 0.00405 (ms)
2026-07-12 03:52:23,210 [INFO] Pass: UnitarySynthesis - 0.00954 (ms)
2026-07-12 03:52:23,210 [INFO] Pass: UnitarySynthesis - 0.00453 (ms)
2026-07-12 03:52:23,210 [INFO] Pass: BasisTranslator - 0.05221 (ms)
2026-07-12 03:52:23,210 [INFO] Pass: Depth - 0.03409 (ms)
2026-07-12 03:52:23,210 [INFO] Pass: HighLevelSynthesis - 0.05746 (ms)
2026-07-12 03:52:23,210 [INFO] Pass: ElidePermutations - 0.00429 (ms)
2026-07-12 03:52:23,210 [INFO] Pass: FixedPoint - 0.00453 (ms)
2026-07-12 03:52:23,210 [INFO] Pass: Size - 0.00381 (ms)
2026-07-12 03:52:23,210 [INFO] Pass: RemoveDiagonalGatesBeforeMeasure - 0.00620 (ms)
2026-07-12 03:52:23,210 [INFO] Pass: CommutativeCancellation - 0.12684 (ms)
2026-07-12 03:52:23,210 [INFO] Pass: FixedPoint - 0.00310 (ms)
2026-07-12 03:52:23,210 [INFO] Pass: ContainsInstruction - 0.01049 (ms)
2026-07-12 03:52:23,210 [INFO] Pass: RemoveIdentityEquivalent - 0.00787 (ms)
2026-07-12 03:52:23,210 [INFO] Pass: ContractIdleWiresInControlFlow - 0.00215 (ms)
2026-07-12 03:52:23,210 [INFO] Pass: RemoveIdentityEquivalent - 0.00644 (ms)
2026-07-12 03:52:23,210 [INFO] Pass: BasisTranslator - 0.09203 (ms)
2026-07-12 03:52:23,210 [INFO] Pass: UnitarySynthesis - 0.00691 (ms)
2026-07-12 03:52:23,210 [INFO] Pass: InverseCancellation - 0.02885 (ms)
2026-07-12 03:52:23,210 [INFO] Pass: GatesInBasis - 0.04792 (ms)
2026-07-12 03:52:23,210 [INFO] Pass: ContractIdleWiresInControlFlow - 0.00215 (ms)
2026-07-12 03:52:23,210 [INFO] Pass: HighLevelSynthesis - 0.00453 (ms)
2026-07-12 03:52:23,210 [INFO] Pass: ContainsInstruction - 0.01049 (ms)
2026-07-12 03:52:23,210 [INFO] Pass: Depth - 0.03433 (ms)
2026-07-12 03:52:23,210 [INFO] Pass: ConsolidateBlocks - 0.06700 (ms)
2026-07-12 03:52:23,210 [INFO] Pass: ContainsInstruction - 0.01001 (ms)
2026-07-12 03:52:23,210 [INFO] Pass: FixedPoint - 0.00358 (ms)
2026-07-12 03:52:23,210 [INFO] Pass: BasisTranslator - 0.05269 (ms)
2026-07-12 03:52:23,210 [INFO] Pass: UnitarySynthesis - 0.00453 (ms)
2026-07-12 03:52:23,210 [INFO] Pass: UnitarySynthesis - 0.00739 (ms)
2026-07-12 03:52:23,210 [INFO] Pass: ContainsInstruction - 0.01073 (ms)
2026-07-12 03:52:23,210 [INFO] Pass: Size - 0.00262 (ms)
2026-07-12 03:52:23,210 [INFO] Pass: ElidePermutations - 0.00405 (ms)
2026-07-12 03:52:23,210 [INFO] Pass: UnitarySynthesis - 0.00691 (ms)
2026-07-12 03:52:23,210 [INFO] Pass: HighLevelSynthesis - 0.00477 (ms)
2026-07-12 03:52:23,210 [INFO] Pass: FixedPoint - 0.00286 (ms)
2026-07-12 03:52:23,210 [INFO] Pass: Optimize1qGatesDecomposition - 0.15807 (ms)
2026-07-12 03:52:23,210 [INFO] Pass: UnitarySynthesis - 0.00715 (ms)
2026-07-12 03:52:23,210 [INFO] Pass: CommutativeCancellation - 0.11420 (ms)
2026-07-12 03:52:23,210 [INFO] Pass: Depth - 0.03529 (ms)
2026-07-12 03:52:23,210 [INFO] Pass: RemoveDiagonalGatesBeforeMeasure - 0.00668 (ms)
2026-07-12 03:52:23,210 [INFO] Pass: HighLevelSynthesis - 0.00453 (ms)
2026-07-12 03:52:23,210 [INFO] Pass: RemoveIdentityEquivalent - 0.00572 (ms)
2026-07-12 03:52:23,210 [INFO] Pass: FixedPoint - 0.00477 (ms)
2026-07-12 03:52:23,210 [INFO] Pass: HighLevelSynthesis - 0.00429 (ms)
2026-07-12 03:52:23,210 [INFO] Pass: RemoveIdentityEquivalent - 0.00763 (ms)
2026-07-12 03:52:23,210 [INFO] Pass: Size - 0.00381 (ms)
2026-07-12 03:52:23,210 [INFO] Pass: BasisTranslator - 0.05293 (ms)
2026-07-12 03:52:23,210 [INFO] Pass: FixedPoint - 0.00334 (ms)
2026-07-12 03:52:23,210 [INFO] Pass: ConsolidateBlocks - 0.05555 (ms)
2026-07-12 03:52:23,210 [INFO] Pass: ElidePermutations - 0.00405 (ms)
2026-07-12 03:52:23,210 [INFO] Pass: InverseCancellation - 0.03052 (ms)
2026-07-12 03:52:23,210 [INFO] Pass: BasisTranslator - 0.05269 (ms)
2026-07-12 03:52:23,210 [INFO] Pass: RemoveIdentityEquivalent - 0.00691 (ms)
2026-07-12 03:52:23,210 [INFO] Pass: Split2QUnitaries - 0.00238 (ms)
2026-07-12 03:52:23,210 [INFO] Pass: BasisTranslator - 0.05317 (ms)
2026-07-12 03:52:23,210 [INFO] Pass: ContractIdleWiresInControlFlow - 0.00286 (ms)
2026-07-12 03:52:23,210 [INFO] Pass: RemoveDiagonalGatesBeforeMeasure - 0.00620 (ms)
2026-07-12 03:52:23,210 [INFO] Pass: ElidePermutations - 0.00405 (ms)
2026-07-12 03:52:23,210 [INFO] Pass: CommutativeCancellation - 0.12493 (ms)
2026-07-12 03:52:23,210 [INFO] Pass: ElidePermutations - 0.00429 (ms)
2026-07-12 03:52:23,210 [INFO] Pass: UnitarySynthesis - 0.00930 (ms)
2026-07-12 03:52:23,210 [INFO] Pass: RemoveDiagonalGatesBeforeMeasure - 0.00620 (ms)
2026-07-12 03:52:23,210 [INFO] Pass: RemoveIdentityEquivalent - 0.00787 (ms)
2026-07-12 03:52:23,210 [INFO] Pass: ContractIdleWiresInControlFlow - 0.00191 (ms)
2026-07-12 03:52:23,210 [INFO] Pass: RemoveDiagonalGatesBeforeMeasure - 0.00572 (ms)
2026-07-12 03:52:23,210 [INFO] Pass: Optimize1qGatesDecomposition - 0.13900 (ms)
2026-07-12 03:52:23,210 [INFO] Pass: RemoveIdentityEquivalent - 0.00739 (ms)
2026-07-12 03:52:23,210 [INFO] Pass: RemoveIdentityEquivalent - 0.00763 (ms)
2026-07-12 03:52:23,210 [INFO] Pass: InverseCancellation - 0.02885 (ms)
2026-07-12 03:52:23,210 [INFO] Pass: HighLevelSynthesis - 0.05841 (ms)
2026-07-12 03:52:23,210 [INFO] Pass: ContractIdleWiresInControlFlow - 0.00238 (ms)
2026-07-12 03:52:23,210 [INFO] Pass: InverseCancellation - 0.02980 (ms)
2026-07-12 03:52:23,210 [INFO] Pass: GatesInBasis - 0.04768 (ms)
2026-07-12 03:52:23,210 [INFO] Pass: InverseCancellation - 0.02956 (ms)
2026-07-12 03:52:23,210 [INFO] Pass: ContractIdleWiresInControlFlow - 0.00262 (ms)
2026-07-12 03:52:23,210 [INFO] Pass: CommutativeCancellation - 0.11587 (ms)
2026-07-12 03:52:23,210 [INFO] Pass: ContractIdleWiresInControlFlow - 0.00238 (ms)
2026-07-12 03:52:23,210 [INFO] Pass: Depth - 0.03386 (ms)
2026-07-12 03:52:23,210 [INFO] Pass: Optimize1qGatesDecomposition - 0.16165 (ms)
2026-07-12 03:52:23,210 [INFO] Pass: FixedPoint - 0.00381 (ms)
2026-07-12 03:52:23,210 [INFO] Pass: CommutativeCancellation - 0.12040 (ms)
2026-07-12 03:52:23,210 [INFO] Pass: Size - 0.00310 (ms)
2026-07-12 03:52:23,210 [INFO] Pass: BasisTranslator - 0.09131 (ms)
2026-07-12 03:52:23,210 [INFO] Pass: ConsolidateBlocks - 0.05555 (ms)
2026-07-12 03:52:23,210 [INFO] Pass: ContractIdleWiresInControlFlow - 0.00238 (ms)
2026-07-12 03:52:23,210 [INFO] Pass: FixedPoint - 0.00954 (ms)
2026-07-12 03:52:23,210 [INFO] Pass: Split2QUnitaries - 0.00310 (ms)
2026-07-12 03:52:23,210 [INFO] Pass: CommutativeCancellation - 0.12445 (ms)
2026-07-12 03:52:23,210 [INFO] Pass: RemoveIdentityEquivalent - 0.00596 (ms)
2026-07-12 03:52:23,210 [INFO] Pass: UnitarySynthesis - 0.00954 (ms)
2026-07-12 03:52:23,210 [INFO] Pass: CommutativeCancellation - 0.12517 (ms)
2026-07-12 03:52:23,210 [INFO] Pass: GatesInBasis - 0.04601 (ms)
2026-07-12 03:52:23,210 [INFO] Pass: CommutativeCancellation - 0.12803 (ms)
2026-07-12 03:52:23,210 [INFO] Pass: ConsolidateBlocks - 0.06580 (ms)
2026-07-12 03:52:23,210 [INFO] Pass: CommutativeCancellation - 0.13399 (ms)
2026-07-12 03:52:23,210 [INFO] Pass: UnitarySynthesis - 0.00477 (ms)
2026-07-12 03:52:23,210 [INFO] Pass: ConsolidateBlocks - 0.05603 (ms)
2026-07-12 03:52:23,210 [INFO] Pass: Depth - 0.03409 (ms)
2026-07-12 03:52:23,210 [INFO] Pass: HighLevelSynthesis - 0.05889 (ms)
2026-07-12 03:52:23,210 [INFO] Pass: ContractIdleWiresInControlFlow - 0.00238 (ms)
2026-07-12 03:52:23,210 [INFO] Pass: ConsolidateBlocks - 0.05507 (ms)
2026-07-12 03:52:23,210 [INFO] Pass: Split2QUnitaries - 0.00262 (ms)
2026-07-12 03:52:23,210 [INFO] Pass: FixedPoint - 0.00358 (ms)
2026-07-12 03:52:23,210 [INFO] Pass: ConsolidateBlocks - 0.05531 (ms)
2026-07-12 03:52:23,210 [INFO] Pass: Split2QUnitaries - 0.00238 (ms)
2026-07-12 03:52:23,210 [INFO] Pass: Depth - 0.03433 (ms)
2026-07-12 03:52:23,210 [INFO] Pass: Size - 0.00215 (ms)
2026-07-12 03:52:23,210 [INFO] Pass: UnitarySynthesis - 0.01001 (ms)
2026-07-12 03:52:23,210 [INFO] Pass: Split2QUnitaries - 0.00310 (ms)
2026-07-12 03:52:23,210 [INFO] Pass: FixedPoint - 0.00429 (ms)
2026-07-12 03:52:23,210 [INFO] Pass: FixedPoint - 0.00286 (ms)
2026-07-12 03:52:23,210 [INFO] Pass: UnitarySynthesis - 0.00930 (ms)
2026-07-12 03:52:23,210 [INFO] Pass: Optimize1qGatesDecomposition - 0.13924 (ms)
2026-07-12 03:52:23,210 [INFO] Pass: GatesInBasis - 0.04888 (ms)
2026-07-12 03:52:23,210 [INFO] Pass: Size - 0.00381 (ms)
2026-07-12 03:52:23,210 [INFO] Pass: UnitarySynthesis - 0.00954 (ms)
2026-07-12 03:52:23,210 [INFO] Pass: ContainsInstruction - 0.00525 (ms)
2026-07-12 03:52:23,211 [INFO] Pass: FixedPoint - 0.00334 (ms)
2026-07-12 03:52:23,211 [INFO] Pass: HighLevelSynthesis - 0.05770 (ms)
2026-07-12 03:52:23,211 [INFO] Pass: BasisTranslator - 0.09394 (ms)
2026-07-12 03:52:23,211 [INFO] Pass: Depth - 0.03386 (ms)
2026-07-12 03:52:23,211 [INFO] Pass: RemoveIdentityEquivalent - 0.00668 (ms)
2026-07-12 03:52:23,211 [INFO] Pass: HighLevelSynthesis - 0.05841 (ms)
2026-07-12 03:52:23,211 [INFO] Pass: FixedPoint - 0.00405 (ms)
2026-07-12 03:52:23,211 [INFO] Pass: HighLevelSynthesis - 0.05841 (ms)
2026-07-12 03:52:23,211 [INFO] Pass: Size - 0.00286 (ms)
2026-07-12 03:52:23,211 [INFO] Pass: FixedPoint - 0.00358 (ms)
2026-07-12 03:52:23,211 [INFO] Pass: CommutativeCancellation - 0.11778 (ms)
2026-07-12 03:52:23,211 [INFO] Pass: ConsolidateBlocks - 0.07224 (ms)
2026-07-12 03:52:23,211 [INFO] Pass: RemoveIdentityEquivalent - 0.00620 (ms)
2026-07-12 03:52:23,211 [INFO] Pass: BasisTranslator - 0.09441 (ms)
2026-07-12 03:52:23,211 [INFO] Pass: ContractIdleWiresInControlFlow - 0.00167 (ms)
2026-07-12 03:52:23,211 [INFO] Pass: UnitarySynthesis - 0.00501 (ms)
2026-07-12 03:52:23,211 [INFO] Pass: BasisTranslator - 0.09489 (ms)
2026-07-12 03:52:23,211 [INFO] Pass: BasisTranslator - 0.09465 (ms)
2026-07-12 03:52:23,211 [INFO] Pass: GatesInBasis - 0.04673 (ms)
2026-07-12 03:52:23,211 [INFO] Pass: Optimize1qGatesDecomposition - 0.15879 (ms)
2026-07-12 03:52:23,211 [INFO] Pass: Depth - 0.03934 (ms)
2026-07-12 03:52:23,211 [INFO] Pass: ConsolidateBlocks - 0.06676 (ms)
2026-07-12 03:52:23,211 [INFO] Pass: ConsolidateBlocks - 0.06652 (ms)
2026-07-12 03:52:23,211 [INFO] Pass: FixedPoint - 0.00477 (ms)
2026-07-12 03:52:23,211 [INFO] Pass: UnitarySynthesis - 0.00477 (ms)
2026-07-12 03:52:23,211 [INFO] Pass: Depth - 0.03195 (ms)
2026-07-12 03:52:23,211 [INFO] Pass: ConsolidateBlocks - 0.06509 (ms)
2026-07-12 03:52:23,211 [INFO] Pass: UnitarySynthesis - 0.00429 (ms)
2026-07-12 03:52:23,211 [INFO] Pass: Size - 0.00429 (ms)
2026-07-12 03:52:23,211 [INFO] Pass: FixedPoint - 0.00334 (ms)
2026-07-12 03:52:23,211 [INFO] Pass: Optimize1qGatesDecomposition - 0.14043 (ms)
2026-07-12 03:52:23,211 [INFO] Pass: UnitarySynthesis - 0.00453 (ms)
2026-07-12 03:52:23,211 [INFO] Pass: Size - 0.00262 (ms)
2026-07-12 03:52:23,211 [INFO] Pass: FixedPoint - 0.00358 (ms)
2026-07-12 03:52:23,211 [INFO] Pass: Depth - 0.03457 (ms)
2026-07-12 03:52:23,211 [INFO] Pass: ContainsInstruction - 0.01049 (ms)
2026-07-12 03:52:23,211 [INFO] Pass: FixedPoint - 0.00310 (ms)
2026-07-12 03:52:23,211 [INFO] Pass: Depth - 0.03481 (ms)
2026-07-12 03:52:23,211 [INFO] Pass: RemoveIdentityEquivalent - 0.00668 (ms)
2026-07-12 03:52:23,211 [INFO] Pass: FixedPoint - 0.00453 (ms)
2026-07-12 03:52:23,211 [INFO] Pass: ContainsInstruction - 0.00525 (ms)
2026-07-12 03:52:23,211 [INFO] Pass: Depth - 0.03552 (ms)
2026-07-12 03:52:23,211 [INFO] Pass: FixedPoint - 0.00477 (ms)
2026-07-12 03:52:23,211 [INFO] Pass: Size - 0.00358 (ms)
2026-07-12 03:52:23,211 [INFO] Pass: UnitarySynthesis - 0.00787 (ms)
2026-07-12 03:52:23,211 [INFO] Pass: CommutativeCancellation - 0.12636 (ms)
2026-07-12 03:52:23,211 [INFO] Pass: FixedPoint - 0.00501 (ms)
2026-07-12 03:52:23,211 [INFO] Pass: Size - 0.00381 (ms)
2026-07-12 03:52:23,211 [INFO] Pass: FixedPoint - 0.00310 (ms)
2026-07-12 03:52:23,211 [INFO] Pass: ContractIdleWiresInControlFlow - 0.00238 (ms)
2026-07-12 03:52:23,211 [INFO] Pass: HighLevelSynthesis - 0.00453 (ms)
2026-07-12 03:52:23,211 [INFO] Pass: Size - 0.00381 (ms)
2026-07-12 03:52:23,211 [INFO] Pass: FixedPoint - 0.00310 (ms)
2026-07-12 03:52:23,211 [INFO] Pass: RemoveIdentityEquivalent - 0.00644 (ms)
2026-07-12 03:52:23,211 [INFO] Pass: FixedPoint - 0.00334 (ms)
2026-07-12 03:52:23,211 [INFO] Pass: RemoveIdentityEquivalent - 0.00668 (ms)
2026-07-12 03:52:23,211 [INFO] Pass: CommutativeCancellation - 0.12159 (ms)
2026-07-12 03:52:23,211 [INFO] Total Transpile Time - 89.40506 (ms)
2026-07-12 03:52:23,211 [INFO] Pass: RemoveIdentityEquivalent - 0.00691 (ms)
2026-07-12 03:52:23,211 [INFO] Pass: GatesInBasis - 0.04697 (ms)
2026-07-12 03:52:23,211 [INFO] Pass: ContractIdleWiresInControlFlow - 0.00238 (ms)
2026-07-12 03:52:23,211 [INFO] Pass: BasisTranslator - 0.05269 (ms)
2026-07-12 03:52:23,211 [INFO] Pass: ElidePermutations - 0.00429 (ms)
2026-07-12 03:52:23,211 [INFO] Pass: Depth - 0.03409 (ms)
2026-07-12 03:52:23,211 [INFO] Pass: Optimize1qGatesDecomposition - 0.16928 (ms)
2026-07-12 03:52:23,211 [INFO] Pass: RemoveDiagonalGatesBeforeMeasure - 0.00596 (ms)
2026-07-12 03:52:23,211 [INFO] Pass: GatesInBasis - 0.04792 (ms)
2026-07-12 03:52:23,211 [INFO] Pass: FixedPoint - 0.00381 (ms)
2026-07-12 03:52:23,211 [INFO] Pass: RemoveIdentityEquivalent - 0.00858 (ms)
2026-07-12 03:52:23,211 [INFO] Pass: Size - 0.00286 (ms)
2026-07-12 03:52:23,211 [INFO] Pass: FixedPoint - 0.00358 (ms)
2026-07-12 03:52:23,211 [INFO] Pass: Depth - 0.03457 (ms)
2026-07-12 03:52:23,211 [INFO] Pass: ContainsInstruction - 0.01144 (ms)
2026-07-12 03:52:23,211 [INFO] Pass: Optimize1qGatesDecomposition - 0.16141 (ms)
2026-07-12 03:52:23,211 [INFO] Pass: InverseCancellation - 0.02933 (ms)
2026-07-12 03:52:23,211 [INFO] Pass: Optimize1qGatesDecomposition - 0.15855 (ms)
2026-07-12 03:52:23,211 [INFO] Pass: FixedPoint - 0.00358 (ms)
2026-07-12 03:52:23,211 [INFO] Pass: RemoveIdentityEquivalent - 0.00620 (ms)
2026-07-12 03:52:23,211 [INFO] Pass: ContractIdleWiresInControlFlow - 0.00238 (ms)
2026-07-12 03:52:23,211 [INFO] Pass: Size - 0.00262 (ms)
2026-07-12 03:52:23,211 [INFO] Pass: Optimize1qGatesDecomposition - 0.16046 (ms)
2026-07-12 03:52:23,211 [INFO] Pass: UnitarySynthesis - 0.00739 (ms)
2026-07-12 03:52:23,211 [INFO] Pass: FixedPoint - 0.00286 (ms)
2026-07-12 03:52:23,211 [INFO] Pass: HighLevelSynthesis - 0.00429 (ms)
2026-07-12 03:52:23,211 [INFO] Pass: CommutativeCancellation - 0.12898 (ms)
2026-07-12 03:52:23,211 [INFO] Pass: ContainsInstruction - 0.00572 (ms)
2026-07-12 03:52:23,211 [INFO] Pass: ContractIdleWiresInControlFlow - 0.00238 (ms)
2026-07-12 03:52:23,211 [INFO] Pass: CommutativeCancellation - 0.13447 (ms)
2026-07-12 03:52:23,211 [INFO] Pass: BasisTranslator - 0.06080 (ms)
2026-07-12 03:52:23,211 [INFO] Pass: CommutativeCancellation - 0.13542 (ms)
2026-07-12 03:52:23,211 [INFO] Pass: ContractIdleWiresInControlFlow - 0.00215 (ms)
2026-07-12 03:52:23,211 [INFO] Pass: CommutativeCancellation - 0.12422 (ms)
2026-07-12 03:52:23,211 [INFO] Pass: ElidePermutations - 0.00405 (ms)
2026-07-12 03:52:23,211 [INFO] Pass: Optimize1qGatesDecomposition - 0.14782 (ms)
2026-07-12 03:52:23,211 [INFO] Pass: GatesInBasis - 0.04911 (ms)
2026-07-12 03:52:23,211 [INFO] Total Transpile Time - 89.82706 (ms)
2026-07-12 03:52:23,211 [INFO] Pass: CommutativeCancellation - 0.13757 (ms)
2026-07-12 03:52:23,211 [INFO] Pass: ContractIdleWiresInControlFlow - 0.00215 (ms)
2026-07-12 03:52:23,211 [INFO] Pass: RemoveDiagonalGatesBeforeMeasure - 0.00620 (ms)
2026-07-12 03:52:23,211 [INFO] Pass: ContractIdleWiresInControlFlow - 0.00215 (ms)
2026-07-12 03:52:23,211 [INFO] Pass: RemoveIdentityEquivalent - 0.00834 (ms)
2026-07-12 03:52:23,211 [INFO] Pass: GatesInBasis - 0.04792 (ms)
2026-07-12 03:52:23,211 [INFO] Pass: Depth - 0.03600 (ms)
2026-07-12 03:52:23,211 [INFO] Pass: ConsolidateBlocks - 0.05698 (ms)
2026-07-12 03:52:23,211 [INFO] Pass: GatesInBasis - 0.04840 (ms)
2026-07-12 03:52:23,211 [INFO] Pass: FixedPoint - 0.00381 (ms)
2026-07-12 03:52:23,211 [INFO] Pass: Split2QUnitaries - 0.00262 (ms)
2026-07-12 03:52:23,211 [INFO] Pass: GatesInBasis - 0.04649 (ms)
2026-07-12 03:52:23,211 [INFO] Pass: InverseCancellation - 0.02956 (ms)
2026-07-12 03:52:23,211 [INFO] Pass: Size - 0.00310 (ms)
2026-07-12 03:52:23,211 [INFO] Pass: Depth - 0.03338 (ms)
2026-07-12 03:52:23,211 [INFO] Pass: ContractIdleWiresInControlFlow - 0.00238 (ms)
2026-07-12 03:52:23,211 [INFO] Pass: FixedPoint - 0.00358 (ms)
2026-07-12 03:52:23,211 [INFO] Pass: UnitarySynthesis - 0.00954 (ms)
2026-07-12 03:52:23,211 [INFO] Pass: Depth - 0.03338 (ms)
2026-07-12 03:52:23,211 [INFO] Pass: FixedPoint - 0.00381 (ms)
2026-07-12 03:52:23,211 [INFO] Pass: CommutativeCancellation - 0.12445 (ms)
2026-07-12 03:52:23,211 [INFO] Pass: Depth - 0.03409 (ms)
2026-07-12 03:52:23,211 [INFO] Pass: RemoveIdentityEquivalent - 0.00620 (ms)
2026-07-12 03:52:23,212 [INFO] Pass: Size - 0.00262 (ms)
2026-07-12 03:52:23,212 [INFO] Pass: FixedPoint - 0.00381 (ms)
2026-07-12 03:52:23,212 [INFO] Pass: ContractIdleWiresInControlFlow - 0.00215 (ms)
2026-07-12 03:52:23,212 [INFO] Pass: FixedPoint - 0.00358 (ms)
2026-07-12 03:52:23,212 [INFO] Pass: Size - 0.00286 (ms)
2026-07-12 03:52:23,212 [INFO] Pass: FixedPoint - 0.00358 (ms)
2026-07-12 03:52:23,212 [INFO] Pass: Size - 0.00262 (ms)
2026-07-12 03:52:23,212 [INFO] Pass: FixedPoint - 0.00358 (ms)
2026-07-12 03:52:23,212 [INFO] Pass: HighLevelSynthesis - 0.05865 (ms)
2026-07-12 03:52:23,212 [INFO] Pass: RemoveIdentityEquivalent - 0.00620 (ms)
2026-07-12 03:52:23,212 [INFO] Pass: FixedPoint - 0.00334 (ms)
2026-07-12 03:52:23,212 [INFO] Pass: RemoveIdentityEquivalent - 0.00572 (ms)
2026-07-12 03:52:23,212 [INFO] Pass: GatesInBasis - 0.04578 (ms)
2026-07-12 03:52:23,212 [INFO] Pass: RemoveIdentityEquivalent - 0.00644 (ms)
2026-07-12 03:52:23,212 [INFO] Pass: CommutativeCancellation - 0.11444 (ms)
2026-07-12 03:52:23,212 [INFO] Pass: Depth - 0.03576 (ms)
2026-07-12 03:52:23,212 [INFO] Pass: FixedPoint - 0.00358 (ms)
2026-07-12 03:52:23,212 [INFO] Pass: Optimize1qGatesDecomposition - 0.13924 (ms)
2026-07-12 03:52:23,212 [INFO] Pass: BasisTranslator - 0.09322 (ms)
2026-07-12 03:52:23,212 [INFO] Pass: Size - 0.00262 (ms)
2026-07-12 03:52:23,212 [INFO] Pass: ConsolidateBlocks - 0.05507 (ms)
2026-07-12 03:52:23,212 [INFO] Total Transpile Time - 89.84518 (ms)
2026-07-12 03:52:23,212 [INFO] Pass: FixedPoint - 0.00334 (ms)
2026-07-12 03:52:23,212 [INFO] Pass: Split2QUnitaries - 0.00238 (ms)
2026-07-12 03:52:23,212 [INFO] Pass: Optimize1qGatesDecomposition - 0.13900 (ms)
2026-07-12 03:52:23,212 [INFO] Pass: ContainsInstruction - 0.00548 (ms)
2026-07-12 03:52:23,212 [INFO] Pass: Optimize1qGatesDecomposition - 0.13995 (ms)
2026-07-12 03:52:23,212 [INFO] Pass: UnitarySynthesis - 0.00954 (ms)
2026-07-12 03:52:23,212 [INFO] Pass: ConsolidateBlocks - 0.06533 (ms)
2026-07-12 03:52:23,212 [INFO] Pass: Optimize1qGatesDecomposition - 0.13876 (ms)
2026-07-12 03:52:23,212 [INFO] Pass: UnitarySynthesis - 0.00477 (ms)
2026-07-12 03:52:23,212 [INFO] Pass: CommutativeCancellation - 0.12064 (ms)
2026-07-12 03:52:23,212 [INFO] Pass: HighLevelSynthesis - 0.05817 (ms)
2026-07-12 03:52:23,212 [INFO] Pass: ContractIdleWiresInControlFlow - 0.00215 (ms)
2026-07-12 03:52:23,212 [INFO] Pass: Depth - 0.03457 (ms)
2026-07-12 03:52:23,212 [INFO] Pass: FixedPoint - 0.00429 (ms)
2026-07-12 03:52:23,212 [INFO] Pass: CommutativeCancellation - 0.11969 (ms)
2026-07-12 03:52:23,212 [INFO] Pass: CommutativeCancellation - 0.11873 (ms)
2026-07-12 03:52:23,212 [INFO] Pass: Size - 0.00381 (ms)
2026-07-12 03:52:23,212 [INFO] Pass: ContractIdleWiresInControlFlow - 0.00215 (ms)
2026-07-12 03:52:23,212 [INFO] Pass: GatesInBasis - 0.04745 (ms)
2026-07-12 03:52:23,212 [INFO] Pass: CommutativeCancellation - 0.12064 (ms)
2026-07-12 03:52:23,212 [INFO] Pass: FixedPoint - 0.00310 (ms)
2026-07-12 03:52:23,212 [INFO] Pass: ContractIdleWiresInControlFlow - 0.00215 (ms)
2026-07-12 03:52:23,212 [INFO] Pass: BasisTranslator - 0.09251 (ms)
2026-07-12 03:52:23,212 [INFO] Pass: ContractIdleWiresInControlFlow - 0.00215 (ms)
2026-07-12 03:52:23,212 [INFO] Pass: RemoveIdentityEquivalent - 0.00644 (ms)
2026-07-12 03:52:23,212 [INFO] Pass: Depth - 0.03314 (ms)
2026-07-12 03:52:23,212 [INFO] Pass: GatesInBasis - 0.04578 (ms)
2026-07-12 03:52:23,212 [INFO] Pass: GatesInBasis - 0.04625 (ms)
2026-07-12 03:52:23,212 [INFO] Pass: FixedPoint - 0.00334 (ms)
2026-07-12 03:52:23,212 [INFO] Pass: Size - 0.00262 (ms)
2026-07-12 03:52:23,212 [INFO] Pass: GatesInBasis - 0.04721 (ms)
2026-07-12 03:52:23,212 [INFO] Pass: Depth - 0.03386 (ms)
2026-07-12 03:52:23,212 [INFO] Pass: FixedPoint - 0.00310 (ms)
2026-07-12 03:52:23,212 [INFO] Pass: ConsolidateBlocks - 0.06461 (ms)
2026-07-12 03:52:23,212 [INFO] Pass: Depth - 0.03242 (ms)
2026-07-12 03:52:23,212 [INFO] Pass: FixedPoint - 0.00358 (ms)
2026-07-12 03:52:23,212 [INFO] Pass: ContainsInstruction - 0.00572 (ms)
2026-07-12 03:52:23,212 [INFO] Pass: UnitarySynthesis - 0.00501 (ms)
2026-07-12 03:52:23,212 [INFO] Pass: FixedPoint - 0.00334 (ms)
2026-07-12 03:52:23,212 [INFO] Pass: Depth - 0.03242 (ms)
2026-07-12 03:52:23,212 [INFO] Pass: Size - 0.00262 (ms)
2026-07-12 03:52:23,212 [INFO] Pass: Size - 0.00238 (ms)
2026-07-12 03:52:23,212 [INFO] Pass: FixedPoint - 0.00334 (ms)
2026-07-12 03:52:23,212 [INFO] Pass: FixedPoint - 0.00310 (ms)
2026-07-12 03:52:23,212 [INFO] Pass: FixedPoint - 0.00286 (ms)
2026-07-12 03:52:23,212 [INFO] Pass: Size - 0.00286 (ms)
2026-07-12 03:52:23,212 [INFO] Pass: Depth - 0.03457 (ms)
2026-07-12 03:52:23,212 [INFO] Pass: ContainsInstruction - 0.00572 (ms)
2026-07-12 03:52:23,212 [INFO] Pass: FixedPoint - 0.00334 (ms)
2026-07-12 03:52:23,212 [INFO] Pass: ContainsInstruction - 0.00501 (ms)
2026-07-12 03:52:23,212 [INFO] Pass: Optimize1qGatesDecomposition - 0.16308 (ms)
2026-07-12 03:52:23,212 [INFO] Pass: FixedPoint - 0.00477 (ms)
2026-07-12 03:52:23,212 [INFO] Pass: ContainsInstruction - 0.00548 (ms)
2026-07-12 03:52:23,212 [INFO] Pass: Size - 0.00358 (ms)
2026-07-12 03:52:23,212 [INFO] Total Transpile Time - 90.12675 (ms)
2026-07-12 03:52:23,212 [INFO] Pass: FixedPoint - 0.00262 (ms)
2026-07-12 03:52:23,212 [INFO] Pass: RemoveIdentityEquivalent - 0.00668 (ms)
2026-07-12 03:52:23,212 [INFO] Pass: CommutativeCancellation - 0.13280 (ms)
2026-07-12 03:52:23,212 [INFO] Pass: ContractIdleWiresInControlFlow - 0.00238 (ms)
2026-07-12 03:52:23,212 [INFO] Pass: GatesInBasis - 0.04816 (ms)
2026-07-12 03:52:23,212 [INFO] Pass: Optimize1qGatesDecomposition - 0.16856 (ms)
2026-07-12 03:52:23,212 [INFO] Pass: Depth - 0.03409 (ms)
2026-07-12 03:52:23,213 [INFO] Pass: FixedPoint - 0.00358 (ms)
2026-07-12 03:52:23,213 [INFO] Pass: Size - 0.00262 (ms)
2026-07-12 03:52:23,213 [INFO] Pass: FixedPoint - 0.00381 (ms)
2026-07-12 03:52:23,213 [INFO] Pass: RemoveIdentityEquivalent - 0.00620 (ms)
2026-07-12 03:52:23,213 [INFO] Total Transpile Time - 89.70356 (ms)
2026-07-12 03:52:23,213 [INFO] Pass: CommutativeCancellation - 0.12517 (ms)
2026-07-12 03:52:23,213 [INFO] Pass: ContractIdleWiresInControlFlow - 0.00238 (ms)
2026-07-12 03:52:23,213 [INFO] Total Transpile Time - 90.82294 (ms)
2026-07-12 03:52:23,213 [INFO] Total Transpile Time - 90.95788 (ms)
2026-07-12 03:52:23,213 [INFO] Total Transpile Time - 90.22689 (ms)
2026-07-12 03:52:23,213 [INFO] Pass: GatesInBasis - 0.04864 (ms)
2026-07-12 03:52:23,213 [INFO] Pass: Optimize1qGatesDecomposition - 0.14043 (ms)
2026-07-12 03:52:23,213 [INFO] Pass: Depth - 0.03552 (ms)
2026-07-12 03:52:23,213 [INFO] Pass: FixedPoint - 0.00358 (ms)
2026-07-12 03:52:23,213 [INFO] Pass: Size - 0.00262 (ms)
2026-07-12 03:52:23,213 [INFO] Pass: FixedPoint - 0.00358 (ms)
2026-07-12 03:52:23,213 [INFO] Pass: RemoveIdentityEquivalent - 0.00596 (ms)
2026-07-12 03:52:23,213 [INFO] Pass: CommutativeCancellation - 0.12064 (ms)
2026-07-12 03:52:23,213 [INFO] Pass: ContractIdleWiresInControlFlow - 0.00215 (ms)
2026-07-12 03:52:23,213 [INFO] Pass: GatesInBasis - 0.04697 (ms)
2026-07-12 03:52:23,213 [INFO] Pass: Optimize1qGatesDecomposition - 0.14305 (ms)
2026-07-12 03:52:23,213 [INFO] Pass: Depth - 0.03433 (ms)
2026-07-12 03:52:23,213 [INFO] Pass: FixedPoint - 0.00334 (ms)
2026-07-12 03:52:23,213 [INFO] Pass: Size - 0.00262 (ms)
2026-07-12 03:52:23,213 [INFO] Pass: FixedPoint - 0.00310 (ms)
2026-07-12 03:52:23,213 [INFO] Pass: ContainsInstruction - 0.00548 (ms)
2026-07-12 03:52:23,213 [INFO] Pass: CommutativeCancellation - 0.11730 (ms)
2026-07-12 03:52:23,213 [INFO] Pass: ContractIdleWiresInControlFlow - 0.00167 (ms)
2026-07-12 03:52:23,213 [INFO] Pass: GatesInBasis - 0.05531 (ms)
2026-07-12 03:52:23,213 [INFO] Pass: Depth - 0.03266 (ms)
2026-07-12 03:52:23,213 [INFO] Pass: FixedPoint - 0.00310 (ms)
2026-07-12 03:52:23,213 [INFO] Pass: Size - 0.00262 (ms)
2026-07-12 03:52:23,213 [INFO] Pass: FixedPoint - 0.00286 (ms)
2026-07-12 03:52:23,213 [INFO] Pass: ContainsInstruction - 0.00572 (ms)
2026-07-12 03:52:23,214 [INFO] Total Transpile Time - 90.47461 (ms)
2026-07-12 03:52:23,214 [INFO] Total Transpile Time - 90.81793 (ms)
2026-07-12 03:52:23,231 [INFO] Pass: ContainsInstruction - 0.01192 (ms)
2026-07-12 03:52:23,231 [INFO] Pass: UnitarySynthesis - 0.00834 (ms)
2026-07-12 03:52:23,231 [INFO] Pass: HighLevelSynthesis - 0.00501 (ms)
2026-07-12 03:52:23,231 [INFO] Pass: BasisTranslator - 0.05674 (ms)
2026-07-12 03:52:23,231 [INFO] Pass: ElidePermutations - 0.00572 (ms)
2026-07-12 03:52:23,231 [INFO] Pass: RemoveDiagonalGatesBeforeMeasure - 0.00763 (ms)
2026-07-12 03:52:23,231 [INFO] Pass: RemoveIdentityEquivalent - 0.00906 (ms)
2026-07-12 03:52:23,231 [INFO] Pass: InverseCancellation - 0.03171 (ms)
2026-07-12 03:52:23,231 [INFO] Pass: ContractIdleWiresInControlFlow - 0.00310 (ms)
2026-07-12 03:52:23,232 [INFO] Pass: CommutativeCancellation - 0.11730 (ms)
2026-07-12 03:52:23,232 [INFO] Pass: ConsolidateBlocks - 0.06318 (ms)
2026-07-12 03:52:23,232 [INFO] Pass: Split2QUnitaries - 0.00358 (ms)
2026-07-12 03:52:23,232 [INFO] Pass: UnitarySynthesis - 0.01001 (ms)
2026-07-12 03:52:23,232 [INFO] Pass: HighLevelSynthesis - 0.05937 (ms)
2026-07-12 03:52:23,232 [INFO] Pass: BasisTranslator - 0.09632 (ms)
2026-07-12 03:52:23,232 [INFO] Pass: ConsolidateBlocks - 0.06652 (ms)
2026-07-12 03:52:23,232 [INFO] Pass: UnitarySynthesis - 0.00477 (ms)
2026-07-12 03:52:23,232 [INFO] Pass: Depth - 0.03529 (ms)
2026-07-12 03:52:23,232 [INFO] Pass: FixedPoint - 0.00477 (ms)
2026-07-12 03:52:23,232 [INFO] Pass: Size - 0.00429 (ms)
2026-07-12 03:52:23,232 [INFO] Pass: FixedPoint - 0.00286 (ms)
2026-07-12 03:52:23,232 [INFO] Pass: RemoveIdentityEquivalent - 0.00691 (ms)
2026-07-12 03:52:23,232 [INFO] Pass: Optimize1qGatesDecomposition - 0.17405 (ms)
2026-07-12 03:52:23,233 [INFO] Pass: CommutativeCancellation - 0.12803 (ms)
2026-07-12 03:52:23,233 [INFO] Pass: ContractIdleWiresInControlFlow - 0.00191 (ms)
2026-07-12 03:52:23,233 [INFO] Pass: GatesInBasis - 0.04888 (ms)
2026-07-12 03:52:23,233 [INFO] Pass: Depth - 0.03457 (ms)
2026-07-12 03:52:23,233 [INFO] Pass: FixedPoint - 0.00381 (ms)
2026-07-12 03:52:23,233 [INFO] Pass: Size - 0.00286 (ms)
2026-07-12 03:52:23,233 [INFO] Pass: FixedPoint - 0.00405 (ms)
2026-07-12 03:52:23,233 [INFO] Pass: RemoveIdentityEquivalent - 0.00620 (ms)
2026-07-12 03:52:23,233 [INFO] Pass: Optimize1qGatesDecomposition - 0.13947 (ms)
2026-07-12 03:52:23,233 [INFO] Pass: CommutativeCancellation - 0.11706 (ms)
2026-07-12 03:52:23,233 [INFO] Pass: ContractIdleWiresInControlFlow - 0.00191 (ms)
2026-07-12 03:52:23,233 [INFO] Pass: GatesInBasis - 0.04625 (ms)
2026-07-12 03:52:23,233 [INFO] Pass: Depth - 0.03290 (ms)
2026-07-12 03:52:23,233 [INFO] Pass: FixedPoint - 0.00334 (ms)
2026-07-12 03:52:23,233 [INFO] Pass: Size - 0.00238 (ms)
2026-07-12 03:52:23,233 [INFO] Pass: FixedPoint - 0.00310 (ms)
2026-07-12 03:52:23,233 [INFO] Pass: ContainsInstruction - 0.00548 (ms)
2026-07-12 03:52:23,234 [INFO] Total Transpile Time - 89.86902 (ms)
2026-07-12 03:52:23,518 [INFO] [PCE] Aer metadata (1ª ejecución de este proceso): device=CPU method=statevector shots=exact fusion_enabled=True
2026-07-12 03:52:23,521 [INFO] [PCE] Aer metadata (1ª ejecución de este proceso): device=CPU method=statevector shots=exact fusion_enabled=True
2026-07-12 03:52:23,523 [INFO] [PCE] Aer metadata (1ª ejecución de este proceso): device=CPU method=statevector shots=exact fusion_enabled=True
2026-07-12 03:52:23,525 [INFO] [PCE] Aer metadata (1ª ejecución de este proceso): device=CPU method=statevector shots=exact fusion_enabled=True
2026-07-12 03:52:23,527 [INFO] [PCE] Aer metadata (1ª ejecución de este proceso): device=CPU method=statevector shots=exact fusion_enabled=True
2026-07-12 03:52:23,529 [INFO] [PCE] Aer metadata (1ª ejecución de este proceso): device=CPU method=statevector shots=exact fusion_enabled=True
2026-07-12 03:52:23,532 [INFO] [PCE] Aer metadata (1ª ejecución de este proceso): device=CPU method=statevector shots=exact fusion_enabled=True
2026-07-12 03:52:23,534 [INFO] [PCE] Aer metadata (1ª ejecución de este proceso): device=CPU method=statevector shots=exact fusion_enabled=True
2026-07-12 03:52:23,536 [INFO] [PCE] Aer metadata (1ª ejecución de este proceso): device=CPU method=statevector shots=exact fusion_enabled=True
2026-07-12 03:52:23,539 [INFO] [PCE] Aer metadata (1ª ejecución de este proceso): device=CPU method=statevector shots=exact fusion_enabled=True
2026-07-12 03:52:23,543 [INFO] [PCE] Aer metadata (1ª ejecución de este proceso): device=CPU method=statevector shots=exact fusion_enabled=True
2026-07-12 03:52:23,546 [INFO] [PCE] Aer metadata (1ª ejecución de este proceso): device=CPU method=statevector shots=exact fusion_enabled=True
2026-07-12 08:48:23,715 [INFO] [PCE] n=300 instancia (idx=6) 1/12 completada (paralelo) — transcurrido=0:04:56:01
2026-07-12 08:48:44,096 [INFO] [PCE] n=300 instancia (idx=94) 2/12 completada (paralelo) — transcurrido=0:04:56:21
2026-07-12 08:48:45,126 [INFO] [PCE] n=300 instancia (idx=38) 3/12 completada (paralelo) — transcurrido=0:04:56:22
2026-07-12 08:49:00,159 [INFO] [PCE] n=300 instancia (idx=70) 4/12 completada (paralelo) — transcurrido=0:04:56:37
2026-07-12 08:49:03,665 [INFO] [PCE] n=300 instancia (idx=54) 5/12 completada (paralelo) — transcurrido=0:04:56:41
2026-07-12 08:49:07,850 [INFO] [PCE] n=300 instancia (idx=30) 6/12 completada (paralelo) — transcurrido=0:04:56:45
2026-07-12 08:49:25,399 [INFO] [PCE] n=300 instancia (idx=22) 7/12 completada (paralelo) — transcurrido=0:04:57:03
2026-07-12 08:49:26,094 [INFO] [PCE] n=300 instancia (idx=14) 8/12 completada (paralelo) — transcurrido=0:04:57:03
2026-07-12 08:49:29,560 [INFO] [PCE] n=300 instancia (idx=78) 9/12 completada (paralelo) — transcurrido=0:04:57:07
2026-07-12 08:49:30,779 [INFO] [PCE] n=300 instancia (idx=46) 10/12 completada (paralelo) — transcurrido=0:04:57:08
2026-07-12 08:49:36,672 [INFO] [PCE] n=300 instancia (idx=62) 11/12 completada (paralelo) — transcurrido=0:04:57:14
2026-07-12 08:50:14,203 [INFO] [PCE] n=300 instancia (idx=86) 12/12 completada (paralelo) — transcurrido=0:04:57:51
2026-07-12 08:50:14,300 [INFO] [PCE] n=300 chunk 7/8 completado — beta_parcial=0.6663 duration=0:04:57:52 shots=exact backend=AER
