slurmstepd: info: Setting TMPDIR to /scratch/513776. Previous errors about TMPDIR can be discarded
==============================
RUN_ID: 20260712-014124
Array ID: 1  (entrada: 250:1:7)
num_nodes: 250   chunk: 2/7
num_instances (total del n): 100
num_workers: 16
optimizer: DIFFERENTIALEVOLUTION   maxiter: 25   k: 3
backend: AER   shots: 0
==============================

==============================
num_nodes     = 250
num_instances = 100 (total del n)
chunk         = 2/7
num_workers   = 16
k             = 3
optimizer     = DIFFERENTIALEVOLUTION
maxiter       = 25
backend       = AER
outdir        = Resultados/PCE/20260712-014124/chunks
==============================

(num_workers ajustado de 16 a 15: este chunk solo tiene 15 instancias)

✔ n=250 chunk 2/7 (15 instancias) beta_parcial=0.7585 ± 0.0167
✔ Resultado del chunk guardado en: Resultados/PCE/20260712-014124/chunks/n_250_chunk_1_of_7.h5
  (recuerda: esto es PARCIAL — hace falta merge_chunks_qscore_PCE.py para combinar todos los chunks de este n antes de agregar)
Fecha fin: Sun Jul 12 03:58:55 CEST 2026

*****************************************************************************
*                                                                           *
*                    JOB EFFICIENCY REPORT (seff 513776)                   *
*                                                                           *
*****************************************************************************

Job ID: 513776
Array Job ID: 513774_1
Cluster: qmio
User/Group: tec_app6/cesga
State: COMPLETED (exit code 0)
Nodes: 1
Cores per node: 32
CPU Utilized: 2-17:15:26
CPU Efficiency: 89.12% of 3-01:13:36 core-walltime
Job Wall-clock time: 02:17:18
Memory Utilized: 11.46 GB
Memory Efficiency: 71.62% of 16.00 GB

*****************************************************************************

