qmio/hpc unloaded
gcccore/12.3.0 unloaded
binutils/2.40 unloaded
gcc/12.3.0 unloaded
sqlite/3.45.3 unloaded
libffi/3.4.4 unloaded
python/3.11.9 unloaded
rust/1.88.0 unloaded
imkl/2023.2.0 unloaded
ninja/1.9.0 unloaded
meson/1.5.2-python-3.11.9 unloaded
meson-python/0.16.0-python-3.11.9 unloaded
cython/3.0.9-python-3.11.9 unloaded
numpy/1.26.4-python-3.11.9 unloaded
pythran/0.15.0-python-3.11.9 unloaded
pybind11/2.13.6-python-3.11.9 unloaded
xsimd/12.1.1 unloaded
scipy/1.13.0-python-3.11.9 unloaded
llvm/16.0.0 unloaded
gmp/6.3.0 unloaded
mpfr/4.2.1 unloaded
mpc/1.3.1 unloaded
flint/3.1.2 unloaded
symengine/0.11.2 unloaded
symengine-python/0.11.0-python-3.11.9 unloaded
spdlog/1.9.2 unloaded
pylatexenc/2.10-python-3.11.9 unloaded
libgd/2.3.3 unloaded
nasm/2.16.03 unloaded
libjpeg-turbo/3.0.2 unloaded
matplotlib/3.6.3-python-3.11.9 unloaded
pandas/2.2.2-python-3.11.9 unloaded
seaborn/0.12.2-python-3.11.9 unloaded
qiskit/2.2.3-python-3.11.9 unloaded
qmio-run/0.5.1-python-3.11.9 unloaded
qmio-tools/0.2.1-python-3.11.9 unloaded
        Preparing the environment for use of the sistema software stack.
        Please rebuild modules cache: module --ignore-cache avail
     
qmio/hpc loaded
gcccore/12.3.0 loaded
binutils/2.40 loaded
gcc/12.3.0 loaded
sqlite/3.45.3 loaded
libffi/3.4.4 loaded
python/3.11.9 loaded
rust/1.88.0 loaded

imkl/2023.2.0 loaded
ninja/1.9.0 loaded
meson/1.5.2-python-3.11.9 loaded
meson-python/0.16.0-python-3.11.9 loaded
cython/3.0.9-python-3.11.9 loaded
numpy/1.26.4-python-3.11.9 loaded
pythran/0.15.0-python-3.11.9 loaded
pybind11/2.13.6-python-3.11.9 loaded
xsimd/12.1.1 loaded
scipy/1.13.0-python-3.11.9 loaded
llvm/16.0.0 loaded
gmp/6.3.0 loaded
mpfr/4.2.1 loaded
mpc/1.3.1 loaded
flint/3.1.2 loaded
symengine/0.11.2 loaded
symengine-python/0.11.0-python-3.11.9 loaded
spdlog/1.9.2 loaded
pylatexenc/2.10-python-3.11.9 loaded
libgd/2.3.3 loaded
nasm/2.16.03 loaded
libjpeg-turbo/3.0.2 loaded
matplotlib/3.6.3-python-3.11.9 loaded
pandas/2.2.2-python-3.11.9 loaded
seaborn/0.12.2-python-3.11.9 loaded
qiskit/2.2.3-python-3.11.9 loaded
qmio-run/0.5.1-python-3.11.9 loaded
qmio-tools/0.2.1-python-3.11.9 loaded
gcc/12.3.0 unloaded
rust/1.88.0 unloaded
pythran/0.15.0-python-3.11.9 unloaded
scipy/1.13.0-python-3.11.9 unloaded
qiskit/2.2.3-python-3.11.9 unloaded
qmio-run/0.5.1-python-3.11.9 unloaded
qmio-tools/0.2.1-python-3.11.9 unloaded
gcc/12.3.0 loaded
rust/1.88.0 loaded
pythran/0.15.0-python-3.11.9 loaded
scipy/1.13.0-python-3.11.9 loaded
qiskit/2.2.3-python-3.11.9 loaded
qmio-run/0.5.1-python-3.11.9 loaded
qmio-tools/0.2.1-python-3.11.9 loaded
qiskit/2.2.3-python-3.11.9 unloaded
qiskit/2.2.3-python-3.11.9 loaded
qmio-tools/0.2.1-python-3.11.9 unloaded
qmio-tools/0.2.1-python-3.11.9 loaded
2026-07-12 03:51:43,745 [INFO] [PCE] n=300 chunk 6/8: 12 instancias [5, 13, 21, 29, 37, 45, 53, 61, 69, 77, 85, 93], num_workers=12, qubits=10
2026-07-12 03:51:43,745 [INFO] [PCE] n=300 paralelizando 12 instancias entre 12 workers (2 hilos/worker, 32 hilos totales disponibles)
2026-07-12 03:51:44,024 [INFO] Pass: ContainsInstruction - 0.01740 (ms)
2026-07-12 03:51:44,024 [INFO] Pass: UnitarySynthesis - 0.01121 (ms)
2026-07-12 03:51:44,024 [INFO] Pass: ContainsInstruction - 0.01860 (ms)
2026-07-12 03:51:44,024 [INFO] Pass: HighLevelSynthesis - 0.01574 (ms)
2026-07-12 03:51:44,024 [INFO] Pass: UnitarySynthesis - 0.01073 (ms)
2026-07-12 03:51:44,024 [INFO] Pass: ContainsInstruction - 0.01574 (ms)
2026-07-12 03:51:44,024 [INFO] Pass: ContainsInstruction - 0.01597 (ms)
2026-07-12 03:51:44,024 [INFO] Pass: HighLevelSynthesis - 0.01359 (ms)
2026-07-12 03:51:44,024 [INFO] Pass: BasisTranslator - 0.08464 (ms)
2026-07-12 03:51:44,024 [INFO] Pass: UnitarySynthesis - 0.01144 (ms)
2026-07-12 03:51:44,024 [INFO] Pass: ElidePermutations - 0.00596 (ms)
2026-07-12 03:51:44,024 [INFO] Pass: UnitarySynthesis - 0.01097 (ms)
2026-07-12 03:51:44,024 [INFO] Pass: HighLevelSynthesis - 0.01335 (ms)
2026-07-12 03:51:44,024 [INFO] Pass: HighLevelSynthesis - 0.01264 (ms)
2026-07-12 03:51:44,024 [INFO] Pass: RemoveDiagonalGatesBeforeMeasure - 0.01431 (ms)
2026-07-12 03:51:44,024 [INFO] Pass: BasisTranslator - 0.07677 (ms)
2026-07-12 03:51:44,024 [INFO] Pass: ElidePermutations - 0.00525 (ms)
2026-07-12 03:51:44,024 [INFO] Pass: RemoveIdentityEquivalent - 0.01359 (ms)
2026-07-12 03:51:44,024 [INFO] Pass: InverseCancellation - 0.00834 (ms)
2026-07-12 03:51:44,024 [INFO] Pass: BasisTranslator - 0.07391 (ms)
2026-07-12 03:51:44,024 [INFO] Pass: BasisTranslator - 0.07439 (ms)
2026-07-12 03:51:44,024 [INFO] Pass: ContractIdleWiresInControlFlow - 0.00238 (ms)
2026-07-12 03:51:44,024 [INFO] Pass: RemoveDiagonalGatesBeforeMeasure - 0.01311 (ms)
2026-07-12 03:51:44,024 [INFO] Pass: ElidePermutations - 0.00477 (ms)
2026-07-12 03:51:44,024 [INFO] Pass: ElidePermutations - 0.00501 (ms)
2026-07-12 03:51:44,024 [INFO] Pass: RemoveIdentityEquivalent - 0.01526 (ms)
2026-07-12 03:51:44,024 [INFO] Pass: ContainsInstruction - 0.01526 (ms)
2026-07-12 03:51:44,024 [INFO] Pass: ContainsInstruction - 0.01526 (ms)
2026-07-12 03:51:44,024 [INFO] Pass: RemoveDiagonalGatesBeforeMeasure - 0.01240 (ms)
2026-07-12 03:51:44,024 [INFO] Pass: InverseCancellation - 0.00763 (ms)
2026-07-12 03:51:44,024 [INFO] Pass: ContainsInstruction - 0.01574 (ms)
2026-07-12 03:51:44,024 [INFO] Pass: RemoveDiagonalGatesBeforeMeasure - 0.01240 (ms)
2026-07-12 03:51:44,024 [INFO] Pass: ContractIdleWiresInControlFlow - 0.00238 (ms)
2026-07-12 03:51:44,024 [INFO] Pass: RemoveIdentityEquivalent - 0.01407 (ms)
2026-07-12 03:51:44,024 [INFO] Pass: UnitarySynthesis - 0.01097 (ms)
2026-07-12 03:51:44,024 [INFO] Pass: CommutativeCancellation - 0.11873 (ms)
2026-07-12 03:51:44,024 [INFO] Pass: RemoveIdentityEquivalent - 0.01359 (ms)
2026-07-12 03:51:44,024 [INFO] Pass: UnitarySynthesis - 0.01049 (ms)
2026-07-12 03:51:44,024 [INFO] Pass: InverseCancellation - 0.00763 (ms)
2026-07-12 03:51:44,024 [INFO] Pass: UnitarySynthesis - 0.01121 (ms)
2026-07-12 03:51:44,024 [INFO] Pass: InverseCancellation - 0.00715 (ms)
2026-07-12 03:51:44,024 [INFO] Pass: ContractIdleWiresInControlFlow - 0.00238 (ms)
2026-07-12 03:51:44,024 [INFO] Pass: HighLevelSynthesis - 0.01335 (ms)
2026-07-12 03:51:44,024 [INFO] Pass: ContractIdleWiresInControlFlow - 0.00238 (ms)
2026-07-12 03:51:44,024 [INFO] Pass: HighLevelSynthesis - 0.01431 (ms)
2026-07-12 03:51:44,024 [INFO] Pass: HighLevelSynthesis - 0.01359 (ms)
2026-07-12 03:51:44,024 [INFO] Pass: ConsolidateBlocks - 0.07772 (ms)
2026-07-12 03:51:44,024 [INFO] Pass: CommutativeCancellation - 0.11420 (ms)
2026-07-12 03:51:44,024 [INFO] Pass: Split2QUnitaries - 0.00739 (ms)
2026-07-12 03:51:44,024 [INFO] Pass: UnitarySynthesis - 0.00572 (ms)
2026-07-12 03:51:44,025 [INFO] Pass: CommutativeCancellation - 0.11468 (ms)
2026-07-12 03:51:44,025 [INFO] Pass: BasisTranslator - 0.08893 (ms)
2026-07-12 03:51:44,025 [INFO] Pass: BasisTranslator - 0.07534 (ms)
2026-07-12 03:51:44,025 [INFO] Pass: CommutativeCancellation - 0.11539 (ms)
2026-07-12 03:51:44,025 [INFO] Pass: ConsolidateBlocks - 0.07033 (ms)
2026-07-12 03:51:44,025 [INFO] Pass: ElidePermutations - 0.00620 (ms)
2026-07-12 03:51:44,025 [INFO] Pass: ElidePermutations - 0.00596 (ms)
2026-07-12 03:51:44,025 [INFO] Pass: HighLevelSynthesis - 0.05674 (ms)
2026-07-12 03:51:44,025 [INFO] Pass: Split2QUnitaries - 0.00644 (ms)
2026-07-12 03:51:44,025 [INFO] Pass: UnitarySynthesis - 0.00620 (ms)
2026-07-12 03:51:44,025 [INFO] Pass: ConsolidateBlocks - 0.07153 (ms)
2026-07-12 03:51:44,025 [INFO] Pass: ContainsInstruction - 0.01574 (ms)
2026-07-12 03:51:44,025 [INFO] Pass: ConsolidateBlocks - 0.06962 (ms)
2026-07-12 03:51:44,025 [INFO] Pass: RemoveDiagonalGatesBeforeMeasure - 0.01264 (ms)
2026-07-12 03:51:44,025 [INFO] Pass: RemoveDiagonalGatesBeforeMeasure - 0.01287 (ms)
2026-07-12 03:51:44,025 [INFO] Pass: Split2QUnitaries - 0.00620 (ms)
2026-07-12 03:51:44,025 [INFO] Pass: Split2QUnitaries - 0.00596 (ms)
2026-07-12 03:51:44,025 [INFO] Pass: HighLevelSynthesis - 0.05794 (ms)
2026-07-12 03:51:44,025 [INFO] Pass: UnitarySynthesis - 0.00572 (ms)
2026-07-12 03:51:44,025 [INFO] Pass: BasisTranslator - 0.09346 (ms)
2026-07-12 03:51:44,025 [INFO] Pass: RemoveIdentityEquivalent - 0.01383 (ms)
2026-07-12 03:51:44,025 [INFO] Pass: BasisTranslator - 0.17977 (ms)
2026-07-12 03:51:44,025 [INFO] Pass: UnitarySynthesis - 0.00572 (ms)
2026-07-12 03:51:44,025 [INFO] Pass: RemoveIdentityEquivalent - 0.01431 (ms)
2026-07-12 03:51:44,025 [INFO] Pass: ContainsInstruction - 0.02646 (ms)
2026-07-12 03:51:44,025 [INFO] Pass: UnitarySynthesis - 0.01121 (ms)
2026-07-12 03:51:44,025 [INFO] Pass: InverseCancellation - 0.00787 (ms)
2026-07-12 03:51:44,025 [INFO] Pass: InverseCancellation - 0.00715 (ms)
2026-07-12 03:51:44,025 [INFO] Pass: HighLevelSynthesis - 0.05579 (ms)
2026-07-12 03:51:44,025 [INFO] Pass: ContractIdleWiresInControlFlow - 0.00238 (ms)
2026-07-12 03:51:44,025 [INFO] Pass: ContractIdleWiresInControlFlow - 0.00238 (ms)
2026-07-12 03:51:44,025 [INFO] Pass: HighLevelSynthesis - 0.01335 (ms)
2026-07-12 03:51:44,025 [INFO] Pass: ElidePermutations - 0.01240 (ms)
2026-07-12 03:51:44,025 [INFO] Pass: ConsolidateBlocks - 0.06723 (ms)
2026-07-12 03:51:44,025 [INFO] Pass: HighLevelSynthesis - 0.05603 (ms)
2026-07-12 03:51:44,025 [INFO] Pass: BasisTranslator - 0.09251 (ms)
2026-07-12 03:51:44,025 [INFO] Pass: UnitarySynthesis - 0.01645 (ms)
2026-07-12 03:51:44,025 [INFO] Pass: UnitarySynthesis - 0.00525 (ms)
2026-07-12 03:51:44,025 [INFO] Pass: BasisTranslator - 0.09108 (ms)
2026-07-12 03:51:44,025 [INFO] Pass: HighLevelSynthesis - 0.01836 (ms)
2026-07-12 03:51:44,025 [INFO] Pass: RemoveDiagonalGatesBeforeMeasure - 0.02170 (ms)
2026-07-12 03:51:44,025 [INFO] Pass: Depth - 0.03529 (ms)
2026-07-12 03:51:44,025 [INFO] Pass: ConsolidateBlocks - 0.06461 (ms)
2026-07-12 03:51:44,025 [INFO] Pass: BasisTranslator - 0.07963 (ms)
2026-07-12 03:51:44,025 [INFO] Pass: BasisTranslator - 0.09227 (ms)
2026-07-12 03:51:44,025 [INFO] Pass: CommutativeCancellation - 0.11754 (ms)
2026-07-12 03:51:44,025 [INFO] Pass: FixedPoint - 0.01001 (ms)
2026-07-12 03:51:44,025 [INFO] Pass: CommutativeCancellation - 0.11444 (ms)
2026-07-12 03:51:44,025 [INFO] Pass: UnitarySynthesis - 0.00477 (ms)
2026-07-12 03:51:44,025 [INFO] Pass: ElidePermutations - 0.00525 (ms)
2026-07-12 03:51:44,025 [INFO] Pass: Size - 0.00405 (ms)
2026-07-12 03:51:44,025 [INFO] Pass: RemoveIdentityEquivalent - 0.01955 (ms)
2026-07-12 03:51:44,025 [INFO] Pass: ConsolidateBlocks - 0.06413 (ms)
2026-07-12 03:51:44,025 [INFO] Pass: FixedPoint - 0.00286 (ms)
2026-07-12 03:51:44,025 [INFO] Pass: Depth - 0.03433 (ms)
2026-07-12 03:51:44,025 [INFO] Pass: InverseCancellation - 0.01073 (ms)
2026-07-12 03:51:44,025 [INFO] Pass: ConsolidateBlocks - 0.06342 (ms)
2026-07-12 03:51:44,025 [INFO] Pass: UnitarySynthesis - 0.00501 (ms)
2026-07-12 03:51:44,025 [INFO] Pass: RemoveIdentityEquivalent - 0.00453 (ms)
2026-07-12 03:51:44,025 [INFO] Pass: FixedPoint - 0.00858 (ms)
2026-07-12 03:51:44,025 [INFO] Pass: RemoveDiagonalGatesBeforeMeasure - 0.01431 (ms)
2026-07-12 03:51:44,025 [INFO] Pass: ConsolidateBlocks - 0.06866 (ms)
2026-07-12 03:51:44,025 [INFO] Pass: ConsolidateBlocks - 0.06652 (ms)
2026-07-12 03:51:44,025 [INFO] Pass: ContractIdleWiresInControlFlow - 0.00334 (ms)
2026-07-12 03:51:44,025 [INFO] Pass: BasisTranslator - 0.09775 (ms)
2026-07-12 03:51:44,025 [INFO] Pass: UnitarySynthesis - 0.00501 (ms)
2026-07-12 03:51:44,025 [INFO] Pass: Size - 0.00358 (ms)
2026-07-12 03:51:44,025 [INFO] Pass: Split2QUnitaries - 0.00620 (ms)
2026-07-12 03:51:44,025 [INFO] Pass: Split2QUnitaries - 0.00596 (ms)
2026-07-12 03:51:44,025 [INFO] Pass: Depth - 0.03409 (ms)
2026-07-12 03:51:44,025 [INFO] Pass: FixedPoint - 0.00334 (ms)
2026-07-12 03:51:44,025 [INFO] Pass: RemoveIdentityEquivalent - 0.01216 (ms)
2026-07-12 03:51:44,025 [INFO] Pass: ElidePermutations - 0.00644 (ms)
2026-07-12 03:51:44,025 [INFO] Pass: UnitarySynthesis - 0.00572 (ms)
2026-07-12 03:51:44,025 [INFO] Pass: UnitarySynthesis - 0.00525 (ms)
2026-07-12 03:51:44,025 [INFO] Pass: Optimize1qGatesDecomposition - 0.04959 (ms)
2026-07-12 03:51:44,025 [INFO] Pass: Depth - 0.03338 (ms)
2026-07-12 03:51:44,025 [INFO] Pass: FixedPoint - 0.00954 (ms)
2026-07-12 03:51:44,025 [INFO] Pass: RemoveIdentityEquivalent - 0.00429 (ms)
2026-07-12 03:51:44,025 [INFO] Pass: InverseCancellation - 0.00763 (ms)
2026-07-12 03:51:44,025 [INFO] Pass: Size - 0.00381 (ms)
2026-07-12 03:51:44,025 [INFO] Pass: FixedPoint - 0.00882 (ms)
2026-07-12 03:51:44,025 [INFO] Pass: ContractIdleWiresInControlFlow - 0.00262 (ms)
2026-07-12 03:51:44,025 [INFO] Pass: FixedPoint - 0.00358 (ms)
2026-07-12 03:51:44,025 [INFO] Pass: RemoveDiagonalGatesBeforeMeasure - 0.01693 (ms)
2026-07-12 03:51:44,025 [INFO] Pass: Size - 0.00381 (ms)
2026-07-12 03:51:44,025 [INFO] Pass: HighLevelSynthesis - 0.06413 (ms)
2026-07-12 03:51:44,025 [INFO] Pass: HighLevelSynthesis - 0.06342 (ms)
2026-07-12 03:51:44,025 [INFO] Pass: Optimize1qGatesDecomposition - 0.05412 (ms)
2026-07-12 03:51:44,025 [INFO] Pass: FixedPoint - 0.00358 (ms)
2026-07-12 03:51:44,025 [INFO] Pass: RemoveIdentityEquivalent - 0.00429 (ms)
2026-07-12 03:51:44,025 [INFO] Pass: CommutativeCancellation - 0.14472 (ms)
2026-07-12 03:51:44,025 [INFO] Pass: RemoveIdentityEquivalent - 0.01550 (ms)
2026-07-12 03:51:44,025 [INFO] Pass: RemoveIdentityEquivalent - 0.00405 (ms)
2026-07-12 03:51:44,025 [INFO] Pass: CommutativeCancellation - 0.13661 (ms)
2026-07-12 03:51:44,025 [INFO] Pass: InverseCancellation - 0.00906 (ms)
2026-07-12 03:51:44,025 [INFO] Pass: Optimize1qGatesDecomposition - 0.04721 (ms)
2026-07-12 03:51:44,025 [INFO] Pass: ContractIdleWiresInControlFlow - 0.00191 (ms)
2026-07-12 03:51:44,025 [INFO] Pass: ContractIdleWiresInControlFlow - 0.00286 (ms)
2026-07-12 03:51:44,025 [INFO] Pass: BasisTranslator - 0.09346 (ms)
2026-07-12 03:51:44,025 [INFO] Pass: Optimize1qGatesDecomposition - 0.04601 (ms)
2026-07-12 03:51:44,025 [INFO] Pass: CommutativeCancellation - 0.11134 (ms)
2026-07-12 03:51:44,025 [INFO] Pass: BasisTranslator - 0.09084 (ms)
2026-07-12 03:51:44,025 [INFO] Pass: ConsolidateBlocks - 0.08297 (ms)
2026-07-12 03:51:44,025 [INFO] Pass: CommutativeCancellation - 0.12875 (ms)
2026-07-12 03:51:44,025 [INFO] Pass: GatesInBasis - 0.04911 (ms)
2026-07-12 03:51:44,025 [INFO] Pass: Split2QUnitaries - 0.00906 (ms)
2026-07-12 03:51:44,025 [INFO] Pass: ContractIdleWiresInControlFlow - 0.00215 (ms)
2026-07-12 03:51:44,025 [INFO] Pass: ConsolidateBlocks - 0.06485 (ms)
2026-07-12 03:51:44,025 [INFO] Pass: ConsolidateBlocks - 0.06533 (ms)
2026-07-12 03:51:44,025 [INFO] Pass: UnitarySynthesis - 0.00858 (ms)
2026-07-12 03:51:44,025 [INFO] Pass: ConsolidateBlocks - 0.06890 (ms)
2026-07-12 03:51:44,025 [INFO] Pass: Depth - 0.03290 (ms)
2026-07-12 03:51:44,025 [INFO] Pass: UnitarySynthesis - 0.00525 (ms)
2026-07-12 03:51:44,025 [INFO] Pass: UnitarySynthesis - 0.00477 (ms)
2026-07-12 03:51:44,025 [INFO] Pass: Split2QUnitaries - 0.00596 (ms)
2026-07-12 03:51:44,025 [INFO] Pass: CommutativeCancellation - 0.13018 (ms)
2026-07-12 03:51:44,025 [INFO] Pass: FixedPoint - 0.00405 (ms)
2026-07-12 03:51:44,025 [INFO] Pass: CommutativeCancellation - 0.12016 (ms)
2026-07-12 03:51:44,025 [INFO] Pass: GatesInBasis - 0.04911 (ms)
2026-07-12 03:51:44,025 [INFO] Pass: CommutativeCancellation - 0.12946 (ms)
2026-07-12 03:51:44,025 [INFO] Pass: Size - 0.00238 (ms)
2026-07-12 03:51:44,025 [INFO] Pass: ContractIdleWiresInControlFlow - 0.00238 (ms)
2026-07-12 03:51:44,025 [INFO] Pass: UnitarySynthesis - 0.00572 (ms)
2026-07-12 03:51:44,025 [INFO] Pass: Depth - 0.03457 (ms)
2026-07-12 03:51:44,025 [INFO] Pass: HighLevelSynthesis - 0.06199 (ms)
2026-07-12 03:51:44,025 [INFO] Pass: Depth - 0.03362 (ms)
2026-07-12 03:51:44,025 [INFO] Pass: FixedPoint - 0.00358 (ms)
2026-07-12 03:51:44,025 [INFO] Pass: ContractIdleWiresInControlFlow - 0.00215 (ms)
2026-07-12 03:51:44,026 [INFO] Pass: FixedPoint - 0.01001 (ms)
2026-07-12 03:51:44,026 [INFO] Pass: Depth - 0.03409 (ms)
2026-07-12 03:51:44,026 [INFO] Pass: ContainsInstruction - 0.00644 (ms)
2026-07-12 03:51:44,026 [INFO] Pass: FixedPoint - 0.00930 (ms)
2026-07-12 03:51:44,026 [INFO] Pass: GatesInBasis - 0.04888 (ms)
2026-07-12 03:51:44,026 [INFO] Pass: Size - 0.00381 (ms)
2026-07-12 03:51:44,026 [INFO] Pass: FixedPoint - 0.00405 (ms)
2026-07-12 03:51:44,026 [INFO] Pass: HighLevelSynthesis - 0.05651 (ms)
2026-07-12 03:51:44,026 [INFO] Pass: Size - 0.00405 (ms)
2026-07-12 03:51:44,026 [INFO] Pass: ConsolidateBlocks - 0.07915 (ms)
2026-07-12 03:51:44,026 [INFO] Pass: GatesInBasis - 0.04888 (ms)
2026-07-12 03:51:44,026 [INFO] Pass: Size - 0.00262 (ms)
2026-07-12 03:51:44,026 [INFO] Pass: FixedPoint - 0.00310 (ms)
2026-07-12 03:51:44,026 [INFO] Pass: FixedPoint - 0.00358 (ms)
2026-07-12 03:51:44,026 [INFO] Pass: FixedPoint - 0.00310 (ms)
2026-07-12 03:51:44,026 [INFO] Pass: Split2QUnitaries - 0.00739 (ms)
2026-07-12 03:51:44,026 [INFO] Pass: RemoveIdentityEquivalent - 0.00405 (ms)
2026-07-12 03:51:44,026 [INFO] Pass: Depth - 0.03457 (ms)
2026-07-12 03:51:44,026 [INFO] Pass: RemoveIdentityEquivalent - 0.00453 (ms)
2026-07-12 03:51:44,026 [INFO] Pass: BasisTranslator - 0.10109 (ms)
2026-07-12 03:51:44,026 [INFO] Pass: ContainsInstruction - 0.00644 (ms)
2026-07-12 03:51:44,026 [INFO] Pass: UnitarySynthesis - 0.00620 (ms)
2026-07-12 03:51:44,026 [INFO] Pass: Depth - 0.03386 (ms)
2026-07-12 03:51:44,026 [INFO] Pass: FixedPoint - 0.00429 (ms)
2026-07-12 03:51:44,026 [INFO] Pass: Size - 0.00215 (ms)
2026-07-12 03:51:44,026 [INFO] Pass: FixedPoint - 0.00453 (ms)
2026-07-12 03:51:44,026 [INFO] Pass: BasisTranslator - 0.09298 (ms)
2026-07-12 03:51:44,026 [INFO] Pass: FixedPoint - 0.00334 (ms)
2026-07-12 03:51:44,026 [INFO] Pass: Size - 0.00238 (ms)
2026-07-12 03:51:44,026 [INFO] Pass: Optimize1qGatesDecomposition - 0.04649 (ms)
2026-07-12 03:51:44,026 [INFO] Pass: Optimize1qGatesDecomposition - 0.04697 (ms)
2026-07-12 03:51:44,026 [INFO] Pass: FixedPoint - 0.00286 (ms)
2026-07-12 03:51:44,026 [INFO] Pass: ContainsInstruction - 0.00620 (ms)
2026-07-12 03:51:44,026 [INFO] Pass: HighLevelSynthesis - 0.05722 (ms)
2026-07-12 03:51:44,026 [INFO] Pass: ConsolidateBlocks - 0.07272 (ms)
2026-07-12 03:51:44,026 [INFO] Pass: ContainsInstruction - 0.00668 (ms)
2026-07-12 03:51:44,026 [INFO] Pass: UnitarySynthesis - 0.00525 (ms)
2026-07-12 03:51:44,026 [INFO] Pass: ConsolidateBlocks - 0.06628 (ms)
2026-07-12 03:51:44,026 [INFO] Pass: UnitarySynthesis - 0.00477 (ms)
2026-07-12 03:51:44,026 [INFO] Pass: Depth - 0.03600 (ms)
2026-07-12 03:51:44,026 [INFO] Pass: BasisTranslator - 0.09465 (ms)
2026-07-12 03:51:44,026 [INFO] Pass: CommutativeCancellation - 0.13018 (ms)
2026-07-12 03:51:44,026 [INFO] Pass: CommutativeCancellation - 0.13089 (ms)
2026-07-12 03:51:44,026 [INFO] Pass: FixedPoint - 0.01168 (ms)
2026-07-12 03:51:44,026 [INFO] Pass: Depth - 0.03457 (ms)
2026-07-12 03:51:44,026 [INFO] Pass: ContractIdleWiresInControlFlow - 0.00238 (ms)
2026-07-12 03:51:44,026 [INFO] Pass: ContractIdleWiresInControlFlow - 0.00215 (ms)
2026-07-12 03:51:44,026 [INFO] Pass: Size - 0.00596 (ms)
2026-07-12 03:51:44,026 [INFO] Pass: FixedPoint - 0.00954 (ms)
2026-07-12 03:51:44,026 [INFO] Pass: FixedPoint - 0.00358 (ms)
2026-07-12 03:51:44,026 [INFO] Pass: Size - 0.00453 (ms)
2026-07-12 03:51:44,026 [INFO] Pass: ConsolidateBlocks - 0.06676 (ms)
2026-07-12 03:51:44,026 [INFO] Pass: FixedPoint - 0.00334 (ms)
2026-07-12 03:51:44,026 [INFO] Pass: GatesInBasis - 0.04864 (ms)
2026-07-12 03:51:44,026 [INFO] Pass: RemoveIdentityEquivalent - 0.00501 (ms)
2026-07-12 03:51:44,026 [INFO] Pass: GatesInBasis - 0.04792 (ms)
2026-07-12 03:51:44,026 [INFO] Pass: UnitarySynthesis - 0.00501 (ms)
2026-07-12 03:51:44,026 [INFO] Pass: RemoveIdentityEquivalent - 0.00429 (ms)
2026-07-12 03:51:44,026 [INFO] Pass: Depth - 0.03457 (ms)
2026-07-12 03:51:44,026 [INFO] Pass: Depth - 0.03242 (ms)
2026-07-12 03:51:44,026 [INFO] Pass: Depth - 0.03576 (ms)
2026-07-12 03:51:44,026 [INFO] Pass: FixedPoint - 0.00429 (ms)
2026-07-12 03:51:44,026 [INFO] Pass: Optimize1qGatesDecomposition - 0.05221 (ms)
2026-07-12 03:51:44,026 [INFO] Pass: FixedPoint - 0.00405 (ms)
2026-07-12 03:51:44,026 [INFO] Pass: Size - 0.00215 (ms)
2026-07-12 03:51:44,026 [INFO] Pass: Optimize1qGatesDecomposition - 0.04649 (ms)
2026-07-12 03:51:44,026 [INFO] Pass: Size - 0.00238 (ms)
2026-07-12 03:51:44,026 [INFO] Pass: FixedPoint - 0.01407 (ms)
2026-07-12 03:51:44,026 [INFO] Total Transpile Time - 121.05441 (ms)
2026-07-12 03:51:44,026 [INFO] Pass: FixedPoint - 0.00334 (ms)
2026-07-12 03:51:44,026 [INFO] Pass: FixedPoint - 0.00310 (ms)
2026-07-12 03:51:44,026 [INFO] Pass: Size - 0.00477 (ms)
2026-07-12 03:51:44,026 [INFO] Pass: ContainsInstruction - 0.00668 (ms)
2026-07-12 03:51:44,026 [INFO] Pass: ContainsInstruction - 0.00596 (ms)
2026-07-12 03:51:44,026 [INFO] Pass: FixedPoint - 0.00334 (ms)
2026-07-12 03:51:44,026 [INFO] Pass: RemoveIdentityEquivalent - 0.00429 (ms)
2026-07-12 03:51:44,026 [INFO] Total Transpile Time - 121.24419 (ms)
2026-07-12 03:51:44,026 [INFO] Pass: CommutativeCancellation - 0.14234 (ms)
2026-07-12 03:51:44,026 [INFO] Pass: CommutativeCancellation - 0.13471 (ms)
2026-07-12 03:51:44,026 [INFO] Pass: ContractIdleWiresInControlFlow - 0.00238 (ms)
2026-07-12 03:51:44,026 [INFO] Pass: Optimize1qGatesDecomposition - 0.04983 (ms)
2026-07-12 03:51:44,026 [INFO] Pass: ContractIdleWiresInControlFlow - 0.00191 (ms)
2026-07-12 03:51:44,026 [INFO] Total Transpile Time - 121.41275 (ms)
2026-07-12 03:51:44,026 [INFO] Total Transpile Time - 121.24014 (ms)
2026-07-12 03:51:44,026 [INFO] Pass: GatesInBasis - 0.05221 (ms)
2026-07-12 03:51:44,026 [INFO] Pass: GatesInBasis - 0.04816 (ms)
2026-07-12 03:51:44,026 [INFO] Pass: Depth - 0.03242 (ms)
2026-07-12 03:51:44,026 [INFO] Pass: Depth - 0.03195 (ms)
2026-07-12 03:51:44,026 [INFO] Pass: FixedPoint - 0.00405 (ms)
2026-07-12 03:51:44,026 [INFO] Pass: CommutativeCancellation - 0.13137 (ms)
2026-07-12 03:51:44,026 [INFO] Pass: FixedPoint - 0.00405 (ms)
2026-07-12 03:51:44,026 [INFO] Pass: Size - 0.00215 (ms)
2026-07-12 03:51:44,026 [INFO] Pass: ContractIdleWiresInControlFlow - 0.00215 (ms)
2026-07-12 03:51:44,026 [INFO] Pass: Size - 0.00215 (ms)
2026-07-12 03:51:44,026 [INFO] Pass: FixedPoint - 0.00310 (ms)
2026-07-12 03:51:44,026 [INFO] Pass: FixedPoint - 0.00310 (ms)
2026-07-12 03:51:44,026 [INFO] Pass: ContainsInstruction - 0.00739 (ms)
2026-07-12 03:51:44,026 [INFO] Pass: ContainsInstruction - 0.00644 (ms)
2026-07-12 03:51:44,026 [INFO] Pass: GatesInBasis - 0.05007 (ms)
2026-07-12 03:51:44,027 [INFO] Pass: Depth - 0.03219 (ms)
2026-07-12 03:51:44,027 [INFO] Pass: FixedPoint - 0.00381 (ms)
2026-07-12 03:51:44,027 [INFO] Pass: Size - 0.00262 (ms)
2026-07-12 03:51:44,027 [INFO] Pass: FixedPoint - 0.00310 (ms)
2026-07-12 03:51:44,027 [INFO] Pass: ContainsInstruction - 0.00668 (ms)
2026-07-12 03:51:44,027 [INFO] Total Transpile Time - 121.23656 (ms)
2026-07-12 03:51:44,027 [INFO] Total Transpile Time - 121.83928 (ms)
2026-07-12 03:51:44,027 [INFO] Total Transpile Time - 121.95349 (ms)
2026-07-12 03:51:44,027 [INFO] Total Transpile Time - 121.90700 (ms)
2026-07-12 03:51:44,027 [INFO] Pass: ContainsInstruction - 0.01597 (ms)
2026-07-12 03:51:44,027 [INFO] Pass: UnitarySynthesis - 0.01168 (ms)
2026-07-12 03:51:44,027 [INFO] Total Transpile Time - 122.31493 (ms)
2026-07-12 03:51:44,027 [INFO] Pass: HighLevelSynthesis - 0.01478 (ms)
2026-07-12 03:51:44,027 [INFO] Pass: BasisTranslator - 0.07820 (ms)
2026-07-12 03:51:44,028 [INFO] Pass: ElidePermutations - 0.00501 (ms)
2026-07-12 03:51:44,028 [INFO] Pass: RemoveDiagonalGatesBeforeMeasure - 0.01335 (ms)
2026-07-12 03:51:44,028 [INFO] Pass: RemoveIdentityEquivalent - 0.01359 (ms)
2026-07-12 03:51:44,028 [INFO] Pass: InverseCancellation - 0.00691 (ms)
2026-07-12 03:51:44,028 [INFO] Pass: ContractIdleWiresInControlFlow - 0.00238 (ms)
2026-07-12 03:51:44,028 [INFO] Pass: CommutativeCancellation - 0.11134 (ms)
2026-07-12 03:51:44,028 [INFO] Pass: ConsolidateBlocks - 0.06509 (ms)
2026-07-12 03:51:44,028 [INFO] Pass: Split2QUnitaries - 0.00715 (ms)
2026-07-12 03:51:44,028 [INFO] Pass: UnitarySynthesis - 0.00596 (ms)
2026-07-12 03:51:44,028 [INFO] Pass: HighLevelSynthesis - 0.05674 (ms)
2026-07-12 03:51:44,028 [INFO] Pass: BasisTranslator - 0.09632 (ms)
2026-07-12 03:51:44,028 [INFO] Pass: ConsolidateBlocks - 0.06270 (ms)
2026-07-12 03:51:44,028 [INFO] Pass: UnitarySynthesis - 0.00477 (ms)
2026-07-12 03:51:44,028 [INFO] Pass: Depth - 0.03409 (ms)
2026-07-12 03:51:44,028 [INFO] Pass: FixedPoint - 0.00858 (ms)
2026-07-12 03:51:44,028 [INFO] Pass: Size - 0.00429 (ms)
2026-07-12 03:51:44,028 [INFO] Pass: FixedPoint - 0.00310 (ms)
2026-07-12 03:51:44,029 [INFO] Pass: RemoveIdentityEquivalent - 0.00453 (ms)
2026-07-12 03:51:44,029 [INFO] Pass: Optimize1qGatesDecomposition - 0.04768 (ms)
2026-07-12 03:51:44,029 [INFO] Pass: CommutativeCancellation - 0.12898 (ms)
2026-07-12 03:51:44,029 [INFO] Pass: ContractIdleWiresInControlFlow - 0.00215 (ms)
2026-07-12 03:51:44,029 [INFO] Pass: GatesInBasis - 0.05102 (ms)
2026-07-12 03:51:44,029 [INFO] Pass: Depth - 0.03266 (ms)
2026-07-12 03:51:44,029 [INFO] Pass: FixedPoint - 0.00453 (ms)
2026-07-12 03:51:44,029 [INFO] Pass: Size - 0.00215 (ms)
2026-07-12 03:51:44,029 [INFO] Pass: FixedPoint - 0.00334 (ms)
2026-07-12 03:51:44,029 [INFO] Pass: ContainsInstruction - 0.00620 (ms)
2026-07-12 03:51:44,030 [INFO] Total Transpile Time - 124.62521 (ms)
2026-07-12 03:51:44,031 [INFO] Pass: ContainsInstruction - 0.01478 (ms)
2026-07-12 03:51:44,031 [INFO] Pass: UnitarySynthesis - 0.01049 (ms)
2026-07-12 03:51:44,031 [INFO] Pass: HighLevelSynthesis - 0.01287 (ms)
2026-07-12 03:51:44,031 [INFO] Pass: BasisTranslator - 0.07391 (ms)
2026-07-12 03:51:44,031 [INFO] Pass: ElidePermutations - 0.00620 (ms)
2026-07-12 03:51:44,031 [INFO] Pass: RemoveDiagonalGatesBeforeMeasure - 0.01335 (ms)
2026-07-12 03:51:44,031 [INFO] Pass: RemoveIdentityEquivalent - 0.01264 (ms)
2026-07-12 03:51:44,031 [INFO] Pass: InverseCancellation - 0.00787 (ms)
2026-07-12 03:51:44,031 [INFO] Pass: ContractIdleWiresInControlFlow - 0.00286 (ms)
2026-07-12 03:51:44,031 [INFO] Pass: CommutativeCancellation - 0.11373 (ms)
2026-07-12 03:51:44,031 [INFO] Pass: ConsolidateBlocks - 0.06557 (ms)
2026-07-12 03:51:44,031 [INFO] Pass: Split2QUnitaries - 0.00596 (ms)
2026-07-12 03:51:44,032 [INFO] Pass: UnitarySynthesis - 0.00596 (ms)
2026-07-12 03:51:44,032 [INFO] Pass: HighLevelSynthesis - 0.05627 (ms)
2026-07-12 03:51:44,032 [INFO] Pass: BasisTranslator - 0.09370 (ms)
2026-07-12 03:51:44,032 [INFO] Pass: ConsolidateBlocks - 0.06366 (ms)
2026-07-12 03:51:44,032 [INFO] Pass: UnitarySynthesis - 0.00501 (ms)
2026-07-12 03:51:44,032 [INFO] Pass: Depth - 0.03386 (ms)
2026-07-12 03:51:44,032 [INFO] Pass: FixedPoint - 0.00882 (ms)
2026-07-12 03:51:44,032 [INFO] Pass: Size - 0.00381 (ms)
2026-07-12 03:51:44,032 [INFO] Pass: FixedPoint - 0.00334 (ms)
2026-07-12 03:51:44,032 [INFO] Pass: RemoveIdentityEquivalent - 0.00405 (ms)
2026-07-12 03:51:44,032 [INFO] Pass: Optimize1qGatesDecomposition - 0.04506 (ms)
2026-07-12 03:51:44,032 [INFO] Pass: CommutativeCancellation - 0.13733 (ms)
2026-07-12 03:51:44,032 [INFO] Pass: ContractIdleWiresInControlFlow - 0.00215 (ms)
2026-07-12 03:51:44,032 [INFO] Pass: GatesInBasis - 0.04888 (ms)
2026-07-12 03:51:44,032 [INFO] Pass: Depth - 0.03147 (ms)
2026-07-12 03:51:44,032 [INFO] Pass: FixedPoint - 0.00429 (ms)
2026-07-12 03:51:44,032 [INFO] Pass: Size - 0.00238 (ms)
2026-07-12 03:51:44,032 [INFO] Pass: FixedPoint - 0.00334 (ms)
2026-07-12 03:51:44,033 [INFO] Pass: ContainsInstruction - 0.00644 (ms)
2026-07-12 03:51:44,033 [INFO] Total Transpile Time - 128.05915 (ms)
2026-07-12 03:51:44,042 [INFO] Pass: ContainsInstruction - 0.01645 (ms)
2026-07-12 03:51:44,043 [INFO] Pass: UnitarySynthesis - 0.01097 (ms)
2026-07-12 03:51:44,043 [INFO] Pass: HighLevelSynthesis - 0.01359 (ms)
2026-07-12 03:51:44,043 [INFO] Pass: BasisTranslator - 0.07582 (ms)
2026-07-12 03:51:44,043 [INFO] Pass: ElidePermutations - 0.00501 (ms)
2026-07-12 03:51:44,043 [INFO] Pass: RemoveDiagonalGatesBeforeMeasure - 0.01168 (ms)
2026-07-12 03:51:44,043 [INFO] Pass: RemoveIdentityEquivalent - 0.01240 (ms)
2026-07-12 03:51:44,043 [INFO] Pass: InverseCancellation - 0.00739 (ms)
2026-07-12 03:51:44,043 [INFO] Pass: ContractIdleWiresInControlFlow - 0.00215 (ms)
2026-07-12 03:51:44,043 [INFO] Pass: CommutativeCancellation - 0.11206 (ms)
2026-07-12 03:51:44,043 [INFO] Pass: ConsolidateBlocks - 0.07510 (ms)
2026-07-12 03:51:44,043 [INFO] Pass: Split2QUnitaries - 0.00596 (ms)
2026-07-12 03:51:44,043 [INFO] Pass: UnitarySynthesis - 0.00596 (ms)
2026-07-12 03:51:44,043 [INFO] Pass: HighLevelSynthesis - 0.05651 (ms)
2026-07-12 03:51:44,043 [INFO] Pass: BasisTranslator - 0.09418 (ms)
2026-07-12 03:51:44,044 [INFO] Pass: ConsolidateBlocks - 0.06509 (ms)
2026-07-12 03:51:44,044 [INFO] Pass: UnitarySynthesis - 0.00501 (ms)
2026-07-12 03:51:44,044 [INFO] Pass: Depth - 0.03457 (ms)
2026-07-12 03:51:44,044 [INFO] Pass: FixedPoint - 0.00882 (ms)
2026-07-12 03:51:44,044 [INFO] Pass: Size - 0.00405 (ms)
2026-07-12 03:51:44,044 [INFO] Pass: FixedPoint - 0.00334 (ms)
2026-07-12 03:51:44,044 [INFO] Pass: RemoveIdentityEquivalent - 0.00405 (ms)
2026-07-12 03:51:44,044 [INFO] Pass: Optimize1qGatesDecomposition - 0.04649 (ms)
2026-07-12 03:51:44,044 [INFO] Pass: CommutativeCancellation - 0.12803 (ms)
2026-07-12 03:51:44,044 [INFO] Pass: ContractIdleWiresInControlFlow - 0.00238 (ms)
2026-07-12 03:51:44,044 [INFO] Pass: GatesInBasis - 0.04745 (ms)
2026-07-12 03:51:44,044 [INFO] Pass: Depth - 0.04148 (ms)
2026-07-12 03:51:44,044 [INFO] Pass: FixedPoint - 0.00429 (ms)
2026-07-12 03:51:44,044 [INFO] Pass: Size - 0.00286 (ms)
2026-07-12 03:51:44,044 [INFO] Pass: FixedPoint - 0.00334 (ms)
2026-07-12 03:51:44,044 [INFO] Pass: ContainsInstruction - 0.00596 (ms)
2026-07-12 03:51:44,045 [INFO] Total Transpile Time - 139.82916 (ms)
2026-07-12 03:51:44,115 [INFO] Pass: ContainsInstruction - 0.01097 (ms)
2026-07-12 03:51:44,115 [INFO] Pass: ContainsInstruction - 0.01144 (ms)
2026-07-12 03:51:44,115 [INFO] Pass: UnitarySynthesis - 0.00644 (ms)
2026-07-12 03:51:44,115 [INFO] Pass: UnitarySynthesis - 0.00691 (ms)
2026-07-12 03:51:44,115 [INFO] Pass: ContainsInstruction - 0.01097 (ms)
2026-07-12 03:51:44,115 [INFO] Pass: ContainsInstruction - 0.01073 (ms)
2026-07-12 03:51:44,115 [INFO] Pass: HighLevelSynthesis - 0.00501 (ms)
2026-07-12 03:51:44,115 [INFO] Pass: HighLevelSynthesis - 0.00525 (ms)
2026-07-12 03:51:44,115 [INFO] Pass: UnitarySynthesis - 0.00644 (ms)
2026-07-12 03:51:44,115 [INFO] Pass: UnitarySynthesis - 0.00620 (ms)
2026-07-12 03:51:44,115 [INFO] Pass: HighLevelSynthesis - 0.00477 (ms)
2026-07-12 03:51:44,115 [INFO] Pass: HighLevelSynthesis - 0.00429 (ms)
2026-07-12 03:51:44,115 [INFO] Pass: BasisTranslator - 0.05174 (ms)
2026-07-12 03:51:44,115 [INFO] Pass: BasisTranslator - 0.05102 (ms)
2026-07-12 03:51:44,116 [INFO] Pass: ElidePermutations - 0.00405 (ms)
2026-07-12 03:51:44,116 [INFO] Pass: ElidePermutations - 0.00405 (ms)
2026-07-12 03:51:44,116 [INFO] Pass: RemoveDiagonalGatesBeforeMeasure - 0.00620 (ms)
2026-07-12 03:51:44,116 [INFO] Pass: BasisTranslator - 0.05054 (ms)
2026-07-12 03:51:44,116 [INFO] Pass: RemoveDiagonalGatesBeforeMeasure - 0.00668 (ms)
2026-07-12 03:51:44,116 [INFO] Pass: BasisTranslator - 0.05102 (ms)
2026-07-12 03:51:44,116 [INFO] Pass: RemoveIdentityEquivalent - 0.00691 (ms)
2026-07-12 03:51:44,116 [INFO] Pass: ElidePermutations - 0.00429 (ms)
2026-07-12 03:51:44,116 [INFO] Pass: RemoveIdentityEquivalent - 0.00763 (ms)
2026-07-12 03:51:44,116 [INFO] Pass: ElidePermutations - 0.00381 (ms)
2026-07-12 03:51:44,116 [INFO] Pass: ContainsInstruction - 0.01073 (ms)
2026-07-12 03:51:44,116 [INFO] Pass: RemoveDiagonalGatesBeforeMeasure - 0.00644 (ms)
2026-07-12 03:51:44,116 [INFO] Pass: RemoveDiagonalGatesBeforeMeasure - 0.00739 (ms)
2026-07-12 03:51:44,116 [INFO] Pass: InverseCancellation - 0.02933 (ms)
2026-07-12 03:51:44,116 [INFO] Pass: InverseCancellation - 0.03004 (ms)
2026-07-12 03:51:44,116 [INFO] Pass: RemoveIdentityEquivalent - 0.00668 (ms)
2026-07-12 03:51:44,116 [INFO] Pass: RemoveIdentityEquivalent - 0.00691 (ms)
2026-07-12 03:51:44,116 [INFO] Pass: ContractIdleWiresInControlFlow - 0.00238 (ms)
2026-07-12 03:51:44,116 [INFO] Pass: UnitarySynthesis - 0.00644 (ms)
2026-07-12 03:51:44,116 [INFO] Pass: ContractIdleWiresInControlFlow - 0.00215 (ms)
2026-07-12 03:51:44,116 [INFO] Pass: HighLevelSynthesis - 0.00453 (ms)
2026-07-12 03:51:44,116 [INFO] Pass: InverseCancellation - 0.03147 (ms)
2026-07-12 03:51:44,116 [INFO] Pass: InverseCancellation - 0.02980 (ms)
2026-07-12 03:51:44,116 [INFO] Pass: ContractIdleWiresInControlFlow - 0.00215 (ms)
2026-07-12 03:51:44,116 [INFO] Pass: ContractIdleWiresInControlFlow - 0.00191 (ms)
2026-07-12 03:51:44,116 [INFO] Pass: BasisTranslator - 0.05102 (ms)
2026-07-12 03:51:44,116 [INFO] Pass: CommutativeCancellation - 0.11253 (ms)
2026-07-12 03:51:44,116 [INFO] Pass: ElidePermutations - 0.00453 (ms)
2026-07-12 03:51:44,116 [INFO] Pass: CommutativeCancellation - 0.11420 (ms)
2026-07-12 03:51:44,116 [INFO] Pass: RemoveDiagonalGatesBeforeMeasure - 0.00691 (ms)
2026-07-12 03:51:44,116 [INFO] Pass: CommutativeCancellation - 0.11086 (ms)
2026-07-12 03:51:44,116 [INFO] Pass: RemoveIdentityEquivalent - 0.00668 (ms)
2026-07-12 03:51:44,116 [INFO] Pass: CommutativeCancellation - 0.11301 (ms)
2026-07-12 03:51:44,116 [INFO] Pass: ConsolidateBlocks - 0.05317 (ms)
2026-07-12 03:51:44,116 [INFO] Pass: ConsolidateBlocks - 0.05364 (ms)
2026-07-12 03:51:44,116 [INFO] Pass: Split2QUnitaries - 0.00238 (ms)
2026-07-12 03:51:44,116 [INFO] Pass: Split2QUnitaries - 0.00238 (ms)
2026-07-12 03:51:44,116 [INFO] Pass: InverseCancellation - 0.02980 (ms)
2026-07-12 03:51:44,116 [INFO] Pass: UnitarySynthesis - 0.00501 (ms)
2026-07-12 03:51:44,116 [INFO] Pass: UnitarySynthesis - 0.00525 (ms)
2026-07-12 03:51:44,116 [INFO] Pass: ContractIdleWiresInControlFlow - 0.00238 (ms)
2026-07-12 03:51:44,116 [INFO] Pass: ConsolidateBlocks - 0.05436 (ms)
2026-07-12 03:51:44,116 [INFO] Pass: ConsolidateBlocks - 0.05364 (ms)
2026-07-12 03:51:44,116 [INFO] Pass: Split2QUnitaries - 0.00262 (ms)
2026-07-12 03:51:44,116 [INFO] Pass: Split2QUnitaries - 0.00286 (ms)
2026-07-12 03:51:44,116 [INFO] Pass: UnitarySynthesis - 0.00525 (ms)
2026-07-12 03:51:44,116 [INFO] Pass: UnitarySynthesis - 0.00525 (ms)
2026-07-12 03:51:44,116 [INFO] Pass: HighLevelSynthesis - 0.05651 (ms)
2026-07-12 03:51:44,116 [INFO] Pass: HighLevelSynthesis - 0.05746 (ms)
2026-07-12 03:51:44,116 [INFO] Pass: HighLevelSynthesis - 0.05627 (ms)
2026-07-12 03:51:44,116 [INFO] Pass: CommutativeCancellation - 0.11277 (ms)
2026-07-12 03:51:44,116 [INFO] Pass: HighLevelSynthesis - 0.05674 (ms)
2026-07-12 03:51:44,116 [INFO] Pass: BasisTranslator - 0.09108 (ms)
2026-07-12 03:51:44,116 [INFO] Pass: BasisTranslator - 0.09012 (ms)
2026-07-12 03:51:44,116 [INFO] Pass: ConsolidateBlocks - 0.06104 (ms)
2026-07-12 03:51:44,116 [INFO] Pass: BasisTranslator - 0.09918 (ms)
2026-07-12 03:51:44,116 [INFO] Pass: Split2QUnitaries - 0.00310 (ms)
2026-07-12 03:51:44,116 [INFO] Pass: BasisTranslator - 0.09966 (ms)
2026-07-12 03:51:44,116 [INFO] Pass: ConsolidateBlocks - 0.07033 (ms)
2026-07-12 03:51:44,116 [INFO] Pass: ConsolidateBlocks - 0.06461 (ms)
2026-07-12 03:51:44,116 [INFO] Pass: UnitarySynthesis - 0.00572 (ms)
2026-07-12 03:51:44,116 [INFO] Pass: UnitarySynthesis - 0.00453 (ms)
2026-07-12 03:51:44,116 [INFO] Pass: UnitarySynthesis - 0.00501 (ms)
2026-07-12 03:51:44,116 [INFO] Pass: ConsolidateBlocks - 0.06437 (ms)
2026-07-12 03:51:44,116 [INFO] Pass: ConsolidateBlocks - 0.06509 (ms)
2026-07-12 03:51:44,116 [INFO] Pass: Depth - 0.03433 (ms)
2026-07-12 03:51:44,116 [INFO] Pass: HighLevelSynthesis - 0.05674 (ms)
2026-07-12 03:51:44,116 [INFO] Pass: Depth - 0.03433 (ms)
2026-07-12 03:51:44,116 [INFO] Pass: UnitarySynthesis - 0.00477 (ms)
2026-07-12 03:51:44,116 [INFO] Pass: UnitarySynthesis - 0.00477 (ms)
2026-07-12 03:51:44,116 [INFO] Pass: FixedPoint - 0.00453 (ms)
2026-07-12 03:51:44,116 [INFO] Pass: FixedPoint - 0.00501 (ms)
2026-07-12 03:51:44,116 [INFO] Pass: Size - 0.00334 (ms)
2026-07-12 03:51:44,116 [INFO] Pass: Size - 0.00358 (ms)
2026-07-12 03:51:44,116 [INFO] Pass: Depth - 0.03433 (ms)
2026-07-12 03:51:44,116 [INFO] Pass: FixedPoint - 0.00310 (ms)
2026-07-12 03:51:44,116 [INFO] Pass: Depth - 0.03338 (ms)
2026-07-12 03:51:44,116 [INFO] Pass: FixedPoint - 0.00334 (ms)
2026-07-12 03:51:44,116 [INFO] Pass: FixedPoint - 0.00429 (ms)
2026-07-12 03:51:44,116 [INFO] Pass: RemoveIdentityEquivalent - 0.00525 (ms)
2026-07-12 03:51:44,116 [INFO] Pass: FixedPoint - 0.00477 (ms)
2026-07-12 03:51:44,116 [INFO] Pass: RemoveIdentityEquivalent - 0.00525 (ms)
2026-07-12 03:51:44,116 [INFO] Pass: Size - 0.00310 (ms)
2026-07-12 03:51:44,116 [INFO] Pass: BasisTranslator - 0.09108 (ms)
2026-07-12 03:51:44,116 [INFO] Pass: Size - 0.00310 (ms)
2026-07-12 03:51:44,116 [INFO] Pass: FixedPoint - 0.00286 (ms)
2026-07-12 03:51:44,116 [INFO] Pass: FixedPoint - 0.00334 (ms)
2026-07-12 03:51:44,117 [INFO] Pass: RemoveIdentityEquivalent - 0.00572 (ms)
2026-07-12 03:51:44,117 [INFO] Pass: RemoveIdentityEquivalent - 0.00548 (ms)
2026-07-12 03:51:44,117 [INFO] Pass: ConsolidateBlocks - 0.06437 (ms)
2026-07-12 03:51:44,117 [INFO] Pass: UnitarySynthesis - 0.00477 (ms)
2026-07-12 03:51:44,117 [INFO] Pass: Optimize1qGatesDecomposition - 0.15926 (ms)
2026-07-12 03:51:44,117 [INFO] Pass: Optimize1qGatesDecomposition - 0.15330 (ms)
2026-07-12 03:51:44,117 [INFO] Pass: Depth - 0.03409 (ms)
2026-07-12 03:51:44,117 [INFO] Pass: FixedPoint - 0.00477 (ms)
2026-07-12 03:51:44,117 [INFO] Pass: Size - 0.00334 (ms)
2026-07-12 03:51:44,117 [INFO] Pass: Optimize1qGatesDecomposition - 0.15426 (ms)
2026-07-12 03:51:44,117 [INFO] Pass: Optimize1qGatesDecomposition - 0.15187 (ms)
2026-07-12 03:51:44,117 [INFO] Pass: FixedPoint - 0.00310 (ms)
2026-07-12 03:51:44,117 [INFO] Pass: RemoveIdentityEquivalent - 0.00548 (ms)
2026-07-12 03:51:44,117 [INFO] Pass: ContainsInstruction - 0.01097 (ms)
2026-07-12 03:51:44,117 [INFO] Pass: UnitarySynthesis - 0.00644 (ms)
2026-07-12 03:51:44,117 [INFO] Pass: CommutativeCancellation - 0.13065 (ms)
2026-07-12 03:51:44,117 [INFO] Pass: CommutativeCancellation - 0.13423 (ms)
2026-07-12 03:51:44,117 [INFO] Pass: ContractIdleWiresInControlFlow - 0.00191 (ms)
2026-07-12 03:51:44,117 [INFO] Pass: HighLevelSynthesis - 0.00453 (ms)
2026-07-12 03:51:44,117 [INFO] Pass: ContractIdleWiresInControlFlow - 0.00215 (ms)
2026-07-12 03:51:44,117 [INFO] Pass: CommutativeCancellation - 0.12970 (ms)
2026-07-12 03:51:44,117 [INFO] Pass: CommutativeCancellation - 0.13161 (ms)
2026-07-12 03:51:44,117 [INFO] Pass: GatesInBasis - 0.04792 (ms)
2026-07-12 03:51:44,117 [INFO] Pass: ContractIdleWiresInControlFlow - 0.00238 (ms)
2026-07-12 03:51:44,117 [INFO] Pass: ContractIdleWiresInControlFlow - 0.00215 (ms)
2026-07-12 03:51:44,117 [INFO] Pass: GatesInBasis - 0.04816 (ms)
2026-07-12 03:51:44,117 [INFO] Pass: BasisTranslator - 0.05245 (ms)
2026-07-12 03:51:44,117 [INFO] Pass: Optimize1qGatesDecomposition - 0.15116 (ms)
2026-07-12 03:51:44,117 [INFO] Pass: ElidePermutations - 0.00405 (ms)
2026-07-12 03:51:44,117 [INFO] Pass: Depth - 0.03338 (ms)
2026-07-12 03:51:44,117 [INFO] Pass: Depth - 0.03433 (ms)
2026-07-12 03:51:44,117 [INFO] Pass: RemoveDiagonalGatesBeforeMeasure - 0.00668 (ms)
2026-07-12 03:51:44,117 [INFO] Pass: GatesInBasis - 0.04816 (ms)
2026-07-12 03:51:44,117 [INFO] Pass: GatesInBasis - 0.04768 (ms)
2026-07-12 03:51:44,117 [INFO] Pass: FixedPoint - 0.00381 (ms)
2026-07-12 03:51:44,117 [INFO] Pass: ContainsInstruction - 0.01049 (ms)
2026-07-12 03:51:44,117 [INFO] Pass: FixedPoint - 0.00429 (ms)
2026-07-12 03:51:44,117 [INFO] Pass: RemoveIdentityEquivalent - 0.00668 (ms)
2026-07-12 03:51:44,117 [INFO] Pass: Size - 0.00238 (ms)
2026-07-12 03:51:44,117 [INFO] Pass: ContainsInstruction - 0.01192 (ms)
2026-07-12 03:51:44,117 [INFO] Pass: Size - 0.00238 (ms)
2026-07-12 03:51:44,117 [INFO] Pass: Depth - 0.03123 (ms)
2026-07-12 03:51:44,117 [INFO] Pass: Depth - 0.03219 (ms)
2026-07-12 03:51:44,117 [INFO] Pass: UnitarySynthesis - 0.00644 (ms)
2026-07-12 03:51:44,117 [INFO] Pass: FixedPoint - 0.01049 (ms)
2026-07-12 03:51:44,117 [INFO] Pass: FixedPoint - 0.00954 (ms)
2026-07-12 03:51:44,117 [INFO] Pass: InverseCancellation - 0.02909 (ms)
2026-07-12 03:51:44,117 [INFO] Pass: FixedPoint - 0.00429 (ms)
2026-07-12 03:51:44,117 [INFO] Pass: FixedPoint - 0.00405 (ms)
2026-07-12 03:51:44,117 [INFO] Pass: UnitarySynthesis - 0.00715 (ms)
2026-07-12 03:51:44,117 [INFO] Pass: HighLevelSynthesis - 0.00477 (ms)
2026-07-12 03:51:44,117 [INFO] Pass: ContainsInstruction - 0.00548 (ms)
2026-07-12 03:51:44,117 [INFO] Pass: Size - 0.00262 (ms)
2026-07-12 03:51:44,117 [INFO] Pass: ContractIdleWiresInControlFlow - 0.00191 (ms)
2026-07-12 03:51:44,117 [INFO] Pass: Size - 0.00262 (ms)
2026-07-12 03:51:44,117 [INFO] Pass: ContainsInstruction - 0.00572 (ms)
2026-07-12 03:51:44,117 [INFO] Pass: CommutativeCancellation - 0.13232 (ms)
2026-07-12 03:51:44,117 [INFO] Pass: HighLevelSynthesis - 0.00501 (ms)
2026-07-12 03:51:44,117 [INFO] Pass: FixedPoint - 0.00954 (ms)
2026-07-12 03:51:44,117 [INFO] Pass: FixedPoint - 0.01001 (ms)
2026-07-12 03:51:44,117 [INFO] Pass: ContractIdleWiresInControlFlow - 0.00191 (ms)
2026-07-12 03:51:44,117 [INFO] Pass: ContainsInstruction - 0.00572 (ms)
2026-07-12 03:51:44,117 [INFO] Pass: ContainsInstruction - 0.00525 (ms)
2026-07-12 03:51:44,117 [INFO] Pass: BasisTranslator - 0.05269 (ms)
2026-07-12 03:51:44,117 [INFO] Pass: ElidePermutations - 0.00429 (ms)
2026-07-12 03:51:44,117 [INFO] Pass: BasisTranslator - 0.06056 (ms)
2026-07-12 03:51:44,117 [INFO] Pass: GatesInBasis - 0.05579 (ms)
2026-07-12 03:51:44,117 [INFO] Pass: RemoveDiagonalGatesBeforeMeasure - 0.00668 (ms)
2026-07-12 03:51:44,117 [INFO] Pass: ElidePermutations - 0.00429 (ms)
2026-07-12 03:51:44,117 [INFO] Pass: CommutativeCancellation - 0.12136 (ms)
2026-07-12 03:51:44,117 [INFO] Pass: RemoveIdentityEquivalent - 0.00763 (ms)
2026-07-12 03:51:44,117 [INFO] Pass: RemoveDiagonalGatesBeforeMeasure - 0.00620 (ms)
2026-07-12 03:51:44,117 [INFO] Pass: Depth - 0.03386 (ms)
2026-07-12 03:51:44,117 [INFO] Pass: FixedPoint - 0.00405 (ms)
2026-07-12 03:51:44,117 [INFO] Pass: RemoveIdentityEquivalent - 0.00691 (ms)
2026-07-12 03:51:44,117 [INFO] Pass: InverseCancellation - 0.03004 (ms)
2026-07-12 03:51:44,117 [INFO] Pass: Size - 0.00262 (ms)
2026-07-12 03:51:44,117 [INFO] Pass: ConsolidateBlocks - 0.05507 (ms)
2026-07-12 03:51:44,117 [INFO] Pass: ContractIdleWiresInControlFlow - 0.00191 (ms)
2026-07-12 03:51:44,117 [INFO] Pass: FixedPoint - 0.00978 (ms)
2026-07-12 03:51:44,117 [INFO] Pass: Split2QUnitaries - 0.00286 (ms)
2026-07-12 03:51:44,117 [INFO] Pass: InverseCancellation - 0.03171 (ms)
2026-07-12 03:51:44,117 [INFO] Pass: ContractIdleWiresInControlFlow - 0.00262 (ms)
2026-07-12 03:51:44,117 [INFO] Pass: UnitarySynthesis - 0.00477 (ms)
2026-07-12 03:51:44,117 [INFO] Pass: ContainsInstruction - 0.00548 (ms)
2026-07-12 03:51:44,117 [INFO] Pass: HighLevelSynthesis - 0.05746 (ms)
2026-07-12 03:51:44,117 [INFO] Pass: CommutativeCancellation - 0.11492 (ms)
2026-07-12 03:51:44,117 [INFO] Pass: ContainsInstruction - 0.01097 (ms)
2026-07-12 03:51:44,117 [INFO] Pass: CommutativeCancellation - 0.11420 (ms)
2026-07-12 03:51:44,118 [INFO] Pass: UnitarySynthesis - 0.00691 (ms)
2026-07-12 03:51:44,118 [INFO] Total Transpile Time - 91.03680 (ms)
2026-07-12 03:51:44,118 [INFO] Pass: ConsolidateBlocks - 0.05555 (ms)
2026-07-12 03:51:44,118 [INFO] Pass: HighLevelSynthesis - 0.00477 (ms)
2026-07-12 03:51:44,118 [INFO] Total Transpile Time - 90.88874 (ms)
2026-07-12 03:51:44,118 [INFO] Pass: BasisTranslator - 0.09346 (ms)
2026-07-12 03:51:44,118 [INFO] Pass: Split2QUnitaries - 0.00286 (ms)
2026-07-12 03:51:44,118 [INFO] Pass: ConsolidateBlocks - 0.05555 (ms)
2026-07-12 03:51:44,118 [INFO] Pass: UnitarySynthesis - 0.00525 (ms)
2026-07-12 03:51:44,118 [INFO] Total Transpile Time - 90.91282 (ms)
2026-07-12 03:51:44,118 [INFO] Pass: Split2QUnitaries - 0.00286 (ms)
2026-07-12 03:51:44,118 [INFO] Total Transpile Time - 91.03990 (ms)
2026-07-12 03:51:44,118 [INFO] Pass: BasisTranslator - 0.05221 (ms)
2026-07-12 03:51:44,118 [INFO] Pass: UnitarySynthesis - 0.00548 (ms)
2026-07-12 03:51:44,118 [INFO] Pass: ConsolidateBlocks - 0.06413 (ms)
2026-07-12 03:51:44,118 [INFO] Pass: ElidePermutations - 0.00429 (ms)
2026-07-12 03:51:44,118 [INFO] Pass: HighLevelSynthesis - 0.05722 (ms)
2026-07-12 03:51:44,118 [INFO] Pass: UnitarySynthesis - 0.00453 (ms)
2026-07-12 03:51:44,118 [INFO] Pass: RemoveDiagonalGatesBeforeMeasure - 0.00644 (ms)
2026-07-12 03:51:44,118 [INFO] Pass: RemoveIdentityEquivalent - 0.00691 (ms)
2026-07-12 03:51:44,118 [INFO] Pass: HighLevelSynthesis - 0.05698 (ms)
2026-07-12 03:51:44,118 [INFO] Pass: Depth - 0.03386 (ms)
2026-07-12 03:51:44,118 [INFO] Pass: FixedPoint - 0.00501 (ms)
2026-07-12 03:51:44,118 [INFO] Pass: InverseCancellation - 0.02909 (ms)
2026-07-12 03:51:44,118 [INFO] Pass: Size - 0.00358 (ms)
2026-07-12 03:51:44,118 [INFO] Pass: BasisTranslator - 0.09084 (ms)
2026-07-12 03:51:44,118 [INFO] Pass: ContractIdleWiresInControlFlow - 0.00191 (ms)
2026-07-12 03:51:44,118 [INFO] Pass: FixedPoint - 0.00310 (ms)
2026-07-12 03:51:44,118 [INFO] Total Transpile Time - 90.38424 (ms)
2026-07-12 03:51:44,118 [INFO] Pass: RemoveIdentityEquivalent - 0.00548 (ms)
2026-07-12 03:51:44,118 [INFO] Pass: BasisTranslator - 0.09203 (ms)
2026-07-12 03:51:44,118 [INFO] Pass: ConsolidateBlocks - 0.06390 (ms)
2026-07-12 03:51:44,118 [INFO] Pass: UnitarySynthesis - 0.00453 (ms)
2026-07-12 03:51:44,118 [INFO] Pass: ConsolidateBlocks - 0.06461 (ms)
2026-07-12 03:51:44,118 [INFO] Pass: CommutativeCancellation - 0.12159 (ms)
2026-07-12 03:51:44,118 [INFO] Pass: UnitarySynthesis - 0.00453 (ms)
2026-07-12 03:51:44,118 [INFO] Pass: Depth - 0.03409 (ms)
2026-07-12 03:51:44,118 [INFO] Pass: FixedPoint - 0.00548 (ms)
2026-07-12 03:51:44,118 [INFO] Pass: Optimize1qGatesDecomposition - 0.15259 (ms)
2026-07-12 03:51:44,118 [INFO] Pass: Size - 0.00334 (ms)
2026-07-12 03:51:44,118 [INFO] Pass: Depth - 0.03505 (ms)
2026-07-12 03:51:44,118 [INFO] Pass: ConsolidateBlocks - 0.05531 (ms)
2026-07-12 03:51:44,118 [INFO] Pass: FixedPoint - 0.00310 (ms)
2026-07-12 03:51:44,118 [INFO] Pass: FixedPoint - 0.00548 (ms)
2026-07-12 03:51:44,118 [INFO] Pass: Split2QUnitaries - 0.00286 (ms)
2026-07-12 03:51:44,118 [INFO] Pass: RemoveIdentityEquivalent - 0.00572 (ms)
2026-07-12 03:51:44,118 [INFO] Pass: Size - 0.00334 (ms)
2026-07-12 03:51:44,118 [INFO] Pass: UnitarySynthesis - 0.00572 (ms)
2026-07-12 03:51:44,118 [INFO] Pass: FixedPoint - 0.00334 (ms)
2026-07-12 03:51:44,118 [INFO] Pass: RemoveIdentityEquivalent - 0.00525 (ms)
2026-07-12 03:51:44,118 [INFO] Pass: HighLevelSynthesis - 0.06485 (ms)
2026-07-12 03:51:44,118 [INFO] Pass: CommutativeCancellation - 0.13804 (ms)
2026-07-12 03:51:44,118 [INFO] Pass: ContractIdleWiresInControlFlow - 0.00191 (ms)
2026-07-12 03:51:44,118 [INFO] Pass: Optimize1qGatesDecomposition - 0.16618 (ms)
2026-07-12 03:51:44,118 [INFO] Pass: GatesInBasis - 0.04792 (ms)
2026-07-12 03:51:44,118 [INFO] Pass: BasisTranslator - 0.09394 (ms)
2026-07-12 03:51:44,118 [INFO] Pass: Optimize1qGatesDecomposition - 0.16260 (ms)
2026-07-12 03:51:44,118 [INFO] Pass: Depth - 0.03195 (ms)
2026-07-12 03:51:44,118 [INFO] Pass: FixedPoint - 0.00405 (ms)
2026-07-12 03:51:44,118 [INFO] Pass: Size - 0.00238 (ms)
2026-07-12 03:51:44,118 [INFO] Pass: ConsolidateBlocks - 0.06485 (ms)
2026-07-12 03:51:44,118 [INFO] Pass: FixedPoint - 0.00954 (ms)
2026-07-12 03:51:44,118 [INFO] Pass: UnitarySynthesis - 0.00477 (ms)
2026-07-12 03:51:44,118 [INFO] Pass: CommutativeCancellation - 0.13399 (ms)
2026-07-12 03:51:44,118 [INFO] Pass: ContainsInstruction - 0.00572 (ms)
2026-07-12 03:51:44,118 [INFO] Pass: ContractIdleWiresInControlFlow - 0.00191 (ms)
2026-07-12 03:51:44,118 [INFO] Pass: Depth - 0.03433 (ms)
2026-07-12 03:51:44,118 [INFO] Pass: CommutativeCancellation - 0.13328 (ms)
2026-07-12 03:51:44,119 [INFO] Pass: FixedPoint - 0.00453 (ms)
2026-07-12 03:51:44,119 [INFO] Pass: ContractIdleWiresInControlFlow - 0.00238 (ms)
2026-07-12 03:51:44,119 [INFO] Pass: Size - 0.00334 (ms)
2026-07-12 03:51:44,119 [INFO] Pass: GatesInBasis - 0.04959 (ms)
2026-07-12 03:51:44,119 [INFO] Pass: FixedPoint - 0.00310 (ms)
2026-07-12 03:51:44,119 [INFO] Pass: RemoveIdentityEquivalent - 0.00548 (ms)
2026-07-12 03:51:44,119 [INFO] Pass: GatesInBasis - 0.04745 (ms)
2026-07-12 03:51:44,119 [INFO] Pass: Depth - 0.03362 (ms)
2026-07-12 03:51:44,119 [INFO] Pass: FixedPoint - 0.00429 (ms)
2026-07-12 03:51:44,119 [INFO] Pass: Size - 0.00262 (ms)
2026-07-12 03:51:44,119 [INFO] Pass: Depth - 0.03362 (ms)
2026-07-12 03:51:44,119 [INFO] Pass: ContainsInstruction - 0.01073 (ms)
2026-07-12 03:51:44,119 [INFO] Pass: FixedPoint - 0.00429 (ms)
2026-07-12 03:51:44,119 [INFO] Pass: FixedPoint - 0.01001 (ms)
2026-07-12 03:51:44,119 [INFO] Pass: Size - 0.00215 (ms)
2026-07-12 03:51:44,119 [INFO] Pass: UnitarySynthesis - 0.00644 (ms)
2026-07-12 03:51:44,119 [INFO] Pass: ContainsInstruction - 0.00596 (ms)
2026-07-12 03:51:44,119 [INFO] Pass: FixedPoint - 0.01025 (ms)
2026-07-12 03:51:44,119 [INFO] Pass: HighLevelSynthesis - 0.00453 (ms)
2026-07-12 03:51:44,119 [INFO] Pass: ContainsInstruction - 0.00572 (ms)
2026-07-12 03:51:44,119 [INFO] Pass: Optimize1qGatesDecomposition - 0.15211 (ms)
2026-07-12 03:51:44,119 [INFO] Pass: BasisTranslator - 0.05245 (ms)
2026-07-12 03:51:44,119 [INFO] Pass: ElidePermutations - 0.00381 (ms)
2026-07-12 03:51:44,119 [INFO] Pass: RemoveDiagonalGatesBeforeMeasure - 0.00620 (ms)
2026-07-12 03:51:44,119 [INFO] Pass: RemoveIdentityEquivalent - 0.00691 (ms)
2026-07-12 03:51:44,119 [INFO] Total Transpile Time - 91.85028 (ms)
2026-07-12 03:51:44,119 [INFO] Pass: CommutativeCancellation - 0.13280 (ms)
2026-07-12 03:51:44,119 [INFO] Pass: InverseCancellation - 0.02909 (ms)
2026-07-12 03:51:44,119 [INFO] Pass: ContractIdleWiresInControlFlow - 0.00191 (ms)
2026-07-12 03:51:44,119 [INFO] Pass: ContractIdleWiresInControlFlow - 0.00238 (ms)
2026-07-12 03:51:44,119 [INFO] Pass: GatesInBasis - 0.04792 (ms)
2026-07-12 03:51:44,119 [INFO] Pass: Depth - 0.03290 (ms)
2026-07-12 03:51:44,119 [INFO] Pass: FixedPoint - 0.00429 (ms)
2026-07-12 03:51:44,119 [INFO] Pass: CommutativeCancellation - 0.11373 (ms)
2026-07-12 03:51:44,119 [INFO] Pass: Size - 0.00215 (ms)
2026-07-12 03:51:44,119 [INFO] Pass: FixedPoint - 0.00930 (ms)
2026-07-12 03:51:44,119 [INFO] Pass: ContainsInstruction - 0.00572 (ms)
2026-07-12 03:51:44,119 [INFO] Pass: ConsolidateBlocks - 0.06127 (ms)
2026-07-12 03:51:44,119 [INFO] Total Transpile Time - 91.36343 (ms)
2026-07-12 03:51:44,119 [INFO] Pass: Split2QUnitaries - 0.00310 (ms)
2026-07-12 03:51:44,119 [INFO] Pass: UnitarySynthesis - 0.00501 (ms)
2026-07-12 03:51:44,119 [INFO] Total Transpile Time - 91.53605 (ms)
2026-07-12 03:51:44,119 [INFO] Pass: HighLevelSynthesis - 0.05674 (ms)
2026-07-12 03:51:44,119 [INFO] Pass: BasisTranslator - 0.09131 (ms)
2026-07-12 03:51:44,120 [INFO] Pass: ConsolidateBlocks - 0.06318 (ms)
2026-07-12 03:51:44,120 [INFO] Pass: UnitarySynthesis - 0.00477 (ms)
2026-07-12 03:51:44,120 [INFO] Pass: Depth - 0.03409 (ms)
2026-07-12 03:51:44,120 [INFO] Pass: FixedPoint - 0.00501 (ms)
2026-07-12 03:51:44,120 [INFO] Total Transpile Time - 92.62300 (ms)
2026-07-12 03:51:44,120 [INFO] Pass: Size - 0.00310 (ms)
2026-07-12 03:51:44,120 [INFO] Pass: FixedPoint - 0.00334 (ms)
2026-07-12 03:51:44,120 [INFO] Pass: RemoveIdentityEquivalent - 0.00548 (ms)
2026-07-12 03:51:44,120 [INFO] Pass: Optimize1qGatesDecomposition - 0.15450 (ms)
2026-07-12 03:51:44,120 [INFO] Pass: CommutativeCancellation - 0.13447 (ms)
2026-07-12 03:51:44,120 [INFO] Pass: ContractIdleWiresInControlFlow - 0.00215 (ms)
2026-07-12 03:51:44,120 [INFO] Pass: GatesInBasis - 0.04864 (ms)
2026-07-12 03:51:44,120 [INFO] Pass: Depth - 0.03505 (ms)
2026-07-12 03:51:44,120 [INFO] Pass: FixedPoint - 0.00453 (ms)
2026-07-12 03:51:44,120 [INFO] Pass: Size - 0.00238 (ms)
2026-07-12 03:51:44,120 [INFO] Pass: FixedPoint - 0.01025 (ms)
2026-07-12 03:51:44,120 [INFO] Pass: ContainsInstruction - 0.00572 (ms)
2026-07-12 03:51:44,121 [INFO] Total Transpile Time - 90.89971 (ms)
2026-07-12 03:51:44,122 [INFO] Pass: ContainsInstruction - 0.01049 (ms)
2026-07-12 03:51:44,122 [INFO] Pass: UnitarySynthesis - 0.00715 (ms)
2026-07-12 03:51:44,123 [INFO] Pass: HighLevelSynthesis - 0.00477 (ms)
2026-07-12 03:51:44,123 [INFO] Pass: BasisTranslator - 0.05293 (ms)
2026-07-12 03:51:44,123 [INFO] Pass: ElidePermutations - 0.00429 (ms)
2026-07-12 03:51:44,123 [INFO] Pass: RemoveDiagonalGatesBeforeMeasure - 0.00620 (ms)
2026-07-12 03:51:44,123 [INFO] Pass: RemoveIdentityEquivalent - 0.00620 (ms)
2026-07-12 03:51:44,123 [INFO] Pass: InverseCancellation - 0.03028 (ms)
2026-07-12 03:51:44,123 [INFO] Pass: ContractIdleWiresInControlFlow - 0.00215 (ms)
2026-07-12 03:51:44,123 [INFO] Pass: CommutativeCancellation - 0.11349 (ms)
2026-07-12 03:51:44,123 [INFO] Pass: ConsolidateBlocks - 0.05507 (ms)
2026-07-12 03:51:44,123 [INFO] Pass: Split2QUnitaries - 0.00286 (ms)
2026-07-12 03:51:44,123 [INFO] Pass: UnitarySynthesis - 0.00501 (ms)
2026-07-12 03:51:44,123 [INFO] Pass: HighLevelSynthesis - 0.05627 (ms)
2026-07-12 03:51:44,123 [INFO] Pass: BasisTranslator - 0.09131 (ms)
2026-07-12 03:51:44,123 [INFO] Pass: ConsolidateBlocks - 0.06437 (ms)
2026-07-12 03:51:44,123 [INFO] Pass: UnitarySynthesis - 0.00453 (ms)
2026-07-12 03:51:44,123 [INFO] Pass: Depth - 0.03481 (ms)
2026-07-12 03:51:44,123 [INFO] Pass: FixedPoint - 0.00477 (ms)
2026-07-12 03:51:44,124 [INFO] Pass: Size - 0.00334 (ms)
2026-07-12 03:51:44,124 [INFO] Pass: FixedPoint - 0.00310 (ms)
2026-07-12 03:51:44,124 [INFO] Pass: RemoveIdentityEquivalent - 0.00548 (ms)
2026-07-12 03:51:44,124 [INFO] Pass: Optimize1qGatesDecomposition - 0.15044 (ms)
2026-07-12 03:51:44,124 [INFO] Pass: CommutativeCancellation - 0.13423 (ms)
2026-07-12 03:51:44,124 [INFO] Pass: ContractIdleWiresInControlFlow - 0.00191 (ms)
2026-07-12 03:51:44,124 [INFO] Pass: GatesInBasis - 0.04816 (ms)
2026-07-12 03:51:44,124 [INFO] Pass: Depth - 0.03290 (ms)
2026-07-12 03:51:44,124 [INFO] Pass: FixedPoint - 0.00429 (ms)
2026-07-12 03:51:44,124 [INFO] Pass: Size - 0.00262 (ms)
2026-07-12 03:51:44,124 [INFO] Pass: FixedPoint - 0.00954 (ms)
2026-07-12 03:51:44,124 [INFO] Pass: ContainsInstruction - 0.00548 (ms)
2026-07-12 03:51:44,125 [INFO] Total Transpile Time - 91.22276 (ms)
2026-07-12 03:51:44,135 [INFO] Pass: ContainsInstruction - 0.01144 (ms)
2026-07-12 03:51:44,135 [INFO] Pass: UnitarySynthesis - 0.00691 (ms)
2026-07-12 03:51:44,135 [INFO] Pass: HighLevelSynthesis - 0.00429 (ms)
2026-07-12 03:51:44,135 [INFO] Pass: BasisTranslator - 0.05198 (ms)
2026-07-12 03:51:44,135 [INFO] Pass: ElidePermutations - 0.00381 (ms)
2026-07-12 03:51:44,135 [INFO] Pass: RemoveDiagonalGatesBeforeMeasure - 0.00572 (ms)
2026-07-12 03:51:44,135 [INFO] Pass: RemoveIdentityEquivalent - 0.00715 (ms)
2026-07-12 03:51:44,135 [INFO] Pass: InverseCancellation - 0.03076 (ms)
2026-07-12 03:51:44,135 [INFO] Pass: ContractIdleWiresInControlFlow - 0.00191 (ms)
2026-07-12 03:51:44,135 [INFO] Pass: CommutativeCancellation - 0.11277 (ms)
2026-07-12 03:51:44,135 [INFO] Pass: ConsolidateBlocks - 0.05603 (ms)
2026-07-12 03:51:44,135 [INFO] Pass: Split2QUnitaries - 0.00238 (ms)
2026-07-12 03:51:44,135 [INFO] Pass: UnitarySynthesis - 0.00525 (ms)
2026-07-12 03:51:44,135 [INFO] Pass: HighLevelSynthesis - 0.05746 (ms)
2026-07-12 03:51:44,135 [INFO] Pass: BasisTranslator - 0.09012 (ms)
2026-07-12 03:51:44,135 [INFO] Pass: ConsolidateBlocks - 0.06461 (ms)
2026-07-12 03:51:44,135 [INFO] Pass: UnitarySynthesis - 0.00501 (ms)
2026-07-12 03:51:44,136 [INFO] Pass: Depth - 0.03362 (ms)
2026-07-12 03:51:44,136 [INFO] Pass: FixedPoint - 0.00525 (ms)
2026-07-12 03:51:44,136 [INFO] Pass: Size - 0.00310 (ms)
2026-07-12 03:51:44,136 [INFO] Pass: FixedPoint - 0.00334 (ms)
2026-07-12 03:51:44,136 [INFO] Pass: RemoveIdentityEquivalent - 0.00572 (ms)
2026-07-12 03:51:44,136 [INFO] Pass: Optimize1qGatesDecomposition - 0.15402 (ms)
2026-07-12 03:51:44,136 [INFO] Pass: CommutativeCancellation - 0.13185 (ms)
2026-07-12 03:51:44,136 [INFO] Pass: ContractIdleWiresInControlFlow - 0.00238 (ms)
2026-07-12 03:51:44,136 [INFO] Pass: GatesInBasis - 0.04888 (ms)
2026-07-12 03:51:44,136 [INFO] Pass: Depth - 0.03338 (ms)
2026-07-12 03:51:44,136 [INFO] Pass: FixedPoint - 0.00453 (ms)
2026-07-12 03:51:44,136 [INFO] Pass: Size - 0.00262 (ms)
2026-07-12 03:51:44,136 [INFO] Pass: FixedPoint - 0.01049 (ms)
2026-07-12 03:51:44,136 [INFO] Pass: ContainsInstruction - 0.00596 (ms)
2026-07-12 03:51:44,137 [INFO] Total Transpile Time - 91.50100 (ms)
2026-07-12 03:51:44,205 [INFO] Pass: ContainsInstruction - 0.01001 (ms)
2026-07-12 03:51:44,205 [INFO] Pass: ContainsInstruction - 0.01001 (ms)
2026-07-12 03:51:44,205 [INFO] Pass: ContainsInstruction - 0.01001 (ms)
2026-07-12 03:51:44,206 [INFO] Pass: UnitarySynthesis - 0.00691 (ms)
2026-07-12 03:51:44,206 [INFO] Pass: UnitarySynthesis - 0.00691 (ms)
2026-07-12 03:51:44,206 [INFO] Pass: HighLevelSynthesis - 0.00525 (ms)
2026-07-12 03:51:44,206 [INFO] Pass: HighLevelSynthesis - 0.00453 (ms)
2026-07-12 03:51:44,206 [INFO] Pass: UnitarySynthesis - 0.00691 (ms)
2026-07-12 03:51:44,206 [INFO] Pass: HighLevelSynthesis - 0.00477 (ms)
2026-07-12 03:51:44,206 [INFO] Pass: BasisTranslator - 0.05150 (ms)
2026-07-12 03:51:44,206 [INFO] Pass: BasisTranslator - 0.05293 (ms)
2026-07-12 03:51:44,206 [INFO] Pass: ElidePermutations - 0.00405 (ms)
2026-07-12 03:51:44,206 [INFO] Pass: ElidePermutations - 0.00405 (ms)
2026-07-12 03:51:44,206 [INFO] Pass: BasisTranslator - 0.05102 (ms)
2026-07-12 03:51:44,206 [INFO] Pass: RemoveDiagonalGatesBeforeMeasure - 0.00620 (ms)
2026-07-12 03:51:44,206 [INFO] Pass: RemoveDiagonalGatesBeforeMeasure - 0.00644 (ms)
2026-07-12 03:51:44,206 [INFO] Pass: ElidePermutations - 0.00405 (ms)
2026-07-12 03:51:44,206 [INFO] Pass: RemoveIdentityEquivalent - 0.00739 (ms)
2026-07-12 03:51:44,206 [INFO] Pass: RemoveIdentityEquivalent - 0.00739 (ms)
2026-07-12 03:51:44,206 [INFO] Pass: RemoveDiagonalGatesBeforeMeasure - 0.00620 (ms)
2026-07-12 03:51:44,206 [INFO] Pass: ContainsInstruction - 0.01001 (ms)
2026-07-12 03:51:44,206 [INFO] Pass: RemoveIdentityEquivalent - 0.00715 (ms)
2026-07-12 03:51:44,206 [INFO] Pass: InverseCancellation - 0.02933 (ms)
2026-07-12 03:51:44,206 [INFO] Pass: InverseCancellation - 0.03028 (ms)
2026-07-12 03:51:44,206 [INFO] Pass: ContractIdleWiresInControlFlow - 0.00215 (ms)
2026-07-12 03:51:44,206 [INFO] Pass: UnitarySynthesis - 0.00668 (ms)
2026-07-12 03:51:44,206 [INFO] Pass: ContractIdleWiresInControlFlow - 0.00215 (ms)
2026-07-12 03:51:44,206 [INFO] Pass: InverseCancellation - 0.03076 (ms)
2026-07-12 03:51:44,206 [INFO] Pass: HighLevelSynthesis - 0.00453 (ms)
2026-07-12 03:51:44,206 [INFO] Pass: ContractIdleWiresInControlFlow - 0.00238 (ms)
2026-07-12 03:51:44,206 [INFO] Pass: BasisTranslator - 0.05221 (ms)
2026-07-12 03:51:44,206 [INFO] Pass: CommutativeCancellation - 0.11802 (ms)
2026-07-12 03:51:44,206 [INFO] Pass: ElidePermutations - 0.00405 (ms)
2026-07-12 03:51:44,206 [INFO] Pass: CommutativeCancellation - 0.11182 (ms)
2026-07-12 03:51:44,206 [INFO] Pass: RemoveDiagonalGatesBeforeMeasure - 0.00572 (ms)
2026-07-12 03:51:44,206 [INFO] Pass: CommutativeCancellation - 0.11182 (ms)
2026-07-12 03:51:44,206 [INFO] Pass: RemoveIdentityEquivalent - 0.00787 (ms)
2026-07-12 03:51:44,206 [INFO] Pass: ConsolidateBlocks - 0.05507 (ms)
2026-07-12 03:51:44,206 [INFO] Pass: ConsolidateBlocks - 0.05412 (ms)
2026-07-12 03:51:44,206 [INFO] Pass: Split2QUnitaries - 0.00262 (ms)
2026-07-12 03:51:44,206 [INFO] Pass: Split2QUnitaries - 0.00238 (ms)
2026-07-12 03:51:44,206 [INFO] Pass: InverseCancellation - 0.03290 (ms)
2026-07-12 03:51:44,206 [INFO] Pass: ConsolidateBlocks - 0.05484 (ms)
2026-07-12 03:51:44,206 [INFO] Pass: UnitarySynthesis - 0.00978 (ms)
2026-07-12 03:51:44,206 [INFO] Pass: ContractIdleWiresInControlFlow - 0.00238 (ms)
2026-07-12 03:51:44,206 [INFO] Pass: UnitarySynthesis - 0.00954 (ms)
2026-07-12 03:51:44,206 [INFO] Pass: Split2QUnitaries - 0.00286 (ms)
2026-07-12 03:51:44,206 [INFO] Pass: UnitarySynthesis - 0.00930 (ms)
2026-07-12 03:51:44,206 [INFO] Pass: HighLevelSynthesis - 0.06342 (ms)
2026-07-12 03:51:44,206 [INFO] Pass: HighLevelSynthesis - 0.06509 (ms)
2026-07-12 03:51:44,206 [INFO] Pass: HighLevelSynthesis - 0.05841 (ms)
2026-07-12 03:51:44,206 [INFO] Pass: CommutativeCancellation - 0.11802 (ms)
2026-07-12 03:51:44,206 [INFO] Pass: BasisTranslator - 0.09251 (ms)
2026-07-12 03:51:44,206 [INFO] Pass: BasisTranslator - 0.09489 (ms)
2026-07-12 03:51:44,206 [INFO] Pass: ConsolidateBlocks - 0.05507 (ms)
2026-07-12 03:51:44,206 [INFO] Pass: ContainsInstruction - 0.00978 (ms)
2026-07-12 03:51:44,206 [INFO] Pass: BasisTranslator - 0.09322 (ms)
2026-07-12 03:51:44,206 [INFO] Pass: Split2QUnitaries - 0.00262 (ms)
2026-07-12 03:51:44,206 [INFO] Pass: UnitarySynthesis - 0.00930 (ms)
2026-07-12 03:51:44,206 [INFO] Pass: ConsolidateBlocks - 0.06413 (ms)
2026-07-12 03:51:44,206 [INFO] Pass: UnitarySynthesis - 0.00691 (ms)
2026-07-12 03:51:44,206 [INFO] Pass: ConsolidateBlocks - 0.06557 (ms)
2026-07-12 03:51:44,206 [INFO] Pass: UnitarySynthesis - 0.00525 (ms)
2026-07-12 03:51:44,206 [INFO] Pass: HighLevelSynthesis - 0.00453 (ms)
2026-07-12 03:51:44,206 [INFO] Pass: UnitarySynthesis - 0.00477 (ms)
2026-07-12 03:51:44,206 [INFO] Pass: ConsolidateBlocks - 0.06413 (ms)
2026-07-12 03:51:44,206 [INFO] Pass: UnitarySynthesis - 0.00501 (ms)
2026-07-12 03:51:44,206 [INFO] Pass: HighLevelSynthesis - 0.05913 (ms)
2026-07-12 03:51:44,206 [INFO] Pass: Depth - 0.03386 (ms)
2026-07-12 03:51:44,206 [INFO] Pass: Depth - 0.03505 (ms)
2026-07-12 03:51:44,207 [INFO] Pass: FixedPoint - 0.00477 (ms)
2026-07-12 03:51:44,207 [INFO] Pass: BasisTranslator - 0.05126 (ms)
2026-07-12 03:51:44,207 [INFO] Pass: FixedPoint - 0.00453 (ms)
2026-07-12 03:51:44,207 [INFO] Pass: Size - 0.00334 (ms)
2026-07-12 03:51:44,207 [INFO] Pass: Depth - 0.03481 (ms)
2026-07-12 03:51:44,207 [INFO] Pass: ElidePermutations - 0.00405 (ms)
2026-07-12 03:51:44,207 [INFO] Pass: Size - 0.00310 (ms)
2026-07-12 03:51:44,207 [INFO] Pass: FixedPoint - 0.00310 (ms)
2026-07-12 03:51:44,207 [INFO] Pass: FixedPoint - 0.00525 (ms)
2026-07-12 03:51:44,207 [INFO] Pass: RemoveDiagonalGatesBeforeMeasure - 0.00620 (ms)
2026-07-12 03:51:44,207 [INFO] Pass: FixedPoint - 0.00310 (ms)
2026-07-12 03:51:44,207 [INFO] Pass: RemoveIdentityEquivalent - 0.00620 (ms)
2026-07-12 03:51:44,207 [INFO] Pass: Size - 0.00358 (ms)
2026-07-12 03:51:44,207 [INFO] Pass: BasisTranslator - 0.09274 (ms)
2026-07-12 03:51:44,207 [INFO] Pass: RemoveIdentityEquivalent - 0.00691 (ms)
2026-07-12 03:51:44,207 [INFO] Pass: RemoveIdentityEquivalent - 0.00644 (ms)
2026-07-12 03:51:44,207 [INFO] Pass: FixedPoint - 0.00262 (ms)
2026-07-12 03:51:44,207 [INFO] Pass: RemoveIdentityEquivalent - 0.00644 (ms)
2026-07-12 03:51:44,207 [INFO] Pass: InverseCancellation - 0.02980 (ms)
2026-07-12 03:51:44,207 [INFO] Pass: ContractIdleWiresInControlFlow - 0.00238 (ms)
2026-07-12 03:51:44,207 [INFO] Pass: ConsolidateBlocks - 0.06509 (ms)
2026-07-12 03:51:44,207 [INFO] Pass: UnitarySynthesis - 0.00477 (ms)
2026-07-12 03:51:44,207 [INFO] Pass: Optimize1qGatesDecomposition - 0.16284 (ms)
2026-07-12 03:51:44,207 [INFO] Pass: Depth - 0.03576 (ms)
2026-07-12 03:51:44,207 [INFO] Pass: Optimize1qGatesDecomposition - 0.16332 (ms)
2026-07-12 03:51:44,207 [INFO] Pass: FixedPoint - 0.00429 (ms)
2026-07-12 03:51:44,207 [INFO] Pass: CommutativeCancellation - 0.11206 (ms)
2026-07-12 03:51:44,207 [INFO] Pass: Size - 0.00334 (ms)
2026-07-12 03:51:44,207 [INFO] Pass: Optimize1qGatesDecomposition - 0.16189 (ms)
2026-07-12 03:51:44,207 [INFO] Pass: FixedPoint - 0.00310 (ms)
2026-07-12 03:51:44,207 [INFO] Pass: RemoveIdentityEquivalent - 0.00620 (ms)
2026-07-12 03:51:44,207 [INFO] Pass: ConsolidateBlocks - 0.05579 (ms)
2026-07-12 03:51:44,207 [INFO] Pass: Split2QUnitaries - 0.00262 (ms)
2026-07-12 03:51:44,207 [INFO] Pass: CommutativeCancellation - 0.12589 (ms)
2026-07-12 03:51:44,207 [INFO] Pass: ContractIdleWiresInControlFlow - 0.00215 (ms)
2026-07-12 03:51:44,207 [INFO] Pass: CommutativeCancellation - 0.13232 (ms)
2026-07-12 03:51:44,207 [INFO] Pass: UnitarySynthesis - 0.00954 (ms)
2026-07-12 03:51:44,207 [INFO] Pass: ContainsInstruction - 0.01001 (ms)
2026-07-12 03:51:44,207 [INFO] Pass: CommutativeCancellation - 0.12636 (ms)
2026-07-12 03:51:44,207 [INFO] Pass: ContractIdleWiresInControlFlow - 0.00191 (ms)
2026-07-12 03:51:44,207 [INFO] Pass: ContractIdleWiresInControlFlow - 0.00215 (ms)
2026-07-12 03:51:44,207 [INFO] Pass: UnitarySynthesis - 0.00668 (ms)
2026-07-12 03:51:44,207 [INFO] Pass: GatesInBasis - 0.05031 (ms)
2026-07-12 03:51:44,207 [INFO] Pass: HighLevelSynthesis - 0.05817 (ms)
2026-07-12 03:51:44,207 [INFO] Pass: HighLevelSynthesis - 0.00477 (ms)
2026-07-12 03:51:44,207 [INFO] Pass: GatesInBasis - 0.05007 (ms)
2026-07-12 03:51:44,207 [INFO] Pass: Optimize1qGatesDecomposition - 0.16475 (ms)
2026-07-12 03:51:44,207 [INFO] Pass: GatesInBasis - 0.04745 (ms)
2026-07-12 03:51:44,207 [INFO] Pass: Depth - 0.03266 (ms)
2026-07-12 03:51:44,207 [INFO] Pass: FixedPoint - 0.00405 (ms)
2026-07-12 03:51:44,207 [INFO] Pass: Depth - 0.03624 (ms)
2026-07-12 03:51:44,207 [INFO] Pass: Size - 0.00238 (ms)
2026-07-12 03:51:44,207 [INFO] Pass: BasisTranslator - 0.05293 (ms)
2026-07-12 03:51:44,207 [INFO] Pass: Depth - 0.03338 (ms)
2026-07-12 03:51:44,207 [INFO] Pass: FixedPoint - 0.00405 (ms)
2026-07-12 03:51:44,207 [INFO] Pass: FixedPoint - 0.00358 (ms)
2026-07-12 03:51:44,207 [INFO] Pass: BasisTranslator - 0.10133 (ms)
2026-07-12 03:51:44,207 [INFO] Pass: FixedPoint - 0.00381 (ms)
2026-07-12 03:51:44,207 [INFO] Pass: ElidePermutations - 0.00405 (ms)
2026-07-12 03:51:44,207 [INFO] Pass: Size - 0.00215 (ms)
2026-07-12 03:51:44,207 [INFO] Pass: RemoveIdentityEquivalent - 0.00644 (ms)
2026-07-12 03:51:44,207 [INFO] Pass: Size - 0.00286 (ms)
2026-07-12 03:51:44,207 [INFO] Pass: FixedPoint - 0.00358 (ms)
2026-07-12 03:51:44,207 [INFO] Pass: RemoveDiagonalGatesBeforeMeasure - 0.00620 (ms)
2026-07-12 03:51:44,207 [INFO] Pass: FixedPoint - 0.00334 (ms)
2026-07-12 03:51:44,207 [INFO] Pass: RemoveIdentityEquivalent - 0.00572 (ms)
2026-07-12 03:51:44,207 [INFO] Pass: RemoveIdentityEquivalent - 0.00715 (ms)
2026-07-12 03:51:44,207 [INFO] Pass: CommutativeCancellation - 0.13185 (ms)
2026-07-12 03:51:44,207 [INFO] Pass: RemoveIdentityEquivalent - 0.00620 (ms)
2026-07-12 03:51:44,207 [INFO] Pass: ContractIdleWiresInControlFlow - 0.00215 (ms)
2026-07-12 03:51:44,207 [INFO] Pass: ConsolidateBlocks - 0.06604 (ms)
2026-07-12 03:51:44,207 [INFO] Pass: InverseCancellation - 0.03028 (ms)
2026-07-12 03:51:44,207 [INFO] Pass: UnitarySynthesis - 0.00525 (ms)
2026-07-12 03:51:44,207 [INFO] Pass: ContractIdleWiresInControlFlow - 0.00191 (ms)
2026-07-12 03:51:44,207 [INFO] Pass: GatesInBasis - 0.04792 (ms)
2026-07-12 03:51:44,207 [INFO] Pass: Optimize1qGatesDecomposition - 0.13876 (ms)
2026-07-12 03:51:44,207 [INFO] Pass: Depth - 0.03529 (ms)
2026-07-12 03:51:44,207 [INFO] Pass: FixedPoint - 0.00477 (ms)
2026-07-12 03:51:44,207 [INFO] Pass: Depth - 0.03338 (ms)
2026-07-12 03:51:44,207 [INFO] Pass: Optimize1qGatesDecomposition - 0.14257 (ms)
2026-07-12 03:51:44,207 [INFO] Pass: Size - 0.00334 (ms)
2026-07-12 03:51:44,207 [INFO] Pass: FixedPoint - 0.00381 (ms)
2026-07-12 03:51:44,207 [INFO] Pass: Optimize1qGatesDecomposition - 0.14091 (ms)
2026-07-12 03:51:44,207 [INFO] Pass: FixedPoint - 0.00310 (ms)
2026-07-12 03:51:44,207 [INFO] Pass: Size - 0.00262 (ms)
2026-07-12 03:51:44,207 [INFO] Pass: CommutativeCancellation - 0.11230 (ms)
2026-07-12 03:51:44,207 [INFO] Pass: RemoveIdentityEquivalent - 0.00644 (ms)
2026-07-12 03:51:44,207 [INFO] Pass: FixedPoint - 0.00310 (ms)
2026-07-12 03:51:44,208 [INFO] Pass: RemoveIdentityEquivalent - 0.00620 (ms)
2026-07-12 03:51:44,207 [INFO] Pass: ContainsInstruction - 0.00978 (ms)
2026-07-12 03:51:44,208 [INFO] Pass: CommutativeCancellation - 0.11826 (ms)
2026-07-12 03:51:44,208 [INFO] Pass: ContractIdleWiresInControlFlow - 0.00191 (ms)
2026-07-12 03:51:44,208 [INFO] Pass: ConsolidateBlocks - 0.05364 (ms)
2026-07-12 03:51:44,208 [INFO] Pass: UnitarySynthesis - 0.00691 (ms)
2026-07-12 03:51:44,208 [INFO] Pass: CommutativeCancellation - 0.12541 (ms)
2026-07-12 03:51:44,208 [INFO] Pass: Split2QUnitaries - 0.00262 (ms)
2026-07-12 03:51:44,208 [INFO] Pass: HighLevelSynthesis - 0.00429 (ms)
2026-07-12 03:51:44,208 [INFO] Pass: CommutativeCancellation - 0.12231 (ms)
2026-07-12 03:51:44,208 [INFO] Pass: ContractIdleWiresInControlFlow - 0.00167 (ms)
2026-07-12 03:51:44,208 [INFO] Pass: UnitarySynthesis - 0.00906 (ms)
2026-07-12 03:51:44,208 [INFO] Pass: GatesInBasis - 0.05007 (ms)
2026-07-12 03:51:44,208 [INFO] Pass: ContractIdleWiresInControlFlow - 0.00215 (ms)
2026-07-12 03:51:44,208 [INFO] Pass: Optimize1qGatesDecomposition - 0.16212 (ms)
2026-07-12 03:51:44,208 [INFO] Pass: GatesInBasis - 0.04864 (ms)
2026-07-12 03:51:44,208 [INFO] Pass: Depth - 0.03171 (ms)
2026-07-12 03:51:44,208 [INFO] Pass: BasisTranslator - 0.05174 (ms)
2026-07-12 03:51:44,208 [INFO] Pass: Optimize1qGatesDecomposition - 0.14234 (ms)
2026-07-12 03:51:44,208 [INFO] Pass: HighLevelSynthesis - 0.05841 (ms)
2026-07-12 03:51:44,208 [INFO] Pass: GatesInBasis - 0.04578 (ms)
2026-07-12 03:51:44,208 [INFO] Pass: FixedPoint - 0.00334 (ms)
2026-07-12 03:51:44,208 [INFO] Pass: ElidePermutations - 0.00453 (ms)
2026-07-12 03:51:44,208 [INFO] Pass: Size - 0.00191 (ms)
2026-07-12 03:51:44,208 [INFO] Pass: Depth - 0.03266 (ms)
2026-07-12 03:51:44,208 [INFO] Pass: RemoveDiagonalGatesBeforeMeasure - 0.00596 (ms)
2026-07-12 03:51:44,208 [INFO] Pass: FixedPoint - 0.00310 (ms)
2026-07-12 03:51:44,208 [INFO] Pass: FixedPoint - 0.00334 (ms)
2026-07-12 03:51:44,208 [INFO] Pass: Depth - 0.03457 (ms)
2026-07-12 03:51:44,208 [INFO] Pass: RemoveIdentityEquivalent - 0.00739 (ms)
2026-07-12 03:51:44,208 [INFO] Pass: Size - 0.00215 (ms)
2026-07-12 03:51:44,208 [INFO] Pass: FixedPoint - 0.00358 (ms)
2026-07-12 03:51:44,208 [INFO] Pass: ContainsInstruction - 0.00596 (ms)
2026-07-12 03:51:44,208 [INFO] Pass: ContainsInstruction - 0.00978 (ms)
2026-07-12 03:51:44,208 [INFO] Pass: FixedPoint - 0.00286 (ms)
2026-07-12 03:51:44,208 [INFO] Pass: Size - 0.00238 (ms)
2026-07-12 03:51:44,208 [INFO] Pass: BasisTranslator - 0.09322 (ms)
2026-07-12 03:51:44,208 [INFO] Pass: InverseCancellation - 0.03147 (ms)
2026-07-12 03:51:44,208 [INFO] Pass: FixedPoint - 0.00310 (ms)
2026-07-12 03:51:44,208 [INFO] Pass: ContainsInstruction - 0.00572 (ms)
2026-07-12 03:51:44,208 [INFO] Pass: CommutativeCancellation - 0.12779 (ms)
2026-07-12 03:51:44,208 [INFO] Pass: CommutativeCancellation - 0.12136 (ms)
2026-07-12 03:51:44,208 [INFO] Pass: ContractIdleWiresInControlFlow - 0.00215 (ms)
2026-07-12 03:51:44,208 [INFO] Pass: UnitarySynthesis - 0.00691 (ms)
2026-07-12 03:51:44,208 [INFO] Pass: ContainsInstruction - 0.00572 (ms)
2026-07-12 03:51:44,208 [INFO] Pass: ContractIdleWiresInControlFlow - 0.00215 (ms)
2026-07-12 03:51:44,208 [INFO] Pass: ContractIdleWiresInControlFlow - 0.00191 (ms)
2026-07-12 03:51:44,208 [INFO] Pass: HighLevelSynthesis - 0.00453 (ms)
2026-07-12 03:51:44,208 [INFO] Pass: ConsolidateBlocks - 0.06390 (ms)
2026-07-12 03:51:44,208 [INFO] Pass: GatesInBasis - 0.04625 (ms)
2026-07-12 03:51:44,208 [INFO] Pass: GatesInBasis - 0.04792 (ms)
2026-07-12 03:51:44,208 [INFO] Pass: UnitarySynthesis - 0.00453 (ms)
2026-07-12 03:51:44,208 [INFO] Pass: BasisTranslator - 0.05269 (ms)
2026-07-12 03:51:44,208 [INFO] Pass: Depth - 0.03219 (ms)
2026-07-12 03:51:44,208 [INFO] Pass: CommutativeCancellation - 0.11206 (ms)
2026-07-12 03:51:44,208 [INFO] Pass: Depth - 0.03481 (ms)
2026-07-12 03:51:44,208 [INFO] Pass: Depth - 0.03457 (ms)
2026-07-12 03:51:44,208 [INFO] Pass: ElidePermutations - 0.00429 (ms)
2026-07-12 03:51:44,208 [INFO] Pass: FixedPoint - 0.00334 (ms)
2026-07-12 03:51:44,208 [INFO] Pass: FixedPoint - 0.00381 (ms)
2026-07-12 03:51:44,208 [INFO] Pass: FixedPoint - 0.00453 (ms)
2026-07-12 03:51:44,208 [INFO] Pass: RemoveDiagonalGatesBeforeMeasure - 0.00572 (ms)
2026-07-12 03:51:44,208 [INFO] Pass: Size - 0.00238 (ms)
2026-07-12 03:51:44,208 [INFO] Pass: Size - 0.00262 (ms)
2026-07-12 03:51:44,208 [INFO] Pass: Size - 0.00334 (ms)
2026-07-12 03:51:44,208 [INFO] Pass: FixedPoint - 0.00286 (ms)
2026-07-12 03:51:44,208 [INFO] Pass: RemoveIdentityEquivalent - 0.00787 (ms)
2026-07-12 03:51:44,208 [INFO] Pass: FixedPoint - 0.00358 (ms)
2026-07-12 03:51:44,208 [INFO] Pass: FixedPoint - 0.00310 (ms)
2026-07-12 03:51:44,208 [INFO] Pass: ConsolidateBlocks - 0.05722 (ms)
2026-07-12 03:51:44,208 [INFO] Pass: ContainsInstruction - 0.00525 (ms)
2026-07-12 03:51:44,208 [INFO] Pass: RemoveIdentityEquivalent - 0.00620 (ms)
2026-07-12 03:51:44,208 [INFO] Pass: RemoveIdentityEquivalent - 0.00620 (ms)
2026-07-12 03:51:44,208 [INFO] Pass: Split2QUnitaries - 0.00262 (ms)
2026-07-12 03:51:44,208 [INFO] Pass: InverseCancellation - 0.03338 (ms)
2026-07-12 03:51:44,208 [INFO] Pass: UnitarySynthesis - 0.00906 (ms)
2026-07-12 03:51:44,208 [INFO] Pass: ContractIdleWiresInControlFlow - 0.00215 (ms)
2026-07-12 03:51:44,208 [INFO] Pass: HighLevelSynthesis - 0.06723 (ms)
2026-07-12 03:51:44,208 [INFO] Total Transpile Time - 90.32488 (ms)
2026-07-12 03:51:44,208 [INFO] Pass: Optimize1qGatesDecomposition - 0.14830 (ms)
2026-07-12 03:51:44,208 [INFO] Pass: CommutativeCancellation - 0.11849 (ms)
2026-07-12 03:51:44,208 [INFO] Pass: Optimize1qGatesDecomposition - 0.16880 (ms)
2026-07-12 03:51:44,208 [INFO] Total Transpile Time - 90.30700 (ms)
2026-07-12 03:51:44,208 [INFO] Total Transpile Time - 90.41810 (ms)
2026-07-12 03:51:44,208 [INFO] Pass: BasisTranslator - 0.09370 (ms)
2026-07-12 03:51:44,208 [INFO] Pass: ConsolidateBlocks - 0.05651 (ms)
2026-07-12 03:51:44,208 [INFO] Pass: ContainsInstruction - 0.00978 (ms)
2026-07-12 03:51:44,208 [INFO] Pass: Split2QUnitaries - 0.00262 (ms)
2026-07-12 03:51:44,208 [INFO] Pass: CommutativeCancellation - 0.12159 (ms)
2026-07-12 03:51:44,208 [INFO] Pass: ConsolidateBlocks - 0.06533 (ms)
2026-07-12 03:51:44,208 [INFO] Pass: UnitarySynthesis - 0.00930 (ms)
2026-07-12 03:51:44,208 [INFO] Pass: ContractIdleWiresInControlFlow - 0.00191 (ms)
2026-07-12 03:51:44,208 [INFO] Pass: CommutativeCancellation - 0.12732 (ms)
2026-07-12 03:51:44,208 [INFO] Pass: UnitarySynthesis - 0.00668 (ms)
2026-07-12 03:51:44,208 [INFO] Pass: UnitarySynthesis - 0.00453 (ms)
2026-07-12 03:51:44,208 [INFO] Pass: ContractIdleWiresInControlFlow - 0.00215 (ms)
2026-07-12 03:51:44,208 [INFO] Pass: HighLevelSynthesis - 0.00477 (ms)
2026-07-12 03:51:44,209 [INFO] Pass: GatesInBasis - 0.04816 (ms)
2026-07-12 03:51:44,209 [INFO] Pass: Depth - 0.03481 (ms)
2026-07-12 03:51:44,209 [INFO] Pass: HighLevelSynthesis - 0.05889 (ms)
2026-07-12 03:51:44,209 [INFO] Total Transpile Time - 90.32679 (ms)
2026-07-12 03:51:44,209 [INFO] Pass: FixedPoint - 0.00453 (ms)
2026-07-12 03:51:44,209 [INFO] Pass: GatesInBasis - 0.04864 (ms)
2026-07-12 03:51:44,209 [INFO] Pass: Size - 0.00381 (ms)
2026-07-12 03:51:44,209 [INFO] Pass: BasisTranslator - 0.05269 (ms)
2026-07-12 03:51:44,209 [INFO] Pass: Depth - 0.03362 (ms)
2026-07-12 03:51:44,209 [INFO] Pass: FixedPoint - 0.00310 (ms)
2026-07-12 03:51:44,209 [INFO] Pass: FixedPoint - 0.00334 (ms)
2026-07-12 03:51:44,209 [INFO] Pass: ElidePermutations - 0.00405 (ms)
2026-07-12 03:51:44,209 [INFO] Pass: Size - 0.00191 (ms)
2026-07-12 03:51:44,209 [INFO] Pass: Depth - 0.03552 (ms)
2026-07-12 03:51:44,209 [INFO] Pass: RemoveIdentityEquivalent - 0.00668 (ms)
2026-07-12 03:51:44,209 [INFO] Pass: RemoveDiagonalGatesBeforeMeasure - 0.00596 (ms)
2026-07-12 03:51:44,209 [INFO] Pass: FixedPoint - 0.00334 (ms)
2026-07-12 03:51:44,209 [INFO] Pass: BasisTranslator - 0.09370 (ms)
2026-07-12 03:51:44,209 [INFO] Pass: FixedPoint - 0.00381 (ms)
2026-07-12 03:51:44,209 [INFO] Pass: RemoveIdentityEquivalent - 0.00787 (ms)
2026-07-12 03:51:44,209 [INFO] Pass: Size - 0.00238 (ms)
2026-07-12 03:51:44,209 [INFO] Pass: ContainsInstruction - 0.00548 (ms)
2026-07-12 03:51:44,209 [INFO] Pass: FixedPoint - 0.00310 (ms)
2026-07-12 03:51:44,209 [INFO] Pass: InverseCancellation - 0.03004 (ms)
2026-07-12 03:51:44,209 [INFO] Pass: RemoveIdentityEquivalent - 0.00620 (ms)
2026-07-12 03:51:44,209 [INFO] Pass: ConsolidateBlocks - 0.06700 (ms)
2026-07-12 03:51:44,209 [INFO] Pass: ContractIdleWiresInControlFlow - 0.00238 (ms)
2026-07-12 03:51:44,209 [INFO] Pass: UnitarySynthesis - 0.00453 (ms)
2026-07-12 03:51:44,209 [INFO] Pass: Optimize1qGatesDecomposition - 0.16522 (ms)
2026-07-12 03:51:44,209 [INFO] Pass: Depth - 0.03481 (ms)
2026-07-12 03:51:44,209 [INFO] Pass: FixedPoint - 0.00477 (ms)
2026-07-12 03:51:44,209 [INFO] Pass: Size - 0.00310 (ms)
2026-07-12 03:51:44,209 [INFO] Pass: CommutativeCancellation - 0.11873 (ms)
2026-07-12 03:51:44,209 [INFO] Pass: Optimize1qGatesDecomposition - 0.14496 (ms)
2026-07-12 03:51:44,209 [INFO] Pass: FixedPoint - 0.00310 (ms)
2026-07-12 03:51:44,209 [INFO] Pass: RemoveIdentityEquivalent - 0.00668 (ms)
2026-07-12 03:51:44,209 [INFO] Pass: ConsolidateBlocks - 0.05436 (ms)
2026-07-12 03:51:44,209 [INFO] Pass: CommutativeCancellation - 0.12589 (ms)
2026-07-12 03:51:44,209 [INFO] Pass: Split2QUnitaries - 0.00262 (ms)
2026-07-12 03:51:44,209 [INFO] Pass: ContractIdleWiresInControlFlow - 0.00191 (ms)
2026-07-12 03:51:44,209 [INFO] Pass: UnitarySynthesis - 0.00978 (ms)
2026-07-12 03:51:44,209 [INFO] Pass: CommutativeCancellation - 0.12159 (ms)
2026-07-12 03:51:44,209 [INFO] Pass: ContractIdleWiresInControlFlow - 0.00191 (ms)
2026-07-12 03:51:44,209 [INFO] Pass: GatesInBasis - 0.04888 (ms)
2026-07-12 03:51:44,209 [INFO] Pass: HighLevelSynthesis - 0.05889 (ms)
2026-07-12 03:51:44,209 [INFO] Pass: Optimize1qGatesDecomposition - 0.16522 (ms)
2026-07-12 03:51:44,209 [INFO] Pass: Depth - 0.03338 (ms)
2026-07-12 03:51:44,209 [INFO] Pass: GatesInBasis - 0.04673 (ms)
2026-07-12 03:51:44,209 [INFO] Total Transpile Time - 91.16936 (ms)
2026-07-12 03:51:44,209 [INFO] Pass: FixedPoint - 0.00381 (ms)
2026-07-12 03:51:44,209 [INFO] Pass: Size - 0.00238 (ms)
2026-07-12 03:51:44,209 [INFO] Pass: FixedPoint - 0.00334 (ms)
2026-07-12 03:51:44,209 [INFO] Pass: Depth - 0.03290 (ms)
2026-07-12 03:51:44,209 [INFO] Pass: FixedPoint - 0.00405 (ms)
2026-07-12 03:51:44,209 [INFO] Pass: BasisTranslator - 0.10228 (ms)
2026-07-12 03:51:44,209 [INFO] Pass: RemoveIdentityEquivalent - 0.00620 (ms)
2026-07-12 03:51:44,209 [INFO] Pass: Size - 0.00215 (ms)
2026-07-12 03:51:44,209 [INFO] Pass: FixedPoint - 0.00310 (ms)
2026-07-12 03:51:44,209 [INFO] Pass: CommutativeCancellation - 0.13471 (ms)
2026-07-12 03:51:44,209 [INFO] Pass: ContainsInstruction - 0.00596 (ms)
2026-07-12 03:51:44,209 [INFO] Pass: ContainsInstruction - 0.01049 (ms)
2026-07-12 03:51:44,209 [INFO] Pass: ContractIdleWiresInControlFlow - 0.00215 (ms)
2026-07-12 03:51:44,209 [INFO] Pass: ConsolidateBlocks - 0.06747 (ms)
2026-07-12 03:51:44,209 [INFO] Pass: UnitarySynthesis - 0.00453 (ms)
2026-07-12 03:51:44,209 [INFO] Pass: UnitarySynthesis - 0.00644 (ms)
2026-07-12 03:51:44,209 [INFO] Pass: GatesInBasis - 0.04792 (ms)
2026-07-12 03:51:44,209 [INFO] Pass: HighLevelSynthesis - 0.00477 (ms)
2026-07-12 03:51:44,209 [INFO] Pass: Optimize1qGatesDecomposition - 0.14114 (ms)
2026-07-12 03:51:44,209 [INFO] Pass: Depth - 0.03481 (ms)
2026-07-12 03:51:44,209 [INFO] Pass: FixedPoint - 0.00453 (ms)
2026-07-12 03:51:44,209 [INFO] Pass: Depth - 0.03576 (ms)
2026-07-12 03:51:44,209 [INFO] Pass: Size - 0.00334 (ms)
2026-07-12 03:51:44,209 [INFO] Pass: BasisTranslator - 0.05221 (ms)
2026-07-12 03:51:44,209 [INFO] Pass: FixedPoint - 0.00405 (ms)
2026-07-12 03:51:44,210 [INFO] Pass: FixedPoint - 0.00286 (ms)
2026-07-12 03:51:44,210 [INFO] Pass: Size - 0.00262 (ms)
2026-07-12 03:51:44,210 [INFO] Pass: ElidePermutations - 0.00429 (ms)
2026-07-12 03:51:44,210 [INFO] Pass: FixedPoint - 0.00358 (ms)
2026-07-12 03:51:44,210 [INFO] Pass: RemoveIdentityEquivalent - 0.00620 (ms)
2026-07-12 03:51:44,210 [INFO] Pass: RemoveDiagonalGatesBeforeMeasure - 0.00596 (ms)
2026-07-12 03:51:44,210 [INFO] Pass: RemoveIdentityEquivalent - 0.00620 (ms)
2026-07-12 03:51:44,210 [INFO] Pass: CommutativeCancellation - 0.11969 (ms)
2026-07-12 03:51:44,210 [INFO] Pass: RemoveIdentityEquivalent - 0.00739 (ms)
2026-07-12 03:51:44,210 [INFO] Pass: ContractIdleWiresInControlFlow - 0.00191 (ms)
2026-07-12 03:51:44,210 [INFO] Pass: InverseCancellation - 0.02933 (ms)
2026-07-12 03:51:44,210 [INFO] Pass: ContractIdleWiresInControlFlow - 0.00191 (ms)
2026-07-12 03:51:44,210 [INFO] Pass: GatesInBasis - 0.04697 (ms)
2026-07-12 03:51:44,210 [INFO] Pass: Depth - 0.03386 (ms)
2026-07-12 03:51:44,210 [INFO] Pass: Optimize1qGatesDecomposition - 0.16642 (ms)
2026-07-12 03:51:44,210 [INFO] Pass: Optimize1qGatesDecomposition - 0.14138 (ms)
2026-07-12 03:51:44,210 [INFO] Pass: FixedPoint - 0.00358 (ms)
2026-07-12 03:51:44,210 [INFO] Pass: Size - 0.00215 (ms)
2026-07-12 03:51:44,210 [INFO] Total Transpile Time - 90.47365 (ms)
2026-07-12 03:51:44,210 [INFO] Pass: CommutativeCancellation - 0.11230 (ms)
2026-07-12 03:51:44,210 [INFO] Pass: FixedPoint - 0.00286 (ms)
2026-07-12 03:51:44,210 [INFO] Pass: ContainsInstruction - 0.00548 (ms)
2026-07-12 03:51:44,210 [INFO] Pass: ConsolidateBlocks - 0.05484 (ms)
2026-07-12 03:51:44,210 [INFO] Pass: CommutativeCancellation - 0.11992 (ms)
2026-07-12 03:51:44,210 [INFO] Pass: CommutativeCancellation - 0.13089 (ms)
2026-07-12 03:51:44,210 [INFO] Pass: Split2QUnitaries - 0.00286 (ms)
2026-07-12 03:51:44,210 [INFO] Pass: ContractIdleWiresInControlFlow - 0.00191 (ms)
2026-07-12 03:51:44,210 [INFO] Pass: ContractIdleWiresInControlFlow - 0.00238 (ms)
2026-07-12 03:51:44,210 [INFO] Pass: UnitarySynthesis - 0.00930 (ms)
2026-07-12 03:51:44,210 [INFO] Pass: GatesInBasis - 0.04673 (ms)
2026-07-12 03:51:44,210 [INFO] Pass: GatesInBasis - 0.04840 (ms)
2026-07-12 03:51:44,210 [INFO] Pass: HighLevelSynthesis - 0.05865 (ms)
2026-07-12 03:51:44,210 [INFO] Pass: Depth - 0.03242 (ms)
2026-07-12 03:51:44,210 [INFO] Pass: Depth - 0.03338 (ms)
2026-07-12 03:51:44,210 [INFO] Pass: FixedPoint - 0.00358 (ms)
2026-07-12 03:51:44,210 [INFO] Pass: FixedPoint - 0.00381 (ms)
2026-07-12 03:51:44,210 [INFO] Pass: Size - 0.00215 (ms)
2026-07-12 03:51:44,210 [INFO] Pass: Size - 0.00238 (ms)
2026-07-12 03:51:44,210 [INFO] Pass: FixedPoint - 0.00310 (ms)
2026-07-12 03:51:44,210 [INFO] Pass: FixedPoint - 0.00358 (ms)
2026-07-12 03:51:44,210 [INFO] Pass: BasisTranslator - 0.09441 (ms)
2026-07-12 03:51:44,210 [INFO] Pass: ContainsInstruction - 0.00572 (ms)
2026-07-12 03:51:44,210 [INFO] Pass: RemoveIdentityEquivalent - 0.00620 (ms)
2026-07-12 03:51:44,210 [INFO] Pass: ConsolidateBlocks - 0.06533 (ms)
2026-07-12 03:51:44,210 [INFO] Pass: UnitarySynthesis - 0.00525 (ms)
2026-07-12 03:51:44,210 [INFO] Total Transpile Time - 90.68966 (ms)
2026-07-12 03:51:44,210 [INFO] Pass: Depth - 0.03529 (ms)
2026-07-12 03:51:44,210 [INFO] Pass: Optimize1qGatesDecomposition - 0.13995 (ms)
2026-07-12 03:51:44,210 [INFO] Pass: FixedPoint - 0.00501 (ms)
2026-07-12 03:51:44,210 [INFO] Pass: Size - 0.00334 (ms)
2026-07-12 03:51:44,210 [INFO] Pass: FixedPoint - 0.00310 (ms)
2026-07-12 03:51:44,210 [INFO] Pass: RemoveIdentityEquivalent - 0.00596 (ms)
2026-07-12 03:51:44,210 [INFO] Pass: CommutativeCancellation - 0.12159 (ms)
2026-07-12 03:51:44,211 [INFO] Pass: ContractIdleWiresInControlFlow - 0.00191 (ms)
2026-07-12 03:51:44,211 [INFO] Pass: GatesInBasis - 0.04673 (ms)
2026-07-12 03:51:44,211 [INFO] Pass: Optimize1qGatesDecomposition - 0.16236 (ms)
2026-07-12 03:51:44,211 [INFO] Pass: Depth - 0.03219 (ms)
2026-07-12 03:51:44,211 [INFO] Total Transpile Time - 90.95788 (ms)
2026-07-12 03:51:44,211 [INFO] Pass: FixedPoint - 0.00334 (ms)
2026-07-12 03:51:44,211 [INFO] Pass: Size - 0.00238 (ms)
2026-07-12 03:51:44,211 [INFO] Pass: FixedPoint - 0.00334 (ms)
2026-07-12 03:51:44,211 [INFO] Pass: ContainsInstruction - 0.00548 (ms)
2026-07-12 03:51:44,211 [INFO] Pass: CommutativeCancellation - 0.13113 (ms)
2026-07-12 03:51:44,211 [INFO] Pass: ContractIdleWiresInControlFlow - 0.00215 (ms)
2026-07-12 03:51:44,211 [INFO] Pass: GatesInBasis - 0.04721 (ms)
2026-07-12 03:51:44,211 [INFO] Pass: Depth - 0.03409 (ms)
2026-07-12 03:51:44,211 [INFO] Pass: FixedPoint - 0.00381 (ms)
2026-07-12 03:51:44,211 [INFO] Pass: Size - 0.00238 (ms)
2026-07-12 03:51:44,211 [INFO] Pass: FixedPoint - 0.00358 (ms)
2026-07-12 03:51:44,211 [INFO] Pass: RemoveIdentityEquivalent - 0.00596 (ms)
2026-07-12 03:51:44,211 [INFO] Total Transpile Time - 91.13789 (ms)
2026-07-12 03:51:44,211 [INFO] Pass: Optimize1qGatesDecomposition - 0.14663 (ms)
2026-07-12 03:51:44,211 [INFO] Pass: CommutativeCancellation - 0.12445 (ms)
2026-07-12 03:51:44,211 [INFO] Pass: ContractIdleWiresInControlFlow - 0.00215 (ms)
2026-07-12 03:51:44,211 [INFO] Pass: GatesInBasis - 0.04625 (ms)
2026-07-12 03:51:44,212 [INFO] Pass: Depth - 0.03219 (ms)
2026-07-12 03:51:44,212 [INFO] Pass: FixedPoint - 0.00358 (ms)
2026-07-12 03:51:44,212 [INFO] Pass: Size - 0.00262 (ms)
2026-07-12 03:51:44,212 [INFO] Pass: FixedPoint - 0.00310 (ms)
2026-07-12 03:51:44,212 [INFO] Pass: ContainsInstruction - 0.00525 (ms)
2026-07-12 03:51:44,212 [INFO] Total Transpile Time - 90.86180 (ms)
2026-07-12 03:51:44,213 [INFO] Pass: ContainsInstruction - 0.00978 (ms)
2026-07-12 03:51:44,213 [INFO] Pass: UnitarySynthesis - 0.00691 (ms)
2026-07-12 03:51:44,213 [INFO] Pass: HighLevelSynthesis - 0.00453 (ms)
2026-07-12 03:51:44,213 [INFO] Pass: BasisTranslator - 0.05293 (ms)
2026-07-12 03:51:44,213 [INFO] Pass: ElidePermutations - 0.00453 (ms)
2026-07-12 03:51:44,213 [INFO] Pass: RemoveDiagonalGatesBeforeMeasure - 0.00596 (ms)
2026-07-12 03:51:44,213 [INFO] Pass: RemoveIdentityEquivalent - 0.00763 (ms)
2026-07-12 03:51:44,213 [INFO] Pass: InverseCancellation - 0.03052 (ms)
2026-07-12 03:51:44,213 [INFO] Pass: ContractIdleWiresInControlFlow - 0.00262 (ms)
2026-07-12 03:51:44,213 [INFO] Pass: CommutativeCancellation - 0.11969 (ms)
2026-07-12 03:51:44,213 [INFO] Pass: ConsolidateBlocks - 0.05484 (ms)
2026-07-12 03:51:44,213 [INFO] Pass: Split2QUnitaries - 0.00262 (ms)
2026-07-12 03:51:44,213 [INFO] Pass: UnitarySynthesis - 0.01025 (ms)
2026-07-12 03:51:44,213 [INFO] Pass: HighLevelSynthesis - 0.05913 (ms)
2026-07-12 03:51:44,214 [INFO] Pass: BasisTranslator - 0.09465 (ms)
2026-07-12 03:51:44,214 [INFO] Pass: ConsolidateBlocks - 0.06604 (ms)
2026-07-12 03:51:44,214 [INFO] Pass: UnitarySynthesis - 0.00453 (ms)
2026-07-12 03:51:44,214 [INFO] Pass: Depth - 0.03362 (ms)
2026-07-12 03:51:44,214 [INFO] Pass: FixedPoint - 0.00453 (ms)
2026-07-12 03:51:44,214 [INFO] Pass: Size - 0.00310 (ms)
2026-07-12 03:51:44,214 [INFO] Pass: FixedPoint - 0.00310 (ms)
2026-07-12 03:51:44,214 [INFO] Pass: RemoveIdentityEquivalent - 0.00644 (ms)
2026-07-12 03:51:44,214 [INFO] Pass: Optimize1qGatesDecomposition - 0.16093 (ms)
2026-07-12 03:51:44,214 [INFO] Pass: CommutativeCancellation - 0.13471 (ms)
2026-07-12 03:51:44,214 [INFO] Pass: ContractIdleWiresInControlFlow - 0.00238 (ms)
2026-07-12 03:51:44,214 [INFO] Pass: GatesInBasis - 0.04768 (ms)
2026-07-12 03:51:44,214 [INFO] Pass: Depth - 0.03600 (ms)
2026-07-12 03:51:44,214 [INFO] Pass: FixedPoint - 0.00429 (ms)
2026-07-12 03:51:44,214 [INFO] Pass: Size - 0.00215 (ms)
2026-07-12 03:51:44,214 [INFO] Pass: FixedPoint - 0.00334 (ms)
2026-07-12 03:51:44,215 [INFO] Pass: RemoveIdentityEquivalent - 0.00572 (ms)
2026-07-12 03:51:44,215 [INFO] Pass: Optimize1qGatesDecomposition - 0.14186 (ms)
2026-07-12 03:51:44,215 [INFO] Pass: CommutativeCancellation - 0.11945 (ms)
2026-07-12 03:51:44,215 [INFO] Pass: ContractIdleWiresInControlFlow - 0.00191 (ms)
2026-07-12 03:51:44,215 [INFO] Pass: GatesInBasis - 0.04625 (ms)
2026-07-12 03:51:44,215 [INFO] Pass: Depth - 0.03219 (ms)
2026-07-12 03:51:44,215 [INFO] Pass: FixedPoint - 0.00310 (ms)
2026-07-12 03:51:44,215 [INFO] Pass: Size - 0.00238 (ms)
2026-07-12 03:51:44,215 [INFO] Pass: FixedPoint - 0.00286 (ms)
2026-07-12 03:51:44,215 [INFO] Pass: ContainsInstruction - 0.00525 (ms)
2026-07-12 03:51:44,216 [INFO] Total Transpile Time - 90.55686 (ms)
2026-07-12 03:51:44,227 [INFO] Pass: ContainsInstruction - 0.01073 (ms)
2026-07-12 03:51:44,227 [INFO] Pass: UnitarySynthesis - 0.00787 (ms)
2026-07-12 03:51:44,227 [INFO] Pass: HighLevelSynthesis - 0.00477 (ms)
2026-07-12 03:51:44,227 [INFO] Pass: BasisTranslator - 0.05507 (ms)
2026-07-12 03:51:44,227 [INFO] Pass: ElidePermutations - 0.00429 (ms)
2026-07-12 03:51:44,227 [INFO] Pass: RemoveDiagonalGatesBeforeMeasure - 0.00644 (ms)
2026-07-12 03:51:44,227 [INFO] Pass: RemoveIdentityEquivalent - 0.00739 (ms)
2026-07-12 03:51:44,227 [INFO] Pass: InverseCancellation - 0.03028 (ms)
2026-07-12 03:51:44,228 [INFO] Pass: ContractIdleWiresInControlFlow - 0.00262 (ms)
2026-07-12 03:51:44,228 [INFO] Pass: CommutativeCancellation - 0.12016 (ms)
2026-07-12 03:51:44,228 [INFO] Pass: ConsolidateBlocks - 0.05698 (ms)
2026-07-12 03:51:44,228 [INFO] Pass: Split2QUnitaries - 0.00310 (ms)
2026-07-12 03:51:44,228 [INFO] Pass: UnitarySynthesis - 0.00954 (ms)
2026-07-12 03:51:44,228 [INFO] Pass: HighLevelSynthesis - 0.05865 (ms)
2026-07-12 03:51:44,228 [INFO] Pass: BasisTranslator - 0.09513 (ms)
2026-07-12 03:51:44,228 [INFO] Pass: ConsolidateBlocks - 0.06533 (ms)
2026-07-12 03:51:44,228 [INFO] Pass: UnitarySynthesis - 0.00501 (ms)
2026-07-12 03:51:44,228 [INFO] Pass: Depth - 0.03529 (ms)
2026-07-12 03:51:44,228 [INFO] Pass: FixedPoint - 0.00525 (ms)
2026-07-12 03:51:44,228 [INFO] Pass: Size - 0.00381 (ms)
2026-07-12 03:51:44,228 [INFO] Pass: FixedPoint - 0.00310 (ms)
2026-07-12 03:51:44,228 [INFO] Pass: RemoveIdentityEquivalent - 0.00644 (ms)
2026-07-12 03:51:44,229 [INFO] Pass: Optimize1qGatesDecomposition - 0.17118 (ms)
2026-07-12 03:51:44,229 [INFO] Pass: CommutativeCancellation - 0.13232 (ms)
2026-07-12 03:51:44,229 [INFO] Pass: ContractIdleWiresInControlFlow - 0.00167 (ms)
2026-07-12 03:51:44,229 [INFO] Pass: GatesInBasis - 0.04864 (ms)
2026-07-12 03:51:44,229 [INFO] Pass: Depth - 0.03481 (ms)
2026-07-12 03:51:44,229 [INFO] Pass: FixedPoint - 0.00381 (ms)
2026-07-12 03:51:44,229 [INFO] Pass: Size - 0.00238 (ms)
2026-07-12 03:51:44,229 [INFO] Pass: FixedPoint - 0.00334 (ms)
2026-07-12 03:51:44,229 [INFO] Pass: RemoveIdentityEquivalent - 0.00644 (ms)
2026-07-12 03:51:44,229 [INFO] Pass: Optimize1qGatesDecomposition - 0.14639 (ms)
2026-07-12 03:51:44,229 [INFO] Pass: CommutativeCancellation - 0.12970 (ms)
2026-07-12 03:51:44,229 [INFO] Pass: ContractIdleWiresInControlFlow - 0.00191 (ms)
2026-07-12 03:51:44,229 [INFO] Pass: GatesInBasis - 0.04697 (ms)
2026-07-12 03:51:44,229 [INFO] Pass: Depth - 0.03195 (ms)
2026-07-12 03:51:44,229 [INFO] Pass: FixedPoint - 0.00334 (ms)
2026-07-12 03:51:44,229 [INFO] Pass: Size - 0.00215 (ms)
2026-07-12 03:51:44,230 [INFO] Pass: FixedPoint - 0.00262 (ms)
2026-07-12 03:51:44,230 [INFO] Pass: ContainsInstruction - 0.00572 (ms)
2026-07-12 03:51:44,230 [INFO] Total Transpile Time - 92.95464 (ms)
2026-07-12 03:51:44,621 [INFO] [PCE] Aer metadata (1ª ejecución de este proceso): device=CPU method=statevector shots=exact fusion_enabled=True
2026-07-12 03:51:44,623 [INFO] [PCE] Aer metadata (1ª ejecución de este proceso): device=CPU method=statevector shots=exact fusion_enabled=True
2026-07-12 03:51:44,625 [INFO] [PCE] Aer metadata (1ª ejecución de este proceso): device=CPU method=statevector shots=exact fusion_enabled=True
2026-07-12 03:51:44,628 [INFO] [PCE] Aer metadata (1ª ejecución de este proceso): device=CPU method=statevector shots=exact fusion_enabled=True
2026-07-12 03:51:44,630 [INFO] [PCE] Aer metadata (1ª ejecución de este proceso): device=CPU method=statevector shots=exact fusion_enabled=True
2026-07-12 03:51:44,632 [INFO] [PCE] Aer metadata (1ª ejecución de este proceso): device=CPU method=statevector shots=exact fusion_enabled=True
2026-07-12 03:51:44,634 [INFO] [PCE] Aer metadata (1ª ejecución de este proceso): device=CPU method=statevector shots=exact fusion_enabled=True
2026-07-12 03:51:44,636 [INFO] [PCE] Aer metadata (1ª ejecución de este proceso): device=CPU method=statevector shots=exact fusion_enabled=True
2026-07-12 03:51:44,639 [INFO] [PCE] Aer metadata (1ª ejecución de este proceso): device=CPU method=statevector shots=exact fusion_enabled=True
2026-07-12 03:51:44,641 [INFO] [PCE] Aer metadata (1ª ejecución de este proceso): device=CPU method=statevector shots=exact fusion_enabled=True
2026-07-12 03:51:44,645 [INFO] [PCE] Aer metadata (1ª ejecución de este proceso): device=CPU method=statevector shots=exact fusion_enabled=True
2026-07-12 03:51:44,647 [INFO] [PCE] Aer metadata (1ª ejecución de este proceso): device=CPU method=statevector shots=exact fusion_enabled=True
2026-07-12 08:45:21,544 [INFO] [PCE] n=300 instancia (idx=13) 1/12 completada (paralelo) — transcurrido=0:04:53:38
2026-07-12 08:45:29,847 [INFO] [PCE] n=300 instancia (idx=5) 2/12 completada (paralelo) — transcurrido=0:04:53:46
2026-07-12 08:45:38,083 [INFO] [PCE] n=300 instancia (idx=77) 3/12 completada (paralelo) — transcurrido=0:04:53:54
2026-07-12 08:45:38,267 [INFO] [PCE] n=300 instancia (idx=29) 4/12 completada (paralelo) — transcurrido=0:04:53:55
2026-07-12 08:45:48,910 [INFO] [PCE] n=300 instancia (idx=45) 5/12 completada (paralelo) — transcurrido=0:04:54:05
2026-07-12 08:45:50,243 [INFO] [PCE] n=300 instancia (idx=37) 6/12 completada (paralelo) — transcurrido=0:04:54:06
2026-07-12 08:45:55,466 [INFO] [PCE] n=300 instancia (idx=93) 7/12 completada (paralelo) — transcurrido=0:04:54:12
2026-07-12 08:45:56,298 [INFO] [PCE] n=300 instancia (idx=61) 8/12 completada (paralelo) — transcurrido=0:04:54:13
2026-07-12 08:45:58,427 [INFO] [PCE] n=300 instancia (idx=85) 9/12 completada (paralelo) — transcurrido=0:04:54:15
2026-07-12 08:46:03,134 [INFO] [PCE] n=300 instancia (idx=21) 10/12 completada (paralelo) — transcurrido=0:04:54:19
2026-07-12 08:46:03,604 [INFO] [PCE] n=300 instancia (idx=69) 11/12 completada (paralelo) — transcurrido=0:04:54:20
2026-07-12 08:46:10,587 [INFO] [PCE] n=300 instancia (idx=53) 12/12 completada (paralelo) — transcurrido=0:04:54:27
2026-07-12 08:46:10,697 [INFO] [PCE] n=300 chunk 6/8 completado — beta_parcial=0.7099 duration=0:04:54:27 shots=exact backend=AER
