slurmstepd: info: Setting TMPDIR to /scratch/513780. Previous errors about TMPDIR can be discarded
==============================
RUN_ID: 20260712-014124
Array ID: 5  (entrada: 250:5:7)
num_nodes: 250   chunk: 6/7
num_instances (total del n): 100
num_workers: 16
optimizer: DIFFERENTIALEVOLUTION   maxiter: 25   k: 3
backend: AER   shots: 0
==============================

==============================
num_nodes     = 250
num_instances = 100 (total del n)
chunk         = 6/7
num_workers   = 16
k             = 3
optimizer     = DIFFERENTIALEVOLUTION
maxiter       = 25
backend       = AER
outdir        = Resultados/PCE/20260712-014124/chunks
==============================

(num_workers ajustado de 16 a 14: este chunk solo tiene 14 instancias)

✔ n=250 chunk 6/7 (14 instancias) beta_parcial=0.7322 ± 0.0121
✔ Resultado del chunk guardado en: Resultados/PCE/20260712-014124/chunks/n_250_chunk_5_of_7.h5
  (recuerda: esto es PARCIAL — hace falta merge_chunks_qscore_PCE.py para combinar todos los chunks de este n antes de agregar)
Fecha fin: Sun Jul 12 03:49:36 CEST 2026

*****************************************************************************
*                                                                           *
*                    JOB EFFICIENCY REPORT (seff 513780)                   *
*                                                                           *
*****************************************************************************

Job ID: 513780
Array Job ID: 513774_5
Cluster: qmio
User/Group: tec_app6/cesga
State: COMPLETED (exit code 0)
Nodes: 1
Cores per node: 32
CPU Utilized: 2-12:19:02
CPU Efficiency: 88.37% of 2-20:15:28 core-walltime
Job Wall-clock time: 02:07:59
Memory Utilized: 10.69 GB
Memory Efficiency: 66.84% of 16.00 GB

 +++++++++++++++++++++++++++++++++++++++++++++++++++++++++++++++++++++++++++
 ++   Memory Efficiency is too small. Please review the requested memory. ++
 ++ It seems that you do not need that much memory so we recommend        ++
 ++ requesting less memory in other similar jobs.                         ++
 +++++++++++++++++++++++++++++++++++++++++++++++++++++++++++++++++++++++++++
 
*****************************************************************************

