slurmstepd: info: Setting TMPDIR to /scratch/8427028. Previous errors about TMPDIR can be discarded
==============================
RUN_ID: 20260713-104256
Array ID: 2  (entrada: 250:2:5)
num_nodes: 250   chunk: 3/5
num_instances (total del n): 100
num_workers: 16   cpus-per-task: 32
OMP_NUM_THREADS=1 OPENBLAS_NUM_THREADS=1 MKL_NUM_THREADS=1
device: CPU   optimizer: DIFFERENTIALEVOLUTION   maxiter: 25   k: 2
backend: AER   shots: 2048
==============================

==============================
num_nodes     = 250
num_instances = 100 (total del n)
chunk         = 3/5
num_workers   = 16
k             = 2
optimizer     = DIFFERENTIALEVOLUTION
maxiter       = 25
backend       = AER
outdir        = Resultados/PCE/20260713-104256/chunks
==============================

[TIMING] pid=2329333 idx=2 t0=10277517.638 grafo=0.047s init_bench=0.000s run_pce=21633.653s total=21633.700s
[TIMING] pid=2329340 idx=27 t0=10277517.652 grafo=0.047s init_bench=0.000s run_pce=21667.773s total=21667.820s
[TIMING] pid=2329336 idx=7 t0=10277517.641 grafo=0.047s init_bench=0.000s run_pce=21736.615s total=21736.662s
[TIMING] pid=2329350 idx=77 t0=10277517.708 grafo=0.047s init_bench=0.000s run_pce=21760.529s total=21760.576s
[TIMING] pid=2329341 idx=32 t0=10277517.655 grafo=0.047s init_bench=0.000s run_pce=22533.847s total=22533.895s
[TIMING] pid=2329344 idx=47 t0=10277517.662 grafo=0.047s init_bench=0.000s run_pce=22969.133s total=22969.180s
[TIMING] pid=2329346 idx=57 t0=10277517.669 grafo=0.046s init_bench=0.000s run_pce=23274.235s total=23274.282s
[TIMING] pid=2329349 idx=72 t0=10277517.696 grafo=0.047s init_bench=0.000s run_pce=23332.917s total=23332.964s
[TIMING] pid=2329338 idx=17 t0=10277517.648 grafo=0.047s init_bench=0.000s run_pce=23508.305s total=23508.352s
[TIMING] pid=2329347 idx=62 t0=10277517.672 grafo=0.047s init_bench=0.000s run_pce=23508.934s total=23508.981s
[TIMING] pid=2329337 idx=12 t0=10277517.648 grafo=0.046s init_bench=0.000s run_pce=23795.500s total=23795.547s
[TIMING] pid=2329345 idx=52 t0=10277517.665 grafo=0.047s init_bench=0.000s run_pce=23882.301s total=23882.349s
[TIMING] pid=2329342 idx=37 t0=10277517.655 grafo=0.047s init_bench=0.000s run_pce=23904.089s total=23904.136s
[TIMING] pid=2329343 idx=42 t0=10277517.659 grafo=0.047s init_bench=0.000s run_pce=23981.547s total=23981.594s
[TIMING] pid=2329339 idx=22 t0=10277517.648 grafo=0.047s init_bench=0.000s run_pce=24098.528s total=24098.575s
[TIMING] pid=2329348 idx=67 t0=10277517.675 grafo=0.047s init_bench=0.000s run_pce=24236.909s total=24236.956s
[TIMING] pid=2329340 idx=87 t0=10299185.474 grafo=0.046s init_bench=0.000s run_pce=7691.809s total=7691.855s
[TIMING] pid=2329333 idx=82 t0=10299151.340 grafo=0.045s init_bench=0.000s run_pce=8258.796s total=8258.841s
[TIMING] pid=2329350 idx=97 t0=10299278.285 grafo=0.045s init_bench=0.000s run_pce=8231.881s total=8231.926s
[TIMING] pid=2329336 idx=92 t0=10299254.305 grafo=0.045s init_bench=0.000s run_pce=8417.810s total=8417.856s

✔ n=250 chunk 3/5 (20 instancias) beta_parcial=0.2052 ± 0.0177
✔ Resultado del chunk guardado en: Resultados/PCE/20260713-104256/chunks/n_250_chunk_2_of_5.h5
  (recuerda: esto es PARCIAL — hace falta merge_chunks_qscore_PCE.py para combinar todos los chunks de este n antes de agregar)
Fecha fin: Mon Jul 13 07:07:24 PM CEST 2026

*****************************************************************************
*                                                                           *
*                    JOB EFFICIENCY REPORT (seff 8427028)                   *
*                                                                           *
*****************************************************************************

Job ID: 8427028
Array Job ID: 8426981_2
Cluster: finisterrae3
User/Group: tec_app6/cesga
State: COMPLETED (exit code 0)
Nodes: 1
Cores per node: 32
CPU Utilized: 16:58:40
CPU Efficiency: 6.33% of 11-04:07:28 core-walltime
Job Wall-clock time: 08:22:44
Memory Utilized: 7.59 GB
Memory Efficiency: 23.70% of 32.00 GB

 +++++++++++++++++++++++++++++++++++++++++++++++++++++++++++++++++++++++++++
 ++   Memory Efficiency is too small. Please review the requested memory. ++
 ++ It seems that you do not need that much memory so we recommend        ++
 ++ requesting less memory in other similar jobs.                         ++
 +++++++++++++++++++++++++++++++++++++++++++++++++++++++++++++++++++++++++++
 
*****************************************************************************

