gcc/system unloaded
gcccore/system unloaded
cesga/2022 unloaded
rust/1.75.0 unloaded
imkl/2022.0.1 unloaded
numpy/1.26.4 unloaded
scipy/1.13.1 unloaded
flint/2.8.4 unloaded
symengine/0.11.1 unloaded
symengine-python/0.11.0 unloaded
spdlog/1.9.2 unloaded
pylatexenc/2.10 unloaded
qiskit/1.2.4-aer-gpu-cu11 unloaded
        Preparing the environment for use of the CESGA 2022 software stack.
        Please rebuild modules cache: module --ignore-cache avail
     
cesga/2022 loaded
rust/1.75.0 loaded

imkl/2023.2.0 loaded
numpy/1.26.4 loaded
scipy/1.13.1 loaded
imkl/2023.2.0 unloaded

imkl/2022.0.1 loaded
flint/2.8.4 loaded
symengine/0.11.1 loaded
symengine-python/0.11.0 loaded
spdlog/1.9.2 loaded
pylatexenc/2.10 loaded
gcccore/system loaded
gcc/system loaded
qiskit/1.2.4-aer-gpu-cu11 loaded
2026-07-13 10:44:46,034 [INFO] [PCE] n=250 chunk 1/5: 20 instancias [0, 5, 10, 15, 20, 25, 30, 35, 40, 45, 50, 55, 60, 65, 70, 75, 80, 85, 90, 95], num_workers=16, qubits=14
2026-07-13 10:44:46,034 [INFO] [PCE] n=250 paralelizando 20 instancias entre 16 workers (max_parallel_threads=1 fijo, independiente de num_workers)
2026-07-13 10:44:46,181 [INFO] Pass: ContainsInstruction - 0.01144 (ms)
2026-07-13 10:44:46,181 [INFO] Pass: InverseCancellation - 0.01645 (ms)
2026-07-13 10:44:46,181 [INFO] Pass: UnitarySynthesis - 0.00572 (ms)
2026-07-13 10:44:46,182 [INFO] Pass: HighLevelSynthesis - 1.32179 (ms)
2026-07-13 10:44:46,183 [INFO] Pass: BasisTranslator - 0.64969 (ms)
2026-07-13 10:44:46,183 [INFO] Pass: Depth - 0.18024 (ms)
2026-07-13 10:44:46,183 [INFO] Pass: FixedPoint - 0.01502 (ms)
2026-07-13 10:44:46,183 [INFO] Pass: Size - 0.05603 (ms)
2026-07-13 10:44:46,183 [INFO] Pass: FixedPoint - 0.00453 (ms)
2026-07-13 10:44:46,184 [INFO] Pass: Optimize1qGatesDecomposition - 0.13518 (ms)
2026-07-13 10:44:46,184 [INFO] Pass: InverseCancellation - 0.00787 (ms)
2026-07-13 10:44:46,184 [INFO] Pass: GatesInBasis - 0.65660 (ms)
2026-07-13 10:44:46,184 [INFO] Pass: Depth - 0.14091 (ms)
2026-07-13 10:44:46,184 [INFO] Pass: FixedPoint - 0.00501 (ms)
2026-07-13 10:44:46,185 [INFO] Pass: Size - 0.05245 (ms)
2026-07-13 10:44:46,185 [INFO] Pass: FixedPoint - 0.00453 (ms)
2026-07-13 10:44:46,185 [INFO] Pass: ContainsInstruction - 0.00548 (ms)
2026-07-13 10:44:46,186 [INFO] Total Transpile Time - 81.93088 (ms)
2026-07-13 10:44:46,186 [INFO] Pass: ContainsInstruction - 0.01121 (ms)
2026-07-13 10:44:46,186 [INFO] Pass: InverseCancellation - 0.01693 (ms)
2026-07-13 10:44:46,186 [INFO] Pass: UnitarySynthesis - 0.00620 (ms)
2026-07-13 10:44:46,186 [INFO] Pass: ContainsInstruction - 0.01144 (ms)
2026-07-13 10:44:46,187 [INFO] Pass: InverseCancellation - 0.01717 (ms)
2026-07-13 10:44:46,187 [INFO] Pass: UnitarySynthesis - 0.00596 (ms)
2026-07-13 10:44:46,187 [INFO] Pass: ContainsInstruction - 0.01240 (ms)
2026-07-13 10:44:46,187 [INFO] Pass: InverseCancellation - 0.02217 (ms)
2026-07-13 10:44:46,187 [INFO] Pass: UnitarySynthesis - 0.00596 (ms)
2026-07-13 10:44:46,188 [INFO] Pass: HighLevelSynthesis - 1.31822 (ms)
2026-07-13 10:44:46,188 [INFO] Pass: HighLevelSynthesis - 1.31464 (ms)
2026-07-13 10:44:46,189 [INFO] Pass: HighLevelSynthesis - 1.26076 (ms)
2026-07-13 10:44:46,189 [INFO] Pass: BasisTranslator - 0.66495 (ms)
2026-07-13 10:44:46,189 [INFO] Pass: BasisTranslator - 0.64278 (ms)
2026-07-13 10:44:46,189 [INFO] Pass: Depth - 0.18048 (ms)
2026-07-13 10:44:46,189 [INFO] Pass: FixedPoint - 0.01240 (ms)
2026-07-13 10:44:46,189 [INFO] Pass: Size - 0.05651 (ms)
2026-07-13 10:44:46,189 [INFO] Pass: FixedPoint - 0.00477 (ms)
2026-07-13 10:44:46,189 [INFO] Pass: Depth - 0.18764 (ms)
2026-07-13 10:44:46,189 [INFO] Pass: FixedPoint - 0.01526 (ms)
2026-07-13 10:44:46,189 [INFO] Pass: Size - 0.05460 (ms)
2026-07-13 10:44:46,189 [INFO] Pass: Optimize1qGatesDecomposition - 0.13351 (ms)
2026-07-13 10:44:46,189 [INFO] Pass: FixedPoint - 0.00477 (ms)
2026-07-13 10:44:46,189 [INFO] Pass: InverseCancellation - 0.00811 (ms)
2026-07-13 10:44:46,189 [INFO] Pass: BasisTranslator - 0.64850 (ms)
2026-07-13 10:44:46,189 [INFO] Pass: Optimize1qGatesDecomposition - 0.12898 (ms)
2026-07-13 10:44:46,189 [INFO] Pass: InverseCancellation - 0.00715 (ms)
2026-07-13 10:44:46,189 [INFO] Pass: Depth - 0.17977 (ms)
2026-07-13 10:44:46,189 [INFO] Pass: FixedPoint - 0.01669 (ms)
2026-07-13 10:44:46,190 [INFO] Pass: Size - 0.05460 (ms)
2026-07-13 10:44:46,190 [INFO] Pass: FixedPoint - 0.00477 (ms)
2026-07-13 10:44:46,190 [INFO] Pass: Optimize1qGatesDecomposition - 0.12612 (ms)
2026-07-13 10:44:46,190 [INFO] Pass: InverseCancellation - 0.00739 (ms)
2026-07-13 10:44:46,190 [INFO] Pass: GatesInBasis - 0.64588 (ms)
2026-07-13 10:44:46,190 [INFO] Pass: Depth - 0.14400 (ms)
2026-07-13 10:44:46,190 [INFO] Pass: GatesInBasis - 0.65422 (ms)
2026-07-13 10:44:46,190 [INFO] Pass: FixedPoint - 0.00501 (ms)
2026-07-13 10:44:46,190 [INFO] Pass: Size - 0.05221 (ms)
2026-07-13 10:44:46,190 [INFO] Pass: FixedPoint - 0.00429 (ms)
2026-07-13 10:44:46,190 [INFO] Pass: Depth - 0.14019 (ms)
2026-07-13 10:44:46,190 [INFO] Pass: ContainsInstruction - 0.00453 (ms)
2026-07-13 10:44:46,190 [INFO] Pass: FixedPoint - 0.00525 (ms)
2026-07-13 10:44:46,190 [INFO] Pass: Size - 0.05174 (ms)
2026-07-13 10:44:46,190 [INFO] Pass: FixedPoint - 0.00405 (ms)
2026-07-13 10:44:46,190 [INFO] Pass: ContainsInstruction - 0.00453 (ms)
2026-07-13 10:44:46,191 [INFO] Pass: GatesInBasis - 0.64659 (ms)
2026-07-13 10:44:46,191 [INFO] Pass: Depth - 0.13757 (ms)
2026-07-13 10:44:46,191 [INFO] Pass: ContainsInstruction - 0.01216 (ms)
2026-07-13 10:44:46,191 [INFO] Pass: FixedPoint - 0.00501 (ms)
2026-07-13 10:44:46,191 [INFO] Pass: InverseCancellation - 0.01788 (ms)
2026-07-13 10:44:46,191 [INFO] Pass: Size - 0.05150 (ms)
2026-07-13 10:44:46,191 [INFO] Pass: UnitarySynthesis - 0.00596 (ms)
2026-07-13 10:44:46,191 [INFO] Pass: FixedPoint - 0.00453 (ms)
2026-07-13 10:44:46,191 [INFO] Pass: ContainsInstruction - 0.00572 (ms)
2026-07-13 10:44:46,192 [INFO] Total Transpile Time - 82.65758 (ms)
2026-07-13 10:44:46,192 [INFO] Total Transpile Time - 82.83520 (ms)
2026-07-13 10:44:46,192 [INFO] Pass: HighLevelSynthesis - 1.24288 (ms)
2026-07-13 10:44:46,192 [INFO] Total Transpile Time - 82.72219 (ms)
2026-07-13 10:44:46,193 [INFO] Pass: ContainsInstruction - 0.01144 (ms)
2026-07-13 10:44:46,193 [INFO] Pass: BasisTranslator - 0.64540 (ms)
2026-07-13 10:44:46,193 [INFO] Pass: InverseCancellation - 0.01645 (ms)
2026-07-13 10:44:46,193 [INFO] Pass: UnitarySynthesis - 0.01216 (ms)
2026-07-13 10:44:46,193 [INFO] Pass: Depth - 0.18692 (ms)
2026-07-13 10:44:46,193 [INFO] Pass: FixedPoint - 0.01407 (ms)
2026-07-13 10:44:46,193 [INFO] Pass: Size - 0.05484 (ms)
2026-07-13 10:44:46,193 [INFO] Pass: FixedPoint - 0.00477 (ms)
2026-07-13 10:44:46,193 [INFO] Pass: Optimize1qGatesDecomposition - 0.12755 (ms)
2026-07-13 10:44:46,193 [INFO] Pass: InverseCancellation - 0.00763 (ms)
2026-07-13 10:44:46,194 [INFO] Pass: GatesInBasis - 0.70596 (ms)
2026-07-13 10:44:46,194 [INFO] Pass: HighLevelSynthesis - 1.30486 (ms)
2026-07-13 10:44:46,194 [INFO] Pass: Depth - 0.14138 (ms)
2026-07-13 10:44:46,194 [INFO] Pass: FixedPoint - 0.00525 (ms)
2026-07-13 10:44:46,195 [INFO] Pass: Size - 0.05198 (ms)
2026-07-13 10:44:46,195 [INFO] Pass: FixedPoint - 0.00429 (ms)
2026-07-13 10:44:46,195 [INFO] Pass: ContainsInstruction - 0.00501 (ms)
2026-07-13 10:44:46,195 [INFO] Pass: BasisTranslator - 0.66066 (ms)
2026-07-13 10:44:46,195 [INFO] Pass: Depth - 0.18048 (ms)
2026-07-13 10:44:46,195 [INFO] Pass: FixedPoint - 0.01407 (ms)
2026-07-13 10:44:46,195 [INFO] Pass: Size - 0.05460 (ms)
2026-07-13 10:44:46,195 [INFO] Pass: FixedPoint - 0.00453 (ms)
2026-07-13 10:44:46,196 [INFO] Pass: Optimize1qGatesDecomposition - 0.12898 (ms)
2026-07-13 10:44:46,196 [INFO] Pass: InverseCancellation - 0.00834 (ms)
2026-07-13 10:44:46,196 [INFO] Total Transpile Time - 83.26268 (ms)
2026-07-13 10:44:46,196 [INFO] Pass: ContainsInstruction - 0.01192 (ms)
2026-07-13 10:44:46,196 [INFO] Pass: InverseCancellation - 0.01645 (ms)
2026-07-13 10:44:46,196 [INFO] Pass: UnitarySynthesis - 0.00548 (ms)
2026-07-13 10:44:46,196 [INFO] Pass: GatesInBasis - 0.65517 (ms)
2026-07-13 10:44:46,197 [INFO] Pass: Depth - 0.14019 (ms)
2026-07-13 10:44:46,197 [INFO] Pass: FixedPoint - 0.00525 (ms)
2026-07-13 10:44:46,197 [INFO] Pass: Size - 0.05221 (ms)
2026-07-13 10:44:46,197 [INFO] Pass: FixedPoint - 0.00453 (ms)
2026-07-13 10:44:46,197 [INFO] Pass: ContainsInstruction - 0.00501 (ms)
2026-07-13 10:44:46,197 [INFO] Pass: HighLevelSynthesis - 1.28317 (ms)
2026-07-13 10:44:46,198 [INFO] Total Transpile Time - 82.15928 (ms)
2026-07-13 10:44:46,198 [INFO] Pass: BasisTranslator - 0.71383 (ms)
2026-07-13 10:44:46,198 [INFO] Pass: Depth - 0.17953 (ms)
2026-07-13 10:44:46,199 [INFO] Pass: FixedPoint - 0.01431 (ms)
2026-07-13 10:44:46,199 [INFO] Pass: Size - 0.05507 (ms)
2026-07-13 10:44:46,199 [INFO] Pass: FixedPoint - 0.00477 (ms)
2026-07-13 10:44:46,199 [INFO] Pass: Optimize1qGatesDecomposition - 0.12755 (ms)
2026-07-13 10:44:46,199 [INFO] Pass: InverseCancellation - 0.00763 (ms)
2026-07-13 10:44:46,200 [INFO] Pass: GatesInBasis - 0.66113 (ms)
2026-07-13 10:44:46,200 [INFO] Pass: ContainsInstruction - 0.01168 (ms)
2026-07-13 10:44:46,200 [INFO] Pass: Depth - 0.13900 (ms)
2026-07-13 10:44:46,200 [INFO] Pass: FixedPoint - 0.00525 (ms)
2026-07-13 10:44:46,200 [INFO] Pass: InverseCancellation - 0.01597 (ms)
2026-07-13 10:44:46,200 [INFO] Pass: Size - 0.05198 (ms)
2026-07-13 10:44:46,200 [INFO] Pass: UnitarySynthesis - 0.00644 (ms)
2026-07-13 10:44:46,200 [INFO] Pass: FixedPoint - 0.00429 (ms)
2026-07-13 10:44:46,200 [INFO] Pass: ContainsInstruction - 0.00477 (ms)
2026-07-13 10:44:46,201 [INFO] Pass: HighLevelSynthesis - 1.29533 (ms)
2026-07-13 10:44:46,201 [INFO] Total Transpile Time - 81.75349 (ms)
2026-07-13 10:44:46,202 [INFO] Pass: BasisTranslator - 0.70930 (ms)
2026-07-13 10:44:46,202 [INFO] Pass: Depth - 0.18477 (ms)
2026-07-13 10:44:46,202 [INFO] Pass: FixedPoint - 0.01693 (ms)
2026-07-13 10:44:46,202 [INFO] Pass: Size - 0.05460 (ms)
2026-07-13 10:44:46,202 [INFO] Pass: FixedPoint - 0.00453 (ms)
2026-07-13 10:44:46,203 [INFO] Pass: Optimize1qGatesDecomposition - 0.12493 (ms)
2026-07-13 10:44:46,203 [INFO] Pass: InverseCancellation - 0.00787 (ms)
2026-07-13 10:44:46,203 [INFO] Pass: GatesInBasis - 0.66519 (ms)
2026-07-13 10:44:46,203 [INFO] Pass: Depth - 0.13828 (ms)
2026-07-13 10:44:46,204 [INFO] Pass: FixedPoint - 0.00501 (ms)
2026-07-13 10:44:46,204 [INFO] Pass: Size - 0.05174 (ms)
2026-07-13 10:44:46,204 [INFO] Pass: FixedPoint - 0.00429 (ms)
2026-07-13 10:44:46,204 [INFO] Pass: ContainsInstruction - 0.00525 (ms)
2026-07-13 10:44:46,204 [INFO] Pass: ContainsInstruction - 0.01216 (ms)
2026-07-13 10:44:46,204 [INFO] Pass: InverseCancellation - 0.01574 (ms)
2026-07-13 10:44:46,204 [INFO] Pass: UnitarySynthesis - 0.00596 (ms)
2026-07-13 10:44:46,205 [INFO] Total Transpile Time - 82.10683 (ms)
2026-07-13 10:44:46,205 [INFO] Pass: HighLevelSynthesis - 1.27554 (ms)
2026-07-13 10:44:46,206 [INFO] Pass: BasisTranslator - 0.64301 (ms)
2026-07-13 10:44:46,206 [INFO] Pass: Depth - 0.18239 (ms)
2026-07-13 10:44:46,206 [INFO] Pass: FixedPoint - 0.01454 (ms)
2026-07-13 10:44:46,206 [INFO] Pass: Size - 0.05579 (ms)
2026-07-13 10:44:46,206 [INFO] Pass: FixedPoint - 0.00453 (ms)
2026-07-13 10:44:46,206 [INFO] Pass: Optimize1qGatesDecomposition - 0.12732 (ms)
2026-07-13 10:44:46,207 [INFO] Pass: InverseCancellation - 0.00691 (ms)
2026-07-13 10:44:46,207 [INFO] Pass: GatesInBasis - 0.66495 (ms)
2026-07-13 10:44:46,207 [INFO] Pass: Depth - 0.13852 (ms)
2026-07-13 10:44:46,207 [INFO] Pass: FixedPoint - 0.00811 (ms)
2026-07-13 10:44:46,208 [INFO] Pass: Size - 0.05174 (ms)
2026-07-13 10:44:46,208 [INFO] Pass: FixedPoint - 0.00453 (ms)
2026-07-13 10:44:46,208 [INFO] Pass: ContainsInstruction - 0.00453 (ms)
2026-07-13 10:44:46,209 [INFO] Pass: ContainsInstruction - 0.01335 (ms)
2026-07-13 10:44:46,209 [INFO] Pass: InverseCancellation - 0.01550 (ms)
2026-07-13 10:44:46,209 [INFO] Pass: UnitarySynthesis - 0.00668 (ms)
2026-07-13 10:44:46,209 [INFO] Total Transpile Time - 82.83210 (ms)
2026-07-13 10:44:46,210 [INFO] Pass: ContainsInstruction - 0.01144 (ms)
2026-07-13 10:44:46,210 [INFO] Pass: InverseCancellation - 0.01597 (ms)
2026-07-13 10:44:46,210 [INFO] Pass: UnitarySynthesis - 0.00596 (ms)
2026-07-13 10:44:46,210 [INFO] Pass: HighLevelSynthesis - 1.26505 (ms)
2026-07-13 10:44:46,211 [INFO] Pass: BasisTranslator - 0.64254 (ms)
2026-07-13 10:44:46,211 [INFO] Pass: Depth - 0.18311 (ms)
2026-07-13 10:44:46,211 [INFO] Pass: FixedPoint - 0.01574 (ms)
2026-07-13 10:44:46,211 [INFO] Pass: Size - 0.05436 (ms)
2026-07-13 10:44:46,211 [INFO] Pass: FixedPoint - 0.00477 (ms)
2026-07-13 10:44:46,211 [INFO] Pass: Optimize1qGatesDecomposition - 0.12469 (ms)
2026-07-13 10:44:46,211 [INFO] Pass: HighLevelSynthesis - 1.24216 (ms)
2026-07-13 10:44:46,211 [INFO] Pass: InverseCancellation - 0.00978 (ms)
2026-07-13 10:44:46,212 [INFO] Pass: GatesInBasis - 0.65804 (ms)
2026-07-13 10:44:46,212 [INFO] Pass: BasisTranslator - 0.70286 (ms)
2026-07-13 10:44:46,212 [INFO] Pass: Depth - 0.13804 (ms)
2026-07-13 10:44:46,212 [INFO] Pass: FixedPoint - 0.00525 (ms)
2026-07-13 10:44:46,212 [INFO] Pass: Depth - 0.18430 (ms)
2026-07-13 10:44:46,212 [INFO] Pass: FixedPoint - 0.01502 (ms)
2026-07-13 10:44:46,212 [INFO] Pass: Size - 0.05150 (ms)
2026-07-13 10:44:46,212 [INFO] Pass: FixedPoint - 0.00429 (ms)
2026-07-13 10:44:46,212 [INFO] Pass: ContainsInstruction - 0.00477 (ms)
2026-07-13 10:44:46,212 [INFO] Pass: Size - 0.05507 (ms)
2026-07-13 10:44:46,212 [INFO] Pass: FixedPoint - 0.00477 (ms)
2026-07-13 10:44:46,213 [INFO] Pass: Optimize1qGatesDecomposition - 0.13041 (ms)
2026-07-13 10:44:46,213 [INFO] Pass: InverseCancellation - 0.00954 (ms)
2026-07-13 10:44:46,213 [INFO] Pass: GatesInBasis - 0.66471 (ms)
2026-07-13 10:44:46,214 [INFO] Pass: Depth - 0.14114 (ms)
2026-07-13 10:44:46,214 [INFO] Pass: FixedPoint - 0.00548 (ms)
2026-07-13 10:44:46,214 [INFO] Total Transpile Time - 83.97841 (ms)
2026-07-13 10:44:46,214 [INFO] Pass: Size - 0.05484 (ms)
2026-07-13 10:44:46,214 [INFO] Pass: FixedPoint - 0.00477 (ms)
2026-07-13 10:44:46,214 [INFO] Pass: ContainsInstruction - 0.00477 (ms)
2026-07-13 10:44:46,214 [INFO] Pass: ContainsInstruction - 0.01097 (ms)
2026-07-13 10:44:46,214 [INFO] Pass: InverseCancellation - 0.01597 (ms)
2026-07-13 10:44:46,214 [INFO] Pass: UnitarySynthesis - 0.00572 (ms)
2026-07-13 10:44:46,215 [INFO] Total Transpile Time - 81.62665 (ms)
2026-07-13 10:44:46,215 [INFO] Pass: HighLevelSynthesis - 1.26719 (ms)
2026-07-13 10:44:46,216 [INFO] Pass: BasisTranslator - 0.70858 (ms)
2026-07-13 10:44:46,216 [INFO] Pass: Depth - 0.17834 (ms)
2026-07-13 10:44:46,216 [INFO] Pass: FixedPoint - 0.01431 (ms)
2026-07-13 10:44:46,217 [INFO] Pass: Size - 0.05460 (ms)
2026-07-13 10:44:46,217 [INFO] Pass: FixedPoint - 0.00429 (ms)
2026-07-13 10:44:46,217 [INFO] Pass: Optimize1qGatesDecomposition - 0.12469 (ms)
2026-07-13 10:44:46,217 [INFO] Pass: InverseCancellation - 0.00930 (ms)
2026-07-13 10:44:46,218 [INFO] Pass: GatesInBasis - 0.65398 (ms)
2026-07-13 10:44:46,218 [INFO] Pass: Depth - 0.13900 (ms)
2026-07-13 10:44:46,218 [INFO] Pass: FixedPoint - 0.00477 (ms)
2026-07-13 10:44:46,218 [INFO] Pass: Size - 0.05198 (ms)
2026-07-13 10:44:46,218 [INFO] Pass: FixedPoint - 0.00429 (ms)
2026-07-13 10:44:46,218 [INFO] Pass: ContainsInstruction - 0.00477 (ms)
2026-07-13 10:44:46,219 [INFO] Total Transpile Time - 82.29542 (ms)
2026-07-13 10:44:46,223 [INFO] Pass: ContainsInstruction - 0.01121 (ms)
2026-07-13 10:44:46,223 [INFO] Pass: InverseCancellation - 0.01597 (ms)
2026-07-13 10:44:46,223 [INFO] Pass: UnitarySynthesis - 0.00620 (ms)
2026-07-13 10:44:46,224 [INFO] Pass: HighLevelSynthesis - 1.25003 (ms)
2026-07-13 10:44:46,225 [INFO] Pass: BasisTranslator - 0.64588 (ms)
2026-07-13 10:44:46,225 [INFO] Pass: Depth - 0.17762 (ms)
2026-07-13 10:44:46,225 [INFO] Pass: FixedPoint - 0.01431 (ms)
2026-07-13 10:44:46,225 [INFO] Pass: Size - 0.05436 (ms)
2026-07-13 10:44:46,225 [INFO] Pass: FixedPoint - 0.00477 (ms)
2026-07-13 10:44:46,226 [INFO] Pass: Optimize1qGatesDecomposition - 0.12541 (ms)
2026-07-13 10:44:46,226 [INFO] Pass: InverseCancellation - 0.00691 (ms)
2026-07-13 10:44:46,226 [INFO] Pass: GatesInBasis - 0.65303 (ms)
2026-07-13 10:44:46,226 [INFO] Pass: Depth - 0.13757 (ms)
2026-07-13 10:44:46,226 [INFO] Pass: FixedPoint - 0.00548 (ms)
2026-07-13 10:44:46,227 [INFO] Pass: Size - 0.05126 (ms)
2026-07-13 10:44:46,227 [INFO] Pass: FixedPoint - 0.00453 (ms)
2026-07-13 10:44:46,227 [INFO] Pass: ContainsInstruction - 0.00477 (ms)
2026-07-13 10:44:46,227 [INFO] Pass: ContainsInstruction - 0.01049 (ms)
2026-07-13 10:44:46,227 [INFO] Pass: InverseCancellation - 0.01597 (ms)
2026-07-13 10:44:46,227 [INFO] Pass: UnitarySynthesis - 0.00572 (ms)
2026-07-13 10:44:46,228 [INFO] Total Transpile Time - 87.74590 (ms)
2026-07-13 10:44:46,228 [INFO] Pass: HighLevelSynthesis - 1.24049 (ms)
2026-07-13 10:44:46,229 [INFO] Pass: BasisTranslator - 0.64278 (ms)
2026-07-13 10:44:46,229 [INFO] Pass: Depth - 0.17834 (ms)
2026-07-13 10:44:46,229 [INFO] Pass: FixedPoint - 0.01287 (ms)
2026-07-13 10:44:46,229 [INFO] Pass: Size - 0.05388 (ms)
2026-07-13 10:44:46,229 [INFO] Pass: FixedPoint - 0.00501 (ms)
2026-07-13 10:44:46,230 [INFO] Pass: Optimize1qGatesDecomposition - 0.11992 (ms)
2026-07-13 10:44:46,230 [INFO] Pass: InverseCancellation - 0.00715 (ms)
2026-07-13 10:44:46,230 [INFO] Pass: GatesInBasis - 0.69451 (ms)
2026-07-13 10:44:46,230 [INFO] Pass: Depth - 0.13852 (ms)
2026-07-13 10:44:46,231 [INFO] Pass: FixedPoint - 0.00525 (ms)
2026-07-13 10:44:46,231 [INFO] Pass: Size - 0.05150 (ms)
2026-07-13 10:44:46,231 [INFO] Pass: FixedPoint - 0.00477 (ms)
2026-07-13 10:44:46,231 [INFO] Pass: ContainsInstruction - 0.00477 (ms)
2026-07-13 10:44:46,231 [INFO] Pass: ContainsInstruction - 0.01073 (ms)
2026-07-13 10:44:46,231 [INFO] Pass: ContainsInstruction - 0.01049 (ms)
2026-07-13 10:44:46,231 [INFO] Pass: InverseCancellation - 0.01621 (ms)
2026-07-13 10:44:46,231 [INFO] Pass: InverseCancellation - 0.01478 (ms)
2026-07-13 10:44:46,231 [INFO] Pass: UnitarySynthesis - 0.00501 (ms)
2026-07-13 10:44:46,231 [INFO] Pass: UnitarySynthesis - 0.00548 (ms)
2026-07-13 10:44:46,232 [INFO] Total Transpile Time - 87.75711 (ms)
2026-07-13 10:44:46,233 [INFO] Pass: HighLevelSynthesis - 1.22762 (ms)
2026-07-13 10:44:46,233 [INFO] Pass: HighLevelSynthesis - 1.25432 (ms)
2026-07-13 10:44:46,233 [INFO] Pass: BasisTranslator - 0.70190 (ms)
2026-07-13 10:44:46,233 [INFO] Pass: BasisTranslator - 0.64588 (ms)
2026-07-13 10:44:46,234 [INFO] Pass: Depth - 0.17071 (ms)
2026-07-13 10:44:46,234 [INFO] Pass: Depth - 0.17619 (ms)
2026-07-13 10:44:46,234 [INFO] Pass: FixedPoint - 0.01287 (ms)
2026-07-13 10:44:46,234 [INFO] Pass: FixedPoint - 0.01264 (ms)
2026-07-13 10:44:46,234 [INFO] Pass: Size - 0.05341 (ms)
2026-07-13 10:44:46,234 [INFO] Pass: Size - 0.05412 (ms)
2026-07-13 10:44:46,234 [INFO] Pass: FixedPoint - 0.00477 (ms)
2026-07-13 10:44:46,234 [INFO] Pass: FixedPoint - 0.00477 (ms)
2026-07-13 10:44:46,234 [INFO] Pass: Optimize1qGatesDecomposition - 0.12779 (ms)
2026-07-13 10:44:46,234 [INFO] Pass: Optimize1qGatesDecomposition - 0.12779 (ms)
2026-07-13 10:44:46,234 [INFO] Pass: InverseCancellation - 0.00691 (ms)
2026-07-13 10:44:46,234 [INFO] Pass: InverseCancellation - 0.00763 (ms)
2026-07-13 10:44:46,235 [INFO] Pass: GatesInBasis - 0.64301 (ms)
2026-07-13 10:44:46,235 [INFO] Pass: GatesInBasis - 0.64993 (ms)
2026-07-13 10:44:46,235 [INFO] Pass: Depth - 0.13781 (ms)
2026-07-13 10:44:46,235 [INFO] Pass: Depth - 0.13709 (ms)
2026-07-13 10:44:46,235 [INFO] Pass: FixedPoint - 0.00501 (ms)
2026-07-13 10:44:46,235 [INFO] Pass: FixedPoint - 0.00525 (ms)
2026-07-13 10:44:46,235 [INFO] Pass: Size - 0.05174 (ms)
2026-07-13 10:44:46,235 [INFO] Pass: Size - 0.05174 (ms)
2026-07-13 10:44:46,235 [INFO] Pass: FixedPoint - 0.00405 (ms)
2026-07-13 10:44:46,235 [INFO] Pass: FixedPoint - 0.00453 (ms)
2026-07-13 10:44:46,235 [INFO] Pass: ContainsInstruction - 0.00477 (ms)
2026-07-13 10:44:46,235 [INFO] Pass: ContainsInstruction - 0.00477 (ms)
2026-07-13 10:44:46,236 [INFO] Total Transpile Time - 84.02085 (ms)
2026-07-13 10:44:46,236 [INFO] Total Transpile Time - 87.69536 (ms)
2026-07-13 10:44:46,243 [INFO] Pass: ContainsInstruction - 0.01121 (ms)
2026-07-13 10:44:46,244 [INFO] Pass: InverseCancellation - 0.16809 (ms)
2026-07-13 10:44:46,244 [INFO] Pass: UnitarySynthesis - 0.00453 (ms)
2026-07-13 10:44:46,245 [INFO] Pass: HighLevelSynthesis - 1.21164 (ms)
2026-07-13 10:44:46,246 [INFO] Pass: BasisTranslator - 0.65494 (ms)
2026-07-13 10:44:46,246 [INFO] Pass: Depth - 0.15521 (ms)
2026-07-13 10:44:46,246 [INFO] Pass: FixedPoint - 0.00763 (ms)
2026-07-13 10:44:46,246 [INFO] Pass: Size - 0.05603 (ms)
2026-07-13 10:44:46,246 [INFO] Pass: FixedPoint - 0.00453 (ms)
2026-07-13 10:44:46,247 [INFO] Pass: Optimize1qGatesDecomposition - 1.09315 (ms)
2026-07-13 10:44:46,247 [INFO] Pass: InverseCancellation - 0.14496 (ms)
2026-07-13 10:44:46,248 [INFO] Pass: GatesInBasis - 0.68521 (ms)
2026-07-13 10:44:46,248 [INFO] Pass: Depth - 0.14544 (ms)
2026-07-13 10:44:46,248 [INFO] Pass: FixedPoint - 0.00525 (ms)
2026-07-13 10:44:46,248 [INFO] Pass: Size - 0.05412 (ms)
2026-07-13 10:44:46,248 [INFO] Pass: FixedPoint - 0.00429 (ms)
2026-07-13 10:44:46,249 [INFO] Pass: ContainsInstruction - 0.00882 (ms)
2026-07-13 10:44:46,249 [INFO] Pass: ContainsInstruction - 0.00715 (ms)
2026-07-13 10:44:46,250 [INFO] Pass: InverseCancellation - 0.16236 (ms)
2026-07-13 10:44:46,250 [INFO] Pass: UnitarySynthesis - 0.00429 (ms)
2026-07-13 10:44:46,250 [INFO] Total Transpile Time - 63.65919 (ms)
2026-07-13 10:44:46,250 [INFO] Pass: ContainsInstruction - 0.00906 (ms)
2026-07-13 10:44:46,250 [INFO] Pass: ContainsInstruction - 0.00763 (ms)
2026-07-13 10:44:46,250 [INFO] Pass: InverseCancellation - 0.17166 (ms)
2026-07-13 10:44:46,250 [INFO] Pass: UnitarySynthesis - 0.00429 (ms)
2026-07-13 10:44:46,250 [INFO] Pass: InverseCancellation - 0.16880 (ms)
2026-07-13 10:44:46,250 [INFO] Pass: UnitarySynthesis - 0.00405 (ms)
2026-07-13 10:44:46,251 [INFO] Pass: HighLevelSynthesis - 1.20592 (ms)
2026-07-13 10:44:46,251 [INFO] Pass: HighLevelSynthesis - 1.20926 (ms)
2026-07-13 10:44:46,252 [INFO] Pass: HighLevelSynthesis - 1.21164 (ms)
2026-07-13 10:44:46,252 [INFO] Pass: BasisTranslator - 0.67735 (ms)
2026-07-13 10:44:46,252 [INFO] Pass: Depth - 0.15473 (ms)
2026-07-13 10:44:46,252 [INFO] Pass: FixedPoint - 0.00787 (ms)
2026-07-13 10:44:46,252 [INFO] Pass: Size - 0.05603 (ms)
2026-07-13 10:44:46,252 [INFO] Pass: FixedPoint - 0.00453 (ms)
2026-07-13 10:44:46,252 [INFO] Pass: BasisTranslator - 0.66662 (ms)
2026-07-13 10:44:46,252 [INFO] Pass: BasisTranslator - 0.66209 (ms)
2026-07-13 10:44:46,252 [INFO] Pass: Depth - 0.15688 (ms)
2026-07-13 10:44:46,252 [INFO] Pass: FixedPoint - 0.00787 (ms)
2026-07-13 10:44:46,252 [INFO] Pass: Size - 0.05674 (ms)
2026-07-13 10:44:46,252 [INFO] Pass: Depth - 0.15378 (ms)
2026-07-13 10:44:46,252 [INFO] Pass: FixedPoint - 0.00429 (ms)
2026-07-13 10:44:46,252 [INFO] Pass: FixedPoint - 0.00763 (ms)
2026-07-13 10:44:46,253 [INFO] Pass: Size - 0.05555 (ms)
2026-07-13 10:44:46,253 [INFO] Pass: FixedPoint - 0.00429 (ms)
2026-07-13 10:44:46,253 [INFO] Pass: Optimize1qGatesDecomposition - 1.08862 (ms)
2026-07-13 10:44:46,253 [INFO] Pass: InverseCancellation - 0.14448 (ms)
2026-07-13 10:44:46,253 [INFO] Pass: ContainsInstruction - 0.00715 (ms)
2026-07-13 10:44:46,254 [INFO] Pass: Optimize1qGatesDecomposition - 1.09315 (ms)
2026-07-13 10:44:46,254 [INFO] Pass: InverseCancellation - 0.16475 (ms)
2026-07-13 10:44:46,254 [INFO] Pass: Optimize1qGatesDecomposition - 1.08171 (ms)
2026-07-13 10:44:46,254 [INFO] Pass: UnitarySynthesis - 0.00429 (ms)
2026-07-13 10:44:46,254 [INFO] Pass: InverseCancellation - 0.14782 (ms)
2026-07-13 10:44:46,254 [INFO] Pass: InverseCancellation - 0.14949 (ms)
2026-07-13 10:44:46,254 [INFO] Pass: GatesInBasis - 0.68998 (ms)
2026-07-13 10:44:46,254 [INFO] Pass: Depth - 0.14687 (ms)
2026-07-13 10:44:46,254 [INFO] Pass: FixedPoint - 0.00525 (ms)
2026-07-13 10:44:46,254 [INFO] Pass: Size - 0.05460 (ms)
2026-07-13 10:44:46,254 [INFO] Pass: FixedPoint - 0.00429 (ms)
2026-07-13 10:44:46,254 [INFO] Pass: ContainsInstruction - 0.00429 (ms)
2026-07-13 10:44:46,255 [INFO] Pass: GatesInBasis - 0.69952 (ms)
2026-07-13 10:44:46,255 [INFO] Pass: Depth - 0.14925 (ms)
2026-07-13 10:44:46,255 [INFO] Pass: GatesInBasis - 0.77057 (ms)
2026-07-13 10:44:46,255 [INFO] Pass: FixedPoint - 0.00572 (ms)
2026-07-13 10:44:46,255 [INFO] Pass: Size - 0.05484 (ms)
2026-07-13 10:44:46,255 [INFO] Pass: FixedPoint - 0.00429 (ms)
2026-07-13 10:44:46,255 [INFO] Pass: ContainsInstruction - 0.00525 (ms)
2026-07-13 10:44:46,255 [INFO] Pass: Depth - 0.15068 (ms)
2026-07-13 10:44:46,255 [INFO] Pass: FixedPoint - 0.00572 (ms)
2026-07-13 10:44:46,255 [INFO] Pass: HighLevelSynthesis - 1.21474 (ms)
2026-07-13 10:44:46,255 [INFO] Pass: Size - 0.05627 (ms)
2026-07-13 10:44:46,255 [INFO] Pass: FixedPoint - 0.00429 (ms)
2026-07-13 10:44:46,255 [INFO] Pass: ContainsInstruction - 0.00477 (ms)
2026-07-13 10:44:46,255 [INFO] Pass: ContainsInstruction - 0.00739 (ms)
2026-07-13 10:44:46,256 [INFO] Total Transpile Time - 63.84897 (ms)
2026-07-13 10:44:46,256 [INFO] Pass: InverseCancellation - 0.16403 (ms)
2026-07-13 10:44:46,256 [INFO] Pass: BasisTranslator - 0.66495 (ms)
2026-07-13 10:44:46,256 [INFO] Pass: UnitarySynthesis - 0.00405 (ms)
2026-07-13 10:44:46,256 [INFO] Pass: Depth - 0.15497 (ms)
2026-07-13 10:44:46,256 [INFO] Pass: FixedPoint - 0.01121 (ms)
2026-07-13 10:44:46,256 [INFO] Pass: Size - 0.05603 (ms)
2026-07-13 10:44:46,256 [INFO] Pass: FixedPoint - 0.00453 (ms)
2026-07-13 10:44:46,256 [INFO] Total Transpile Time - 64.29362 (ms)
2026-07-13 10:44:46,256 [INFO] Total Transpile Time - 64.01348 (ms)
2026-07-13 10:44:46,257 [INFO] Pass: HighLevelSynthesis - 1.23167 (ms)
2026-07-13 10:44:46,257 [INFO] Pass: Optimize1qGatesDecomposition - 1.09243 (ms)
2026-07-13 10:44:46,257 [INFO] Pass: InverseCancellation - 0.14949 (ms)
2026-07-13 10:44:46,258 [INFO] Pass: BasisTranslator - 0.67258 (ms)
2026-07-13 10:44:46,258 [INFO] Pass: Depth - 0.15569 (ms)
2026-07-13 10:44:46,258 [INFO] Pass: FixedPoint - 0.00763 (ms)
2026-07-13 10:44:46,258 [INFO] Pass: Size - 0.05555 (ms)
2026-07-13 10:44:46,258 [INFO] Pass: FixedPoint - 0.00429 (ms)
2026-07-13 10:44:46,258 [INFO] Pass: GatesInBasis - 0.77629 (ms)
2026-07-13 10:44:46,258 [INFO] Pass: Depth - 0.15020 (ms)
2026-07-13 10:44:46,258 [INFO] Pass: FixedPoint - 0.00572 (ms)
2026-07-13 10:44:46,259 [INFO] Pass: Size - 0.05484 (ms)
2026-07-13 10:44:46,259 [INFO] Pass: FixedPoint - 0.00453 (ms)
2026-07-13 10:44:46,259 [INFO] Pass: ContainsInstruction - 0.00477 (ms)
2026-07-13 10:44:46,259 [INFO] Pass: ContainsInstruction - 0.00739 (ms)
2026-07-13 10:44:46,259 [INFO] Pass: InverseCancellation - 0.16737 (ms)
2026-07-13 10:44:46,259 [INFO] Pass: UnitarySynthesis - 0.00429 (ms)
2026-07-13 10:44:46,259 [INFO] Pass: Optimize1qGatesDecomposition - 1.07694 (ms)
2026-07-13 10:44:46,259 [INFO] Pass: InverseCancellation - 0.14353 (ms)
2026-07-13 10:44:46,260 [INFO] Total Transpile Time - 63.84206 (ms)
2026-07-13 10:44:46,260 [INFO] Pass: GatesInBasis - 0.69642 (ms)
2026-07-13 10:44:46,260 [INFO] Pass: HighLevelSynthesis - 1.20449 (ms)
2026-07-13 10:44:46,260 [INFO] Pass: Depth - 0.14496 (ms)
2026-07-13 10:44:46,260 [INFO] Pass: FixedPoint - 0.00548 (ms)
2026-07-13 10:44:46,260 [INFO] Pass: Size - 0.05507 (ms)
2026-07-13 10:44:46,260 [INFO] Pass: FixedPoint - 0.00453 (ms)
2026-07-13 10:44:46,261 [INFO] Pass: ContainsInstruction - 0.00453 (ms)
2026-07-13 10:44:46,261 [INFO] Pass: BasisTranslator - 0.80466 (ms)
2026-07-13 10:44:46,261 [INFO] Pass: Depth - 0.15569 (ms)
2026-07-13 10:44:46,261 [INFO] Pass: FixedPoint - 0.00787 (ms)
2026-07-13 10:44:46,261 [INFO] Pass: Size - 0.05579 (ms)
2026-07-13 10:44:46,261 [INFO] Pass: FixedPoint - 0.00453 (ms)
2026-07-13 10:44:46,262 [INFO] Total Transpile Time - 63.63487 (ms)
2026-07-13 10:44:46,263 [INFO] Pass: ContainsInstruction - 0.00763 (ms)
2026-07-13 10:44:46,263 [INFO] Pass: Optimize1qGatesDecomposition - 1.07837 (ms)
2026-07-13 10:44:46,263 [INFO] Pass: InverseCancellation - 0.14710 (ms)
2026-07-13 10:44:46,263 [INFO] Pass: InverseCancellation - 0.17071 (ms)
2026-07-13 10:44:46,263 [INFO] Pass: UnitarySynthesis - 0.00429 (ms)
2026-07-13 10:44:46,264 [INFO] Pass: GatesInBasis - 0.69022 (ms)
2026-07-13 10:44:46,264 [INFO] Pass: Depth - 0.14663 (ms)
2026-07-13 10:44:46,264 [INFO] Pass: FixedPoint - 0.00572 (ms)
2026-07-13 10:44:46,264 [INFO] Pass: Size - 0.05460 (ms)
2026-07-13 10:44:46,264 [INFO] Pass: FixedPoint - 0.00405 (ms)
2026-07-13 10:44:46,264 [INFO] Pass: ContainsInstruction - 0.00453 (ms)
2026-07-13 10:44:46,264 [INFO] Pass: HighLevelSynthesis - 1.20854 (ms)
2026-07-13 10:44:46,265 [INFO] Pass: BasisTranslator - 0.81110 (ms)
2026-07-13 10:44:46,265 [INFO] Total Transpile Time - 63.76100 (ms)
2026-07-13 10:44:46,265 [INFO] Pass: Depth - 0.15712 (ms)
2026-07-13 10:44:46,265 [INFO] Pass: FixedPoint - 0.00787 (ms)
2026-07-13 10:44:46,265 [INFO] Pass: Size - 0.05555 (ms)
2026-07-13 10:44:46,265 [INFO] Pass: FixedPoint - 0.00429 (ms)
2026-07-13 10:44:46,266 [INFO] Pass: ContainsInstruction - 0.00715 (ms)
2026-07-13 10:44:46,266 [INFO] Pass: InverseCancellation - 0.16570 (ms)
2026-07-13 10:44:46,266 [INFO] Pass: Optimize1qGatesDecomposition - 1.08790 (ms)
2026-07-13 10:44:46,267 [INFO] Pass: UnitarySynthesis - 0.00429 (ms)
2026-07-13 10:44:46,267 [INFO] Pass: InverseCancellation - 0.14663 (ms)
2026-07-13 10:44:46,267 [INFO] Pass: GatesInBasis - 0.69094 (ms)
2026-07-13 10:44:46,268 [INFO] Pass: Depth - 0.14687 (ms)
2026-07-13 10:44:46,268 [INFO] Pass: FixedPoint - 0.00572 (ms)
2026-07-13 10:44:46,268 [INFO] Pass: Size - 0.05460 (ms)
2026-07-13 10:44:46,268 [INFO] Pass: FixedPoint - 0.00429 (ms)
2026-07-13 10:44:46,268 [INFO] Pass: HighLevelSynthesis - 1.21355 (ms)
2026-07-13 10:44:46,268 [INFO] Pass: ContainsInstruction - 0.00429 (ms)
2026-07-13 10:44:46,268 [INFO] Pass: BasisTranslator - 0.66423 (ms)
2026-07-13 10:44:46,269 [INFO] Pass: Depth - 0.15593 (ms)
2026-07-13 10:44:46,269 [INFO] Pass: FixedPoint - 0.00763 (ms)
2026-07-13 10:44:46,269 [INFO] Pass: Size - 0.05531 (ms)
2026-07-13 10:44:46,269 [INFO] Pass: FixedPoint - 0.00429 (ms)
2026-07-13 10:44:46,269 [INFO] Total Transpile Time - 63.90786 (ms)
2026-07-13 10:44:46,270 [INFO] Pass: Optimize1qGatesDecomposition - 1.08981 (ms)
2026-07-13 10:44:46,270 [INFO] Pass: InverseCancellation - 0.14281 (ms)
2026-07-13 10:44:46,271 [INFO] Pass: ContainsInstruction - 0.00787 (ms)
2026-07-13 10:44:46,271 [INFO] Pass: GatesInBasis - 0.77438 (ms)
2026-07-13 10:44:46,271 [INFO] Pass: Depth - 0.14734 (ms)
2026-07-13 10:44:46,271 [INFO] Pass: InverseCancellation - 0.16689 (ms)
2026-07-13 10:44:46,271 [INFO] Pass: FixedPoint - 0.00525 (ms)
2026-07-13 10:44:46,271 [INFO] Pass: UnitarySynthesis - 0.00453 (ms)
2026-07-13 10:44:46,271 [INFO] Pass: Size - 0.05460 (ms)
2026-07-13 10:44:46,271 [INFO] Pass: FixedPoint - 0.00429 (ms)
2026-07-13 10:44:46,271 [INFO] Pass: ContainsInstruction - 0.00453 (ms)
2026-07-13 10:44:46,272 [INFO] Pass: ContainsInstruction - 0.00715 (ms)
2026-07-13 10:44:46,272 [INFO] Pass: InverseCancellation - 0.16904 (ms)
2026-07-13 10:44:46,273 [INFO] Pass: UnitarySynthesis - 0.00453 (ms)
2026-07-13 10:44:46,273 [INFO] Pass: HighLevelSynthesis - 1.21713 (ms)
2026-07-13 10:44:46,273 [INFO] Total Transpile Time - 63.56549 (ms)
2026-07-13 10:44:46,273 [INFO] Pass: BasisTranslator - 0.66924 (ms)
2026-07-13 10:44:46,273 [INFO] Pass: Depth - 0.15426 (ms)
2026-07-13 10:44:46,273 [INFO] Pass: FixedPoint - 0.00739 (ms)
2026-07-13 10:44:46,274 [INFO] Pass: Size - 0.05603 (ms)
2026-07-13 10:44:46,274 [INFO] Pass: FixedPoint - 0.00453 (ms)
2026-07-13 10:44:46,274 [INFO] Pass: HighLevelSynthesis - 1.19662 (ms)
2026-07-13 10:44:46,275 [INFO] Pass: BasisTranslator - 0.81992 (ms)
2026-07-13 10:44:46,275 [INFO] Pass: Optimize1qGatesDecomposition - 1.08409 (ms)
2026-07-13 10:44:46,275 [INFO] Pass: Depth - 0.15593 (ms)
2026-07-13 10:44:46,275 [INFO] Pass: FixedPoint - 0.00787 (ms)
2026-07-13 10:44:46,275 [INFO] Pass: InverseCancellation - 0.14663 (ms)
2026-07-13 10:44:46,275 [INFO] Pass: Size - 0.05913 (ms)
2026-07-13 10:44:46,275 [INFO] Pass: FixedPoint - 0.00453 (ms)
2026-07-13 10:44:46,276 [INFO] Pass: GatesInBasis - 0.77343 (ms)
2026-07-13 10:44:46,276 [INFO] Pass: Depth - 0.15283 (ms)
2026-07-13 10:44:46,276 [INFO] Pass: FixedPoint - 0.00620 (ms)
2026-07-13 10:44:46,276 [INFO] Pass: Size - 0.05460 (ms)
2026-07-13 10:44:46,276 [INFO] Pass: FixedPoint - 0.00429 (ms)
2026-07-13 10:44:46,276 [INFO] Pass: Optimize1qGatesDecomposition - 1.08194 (ms)
2026-07-13 10:44:46,276 [INFO] Pass: ContainsInstruction - 0.00477 (ms)
2026-07-13 10:44:46,276 [INFO] Pass: InverseCancellation - 0.14472 (ms)
2026-07-13 10:44:46,276 [INFO] Pass: ContainsInstruction - 0.00715 (ms)
2026-07-13 10:44:46,277 [INFO] Pass: InverseCancellation - 0.16236 (ms)
2026-07-13 10:44:46,277 [INFO] Pass: UnitarySynthesis - 0.00429 (ms)
2026-07-13 10:44:46,277 [INFO] Pass: GatesInBasis - 0.68927 (ms)
2026-07-13 10:44:46,277 [INFO] Pass: Depth - 0.14615 (ms)
2026-07-13 10:44:46,277 [INFO] Pass: FixedPoint - 0.00525 (ms)
2026-07-13 10:44:46,277 [INFO] Total Transpile Time - 63.58027 (ms)
2026-07-13 10:44:46,277 [INFO] Pass: Size - 0.05412 (ms)
2026-07-13 10:44:46,277 [INFO] Pass: FixedPoint - 0.00429 (ms)
2026-07-13 10:44:46,277 [INFO] Pass: ContainsInstruction - 0.00477 (ms)
2026-07-13 10:44:46,278 [INFO] Pass: HighLevelSynthesis - 1.19948 (ms)
2026-07-13 10:44:46,279 [INFO] Total Transpile Time - 63.52496 (ms)
2026-07-13 10:44:46,279 [INFO] Pass: BasisTranslator - 0.80657 (ms)
2026-07-13 10:44:46,279 [INFO] Pass: Depth - 0.16236 (ms)
2026-07-13 10:44:46,279 [INFO] Pass: FixedPoint - 0.00811 (ms)
2026-07-13 10:44:46,279 [INFO] Pass: Size - 0.05627 (ms)
2026-07-13 10:44:46,279 [INFO] Pass: FixedPoint - 0.00453 (ms)
2026-07-13 10:44:46,280 [INFO] Pass: Optimize1qGatesDecomposition - 1.07980 (ms)
2026-07-13 10:44:46,281 [INFO] Pass: InverseCancellation - 0.14520 (ms)
2026-07-13 10:44:46,281 [INFO] Pass: GatesInBasis - 0.68951 (ms)
2026-07-13 10:44:46,281 [INFO] Pass: Depth - 0.14496 (ms)
2026-07-13 10:44:46,281 [INFO] Pass: FixedPoint - 0.00548 (ms)
2026-07-13 10:44:46,282 [INFO] Pass: Size - 0.05412 (ms)
2026-07-13 10:44:46,282 [INFO] Pass: FixedPoint - 0.00429 (ms)
2026-07-13 10:44:46,282 [INFO] Pass: ContainsInstruction - 0.00477 (ms)
2026-07-13 10:44:46,283 [INFO] Total Transpile Time - 63.54833 (ms)
2026-07-13 10:44:46,285 [INFO] Pass: ContainsInstruction - 0.01001 (ms)
2026-07-13 10:44:46,286 [INFO] Pass: InverseCancellation - 0.16522 (ms)
2026-07-13 10:44:46,286 [INFO] Pass: UnitarySynthesis - 0.00429 (ms)
2026-07-13 10:44:46,287 [INFO] Pass: HighLevelSynthesis - 1.20306 (ms)
2026-07-13 10:44:46,288 [INFO] Pass: BasisTranslator - 0.66352 (ms)
2026-07-13 10:44:46,288 [INFO] Pass: Depth - 0.15545 (ms)
2026-07-13 10:44:46,288 [INFO] Pass: FixedPoint - 0.00954 (ms)
2026-07-13 10:44:46,288 [INFO] Pass: Size - 0.05698 (ms)
2026-07-13 10:44:46,288 [INFO] Pass: FixedPoint - 0.00453 (ms)
2026-07-13 10:44:46,289 [INFO] Pass: Optimize1qGatesDecomposition - 1.07765 (ms)
2026-07-13 10:44:46,289 [INFO] Pass: ContainsInstruction - 0.00715 (ms)
2026-07-13 10:44:46,289 [INFO] Pass: InverseCancellation - 0.14448 (ms)
2026-07-13 10:44:46,289 [INFO] Pass: InverseCancellation - 0.16952 (ms)
2026-07-13 10:44:46,290 [INFO] Pass: UnitarySynthesis - 0.00429 (ms)
2026-07-13 10:44:46,290 [INFO] Pass: GatesInBasis - 0.76938 (ms)
2026-07-13 10:44:46,290 [INFO] Pass: Depth - 0.14925 (ms)
2026-07-13 10:44:46,290 [INFO] Pass: FixedPoint - 0.00525 (ms)
2026-07-13 10:44:46,290 [INFO] Pass: Size - 0.05436 (ms)
2026-07-13 10:44:46,291 [INFO] Pass: FixedPoint - 0.00429 (ms)
2026-07-13 10:44:46,291 [INFO] Pass: ContainsInstruction - 0.00501 (ms)
2026-07-13 10:44:46,291 [INFO] Pass: HighLevelSynthesis - 1.21999 (ms)
2026-07-13 10:44:46,292 [INFO] Pass: BasisTranslator - 0.81396 (ms)
2026-07-13 10:44:46,292 [INFO] Total Transpile Time - 63.74788 (ms)
2026-07-13 10:44:46,292 [INFO] Pass: Depth - 0.15712 (ms)
2026-07-13 10:44:46,292 [INFO] Pass: FixedPoint - 0.00811 (ms)
2026-07-13 10:44:46,292 [INFO] Pass: Size - 0.06199 (ms)
2026-07-13 10:44:46,292 [INFO] Pass: FixedPoint - 0.00477 (ms)
2026-07-13 10:44:46,293 [INFO] Pass: Optimize1qGatesDecomposition - 1.07980 (ms)
2026-07-13 10:44:46,293 [INFO] Pass: InverseCancellation - 0.14520 (ms)
2026-07-13 10:44:46,294 [INFO] Pass: ContainsInstruction - 0.00644 (ms)
2026-07-13 10:44:46,294 [INFO] Pass: ContainsInstruction - 0.00644 (ms)
2026-07-13 10:44:46,294 [INFO] Pass: InverseCancellation - 0.16379 (ms)
2026-07-13 10:44:46,294 [INFO] Pass: UnitarySynthesis - 0.00453 (ms)
2026-07-13 10:44:46,294 [INFO] Pass: InverseCancellation - 0.16999 (ms)
2026-07-13 10:44:46,294 [INFO] Pass: UnitarySynthesis - 0.00429 (ms)
2026-07-13 10:44:46,294 [INFO] Pass: GatesInBasis - 0.69427 (ms)
2026-07-13 10:44:46,294 [INFO] Pass: Depth - 0.14663 (ms)
2026-07-13 10:44:46,294 [INFO] Pass: FixedPoint - 0.00572 (ms)
2026-07-13 10:44:46,294 [INFO] Pass: Size - 0.05388 (ms)
2026-07-13 10:44:46,294 [INFO] Pass: FixedPoint - 0.00405 (ms)
2026-07-13 10:44:46,294 [INFO] Pass: ContainsInstruction - 0.00477 (ms)
2026-07-13 10:44:46,295 [INFO] Pass: HighLevelSynthesis - 1.21784 (ms)
2026-07-13 10:44:46,295 [INFO] Pass: HighLevelSynthesis - 1.20759 (ms)
2026-07-13 10:44:46,296 [INFO] Total Transpile Time - 63.65752 (ms)
2026-07-13 10:44:46,296 [INFO] Pass: BasisTranslator - 0.66590 (ms)
2026-07-13 10:44:46,296 [INFO] Pass: Depth - 0.15235 (ms)
2026-07-13 10:44:46,296 [INFO] Pass: BasisTranslator - 0.81730 (ms)
2026-07-13 10:44:46,296 [INFO] Pass: FixedPoint - 0.00691 (ms)
2026-07-13 10:44:46,296 [INFO] Pass: Size - 0.05555 (ms)
2026-07-13 10:44:46,296 [INFO] Pass: FixedPoint - 0.00429 (ms)
2026-07-13 10:44:46,296 [INFO] Pass: Depth - 0.15044 (ms)
2026-07-13 10:44:46,296 [INFO] Pass: FixedPoint - 0.00739 (ms)
2026-07-13 10:44:46,296 [INFO] Pass: Size - 0.05579 (ms)
2026-07-13 10:44:46,297 [INFO] Pass: FixedPoint - 0.00429 (ms)
2026-07-13 10:44:46,297 [INFO] Pass: Optimize1qGatesDecomposition - 1.07384 (ms)
2026-07-13 10:44:46,298 [INFO] Pass: InverseCancellation - 0.14520 (ms)
2026-07-13 10:44:46,298 [INFO] Pass: Optimize1qGatesDecomposition - 1.08075 (ms)
2026-07-13 10:44:46,298 [INFO] Pass: InverseCancellation - 0.14400 (ms)
2026-07-13 10:44:46,298 [INFO] Pass: GatesInBasis - 0.76747 (ms)
2026-07-13 10:44:46,299 [INFO] Pass: GatesInBasis - 0.69666 (ms)
2026-07-13 10:44:46,299 [INFO] Pass: Depth - 0.14615 (ms)
2026-07-13 10:44:46,299 [INFO] Pass: FixedPoint - 0.00572 (ms)
2026-07-13 10:44:46,299 [INFO] Pass: Size - 0.05364 (ms)
2026-07-13 10:44:46,299 [INFO] Pass: Depth - 0.14567 (ms)
2026-07-13 10:44:46,299 [INFO] Pass: FixedPoint - 0.00405 (ms)
2026-07-13 10:44:46,299 [INFO] Pass: FixedPoint - 0.00525 (ms)
2026-07-13 10:44:46,299 [INFO] Pass: ContainsInstruction - 0.00453 (ms)
2026-07-13 10:44:46,299 [INFO] Pass: Size - 0.05412 (ms)
2026-07-13 10:44:46,299 [INFO] Pass: FixedPoint - 0.00429 (ms)
2026-07-13 10:44:46,299 [INFO] Pass: ContainsInstruction - 0.00501 (ms)
2026-07-13 10:44:46,300 [INFO] Total Transpile Time - 63.54928 (ms)
2026-07-13 10:44:46,300 [INFO] Total Transpile Time - 63.71951 (ms)
2026-07-13 10:44:46,307 [INFO] Pass: ContainsInstruction - 0.00858 (ms)
2026-07-13 10:44:46,307 [INFO] Pass: InverseCancellation - 0.17357 (ms)
2026-07-13 10:44:46,307 [INFO] Pass: UnitarySynthesis - 0.00453 (ms)
2026-07-13 10:44:46,309 [INFO] Pass: HighLevelSynthesis - 1.30010 (ms)
2026-07-13 10:44:46,309 [INFO] Pass: BasisTranslator - 0.70333 (ms)
2026-07-13 10:44:46,309 [INFO] Pass: Depth - 0.16284 (ms)
2026-07-13 10:44:46,310 [INFO] Pass: FixedPoint - 0.00787 (ms)
2026-07-13 10:44:46,310 [INFO] Pass: Size - 0.05841 (ms)
2026-07-13 10:44:46,310 [INFO] Pass: FixedPoint - 0.00477 (ms)
2026-07-13 10:44:46,311 [INFO] Pass: Optimize1qGatesDecomposition - 1.20592 (ms)
2026-07-13 10:44:46,311 [INFO] Pass: InverseCancellation - 0.00787 (ms)
2026-07-13 10:44:46,312 [INFO] Pass: GatesInBasis - 0.68045 (ms)
2026-07-13 10:44:46,312 [INFO] Pass: Depth - 0.14973 (ms)
2026-07-13 10:44:46,312 [INFO] Pass: FixedPoint - 0.00572 (ms)
2026-07-13 10:44:46,312 [INFO] Pass: Size - 0.05817 (ms)
2026-07-13 10:44:46,312 [INFO] Pass: FixedPoint - 0.00429 (ms)
2026-07-13 10:44:46,313 [INFO] Pass: ContainsInstruction - 0.00787 (ms)
2026-07-13 10:44:46,313 [INFO] Pass: Optimize1qGatesDecomposition - 0.99778 (ms)
2026-07-13 10:44:46,313 [INFO] Pass: InverseCancellation - 0.17333 (ms)
2026-07-13 10:44:46,313 [INFO] Pass: InverseCancellation - 0.00691 (ms)
2026-07-13 10:44:46,313 [INFO] Pass: UnitarySynthesis - 0.00453 (ms)
2026-07-13 10:44:46,314 [INFO] Pass: ContainsInstruction - 0.00787 (ms)
2026-07-13 10:44:46,314 [INFO] Pass: GatesInBasis - 0.74196 (ms)
2026-07-13 10:44:46,314 [INFO] Pass: ContainsInstruction - 0.00787 (ms)
2026-07-13 10:44:46,314 [INFO] Pass: InverseCancellation - 0.17619 (ms)
2026-07-13 10:44:46,314 [INFO] Pass: UnitarySynthesis - 0.00429 (ms)
2026-07-13 10:44:46,314 [INFO] Pass: Depth - 0.15068 (ms)
2026-07-13 10:44:46,314 [INFO] Pass: FixedPoint - 0.00525 (ms)
2026-07-13 10:44:46,314 [INFO] Pass: InverseCancellation - 0.16785 (ms)
2026-07-13 10:44:46,314 [INFO] Pass: UnitarySynthesis - 0.00453 (ms)
2026-07-13 10:44:46,314 [INFO] Pass: Size - 0.05484 (ms)
2026-07-13 10:44:46,314 [INFO] Pass: FixedPoint - 0.00429 (ms)
2026-07-13 10:44:46,314 [INFO] Pass: ContainsInstruction - 0.00548 (ms)
2026-07-13 10:44:46,314 [INFO] Pass: HighLevelSynthesis - 1.28174 (ms)
2026-07-13 10:44:46,315 [INFO] Pass: BasisTranslator - 0.69928 (ms)
2026-07-13 10:44:46,315 [INFO] Pass: HighLevelSynthesis - 1.28555 (ms)
2026-07-13 10:44:46,315 [INFO] Pass: Depth - 0.16403 (ms)
2026-07-13 10:44:46,315 [INFO] Pass: FixedPoint - 0.00739 (ms)
2026-07-13 10:44:46,315 [INFO] Total Transpile Time - 65.72366 (ms)
2026-07-13 10:44:46,315 [INFO] Pass: HighLevelSynthesis - 1.27077 (ms)
2026-07-13 10:44:46,316 [INFO] Pass: Size - 0.05889 (ms)
2026-07-13 10:44:46,316 [INFO] Pass: FixedPoint - 0.00453 (ms)
2026-07-13 10:44:46,316 [INFO] Pass: BasisTranslator - 0.71120 (ms)
2026-07-13 10:44:46,316 [INFO] Pass: Depth - 0.16689 (ms)
2026-07-13 10:44:46,316 [INFO] Pass: BasisTranslator - 0.84400 (ms)
2026-07-13 10:44:46,316 [INFO] Pass: FixedPoint - 0.00763 (ms)
2026-07-13 10:44:46,317 [INFO] Pass: Size - 0.05865 (ms)
2026-07-13 10:44:46,317 [INFO] Pass: FixedPoint - 0.00453 (ms)
2026-07-13 10:44:46,317 [INFO] Pass: Depth - 0.16546 (ms)
2026-07-13 10:44:46,317 [INFO] Pass: FixedPoint - 0.00787 (ms)
2026-07-13 10:44:46,317 [INFO] Pass: Size - 0.05865 (ms)
2026-07-13 10:44:46,317 [INFO] Pass: FixedPoint - 0.00501 (ms)
2026-07-13 10:44:46,317 [INFO] Pass: Optimize1qGatesDecomposition - 1.20306 (ms)
2026-07-13 10:44:46,317 [INFO] Pass: InverseCancellation - 0.00787 (ms)
2026-07-13 10:44:46,317 [INFO] Pass: ContainsInstruction - 0.00763 (ms)
2026-07-13 10:44:46,318 [INFO] Pass: GatesInBasis - 0.68760 (ms)
2026-07-13 10:44:46,318 [INFO] Pass: InverseCancellation - 0.16856 (ms)
2026-07-13 10:44:46,318 [INFO] Pass: UnitarySynthesis - 0.00429 (ms)
2026-07-13 10:44:46,318 [INFO] Pass: Optimize1qGatesDecomposition - 1.20258 (ms)
2026-07-13 10:44:46,318 [INFO] Pass: Depth - 0.15068 (ms)
2026-07-13 10:44:46,318 [INFO] Pass: InverseCancellation - 0.00858 (ms)
2026-07-13 10:44:46,318 [INFO] Pass: FixedPoint - 0.00548 (ms)
2026-07-13 10:44:46,318 [INFO] Pass: Size - 0.05984 (ms)
2026-07-13 10:44:46,318 [INFO] Pass: FixedPoint - 0.00405 (ms)
2026-07-13 10:44:46,318 [INFO] Pass: Optimize1qGatesDecomposition - 1.19591 (ms)
2026-07-13 10:44:46,318 [INFO] Pass: InverseCancellation - 0.00954 (ms)
2026-07-13 10:44:46,319 [INFO] Pass: GatesInBasis - 0.68355 (ms)
2026-07-13 10:44:46,319 [INFO] Pass: Depth - 0.15116 (ms)
2026-07-13 10:44:46,319 [INFO] Pass: FixedPoint - 0.00548 (ms)
2026-07-13 10:44:46,319 [INFO] Pass: GatesInBasis - 0.67925 (ms)
2026-07-13 10:44:46,319 [INFO] Pass: Size - 0.05507 (ms)
2026-07-13 10:44:46,319 [INFO] Pass: FixedPoint - 0.00429 (ms)
2026-07-13 10:44:46,319 [INFO] Pass: Depth - 0.15879 (ms)
2026-07-13 10:44:46,319 [INFO] Pass: HighLevelSynthesis - 1.28126 (ms)
2026-07-13 10:44:46,319 [INFO] Pass: Optimize1qGatesDecomposition - 1.00112 (ms)
2026-07-13 10:44:46,319 [INFO] Pass: FixedPoint - 0.00596 (ms)
2026-07-13 10:44:46,319 [INFO] Pass: InverseCancellation - 0.00715 (ms)
2026-07-13 10:44:46,319 [INFO] Pass: Size - 0.05555 (ms)
2026-07-13 10:44:46,319 [INFO] Pass: FixedPoint - 0.00453 (ms)
2026-07-13 10:44:46,319 [INFO] Pass: ContainsInstruction - 0.00715 (ms)
2026-07-13 10:44:46,319 [INFO] Pass: InverseCancellation - 0.16403 (ms)
2026-07-13 10:44:46,320 [INFO] Pass: UnitarySynthesis - 0.00477 (ms)
2026-07-13 10:44:46,320 [INFO] Pass: GatesInBasis - 0.74267 (ms)
2026-07-13 10:44:46,320 [INFO] Pass: BasisTranslator - 0.85235 (ms)
2026-07-13 10:44:46,320 [INFO] Pass: Optimize1qGatesDecomposition - 0.99921 (ms)
2026-07-13 10:44:46,320 [INFO] Pass: InverseCancellation - 0.00763 (ms)
2026-07-13 10:44:46,320 [INFO] Pass: Depth - 0.15140 (ms)
2026-07-13 10:44:46,320 [INFO] Pass: FixedPoint - 0.00548 (ms)
2026-07-13 10:44:46,320 [INFO] Pass: Depth - 0.16618 (ms)
2026-07-13 10:44:46,320 [INFO] Pass: FixedPoint - 0.00787 (ms)
2026-07-13 10:44:46,320 [INFO] Pass: Size - 0.05460 (ms)
2026-07-13 10:44:46,320 [INFO] Pass: Optimize1qGatesDecomposition - 1.00112 (ms)
2026-07-13 10:44:46,320 [INFO] Pass: FixedPoint - 0.00405 (ms)
2026-07-13 10:44:46,320 [INFO] Pass: ContainsInstruction - 0.00548 (ms)
2026-07-13 10:44:46,320 [INFO] Pass: InverseCancellation - 0.00715 (ms)
2026-07-13 10:44:46,320 [INFO] Pass: Size - 0.05889 (ms)
2026-07-13 10:44:46,320 [INFO] Pass: FixedPoint - 0.00453 (ms)
2026-07-13 10:44:46,321 [INFO] Pass: GatesInBasis - 0.75555 (ms)
2026-07-13 10:44:46,321 [INFO] Pass: HighLevelSynthesis - 1.29461 (ms)
2026-07-13 10:44:46,321 [INFO] Pass: GatesInBasis - 0.66829 (ms)
2026-07-13 10:44:46,321 [INFO] Pass: Depth - 0.15378 (ms)
2026-07-13 10:44:46,321 [INFO] Pass: FixedPoint - 0.00548 (ms)
2026-07-13 10:44:46,321 [INFO] Pass: Size - 0.05460 (ms)
2026-07-13 10:44:46,321 [INFO] Pass: Depth - 0.14591 (ms)
2026-07-13 10:44:46,321 [INFO] Pass: FixedPoint - 0.00453 (ms)
2026-07-13 10:44:46,321 [INFO] Pass: FixedPoint - 0.00525 (ms)
2026-07-13 10:44:46,321 [INFO] Pass: ContainsInstruction - 0.00548 (ms)
2026-07-13 10:44:46,321 [INFO] Pass: Size - 0.05388 (ms)
2026-07-13 10:44:46,321 [INFO] Pass: FixedPoint - 0.00429 (ms)
2026-07-13 10:44:46,321 [INFO] Pass: ContainsInstruction - 0.00572 (ms)
2026-07-13 10:44:46,321 [INFO] Total Transpile Time - 65.83333 (ms)
2026-07-13 10:44:46,322 [INFO] Pass: Optimize1qGatesDecomposition - 1.18947 (ms)
2026-07-13 10:44:46,322 [INFO] Pass: BasisTranslator - 0.69880 (ms)
2026-07-13 10:44:46,322 [INFO] Pass: InverseCancellation - 0.00834 (ms)
2026-07-13 10:44:46,322 [INFO] Pass: Depth - 0.16570 (ms)
2026-07-13 10:44:46,322 [INFO] Pass: FixedPoint - 0.00739 (ms)
2026-07-13 10:44:46,322 [INFO] Pass: Size - 0.05865 (ms)
2026-07-13 10:44:46,322 [INFO] Pass: FixedPoint - 0.00429 (ms)
2026-07-13 10:44:46,322 [INFO] Pass: GatesInBasis - 0.69261 (ms)
2026-07-13 10:44:46,322 [INFO] Pass: ContainsInstruction - 0.00739 (ms)
2026-07-13 10:44:46,322 [INFO] Total Transpile Time - 66.20502 (ms)
2026-07-13 10:44:46,323 [INFO] Pass: Depth - 0.15283 (ms)
2026-07-13 10:44:46,323 [INFO] Total Transpile Time - 66.13278 (ms)
2026-07-13 10:44:46,323 [INFO] Pass: FixedPoint - 0.00572 (ms)
2026-07-13 10:44:46,323 [INFO] Pass: InverseCancellation - 0.16713 (ms)
2026-07-13 10:44:46,323 [INFO] Pass: UnitarySynthesis - 0.00429 (ms)
2026-07-13 10:44:46,323 [INFO] Pass: Size - 0.05436 (ms)
2026-07-13 10:44:46,323 [INFO] Pass: FixedPoint - 0.00429 (ms)
2026-07-13 10:44:46,323 [INFO] Pass: Optimize1qGatesDecomposition - 1.19710 (ms)
2026-07-13 10:44:46,323 [INFO] Pass: InverseCancellation - 0.00882 (ms)
2026-07-13 10:44:46,324 [INFO] Pass: Optimize1qGatesDecomposition - 0.99850 (ms)
2026-07-13 10:44:46,324 [INFO] Pass: InverseCancellation - 0.00691 (ms)
2026-07-13 10:44:46,324 [INFO] Pass: HighLevelSynthesis - 1.28579 (ms)
2026-07-13 10:44:46,324 [INFO] Pass: GatesInBasis - 0.68426 (ms)
2026-07-13 10:44:46,324 [INFO] Pass: Depth - 0.15354 (ms)
2026-07-13 10:44:46,324 [INFO] Pass: FixedPoint - 0.00572 (ms)
2026-07-13 10:44:46,324 [INFO] Pass: Size - 0.05555 (ms)
2026-07-13 10:44:46,324 [INFO] Pass: FixedPoint - 0.00429 (ms)
2026-07-13 10:44:46,324 [INFO] Pass: GatesInBasis - 0.66876 (ms)
2026-07-13 10:44:46,325 [INFO] Pass: Depth - 0.14591 (ms)
2026-07-13 10:44:46,325 [INFO] Pass: FixedPoint - 0.00525 (ms)
2026-07-13 10:44:46,325 [INFO] Pass: Size - 0.05412 (ms)
2026-07-13 10:44:46,325 [INFO] Pass: FixedPoint - 0.00405 (ms)
2026-07-13 10:44:46,325 [INFO] Pass: BasisTranslator - 0.85187 (ms)
2026-07-13 10:44:46,325 [INFO] Pass: ContainsInstruction - 0.00501 (ms)
2026-07-13 10:44:46,325 [INFO] Pass: Depth - 0.17095 (ms)
2026-07-13 10:44:46,325 [INFO] Pass: FixedPoint - 0.00882 (ms)
2026-07-13 10:44:46,325 [INFO] Pass: Size - 0.05889 (ms)
2026-07-13 10:44:46,325 [INFO] Pass: FixedPoint - 0.00453 (ms)
2026-07-13 10:44:46,325 [INFO] Pass: Optimize1qGatesDecomposition - 0.99564 (ms)
2026-07-13 10:44:46,325 [INFO] Pass: InverseCancellation - 0.00763 (ms)
2026-07-13 10:44:46,326 [INFO] Total Transpile Time - 66.20932 (ms)
2026-07-13 10:44:46,326 [INFO] Pass: GatesInBasis - 0.75769 (ms)
2026-07-13 10:44:46,326 [INFO] Pass: Depth - 0.14710 (ms)
2026-07-13 10:44:46,326 [INFO] Pass: FixedPoint - 0.00525 (ms)
2026-07-13 10:44:46,326 [INFO] Pass: Optimize1qGatesDecomposition - 1.19829 (ms)
2026-07-13 10:44:46,327 [INFO] Pass: InverseCancellation - 0.00811 (ms)
2026-07-13 10:44:46,327 [INFO] Pass: Size - 0.05460 (ms)
2026-07-13 10:44:46,327 [INFO] Pass: FixedPoint - 0.00453 (ms)
2026-07-13 10:44:46,327 [INFO] Pass: ContainsInstruction - 0.00787 (ms)
2026-07-13 10:44:46,327 [INFO] Pass: ContainsInstruction - 0.00525 (ms)
2026-07-13 10:44:46,327 [INFO] Pass: InverseCancellation - 0.16761 (ms)
2026-07-13 10:44:46,327 [INFO] Pass: UnitarySynthesis - 0.00477 (ms)
2026-07-13 10:44:46,327 [INFO] Pass: GatesInBasis - 0.68665 (ms)
2026-07-13 10:44:46,327 [INFO] Pass: Depth - 0.15330 (ms)
2026-07-13 10:44:46,328 [INFO] Pass: FixedPoint - 0.00548 (ms)
2026-07-13 10:44:46,328 [INFO] Pass: Size - 0.05531 (ms)
2026-07-13 10:44:46,328 [INFO] Pass: FixedPoint - 0.00453 (ms)
2026-07-13 10:44:46,328 [INFO] Total Transpile Time - 66.04934 (ms)
2026-07-13 10:44:46,328 [INFO] Pass: HighLevelSynthesis - 1.29151 (ms)
2026-07-13 10:44:46,329 [INFO] Pass: Optimize1qGatesDecomposition - 1.00732 (ms)
2026-07-13 10:44:46,329 [INFO] Pass: InverseCancellation - 0.00763 (ms)
2026-07-13 10:44:46,329 [INFO] Pass: BasisTranslator - 0.85425 (ms)
2026-07-13 10:44:46,329 [INFO] Pass: Depth - 0.16665 (ms)
2026-07-13 10:44:46,329 [INFO] Pass: FixedPoint - 0.00811 (ms)
2026-07-13 10:44:46,329 [INFO] Pass: GatesInBasis - 0.68355 (ms)
2026-07-13 10:44:46,330 [INFO] Pass: Size - 0.05889 (ms)
2026-07-13 10:44:46,330 [INFO] Pass: FixedPoint - 0.00453 (ms)
2026-07-13 10:44:46,330 [INFO] Pass: Depth - 0.14496 (ms)
2026-07-13 10:44:46,330 [INFO] Pass: FixedPoint - 0.00501 (ms)
2026-07-13 10:44:46,330 [INFO] Pass: Size - 0.05412 (ms)
2026-07-13 10:44:46,330 [INFO] Pass: FixedPoint - 0.00453 (ms)
2026-07-13 10:44:46,330 [INFO] Pass: ContainsInstruction - 0.00548 (ms)
2026-07-13 10:44:46,330 [INFO] Pass: ContainsInstruction - 0.00811 (ms)
2026-07-13 10:44:46,330 [INFO] Pass: InverseCancellation - 0.16809 (ms)
2026-07-13 10:44:46,330 [INFO] Pass: UnitarySynthesis - 0.00501 (ms)
2026-07-13 10:44:46,331 [INFO] Pass: Optimize1qGatesDecomposition - 1.20711 (ms)
2026-07-13 10:44:46,331 [INFO] Pass: InverseCancellation - 0.00858 (ms)
2026-07-13 10:44:46,331 [INFO] Total Transpile Time - 65.90581 (ms)
2026-07-13 10:44:46,332 [INFO] Pass: GatesInBasis - 0.68498 (ms)
2026-07-13 10:44:46,332 [INFO] Pass: HighLevelSynthesis - 1.27387 (ms)
2026-07-13 10:44:46,332 [INFO] Pass: Depth - 0.15163 (ms)
2026-07-13 10:44:46,332 [INFO] Pass: FixedPoint - 0.00620 (ms)
2026-07-13 10:44:46,332 [INFO] Pass: Size - 0.05507 (ms)
2026-07-13 10:44:46,332 [INFO] Pass: FixedPoint - 0.00477 (ms)
2026-07-13 10:44:46,333 [INFO] Pass: BasisTranslator - 0.85974 (ms)
2026-07-13 10:44:46,333 [INFO] Pass: Depth - 0.16570 (ms)
2026-07-13 10:44:46,333 [INFO] Pass: FixedPoint - 0.00787 (ms)
2026-07-13 10:44:46,333 [INFO] Pass: Size - 0.05913 (ms)
2026-07-13 10:44:46,333 [INFO] Pass: FixedPoint - 0.00453 (ms)
2026-07-13 10:44:46,333 [INFO] Pass: Optimize1qGatesDecomposition - 1.00160 (ms)
2026-07-13 10:44:46,333 [INFO] Pass: InverseCancellation - 0.00715 (ms)
2026-07-13 10:44:46,334 [INFO] Pass: GatesInBasis - 0.66662 (ms)
2026-07-13 10:44:46,334 [INFO] Pass: Depth - 0.14544 (ms)
2026-07-13 10:44:46,334 [INFO] Pass: FixedPoint - 0.00525 (ms)
2026-07-13 10:44:46,334 [INFO] Pass: Size - 0.05388 (ms)
2026-07-13 10:44:46,334 [INFO] Pass: FixedPoint - 0.00429 (ms)
2026-07-13 10:44:46,334 [INFO] Pass: ContainsInstruction - 0.00548 (ms)
2026-07-13 10:44:46,334 [INFO] Pass: Optimize1qGatesDecomposition - 1.21355 (ms)
2026-07-13 10:44:46,334 [INFO] Pass: InverseCancellation - 0.00858 (ms)
2026-07-13 10:44:46,335 [INFO] Pass: ContainsInstruction - 0.00834 (ms)
2026-07-13 10:44:46,335 [INFO] Pass: GatesInBasis - 0.68474 (ms)
2026-07-13 10:44:46,335 [INFO] Pass: InverseCancellation - 0.17357 (ms)
2026-07-13 10:44:46,335 [INFO] Pass: UnitarySynthesis - 0.00453 (ms)
2026-07-13 10:44:46,335 [INFO] Pass: Depth - 0.15187 (ms)
2026-07-13 10:44:46,335 [INFO] Pass: FixedPoint - 0.00548 (ms)
2026-07-13 10:44:46,335 [INFO] Pass: Size - 0.05555 (ms)
2026-07-13 10:44:46,335 [INFO] Pass: FixedPoint - 0.00453 (ms)
2026-07-13 10:44:46,335 [INFO] Total Transpile Time - 66.29086 (ms)
2026-07-13 10:44:46,336 [INFO] Pass: ContainsInstruction - 0.00739 (ms)
2026-07-13 10:44:46,336 [INFO] Pass: InverseCancellation - 0.17166 (ms)
2026-07-13 10:44:46,336 [INFO] Pass: UnitarySynthesis - 0.00429 (ms)
2026-07-13 10:44:46,336 [INFO] Pass: Optimize1qGatesDecomposition - 1.00470 (ms)
2026-07-13 10:44:46,336 [INFO] Pass: HighLevelSynthesis - 1.28293 (ms)
2026-07-13 10:44:46,336 [INFO] Pass: InverseCancellation - 0.00715 (ms)
2026-07-13 10:44:46,337 [INFO] Pass: GatesInBasis - 0.68164 (ms)
2026-07-13 10:44:46,337 [INFO] Pass: BasisTranslator - 0.85449 (ms)
2026-07-13 10:44:46,337 [INFO] Pass: Depth - 0.14377 (ms)
2026-07-13 10:44:46,337 [INFO] Pass: FixedPoint - 0.00525 (ms)
2026-07-13 10:44:46,337 [INFO] Pass: Size - 0.05364 (ms)
2026-07-13 10:44:46,337 [INFO] Pass: FixedPoint - 0.00405 (ms)
2026-07-13 10:44:46,338 [INFO] Pass: ContainsInstruction - 0.00501 (ms)
2026-07-13 10:44:46,338 [INFO] Pass: Depth - 0.16570 (ms)
2026-07-13 10:44:46,338 [INFO] Pass: HighLevelSynthesis - 1.29271 (ms)
2026-07-13 10:44:46,338 [INFO] Pass: FixedPoint - 0.00787 (ms)
2026-07-13 10:44:46,338 [INFO] Pass: Size - 0.05865 (ms)
2026-07-13 10:44:46,338 [INFO] Pass: FixedPoint - 0.00453 (ms)
2026-07-13 10:44:46,338 [INFO] Pass: BasisTranslator - 0.86260 (ms)
2026-07-13 10:44:46,339 [INFO] Pass: Depth - 0.16451 (ms)
2026-07-13 10:44:46,339 [INFO] Total Transpile Time - 66.10417 (ms)
2026-07-13 10:44:46,339 [INFO] Pass: FixedPoint - 0.00763 (ms)
2026-07-13 10:44:46,339 [INFO] Pass: Size - 0.05913 (ms)
2026-07-13 10:44:46,339 [INFO] Pass: FixedPoint - 0.00429 (ms)
2026-07-13 10:44:46,339 [INFO] Pass: Optimize1qGatesDecomposition - 1.20282 (ms)
2026-07-13 10:44:46,339 [INFO] Pass: InverseCancellation - 0.00834 (ms)
2026-07-13 10:44:46,340 [INFO] Pass: GatesInBasis - 0.68069 (ms)
2026-07-13 10:44:46,340 [INFO] Pass: Depth - 0.15759 (ms)
2026-07-13 10:44:46,340 [INFO] Pass: FixedPoint - 0.00572 (ms)
2026-07-13 10:44:46,340 [INFO] Pass: Size - 0.05507 (ms)
2026-07-13 10:44:46,340 [INFO] Pass: FixedPoint - 0.00453 (ms)
2026-07-13 10:44:46,340 [INFO] Pass: ContainsInstruction - 0.00739 (ms)
2026-07-13 10:44:46,340 [INFO] Pass: Optimize1qGatesDecomposition - 1.20711 (ms)
2026-07-13 10:44:46,340 [INFO] Pass: InverseCancellation - 0.00811 (ms)
2026-07-13 10:44:46,340 [INFO] Pass: InverseCancellation - 0.16975 (ms)
2026-07-13 10:44:46,340 [INFO] Pass: UnitarySynthesis - 0.00501 (ms)
2026-07-13 10:44:46,341 [INFO] Pass: GatesInBasis - 0.68355 (ms)
2026-07-13 10:44:46,341 [INFO] Pass: Depth - 0.14997 (ms)
2026-07-13 10:44:46,341 [INFO] Pass: FixedPoint - 0.00572 (ms)
2026-07-13 10:44:46,341 [INFO] Pass: Optimize1qGatesDecomposition - 0.99540 (ms)
2026-07-13 10:44:46,341 [INFO] Pass: InverseCancellation - 0.00691 (ms)
2026-07-13 10:44:46,341 [INFO] Pass: Size - 0.05507 (ms)
2026-07-13 10:44:46,341 [INFO] Pass: FixedPoint - 0.00453 (ms)
2026-07-13 10:44:46,342 [INFO] Pass: HighLevelSynthesis - 1.26219 (ms)
2026-07-13 10:44:46,342 [INFO] Pass: GatesInBasis - 0.66566 (ms)
2026-07-13 10:44:46,342 [INFO] Pass: Depth - 0.14472 (ms)
2026-07-13 10:44:46,342 [INFO] Pass: FixedPoint - 0.00477 (ms)
2026-07-13 10:44:46,342 [INFO] Pass: Size - 0.05436 (ms)
2026-07-13 10:44:46,342 [INFO] Pass: FixedPoint - 0.00405 (ms)
2026-07-13 10:44:46,342 [INFO] Pass: ContainsInstruction - 0.00572 (ms)
2026-07-13 10:44:46,342 [INFO] Pass: Optimize1qGatesDecomposition - 0.99635 (ms)
2026-07-13 10:44:46,342 [INFO] Pass: InverseCancellation - 0.00715 (ms)
2026-07-13 10:44:46,343 [INFO] Pass: BasisTranslator - 0.86784 (ms)
2026-07-13 10:44:46,343 [INFO] Pass: Depth - 0.16260 (ms)
2026-07-13 10:44:46,343 [INFO] Pass: FixedPoint - 0.00834 (ms)
2026-07-13 10:44:46,343 [INFO] Pass: Size - 0.06485 (ms)
2026-07-13 10:44:46,343 [INFO] Pass: FixedPoint - 0.00477 (ms)
2026-07-13 10:44:46,343 [INFO] Pass: GatesInBasis - 0.67544 (ms)
2026-07-13 10:44:46,343 [INFO] Pass: Depth - 0.14448 (ms)
2026-07-13 10:44:46,343 [INFO] Pass: FixedPoint - 0.00477 (ms)
2026-07-13 10:44:46,343 [INFO] Pass: Size - 0.05412 (ms)
2026-07-13 10:44:46,343 [INFO] Pass: FixedPoint - 0.00405 (ms)
2026-07-13 10:44:46,343 [INFO] Pass: ContainsInstruction - 0.00572 (ms)
2026-07-13 10:44:46,343 [INFO] Total Transpile Time - 66.10274 (ms)
2026-07-13 10:44:46,344 [INFO] Pass: Optimize1qGatesDecomposition - 1.20544 (ms)
2026-07-13 10:44:46,344 [INFO] Pass: InverseCancellation - 0.00834 (ms)
2026-07-13 10:44:46,345 [INFO] Total Transpile Time - 65.96804 (ms)
2026-07-13 10:44:46,345 [INFO] Pass: GatesInBasis - 0.68474 (ms)
2026-07-13 10:44:46,345 [INFO] Pass: Depth - 0.15235 (ms)
2026-07-13 10:44:46,345 [INFO] Pass: FixedPoint - 0.00596 (ms)
2026-07-13 10:44:46,345 [INFO] Pass: Size - 0.05507 (ms)
2026-07-13 10:44:46,345 [INFO] Pass: FixedPoint - 0.00405 (ms)
2026-07-13 10:44:46,346 [INFO] Pass: Optimize1qGatesDecomposition - 1.00231 (ms)
2026-07-13 10:44:46,347 [INFO] Pass: InverseCancellation - 0.00739 (ms)
2026-07-13 10:44:46,347 [INFO] Pass: GatesInBasis - 0.67019 (ms)
2026-07-13 10:44:46,347 [INFO] Pass: Depth - 0.14544 (ms)
2026-07-13 10:44:46,347 [INFO] Pass: FixedPoint - 0.00501 (ms)
2026-07-13 10:44:46,348 [INFO] Pass: Size - 0.05364 (ms)
2026-07-13 10:44:46,348 [INFO] Pass: FixedPoint - 0.00405 (ms)
2026-07-13 10:44:46,348 [INFO] Pass: ContainsInstruction - 0.00477 (ms)
2026-07-13 10:44:46,349 [INFO] Total Transpile Time - 65.94896 (ms)
2026-07-13 10:44:46,349 [INFO] Pass: ContainsInstruction - 0.00763 (ms)
2026-07-13 10:44:46,350 [INFO] Pass: InverseCancellation - 0.17118 (ms)
2026-07-13 10:44:46,350 [INFO] Pass: UnitarySynthesis - 0.00453 (ms)
2026-07-13 10:44:46,351 [INFO] Pass: HighLevelSynthesis - 1.28722 (ms)
2026-07-13 10:44:46,352 [INFO] Pass: BasisTranslator - 0.85783 (ms)
2026-07-13 10:44:46,352 [INFO] Pass: Depth - 0.16975 (ms)
2026-07-13 10:44:46,352 [INFO] Pass: FixedPoint - 0.00882 (ms)
2026-07-13 10:44:46,352 [INFO] Pass: Size - 0.05913 (ms)
2026-07-13 10:44:46,352 [INFO] Pass: FixedPoint - 0.00477 (ms)
2026-07-13 10:44:46,353 [INFO] Pass: ContainsInstruction - 0.00739 (ms)
2026-07-13 10:44:46,353 [INFO] Pass: InverseCancellation - 0.17309 (ms)
2026-07-13 10:44:46,354 [INFO] Pass: UnitarySynthesis - 0.00453 (ms)
2026-07-13 10:44:46,354 [INFO] Pass: Optimize1qGatesDecomposition - 1.21331 (ms)
2026-07-13 10:44:46,354 [INFO] Pass: InverseCancellation - 0.00834 (ms)
2026-07-13 10:44:46,354 [INFO] Pass: GatesInBasis - 0.68188 (ms)
2026-07-13 10:44:46,355 [INFO] Pass: Depth - 0.15306 (ms)
2026-07-13 10:44:46,355 [INFO] Pass: FixedPoint - 0.00572 (ms)
2026-07-13 10:44:46,355 [INFO] Pass: Size - 0.05460 (ms)
2026-07-13 10:44:46,355 [INFO] Pass: FixedPoint - 0.00477 (ms)
2026-07-13 10:44:46,355 [INFO] Pass: HighLevelSynthesis - 1.29724 (ms)
2026-07-13 10:44:46,356 [INFO] Pass: Optimize1qGatesDecomposition - 1.00327 (ms)
2026-07-13 10:44:46,356 [INFO] Pass: BasisTranslator - 0.86975 (ms)
2026-07-13 10:44:46,356 [INFO] Pass: InverseCancellation - 0.00787 (ms)
2026-07-13 10:44:46,356 [INFO] Pass: Depth - 0.17953 (ms)
2026-07-13 10:44:46,356 [INFO] Pass: FixedPoint - 0.00858 (ms)
2026-07-13 10:44:46,356 [INFO] Pass: Size - 0.05889 (ms)
2026-07-13 10:44:46,356 [INFO] Pass: FixedPoint - 0.00453 (ms)
2026-07-13 10:44:46,357 [INFO] Pass: GatesInBasis - 0.67496 (ms)
2026-07-13 10:44:46,357 [INFO] Pass: Depth - 0.14567 (ms)
2026-07-13 10:44:46,357 [INFO] Pass: FixedPoint - 0.00501 (ms)
2026-07-13 10:44:46,357 [INFO] Pass: Size - 0.05364 (ms)
2026-07-13 10:44:46,357 [INFO] Pass: FixedPoint - 0.00405 (ms)
2026-07-13 10:44:46,357 [INFO] Pass: ContainsInstruction - 0.00525 (ms)
2026-07-13 10:44:46,357 [INFO] Pass: Optimize1qGatesDecomposition - 1.19734 (ms)
2026-07-13 10:44:46,357 [INFO] Pass: ContainsInstruction - 0.00668 (ms)
2026-07-13 10:44:46,358 [INFO] Pass: InverseCancellation - 0.00858 (ms)
2026-07-13 10:44:46,358 [INFO] Pass: ContainsInstruction - 0.00644 (ms)
2026-07-13 10:44:46,358 [INFO] Pass: InverseCancellation - 0.16618 (ms)
2026-07-13 10:44:46,358 [INFO] Pass: UnitarySynthesis - 0.00405 (ms)
2026-07-13 10:44:46,358 [INFO] Pass: InverseCancellation - 0.16785 (ms)
2026-07-13 10:44:46,358 [INFO] Pass: UnitarySynthesis - 0.00429 (ms)
2026-07-13 10:44:46,358 [INFO] Total Transpile Time - 66.33687 (ms)
2026-07-13 10:44:46,358 [INFO] Pass: GatesInBasis - 0.68545 (ms)
2026-07-13 10:44:46,358 [INFO] Pass: Depth - 0.14973 (ms)
2026-07-13 10:44:46,358 [INFO] Pass: FixedPoint - 0.00572 (ms)
2026-07-13 10:44:46,359 [INFO] Pass: Size - 0.05484 (ms)
2026-07-13 10:44:46,359 [INFO] Pass: FixedPoint - 0.00429 (ms)
2026-07-13 10:44:46,359 [INFO] Pass: HighLevelSynthesis - 1.28841 (ms)
2026-07-13 10:44:46,359 [INFO] Pass: HighLevelSynthesis - 1.28675 (ms)
2026-07-13 10:44:46,360 [INFO] Pass: Optimize1qGatesDecomposition - 0.99993 (ms)
2026-07-13 10:44:46,360 [INFO] Pass: InverseCancellation - 0.00691 (ms)
2026-07-13 10:44:46,360 [INFO] Pass: BasisTranslator - 0.84281 (ms)
2026-07-13 10:44:46,360 [INFO] Pass: BasisTranslator - 0.85568 (ms)
2026-07-13 10:44:46,360 [INFO] Pass: Depth - 0.16499 (ms)
2026-07-13 10:44:46,360 [INFO] Pass: FixedPoint - 0.00787 (ms)
2026-07-13 10:44:46,360 [INFO] Pass: Depth - 0.16141 (ms)
2026-07-13 10:44:46,360 [INFO] Pass: Size - 0.05841 (ms)
2026-07-13 10:44:46,360 [INFO] Pass: FixedPoint - 0.00763 (ms)
2026-07-13 10:44:46,360 [INFO] Pass: FixedPoint - 0.00429 (ms)
2026-07-13 10:44:46,360 [INFO] Pass: GatesInBasis - 0.67949 (ms)
2026-07-13 10:44:46,360 [INFO] Pass: Size - 0.05841 (ms)
2026-07-13 10:44:46,360 [INFO] Pass: FixedPoint - 0.00453 (ms)
2026-07-13 10:44:46,361 [INFO] Pass: Depth - 0.14472 (ms)
2026-07-13 10:44:46,361 [INFO] Pass: FixedPoint - 0.00525 (ms)
2026-07-13 10:44:46,361 [INFO] Pass: Size - 0.05341 (ms)
2026-07-13 10:44:46,361 [INFO] Pass: FixedPoint - 0.00405 (ms)
2026-07-13 10:44:46,361 [INFO] Pass: ContainsInstruction - 0.00525 (ms)
2026-07-13 10:44:46,362 [INFO] Pass: Optimize1qGatesDecomposition - 1.19519 (ms)
2026-07-13 10:44:46,362 [INFO] Pass: InverseCancellation - 0.00763 (ms)
2026-07-13 10:44:46,362 [INFO] Pass: Optimize1qGatesDecomposition - 1.19519 (ms)
2026-07-13 10:44:46,362 [INFO] Pass: InverseCancellation - 0.00811 (ms)
2026-07-13 10:44:46,362 [INFO] Total Transpile Time - 66.24913 (ms)
2026-07-13 10:44:46,362 [INFO] Pass: GatesInBasis - 0.69189 (ms)
2026-07-13 10:44:46,362 [INFO] Pass: GatesInBasis - 0.68998 (ms)
2026-07-13 10:44:46,363 [INFO] Pass: Depth - 0.14877 (ms)
2026-07-13 10:44:46,363 [INFO] Pass: FixedPoint - 0.00572 (ms)
2026-07-13 10:44:46,363 [INFO] Pass: Depth - 0.14877 (ms)
2026-07-13 10:44:46,363 [INFO] Pass: Size - 0.05460 (ms)
2026-07-13 10:44:46,363 [INFO] Pass: FixedPoint - 0.00572 (ms)
2026-07-13 10:44:46,363 [INFO] Pass: FixedPoint - 0.00405 (ms)
2026-07-13 10:44:46,363 [INFO] Pass: Size - 0.05555 (ms)
2026-07-13 10:44:46,363 [INFO] Pass: FixedPoint - 0.00429 (ms)
2026-07-13 10:44:46,364 [INFO] Pass: Optimize1qGatesDecomposition - 0.99635 (ms)
2026-07-13 10:44:46,364 [INFO] Pass: InverseCancellation - 0.00691 (ms)
2026-07-13 10:44:46,364 [INFO] Pass: Optimize1qGatesDecomposition - 1.00160 (ms)
2026-07-13 10:44:46,364 [INFO] Pass: InverseCancellation - 0.00691 (ms)
2026-07-13 10:44:46,365 [INFO] Pass: GatesInBasis - 0.67043 (ms)
2026-07-13 10:44:46,365 [INFO] Pass: GatesInBasis - 0.67019 (ms)
2026-07-13 10:44:46,365 [INFO] Pass: Depth - 0.14687 (ms)
2026-07-13 10:44:46,365 [INFO] Pass: FixedPoint - 0.00501 (ms)
2026-07-13 10:44:46,365 [INFO] Pass: Depth - 0.14591 (ms)
2026-07-13 10:44:46,365 [INFO] Pass: Size - 0.05460 (ms)
2026-07-13 10:44:46,365 [INFO] Pass: FixedPoint - 0.00501 (ms)
2026-07-13 10:44:46,365 [INFO] Pass: FixedPoint - 0.00405 (ms)
2026-07-13 10:44:46,365 [INFO] Pass: ContainsInstruction - 0.00501 (ms)
2026-07-13 10:44:46,365 [INFO] Pass: Size - 0.05722 (ms)
2026-07-13 10:44:46,365 [INFO] Pass: FixedPoint - 0.00453 (ms)
2026-07-13 10:44:46,365 [INFO] Pass: ContainsInstruction - 0.00525 (ms)
2026-07-13 10:44:46,366 [INFO] Total Transpile Time - 66.02073 (ms)
2026-07-13 10:44:46,366 [INFO] Total Transpile Time - 66.02859 (ms)
2026-07-13 10:44:47,017 [INFO] [PCE] Aer metadata (1a ejecucion de este proceso): device=CPU method=statevector shots=2048 fusion_enabled=True
2026-07-13 10:44:47,018 [INFO] [PCE] Aer metadata (1a ejecucion de este proceso): device=CPU method=statevector shots=2048 fusion_enabled=True
2026-07-13 10:44:47,019 [INFO] [PCE] Aer metadata (1a ejecucion de este proceso): device=CPU method=statevector shots=2048 fusion_enabled=True
2026-07-13 10:44:47,019 [INFO] [PCE] Aer metadata (1a ejecucion de este proceso): device=CPU method=statevector shots=2048 fusion_enabled=True
2026-07-13 10:44:47,019 [INFO] [PCE] Aer metadata (1a ejecucion de este proceso): device=CPU method=statevector shots=2048 fusion_enabled=True
2026-07-13 10:44:47,020 [INFO] [PCE] Aer metadata (1a ejecucion de este proceso): device=CPU method=statevector shots=2048 fusion_enabled=True
2026-07-13 10:44:47,020 [INFO] [PCE] Aer metadata (1a ejecucion de este proceso): device=CPU method=statevector shots=2048 fusion_enabled=True
2026-07-13 10:44:47,021 [INFO] [PCE] Aer metadata (1a ejecucion de este proceso): device=CPU method=statevector shots=2048 fusion_enabled=True
2026-07-13 10:44:47,021 [INFO] [PCE] Aer metadata (1a ejecucion de este proceso): device=CPU method=statevector shots=2048 fusion_enabled=True
2026-07-13 10:44:47,021 [INFO] [PCE] Aer metadata (1a ejecucion de este proceso): device=CPU method=statevector shots=2048 fusion_enabled=True
2026-07-13 10:44:47,021 [INFO] [PCE] Aer metadata (1a ejecucion de este proceso): device=CPU method=statevector shots=2048 fusion_enabled=True
2026-07-13 10:44:47,022 [INFO] [PCE] Aer metadata (1a ejecucion de este proceso): device=CPU method=statevector shots=2048 fusion_enabled=True
2026-07-13 10:44:47,022 [INFO] [PCE] Aer metadata (1a ejecucion de este proceso): device=CPU method=statevector shots=2048 fusion_enabled=True
2026-07-13 10:44:47,022 [INFO] [PCE] Aer metadata (1a ejecucion de este proceso): device=CPU method=statevector shots=2048 fusion_enabled=True
2026-07-13 10:44:47,023 [INFO] [PCE] Aer metadata (1a ejecucion de este proceso): device=CPU method=statevector shots=2048 fusion_enabled=True
2026-07-13 10:44:47,023 [INFO] [PCE] Aer metadata (1a ejecucion de este proceso): device=CPU method=statevector shots=2048 fusion_enabled=True
2026-07-13 16:41:44,099 [INFO] [PCE] n=250 instancia (idx=25) 1/20 completada (paralelo) - transcurrido=0:05:56:58
2026-07-13 16:41:44,213 [INFO] Pass: ContainsInstruction - 0.00978 (ms)
2026-07-13 16:41:44,213 [INFO] Pass: InverseCancellation - 0.01025 (ms)
2026-07-13 16:41:44,213 [INFO] Pass: UnitarySynthesis - 0.00525 (ms)
2026-07-13 16:41:44,214 [INFO] Pass: HighLevelSynthesis - 1.22070 (ms)
2026-07-13 16:41:44,215 [INFO] Pass: BasisTranslator - 0.62799 (ms)
2026-07-13 16:41:44,215 [INFO] Pass: Depth - 0.16022 (ms)
2026-07-13 16:41:44,215 [INFO] Pass: FixedPoint - 0.00882 (ms)
2026-07-13 16:41:44,215 [INFO] Pass: Size - 0.05651 (ms)
2026-07-13 16:41:44,215 [INFO] Pass: FixedPoint - 0.00477 (ms)
2026-07-13 16:41:44,215 [INFO] Pass: Optimize1qGatesDecomposition - 0.10729 (ms)
2026-07-13 16:41:44,215 [INFO] Pass: InverseCancellation - 0.00715 (ms)
2026-07-13 16:41:44,216 [INFO] Pass: GatesInBasis - 0.62013 (ms)
2026-07-13 16:41:44,216 [INFO] Pass: Depth - 0.13900 (ms)
2026-07-13 16:41:44,216 [INFO] Pass: FixedPoint - 0.00501 (ms)
2026-07-13 16:41:44,216 [INFO] Pass: Size - 0.05126 (ms)
2026-07-13 16:41:44,216 [INFO] Pass: FixedPoint - 0.00405 (ms)
2026-07-13 16:41:44,216 [INFO] Pass: ContainsInstruction - 0.00525 (ms)
2026-07-13 16:41:44,218 [INFO] Total Transpile Time - 65.79638 (ms)
2026-07-13 16:41:44,275 [INFO] Pass: ContainsInstruction - 0.00763 (ms)
2026-07-13 16:41:44,275 [INFO] Pass: InverseCancellation - 0.16713 (ms)
2026-07-13 16:41:44,275 [INFO] Pass: UnitarySynthesis - 0.00453 (ms)
2026-07-13 16:41:44,276 [INFO] Pass: HighLevelSynthesis - 1.17660 (ms)
2026-07-13 16:41:44,277 [INFO] Pass: BasisTranslator - 0.80967 (ms)
2026-07-13 16:41:44,277 [INFO] Pass: Depth - 0.15926 (ms)
2026-07-13 16:41:44,277 [INFO] Pass: FixedPoint - 0.00834 (ms)
2026-07-13 16:41:44,277 [INFO] Pass: Size - 0.05698 (ms)
2026-07-13 16:41:44,278 [INFO] Pass: FixedPoint - 0.00429 (ms)
2026-07-13 16:41:44,279 [INFO] Pass: Optimize1qGatesDecomposition - 1.03354 (ms)
2026-07-13 16:41:44,279 [INFO] Pass: InverseCancellation - 0.13566 (ms)
2026-07-13 16:41:44,280 [INFO] Pass: GatesInBasis - 0.67878 (ms)
2026-07-13 16:41:44,280 [INFO] Pass: Depth - 0.14520 (ms)
2026-07-13 16:41:44,280 [INFO] Pass: FixedPoint - 0.00525 (ms)
2026-07-13 16:41:44,280 [INFO] Pass: Size - 0.05507 (ms)
2026-07-13 16:41:44,280 [INFO] Pass: FixedPoint - 0.00429 (ms)
2026-07-13 16:41:44,280 [INFO] Pass: ContainsInstruction - 0.00429 (ms)
2026-07-13 16:41:44,281 [INFO] Total Transpile Time - 63.44604 (ms)
2026-07-13 16:41:44,338 [INFO] Pass: ContainsInstruction - 0.00787 (ms)
2026-07-13 16:41:44,339 [INFO] Pass: InverseCancellation - 0.16308 (ms)
2026-07-13 16:41:44,339 [INFO] Pass: UnitarySynthesis - 0.00453 (ms)
2026-07-13 16:41:44,340 [INFO] Pass: HighLevelSynthesis - 1.25170 (ms)
2026-07-13 16:41:44,341 [INFO] Pass: BasisTranslator - 0.83971 (ms)
2026-07-13 16:41:44,341 [INFO] Pass: Depth - 0.17262 (ms)
2026-07-13 16:41:44,341 [INFO] Pass: FixedPoint - 0.00787 (ms)
2026-07-13 16:41:44,341 [INFO] Pass: Size - 0.05865 (ms)
2026-07-13 16:41:44,341 [INFO] Pass: FixedPoint - 0.00429 (ms)
2026-07-13 16:41:44,342 [INFO] Pass: Optimize1qGatesDecomposition - 1.18732 (ms)
2026-07-13 16:41:44,342 [INFO] Pass: InverseCancellation - 0.00787 (ms)
2026-07-13 16:41:44,343 [INFO] Pass: GatesInBasis - 0.67878 (ms)
2026-07-13 16:41:44,343 [INFO] Pass: Depth - 0.14758 (ms)
2026-07-13 16:41:44,343 [INFO] Pass: FixedPoint - 0.00548 (ms)
2026-07-13 16:41:44,343 [INFO] Pass: Size - 0.05412 (ms)
2026-07-13 16:41:44,344 [INFO] Pass: FixedPoint - 0.00429 (ms)
2026-07-13 16:41:44,345 [INFO] Pass: Optimize1qGatesDecomposition - 0.98395 (ms)
2026-07-13 16:41:44,345 [INFO] Pass: InverseCancellation - 0.00691 (ms)
2026-07-13 16:41:44,345 [INFO] Pass: GatesInBasis - 0.66829 (ms)
2026-07-13 16:41:44,345 [INFO] Pass: Depth - 0.14472 (ms)
2026-07-13 16:41:44,346 [INFO] Pass: FixedPoint - 0.00501 (ms)
2026-07-13 16:41:44,346 [INFO] Pass: Size - 0.05388 (ms)
2026-07-13 16:41:44,346 [INFO] Pass: FixedPoint - 0.00429 (ms)
2026-07-13 16:41:44,346 [INFO] Pass: ContainsInstruction - 0.00477 (ms)
2026-07-13 16:41:44,347 [INFO] Total Transpile Time - 65.69266 (ms)
2026-07-13 16:42:41,890 [INFO] [PCE] n=250 instancia (idx=60) 2/20 completada (paralelo) - transcurrido=0:05:57:56
2026-07-13 16:42:42,003 [INFO] Pass: ContainsInstruction - 0.00811 (ms)
2026-07-13 16:42:42,003 [INFO] Pass: InverseCancellation - 0.00882 (ms)
2026-07-13 16:42:42,003 [INFO] Pass: UnitarySynthesis - 0.00477 (ms)
2026-07-13 16:42:42,004 [INFO] Pass: HighLevelSynthesis - 1.17946 (ms)
2026-07-13 16:42:42,005 [INFO] Pass: BasisTranslator - 0.62132 (ms)
2026-07-13 16:42:42,005 [INFO] Pass: Depth - 0.15855 (ms)
2026-07-13 16:42:42,005 [INFO] Pass: FixedPoint - 0.00834 (ms)
2026-07-13 16:42:42,005 [INFO] Pass: Size - 0.05412 (ms)
2026-07-13 16:42:42,005 [INFO] Pass: FixedPoint - 0.00429 (ms)
2026-07-13 16:42:42,005 [INFO] Pass: Optimize1qGatesDecomposition - 0.10324 (ms)
2026-07-13 16:42:42,005 [INFO] Pass: InverseCancellation - 0.00763 (ms)
2026-07-13 16:42:42,006 [INFO] Pass: GatesInBasis - 0.62776 (ms)
2026-07-13 16:42:42,006 [INFO] Pass: Depth - 0.13566 (ms)
2026-07-13 16:42:42,006 [INFO] Pass: FixedPoint - 0.00525 (ms)
2026-07-13 16:42:42,006 [INFO] Pass: Size - 0.05150 (ms)
2026-07-13 16:42:42,006 [INFO] Pass: FixedPoint - 0.00453 (ms)
2026-07-13 16:42:42,006 [INFO] Pass: ContainsInstruction - 0.00477 (ms)
2026-07-13 16:42:42,007 [INFO] Total Transpile Time - 64.97216 (ms)
2026-07-13 16:42:42,064 [INFO] Pass: ContainsInstruction - 0.00811 (ms)
2026-07-13 16:42:42,065 [INFO] Pass: InverseCancellation - 0.16642 (ms)
2026-07-13 16:42:42,065 [INFO] Pass: UnitarySynthesis - 0.00453 (ms)
2026-07-13 16:42:42,066 [INFO] Pass: HighLevelSynthesis - 1.17469 (ms)
2026-07-13 16:42:42,067 [INFO] Pass: BasisTranslator - 0.82302 (ms)
2026-07-13 16:42:42,067 [INFO] Pass: Depth - 0.15974 (ms)
2026-07-13 16:42:42,067 [INFO] Pass: FixedPoint - 0.00834 (ms)
2026-07-13 16:42:42,067 [INFO] Pass: Size - 0.05651 (ms)
2026-07-13 16:42:42,067 [INFO] Pass: FixedPoint - 0.00453 (ms)
2026-07-13 16:42:42,068 [INFO] Pass: Optimize1qGatesDecomposition - 1.04356 (ms)
2026-07-13 16:42:42,068 [INFO] Pass: InverseCancellation - 0.14114 (ms)
2026-07-13 16:42:42,069 [INFO] Pass: GatesInBasis - 0.66996 (ms)
2026-07-13 16:42:42,069 [INFO] Pass: Depth - 0.14663 (ms)
2026-07-13 16:42:42,069 [INFO] Pass: FixedPoint - 0.00548 (ms)
2026-07-13 16:42:42,069 [INFO] Pass: Size - 0.05507 (ms)
2026-07-13 16:42:42,069 [INFO] Pass: FixedPoint - 0.00405 (ms)
2026-07-13 16:42:42,069 [INFO] Pass: ContainsInstruction - 0.00501 (ms)
2026-07-13 16:42:42,071 [INFO] Total Transpile Time - 63.12084 (ms)
2026-07-13 16:42:42,127 [INFO] Pass: ContainsInstruction - 0.00644 (ms)
2026-07-13 16:42:42,127 [INFO] Pass: InverseCancellation - 0.16236 (ms)
2026-07-13 16:42:42,128 [INFO] Pass: UnitarySynthesis - 0.00453 (ms)
2026-07-13 16:42:42,129 [INFO] Pass: HighLevelSynthesis - 1.25980 (ms)
2026-07-13 16:42:42,130 [INFO] Pass: BasisTranslator - 1.03474 (ms)
2026-07-13 16:42:42,130 [INFO] Pass: Depth - 0.16785 (ms)
2026-07-13 16:42:42,130 [INFO] Pass: FixedPoint - 0.00811 (ms)
2026-07-13 16:42:42,130 [INFO] Pass: Size - 0.05841 (ms)
2026-07-13 16:42:42,130 [INFO] Pass: FixedPoint - 0.00429 (ms)
2026-07-13 16:42:42,132 [INFO] Pass: Optimize1qGatesDecomposition - 1.19352 (ms)
2026-07-13 16:42:42,132 [INFO] Pass: InverseCancellation - 0.00858 (ms)
2026-07-13 16:42:42,132 [INFO] Pass: GatesInBasis - 0.67353 (ms)
2026-07-13 16:42:42,133 [INFO] Pass: Depth - 0.14830 (ms)
2026-07-13 16:42:42,133 [INFO] Pass: FixedPoint - 0.00548 (ms)
2026-07-13 16:42:42,133 [INFO] Pass: Size - 0.05436 (ms)
2026-07-13 16:42:42,133 [INFO] Pass: FixedPoint - 0.00429 (ms)
2026-07-13 16:42:42,134 [INFO] Pass: Optimize1qGatesDecomposition - 0.97966 (ms)
2026-07-13 16:42:42,134 [INFO] Pass: InverseCancellation - 0.00668 (ms)
2026-07-13 16:42:42,134 [INFO] Pass: GatesInBasis - 0.66304 (ms)
2026-07-13 16:42:42,135 [INFO] Pass: Depth - 0.14329 (ms)
2026-07-13 16:42:42,135 [INFO] Pass: FixedPoint - 0.00525 (ms)
2026-07-13 16:42:42,135 [INFO] Pass: Size - 0.05341 (ms)
2026-07-13 16:42:42,135 [INFO] Pass: FixedPoint - 0.00405 (ms)
2026-07-13 16:42:42,135 [INFO] Pass: ContainsInstruction - 0.00477 (ms)
2026-07-13 16:42:42,136 [INFO] Total Transpile Time - 65.23824 (ms)
2026-07-13 16:42:47,773 [INFO] [PCE] n=250 instancia (idx=30) 3/20 completada (paralelo) - transcurrido=0:05:58:02
2026-07-13 16:42:47,886 [INFO] Pass: ContainsInstruction - 0.00906 (ms)
2026-07-13 16:42:47,887 [INFO] Pass: InverseCancellation - 0.00954 (ms)
2026-07-13 16:42:47,887 [INFO] Pass: UnitarySynthesis - 0.00477 (ms)
2026-07-13 16:42:47,888 [INFO] Pass: HighLevelSynthesis - 1.19114 (ms)
2026-07-13 16:42:47,889 [INFO] Pass: BasisTranslator - 0.62633 (ms)
2026-07-13 16:42:47,889 [INFO] Pass: Depth - 0.15354 (ms)
2026-07-13 16:42:47,889 [INFO] Pass: FixedPoint - 0.00787 (ms)
2026-07-13 16:42:47,889 [INFO] Pass: Size - 0.05341 (ms)
2026-07-13 16:42:47,889 [INFO] Pass: FixedPoint - 0.00453 (ms)
2026-07-13 16:42:47,889 [INFO] Pass: Optimize1qGatesDecomposition - 0.10443 (ms)
2026-07-13 16:42:47,889 [INFO] Pass: InverseCancellation - 0.00644 (ms)
2026-07-13 16:42:47,890 [INFO] Pass: GatesInBasis - 0.62895 (ms)
2026-07-13 16:42:47,890 [INFO] Pass: Depth - 0.14067 (ms)
2026-07-13 16:42:47,890 [INFO] Pass: FixedPoint - 0.00548 (ms)
2026-07-13 16:42:47,890 [INFO] Pass: Size - 0.05174 (ms)
2026-07-13 16:42:47,890 [INFO] Pass: FixedPoint - 0.00429 (ms)
2026-07-13 16:42:47,890 [INFO] Pass: ContainsInstruction - 0.00501 (ms)
2026-07-13 16:42:47,891 [INFO] Total Transpile Time - 65.50908 (ms)
2026-07-13 16:42:47,948 [INFO] Pass: ContainsInstruction - 0.00644 (ms)
2026-07-13 16:42:47,948 [INFO] Pass: InverseCancellation - 0.16141 (ms)
2026-07-13 16:42:47,948 [INFO] Pass: UnitarySynthesis - 0.00405 (ms)
2026-07-13 16:42:47,949 [INFO] Pass: HighLevelSynthesis - 1.17755 (ms)
2026-07-13 16:42:47,950 [INFO] Pass: BasisTranslator - 0.80276 (ms)
2026-07-13 16:42:47,950 [INFO] Pass: Depth - 0.15664 (ms)
2026-07-13 16:42:47,950 [INFO] Pass: FixedPoint - 0.00739 (ms)
2026-07-13 16:42:47,950 [INFO] Pass: Size - 0.05698 (ms)
2026-07-13 16:42:47,950 [INFO] Pass: FixedPoint - 0.00453 (ms)
2026-07-13 16:42:47,951 [INFO] Pass: Optimize1qGatesDecomposition - 1.03140 (ms)
2026-07-13 16:42:47,952 [INFO] Pass: InverseCancellation - 0.13971 (ms)
2026-07-13 16:42:47,952 [INFO] Pass: GatesInBasis - 0.67377 (ms)
2026-07-13 16:42:47,953 [INFO] Pass: Depth - 0.14496 (ms)
2026-07-13 16:42:47,953 [INFO] Pass: FixedPoint - 0.00525 (ms)
2026-07-13 16:42:47,953 [INFO] Pass: Size - 0.05364 (ms)
2026-07-13 16:42:47,953 [INFO] Pass: FixedPoint - 0.00429 (ms)
2026-07-13 16:42:47,953 [INFO] Pass: ContainsInstruction - 0.00453 (ms)
2026-07-13 16:42:47,954 [INFO] Total Transpile Time - 62.50453 (ms)
2026-07-13 16:42:48,010 [INFO] Pass: ContainsInstruction - 0.00691 (ms)
2026-07-13 16:42:48,010 [INFO] Pass: InverseCancellation - 0.16713 (ms)
2026-07-13 16:42:48,010 [INFO] Pass: UnitarySynthesis - 0.00429 (ms)
2026-07-13 16:42:48,012 [INFO] Pass: HighLevelSynthesis - 1.27482 (ms)
2026-07-13 16:42:48,013 [INFO] Pass: BasisTranslator - 1.07217 (ms)
2026-07-13 16:42:48,013 [INFO] Pass: Depth - 0.17524 (ms)
2026-07-13 16:42:48,013 [INFO] Pass: FixedPoint - 0.00834 (ms)
2026-07-13 16:42:48,013 [INFO] Pass: Size - 0.05889 (ms)
2026-07-13 16:42:48,013 [INFO] Pass: FixedPoint - 0.00453 (ms)
2026-07-13 16:42:48,014 [INFO] Pass: Optimize1qGatesDecomposition - 1.20544 (ms)
2026-07-13 16:42:48,015 [INFO] Pass: InverseCancellation - 0.00834 (ms)
2026-07-13 16:42:48,015 [INFO] Pass: GatesInBasis - 0.68116 (ms)
2026-07-13 16:42:48,015 [INFO] Pass: Depth - 0.15140 (ms)
2026-07-13 16:42:48,016 [INFO] Pass: FixedPoint - 0.00525 (ms)
2026-07-13 16:42:48,016 [INFO] Pass: Size - 0.05460 (ms)
2026-07-13 16:42:48,016 [INFO] Pass: FixedPoint - 0.00429 (ms)
2026-07-13 16:42:48,017 [INFO] Pass: Optimize1qGatesDecomposition - 0.98467 (ms)
2026-07-13 16:42:48,017 [INFO] Pass: InverseCancellation - 0.00715 (ms)
2026-07-13 16:42:48,017 [INFO] Pass: GatesInBasis - 0.67091 (ms)
2026-07-13 16:42:48,018 [INFO] Pass: Depth - 0.14472 (ms)
2026-07-13 16:42:48,018 [INFO] Pass: FixedPoint - 0.00501 (ms)
2026-07-13 16:42:48,018 [INFO] Pass: Size - 0.05388 (ms)
2026-07-13 16:42:48,018 [INFO] Pass: FixedPoint - 0.00405 (ms)
2026-07-13 16:42:48,018 [INFO] Pass: ContainsInstruction - 0.00525 (ms)
2026-07-13 16:42:48,019 [INFO] Total Transpile Time - 65.04822 (ms)
2026-07-13 16:58:51,690 [INFO] [PCE] n=250 instancia (idx=65) 4/20 completada (paralelo) - transcurrido=0:06:14:06
2026-07-13 16:58:51,804 [INFO] Pass: ContainsInstruction - 0.00787 (ms)
2026-07-13 16:58:51,804 [INFO] Pass: InverseCancellation - 0.00882 (ms)
2026-07-13 16:58:51,804 [INFO] Pass: UnitarySynthesis - 0.00477 (ms)
2026-07-13 16:58:51,805 [INFO] Pass: HighLevelSynthesis - 1.19448 (ms)
2026-07-13 16:58:51,806 [INFO] Pass: BasisTranslator - 0.67902 (ms)
2026-07-13 16:58:51,806 [INFO] Pass: Depth - 0.15450 (ms)
2026-07-13 16:58:51,806 [INFO] Pass: FixedPoint - 0.01144 (ms)
2026-07-13 16:58:51,806 [INFO] Pass: Size - 0.05364 (ms)
2026-07-13 16:58:51,806 [INFO] Pass: FixedPoint - 0.00453 (ms)
2026-07-13 16:58:51,806 [INFO] Pass: Optimize1qGatesDecomposition - 0.10157 (ms)
2026-07-13 16:58:51,806 [INFO] Pass: InverseCancellation - 0.00691 (ms)
2026-07-13 16:58:51,807 [INFO] Pass: GatesInBasis - 0.61345 (ms)
2026-07-13 16:58:51,807 [INFO] Pass: Depth - 0.13638 (ms)
2026-07-13 16:58:51,807 [INFO] Pass: FixedPoint - 0.00477 (ms)
2026-07-13 16:58:51,807 [INFO] Pass: Size - 0.05150 (ms)
2026-07-13 16:58:51,807 [INFO] Pass: FixedPoint - 0.00429 (ms)
2026-07-13 16:58:51,807 [INFO] Pass: ContainsInstruction - 0.00453 (ms)
2026-07-13 16:58:51,808 [INFO] Total Transpile Time - 65.61542 (ms)
2026-07-13 16:58:51,865 [INFO] Pass: ContainsInstruction - 0.00668 (ms)
2026-07-13 16:58:51,865 [INFO] Pass: InverseCancellation - 0.15807 (ms)
2026-07-13 16:58:51,865 [INFO] Pass: UnitarySynthesis - 0.00405 (ms)
2026-07-13 16:58:51,866 [INFO] Pass: HighLevelSynthesis - 1.14918 (ms)
2026-07-13 16:58:51,867 [INFO] Pass: BasisTranslator - 0.78511 (ms)
2026-07-13 16:58:51,867 [INFO] Pass: Depth - 0.15020 (ms)
2026-07-13 16:58:51,867 [INFO] Pass: FixedPoint - 0.00739 (ms)
2026-07-13 16:58:51,867 [INFO] Pass: Size - 0.05603 (ms)
2026-07-13 16:58:51,867 [INFO] Pass: FixedPoint - 0.00429 (ms)
2026-07-13 16:58:51,868 [INFO] Pass: Optimize1qGatesDecomposition - 1.02472 (ms)
2026-07-13 16:58:51,869 [INFO] Pass: InverseCancellation - 0.13685 (ms)
2026-07-13 16:58:51,869 [INFO] Pass: GatesInBasis - 0.66805 (ms)
2026-07-13 16:58:51,869 [INFO] Pass: Depth - 0.14353 (ms)
2026-07-13 16:58:51,870 [INFO] Pass: FixedPoint - 0.00548 (ms)
2026-07-13 16:58:51,870 [INFO] Pass: Size - 0.05484 (ms)
2026-07-13 16:58:51,870 [INFO] Pass: FixedPoint - 0.00405 (ms)
2026-07-13 16:58:51,870 [INFO] Pass: ContainsInstruction - 0.00453 (ms)
2026-07-13 16:58:51,871 [INFO] Total Transpile Time - 62.30116 (ms)
2026-07-13 16:58:51,928 [INFO] Pass: ContainsInstruction - 0.00739 (ms)
2026-07-13 16:58:51,928 [INFO] Pass: InverseCancellation - 0.16308 (ms)
2026-07-13 16:58:51,928 [INFO] Pass: UnitarySynthesis - 0.00429 (ms)
2026-07-13 16:58:51,929 [INFO] Pass: HighLevelSynthesis - 1.25885 (ms)
2026-07-13 16:58:51,930 [INFO] Pass: BasisTranslator - 0.83780 (ms)
2026-07-13 16:58:51,930 [INFO] Pass: Depth - 0.16594 (ms)
2026-07-13 16:58:51,930 [INFO] Pass: FixedPoint - 0.00739 (ms)
2026-07-13 16:58:51,930 [INFO] Pass: Size - 0.05937 (ms)
2026-07-13 16:58:51,930 [INFO] Pass: FixedPoint - 0.00477 (ms)
2026-07-13 16:58:51,932 [INFO] Pass: Optimize1qGatesDecomposition - 1.19543 (ms)
2026-07-13 16:58:51,932 [INFO] Pass: InverseCancellation - 0.00811 (ms)
2026-07-13 16:58:51,933 [INFO] Pass: GatesInBasis - 0.68140 (ms)
2026-07-13 16:58:51,933 [INFO] Pass: Depth - 0.15020 (ms)
2026-07-13 16:58:51,933 [INFO] Pass: FixedPoint - 0.00596 (ms)
2026-07-13 16:58:51,933 [INFO] Pass: Size - 0.05388 (ms)
2026-07-13 16:58:51,933 [INFO] Pass: FixedPoint - 0.00429 (ms)
2026-07-13 16:58:51,934 [INFO] Pass: Optimize1qGatesDecomposition - 0.99325 (ms)
2026-07-13 16:58:51,934 [INFO] Pass: InverseCancellation - 0.00668 (ms)
2026-07-13 16:58:51,935 [INFO] Pass: GatesInBasis - 0.66662 (ms)
2026-07-13 16:58:51,935 [INFO] Pass: Depth - 0.14496 (ms)
2026-07-13 16:58:51,935 [INFO] Pass: FixedPoint - 0.00501 (ms)
2026-07-13 16:58:51,935 [INFO] Pass: Size - 0.05746 (ms)
2026-07-13 16:58:51,935 [INFO] Pass: FixedPoint - 0.00429 (ms)
2026-07-13 16:58:51,935 [INFO] Pass: ContainsInstruction - 0.00477 (ms)
2026-07-13 16:58:51,936 [INFO] Total Transpile Time - 65.36770 (ms)
2026-07-13 17:03:44,844 [INFO] [PCE] n=250 instancia (idx=35) 5/20 completada (paralelo) - transcurrido=0:06:18:59
2026-07-13 17:04:23,745 [INFO] [PCE] n=250 instancia (idx=10) 6/20 completada (paralelo) - transcurrido=0:06:19:38
2026-07-13 17:07:05,066 [INFO] [PCE] n=250 instancia (idx=50) 7/20 completada (paralelo) - transcurrido=0:06:22:19
2026-07-13 17:07:07,358 [INFO] [PCE] n=250 instancia (idx=20) 8/20 completada (paralelo) - transcurrido=0:06:22:21
2026-07-13 17:09:23,334 [INFO] [PCE] n=250 instancia (idx=55) 9/20 completada (paralelo) - transcurrido=0:06:24:37
2026-07-13 17:09:45,270 [INFO] [PCE] n=250 instancia (idx=45) 10/20 completada (paralelo) - transcurrido=0:06:24:59
2026-07-13 17:09:49,365 [INFO] [PCE] n=250 instancia (idx=0) 11/20 completada (paralelo) - transcurrido=0:06:25:03
2026-07-13 17:11:11,913 [INFO] [PCE] n=250 instancia (idx=75) 12/20 completada (paralelo) - transcurrido=0:06:26:26
2026-07-13 17:13:40,150 [INFO] [PCE] n=250 instancia (idx=40) 13/20 completada (paralelo) - transcurrido=0:06:28:54
2026-07-13 17:21:54,897 [INFO] [PCE] n=250 instancia (idx=5) 14/20 completada (paralelo) - transcurrido=0:06:37:09
2026-07-13 17:32:43,475 [INFO] [PCE] n=250 instancia (idx=70) 15/20 completada (paralelo) - transcurrido=0:06:47:57
2026-07-13 17:44:10,375 [INFO] [PCE] n=250 instancia (idx=15) 16/20 completada (paralelo) - transcurrido=0:06:59:24
2026-07-13 18:54:58,112 [INFO] [PCE] n=250 instancia (idx=90) 17/20 completada (paralelo) - transcurrido=0:08:10:12
2026-07-13 18:58:54,939 [INFO] [PCE] n=250 instancia (idx=95) 18/20 completada (paralelo) - transcurrido=0:08:14:09
2026-07-13 19:00:29,144 [INFO] [PCE] n=250 instancia (idx=80) 19/20 completada (paralelo) - transcurrido=0:08:15:43
2026-07-13 19:01:35,369 [INFO] [PCE] n=250 instancia (idx=85) 20/20 completada (paralelo) - transcurrido=0:08:16:49
2026-07-13 19:01:35,411 [INFO] [PCE] n=250 chunk 1/5 completado - beta_parcial=0.2030 duration=0:08:16:49 shots=2048 backend=AER
