gcc/system unloaded
gcccore/system unloaded
cesga/2022 unloaded
rust/1.75.0 unloaded
imkl/2022.0.1 unloaded
numpy/1.26.4 unloaded
scipy/1.13.1 unloaded
flint/2.8.4 unloaded
symengine/0.11.1 unloaded
symengine-python/0.11.0 unloaded
spdlog/1.9.2 unloaded
pylatexenc/2.10 unloaded
qiskit/1.2.4-aer-gpu-cu11 unloaded
        Preparing the environment for use of the CESGA 2022 software stack.
        Please rebuild modules cache: module --ignore-cache avail
     
cesga/2022 loaded
rust/1.75.0 loaded

imkl/2023.2.0 loaded
numpy/1.26.4 loaded
scipy/1.13.1 loaded
imkl/2023.2.0 unloaded

imkl/2022.0.1 loaded
flint/2.8.4 loaded
symengine/0.11.1 loaded
symengine-python/0.11.0 loaded
spdlog/1.9.2 loaded
pylatexenc/2.10 loaded
gcccore/system loaded
gcc/system loaded
qiskit/1.2.4-aer-gpu-cu11 loaded
2026-07-13 10:44:46,808 [INFO] [PCE] n=250 chunk 4/5: 20 instancias [3, 8, 13, 18, 23, 28, 33, 38, 43, 48, 53, 58, 63, 68, 73, 78, 83, 88, 93, 98], num_workers=16, qubits=14
2026-07-13 10:44:46,808 [INFO] [PCE] n=250 paralelizando 20 instancias entre 16 workers (max_parallel_threads=1 fijo, independiente de num_workers)
2026-07-13 10:44:46,958 [INFO] Pass: ContainsInstruction - 0.01335 (ms)
2026-07-13 10:44:46,958 [INFO] Pass: InverseCancellation - 0.01645 (ms)
2026-07-13 10:44:46,958 [INFO] Pass: UnitarySynthesis - 0.00525 (ms)
2026-07-13 10:44:46,959 [INFO] Pass: ContainsInstruction - 0.01264 (ms)
2026-07-13 10:44:46,959 [INFO] Pass: InverseCancellation - 0.01574 (ms)
2026-07-13 10:44:46,959 [INFO] Pass: UnitarySynthesis - 0.00525 (ms)
2026-07-13 10:44:46,959 [INFO] Pass: HighLevelSynthesis - 1.25790 (ms)
2026-07-13 10:44:46,960 [INFO] Pass: HighLevelSynthesis - 1.24717 (ms)
2026-07-13 10:44:46,960 [INFO] Pass: BasisTranslator - 0.70071 (ms)
2026-07-13 10:44:46,960 [INFO] Pass: Depth - 0.18096 (ms)
2026-07-13 10:44:46,960 [INFO] Pass: FixedPoint - 0.01359 (ms)
2026-07-13 10:44:46,960 [INFO] Pass: Size - 0.05436 (ms)
2026-07-13 10:44:46,960 [INFO] Pass: FixedPoint - 0.00501 (ms)
2026-07-13 10:44:46,960 [INFO] Pass: ContainsInstruction - 0.01550 (ms)
2026-07-13 10:44:46,961 [INFO] Pass: Optimize1qGatesDecomposition - 0.14067 (ms)
2026-07-13 10:44:46,961 [INFO] Pass: InverseCancellation - 0.01621 (ms)
2026-07-13 10:44:46,961 [INFO] Pass: InverseCancellation - 0.00811 (ms)
2026-07-13 10:44:46,961 [INFO] Pass: UnitarySynthesis - 0.00548 (ms)
2026-07-13 10:44:46,961 [INFO] Pass: BasisTranslator - 0.69952 (ms)
2026-07-13 10:44:46,961 [INFO] Pass: Depth - 0.17786 (ms)
2026-07-13 10:44:46,961 [INFO] Pass: FixedPoint - 0.01287 (ms)
2026-07-13 10:44:46,961 [INFO] Pass: Size - 0.05722 (ms)
2026-07-13 10:44:46,961 [INFO] Pass: FixedPoint - 0.00501 (ms)
2026-07-13 10:44:46,961 [INFO] Pass: Optimize1qGatesDecomposition - 0.12851 (ms)
2026-07-13 10:44:46,961 [INFO] Pass: GatesInBasis - 0.64588 (ms)
2026-07-13 10:44:46,961 [INFO] Pass: InverseCancellation - 0.00858 (ms)
2026-07-13 10:44:46,962 [INFO] Pass: Depth - 0.14305 (ms)
2026-07-13 10:44:46,962 [INFO] Pass: FixedPoint - 0.00596 (ms)
2026-07-13 10:44:46,962 [INFO] Pass: Size - 0.05174 (ms)
2026-07-13 10:44:46,962 [INFO] Pass: FixedPoint - 0.00453 (ms)
2026-07-13 10:44:46,962 [INFO] Pass: ContainsInstruction - 0.00548 (ms)
2026-07-13 10:44:46,962 [INFO] Pass: HighLevelSynthesis - 1.25623 (ms)
2026-07-13 10:44:46,962 [INFO] Pass: GatesInBasis - 0.66423 (ms)
2026-07-13 10:44:46,962 [INFO] Pass: Depth - 0.13852 (ms)
2026-07-13 10:44:46,962 [INFO] Pass: FixedPoint - 0.00525 (ms)
2026-07-13 10:44:46,962 [INFO] Pass: Size - 0.05198 (ms)
2026-07-13 10:44:46,962 [INFO] Pass: FixedPoint - 0.00429 (ms)
2026-07-13 10:44:46,962 [INFO] Pass: ContainsInstruction - 0.00572 (ms)
2026-07-13 10:44:46,963 [INFO] Pass: BasisTranslator - 0.69332 (ms)
2026-07-13 10:44:46,963 [INFO] Pass: Depth - 0.17691 (ms)
2026-07-13 10:44:46,963 [INFO] Pass: FixedPoint - 0.01431 (ms)
2026-07-13 10:44:46,963 [INFO] Total Transpile Time - 84.72800 (ms)
2026-07-13 10:44:46,963 [INFO] Pass: Size - 0.05603 (ms)
2026-07-13 10:44:46,963 [INFO] Pass: FixedPoint - 0.00477 (ms)
2026-07-13 10:44:46,963 [INFO] Pass: Optimize1qGatesDecomposition - 0.12851 (ms)
2026-07-13 10:44:46,963 [INFO] Pass: InverseCancellation - 0.00906 (ms)
2026-07-13 10:44:46,964 [INFO] Total Transpile Time - 81.97856 (ms)
2026-07-13 10:44:46,964 [INFO] Pass: GatesInBasis - 0.63396 (ms)
2026-07-13 10:44:46,964 [INFO] Pass: Depth - 0.13971 (ms)
2026-07-13 10:44:46,964 [INFO] Pass: FixedPoint - 0.00548 (ms)
2026-07-13 10:44:46,964 [INFO] Pass: Size - 0.05221 (ms)
2026-07-13 10:44:46,964 [INFO] Pass: FixedPoint - 0.00429 (ms)
2026-07-13 10:44:46,964 [INFO] Pass: ContainsInstruction - 0.00501 (ms)
2026-07-13 10:44:46,966 [INFO] Total Transpile Time - 82.01265 (ms)
2026-07-13 10:44:46,969 [INFO] Pass: ContainsInstruction - 0.01407 (ms)
2026-07-13 10:44:46,969 [INFO] Pass: InverseCancellation - 0.01931 (ms)
2026-07-13 10:44:46,969 [INFO] Pass: UnitarySynthesis - 0.00525 (ms)
2026-07-13 10:44:46,969 [INFO] Pass: ContainsInstruction - 0.01359 (ms)
2026-07-13 10:44:46,969 [INFO] Pass: ContainsInstruction - 0.01383 (ms)
2026-07-13 10:44:46,969 [INFO] Pass: InverseCancellation - 0.01931 (ms)
2026-07-13 10:44:46,969 [INFO] Pass: InverseCancellation - 0.01955 (ms)
2026-07-13 10:44:46,969 [INFO] Pass: UnitarySynthesis - 0.00620 (ms)
2026-07-13 10:44:46,969 [INFO] Pass: UnitarySynthesis - 0.00501 (ms)
2026-07-13 10:44:46,970 [INFO] Pass: HighLevelSynthesis - 1.23906 (ms)
2026-07-13 10:44:46,971 [INFO] Pass: HighLevelSynthesis - 1.26648 (ms)
2026-07-13 10:44:46,971 [INFO] Pass: HighLevelSynthesis - 1.28460 (ms)
2026-07-13 10:44:46,971 [INFO] Pass: ContainsInstruction - 0.01597 (ms)
2026-07-13 10:44:46,971 [INFO] Pass: InverseCancellation - 0.01621 (ms)
2026-07-13 10:44:46,971 [INFO] Pass: UnitarySynthesis - 0.00501 (ms)
2026-07-13 10:44:46,971 [INFO] Pass: BasisTranslator - 0.69642 (ms)
2026-07-13 10:44:46,971 [INFO] Pass: BasisTranslator - 0.63348 (ms)
2026-07-13 10:44:46,971 [INFO] Pass: Depth - 0.17881 (ms)
2026-07-13 10:44:46,971 [INFO] Pass: FixedPoint - 0.01311 (ms)
2026-07-13 10:44:46,971 [INFO] Pass: BasisTranslator - 0.69356 (ms)
2026-07-13 10:44:46,971 [INFO] Pass: Size - 0.05412 (ms)
2026-07-13 10:44:46,971 [INFO] Pass: FixedPoint - 0.00477 (ms)
2026-07-13 10:44:46,971 [INFO] Pass: Depth - 0.17667 (ms)
2026-07-13 10:44:46,972 [INFO] Pass: FixedPoint - 0.01264 (ms)
2026-07-13 10:44:46,972 [INFO] Pass: Depth - 0.19217 (ms)
2026-07-13 10:44:46,972 [INFO] Pass: Size - 0.05627 (ms)
2026-07-13 10:44:46,972 [INFO] Pass: Optimize1qGatesDecomposition - 0.13542 (ms)
2026-07-13 10:44:46,972 [INFO] Pass: FixedPoint - 0.00501 (ms)
2026-07-13 10:44:46,972 [INFO] Pass: FixedPoint - 0.01264 (ms)
2026-07-13 10:44:46,972 [INFO] Pass: InverseCancellation - 0.00858 (ms)
2026-07-13 10:44:46,972 [INFO] Pass: Size - 0.05674 (ms)
2026-07-13 10:44:46,972 [INFO] Pass: FixedPoint - 0.00501 (ms)
2026-07-13 10:44:46,972 [INFO] Pass: Optimize1qGatesDecomposition - 0.12946 (ms)
2026-07-13 10:44:46,972 [INFO] Pass: InverseCancellation - 0.00834 (ms)
2026-07-13 10:44:46,972 [INFO] Pass: Optimize1qGatesDecomposition - 0.13304 (ms)
2026-07-13 10:44:46,972 [INFO] Pass: InverseCancellation - 0.00834 (ms)
2026-07-13 10:44:46,972 [INFO] Pass: HighLevelSynthesis - 1.27649 (ms)
2026-07-13 10:44:46,972 [INFO] Pass: GatesInBasis - 0.61703 (ms)
2026-07-13 10:44:46,973 [INFO] Pass: Depth - 0.13804 (ms)
2026-07-13 10:44:46,973 [INFO] Pass: GatesInBasis - 0.63348 (ms)
2026-07-13 10:44:46,973 [INFO] Pass: FixedPoint - 0.00501 (ms)
2026-07-13 10:44:46,973 [INFO] Pass: Size - 0.05150 (ms)
2026-07-13 10:44:46,973 [INFO] Pass: FixedPoint - 0.00405 (ms)
2026-07-13 10:44:46,973 [INFO] Pass: GatesInBasis - 0.63324 (ms)
2026-07-13 10:44:46,973 [INFO] Pass: ContainsInstruction - 0.00501 (ms)
2026-07-13 10:44:46,973 [INFO] Pass: Depth - 0.13876 (ms)
2026-07-13 10:44:46,973 [INFO] Pass: FixedPoint - 0.00501 (ms)
2026-07-13 10:44:46,973 [INFO] Pass: Size - 0.05126 (ms)
2026-07-13 10:44:46,973 [INFO] Pass: Depth - 0.13900 (ms)
2026-07-13 10:44:46,973 [INFO] Pass: FixedPoint - 0.00405 (ms)
2026-07-13 10:44:46,973 [INFO] Pass: BasisTranslator - 0.70572 (ms)
2026-07-13 10:44:46,973 [INFO] Pass: FixedPoint - 0.00501 (ms)
2026-07-13 10:44:46,973 [INFO] Pass: ContainsInstruction - 0.00477 (ms)
2026-07-13 10:44:46,973 [INFO] Pass: Size - 0.05198 (ms)
2026-07-13 10:44:46,973 [INFO] Pass: FixedPoint - 0.00429 (ms)
2026-07-13 10:44:46,973 [INFO] Pass: ContainsInstruction - 0.00525 (ms)
2026-07-13 10:44:46,973 [INFO] Pass: Depth - 0.17500 (ms)
2026-07-13 10:44:46,973 [INFO] Pass: FixedPoint - 0.02146 (ms)
2026-07-13 10:44:46,973 [INFO] Pass: Size - 0.05436 (ms)
2026-07-13 10:44:46,973 [INFO] Pass: FixedPoint - 0.00501 (ms)
2026-07-13 10:44:46,974 [INFO] Pass: Optimize1qGatesDecomposition - 0.12851 (ms)
2026-07-13 10:44:46,974 [INFO] Pass: InverseCancellation - 0.00787 (ms)
2026-07-13 10:44:46,974 [INFO] Total Transpile Time - 84.84459 (ms)
2026-07-13 10:44:46,974 [INFO] Total Transpile Time - 84.05161 (ms)
2026-07-13 10:44:46,974 [INFO] Pass: GatesInBasis - 0.64278 (ms)
2026-07-13 10:44:46,974 [INFO] Total Transpile Time - 85.28948 (ms)
2026-07-13 10:44:46,974 [INFO] Pass: Depth - 0.14281 (ms)
2026-07-13 10:44:46,974 [INFO] Pass: FixedPoint - 0.00525 (ms)
2026-07-13 10:44:46,975 [INFO] Pass: Size - 0.05722 (ms)
2026-07-13 10:44:46,975 [INFO] Pass: FixedPoint - 0.00429 (ms)
2026-07-13 10:44:46,975 [INFO] Pass: ContainsInstruction - 0.00525 (ms)
2026-07-13 10:44:46,976 [INFO] Pass: ContainsInstruction - 0.01597 (ms)
2026-07-13 10:44:46,976 [INFO] Pass: InverseCancellation - 0.01645 (ms)
2026-07-13 10:44:46,976 [INFO] Pass: UnitarySynthesis - 0.00548 (ms)
2026-07-13 10:44:46,976 [INFO] Total Transpile Time - 83.06527 (ms)
2026-07-13 10:44:46,977 [INFO] Pass: HighLevelSynthesis - 1.30105 (ms)
2026-07-13 10:44:46,978 [INFO] Pass: BasisTranslator - 0.64778 (ms)
2026-07-13 10:44:46,978 [INFO] Pass: Depth - 0.17929 (ms)
2026-07-13 10:44:46,978 [INFO] Pass: FixedPoint - 0.01192 (ms)
2026-07-13 10:44:46,978 [INFO] Pass: Size - 0.05651 (ms)
2026-07-13 10:44:46,978 [INFO] Pass: FixedPoint - 0.00477 (ms)
2026-07-13 10:44:46,978 [INFO] Pass: Optimize1qGatesDecomposition - 0.13638 (ms)
2026-07-13 10:44:46,978 [INFO] Pass: ContainsInstruction - 0.01597 (ms)
2026-07-13 10:44:46,978 [INFO] Pass: InverseCancellation - 0.01240 (ms)
2026-07-13 10:44:46,978 [INFO] Pass: InverseCancellation - 0.01669 (ms)
2026-07-13 10:44:46,979 [INFO] Pass: UnitarySynthesis - 0.01025 (ms)
2026-07-13 10:44:46,979 [INFO] Pass: GatesInBasis - 0.67186 (ms)
2026-07-13 10:44:46,979 [INFO] Pass: Depth - 0.14782 (ms)
2026-07-13 10:44:46,979 [INFO] Pass: FixedPoint - 0.00525 (ms)
2026-07-13 10:44:46,979 [INFO] Pass: Size - 0.05317 (ms)
2026-07-13 10:44:46,980 [INFO] Pass: FixedPoint - 0.00453 (ms)
2026-07-13 10:44:46,980 [INFO] Pass: ContainsInstruction - 0.00548 (ms)
2026-07-13 10:44:46,980 [INFO] Pass: HighLevelSynthesis - 1.26123 (ms)
2026-07-13 10:44:46,981 [INFO] Pass: BasisTranslator - 0.69761 (ms)
2026-07-13 10:44:46,981 [INFO] Pass: Depth - 0.17762 (ms)
2026-07-13 10:44:46,981 [INFO] Pass: FixedPoint - 0.01264 (ms)
2026-07-13 10:44:46,981 [INFO] Total Transpile Time - 84.46002 (ms)
2026-07-13 10:44:46,981 [INFO] Pass: Size - 0.05388 (ms)
2026-07-13 10:44:46,981 [INFO] Pass: FixedPoint - 0.00477 (ms)
2026-07-13 10:44:46,981 [INFO] Pass: Optimize1qGatesDecomposition - 0.12708 (ms)
2026-07-13 10:44:46,981 [INFO] Pass: InverseCancellation - 0.00811 (ms)
2026-07-13 10:44:46,982 [INFO] Pass: GatesInBasis - 0.62442 (ms)
2026-07-13 10:44:46,982 [INFO] Pass: Depth - 0.13876 (ms)
2026-07-13 10:44:46,982 [INFO] Pass: FixedPoint - 0.00525 (ms)
2026-07-13 10:44:46,982 [INFO] Pass: Size - 0.05126 (ms)
2026-07-13 10:44:46,982 [INFO] Pass: FixedPoint - 0.00429 (ms)
2026-07-13 10:44:46,982 [INFO] Pass: ContainsInstruction - 0.00525 (ms)
2026-07-13 10:44:46,984 [INFO] Total Transpile Time - 83.23932 (ms)
2026-07-13 10:44:46,986 [INFO] Pass: ContainsInstruction - 0.01550 (ms)
2026-07-13 10:44:46,986 [INFO] Pass: InverseCancellation - 0.01836 (ms)
2026-07-13 10:44:46,986 [INFO] Pass: UnitarySynthesis - 0.00548 (ms)
2026-07-13 10:44:46,987 [INFO] Pass: HighLevelSynthesis - 1.23858 (ms)
2026-07-13 10:44:46,988 [INFO] Pass: BasisTranslator - 0.69332 (ms)
2026-07-13 10:44:46,988 [INFO] Pass: ContainsInstruction - 0.01502 (ms)
2026-07-13 10:44:46,988 [INFO] Pass: InverseCancellation - 0.01550 (ms)
2026-07-13 10:44:46,988 [INFO] Pass: UnitarySynthesis - 0.00548 (ms)
2026-07-13 10:44:46,988 [INFO] Pass: Depth - 0.17953 (ms)
2026-07-13 10:44:46,988 [INFO] Pass: FixedPoint - 0.01192 (ms)
2026-07-13 10:44:46,988 [INFO] Pass: Size - 0.05317 (ms)
2026-07-13 10:44:46,988 [INFO] Pass: FixedPoint - 0.00501 (ms)
2026-07-13 10:44:46,988 [INFO] Pass: Optimize1qGatesDecomposition - 0.13351 (ms)
2026-07-13 10:44:46,989 [INFO] Pass: InverseCancellation - 0.01073 (ms)
2026-07-13 10:44:46,989 [INFO] Pass: GatesInBasis - 0.63109 (ms)
2026-07-13 10:44:46,989 [INFO] Pass: HighLevelSynthesis - 1.25384 (ms)
2026-07-13 10:44:46,989 [INFO] Pass: Depth - 0.14257 (ms)
2026-07-13 10:44:46,989 [INFO] Pass: FixedPoint - 0.00525 (ms)
2026-07-13 10:44:46,990 [INFO] Pass: Size - 0.05221 (ms)
2026-07-13 10:44:46,990 [INFO] Pass: FixedPoint - 0.00453 (ms)
2026-07-13 10:44:46,990 [INFO] Pass: ContainsInstruction - 0.00477 (ms)
2026-07-13 10:44:46,990 [INFO] Pass: ContainsInstruction - 0.01383 (ms)
2026-07-13 10:44:46,990 [INFO] Pass: InverseCancellation - 0.01669 (ms)
2026-07-13 10:44:46,990 [INFO] Pass: UnitarySynthesis - 0.00525 (ms)
2026-07-13 10:44:46,990 [INFO] Pass: BasisTranslator - 0.70453 (ms)
2026-07-13 10:44:46,990 [INFO] Pass: Depth - 0.17452 (ms)
2026-07-13 10:44:46,990 [INFO] Pass: FixedPoint - 0.01240 (ms)
2026-07-13 10:44:46,990 [INFO] Pass: Size - 0.05293 (ms)
2026-07-13 10:44:46,991 [INFO] Pass: FixedPoint - 0.00477 (ms)
2026-07-13 10:44:46,991 [INFO] Pass: Optimize1qGatesDecomposition - 0.13137 (ms)
2026-07-13 10:44:46,991 [INFO] Pass: InverseCancellation - 0.01168 (ms)
2026-07-13 10:44:46,991 [INFO] Total Transpile Time - 87.30292 (ms)
2026-07-13 10:44:46,991 [INFO] Pass: HighLevelSynthesis - 1.23572 (ms)
2026-07-13 10:44:46,991 [INFO] Pass: GatesInBasis - 0.62418 (ms)
2026-07-13 10:44:46,992 [INFO] Pass: Depth - 0.14663 (ms)
2026-07-13 10:44:46,992 [INFO] Pass: FixedPoint - 0.00548 (ms)
2026-07-13 10:44:46,992 [INFO] Pass: Size - 0.05126 (ms)
2026-07-13 10:44:46,992 [INFO] Pass: FixedPoint - 0.00429 (ms)
2026-07-13 10:44:46,992 [INFO] Pass: ContainsInstruction - 0.00548 (ms)
2026-07-13 10:44:46,992 [INFO] Pass: ContainsInstruction - 0.01311 (ms)
2026-07-13 10:44:46,992 [INFO] Pass: InverseCancellation - 0.01788 (ms)
2026-07-13 10:44:46,992 [INFO] Pass: UnitarySynthesis - 0.00525 (ms)
2026-07-13 10:44:46,992 [INFO] Pass: BasisTranslator - 0.69141 (ms)
2026-07-13 10:44:46,992 [INFO] Pass: Depth - 0.17953 (ms)
2026-07-13 10:44:46,992 [INFO] Pass: FixedPoint - 0.01240 (ms)
2026-07-13 10:44:46,992 [INFO] Pass: Size - 0.05317 (ms)
2026-07-13 10:44:46,993 [INFO] Pass: FixedPoint - 0.00501 (ms)
2026-07-13 10:44:46,993 [INFO] Pass: Optimize1qGatesDecomposition - 0.12755 (ms)
2026-07-13 10:44:46,993 [INFO] Pass: InverseCancellation - 0.01216 (ms)
2026-07-13 10:44:46,993 [INFO] Total Transpile Time - 85.37865 (ms)
2026-07-13 10:44:46,993 [INFO] Pass: HighLevelSynthesis - 1.24431 (ms)
2026-07-13 10:44:46,993 [INFO] Pass: GatesInBasis - 0.62513 (ms)
2026-07-13 10:44:46,994 [INFO] Pass: Depth - 0.14424 (ms)
2026-07-13 10:44:46,994 [INFO] Pass: FixedPoint - 0.00525 (ms)
2026-07-13 10:44:46,994 [INFO] Pass: Size - 0.05293 (ms)
2026-07-13 10:44:46,994 [INFO] Pass: FixedPoint - 0.00429 (ms)
2026-07-13 10:44:46,994 [INFO] Pass: ContainsInstruction - 0.00453 (ms)
2026-07-13 10:44:46,994 [INFO] Pass: ContainsInstruction - 0.01311 (ms)
2026-07-13 10:44:46,994 [INFO] Pass: BasisTranslator - 0.68879 (ms)
2026-07-13 10:44:46,994 [INFO] Pass: InverseCancellation - 0.01526 (ms)
2026-07-13 10:44:46,994 [INFO] Pass: UnitarySynthesis - 0.00525 (ms)
2026-07-13 10:44:46,994 [INFO] Pass: Depth - 0.17428 (ms)
2026-07-13 10:44:46,994 [INFO] Pass: FixedPoint - 0.01121 (ms)
2026-07-13 10:44:46,994 [INFO] Pass: Size - 0.05269 (ms)
2026-07-13 10:44:46,994 [INFO] Pass: FixedPoint - 0.00453 (ms)
2026-07-13 10:44:46,995 [INFO] Pass: Optimize1qGatesDecomposition - 0.13185 (ms)
2026-07-13 10:44:46,995 [INFO] Pass: InverseCancellation - 0.00858 (ms)
2026-07-13 10:44:46,995 [INFO] Total Transpile Time - 83.75573 (ms)
2026-07-13 10:44:46,995 [INFO] Pass: GatesInBasis - 0.62156 (ms)
2026-07-13 10:44:46,995 [INFO] Pass: HighLevelSynthesis - 1.23286 (ms)
2026-07-13 10:44:46,995 [INFO] Pass: Depth - 0.14019 (ms)
2026-07-13 10:44:46,996 [INFO] Pass: FixedPoint - 0.00477 (ms)
2026-07-13 10:44:46,996 [INFO] Pass: Size - 0.05674 (ms)
2026-07-13 10:44:46,996 [INFO] Pass: FixedPoint - 0.00429 (ms)
2026-07-13 10:44:46,996 [INFO] Pass: ContainsInstruction - 0.00572 (ms)
2026-07-13 10:44:46,996 [INFO] Pass: BasisTranslator - 0.69404 (ms)
2026-07-13 10:44:46,996 [INFO] Pass: Depth - 0.17452 (ms)
2026-07-13 10:44:46,996 [INFO] Pass: FixedPoint - 0.01144 (ms)
2026-07-13 10:44:46,996 [INFO] Pass: Size - 0.05317 (ms)
2026-07-13 10:44:46,997 [INFO] Pass: FixedPoint - 0.00453 (ms)
2026-07-13 10:44:46,997 [INFO] Pass: Optimize1qGatesDecomposition - 0.13018 (ms)
2026-07-13 10:44:46,997 [INFO] Pass: InverseCancellation - 0.00787 (ms)
2026-07-13 10:44:46,997 [INFO] Total Transpile Time - 82.41963 (ms)
2026-07-13 10:44:46,997 [INFO] Pass: GatesInBasis - 0.62346 (ms)
2026-07-13 10:44:46,998 [INFO] Pass: Depth - 0.14377 (ms)
2026-07-13 10:44:46,998 [INFO] Pass: FixedPoint - 0.00525 (ms)
2026-07-13 10:44:46,998 [INFO] Pass: Size - 0.05031 (ms)
2026-07-13 10:44:46,998 [INFO] Pass: FixedPoint - 0.00453 (ms)
2026-07-13 10:44:46,998 [INFO] Pass: ContainsInstruction - 0.00525 (ms)
2026-07-13 10:44:46,999 [INFO] Total Transpile Time - 80.85012 (ms)
2026-07-13 10:44:47,000 [INFO] Pass: ContainsInstruction - 0.01216 (ms)
2026-07-13 10:44:47,000 [INFO] Pass: InverseCancellation - 0.01669 (ms)
2026-07-13 10:44:47,000 [INFO] Pass: UnitarySynthesis - 0.00525 (ms)
2026-07-13 10:44:47,001 [INFO] Pass: HighLevelSynthesis - 1.24454 (ms)
2026-07-13 10:44:47,002 [INFO] Pass: BasisTranslator - 0.63372 (ms)
2026-07-13 10:44:47,002 [INFO] Pass: Depth - 0.17476 (ms)
2026-07-13 10:44:47,002 [INFO] Pass: FixedPoint - 0.01097 (ms)
2026-07-13 10:44:47,002 [INFO] Pass: Size - 0.05293 (ms)
2026-07-13 10:44:47,002 [INFO] Pass: FixedPoint - 0.00477 (ms)
2026-07-13 10:44:47,003 [INFO] Pass: Optimize1qGatesDecomposition - 0.13256 (ms)
2026-07-13 10:44:47,003 [INFO] Pass: InverseCancellation - 0.00787 (ms)
2026-07-13 10:44:47,003 [INFO] Pass: ContainsInstruction - 0.01216 (ms)
2026-07-13 10:44:47,003 [INFO] Pass: InverseCancellation - 0.01478 (ms)
2026-07-13 10:44:47,003 [INFO] Pass: UnitarySynthesis - 0.00525 (ms)
2026-07-13 10:44:47,003 [INFO] Pass: GatesInBasis - 0.66495 (ms)
2026-07-13 10:44:47,004 [INFO] Pass: Depth - 0.14424 (ms)
2026-07-13 10:44:47,004 [INFO] Pass: FixedPoint - 0.00548 (ms)
2026-07-13 10:44:47,004 [INFO] Pass: Size - 0.05245 (ms)
2026-07-13 10:44:47,004 [INFO] Pass: FixedPoint - 0.00429 (ms)
2026-07-13 10:44:47,004 [INFO] Pass: ContainsInstruction - 0.00525 (ms)
2026-07-13 10:44:47,005 [INFO] Pass: HighLevelSynthesis - 1.21832 (ms)
2026-07-13 10:44:47,005 [INFO] Total Transpile Time - 82.43275 (ms)
2026-07-13 10:44:47,005 [INFO] Pass: BasisTranslator - 0.71454 (ms)
2026-07-13 10:44:47,005 [INFO] Pass: Depth - 0.16618 (ms)
2026-07-13 10:44:47,006 [INFO] Pass: FixedPoint - 0.01502 (ms)
2026-07-13 10:44:47,006 [INFO] Pass: Size - 0.05364 (ms)
2026-07-13 10:44:47,006 [INFO] Pass: FixedPoint - 0.00477 (ms)
2026-07-13 10:44:47,006 [INFO] Pass: Optimize1qGatesDecomposition - 0.12326 (ms)
2026-07-13 10:44:47,006 [INFO] Pass: InverseCancellation - 0.00811 (ms)
2026-07-13 10:44:47,007 [INFO] Pass: GatesInBasis - 0.65517 (ms)
2026-07-13 10:44:47,007 [INFO] Pass: Depth - 0.13709 (ms)
2026-07-13 10:44:47,007 [INFO] Pass: FixedPoint - 0.00525 (ms)
2026-07-13 10:44:47,007 [INFO] Pass: Size - 0.05078 (ms)
2026-07-13 10:44:47,007 [INFO] Pass: FixedPoint - 0.00453 (ms)
2026-07-13 10:44:47,007 [INFO] Pass: ContainsInstruction - 0.00501 (ms)
2026-07-13 10:44:47,008 [INFO] Total Transpile Time - 81.32172 (ms)
2026-07-13 10:44:47,020 [INFO] Pass: ContainsInstruction - 0.00978 (ms)
2026-07-13 10:44:47,020 [INFO] Pass: InverseCancellation - 0.16904 (ms)
2026-07-13 10:44:47,020 [INFO] Pass: UnitarySynthesis - 0.00429 (ms)
2026-07-13 10:44:47,021 [INFO] Pass: ContainsInstruction - 0.00811 (ms)
2026-07-13 10:44:47,021 [INFO] Pass: InverseCancellation - 0.16737 (ms)
2026-07-13 10:44:47,021 [INFO] Pass: HighLevelSynthesis - 1.18971 (ms)
2026-07-13 10:44:47,021 [INFO] Pass: UnitarySynthesis - 0.00453 (ms)
2026-07-13 10:44:47,022 [INFO] Pass: BasisTranslator - 0.80180 (ms)
2026-07-13 10:44:47,023 [INFO] Pass: Depth - 0.15831 (ms)
2026-07-13 10:44:47,023 [INFO] Pass: FixedPoint - 0.00715 (ms)
2026-07-13 10:44:47,023 [INFO] Pass: Size - 0.05484 (ms)
2026-07-13 10:44:47,023 [INFO] Pass: ContainsInstruction - 0.00763 (ms)
2026-07-13 10:44:47,023 [INFO] Pass: FixedPoint - 0.00429 (ms)
2026-07-13 10:44:47,023 [INFO] Pass: HighLevelSynthesis - 1.19352 (ms)
2026-07-13 10:44:47,023 [INFO] Pass: InverseCancellation - 0.16117 (ms)
2026-07-13 10:44:47,023 [INFO] Pass: UnitarySynthesis - 0.00429 (ms)
2026-07-13 10:44:47,023 [INFO] Pass: BasisTranslator - 0.64516 (ms)
2026-07-13 10:44:47,024 [INFO] Pass: Depth - 0.15926 (ms)
2026-07-13 10:44:47,024 [INFO] Pass: FixedPoint - 0.00691 (ms)
2026-07-13 10:44:47,024 [INFO] Pass: Size - 0.05460 (ms)
2026-07-13 10:44:47,024 [INFO] Pass: FixedPoint - 0.00453 (ms)
2026-07-13 10:44:47,024 [INFO] Pass: Optimize1qGatesDecomposition - 1.09673 (ms)
2026-07-13 10:44:47,024 [INFO] Pass: InverseCancellation - 0.14997 (ms)
2026-07-13 10:44:47,024 [INFO] Pass: HighLevelSynthesis - 1.18208 (ms)
2026-07-13 10:44:47,025 [INFO] Pass: GatesInBasis - 0.69571 (ms)
2026-07-13 10:44:47,025 [INFO] Pass: Optimize1qGatesDecomposition - 1.07694 (ms)
2026-07-13 10:44:47,025 [INFO] Pass: Depth - 0.14496 (ms)
2026-07-13 10:44:47,025 [INFO] Pass: FixedPoint - 0.00548 (ms)
2026-07-13 10:44:47,025 [INFO] Pass: BasisTranslator - 0.79942 (ms)
2026-07-13 10:44:47,025 [INFO] Pass: InverseCancellation - 0.14591 (ms)
2026-07-13 10:44:47,025 [INFO] Pass: Size - 0.05364 (ms)
2026-07-13 10:44:47,025 [INFO] Pass: FixedPoint - 0.00453 (ms)
2026-07-13 10:44:47,025 [INFO] Pass: ContainsInstruction - 0.00763 (ms)
2026-07-13 10:44:47,025 [INFO] Pass: Depth - 0.15783 (ms)
2026-07-13 10:44:47,025 [INFO] Pass: FixedPoint - 0.00763 (ms)
2026-07-13 10:44:47,025 [INFO] Pass: Size - 0.05674 (ms)
2026-07-13 10:44:47,025 [INFO] Pass: FixedPoint - 0.00453 (ms)
2026-07-13 10:44:47,026 [INFO] Pass: GatesInBasis - 0.66519 (ms)
2026-07-13 10:44:47,026 [INFO] Pass: Depth - 0.14472 (ms)
2026-07-13 10:44:47,026 [INFO] Pass: FixedPoint - 0.00548 (ms)
2026-07-13 10:44:47,026 [INFO] Pass: Size - 0.05364 (ms)
2026-07-13 10:44:47,026 [INFO] Pass: FixedPoint - 0.00429 (ms)
2026-07-13 10:44:47,026 [INFO] Pass: ContainsInstruction - 0.00477 (ms)
2026-07-13 10:44:47,026 [INFO] Total Transpile Time - 63.16209 (ms)
2026-07-13 10:44:47,027 [INFO] Pass: Optimize1qGatesDecomposition - 1.08433 (ms)
2026-07-13 10:44:47,027 [INFO] Pass: InverseCancellation - 0.14687 (ms)
2026-07-13 10:44:47,027 [INFO] Total Transpile Time - 63.46560 (ms)
2026-07-13 10:44:47,027 [INFO] Pass: GatesInBasis - 0.65804 (ms)
2026-07-13 10:44:47,028 [INFO] Pass: Depth - 0.14997 (ms)
2026-07-13 10:44:47,028 [INFO] Pass: FixedPoint - 0.00548 (ms)
2026-07-13 10:44:47,028 [INFO] Pass: Size - 0.05460 (ms)
2026-07-13 10:44:47,028 [INFO] Pass: FixedPoint - 0.00405 (ms)
2026-07-13 10:44:47,028 [INFO] Pass: ContainsInstruction - 0.00477 (ms)
2026-07-13 10:44:47,029 [INFO] Total Transpile Time - 63.12704 (ms)
2026-07-13 10:44:47,031 [INFO] Pass: ContainsInstruction - 0.00787 (ms)
2026-07-13 10:44:47,031 [INFO] Pass: ContainsInstruction - 0.00715 (ms)
2026-07-13 10:44:47,031 [INFO] Pass: InverseCancellation - 0.16117 (ms)
2026-07-13 10:44:47,031 [INFO] Pass: UnitarySynthesis - 0.00405 (ms)
2026-07-13 10:44:47,031 [INFO] Pass: InverseCancellation - 0.16356 (ms)
2026-07-13 10:44:47,031 [INFO] Pass: UnitarySynthesis - 0.00405 (ms)
2026-07-13 10:44:47,032 [INFO] Pass: ContainsInstruction - 0.00739 (ms)
2026-07-13 10:44:47,032 [INFO] Pass: InverseCancellation - 0.16451 (ms)
2026-07-13 10:44:47,032 [INFO] Pass: UnitarySynthesis - 0.00429 (ms)
2026-07-13 10:44:47,033 [INFO] Pass: HighLevelSynthesis - 1.20354 (ms)
2026-07-13 10:44:47,033 [INFO] Pass: HighLevelSynthesis - 1.19734 (ms)
2026-07-13 10:44:47,033 [INFO] Pass: HighLevelSynthesis - 1.18995 (ms)
2026-07-13 10:44:47,033 [INFO] Pass: BasisTranslator - 0.64540 (ms)
2026-07-13 10:44:47,033 [INFO] Pass: ContainsInstruction - 0.00858 (ms)
2026-07-13 10:44:47,033 [INFO] Pass: BasisTranslator - 0.65470 (ms)
2026-07-13 10:44:47,033 [INFO] Pass: Depth - 0.15664 (ms)
2026-07-13 10:44:47,034 [INFO] Pass: FixedPoint - 0.01431 (ms)
2026-07-13 10:44:47,034 [INFO] Pass: Depth - 0.16141 (ms)
2026-07-13 10:44:47,034 [INFO] Pass: InverseCancellation - 0.16856 (ms)
2026-07-13 10:44:47,034 [INFO] Pass: FixedPoint - 0.00763 (ms)
2026-07-13 10:44:47,034 [INFO] Pass: UnitarySynthesis - 0.00477 (ms)
2026-07-13 10:44:47,034 [INFO] Pass: Size - 0.05579 (ms)
2026-07-13 10:44:47,034 [INFO] Pass: FixedPoint - 0.00477 (ms)
2026-07-13 10:44:47,034 [INFO] Pass: Size - 0.05698 (ms)
2026-07-13 10:44:47,034 [INFO] Pass: FixedPoint - 0.00477 (ms)
2026-07-13 10:44:47,034 [INFO] Pass: BasisTranslator - 0.80085 (ms)
2026-07-13 10:44:47,034 [INFO] Pass: Depth - 0.15473 (ms)
2026-07-13 10:44:47,034 [INFO] Pass: FixedPoint - 0.00739 (ms)
2026-07-13 10:44:47,034 [INFO] Pass: Size - 0.05531 (ms)
2026-07-13 10:44:47,034 [INFO] Pass: FixedPoint - 0.00453 (ms)
2026-07-13 10:44:47,035 [INFO] Pass: Optimize1qGatesDecomposition - 1.09553 (ms)
2026-07-13 10:44:47,035 [INFO] Pass: HighLevelSynthesis - 1.17779 (ms)
2026-07-13 10:44:47,035 [INFO] Pass: Optimize1qGatesDecomposition - 1.08457 (ms)
2026-07-13 10:44:47,035 [INFO] Pass: InverseCancellation - 0.14424 (ms)
2026-07-13 10:44:47,035 [INFO] Pass: InverseCancellation - 0.14591 (ms)
2026-07-13 10:44:47,035 [INFO] Pass: Optimize1qGatesDecomposition - 1.08075 (ms)
2026-07-13 10:44:47,036 [INFO] Pass: BasisTranslator - 0.65374 (ms)
2026-07-13 10:44:47,036 [INFO] Pass: InverseCancellation - 0.15020 (ms)
2026-07-13 10:44:47,036 [INFO] Pass: GatesInBasis - 0.67306 (ms)
2026-07-13 10:44:47,036 [INFO] Pass: Depth - 0.15545 (ms)
2026-07-13 10:44:47,036 [INFO] Pass: FixedPoint - 0.00763 (ms)
2026-07-13 10:44:47,036 [INFO] Pass: GatesInBasis - 0.74744 (ms)
2026-07-13 10:44:47,036 [INFO] Pass: Size - 0.05603 (ms)
2026-07-13 10:44:47,036 [INFO] Pass: Depth - 0.14472 (ms)
2026-07-13 10:44:47,036 [INFO] Pass: FixedPoint - 0.00453 (ms)
2026-07-13 10:44:47,036 [INFO] Pass: FixedPoint - 0.00572 (ms)
2026-07-13 10:44:47,036 [INFO] Pass: Size - 0.05412 (ms)
2026-07-13 10:44:47,036 [INFO] Pass: Depth - 0.14949 (ms)
2026-07-13 10:44:47,036 [INFO] Pass: FixedPoint - 0.00429 (ms)
2026-07-13 10:44:47,036 [INFO] Pass: FixedPoint - 0.00548 (ms)
2026-07-13 10:44:47,036 [INFO] Pass: ContainsInstruction - 0.00453 (ms)
2026-07-13 10:44:47,036 [INFO] Pass: Size - 0.05412 (ms)
2026-07-13 10:44:47,036 [INFO] Pass: FixedPoint - 0.00429 (ms)
2026-07-13 10:44:47,036 [INFO] Pass: ContainsInstruction - 0.00453 (ms)
2026-07-13 10:44:47,036 [INFO] Pass: GatesInBasis - 0.68355 (ms)
2026-07-13 10:44:47,037 [INFO] Pass: Depth - 0.15426 (ms)
2026-07-13 10:44:47,037 [INFO] Pass: FixedPoint - 0.00572 (ms)
2026-07-13 10:44:47,037 [INFO] Pass: Size - 0.05507 (ms)
2026-07-13 10:44:47,037 [INFO] Pass: FixedPoint - 0.00405 (ms)
2026-07-13 10:44:47,037 [INFO] Pass: ContainsInstruction - 0.00453 (ms)
2026-07-13 10:44:47,037 [INFO] Pass: Optimize1qGatesDecomposition - 1.09076 (ms)
2026-07-13 10:44:47,037 [INFO] Total Transpile Time - 63.13848 (ms)
2026-07-13 10:44:47,037 [INFO] Pass: InverseCancellation - 0.14758 (ms)
2026-07-13 10:44:47,037 [INFO] Total Transpile Time - 63.04932 (ms)
2026-07-13 10:44:47,038 [INFO] Total Transpile Time - 63.45844 (ms)
2026-07-13 10:44:47,038 [INFO] Pass: GatesInBasis - 0.66566 (ms)
2026-07-13 10:44:47,038 [INFO] Pass: ContainsInstruction - 0.00811 (ms)
2026-07-13 10:44:47,038 [INFO] Pass: Depth - 0.14663 (ms)
2026-07-13 10:44:47,038 [INFO] Pass: FixedPoint - 0.00572 (ms)
2026-07-13 10:44:47,038 [INFO] Pass: Size - 0.05412 (ms)
2026-07-13 10:44:47,038 [INFO] Pass: FixedPoint - 0.00429 (ms)
2026-07-13 10:44:47,038 [INFO] Pass: InverseCancellation - 0.16165 (ms)
2026-07-13 10:44:47,038 [INFO] Pass: ContainsInstruction - 0.00453 (ms)
2026-07-13 10:44:47,038 [INFO] Pass: UnitarySynthesis - 0.00453 (ms)
2026-07-13 10:44:47,039 [INFO] Total Transpile Time - 63.49778 (ms)
2026-07-13 10:44:47,040 [INFO] Pass: HighLevelSynthesis - 1.17207 (ms)
2026-07-13 10:44:47,040 [INFO] Pass: BasisTranslator - 0.64182 (ms)
2026-07-13 10:44:47,040 [INFO] Pass: Depth - 0.15402 (ms)
2026-07-13 10:44:47,041 [INFO] Pass: FixedPoint - 0.00787 (ms)
2026-07-13 10:44:47,041 [INFO] Pass: ContainsInstruction - 0.00811 (ms)
2026-07-13 10:44:47,041 [INFO] Pass: Size - 0.05722 (ms)
2026-07-13 10:44:47,041 [INFO] Pass: FixedPoint - 0.00453 (ms)
2026-07-13 10:44:47,041 [INFO] Pass: InverseCancellation - 0.16427 (ms)
2026-07-13 10:44:47,041 [INFO] Pass: UnitarySynthesis - 0.00405 (ms)
2026-07-13 10:44:47,042 [INFO] Pass: Optimize1qGatesDecomposition - 1.08790 (ms)
2026-07-13 10:44:47,042 [INFO] Pass: InverseCancellation - 0.14877 (ms)
2026-07-13 10:44:47,042 [INFO] Pass: HighLevelSynthesis - 1.18399 (ms)
2026-07-13 10:44:47,043 [INFO] Pass: GatesInBasis - 0.77939 (ms)
2026-07-13 10:44:47,043 [INFO] Pass: BasisTranslator - 0.79608 (ms)
2026-07-13 10:44:47,043 [INFO] Pass: Depth - 0.14663 (ms)
2026-07-13 10:44:47,043 [INFO] Pass: FixedPoint - 0.00596 (ms)
2026-07-13 10:44:47,043 [INFO] Pass: Size - 0.05341 (ms)
2026-07-13 10:44:47,043 [INFO] Pass: Depth - 0.15378 (ms)
2026-07-13 10:44:47,043 [INFO] Pass: FixedPoint - 0.00405 (ms)
2026-07-13 10:44:47,043 [INFO] Pass: FixedPoint - 0.00834 (ms)
2026-07-13 10:44:47,043 [INFO] Pass: ContainsInstruction - 0.00501 (ms)
2026-07-13 10:44:47,043 [INFO] Pass: Size - 0.05484 (ms)
2026-07-13 10:44:47,043 [INFO] Pass: FixedPoint - 0.00429 (ms)
2026-07-13 10:44:47,044 [INFO] Total Transpile Time - 63.35139 (ms)
2026-07-13 10:44:47,044 [INFO] Pass: Optimize1qGatesDecomposition - 1.07861 (ms)
2026-07-13 10:44:47,045 [INFO] Pass: InverseCancellation - 0.15569 (ms)
2026-07-13 10:44:47,045 [INFO] Pass: GatesInBasis - 0.68283 (ms)
2026-07-13 10:44:47,046 [INFO] Pass: Depth - 0.15044 (ms)
2026-07-13 10:44:47,046 [INFO] Pass: FixedPoint - 0.00620 (ms)
2026-07-13 10:44:47,046 [INFO] Pass: Size - 0.05412 (ms)
2026-07-13 10:44:47,046 [INFO] Pass: FixedPoint - 0.00453 (ms)
2026-07-13 10:44:47,046 [INFO] Pass: ContainsInstruction - 0.00477 (ms)
2026-07-13 10:44:47,047 [INFO] Total Transpile Time - 63.25698 (ms)
2026-07-13 10:44:47,048 [INFO] Pass: ContainsInstruction - 0.00787 (ms)
2026-07-13 10:44:47,048 [INFO] Pass: InverseCancellation - 0.16236 (ms)
2026-07-13 10:44:47,048 [INFO] Pass: UnitarySynthesis - 0.00453 (ms)
2026-07-13 10:44:47,049 [INFO] Pass: HighLevelSynthesis - 1.18470 (ms)
2026-07-13 10:44:47,050 [INFO] Pass: BasisTranslator - 0.78988 (ms)
2026-07-13 10:44:47,050 [INFO] Pass: ContainsInstruction - 0.00739 (ms)
2026-07-13 10:44:47,050 [INFO] Pass: Depth - 0.15545 (ms)
2026-07-13 10:44:47,050 [INFO] Pass: FixedPoint - 0.00739 (ms)
2026-07-13 10:44:47,050 [INFO] Pass: InverseCancellation - 0.16475 (ms)
2026-07-13 10:44:47,050 [INFO] Pass: Size - 0.05555 (ms)
2026-07-13 10:44:47,051 [INFO] Pass: UnitarySynthesis - 0.00429 (ms)
2026-07-13 10:44:47,051 [INFO] Pass: FixedPoint - 0.00453 (ms)
2026-07-13 10:44:47,052 [INFO] Pass: Optimize1qGatesDecomposition - 1.08266 (ms)
2026-07-13 10:44:47,052 [INFO] Pass: HighLevelSynthesis - 1.22571 (ms)
2026-07-13 10:44:47,052 [INFO] Pass: InverseCancellation - 0.14806 (ms)
2026-07-13 10:44:47,052 [INFO] Pass: ContainsInstruction - 0.00763 (ms)
2026-07-13 10:44:47,052 [INFO] Pass: InverseCancellation - 0.16475 (ms)
2026-07-13 10:44:47,052 [INFO] Pass: UnitarySynthesis - 0.00429 (ms)
2026-07-13 10:44:47,053 [INFO] Pass: GatesInBasis - 0.66495 (ms)
2026-07-13 10:44:47,053 [INFO] Pass: BasisTranslator - 0.80037 (ms)
2026-07-13 10:44:47,053 [INFO] Pass: Depth - 0.14615 (ms)
2026-07-13 10:44:47,053 [INFO] Pass: FixedPoint - 0.00548 (ms)
2026-07-13 10:44:47,053 [INFO] Pass: Depth - 0.15450 (ms)
2026-07-13 10:44:47,053 [INFO] Pass: FixedPoint - 0.00763 (ms)
2026-07-13 10:44:47,053 [INFO] Pass: Size - 0.05364 (ms)
2026-07-13 10:44:47,053 [INFO] Pass: FixedPoint - 0.00429 (ms)
2026-07-13 10:44:47,053 [INFO] Pass: Size - 0.05460 (ms)
2026-07-13 10:44:47,053 [INFO] Pass: ContainsInstruction - 0.00501 (ms)
2026-07-13 10:44:47,053 [INFO] Pass: FixedPoint - 0.00429 (ms)
2026-07-13 10:44:47,053 [INFO] Pass: HighLevelSynthesis - 1.18041 (ms)
2026-07-13 10:44:47,054 [INFO] Pass: ContainsInstruction - 0.01001 (ms)
2026-07-13 10:44:47,054 [INFO] Pass: InverseCancellation - 0.16499 (ms)
2026-07-13 10:44:47,054 [INFO] Pass: UnitarySynthesis - 0.00501 (ms)
2026-07-13 10:44:47,054 [INFO] Total Transpile Time - 63.12299 (ms)
2026-07-13 10:44:47,054 [INFO] Pass: Optimize1qGatesDecomposition - 1.09315 (ms)
2026-07-13 10:44:47,054 [INFO] Pass: BasisTranslator - 0.79608 (ms)
2026-07-13 10:44:47,054 [INFO] Pass: InverseCancellation - 0.14806 (ms)
2026-07-13 10:44:47,054 [INFO] Pass: Depth - 0.15497 (ms)
2026-07-13 10:44:47,054 [INFO] Pass: FixedPoint - 0.00763 (ms)
2026-07-13 10:44:47,055 [INFO] Pass: Size - 0.06127 (ms)
2026-07-13 10:44:47,055 [INFO] Pass: FixedPoint - 0.00453 (ms)
2026-07-13 10:44:47,055 [INFO] Pass: GatesInBasis - 0.67258 (ms)
2026-07-13 10:44:47,055 [INFO] Pass: Depth - 0.14615 (ms)
2026-07-13 10:44:47,055 [INFO] Pass: HighLevelSynthesis - 1.17421 (ms)
2026-07-13 10:44:47,055 [INFO] Pass: FixedPoint - 0.00548 (ms)
2026-07-13 10:44:47,055 [INFO] Pass: Size - 0.05364 (ms)
2026-07-13 10:44:47,055 [INFO] Pass: FixedPoint - 0.00453 (ms)
2026-07-13 10:44:47,055 [INFO] Pass: ContainsInstruction - 0.00453 (ms)
2026-07-13 10:44:47,056 [INFO] Pass: Optimize1qGatesDecomposition - 1.08361 (ms)
2026-07-13 10:44:47,056 [INFO] Pass: InverseCancellation - 0.14782 (ms)
2026-07-13 10:44:47,056 [INFO] Pass: BasisTranslator - 0.78964 (ms)
2026-07-13 10:44:47,056 [INFO] Pass: ContainsInstruction - 0.00811 (ms)
2026-07-13 10:44:47,056 [INFO] Pass: Depth - 0.15545 (ms)
2026-07-13 10:44:47,056 [INFO] Pass: FixedPoint - 0.00787 (ms)
2026-07-13 10:44:47,056 [INFO] Pass: InverseCancellation - 0.16141 (ms)
2026-07-13 10:44:47,056 [INFO] Pass: Size - 0.05484 (ms)
2026-07-13 10:44:47,056 [INFO] Pass: UnitarySynthesis - 0.00453 (ms)
2026-07-13 10:44:47,056 [INFO] Pass: FixedPoint - 0.00453 (ms)
2026-07-13 10:44:47,057 [INFO] Total Transpile Time - 63.43651 (ms)
2026-07-13 10:44:47,057 [INFO] Pass: GatesInBasis - 0.66090 (ms)
2026-07-13 10:44:47,057 [INFO] Pass: Depth - 0.14710 (ms)
2026-07-13 10:44:47,057 [INFO] Pass: FixedPoint - 0.00572 (ms)
2026-07-13 10:44:47,057 [INFO] Pass: Size - 0.05531 (ms)
2026-07-13 10:44:47,057 [INFO] Pass: FixedPoint - 0.00429 (ms)
2026-07-13 10:44:47,057 [INFO] Pass: ContainsInstruction - 0.00453 (ms)
2026-07-13 10:44:47,058 [INFO] Pass: Optimize1qGatesDecomposition - 1.08743 (ms)
2026-07-13 10:44:47,058 [INFO] Pass: HighLevelSynthesis - 1.18446 (ms)
2026-07-13 10:44:47,058 [INFO] Pass: InverseCancellation - 0.14639 (ms)
2026-07-13 10:44:47,058 [INFO] Total Transpile Time - 63.01594 (ms)
2026-07-13 10:44:47,059 [INFO] Pass: GatesInBasis - 0.66090 (ms)
2026-07-13 10:44:47,059 [INFO] Pass: BasisTranslator - 0.78726 (ms)
2026-07-13 10:44:47,059 [INFO] Pass: Depth - 0.14544 (ms)
2026-07-13 10:44:47,059 [INFO] Pass: Depth - 0.15616 (ms)
2026-07-13 10:44:47,059 [INFO] Pass: FixedPoint - 0.00572 (ms)
2026-07-13 10:44:47,059 [INFO] Pass: FixedPoint - 0.00834 (ms)
2026-07-13 10:44:47,059 [INFO] Pass: Size - 0.05341 (ms)
2026-07-13 10:44:47,059 [INFO] Pass: FixedPoint - 0.00405 (ms)
2026-07-13 10:44:47,059 [INFO] Pass: Size - 0.05531 (ms)
2026-07-13 10:44:47,059 [INFO] Pass: ContainsInstruction - 0.00525 (ms)
2026-07-13 10:44:47,059 [INFO] Pass: FixedPoint - 0.00429 (ms)
2026-07-13 10:44:47,060 [INFO] Pass: Optimize1qGatesDecomposition - 1.07908 (ms)
2026-07-13 10:44:47,060 [INFO] Total Transpile Time - 63.02881 (ms)
2026-07-13 10:44:47,060 [INFO] Pass: InverseCancellation - 0.14687 (ms)
2026-07-13 10:44:47,061 [INFO] Pass: GatesInBasis - 0.67139 (ms)
2026-07-13 10:44:47,061 [INFO] Pass: Depth - 0.14496 (ms)
2026-07-13 10:44:47,061 [INFO] Pass: FixedPoint - 0.00572 (ms)
2026-07-13 10:44:47,061 [INFO] Pass: Size - 0.05531 (ms)
2026-07-13 10:44:47,061 [INFO] Pass: FixedPoint - 0.00405 (ms)
2026-07-13 10:44:47,061 [INFO] Pass: ContainsInstruction - 0.00477 (ms)
2026-07-13 10:44:47,062 [INFO] Pass: ContainsInstruction - 0.00715 (ms)
2026-07-13 10:44:47,062 [INFO] Total Transpile Time - 63.32374 (ms)
2026-07-13 10:44:47,063 [INFO] Pass: InverseCancellation - 0.16928 (ms)
2026-07-13 10:44:47,063 [INFO] Pass: UnitarySynthesis - 0.00429 (ms)
2026-07-13 10:44:47,064 [INFO] Pass: HighLevelSynthesis - 1.17564 (ms)
2026-07-13 10:44:47,064 [INFO] Pass: BasisTranslator - 0.64969 (ms)
2026-07-13 10:44:47,065 [INFO] Pass: Depth - 0.16260 (ms)
2026-07-13 10:44:47,065 [INFO] Pass: FixedPoint - 0.00811 (ms)
2026-07-13 10:44:47,065 [INFO] Pass: Size - 0.05627 (ms)
2026-07-13 10:44:47,065 [INFO] Pass: FixedPoint - 0.00429 (ms)
2026-07-13 10:44:47,065 [INFO] Pass: ContainsInstruction - 0.00691 (ms)
2026-07-13 10:44:47,065 [INFO] Pass: InverseCancellation - 0.16117 (ms)
2026-07-13 10:44:47,065 [INFO] Pass: UnitarySynthesis - 0.00477 (ms)
2026-07-13 10:44:47,066 [INFO] Pass: Optimize1qGatesDecomposition - 1.08600 (ms)
2026-07-13 10:44:47,066 [INFO] Pass: InverseCancellation - 0.14472 (ms)
2026-07-13 10:44:47,066 [INFO] Pass: HighLevelSynthesis - 1.18804 (ms)
2026-07-13 10:44:47,067 [INFO] Pass: GatesInBasis - 0.78106 (ms)
2026-07-13 10:44:47,067 [INFO] Pass: Depth - 0.14615 (ms)
2026-07-13 10:44:47,067 [INFO] Pass: BasisTranslator - 0.78845 (ms)
2026-07-13 10:44:47,067 [INFO] Pass: FixedPoint - 0.00548 (ms)
2026-07-13 10:44:47,067 [INFO] Pass: Size - 0.05364 (ms)
2026-07-13 10:44:47,067 [INFO] Pass: FixedPoint - 0.00453 (ms)
2026-07-13 10:44:47,067 [INFO] Pass: ContainsInstruction - 0.00501 (ms)
2026-07-13 10:44:47,067 [INFO] Pass: Depth - 0.15163 (ms)
2026-07-13 10:44:47,067 [INFO] Pass: FixedPoint - 0.00763 (ms)
2026-07-13 10:44:47,068 [INFO] Pass: Size - 0.06056 (ms)
2026-07-13 10:44:47,068 [INFO] Pass: FixedPoint - 0.00477 (ms)
2026-07-13 10:44:47,069 [INFO] Total Transpile Time - 63.43651 (ms)
2026-07-13 10:44:47,069 [INFO] Pass: Optimize1qGatesDecomposition - 1.08004 (ms)
2026-07-13 10:44:47,069 [INFO] Pass: InverseCancellation - 0.14877 (ms)
2026-07-13 10:44:47,070 [INFO] Pass: GatesInBasis - 0.65613 (ms)
2026-07-13 10:44:47,070 [INFO] Pass: Depth - 0.14448 (ms)
2026-07-13 10:44:47,070 [INFO] Pass: FixedPoint - 0.00525 (ms)
2026-07-13 10:44:47,070 [INFO] Pass: Size - 0.05531 (ms)
2026-07-13 10:44:47,070 [INFO] Pass: FixedPoint - 0.00429 (ms)
2026-07-13 10:44:47,070 [INFO] Pass: ContainsInstruction - 0.00453 (ms)
2026-07-13 10:44:47,071 [INFO] Total Transpile Time - 62.87384 (ms)
2026-07-13 10:44:47,083 [INFO] Pass: ContainsInstruction - 0.00906 (ms)
2026-07-13 10:44:47,084 [INFO] Pass: InverseCancellation - 0.17214 (ms)
2026-07-13 10:44:47,084 [INFO] Pass: UnitarySynthesis - 0.00453 (ms)
2026-07-13 10:44:47,085 [INFO] Pass: ContainsInstruction - 0.00739 (ms)
2026-07-13 10:44:47,085 [INFO] Pass: InverseCancellation - 0.16475 (ms)
2026-07-13 10:44:47,085 [INFO] Pass: HighLevelSynthesis - 1.26314 (ms)
2026-07-13 10:44:47,085 [INFO] Pass: UnitarySynthesis - 0.00381 (ms)
2026-07-13 10:44:47,086 [INFO] Pass: BasisTranslator - 0.69594 (ms)
2026-07-13 10:44:47,086 [INFO] Pass: Depth - 0.16356 (ms)
2026-07-13 10:44:47,086 [INFO] Pass: FixedPoint - 0.00691 (ms)
2026-07-13 10:44:47,086 [INFO] Pass: Size - 0.05889 (ms)
2026-07-13 10:44:47,086 [INFO] Pass: ContainsInstruction - 0.00858 (ms)
2026-07-13 10:44:47,086 [INFO] Pass: FixedPoint - 0.00405 (ms)
2026-07-13 10:44:47,086 [INFO] Pass: InverseCancellation - 0.16594 (ms)
2026-07-13 10:44:47,086 [INFO] Pass: HighLevelSynthesis - 1.26529 (ms)
2026-07-13 10:44:47,086 [INFO] Pass: UnitarySynthesis - 0.00429 (ms)
2026-07-13 10:44:47,087 [INFO] Pass: BasisTranslator - 0.69690 (ms)
2026-07-13 10:44:47,087 [INFO] Pass: Depth - 0.16141 (ms)
2026-07-13 10:44:47,087 [INFO] Pass: FixedPoint - 0.00691 (ms)
2026-07-13 10:44:47,087 [INFO] Pass: Optimize1qGatesDecomposition - 1.19495 (ms)
2026-07-13 10:44:47,087 [INFO] Pass: Size - 0.05746 (ms)
2026-07-13 10:44:47,087 [INFO] Pass: InverseCancellation - 0.00811 (ms)
2026-07-13 10:44:47,087 [INFO] Pass: FixedPoint - 0.00453 (ms)
2026-07-13 10:44:47,088 [INFO] Pass: HighLevelSynthesis - 1.26529 (ms)
2026-07-13 10:44:47,088 [INFO] Pass: GatesInBasis - 0.68164 (ms)
2026-07-13 10:44:47,088 [INFO] Pass: Depth - 0.14734 (ms)
2026-07-13 10:44:47,088 [INFO] Pass: FixedPoint - 0.00572 (ms)
2026-07-13 10:44:47,088 [INFO] Pass: BasisTranslator - 0.68283 (ms)
2026-07-13 10:44:47,088 [INFO] Pass: Size - 0.05388 (ms)
2026-07-13 10:44:47,089 [INFO] Pass: FixedPoint - 0.00429 (ms)
2026-07-13 10:44:47,089 [INFO] Pass: Depth - 0.16570 (ms)
2026-07-13 10:44:47,089 [INFO] Pass: FixedPoint - 0.00691 (ms)
2026-07-13 10:44:47,089 [INFO] Pass: Optimize1qGatesDecomposition - 1.19734 (ms)
2026-07-13 10:44:47,089 [INFO] Pass: Size - 0.05889 (ms)
2026-07-13 10:44:47,089 [INFO] Pass: InverseCancellation - 0.00834 (ms)
2026-07-13 10:44:47,089 [INFO] Pass: FixedPoint - 0.00477 (ms)
2026-07-13 10:44:47,089 [INFO] Pass: GatesInBasis - 0.64778 (ms)
2026-07-13 10:44:47,090 [INFO] Pass: Optimize1qGatesDecomposition - 0.99325 (ms)
2026-07-13 10:44:47,090 [INFO] Pass: InverseCancellation - 0.00715 (ms)
2026-07-13 10:44:47,090 [INFO] Pass: Depth - 0.15378 (ms)
2026-07-13 10:44:47,090 [INFO] Pass: FixedPoint - 0.00548 (ms)
2026-07-13 10:44:47,090 [INFO] Pass: Size - 0.05436 (ms)
2026-07-13 10:44:47,090 [INFO] Pass: FixedPoint - 0.00429 (ms)
2026-07-13 10:44:47,090 [INFO] Pass: Optimize1qGatesDecomposition - 1.19042 (ms)
2026-07-13 10:44:47,090 [INFO] Pass: InverseCancellation - 0.00787 (ms)
2026-07-13 10:44:47,090 [INFO] Pass: GatesInBasis - 0.69261 (ms)
2026-07-13 10:44:47,091 [INFO] Pass: Depth - 0.14520 (ms)
2026-07-13 10:44:47,091 [INFO] Pass: FixedPoint - 0.00501 (ms)
2026-07-13 10:44:47,091 [INFO] Pass: Size - 0.05364 (ms)
2026-07-13 10:44:47,091 [INFO] Pass: FixedPoint - 0.00429 (ms)
2026-07-13 10:44:47,091 [INFO] Pass: ContainsInstruction - 0.00548 (ms)
2026-07-13 10:44:47,091 [INFO] Pass: GatesInBasis - 0.67425 (ms)
2026-07-13 10:44:47,091 [INFO] Pass: Optimize1qGatesDecomposition - 0.99492 (ms)
2026-07-13 10:44:47,091 [INFO] Pass: InverseCancellation - 0.00715 (ms)
2026-07-13 10:44:47,091 [INFO] Pass: Depth - 0.14901 (ms)
2026-07-13 10:44:47,091 [INFO] Pass: FixedPoint - 0.00548 (ms)
2026-07-13 10:44:47,091 [INFO] Pass: Size - 0.05555 (ms)
2026-07-13 10:44:47,091 [INFO] Pass: FixedPoint - 0.00429 (ms)
2026-07-13 10:44:47,092 [INFO] Pass: GatesInBasis - 0.71192 (ms)
2026-07-13 10:44:47,092 [INFO] Pass: Depth - 0.14830 (ms)
2026-07-13 10:44:47,092 [INFO] Pass: FixedPoint - 0.00572 (ms)
2026-07-13 10:44:47,092 [INFO] Total Transpile Time - 65.50574 (ms)
2026-07-13 10:44:47,092 [INFO] Pass: Size - 0.05436 (ms)
2026-07-13 10:44:47,092 [INFO] Pass: FixedPoint - 0.00453 (ms)
2026-07-13 10:44:47,092 [INFO] Pass: ContainsInstruction - 0.00477 (ms)
2026-07-13 10:44:47,092 [INFO] Pass: Optimize1qGatesDecomposition - 0.99182 (ms)
2026-07-13 10:44:47,092 [INFO] Pass: InverseCancellation - 0.00715 (ms)
2026-07-13 10:44:47,093 [INFO] Pass: GatesInBasis - 0.69237 (ms)
2026-07-13 10:44:47,093 [INFO] Pass: Depth - 0.14687 (ms)
2026-07-13 10:44:47,093 [INFO] Pass: FixedPoint - 0.00525 (ms)
2026-07-13 10:44:47,093 [INFO] Total Transpile Time - 65.79828 (ms)
2026-07-13 10:44:47,093 [INFO] Pass: Size - 0.05364 (ms)
2026-07-13 10:44:47,093 [INFO] Pass: FixedPoint - 0.00429 (ms)
2026-07-13 10:44:47,093 [INFO] Pass: ContainsInstruction - 0.00548 (ms)
2026-07-13 10:44:47,094 [INFO] Pass: ContainsInstruction - 0.00834 (ms)
2026-07-13 10:44:47,094 [INFO] Total Transpile Time - 65.46211 (ms)
2026-07-13 10:44:47,095 [INFO] Pass: ContainsInstruction - 0.00858 (ms)
2026-07-13 10:44:47,095 [INFO] Pass: InverseCancellation - 0.17023 (ms)
2026-07-13 10:44:47,095 [INFO] Pass: UnitarySynthesis - 0.00453 (ms)
2026-07-13 10:44:47,095 [INFO] Pass: InverseCancellation - 0.16403 (ms)
2026-07-13 10:44:47,095 [INFO] Pass: UnitarySynthesis - 0.00477 (ms)
2026-07-13 10:44:47,096 [INFO] Pass: ContainsInstruction - 0.00834 (ms)
2026-07-13 10:44:47,096 [INFO] Pass: InverseCancellation - 0.16904 (ms)
2026-07-13 10:44:47,096 [INFO] Pass: UnitarySynthesis - 0.00429 (ms)
2026-07-13 10:44:47,096 [INFO] Pass: HighLevelSynthesis - 1.26481 (ms)
2026-07-13 10:44:47,096 [INFO] Pass: HighLevelSynthesis - 1.23549 (ms)
2026-07-13 10:44:47,097 [INFO] Pass: ContainsInstruction - 0.00763 (ms)
2026-07-13 10:44:47,097 [INFO] Pass: BasisTranslator - 0.69356 (ms)
2026-07-13 10:44:47,097 [INFO] Pass: InverseCancellation - 0.16904 (ms)
2026-07-13 10:44:47,097 [INFO] Pass: UnitarySynthesis - 0.00429 (ms)
2026-07-13 10:44:47,097 [INFO] Pass: Depth - 0.16546 (ms)
2026-07-13 10:44:47,097 [INFO] Pass: FixedPoint - 0.00763 (ms)
2026-07-13 10:44:47,097 [INFO] Pass: BasisTranslator - 0.83995 (ms)
2026-07-13 10:44:47,097 [INFO] Pass: Size - 0.05770 (ms)
2026-07-13 10:44:47,097 [INFO] Pass: FixedPoint - 0.00453 (ms)
2026-07-13 10:44:47,097 [INFO] Pass: Depth - 0.16499 (ms)
2026-07-13 10:44:47,097 [INFO] Pass: HighLevelSynthesis - 1.26028 (ms)
2026-07-13 10:44:47,097 [INFO] Pass: FixedPoint - 0.00787 (ms)
2026-07-13 10:44:47,097 [INFO] Pass: Size - 0.05770 (ms)
2026-07-13 10:44:47,097 [INFO] Pass: FixedPoint - 0.00429 (ms)
2026-07-13 10:44:47,098 [INFO] Pass: BasisTranslator - 0.69022 (ms)
2026-07-13 10:44:47,098 [INFO] Pass: HighLevelSynthesis - 1.27745 (ms)
2026-07-13 10:44:47,098 [INFO] Pass: Depth - 0.16499 (ms)
2026-07-13 10:44:47,098 [INFO] Pass: FixedPoint - 0.00739 (ms)
2026-07-13 10:44:47,098 [INFO] Pass: Size - 0.05794 (ms)
2026-07-13 10:44:47,098 [INFO] Pass: Optimize1qGatesDecomposition - 1.19853 (ms)
2026-07-13 10:44:47,098 [INFO] Pass: FixedPoint - 0.00429 (ms)
2026-07-13 10:44:47,098 [INFO] Pass: InverseCancellation - 0.00811 (ms)
2026-07-13 10:44:47,099 [INFO] Pass: Optimize1qGatesDecomposition - 1.20211 (ms)
2026-07-13 10:44:47,099 [INFO] Pass: InverseCancellation - 0.00906 (ms)
2026-07-13 10:44:47,099 [INFO] Pass: BasisTranslator - 0.69094 (ms)
2026-07-13 10:44:47,099 [INFO] Pass: Depth - 0.16403 (ms)
2026-07-13 10:44:47,099 [INFO] Pass: GatesInBasis - 0.65660 (ms)
2026-07-13 10:44:47,099 [INFO] Pass: FixedPoint - 0.00739 (ms)
2026-07-13 10:44:47,099 [INFO] Pass: Size - 0.05770 (ms)
2026-07-13 10:44:47,099 [INFO] Pass: FixedPoint - 0.00453 (ms)
2026-07-13 10:44:47,099 [INFO] Pass: Depth - 0.14997 (ms)
2026-07-13 10:44:47,099 [INFO] Pass: FixedPoint - 0.00572 (ms)
2026-07-13 10:44:47,100 [INFO] Pass: Size - 0.05484 (ms)
2026-07-13 10:44:47,100 [INFO] Pass: GatesInBasis - 0.67949 (ms)
2026-07-13 10:44:47,100 [INFO] Pass: FixedPoint - 0.00453 (ms)
2026-07-13 10:44:47,100 [INFO] Pass: Optimize1qGatesDecomposition - 1.19781 (ms)
2026-07-13 10:44:47,100 [INFO] Pass: Depth - 0.15092 (ms)
2026-07-13 10:44:47,100 [INFO] Pass: FixedPoint - 0.00525 (ms)
2026-07-13 10:44:47,100 [INFO] Pass: InverseCancellation - 0.00811 (ms)
2026-07-13 10:44:47,100 [INFO] Pass: Size - 0.05460 (ms)
2026-07-13 10:44:47,100 [INFO] Pass: FixedPoint - 0.00429 (ms)
2026-07-13 10:44:47,100 [INFO] Pass: GatesInBasis - 0.67854 (ms)
2026-07-13 10:44:47,101 [INFO] Pass: Optimize1qGatesDecomposition - 1.19185 (ms)
2026-07-13 10:44:47,101 [INFO] Pass: Optimize1qGatesDecomposition - 0.99850 (ms)
2026-07-13 10:44:47,101 [INFO] Pass: InverseCancellation - 0.00906 (ms)
2026-07-13 10:44:47,101 [INFO] Pass: InverseCancellation - 0.00763 (ms)
2026-07-13 10:44:47,101 [INFO] Pass: Depth - 0.15807 (ms)
2026-07-13 10:44:47,101 [INFO] Pass: FixedPoint - 0.00548 (ms)
2026-07-13 10:44:47,101 [INFO] Pass: Size - 0.05412 (ms)
2026-07-13 10:44:47,101 [INFO] Pass: FixedPoint - 0.00405 (ms)
2026-07-13 10:44:47,101 [INFO] Pass: Optimize1qGatesDecomposition - 1.00183 (ms)
2026-07-13 10:44:47,101 [INFO] Pass: InverseCancellation - 0.00715 (ms)
2026-07-13 10:44:47,101 [INFO] Pass: GatesInBasis - 0.64683 (ms)
2026-07-13 10:44:47,101 [INFO] Pass: ContainsInstruction - 0.00739 (ms)
2026-07-13 10:44:47,101 [INFO] Pass: GatesInBasis - 0.70167 (ms)
2026-07-13 10:44:47,102 [INFO] Pass: Depth - 0.14925 (ms)
2026-07-13 10:44:47,102 [INFO] Pass: FixedPoint - 0.00548 (ms)
2026-07-13 10:44:47,102 [INFO] Pass: Depth - 0.15140 (ms)
2026-07-13 10:44:47,102 [INFO] Pass: InverseCancellation - 0.17095 (ms)
2026-07-13 10:44:47,102 [INFO] Pass: FixedPoint - 0.00548 (ms)
2026-07-13 10:44:47,102 [INFO] Pass: Size - 0.05484 (ms)
2026-07-13 10:44:47,102 [INFO] Pass: UnitarySynthesis - 0.00477 (ms)
2026-07-13 10:44:47,102 [INFO] Pass: FixedPoint - 0.00453 (ms)
2026-07-13 10:44:47,102 [INFO] Pass: GatesInBasis - 0.66686 (ms)
2026-07-13 10:44:47,102 [INFO] Pass: Size - 0.05436 (ms)
2026-07-13 10:44:47,102 [INFO] Pass: FixedPoint - 0.00405 (ms)
2026-07-13 10:44:47,102 [INFO] Pass: ContainsInstruction - 0.00525 (ms)
2026-07-13 10:44:47,102 [INFO] Pass: Depth - 0.14591 (ms)
2026-07-13 10:44:47,102 [INFO] Pass: Optimize1qGatesDecomposition - 0.98991 (ms)
2026-07-13 10:44:47,102 [INFO] Pass: FixedPoint - 0.00525 (ms)
2026-07-13 10:44:47,102 [INFO] Pass: InverseCancellation - 0.00715 (ms)
2026-07-13 10:44:47,102 [INFO] Pass: Size - 0.05317 (ms)
2026-07-13 10:44:47,102 [INFO] Pass: FixedPoint - 0.00405 (ms)
2026-07-13 10:44:47,102 [INFO] Pass: ContainsInstruction - 0.00501 (ms)
2026-07-13 10:44:47,103 [INFO] Pass: GatesInBasis - 0.69165 (ms)
2026-07-13 10:44:47,103 [INFO] Pass: Optimize1qGatesDecomposition - 0.99254 (ms)
2026-07-13 10:44:47,103 [INFO] Pass: InverseCancellation - 0.00691 (ms)
2026-07-13 10:44:47,103 [INFO] Pass: Depth - 0.14710 (ms)
2026-07-13 10:44:47,103 [INFO] Pass: FixedPoint - 0.00525 (ms)
2026-07-13 10:44:47,103 [INFO] Total Transpile Time - 65.61470 (ms)
2026-07-13 10:44:47,103 [INFO] Pass: HighLevelSynthesis - 1.26123 (ms)
2026-07-13 10:44:47,103 [INFO] Pass: Size - 0.05412 (ms)
2026-07-13 10:44:47,103 [INFO] Pass: FixedPoint - 0.00429 (ms)
2026-07-13 10:44:47,103 [INFO] Pass: ContainsInstruction - 0.00525 (ms)
2026-07-13 10:44:47,103 [INFO] Total Transpile Time - 65.79018 (ms)
2026-07-13 10:44:47,104 [INFO] Pass: GatesInBasis - 0.70453 (ms)
2026-07-13 10:44:47,104 [INFO] Pass: Depth - 0.14663 (ms)
2026-07-13 10:44:47,104 [INFO] Pass: FixedPoint - 0.00501 (ms)
2026-07-13 10:44:47,104 [INFO] Pass: Size - 0.05531 (ms)
2026-07-13 10:44:47,104 [INFO] Pass: BasisTranslator - 0.84043 (ms)
2026-07-13 10:44:47,104 [INFO] Pass: FixedPoint - 0.00405 (ms)
2026-07-13 10:44:47,104 [INFO] Pass: ContainsInstruction - 0.00548 (ms)
2026-07-13 10:44:47,104 [INFO] Pass: Depth - 0.16594 (ms)
2026-07-13 10:44:47,104 [INFO] Pass: FixedPoint - 0.00787 (ms)
2026-07-13 10:44:47,104 [INFO] Pass: ContainsInstruction - 0.00858 (ms)
2026-07-13 10:44:47,104 [INFO] Pass: Size - 0.05794 (ms)
2026-07-13 10:44:47,104 [INFO] Total Transpile Time - 66.18071 (ms)
2026-07-13 10:44:47,104 [INFO] Pass: FixedPoint - 0.00739 (ms)
2026-07-13 10:44:47,104 [INFO] Pass: InverseCancellation - 0.16809 (ms)
2026-07-13 10:44:47,104 [INFO] Pass: UnitarySynthesis - 0.00429 (ms)
2026-07-13 10:44:47,105 [INFO] Total Transpile Time - 65.50574 (ms)
2026-07-13 10:44:47,105 [INFO] Pass: Optimize1qGatesDecomposition - 1.19781 (ms)
2026-07-13 10:44:47,106 [INFO] Pass: InverseCancellation - 0.01383 (ms)
2026-07-13 10:44:47,106 [INFO] Pass: HighLevelSynthesis - 1.28031 (ms)
2026-07-13 10:44:47,106 [INFO] Pass: GatesInBasis - 0.65613 (ms)
2026-07-13 10:44:47,106 [INFO] Pass: Depth - 0.15020 (ms)
2026-07-13 10:44:47,106 [INFO] Pass: FixedPoint - 0.00572 (ms)
2026-07-13 10:44:47,107 [INFO] Pass: Size - 0.05865 (ms)
2026-07-13 10:44:47,107 [INFO] Pass: FixedPoint - 0.00429 (ms)
2026-07-13 10:44:47,107 [INFO] Pass: BasisTranslator - 0.84877 (ms)
2026-07-13 10:44:47,107 [INFO] Pass: Depth - 0.16570 (ms)
2026-07-13 10:44:47,107 [INFO] Pass: FixedPoint - 0.00858 (ms)
2026-07-13 10:44:47,107 [INFO] Pass: Size - 0.05937 (ms)
2026-07-13 10:44:47,107 [INFO] Pass: FixedPoint - 0.00429 (ms)
2026-07-13 10:44:47,108 [INFO] Pass: Optimize1qGatesDecomposition - 0.99826 (ms)
2026-07-13 10:44:47,108 [INFO] Pass: InverseCancellation - 0.00739 (ms)
2026-07-13 10:44:47,108 [INFO] Pass: Optimize1qGatesDecomposition - 1.19638 (ms)
2026-07-13 10:44:47,108 [INFO] Pass: InverseCancellation - 0.00882 (ms)
2026-07-13 10:44:47,108 [INFO] Pass: GatesInBasis - 0.63467 (ms)
2026-07-13 10:44:47,109 [INFO] Pass: Depth - 0.14853 (ms)
2026-07-13 10:44:47,109 [INFO] Pass: FixedPoint - 0.00525 (ms)
2026-07-13 10:44:47,109 [INFO] Pass: Size - 0.05341 (ms)
2026-07-13 10:44:47,109 [INFO] Pass: FixedPoint - 0.00453 (ms)
2026-07-13 10:44:47,109 [INFO] Pass: ContainsInstruction - 0.00525 (ms)
2026-07-13 10:44:47,109 [INFO] Pass: GatesInBasis - 0.66090 (ms)
2026-07-13 10:44:47,109 [INFO] Pass: Depth - 0.15068 (ms)
2026-07-13 10:44:47,109 [INFO] Pass: FixedPoint - 0.00596 (ms)
2026-07-13 10:44:47,109 [INFO] Pass: Size - 0.05436 (ms)
2026-07-13 10:44:47,109 [INFO] Pass: FixedPoint - 0.00477 (ms)
2026-07-13 10:44:47,110 [INFO] Total Transpile Time - 65.48309 (ms)
2026-07-13 10:44:47,110 [INFO] Pass: Optimize1qGatesDecomposition - 0.99349 (ms)
2026-07-13 10:44:47,110 [INFO] Pass: InverseCancellation - 0.00715 (ms)
2026-07-13 10:44:47,111 [INFO] Pass: ContainsInstruction - 0.00811 (ms)
2026-07-13 10:44:47,111 [INFO] Pass: GatesInBasis - 0.63896 (ms)
2026-07-13 10:44:47,111 [INFO] Pass: InverseCancellation - 0.16665 (ms)
2026-07-13 10:44:47,111 [INFO] Pass: Depth - 0.14710 (ms)
2026-07-13 10:44:47,111 [INFO] Pass: UnitarySynthesis - 0.00453 (ms)
2026-07-13 10:44:47,111 [INFO] Pass: FixedPoint - 0.00525 (ms)
2026-07-13 10:44:47,111 [INFO] Pass: Size - 0.05412 (ms)
2026-07-13 10:44:47,112 [INFO] Pass: FixedPoint - 0.00453 (ms)
2026-07-13 10:44:47,112 [INFO] Pass: ContainsInstruction - 0.00525 (ms)
2026-07-13 10:44:47,113 [INFO] Pass: HighLevelSynthesis - 1.25575 (ms)
2026-07-13 10:44:47,113 [INFO] Total Transpile Time - 65.76872 (ms)
2026-07-13 10:44:47,114 [INFO] Pass: BasisTranslator - 0.84972 (ms)
2026-07-13 10:44:47,114 [INFO] Pass: ContainsInstruction - 0.00739 (ms)
2026-07-13 10:44:47,114 [INFO] Pass: Depth - 0.16260 (ms)
2026-07-13 10:44:47,114 [INFO] Pass: FixedPoint - 0.00787 (ms)
2026-07-13 10:44:47,114 [INFO] Pass: Size - 0.05722 (ms)
2026-07-13 10:44:47,114 [INFO] Pass: FixedPoint - 0.00477 (ms)
2026-07-13 10:44:47,114 [INFO] Pass: InverseCancellation - 0.16665 (ms)
2026-07-13 10:44:47,114 [INFO] Pass: UnitarySynthesis - 0.00501 (ms)
2026-07-13 10:44:47,115 [INFO] Pass: Optimize1qGatesDecomposition - 1.19615 (ms)
2026-07-13 10:44:47,115 [INFO] Pass: InverseCancellation - 0.00787 (ms)
2026-07-13 10:44:47,115 [INFO] Pass: ContainsInstruction - 0.00834 (ms)
2026-07-13 10:44:47,115 [INFO] Pass: HighLevelSynthesis - 1.27244 (ms)
2026-07-13 10:44:47,116 [INFO] Pass: InverseCancellation - 0.16689 (ms)
2026-07-13 10:44:47,116 [INFO] Pass: UnitarySynthesis - 0.00429 (ms)
2026-07-13 10:44:47,116 [INFO] Pass: GatesInBasis - 0.65160 (ms)
2026-07-13 10:44:47,116 [INFO] Pass: Depth - 0.15163 (ms)
2026-07-13 10:44:47,116 [INFO] Pass: FixedPoint - 0.00548 (ms)
2026-07-13 10:44:47,116 [INFO] Pass: BasisTranslator - 0.84543 (ms)
2026-07-13 10:44:47,116 [INFO] Pass: Size - 0.05364 (ms)
2026-07-13 10:44:47,116 [INFO] Pass: FixedPoint - 0.00453 (ms)
2026-07-13 10:44:47,116 [INFO] Pass: Depth - 0.16379 (ms)
2026-07-13 10:44:47,116 [INFO] Pass: FixedPoint - 0.00739 (ms)
2026-07-13 10:44:47,117 [INFO] Pass: Size - 0.06247 (ms)
2026-07-13 10:44:47,117 [INFO] Pass: FixedPoint - 0.00477 (ms)
2026-07-13 10:44:47,117 [INFO] Pass: HighLevelSynthesis - 1.25408 (ms)
2026-07-13 10:44:47,117 [INFO] Pass: ContainsInstruction - 0.01073 (ms)
2026-07-13 10:44:47,117 [INFO] Pass: Optimize1qGatesDecomposition - 0.99897 (ms)
2026-07-13 10:44:47,117 [INFO] Pass: InverseCancellation - 0.16952 (ms)
2026-07-13 10:44:47,117 [INFO] Pass: InverseCancellation - 0.00739 (ms)
2026-07-13 10:44:47,117 [INFO] Pass: UnitarySynthesis - 0.00429 (ms)
2026-07-13 10:44:47,118 [INFO] Pass: BasisTranslator - 0.84805 (ms)
2026-07-13 10:44:47,118 [INFO] Pass: Optimize1qGatesDecomposition - 1.19185 (ms)
2026-07-13 10:44:47,118 [INFO] Pass: InverseCancellation - 0.00811 (ms)
2026-07-13 10:44:47,118 [INFO] Pass: Depth - 0.16499 (ms)
2026-07-13 10:44:47,118 [INFO] Pass: FixedPoint - 0.00763 (ms)
2026-07-13 10:44:47,118 [INFO] Pass: GatesInBasis - 0.64087 (ms)
2026-07-13 10:44:47,118 [INFO] Pass: Size - 0.05889 (ms)
2026-07-13 10:44:47,118 [INFO] Pass: FixedPoint - 0.00429 (ms)
2026-07-13 10:44:47,118 [INFO] Pass: Depth - 0.14615 (ms)
2026-07-13 10:44:47,118 [INFO] Pass: FixedPoint - 0.00501 (ms)
2026-07-13 10:44:47,118 [INFO] Pass: Size - 0.05341 (ms)
2026-07-13 10:44:47,118 [INFO] Pass: FixedPoint - 0.00429 (ms)
2026-07-13 10:44:47,118 [INFO] Pass: ContainsInstruction - 0.00501 (ms)
2026-07-13 10:44:47,119 [INFO] Pass: GatesInBasis - 0.68855 (ms)
2026-07-13 10:44:47,119 [INFO] Pass: HighLevelSynthesis - 1.26290 (ms)
2026-07-13 10:44:47,119 [INFO] Pass: Depth - 0.14758 (ms)
2026-07-13 10:44:47,119 [INFO] Pass: FixedPoint - 0.00548 (ms)
2026-07-13 10:44:47,119 [INFO] Pass: Size - 0.05436 (ms)
2026-07-13 10:44:47,119 [INFO] Pass: FixedPoint - 0.00429 (ms)
2026-07-13 10:44:47,119 [INFO] Pass: Optimize1qGatesDecomposition - 1.19352 (ms)
2026-07-13 10:44:47,119 [INFO] Pass: InverseCancellation - 0.00811 (ms)
2026-07-13 10:44:47,120 [INFO] Pass: BasisTranslator - 0.84686 (ms)
2026-07-13 10:44:47,120 [INFO] Total Transpile Time - 65.40608 (ms)
2026-07-13 10:44:47,120 [INFO] Pass: ContainsInstruction - 0.00787 (ms)
2026-07-13 10:44:47,120 [INFO] Pass: Depth - 0.16618 (ms)
2026-07-13 10:44:47,120 [INFO] Pass: FixedPoint - 0.01001 (ms)
2026-07-13 10:44:47,120 [INFO] Pass: InverseCancellation - 0.16785 (ms)
2026-07-13 10:44:47,120 [INFO] Pass: Size - 0.05770 (ms)
2026-07-13 10:44:47,120 [INFO] Pass: FixedPoint - 0.00429 (ms)
2026-07-13 10:44:47,120 [INFO] Pass: UnitarySynthesis - 0.00477 (ms)
2026-07-13 10:44:47,120 [INFO] Pass: Optimize1qGatesDecomposition - 1.00183 (ms)
2026-07-13 10:44:47,120 [INFO] Pass: InverseCancellation - 0.00787 (ms)
2026-07-13 10:44:47,120 [INFO] Pass: GatesInBasis - 0.65517 (ms)
2026-07-13 10:44:47,120 [INFO] Pass: Depth - 0.15116 (ms)
2026-07-13 10:44:47,120 [INFO] Pass: FixedPoint - 0.00548 (ms)
2026-07-13 10:44:47,120 [INFO] Pass: Size - 0.05317 (ms)
2026-07-13 10:44:47,121 [INFO] Pass: FixedPoint - 0.00429 (ms)
2026-07-13 10:44:47,121 [INFO] Pass: GatesInBasis - 0.67353 (ms)
2026-07-13 10:44:47,121 [INFO] Pass: Depth - 0.14591 (ms)
2026-07-13 10:44:47,121 [INFO] Pass: FixedPoint - 0.00548 (ms)
2026-07-13 10:44:47,121 [INFO] Pass: Size - 0.05364 (ms)
2026-07-13 10:44:47,121 [INFO] Pass: FixedPoint - 0.00405 (ms)
2026-07-13 10:44:47,121 [INFO] Pass: ContainsInstruction - 0.00453 (ms)
2026-07-13 10:44:47,121 [INFO] Pass: Optimize1qGatesDecomposition - 1.19686 (ms)
2026-07-13 10:44:47,121 [INFO] Pass: InverseCancellation - 0.00834 (ms)
2026-07-13 10:44:47,121 [INFO] Pass: HighLevelSynthesis - 1.27554 (ms)
2026-07-13 10:44:47,122 [INFO] Pass: Optimize1qGatesDecomposition - 1.00470 (ms)
2026-07-13 10:44:47,122 [INFO] Pass: InverseCancellation - 0.00763 (ms)
2026-07-13 10:44:47,122 [INFO] Pass: GatesInBasis - 0.69833 (ms)
2026-07-13 10:44:47,122 [INFO] Pass: BasisTranslator - 0.84805 (ms)
2026-07-13 10:44:47,122 [INFO] Pass: Depth - 0.15044 (ms)
2026-07-13 10:44:47,122 [INFO] Pass: FixedPoint - 0.00501 (ms)
2026-07-13 10:44:47,122 [INFO] Pass: GatesInBasis - 0.63157 (ms)
2026-07-13 10:44:47,122 [INFO] Pass: Size - 0.05555 (ms)
2026-07-13 10:44:47,122 [INFO] Pass: FixedPoint - 0.00429 (ms)
2026-07-13 10:44:47,122 [INFO] Total Transpile Time - 65.68074 (ms)
2026-07-13 10:44:47,122 [INFO] Pass: Depth - 0.16880 (ms)
2026-07-13 10:44:47,122 [INFO] Pass: Depth - 0.14377 (ms)
2026-07-13 10:44:47,122 [INFO] Pass: FixedPoint - 0.00834 (ms)
2026-07-13 10:44:47,123 [INFO] Pass: FixedPoint - 0.00501 (ms)
2026-07-13 10:44:47,123 [INFO] Pass: Size - 0.06413 (ms)
2026-07-13 10:44:47,123 [INFO] Pass: Size - 0.05722 (ms)
2026-07-13 10:44:47,123 [INFO] Pass: FixedPoint - 0.00453 (ms)
2026-07-13 10:44:47,123 [INFO] Pass: FixedPoint - 0.00405 (ms)
2026-07-13 10:44:47,123 [INFO] Pass: ContainsInstruction - 0.00501 (ms)
2026-07-13 10:44:47,123 [INFO] Pass: Optimize1qGatesDecomposition - 0.99730 (ms)
2026-07-13 10:44:47,123 [INFO] Pass: InverseCancellation - 0.00763 (ms)
2026-07-13 10:44:47,124 [INFO] Pass: Optimize1qGatesDecomposition - 1.19686 (ms)
2026-07-13 10:44:47,124 [INFO] Total Transpile Time - 65.59563 (ms)
2026-07-13 10:44:47,124 [INFO] Pass: InverseCancellation - 0.00882 (ms)
2026-07-13 10:44:47,124 [INFO] Pass: GatesInBasis - 0.65756 (ms)
2026-07-13 10:44:47,124 [INFO] Pass: Depth - 0.14544 (ms)
2026-07-13 10:44:47,124 [INFO] Pass: FixedPoint - 0.00501 (ms)
2026-07-13 10:44:47,124 [INFO] Pass: Size - 0.05317 (ms)
2026-07-13 10:44:47,125 [INFO] Pass: FixedPoint - 0.00429 (ms)
2026-07-13 10:44:47,125 [INFO] Pass: ContainsInstruction - 0.00501 (ms)
2026-07-13 10:44:47,125 [INFO] Pass: GatesInBasis - 0.66233 (ms)
2026-07-13 10:44:47,125 [INFO] Pass: Depth - 0.15044 (ms)
2026-07-13 10:44:47,125 [INFO] Pass: FixedPoint - 0.00572 (ms)
2026-07-13 10:44:47,125 [INFO] Pass: Size - 0.05651 (ms)
2026-07-13 10:44:47,125 [INFO] Pass: FixedPoint - 0.00429 (ms)
2026-07-13 10:44:47,126 [INFO] Total Transpile Time - 65.62948 (ms)
2026-07-13 10:44:47,126 [INFO] Pass: Optimize1qGatesDecomposition - 1.00255 (ms)
2026-07-13 10:44:47,126 [INFO] Pass: ContainsInstruction - 0.00834 (ms)
2026-07-13 10:44:47,126 [INFO] Pass: InverseCancellation - 0.00787 (ms)
2026-07-13 10:44:47,126 [INFO] Pass: InverseCancellation - 0.16928 (ms)
2026-07-13 10:44:47,126 [INFO] Pass: UnitarySynthesis - 0.00501 (ms)
2026-07-13 10:44:47,127 [INFO] Pass: GatesInBasis - 0.64254 (ms)
2026-07-13 10:44:47,127 [INFO] Pass: Depth - 0.14567 (ms)
2026-07-13 10:44:47,127 [INFO] Pass: FixedPoint - 0.00501 (ms)
2026-07-13 10:44:47,127 [INFO] Pass: Size - 0.05507 (ms)
2026-07-13 10:44:47,127 [INFO] Pass: FixedPoint - 0.00429 (ms)
2026-07-13 10:44:47,127 [INFO] Pass: ContainsInstruction - 0.00596 (ms)
2026-07-13 10:44:47,128 [INFO] Pass: HighLevelSynthesis - 1.26362 (ms)
2026-07-13 10:44:47,128 [INFO] Pass: ContainsInstruction - 0.00668 (ms)
2026-07-13 10:44:47,128 [INFO] Total Transpile Time - 65.76777 (ms)
2026-07-13 10:44:47,128 [INFO] Pass: InverseCancellation - 0.16475 (ms)
2026-07-13 10:44:47,128 [INFO] Pass: UnitarySynthesis - 0.00429 (ms)
2026-07-13 10:44:47,129 [INFO] Pass: BasisTranslator - 0.84019 (ms)
2026-07-13 10:44:47,129 [INFO] Pass: Depth - 0.16403 (ms)
2026-07-13 10:44:47,129 [INFO] Pass: FixedPoint - 0.00763 (ms)
2026-07-13 10:44:47,129 [INFO] Pass: Size - 0.05722 (ms)
2026-07-13 10:44:47,129 [INFO] Pass: FixedPoint - 0.00453 (ms)
2026-07-13 10:44:47,130 [INFO] Pass: HighLevelSynthesis - 1.26934 (ms)
2026-07-13 10:44:47,130 [INFO] Pass: Optimize1qGatesDecomposition - 1.20759 (ms)
2026-07-13 10:44:47,130 [INFO] Pass: InverseCancellation - 0.00811 (ms)
2026-07-13 10:44:47,131 [INFO] Pass: BasisTranslator - 0.84424 (ms)
2026-07-13 10:44:47,131 [INFO] Pass: Depth - 0.16189 (ms)
2026-07-13 10:44:47,131 [INFO] Pass: FixedPoint - 0.00691 (ms)
2026-07-13 10:44:47,131 [INFO] Pass: GatesInBasis - 0.65780 (ms)
2026-07-13 10:44:47,131 [INFO] Pass: Size - 0.05770 (ms)
2026-07-13 10:44:47,131 [INFO] Pass: FixedPoint - 0.00429 (ms)
2026-07-13 10:44:47,131 [INFO] Pass: Depth - 0.14901 (ms)
2026-07-13 10:44:47,131 [INFO] Pass: FixedPoint - 0.00525 (ms)
2026-07-13 10:44:47,131 [INFO] Pass: Size - 0.05436 (ms)
2026-07-13 10:44:47,131 [INFO] Pass: FixedPoint - 0.00429 (ms)
2026-07-13 10:44:47,132 [INFO] Pass: Optimize1qGatesDecomposition - 1.19567 (ms)
2026-07-13 10:44:47,132 [INFO] Pass: Optimize1qGatesDecomposition - 0.99754 (ms)
2026-07-13 10:44:47,132 [INFO] Pass: InverseCancellation - 0.00834 (ms)
2026-07-13 10:44:47,132 [INFO] Pass: InverseCancellation - 0.00715 (ms)
2026-07-13 10:44:47,133 [INFO] Pass: GatesInBasis - 0.65446 (ms)
2026-07-13 10:44:47,133 [INFO] Pass: GatesInBasis - 0.64492 (ms)
2026-07-13 10:44:47,133 [INFO] Pass: Depth - 0.15092 (ms)
2026-07-13 10:44:47,133 [INFO] Pass: Depth - 0.14448 (ms)
2026-07-13 10:44:47,133 [INFO] Pass: FixedPoint - 0.00572 (ms)
2026-07-13 10:44:47,133 [INFO] Pass: FixedPoint - 0.00525 (ms)
2026-07-13 10:44:47,133 [INFO] Pass: Size - 0.05412 (ms)
2026-07-13 10:44:47,133 [INFO] Pass: Size - 0.05341 (ms)
2026-07-13 10:44:47,133 [INFO] Pass: FixedPoint - 0.00453 (ms)
2026-07-13 10:44:47,133 [INFO] Pass: FixedPoint - 0.00429 (ms)
2026-07-13 10:44:47,133 [INFO] Pass: ContainsInstruction - 0.00525 (ms)
2026-07-13 10:44:47,134 [INFO] Pass: Optimize1qGatesDecomposition - 1.00732 (ms)
2026-07-13 10:44:47,134 [INFO] Pass: InverseCancellation - 0.00691 (ms)
2026-07-13 10:44:47,135 [INFO] Total Transpile Time - 66.00261 (ms)
2026-07-13 10:44:47,135 [INFO] Pass: GatesInBasis - 0.64039 (ms)
2026-07-13 10:44:47,135 [INFO] Pass: Depth - 0.14496 (ms)
2026-07-13 10:44:47,135 [INFO] Pass: FixedPoint - 0.00525 (ms)
2026-07-13 10:44:47,135 [INFO] Pass: Size - 0.05341 (ms)
2026-07-13 10:44:47,136 [INFO] Pass: FixedPoint - 0.00429 (ms)
2026-07-13 10:44:47,136 [INFO] Pass: ContainsInstruction - 0.00477 (ms)
2026-07-13 10:44:47,137 [INFO] Total Transpile Time - 65.48166 (ms)
2026-07-13 10:44:47,843 [INFO] [PCE] Aer metadata (1a ejecucion de este proceso): device=CPU method=statevector shots=2048 fusion_enabled=True
2026-07-13 10:44:47,844 [INFO] [PCE] Aer metadata (1a ejecucion de este proceso): device=CPU method=statevector shots=2048 fusion_enabled=True
2026-07-13 10:44:47,845 [INFO] [PCE] Aer metadata (1a ejecucion de este proceso): device=CPU method=statevector shots=2048 fusion_enabled=True
2026-07-13 10:44:47,845 [INFO] [PCE] Aer metadata (1a ejecucion de este proceso): device=CPU method=statevector shots=2048 fusion_enabled=True
2026-07-13 10:44:47,845 [INFO] [PCE] Aer metadata (1a ejecucion de este proceso): device=CPU method=statevector shots=2048 fusion_enabled=True
2026-07-13 10:44:47,846 [INFO] [PCE] Aer metadata (1a ejecucion de este proceso): device=CPU method=statevector shots=2048 fusion_enabled=True
2026-07-13 10:44:47,846 [INFO] [PCE] Aer metadata (1a ejecucion de este proceso): device=CPU method=statevector shots=2048 fusion_enabled=True
2026-07-13 10:44:47,846 [INFO] [PCE] Aer metadata (1a ejecucion de este proceso): device=CPU method=statevector shots=2048 fusion_enabled=True
2026-07-13 10:44:47,847 [INFO] [PCE] Aer metadata (1a ejecucion de este proceso): device=CPU method=statevector shots=2048 fusion_enabled=True
2026-07-13 10:44:47,847 [INFO] [PCE] Aer metadata (1a ejecucion de este proceso): device=CPU method=statevector shots=2048 fusion_enabled=True
2026-07-13 10:44:47,847 [INFO] [PCE] Aer metadata (1a ejecucion de este proceso): device=CPU method=statevector shots=2048 fusion_enabled=True
2026-07-13 10:44:47,847 [INFO] [PCE] Aer metadata (1a ejecucion de este proceso): device=CPU method=statevector shots=2048 fusion_enabled=True
2026-07-13 10:44:47,848 [INFO] [PCE] Aer metadata (1a ejecucion de este proceso): device=CPU method=statevector shots=2048 fusion_enabled=True
2026-07-13 10:44:47,848 [INFO] [PCE] Aer metadata (1a ejecucion de este proceso): device=CPU method=statevector shots=2048 fusion_enabled=True
2026-07-13 10:44:47,848 [INFO] [PCE] Aer metadata (1a ejecucion de este proceso): device=CPU method=statevector shots=2048 fusion_enabled=True
2026-07-13 10:44:47,909 [INFO] [PCE] Aer metadata (1a ejecucion de este proceso): device=CPU method=statevector shots=2048 fusion_enabled=True
2026-07-13 16:40:53,909 [INFO] [PCE] n=250 instancia (idx=78) 1/20 completada (paralelo) - transcurrido=0:05:56:07
2026-07-13 16:40:54,021 [INFO] Pass: ContainsInstruction - 0.00834 (ms)
2026-07-13 16:40:54,021 [INFO] Pass: InverseCancellation - 0.00954 (ms)
2026-07-13 16:40:54,021 [INFO] Pass: UnitarySynthesis - 0.00405 (ms)
2026-07-13 16:40:54,022 [INFO] Pass: HighLevelSynthesis - 1.16277 (ms)
2026-07-13 16:40:54,023 [INFO] Pass: BasisTranslator - 0.60534 (ms)
2026-07-13 16:40:54,023 [INFO] Pass: Depth - 0.15020 (ms)
2026-07-13 16:40:54,023 [INFO] Pass: FixedPoint - 0.00763 (ms)
2026-07-13 16:40:54,023 [INFO] Pass: Size - 0.05269 (ms)
2026-07-13 16:40:54,023 [INFO] Pass: FixedPoint - 0.00453 (ms)
2026-07-13 16:40:54,023 [INFO] Pass: Optimize1qGatesDecomposition - 0.10228 (ms)
2026-07-13 16:40:54,024 [INFO] Pass: InverseCancellation - 0.00739 (ms)
2026-07-13 16:40:54,024 [INFO] Pass: GatesInBasis - 0.59128 (ms)
2026-07-13 16:40:54,024 [INFO] Pass: Depth - 0.13542 (ms)
2026-07-13 16:40:54,024 [INFO] Pass: FixedPoint - 0.00477 (ms)
2026-07-13 16:40:54,024 [INFO] Pass: Size - 0.05054 (ms)
2026-07-13 16:40:54,024 [INFO] Pass: FixedPoint - 0.00429 (ms)
2026-07-13 16:40:54,025 [INFO] Pass: ContainsInstruction - 0.00453 (ms)
2026-07-13 16:40:54,026 [INFO] Total Transpile Time - 64.87155 (ms)
2026-07-13 16:40:54,082 [INFO] Pass: ContainsInstruction - 0.00668 (ms)
2026-07-13 16:40:54,082 [INFO] Pass: InverseCancellation - 0.16165 (ms)
2026-07-13 16:40:54,082 [INFO] Pass: UnitarySynthesis - 0.00429 (ms)
2026-07-13 16:40:54,083 [INFO] Pass: HighLevelSynthesis - 1.12748 (ms)
2026-07-13 16:40:54,084 [INFO] Pass: BasisTranslator - 0.80156 (ms)
2026-07-13 16:40:54,084 [INFO] Pass: Depth - 0.15664 (ms)
2026-07-13 16:40:54,084 [INFO] Pass: FixedPoint - 0.00763 (ms)
2026-07-13 16:40:54,084 [INFO] Pass: Size - 0.05603 (ms)
2026-07-13 16:40:54,084 [INFO] Pass: FixedPoint - 0.00453 (ms)
2026-07-13 16:40:54,085 [INFO] Pass: Optimize1qGatesDecomposition - 1.02997 (ms)
2026-07-13 16:40:54,086 [INFO] Pass: InverseCancellation - 0.14520 (ms)
2026-07-13 16:40:54,086 [INFO] Pass: GatesInBasis - 0.66400 (ms)
2026-07-13 16:40:54,087 [INFO] Pass: Depth - 0.14853 (ms)
2026-07-13 16:40:54,087 [INFO] Pass: FixedPoint - 0.00596 (ms)
2026-07-13 16:40:54,087 [INFO] Pass: Size - 0.05460 (ms)
2026-07-13 16:40:54,087 [INFO] Pass: FixedPoint - 0.00453 (ms)
2026-07-13 16:40:54,087 [INFO] Pass: ContainsInstruction - 0.00525 (ms)
2026-07-13 16:40:54,088 [INFO] Total Transpile Time - 62.18219 (ms)
2026-07-13 16:40:54,144 [INFO] Pass: ContainsInstruction - 0.00691 (ms)
2026-07-13 16:40:54,144 [INFO] Pass: InverseCancellation - 0.16236 (ms)
2026-07-13 16:40:54,144 [INFO] Pass: UnitarySynthesis - 0.00405 (ms)
2026-07-13 16:40:54,146 [INFO] Pass: HighLevelSynthesis - 1.22404 (ms)
2026-07-13 16:40:54,147 [INFO] Pass: BasisTranslator - 0.82374 (ms)
2026-07-13 16:40:54,147 [INFO] Pass: Depth - 0.16260 (ms)
2026-07-13 16:40:54,147 [INFO] Pass: FixedPoint - 0.00715 (ms)
2026-07-13 16:40:54,147 [INFO] Pass: Size - 0.05889 (ms)
2026-07-13 16:40:54,147 [INFO] Pass: FixedPoint - 0.00453 (ms)
2026-07-13 16:40:54,148 [INFO] Pass: Optimize1qGatesDecomposition - 1.18756 (ms)
2026-07-13 16:40:54,148 [INFO] Pass: InverseCancellation - 0.00858 (ms)
2026-07-13 16:40:54,149 [INFO] Pass: GatesInBasis - 0.64516 (ms)
2026-07-13 16:40:54,149 [INFO] Pass: Depth - 0.14925 (ms)
2026-07-13 16:40:54,149 [INFO] Pass: FixedPoint - 0.00572 (ms)
2026-07-13 16:40:54,149 [INFO] Pass: Size - 0.05507 (ms)
2026-07-13 16:40:54,149 [INFO] Pass: FixedPoint - 0.00405 (ms)
2026-07-13 16:40:54,150 [INFO] Pass: Optimize1qGatesDecomposition - 0.98777 (ms)
2026-07-13 16:40:54,150 [INFO] Pass: InverseCancellation - 0.00691 (ms)
2026-07-13 16:40:54,151 [INFO] Pass: GatesInBasis - 0.63992 (ms)
2026-07-13 16:40:54,151 [INFO] Pass: Depth - 0.14377 (ms)
2026-07-13 16:40:54,151 [INFO] Pass: FixedPoint - 0.00501 (ms)
2026-07-13 16:40:54,151 [INFO] Pass: Size - 0.05341 (ms)
2026-07-13 16:40:54,151 [INFO] Pass: FixedPoint - 0.00405 (ms)
2026-07-13 16:40:54,151 [INFO] Pass: ContainsInstruction - 0.00501 (ms)
2026-07-13 16:40:54,153 [INFO] Total Transpile Time - 64.60500 (ms)
2026-07-13 16:41:28,770 [INFO] [PCE] n=250 instancia (idx=53) 2/20 completada (paralelo) - transcurrido=0:05:56:42
2026-07-13 16:41:28,881 [INFO] Pass: ContainsInstruction - 0.00811 (ms)
2026-07-13 16:41:28,881 [INFO] Pass: InverseCancellation - 0.00954 (ms)
2026-07-13 16:41:28,881 [INFO] Pass: UnitarySynthesis - 0.00453 (ms)
2026-07-13 16:41:28,882 [INFO] Pass: HighLevelSynthesis - 1.17993 (ms)
2026-07-13 16:41:28,883 [INFO] Pass: BasisTranslator - 0.60987 (ms)
2026-07-13 16:41:28,883 [INFO] Pass: Depth - 0.15521 (ms)
2026-07-13 16:41:28,883 [INFO] Pass: FixedPoint - 0.00787 (ms)
2026-07-13 16:41:28,883 [INFO] Pass: Size - 0.05412 (ms)
2026-07-13 16:41:28,883 [INFO] Pass: FixedPoint - 0.00429 (ms)
2026-07-13 16:41:28,883 [INFO] Pass: Optimize1qGatesDecomposition - 0.10443 (ms)
2026-07-13 16:41:28,883 [INFO] Pass: InverseCancellation - 0.00763 (ms)
2026-07-13 16:41:28,884 [INFO] Pass: GatesInBasis - 0.58365 (ms)
2026-07-13 16:41:28,884 [INFO] Pass: Depth - 0.13614 (ms)
2026-07-13 16:41:28,884 [INFO] Pass: FixedPoint - 0.00477 (ms)
2026-07-13 16:41:28,884 [INFO] Pass: Size - 0.05198 (ms)
2026-07-13 16:41:28,884 [INFO] Pass: FixedPoint - 0.00429 (ms)
2026-07-13 16:41:28,884 [INFO] Pass: ContainsInstruction - 0.00477 (ms)
2026-07-13 16:41:28,885 [INFO] Total Transpile Time - 63.95650 (ms)
2026-07-13 16:41:28,941 [INFO] Pass: ContainsInstruction - 0.00691 (ms)
2026-07-13 16:41:28,941 [INFO] Pass: InverseCancellation - 0.16022 (ms)
2026-07-13 16:41:28,941 [INFO] Pass: UnitarySynthesis - 0.00381 (ms)
2026-07-13 16:41:28,942 [INFO] Pass: HighLevelSynthesis - 1.13153 (ms)
2026-07-13 16:41:28,943 [INFO] Pass: BasisTranslator - 0.78130 (ms)
2026-07-13 16:41:28,943 [INFO] Pass: Depth - 0.15235 (ms)
2026-07-13 16:41:28,944 [INFO] Pass: FixedPoint - 0.00715 (ms)
2026-07-13 16:41:28,944 [INFO] Pass: Size - 0.05937 (ms)
2026-07-13 16:41:28,944 [INFO] Pass: FixedPoint - 0.00405 (ms)
2026-07-13 16:41:28,945 [INFO] Pass: Optimize1qGatesDecomposition - 1.02496 (ms)
2026-07-13 16:41:28,945 [INFO] Pass: InverseCancellation - 0.13876 (ms)
2026-07-13 16:41:28,946 [INFO] Pass: GatesInBasis - 0.63252 (ms)
2026-07-13 16:41:28,946 [INFO] Pass: Depth - 0.14496 (ms)
2026-07-13 16:41:28,946 [INFO] Pass: FixedPoint - 0.00548 (ms)
2026-07-13 16:41:28,946 [INFO] Pass: Size - 0.05364 (ms)
2026-07-13 16:41:28,946 [INFO] Pass: FixedPoint - 0.00429 (ms)
2026-07-13 16:41:28,946 [INFO] Pass: ContainsInstruction - 0.00477 (ms)
2026-07-13 16:41:28,947 [INFO] Total Transpile Time - 61.68485 (ms)
2026-07-13 16:41:29,004 [INFO] Pass: ContainsInstruction - 0.00811 (ms)
2026-07-13 16:41:29,004 [INFO] Pass: InverseCancellation - 0.16999 (ms)
2026-07-13 16:41:29,004 [INFO] Pass: UnitarySynthesis - 0.00477 (ms)
2026-07-13 16:41:29,006 [INFO] Pass: HighLevelSynthesis - 1.28388 (ms)
2026-07-13 16:41:29,007 [INFO] Pass: BasisTranslator - 1.06382 (ms)
2026-07-13 16:41:29,007 [INFO] Pass: Depth - 0.17428 (ms)
2026-07-13 16:41:29,007 [INFO] Pass: FixedPoint - 0.00954 (ms)
2026-07-13 16:41:29,007 [INFO] Pass: Size - 0.05865 (ms)
2026-07-13 16:41:29,007 [INFO] Pass: FixedPoint - 0.00429 (ms)
2026-07-13 16:41:29,008 [INFO] Pass: Optimize1qGatesDecomposition - 1.19519 (ms)
2026-07-13 16:41:29,008 [INFO] Pass: InverseCancellation - 0.00954 (ms)
2026-07-13 16:41:29,009 [INFO] Pass: GatesInBasis - 0.64921 (ms)
2026-07-13 16:41:29,009 [INFO] Pass: Depth - 0.15211 (ms)
2026-07-13 16:41:29,009 [INFO] Pass: FixedPoint - 0.00572 (ms)
2026-07-13 16:41:29,009 [INFO] Pass: Size - 0.05412 (ms)
2026-07-13 16:41:29,010 [INFO] Pass: FixedPoint - 0.00429 (ms)
2026-07-13 16:41:29,011 [INFO] Pass: Optimize1qGatesDecomposition - 0.98467 (ms)
2026-07-13 16:41:29,011 [INFO] Pass: InverseCancellation - 0.00811 (ms)
2026-07-13 16:41:29,011 [INFO] Pass: GatesInBasis - 0.62275 (ms)
2026-07-13 16:41:29,011 [INFO] Pass: Depth - 0.14448 (ms)
2026-07-13 16:41:29,011 [INFO] Pass: FixedPoint - 0.00548 (ms)
2026-07-13 16:41:29,012 [INFO] Pass: Size - 0.05746 (ms)
2026-07-13 16:41:29,012 [INFO] Pass: FixedPoint - 0.00429 (ms)
2026-07-13 16:41:29,012 [INFO] Pass: ContainsInstruction - 0.00572 (ms)
2026-07-13 16:41:29,013 [INFO] Total Transpile Time - 65.71102 (ms)
2026-07-13 16:41:52,068 [INFO] [PCE] n=250 instancia (idx=43) 3/20 completada (paralelo) - transcurrido=0:05:57:05
2026-07-13 16:41:52,179 [INFO] Pass: ContainsInstruction - 0.00834 (ms)
2026-07-13 16:41:52,179 [INFO] Pass: InverseCancellation - 0.00906 (ms)
2026-07-13 16:41:52,179 [INFO] Pass: UnitarySynthesis - 0.00429 (ms)
2026-07-13 16:41:52,181 [INFO] Pass: HighLevelSynthesis - 1.16324 (ms)
2026-07-13 16:41:52,181 [INFO] Pass: BasisTranslator - 0.60368 (ms)
2026-07-13 16:41:52,181 [INFO] Pass: Depth - 0.14997 (ms)
2026-07-13 16:41:52,181 [INFO] Pass: FixedPoint - 0.00811 (ms)
2026-07-13 16:41:52,182 [INFO] Pass: Size - 0.05627 (ms)
2026-07-13 16:41:52,182 [INFO] Pass: FixedPoint - 0.00453 (ms)
2026-07-13 16:41:52,182 [INFO] Pass: Optimize1qGatesDecomposition - 0.10347 (ms)
2026-07-13 16:41:52,182 [INFO] Pass: InverseCancellation - 0.00715 (ms)
2026-07-13 16:41:52,182 [INFO] Pass: GatesInBasis - 0.57936 (ms)
2026-07-13 16:41:52,183 [INFO] Pass: Depth - 0.13828 (ms)
2026-07-13 16:41:52,183 [INFO] Pass: FixedPoint - 0.00501 (ms)
2026-07-13 16:41:52,183 [INFO] Pass: Size - 0.05174 (ms)
2026-07-13 16:41:52,183 [INFO] Pass: FixedPoint - 0.00405 (ms)
2026-07-13 16:41:52,183 [INFO] Pass: ContainsInstruction - 0.00453 (ms)
2026-07-13 16:41:52,184 [INFO] Total Transpile Time - 64.07690 (ms)
2026-07-13 16:41:52,240 [INFO] Pass: ContainsInstruction - 0.00715 (ms)
2026-07-13 16:41:52,241 [INFO] Pass: InverseCancellation - 0.16546 (ms)
2026-07-13 16:41:52,241 [INFO] Pass: UnitarySynthesis - 0.00405 (ms)
2026-07-13 16:41:52,242 [INFO] Pass: HighLevelSynthesis - 1.13010 (ms)
2026-07-13 16:41:52,243 [INFO] Pass: BasisTranslator - 0.78630 (ms)
2026-07-13 16:41:52,243 [INFO] Pass: Depth - 0.15283 (ms)
2026-07-13 16:41:52,243 [INFO] Pass: FixedPoint - 0.00715 (ms)
2026-07-13 16:41:52,243 [INFO] Pass: Size - 0.05627 (ms)
2026-07-13 16:41:52,243 [INFO] Pass: FixedPoint - 0.00429 (ms)
2026-07-13 16:41:52,244 [INFO] Pass: Optimize1qGatesDecomposition - 1.02592 (ms)
2026-07-13 16:41:52,244 [INFO] Pass: InverseCancellation - 0.13447 (ms)
2026-07-13 16:41:52,245 [INFO] Pass: GatesInBasis - 0.63157 (ms)
2026-07-13 16:41:52,245 [INFO] Pass: Depth - 0.14257 (ms)
2026-07-13 16:41:52,245 [INFO] Pass: FixedPoint - 0.00525 (ms)
2026-07-13 16:41:52,245 [INFO] Pass: Size - 0.05364 (ms)
2026-07-13 16:41:52,245 [INFO] Pass: FixedPoint - 0.00429 (ms)
2026-07-13 16:41:52,245 [INFO] Pass: ContainsInstruction - 0.00453 (ms)
2026-07-13 16:41:52,247 [INFO] Total Transpile Time - 62.54196 (ms)
2026-07-13 16:41:52,303 [INFO] Pass: ContainsInstruction - 0.00668 (ms)
2026-07-13 16:41:52,303 [INFO] Pass: InverseCancellation - 0.15974 (ms)
2026-07-13 16:41:52,303 [INFO] Pass: UnitarySynthesis - 0.00405 (ms)
2026-07-13 16:41:52,304 [INFO] Pass: HighLevelSynthesis - 1.20282 (ms)
2026-07-13 16:41:52,305 [INFO] Pass: BasisTranslator - 0.81944 (ms)
2026-07-13 16:41:52,305 [INFO] Pass: Depth - 0.15736 (ms)
2026-07-13 16:41:52,305 [INFO] Pass: FixedPoint - 0.00691 (ms)
2026-07-13 16:41:52,305 [INFO] Pass: Size - 0.05794 (ms)
2026-07-13 16:41:52,305 [INFO] Pass: FixedPoint - 0.00477 (ms)
2026-07-13 16:41:52,306 [INFO] Pass: Optimize1qGatesDecomposition - 1.16515 (ms)
2026-07-13 16:41:52,307 [INFO] Pass: InverseCancellation - 0.00739 (ms)
2026-07-13 16:41:52,307 [INFO] Pass: GatesInBasis - 0.63348 (ms)
2026-07-13 16:41:52,307 [INFO] Pass: Depth - 0.14687 (ms)
2026-07-13 16:41:52,307 [INFO] Pass: FixedPoint - 0.00525 (ms)
2026-07-13 16:41:52,308 [INFO] Pass: Size - 0.05364 (ms)
2026-07-13 16:41:52,308 [INFO] Pass: FixedPoint - 0.00429 (ms)
2026-07-13 16:41:52,309 [INFO] Pass: Optimize1qGatesDecomposition - 0.98610 (ms)
2026-07-13 16:41:52,309 [INFO] Pass: InverseCancellation - 0.00691 (ms)
2026-07-13 16:41:52,309 [INFO] Pass: GatesInBasis - 0.62895 (ms)
2026-07-13 16:41:52,310 [INFO] Pass: Depth - 0.14305 (ms)
2026-07-13 16:41:52,310 [INFO] Pass: FixedPoint - 0.00501 (ms)
2026-07-13 16:41:52,310 [INFO] Pass: Size - 0.05269 (ms)
2026-07-13 16:41:52,310 [INFO] Pass: FixedPoint - 0.00405 (ms)
2026-07-13 16:41:52,310 [INFO] Pass: ContainsInstruction - 0.00501 (ms)
2026-07-13 16:41:52,311 [INFO] Total Transpile Time - 64.17561 (ms)
2026-07-13 16:42:13,368 [INFO] [PCE] n=250 instancia (idx=58) 4/20 completada (paralelo) - transcurrido=0:05:57:27
2026-07-13 16:42:13,481 [INFO] Pass: ContainsInstruction - 0.00811 (ms)
2026-07-13 16:42:13,481 [INFO] Pass: InverseCancellation - 0.00954 (ms)
2026-07-13 16:42:13,481 [INFO] Pass: UnitarySynthesis - 0.00405 (ms)
2026-07-13 16:42:13,482 [INFO] Pass: HighLevelSynthesis - 1.15871 (ms)
2026-07-13 16:42:13,483 [INFO] Pass: BasisTranslator - 0.61679 (ms)
2026-07-13 16:42:13,483 [INFO] Pass: Depth - 0.15235 (ms)
2026-07-13 16:42:13,483 [INFO] Pass: FixedPoint - 0.00811 (ms)
2026-07-13 16:42:13,483 [INFO] Pass: Size - 0.05198 (ms)
2026-07-13 16:42:13,483 [INFO] Pass: FixedPoint - 0.00453 (ms)
2026-07-13 16:42:13,483 [INFO] Pass: Optimize1qGatesDecomposition - 0.10395 (ms)
2026-07-13 16:42:13,483 [INFO] Pass: InverseCancellation - 0.00739 (ms)
2026-07-13 16:42:13,484 [INFO] Pass: GatesInBasis - 0.61297 (ms)
2026-07-13 16:42:13,484 [INFO] Pass: Depth - 0.13566 (ms)
2026-07-13 16:42:13,484 [INFO] Pass: FixedPoint - 0.00453 (ms)
2026-07-13 16:42:13,484 [INFO] Pass: Size - 0.05031 (ms)
2026-07-13 16:42:13,484 [INFO] Pass: FixedPoint - 0.00429 (ms)
2026-07-13 16:42:13,484 [INFO] Pass: ContainsInstruction - 0.00453 (ms)
2026-07-13 16:42:13,485 [INFO] Total Transpile Time - 65.11307 (ms)
2026-07-13 16:42:13,541 [INFO] Pass: ContainsInstruction - 0.00668 (ms)
2026-07-13 16:42:13,541 [INFO] Pass: InverseCancellation - 0.15903 (ms)
2026-07-13 16:42:13,541 [INFO] Pass: UnitarySynthesis - 0.00453 (ms)
2026-07-13 16:42:13,543 [INFO] Pass: HighLevelSynthesis - 1.13153 (ms)
2026-07-13 16:42:13,543 [INFO] Pass: BasisTranslator - 0.78321 (ms)
2026-07-13 16:42:13,544 [INFO] Pass: Depth - 0.15688 (ms)
2026-07-13 16:42:13,544 [INFO] Pass: FixedPoint - 0.00691 (ms)
2026-07-13 16:42:13,544 [INFO] Pass: Size - 0.05460 (ms)
2026-07-13 16:42:13,544 [INFO] Pass: FixedPoint - 0.00453 (ms)
2026-07-13 16:42:13,545 [INFO] Pass: Optimize1qGatesDecomposition - 1.02282 (ms)
2026-07-13 16:42:13,545 [INFO] Pass: InverseCancellation - 0.13399 (ms)
2026-07-13 16:42:13,546 [INFO] Pass: GatesInBasis - 0.66090 (ms)
2026-07-13 16:42:13,546 [INFO] Pass: Depth - 0.14257 (ms)
2026-07-13 16:42:13,546 [INFO] Pass: FixedPoint - 0.00548 (ms)
2026-07-13 16:42:13,546 [INFO] Pass: Size - 0.05341 (ms)
2026-07-13 16:42:13,546 [INFO] Pass: FixedPoint - 0.00429 (ms)
2026-07-13 16:42:13,546 [INFO] Pass: ContainsInstruction - 0.00453 (ms)
2026-07-13 16:42:13,547 [INFO] Total Transpile Time - 61.69248 (ms)
2026-07-13 16:42:13,603 [INFO] Pass: ContainsInstruction - 0.00572 (ms)
2026-07-13 16:42:13,603 [INFO] Pass: InverseCancellation - 0.16165 (ms)
2026-07-13 16:42:13,603 [INFO] Pass: UnitarySynthesis - 0.00429 (ms)
2026-07-13 16:42:13,604 [INFO] Pass: HighLevelSynthesis - 1.20878 (ms)
2026-07-13 16:42:13,605 [INFO] Pass: BasisTranslator - 0.98419 (ms)
2026-07-13 16:42:13,606 [INFO] Pass: Depth - 0.16379 (ms)
2026-07-13 16:42:13,606 [INFO] Pass: FixedPoint - 0.00691 (ms)
2026-07-13 16:42:13,606 [INFO] Pass: Size - 0.05770 (ms)
2026-07-13 16:42:13,606 [INFO] Pass: FixedPoint - 0.00477 (ms)
2026-07-13 16:42:13,607 [INFO] Pass: Optimize1qGatesDecomposition - 1.15800 (ms)
2026-07-13 16:42:13,607 [INFO] Pass: InverseCancellation - 0.00739 (ms)
2026-07-13 16:42:13,608 [INFO] Pass: GatesInBasis - 0.63825 (ms)
2026-07-13 16:42:13,608 [INFO] Pass: Depth - 0.14615 (ms)
2026-07-13 16:42:13,608 [INFO] Pass: FixedPoint - 0.00548 (ms)
2026-07-13 16:42:13,608 [INFO] Pass: Size - 0.05364 (ms)
2026-07-13 16:42:13,608 [INFO] Pass: FixedPoint - 0.00429 (ms)
2026-07-13 16:42:13,609 [INFO] Pass: Optimize1qGatesDecomposition - 0.97299 (ms)
2026-07-13 16:42:13,609 [INFO] Pass: InverseCancellation - 0.00691 (ms)
2026-07-13 16:42:13,610 [INFO] Pass: GatesInBasis - 0.66996 (ms)
2026-07-13 16:42:13,610 [INFO] Pass: Depth - 0.14400 (ms)
2026-07-13 16:42:13,610 [INFO] Pass: FixedPoint - 0.00501 (ms)
2026-07-13 16:42:13,610 [INFO] Pass: Size - 0.05269 (ms)
2026-07-13 16:42:13,610 [INFO] Pass: FixedPoint - 0.00429 (ms)
2026-07-13 16:42:13,610 [INFO] Pass: ContainsInstruction - 0.00477 (ms)
2026-07-13 16:42:13,611 [INFO] Total Transpile Time - 64.06641 (ms)
2026-07-13 16:59:31,080 [INFO] [PCE] n=250 instancia (idx=23) 5/20 completada (paralelo) - transcurrido=0:06:14:44
2026-07-13 17:05:46,426 [INFO] [PCE] n=250 instancia (idx=18) 6/20 completada (paralelo) - transcurrido=0:06:21:00
2026-07-13 17:06:29,108 [INFO] [PCE] n=250 instancia (idx=33) 7/20 completada (paralelo) - transcurrido=0:06:21:42
2026-07-13 17:06:43,395 [INFO] [PCE] n=250 instancia (idx=8) 8/20 completada (paralelo) - transcurrido=0:06:21:57
2026-07-13 17:09:07,165 [INFO] [PCE] n=250 instancia (idx=48) 9/20 completada (paralelo) - transcurrido=0:06:24:20
2026-07-13 17:11:46,980 [INFO] [PCE] n=250 instancia (idx=68) 10/20 completada (paralelo) - transcurrido=0:06:27:00
2026-07-13 17:12:57,238 [INFO] [PCE] n=250 instancia (idx=28) 11/20 completada (paralelo) - transcurrido=0:06:28:10
2026-07-13 17:13:40,232 [INFO] [PCE] n=250 instancia (idx=73) 12/20 completada (paralelo) - transcurrido=0:06:28:53
2026-07-13 17:13:47,234 [INFO] [PCE] n=250 instancia (idx=38) 13/20 completada (paralelo) - transcurrido=0:06:29:00
2026-07-13 17:14:00,979 [INFO] [PCE] n=250 instancia (idx=63) 14/20 completada (paralelo) - transcurrido=0:06:29:14
2026-07-13 17:15:08,243 [INFO] [PCE] n=250 instancia (idx=13) 15/20 completada (paralelo) - transcurrido=0:06:30:21
2026-07-13 17:20:20,441 [INFO] [PCE] n=250 instancia (idx=3) 16/20 completada (paralelo) - transcurrido=0:06:35:34
2026-07-13 18:46:53,283 [INFO] [PCE] n=250 instancia (idx=83) 17/20 completada (paralelo) - transcurrido=0:08:02:06
2026-07-13 18:52:17,043 [INFO] [PCE] n=250 instancia (idx=93) 18/20 completada (paralelo) - transcurrido=0:08:07:30
2026-07-13 18:54:37,072 [INFO] [PCE] n=250 instancia (idx=88) 19/20 completada (paralelo) - transcurrido=0:08:09:50
2026-07-13 18:55:10,636 [INFO] [PCE] n=250 instancia (idx=98) 20/20 completada (paralelo) - transcurrido=0:08:10:24
2026-07-13 18:55:10,673 [INFO] [PCE] n=250 chunk 4/5 completado - beta_parcial=0.2348 duration=0:08:10:24 shots=2048 backend=AER
