gcc/system unloaded
gcccore/system unloaded
cesga/2022 unloaded
rust/1.75.0 unloaded
imkl/2022.0.1 unloaded
numpy/1.26.4 unloaded
scipy/1.13.1 unloaded
flint/2.8.4 unloaded
symengine/0.11.1 unloaded
symengine-python/0.11.0 unloaded
spdlog/1.9.2 unloaded
pylatexenc/2.10 unloaded
qiskit/1.2.4-aer-gpu-cu11 unloaded
        Preparing the environment for use of the CESGA 2022 software stack.
        Please rebuild modules cache: module --ignore-cache avail
     
cesga/2022 loaded
rust/1.75.0 loaded

imkl/2023.2.0 loaded
numpy/1.26.4 loaded
scipy/1.13.1 loaded
imkl/2023.2.0 unloaded

imkl/2022.0.1 loaded
flint/2.8.4 loaded
symengine/0.11.1 loaded
symengine-python/0.11.0 loaded
spdlog/1.9.2 loaded
pylatexenc/2.10 loaded
gcccore/system loaded
gcc/system loaded
qiskit/1.2.4-aer-gpu-cu11 loaded
2026-07-13 10:44:49,542 [INFO] [PCE] n=250 chunk 3/5: 20 instancias [2, 7, 12, 17, 22, 27, 32, 37, 42, 47, 52, 57, 62, 67, 72, 77, 82, 87, 92, 97], num_workers=16, qubits=14
2026-07-13 10:44:49,542 [INFO] [PCE] n=250 paralelizando 20 instancias entre 16 workers (max_parallel_threads=1 fijo, independiente de num_workers)
2026-07-13 10:44:49,696 [INFO] Pass: ContainsInstruction - 0.01287 (ms)
2026-07-13 10:44:49,696 [INFO] Pass: InverseCancellation - 0.01764 (ms)
2026-07-13 10:44:49,696 [INFO] Pass: UnitarySynthesis - 0.00501 (ms)
2026-07-13 10:44:49,697 [INFO] Pass: HighLevelSynthesis - 1.25670 (ms)
2026-07-13 10:44:49,698 [INFO] Pass: BasisTranslator - 0.69499 (ms)
2026-07-13 10:44:49,698 [INFO] Pass: Depth - 0.17786 (ms)
2026-07-13 10:44:49,698 [INFO] Pass: FixedPoint - 0.01407 (ms)
2026-07-13 10:44:49,699 [INFO] Pass: Size - 0.05484 (ms)
2026-07-13 10:44:49,699 [INFO] Pass: FixedPoint - 0.00453 (ms)
2026-07-13 10:44:49,699 [INFO] Pass: Optimize1qGatesDecomposition - 0.13447 (ms)
2026-07-13 10:44:49,699 [INFO] Pass: InverseCancellation - 0.00739 (ms)
2026-07-13 10:44:49,699 [INFO] Pass: GatesInBasis - 0.65494 (ms)
2026-07-13 10:44:49,700 [INFO] Pass: Depth - 0.13852 (ms)
2026-07-13 10:44:49,700 [INFO] Pass: FixedPoint - 0.00525 (ms)
2026-07-13 10:44:49,700 [INFO] Pass: Size - 0.05198 (ms)
2026-07-13 10:44:49,700 [INFO] Pass: FixedPoint - 0.00405 (ms)
2026-07-13 10:44:49,700 [INFO] Pass: ContainsInstruction - 0.00525 (ms)
2026-07-13 10:44:49,700 [INFO] Pass: ContainsInstruction - 0.01335 (ms)
2026-07-13 10:44:49,700 [INFO] Pass: InverseCancellation - 0.01693 (ms)
2026-07-13 10:44:49,700 [INFO] Pass: UnitarySynthesis - 0.00525 (ms)
2026-07-13 10:44:49,701 [INFO] Pass: ContainsInstruction - 0.01192 (ms)
2026-07-13 10:44:49,701 [INFO] Pass: InverseCancellation - 0.01574 (ms)
2026-07-13 10:44:49,701 [INFO] Pass: UnitarySynthesis - 0.00572 (ms)
2026-07-13 10:44:49,701 [INFO] Pass: ContainsInstruction - 0.01073 (ms)
2026-07-13 10:44:49,701 [INFO] Pass: InverseCancellation - 0.01669 (ms)
2026-07-13 10:44:49,701 [INFO] Pass: UnitarySynthesis - 0.00501 (ms)
2026-07-13 10:44:49,701 [INFO] Total Transpile Time - 86.33995 (ms)
2026-07-13 10:44:49,701 [INFO] Pass: HighLevelSynthesis - 1.25051 (ms)
2026-07-13 10:44:49,702 [INFO] Pass: ContainsInstruction - 0.01144 (ms)
2026-07-13 10:44:49,702 [INFO] Pass: BasisTranslator - 0.68450 (ms)
2026-07-13 10:44:49,702 [INFO] Pass: InverseCancellation - 0.01502 (ms)
2026-07-13 10:44:49,702 [INFO] Pass: UnitarySynthesis - 0.00501 (ms)
2026-07-13 10:44:49,702 [INFO] Pass: HighLevelSynthesis - 1.31369 (ms)
2026-07-13 10:44:49,702 [INFO] Pass: Depth - 0.18048 (ms)
2026-07-13 10:44:49,702 [INFO] Pass: HighLevelSynthesis - 1.28126 (ms)
2026-07-13 10:44:49,703 [INFO] Pass: FixedPoint - 0.01216 (ms)
2026-07-13 10:44:49,703 [INFO] Pass: Size - 0.05770 (ms)
2026-07-13 10:44:49,703 [INFO] Pass: FixedPoint - 0.00453 (ms)
2026-07-13 10:44:49,703 [INFO] Pass: Optimize1qGatesDecomposition - 0.13876 (ms)
2026-07-13 10:44:49,703 [INFO] Pass: InverseCancellation - 0.00739 (ms)
2026-07-13 10:44:49,703 [INFO] Pass: BasisTranslator - 0.63252 (ms)
2026-07-13 10:44:49,703 [INFO] Pass: BasisTranslator - 0.63443 (ms)
2026-07-13 10:44:49,703 [INFO] Pass: Depth - 0.18048 (ms)
2026-07-13 10:44:49,703 [INFO] Pass: FixedPoint - 0.01192 (ms)
2026-07-13 10:44:49,703 [INFO] Pass: Depth - 0.17357 (ms)
2026-07-13 10:44:49,703 [INFO] Pass: Size - 0.05555 (ms)
2026-07-13 10:44:49,703 [INFO] Pass: FixedPoint - 0.00453 (ms)
2026-07-13 10:44:49,703 [INFO] Pass: FixedPoint - 0.01144 (ms)
2026-07-13 10:44:49,704 [INFO] Pass: Size - 0.05484 (ms)
2026-07-13 10:44:49,704 [INFO] Pass: GatesInBasis - 0.65517 (ms)
2026-07-13 10:44:49,704 [INFO] Pass: FixedPoint - 0.00453 (ms)
2026-07-13 10:44:49,704 [INFO] Pass: Optimize1qGatesDecomposition - 0.13185 (ms)
2026-07-13 10:44:49,704 [INFO] Pass: InverseCancellation - 0.00739 (ms)
2026-07-13 10:44:49,704 [INFO] Pass: HighLevelSynthesis - 1.29890 (ms)
2026-07-13 10:44:49,704 [INFO] Pass: Optimize1qGatesDecomposition - 0.12970 (ms)
2026-07-13 10:44:49,704 [INFO] Pass: Depth - 0.13804 (ms)
2026-07-13 10:44:49,704 [INFO] Pass: FixedPoint - 0.00453 (ms)
2026-07-13 10:44:49,704 [INFO] Pass: InverseCancellation - 0.00715 (ms)
2026-07-13 10:44:49,704 [INFO] Pass: Size - 0.05198 (ms)
2026-07-13 10:44:49,704 [INFO] Pass: FixedPoint - 0.00429 (ms)
2026-07-13 10:44:49,704 [INFO] Pass: ContainsInstruction - 0.00525 (ms)
2026-07-13 10:44:49,704 [INFO] Pass: GatesInBasis - 0.65899 (ms)
2026-07-13 10:44:49,704 [INFO] Pass: BasisTranslator - 0.63419 (ms)
2026-07-13 10:44:49,704 [INFO] Pass: ContainsInstruction - 0.01264 (ms)
2026-07-13 10:44:49,704 [INFO] Pass: GatesInBasis - 0.65804 (ms)
2026-07-13 10:44:49,705 [INFO] Pass: InverseCancellation - 0.01764 (ms)
2026-07-13 10:44:49,705 [INFO] Pass: Depth - 0.13852 (ms)
2026-07-13 10:44:49,705 [INFO] Pass: UnitarySynthesis - 0.00525 (ms)
2026-07-13 10:44:49,705 [INFO] Pass: FixedPoint - 0.00525 (ms)
2026-07-13 10:44:49,705 [INFO] Pass: Depth - 0.17977 (ms)
2026-07-13 10:44:49,705 [INFO] Pass: FixedPoint - 0.01121 (ms)
2026-07-13 10:44:49,705 [INFO] Pass: Size - 0.05198 (ms)
2026-07-13 10:44:49,705 [INFO] Pass: Depth - 0.13947 (ms)
2026-07-13 10:44:49,705 [INFO] Pass: FixedPoint - 0.00405 (ms)
2026-07-13 10:44:49,705 [INFO] Pass: FixedPoint - 0.00525 (ms)
2026-07-13 10:44:49,705 [INFO] Pass: ContainsInstruction - 0.00548 (ms)
2026-07-13 10:44:49,705 [INFO] Pass: Size - 0.05531 (ms)
2026-07-13 10:44:49,705 [INFO] Pass: FixedPoint - 0.00453 (ms)
2026-07-13 10:44:49,705 [INFO] Pass: Size - 0.05174 (ms)
2026-07-13 10:44:49,705 [INFO] Pass: FixedPoint - 0.00405 (ms)
2026-07-13 10:44:49,705 [INFO] Pass: ContainsInstruction - 0.00501 (ms)
2026-07-13 10:44:49,705 [INFO] Pass: Optimize1qGatesDecomposition - 0.13375 (ms)
2026-07-13 10:44:49,705 [INFO] Pass: InverseCancellation - 0.00715 (ms)
2026-07-13 10:44:49,705 [INFO] Total Transpile Time - 82.39985 (ms)
2026-07-13 10:44:49,706 [INFO] Pass: GatesInBasis - 0.65637 (ms)
2026-07-13 10:44:49,706 [INFO] Pass: Depth - 0.13828 (ms)
2026-07-13 10:44:49,706 [INFO] Pass: HighLevelSynthesis - 1.27888 (ms)
2026-07-13 10:44:49,706 [INFO] Pass: FixedPoint - 0.00501 (ms)
2026-07-13 10:44:49,706 [INFO] Pass: Size - 0.05341 (ms)
2026-07-13 10:44:49,706 [INFO] Total Transpile Time - 82.77583 (ms)
2026-07-13 10:44:49,706 [INFO] Pass: FixedPoint - 0.00405 (ms)
2026-07-13 10:44:49,706 [INFO] Pass: ContainsInstruction - 0.00477 (ms)
2026-07-13 10:44:49,706 [INFO] Total Transpile Time - 82.95822 (ms)
2026-07-13 10:44:49,706 [INFO] Pass: ContainsInstruction - 0.01192 (ms)
2026-07-13 10:44:49,706 [INFO] Pass: InverseCancellation - 0.01574 (ms)
2026-07-13 10:44:49,706 [INFO] Pass: UnitarySynthesis - 0.00572 (ms)
2026-07-13 10:44:49,707 [INFO] Pass: BasisTranslator - 0.65947 (ms)
2026-07-13 10:44:49,707 [INFO] Pass: Depth - 0.17953 (ms)
2026-07-13 10:44:49,707 [INFO] Pass: ContainsInstruction - 0.01144 (ms)
2026-07-13 10:44:49,707 [INFO] Pass: FixedPoint - 0.01144 (ms)
2026-07-13 10:44:49,707 [INFO] Pass: InverseCancellation - 0.01621 (ms)
2026-07-13 10:44:49,707 [INFO] Pass: UnitarySynthesis - 0.00525 (ms)
2026-07-13 10:44:49,707 [INFO] Pass: Size - 0.06604 (ms)
2026-07-13 10:44:49,707 [INFO] Pass: FixedPoint - 0.00429 (ms)
2026-07-13 10:44:49,707 [INFO] Pass: Optimize1qGatesDecomposition - 0.14114 (ms)
2026-07-13 10:44:49,707 [INFO] Pass: InverseCancellation - 0.00763 (ms)
2026-07-13 10:44:49,707 [INFO] Total Transpile Time - 81.43401 (ms)
2026-07-13 10:44:49,708 [INFO] Pass: HighLevelSynthesis - 1.29819 (ms)
2026-07-13 10:44:49,708 [INFO] Pass: GatesInBasis - 0.66376 (ms)
2026-07-13 10:44:49,708 [INFO] Pass: Depth - 0.13900 (ms)
2026-07-13 10:44:49,708 [INFO] Pass: FixedPoint - 0.00525 (ms)
2026-07-13 10:44:49,708 [INFO] Pass: Size - 0.05245 (ms)
2026-07-13 10:44:49,708 [INFO] Pass: HighLevelSynthesis - 1.26934 (ms)
2026-07-13 10:44:49,708 [INFO] Pass: FixedPoint - 0.00453 (ms)
2026-07-13 10:44:49,708 [INFO] Pass: ContainsInstruction - 0.00477 (ms)
2026-07-13 10:44:49,708 [INFO] Pass: BasisTranslator - 0.63729 (ms)
2026-07-13 10:44:49,709 [INFO] Pass: Depth - 0.18024 (ms)
2026-07-13 10:44:49,709 [INFO] Pass: FixedPoint - 0.01168 (ms)
2026-07-13 10:44:49,709 [INFO] Pass: Size - 0.05484 (ms)
2026-07-13 10:44:49,709 [INFO] Pass: FixedPoint - 0.00429 (ms)
2026-07-13 10:44:49,709 [INFO] Pass: Optimize1qGatesDecomposition - 0.13208 (ms)
2026-07-13 10:44:49,709 [INFO] Pass: InverseCancellation - 0.00763 (ms)
2026-07-13 10:44:49,709 [INFO] Pass: BasisTranslator - 0.69165 (ms)
2026-07-13 10:44:49,709 [INFO] Pass: ContainsInstruction - 0.01097 (ms)
2026-07-13 10:44:49,709 [INFO] Pass: InverseCancellation - 0.01597 (ms)
2026-07-13 10:44:49,709 [INFO] Pass: UnitarySynthesis - 0.00525 (ms)
2026-07-13 10:44:49,709 [INFO] Pass: Depth - 0.17619 (ms)
2026-07-13 10:44:49,709 [INFO] Pass: FixedPoint - 0.01240 (ms)
2026-07-13 10:44:49,709 [INFO] Pass: Size - 0.05531 (ms)
2026-07-13 10:44:49,709 [INFO] Pass: FixedPoint - 0.00429 (ms)
2026-07-13 10:44:49,710 [INFO] Pass: Optimize1qGatesDecomposition - 0.13018 (ms)
2026-07-13 10:44:49,710 [INFO] Total Transpile Time - 93.14013 (ms)
2026-07-13 10:44:49,710 [INFO] Pass: InverseCancellation - 0.00715 (ms)
2026-07-13 10:44:49,710 [INFO] Pass: GatesInBasis - 0.65374 (ms)
2026-07-13 10:44:49,710 [INFO] Pass: Depth - 0.13781 (ms)
2026-07-13 10:44:49,710 [INFO] Pass: FixedPoint - 0.00525 (ms)
2026-07-13 10:44:49,710 [INFO] Pass: Size - 0.05651 (ms)
2026-07-13 10:44:49,710 [INFO] Pass: FixedPoint - 0.00405 (ms)
2026-07-13 10:44:49,710 [INFO] Pass: ContainsInstruction - 0.00501 (ms)
2026-07-13 10:44:49,710 [INFO] Pass: GatesInBasis - 0.65446 (ms)
2026-07-13 10:44:49,711 [INFO] Pass: Depth - 0.13757 (ms)
2026-07-13 10:44:49,711 [INFO] Pass: HighLevelSynthesis - 1.23620 (ms)
2026-07-13 10:44:49,711 [INFO] Pass: FixedPoint - 0.00501 (ms)
2026-07-13 10:44:49,711 [INFO] Pass: Size - 0.05245 (ms)
2026-07-13 10:44:49,711 [INFO] Pass: FixedPoint - 0.00405 (ms)
2026-07-13 10:44:49,711 [INFO] Pass: ContainsInstruction - 0.00572 (ms)
2026-07-13 10:44:49,711 [INFO] Pass: BasisTranslator - 0.67949 (ms)
2026-07-13 10:44:49,711 [INFO] Total Transpile Time - 81.64167 (ms)
2026-07-13 10:44:49,711 [INFO] Pass: Depth - 0.17118 (ms)
2026-07-13 10:44:49,712 [INFO] Pass: FixedPoint - 0.01168 (ms)
2026-07-13 10:44:49,712 [INFO] Pass: Size - 0.05484 (ms)
2026-07-13 10:44:49,712 [INFO] Pass: FixedPoint - 0.00429 (ms)
2026-07-13 10:44:49,712 [INFO] Pass: Optimize1qGatesDecomposition - 0.12898 (ms)
2026-07-13 10:44:49,712 [INFO] Pass: InverseCancellation - 0.00739 (ms)
2026-07-13 10:44:49,712 [INFO] Total Transpile Time - 82.06034 (ms)
2026-07-13 10:44:49,712 [INFO] Pass: ContainsInstruction - 0.01097 (ms)
2026-07-13 10:44:49,712 [INFO] Pass: InverseCancellation - 0.01526 (ms)
2026-07-13 10:44:49,712 [INFO] Pass: UnitarySynthesis - 0.00525 (ms)
2026-07-13 10:44:49,713 [INFO] Pass: GatesInBasis - 0.66113 (ms)
2026-07-13 10:44:49,713 [INFO] Pass: Depth - 0.13757 (ms)
2026-07-13 10:44:49,713 [INFO] Pass: FixedPoint - 0.00477 (ms)
2026-07-13 10:44:49,713 [INFO] Pass: Size - 0.05174 (ms)
2026-07-13 10:44:49,713 [INFO] Pass: FixedPoint - 0.00405 (ms)
2026-07-13 10:44:49,713 [INFO] Pass: ContainsInstruction - 0.00477 (ms)
2026-07-13 10:44:49,714 [INFO] Pass: HighLevelSynthesis - 1.24383 (ms)
2026-07-13 10:44:49,714 [INFO] Total Transpile Time - 80.97911 (ms)
2026-07-13 10:44:49,714 [INFO] Pass: BasisTranslator - 0.63014 (ms)
2026-07-13 10:44:49,715 [INFO] Pass: Depth - 0.17738 (ms)
2026-07-13 10:44:49,715 [INFO] Pass: FixedPoint - 0.01121 (ms)
2026-07-13 10:44:49,715 [INFO] Pass: Size - 0.05531 (ms)
2026-07-13 10:44:49,715 [INFO] Pass: FixedPoint - 0.00453 (ms)
2026-07-13 10:44:49,715 [INFO] Pass: Optimize1qGatesDecomposition - 0.12398 (ms)
2026-07-13 10:44:49,715 [INFO] Pass: InverseCancellation - 0.00739 (ms)
2026-07-13 10:44:49,716 [INFO] Pass: GatesInBasis - 0.65970 (ms)
2026-07-13 10:44:49,716 [INFO] Pass: Depth - 0.13804 (ms)
2026-07-13 10:44:49,716 [INFO] Pass: FixedPoint - 0.00477 (ms)
2026-07-13 10:44:49,716 [INFO] Pass: Size - 0.05746 (ms)
2026-07-13 10:44:49,716 [INFO] Pass: FixedPoint - 0.00429 (ms)
2026-07-13 10:44:49,716 [INFO] Pass: ContainsInstruction - 0.00525 (ms)
2026-07-13 10:44:49,716 [INFO] Pass: ContainsInstruction - 0.01168 (ms)
2026-07-13 10:44:49,717 [INFO] Pass: InverseCancellation - 0.01502 (ms)
2026-07-13 10:44:49,717 [INFO] Pass: UnitarySynthesis - 0.00572 (ms)
2026-07-13 10:44:49,717 [INFO] Total Transpile Time - 80.95860 (ms)
2026-07-13 10:44:49,718 [INFO] Pass: HighLevelSynthesis - 1.25813 (ms)
2026-07-13 10:44:49,719 [INFO] Pass: BasisTranslator - 0.67949 (ms)
2026-07-13 10:44:49,719 [INFO] Pass: ContainsInstruction - 0.01073 (ms)
2026-07-13 10:44:49,719 [INFO] Pass: Depth - 0.17333 (ms)
2026-07-13 10:44:49,719 [INFO] Pass: FixedPoint - 0.01121 (ms)
2026-07-13 10:44:49,719 [INFO] Pass: InverseCancellation - 0.01717 (ms)
2026-07-13 10:44:49,719 [INFO] Pass: UnitarySynthesis - 0.00501 (ms)
2026-07-13 10:44:49,719 [INFO] Pass: Size - 0.05412 (ms)
2026-07-13 10:44:49,719 [INFO] Pass: FixedPoint - 0.00453 (ms)
2026-07-13 10:44:49,719 [INFO] Pass: Optimize1qGatesDecomposition - 0.12875 (ms)
2026-07-13 10:44:49,719 [INFO] Pass: InverseCancellation - 0.00954 (ms)
2026-07-13 10:44:49,720 [INFO] Pass: GatesInBasis - 0.65947 (ms)
2026-07-13 10:44:49,720 [INFO] Pass: Depth - 0.13828 (ms)
2026-07-13 10:44:49,720 [INFO] Pass: FixedPoint - 0.00501 (ms)
2026-07-13 10:44:49,720 [INFO] Pass: Size - 0.05198 (ms)
2026-07-13 10:44:49,720 [INFO] Pass: FixedPoint - 0.00429 (ms)
2026-07-13 10:44:49,720 [INFO] Pass: HighLevelSynthesis - 1.30200 (ms)
2026-07-13 10:44:49,720 [INFO] Pass: ContainsInstruction - 0.00477 (ms)
2026-07-13 10:44:49,721 [INFO] Pass: BasisTranslator - 0.63801 (ms)
2026-07-13 10:44:49,721 [INFO] Pass: ContainsInstruction - 0.01097 (ms)
2026-07-13 10:44:49,721 [INFO] Pass: InverseCancellation - 0.01645 (ms)
2026-07-13 10:44:49,721 [INFO] Pass: UnitarySynthesis - 0.00525 (ms)
2026-07-13 10:44:49,721 [INFO] Pass: Depth - 0.17548 (ms)
2026-07-13 10:44:49,721 [INFO] Pass: FixedPoint - 0.01144 (ms)
2026-07-13 10:44:49,721 [INFO] Pass: Size - 0.05364 (ms)
2026-07-13 10:44:49,721 [INFO] Pass: FixedPoint - 0.00453 (ms)
2026-07-13 10:44:49,722 [INFO] Pass: Optimize1qGatesDecomposition - 0.12755 (ms)
2026-07-13 10:44:49,722 [INFO] Total Transpile Time - 81.26521 (ms)
2026-07-13 10:44:49,722 [INFO] Pass: InverseCancellation - 0.01001 (ms)
2026-07-13 10:44:49,722 [INFO] Pass: GatesInBasis - 0.65780 (ms)
2026-07-13 10:44:49,723 [INFO] Pass: Depth - 0.14043 (ms)
2026-07-13 10:44:49,723 [INFO] Pass: HighLevelSynthesis - 1.26457 (ms)
2026-07-13 10:44:49,723 [INFO] Pass: FixedPoint - 0.00501 (ms)
2026-07-13 10:44:49,723 [INFO] Pass: Size - 0.05293 (ms)
2026-07-13 10:44:49,723 [INFO] Pass: FixedPoint - 0.00405 (ms)
2026-07-13 10:44:49,723 [INFO] Pass: ContainsInstruction - 0.00501 (ms)
2026-07-13 10:44:49,723 [INFO] Pass: BasisTranslator - 0.69880 (ms)
2026-07-13 10:44:49,724 [INFO] Pass: Depth - 0.17858 (ms)
2026-07-13 10:44:49,724 [INFO] Pass: FixedPoint - 0.01073 (ms)
2026-07-13 10:44:49,724 [INFO] Pass: Size - 0.05388 (ms)
2026-07-13 10:44:49,724 [INFO] Pass: FixedPoint - 0.00453 (ms)
2026-07-13 10:44:49,724 [INFO] Pass: Optimize1qGatesDecomposition - 0.13113 (ms)
2026-07-13 10:44:49,724 [INFO] Pass: InverseCancellation - 0.00739 (ms)
2026-07-13 10:44:49,724 [INFO] Total Transpile Time - 81.39110 (ms)
2026-07-13 10:44:49,725 [INFO] Pass: GatesInBasis - 0.66113 (ms)
2026-07-13 10:44:49,725 [INFO] Pass: Depth - 0.13995 (ms)
2026-07-13 10:44:49,725 [INFO] Pass: FixedPoint - 0.00501 (ms)
2026-07-13 10:44:49,725 [INFO] Pass: Size - 0.05293 (ms)
2026-07-13 10:44:49,725 [INFO] Pass: FixedPoint - 0.00429 (ms)
2026-07-13 10:44:49,725 [INFO] Pass: ContainsInstruction - 0.00501 (ms)
2026-07-13 10:44:49,725 [INFO] Pass: ContainsInstruction - 0.01097 (ms)
2026-07-13 10:44:49,725 [INFO] Pass: InverseCancellation - 0.01597 (ms)
2026-07-13 10:44:49,725 [INFO] Pass: UnitarySynthesis - 0.00501 (ms)
2026-07-13 10:44:49,726 [INFO] Total Transpile Time - 80.20878 (ms)
2026-07-13 10:44:49,727 [INFO] Pass: HighLevelSynthesis - 1.25909 (ms)
2026-07-13 10:44:49,727 [INFO] Pass: BasisTranslator - 0.69022 (ms)
2026-07-13 10:44:49,728 [INFO] Pass: Depth - 0.17667 (ms)
2026-07-13 10:44:49,728 [INFO] Pass: FixedPoint - 0.01097 (ms)
2026-07-13 10:44:49,728 [INFO] Pass: Size - 0.05412 (ms)
2026-07-13 10:44:49,728 [INFO] Pass: FixedPoint - 0.00453 (ms)
2026-07-13 10:44:49,728 [INFO] Pass: Optimize1qGatesDecomposition - 0.12612 (ms)
2026-07-13 10:44:49,728 [INFO] Pass: InverseCancellation - 0.00715 (ms)
2026-07-13 10:44:49,729 [INFO] Pass: GatesInBasis - 0.65446 (ms)
2026-07-13 10:44:49,729 [INFO] Pass: Depth - 0.13852 (ms)
2026-07-13 10:44:49,729 [INFO] Pass: FixedPoint - 0.00477 (ms)
2026-07-13 10:44:49,729 [INFO] Pass: Size - 0.05245 (ms)
2026-07-13 10:44:49,729 [INFO] Pass: FixedPoint - 0.00429 (ms)
2026-07-13 10:44:49,729 [INFO] Pass: ContainsInstruction - 0.00477 (ms)
2026-07-13 10:44:49,730 [INFO] Total Transpile Time - 80.67870 (ms)
2026-07-13 10:44:49,745 [INFO] Pass: ContainsInstruction - 0.01121 (ms)
2026-07-13 10:44:49,745 [INFO] Pass: InverseCancellation - 0.01502 (ms)
2026-07-13 10:44:49,745 [INFO] Pass: UnitarySynthesis - 0.00525 (ms)
2026-07-13 10:44:49,747 [INFO] Pass: HighLevelSynthesis - 1.26362 (ms)
2026-07-13 10:44:49,747 [INFO] Pass: BasisTranslator - 0.68998 (ms)
2026-07-13 10:44:49,748 [INFO] Pass: Depth - 0.17405 (ms)
2026-07-13 10:44:49,748 [INFO] Pass: FixedPoint - 0.01097 (ms)
2026-07-13 10:44:49,748 [INFO] Pass: Size - 0.05364 (ms)
2026-07-13 10:44:49,748 [INFO] Pass: FixedPoint - 0.00453 (ms)
2026-07-13 10:44:49,748 [INFO] Pass: Optimize1qGatesDecomposition - 0.12517 (ms)
2026-07-13 10:44:49,748 [INFO] Pass: InverseCancellation - 0.00691 (ms)
2026-07-13 10:44:49,749 [INFO] Pass: GatesInBasis - 0.65589 (ms)
2026-07-13 10:44:49,749 [INFO] Pass: Depth - 0.13685 (ms)
2026-07-13 10:44:49,749 [INFO] Pass: FixedPoint - 0.00525 (ms)
2026-07-13 10:44:49,749 [INFO] Pass: Size - 0.05317 (ms)
2026-07-13 10:44:49,749 [INFO] Pass: FixedPoint - 0.00429 (ms)
2026-07-13 10:44:49,749 [INFO] Pass: ContainsInstruction - 0.00477 (ms)
2026-07-13 10:44:49,750 [INFO] Total Transpile Time - 80.27530 (ms)
2026-07-13 10:44:49,757 [INFO] Pass: ContainsInstruction - 0.01121 (ms)
2026-07-13 10:44:49,757 [INFO] Pass: InverseCancellation - 0.01526 (ms)
2026-07-13 10:44:49,757 [INFO] Pass: UnitarySynthesis - 0.00525 (ms)
2026-07-13 10:44:49,758 [INFO] Pass: ContainsInstruction - 0.00858 (ms)
2026-07-13 10:44:49,758 [INFO] Pass: HighLevelSynthesis - 1.25885 (ms)
2026-07-13 10:44:49,758 [INFO] Pass: InverseCancellation - 0.16594 (ms)
2026-07-13 10:44:49,758 [INFO] Pass: UnitarySynthesis - 0.00453 (ms)
2026-07-13 10:44:49,759 [INFO] Pass: BasisTranslator - 0.69141 (ms)
2026-07-13 10:44:49,759 [INFO] Pass: Depth - 0.18001 (ms)
2026-07-13 10:44:49,759 [INFO] Pass: FixedPoint - 0.01073 (ms)
2026-07-13 10:44:49,759 [INFO] Pass: Size - 0.05341 (ms)
2026-07-13 10:44:49,759 [INFO] Pass: FixedPoint - 0.00477 (ms)
2026-07-13 10:44:49,759 [INFO] Pass: Optimize1qGatesDecomposition - 0.12517 (ms)
2026-07-13 10:44:49,759 [INFO] Pass: HighLevelSynthesis - 1.21546 (ms)
2026-07-13 10:44:49,759 [INFO] Pass: InverseCancellation - 0.00787 (ms)
2026-07-13 10:44:49,760 [INFO] Pass: GatesInBasis - 0.66352 (ms)
2026-07-13 10:44:49,760 [INFO] Pass: BasisTranslator - 0.80347 (ms)
2026-07-13 10:44:49,760 [INFO] Pass: Depth - 0.13804 (ms)
2026-07-13 10:44:49,760 [INFO] Pass: FixedPoint - 0.00477 (ms)
2026-07-13 10:44:49,761 [INFO] Pass: Size - 0.05174 (ms)
2026-07-13 10:44:49,761 [INFO] Pass: FixedPoint - 0.00405 (ms)
2026-07-13 10:44:49,761 [INFO] Pass: Depth - 0.15497 (ms)
2026-07-13 10:44:49,761 [INFO] Pass: ContainsInstruction - 0.00477 (ms)
2026-07-13 10:44:49,761 [INFO] Pass: FixedPoint - 0.00739 (ms)
2026-07-13 10:44:49,761 [INFO] Pass: Size - 0.05698 (ms)
2026-07-13 10:44:49,761 [INFO] Pass: FixedPoint - 0.00429 (ms)
2026-07-13 10:44:49,762 [INFO] Total Transpile Time - 79.82016 (ms)
2026-07-13 10:44:49,762 [INFO] Pass: ContainsInstruction - 0.00763 (ms)
2026-07-13 10:44:49,763 [INFO] Pass: InverseCancellation - 0.16642 (ms)
2026-07-13 10:44:49,763 [INFO] Pass: UnitarySynthesis - 0.00477 (ms)
2026-07-13 10:44:49,763 [INFO] Pass: Optimize1qGatesDecomposition - 1.96958 (ms)
2026-07-13 10:44:49,763 [INFO] Pass: InverseCancellation - 0.15259 (ms)
2026-07-13 10:44:49,763 [INFO] Pass: ContainsInstruction - 0.00834 (ms)
2026-07-13 10:44:49,763 [INFO] Pass: InverseCancellation - 0.16236 (ms)
2026-07-13 10:44:49,763 [INFO] Pass: UnitarySynthesis - 0.00453 (ms)
2026-07-13 10:44:49,763 [INFO] Pass: ContainsInstruction - 0.00763 (ms)
2026-07-13 10:44:49,764 [INFO] Pass: InverseCancellation - 0.16332 (ms)
2026-07-13 10:44:49,764 [INFO] Pass: GatesInBasis - 0.68927 (ms)
2026-07-13 10:44:49,764 [INFO] Pass: UnitarySynthesis - 0.00453 (ms)
2026-07-13 10:44:49,764 [INFO] Pass: Depth - 0.14806 (ms)
2026-07-13 10:44:49,764 [INFO] Pass: HighLevelSynthesis - 1.21069 (ms)
2026-07-13 10:44:49,764 [INFO] Pass: FixedPoint - 0.00572 (ms)
2026-07-13 10:44:49,764 [INFO] Pass: Size - 0.05984 (ms)
2026-07-13 10:44:49,764 [INFO] Pass: FixedPoint - 0.00405 (ms)
2026-07-13 10:44:49,764 [INFO] Pass: ContainsInstruction - 0.00525 (ms)
2026-07-13 10:44:49,764 [INFO] Pass: ContainsInstruction - 0.00811 (ms)
2026-07-13 10:44:49,765 [INFO] Pass: HighLevelSynthesis - 1.19305 (ms)
2026-07-13 10:44:49,765 [INFO] Pass: BasisTranslator - 0.65351 (ms)
2026-07-13 10:44:49,765 [INFO] Pass: InverseCancellation - 0.16284 (ms)
2026-07-13 10:44:49,765 [INFO] Pass: UnitarySynthesis - 0.00453 (ms)
2026-07-13 10:44:49,765 [INFO] Pass: Depth - 0.15569 (ms)
2026-07-13 10:44:49,765 [INFO] Pass: FixedPoint - 0.00668 (ms)
2026-07-13 10:44:49,765 [INFO] Pass: Size - 0.05651 (ms)
2026-07-13 10:44:49,765 [INFO] Pass: HighLevelSynthesis - 1.23096 (ms)
2026-07-13 10:44:49,765 [INFO] Pass: FixedPoint - 0.00429 (ms)
2026-07-13 10:44:49,765 [INFO] Total Transpile Time - 63.95316 (ms)
2026-07-13 10:44:49,765 [INFO] Pass: BasisTranslator - 0.65923 (ms)
2026-07-13 10:44:49,766 [INFO] Pass: Depth - 0.15116 (ms)
2026-07-13 10:44:49,766 [INFO] Pass: FixedPoint - 0.00691 (ms)
2026-07-13 10:44:49,766 [INFO] Pass: Size - 0.05722 (ms)
2026-07-13 10:44:49,766 [INFO] Pass: FixedPoint - 0.00453 (ms)
2026-07-13 10:44:49,766 [INFO] Pass: BasisTranslator - 0.65804 (ms)
2026-07-13 10:44:49,766 [INFO] Pass: Depth - 0.15593 (ms)
2026-07-13 10:44:49,766 [INFO] Pass: FixedPoint - 0.00668 (ms)
2026-07-13 10:44:49,766 [INFO] Pass: Size - 0.05913 (ms)
2026-07-13 10:44:49,766 [INFO] Pass: HighLevelSynthesis - 1.24168 (ms)
2026-07-13 10:44:49,766 [INFO] Pass: FixedPoint - 0.00453 (ms)
2026-07-13 10:44:49,766 [INFO] Pass: Optimize1qGatesDecomposition - 1.08767 (ms)
2026-07-13 10:44:49,766 [INFO] Pass: InverseCancellation - 0.14734 (ms)
2026-07-13 10:44:49,766 [INFO] Pass: ContainsInstruction - 0.00691 (ms)
2026-07-13 10:44:49,767 [INFO] Pass: InverseCancellation - 0.16427 (ms)
2026-07-13 10:44:49,767 [INFO] Pass: UnitarySynthesis - 0.00453 (ms)
2026-07-13 10:44:49,767 [INFO] Pass: BasisTranslator - 0.66948 (ms)
2026-07-13 10:44:49,767 [INFO] Pass: Optimize1qGatesDecomposition - 1.07718 (ms)
2026-07-13 10:44:49,767 [INFO] Pass: Depth - 0.15473 (ms)
2026-07-13 10:44:49,767 [INFO] Pass: FixedPoint - 0.00715 (ms)
2026-07-13 10:44:49,767 [INFO] Pass: InverseCancellation - 0.15020 (ms)
2026-07-13 10:44:49,767 [INFO] Pass: GatesInBasis - 0.70095 (ms)
2026-07-13 10:44:49,767 [INFO] Pass: Size - 0.05674 (ms)
2026-07-13 10:44:49,767 [INFO] Pass: FixedPoint - 0.00453 (ms)
2026-07-13 10:44:49,767 [INFO] Pass: Optimize1qGatesDecomposition - 1.07861 (ms)
2026-07-13 10:44:49,767 [INFO] Pass: Depth - 0.14758 (ms)
2026-07-13 10:44:49,767 [INFO] Pass: FixedPoint - 0.00596 (ms)
2026-07-13 10:44:49,767 [INFO] Pass: InverseCancellation - 0.14615 (ms)
2026-07-13 10:44:49,767 [INFO] Pass: Size - 0.05484 (ms)
2026-07-13 10:44:49,767 [INFO] Pass: FixedPoint - 0.00405 (ms)
2026-07-13 10:44:49,767 [INFO] Pass: ContainsInstruction - 0.00525 (ms)
2026-07-13 10:44:49,768 [INFO] Pass: GatesInBasis - 0.69070 (ms)
2026-07-13 10:44:49,768 [INFO] Pass: Depth - 0.14639 (ms)
2026-07-13 10:44:49,768 [INFO] Pass: HighLevelSynthesis - 1.21331 (ms)
2026-07-13 10:44:49,768 [INFO] Pass: FixedPoint - 0.01001 (ms)
2026-07-13 10:44:49,768 [INFO] Pass: Size - 0.05507 (ms)
2026-07-13 10:44:49,768 [INFO] Pass: FixedPoint - 0.00429 (ms)
2026-07-13 10:44:49,768 [INFO] Pass: ContainsInstruction - 0.00477 (ms)
2026-07-13 10:44:49,768 [INFO] Pass: GatesInBasis - 0.77987 (ms)
2026-07-13 10:44:49,768 [INFO] Pass: Optimize1qGatesDecomposition - 1.07813 (ms)
2026-07-13 10:44:49,768 [INFO] Pass: Depth - 0.14710 (ms)
2026-07-13 10:44:49,768 [INFO] Pass: InverseCancellation - 0.14591 (ms)
2026-07-13 10:44:49,768 [INFO] Pass: FixedPoint - 0.00572 (ms)
2026-07-13 10:44:49,768 [INFO] Pass: ContainsInstruction - 0.00787 (ms)
2026-07-13 10:44:49,769 [INFO] Pass: Size - 0.05579 (ms)
2026-07-13 10:44:49,769 [INFO] Pass: FixedPoint - 0.00405 (ms)
2026-07-13 10:44:49,769 [INFO] Pass: ContainsInstruction - 0.00525 (ms)
2026-07-13 10:44:49,769 [INFO] Total Transpile Time - 63.29346 (ms)
2026-07-13 10:44:49,769 [INFO] Pass: BasisTranslator - 0.65804 (ms)
2026-07-13 10:44:49,769 [INFO] Pass: InverseCancellation - 0.16236 (ms)
2026-07-13 10:44:49,769 [INFO] Pass: UnitarySynthesis - 0.00453 (ms)
2026-07-13 10:44:49,769 [INFO] Pass: Depth - 0.15140 (ms)
2026-07-13 10:44:49,769 [INFO] Pass: FixedPoint - 0.00668 (ms)
2026-07-13 10:44:49,769 [INFO] Pass: Size - 0.05865 (ms)
2026-07-13 10:44:49,769 [INFO] Pass: FixedPoint - 0.00429 (ms)
2026-07-13 10:44:49,769 [INFO] Pass: ContainsInstruction - 0.00811 (ms)
2026-07-13 10:44:49,769 [INFO] Pass: GatesInBasis - 0.69928 (ms)
2026-07-13 10:44:49,769 [INFO] Total Transpile Time - 63.16638 (ms)
2026-07-13 10:44:49,769 [INFO] Pass: InverseCancellation - 0.16427 (ms)
2026-07-13 10:44:49,769 [INFO] Pass: Depth - 0.14615 (ms)
2026-07-13 10:44:49,769 [INFO] Pass: UnitarySynthesis - 0.00453 (ms)
2026-07-13 10:44:49,769 [INFO] Pass: FixedPoint - 0.00525 (ms)
2026-07-13 10:44:49,769 [INFO] Pass: Size - 0.05388 (ms)
2026-07-13 10:44:49,770 [INFO] Pass: FixedPoint - 0.00429 (ms)
2026-07-13 10:44:49,770 [INFO] Pass: ContainsInstruction - 0.00525 (ms)
2026-07-13 10:44:49,770 [INFO] Total Transpile Time - 63.51638 (ms)
2026-07-13 10:44:49,770 [INFO] Pass: HighLevelSynthesis - 1.21856 (ms)
2026-07-13 10:44:49,770 [INFO] Pass: Optimize1qGatesDecomposition - 1.11961 (ms)
2026-07-13 10:44:49,770 [INFO] Pass: InverseCancellation - 0.14710 (ms)
2026-07-13 10:44:49,771 [INFO] Pass: HighLevelSynthesis - 1.21355 (ms)
2026-07-13 10:44:49,771 [INFO] Total Transpile Time - 63.25197 (ms)
2026-07-13 10:44:49,771 [INFO] Pass: BasisTranslator - 0.65446 (ms)
2026-07-13 10:44:49,771 [INFO] Pass: Depth - 0.15378 (ms)
2026-07-13 10:44:49,771 [INFO] Pass: FixedPoint - 0.00811 (ms)
2026-07-13 10:44:49,771 [INFO] Pass: Size - 0.05627 (ms)
2026-07-13 10:44:49,771 [INFO] Pass: ContainsInstruction - 0.00739 (ms)
2026-07-13 10:44:49,771 [INFO] Pass: FixedPoint - 0.00405 (ms)
2026-07-13 10:44:49,771 [INFO] Pass: GatesInBasis - 0.76318 (ms)
2026-07-13 10:44:49,771 [INFO] Pass: InverseCancellation - 0.16427 (ms)
2026-07-13 10:44:49,771 [INFO] Pass: UnitarySynthesis - 0.00429 (ms)
2026-07-13 10:44:49,771 [INFO] Pass: Depth - 0.14758 (ms)
2026-07-13 10:44:49,771 [INFO] Pass: FixedPoint - 0.00596 (ms)
2026-07-13 10:44:49,771 [INFO] Pass: BasisTranslator - 0.80848 (ms)
2026-07-13 10:44:49,772 [INFO] Pass: Size - 0.05412 (ms)
2026-07-13 10:44:49,772 [INFO] Pass: FixedPoint - 0.00453 (ms)
2026-07-13 10:44:49,772 [INFO] Pass: ContainsInstruction - 0.00525 (ms)
2026-07-13 10:44:49,772 [INFO] Pass: Depth - 0.15497 (ms)
2026-07-13 10:44:49,772 [INFO] Pass: FixedPoint - 0.00715 (ms)
2026-07-13 10:44:49,772 [INFO] Pass: Size - 0.05603 (ms)
2026-07-13 10:44:49,772 [INFO] Pass: FixedPoint - 0.00453 (ms)
2026-07-13 10:44:49,772 [INFO] Pass: Optimize1qGatesDecomposition - 1.08027 (ms)
2026-07-13 10:44:49,772 [INFO] Pass: InverseCancellation - 0.14710 (ms)
2026-07-13 10:44:49,773 [INFO] Pass: HighLevelSynthesis - 1.20163 (ms)
2026-07-13 10:44:49,773 [INFO] Total Transpile Time - 63.00068 (ms)
2026-07-13 10:44:49,773 [INFO] Pass: Optimize1qGatesDecomposition - 1.09410 (ms)
2026-07-13 10:44:49,773 [INFO] Pass: GatesInBasis - 0.69165 (ms)
2026-07-13 10:44:49,773 [INFO] Pass: InverseCancellation - 0.14806 (ms)
2026-07-13 10:44:49,773 [INFO] Pass: Depth - 0.14734 (ms)
2026-07-13 10:44:49,773 [INFO] Pass: FixedPoint - 0.00572 (ms)
2026-07-13 10:44:49,773 [INFO] Pass: BasisTranslator - 0.79894 (ms)
2026-07-13 10:44:49,773 [INFO] Pass: Size - 0.05412 (ms)
2026-07-13 10:44:49,774 [INFO] Pass: FixedPoint - 0.00453 (ms)
2026-07-13 10:44:49,774 [INFO] Pass: ContainsInstruction - 0.00477 (ms)
2026-07-13 10:44:49,774 [INFO] Pass: Depth - 0.15712 (ms)
2026-07-13 10:44:49,774 [INFO] Pass: FixedPoint - 0.00715 (ms)
2026-07-13 10:44:49,774 [INFO] Pass: Size - 0.05507 (ms)
2026-07-13 10:44:49,774 [INFO] Pass: FixedPoint - 0.00429 (ms)
2026-07-13 10:44:49,774 [INFO] Pass: GatesInBasis - 0.68569 (ms)
2026-07-13 10:44:49,774 [INFO] Pass: Depth - 0.14639 (ms)
2026-07-13 10:44:49,774 [INFO] Pass: FixedPoint - 0.00596 (ms)
2026-07-13 10:44:49,774 [INFO] Pass: Size - 0.05484 (ms)
2026-07-13 10:44:49,774 [INFO] Pass: FixedPoint - 0.00405 (ms)
2026-07-13 10:44:49,774 [INFO] Pass: ContainsInstruction - 0.00811 (ms)
2026-07-13 10:44:49,774 [INFO] Pass: ContainsInstruction - 0.00548 (ms)
2026-07-13 10:44:49,775 [INFO] Pass: InverseCancellation - 0.16141 (ms)
2026-07-13 10:44:49,775 [INFO] Pass: UnitarySynthesis - 0.00453 (ms)
2026-07-13 10:44:49,775 [INFO] Total Transpile Time - 63.30752 (ms)
2026-07-13 10:44:49,775 [INFO] Pass: Optimize1qGatesDecomposition - 1.08385 (ms)
2026-07-13 10:44:49,775 [INFO] Pass: InverseCancellation - 0.14853 (ms)
2026-07-13 10:44:49,775 [INFO] Total Transpile Time - 63.36164 (ms)
2026-07-13 10:44:49,776 [INFO] Pass: HighLevelSynthesis - 1.21403 (ms)
2026-07-13 10:44:49,776 [INFO] Pass: GatesInBasis - 0.69404 (ms)
2026-07-13 10:44:49,776 [INFO] Pass: Depth - 0.15140 (ms)
2026-07-13 10:44:49,776 [INFO] Pass: FixedPoint - 0.00596 (ms)
2026-07-13 10:44:49,776 [INFO] Pass: Size - 0.05436 (ms)
2026-07-13 10:44:49,776 [INFO] Pass: FixedPoint - 0.00405 (ms)
2026-07-13 10:44:49,776 [INFO] Pass: ContainsInstruction - 0.00525 (ms)
2026-07-13 10:44:49,777 [INFO] Pass: BasisTranslator - 0.66113 (ms)
2026-07-13 10:44:49,777 [INFO] Pass: Depth - 0.15473 (ms)
2026-07-13 10:44:49,777 [INFO] Pass: FixedPoint - 0.00739 (ms)
2026-07-13 10:44:49,777 [INFO] Pass: Size - 0.05627 (ms)
2026-07-13 10:44:49,777 [INFO] Pass: FixedPoint - 0.00429 (ms)
2026-07-13 10:44:49,777 [INFO] Total Transpile Time - 63.16781 (ms)
2026-07-13 10:44:49,778 [INFO] Pass: Optimize1qGatesDecomposition - 1.07694 (ms)
2026-07-13 10:44:49,778 [INFO] Pass: InverseCancellation - 0.14639 (ms)
2026-07-13 10:44:49,779 [INFO] Pass: ContainsInstruction - 0.00763 (ms)
2026-07-13 10:44:49,779 [INFO] Pass: InverseCancellation - 0.16260 (ms)
2026-07-13 10:44:49,779 [INFO] Pass: UnitarySynthesis - 0.00477 (ms)
2026-07-13 10:44:49,779 [INFO] Pass: GatesInBasis - 0.78344 (ms)
2026-07-13 10:44:49,779 [INFO] Pass: Depth - 0.14830 (ms)
2026-07-13 10:44:49,779 [INFO] Pass: FixedPoint - 0.00548 (ms)
2026-07-13 10:44:49,779 [INFO] Pass: Size - 0.05436 (ms)
2026-07-13 10:44:49,779 [INFO] Pass: FixedPoint - 0.00405 (ms)
2026-07-13 10:44:49,779 [INFO] Pass: ContainsInstruction - 0.00525 (ms)
2026-07-13 10:44:49,780 [INFO] Pass: HighLevelSynthesis - 1.21713 (ms)
2026-07-13 10:44:49,781 [INFO] Total Transpile Time - 63.17449 (ms)
2026-07-13 10:44:49,781 [INFO] Pass: ContainsInstruction - 0.00787 (ms)
2026-07-13 10:44:49,781 [INFO] Pass: BasisTranslator - 0.79274 (ms)
2026-07-13 10:44:49,781 [INFO] Pass: InverseCancellation - 0.16117 (ms)
2026-07-13 10:44:49,781 [INFO] Pass: UnitarySynthesis - 0.00477 (ms)
2026-07-13 10:44:49,781 [INFO] Pass: Depth - 0.15616 (ms)
2026-07-13 10:44:49,781 [INFO] Pass: FixedPoint - 0.00763 (ms)
2026-07-13 10:44:49,781 [INFO] Pass: Size - 0.05579 (ms)
2026-07-13 10:44:49,781 [INFO] Pass: FixedPoint - 0.00429 (ms)
2026-07-13 10:44:49,783 [INFO] Pass: HighLevelSynthesis - 1.22118 (ms)
2026-07-13 10:44:49,783 [INFO] Pass: Optimize1qGatesDecomposition - 1.08123 (ms)
2026-07-13 10:44:49,783 [INFO] Pass: InverseCancellation - 0.14806 (ms)
2026-07-13 10:44:49,783 [INFO] Pass: BasisTranslator - 0.66566 (ms)
2026-07-13 10:44:49,783 [INFO] Pass: ContainsInstruction - 0.00930 (ms)
2026-07-13 10:44:49,783 [INFO] Pass: Depth - 0.15783 (ms)
2026-07-13 10:44:49,783 [INFO] Pass: FixedPoint - 0.00668 (ms)
2026-07-13 10:44:49,783 [INFO] Pass: InverseCancellation - 0.16117 (ms)
2026-07-13 10:44:49,784 [INFO] Pass: GatesInBasis - 0.69642 (ms)
2026-07-13 10:44:49,784 [INFO] Pass: UnitarySynthesis - 0.00477 (ms)
2026-07-13 10:44:49,784 [INFO] Pass: Size - 0.05507 (ms)
2026-07-13 10:44:49,784 [INFO] Pass: FixedPoint - 0.00429 (ms)
2026-07-13 10:44:49,784 [INFO] Pass: Depth - 0.14591 (ms)
2026-07-13 10:44:49,784 [INFO] Pass: FixedPoint - 0.00548 (ms)
2026-07-13 10:44:49,784 [INFO] Pass: Size - 0.05460 (ms)
2026-07-13 10:44:49,784 [INFO] Pass: FixedPoint - 0.00381 (ms)
2026-07-13 10:44:49,784 [INFO] Pass: ContainsInstruction - 0.00525 (ms)
2026-07-13 10:44:49,785 [INFO] Pass: Optimize1qGatesDecomposition - 1.07121 (ms)
2026-07-13 10:44:49,785 [INFO] Pass: HighLevelSynthesis - 1.22929 (ms)
2026-07-13 10:44:49,785 [INFO] Pass: InverseCancellation - 0.14591 (ms)
2026-07-13 10:44:49,785 [INFO] Total Transpile Time - 63.37762 (ms)
2026-07-13 10:44:49,786 [INFO] Pass: BasisTranslator - 0.79417 (ms)
2026-07-13 10:44:49,786 [INFO] Pass: GatesInBasis - 0.70214 (ms)
2026-07-13 10:44:49,786 [INFO] Pass: Depth - 0.14734 (ms)
2026-07-13 10:44:49,786 [INFO] Pass: Depth - 0.15497 (ms)
2026-07-13 10:44:49,786 [INFO] Pass: FixedPoint - 0.00548 (ms)
2026-07-13 10:44:49,786 [INFO] Pass: FixedPoint - 0.00739 (ms)
2026-07-13 10:44:49,786 [INFO] Pass: Size - 0.05841 (ms)
2026-07-13 10:44:49,786 [INFO] Pass: Size - 0.06151 (ms)
2026-07-13 10:44:49,786 [INFO] Pass: FixedPoint - 0.00429 (ms)
2026-07-13 10:44:49,786 [INFO] Pass: FixedPoint - 0.00429 (ms)
2026-07-13 10:44:49,786 [INFO] Pass: ContainsInstruction - 0.00525 (ms)
2026-07-13 10:44:49,787 [INFO] Pass: ContainsInstruction - 0.00739 (ms)
2026-07-13 10:44:49,787 [INFO] Pass: Optimize1qGatesDecomposition - 1.07527 (ms)
2026-07-13 10:44:49,787 [INFO] Total Transpile Time - 63.16781 (ms)
2026-07-13 10:44:49,787 [INFO] Pass: InverseCancellation - 0.16356 (ms)
2026-07-13 10:44:49,787 [INFO] Pass: InverseCancellation - 0.14734 (ms)
2026-07-13 10:44:49,787 [INFO] Pass: UnitarySynthesis - 0.00525 (ms)
2026-07-13 10:44:49,788 [INFO] Pass: GatesInBasis - 0.69118 (ms)
2026-07-13 10:44:49,788 [INFO] Pass: Depth - 0.14520 (ms)
2026-07-13 10:44:49,788 [INFO] Pass: FixedPoint - 0.00572 (ms)
2026-07-13 10:44:49,788 [INFO] Pass: Size - 0.05484 (ms)
2026-07-13 10:44:49,788 [INFO] Pass: FixedPoint - 0.00453 (ms)
2026-07-13 10:44:49,788 [INFO] Pass: ContainsInstruction - 0.00548 (ms)
2026-07-13 10:44:49,789 [INFO] Pass: HighLevelSynthesis - 1.21737 (ms)
2026-07-13 10:44:49,789 [INFO] Pass: BasisTranslator - 0.79513 (ms)
2026-07-13 10:44:49,790 [INFO] Total Transpile Time - 63.27796 (ms)
2026-07-13 10:44:49,790 [INFO] Pass: Depth - 0.15426 (ms)
2026-07-13 10:44:49,790 [INFO] Pass: FixedPoint - 0.00691 (ms)
2026-07-13 10:44:49,790 [INFO] Pass: Size - 0.05460 (ms)
2026-07-13 10:44:49,790 [INFO] Pass: FixedPoint - 0.00453 (ms)
2026-07-13 10:44:49,791 [INFO] Pass: Optimize1qGatesDecomposition - 1.07646 (ms)
2026-07-13 10:44:49,791 [INFO] Pass: InverseCancellation - 0.14591 (ms)
2026-07-13 10:44:49,792 [INFO] Pass: GatesInBasis - 0.69189 (ms)
2026-07-13 10:44:49,792 [INFO] Pass: Depth - 0.14472 (ms)
2026-07-13 10:44:49,792 [INFO] Pass: FixedPoint - 0.00548 (ms)
2026-07-13 10:44:49,792 [INFO] Pass: Size - 0.05412 (ms)
2026-07-13 10:44:49,792 [INFO] Pass: FixedPoint - 0.00405 (ms)
2026-07-13 10:44:49,792 [INFO] Pass: ContainsInstruction - 0.00501 (ms)
2026-07-13 10:44:49,793 [INFO] Total Transpile Time - 63.15494 (ms)
2026-07-13 10:44:49,807 [INFO] Pass: ContainsInstruction - 0.00715 (ms)
2026-07-13 10:44:49,807 [INFO] Pass: InverseCancellation - 0.16403 (ms)
2026-07-13 10:44:49,807 [INFO] Pass: UnitarySynthesis - 0.00477 (ms)
2026-07-13 10:44:49,808 [INFO] Pass: HighLevelSynthesis - 1.20711 (ms)
2026-07-13 10:44:49,809 [INFO] Pass: BasisTranslator - 0.80156 (ms)
2026-07-13 10:44:49,810 [INFO] Pass: Depth - 0.15640 (ms)
2026-07-13 10:44:49,810 [INFO] Pass: FixedPoint - 0.00691 (ms)
2026-07-13 10:44:49,810 [INFO] Pass: Size - 0.05531 (ms)
2026-07-13 10:44:49,810 [INFO] Pass: FixedPoint - 0.00429 (ms)
2026-07-13 10:44:49,811 [INFO] Pass: Optimize1qGatesDecomposition - 1.07336 (ms)
2026-07-13 10:44:49,811 [INFO] Pass: InverseCancellation - 0.15306 (ms)
2026-07-13 10:44:49,812 [INFO] Pass: GatesInBasis - 0.68760 (ms)
2026-07-13 10:44:49,812 [INFO] Pass: Depth - 0.14639 (ms)
2026-07-13 10:44:49,812 [INFO] Pass: FixedPoint - 0.01025 (ms)
2026-07-13 10:44:49,812 [INFO] Pass: Size - 0.05412 (ms)
2026-07-13 10:44:49,812 [INFO] Pass: FixedPoint - 0.00405 (ms)
2026-07-13 10:44:49,812 [INFO] Pass: ContainsInstruction - 0.00453 (ms)
2026-07-13 10:44:49,813 [INFO] Total Transpile Time - 62.93511 (ms)
2026-07-13 10:44:49,818 [INFO] Pass: ContainsInstruction - 0.00739 (ms)
2026-07-13 10:44:49,819 [INFO] Pass: InverseCancellation - 0.16165 (ms)
2026-07-13 10:44:49,819 [INFO] Pass: UnitarySynthesis - 0.00453 (ms)
2026-07-13 10:44:49,820 [INFO] Pass: HighLevelSynthesis - 1.22356 (ms)
2026-07-13 10:44:49,821 [INFO] Pass: BasisTranslator - 0.79608 (ms)
2026-07-13 10:44:49,821 [INFO] Pass: Depth - 0.15712 (ms)
2026-07-13 10:44:49,821 [INFO] Pass: FixedPoint - 0.00668 (ms)
2026-07-13 10:44:49,821 [INFO] Pass: Size - 0.05555 (ms)
2026-07-13 10:44:49,821 [INFO] Pass: FixedPoint - 0.00453 (ms)
2026-07-13 10:44:49,822 [INFO] Pass: ContainsInstruction - 0.00858 (ms)
2026-07-13 10:44:49,822 [INFO] Pass: Optimize1qGatesDecomposition - 1.07217 (ms)
2026-07-13 10:44:49,822 [INFO] Pass: InverseCancellation - 0.16427 (ms)
2026-07-13 10:44:49,822 [INFO] Pass: UnitarySynthesis - 0.00453 (ms)
2026-07-13 10:44:49,822 [INFO] Pass: InverseCancellation - 0.14663 (ms)
2026-07-13 10:44:49,823 [INFO] Pass: GatesInBasis - 0.69475 (ms)
2026-07-13 10:44:49,823 [INFO] Pass: Depth - 0.14520 (ms)
2026-07-13 10:44:49,823 [INFO] Pass: FixedPoint - 0.00525 (ms)
2026-07-13 10:44:49,824 [INFO] Pass: Size - 0.05579 (ms)
2026-07-13 10:44:49,824 [INFO] Pass: FixedPoint - 0.00429 (ms)
2026-07-13 10:44:49,824 [INFO] Pass: ContainsInstruction - 0.00525 (ms)
2026-07-13 10:44:49,824 [INFO] Pass: HighLevelSynthesis - 1.27459 (ms)
2026-07-13 10:44:49,824 [INFO] Pass: BasisTranslator - 0.69380 (ms)
2026-07-13 10:44:49,825 [INFO] Pass: Depth - 0.16093 (ms)
2026-07-13 10:44:49,825 [INFO] Pass: FixedPoint - 0.00691 (ms)
2026-07-13 10:44:49,825 [INFO] Pass: Size - 0.05722 (ms)
2026-07-13 10:44:49,825 [INFO] Total Transpile Time - 62.86550 (ms)
2026-07-13 10:44:49,825 [INFO] Pass: FixedPoint - 0.00405 (ms)
2026-07-13 10:44:49,826 [INFO] Pass: ContainsInstruction - 0.00691 (ms)
2026-07-13 10:44:49,826 [INFO] Pass: InverseCancellation - 0.16284 (ms)
2026-07-13 10:44:49,826 [INFO] Pass: UnitarySynthesis - 0.00429 (ms)
2026-07-13 10:44:49,826 [INFO] Pass: Optimize1qGatesDecomposition - 1.19019 (ms)
2026-07-13 10:44:49,826 [INFO] Pass: InverseCancellation - 0.00763 (ms)
2026-07-13 10:44:49,826 [INFO] Pass: ContainsInstruction - 0.00739 (ms)
2026-07-13 10:44:49,827 [INFO] Pass: InverseCancellation - 0.16594 (ms)
2026-07-13 10:44:49,827 [INFO] Pass: UnitarySynthesis - 0.00429 (ms)
2026-07-13 10:44:49,827 [INFO] Pass: GatesInBasis - 0.67568 (ms)
2026-07-13 10:44:49,827 [INFO] Pass: Depth - 0.15521 (ms)
2026-07-13 10:44:49,827 [INFO] Pass: ContainsInstruction - 0.00668 (ms)
2026-07-13 10:44:49,827 [INFO] Pass: FixedPoint - 0.00548 (ms)
2026-07-13 10:44:49,827 [INFO] Pass: Size - 0.05412 (ms)
2026-07-13 10:44:49,827 [INFO] Pass: FixedPoint - 0.00381 (ms)
2026-07-13 10:44:49,827 [INFO] Pass: HighLevelSynthesis - 1.30272 (ms)
2026-07-13 10:44:49,827 [INFO] Pass: InverseCancellation - 0.16618 (ms)
2026-07-13 10:44:49,827 [INFO] Pass: UnitarySynthesis - 0.00477 (ms)
2026-07-13 10:44:49,828 [INFO] Pass: ContainsInstruction - 0.00739 (ms)
2026-07-13 10:44:49,828 [INFO] Pass: BasisTranslator - 0.67854 (ms)
2026-07-13 10:44:49,828 [INFO] Pass: InverseCancellation - 0.17047 (ms)
2026-07-13 10:44:49,828 [INFO] Pass: UnitarySynthesis - 0.00477 (ms)
2026-07-13 10:44:49,828 [INFO] Pass: HighLevelSynthesis - 1.28555 (ms)
2026-07-13 10:44:49,828 [INFO] Pass: Depth - 0.16284 (ms)
2026-07-13 10:44:49,828 [INFO] Pass: FixedPoint - 0.00644 (ms)
2026-07-13 10:44:49,828 [INFO] Pass: Optimize1qGatesDecomposition - 0.99158 (ms)
2026-07-13 10:44:49,828 [INFO] Pass: InverseCancellation - 0.00739 (ms)
2026-07-13 10:44:49,828 [INFO] Pass: Size - 0.05794 (ms)
2026-07-13 10:44:49,828 [INFO] Pass: FixedPoint - 0.00429 (ms)
2026-07-13 10:44:49,829 [INFO] Pass: HighLevelSynthesis - 1.30153 (ms)
2026-07-13 10:44:49,829 [INFO] Pass: BasisTranslator - 0.68831 (ms)
2026-07-13 10:44:49,829 [INFO] Pass: Depth - 0.16642 (ms)
2026-07-13 10:44:49,829 [INFO] Pass: GatesInBasis - 0.72503 (ms)
2026-07-13 10:44:49,829 [INFO] Pass: FixedPoint - 0.00691 (ms)
2026-07-13 10:44:49,829 [INFO] Pass: Size - 0.05841 (ms)
2026-07-13 10:44:49,829 [INFO] Pass: FixedPoint - 0.00405 (ms)
2026-07-13 10:44:49,829 [INFO] Pass: Depth - 0.14806 (ms)
2026-07-13 10:44:49,829 [INFO] Pass: FixedPoint - 0.00572 (ms)
2026-07-13 10:44:49,829 [INFO] Pass: Size - 0.05484 (ms)
2026-07-13 10:44:49,829 [INFO] Pass: FixedPoint - 0.00405 (ms)
2026-07-13 10:44:49,829 [INFO] Pass: HighLevelSynthesis - 1.29390 (ms)
2026-07-13 10:44:49,829 [INFO] Pass: ContainsInstruction - 0.00525 (ms)
2026-07-13 10:44:49,830 [INFO] Pass: BasisTranslator - 0.82779 (ms)
2026-07-13 10:44:49,830 [INFO] Pass: Optimize1qGatesDecomposition - 1.19233 (ms)
2026-07-13 10:44:49,830 [INFO] Pass: InverseCancellation - 0.00763 (ms)
2026-07-13 10:44:49,830 [INFO] Pass: ContainsInstruction - 0.00691 (ms)
2026-07-13 10:44:49,830 [INFO] Pass: Depth - 0.16403 (ms)
2026-07-13 10:44:49,830 [INFO] Pass: FixedPoint - 0.00715 (ms)
2026-07-13 10:44:49,830 [INFO] Pass: InverseCancellation - 0.16212 (ms)
2026-07-13 10:44:49,830 [INFO] Pass: Size - 0.05794 (ms)
2026-07-13 10:44:49,830 [INFO] Pass: FixedPoint - 0.00453 (ms)
2026-07-13 10:44:49,830 [INFO] Pass: UnitarySynthesis - 0.00453 (ms)
2026-07-13 10:44:49,830 [INFO] Pass: BasisTranslator - 0.69666 (ms)
2026-07-13 10:44:49,830 [INFO] Pass: GatesInBasis - 0.68283 (ms)
2026-07-13 10:44:49,830 [INFO] Pass: Depth - 0.16236 (ms)
2026-07-13 10:44:49,830 [INFO] Pass: FixedPoint - 0.00715 (ms)
2026-07-13 10:44:49,830 [INFO] Pass: Optimize1qGatesDecomposition - 1.19066 (ms)
2026-07-13 10:44:49,830 [INFO] Pass: Size - 0.05770 (ms)
2026-07-13 10:44:49,830 [INFO] Pass: InverseCancellation - 0.00834 (ms)
2026-07-13 10:44:49,830 [INFO] Pass: FixedPoint - 0.00429 (ms)
2026-07-13 10:44:49,830 [INFO] Pass: Depth - 0.14949 (ms)
2026-07-13 10:44:49,831 [INFO] Pass: FixedPoint - 0.00548 (ms)
2026-07-13 10:44:49,831 [INFO] Total Transpile Time - 65.21249 (ms)
2026-07-13 10:44:49,831 [INFO] Pass: Size - 0.05341 (ms)
2026-07-13 10:44:49,831 [INFO] Pass: FixedPoint - 0.00405 (ms)
2026-07-13 10:44:49,831 [INFO] Pass: Optimize1qGatesDecomposition - 1.19758 (ms)
2026-07-13 10:44:49,831 [INFO] Pass: GatesInBasis - 0.68116 (ms)
2026-07-13 10:44:49,831 [INFO] Pass: InverseCancellation - 0.00858 (ms)
2026-07-13 10:44:49,831 [INFO] Pass: HighLevelSynthesis - 1.29080 (ms)
2026-07-13 10:44:49,831 [INFO] Pass: Depth - 0.14877 (ms)
2026-07-13 10:44:49,831 [INFO] Pass: FixedPoint - 0.00548 (ms)
2026-07-13 10:44:49,831 [INFO] Pass: Size - 0.05651 (ms)
2026-07-13 10:44:49,832 [INFO] Pass: FixedPoint - 0.00405 (ms)
2026-07-13 10:44:49,832 [INFO] Pass: Optimize1qGatesDecomposition - 0.99134 (ms)
2026-07-13 10:44:49,832 [INFO] Pass: ContainsInstruction - 0.00763 (ms)
2026-07-13 10:44:49,832 [INFO] Pass: Optimize1qGatesDecomposition - 1.19305 (ms)
2026-07-13 10:44:49,832 [INFO] Pass: InverseCancellation - 0.00691 (ms)
2026-07-13 10:44:49,832 [INFO] Pass: InverseCancellation - 0.00834 (ms)
2026-07-13 10:44:49,832 [INFO] Pass: GatesInBasis - 0.67902 (ms)
2026-07-13 10:44:49,832 [INFO] Pass: InverseCancellation - 0.16403 (ms)
2026-07-13 10:44:49,832 [INFO] Pass: UnitarySynthesis - 0.00453 (ms)
2026-07-13 10:44:49,832 [INFO] Pass: BasisTranslator - 0.82493 (ms)
2026-07-13 10:44:49,832 [INFO] Pass: Depth - 0.14901 (ms)
2026-07-13 10:44:49,832 [INFO] Pass: FixedPoint - 0.00525 (ms)
2026-07-13 10:44:49,832 [INFO] Pass: Size - 0.05460 (ms)
2026-07-13 10:44:49,832 [INFO] Pass: FixedPoint - 0.00405 (ms)
2026-07-13 10:44:49,832 [INFO] Pass: Depth - 0.16117 (ms)
2026-07-13 10:44:49,832 [INFO] Pass: FixedPoint - 0.00739 (ms)
2026-07-13 10:44:49,832 [INFO] Pass: Size - 0.05794 (ms)
2026-07-13 10:44:49,832 [INFO] Pass: FixedPoint - 0.00429 (ms)
2026-07-13 10:44:49,832 [INFO] Pass: ContainsInstruction - 0.00763 (ms)
2026-07-13 10:44:49,833 [INFO] Pass: GatesInBasis - 0.68855 (ms)
2026-07-13 10:44:49,833 [INFO] Pass: GatesInBasis - 0.73719 (ms)
2026-07-13 10:44:49,833 [INFO] Pass: Optimize1qGatesDecomposition - 0.98896 (ms)
2026-07-13 10:44:49,833 [INFO] Pass: InverseCancellation - 0.00739 (ms)
2026-07-13 10:44:49,833 [INFO] Pass: Depth - 0.15187 (ms)
2026-07-13 10:44:49,833 [INFO] Pass: Depth - 0.14615 (ms)
2026-07-13 10:44:49,833 [INFO] Pass: InverseCancellation - 0.16618 (ms)
2026-07-13 10:44:49,833 [INFO] Pass: FixedPoint - 0.00548 (ms)
2026-07-13 10:44:49,833 [INFO] Pass: FixedPoint - 0.00548 (ms)
2026-07-13 10:44:49,833 [INFO] Pass: UnitarySynthesis - 0.00477 (ms)
2026-07-13 10:44:49,833 [INFO] Pass: Size - 0.05460 (ms)
2026-07-13 10:44:49,833 [INFO] Pass: Size - 0.05436 (ms)
2026-07-13 10:44:49,833 [INFO] Pass: FixedPoint - 0.00453 (ms)
2026-07-13 10:44:49,833 [INFO] Pass: FixedPoint - 0.00429 (ms)
2026-07-13 10:44:49,833 [INFO] Pass: ContainsInstruction - 0.00548 (ms)
2026-07-13 10:44:49,833 [INFO] Pass: Optimize1qGatesDecomposition - 0.98658 (ms)
2026-07-13 10:44:49,833 [INFO] Pass: HighLevelSynthesis - 1.28508 (ms)
2026-07-13 10:44:49,833 [INFO] Pass: InverseCancellation - 0.00787 (ms)
2026-07-13 10:44:49,833 [INFO] Pass: GatesInBasis - 0.74124 (ms)
2026-07-13 10:44:49,834 [INFO] Pass: Depth - 0.14639 (ms)
2026-07-13 10:44:49,834 [INFO] Pass: FixedPoint - 0.00501 (ms)
2026-07-13 10:44:49,834 [INFO] Pass: Size - 0.05388 (ms)
2026-07-13 10:44:49,834 [INFO] Pass: FixedPoint - 0.00429 (ms)
2026-07-13 10:44:49,834 [INFO] Pass: Optimize1qGatesDecomposition - 1.20234 (ms)
2026-07-13 10:44:49,834 [INFO] Pass: ContainsInstruction - 0.00572 (ms)
2026-07-13 10:44:49,834 [INFO] Pass: InverseCancellation - 0.00811 (ms)
2026-07-13 10:44:49,834 [INFO] Pass: Optimize1qGatesDecomposition - 0.99421 (ms)
2026-07-13 10:44:49,834 [INFO] Pass: InverseCancellation - 0.00715 (ms)
2026-07-13 10:44:49,834 [INFO] Total Transpile Time - 65.38630 (ms)
2026-07-13 10:44:49,834 [INFO] Pass: GatesInBasis - 0.66972 (ms)
2026-07-13 10:44:49,834 [INFO] Pass: BasisTranslator - 0.71263 (ms)
2026-07-13 10:44:49,834 [INFO] Pass: HighLevelSynthesis - 1.29557 (ms)
2026-07-13 10:44:49,834 [INFO] Pass: ContainsInstruction - 0.00715 (ms)
2026-07-13 10:44:49,834 [INFO] Pass: Depth - 0.14639 (ms)
2026-07-13 10:44:49,834 [INFO] Pass: Depth - 0.16522 (ms)
2026-07-13 10:44:49,834 [INFO] Pass: FixedPoint - 0.00525 (ms)
2026-07-13 10:44:49,834 [INFO] Pass: FixedPoint - 0.00668 (ms)
2026-07-13 10:44:49,834 [INFO] Pass: Size - 0.05460 (ms)
2026-07-13 10:44:49,834 [INFO] Pass: Size - 0.05817 (ms)
2026-07-13 10:44:49,834 [INFO] Pass: FixedPoint - 0.00405 (ms)
2026-07-13 10:44:49,834 [INFO] Pass: FixedPoint - 0.00429 (ms)
2026-07-13 10:44:49,834 [INFO] Pass: ContainsInstruction - 0.00501 (ms)
2026-07-13 10:44:49,834 [INFO] Pass: InverseCancellation - 0.16427 (ms)
2026-07-13 10:44:49,835 [INFO] Pass: GatesInBasis - 0.68235 (ms)
2026-07-13 10:44:49,835 [INFO] Pass: UnitarySynthesis - 0.00477 (ms)
2026-07-13 10:44:49,835 [INFO] Pass: Depth - 0.14997 (ms)
2026-07-13 10:44:49,835 [INFO] Pass: GatesInBasis - 0.74291 (ms)
2026-07-13 10:44:49,835 [INFO] Pass: FixedPoint - 0.00525 (ms)
2026-07-13 10:44:49,835 [INFO] Pass: Size - 0.05460 (ms)
2026-07-13 10:44:49,835 [INFO] Pass: FixedPoint - 0.00405 (ms)
2026-07-13 10:44:49,835 [INFO] Pass: Depth - 0.14806 (ms)
2026-07-13 10:44:49,835 [INFO] Total Transpile Time - 65.56106 (ms)
2026-07-13 10:44:49,835 [INFO] Pass: FixedPoint - 0.00572 (ms)
2026-07-13 10:44:49,835 [INFO] Pass: BasisTranslator - 0.85735 (ms)
2026-07-13 10:44:49,835 [INFO] Pass: Size - 0.05484 (ms)
2026-07-13 10:44:49,835 [INFO] Pass: FixedPoint - 0.00405 (ms)
2026-07-13 10:44:49,835 [INFO] Pass: ContainsInstruction - 0.00548 (ms)
2026-07-13 10:44:49,835 [INFO] Pass: Depth - 0.16499 (ms)
2026-07-13 10:44:49,835 [INFO] Pass: FixedPoint - 0.00668 (ms)
2026-07-13 10:44:49,835 [INFO] Pass: Size - 0.05817 (ms)
2026-07-13 10:44:49,835 [INFO] Pass: FixedPoint - 0.00429 (ms)
2026-07-13 10:44:49,836 [INFO] Total Transpile Time - 65.79494 (ms)
2026-07-13 10:44:49,836 [INFO] Pass: Optimize1qGatesDecomposition - 1.18685 (ms)
2026-07-13 10:44:49,836 [INFO] Pass: InverseCancellation - 0.00858 (ms)
2026-07-13 10:44:49,836 [INFO] Pass: HighLevelSynthesis - 1.28722 (ms)
2026-07-13 10:44:49,836 [INFO] Pass: Optimize1qGatesDecomposition - 0.99277 (ms)
2026-07-13 10:44:49,836 [INFO] Pass: InverseCancellation - 0.01144 (ms)
2026-07-13 10:44:49,836 [INFO] Total Transpile Time - 65.50860 (ms)
2026-07-13 10:44:49,836 [INFO] Pass: GatesInBasis - 0.68402 (ms)
2026-07-13 10:44:49,837 [INFO] Pass: Optimize1qGatesDecomposition - 1.19233 (ms)
2026-07-13 10:44:49,837 [INFO] Pass: Depth - 0.15116 (ms)
2026-07-13 10:44:49,837 [INFO] Pass: GatesInBasis - 0.66996 (ms)
2026-07-13 10:44:49,837 [INFO] Pass: FixedPoint - 0.00548 (ms)
2026-07-13 10:44:49,837 [INFO] Pass: InverseCancellation - 0.00811 (ms)
2026-07-13 10:44:49,837 [INFO] Pass: BasisTranslator - 0.84186 (ms)
2026-07-13 10:44:49,837 [INFO] Pass: Size - 0.05507 (ms)
2026-07-13 10:44:49,837 [INFO] Pass: FixedPoint - 0.00405 (ms)
2026-07-13 10:44:49,837 [INFO] Pass: Depth - 0.14496 (ms)
2026-07-13 10:44:49,837 [INFO] Pass: FixedPoint - 0.00501 (ms)
2026-07-13 10:44:49,837 [INFO] Pass: Depth - 0.16427 (ms)
2026-07-13 10:44:49,837 [INFO] Pass: Size - 0.05865 (ms)
2026-07-13 10:44:49,837 [INFO] Pass: FixedPoint - 0.00644 (ms)
2026-07-13 10:44:49,837 [INFO] Pass: FixedPoint - 0.00405 (ms)
2026-07-13 10:44:49,837 [INFO] Pass: ContainsInstruction - 0.00525 (ms)
2026-07-13 10:44:49,837 [INFO] Pass: Size - 0.05722 (ms)
2026-07-13 10:44:49,837 [INFO] Pass: FixedPoint - 0.00405 (ms)
2026-07-13 10:44:49,837 [INFO] Pass: GatesInBasis - 0.68569 (ms)
2026-07-13 10:44:49,838 [INFO] Pass: ContainsInstruction - 0.00715 (ms)
2026-07-13 10:44:49,838 [INFO] Pass: Depth - 0.15163 (ms)
2026-07-13 10:44:49,838 [INFO] Pass: FixedPoint - 0.00572 (ms)
2026-07-13 10:44:49,838 [INFO] Pass: Size - 0.05484 (ms)
2026-07-13 10:44:49,838 [INFO] Pass: FixedPoint - 0.00429 (ms)
2026-07-13 10:44:49,838 [INFO] Pass: InverseCancellation - 0.16356 (ms)
2026-07-13 10:44:49,838 [INFO] Pass: Optimize1qGatesDecomposition - 0.98395 (ms)
2026-07-13 10:44:49,838 [INFO] Pass: UnitarySynthesis - 0.00453 (ms)
2026-07-13 10:44:49,838 [INFO] Pass: InverseCancellation - 0.00668 (ms)
2026-07-13 10:44:49,838 [INFO] Total Transpile Time - 65.39702 (ms)
2026-07-13 10:44:49,838 [INFO] Pass: Optimize1qGatesDecomposition - 1.19352 (ms)
2026-07-13 10:44:49,838 [INFO] Pass: InverseCancellation - 0.00763 (ms)
2026-07-13 10:44:49,839 [INFO] Pass: GatesInBasis - 0.74053 (ms)
2026-07-13 10:44:49,839 [INFO] Pass: Optimize1qGatesDecomposition - 0.99969 (ms)
2026-07-13 10:44:49,839 [INFO] Pass: Depth - 0.14806 (ms)
2026-07-13 10:44:49,839 [INFO] Pass: InverseCancellation - 0.00811 (ms)
2026-07-13 10:44:49,839 [INFO] Pass: FixedPoint - 0.00477 (ms)
2026-07-13 10:44:49,839 [INFO] Pass: Size - 0.05817 (ms)
2026-07-13 10:44:49,839 [INFO] Pass: FixedPoint - 0.00405 (ms)
2026-07-13 10:44:49,839 [INFO] Pass: ContainsInstruction - 0.00572 (ms)
2026-07-13 10:44:49,839 [INFO] Pass: GatesInBasis - 0.68998 (ms)
2026-07-13 10:44:49,839 [INFO] Pass: HighLevelSynthesis - 1.27888 (ms)
2026-07-13 10:44:49,839 [INFO] Pass: Depth - 0.15092 (ms)
2026-07-13 10:44:49,839 [INFO] Pass: FixedPoint - 0.00525 (ms)
2026-07-13 10:44:49,839 [INFO] Pass: Size - 0.05436 (ms)
2026-07-13 10:44:49,839 [INFO] Pass: FixedPoint - 0.00405 (ms)
2026-07-13 10:44:49,840 [INFO] Pass: GatesInBasis - 0.67306 (ms)
2026-07-13 10:44:49,840 [INFO] Pass: Depth - 0.14496 (ms)
2026-07-13 10:44:49,840 [INFO] Pass: FixedPoint - 0.00453 (ms)
2026-07-13 10:44:49,840 [INFO] Pass: Size - 0.05484 (ms)
2026-07-13 10:44:49,840 [INFO] Pass: FixedPoint - 0.00381 (ms)
2026-07-13 10:44:49,840 [INFO] Pass: ContainsInstruction - 0.00572 (ms)
2026-07-13 10:44:49,840 [INFO] Pass: BasisTranslator - 0.84066 (ms)
2026-07-13 10:44:49,840 [INFO] Total Transpile Time - 65.41634 (ms)
2026-07-13 10:44:49,840 [INFO] Pass: Depth - 0.16260 (ms)
2026-07-13 10:44:49,840 [INFO] Pass: FixedPoint - 0.00715 (ms)
2026-07-13 10:44:49,840 [INFO] Pass: Size - 0.05913 (ms)
2026-07-13 10:44:49,840 [INFO] Pass: FixedPoint - 0.00429 (ms)
2026-07-13 10:44:49,841 [INFO] Pass: Optimize1qGatesDecomposition - 0.99707 (ms)
2026-07-13 10:44:49,841 [INFO] Pass: InverseCancellation - 0.00739 (ms)
2026-07-13 10:44:49,841 [INFO] Total Transpile Time - 65.57536 (ms)
2026-07-13 10:44:49,841 [INFO] Pass: GatesInBasis - 0.68021 (ms)
2026-07-13 10:44:49,842 [INFO] Pass: Depth - 0.14663 (ms)
2026-07-13 10:44:49,842 [INFO] Pass: FixedPoint - 0.00501 (ms)
2026-07-13 10:44:49,842 [INFO] Pass: Size - 0.05412 (ms)
2026-07-13 10:44:49,842 [INFO] Pass: FixedPoint - 0.00405 (ms)
2026-07-13 10:44:49,842 [INFO] Pass: ContainsInstruction - 0.00501 (ms)
2026-07-13 10:44:49,842 [INFO] Pass: Optimize1qGatesDecomposition - 1.19615 (ms)
2026-07-13 10:44:49,842 [INFO] Pass: InverseCancellation - 0.00834 (ms)
2026-07-13 10:44:49,842 [INFO] Pass: ContainsInstruction - 0.00882 (ms)
2026-07-13 10:44:49,842 [INFO] Pass: InverseCancellation - 0.16499 (ms)
2026-07-13 10:44:49,842 [INFO] Pass: UnitarySynthesis - 0.00501 (ms)
2026-07-13 10:44:49,842 [INFO] Pass: GatesInBasis - 0.69380 (ms)
2026-07-13 10:44:49,843 [INFO] Pass: Depth - 0.15116 (ms)
2026-07-13 10:44:49,843 [INFO] Pass: FixedPoint - 0.00572 (ms)
2026-07-13 10:44:49,843 [INFO] Pass: Size - 0.05484 (ms)
2026-07-13 10:44:49,843 [INFO] Total Transpile Time - 65.32550 (ms)
2026-07-13 10:44:49,843 [INFO] Pass: FixedPoint - 0.00429 (ms)
2026-07-13 10:44:49,844 [INFO] Pass: HighLevelSynthesis - 1.29128 (ms)
2026-07-13 10:44:49,844 [INFO] Pass: Optimize1qGatesDecomposition - 0.99206 (ms)
2026-07-13 10:44:49,844 [INFO] Pass: InverseCancellation - 0.00739 (ms)
2026-07-13 10:44:49,844 [INFO] Pass: ContainsInstruction - 0.00787 (ms)
2026-07-13 10:44:49,844 [INFO] Pass: InverseCancellation - 0.16642 (ms)
2026-07-13 10:44:49,845 [INFO] Pass: UnitarySynthesis - 0.00477 (ms)
2026-07-13 10:44:49,845 [INFO] Pass: GatesInBasis - 0.68140 (ms)
2026-07-13 10:44:49,845 [INFO] Pass: BasisTranslator - 0.84877 (ms)
2026-07-13 10:44:49,845 [INFO] Pass: Depth - 0.14400 (ms)
2026-07-13 10:44:49,845 [INFO] Pass: Depth - 0.16451 (ms)
2026-07-13 10:44:49,845 [INFO] Pass: FixedPoint - 0.00501 (ms)
2026-07-13 10:44:49,845 [INFO] Pass: FixedPoint - 0.00763 (ms)
2026-07-13 10:44:49,845 [INFO] Pass: Size - 0.05865 (ms)
2026-07-13 10:44:49,845 [INFO] Pass: FixedPoint - 0.00381 (ms)
2026-07-13 10:44:49,845 [INFO] Pass: Size - 0.06318 (ms)
2026-07-13 10:44:49,845 [INFO] Pass: ContainsInstruction - 0.00525 (ms)
2026-07-13 10:44:49,845 [INFO] Pass: FixedPoint - 0.00429 (ms)
2026-07-13 10:44:49,846 [INFO] Pass: HighLevelSynthesis - 1.29080 (ms)
2026-07-13 10:44:49,846 [INFO] Total Transpile Time - 65.53864 (ms)
2026-07-13 10:44:49,846 [INFO] Pass: Optimize1qGatesDecomposition - 1.19686 (ms)
2026-07-13 10:44:49,846 [INFO] Pass: InverseCancellation - 0.00834 (ms)
2026-07-13 10:44:49,847 [INFO] Pass: BasisTranslator - 0.70596 (ms)
2026-07-13 10:44:49,847 [INFO] Pass: ContainsInstruction - 0.01168 (ms)
2026-07-13 10:44:49,847 [INFO] Pass: Depth - 0.16332 (ms)
2026-07-13 10:44:49,847 [INFO] Pass: FixedPoint - 0.00763 (ms)
2026-07-13 10:44:49,847 [INFO] Pass: Size - 0.06199 (ms)
2026-07-13 10:44:49,847 [INFO] Pass: InverseCancellation - 0.17071 (ms)
2026-07-13 10:44:49,847 [INFO] Pass: FixedPoint - 0.00405 (ms)
2026-07-13 10:44:49,847 [INFO] Pass: UnitarySynthesis - 0.00477 (ms)
2026-07-13 10:44:49,847 [INFO] Pass: GatesInBasis - 0.69833 (ms)
2026-07-13 10:44:49,847 [INFO] Pass: Depth - 0.15450 (ms)
2026-07-13 10:44:49,847 [INFO] Pass: FixedPoint - 0.00548 (ms)
2026-07-13 10:44:49,847 [INFO] Pass: Size - 0.05460 (ms)
2026-07-13 10:44:49,847 [INFO] Pass: FixedPoint - 0.00429 (ms)
2026-07-13 10:44:49,848 [INFO] Pass: Optimize1qGatesDecomposition - 1.19615 (ms)
2026-07-13 10:44:49,848 [INFO] Pass: InverseCancellation - 0.00882 (ms)
2026-07-13 10:44:49,848 [INFO] Pass: HighLevelSynthesis - 1.30725 (ms)
2026-07-13 10:44:49,848 [INFO] Pass: Optimize1qGatesDecomposition - 0.99659 (ms)
2026-07-13 10:44:49,849 [INFO] Pass: InverseCancellation - 0.00763 (ms)
2026-07-13 10:44:49,849 [INFO] Pass: GatesInBasis - 0.69475 (ms)
2026-07-13 10:44:49,849 [INFO] Pass: Depth - 0.15235 (ms)
2026-07-13 10:44:49,849 [INFO] Pass: FixedPoint - 0.00548 (ms)
2026-07-13 10:44:49,849 [INFO] Pass: GatesInBasis - 0.67973 (ms)
2026-07-13 10:44:49,849 [INFO] Pass: BasisTranslator - 0.85020 (ms)
2026-07-13 10:44:49,849 [INFO] Pass: Size - 0.05484 (ms)
2026-07-13 10:44:49,849 [INFO] Pass: FixedPoint - 0.00405 (ms)
2026-07-13 10:44:49,849 [INFO] Pass: Depth - 0.14496 (ms)
2026-07-13 10:44:49,849 [INFO] Pass: FixedPoint - 0.00477 (ms)
2026-07-13 10:44:49,849 [INFO] Pass: Depth - 0.16260 (ms)
2026-07-13 10:44:49,850 [INFO] Pass: FixedPoint - 0.00930 (ms)
2026-07-13 10:44:49,850 [INFO] Pass: Size - 0.05364 (ms)
2026-07-13 10:44:49,850 [INFO] Pass: FixedPoint - 0.00381 (ms)
2026-07-13 10:44:49,850 [INFO] Pass: Size - 0.05817 (ms)
2026-07-13 10:44:49,850 [INFO] Pass: ContainsInstruction - 0.00572 (ms)
2026-07-13 10:44:49,850 [INFO] Pass: FixedPoint - 0.00477 (ms)
2026-07-13 10:44:49,850 [INFO] Pass: Optimize1qGatesDecomposition - 0.99063 (ms)
2026-07-13 10:44:49,850 [INFO] Pass: InverseCancellation - 0.00691 (ms)
2026-07-13 10:44:49,851 [INFO] Pass: ContainsInstruction - 0.00763 (ms)
2026-07-13 10:44:49,851 [INFO] Pass: InverseCancellation - 0.16785 (ms)
2026-07-13 10:44:49,851 [INFO] Total Transpile Time - 65.67287 (ms)
2026-07-13 10:44:49,851 [INFO] Pass: UnitarySynthesis - 0.00453 (ms)
2026-07-13 10:44:49,851 [INFO] Pass: Optimize1qGatesDecomposition - 1.18995 (ms)
2026-07-13 10:44:49,851 [INFO] Pass: InverseCancellation - 0.01264 (ms)
2026-07-13 10:44:49,851 [INFO] Pass: GatesInBasis - 0.75126 (ms)
2026-07-13 10:44:49,851 [INFO] Pass: Depth - 0.14663 (ms)
2026-07-13 10:44:49,851 [INFO] Pass: FixedPoint - 0.00525 (ms)
2026-07-13 10:44:49,852 [INFO] Pass: Size - 0.05579 (ms)
2026-07-13 10:44:49,852 [INFO] Pass: FixedPoint - 0.00429 (ms)
2026-07-13 10:44:49,852 [INFO] Pass: ContainsInstruction - 0.00620 (ms)
2026-07-13 10:44:49,852 [INFO] Pass: GatesInBasis - 0.68069 (ms)
2026-07-13 10:44:49,852 [INFO] Pass: Depth - 0.15116 (ms)
2026-07-13 10:44:49,852 [INFO] Pass: FixedPoint - 0.00525 (ms)
2026-07-13 10:44:49,852 [INFO] Pass: Size - 0.06104 (ms)
2026-07-13 10:44:49,852 [INFO] Pass: FixedPoint - 0.00405 (ms)
2026-07-13 10:44:49,852 [INFO] Pass: HighLevelSynthesis - 1.31321 (ms)
2026-07-13 10:44:49,853 [INFO] Total Transpile Time - 65.53221 (ms)
2026-07-13 10:44:49,853 [INFO] Pass: Optimize1qGatesDecomposition - 0.99158 (ms)
2026-07-13 10:44:49,853 [INFO] Pass: BasisTranslator - 0.85092 (ms)
2026-07-13 10:44:49,853 [INFO] Pass: InverseCancellation - 0.00715 (ms)
2026-07-13 10:44:49,853 [INFO] Pass: Depth - 0.16403 (ms)
2026-07-13 10:44:49,853 [INFO] Pass: FixedPoint - 0.00715 (ms)
2026-07-13 10:44:49,853 [INFO] Pass: Size - 0.05913 (ms)
2026-07-13 10:44:49,853 [INFO] Pass: FixedPoint - 0.00453 (ms)
2026-07-13 10:44:49,854 [INFO] Pass: GatesInBasis - 0.67043 (ms)
2026-07-13 10:44:49,854 [INFO] Pass: Depth - 0.15259 (ms)
2026-07-13 10:44:49,854 [INFO] Pass: FixedPoint - 0.00501 (ms)
2026-07-13 10:44:49,854 [INFO] Pass: Size - 0.05531 (ms)
2026-07-13 10:44:49,854 [INFO] Pass: FixedPoint - 0.00429 (ms)
2026-07-13 10:44:49,854 [INFO] Pass: ContainsInstruction - 0.00548 (ms)
2026-07-13 10:44:49,855 [INFO] Pass: Optimize1qGatesDecomposition - 1.18804 (ms)
2026-07-13 10:44:49,855 [INFO] Pass: InverseCancellation - 0.00882 (ms)
2026-07-13 10:44:49,855 [INFO] Total Transpile Time - 65.70482 (ms)
2026-07-13 10:44:49,856 [INFO] Pass: GatesInBasis - 0.68927 (ms)
2026-07-13 10:44:49,856 [INFO] Pass: Depth - 0.15259 (ms)
2026-07-13 10:44:49,856 [INFO] Pass: FixedPoint - 0.00548 (ms)
2026-07-13 10:44:49,856 [INFO] Pass: Size - 0.05484 (ms)
2026-07-13 10:44:49,856 [INFO] Pass: FixedPoint - 0.00453 (ms)
2026-07-13 10:44:49,857 [INFO] Pass: Optimize1qGatesDecomposition - 0.99444 (ms)
2026-07-13 10:44:49,857 [INFO] Pass: InverseCancellation - 0.01049 (ms)
2026-07-13 10:44:49,858 [INFO] Pass: GatesInBasis - 0.67496 (ms)
2026-07-13 10:44:49,858 [INFO] Pass: Depth - 0.14615 (ms)
2026-07-13 10:44:49,858 [INFO] Pass: FixedPoint - 0.00477 (ms)
2026-07-13 10:44:49,858 [INFO] Pass: Size - 0.05889 (ms)
2026-07-13 10:44:49,858 [INFO] Pass: FixedPoint - 0.00381 (ms)
2026-07-13 10:44:49,858 [INFO] Pass: ContainsInstruction - 0.00501 (ms)
2026-07-13 10:44:49,859 [INFO] Total Transpile Time - 65.69695 (ms)
2026-07-13 10:44:49,870 [INFO] Pass: ContainsInstruction - 0.00763 (ms)
2026-07-13 10:44:49,870 [INFO] Pass: InverseCancellation - 0.16761 (ms)
2026-07-13 10:44:49,870 [INFO] Pass: UnitarySynthesis - 0.00477 (ms)
2026-07-13 10:44:49,872 [INFO] Pass: HighLevelSynthesis - 1.29390 (ms)
2026-07-13 10:44:49,873 [INFO] Pass: BasisTranslator - 0.85139 (ms)
2026-07-13 10:44:49,873 [INFO] Pass: Depth - 0.16236 (ms)
2026-07-13 10:44:49,873 [INFO] Pass: FixedPoint - 0.00715 (ms)
2026-07-13 10:44:49,873 [INFO] Pass: Size - 0.05817 (ms)
2026-07-13 10:44:49,873 [INFO] Pass: FixedPoint - 0.00405 (ms)
2026-07-13 10:44:49,874 [INFO] Pass: Optimize1qGatesDecomposition - 1.19352 (ms)
2026-07-13 10:44:49,874 [INFO] Pass: InverseCancellation - 0.00834 (ms)
2026-07-13 10:44:49,875 [INFO] Pass: GatesInBasis - 0.68450 (ms)
2026-07-13 10:44:49,875 [INFO] Pass: Depth - 0.15211 (ms)
2026-07-13 10:44:49,875 [INFO] Pass: FixedPoint - 0.00572 (ms)
2026-07-13 10:44:49,875 [INFO] Pass: Size - 0.05436 (ms)
2026-07-13 10:44:49,875 [INFO] Pass: FixedPoint - 0.00429 (ms)
2026-07-13 10:44:49,877 [INFO] Pass: Optimize1qGatesDecomposition - 1.00017 (ms)
2026-07-13 10:44:49,877 [INFO] Pass: InverseCancellation - 0.00739 (ms)
2026-07-13 10:44:49,877 [INFO] Pass: GatesInBasis - 0.66876 (ms)
2026-07-13 10:44:49,877 [INFO] Pass: Depth - 0.14591 (ms)
2026-07-13 10:44:49,877 [INFO] Pass: FixedPoint - 0.00525 (ms)
2026-07-13 10:44:49,878 [INFO] Pass: Size - 0.05412 (ms)
2026-07-13 10:44:49,878 [INFO] Pass: FixedPoint - 0.00381 (ms)
2026-07-13 10:44:49,878 [INFO] Pass: ContainsInstruction - 0.00548 (ms)
2026-07-13 10:44:49,879 [INFO] Total Transpile Time - 65.48786 (ms)
2026-07-13 10:44:49,882 [INFO] Pass: ContainsInstruction - 0.00739 (ms)
2026-07-13 10:44:49,882 [INFO] Pass: InverseCancellation - 0.16665 (ms)
2026-07-13 10:44:49,882 [INFO] Pass: UnitarySynthesis - 0.00453 (ms)
2026-07-13 10:44:49,883 [INFO] Pass: HighLevelSynthesis - 1.30749 (ms)
2026-07-13 10:44:49,884 [INFO] Pass: BasisTranslator - 0.83995 (ms)
2026-07-13 10:44:49,884 [INFO] Pass: Depth - 0.16642 (ms)
2026-07-13 10:44:49,884 [INFO] Pass: FixedPoint - 0.00715 (ms)
2026-07-13 10:44:49,884 [INFO] Pass: Size - 0.05746 (ms)
2026-07-13 10:44:49,884 [INFO] Pass: FixedPoint - 0.00429 (ms)
2026-07-13 10:44:49,886 [INFO] Pass: Optimize1qGatesDecomposition - 1.19758 (ms)
2026-07-13 10:44:49,886 [INFO] Pass: InverseCancellation - 0.00811 (ms)
2026-07-13 10:44:49,886 [INFO] Pass: GatesInBasis - 0.69118 (ms)
2026-07-13 10:44:49,887 [INFO] Pass: Depth - 0.14901 (ms)
2026-07-13 10:44:49,887 [INFO] Pass: FixedPoint - 0.00572 (ms)
2026-07-13 10:44:49,887 [INFO] Pass: Size - 0.05531 (ms)
2026-07-13 10:44:49,887 [INFO] Pass: FixedPoint - 0.00429 (ms)
2026-07-13 10:44:49,888 [INFO] Pass: Optimize1qGatesDecomposition - 0.99158 (ms)
2026-07-13 10:44:49,888 [INFO] Pass: InverseCancellation - 0.00763 (ms)
2026-07-13 10:44:49,889 [INFO] Pass: GatesInBasis - 0.67115 (ms)
2026-07-13 10:44:49,889 [INFO] Pass: Depth - 0.14687 (ms)
2026-07-13 10:44:49,889 [INFO] Pass: FixedPoint - 0.00501 (ms)
2026-07-13 10:44:49,889 [INFO] Pass: Size - 0.05722 (ms)
2026-07-13 10:44:49,889 [INFO] Pass: FixedPoint - 0.00477 (ms)
2026-07-13 10:44:49,889 [INFO] Pass: ContainsInstruction - 0.00620 (ms)
2026-07-13 10:44:49,890 [INFO] Total Transpile Time - 65.38367 (ms)
2026-07-13 10:44:50,797 [INFO] [PCE] Aer metadata (1a ejecucion de este proceso): device=CPU method=statevector shots=2048 fusion_enabled=True
2026-07-13 10:44:50,798 [INFO] [PCE] Aer metadata (1a ejecucion de este proceso): device=CPU method=statevector shots=2048 fusion_enabled=True
2026-07-13 10:44:50,799 [INFO] [PCE] Aer metadata (1a ejecucion de este proceso): device=CPU method=statevector shots=2048 fusion_enabled=True
2026-07-13 10:44:50,799 [INFO] [PCE] Aer metadata (1a ejecucion de este proceso): device=CPU method=statevector shots=2048 fusion_enabled=True
2026-07-13 10:44:50,800 [INFO] [PCE] Aer metadata (1a ejecucion de este proceso): device=CPU method=statevector shots=2048 fusion_enabled=True
2026-07-13 10:44:50,800 [INFO] [PCE] Aer metadata (1a ejecucion de este proceso): device=CPU method=statevector shots=2048 fusion_enabled=True
2026-07-13 10:44:50,800 [INFO] [PCE] Aer metadata (1a ejecucion de este proceso): device=CPU method=statevector shots=2048 fusion_enabled=True
2026-07-13 10:44:50,800 [INFO] [PCE] Aer metadata (1a ejecucion de este proceso): device=CPU method=statevector shots=2048 fusion_enabled=True
2026-07-13 10:44:50,801 [INFO] [PCE] Aer metadata (1a ejecucion de este proceso): device=CPU method=statevector shots=2048 fusion_enabled=True
2026-07-13 10:44:50,801 [INFO] [PCE] Aer metadata (1a ejecucion de este proceso): device=CPU method=statevector shots=2048 fusion_enabled=True
2026-07-13 10:44:50,801 [INFO] [PCE] Aer metadata (1a ejecucion de este proceso): device=CPU method=statevector shots=2048 fusion_enabled=True
2026-07-13 10:44:50,802 [INFO] [PCE] Aer metadata (1a ejecucion de este proceso): device=CPU method=statevector shots=2048 fusion_enabled=True
2026-07-13 10:44:50,802 [INFO] [PCE] Aer metadata (1a ejecucion de este proceso): device=CPU method=statevector shots=2048 fusion_enabled=True
2026-07-13 10:44:50,802 [INFO] [PCE] Aer metadata (1a ejecucion de este proceso): device=CPU method=statevector shots=2048 fusion_enabled=True
2026-07-13 10:44:50,858 [INFO] [PCE] Aer metadata (1a ejecucion de este proceso): device=CPU method=statevector shots=2048 fusion_enabled=True
2026-07-13 10:44:50,858 [INFO] [PCE] Aer metadata (1a ejecucion de este proceso): device=CPU method=statevector shots=2048 fusion_enabled=True
2026-07-13 16:45:23,256 [INFO] [PCE] n=250 instancia (idx=2) 1/20 completada (paralelo) - transcurrido=0:06:00:34
2026-07-13 16:45:23,369 [INFO] Pass: ContainsInstruction - 0.00858 (ms)
2026-07-13 16:45:23,369 [INFO] Pass: InverseCancellation - 0.01073 (ms)
2026-07-13 16:45:23,369 [INFO] Pass: UnitarySynthesis - 0.00429 (ms)
2026-07-13 16:45:23,370 [INFO] Pass: HighLevelSynthesis - 1.16611 (ms)
2026-07-13 16:45:23,371 [INFO] Pass: BasisTranslator - 0.65589 (ms)
2026-07-13 16:45:23,371 [INFO] Pass: Depth - 0.15378 (ms)
2026-07-13 16:45:23,371 [INFO] Pass: FixedPoint - 0.00787 (ms)
2026-07-13 16:45:23,371 [INFO] Pass: Size - 0.05341 (ms)
2026-07-13 16:45:23,371 [INFO] Pass: FixedPoint - 0.00453 (ms)
2026-07-13 16:45:23,371 [INFO] Pass: Optimize1qGatesDecomposition - 0.10633 (ms)
2026-07-13 16:45:23,371 [INFO] Pass: InverseCancellation - 0.00620 (ms)
2026-07-13 16:45:23,372 [INFO] Pass: GatesInBasis - 0.62299 (ms)
2026-07-13 16:45:23,372 [INFO] Pass: Depth - 0.13661 (ms)
2026-07-13 16:45:23,372 [INFO] Pass: FixedPoint - 0.00477 (ms)
2026-07-13 16:45:23,372 [INFO] Pass: Size - 0.05078 (ms)
2026-07-13 16:45:23,372 [INFO] Pass: FixedPoint - 0.00405 (ms)
2026-07-13 16:45:23,373 [INFO] Pass: ContainsInstruction - 0.00477 (ms)
2026-07-13 16:45:23,374 [INFO] Total Transpile Time - 65.32931 (ms)
2026-07-13 16:45:23,430 [INFO] Pass: ContainsInstruction - 0.00739 (ms)
2026-07-13 16:45:23,430 [INFO] Pass: InverseCancellation - 0.16737 (ms)
2026-07-13 16:45:23,430 [INFO] Pass: UnitarySynthesis - 0.00525 (ms)
2026-07-13 16:45:23,431 [INFO] Pass: HighLevelSynthesis - 1.16324 (ms)
2026-07-13 16:45:23,432 [INFO] Pass: BasisTranslator - 0.79823 (ms)
2026-07-13 16:45:23,432 [INFO] Pass: Depth - 0.16141 (ms)
2026-07-13 16:45:23,432 [INFO] Pass: FixedPoint - 0.00763 (ms)
2026-07-13 16:45:23,433 [INFO] Pass: Size - 0.05603 (ms)
2026-07-13 16:45:23,433 [INFO] Pass: FixedPoint - 0.00429 (ms)
2026-07-13 16:45:23,434 [INFO] Pass: Optimize1qGatesDecomposition - 1.02520 (ms)
2026-07-13 16:45:23,434 [INFO] Pass: InverseCancellation - 0.13709 (ms)
2026-07-13 16:45:23,435 [INFO] Pass: GatesInBasis - 0.66757 (ms)
2026-07-13 16:45:23,435 [INFO] Pass: Depth - 0.14758 (ms)
2026-07-13 16:45:23,435 [INFO] Pass: FixedPoint - 0.00525 (ms)
2026-07-13 16:45:23,435 [INFO] Pass: Size - 0.05364 (ms)
2026-07-13 16:45:23,435 [INFO] Pass: FixedPoint - 0.00405 (ms)
2026-07-13 16:45:23,435 [INFO] Pass: ContainsInstruction - 0.00501 (ms)
2026-07-13 16:45:23,436 [INFO] Total Transpile Time - 62.39963 (ms)
2026-07-13 16:45:23,492 [INFO] Pass: ContainsInstruction - 0.00787 (ms)
2026-07-13 16:45:23,493 [INFO] Pass: InverseCancellation - 0.16260 (ms)
2026-07-13 16:45:23,493 [INFO] Pass: UnitarySynthesis - 0.00477 (ms)
2026-07-13 16:45:23,494 [INFO] Pass: HighLevelSynthesis - 1.24240 (ms)
2026-07-13 16:45:23,495 [INFO] Pass: BasisTranslator - 0.85282 (ms)
2026-07-13 16:45:23,495 [INFO] Pass: Depth - 0.16832 (ms)
2026-07-13 16:45:23,495 [INFO] Pass: FixedPoint - 0.00763 (ms)
2026-07-13 16:45:23,495 [INFO] Pass: Size - 0.05913 (ms)
2026-07-13 16:45:23,495 [INFO] Pass: FixedPoint - 0.00429 (ms)
2026-07-13 16:45:23,496 [INFO] Pass: Optimize1qGatesDecomposition - 1.18661 (ms)
2026-07-13 16:45:23,496 [INFO] Pass: InverseCancellation - 0.00906 (ms)
2026-07-13 16:45:23,497 [INFO] Pass: GatesInBasis - 0.68259 (ms)
2026-07-13 16:45:23,497 [INFO] Pass: Depth - 0.14949 (ms)
2026-07-13 16:45:23,497 [INFO] Pass: FixedPoint - 0.00572 (ms)
2026-07-13 16:45:23,498 [INFO] Pass: Size - 0.05436 (ms)
2026-07-13 16:45:23,498 [INFO] Pass: FixedPoint - 0.00453 (ms)
2026-07-13 16:45:23,499 [INFO] Pass: Optimize1qGatesDecomposition - 0.98300 (ms)
2026-07-13 16:45:23,499 [INFO] Pass: InverseCancellation - 0.00715 (ms)
2026-07-13 16:45:23,499 [INFO] Pass: GatesInBasis - 0.67353 (ms)
2026-07-13 16:45:23,500 [INFO] Pass: Depth - 0.14448 (ms)
2026-07-13 16:45:23,500 [INFO] Pass: FixedPoint - 0.00477 (ms)
2026-07-13 16:45:23,500 [INFO] Pass: Size - 0.05293 (ms)
2026-07-13 16:45:23,500 [INFO] Pass: FixedPoint - 0.00405 (ms)
2026-07-13 16:45:23,500 [INFO] Pass: ContainsInstruction - 0.00477 (ms)
2026-07-13 16:45:23,501 [INFO] Total Transpile Time - 64.69059 (ms)
2026-07-13 16:45:57,390 [INFO] [PCE] n=250 instancia (idx=27) 2/20 completada (paralelo) - transcurrido=0:06:01:08
2026-07-13 16:45:57,503 [INFO] Pass: ContainsInstruction - 0.00954 (ms)
2026-07-13 16:45:57,503 [INFO] Pass: InverseCancellation - 0.01025 (ms)
2026-07-13 16:45:57,503 [INFO] Pass: UnitarySynthesis - 0.00429 (ms)
2026-07-13 16:45:57,505 [INFO] Pass: HighLevelSynthesis - 1.17326 (ms)
2026-07-13 16:45:57,505 [INFO] Pass: BasisTranslator - 0.68045 (ms)
2026-07-13 16:45:57,505 [INFO] Pass: Depth - 0.15497 (ms)
2026-07-13 16:45:57,506 [INFO] Pass: FixedPoint - 0.00763 (ms)
2026-07-13 16:45:57,506 [INFO] Pass: Size - 0.05436 (ms)
2026-07-13 16:45:57,506 [INFO] Pass: FixedPoint - 0.00405 (ms)
2026-07-13 16:45:57,506 [INFO] Pass: Optimize1qGatesDecomposition - 0.10872 (ms)
2026-07-13 16:45:57,506 [INFO] Pass: InverseCancellation - 0.00739 (ms)
2026-07-13 16:45:57,507 [INFO] Pass: GatesInBasis - 0.61917 (ms)
2026-07-13 16:45:57,507 [INFO] Pass: Depth - 0.13924 (ms)
2026-07-13 16:45:57,507 [INFO] Pass: FixedPoint - 0.00501 (ms)
2026-07-13 16:45:57,507 [INFO] Pass: Size - 0.05102 (ms)
2026-07-13 16:45:57,507 [INFO] Pass: FixedPoint - 0.00429 (ms)
2026-07-13 16:45:57,507 [INFO] Pass: ContainsInstruction - 0.00501 (ms)
2026-07-13 16:45:57,508 [INFO] Total Transpile Time - 64.83293 (ms)
2026-07-13 16:45:57,564 [INFO] Pass: ContainsInstruction - 0.00858 (ms)
2026-07-13 16:45:57,565 [INFO] Pass: InverseCancellation - 0.16928 (ms)
2026-07-13 16:45:57,565 [INFO] Pass: UnitarySynthesis - 0.00501 (ms)
2026-07-13 16:45:57,566 [INFO] Pass: HighLevelSynthesis - 1.15848 (ms)
2026-07-13 16:45:57,567 [INFO] Pass: BasisTranslator - 0.80156 (ms)
2026-07-13 16:45:57,567 [INFO] Pass: Depth - 0.16284 (ms)
2026-07-13 16:45:57,567 [INFO] Pass: FixedPoint - 0.00763 (ms)
2026-07-13 16:45:57,567 [INFO] Pass: Size - 0.05674 (ms)
2026-07-13 16:45:57,567 [INFO] Pass: FixedPoint - 0.00405 (ms)
2026-07-13 16:45:57,568 [INFO] Pass: Optimize1qGatesDecomposition - 1.04427 (ms)
2026-07-13 16:45:57,568 [INFO] Pass: InverseCancellation - 0.13947 (ms)
2026-07-13 16:45:57,569 [INFO] Pass: GatesInBasis - 0.66853 (ms)
2026-07-13 16:45:57,569 [INFO] Pass: Depth - 0.14496 (ms)
2026-07-13 16:45:57,569 [INFO] Pass: FixedPoint - 0.00548 (ms)
2026-07-13 16:45:57,570 [INFO] Pass: Size - 0.05436 (ms)
2026-07-13 16:45:57,570 [INFO] Pass: FixedPoint - 0.00381 (ms)
2026-07-13 16:45:57,570 [INFO] Pass: ContainsInstruction - 0.00525 (ms)
2026-07-13 16:45:57,571 [INFO] Total Transpile Time - 62.71911 (ms)
2026-07-13 16:45:57,627 [INFO] Pass: ContainsInstruction - 0.00763 (ms)
2026-07-13 16:45:57,627 [INFO] Pass: InverseCancellation - 0.16856 (ms)
2026-07-13 16:45:57,627 [INFO] Pass: UnitarySynthesis - 0.00501 (ms)
2026-07-13 16:45:57,629 [INFO] Pass: HighLevelSynthesis - 1.24240 (ms)
2026-07-13 16:45:57,630 [INFO] Pass: BasisTranslator - 1.02758 (ms)
2026-07-13 16:45:57,630 [INFO] Pass: Depth - 0.16880 (ms)
2026-07-13 16:45:57,630 [INFO] Pass: FixedPoint - 0.00715 (ms)
2026-07-13 16:45:57,630 [INFO] Pass: Size - 0.05817 (ms)
2026-07-13 16:45:57,630 [INFO] Pass: FixedPoint - 0.00453 (ms)
2026-07-13 16:45:57,631 [INFO] Pass: Optimize1qGatesDecomposition - 1.19543 (ms)
2026-07-13 16:45:57,632 [INFO] Pass: InverseCancellation - 0.00787 (ms)
2026-07-13 16:45:57,632 [INFO] Pass: GatesInBasis - 0.67353 (ms)
2026-07-13 16:45:57,632 [INFO] Pass: Depth - 0.14853 (ms)
2026-07-13 16:45:57,632 [INFO] Pass: FixedPoint - 0.00548 (ms)
2026-07-13 16:45:57,633 [INFO] Pass: Size - 0.05555 (ms)
2026-07-13 16:45:57,633 [INFO] Pass: FixedPoint - 0.00429 (ms)
2026-07-13 16:45:57,634 [INFO] Pass: Optimize1qGatesDecomposition - 0.98372 (ms)
2026-07-13 16:45:57,634 [INFO] Pass: InverseCancellation - 0.00739 (ms)
2026-07-13 16:45:57,634 [INFO] Pass: GatesInBasis - 0.66829 (ms)
2026-07-13 16:45:57,635 [INFO] Pass: Depth - 0.14424 (ms)
2026-07-13 16:45:57,635 [INFO] Pass: FixedPoint - 0.00453 (ms)
2026-07-13 16:45:57,635 [INFO] Pass: Size - 0.05317 (ms)
2026-07-13 16:45:57,635 [INFO] Pass: FixedPoint - 0.00405 (ms)
2026-07-13 16:45:57,635 [INFO] Pass: ContainsInstruction - 0.00525 (ms)
2026-07-13 16:45:57,636 [INFO] Total Transpile Time - 65.01818 (ms)
2026-07-13 16:47:06,221 [INFO] [PCE] n=250 instancia (idx=7) 3/20 completada (paralelo) - transcurrido=0:06:02:17
2026-07-13 16:47:06,335 [INFO] Pass: ContainsInstruction - 0.01049 (ms)
2026-07-13 16:47:06,335 [INFO] Pass: InverseCancellation - 0.01049 (ms)
2026-07-13 16:47:06,335 [INFO] Pass: UnitarySynthesis - 0.00477 (ms)
2026-07-13 16:47:06,337 [INFO] Pass: HighLevelSynthesis - 1.18017 (ms)
2026-07-13 16:47:06,337 [INFO] Pass: BasisTranslator - 0.67449 (ms)
2026-07-13 16:47:06,338 [INFO] Pass: Depth - 0.15903 (ms)
2026-07-13 16:47:06,338 [INFO] Pass: FixedPoint - 0.00858 (ms)
2026-07-13 16:47:06,338 [INFO] Pass: Size - 0.05436 (ms)
2026-07-13 16:47:06,338 [INFO] Pass: FixedPoint - 0.00453 (ms)
2026-07-13 16:47:06,338 [INFO] Pass: Optimize1qGatesDecomposition - 0.10872 (ms)
2026-07-13 16:47:06,338 [INFO] Pass: InverseCancellation - 0.00739 (ms)
2026-07-13 16:47:06,339 [INFO] Pass: GatesInBasis - 0.61822 (ms)
2026-07-13 16:47:06,339 [INFO] Pass: Depth - 0.13614 (ms)
2026-07-13 16:47:06,339 [INFO] Pass: FixedPoint - 0.00477 (ms)
2026-07-13 16:47:06,339 [INFO] Pass: Size - 0.05245 (ms)
2026-07-13 16:47:06,339 [INFO] Pass: FixedPoint - 0.00405 (ms)
2026-07-13 16:47:06,339 [INFO] Pass: ContainsInstruction - 0.00525 (ms)
2026-07-13 16:47:06,340 [INFO] Total Transpile Time - 65.83142 (ms)
2026-07-13 16:47:06,396 [INFO] Pass: ContainsInstruction - 0.00691 (ms)
2026-07-13 16:47:06,396 [INFO] Pass: InverseCancellation - 0.16332 (ms)
2026-07-13 16:47:06,396 [INFO] Pass: UnitarySynthesis - 0.00429 (ms)
2026-07-13 16:47:06,398 [INFO] Pass: HighLevelSynthesis - 1.15991 (ms)
2026-07-13 16:47:06,398 [INFO] Pass: BasisTranslator - 0.80490 (ms)
2026-07-13 16:47:06,399 [INFO] Pass: Depth - 0.15521 (ms)
2026-07-13 16:47:06,399 [INFO] Pass: FixedPoint - 0.00763 (ms)
2026-07-13 16:47:06,399 [INFO] Pass: Size - 0.05579 (ms)
2026-07-13 16:47:06,399 [INFO] Pass: FixedPoint - 0.00405 (ms)
2026-07-13 16:47:06,400 [INFO] Pass: Optimize1qGatesDecomposition - 1.04332 (ms)
2026-07-13 16:47:06,400 [INFO] Pass: InverseCancellation - 0.14281 (ms)
2026-07-13 16:47:06,401 [INFO] Pass: GatesInBasis - 0.66352 (ms)
2026-07-13 16:47:06,401 [INFO] Pass: Depth - 0.14424 (ms)
2026-07-13 16:47:06,401 [INFO] Pass: FixedPoint - 0.00572 (ms)
2026-07-13 16:47:06,401 [INFO] Pass: Size - 0.05412 (ms)
2026-07-13 16:47:06,401 [INFO] Pass: FixedPoint - 0.00405 (ms)
2026-07-13 16:47:06,401 [INFO] Pass: ContainsInstruction - 0.00525 (ms)
2026-07-13 16:47:06,402 [INFO] Total Transpile Time - 62.09016 (ms)
2026-07-13 16:47:06,459 [INFO] Pass: ContainsInstruction - 0.00834 (ms)
2026-07-13 16:47:06,459 [INFO] Pass: InverseCancellation - 0.16737 (ms)
2026-07-13 16:47:06,459 [INFO] Pass: UnitarySynthesis - 0.00453 (ms)
2026-07-13 16:47:06,460 [INFO] Pass: HighLevelSynthesis - 1.23525 (ms)
2026-07-13 16:47:06,461 [INFO] Pass: BasisTranslator - 0.84496 (ms)
2026-07-13 16:47:06,461 [INFO] Pass: Depth - 0.16332 (ms)
2026-07-13 16:47:06,462 [INFO] Pass: FixedPoint - 0.00739 (ms)
2026-07-13 16:47:06,462 [INFO] Pass: Size - 0.05817 (ms)
2026-07-13 16:47:06,462 [INFO] Pass: FixedPoint - 0.00429 (ms)
2026-07-13 16:47:06,463 [INFO] Pass: Optimize1qGatesDecomposition - 1.18923 (ms)
2026-07-13 16:47:06,463 [INFO] Pass: InverseCancellation - 0.00834 (ms)
2026-07-13 16:47:06,464 [INFO] Pass: GatesInBasis - 0.66495 (ms)
2026-07-13 16:47:06,464 [INFO] Pass: Depth - 0.14925 (ms)
2026-07-13 16:47:06,464 [INFO] Pass: FixedPoint - 0.00596 (ms)
2026-07-13 16:47:06,464 [INFO] Pass: Size - 0.05913 (ms)
2026-07-13 16:47:06,464 [INFO] Pass: FixedPoint - 0.00405 (ms)
2026-07-13 16:47:06,465 [INFO] Pass: Optimize1qGatesDecomposition - 0.98515 (ms)
2026-07-13 16:47:06,465 [INFO] Pass: InverseCancellation - 0.00715 (ms)
2026-07-13 16:47:06,466 [INFO] Pass: GatesInBasis - 0.66113 (ms)
2026-07-13 16:47:06,466 [INFO] Pass: Depth - 0.14877 (ms)
2026-07-13 16:47:06,466 [INFO] Pass: FixedPoint - 0.00501 (ms)
2026-07-13 16:47:06,466 [INFO] Pass: Size - 0.05555 (ms)
2026-07-13 16:47:06,466 [INFO] Pass: FixedPoint - 0.00381 (ms)
2026-07-13 16:47:06,466 [INFO] Pass: ContainsInstruction - 0.00525 (ms)
2026-07-13 16:47:06,467 [INFO] Total Transpile Time - 64.97121 (ms)
2026-07-13 16:47:30,202 [INFO] [PCE] n=250 instancia (idx=77) 4/20 completada (paralelo) - transcurrido=0:06:02:41
2026-07-13 16:47:30,314 [INFO] Pass: ContainsInstruction - 0.00906 (ms)
2026-07-13 16:47:30,314 [INFO] Pass: InverseCancellation - 0.01001 (ms)
2026-07-13 16:47:30,314 [INFO] Pass: UnitarySynthesis - 0.00453 (ms)
2026-07-13 16:47:30,315 [INFO] Pass: HighLevelSynthesis - 1.18065 (ms)
2026-07-13 16:47:30,316 [INFO] Pass: BasisTranslator - 0.66733 (ms)
2026-07-13 16:47:30,316 [INFO] Pass: Depth - 0.16117 (ms)
2026-07-13 16:47:30,316 [INFO] Pass: FixedPoint - 0.00787 (ms)
2026-07-13 16:47:30,316 [INFO] Pass: Size - 0.05388 (ms)
2026-07-13 16:47:30,316 [INFO] Pass: FixedPoint - 0.00405 (ms)
2026-07-13 16:47:30,316 [INFO] Pass: Optimize1qGatesDecomposition - 0.10991 (ms)
2026-07-13 16:47:30,316 [INFO] Pass: InverseCancellation - 0.00715 (ms)
2026-07-13 16:47:30,317 [INFO] Pass: GatesInBasis - 0.62466 (ms)
2026-07-13 16:47:30,317 [INFO] Pass: Depth - 0.13757 (ms)
2026-07-13 16:47:30,317 [INFO] Pass: FixedPoint - 0.00477 (ms)
2026-07-13 16:47:30,317 [INFO] Pass: Size - 0.05078 (ms)
2026-07-13 16:47:30,317 [INFO] Pass: FixedPoint - 0.00405 (ms)
2026-07-13 16:47:30,317 [INFO] Pass: ContainsInstruction - 0.00477 (ms)
2026-07-13 16:47:30,319 [INFO] Total Transpile Time - 64.58569 (ms)
2026-07-13 16:47:30,375 [INFO] Pass: ContainsInstruction - 0.00739 (ms)
2026-07-13 16:47:30,375 [INFO] Pass: InverseCancellation - 0.16689 (ms)
2026-07-13 16:47:30,375 [INFO] Pass: UnitarySynthesis - 0.00477 (ms)
2026-07-13 16:47:30,377 [INFO] Pass: HighLevelSynthesis - 1.18566 (ms)
2026-07-13 16:47:30,377 [INFO] Pass: BasisTranslator - 0.80037 (ms)
2026-07-13 16:47:30,378 [INFO] Pass: Depth - 0.15903 (ms)
2026-07-13 16:47:30,378 [INFO] Pass: FixedPoint - 0.00668 (ms)
2026-07-13 16:47:30,378 [INFO] Pass: Size - 0.05603 (ms)
2026-07-13 16:47:30,378 [INFO] Pass: FixedPoint - 0.00453 (ms)
2026-07-13 16:47:30,379 [INFO] Pass: Optimize1qGatesDecomposition - 1.03903 (ms)
2026-07-13 16:47:30,379 [INFO] Pass: InverseCancellation - 0.13876 (ms)
2026-07-13 16:47:30,380 [INFO] Pass: GatesInBasis - 0.67520 (ms)
2026-07-13 16:47:30,380 [INFO] Pass: Depth - 0.14734 (ms)
2026-07-13 16:47:30,380 [INFO] Pass: FixedPoint - 0.00501 (ms)
2026-07-13 16:47:30,380 [INFO] Pass: Size - 0.05412 (ms)
2026-07-13 16:47:30,380 [INFO] Pass: FixedPoint - 0.00405 (ms)
2026-07-13 16:47:30,380 [INFO] Pass: ContainsInstruction - 0.00501 (ms)
2026-07-13 16:47:30,381 [INFO] Total Transpile Time - 62.78777 (ms)
2026-07-13 16:47:30,438 [INFO] Pass: ContainsInstruction - 0.00834 (ms)
2026-07-13 16:47:30,438 [INFO] Pass: InverseCancellation - 0.17881 (ms)
2026-07-13 16:47:30,438 [INFO] Pass: UnitarySynthesis - 0.00477 (ms)
2026-07-13 16:47:30,439 [INFO] Pass: HighLevelSynthesis - 1.26028 (ms)
2026-07-13 16:47:30,441 [INFO] Pass: BasisTranslator - 1.06502 (ms)
2026-07-13 16:47:30,441 [INFO] Pass: Depth - 0.17047 (ms)
2026-07-13 16:47:30,441 [INFO] Pass: FixedPoint - 0.00739 (ms)
2026-07-13 16:47:30,441 [INFO] Pass: Size - 0.06032 (ms)
2026-07-13 16:47:30,441 [INFO] Pass: FixedPoint - 0.00429 (ms)
2026-07-13 16:47:30,442 [INFO] Pass: Optimize1qGatesDecomposition - 1.20425 (ms)
2026-07-13 16:47:30,442 [INFO] Pass: InverseCancellation - 0.00906 (ms)
2026-07-13 16:47:30,443 [INFO] Pass: GatesInBasis - 0.67377 (ms)
2026-07-13 16:47:30,443 [INFO] Pass: Depth - 0.14997 (ms)
2026-07-13 16:47:30,443 [INFO] Pass: FixedPoint - 0.00548 (ms)
2026-07-13 16:47:30,443 [INFO] Pass: Size - 0.05436 (ms)
2026-07-13 16:47:30,443 [INFO] Pass: FixedPoint - 0.00453 (ms)
2026-07-13 16:47:30,444 [INFO] Pass: Optimize1qGatesDecomposition - 0.98586 (ms)
2026-07-13 16:47:30,444 [INFO] Pass: InverseCancellation - 0.00715 (ms)
2026-07-13 16:47:30,445 [INFO] Pass: GatesInBasis - 0.67210 (ms)
2026-07-13 16:47:30,445 [INFO] Pass: Depth - 0.14496 (ms)
2026-07-13 16:47:30,445 [INFO] Pass: FixedPoint - 0.00501 (ms)
2026-07-13 16:47:30,445 [INFO] Pass: Size - 0.05341 (ms)
2026-07-13 16:47:30,445 [INFO] Pass: FixedPoint - 0.00405 (ms)
2026-07-13 16:47:30,445 [INFO] Pass: ContainsInstruction - 0.00525 (ms)
2026-07-13 16:47:30,447 [INFO] Total Transpile Time - 65.13524 (ms)
2026-07-13 17:00:23,468 [INFO] [PCE] n=250 instancia (idx=32) 5/20 completada (paralelo) - transcurrido=0:06:15:34
2026-07-13 17:07:38,761 [INFO] [PCE] n=250 instancia (idx=47) 6/20 completada (paralelo) - transcurrido=0:06:22:49
2026-07-13 17:12:43,868 [INFO] [PCE] n=250 instancia (idx=57) 7/20 completada (paralelo) - transcurrido=0:06:27:54
2026-07-13 17:13:42,578 [INFO] [PCE] n=250 instancia (idx=72) 8/20 completada (paralelo) - transcurrido=0:06:28:53
2026-07-13 17:16:37,919 [INFO] [PCE] n=250 instancia (idx=17) 9/20 completada (paralelo) - transcurrido=0:06:31:48
2026-07-13 17:16:38,571 [INFO] [PCE] n=250 instancia (idx=62) 10/20 completada (paralelo) - transcurrido=0:06:31:49
2026-07-13 17:21:25,113 [INFO] [PCE] n=250 instancia (idx=12) 11/20 completada (paralelo) - transcurrido=0:06:36:36
2026-07-13 17:22:51,933 [INFO] [PCE] n=250 instancia (idx=52) 12/20 completada (paralelo) - transcurrido=0:06:38:02
2026-07-13 17:23:13,709 [INFO] [PCE] n=250 instancia (idx=37) 13/20 completada (paralelo) - transcurrido=0:06:38:24
2026-07-13 17:24:31,171 [INFO] [PCE] n=250 instancia (idx=42) 14/20 completada (paralelo) - transcurrido=0:06:39:42
2026-07-13 17:26:28,142 [INFO] [PCE] n=250 instancia (idx=22) 15/20 completada (paralelo) - transcurrido=0:06:41:39
2026-07-13 17:28:46,549 [INFO] [PCE] n=250 instancia (idx=67) 16/20 completada (paralelo) - transcurrido=0:06:43:57
2026-07-13 18:54:09,248 [INFO] [PCE] n=250 instancia (idx=87) 17/20 completada (paralelo) - transcurrido=0:08:09:20
2026-07-13 19:03:02,099 [INFO] [PCE] n=250 instancia (idx=82) 18/20 completada (paralelo) - transcurrido=0:08:18:13
2026-07-13 19:04:42,130 [INFO] [PCE] n=250 instancia (idx=97) 19/20 completada (paralelo) - transcurrido=0:08:19:53
2026-07-13 19:07:24,079 [INFO] [PCE] n=250 instancia (idx=92) 20/20 completada (paralelo) - transcurrido=0:08:22:35
2026-07-13 19:07:24,214 [INFO] [PCE] n=250 chunk 3/5 completado - beta_parcial=0.2052 duration=0:08:22:35 shots=2048 backend=AER
