gcc/system unloaded
gcccore/system unloaded
cesga/2022 unloaded
rust/1.75.0 unloaded
imkl/2022.0.1 unloaded
numpy/1.26.4 unloaded
scipy/1.13.1 unloaded
flint/2.8.4 unloaded
symengine/0.11.1 unloaded
symengine-python/0.11.0 unloaded
spdlog/1.9.2 unloaded
pylatexenc/2.10 unloaded
qiskit/1.2.4-aer-gpu-cu11 unloaded
        Preparing the environment for use of the CESGA 2022 software stack.
        Please rebuild modules cache: module --ignore-cache avail
     
cesga/2022 loaded
rust/1.75.0 loaded

imkl/2023.2.0 loaded
numpy/1.26.4 loaded
scipy/1.13.1 loaded
imkl/2023.2.0 unloaded

imkl/2022.0.1 loaded
flint/2.8.4 loaded
symengine/0.11.1 loaded
symengine-python/0.11.0 loaded
spdlog/1.9.2 loaded
pylatexenc/2.10 loaded
gcccore/system loaded
gcc/system loaded
qiskit/1.2.4-aer-gpu-cu11 loaded
2026-07-13 10:44:49,605 [INFO] [PCE] n=250 chunk 2/5: 20 instancias [1, 6, 11, 16, 21, 26, 31, 36, 41, 46, 51, 56, 61, 66, 71, 76, 81, 86, 91, 96], num_workers=16, qubits=14
2026-07-13 10:44:49,605 [INFO] [PCE] n=250 paralelizando 20 instancias entre 16 workers (max_parallel_threads=1 fijo, independiente de num_workers)
2026-07-13 10:44:49,760 [INFO] Pass: ContainsInstruction - 0.01860 (ms)
2026-07-13 10:44:49,760 [INFO] Pass: InverseCancellation - 0.01788 (ms)
2026-07-13 10:44:49,760 [INFO] Pass: UnitarySynthesis - 0.00525 (ms)
2026-07-13 10:44:49,760 [INFO] Pass: ContainsInstruction - 0.01884 (ms)
2026-07-13 10:44:49,760 [INFO] Pass: InverseCancellation - 0.01693 (ms)
2026-07-13 10:44:49,760 [INFO] Pass: UnitarySynthesis - 0.00548 (ms)
2026-07-13 10:44:49,760 [INFO] Pass: ContainsInstruction - 0.01597 (ms)
2026-07-13 10:44:49,760 [INFO] Pass: InverseCancellation - 0.01597 (ms)
2026-07-13 10:44:49,760 [INFO] Pass: UnitarySynthesis - 0.00525 (ms)
2026-07-13 10:44:49,761 [INFO] Pass: HighLevelSynthesis - 1.33419 (ms)
2026-07-13 10:44:49,761 [INFO] Pass: HighLevelSynthesis - 1.25575 (ms)
2026-07-13 10:44:49,762 [INFO] Pass: HighLevelSynthesis - 1.24979 (ms)
2026-07-13 10:44:49,762 [INFO] Pass: BasisTranslator - 0.65851 (ms)
2026-07-13 10:44:49,762 [INFO] Pass: ContainsInstruction - 0.01478 (ms)
2026-07-13 10:44:49,762 [INFO] Pass: Depth - 0.19956 (ms)
2026-07-13 10:44:49,762 [INFO] Pass: BasisTranslator - 0.69118 (ms)
2026-07-13 10:44:49,762 [INFO] Pass: FixedPoint - 0.01287 (ms)
2026-07-13 10:44:49,762 [INFO] Pass: InverseCancellation - 0.01836 (ms)
2026-07-13 10:44:49,762 [INFO] Pass: ContainsInstruction - 0.01550 (ms)
2026-07-13 10:44:49,762 [INFO] Pass: ContainsInstruction - 0.01574 (ms)
2026-07-13 10:44:49,762 [INFO] Pass: UnitarySynthesis - 0.00572 (ms)
2026-07-13 10:44:49,762 [INFO] Pass: Size - 0.05603 (ms)
2026-07-13 10:44:49,762 [INFO] Pass: FixedPoint - 0.00453 (ms)
2026-07-13 10:44:49,762 [INFO] Pass: InverseCancellation - 0.01669 (ms)
2026-07-13 10:44:49,762 [INFO] Pass: InverseCancellation - 0.02122 (ms)
2026-07-13 10:44:49,762 [INFO] Pass: Depth - 0.17166 (ms)
2026-07-13 10:44:49,762 [INFO] Pass: UnitarySynthesis - 0.00548 (ms)
2026-07-13 10:44:49,762 [INFO] Pass: UnitarySynthesis - 0.00548 (ms)
2026-07-13 10:44:49,762 [INFO] Pass: BasisTranslator - 0.62847 (ms)
2026-07-13 10:44:49,762 [INFO] Pass: FixedPoint - 0.01407 (ms)
2026-07-13 10:44:49,762 [INFO] Pass: Optimize1qGatesDecomposition - 0.13685 (ms)
2026-07-13 10:44:49,763 [INFO] Pass: Size - 0.05698 (ms)
2026-07-13 10:44:49,763 [INFO] Pass: InverseCancellation - 0.00811 (ms)
2026-07-13 10:44:49,763 [INFO] Pass: FixedPoint - 0.00477 (ms)
2026-07-13 10:44:49,763 [INFO] Pass: Depth - 0.16975 (ms)
2026-07-13 10:44:49,763 [INFO] Pass: FixedPoint - 0.01240 (ms)
2026-07-13 10:44:49,763 [INFO] Pass: Optimize1qGatesDecomposition - 0.12755 (ms)
2026-07-13 10:44:49,763 [INFO] Pass: Size - 0.05651 (ms)
2026-07-13 10:44:49,763 [INFO] Pass: InverseCancellation - 0.00811 (ms)
2026-07-13 10:44:49,763 [INFO] Pass: FixedPoint - 0.00477 (ms)
2026-07-13 10:44:49,763 [INFO] Pass: Optimize1qGatesDecomposition - 0.13232 (ms)
2026-07-13 10:44:49,763 [INFO] Pass: InverseCancellation - 0.00811 (ms)
2026-07-13 10:44:49,763 [INFO] Pass: GatesInBasis - 0.63324 (ms)
2026-07-13 10:44:49,763 [INFO] Pass: Depth - 0.14472 (ms)
2026-07-13 10:44:49,763 [INFO] Pass: FixedPoint - 0.00525 (ms)
2026-07-13 10:44:49,763 [INFO] Pass: GatesInBasis - 0.62466 (ms)
2026-07-13 10:44:49,764 [INFO] Pass: Size - 0.05150 (ms)
2026-07-13 10:44:49,764 [INFO] Pass: HighLevelSynthesis - 1.23382 (ms)
2026-07-13 10:44:49,764 [INFO] Pass: FixedPoint - 0.00429 (ms)
2026-07-13 10:44:49,764 [INFO] Pass: ContainsInstruction - 0.00572 (ms)
2026-07-13 10:44:49,764 [INFO] Pass: Depth - 0.15759 (ms)
2026-07-13 10:44:49,764 [INFO] Pass: FixedPoint - 0.00548 (ms)
2026-07-13 10:44:49,764 [INFO] Pass: HighLevelSynthesis - 1.25241 (ms)
2026-07-13 10:44:49,764 [INFO] Pass: HighLevelSynthesis - 1.25647 (ms)
2026-07-13 10:44:49,764 [INFO] Pass: GatesInBasis - 0.62275 (ms)
2026-07-13 10:44:49,764 [INFO] Pass: Size - 0.05198 (ms)
2026-07-13 10:44:49,764 [INFO] Pass: FixedPoint - 0.00429 (ms)
2026-07-13 10:44:49,764 [INFO] Pass: ContainsInstruction - 0.00548 (ms)
2026-07-13 10:44:49,764 [INFO] Pass: Depth - 0.13828 (ms)
2026-07-13 10:44:49,764 [INFO] Pass: FixedPoint - 0.00525 (ms)
2026-07-13 10:44:49,764 [INFO] Pass: Size - 0.05126 (ms)
2026-07-13 10:44:49,764 [INFO] Pass: FixedPoint - 0.00429 (ms)
2026-07-13 10:44:49,764 [INFO] Pass: ContainsInstruction - 0.00548 (ms)
2026-07-13 10:44:49,764 [INFO] Pass: BasisTranslator - 0.63610 (ms)
2026-07-13 10:44:49,764 [INFO] Pass: BasisTranslator - 0.68879 (ms)
2026-07-13 10:44:49,764 [INFO] Pass: BasisTranslator - 0.68450 (ms)
2026-07-13 10:44:49,764 [INFO] Pass: Depth - 0.16928 (ms)
2026-07-13 10:44:49,765 [INFO] Pass: FixedPoint - 0.01311 (ms)
2026-07-13 10:44:49,765 [INFO] Pass: Size - 0.05627 (ms)
2026-07-13 10:44:49,765 [INFO] Pass: FixedPoint - 0.00453 (ms)
2026-07-13 10:44:49,765 [INFO] Pass: Depth - 0.17691 (ms)
2026-07-13 10:44:49,765 [INFO] Pass: Depth - 0.18358 (ms)
2026-07-13 10:44:49,765 [INFO] Pass: FixedPoint - 0.01192 (ms)
2026-07-13 10:44:49,765 [INFO] Pass: FixedPoint - 0.01192 (ms)
2026-07-13 10:44:49,765 [INFO] Pass: Optimize1qGatesDecomposition - 0.12565 (ms)
2026-07-13 10:44:49,765 [INFO] Pass: Size - 0.05698 (ms)
2026-07-13 10:44:49,765 [INFO] Pass: Size - 0.05603 (ms)
2026-07-13 10:44:49,765 [INFO] Pass: FixedPoint - 0.00453 (ms)
2026-07-13 10:44:49,765 [INFO] Pass: FixedPoint - 0.00477 (ms)
2026-07-13 10:44:49,765 [INFO] Pass: InverseCancellation - 0.00787 (ms)
2026-07-13 10:44:49,765 [INFO] Total Transpile Time - 86.38191 (ms)
2026-07-13 10:44:49,765 [INFO] Pass: Optimize1qGatesDecomposition - 0.13208 (ms)
2026-07-13 10:44:49,765 [INFO] Pass: Optimize1qGatesDecomposition - 0.12970 (ms)
2026-07-13 10:44:49,765 [INFO] Pass: InverseCancellation - 0.00834 (ms)
2026-07-13 10:44:49,765 [INFO] Pass: InverseCancellation - 0.00930 (ms)
2026-07-13 10:44:49,765 [INFO] Total Transpile Time - 82.95798 (ms)
2026-07-13 10:44:49,765 [INFO] Total Transpile Time - 82.81136 (ms)
2026-07-13 10:44:49,766 [INFO] Pass: GatesInBasis - 0.62084 (ms)
2026-07-13 10:44:49,766 [INFO] Pass: Depth - 0.13542 (ms)
2026-07-13 10:44:49,766 [INFO] Pass: FixedPoint - 0.00501 (ms)
2026-07-13 10:44:49,766 [INFO] Pass: GatesInBasis - 0.61154 (ms)
2026-07-13 10:44:49,766 [INFO] Pass: GatesInBasis - 0.61941 (ms)
2026-07-13 10:44:49,766 [INFO] Pass: Size - 0.05054 (ms)
2026-07-13 10:44:49,766 [INFO] Pass: FixedPoint - 0.00453 (ms)
2026-07-13 10:44:49,766 [INFO] Pass: ContainsInstruction - 0.00453 (ms)
2026-07-13 10:44:49,766 [INFO] Pass: Depth - 0.14067 (ms)
2026-07-13 10:44:49,766 [INFO] Pass: Depth - 0.13781 (ms)
2026-07-13 10:44:49,766 [INFO] Pass: FixedPoint - 0.00525 (ms)
2026-07-13 10:44:49,766 [INFO] Pass: FixedPoint - 0.00525 (ms)
2026-07-13 10:44:49,766 [INFO] Pass: Size - 0.05198 (ms)
2026-07-13 10:44:49,766 [INFO] Pass: Size - 0.05054 (ms)
2026-07-13 10:44:49,766 [INFO] Pass: FixedPoint - 0.00477 (ms)
2026-07-13 10:44:49,766 [INFO] Pass: FixedPoint - 0.00405 (ms)
2026-07-13 10:44:49,766 [INFO] Pass: ContainsInstruction - 0.00501 (ms)
2026-07-13 10:44:49,766 [INFO] Pass: ContainsInstruction - 0.00477 (ms)
2026-07-13 10:44:49,766 [INFO] Pass: ContainsInstruction - 0.01764 (ms)
2026-07-13 10:44:49,766 [INFO] Pass: InverseCancellation - 0.01597 (ms)
2026-07-13 10:44:49,766 [INFO] Pass: UnitarySynthesis - 0.00572 (ms)
2026-07-13 10:44:49,767 [INFO] Total Transpile Time - 81.93135 (ms)
2026-07-13 10:44:49,767 [INFO] Pass: ContainsInstruction - 0.01836 (ms)
2026-07-13 10:44:49,767 [INFO] Pass: InverseCancellation - 0.01621 (ms)
2026-07-13 10:44:49,767 [INFO] Pass: UnitarySynthesis - 0.00572 (ms)
2026-07-13 10:44:49,767 [INFO] Total Transpile Time - 81.66027 (ms)
2026-07-13 10:44:49,767 [INFO] Total Transpile Time - 81.98237 (ms)
2026-07-13 10:44:49,768 [INFO] Pass: HighLevelSynthesis - 1.26696 (ms)
2026-07-13 10:44:49,768 [INFO] Pass: BasisTranslator - 0.63443 (ms)
2026-07-13 10:44:49,769 [INFO] Pass: Depth - 0.17285 (ms)
2026-07-13 10:44:49,769 [INFO] Pass: HighLevelSynthesis - 1.26648 (ms)
2026-07-13 10:44:49,769 [INFO] Pass: FixedPoint - 0.01216 (ms)
2026-07-13 10:44:49,769 [INFO] Pass: Size - 0.05412 (ms)
2026-07-13 10:44:49,769 [INFO] Pass: FixedPoint - 0.00453 (ms)
2026-07-13 10:44:49,769 [INFO] Pass: Optimize1qGatesDecomposition - 0.12970 (ms)
2026-07-13 10:44:49,769 [INFO] Pass: InverseCancellation - 0.00787 (ms)
2026-07-13 10:44:49,769 [INFO] Pass: BasisTranslator - 0.68951 (ms)
2026-07-13 10:44:49,770 [INFO] Pass: Depth - 0.17023 (ms)
2026-07-13 10:44:49,770 [INFO] Pass: FixedPoint - 0.01264 (ms)
2026-07-13 10:44:49,770 [INFO] Pass: GatesInBasis - 0.61178 (ms)
2026-07-13 10:44:49,770 [INFO] Pass: Size - 0.05507 (ms)
2026-07-13 10:44:49,770 [INFO] Pass: FixedPoint - 0.00453 (ms)
2026-07-13 10:44:49,770 [INFO] Pass: Depth - 0.13804 (ms)
2026-07-13 10:44:49,770 [INFO] Pass: FixedPoint - 0.00548 (ms)
2026-07-13 10:44:49,770 [INFO] Pass: Optimize1qGatesDecomposition - 0.12827 (ms)
2026-07-13 10:44:49,770 [INFO] Pass: Size - 0.05221 (ms)
2026-07-13 10:44:49,770 [INFO] Pass: InverseCancellation - 0.00834 (ms)
2026-07-13 10:44:49,770 [INFO] Pass: FixedPoint - 0.00453 (ms)
2026-07-13 10:44:49,770 [INFO] Pass: ContainsInstruction - 0.00525 (ms)
2026-07-13 10:44:49,771 [INFO] Pass: ContainsInstruction - 0.01812 (ms)
2026-07-13 10:44:49,771 [INFO] Pass: InverseCancellation - 0.01597 (ms)
2026-07-13 10:44:49,771 [INFO] Pass: GatesInBasis - 0.61178 (ms)
2026-07-13 10:44:49,771 [INFO] Pass: UnitarySynthesis - 0.00548 (ms)
2026-07-13 10:44:49,771 [INFO] Pass: Depth - 0.13709 (ms)
2026-07-13 10:44:49,771 [INFO] Pass: FixedPoint - 0.00501 (ms)
2026-07-13 10:44:49,771 [INFO] Pass: Size - 0.05054 (ms)
2026-07-13 10:44:49,771 [INFO] Pass: FixedPoint - 0.00429 (ms)
2026-07-13 10:44:49,771 [INFO] Pass: ContainsInstruction - 0.01001 (ms)
2026-07-13 10:44:49,771 [INFO] Total Transpile Time - 81.73394 (ms)
2026-07-13 10:44:49,772 [INFO] Pass: HighLevelSynthesis - 1.25480 (ms)
2026-07-13 10:44:49,772 [INFO] Total Transpile Time - 80.75571 (ms)
2026-07-13 10:44:49,773 [INFO] Pass: BasisTranslator - 0.62180 (ms)
2026-07-13 10:44:49,773 [INFO] Pass: Depth - 0.16975 (ms)
2026-07-13 10:44:49,773 [INFO] Pass: FixedPoint - 0.01264 (ms)
2026-07-13 10:44:49,773 [INFO] Pass: Size - 0.05913 (ms)
2026-07-13 10:44:49,773 [INFO] Pass: FixedPoint - 0.00453 (ms)
2026-07-13 10:44:49,773 [INFO] Pass: Optimize1qGatesDecomposition - 0.12660 (ms)
2026-07-13 10:44:49,773 [INFO] Pass: InverseCancellation - 0.00787 (ms)
2026-07-13 10:44:49,774 [INFO] Pass: GatesInBasis - 0.61703 (ms)
2026-07-13 10:44:49,774 [INFO] Pass: Depth - 0.14257 (ms)
2026-07-13 10:44:49,774 [INFO] Pass: FixedPoint - 0.00501 (ms)
2026-07-13 10:44:49,774 [INFO] Pass: Size - 0.05126 (ms)
2026-07-13 10:44:49,774 [INFO] Pass: ContainsInstruction - 0.01788 (ms)
2026-07-13 10:44:49,774 [INFO] Pass: FixedPoint - 0.00453 (ms)
2026-07-13 10:44:49,774 [INFO] Pass: ContainsInstruction - 0.00548 (ms)
2026-07-13 10:44:49,774 [INFO] Pass: InverseCancellation - 0.01621 (ms)
2026-07-13 10:44:49,774 [INFO] Pass: UnitarySynthesis - 0.00501 (ms)
2026-07-13 10:44:49,776 [INFO] Total Transpile Time - 80.67846 (ms)
2026-07-13 10:44:49,776 [INFO] Pass: HighLevelSynthesis - 1.25217 (ms)
2026-07-13 10:44:49,776 [INFO] Pass: BasisTranslator - 0.63157 (ms)
2026-07-13 10:44:49,777 [INFO] Pass: Depth - 0.17023 (ms)
2026-07-13 10:44:49,777 [INFO] Pass: FixedPoint - 0.01168 (ms)
2026-07-13 10:44:49,777 [INFO] Pass: Size - 0.05412 (ms)
2026-07-13 10:44:49,777 [INFO] Pass: FixedPoint - 0.00477 (ms)
2026-07-13 10:44:49,777 [INFO] Pass: Optimize1qGatesDecomposition - 0.12779 (ms)
2026-07-13 10:44:49,777 [INFO] Pass: InverseCancellation - 0.01049 (ms)
2026-07-13 10:44:49,778 [INFO] Pass: GatesInBasis - 0.60892 (ms)
2026-07-13 10:44:49,778 [INFO] Pass: Depth - 0.13828 (ms)
2026-07-13 10:44:49,778 [INFO] Pass: FixedPoint - 0.00525 (ms)
2026-07-13 10:44:49,778 [INFO] Pass: Size - 0.05102 (ms)
2026-07-13 10:44:49,778 [INFO] Pass: FixedPoint - 0.00477 (ms)
2026-07-13 10:44:49,778 [INFO] Pass: ContainsInstruction - 0.00501 (ms)
2026-07-13 10:44:49,779 [INFO] Total Transpile Time - 80.86967 (ms)
2026-07-13 10:44:49,780 [INFO] Pass: ContainsInstruction - 0.01574 (ms)
2026-07-13 10:44:49,780 [INFO] Pass: InverseCancellation - 0.01597 (ms)
2026-07-13 10:44:49,780 [INFO] Pass: UnitarySynthesis - 0.00572 (ms)
2026-07-13 10:44:49,781 [INFO] Pass: HighLevelSynthesis - 1.23429 (ms)
2026-07-13 10:44:49,782 [INFO] Pass: BasisTranslator - 0.62037 (ms)
2026-07-13 10:44:49,782 [INFO] Pass: Depth - 0.17643 (ms)
2026-07-13 10:44:49,782 [INFO] Pass: FixedPoint - 0.01144 (ms)
2026-07-13 10:44:49,782 [INFO] Pass: Size - 0.05627 (ms)
2026-07-13 10:44:49,782 [INFO] Pass: FixedPoint - 0.00453 (ms)
2026-07-13 10:44:49,782 [INFO] Pass: Optimize1qGatesDecomposition - 0.12302 (ms)
2026-07-13 10:44:49,783 [INFO] Pass: InverseCancellation - 0.00954 (ms)
2026-07-13 10:44:49,783 [INFO] Pass: GatesInBasis - 0.66066 (ms)
2026-07-13 10:44:49,783 [INFO] Pass: Depth - 0.13924 (ms)
2026-07-13 10:44:49,783 [INFO] Pass: FixedPoint - 0.00572 (ms)
2026-07-13 10:44:49,784 [INFO] Pass: Size - 0.05126 (ms)
2026-07-13 10:44:49,784 [INFO] Pass: FixedPoint - 0.00453 (ms)
2026-07-13 10:44:49,784 [INFO] Pass: ContainsInstruction - 0.00548 (ms)
2026-07-13 10:44:49,785 [INFO] Total Transpile Time - 80.27387 (ms)
2026-07-13 10:44:49,786 [INFO] Pass: ContainsInstruction - 0.01621 (ms)
2026-07-13 10:44:49,786 [INFO] Pass: InverseCancellation - 0.01550 (ms)
2026-07-13 10:44:49,786 [INFO] Pass: UnitarySynthesis - 0.00525 (ms)
2026-07-13 10:44:49,786 [INFO] Pass: ContainsInstruction - 0.01526 (ms)
2026-07-13 10:44:49,786 [INFO] Pass: InverseCancellation - 0.01574 (ms)
2026-07-13 10:44:49,786 [INFO] Pass: UnitarySynthesis - 0.00525 (ms)
2026-07-13 10:44:49,787 [INFO] Pass: HighLevelSynthesis - 1.22762 (ms)
2026-07-13 10:44:49,788 [INFO] Pass: HighLevelSynthesis - 1.21570 (ms)
2026-07-13 10:44:49,788 [INFO] Pass: BasisTranslator - 0.63014 (ms)
2026-07-13 10:44:49,788 [INFO] Pass: Depth - 0.16737 (ms)
2026-07-13 10:44:49,788 [INFO] Pass: BasisTranslator - 0.68212 (ms)
2026-07-13 10:44:49,788 [INFO] Pass: FixedPoint - 0.01049 (ms)
2026-07-13 10:44:49,789 [INFO] Pass: Size - 0.05603 (ms)
2026-07-13 10:44:49,789 [INFO] Pass: FixedPoint - 0.00477 (ms)
2026-07-13 10:44:49,789 [INFO] Pass: Depth - 0.17166 (ms)
2026-07-13 10:44:49,789 [INFO] Pass: FixedPoint - 0.01073 (ms)
2026-07-13 10:44:49,789 [INFO] Pass: Optimize1qGatesDecomposition - 0.12493 (ms)
2026-07-13 10:44:49,789 [INFO] Pass: Size - 0.05364 (ms)
2026-07-13 10:44:49,789 [INFO] Pass: FixedPoint - 0.00453 (ms)
2026-07-13 10:44:49,789 [INFO] Pass: InverseCancellation - 0.01097 (ms)
2026-07-13 10:44:49,789 [INFO] Pass: Optimize1qGatesDecomposition - 0.12350 (ms)
2026-07-13 10:44:49,789 [INFO] Pass: InverseCancellation - 0.00811 (ms)
2026-07-13 10:44:49,789 [INFO] Pass: GatesInBasis - 0.66805 (ms)
2026-07-13 10:44:49,790 [INFO] Pass: GatesInBasis - 0.62323 (ms)
2026-07-13 10:44:49,790 [INFO] Pass: Depth - 0.13804 (ms)
2026-07-13 10:44:49,790 [INFO] Pass: FixedPoint - 0.00548 (ms)
2026-07-13 10:44:49,790 [INFO] Pass: Size - 0.05174 (ms)
2026-07-13 10:44:49,790 [INFO] Pass: FixedPoint - 0.00453 (ms)
2026-07-13 10:44:49,790 [INFO] Pass: Depth - 0.13828 (ms)
2026-07-13 10:44:49,790 [INFO] Pass: ContainsInstruction - 0.00525 (ms)
2026-07-13 10:44:49,790 [INFO] Pass: FixedPoint - 0.00525 (ms)
2026-07-13 10:44:49,790 [INFO] Pass: Size - 0.05150 (ms)
2026-07-13 10:44:49,790 [INFO] Pass: FixedPoint - 0.00453 (ms)
2026-07-13 10:44:49,790 [INFO] Pass: ContainsInstruction - 0.00501 (ms)
2026-07-13 10:44:49,791 [INFO] Total Transpile Time - 81.21777 (ms)
2026-07-13 10:44:49,791 [INFO] Total Transpile Time - 80.99484 (ms)
2026-07-13 10:44:49,802 [INFO] Pass: ContainsInstruction - 0.01645 (ms)
2026-07-13 10:44:49,803 [INFO] Pass: ContainsInstruction - 0.01621 (ms)
2026-07-13 10:44:49,803 [INFO] Pass: InverseCancellation - 0.01740 (ms)
2026-07-13 10:44:49,803 [INFO] Pass: InverseCancellation - 0.01550 (ms)
2026-07-13 10:44:49,803 [INFO] Pass: UnitarySynthesis - 0.00548 (ms)
2026-07-13 10:44:49,803 [INFO] Pass: UnitarySynthesis - 0.00477 (ms)
2026-07-13 10:44:49,803 [INFO] Pass: ContainsInstruction - 0.01502 (ms)
2026-07-13 10:44:49,803 [INFO] Pass: InverseCancellation - 0.01597 (ms)
2026-07-13 10:44:49,803 [INFO] Pass: UnitarySynthesis - 0.00501 (ms)
2026-07-13 10:44:49,804 [INFO] Pass: HighLevelSynthesis - 1.22643 (ms)
2026-07-13 10:44:49,804 [INFO] Pass: HighLevelSynthesis - 1.23954 (ms)
2026-07-13 10:44:49,805 [INFO] Pass: HighLevelSynthesis - 1.22380 (ms)
2026-07-13 10:44:49,805 [INFO] Pass: BasisTranslator - 0.68331 (ms)
2026-07-13 10:44:49,805 [INFO] Pass: BasisTranslator - 0.68045 (ms)
2026-07-13 10:44:49,805 [INFO] Pass: Depth - 0.17762 (ms)
2026-07-13 10:44:49,805 [INFO] Pass: Depth - 0.16785 (ms)
2026-07-13 10:44:49,805 [INFO] Pass: FixedPoint - 0.01049 (ms)
2026-07-13 10:44:49,805 [INFO] Pass: FixedPoint - 0.01144 (ms)
2026-07-13 10:44:49,805 [INFO] Pass: Size - 0.05913 (ms)
2026-07-13 10:44:49,805 [INFO] Pass: Size - 0.05984 (ms)
2026-07-13 10:44:49,805 [INFO] Pass: FixedPoint - 0.00453 (ms)
2026-07-13 10:44:49,805 [INFO] Pass: FixedPoint - 0.00453 (ms)
2026-07-13 10:44:49,805 [INFO] Pass: BasisTranslator - 0.68212 (ms)
2026-07-13 10:44:49,805 [INFO] Pass: Optimize1qGatesDecomposition - 0.12970 (ms)
2026-07-13 10:44:49,805 [INFO] Pass: Optimize1qGatesDecomposition - 0.12445 (ms)
2026-07-13 10:44:49,805 [INFO] Pass: InverseCancellation - 0.00834 (ms)
2026-07-13 10:44:49,805 [INFO] Pass: InverseCancellation - 0.00787 (ms)
2026-07-13 10:44:49,805 [INFO] Pass: Depth - 0.17142 (ms)
2026-07-13 10:44:49,806 [INFO] Pass: FixedPoint - 0.01073 (ms)
2026-07-13 10:44:49,806 [INFO] Pass: Size - 0.05317 (ms)
2026-07-13 10:44:49,806 [INFO] Pass: FixedPoint - 0.00477 (ms)
2026-07-13 10:44:49,806 [INFO] Pass: Optimize1qGatesDecomposition - 0.12326 (ms)
2026-07-13 10:44:49,806 [INFO] Pass: InverseCancellation - 0.00763 (ms)
2026-07-13 10:44:49,806 [INFO] Pass: GatesInBasis - 0.61631 (ms)
2026-07-13 10:44:49,806 [INFO] Pass: GatesInBasis - 0.61655 (ms)
2026-07-13 10:44:49,806 [INFO] Pass: Depth - 0.14257 (ms)
2026-07-13 10:44:49,806 [INFO] Pass: Depth - 0.14162 (ms)
2026-07-13 10:44:49,806 [INFO] Pass: FixedPoint - 0.00477 (ms)
2026-07-13 10:44:49,806 [INFO] Pass: FixedPoint - 0.00501 (ms)
2026-07-13 10:44:49,806 [INFO] Pass: Size - 0.05102 (ms)
2026-07-13 10:44:49,806 [INFO] Pass: Size - 0.05126 (ms)
2026-07-13 10:44:49,806 [INFO] Pass: FixedPoint - 0.00429 (ms)
2026-07-13 10:44:49,806 [INFO] Pass: FixedPoint - 0.00453 (ms)
2026-07-13 10:44:49,806 [INFO] Pass: ContainsInstruction - 0.00525 (ms)
2026-07-13 10:44:49,806 [INFO] Pass: ContainsInstruction - 0.00477 (ms)
2026-07-13 10:44:49,807 [INFO] Pass: GatesInBasis - 0.61941 (ms)
2026-07-13 10:44:49,807 [INFO] Pass: Depth - 0.13900 (ms)
2026-07-13 10:44:49,807 [INFO] Pass: FixedPoint - 0.00525 (ms)
2026-07-13 10:44:49,807 [INFO] Pass: Size - 0.05078 (ms)
2026-07-13 10:44:49,807 [INFO] Pass: FixedPoint - 0.00429 (ms)
2026-07-13 10:44:49,807 [INFO] Pass: ContainsInstruction - 0.00453 (ms)
2026-07-13 10:44:49,808 [INFO] Total Transpile Time - 81.19535 (ms)
2026-07-13 10:44:49,808 [INFO] Total Transpile Time - 81.17890 (ms)
2026-07-13 10:44:49,808 [INFO] Total Transpile Time - 81.09283 (ms)
2026-07-13 10:44:49,822 [INFO] Pass: ContainsInstruction - 0.00834 (ms)
2026-07-13 10:44:49,822 [INFO] Pass: ContainsInstruction - 0.00739 (ms)
2026-07-13 10:44:49,822 [INFO] Pass: InverseCancellation - 0.16665 (ms)
2026-07-13 10:44:49,822 [INFO] Pass: UnitarySynthesis - 0.00453 (ms)
2026-07-13 10:44:49,822 [INFO] Pass: InverseCancellation - 0.16642 (ms)
2026-07-13 10:44:49,822 [INFO] Pass: UnitarySynthesis - 0.00453 (ms)
2026-07-13 10:44:49,823 [INFO] Pass: ContainsInstruction - 0.00906 (ms)
2026-07-13 10:44:49,823 [INFO] Pass: InverseCancellation - 0.16236 (ms)
2026-07-13 10:44:49,823 [INFO] Pass: UnitarySynthesis - 0.00501 (ms)
2026-07-13 10:44:49,823 [INFO] Pass: HighLevelSynthesis - 1.19448 (ms)
2026-07-13 10:44:49,824 [INFO] Pass: HighLevelSynthesis - 1.18780 (ms)
2026-07-13 10:44:49,824 [INFO] Pass: ContainsInstruction - 0.00715 (ms)
2026-07-13 10:44:49,824 [INFO] Pass: InverseCancellation - 0.16141 (ms)
2026-07-13 10:44:49,824 [INFO] Pass: UnitarySynthesis - 0.00477 (ms)
2026-07-13 10:44:49,824 [INFO] Pass: HighLevelSynthesis - 1.21713 (ms)
2026-07-13 10:44:49,824 [INFO] Pass: BasisTranslator - 0.65255 (ms)
2026-07-13 10:44:49,824 [INFO] Pass: BasisTranslator - 0.79393 (ms)
2026-07-13 10:44:49,824 [INFO] Pass: ContainsInstruction - 0.00834 (ms)
2026-07-13 10:44:49,824 [INFO] Pass: Depth - 0.15330 (ms)
2026-07-13 10:44:49,824 [INFO] Pass: FixedPoint - 0.00715 (ms)
2026-07-13 10:44:49,825 [INFO] Pass: Depth - 0.15712 (ms)
2026-07-13 10:44:49,825 [INFO] Pass: FixedPoint - 0.00787 (ms)
2026-07-13 10:44:49,825 [INFO] Pass: Size - 0.05555 (ms)
2026-07-13 10:44:49,825 [INFO] Pass: FixedPoint - 0.00429 (ms)
2026-07-13 10:44:49,825 [INFO] Pass: InverseCancellation - 0.16356 (ms)
2026-07-13 10:44:49,825 [INFO] Pass: Size - 0.05555 (ms)
2026-07-13 10:44:49,825 [INFO] Pass: UnitarySynthesis - 0.00453 (ms)
2026-07-13 10:44:49,825 [INFO] Pass: FixedPoint - 0.00429 (ms)
2026-07-13 10:44:49,825 [INFO] Pass: BasisTranslator - 0.64754 (ms)
2026-07-13 10:44:49,825 [INFO] Pass: Depth - 0.15235 (ms)
2026-07-13 10:44:49,825 [INFO] Pass: FixedPoint - 0.00787 (ms)
2026-07-13 10:44:49,825 [INFO] Pass: Size - 0.05674 (ms)
2026-07-13 10:44:49,825 [INFO] Pass: FixedPoint - 0.00453 (ms)
2026-07-13 10:44:49,825 [INFO] Pass: ContainsInstruction - 0.00954 (ms)
2026-07-13 10:44:49,825 [INFO] Pass: HighLevelSynthesis - 1.20616 (ms)
2026-07-13 10:44:49,826 [INFO] Pass: InverseCancellation - 0.17452 (ms)
2026-07-13 10:44:49,826 [INFO] Pass: UnitarySynthesis - 0.00525 (ms)
2026-07-13 10:44:49,826 [INFO] Pass: HighLevelSynthesis - 1.20306 (ms)
2026-07-13 10:44:49,826 [INFO] Pass: BasisTranslator - 0.64254 (ms)
2026-07-13 10:44:49,826 [INFO] Pass: Optimize1qGatesDecomposition - 1.36709 (ms)
2026-07-13 10:44:49,826 [INFO] Pass: Optimize1qGatesDecomposition - 1.45435 (ms)
2026-07-13 10:44:49,826 [INFO] Pass: Depth - 0.15950 (ms)
2026-07-13 10:44:49,826 [INFO] Pass: FixedPoint - 0.00668 (ms)
2026-07-13 10:44:49,826 [INFO] Pass: InverseCancellation - 0.14639 (ms)
2026-07-13 10:44:49,826 [INFO] Pass: InverseCancellation - 0.15283 (ms)
2026-07-13 10:44:49,826 [INFO] Pass: Size - 0.05579 (ms)
2026-07-13 10:44:49,826 [INFO] Pass: Optimize1qGatesDecomposition - 1.12867 (ms)
2026-07-13 10:44:49,826 [INFO] Pass: FixedPoint - 0.00477 (ms)
2026-07-13 10:44:49,827 [INFO] Pass: InverseCancellation - 0.15140 (ms)
2026-07-13 10:44:49,827 [INFO] Pass: BasisTranslator - 0.64588 (ms)
2026-07-13 10:44:49,827 [INFO] Pass: Depth - 0.15569 (ms)
2026-07-13 10:44:49,827 [INFO] Pass: HighLevelSynthesis - 1.20187 (ms)
2026-07-13 10:44:49,827 [INFO] Pass: FixedPoint - 0.00739 (ms)
2026-07-13 10:44:49,827 [INFO] Pass: Size - 0.05531 (ms)
2026-07-13 10:44:49,827 [INFO] Pass: FixedPoint - 0.00429 (ms)
2026-07-13 10:44:49,827 [INFO] Pass: GatesInBasis - 0.66185 (ms)
2026-07-13 10:44:49,827 [INFO] Pass: GatesInBasis - 0.74768 (ms)
2026-07-13 10:44:49,827 [INFO] Pass: Depth - 0.15354 (ms)
2026-07-13 10:44:49,827 [INFO] Pass: FixedPoint - 0.00572 (ms)
2026-07-13 10:44:49,827 [INFO] Pass: Depth - 0.14973 (ms)
2026-07-13 10:44:49,827 [INFO] Pass: Size - 0.05412 (ms)
2026-07-13 10:44:49,827 [INFO] Pass: GatesInBasis - 0.73767 (ms)
2026-07-13 10:44:49,827 [INFO] Pass: FixedPoint - 0.00620 (ms)
2026-07-13 10:44:49,827 [INFO] Pass: FixedPoint - 0.00429 (ms)
2026-07-13 10:44:49,827 [INFO] Pass: ContainsInstruction - 0.00525 (ms)
2026-07-13 10:44:49,827 [INFO] Pass: Size - 0.05484 (ms)
2026-07-13 10:44:49,827 [INFO] Pass: FixedPoint - 0.00477 (ms)
2026-07-13 10:44:49,828 [INFO] Pass: Optimize1qGatesDecomposition - 1.08027 (ms)
2026-07-13 10:44:49,828 [INFO] Pass: ContainsInstruction - 0.00501 (ms)
2026-07-13 10:44:49,828 [INFO] Pass: Depth - 0.14782 (ms)
2026-07-13 10:44:49,828 [INFO] Pass: BasisTranslator - 0.65565 (ms)
2026-07-13 10:44:49,828 [INFO] Pass: FixedPoint - 0.00620 (ms)
2026-07-13 10:44:49,828 [INFO] Pass: Size - 0.05364 (ms)
2026-07-13 10:44:49,828 [INFO] Pass: FixedPoint - 0.00429 (ms)
2026-07-13 10:44:49,828 [INFO] Pass: InverseCancellation - 0.14615 (ms)
2026-07-13 10:44:49,828 [INFO] Pass: ContainsInstruction - 0.01049 (ms)
2026-07-13 10:44:49,828 [INFO] Pass: Depth - 0.16356 (ms)
2026-07-13 10:44:49,828 [INFO] Pass: FixedPoint - 0.00858 (ms)
2026-07-13 10:44:49,828 [INFO] Pass: Size - 0.05698 (ms)
2026-07-13 10:44:49,828 [INFO] Pass: FixedPoint - 0.00453 (ms)
2026-07-13 10:44:49,828 [INFO] Pass: Optimize1qGatesDecomposition - 1.09196 (ms)
2026-07-13 10:44:49,828 [INFO] Pass: ContainsInstruction - 0.00811 (ms)
2026-07-13 10:44:49,828 [INFO] Pass: InverseCancellation - 0.14472 (ms)
2026-07-13 10:44:49,828 [INFO] Pass: InverseCancellation - 0.16713 (ms)
2026-07-13 10:44:49,828 [INFO] Pass: UnitarySynthesis - 0.00429 (ms)
2026-07-13 10:44:49,828 [INFO] Pass: GatesInBasis - 0.73647 (ms)
2026-07-13 10:44:49,829 [INFO] Total Transpile Time - 63.31539 (ms)
2026-07-13 10:44:49,829 [INFO] Pass: Depth - 0.14830 (ms)
2026-07-13 10:44:49,829 [INFO] Pass: FixedPoint - 0.00596 (ms)
2026-07-13 10:44:49,829 [INFO] Total Transpile Time - 63.22670 (ms)
2026-07-13 10:44:49,829 [INFO] Pass: Size - 0.05436 (ms)
2026-07-13 10:44:49,829 [INFO] Pass: FixedPoint - 0.00453 (ms)
2026-07-13 10:44:49,829 [INFO] Pass: ContainsInstruction - 0.00525 (ms)
2026-07-13 10:44:49,829 [INFO] Total Transpile Time - 63.81655 (ms)
2026-07-13 10:44:49,829 [INFO] Pass: ContainsInstruction - 0.00834 (ms)
2026-07-13 10:44:49,829 [INFO] Pass: GatesInBasis - 0.65255 (ms)
2026-07-13 10:44:49,829 [INFO] Pass: Optimize1qGatesDecomposition - 1.09553 (ms)
2026-07-13 10:44:49,829 [INFO] Pass: InverseCancellation - 0.16975 (ms)
2026-07-13 10:44:49,829 [INFO] Pass: Depth - 0.15116 (ms)
2026-07-13 10:44:49,829 [INFO] Pass: UnitarySynthesis - 0.00477 (ms)
2026-07-13 10:44:49,829 [INFO] Pass: FixedPoint - 0.00548 (ms)
2026-07-13 10:44:49,829 [INFO] Pass: InverseCancellation - 0.15116 (ms)
2026-07-13 10:44:49,829 [INFO] Pass: Size - 0.05460 (ms)
2026-07-13 10:44:49,829 [INFO] Pass: FixedPoint - 0.00429 (ms)
2026-07-13 10:44:49,829 [INFO] Pass: ContainsInstruction - 0.00525 (ms)
2026-07-13 10:44:49,830 [INFO] Pass: HighLevelSynthesis - 1.18232 (ms)
2026-07-13 10:44:49,830 [INFO] Pass: GatesInBasis - 0.64445 (ms)
2026-07-13 10:44:49,830 [INFO] Total Transpile Time - 62.77943 (ms)
2026-07-13 10:44:49,830 [INFO] Pass: Depth - 0.15426 (ms)
2026-07-13 10:44:49,830 [INFO] Pass: FixedPoint - 0.00572 (ms)
2026-07-13 10:44:49,830 [INFO] Pass: Size - 0.05507 (ms)
2026-07-13 10:44:49,830 [INFO] Pass: FixedPoint - 0.00429 (ms)
2026-07-13 10:44:49,830 [INFO] Pass: ContainsInstruction - 0.00525 (ms)
2026-07-13 10:44:49,830 [INFO] Pass: BasisTranslator - 0.65017 (ms)
2026-07-13 10:44:49,830 [INFO] Pass: HighLevelSynthesis - 1.21307 (ms)
2026-07-13 10:44:49,831 [INFO] Pass: Depth - 0.15497 (ms)
2026-07-13 10:44:49,831 [INFO] Total Transpile Time - 63.05623 (ms)
2026-07-13 10:44:49,831 [INFO] Pass: FixedPoint - 0.00739 (ms)
2026-07-13 10:44:49,831 [INFO] Pass: Size - 0.05531 (ms)
2026-07-13 10:44:49,831 [INFO] Pass: FixedPoint - 0.00453 (ms)
2026-07-13 10:44:49,831 [INFO] Pass: BasisTranslator - 0.65184 (ms)
2026-07-13 10:44:49,831 [INFO] Pass: Depth - 0.15473 (ms)
2026-07-13 10:44:49,831 [INFO] Pass: FixedPoint - 0.00715 (ms)
2026-07-13 10:44:49,832 [INFO] Pass: Size - 0.05484 (ms)
2026-07-13 10:44:49,832 [INFO] Pass: FixedPoint - 0.00453 (ms)
2026-07-13 10:44:49,832 [INFO] Total Transpile Time - 64.11886 (ms)
2026-07-13 10:44:49,832 [INFO] Pass: Optimize1qGatesDecomposition - 1.08242 (ms)
2026-07-13 10:44:49,832 [INFO] Pass: InverseCancellation - 0.15044 (ms)
2026-07-13 10:44:49,832 [INFO] Pass: ContainsInstruction - 0.00978 (ms)
2026-07-13 10:44:49,832 [INFO] Pass: InverseCancellation - 0.16403 (ms)
2026-07-13 10:44:49,832 [INFO] Pass: UnitarySynthesis - 0.00477 (ms)
2026-07-13 10:44:49,833 [INFO] Pass: Optimize1qGatesDecomposition - 1.08099 (ms)
2026-07-13 10:44:49,833 [INFO] Pass: GatesInBasis - 0.73171 (ms)
2026-07-13 10:44:49,833 [INFO] Pass: InverseCancellation - 0.14544 (ms)
2026-07-13 10:44:49,833 [INFO] Pass: Depth - 0.14997 (ms)
2026-07-13 10:44:49,833 [INFO] Pass: FixedPoint - 0.00620 (ms)
2026-07-13 10:44:49,833 [INFO] Pass: Size - 0.05484 (ms)
2026-07-13 10:44:49,833 [INFO] Pass: FixedPoint - 0.00477 (ms)
2026-07-13 10:44:49,833 [INFO] Pass: ContainsInstruction - 0.00548 (ms)
2026-07-13 10:44:49,834 [INFO] Pass: GatesInBasis - 0.68831 (ms)
2026-07-13 10:44:49,834 [INFO] Pass: HighLevelSynthesis - 1.19710 (ms)
2026-07-13 10:44:49,834 [INFO] Pass: Depth - 0.14973 (ms)
2026-07-13 10:44:49,834 [INFO] Pass: FixedPoint - 0.00620 (ms)
2026-07-13 10:44:49,834 [INFO] Pass: Size - 0.05364 (ms)
2026-07-13 10:44:49,834 [INFO] Pass: FixedPoint - 0.00429 (ms)
2026-07-13 10:44:49,834 [INFO] Pass: ContainsInstruction - 0.00548 (ms)
2026-07-13 10:44:49,834 [INFO] Pass: BasisTranslator - 0.65541 (ms)
2026-07-13 10:44:49,834 [INFO] Total Transpile Time - 62.92582 (ms)
2026-07-13 10:44:49,835 [INFO] Pass: Depth - 0.15616 (ms)
2026-07-13 10:44:49,835 [INFO] Pass: FixedPoint - 0.00763 (ms)
2026-07-13 10:44:49,835 [INFO] Pass: Size - 0.05507 (ms)
2026-07-13 10:44:49,835 [INFO] Pass: FixedPoint - 0.00429 (ms)
2026-07-13 10:44:49,835 [INFO] Total Transpile Time - 62.74080 (ms)
2026-07-13 10:44:49,836 [INFO] Pass: ContainsInstruction - 0.00763 (ms)
2026-07-13 10:44:49,836 [INFO] Pass: Optimize1qGatesDecomposition - 1.07312 (ms)
2026-07-13 10:44:49,836 [INFO] Pass: InverseCancellation - 0.15903 (ms)
2026-07-13 10:44:49,836 [INFO] Pass: UnitarySynthesis - 0.00501 (ms)
2026-07-13 10:44:49,836 [INFO] Pass: InverseCancellation - 0.14853 (ms)
2026-07-13 10:44:49,837 [INFO] Pass: GatesInBasis - 0.73314 (ms)
2026-07-13 10:44:49,837 [INFO] Pass: Depth - 0.14806 (ms)
2026-07-13 10:44:49,837 [INFO] Pass: FixedPoint - 0.00596 (ms)
2026-07-13 10:44:49,837 [INFO] Pass: Size - 0.05388 (ms)
2026-07-13 10:44:49,837 [INFO] Pass: FixedPoint - 0.00429 (ms)
2026-07-13 10:44:49,837 [INFO] Pass: ContainsInstruction - 0.00548 (ms)
2026-07-13 10:44:49,837 [INFO] Pass: HighLevelSynthesis - 1.20759 (ms)
2026-07-13 10:44:49,838 [INFO] Pass: BasisTranslator - 0.64278 (ms)
2026-07-13 10:44:49,838 [INFO] Pass: Depth - 0.15926 (ms)
2026-07-13 10:44:49,838 [INFO] Pass: FixedPoint - 0.00715 (ms)
2026-07-13 10:44:49,838 [INFO] Pass: Size - 0.05555 (ms)
2026-07-13 10:44:49,838 [INFO] Pass: FixedPoint - 0.00429 (ms)
2026-07-13 10:44:49,838 [INFO] Total Transpile Time - 62.69574 (ms)
2026-07-13 10:44:49,839 [INFO] Pass: Optimize1qGatesDecomposition - 1.07479 (ms)
2026-07-13 10:44:49,840 [INFO] Pass: InverseCancellation - 0.14472 (ms)
2026-07-13 10:44:49,840 [INFO] Pass: GatesInBasis - 0.73957 (ms)
2026-07-13 10:44:49,841 [INFO] Pass: Depth - 0.14877 (ms)
2026-07-13 10:44:49,841 [INFO] Pass: FixedPoint - 0.00548 (ms)
2026-07-13 10:44:49,841 [INFO] Pass: Size - 0.05293 (ms)
2026-07-13 10:44:49,841 [INFO] Pass: FixedPoint - 0.00429 (ms)
2026-07-13 10:44:49,841 [INFO] Pass: ContainsInstruction - 0.00525 (ms)
2026-07-13 10:44:49,841 [INFO] Pass: ContainsInstruction - 0.00763 (ms)
2026-07-13 10:44:49,842 [INFO] Pass: InverseCancellation - 0.16308 (ms)
2026-07-13 10:44:49,842 [INFO] Pass: UnitarySynthesis - 0.00453 (ms)
2026-07-13 10:44:49,842 [INFO] Total Transpile Time - 62.55126 (ms)
2026-07-13 10:44:49,843 [INFO] Pass: HighLevelSynthesis - 1.19734 (ms)
2026-07-13 10:44:49,844 [INFO] Pass: BasisTranslator - 0.79441 (ms)
2026-07-13 10:44:49,844 [INFO] Pass: Depth - 0.15712 (ms)
2026-07-13 10:44:49,844 [INFO] Pass: FixedPoint - 0.00811 (ms)
2026-07-13 10:44:49,844 [INFO] Pass: Size - 0.05531 (ms)
2026-07-13 10:44:49,844 [INFO] Pass: FixedPoint - 0.00453 (ms)
2026-07-13 10:44:49,845 [INFO] Pass: Optimize1qGatesDecomposition - 1.06955 (ms)
2026-07-13 10:44:49,845 [INFO] Pass: InverseCancellation - 0.14472 (ms)
2026-07-13 10:44:49,846 [INFO] Pass: GatesInBasis - 0.64349 (ms)
2026-07-13 10:44:49,846 [INFO] Pass: Depth - 0.14710 (ms)
2026-07-13 10:44:49,846 [INFO] Pass: FixedPoint - 0.00572 (ms)
2026-07-13 10:44:49,846 [INFO] Pass: Size - 0.05293 (ms)
2026-07-13 10:44:49,846 [INFO] Pass: FixedPoint - 0.00429 (ms)
2026-07-13 10:44:49,846 [INFO] Pass: ContainsInstruction - 0.00548 (ms)
2026-07-13 10:44:49,847 [INFO] Pass: ContainsInstruction - 0.00715 (ms)
2026-07-13 10:44:49,848 [INFO] Total Transpile Time - 62.66761 (ms)
2026-07-13 10:44:49,848 [INFO] Pass: ContainsInstruction - 0.00906 (ms)
2026-07-13 10:44:49,848 [INFO] Pass: InverseCancellation - 0.15903 (ms)
2026-07-13 10:44:49,848 [INFO] Pass: UnitarySynthesis - 0.00453 (ms)
2026-07-13 10:44:49,848 [INFO] Pass: InverseCancellation - 0.16046 (ms)
2026-07-13 10:44:49,848 [INFO] Pass: UnitarySynthesis - 0.00429 (ms)
2026-07-13 10:44:49,849 [INFO] Pass: HighLevelSynthesis - 1.19638 (ms)
2026-07-13 10:44:49,849 [INFO] Pass: HighLevelSynthesis - 1.17850 (ms)
2026-07-13 10:44:49,850 [INFO] Pass: BasisTranslator - 0.79846 (ms)
2026-07-13 10:44:49,850 [INFO] Pass: BasisTranslator - 0.77391 (ms)
2026-07-13 10:44:49,850 [INFO] Pass: Depth - 0.15593 (ms)
2026-07-13 10:44:49,850 [INFO] Pass: FixedPoint - 0.00739 (ms)
2026-07-13 10:44:49,850 [INFO] Pass: Size - 0.05484 (ms)
2026-07-13 10:44:49,850 [INFO] Pass: Depth - 0.16379 (ms)
2026-07-13 10:44:49,850 [INFO] Pass: FixedPoint - 0.00429 (ms)
2026-07-13 10:44:49,850 [INFO] Pass: FixedPoint - 0.01001 (ms)
2026-07-13 10:44:49,850 [INFO] Pass: Size - 0.05507 (ms)
2026-07-13 10:44:49,850 [INFO] Pass: FixedPoint - 0.00453 (ms)
2026-07-13 10:44:49,851 [INFO] Pass: Optimize1qGatesDecomposition - 1.12152 (ms)
2026-07-13 10:44:49,851 [INFO] Pass: Optimize1qGatesDecomposition - 1.07408 (ms)
2026-07-13 10:44:49,852 [INFO] Pass: InverseCancellation - 0.14400 (ms)
2026-07-13 10:44:49,852 [INFO] Pass: InverseCancellation - 0.14639 (ms)
2026-07-13 10:44:49,852 [INFO] Pass: GatesInBasis - 0.65422 (ms)
2026-07-13 10:44:49,852 [INFO] Pass: GatesInBasis - 0.65732 (ms)
2026-07-13 10:44:49,852 [INFO] Pass: Depth - 0.14520 (ms)
2026-07-13 10:44:49,852 [INFO] Pass: FixedPoint - 0.00525 (ms)
2026-07-13 10:44:49,853 [INFO] Pass: Size - 0.05317 (ms)
2026-07-13 10:44:49,853 [INFO] Pass: Depth - 0.14639 (ms)
2026-07-13 10:44:49,853 [INFO] Pass: FixedPoint - 0.00429 (ms)
2026-07-13 10:44:49,853 [INFO] Pass: FixedPoint - 0.00572 (ms)
2026-07-13 10:44:49,853 [INFO] Pass: ContainsInstruction - 0.00477 (ms)
2026-07-13 10:44:49,853 [INFO] Pass: Size - 0.05364 (ms)
2026-07-13 10:44:49,853 [INFO] Pass: FixedPoint - 0.00453 (ms)
2026-07-13 10:44:49,853 [INFO] Pass: ContainsInstruction - 0.00477 (ms)
2026-07-13 10:44:49,854 [INFO] Total Transpile Time - 62.62088 (ms)
2026-07-13 10:44:49,854 [INFO] Total Transpile Time - 62.56676 (ms)
2026-07-13 10:44:49,864 [INFO] Pass: ContainsInstruction - 0.00739 (ms)
2026-07-13 10:44:49,864 [INFO] Pass: ContainsInstruction - 0.00715 (ms)
2026-07-13 10:44:49,864 [INFO] Pass: InverseCancellation - 0.16665 (ms)
2026-07-13 10:44:49,864 [INFO] Pass: UnitarySynthesis - 0.00405 (ms)
2026-07-13 10:44:49,864 [INFO] Pass: InverseCancellation - 0.16141 (ms)
2026-07-13 10:44:49,864 [INFO] Pass: UnitarySynthesis - 0.00477 (ms)
2026-07-13 10:44:49,865 [INFO] Pass: ContainsInstruction - 0.00691 (ms)
2026-07-13 10:44:49,865 [INFO] Pass: InverseCancellation - 0.16403 (ms)
2026-07-13 10:44:49,865 [INFO] Pass: UnitarySynthesis - 0.00477 (ms)
2026-07-13 10:44:49,866 [INFO] Pass: HighLevelSynthesis - 1.18685 (ms)
2026-07-13 10:44:49,866 [INFO] Pass: HighLevelSynthesis - 1.18423 (ms)
2026-07-13 10:44:49,866 [INFO] Pass: HighLevelSynthesis - 1.19877 (ms)
2026-07-13 10:44:49,866 [INFO] Pass: BasisTranslator - 0.78773 (ms)
2026-07-13 10:44:49,866 [INFO] Pass: BasisTranslator - 0.79584 (ms)
2026-07-13 10:44:49,867 [INFO] Pass: Depth - 0.15569 (ms)
2026-07-13 10:44:49,867 [INFO] Pass: FixedPoint - 0.00691 (ms)
2026-07-13 10:44:49,867 [INFO] Pass: Depth - 0.15521 (ms)
2026-07-13 10:44:49,867 [INFO] Pass: FixedPoint - 0.00715 (ms)
2026-07-13 10:44:49,867 [INFO] Pass: Size - 0.05507 (ms)
2026-07-13 10:44:49,867 [INFO] Pass: FixedPoint - 0.00453 (ms)
2026-07-13 10:44:49,867 [INFO] Pass: Size - 0.05627 (ms)
2026-07-13 10:44:49,867 [INFO] Pass: FixedPoint - 0.00453 (ms)
2026-07-13 10:44:49,867 [INFO] Pass: BasisTranslator - 0.78630 (ms)
2026-07-13 10:44:49,867 [INFO] Pass: Depth - 0.15998 (ms)
2026-07-13 10:44:49,867 [INFO] Pass: FixedPoint - 0.00739 (ms)
2026-07-13 10:44:49,867 [INFO] Pass: Size - 0.05555 (ms)
2026-07-13 10:44:49,867 [INFO] Pass: FixedPoint - 0.00429 (ms)
2026-07-13 10:44:49,868 [INFO] Pass: Optimize1qGatesDecomposition - 1.06883 (ms)
2026-07-13 10:44:49,868 [INFO] Pass: Optimize1qGatesDecomposition - 1.07241 (ms)
2026-07-13 10:44:49,868 [INFO] Pass: InverseCancellation - 0.14544 (ms)
2026-07-13 10:44:49,868 [INFO] Pass: InverseCancellation - 0.14973 (ms)
2026-07-13 10:44:49,868 [INFO] Pass: Optimize1qGatesDecomposition - 1.07050 (ms)
2026-07-13 10:44:49,869 [INFO] Pass: InverseCancellation - 0.14997 (ms)
2026-07-13 10:44:49,869 [INFO] Pass: GatesInBasis - 0.65279 (ms)
2026-07-13 10:44:49,869 [INFO] Pass: GatesInBasis - 0.65112 (ms)
2026-07-13 10:44:49,869 [INFO] Pass: Depth - 0.14710 (ms)
2026-07-13 10:44:49,869 [INFO] Pass: FixedPoint - 0.00596 (ms)
2026-07-13 10:44:49,869 [INFO] Pass: Depth - 0.14830 (ms)
2026-07-13 10:44:49,869 [INFO] Pass: FixedPoint - 0.00525 (ms)
2026-07-13 10:44:49,869 [INFO] Pass: Size - 0.05317 (ms)
2026-07-13 10:44:49,869 [INFO] Pass: FixedPoint - 0.00429 (ms)
2026-07-13 10:44:49,869 [INFO] Pass: ContainsInstruction - 0.00501 (ms)
2026-07-13 10:44:49,869 [INFO] Pass: Size - 0.05388 (ms)
2026-07-13 10:44:49,869 [INFO] Pass: FixedPoint - 0.00429 (ms)
2026-07-13 10:44:49,869 [INFO] Pass: ContainsInstruction - 0.00477 (ms)
2026-07-13 10:44:49,869 [INFO] Pass: GatesInBasis - 0.65494 (ms)
2026-07-13 10:44:49,870 [INFO] Pass: Depth - 0.14615 (ms)
2026-07-13 10:44:49,870 [INFO] Pass: FixedPoint - 0.00572 (ms)
2026-07-13 10:44:49,870 [INFO] Pass: Size - 0.05364 (ms)
2026-07-13 10:44:49,870 [INFO] Pass: FixedPoint - 0.00429 (ms)
2026-07-13 10:44:49,870 [INFO] Pass: ContainsInstruction - 0.00501 (ms)
2026-07-13 10:44:49,870 [INFO] Total Transpile Time - 62.57725 (ms)
2026-07-13 10:44:49,870 [INFO] Total Transpile Time - 62.63757 (ms)
2026-07-13 10:44:49,871 [INFO] Total Transpile Time - 62.62255 (ms)
2026-07-13 10:44:49,885 [INFO] Pass: ContainsInstruction - 0.00715 (ms)
2026-07-13 10:44:49,885 [INFO] Pass: InverseCancellation - 0.16499 (ms)
2026-07-13 10:44:49,885 [INFO] Pass: UnitarySynthesis - 0.00453 (ms)
2026-07-13 10:44:49,885 [INFO] Pass: ContainsInstruction - 0.00739 (ms)
2026-07-13 10:44:49,886 [INFO] Pass: InverseCancellation - 0.16856 (ms)
2026-07-13 10:44:49,886 [INFO] Pass: UnitarySynthesis - 0.00453 (ms)
2026-07-13 10:44:49,886 [INFO] Pass: ContainsInstruction - 0.00739 (ms)
2026-07-13 10:44:49,886 [INFO] Pass: InverseCancellation - 0.16642 (ms)
2026-07-13 10:44:49,886 [INFO] Pass: HighLevelSynthesis - 1.27149 (ms)
2026-07-13 10:44:49,886 [INFO] Pass: UnitarySynthesis - 0.00477 (ms)
2026-07-13 10:44:49,887 [INFO] Pass: ContainsInstruction - 0.00691 (ms)
2026-07-13 10:44:49,887 [INFO] Pass: InverseCancellation - 0.16546 (ms)
2026-07-13 10:44:49,887 [INFO] Pass: UnitarySynthesis - 0.00477 (ms)
2026-07-13 10:44:49,887 [INFO] Pass: HighLevelSynthesis - 1.26386 (ms)
2026-07-13 10:44:49,887 [INFO] Pass: ContainsInstruction - 0.00787 (ms)
2026-07-13 10:44:49,887 [INFO] Pass: BasisTranslator - 1.00613 (ms)
2026-07-13 10:44:49,888 [INFO] Pass: InverseCancellation - 0.16713 (ms)
2026-07-13 10:44:49,888 [INFO] Pass: UnitarySynthesis - 0.00453 (ms)
2026-07-13 10:44:49,888 [INFO] Pass: Depth - 0.16475 (ms)
2026-07-13 10:44:49,888 [INFO] Pass: FixedPoint - 0.00715 (ms)
2026-07-13 10:44:49,888 [INFO] Pass: HighLevelSynthesis - 1.28984 (ms)
2026-07-13 10:44:49,888 [INFO] Pass: Size - 0.05746 (ms)
2026-07-13 10:44:49,888 [INFO] Pass: BasisTranslator - 0.83017 (ms)
2026-07-13 10:44:49,888 [INFO] Pass: FixedPoint - 0.00477 (ms)
2026-07-13 10:44:49,888 [INFO] Pass: Depth - 0.16379 (ms)
2026-07-13 10:44:49,888 [INFO] Pass: FixedPoint - 0.00715 (ms)
2026-07-13 10:44:49,888 [INFO] Pass: ContainsInstruction - 0.00668 (ms)
2026-07-13 10:44:49,888 [INFO] Pass: Size - 0.05817 (ms)
2026-07-13 10:44:49,888 [INFO] Pass: FixedPoint - 0.00453 (ms)
2026-07-13 10:44:49,888 [INFO] Pass: HighLevelSynthesis - 1.26576 (ms)
2026-07-13 10:44:49,888 [INFO] Pass: InverseCancellation - 0.16856 (ms)
2026-07-13 10:44:49,888 [INFO] Pass: UnitarySynthesis - 0.00453 (ms)
2026-07-13 10:44:49,889 [INFO] Pass: BasisTranslator - 0.84305 (ms)
2026-07-13 10:44:49,889 [INFO] Pass: Depth - 0.16189 (ms)
2026-07-13 10:44:49,889 [INFO] Pass: FixedPoint - 0.00715 (ms)
2026-07-13 10:44:49,889 [INFO] Pass: Size - 0.05817 (ms)
2026-07-13 10:44:49,889 [INFO] Pass: HighLevelSynthesis - 1.30606 (ms)
2026-07-13 10:44:49,889 [INFO] Pass: FixedPoint - 0.00429 (ms)
2026-07-13 10:44:49,889 [INFO] Pass: Optimize1qGatesDecomposition - 1.16396 (ms)
2026-07-13 10:44:49,889 [INFO] Pass: BasisTranslator - 0.82731 (ms)
2026-07-13 10:44:49,889 [INFO] Pass: InverseCancellation - 0.00834 (ms)
2026-07-13 10:44:49,889 [INFO] Pass: Depth - 0.16236 (ms)
2026-07-13 10:44:49,889 [INFO] Pass: FixedPoint - 0.00691 (ms)
2026-07-13 10:44:49,889 [INFO] Pass: Optimize1qGatesDecomposition - 1.17254 (ms)
2026-07-13 10:44:49,889 [INFO] Pass: Size - 0.05770 (ms)
2026-07-13 10:44:49,889 [INFO] Pass: FixedPoint - 0.00453 (ms)
2026-07-13 10:44:49,889 [INFO] Pass: InverseCancellation - 0.00763 (ms)
2026-07-13 10:44:49,890 [INFO] Pass: HighLevelSynthesis - 1.26743 (ms)
2026-07-13 10:44:49,890 [INFO] Pass: BasisTranslator - 0.68474 (ms)
2026-07-13 10:44:49,890 [INFO] Pass: GatesInBasis - 0.65064 (ms)
2026-07-13 10:44:49,890 [INFO] Pass: Depth - 0.16475 (ms)
2026-07-13 10:44:49,890 [INFO] Pass: FixedPoint - 0.00763 (ms)
2026-07-13 10:44:49,890 [INFO] Pass: Depth - 0.15092 (ms)
2026-07-13 10:44:49,890 [INFO] Pass: FixedPoint - 0.00548 (ms)
2026-07-13 10:44:49,890 [INFO] Pass: Size - 0.06151 (ms)
2026-07-13 10:44:49,890 [INFO] Pass: FixedPoint - 0.00429 (ms)
2026-07-13 10:44:49,890 [INFO] Pass: Size - 0.05913 (ms)
2026-07-13 10:44:49,890 [INFO] Pass: FixedPoint - 0.00453 (ms)
2026-07-13 10:44:49,890 [INFO] Pass: GatesInBasis - 0.64683 (ms)
2026-07-13 10:44:49,890 [INFO] Pass: Optimize1qGatesDecomposition - 1.16777 (ms)
2026-07-13 10:44:49,890 [INFO] Pass: InverseCancellation - 0.00787 (ms)
2026-07-13 10:44:49,890 [INFO] Pass: Depth - 0.14949 (ms)
2026-07-13 10:44:49,890 [INFO] Pass: FixedPoint - 0.00572 (ms)
2026-07-13 10:44:49,890 [INFO] Pass: BasisTranslator - 0.68092 (ms)
2026-07-13 10:44:49,890 [INFO] Pass: Size - 0.05388 (ms)
2026-07-13 10:44:49,891 [INFO] Pass: FixedPoint - 0.00405 (ms)
2026-07-13 10:44:49,891 [INFO] Pass: Depth - 0.16427 (ms)
2026-07-13 10:44:49,891 [INFO] Pass: FixedPoint - 0.00691 (ms)
2026-07-13 10:44:49,891 [INFO] Pass: Optimize1qGatesDecomposition - 1.16801 (ms)
2026-07-13 10:44:49,891 [INFO] Pass: InverseCancellation - 0.00787 (ms)
2026-07-13 10:44:49,891 [INFO] Pass: Size - 0.05794 (ms)
2026-07-13 10:44:49,891 [INFO] Pass: FixedPoint - 0.00453 (ms)
2026-07-13 10:44:49,891 [INFO] Pass: GatesInBasis - 0.64468 (ms)
2026-07-13 10:44:49,891 [INFO] Pass: Optimize1qGatesDecomposition - 0.97132 (ms)
2026-07-13 10:44:49,891 [INFO] Pass: Depth - 0.15497 (ms)
2026-07-13 10:44:49,891 [INFO] Pass: InverseCancellation - 0.00668 (ms)
2026-07-13 10:44:49,891 [INFO] Pass: FixedPoint - 0.00572 (ms)
2026-07-13 10:44:49,891 [INFO] Pass: ContainsInstruction - 0.00739 (ms)
2026-07-13 10:44:49,891 [INFO] Pass: Size - 0.05364 (ms)
2026-07-13 10:44:49,891 [INFO] Pass: FixedPoint - 0.00429 (ms)
2026-07-13 10:44:49,891 [INFO] Pass: Optimize1qGatesDecomposition - 1.17421 (ms)
2026-07-13 10:44:49,891 [INFO] Pass: InverseCancellation - 0.00834 (ms)
2026-07-13 10:44:49,891 [INFO] Pass: GatesInBasis - 0.65303 (ms)
2026-07-13 10:44:49,892 [INFO] Pass: InverseCancellation - 0.16761 (ms)
2026-07-13 10:44:49,892 [INFO] Pass: Optimize1qGatesDecomposition - 0.98085 (ms)
2026-07-13 10:44:49,892 [INFO] Pass: UnitarySynthesis - 0.00453 (ms)
2026-07-13 10:44:49,892 [INFO] Pass: InverseCancellation - 0.00691 (ms)
2026-07-13 10:44:49,892 [INFO] Pass: Depth - 0.15020 (ms)
2026-07-13 10:44:49,892 [INFO] Pass: FixedPoint - 0.00572 (ms)
2026-07-13 10:44:49,892 [INFO] Pass: Size - 0.05436 (ms)
2026-07-13 10:44:49,892 [INFO] Pass: FixedPoint - 0.00429 (ms)
2026-07-13 10:44:49,892 [INFO] Pass: ContainsInstruction - 0.00739 (ms)
2026-07-13 10:44:49,892 [INFO] Pass: GatesInBasis - 0.64230 (ms)
2026-07-13 10:44:49,892 [INFO] Pass: Optimize1qGatesDecomposition - 1.16992 (ms)
2026-07-13 10:44:49,892 [INFO] Pass: InverseCancellation - 0.00811 (ms)
2026-07-13 10:44:49,892 [INFO] Pass: InverseCancellation - 0.16737 (ms)
2026-07-13 10:44:49,892 [INFO] Pass: Depth - 0.14806 (ms)
2026-07-13 10:44:49,892 [INFO] Pass: GatesInBasis - 0.67973 (ms)
2026-07-13 10:44:49,892 [INFO] Pass: FixedPoint - 0.00477 (ms)
2026-07-13 10:44:49,892 [INFO] Pass: UnitarySynthesis - 0.00477 (ms)
2026-07-13 10:44:49,892 [INFO] Pass: Size - 0.05317 (ms)
2026-07-13 10:44:49,892 [INFO] Pass: FixedPoint - 0.00405 (ms)
2026-07-13 10:44:49,892 [INFO] Pass: ContainsInstruction - 0.00548 (ms)
2026-07-13 10:44:49,892 [INFO] Pass: GatesInBasis - 0.66209 (ms)
2026-07-13 10:44:49,892 [INFO] Pass: Depth - 0.14806 (ms)
2026-07-13 10:44:49,892 [INFO] Pass: FixedPoint - 0.00525 (ms)
2026-07-13 10:44:49,892 [INFO] Pass: Optimize1qGatesDecomposition - 0.97704 (ms)
2026-07-13 10:44:49,892 [INFO] Pass: InverseCancellation - 0.00691 (ms)
2026-07-13 10:44:49,892 [INFO] Pass: Size - 0.05436 (ms)
2026-07-13 10:44:49,892 [INFO] Pass: FixedPoint - 0.00405 (ms)
2026-07-13 10:44:49,892 [INFO] Pass: Depth - 0.14448 (ms)
2026-07-13 10:44:49,893 [INFO] Pass: FixedPoint - 0.00501 (ms)
2026-07-13 10:44:49,893 [INFO] Pass: Size - 0.05364 (ms)
2026-07-13 10:44:49,893 [INFO] Pass: FixedPoint - 0.00405 (ms)
2026-07-13 10:44:49,893 [INFO] Pass: ContainsInstruction - 0.00525 (ms)
2026-07-13 10:44:49,893 [INFO] Pass: GatesInBasis - 0.64874 (ms)
2026-07-13 10:44:49,893 [INFO] Pass: Optimize1qGatesDecomposition - 0.98658 (ms)
2026-07-13 10:44:49,893 [INFO] Pass: InverseCancellation - 0.00691 (ms)
2026-07-13 10:44:49,893 [INFO] Pass: HighLevelSynthesis - 1.28555 (ms)
2026-07-13 10:44:49,893 [INFO] Pass: Depth - 0.14806 (ms)
2026-07-13 10:44:49,893 [INFO] Pass: FixedPoint - 0.00572 (ms)
2026-07-13 10:44:49,893 [INFO] Pass: Size - 0.05841 (ms)
2026-07-13 10:44:49,893 [INFO] Pass: GatesInBasis - 0.63634 (ms)
2026-07-13 10:44:49,893 [INFO] Pass: FixedPoint - 0.00477 (ms)
2026-07-13 10:44:49,893 [INFO] Pass: Depth - 0.14591 (ms)
2026-07-13 10:44:49,893 [INFO] Pass: FixedPoint - 0.00477 (ms)
2026-07-13 10:44:49,893 [INFO] Pass: Size - 0.05364 (ms)
2026-07-13 10:44:49,893 [INFO] Pass: FixedPoint - 0.00405 (ms)
2026-07-13 10:44:49,893 [INFO] Total Transpile Time - 64.76235 (ms)
2026-07-13 10:44:49,893 [INFO] Pass: HighLevelSynthesis - 1.29390 (ms)
2026-07-13 10:44:49,893 [INFO] Pass: ContainsInstruction - 0.00548 (ms)
2026-07-13 10:44:49,893 [INFO] Pass: Optimize1qGatesDecomposition - 0.96941 (ms)
2026-07-13 10:44:49,894 [INFO] Pass: InverseCancellation - 0.00644 (ms)
2026-07-13 10:44:49,894 [INFO] Pass: GatesInBasis - 0.63729 (ms)
2026-07-13 10:44:49,894 [INFO] Pass: Depth - 0.14520 (ms)
2026-07-13 10:44:49,894 [INFO] Pass: FixedPoint - 0.00501 (ms)
2026-07-13 10:44:49,894 [INFO] Pass: BasisTranslator - 0.84019 (ms)
2026-07-13 10:44:49,894 [INFO] Pass: Size - 0.05364 (ms)
2026-07-13 10:44:49,894 [INFO] Total Transpile Time - 65.01794 (ms)
2026-07-13 10:44:49,894 [INFO] Pass: FixedPoint - 0.00405 (ms)
2026-07-13 10:44:49,894 [INFO] Pass: ContainsInstruction - 0.00477 (ms)
2026-07-13 10:44:49,894 [INFO] Pass: Depth - 0.16356 (ms)
2026-07-13 10:44:49,894 [INFO] Pass: FixedPoint - 0.00715 (ms)
2026-07-13 10:44:49,894 [INFO] Pass: Size - 0.05841 (ms)
2026-07-13 10:44:49,894 [INFO] Pass: Optimize1qGatesDecomposition - 0.98181 (ms)
2026-07-13 10:44:49,894 [INFO] Pass: FixedPoint - 0.00477 (ms)
2026-07-13 10:44:49,894 [INFO] Pass: InverseCancellation - 0.00739 (ms)
2026-07-13 10:44:49,894 [INFO] Pass: BasisTranslator - 0.69118 (ms)
2026-07-13 10:44:49,894 [INFO] Pass: GatesInBasis - 0.70095 (ms)
2026-07-13 10:44:49,894 [INFO] Pass: Depth - 0.16141 (ms)
2026-07-13 10:44:49,894 [INFO] Pass: FixedPoint - 0.00691 (ms)
2026-07-13 10:44:49,894 [INFO] Pass: Depth - 0.14615 (ms)
2026-07-13 10:44:49,894 [INFO] Pass: FixedPoint - 0.00525 (ms)
2026-07-13 10:44:49,895 [INFO] Pass: Size - 0.05770 (ms)
2026-07-13 10:44:49,895 [INFO] Pass: Size - 0.05412 (ms)
2026-07-13 10:44:49,895 [INFO] Pass: FixedPoint - 0.00501 (ms)
2026-07-13 10:44:49,895 [INFO] Pass: FixedPoint - 0.00429 (ms)
2026-07-13 10:44:49,895 [INFO] Total Transpile Time - 65.63783 (ms)
2026-07-13 10:44:49,895 [INFO] Pass: ContainsInstruction - 0.00572 (ms)
2026-07-13 10:44:49,895 [INFO] Pass: GatesInBasis - 0.69857 (ms)
2026-07-13 10:44:49,895 [INFO] Total Transpile Time - 64.92138 (ms)
2026-07-13 10:44:49,895 [INFO] Pass: Depth - 0.15163 (ms)
2026-07-13 10:44:49,895 [INFO] Pass: ContainsInstruction - 0.00787 (ms)
2026-07-13 10:44:49,895 [INFO] Pass: FixedPoint - 0.00525 (ms)
2026-07-13 10:44:49,895 [INFO] Pass: Size - 0.05341 (ms)
2026-07-13 10:44:49,895 [INFO] Pass: FixedPoint - 0.00429 (ms)
2026-07-13 10:44:49,895 [INFO] Pass: ContainsInstruction - 0.00501 (ms)
2026-07-13 10:44:49,895 [INFO] Pass: InverseCancellation - 0.16546 (ms)
2026-07-13 10:44:49,895 [INFO] Pass: Optimize1qGatesDecomposition - 1.16491 (ms)
2026-07-13 10:44:49,895 [INFO] Pass: UnitarySynthesis - 0.00477 (ms)
2026-07-13 10:44:49,895 [INFO] Pass: InverseCancellation - 0.00882 (ms)
2026-07-13 10:44:49,896 [INFO] Pass: Optimize1qGatesDecomposition - 1.17970 (ms)
2026-07-13 10:44:49,896 [INFO] Total Transpile Time - 65.17816 (ms)
2026-07-13 10:44:49,896 [INFO] Pass: InverseCancellation - 0.00787 (ms)
2026-07-13 10:44:49,896 [INFO] Pass: GatesInBasis - 0.64397 (ms)
2026-07-13 10:44:49,896 [INFO] Pass: Depth - 0.15473 (ms)
2026-07-13 10:44:49,896 [INFO] Pass: FixedPoint - 0.00620 (ms)
2026-07-13 10:44:49,896 [INFO] Pass: Size - 0.05460 (ms)
2026-07-13 10:44:49,896 [INFO] Pass: FixedPoint - 0.00429 (ms)
2026-07-13 10:44:49,897 [INFO] Total Transpile Time - 64.81957 (ms)
2026-07-13 10:44:49,897 [INFO] Pass: GatesInBasis - 0.65446 (ms)
2026-07-13 10:44:49,897 [INFO] Pass: Depth - 0.14758 (ms)
2026-07-13 10:44:49,897 [INFO] Pass: HighLevelSynthesis - 1.27769 (ms)
2026-07-13 10:44:49,897 [INFO] Pass: FixedPoint - 0.00548 (ms)
2026-07-13 10:44:49,897 [INFO] Pass: Size - 0.05364 (ms)
2026-07-13 10:44:49,897 [INFO] Pass: FixedPoint - 0.00453 (ms)
2026-07-13 10:44:49,898 [INFO] Pass: Optimize1qGatesDecomposition - 0.98991 (ms)
2026-07-13 10:44:49,898 [INFO] Pass: InverseCancellation - 0.00739 (ms)
2026-07-13 10:44:49,898 [INFO] Pass: BasisTranslator - 0.84305 (ms)
2026-07-13 10:44:49,898 [INFO] Pass: Depth - 0.16522 (ms)
2026-07-13 10:44:49,898 [INFO] Pass: FixedPoint - 0.00715 (ms)
2026-07-13 10:44:49,898 [INFO] Pass: Optimize1qGatesDecomposition - 0.97942 (ms)
2026-07-13 10:44:49,898 [INFO] Pass: InverseCancellation - 0.00691 (ms)
2026-07-13 10:44:49,898 [INFO] Pass: Size - 0.05770 (ms)
2026-07-13 10:44:49,898 [INFO] Pass: FixedPoint - 0.00453 (ms)
2026-07-13 10:44:49,898 [INFO] Pass: GatesInBasis - 0.63848 (ms)
2026-07-13 10:44:49,898 [INFO] Pass: Depth - 0.14520 (ms)
2026-07-13 10:44:49,898 [INFO] Pass: FixedPoint - 0.00477 (ms)
2026-07-13 10:44:49,898 [INFO] Pass: ContainsInstruction - 0.00834 (ms)
2026-07-13 10:44:49,899 [INFO] Pass: Size - 0.05317 (ms)
2026-07-13 10:44:49,899 [INFO] Pass: FixedPoint - 0.00405 (ms)
2026-07-13 10:44:49,899 [INFO] Pass: ContainsInstruction - 0.00501 (ms)
2026-07-13 10:44:49,899 [INFO] Pass: GatesInBasis - 0.70667 (ms)
2026-07-13 10:44:49,899 [INFO] Pass: InverseCancellation - 0.16594 (ms)
2026-07-13 10:44:49,899 [INFO] Pass: UnitarySynthesis - 0.00477 (ms)
2026-07-13 10:44:49,899 [INFO] Pass: Depth - 0.14710 (ms)
2026-07-13 10:44:49,899 [INFO] Pass: FixedPoint - 0.00596 (ms)
2026-07-13 10:44:49,899 [INFO] Pass: Size - 0.05436 (ms)
2026-07-13 10:44:49,899 [INFO] Pass: FixedPoint - 0.00453 (ms)
2026-07-13 10:44:49,899 [INFO] Pass: ContainsInstruction - 0.00596 (ms)
2026-07-13 10:44:49,899 [INFO] Pass: Optimize1qGatesDecomposition - 1.17421 (ms)
2026-07-13 10:44:49,899 [INFO] Pass: InverseCancellation - 0.00763 (ms)
2026-07-13 10:44:49,900 [INFO] Total Transpile Time - 65.28068 (ms)
2026-07-13 10:44:49,900 [INFO] Pass: GatesInBasis - 0.64087 (ms)
2026-07-13 10:44:49,900 [INFO] Pass: HighLevelSynthesis - 1.29890 (ms)
2026-07-13 10:44:49,900 [INFO] Pass: Depth - 0.15640 (ms)
2026-07-13 10:44:49,900 [INFO] Pass: FixedPoint - 0.00548 (ms)
2026-07-13 10:44:49,900 [INFO] Pass: Size - 0.05436 (ms)
2026-07-13 10:44:49,900 [INFO] Total Transpile Time - 65.05346 (ms)
2026-07-13 10:44:49,900 [INFO] Pass: FixedPoint - 0.00429 (ms)
2026-07-13 10:44:49,901 [INFO] Pass: BasisTranslator - 0.83184 (ms)
2026-07-13 10:44:49,901 [INFO] Pass: Depth - 0.17071 (ms)
2026-07-13 10:44:49,901 [INFO] Pass: FixedPoint - 0.00739 (ms)
2026-07-13 10:44:49,901 [INFO] Pass: Size - 0.05889 (ms)
2026-07-13 10:44:49,901 [INFO] Pass: Optimize1qGatesDecomposition - 0.98038 (ms)
2026-07-13 10:44:49,901 [INFO] Pass: FixedPoint - 0.00453 (ms)
2026-07-13 10:44:49,901 [INFO] Pass: InverseCancellation - 0.00668 (ms)
2026-07-13 10:44:49,902 [INFO] Pass: GatesInBasis - 0.62966 (ms)
2026-07-13 10:44:49,902 [INFO] Pass: Depth - 0.14400 (ms)
2026-07-13 10:44:49,902 [INFO] Pass: FixedPoint - 0.00525 (ms)
2026-07-13 10:44:49,902 [INFO] Pass: Size - 0.05412 (ms)
2026-07-13 10:44:49,902 [INFO] Pass: FixedPoint - 0.00405 (ms)
2026-07-13 10:44:49,902 [INFO] Pass: ContainsInstruction - 0.00525 (ms)
2026-07-13 10:44:49,903 [INFO] Pass: Optimize1qGatesDecomposition - 1.17326 (ms)
2026-07-13 10:44:49,903 [INFO] Pass: InverseCancellation - 0.00811 (ms)
2026-07-13 10:44:49,903 [INFO] Pass: GatesInBasis - 0.64850 (ms)
2026-07-13 10:44:49,904 [INFO] Pass: Depth - 0.15092 (ms)
2026-07-13 10:44:49,904 [INFO] Pass: FixedPoint - 0.00548 (ms)
2026-07-13 10:44:49,904 [INFO] Total Transpile Time - 65.14859 (ms)
2026-07-13 10:44:49,904 [INFO] Pass: Size - 0.05388 (ms)
2026-07-13 10:44:49,904 [INFO] Pass: FixedPoint - 0.00429 (ms)
2026-07-13 10:44:49,904 [INFO] Pass: ContainsInstruction - 0.00715 (ms)
2026-07-13 10:44:49,904 [INFO] Pass: InverseCancellation - 0.16546 (ms)
2026-07-13 10:44:49,904 [INFO] Pass: UnitarySynthesis - 0.00477 (ms)
2026-07-13 10:44:49,905 [INFO] Pass: Optimize1qGatesDecomposition - 0.97775 (ms)
2026-07-13 10:44:49,905 [INFO] Pass: InverseCancellation - 0.00763 (ms)
2026-07-13 10:44:49,905 [INFO] Pass: GatesInBasis - 0.64468 (ms)
2026-07-13 10:44:49,906 [INFO] Pass: HighLevelSynthesis - 1.26624 (ms)
2026-07-13 10:44:49,906 [INFO] Pass: Depth - 0.14591 (ms)
2026-07-13 10:44:49,906 [INFO] Pass: FixedPoint - 0.00501 (ms)
2026-07-13 10:44:49,906 [INFO] Pass: Size - 0.05388 (ms)
2026-07-13 10:44:49,906 [INFO] Pass: FixedPoint - 0.00405 (ms)
2026-07-13 10:44:49,906 [INFO] Pass: ContainsInstruction - 0.00525 (ms)
2026-07-13 10:44:49,907 [INFO] Pass: BasisTranslator - 0.84138 (ms)
2026-07-13 10:44:49,907 [INFO] Pass: Depth - 0.16356 (ms)
2026-07-13 10:44:49,907 [INFO] Pass: FixedPoint - 0.00811 (ms)
2026-07-13 10:44:49,907 [INFO] Pass: Size - 0.05817 (ms)
2026-07-13 10:44:49,907 [INFO] Pass: FixedPoint - 0.00453 (ms)
2026-07-13 10:44:49,907 [INFO] Total Transpile Time - 64.99934 (ms)
2026-07-13 10:44:49,908 [INFO] Pass: Optimize1qGatesDecomposition - 1.18136 (ms)
2026-07-13 10:44:49,908 [INFO] Pass: InverseCancellation - 0.00763 (ms)
2026-07-13 10:44:49,909 [INFO] Pass: GatesInBasis - 0.63920 (ms)
2026-07-13 10:44:49,909 [INFO] Pass: Depth - 0.15116 (ms)
2026-07-13 10:44:49,909 [INFO] Pass: FixedPoint - 0.00596 (ms)
2026-07-13 10:44:49,909 [INFO] Pass: Size - 0.05412 (ms)
2026-07-13 10:44:49,909 [INFO] Pass: FixedPoint - 0.00429 (ms)
2026-07-13 10:44:49,910 [INFO] Pass: ContainsInstruction - 0.00691 (ms)
2026-07-13 10:44:49,910 [INFO] Pass: ContainsInstruction - 0.00882 (ms)
2026-07-13 10:44:49,910 [INFO] Pass: Optimize1qGatesDecomposition - 0.98252 (ms)
2026-07-13 10:44:49,910 [INFO] Pass: InverseCancellation - 0.00763 (ms)
2026-07-13 10:44:49,910 [INFO] Pass: InverseCancellation - 0.16284 (ms)
2026-07-13 10:44:49,910 [INFO] Pass: InverseCancellation - 0.16618 (ms)
2026-07-13 10:44:49,910 [INFO] Pass: UnitarySynthesis - 0.00453 (ms)
2026-07-13 10:44:49,910 [INFO] Pass: UnitarySynthesis - 0.00453 (ms)
2026-07-13 10:44:49,911 [INFO] Pass: GatesInBasis - 0.63181 (ms)
2026-07-13 10:44:49,911 [INFO] Pass: Depth - 0.14830 (ms)
2026-07-13 10:44:49,911 [INFO] Pass: FixedPoint - 0.00525 (ms)
2026-07-13 10:44:49,911 [INFO] Pass: Size - 0.05341 (ms)
2026-07-13 10:44:49,911 [INFO] Pass: FixedPoint - 0.00453 (ms)
2026-07-13 10:44:49,911 [INFO] Pass: ContainsInstruction - 0.00525 (ms)
2026-07-13 10:44:49,912 [INFO] Pass: HighLevelSynthesis - 1.29151 (ms)
2026-07-13 10:44:49,912 [INFO] Pass: HighLevelSynthesis - 1.27435 (ms)
2026-07-13 10:44:49,913 [INFO] Total Transpile Time - 64.84485 (ms)
2026-07-13 10:44:49,913 [INFO] Pass: BasisTranslator - 0.83899 (ms)
2026-07-13 10:44:49,913 [INFO] Pass: BasisTranslator - 0.84043 (ms)
2026-07-13 10:44:49,913 [INFO] Pass: Depth - 0.16475 (ms)
2026-07-13 10:44:49,913 [INFO] Pass: Depth - 0.16260 (ms)
2026-07-13 10:44:49,913 [INFO] Pass: FixedPoint - 0.00691 (ms)
2026-07-13 10:44:49,913 [INFO] Pass: FixedPoint - 0.00715 (ms)
2026-07-13 10:44:49,913 [INFO] Pass: Size - 0.05746 (ms)
2026-07-13 10:44:49,913 [INFO] Pass: Size - 0.05794 (ms)
2026-07-13 10:44:49,913 [INFO] Pass: FixedPoint - 0.00453 (ms)
2026-07-13 10:44:49,913 [INFO] Pass: FixedPoint - 0.00477 (ms)
2026-07-13 10:44:49,914 [INFO] Pass: Optimize1qGatesDecomposition - 1.17326 (ms)
2026-07-13 10:44:49,914 [INFO] Pass: Optimize1qGatesDecomposition - 1.17469 (ms)
2026-07-13 10:44:49,914 [INFO] Pass: InverseCancellation - 0.00787 (ms)
2026-07-13 10:44:49,914 [INFO] Pass: InverseCancellation - 0.00787 (ms)
2026-07-13 10:44:49,915 [INFO] Pass: GatesInBasis - 0.65422 (ms)
2026-07-13 10:44:49,915 [INFO] Pass: GatesInBasis - 0.65994 (ms)
2026-07-13 10:44:49,915 [INFO] Pass: Depth - 0.14901 (ms)
2026-07-13 10:44:49,915 [INFO] Pass: Depth - 0.14687 (ms)
2026-07-13 10:44:49,915 [INFO] Pass: FixedPoint - 0.00572 (ms)
2026-07-13 10:44:49,915 [INFO] Pass: FixedPoint - 0.00525 (ms)
2026-07-13 10:44:49,915 [INFO] Pass: Size - 0.05364 (ms)
2026-07-13 10:44:49,915 [INFO] Pass: Size - 0.05388 (ms)
2026-07-13 10:44:49,915 [INFO] Pass: FixedPoint - 0.00477 (ms)
2026-07-13 10:44:49,915 [INFO] Pass: FixedPoint - 0.00453 (ms)
2026-07-13 10:44:49,916 [INFO] Pass: Optimize1qGatesDecomposition - 0.98181 (ms)
2026-07-13 10:44:49,916 [INFO] Pass: InverseCancellation - 0.00668 (ms)
2026-07-13 10:44:49,916 [INFO] Pass: Optimize1qGatesDecomposition - 1.03211 (ms)
2026-07-13 10:44:49,917 [INFO] Pass: InverseCancellation - 0.00763 (ms)
2026-07-13 10:44:49,917 [INFO] Pass: GatesInBasis - 0.62966 (ms)
2026-07-13 10:44:49,917 [INFO] Pass: GatesInBasis - 0.63705 (ms)
2026-07-13 10:44:49,917 [INFO] Pass: Depth - 0.14400 (ms)
2026-07-13 10:44:49,917 [INFO] Pass: FixedPoint - 0.00501 (ms)
2026-07-13 10:44:49,917 [INFO] Pass: Depth - 0.14830 (ms)
2026-07-13 10:44:49,917 [INFO] Pass: FixedPoint - 0.00548 (ms)
2026-07-13 10:44:49,917 [INFO] Pass: Size - 0.05293 (ms)
2026-07-13 10:44:49,917 [INFO] Pass: FixedPoint - 0.00429 (ms)
2026-07-13 10:44:49,918 [INFO] Pass: ContainsInstruction - 0.00477 (ms)
2026-07-13 10:44:49,918 [INFO] Pass: Size - 0.05341 (ms)
2026-07-13 10:44:49,918 [INFO] Pass: FixedPoint - 0.00429 (ms)
2026-07-13 10:44:49,918 [INFO] Pass: ContainsInstruction - 0.00525 (ms)
2026-07-13 10:44:49,919 [INFO] Total Transpile Time - 64.80479 (ms)
2026-07-13 10:44:49,919 [INFO] Total Transpile Time - 64.77118 (ms)
2026-07-13 10:44:49,927 [INFO] Pass: ContainsInstruction - 0.00739 (ms)
2026-07-13 10:44:49,927 [INFO] Pass: InverseCancellation - 0.16570 (ms)
2026-07-13 10:44:49,927 [INFO] Pass: UnitarySynthesis - 0.00477 (ms)
2026-07-13 10:44:49,927 [INFO] Pass: ContainsInstruction - 0.00763 (ms)
2026-07-13 10:44:49,927 [INFO] Pass: ContainsInstruction - 0.00739 (ms)
2026-07-13 10:44:49,927 [INFO] Pass: InverseCancellation - 0.16403 (ms)
2026-07-13 10:44:49,927 [INFO] Pass: UnitarySynthesis - 0.00477 (ms)
2026-07-13 10:44:49,927 [INFO] Pass: InverseCancellation - 0.16451 (ms)
2026-07-13 10:44:49,927 [INFO] Pass: UnitarySynthesis - 0.00477 (ms)
2026-07-13 10:44:49,928 [INFO] Pass: HighLevelSynthesis - 1.28484 (ms)
2026-07-13 10:44:49,929 [INFO] Pass: HighLevelSynthesis - 1.28984 (ms)
2026-07-13 10:44:49,929 [INFO] Pass: HighLevelSynthesis - 1.25980 (ms)
2026-07-13 10:44:49,929 [INFO] Pass: BasisTranslator - 0.82636 (ms)
2026-07-13 10:44:49,930 [INFO] Pass: Depth - 0.16499 (ms)
2026-07-13 10:44:49,930 [INFO] Pass: FixedPoint - 0.00739 (ms)
2026-07-13 10:44:49,930 [INFO] Pass: BasisTranslator - 0.83661 (ms)
2026-07-13 10:44:49,930 [INFO] Pass: Size - 0.05794 (ms)
2026-07-13 10:44:49,930 [INFO] Pass: BasisTranslator - 0.83065 (ms)
2026-07-13 10:44:49,930 [INFO] Pass: FixedPoint - 0.00429 (ms)
2026-07-13 10:44:49,930 [INFO] Pass: Depth - 0.16594 (ms)
2026-07-13 10:44:49,930 [INFO] Pass: Depth - 0.16665 (ms)
2026-07-13 10:44:49,930 [INFO] Pass: FixedPoint - 0.00739 (ms)
2026-07-13 10:44:49,930 [INFO] Pass: FixedPoint - 0.00739 (ms)
2026-07-13 10:44:49,930 [INFO] Pass: Size - 0.05794 (ms)
2026-07-13 10:44:49,930 [INFO] Pass: Size - 0.05817 (ms)
2026-07-13 10:44:49,930 [INFO] Pass: FixedPoint - 0.00453 (ms)
2026-07-13 10:44:49,930 [INFO] Pass: FixedPoint - 0.00429 (ms)
2026-07-13 10:44:49,931 [INFO] Pass: Optimize1qGatesDecomposition - 1.18303 (ms)
2026-07-13 10:44:49,931 [INFO] Pass: InverseCancellation - 0.00787 (ms)
2026-07-13 10:44:49,931 [INFO] Pass: Optimize1qGatesDecomposition - 1.19305 (ms)
2026-07-13 10:44:49,931 [INFO] Pass: Optimize1qGatesDecomposition - 1.17397 (ms)
2026-07-13 10:44:49,931 [INFO] Pass: InverseCancellation - 0.00787 (ms)
2026-07-13 10:44:49,931 [INFO] Pass: InverseCancellation - 0.00858 (ms)
2026-07-13 10:44:49,932 [INFO] Pass: GatesInBasis - 0.65708 (ms)
2026-07-13 10:44:49,932 [INFO] Pass: Depth - 0.15068 (ms)
2026-07-13 10:44:49,932 [INFO] Pass: FixedPoint - 0.00548 (ms)
2026-07-13 10:44:49,932 [INFO] Pass: Size - 0.05388 (ms)
2026-07-13 10:44:49,932 [INFO] Pass: GatesInBasis - 0.64969 (ms)
2026-07-13 10:44:49,932 [INFO] Pass: GatesInBasis - 0.64206 (ms)
2026-07-13 10:44:49,932 [INFO] Pass: FixedPoint - 0.00453 (ms)
2026-07-13 10:44:49,932 [INFO] Pass: Depth - 0.15593 (ms)
2026-07-13 10:44:49,932 [INFO] Pass: Depth - 0.14925 (ms)
2026-07-13 10:44:49,932 [INFO] Pass: FixedPoint - 0.00572 (ms)
2026-07-13 10:44:49,932 [INFO] Pass: FixedPoint - 0.00572 (ms)
2026-07-13 10:44:49,932 [INFO] Pass: Size - 0.05364 (ms)
2026-07-13 10:44:49,932 [INFO] Pass: Size - 0.05388 (ms)
2026-07-13 10:44:49,932 [INFO] Pass: FixedPoint - 0.00429 (ms)
2026-07-13 10:44:49,932 [INFO] Pass: FixedPoint - 0.00429 (ms)
2026-07-13 10:44:49,933 [INFO] Pass: Optimize1qGatesDecomposition - 0.97513 (ms)
2026-07-13 10:44:49,933 [INFO] Pass: InverseCancellation - 0.00668 (ms)
2026-07-13 10:44:49,933 [INFO] Pass: Optimize1qGatesDecomposition - 0.98062 (ms)
2026-07-13 10:44:49,933 [INFO] Pass: Optimize1qGatesDecomposition - 0.98634 (ms)
2026-07-13 10:44:49,933 [INFO] Pass: InverseCancellation - 0.00668 (ms)
2026-07-13 10:44:49,933 [INFO] Pass: InverseCancellation - 0.00668 (ms)
2026-07-13 10:44:49,934 [INFO] Pass: GatesInBasis - 0.65064 (ms)
2026-07-13 10:44:49,934 [INFO] Pass: Depth - 0.14377 (ms)
2026-07-13 10:44:49,934 [INFO] Pass: FixedPoint - 0.00525 (ms)
2026-07-13 10:44:49,934 [INFO] Pass: Size - 0.05794 (ms)
2026-07-13 10:44:49,934 [INFO] Pass: GatesInBasis - 0.64182 (ms)
2026-07-13 10:44:49,934 [INFO] Pass: GatesInBasis - 0.64206 (ms)
2026-07-13 10:44:49,934 [INFO] Pass: FixedPoint - 0.00405 (ms)
2026-07-13 10:44:49,934 [INFO] Pass: ContainsInstruction - 0.00525 (ms)
2026-07-13 10:44:49,934 [INFO] Pass: Depth - 0.14424 (ms)
2026-07-13 10:44:49,934 [INFO] Pass: Depth - 0.14520 (ms)
2026-07-13 10:44:49,934 [INFO] Pass: FixedPoint - 0.00501 (ms)
2026-07-13 10:44:49,934 [INFO] Pass: FixedPoint - 0.00501 (ms)
2026-07-13 10:44:49,934 [INFO] Pass: Size - 0.05317 (ms)
2026-07-13 10:44:49,934 [INFO] Pass: Size - 0.05341 (ms)
2026-07-13 10:44:49,934 [INFO] Pass: FixedPoint - 0.00429 (ms)
2026-07-13 10:44:49,934 [INFO] Pass: FixedPoint - 0.00429 (ms)
2026-07-13 10:44:49,935 [INFO] Pass: ContainsInstruction - 0.00477 (ms)
2026-07-13 10:44:49,935 [INFO] Pass: ContainsInstruction - 0.00525 (ms)
2026-07-13 10:44:49,935 [INFO] Total Transpile Time - 64.93306 (ms)
2026-07-13 10:44:49,936 [INFO] Total Transpile Time - 64.76450 (ms)
2026-07-13 10:44:49,936 [INFO] Total Transpile Time - 65.35077 (ms)
2026-07-13 10:44:50,815 [INFO] [PCE] Aer metadata (1a ejecucion de este proceso): device=CPU method=statevector shots=2048 fusion_enabled=True
2026-07-13 10:44:50,816 [INFO] [PCE] Aer metadata (1a ejecucion de este proceso): device=CPU method=statevector shots=2048 fusion_enabled=True
2026-07-13 10:44:50,819 [INFO] [PCE] Aer metadata (1a ejecucion de este proceso): device=CPU method=statevector shots=2048 fusion_enabled=True
2026-07-13 10:44:50,820 [INFO] [PCE] Aer metadata (1a ejecucion de este proceso): device=CPU method=statevector shots=2048 fusion_enabled=True
2026-07-13 10:44:50,820 [INFO] [PCE] Aer metadata (1a ejecucion de este proceso): device=CPU method=statevector shots=2048 fusion_enabled=True
2026-07-13 10:44:50,821 [INFO] [PCE] Aer metadata (1a ejecucion de este proceso): device=CPU method=statevector shots=2048 fusion_enabled=True
2026-07-13 10:44:50,822 [INFO] [PCE] Aer metadata (1a ejecucion de este proceso): device=CPU method=statevector shots=2048 fusion_enabled=True
2026-07-13 10:44:50,822 [INFO] [PCE] Aer metadata (1a ejecucion de este proceso): device=CPU method=statevector shots=2048 fusion_enabled=True
2026-07-13 10:44:50,822 [INFO] [PCE] Aer metadata (1a ejecucion de este proceso): device=CPU method=statevector shots=2048 fusion_enabled=True
2026-07-13 10:44:50,822 [INFO] [PCE] Aer metadata (1a ejecucion de este proceso): device=CPU method=statevector shots=2048 fusion_enabled=True
2026-07-13 10:44:50,823 [INFO] [PCE] Aer metadata (1a ejecucion de este proceso): device=CPU method=statevector shots=2048 fusion_enabled=True
2026-07-13 10:44:50,823 [INFO] [PCE] Aer metadata (1a ejecucion de este proceso): device=CPU method=statevector shots=2048 fusion_enabled=True
2026-07-13 10:44:50,824 [INFO] [PCE] Aer metadata (1a ejecucion de este proceso): device=CPU method=statevector shots=2048 fusion_enabled=True
2026-07-13 10:44:50,824 [INFO] [PCE] Aer metadata (1a ejecucion de este proceso): device=CPU method=statevector shots=2048 fusion_enabled=True
2026-07-13 10:44:50,824 [INFO] [PCE] Aer metadata (1a ejecucion de este proceso): device=CPU method=statevector shots=2048 fusion_enabled=True
2026-07-13 10:44:50,825 [INFO] [PCE] Aer metadata (1a ejecucion de este proceso): device=CPU method=statevector shots=2048 fusion_enabled=True
2026-07-13 16:49:26,565 [INFO] [PCE] n=250 instancia (idx=76) 1/20 completada (paralelo) - transcurrido=0:06:04:37
2026-07-13 16:49:26,683 [INFO] Pass: ContainsInstruction - 0.01144 (ms)
2026-07-13 16:49:26,683 [INFO] Pass: InverseCancellation - 0.01121 (ms)
2026-07-13 16:49:26,683 [INFO] Pass: UnitarySynthesis - 0.00525 (ms)
2026-07-13 16:49:26,685 [INFO] Pass: HighLevelSynthesis - 1.20902 (ms)
2026-07-13 16:49:26,685 [INFO] Pass: BasisTranslator - 0.68474 (ms)
2026-07-13 16:49:26,686 [INFO] Pass: Depth - 0.15879 (ms)
2026-07-13 16:49:26,686 [INFO] Pass: FixedPoint - 0.00978 (ms)
2026-07-13 16:49:26,686 [INFO] Pass: Size - 0.05388 (ms)
2026-07-13 16:49:26,686 [INFO] Pass: FixedPoint - 0.00477 (ms)
2026-07-13 16:49:26,686 [INFO] Pass: Optimize1qGatesDecomposition - 0.10824 (ms)
2026-07-13 16:49:26,686 [INFO] Pass: InverseCancellation - 0.00906 (ms)
2026-07-13 16:49:26,687 [INFO] Pass: GatesInBasis - 0.60105 (ms)
2026-07-13 16:49:26,687 [INFO] Pass: Depth - 0.14591 (ms)
2026-07-13 16:49:26,687 [INFO] Pass: FixedPoint - 0.00572 (ms)
2026-07-13 16:49:26,687 [INFO] Pass: Size - 0.05221 (ms)
2026-07-13 16:49:26,687 [INFO] Pass: FixedPoint - 0.00405 (ms)
2026-07-13 16:49:26,687 [INFO] Pass: ContainsInstruction - 0.00596 (ms)
2026-07-13 16:49:26,688 [INFO] Total Transpile Time - 68.97449 (ms)
2026-07-13 16:49:26,746 [INFO] Pass: ContainsInstruction - 0.01121 (ms)
2026-07-13 16:49:26,746 [INFO] Pass: InverseCancellation - 0.18764 (ms)
2026-07-13 16:49:26,746 [INFO] Pass: UnitarySynthesis - 0.00501 (ms)
2026-07-13 16:49:26,748 [INFO] Pass: HighLevelSynthesis - 1.18423 (ms)
2026-07-13 16:49:26,748 [INFO] Pass: BasisTranslator - 0.86999 (ms)
2026-07-13 16:49:26,749 [INFO] Pass: Depth - 0.16785 (ms)
2026-07-13 16:49:26,749 [INFO] Pass: FixedPoint - 0.01073 (ms)
2026-07-13 16:49:26,749 [INFO] Pass: Size - 0.05913 (ms)
2026-07-13 16:49:26,749 [INFO] Pass: FixedPoint - 0.00477 (ms)
2026-07-13 16:49:26,750 [INFO] Pass: Optimize1qGatesDecomposition - 1.09506 (ms)
2026-07-13 16:49:26,750 [INFO] Pass: InverseCancellation - 0.15569 (ms)
2026-07-13 16:49:26,751 [INFO] Pass: GatesInBasis - 0.66233 (ms)
2026-07-13 16:49:26,751 [INFO] Pass: Depth - 0.16332 (ms)
2026-07-13 16:49:26,751 [INFO] Pass: FixedPoint - 0.00715 (ms)
2026-07-13 16:49:26,751 [INFO] Pass: Size - 0.05674 (ms)
2026-07-13 16:49:26,751 [INFO] Pass: FixedPoint - 0.00477 (ms)
2026-07-13 16:49:26,751 [INFO] Pass: ContainsInstruction - 0.00668 (ms)
2026-07-13 16:49:26,753 [INFO] Total Transpile Time - 64.33916 (ms)
2026-07-13 16:49:26,811 [INFO] Pass: ContainsInstruction - 0.00834 (ms)
2026-07-13 16:49:26,811 [INFO] Pass: InverseCancellation - 0.18096 (ms)
2026-07-13 16:49:26,811 [INFO] Pass: UnitarySynthesis - 0.00572 (ms)
2026-07-13 16:49:26,813 [INFO] Pass: HighLevelSynthesis - 1.23787 (ms)
2026-07-13 16:49:26,814 [INFO] Pass: BasisTranslator - 0.85425 (ms)
2026-07-13 16:49:26,814 [INFO] Pass: Depth - 0.16761 (ms)
2026-07-13 16:49:26,814 [INFO] Pass: FixedPoint - 0.00834 (ms)
2026-07-13 16:49:26,814 [INFO] Pass: Size - 0.05841 (ms)
2026-07-13 16:49:26,814 [INFO] Pass: FixedPoint - 0.00453 (ms)
2026-07-13 16:49:26,815 [INFO] Pass: Optimize1qGatesDecomposition - 1.20711 (ms)
2026-07-13 16:49:26,815 [INFO] Pass: InverseCancellation - 0.00882 (ms)
2026-07-13 16:49:26,816 [INFO] Pass: GatesInBasis - 0.63872 (ms)
2026-07-13 16:49:26,816 [INFO] Pass: Depth - 0.15593 (ms)
2026-07-13 16:49:26,816 [INFO] Pass: FixedPoint - 0.00572 (ms)
2026-07-13 16:49:26,816 [INFO] Pass: Size - 0.05341 (ms)
2026-07-13 16:49:26,816 [INFO] Pass: FixedPoint - 0.00453 (ms)
2026-07-13 16:49:26,817 [INFO] Pass: Optimize1qGatesDecomposition - 0.97990 (ms)
2026-07-13 16:49:26,817 [INFO] Pass: InverseCancellation - 0.00691 (ms)
2026-07-13 16:49:26,818 [INFO] Pass: GatesInBasis - 0.62513 (ms)
2026-07-13 16:49:26,818 [INFO] Pass: Depth - 0.14877 (ms)
2026-07-13 16:49:26,818 [INFO] Pass: FixedPoint - 0.00525 (ms)
2026-07-13 16:49:26,818 [INFO] Pass: Size - 0.05364 (ms)
2026-07-13 16:49:26,818 [INFO] Pass: FixedPoint - 0.00501 (ms)
2026-07-13 16:49:26,818 [INFO] Pass: ContainsInstruction - 0.00572 (ms)
2026-07-13 16:49:26,820 [INFO] Total Transpile Time - 66.66207 (ms)
2026-07-13 16:50:10,303 [INFO] [PCE] n=250 instancia (idx=71) 2/20 completada (paralelo) - transcurrido=0:06:05:21
2026-07-13 16:50:10,423 [INFO] Pass: ContainsInstruction - 0.01121 (ms)
2026-07-13 16:50:10,423 [INFO] Pass: InverseCancellation - 0.01049 (ms)
2026-07-13 16:50:10,423 [INFO] Pass: UnitarySynthesis - 0.00453 (ms)
2026-07-13 16:50:10,424 [INFO] Pass: HighLevelSynthesis - 1.20282 (ms)
2026-07-13 16:50:10,425 [INFO] Pass: BasisTranslator - 0.67830 (ms)
2026-07-13 16:50:10,425 [INFO] Pass: Depth - 0.15879 (ms)
2026-07-13 16:50:10,425 [INFO] Pass: FixedPoint - 0.00858 (ms)
2026-07-13 16:50:10,425 [INFO] Pass: Size - 0.05770 (ms)
2026-07-13 16:50:10,425 [INFO] Pass: FixedPoint - 0.00501 (ms)
2026-07-13 16:50:10,425 [INFO] Pass: Optimize1qGatesDecomposition - 0.11301 (ms)
2026-07-13 16:50:10,425 [INFO] Pass: InverseCancellation - 0.00834 (ms)
2026-07-13 16:50:10,426 [INFO] Pass: GatesInBasis - 0.58722 (ms)
2026-07-13 16:50:10,426 [INFO] Pass: Depth - 0.14210 (ms)
2026-07-13 16:50:10,426 [INFO] Pass: FixedPoint - 0.00525 (ms)
2026-07-13 16:50:10,426 [INFO] Pass: Size - 0.05078 (ms)
2026-07-13 16:50:10,426 [INFO] Pass: FixedPoint - 0.00453 (ms)
2026-07-13 16:50:10,426 [INFO] Pass: ContainsInstruction - 0.00572 (ms)
2026-07-13 16:50:10,428 [INFO] Total Transpile Time - 66.12515 (ms)
2026-07-13 16:50:10,485 [INFO] Pass: ContainsInstruction - 0.01168 (ms)
2026-07-13 16:50:10,485 [INFO] Pass: InverseCancellation - 0.17715 (ms)
2026-07-13 16:50:10,485 [INFO] Pass: UnitarySynthesis - 0.00525 (ms)
2026-07-13 16:50:10,487 [INFO] Pass: HighLevelSynthesis - 1.16205 (ms)
2026-07-13 16:50:10,487 [INFO] Pass: BasisTranslator - 0.83971 (ms)
2026-07-13 16:50:10,488 [INFO] Pass: Depth - 0.18215 (ms)
2026-07-13 16:50:10,488 [INFO] Pass: FixedPoint - 0.01001 (ms)
2026-07-13 16:50:10,488 [INFO] Pass: Size - 0.05651 (ms)
2026-07-13 16:50:10,488 [INFO] Pass: FixedPoint - 0.00477 (ms)
2026-07-13 16:50:10,489 [INFO] Pass: Optimize1qGatesDecomposition - 1.06049 (ms)
2026-07-13 16:50:10,489 [INFO] Pass: InverseCancellation - 0.15545 (ms)
2026-07-13 16:50:10,490 [INFO] Pass: GatesInBasis - 0.67377 (ms)
2026-07-13 16:50:10,490 [INFO] Pass: Depth - 0.15831 (ms)
2026-07-13 16:50:10,490 [INFO] Pass: FixedPoint - 0.00596 (ms)
2026-07-13 16:50:10,490 [INFO] Pass: Size - 0.05531 (ms)
2026-07-13 16:50:10,490 [INFO] Pass: FixedPoint - 0.00477 (ms)
2026-07-13 16:50:10,490 [INFO] Pass: ContainsInstruction - 0.00501 (ms)
2026-07-13 16:50:10,492 [INFO] Total Transpile Time - 64.01038 (ms)
2026-07-13 16:50:10,549 [INFO] Pass: ContainsInstruction - 0.01383 (ms)
2026-07-13 16:50:10,549 [INFO] Pass: InverseCancellation - 0.20266 (ms)
2026-07-13 16:50:10,550 [INFO] Pass: UnitarySynthesis - 0.00548 (ms)
2026-07-13 16:50:10,551 [INFO] Pass: HighLevelSynthesis - 1.23858 (ms)
2026-07-13 16:50:10,552 [INFO] Pass: BasisTranslator - 1.08314 (ms)
2026-07-13 16:50:10,552 [INFO] Pass: Depth - 0.18072 (ms)
2026-07-13 16:50:10,552 [INFO] Pass: FixedPoint - 0.01073 (ms)
2026-07-13 16:50:10,552 [INFO] Pass: Size - 0.05984 (ms)
2026-07-13 16:50:10,552 [INFO] Pass: FixedPoint - 0.00453 (ms)
2026-07-13 16:50:10,554 [INFO] Pass: Optimize1qGatesDecomposition - 1.21713 (ms)
2026-07-13 16:50:10,554 [INFO] Pass: InverseCancellation - 0.01025 (ms)
2026-07-13 16:50:10,554 [INFO] Pass: GatesInBasis - 0.64993 (ms)
2026-07-13 16:50:10,555 [INFO] Pass: Depth - 0.15593 (ms)
2026-07-13 16:50:10,555 [INFO] Pass: FixedPoint - 0.00620 (ms)
2026-07-13 16:50:10,555 [INFO] Pass: Size - 0.05436 (ms)
2026-07-13 16:50:10,555 [INFO] Pass: FixedPoint - 0.00429 (ms)
2026-07-13 16:50:10,556 [INFO] Pass: Optimize1qGatesDecomposition - 0.98181 (ms)
2026-07-13 16:50:10,556 [INFO] Pass: InverseCancellation - 0.00763 (ms)
2026-07-13 16:50:10,557 [INFO] Pass: GatesInBasis - 0.63610 (ms)
2026-07-13 16:50:10,557 [INFO] Pass: Depth - 0.14758 (ms)
2026-07-13 16:50:10,557 [INFO] Pass: FixedPoint - 0.00548 (ms)
2026-07-13 16:50:10,557 [INFO] Pass: Size - 0.05341 (ms)
2026-07-13 16:50:10,557 [INFO] Pass: FixedPoint - 0.00453 (ms)
2026-07-13 16:50:10,557 [INFO] Pass: ContainsInstruction - 0.00620 (ms)
2026-07-13 16:50:10,558 [INFO] Total Transpile Time - 66.42389 (ms)
2026-07-13 16:50:35,016 [INFO] [PCE] n=250 instancia (idx=21) 3/20 completada (paralelo) - transcurrido=0:06:05:45
2026-07-13 16:50:35,129 [INFO] Pass: ContainsInstruction - 0.01025 (ms)
2026-07-13 16:50:35,129 [INFO] Pass: InverseCancellation - 0.01168 (ms)
2026-07-13 16:50:35,129 [INFO] Pass: UnitarySynthesis - 0.00477 (ms)
2026-07-13 16:50:35,130 [INFO] Pass: HighLevelSynthesis - 1.16658 (ms)
2026-07-13 16:50:35,131 [INFO] Pass: BasisTranslator - 0.66113 (ms)
2026-07-13 16:50:35,131 [INFO] Pass: Depth - 0.15521 (ms)
2026-07-13 16:50:35,131 [INFO] Pass: FixedPoint - 0.00811 (ms)
2026-07-13 16:50:35,131 [INFO] Pass: Size - 0.05341 (ms)
2026-07-13 16:50:35,131 [INFO] Pass: FixedPoint - 0.00453 (ms)
2026-07-13 16:50:35,131 [INFO] Pass: Optimize1qGatesDecomposition - 0.10467 (ms)
2026-07-13 16:50:35,131 [INFO] Pass: InverseCancellation - 0.00787 (ms)
2026-07-13 16:50:35,132 [INFO] Pass: GatesInBasis - 0.58293 (ms)
2026-07-13 16:50:35,132 [INFO] Pass: Depth - 0.14043 (ms)
2026-07-13 16:50:35,132 [INFO] Pass: FixedPoint - 0.00501 (ms)
2026-07-13 16:50:35,132 [INFO] Pass: Size - 0.05078 (ms)
2026-07-13 16:50:35,132 [INFO] Pass: FixedPoint - 0.00429 (ms)
2026-07-13 16:50:35,132 [INFO] Pass: ContainsInstruction - 0.00548 (ms)
2026-07-13 16:50:35,134 [INFO] Total Transpile Time - 64.69917 (ms)
2026-07-13 16:50:35,189 [INFO] Pass: ContainsInstruction - 0.00715 (ms)
2026-07-13 16:50:35,189 [INFO] Pass: InverseCancellation - 0.15855 (ms)
2026-07-13 16:50:35,189 [INFO] Pass: UnitarySynthesis - 0.00429 (ms)
2026-07-13 16:50:35,190 [INFO] Pass: HighLevelSynthesis - 1.16158 (ms)
2026-07-13 16:50:35,191 [INFO] Pass: BasisTranslator - 0.77701 (ms)
2026-07-13 16:50:35,191 [INFO] Pass: Depth - 0.15020 (ms)
2026-07-13 16:50:35,191 [INFO] Pass: FixedPoint - 0.00715 (ms)
2026-07-13 16:50:35,191 [INFO] Pass: Size - 0.05412 (ms)
2026-07-13 16:50:35,192 [INFO] Pass: FixedPoint - 0.00453 (ms)
2026-07-13 16:50:35,193 [INFO] Pass: Optimize1qGatesDecomposition - 1.01042 (ms)
2026-07-13 16:50:35,193 [INFO] Pass: InverseCancellation - 0.13447 (ms)
2026-07-13 16:50:35,193 [INFO] Pass: GatesInBasis - 0.62895 (ms)
2026-07-13 16:50:35,194 [INFO] Pass: Depth - 0.14234 (ms)
2026-07-13 16:50:35,194 [INFO] Pass: FixedPoint - 0.00525 (ms)
2026-07-13 16:50:35,194 [INFO] Pass: Size - 0.05388 (ms)
2026-07-13 16:50:35,194 [INFO] Pass: FixedPoint - 0.00429 (ms)
2026-07-13 16:50:35,194 [INFO] Pass: ContainsInstruction - 0.00477 (ms)
2026-07-13 16:50:35,195 [INFO] Total Transpile Time - 61.32102 (ms)
2026-07-13 16:50:35,250 [INFO] Pass: ContainsInstruction - 0.00691 (ms)
2026-07-13 16:50:35,251 [INFO] Pass: InverseCancellation - 0.16117 (ms)
2026-07-13 16:50:35,251 [INFO] Pass: UnitarySynthesis - 0.00429 (ms)
2026-07-13 16:50:35,252 [INFO] Pass: HighLevelSynthesis - 1.22643 (ms)
2026-07-13 16:50:35,253 [INFO] Pass: BasisTranslator - 0.82064 (ms)
2026-07-13 16:50:35,253 [INFO] Pass: Depth - 0.15950 (ms)
2026-07-13 16:50:35,253 [INFO] Pass: FixedPoint - 0.00691 (ms)
2026-07-13 16:50:35,253 [INFO] Pass: Size - 0.05746 (ms)
2026-07-13 16:50:35,253 [INFO] Pass: FixedPoint - 0.00429 (ms)
2026-07-13 16:50:35,254 [INFO] Pass: Optimize1qGatesDecomposition - 1.15156 (ms)
2026-07-13 16:50:35,255 [INFO] Pass: InverseCancellation - 0.00715 (ms)
2026-07-13 16:50:35,255 [INFO] Pass: GatesInBasis - 0.64158 (ms)
2026-07-13 16:50:35,255 [INFO] Pass: Depth - 0.14663 (ms)
2026-07-13 16:50:35,255 [INFO] Pass: FixedPoint - 0.00548 (ms)
2026-07-13 16:50:35,256 [INFO] Pass: Size - 0.05341 (ms)
2026-07-13 16:50:35,256 [INFO] Pass: FixedPoint - 0.00429 (ms)
2026-07-13 16:50:35,257 [INFO] Pass: Optimize1qGatesDecomposition - 0.97418 (ms)
2026-07-13 16:50:35,257 [INFO] Pass: InverseCancellation - 0.00715 (ms)
2026-07-13 16:50:35,257 [INFO] Pass: GatesInBasis - 0.66853 (ms)
2026-07-13 16:50:35,257 [INFO] Pass: Depth - 0.14544 (ms)
2026-07-13 16:50:35,258 [INFO] Pass: FixedPoint - 0.00525 (ms)
2026-07-13 16:50:35,258 [INFO] Pass: Size - 0.05341 (ms)
2026-07-13 16:50:35,258 [INFO] Pass: FixedPoint - 0.00429 (ms)
2026-07-13 16:50:35,258 [INFO] Pass: ContainsInstruction - 0.00525 (ms)
2026-07-13 16:50:35,259 [INFO] Total Transpile Time - 63.78865 (ms)
2026-07-13 16:51:14,160 [INFO] [PCE] n=250 instancia (idx=6) 4/20 completada (paralelo) - transcurrido=0:06:06:25
2026-07-13 16:51:14,276 [INFO] Pass: ContainsInstruction - 0.01097 (ms)
2026-07-13 16:51:14,276 [INFO] Pass: InverseCancellation - 0.01144 (ms)
2026-07-13 16:51:14,276 [INFO] Pass: UnitarySynthesis - 0.00477 (ms)
2026-07-13 16:51:14,278 [INFO] Pass: HighLevelSynthesis - 1.21427 (ms)
2026-07-13 16:51:14,278 [INFO] Pass: BasisTranslator - 0.68641 (ms)
2026-07-13 16:51:14,279 [INFO] Pass: Depth - 0.17262 (ms)
2026-07-13 16:51:14,279 [INFO] Pass: FixedPoint - 0.01097 (ms)
2026-07-13 16:51:14,279 [INFO] Pass: Size - 0.05627 (ms)
2026-07-13 16:51:14,279 [INFO] Pass: FixedPoint - 0.00453 (ms)
2026-07-13 16:51:14,279 [INFO] Pass: Optimize1qGatesDecomposition - 0.11563 (ms)
2026-07-13 16:51:14,279 [INFO] Pass: InverseCancellation - 0.01216 (ms)
2026-07-13 16:51:14,280 [INFO] Pass: GatesInBasis - 0.59724 (ms)
2026-07-13 16:51:14,280 [INFO] Pass: Depth - 0.14544 (ms)
2026-07-13 16:51:14,280 [INFO] Pass: FixedPoint - 0.00548 (ms)
2026-07-13 16:51:14,280 [INFO] Pass: Size - 0.05174 (ms)
2026-07-13 16:51:14,280 [INFO] Pass: FixedPoint - 0.00429 (ms)
2026-07-13 16:51:14,280 [INFO] Pass: ContainsInstruction - 0.00572 (ms)
2026-07-13 16:51:14,281 [INFO] Total Transpile Time - 66.72239 (ms)
2026-07-13 16:51:14,339 [INFO] Pass: ContainsInstruction - 0.01836 (ms)
2026-07-13 16:51:14,339 [INFO] Pass: InverseCancellation - 0.23842 (ms)
2026-07-13 16:51:14,339 [INFO] Pass: UnitarySynthesis - 0.00668 (ms)
2026-07-13 16:51:14,341 [INFO] Pass: HighLevelSynthesis - 1.34492 (ms)
2026-07-13 16:51:14,342 [INFO] Pass: BasisTranslator - 0.98133 (ms)
2026-07-13 16:51:14,342 [INFO] Pass: Depth - 0.19765 (ms)
2026-07-13 16:51:14,342 [INFO] Pass: FixedPoint - 0.01478 (ms)
2026-07-13 16:51:14,342 [INFO] Pass: Size - 0.06461 (ms)
2026-07-13 16:51:14,342 [INFO] Pass: FixedPoint - 0.00501 (ms)
2026-07-13 16:51:14,344 [INFO] Pass: Optimize1qGatesDecomposition - 1.21951 (ms)
2026-07-13 16:51:14,344 [INFO] Pass: InverseCancellation - 0.17428 (ms)
2026-07-13 16:51:14,345 [INFO] Pass: GatesInBasis - 0.69666 (ms)
2026-07-13 16:51:14,345 [INFO] Pass: Depth - 0.18167 (ms)
2026-07-13 16:51:14,345 [INFO] Pass: FixedPoint - 0.01001 (ms)
2026-07-13 16:51:14,345 [INFO] Pass: Size - 0.05937 (ms)
2026-07-13 16:51:14,345 [INFO] Pass: FixedPoint - 0.00501 (ms)
2026-07-13 16:51:14,345 [INFO] Pass: ContainsInstruction - 0.00978 (ms)
2026-07-13 16:51:14,347 [INFO] Total Transpile Time - 65.38367 (ms)
2026-07-13 16:51:14,407 [INFO] Pass: ContainsInstruction - 0.01240 (ms)
2026-07-13 16:51:14,407 [INFO] Pass: InverseCancellation - 0.19455 (ms)
2026-07-13 16:51:14,407 [INFO] Pass: UnitarySynthesis - 0.00501 (ms)
2026-07-13 16:51:14,408 [INFO] Pass: HighLevelSynthesis - 1.25599 (ms)
2026-07-13 16:51:14,409 [INFO] Pass: BasisTranslator - 0.89645 (ms)
2026-07-13 16:51:14,410 [INFO] Pass: Depth - 0.18716 (ms)
2026-07-13 16:51:14,410 [INFO] Pass: FixedPoint - 0.01073 (ms)
2026-07-13 16:51:14,410 [INFO] Pass: Size - 0.06199 (ms)
2026-07-13 16:51:14,410 [INFO] Pass: FixedPoint - 0.00477 (ms)
2026-07-13 16:51:14,411 [INFO] Pass: Optimize1qGatesDecomposition - 1.24168 (ms)
2026-07-13 16:51:14,411 [INFO] Pass: InverseCancellation - 0.01049 (ms)
2026-07-13 16:51:14,412 [INFO] Pass: GatesInBasis - 0.67019 (ms)
2026-07-13 16:51:14,412 [INFO] Pass: Depth - 0.16713 (ms)
2026-07-13 16:51:14,412 [INFO] Pass: FixedPoint - 0.00691 (ms)
2026-07-13 16:51:14,412 [INFO] Pass: Size - 0.05579 (ms)
2026-07-13 16:51:14,412 [INFO] Pass: FixedPoint - 0.00405 (ms)
2026-07-13 16:51:14,413 [INFO] Pass: Optimize1qGatesDecomposition - 1.00946 (ms)
2026-07-13 16:51:14,413 [INFO] Pass: InverseCancellation - 0.00954 (ms)
2026-07-13 16:51:14,414 [INFO] Pass: GatesInBasis - 0.65160 (ms)
2026-07-13 16:51:14,414 [INFO] Pass: Depth - 0.15807 (ms)
2026-07-13 16:51:14,414 [INFO] Pass: FixedPoint - 0.00572 (ms)
2026-07-13 16:51:14,414 [INFO] Pass: Size - 0.05412 (ms)
2026-07-13 16:51:14,414 [INFO] Pass: FixedPoint - 0.00453 (ms)
2026-07-13 16:51:14,414 [INFO] Pass: ContainsInstruction - 0.00739 (ms)
2026-07-13 16:51:14,416 [INFO] Total Transpile Time - 68.82906 (ms)
2026-07-13 17:08:33,071 [INFO] [PCE] n=250 instancia (idx=26) 5/20 completada (paralelo) - transcurrido=0:06:23:43
2026-07-13 17:16:23,276 [INFO] [PCE] n=250 instancia (idx=51) 6/20 completada (paralelo) - transcurrido=0:06:31:34
2026-07-13 17:17:22,115 [INFO] [PCE] n=250 instancia (idx=46) 7/20 completada (paralelo) - transcurrido=0:06:32:33
2026-07-13 17:19:30,567 [INFO] [PCE] n=250 instancia (idx=16) 8/20 completada (paralelo) - transcurrido=0:06:34:41
2026-07-13 17:19:34,063 [INFO] [PCE] n=250 instancia (idx=36) 9/20 completada (paralelo) - transcurrido=0:06:34:44
2026-07-13 17:27:14,294 [INFO] [PCE] n=250 instancia (idx=31) 10/20 completada (paralelo) - transcurrido=0:06:42:25
2026-07-13 17:27:28,049 [INFO] [PCE] n=250 instancia (idx=56) 11/20 completada (paralelo) - transcurrido=0:06:42:38
2026-07-13 17:29:21,608 [INFO] [PCE] n=250 instancia (idx=41) 12/20 completada (paralelo) - transcurrido=0:06:44:32
2026-07-13 17:32:49,400 [INFO] [PCE] n=250 instancia (idx=11) 13/20 completada (paralelo) - transcurrido=0:06:48:00
2026-07-13 17:35:40,460 [INFO] [PCE] n=250 instancia (idx=1) 14/20 completada (paralelo) - transcurrido=0:06:50:51
2026-07-13 17:38:58,927 [INFO] [PCE] n=250 instancia (idx=66) 15/20 completada (paralelo) - transcurrido=0:06:54:09
2026-07-13 17:43:27,255 [INFO] [PCE] n=250 instancia (idx=61) 16/20 completada (paralelo) - transcurrido=0:06:58:38
2026-07-13 19:05:16,994 [INFO] [PCE] n=250 instancia (idx=81) 17/20 completada (paralelo) - transcurrido=0:08:20:27
2026-07-13 19:06:27,758 [INFO] [PCE] n=250 instancia (idx=91) 18/20 completada (paralelo) - transcurrido=0:08:21:38
2026-07-13 19:10:23,140 [INFO] [PCE] n=250 instancia (idx=96) 19/20 completada (paralelo) - transcurrido=0:08:25:34
2026-07-13 19:18:18,173 [INFO] [PCE] n=250 instancia (idx=86) 20/20 completada (paralelo) - transcurrido=0:08:33:29
2026-07-13 19:18:18,256 [INFO] [PCE] n=250 chunk 2/5 completado - beta_parcial=0.2032 duration=0:08:33:29 shots=2048 backend=AER
