slurmstepd: info: Setting TMPDIR to /scratch/8427026. Previous errors about TMPDIR can be discarded
==============================
RUN_ID: 20260713-104256
Array ID: 0  (entrada: 250:0:5)
num_nodes: 250   chunk: 1/5
num_instances (total del n): 100
num_workers: 16   cpus-per-task: 32
OMP_NUM_THREADS=1 OPENBLAS_NUM_THREADS=1 MKL_NUM_THREADS=1
device: CPU   optimizer: DIFFERENTIALEVOLUTION   maxiter: 25   k: 2
backend: AER   shots: 2048
==============================

==============================
num_nodes     = 250
num_instances = 100 (total del n)
chunk         = 1/5
num_workers   = 16
k             = 2
optimizer     = DIFFERENTIALEVOLUTION
maxiter       = 25
backend       = AER
outdir        = Resultados/PCE/20260713-104256/chunks
==============================

[TIMING] pid=2013690 idx=25 t0=10277509.526 grafo=0.048s init_bench=0.000s run_pce=21417.993s total=21418.041s
[TIMING] pid=2013697 idx=60 t0=10277509.551 grafo=0.048s init_bench=0.000s run_pce=21475.760s total=21475.807s
[TIMING] pid=2013691 idx=30 t0=10277509.529 grafo=0.048s init_bench=0.000s run_pce=21481.664s total=21481.712s
[TIMING] pid=2013698 idx=65 t0=10277509.555 grafo=0.048s init_bench=0.000s run_pce=22445.555s total=22445.603s
[TIMING] pid=2013692 idx=35 t0=10277509.533 grafo=0.048s init_bench=0.000s run_pce=22738.731s total=22738.779s
[TIMING] pid=2013687 idx=10 t0=10277509.519 grafo=0.047s init_bench=0.000s run_pce=22777.646s total=22777.694s
[TIMING] pid=2013695 idx=50 t0=10277509.543 grafo=0.048s init_bench=0.000s run_pce=22938.942s total=22938.990s
[TIMING] pid=2013689 idx=20 t0=10277509.523 grafo=0.048s init_bench=0.000s run_pce=22941.256s total=22941.303s
[TIMING] pid=2013696 idx=55 t0=10277509.547 grafo=0.048s init_bench=0.000s run_pce=23077.207s total=23077.255s
[TIMING] pid=2013694 idx=45 t0=10277509.540 grafo=0.048s init_bench=0.000s run_pce=23099.151s total=23099.199s
[TIMING] pid=2013683 idx=0 t0=10277509.514 grafo=0.048s init_bench=0.000s run_pce=23103.272s total=23103.320s
[TIMING] pid=2013700 idx=75 t0=10277509.563 grafo=0.047s init_bench=0.000s run_pce=23185.770s total=23185.817s
[TIMING] pid=2013693 idx=40 t0=10277509.536 grafo=0.048s init_bench=0.000s run_pce=23334.034s total=23334.082s
[TIMING] pid=2013686 idx=5 t0=10277509.519 grafo=0.048s init_bench=0.000s run_pce=23828.798s total=23828.846s
[TIMING] pid=2013699 idx=70 t0=10277509.559 grafo=0.048s init_bench=0.000s run_pce=24477.335s total=24477.383s
[TIMING] pid=2013688 idx=15 t0=10277509.520 grafo=0.048s init_bench=0.000s run_pce=25164.275s total=25164.323s
[TIMING] pid=2013691 idx=90 t0=10298991.243 grafo=0.046s init_bench=0.000s run_pce=7930.291s total=7930.337s
[TIMING] pid=2013698 idx=95 t0=10299955.160 grafo=0.046s init_bench=0.000s run_pce=7203.202s total=7203.248s
[TIMING] pid=2013690 idx=80 t0=10298927.569 grafo=0.045s init_bench=0.000s run_pce=8324.997s total=8325.043s
[TIMING] pid=2013697 idx=85 t0=10298985.360 grafo=0.045s init_bench=0.000s run_pce=8333.432s total=8333.477s

✔ n=250 chunk 1/5 (20 instancias) beta_parcial=0.2030 ± 0.0187
✔ Resultado del chunk guardado en: Resultados/PCE/20260713-104256/chunks/n_250_chunk_0_of_5.h5
  (recuerda: esto es PARCIAL — hace falta merge_chunks_qscore_PCE.py para combinar todos los chunks de este n antes de agregar)
Fecha fin: Mon Jul 13 07:01:35 PM CEST 2026

*****************************************************************************
*                                                                           *
*                    JOB EFFICIENCY REPORT (seff 8427026)                   *
*                                                                           *
*****************************************************************************

Job ID: 8427026
Array Job ID: 8426981_0
Cluster: finisterrae3
User/Group: tec_app6/cesga
State: COMPLETED (exit code 0)
Nodes: 1
Cores per node: 32
CPU Utilized: 16:45:38
CPU Efficiency: 6.32% of 11-01:01:52 core-walltime
Job Wall-clock time: 08:16:56
Memory Utilized: 7.63 GB
Memory Efficiency: 23.85% of 32.00 GB

 +++++++++++++++++++++++++++++++++++++++++++++++++++++++++++++++++++++++++++
 ++   Memory Efficiency is too small. Please review the requested memory. ++
 ++ It seems that you do not need that much memory so we recommend        ++
 ++ requesting less memory in other similar jobs.                         ++
 +++++++++++++++++++++++++++++++++++++++++++++++++++++++++++++++++++++++++++
 
*****************************************************************************

