gcc/system unloaded
gcccore/system unloaded
cesga/2022 unloaded
rust/1.75.0 unloaded
imkl/2022.0.1 unloaded
numpy/1.26.4 unloaded
scipy/1.13.1 unloaded
flint/2.8.4 unloaded
symengine/0.11.1 unloaded
symengine-python/0.11.0 unloaded
spdlog/1.9.2 unloaded
pylatexenc/2.10 unloaded
qiskit/1.2.4-aer-gpu-cu11 unloaded
        Preparing the environment for use of the CESGA 2022 software stack.
        Please rebuild modules cache: module --ignore-cache avail
     
cesga/2022 loaded
rust/1.75.0 loaded

imkl/2023.2.0 loaded
numpy/1.26.4 loaded
scipy/1.13.1 loaded
imkl/2023.2.0 unloaded

imkl/2022.0.1 loaded
flint/2.8.4 loaded
symengine/0.11.1 loaded
symengine-python/0.11.0 loaded
spdlog/1.9.2 loaded
pylatexenc/2.10 loaded
gcccore/system loaded
gcc/system loaded
qiskit/1.2.4-aer-gpu-cu11 loaded
2026-07-13 10:44:48,361 [INFO] [PCE] n=250 chunk 5/5: 20 instancias [4, 9, 14, 19, 24, 29, 34, 39, 44, 49, 54, 59, 64, 69, 74, 79, 84, 89, 94, 99], num_workers=16, qubits=14
2026-07-13 10:44:48,361 [INFO] [PCE] n=250 paralelizando 20 instancias entre 16 workers (max_parallel_threads=1 fijo, independiente de num_workers)
2026-07-13 10:44:48,513 [INFO] Pass: ContainsInstruction - 0.01693 (ms)
2026-07-13 10:44:48,513 [INFO] Pass: InverseCancellation - 0.01669 (ms)
2026-07-13 10:44:48,514 [INFO] Pass: UnitarySynthesis - 0.00548 (ms)
2026-07-13 10:44:48,515 [INFO] Pass: HighLevelSynthesis - 1.23549 (ms)
2026-07-13 10:44:48,516 [INFO] Pass: BasisTranslator - 0.70739 (ms)
2026-07-13 10:44:48,516 [INFO] Pass: Depth - 0.17500 (ms)
2026-07-13 10:44:48,516 [INFO] Pass: FixedPoint - 0.01216 (ms)
2026-07-13 10:44:48,516 [INFO] Pass: Size - 0.05651 (ms)
2026-07-13 10:44:48,516 [INFO] Pass: FixedPoint - 0.00477 (ms)
2026-07-13 10:44:48,516 [INFO] Pass: Optimize1qGatesDecomposition - 0.13685 (ms)
2026-07-13 10:44:48,516 [INFO] Pass: InverseCancellation - 0.00834 (ms)
2026-07-13 10:44:48,517 [INFO] Pass: GatesInBasis - 0.63705 (ms)
2026-07-13 10:44:48,517 [INFO] Pass: Depth - 0.13828 (ms)
2026-07-13 10:44:48,517 [INFO] Pass: FixedPoint - 0.00525 (ms)
2026-07-13 10:44:48,517 [INFO] Pass: Size - 0.05150 (ms)
2026-07-13 10:44:48,517 [INFO] Pass: FixedPoint - 0.00429 (ms)
2026-07-13 10:44:48,517 [INFO] Pass: ContainsInstruction - 0.00525 (ms)
2026-07-13 10:44:48,518 [INFO] Pass: ContainsInstruction - 0.01788 (ms)
2026-07-13 10:44:48,518 [INFO] Pass: InverseCancellation - 0.01669 (ms)
2026-07-13 10:44:48,518 [INFO] Total Transpile Time - 82.62825 (ms)
2026-07-13 10:44:48,519 [INFO] Pass: UnitarySynthesis - 0.00548 (ms)
2026-07-13 10:44:48,519 [INFO] Pass: ContainsInstruction - 0.01574 (ms)
2026-07-13 10:44:48,519 [INFO] Pass: InverseCancellation - 0.01621 (ms)
2026-07-13 10:44:48,519 [INFO] Pass: UnitarySynthesis - 0.00548 (ms)
2026-07-13 10:44:48,519 [INFO] Pass: ContainsInstruction - 0.01597 (ms)
2026-07-13 10:44:48,519 [INFO] Pass: InverseCancellation - 0.01764 (ms)
2026-07-13 10:44:48,519 [INFO] Pass: UnitarySynthesis - 0.00501 (ms)
2026-07-13 10:44:48,520 [INFO] Pass: HighLevelSynthesis - 1.23668 (ms)
2026-07-13 10:44:48,520 [INFO] Pass: HighLevelSynthesis - 1.23382 (ms)
2026-07-13 10:44:48,520 [INFO] Pass: HighLevelSynthesis - 1.27435 (ms)
2026-07-13 10:44:48,521 [INFO] Pass: BasisTranslator - 0.71239 (ms)
2026-07-13 10:44:48,521 [INFO] Pass: Depth - 0.17762 (ms)
2026-07-13 10:44:48,521 [INFO] Pass: FixedPoint - 0.01121 (ms)
2026-07-13 10:44:48,521 [INFO] Pass: Size - 0.05984 (ms)
2026-07-13 10:44:48,521 [INFO] Pass: BasisTranslator - 0.66876 (ms)
2026-07-13 10:44:48,521 [INFO] Pass: FixedPoint - 0.00477 (ms)
2026-07-13 10:44:48,521 [INFO] Pass: Optimize1qGatesDecomposition - 0.13399 (ms)
2026-07-13 10:44:48,521 [INFO] Pass: Depth - 0.17262 (ms)
2026-07-13 10:44:48,521 [INFO] Pass: BasisTranslator - 0.62156 (ms)
2026-07-13 10:44:48,521 [INFO] Pass: InverseCancellation - 0.00811 (ms)
2026-07-13 10:44:48,521 [INFO] Pass: FixedPoint - 0.01168 (ms)
2026-07-13 10:44:48,521 [INFO] Pass: Size - 0.05817 (ms)
2026-07-13 10:44:48,521 [INFO] Pass: FixedPoint - 0.00501 (ms)
2026-07-13 10:44:48,521 [INFO] Pass: Depth - 0.18048 (ms)
2026-07-13 10:44:48,521 [INFO] Pass: FixedPoint - 0.01073 (ms)
2026-07-13 10:44:48,522 [INFO] Pass: Optimize1qGatesDecomposition - 0.12994 (ms)
2026-07-13 10:44:48,522 [INFO] Pass: Size - 0.05746 (ms)
2026-07-13 10:44:48,522 [INFO] Pass: InverseCancellation - 0.00811 (ms)
2026-07-13 10:44:48,522 [INFO] Pass: FixedPoint - 0.00477 (ms)
2026-07-13 10:44:48,522 [INFO] Pass: Optimize1qGatesDecomposition - 0.12660 (ms)
2026-07-13 10:44:48,522 [INFO] Pass: InverseCancellation - 0.00858 (ms)
2026-07-13 10:44:48,522 [INFO] Pass: GatesInBasis - 0.66733 (ms)
2026-07-13 10:44:48,522 [INFO] Pass: Depth - 0.14257 (ms)
2026-07-13 10:44:48,522 [INFO] Pass: FixedPoint - 0.00548 (ms)
2026-07-13 10:44:48,522 [INFO] Pass: ContainsInstruction - 0.01931 (ms)
2026-07-13 10:44:48,522 [INFO] Pass: Size - 0.05245 (ms)
2026-07-13 10:44:48,522 [INFO] Pass: GatesInBasis - 0.61560 (ms)
2026-07-13 10:44:48,522 [INFO] Pass: FixedPoint - 0.00429 (ms)
2026-07-13 10:44:48,522 [INFO] Pass: InverseCancellation - 0.03028 (ms)
2026-07-13 10:44:48,522 [INFO] Pass: ContainsInstruction - 0.00501 (ms)
2026-07-13 10:44:48,522 [INFO] Pass: UnitarySynthesis - 0.00548 (ms)
2026-07-13 10:44:48,522 [INFO] Pass: Depth - 0.13995 (ms)
2026-07-13 10:44:48,522 [INFO] Pass: GatesInBasis - 0.60892 (ms)
2026-07-13 10:44:48,522 [INFO] Pass: FixedPoint - 0.00501 (ms)
2026-07-13 10:44:48,523 [INFO] Pass: Size - 0.05174 (ms)
2026-07-13 10:44:48,523 [INFO] Pass: FixedPoint - 0.00477 (ms)
2026-07-13 10:44:48,523 [INFO] Pass: ContainsInstruction - 0.00501 (ms)
2026-07-13 10:44:48,523 [INFO] Pass: Depth - 0.13828 (ms)
2026-07-13 10:44:48,523 [INFO] Pass: FixedPoint - 0.00501 (ms)
2026-07-13 10:44:48,523 [INFO] Pass: Size - 0.05150 (ms)
2026-07-13 10:44:48,523 [INFO] Pass: FixedPoint - 0.00405 (ms)
2026-07-13 10:44:48,523 [INFO] Pass: ContainsInstruction - 0.00453 (ms)
2026-07-13 10:44:48,524 [INFO] Total Transpile Time - 82.92341 (ms)
2026-07-13 10:44:48,524 [INFO] Pass: HighLevelSynthesis - 1.24025 (ms)
2026-07-13 10:44:48,524 [INFO] Total Transpile Time - 83.31013 (ms)
2026-07-13 10:44:48,524 [INFO] Total Transpile Time - 82.60322 (ms)
2026-07-13 10:44:48,524 [INFO] Pass: BasisTranslator - 0.62060 (ms)
2026-07-13 10:44:48,525 [INFO] Pass: Depth - 0.17357 (ms)
2026-07-13 10:44:48,525 [INFO] Pass: FixedPoint - 0.01168 (ms)
2026-07-13 10:44:48,525 [INFO] Pass: Size - 0.05627 (ms)
2026-07-13 10:44:48,525 [INFO] Pass: FixedPoint - 0.00453 (ms)
2026-07-13 10:44:48,525 [INFO] Pass: ContainsInstruction - 0.01502 (ms)
2026-07-13 10:44:48,525 [INFO] Pass: Optimize1qGatesDecomposition - 0.12922 (ms)
2026-07-13 10:44:48,525 [INFO] Pass: InverseCancellation - 0.01526 (ms)
2026-07-13 10:44:48,525 [INFO] Pass: InverseCancellation - 0.00811 (ms)
2026-07-13 10:44:48,525 [INFO] Pass: UnitarySynthesis - 0.00548 (ms)
2026-07-13 10:44:48,526 [INFO] Pass: GatesInBasis - 0.64349 (ms)
2026-07-13 10:44:48,526 [INFO] Pass: Depth - 0.13900 (ms)
2026-07-13 10:44:48,526 [INFO] Pass: FixedPoint - 0.00525 (ms)
2026-07-13 10:44:48,526 [INFO] Pass: Size - 0.05174 (ms)
2026-07-13 10:44:48,526 [INFO] Pass: FixedPoint - 0.00405 (ms)
2026-07-13 10:44:48,526 [INFO] Pass: ContainsInstruction - 0.00477 (ms)
2026-07-13 10:44:48,526 [INFO] Pass: HighLevelSynthesis - 1.25647 (ms)
2026-07-13 10:44:48,527 [INFO] Pass: BasisTranslator - 0.68665 (ms)
2026-07-13 10:44:48,527 [INFO] Pass: Depth - 0.17571 (ms)
2026-07-13 10:44:48,527 [INFO] Total Transpile Time - 82.87716 (ms)
2026-07-13 10:44:48,527 [INFO] Pass: FixedPoint - 0.01240 (ms)
2026-07-13 10:44:48,527 [INFO] Pass: Size - 0.05746 (ms)
2026-07-13 10:44:48,527 [INFO] Pass: FixedPoint - 0.00477 (ms)
2026-07-13 10:44:48,528 [INFO] Pass: Optimize1qGatesDecomposition - 0.12994 (ms)
2026-07-13 10:44:48,528 [INFO] Pass: InverseCancellation - 0.00858 (ms)
2026-07-13 10:44:48,528 [INFO] Pass: GatesInBasis - 0.63396 (ms)
2026-07-13 10:44:48,528 [INFO] Pass: Depth - 0.14329 (ms)
2026-07-13 10:44:48,529 [INFO] Pass: FixedPoint - 0.00548 (ms)
2026-07-13 10:44:48,529 [INFO] Pass: Size - 0.05412 (ms)
2026-07-13 10:44:48,529 [INFO] Pass: FixedPoint - 0.00477 (ms)
2026-07-13 10:44:48,529 [INFO] Pass: ContainsInstruction - 0.00501 (ms)
2026-07-13 10:44:48,529 [INFO] Pass: ContainsInstruction - 0.01550 (ms)
2026-07-13 10:44:48,529 [INFO] Pass: InverseCancellation - 0.01502 (ms)
2026-07-13 10:44:48,529 [INFO] Pass: UnitarySynthesis - 0.00525 (ms)
2026-07-13 10:44:48,530 [INFO] Total Transpile Time - 82.71599 (ms)
2026-07-13 10:44:48,530 [INFO] Pass: HighLevelSynthesis - 1.27721 (ms)
2026-07-13 10:44:48,531 [INFO] Pass: BasisTranslator - 0.64158 (ms)
2026-07-13 10:44:48,531 [INFO] Pass: Depth - 0.17500 (ms)
2026-07-13 10:44:48,531 [INFO] Pass: FixedPoint - 0.01144 (ms)
2026-07-13 10:44:48,531 [INFO] Pass: Size - 0.06008 (ms)
2026-07-13 10:44:48,531 [INFO] Pass: FixedPoint - 0.00477 (ms)
2026-07-13 10:44:48,531 [INFO] Pass: Optimize1qGatesDecomposition - 0.12660 (ms)
2026-07-13 10:44:48,532 [INFO] Pass: InverseCancellation - 0.00787 (ms)
2026-07-13 10:44:48,532 [INFO] Pass: GatesInBasis - 0.68712 (ms)
2026-07-13 10:44:48,532 [INFO] Pass: Depth - 0.13947 (ms)
2026-07-13 10:44:48,532 [INFO] Pass: FixedPoint - 0.00572 (ms)
2026-07-13 10:44:48,533 [INFO] Pass: Size - 0.05126 (ms)
2026-07-13 10:44:48,533 [INFO] Pass: FixedPoint - 0.00453 (ms)
2026-07-13 10:44:48,533 [INFO] Pass: ContainsInstruction - 0.00501 (ms)
2026-07-13 10:44:48,534 [INFO] Total Transpile Time - 82.98492 (ms)
2026-07-13 10:44:48,534 [INFO] Pass: ContainsInstruction - 0.01621 (ms)
2026-07-13 10:44:48,535 [INFO] Pass: InverseCancellation - 0.01645 (ms)
2026-07-13 10:44:48,535 [INFO] Pass: UnitarySynthesis - 0.00548 (ms)
2026-07-13 10:44:48,535 [INFO] Pass: ContainsInstruction - 0.01836 (ms)
2026-07-13 10:44:48,535 [INFO] Pass: InverseCancellation - 0.01597 (ms)
2026-07-13 10:44:48,535 [INFO] Pass: UnitarySynthesis - 0.00548 (ms)
2026-07-13 10:44:48,536 [INFO] Pass: HighLevelSynthesis - 1.32608 (ms)
2026-07-13 10:44:48,537 [INFO] Pass: HighLevelSynthesis - 1.24764 (ms)
2026-07-13 10:44:48,537 [INFO] Pass: BasisTranslator - 0.72074 (ms)
2026-07-13 10:44:48,537 [INFO] Pass: Depth - 0.18096 (ms)
2026-07-13 10:44:48,537 [INFO] Pass: FixedPoint - 0.01192 (ms)
2026-07-13 10:44:48,537 [INFO] Pass: Size - 0.05865 (ms)
2026-07-13 10:44:48,537 [INFO] Pass: FixedPoint - 0.00501 (ms)
2026-07-13 10:44:48,537 [INFO] Pass: BasisTranslator - 0.62728 (ms)
2026-07-13 10:44:48,537 [INFO] Pass: ContainsInstruction - 0.01478 (ms)
2026-07-13 10:44:48,537 [INFO] Pass: InverseCancellation - 0.01574 (ms)
2026-07-13 10:44:48,537 [INFO] Pass: Optimize1qGatesDecomposition - 0.13542 (ms)
2026-07-13 10:44:48,537 [INFO] Pass: UnitarySynthesis - 0.00525 (ms)
2026-07-13 10:44:48,537 [INFO] Pass: InverseCancellation - 0.00954 (ms)
2026-07-13 10:44:48,538 [INFO] Pass: Depth - 0.17548 (ms)
2026-07-13 10:44:48,538 [INFO] Pass: FixedPoint - 0.01097 (ms)
2026-07-13 10:44:48,538 [INFO] Pass: Size - 0.05984 (ms)
2026-07-13 10:44:48,538 [INFO] Pass: FixedPoint - 0.00477 (ms)
2026-07-13 10:44:48,538 [INFO] Pass: Optimize1qGatesDecomposition - 0.12827 (ms)
2026-07-13 10:44:48,538 [INFO] Pass: InverseCancellation - 0.00811 (ms)
2026-07-13 10:44:48,538 [INFO] Pass: GatesInBasis - 0.65947 (ms)
2026-07-13 10:44:48,538 [INFO] Pass: Depth - 0.14472 (ms)
2026-07-13 10:44:48,538 [INFO] Pass: FixedPoint - 0.00572 (ms)
2026-07-13 10:44:48,539 [INFO] Pass: Size - 0.05293 (ms)
2026-07-13 10:44:48,539 [INFO] Pass: FixedPoint - 0.00453 (ms)
2026-07-13 10:44:48,539 [INFO] Pass: ContainsInstruction - 0.00525 (ms)
2026-07-13 10:44:48,539 [INFO] Pass: GatesInBasis - 0.65541 (ms)
2026-07-13 10:44:48,539 [INFO] Pass: HighLevelSynthesis - 1.25647 (ms)
2026-07-13 10:44:48,539 [INFO] Pass: Depth - 0.13924 (ms)
2026-07-13 10:44:48,539 [INFO] Pass: FixedPoint - 0.00501 (ms)
2026-07-13 10:44:48,539 [INFO] Pass: Size - 0.05150 (ms)
2026-07-13 10:44:48,539 [INFO] Pass: FixedPoint - 0.00405 (ms)
2026-07-13 10:44:48,539 [INFO] Pass: ContainsInstruction - 0.00501 (ms)
2026-07-13 10:44:48,539 [INFO] Pass: BasisTranslator - 0.62966 (ms)
2026-07-13 10:44:48,540 [INFO] Pass: Depth - 0.17238 (ms)
2026-07-13 10:44:48,540 [INFO] Pass: FixedPoint - 0.01192 (ms)
2026-07-13 10:44:48,540 [INFO] Pass: Size - 0.05603 (ms)
2026-07-13 10:44:48,540 [INFO] Pass: FixedPoint - 0.00453 (ms)
2026-07-13 10:44:48,540 [INFO] Total Transpile Time - 85.77752 (ms)
2026-07-13 10:44:48,540 [INFO] Pass: Optimize1qGatesDecomposition - 0.12875 (ms)
2026-07-13 10:44:48,540 [INFO] Pass: InverseCancellation - 0.00787 (ms)
2026-07-13 10:44:48,540 [INFO] Total Transpile Time - 83.32133 (ms)
2026-07-13 10:44:48,541 [INFO] Pass: GatesInBasis - 0.63539 (ms)
2026-07-13 10:44:48,541 [INFO] Pass: Depth - 0.13924 (ms)
2026-07-13 10:44:48,541 [INFO] Pass: FixedPoint - 0.00501 (ms)
2026-07-13 10:44:48,541 [INFO] Pass: Size - 0.05150 (ms)
2026-07-13 10:44:48,541 [INFO] Pass: FixedPoint - 0.00453 (ms)
2026-07-13 10:44:48,541 [INFO] Pass: ContainsInstruction - 0.00501 (ms)
2026-07-13 10:44:48,541 [INFO] Pass: ContainsInstruction - 0.01621 (ms)
2026-07-13 10:44:48,541 [INFO] Pass: InverseCancellation - 0.01502 (ms)
2026-07-13 10:44:48,541 [INFO] Pass: UnitarySynthesis - 0.00501 (ms)
2026-07-13 10:44:48,542 [INFO] Total Transpile Time - 82.28469 (ms)
2026-07-13 10:44:48,543 [INFO] Pass: HighLevelSynthesis - 1.25003 (ms)
2026-07-13 10:44:48,543 [INFO] Pass: BasisTranslator - 0.67997 (ms)
2026-07-13 10:44:48,544 [INFO] Pass: Depth - 0.17047 (ms)
2026-07-13 10:44:48,544 [INFO] Pass: FixedPoint - 0.01121 (ms)
2026-07-13 10:44:48,544 [INFO] Pass: Size - 0.05651 (ms)
2026-07-13 10:44:48,544 [INFO] Pass: FixedPoint - 0.00525 (ms)
2026-07-13 10:44:48,544 [INFO] Pass: Optimize1qGatesDecomposition - 0.12946 (ms)
2026-07-13 10:44:48,544 [INFO] Pass: InverseCancellation - 0.01049 (ms)
2026-07-13 10:44:48,545 [INFO] Pass: GatesInBasis - 0.60773 (ms)
2026-07-13 10:44:48,545 [INFO] Pass: ContainsInstruction - 0.01693 (ms)
2026-07-13 10:44:48,545 [INFO] Pass: InverseCancellation - 0.01502 (ms)
2026-07-13 10:44:48,545 [INFO] Pass: UnitarySynthesis - 0.00548 (ms)
2026-07-13 10:44:48,545 [INFO] Pass: Depth - 0.14091 (ms)
2026-07-13 10:44:48,545 [INFO] Pass: FixedPoint - 0.00525 (ms)
2026-07-13 10:44:48,545 [INFO] Pass: Size - 0.05174 (ms)
2026-07-13 10:44:48,545 [INFO] Pass: FixedPoint - 0.00429 (ms)
2026-07-13 10:44:48,545 [INFO] Pass: ContainsInstruction - 0.00453 (ms)
2026-07-13 10:44:48,546 [INFO] Pass: HighLevelSynthesis - 1.24860 (ms)
2026-07-13 10:44:48,546 [INFO] Total Transpile Time - 82.62944 (ms)
2026-07-13 10:44:48,547 [INFO] Pass: BasisTranslator - 0.67019 (ms)
2026-07-13 10:44:48,547 [INFO] Pass: Depth - 0.17214 (ms)
2026-07-13 10:44:48,547 [INFO] Pass: FixedPoint - 0.01168 (ms)
2026-07-13 10:44:48,547 [INFO] Pass: Size - 0.05889 (ms)
2026-07-13 10:44:48,547 [INFO] Pass: FixedPoint - 0.00501 (ms)
2026-07-13 10:44:48,548 [INFO] Pass: Optimize1qGatesDecomposition - 0.12517 (ms)
2026-07-13 10:44:48,548 [INFO] Pass: InverseCancellation - 0.01001 (ms)
2026-07-13 10:44:48,548 [INFO] Pass: ContainsInstruction - 0.01597 (ms)
2026-07-13 10:44:48,548 [INFO] Pass: InverseCancellation - 0.01478 (ms)
2026-07-13 10:44:48,548 [INFO] Pass: UnitarySynthesis - 0.00501 (ms)
2026-07-13 10:44:48,548 [INFO] Pass: GatesInBasis - 0.63992 (ms)
2026-07-13 10:44:48,548 [INFO] Pass: Depth - 0.13900 (ms)
2026-07-13 10:44:48,548 [INFO] Pass: FixedPoint - 0.00501 (ms)
2026-07-13 10:44:48,549 [INFO] Pass: Size - 0.05126 (ms)
2026-07-13 10:44:48,549 [INFO] Pass: FixedPoint - 0.00405 (ms)
2026-07-13 10:44:48,549 [INFO] Pass: ContainsInstruction - 0.00477 (ms)
2026-07-13 10:44:48,549 [INFO] Pass: HighLevelSynthesis - 1.25337 (ms)
2026-07-13 10:44:48,550 [INFO] Pass: BasisTranslator - 0.68712 (ms)
2026-07-13 10:44:48,550 [INFO] Total Transpile Time - 83.19855 (ms)
2026-07-13 10:44:48,550 [INFO] Pass: Depth - 0.17524 (ms)
2026-07-13 10:44:48,550 [INFO] Pass: FixedPoint - 0.01144 (ms)
2026-07-13 10:44:48,550 [INFO] Pass: Size - 0.05531 (ms)
2026-07-13 10:44:48,550 [INFO] Pass: FixedPoint - 0.00477 (ms)
2026-07-13 10:44:48,550 [INFO] Pass: Optimize1qGatesDecomposition - 0.13232 (ms)
2026-07-13 10:44:48,550 [INFO] Pass: InverseCancellation - 0.00882 (ms)
2026-07-13 10:44:48,551 [INFO] Pass: ContainsInstruction - 0.01550 (ms)
2026-07-13 10:44:48,551 [INFO] Pass: InverseCancellation - 0.01645 (ms)
2026-07-13 10:44:48,551 [INFO] Pass: UnitarySynthesis - 0.00477 (ms)
2026-07-13 10:44:48,551 [INFO] Pass: GatesInBasis - 0.63539 (ms)
2026-07-13 10:44:48,551 [INFO] Pass: Depth - 0.14329 (ms)
2026-07-13 10:44:48,551 [INFO] Pass: FixedPoint - 0.00525 (ms)
2026-07-13 10:44:48,551 [INFO] Pass: Size - 0.05150 (ms)
2026-07-13 10:44:48,551 [INFO] Pass: FixedPoint - 0.00405 (ms)
2026-07-13 10:44:48,551 [INFO] Pass: ContainsInstruction - 0.00453 (ms)
2026-07-13 10:44:48,552 [INFO] Pass: HighLevelSynthesis - 1.27411 (ms)
2026-07-13 10:44:48,553 [INFO] Total Transpile Time - 82.11565 (ms)
2026-07-13 10:44:48,553 [INFO] Pass: BasisTranslator - 0.67663 (ms)
2026-07-13 10:44:48,553 [INFO] Pass: Depth - 0.16975 (ms)
2026-07-13 10:44:48,553 [INFO] Pass: FixedPoint - 0.01144 (ms)
2026-07-13 10:44:48,553 [INFO] Pass: Size - 0.06127 (ms)
2026-07-13 10:44:48,553 [INFO] Pass: FixedPoint - 0.00453 (ms)
2026-07-13 10:44:48,553 [INFO] Pass: Optimize1qGatesDecomposition - 0.12970 (ms)
2026-07-13 10:44:48,554 [INFO] Pass: InverseCancellation - 0.00811 (ms)
2026-07-13 10:44:48,554 [INFO] Pass: ContainsInstruction - 0.01574 (ms)
2026-07-13 10:44:48,554 [INFO] Pass: GatesInBasis - 0.64397 (ms)
2026-07-13 10:44:48,554 [INFO] Pass: InverseCancellation - 0.01383 (ms)
2026-07-13 10:44:48,554 [INFO] Pass: UnitarySynthesis - 0.00501 (ms)
2026-07-13 10:44:48,554 [INFO] Pass: Depth - 0.14472 (ms)
2026-07-13 10:44:48,554 [INFO] Pass: FixedPoint - 0.00525 (ms)
2026-07-13 10:44:48,555 [INFO] Pass: Size - 0.05174 (ms)
2026-07-13 10:44:48,555 [INFO] Pass: FixedPoint - 0.00429 (ms)
2026-07-13 10:44:48,555 [INFO] Pass: ContainsInstruction - 0.00501 (ms)
2026-07-13 10:44:48,556 [INFO] Pass: HighLevelSynthesis - 1.29414 (ms)
2026-07-13 10:44:48,556 [INFO] Total Transpile Time - 81.84505 (ms)
2026-07-13 10:44:48,556 [INFO] Pass: BasisTranslator - 0.64778 (ms)
2026-07-13 10:44:48,557 [INFO] Pass: Depth - 0.17214 (ms)
2026-07-13 10:44:48,557 [INFO] Pass: FixedPoint - 0.01097 (ms)
2026-07-13 10:44:48,557 [INFO] Pass: Size - 0.05651 (ms)
2026-07-13 10:44:48,557 [INFO] Pass: FixedPoint - 0.00453 (ms)
2026-07-13 10:44:48,557 [INFO] Pass: Optimize1qGatesDecomposition - 0.12541 (ms)
2026-07-13 10:44:48,557 [INFO] Pass: InverseCancellation - 0.00763 (ms)
2026-07-13 10:44:48,558 [INFO] Pass: GatesInBasis - 0.63825 (ms)
2026-07-13 10:44:48,558 [INFO] Pass: ContainsInstruction - 0.01502 (ms)
2026-07-13 10:44:48,558 [INFO] Pass: Depth - 0.13852 (ms)
2026-07-13 10:44:48,558 [INFO] Pass: FixedPoint - 0.00525 (ms)
2026-07-13 10:44:48,558 [INFO] Pass: InverseCancellation - 0.01478 (ms)
2026-07-13 10:44:48,558 [INFO] Pass: UnitarySynthesis - 0.00525 (ms)
2026-07-13 10:44:48,558 [INFO] Pass: Size - 0.05102 (ms)
2026-07-13 10:44:48,558 [INFO] Pass: FixedPoint - 0.00429 (ms)
2026-07-13 10:44:48,558 [INFO] Pass: ContainsInstruction - 0.00429 (ms)
2026-07-13 10:44:48,559 [INFO] Total Transpile Time - 82.11493 (ms)
2026-07-13 10:44:48,559 [INFO] Pass: HighLevelSynthesis - 1.23715 (ms)
2026-07-13 10:44:48,560 [INFO] Pass: BasisTranslator - 0.69308 (ms)
2026-07-13 10:44:48,560 [INFO] Pass: Depth - 0.17023 (ms)
2026-07-13 10:44:48,560 [INFO] Pass: FixedPoint - 0.01073 (ms)
2026-07-13 10:44:48,560 [INFO] Pass: Size - 0.06247 (ms)
2026-07-13 10:44:48,560 [INFO] Pass: FixedPoint - 0.00477 (ms)
2026-07-13 10:44:48,560 [INFO] Pass: Optimize1qGatesDecomposition - 0.12898 (ms)
2026-07-13 10:44:48,561 [INFO] Pass: InverseCancellation - 0.00858 (ms)
2026-07-13 10:44:48,561 [INFO] Pass: GatesInBasis - 0.60487 (ms)
2026-07-13 10:44:48,561 [INFO] Pass: Depth - 0.13995 (ms)
2026-07-13 10:44:48,561 [INFO] Pass: FixedPoint - 0.00501 (ms)
2026-07-13 10:44:48,561 [INFO] Pass: Size - 0.05150 (ms)
2026-07-13 10:44:48,562 [INFO] Pass: FixedPoint - 0.00429 (ms)
2026-07-13 10:44:48,562 [INFO] Pass: ContainsInstruction - 0.00501 (ms)
2026-07-13 10:44:48,563 [INFO] Total Transpile Time - 81.51865 (ms)
2026-07-13 10:44:48,576 [INFO] Pass: ContainsInstruction - 0.00978 (ms)
2026-07-13 10:44:48,577 [INFO] Pass: InverseCancellation - 0.16689 (ms)
2026-07-13 10:44:48,577 [INFO] Pass: UnitarySynthesis - 0.00453 (ms)
2026-07-13 10:44:48,578 [INFO] Pass: HighLevelSynthesis - 1.19162 (ms)
2026-07-13 10:44:48,579 [INFO] Pass: BasisTranslator - 0.65136 (ms)
2026-07-13 10:44:48,579 [INFO] Pass: Depth - 0.15831 (ms)
2026-07-13 10:44:48,579 [INFO] Pass: FixedPoint - 0.00715 (ms)
2026-07-13 10:44:48,579 [INFO] Pass: Size - 0.05507 (ms)
2026-07-13 10:44:48,579 [INFO] Pass: FixedPoint - 0.00429 (ms)
2026-07-13 10:44:48,580 [INFO] Pass: Optimize1qGatesDecomposition - 1.09005 (ms)
2026-07-13 10:44:48,580 [INFO] Pass: InverseCancellation - 0.15068 (ms)
2026-07-13 10:44:48,581 [INFO] Pass: ContainsInstruction - 0.00763 (ms)
2026-07-13 10:44:48,581 [INFO] Pass: GatesInBasis - 0.66757 (ms)
2026-07-13 10:44:48,581 [INFO] Pass: InverseCancellation - 0.16117 (ms)
2026-07-13 10:44:48,581 [INFO] Pass: Depth - 0.14687 (ms)
2026-07-13 10:44:48,581 [INFO] Pass: UnitarySynthesis - 0.00453 (ms)
2026-07-13 10:44:48,581 [INFO] Pass: FixedPoint - 0.00572 (ms)
2026-07-13 10:44:48,581 [INFO] Pass: Size - 0.05817 (ms)
2026-07-13 10:44:48,581 [INFO] Pass: FixedPoint - 0.00429 (ms)
2026-07-13 10:44:48,581 [INFO] Pass: ContainsInstruction - 0.00811 (ms)
2026-07-13 10:44:48,582 [INFO] Pass: ContainsInstruction - 0.01049 (ms)
2026-07-13 10:44:48,582 [INFO] Pass: InverseCancellation - 0.15855 (ms)
2026-07-13 10:44:48,582 [INFO] Pass: UnitarySynthesis - 0.00429 (ms)
2026-07-13 10:44:48,582 [INFO] Pass: ContainsInstruction - 0.00858 (ms)
2026-07-13 10:44:48,582 [INFO] Pass: InverseCancellation - 0.16856 (ms)
2026-07-13 10:44:48,582 [INFO] Pass: UnitarySynthesis - 0.00477 (ms)
2026-07-13 10:44:48,582 [INFO] Pass: HighLevelSynthesis - 1.21570 (ms)
2026-07-13 10:44:48,582 [INFO] Total Transpile Time - 63.91096 (ms)
2026-07-13 10:44:48,583 [INFO] Pass: HighLevelSynthesis - 1.18494 (ms)
2026-07-13 10:44:48,583 [INFO] Pass: BasisTranslator - 0.78797 (ms)
2026-07-13 10:44:48,583 [INFO] Pass: Depth - 0.15473 (ms)
2026-07-13 10:44:48,584 [INFO] Pass: FixedPoint - 0.00787 (ms)
2026-07-13 10:44:48,584 [INFO] Pass: Size - 0.05484 (ms)
2026-07-13 10:44:48,584 [INFO] Pass: HighLevelSynthesis - 1.19233 (ms)
2026-07-13 10:44:48,584 [INFO] Pass: FixedPoint - 0.00453 (ms)
2026-07-13 10:44:48,584 [INFO] Pass: BasisTranslator - 0.63324 (ms)
2026-07-13 10:44:48,584 [INFO] Pass: Depth - 0.15330 (ms)
2026-07-13 10:44:48,584 [INFO] Pass: FixedPoint - 0.00668 (ms)
2026-07-13 10:44:48,584 [INFO] Pass: Size - 0.05460 (ms)
2026-07-13 10:44:48,584 [INFO] Pass: FixedPoint - 0.00453 (ms)
2026-07-13 10:44:48,584 [INFO] Pass: BasisTranslator - 0.80919 (ms)
2026-07-13 10:44:48,585 [INFO] Pass: Depth - 0.15855 (ms)
2026-07-13 10:44:48,585 [INFO] Pass: FixedPoint - 0.00787 (ms)
2026-07-13 10:44:48,585 [INFO] Pass: Optimize1qGatesDecomposition - 1.07932 (ms)
2026-07-13 10:44:48,585 [INFO] Pass: Size - 0.05531 (ms)
2026-07-13 10:44:48,585 [INFO] Pass: FixedPoint - 0.00477 (ms)
2026-07-13 10:44:48,585 [INFO] Pass: InverseCancellation - 0.14305 (ms)
2026-07-13 10:44:48,585 [INFO] Pass: ContainsInstruction - 0.00811 (ms)
2026-07-13 10:44:48,585 [INFO] Pass: InverseCancellation - 0.15998 (ms)
2026-07-13 10:44:48,585 [INFO] Pass: UnitarySynthesis - 0.00453 (ms)
2026-07-13 10:44:48,585 [INFO] Pass: Optimize1qGatesDecomposition - 1.08051 (ms)
2026-07-13 10:44:48,586 [INFO] Pass: InverseCancellation - 0.14520 (ms)
2026-07-13 10:44:48,586 [INFO] Pass: GatesInBasis - 0.64921 (ms)
2026-07-13 10:44:48,586 [INFO] Pass: Depth - 0.14639 (ms)
2026-07-13 10:44:48,586 [INFO] Pass: FixedPoint - 0.00548 (ms)
2026-07-13 10:44:48,586 [INFO] Pass: Size - 0.05436 (ms)
2026-07-13 10:44:48,586 [INFO] Pass: Optimize1qGatesDecomposition - 1.07741 (ms)
2026-07-13 10:44:48,586 [INFO] Pass: FixedPoint - 0.00429 (ms)
2026-07-13 10:44:48,586 [INFO] Pass: ContainsInstruction - 0.00453 (ms)
2026-07-13 10:44:48,586 [INFO] Pass: InverseCancellation - 0.14710 (ms)
2026-07-13 10:44:48,586 [INFO] Pass: GatesInBasis - 0.66924 (ms)
2026-07-13 10:44:48,586 [INFO] Pass: Depth - 0.14520 (ms)
2026-07-13 10:44:48,586 [INFO] Pass: FixedPoint - 0.00572 (ms)
2026-07-13 10:44:48,587 [INFO] Pass: HighLevelSynthesis - 1.19281 (ms)
2026-07-13 10:44:48,587 [INFO] Pass: Size - 0.05436 (ms)
2026-07-13 10:44:48,587 [INFO] Pass: FixedPoint - 0.00453 (ms)
2026-07-13 10:44:48,587 [INFO] Pass: ContainsInstruction - 0.00477 (ms)
2026-07-13 10:44:48,587 [INFO] Pass: GatesInBasis - 0.67997 (ms)
2026-07-13 10:44:48,587 [INFO] Pass: Depth - 0.14615 (ms)
2026-07-13 10:44:48,587 [INFO] Pass: FixedPoint - 0.00572 (ms)
2026-07-13 10:44:48,587 [INFO] Total Transpile Time - 63.52210 (ms)
2026-07-13 10:44:48,587 [INFO] Pass: BasisTranslator - 0.64874 (ms)
2026-07-13 10:44:48,587 [INFO] Pass: Size - 0.05412 (ms)
2026-07-13 10:44:48,587 [INFO] Pass: FixedPoint - 0.00477 (ms)
2026-07-13 10:44:48,587 [INFO] Pass: ContainsInstruction - 0.00477 (ms)
2026-07-13 10:44:48,587 [INFO] Pass: Depth - 0.15497 (ms)
2026-07-13 10:44:48,587 [INFO] Pass: FixedPoint - 0.00739 (ms)
2026-07-13 10:44:48,588 [INFO] Pass: Size - 0.05436 (ms)
2026-07-13 10:44:48,588 [INFO] Pass: FixedPoint - 0.00453 (ms)
2026-07-13 10:44:48,588 [INFO] Total Transpile Time - 63.65657 (ms)
2026-07-13 10:44:48,588 [INFO] Pass: ContainsInstruction - 0.00882 (ms)
2026-07-13 10:44:48,588 [INFO] Pass: InverseCancellation - 0.16284 (ms)
2026-07-13 10:44:48,588 [INFO] Pass: UnitarySynthesis - 0.00453 (ms)
2026-07-13 10:44:48,588 [INFO] Total Transpile Time - 64.49032 (ms)
2026-07-13 10:44:48,589 [INFO] Pass: Optimize1qGatesDecomposition - 1.07050 (ms)
2026-07-13 10:44:48,589 [INFO] Pass: InverseCancellation - 0.14162 (ms)
2026-07-13 10:44:48,589 [INFO] Pass: HighLevelSynthesis - 1.20711 (ms)
2026-07-13 10:44:48,590 [INFO] Pass: GatesInBasis - 0.72908 (ms)
2026-07-13 10:44:48,590 [INFO] Pass: Depth - 0.14591 (ms)
2026-07-13 10:44:48,590 [INFO] Pass: FixedPoint - 0.00548 (ms)
2026-07-13 10:44:48,590 [INFO] Pass: Size - 0.05388 (ms)
2026-07-13 10:44:48,590 [INFO] Pass: FixedPoint - 0.00405 (ms)
2026-07-13 10:44:48,590 [INFO] Pass: ContainsInstruction - 0.00501 (ms)
2026-07-13 10:44:48,590 [INFO] Pass: BasisTranslator - 0.79656 (ms)
2026-07-13 10:44:48,590 [INFO] Pass: Depth - 0.15974 (ms)
2026-07-13 10:44:48,590 [INFO] Pass: FixedPoint - 0.00715 (ms)
2026-07-13 10:44:48,591 [INFO] Pass: Size - 0.05507 (ms)
2026-07-13 10:44:48,591 [INFO] Pass: FixedPoint - 0.00453 (ms)
2026-07-13 10:44:48,591 [INFO] Total Transpile Time - 63.90309 (ms)
2026-07-13 10:44:48,592 [INFO] Pass: ContainsInstruction - 0.00882 (ms)
2026-07-13 10:44:48,592 [INFO] Pass: Optimize1qGatesDecomposition - 1.07932 (ms)
2026-07-13 10:44:48,592 [INFO] Pass: InverseCancellation - 0.14353 (ms)
2026-07-13 10:44:48,592 [INFO] Pass: InverseCancellation - 0.16689 (ms)
2026-07-13 10:44:48,592 [INFO] Pass: UnitarySynthesis - 0.00429 (ms)
2026-07-13 10:44:48,593 [INFO] Pass: GatesInBasis - 0.64778 (ms)
2026-07-13 10:44:48,593 [INFO] Pass: Depth - 0.14591 (ms)
2026-07-13 10:44:48,593 [INFO] Pass: FixedPoint - 0.00572 (ms)
2026-07-13 10:44:48,593 [INFO] Pass: Size - 0.05388 (ms)
2026-07-13 10:44:48,593 [INFO] Pass: FixedPoint - 0.00477 (ms)
2026-07-13 10:44:48,593 [INFO] Pass: ContainsInstruction - 0.00477 (ms)
2026-07-13 10:44:48,593 [INFO] Pass: HighLevelSynthesis - 1.20950 (ms)
2026-07-13 10:44:48,594 [INFO] Pass: BasisTranslator - 0.79823 (ms)
2026-07-13 10:44:48,594 [INFO] Total Transpile Time - 64.01229 (ms)
2026-07-13 10:44:48,594 [INFO] Pass: Depth - 0.16069 (ms)
2026-07-13 10:44:48,594 [INFO] Pass: FixedPoint - 0.00739 (ms)
2026-07-13 10:44:48,594 [INFO] Pass: Size - 0.05507 (ms)
2026-07-13 10:44:48,594 [INFO] Pass: FixedPoint - 0.00453 (ms)
2026-07-13 10:44:48,596 [INFO] Pass: Optimize1qGatesDecomposition - 1.08266 (ms)
2026-07-13 10:44:48,596 [INFO] Pass: InverseCancellation - 0.14353 (ms)
2026-07-13 10:44:48,596 [INFO] Pass: GatesInBasis - 0.65207 (ms)
2026-07-13 10:44:48,597 [INFO] Pass: Depth - 0.14520 (ms)
2026-07-13 10:44:48,597 [INFO] Pass: FixedPoint - 0.00548 (ms)
2026-07-13 10:44:48,597 [INFO] Pass: Size - 0.05341 (ms)
2026-07-13 10:44:48,597 [INFO] Pass: FixedPoint - 0.00405 (ms)
2026-07-13 10:44:48,597 [INFO] Pass: ContainsInstruction - 0.00453 (ms)
2026-07-13 10:44:48,598 [INFO] Pass: ContainsInstruction - 0.00858 (ms)
2026-07-13 10:44:48,598 [INFO] Total Transpile Time - 63.96246 (ms)
2026-07-13 10:44:48,598 [INFO] Pass: ContainsInstruction - 0.00834 (ms)
2026-07-13 10:44:48,598 [INFO] Pass: InverseCancellation - 0.16165 (ms)
2026-07-13 10:44:48,598 [INFO] Pass: UnitarySynthesis - 0.00429 (ms)
2026-07-13 10:44:48,598 [INFO] Pass: InverseCancellation - 0.16212 (ms)
2026-07-13 10:44:48,598 [INFO] Pass: UnitarySynthesis - 0.00429 (ms)
2026-07-13 10:44:48,599 [INFO] Pass: HighLevelSynthesis - 1.20711 (ms)
2026-07-13 10:44:48,600 [INFO] Pass: HighLevelSynthesis - 1.20711 (ms)
2026-07-13 10:44:48,600 [INFO] Pass: ContainsInstruction - 0.00811 (ms)
2026-07-13 10:44:48,600 [INFO] Pass: BasisTranslator - 0.78201 (ms)
2026-07-13 10:44:48,600 [INFO] Pass: InverseCancellation - 0.16594 (ms)
2026-07-13 10:44:48,600 [INFO] Pass: UnitarySynthesis - 0.00477 (ms)
2026-07-13 10:44:48,600 [INFO] Pass: BasisTranslator - 0.79250 (ms)
2026-07-13 10:44:48,600 [INFO] Pass: Depth - 0.15378 (ms)
2026-07-13 10:44:48,601 [INFO] Pass: FixedPoint - 0.00763 (ms)
2026-07-13 10:44:48,601 [INFO] Pass: Size - 0.05507 (ms)
2026-07-13 10:44:48,601 [INFO] Pass: Depth - 0.15450 (ms)
2026-07-13 10:44:48,601 [INFO] Pass: FixedPoint - 0.00453 (ms)
2026-07-13 10:44:48,601 [INFO] Pass: FixedPoint - 0.00787 (ms)
2026-07-13 10:44:48,601 [INFO] Pass: Size - 0.05579 (ms)
2026-07-13 10:44:48,601 [INFO] Pass: FixedPoint - 0.00453 (ms)
2026-07-13 10:44:48,602 [INFO] Pass: HighLevelSynthesis - 1.19758 (ms)
2026-07-13 10:44:48,602 [INFO] Pass: Optimize1qGatesDecomposition - 1.07479 (ms)
2026-07-13 10:44:48,602 [INFO] Pass: InverseCancellation - 0.14377 (ms)
2026-07-13 10:44:48,602 [INFO] Pass: Optimize1qGatesDecomposition - 1.12224 (ms)
2026-07-13 10:44:48,602 [INFO] Pass: InverseCancellation - 0.14687 (ms)
2026-07-13 10:44:48,602 [INFO] Pass: BasisTranslator - 0.64588 (ms)
2026-07-13 10:44:48,602 [INFO] Pass: Depth - 0.15354 (ms)
2026-07-13 10:44:48,603 [INFO] Pass: FixedPoint - 0.00691 (ms)
2026-07-13 10:44:48,603 [INFO] Pass: Size - 0.05603 (ms)
2026-07-13 10:44:48,603 [INFO] Pass: GatesInBasis - 0.64039 (ms)
2026-07-13 10:44:48,603 [INFO] Pass: FixedPoint - 0.00453 (ms)
2026-07-13 10:44:48,603 [INFO] Pass: Depth - 0.14591 (ms)
2026-07-13 10:44:48,603 [INFO] Pass: GatesInBasis - 0.64802 (ms)
2026-07-13 10:44:48,603 [INFO] Pass: FixedPoint - 0.00548 (ms)
2026-07-13 10:44:48,603 [INFO] Pass: Size - 0.05436 (ms)
2026-07-13 10:44:48,603 [INFO] Pass: FixedPoint - 0.00429 (ms)
2026-07-13 10:44:48,603 [INFO] Pass: ContainsInstruction - 0.00501 (ms)
2026-07-13 10:44:48,603 [INFO] Pass: Depth - 0.14734 (ms)
2026-07-13 10:44:48,603 [INFO] Pass: FixedPoint - 0.00572 (ms)
2026-07-13 10:44:48,603 [INFO] Pass: Size - 0.05460 (ms)
2026-07-13 10:44:48,603 [INFO] Pass: FixedPoint - 0.00429 (ms)
2026-07-13 10:44:48,603 [INFO] Pass: ContainsInstruction - 0.00453 (ms)
2026-07-13 10:44:48,604 [INFO] Pass: Optimize1qGatesDecomposition - 1.07694 (ms)
2026-07-13 10:44:48,604 [INFO] Pass: InverseCancellation - 0.14424 (ms)
2026-07-13 10:44:48,604 [INFO] Total Transpile Time - 63.79819 (ms)
2026-07-13 10:44:48,604 [INFO] Pass: ContainsInstruction - 0.00811 (ms)
2026-07-13 10:44:48,604 [INFO] Total Transpile Time - 64.40449 (ms)
2026-07-13 10:44:48,604 [INFO] Pass: InverseCancellation - 0.16856 (ms)
2026-07-13 10:44:48,604 [INFO] Pass: UnitarySynthesis - 0.00429 (ms)
2026-07-13 10:44:48,605 [INFO] Pass: GatesInBasis - 0.72503 (ms)
2026-07-13 10:44:48,605 [INFO] Pass: Depth - 0.14877 (ms)
2026-07-13 10:44:48,605 [INFO] Pass: FixedPoint - 0.00620 (ms)
2026-07-13 10:44:48,605 [INFO] Pass: Size - 0.05388 (ms)
2026-07-13 10:44:48,605 [INFO] Pass: FixedPoint - 0.00429 (ms)
2026-07-13 10:44:48,605 [INFO] Pass: ContainsInstruction - 0.00501 (ms)
2026-07-13 10:44:48,606 [INFO] Pass: HighLevelSynthesis - 1.20187 (ms)
2026-07-13 10:44:48,606 [INFO] Total Transpile Time - 63.81965 (ms)
2026-07-13 10:44:48,607 [INFO] Pass: BasisTranslator - 0.79274 (ms)
2026-07-13 10:44:48,607 [INFO] Pass: Depth - 0.15545 (ms)
2026-07-13 10:44:48,607 [INFO] Pass: FixedPoint - 0.00787 (ms)
2026-07-13 10:44:48,607 [INFO] Pass: Size - 0.05531 (ms)
2026-07-13 10:44:48,607 [INFO] Pass: FixedPoint - 0.00453 (ms)
2026-07-13 10:44:48,608 [INFO] Pass: ContainsInstruction - 0.00787 (ms)
2026-07-13 10:44:48,608 [INFO] Pass: InverseCancellation - 0.16308 (ms)
2026-07-13 10:44:48,608 [INFO] Pass: UnitarySynthesis - 0.00477 (ms)
2026-07-13 10:44:48,608 [INFO] Pass: Optimize1qGatesDecomposition - 1.12915 (ms)
2026-07-13 10:44:48,608 [INFO] Pass: InverseCancellation - 0.15402 (ms)
2026-07-13 10:44:48,609 [INFO] Pass: GatesInBasis - 0.65160 (ms)
2026-07-13 10:44:48,609 [INFO] Pass: HighLevelSynthesis - 1.19829 (ms)
2026-07-13 10:44:48,609 [INFO] Pass: Depth - 0.14663 (ms)
2026-07-13 10:44:48,609 [INFO] Pass: FixedPoint - 0.00548 (ms)
2026-07-13 10:44:48,609 [INFO] Pass: Size - 0.05436 (ms)
2026-07-13 10:44:48,609 [INFO] Pass: FixedPoint - 0.00405 (ms)
2026-07-13 10:44:48,609 [INFO] Pass: ContainsInstruction - 0.00525 (ms)
2026-07-13 10:44:48,610 [INFO] Pass: BasisTranslator - 0.79322 (ms)
2026-07-13 10:44:48,610 [INFO] Pass: Depth - 0.15569 (ms)
2026-07-13 10:44:48,610 [INFO] Pass: FixedPoint - 0.00739 (ms)
2026-07-13 10:44:48,610 [INFO] Pass: Size - 0.06104 (ms)
2026-07-13 10:44:48,610 [INFO] Pass: FixedPoint - 0.00453 (ms)
2026-07-13 10:44:48,611 [INFO] Total Transpile Time - 64.07619 (ms)
2026-07-13 10:44:48,611 [INFO] Pass: ContainsInstruction - 0.01264 (ms)
2026-07-13 10:44:48,611 [INFO] Pass: InverseCancellation - 0.16141 (ms)
2026-07-13 10:44:48,611 [INFO] Pass: UnitarySynthesis - 0.00453 (ms)
2026-07-13 10:44:48,611 [INFO] Pass: Optimize1qGatesDecomposition - 1.07741 (ms)
2026-07-13 10:44:48,612 [INFO] Pass: InverseCancellation - 0.14424 (ms)
2026-07-13 10:44:48,612 [INFO] Pass: HighLevelSynthesis - 1.18852 (ms)
2026-07-13 10:44:48,612 [INFO] Pass: GatesInBasis - 0.64874 (ms)
2026-07-13 10:44:48,613 [INFO] Pass: Depth - 0.14567 (ms)
2026-07-13 10:44:48,613 [INFO] Pass: FixedPoint - 0.00572 (ms)
2026-07-13 10:44:48,613 [INFO] Pass: Size - 0.05436 (ms)
2026-07-13 10:44:48,613 [INFO] Pass: FixedPoint - 0.00429 (ms)
2026-07-13 10:44:48,613 [INFO] Pass: ContainsInstruction - 0.00453 (ms)
2026-07-13 10:44:48,613 [INFO] Pass: BasisTranslator - 0.79584 (ms)
2026-07-13 10:44:48,613 [INFO] Pass: Depth - 0.15640 (ms)
2026-07-13 10:44:48,613 [INFO] Pass: FixedPoint - 0.00763 (ms)
2026-07-13 10:44:48,613 [INFO] Pass: Size - 0.05555 (ms)
2026-07-13 10:44:48,613 [INFO] Pass: FixedPoint - 0.00453 (ms)
2026-07-13 10:44:48,614 [INFO] Pass: ContainsInstruction - 0.00858 (ms)
2026-07-13 10:44:48,614 [INFO] Pass: InverseCancellation - 0.16427 (ms)
2026-07-13 10:44:48,614 [INFO] Total Transpile Time - 63.89904 (ms)
2026-07-13 10:44:48,614 [INFO] Pass: UnitarySynthesis - 0.00453 (ms)
2026-07-13 10:44:48,614 [INFO] Pass: Optimize1qGatesDecomposition - 1.06716 (ms)
2026-07-13 10:44:48,615 [INFO] Pass: InverseCancellation - 0.14591 (ms)
2026-07-13 10:44:48,615 [INFO] Pass: HighLevelSynthesis - 1.19758 (ms)
2026-07-13 10:44:48,615 [INFO] Pass: GatesInBasis - 0.67449 (ms)
2026-07-13 10:44:48,616 [INFO] Pass: Depth - 0.14639 (ms)
2026-07-13 10:44:48,616 [INFO] Pass: FixedPoint - 0.00572 (ms)
2026-07-13 10:44:48,616 [INFO] Pass: Size - 0.05388 (ms)
2026-07-13 10:44:48,616 [INFO] Pass: FixedPoint - 0.00429 (ms)
2026-07-13 10:44:48,616 [INFO] Pass: ContainsInstruction - 0.00453 (ms)
2026-07-13 10:44:48,616 [INFO] Pass: BasisTranslator - 0.77939 (ms)
2026-07-13 10:44:48,616 [INFO] Pass: Depth - 0.15473 (ms)
2026-07-13 10:44:48,616 [INFO] Pass: FixedPoint - 0.00787 (ms)
2026-07-13 10:44:48,616 [INFO] Pass: Size - 0.06175 (ms)
2026-07-13 10:44:48,616 [INFO] Pass: FixedPoint - 0.00501 (ms)
2026-07-13 10:44:48,617 [INFO] Total Transpile Time - 64.13603 (ms)
2026-07-13 10:44:48,617 [INFO] Pass: ContainsInstruction - 0.00906 (ms)
2026-07-13 10:44:48,617 [INFO] Pass: InverseCancellation - 0.16713 (ms)
2026-07-13 10:44:48,617 [INFO] Pass: UnitarySynthesis - 0.00429 (ms)
2026-07-13 10:44:48,618 [INFO] Pass: Optimize1qGatesDecomposition - 1.13511 (ms)
2026-07-13 10:44:48,618 [INFO] Pass: InverseCancellation - 0.14734 (ms)
2026-07-13 10:44:48,618 [INFO] Pass: GatesInBasis - 0.67258 (ms)
2026-07-13 10:44:48,619 [INFO] Pass: Depth - 0.14663 (ms)
2026-07-13 10:44:48,619 [INFO] Pass: FixedPoint - 0.00596 (ms)
2026-07-13 10:44:48,619 [INFO] Pass: HighLevelSynthesis - 1.21760 (ms)
2026-07-13 10:44:48,619 [INFO] Pass: Size - 0.05412 (ms)
2026-07-13 10:44:48,619 [INFO] Pass: FixedPoint - 0.00429 (ms)
2026-07-13 10:44:48,619 [INFO] Pass: ContainsInstruction - 0.00525 (ms)
2026-07-13 10:44:48,619 [INFO] Pass: BasisTranslator - 0.65684 (ms)
2026-07-13 10:44:48,620 [INFO] Pass: Depth - 0.15330 (ms)
2026-07-13 10:44:48,620 [INFO] Pass: FixedPoint - 0.00715 (ms)
2026-07-13 10:44:48,620 [INFO] Pass: Size - 0.05555 (ms)
2026-07-13 10:44:48,620 [INFO] Pass: FixedPoint - 0.00429 (ms)
2026-07-13 10:44:48,620 [INFO] Total Transpile Time - 64.06045 (ms)
2026-07-13 10:44:48,620 [INFO] Pass: ContainsInstruction - 0.00882 (ms)
2026-07-13 10:44:48,621 [INFO] Pass: InverseCancellation - 0.16189 (ms)
2026-07-13 10:44:48,621 [INFO] Pass: UnitarySynthesis - 0.00477 (ms)
2026-07-13 10:44:48,621 [INFO] Pass: Optimize1qGatesDecomposition - 1.07861 (ms)
2026-07-13 10:44:48,621 [INFO] Pass: InverseCancellation - 0.14353 (ms)
2026-07-13 10:44:48,622 [INFO] Pass: GatesInBasis - 0.64588 (ms)
2026-07-13 10:44:48,622 [INFO] Pass: Depth - 0.14520 (ms)
2026-07-13 10:44:48,622 [INFO] Pass: HighLevelSynthesis - 1.18923 (ms)
2026-07-13 10:44:48,622 [INFO] Pass: FixedPoint - 0.00525 (ms)
2026-07-13 10:44:48,622 [INFO] Pass: Size - 0.05388 (ms)
2026-07-13 10:44:48,622 [INFO] Pass: FixedPoint - 0.00429 (ms)
2026-07-13 10:44:48,622 [INFO] Pass: ContainsInstruction - 0.00429 (ms)
2026-07-13 10:44:48,623 [INFO] Pass: BasisTranslator - 0.79894 (ms)
2026-07-13 10:44:48,623 [INFO] Pass: Depth - 0.15712 (ms)
2026-07-13 10:44:48,623 [INFO] Pass: FixedPoint - 0.00787 (ms)
2026-07-13 10:44:48,623 [INFO] Pass: Size - 0.05579 (ms)
2026-07-13 10:44:48,623 [INFO] Pass: FixedPoint - 0.00453 (ms)
2026-07-13 10:44:48,623 [INFO] Total Transpile Time - 64.00871 (ms)
2026-07-13 10:44:48,624 [INFO] Pass: Optimize1qGatesDecomposition - 1.08886 (ms)
2026-07-13 10:44:48,624 [INFO] Pass: InverseCancellation - 0.14496 (ms)
2026-07-13 10:44:48,625 [INFO] Pass: GatesInBasis - 0.63944 (ms)
2026-07-13 10:44:48,625 [INFO] Pass: Depth - 0.15163 (ms)
2026-07-13 10:44:48,625 [INFO] Pass: FixedPoint - 0.00572 (ms)
2026-07-13 10:44:48,625 [INFO] Pass: Size - 0.05484 (ms)
2026-07-13 10:44:48,626 [INFO] Pass: FixedPoint - 0.00429 (ms)
2026-07-13 10:44:48,626 [INFO] Pass: ContainsInstruction - 0.00453 (ms)
2026-07-13 10:44:48,627 [INFO] Total Transpile Time - 63.85875 (ms)
2026-07-13 10:44:48,640 [INFO] Pass: ContainsInstruction - 0.00858 (ms)
2026-07-13 10:44:48,640 [INFO] Pass: InverseCancellation - 0.16880 (ms)
2026-07-13 10:44:48,640 [INFO] Pass: UnitarySynthesis - 0.00477 (ms)
2026-07-13 10:44:48,642 [INFO] Pass: HighLevelSynthesis - 1.27125 (ms)
2026-07-13 10:44:48,642 [INFO] Pass: BasisTranslator - 0.67711 (ms)
2026-07-13 10:44:48,643 [INFO] Pass: Depth - 0.16260 (ms)
2026-07-13 10:44:48,643 [INFO] Pass: FixedPoint - 0.00668 (ms)
2026-07-13 10:44:48,643 [INFO] Pass: Size - 0.05770 (ms)
2026-07-13 10:44:48,643 [INFO] Pass: FixedPoint - 0.00477 (ms)
2026-07-13 10:44:48,644 [INFO] Pass: Optimize1qGatesDecomposition - 1.17803 (ms)
2026-07-13 10:44:48,644 [INFO] Pass: InverseCancellation - 0.00882 (ms)
2026-07-13 10:44:48,644 [INFO] Pass: ContainsInstruction - 0.00763 (ms)
2026-07-13 10:44:48,645 [INFO] Pass: InverseCancellation - 0.16761 (ms)
2026-07-13 10:44:48,645 [INFO] Pass: UnitarySynthesis - 0.00453 (ms)
2026-07-13 10:44:48,645 [INFO] Pass: GatesInBasis - 0.63992 (ms)
2026-07-13 10:44:48,645 [INFO] Pass: Depth - 0.14901 (ms)
2026-07-13 10:44:48,645 [INFO] Pass: FixedPoint - 0.00572 (ms)
2026-07-13 10:44:48,645 [INFO] Pass: Size - 0.05412 (ms)
2026-07-13 10:44:48,645 [INFO] Pass: FixedPoint - 0.00429 (ms)
2026-07-13 10:44:48,645 [INFO] Pass: ContainsInstruction - 0.01097 (ms)
2026-07-13 10:44:48,646 [INFO] Pass: InverseCancellation - 0.16260 (ms)
2026-07-13 10:44:48,646 [INFO] Pass: UnitarySynthesis - 0.00453 (ms)
2026-07-13 10:44:48,646 [INFO] Pass: HighLevelSynthesis - 1.27888 (ms)
2026-07-13 10:44:48,646 [INFO] Pass: Optimize1qGatesDecomposition - 0.97370 (ms)
2026-07-13 10:44:48,646 [INFO] Pass: InverseCancellation - 0.00787 (ms)
2026-07-13 10:44:48,646 [INFO] Pass: ContainsInstruction - 0.00811 (ms)
2026-07-13 10:44:48,647 [INFO] Pass: InverseCancellation - 0.17142 (ms)
2026-07-13 10:44:48,647 [INFO] Pass: UnitarySynthesis - 0.00501 (ms)
2026-07-13 10:44:48,647 [INFO] Pass: HighLevelSynthesis - 1.27697 (ms)
2026-07-13 10:44:48,647 [INFO] Pass: GatesInBasis - 0.71383 (ms)
2026-07-13 10:44:48,647 [INFO] Pass: BasisTranslator - 1.01948 (ms)
2026-07-13 10:44:48,647 [INFO] Pass: Depth - 0.14830 (ms)
2026-07-13 10:44:48,647 [INFO] Pass: FixedPoint - 0.00548 (ms)
2026-07-13 10:44:48,647 [INFO] Pass: Depth - 0.17023 (ms)
2026-07-13 10:44:48,647 [INFO] Pass: FixedPoint - 0.00715 (ms)
2026-07-13 10:44:48,647 [INFO] Pass: Size - 0.05436 (ms)
2026-07-13 10:44:48,647 [INFO] Pass: FixedPoint - 0.00429 (ms)
2026-07-13 10:44:48,647 [INFO] Pass: ContainsInstruction - 0.00525 (ms)
2026-07-13 10:44:48,647 [INFO] Pass: Size - 0.05770 (ms)
2026-07-13 10:44:48,647 [INFO] Pass: FixedPoint - 0.00453 (ms)
2026-07-13 10:44:48,648 [INFO] Pass: BasisTranslator - 0.67711 (ms)
2026-07-13 10:44:48,648 [INFO] Pass: Depth - 0.16022 (ms)
2026-07-13 10:44:48,648 [INFO] Pass: FixedPoint - 0.00691 (ms)
2026-07-13 10:44:48,648 [INFO] Pass: Size - 0.05698 (ms)
2026-07-13 10:44:48,648 [INFO] Pass: FixedPoint - 0.00453 (ms)
2026-07-13 10:44:48,648 [INFO] Pass: HighLevelSynthesis - 1.28770 (ms)
2026-07-13 10:44:48,649 [INFO] Total Transpile Time - 65.93966 (ms)
2026-07-13 10:44:48,649 [INFO] Pass: Optimize1qGatesDecomposition - 1.17993 (ms)
2026-07-13 10:44:48,649 [INFO] Pass: InverseCancellation - 0.00834 (ms)
2026-07-13 10:44:48,649 [INFO] Pass: ContainsInstruction - 0.00787 (ms)
2026-07-13 10:44:48,649 [INFO] Pass: BasisTranslator - 1.00732 (ms)
2026-07-13 10:44:48,649 [INFO] Pass: InverseCancellation - 0.16475 (ms)
2026-07-13 10:44:48,649 [INFO] Pass: Optimize1qGatesDecomposition - 1.16611 (ms)
2026-07-13 10:44:48,649 [INFO] Pass: UnitarySynthesis - 0.00477 (ms)
2026-07-13 10:44:48,649 [INFO] Pass: InverseCancellation - 0.01287 (ms)
2026-07-13 10:44:48,649 [INFO] Pass: Depth - 0.17309 (ms)
2026-07-13 10:44:48,649 [INFO] Pass: FixedPoint - 0.00811 (ms)
2026-07-13 10:44:48,649 [INFO] Pass: GatesInBasis - 0.66471 (ms)
2026-07-13 10:44:48,649 [INFO] Pass: Size - 0.05817 (ms)
2026-07-13 10:44:48,649 [INFO] Pass: FixedPoint - 0.00429 (ms)
2026-07-13 10:44:48,650 [INFO] Pass: Depth - 0.14830 (ms)
2026-07-13 10:44:48,650 [INFO] Pass: FixedPoint - 0.00548 (ms)
2026-07-13 10:44:48,650 [INFO] Pass: Size - 0.05412 (ms)
2026-07-13 10:44:48,650 [INFO] Pass: FixedPoint - 0.00405 (ms)
2026-07-13 10:44:48,650 [INFO] Pass: GatesInBasis - 0.64445 (ms)
2026-07-13 10:44:48,650 [INFO] Pass: Depth - 0.14949 (ms)
2026-07-13 10:44:48,650 [INFO] Pass: FixedPoint - 0.00548 (ms)
2026-07-13 10:44:48,650 [INFO] Pass: Size - 0.05960 (ms)
2026-07-13 10:44:48,650 [INFO] Pass: FixedPoint - 0.00453 (ms)
2026-07-13 10:44:48,651 [INFO] Pass: HighLevelSynthesis - 1.27554 (ms)
2026-07-13 10:44:48,651 [INFO] Pass: Optimize1qGatesDecomposition - 1.17040 (ms)
2026-07-13 10:44:48,651 [INFO] Pass: InverseCancellation - 0.00906 (ms)
2026-07-13 10:44:48,651 [INFO] Pass: Optimize1qGatesDecomposition - 0.97346 (ms)
2026-07-13 10:44:48,651 [INFO] Pass: InverseCancellation - 0.00763 (ms)
2026-07-13 10:44:48,651 [INFO] Pass: Optimize1qGatesDecomposition - 0.97942 (ms)
2026-07-13 10:44:48,651 [INFO] Pass: InverseCancellation - 0.00763 (ms)
2026-07-13 10:44:48,651 [INFO] Pass: BasisTranslator - 0.83065 (ms)
2026-07-13 10:44:48,651 [INFO] Pass: GatesInBasis - 0.66376 (ms)
2026-07-13 10:44:48,652 [INFO] Pass: GatesInBasis - 0.65255 (ms)
2026-07-13 10:44:48,652 [INFO] Pass: Depth - 0.16451 (ms)
2026-07-13 10:44:48,652 [INFO] Pass: Depth - 0.14949 (ms)
2026-07-13 10:44:48,652 [INFO] Pass: FixedPoint - 0.00787 (ms)
2026-07-13 10:44:48,652 [INFO] Pass: FixedPoint - 0.00548 (ms)
2026-07-13 10:44:48,652 [INFO] Pass: Depth - 0.14400 (ms)
2026-07-13 10:44:48,652 [INFO] Pass: FixedPoint - 0.00525 (ms)
2026-07-13 10:44:48,652 [INFO] Pass: Size - 0.05817 (ms)
2026-07-13 10:44:48,652 [INFO] Pass: Size - 0.05460 (ms)
2026-07-13 10:44:48,652 [INFO] Pass: FixedPoint - 0.00453 (ms)
2026-07-13 10:44:48,652 [INFO] Pass: FixedPoint - 0.00453 (ms)
2026-07-13 10:44:48,652 [INFO] Pass: ContainsInstruction - 0.00787 (ms)
2026-07-13 10:44:48,652 [INFO] Pass: Size - 0.05388 (ms)
2026-07-13 10:44:48,652 [INFO] Pass: FixedPoint - 0.00405 (ms)
2026-07-13 10:44:48,652 [INFO] Pass: ContainsInstruction - 0.00501 (ms)
2026-07-13 10:44:48,652 [INFO] Pass: InverseCancellation - 0.16284 (ms)
2026-07-13 10:44:48,652 [INFO] Pass: UnitarySynthesis - 0.00453 (ms)
2026-07-13 10:44:48,652 [INFO] Pass: GatesInBasis - 0.71287 (ms)
2026-07-13 10:44:48,652 [INFO] Pass: Depth - 0.15020 (ms)
2026-07-13 10:44:48,652 [INFO] Pass: FixedPoint - 0.00501 (ms)
2026-07-13 10:44:48,652 [INFO] Pass: Size - 0.05412 (ms)
2026-07-13 10:44:48,652 [INFO] Pass: FixedPoint - 0.00429 (ms)
2026-07-13 10:44:48,653 [INFO] Pass: ContainsInstruction - 0.00501 (ms)
2026-07-13 10:44:48,653 [INFO] Pass: Optimize1qGatesDecomposition - 0.97895 (ms)
2026-07-13 10:44:48,653 [INFO] Pass: InverseCancellation - 0.00763 (ms)
2026-07-13 10:44:48,653 [INFO] Pass: Optimize1qGatesDecomposition - 1.17326 (ms)
2026-07-13 10:44:48,653 [INFO] Total Transpile Time - 65.78612 (ms)
2026-07-13 10:44:48,653 [INFO] Pass: InverseCancellation - 0.00906 (ms)
2026-07-13 10:44:48,653 [INFO] Pass: HighLevelSynthesis - 1.28722 (ms)
2026-07-13 10:44:48,654 [INFO] Pass: GatesInBasis - 0.62490 (ms)
2026-07-13 10:44:48,654 [INFO] Total Transpile Time - 65.78732 (ms)
2026-07-13 10:44:48,654 [INFO] Pass: Depth - 0.14639 (ms)
2026-07-13 10:44:48,654 [INFO] Pass: FixedPoint - 0.00548 (ms)
2026-07-13 10:44:48,654 [INFO] Pass: GatesInBasis - 0.67139 (ms)
2026-07-13 10:44:48,654 [INFO] Pass: Size - 0.05460 (ms)
2026-07-13 10:44:48,654 [INFO] Pass: FixedPoint - 0.00453 (ms)
2026-07-13 10:44:48,654 [INFO] Pass: ContainsInstruction - 0.00525 (ms)
2026-07-13 10:44:48,654 [INFO] Pass: Depth - 0.15116 (ms)
2026-07-13 10:44:48,654 [INFO] Pass: FixedPoint - 0.00572 (ms)
2026-07-13 10:44:48,654 [INFO] Pass: Size - 0.05412 (ms)
2026-07-13 10:44:48,654 [INFO] Pass: FixedPoint - 0.00453 (ms)
2026-07-13 10:44:48,654 [INFO] Pass: BasisTranslator - 1.00923 (ms)
2026-07-13 10:44:48,655 [INFO] Pass: Depth - 0.16499 (ms)
2026-07-13 10:44:48,655 [INFO] Pass: FixedPoint - 0.00834 (ms)
2026-07-13 10:44:48,655 [INFO] Pass: Size - 0.05865 (ms)
2026-07-13 10:44:48,655 [INFO] Pass: FixedPoint - 0.00453 (ms)
2026-07-13 10:44:48,655 [INFO] Total Transpile Time - 66.55526 (ms)
2026-07-13 10:44:48,655 [INFO] Pass: Optimize1qGatesDecomposition - 0.98538 (ms)
2026-07-13 10:44:48,655 [INFO] Pass: InverseCancellation - 0.00787 (ms)
2026-07-13 10:44:48,656 [INFO] Pass: ContainsInstruction - 0.00858 (ms)
2026-07-13 10:44:48,656 [INFO] Pass: InverseCancellation - 0.16212 (ms)
2026-07-13 10:44:48,656 [INFO] Pass: UnitarySynthesis - 0.00477 (ms)
2026-07-13 10:44:48,656 [INFO] Pass: GatesInBasis - 0.65398 (ms)
2026-07-13 10:44:48,656 [INFO] Pass: Optimize1qGatesDecomposition - 1.18327 (ms)
2026-07-13 10:44:48,656 [INFO] Pass: Depth - 0.14520 (ms)
2026-07-13 10:44:48,656 [INFO] Pass: FixedPoint - 0.00525 (ms)
2026-07-13 10:44:48,656 [INFO] Pass: InverseCancellation - 0.00858 (ms)
2026-07-13 10:44:48,656 [INFO] Pass: Size - 0.05388 (ms)
2026-07-13 10:44:48,656 [INFO] Pass: FixedPoint - 0.00429 (ms)
2026-07-13 10:44:48,656 [INFO] Pass: ContainsInstruction - 0.00501 (ms)
2026-07-13 10:44:48,657 [INFO] Pass: GatesInBasis - 0.66757 (ms)
2026-07-13 10:44:48,657 [INFO] Pass: Depth - 0.14925 (ms)
2026-07-13 10:44:48,657 [INFO] Pass: FixedPoint - 0.00572 (ms)
2026-07-13 10:44:48,657 [INFO] Pass: Size - 0.05460 (ms)
2026-07-13 10:44:48,657 [INFO] Pass: HighLevelSynthesis - 1.25742 (ms)
2026-07-13 10:44:48,657 [INFO] Pass: FixedPoint - 0.00477 (ms)
2026-07-13 10:44:48,657 [INFO] Total Transpile Time - 66.18643 (ms)
2026-07-13 10:44:48,658 [INFO] Pass: BasisTranslator - 0.82517 (ms)
2026-07-13 10:44:48,658 [INFO] Pass: Optimize1qGatesDecomposition - 0.97942 (ms)
2026-07-13 10:44:48,658 [INFO] Pass: Depth - 0.16594 (ms)
2026-07-13 10:44:48,658 [INFO] Pass: InverseCancellation - 0.00739 (ms)
2026-07-13 10:44:48,658 [INFO] Pass: FixedPoint - 0.00787 (ms)
2026-07-13 10:44:48,658 [INFO] Pass: Size - 0.05865 (ms)
2026-07-13 10:44:48,658 [INFO] Pass: FixedPoint - 0.00429 (ms)
2026-07-13 10:44:48,659 [INFO] Pass: GatesInBasis - 0.61512 (ms)
2026-07-13 10:44:48,659 [INFO] Pass: Depth - 0.14472 (ms)
2026-07-13 10:44:48,659 [INFO] Pass: FixedPoint - 0.00501 (ms)
2026-07-13 10:44:48,659 [INFO] Pass: Size - 0.05889 (ms)
2026-07-13 10:44:48,659 [INFO] Pass: FixedPoint - 0.00405 (ms)
2026-07-13 10:44:48,659 [INFO] Pass: ContainsInstruction - 0.00477 (ms)
2026-07-13 10:44:48,660 [INFO] Pass: Optimize1qGatesDecomposition - 1.18852 (ms)
2026-07-13 10:44:48,660 [INFO] Pass: InverseCancellation - 0.00954 (ms)
2026-07-13 10:44:48,660 [INFO] Pass: GatesInBasis - 0.64969 (ms)
2026-07-13 10:44:48,660 [INFO] Total Transpile Time - 66.30898 (ms)
2026-07-13 10:44:48,661 [INFO] Pass: Depth - 0.15092 (ms)
2026-07-13 10:44:48,661 [INFO] Pass: FixedPoint - 0.00572 (ms)
2026-07-13 10:44:48,661 [INFO] Pass: Size - 0.05507 (ms)
2026-07-13 10:44:48,661 [INFO] Pass: FixedPoint - 0.00429 (ms)
2026-07-13 10:44:48,662 [INFO] Pass: ContainsInstruction - 0.00811 (ms)
2026-07-13 10:44:48,662 [INFO] Pass: Optimize1qGatesDecomposition - 0.99587 (ms)
2026-07-13 10:44:48,662 [INFO] Pass: InverseCancellation - 0.00739 (ms)
2026-07-13 10:44:48,662 [INFO] Pass: InverseCancellation - 0.16618 (ms)
2026-07-13 10:44:48,662 [INFO] Pass: ContainsInstruction - 0.00858 (ms)
2026-07-13 10:44:48,662 [INFO] Pass: UnitarySynthesis - 0.00477 (ms)
2026-07-13 10:44:48,662 [INFO] Pass: InverseCancellation - 0.16737 (ms)
2026-07-13 10:44:48,662 [INFO] Pass: UnitarySynthesis - 0.00453 (ms)
2026-07-13 10:44:48,663 [INFO] Pass: GatesInBasis - 0.65780 (ms)
2026-07-13 10:44:48,663 [INFO] Pass: Depth - 0.14615 (ms)
2026-07-13 10:44:48,663 [INFO] Pass: FixedPoint - 0.00477 (ms)
2026-07-13 10:44:48,663 [INFO] Pass: Size - 0.05436 (ms)
2026-07-13 10:44:48,663 [INFO] Pass: FixedPoint - 0.00429 (ms)
2026-07-13 10:44:48,663 [INFO] Pass: ContainsInstruction - 0.00548 (ms)
2026-07-13 10:44:48,663 [INFO] Pass: HighLevelSynthesis - 1.27077 (ms)
2026-07-13 10:44:48,664 [INFO] Pass: HighLevelSynthesis - 1.27149 (ms)
2026-07-13 10:44:48,664 [INFO] Total Transpile Time - 66.09344 (ms)
2026-07-13 10:44:48,664 [INFO] Pass: ContainsInstruction - 0.00834 (ms)
2026-07-13 10:44:48,664 [INFO] Pass: BasisTranslator - 0.83017 (ms)
2026-07-13 10:44:48,664 [INFO] Pass: InverseCancellation - 0.17190 (ms)
2026-07-13 10:44:48,664 [INFO] Pass: UnitarySynthesis - 0.00453 (ms)
2026-07-13 10:44:48,664 [INFO] Pass: Depth - 0.17118 (ms)
2026-07-13 10:44:48,665 [INFO] Pass: BasisTranslator - 0.83542 (ms)
2026-07-13 10:44:48,665 [INFO] Pass: FixedPoint - 0.00787 (ms)
2026-07-13 10:44:48,665 [INFO] Pass: Size - 0.05794 (ms)
2026-07-13 10:44:48,665 [INFO] Pass: FixedPoint - 0.00477 (ms)
2026-07-13 10:44:48,665 [INFO] Pass: Depth - 0.16332 (ms)
2026-07-13 10:44:48,665 [INFO] Pass: FixedPoint - 0.00787 (ms)
2026-07-13 10:44:48,665 [INFO] Pass: Size - 0.05746 (ms)
2026-07-13 10:44:48,665 [INFO] Pass: FixedPoint - 0.00477 (ms)
2026-07-13 10:44:48,666 [INFO] Pass: HighLevelSynthesis - 1.28746 (ms)
2026-07-13 10:44:48,666 [INFO] Pass: Optimize1qGatesDecomposition - 1.18899 (ms)
2026-07-13 10:44:48,666 [INFO] Pass: InverseCancellation - 0.00882 (ms)
2026-07-13 10:44:48,666 [INFO] Pass: Optimize1qGatesDecomposition - 1.18542 (ms)
2026-07-13 10:44:48,666 [INFO] Pass: InverseCancellation - 0.00882 (ms)
2026-07-13 10:44:48,667 [INFO] Pass: GatesInBasis - 0.63539 (ms)
2026-07-13 10:44:48,667 [INFO] Pass: BasisTranslator - 0.83470 (ms)
2026-07-13 10:44:48,667 [INFO] Pass: Depth - 0.14949 (ms)
2026-07-13 10:44:48,667 [INFO] Pass: FixedPoint - 0.00572 (ms)
2026-07-13 10:44:48,667 [INFO] Pass: Depth - 0.16379 (ms)
2026-07-13 10:44:48,667 [INFO] Pass: GatesInBasis - 0.66257 (ms)
2026-07-13 10:44:48,667 [INFO] Pass: FixedPoint - 0.00834 (ms)
2026-07-13 10:44:48,667 [INFO] Pass: Size - 0.05436 (ms)
2026-07-13 10:44:48,667 [INFO] Pass: FixedPoint - 0.00453 (ms)
2026-07-13 10:44:48,667 [INFO] Pass: Size - 0.05817 (ms)
2026-07-13 10:44:48,667 [INFO] Pass: FixedPoint - 0.00477 (ms)
2026-07-13 10:44:48,667 [INFO] Pass: Depth - 0.14949 (ms)
2026-07-13 10:44:48,667 [INFO] Pass: FixedPoint - 0.00572 (ms)
2026-07-13 10:44:48,667 [INFO] Pass: Size - 0.05460 (ms)
2026-07-13 10:44:48,667 [INFO] Pass: FixedPoint - 0.00453 (ms)
2026-07-13 10:44:48,668 [INFO] Pass: Optimize1qGatesDecomposition - 0.98753 (ms)
2026-07-13 10:44:48,668 [INFO] Pass: InverseCancellation - 0.00834 (ms)
2026-07-13 10:44:48,668 [INFO] Pass: Optimize1qGatesDecomposition - 0.99039 (ms)
2026-07-13 10:44:48,668 [INFO] Pass: Optimize1qGatesDecomposition - 1.18017 (ms)
2026-07-13 10:44:48,668 [INFO] Pass: InverseCancellation - 0.00787 (ms)
2026-07-13 10:44:48,668 [INFO] Pass: InverseCancellation - 0.00906 (ms)
2026-07-13 10:44:48,668 [INFO] Pass: ContainsInstruction - 0.00834 (ms)
2026-07-13 10:44:48,669 [INFO] Pass: InverseCancellation - 0.16475 (ms)
2026-07-13 10:44:48,669 [INFO] Pass: GatesInBasis - 0.62394 (ms)
2026-07-13 10:44:48,669 [INFO] Pass: UnitarySynthesis - 0.00429 (ms)
2026-07-13 10:44:48,669 [INFO] Pass: Depth - 0.14567 (ms)
2026-07-13 10:44:48,669 [INFO] Pass: FixedPoint - 0.00525 (ms)
2026-07-13 10:44:48,669 [INFO] Pass: GatesInBasis - 0.62108 (ms)
2026-07-13 10:44:48,669 [INFO] Pass: Size - 0.05412 (ms)
2026-07-13 10:44:48,669 [INFO] Pass: GatesInBasis - 0.66042 (ms)
2026-07-13 10:44:48,669 [INFO] Pass: FixedPoint - 0.00429 (ms)
2026-07-13 10:44:48,669 [INFO] Pass: ContainsInstruction - 0.00525 (ms)
2026-07-13 10:44:48,669 [INFO] Pass: Depth - 0.14377 (ms)
2026-07-13 10:44:48,669 [INFO] Pass: FixedPoint - 0.00501 (ms)
2026-07-13 10:44:48,669 [INFO] Pass: Depth - 0.15450 (ms)
2026-07-13 10:44:48,669 [INFO] Pass: FixedPoint - 0.00596 (ms)
2026-07-13 10:44:48,669 [INFO] Pass: Size - 0.05388 (ms)
2026-07-13 10:44:48,669 [INFO] Pass: FixedPoint - 0.00405 (ms)
2026-07-13 10:44:48,669 [INFO] Pass: ContainsInstruction - 0.00477 (ms)
2026-07-13 10:44:48,669 [INFO] Pass: Size - 0.05579 (ms)
2026-07-13 10:44:48,669 [INFO] Pass: FixedPoint - 0.00405 (ms)
2026-07-13 10:44:48,670 [INFO] Pass: HighLevelSynthesis - 1.29461 (ms)
2026-07-13 10:44:48,670 [INFO] Total Transpile Time - 66.05625 (ms)
2026-07-13 10:44:48,670 [INFO] Pass: Optimize1qGatesDecomposition - 0.98991 (ms)
2026-07-13 10:44:48,671 [INFO] Pass: InverseCancellation - 0.00787 (ms)
2026-07-13 10:44:48,671 [INFO] Total Transpile Time - 66.11133 (ms)
2026-07-13 10:44:48,671 [INFO] Pass: BasisTranslator - 0.83280 (ms)
2026-07-13 10:44:48,671 [INFO] Pass: Depth - 0.16642 (ms)
2026-07-13 10:44:48,671 [INFO] Pass: GatesInBasis - 0.65517 (ms)
2026-07-13 10:44:48,671 [INFO] Pass: FixedPoint - 0.00834 (ms)
2026-07-13 10:44:48,671 [INFO] Pass: Size - 0.05889 (ms)
2026-07-13 10:44:48,671 [INFO] Pass: FixedPoint - 0.00477 (ms)
2026-07-13 10:44:48,671 [INFO] Pass: Depth - 0.15044 (ms)
2026-07-13 10:44:48,671 [INFO] Pass: ContainsInstruction - 0.00930 (ms)
2026-07-13 10:44:48,671 [INFO] Pass: FixedPoint - 0.00525 (ms)
2026-07-13 10:44:48,672 [INFO] Pass: Size - 0.05388 (ms)
2026-07-13 10:44:48,672 [INFO] Pass: FixedPoint - 0.00405 (ms)
2026-07-13 10:44:48,672 [INFO] Pass: ContainsInstruction - 0.00525 (ms)
2026-07-13 10:44:48,672 [INFO] Pass: InverseCancellation - 0.16737 (ms)
2026-07-13 10:44:48,672 [INFO] Pass: UnitarySynthesis - 0.00453 (ms)
2026-07-13 10:44:48,673 [INFO] Pass: Optimize1qGatesDecomposition - 1.18780 (ms)
2026-07-13 10:44:48,673 [INFO] Pass: InverseCancellation - 0.00906 (ms)
2026-07-13 10:44:48,673 [INFO] Total Transpile Time - 66.39838 (ms)
2026-07-13 10:44:48,673 [INFO] Pass: HighLevelSynthesis - 1.29414 (ms)
2026-07-13 10:44:48,673 [INFO] Pass: GatesInBasis - 0.67043 (ms)
2026-07-13 10:44:48,674 [INFO] Pass: Depth - 0.14877 (ms)
2026-07-13 10:44:48,674 [INFO] Pass: FixedPoint - 0.00572 (ms)
2026-07-13 10:44:48,674 [INFO] Pass: Size - 0.05436 (ms)
2026-07-13 10:44:48,674 [INFO] Pass: FixedPoint - 0.00429 (ms)
2026-07-13 10:44:48,674 [INFO] Pass: BasisTranslator - 1.03474 (ms)
2026-07-13 10:44:48,674 [INFO] Pass: Depth - 0.17762 (ms)
2026-07-13 10:44:48,674 [INFO] Pass: FixedPoint - 0.00906 (ms)
2026-07-13 10:44:48,674 [INFO] Pass: Size - 0.05794 (ms)
2026-07-13 10:44:48,675 [INFO] Pass: FixedPoint - 0.00477 (ms)
2026-07-13 10:44:48,675 [INFO] Pass: Optimize1qGatesDecomposition - 0.99230 (ms)
2026-07-13 10:44:48,675 [INFO] Pass: InverseCancellation - 0.00858 (ms)
2026-07-13 10:44:48,675 [INFO] Pass: ContainsInstruction - 0.01144 (ms)
2026-07-13 10:44:48,675 [INFO] Pass: InverseCancellation - 0.17095 (ms)
2026-07-13 10:44:48,675 [INFO] Pass: UnitarySynthesis - 0.00477 (ms)
2026-07-13 10:44:48,676 [INFO] Pass: GatesInBasis - 0.65780 (ms)
2026-07-13 10:44:48,676 [INFO] Pass: Depth - 0.14710 (ms)
2026-07-13 10:44:48,676 [INFO] Pass: FixedPoint - 0.00501 (ms)
2026-07-13 10:44:48,676 [INFO] Pass: Optimize1qGatesDecomposition - 1.18065 (ms)
2026-07-13 10:44:48,676 [INFO] Pass: InverseCancellation - 0.00906 (ms)
2026-07-13 10:44:48,676 [INFO] Pass: Size - 0.05436 (ms)
2026-07-13 10:44:48,676 [INFO] Pass: FixedPoint - 0.00405 (ms)
2026-07-13 10:44:48,676 [INFO] Pass: ContainsInstruction - 0.00501 (ms)
2026-07-13 10:44:48,676 [INFO] Pass: GatesInBasis - 0.65994 (ms)
2026-07-13 10:44:48,677 [INFO] Pass: HighLevelSynthesis - 1.30343 (ms)
2026-07-13 10:44:48,677 [INFO] Pass: Depth - 0.14997 (ms)
2026-07-13 10:44:48,677 [INFO] Pass: FixedPoint - 0.00525 (ms)
2026-07-13 10:44:48,677 [INFO] Pass: Size - 0.05484 (ms)
2026-07-13 10:44:48,677 [INFO] Pass: FixedPoint - 0.00405 (ms)
2026-07-13 10:44:48,677 [INFO] Total Transpile Time - 66.44964 (ms)
2026-07-13 10:44:48,677 [INFO] Pass: BasisTranslator - 0.84305 (ms)
2026-07-13 10:44:48,678 [INFO] Pass: Depth - 0.16618 (ms)
2026-07-13 10:44:48,678 [INFO] Pass: FixedPoint - 0.01025 (ms)
2026-07-13 10:44:48,678 [INFO] Pass: ContainsInstruction - 0.00858 (ms)
2026-07-13 10:44:48,678 [INFO] Pass: Size - 0.05841 (ms)
2026-07-13 10:44:48,678 [INFO] Pass: FixedPoint - 0.00453 (ms)
2026-07-13 10:44:48,678 [INFO] Pass: Optimize1qGatesDecomposition - 0.97466 (ms)
2026-07-13 10:44:48,678 [INFO] Pass: InverseCancellation - 0.00739 (ms)
2026-07-13 10:44:48,678 [INFO] Pass: InverseCancellation - 0.16689 (ms)
2026-07-13 10:44:48,678 [INFO] Pass: UnitarySynthesis - 0.00477 (ms)
2026-07-13 10:44:48,679 [INFO] Pass: GatesInBasis - 0.62370 (ms)
2026-07-13 10:44:48,679 [INFO] Pass: Depth - 0.14567 (ms)
2026-07-13 10:44:48,679 [INFO] Pass: FixedPoint - 0.00525 (ms)
2026-07-13 10:44:48,679 [INFO] Pass: Size - 0.05388 (ms)
2026-07-13 10:44:48,679 [INFO] Pass: FixedPoint - 0.00429 (ms)
2026-07-13 10:44:48,679 [INFO] Pass: ContainsInstruction - 0.00501 (ms)
2026-07-13 10:44:48,679 [INFO] Pass: Optimize1qGatesDecomposition - 1.17731 (ms)
2026-07-13 10:44:48,679 [INFO] Pass: InverseCancellation - 0.00978 (ms)
2026-07-13 10:44:48,679 [INFO] Pass: HighLevelSynthesis - 1.30010 (ms)
2026-07-13 10:44:48,680 [INFO] Pass: GatesInBasis - 0.65231 (ms)
2026-07-13 10:44:48,680 [INFO] Pass: Depth - 0.15020 (ms)
2026-07-13 10:44:48,680 [INFO] Pass: FixedPoint - 0.00572 (ms)
2026-07-13 10:44:48,680 [INFO] Pass: Size - 0.05364 (ms)
2026-07-13 10:44:48,680 [INFO] Total Transpile Time - 66.18881 (ms)
2026-07-13 10:44:48,680 [INFO] Pass: FixedPoint - 0.00453 (ms)
2026-07-13 10:44:48,680 [INFO] Pass: BasisTranslator - 0.83423 (ms)
2026-07-13 10:44:48,680 [INFO] Pass: Depth - 0.16832 (ms)
2026-07-13 10:44:48,681 [INFO] Pass: FixedPoint - 0.00858 (ms)
2026-07-13 10:44:48,681 [INFO] Pass: Size - 0.05913 (ms)
2026-07-13 10:44:48,681 [INFO] Pass: FixedPoint - 0.00453 (ms)
2026-07-13 10:44:48,681 [INFO] Pass: Optimize1qGatesDecomposition - 0.98467 (ms)
2026-07-13 10:44:48,681 [INFO] Pass: InverseCancellation - 0.00763 (ms)
2026-07-13 10:44:48,681 [INFO] Pass: ContainsInstruction - 0.00858 (ms)
2026-07-13 10:44:48,682 [INFO] Pass: InverseCancellation - 0.16975 (ms)
2026-07-13 10:44:48,682 [INFO] Pass: UnitarySynthesis - 0.00501 (ms)
2026-07-13 10:44:48,682 [INFO] Pass: GatesInBasis - 0.61584 (ms)
2026-07-13 10:44:48,682 [INFO] Pass: Optimize1qGatesDecomposition - 1.20115 (ms)
2026-07-13 10:44:48,682 [INFO] Pass: InverseCancellation - 0.00882 (ms)
2026-07-13 10:44:48,682 [INFO] Pass: Depth - 0.14591 (ms)
2026-07-13 10:44:48,682 [INFO] Pass: FixedPoint - 0.00477 (ms)
2026-07-13 10:44:48,682 [INFO] Pass: Size - 0.05436 (ms)
2026-07-13 10:44:48,682 [INFO] Pass: FixedPoint - 0.00477 (ms)
2026-07-13 10:44:48,682 [INFO] Pass: ContainsInstruction - 0.00572 (ms)
2026-07-13 10:44:48,683 [INFO] Pass: GatesInBasis - 0.66161 (ms)
2026-07-13 10:44:48,683 [INFO] Pass: Depth - 0.15211 (ms)
2026-07-13 10:44:48,683 [INFO] Pass: FixedPoint - 0.00548 (ms)
2026-07-13 10:44:48,683 [INFO] Pass: HighLevelSynthesis - 1.26743 (ms)
2026-07-13 10:44:48,683 [INFO] Pass: Size - 0.05484 (ms)
2026-07-13 10:44:48,683 [INFO] Pass: FixedPoint - 0.00429 (ms)
2026-07-13 10:44:48,683 [INFO] Total Transpile Time - 66.47944 (ms)
2026-07-13 10:44:48,684 [INFO] Pass: BasisTranslator - 0.69499 (ms)
2026-07-13 10:44:48,684 [INFO] Pass: Depth - 0.16356 (ms)
2026-07-13 10:44:48,684 [INFO] Pass: FixedPoint - 0.00834 (ms)
2026-07-13 10:44:48,684 [INFO] Pass: Size - 0.05794 (ms)
2026-07-13 10:44:48,684 [INFO] Pass: FixedPoint - 0.00453 (ms)
2026-07-13 10:44:48,684 [INFO] Pass: Optimize1qGatesDecomposition - 0.99254 (ms)
2026-07-13 10:44:48,684 [INFO] Pass: InverseCancellation - 0.00811 (ms)
2026-07-13 10:44:48,684 [INFO] Pass: ContainsInstruction - 0.00954 (ms)
2026-07-13 10:44:48,685 [INFO] Pass: InverseCancellation - 0.16522 (ms)
2026-07-13 10:44:48,685 [INFO] Pass: UnitarySynthesis - 0.00548 (ms)
2026-07-13 10:44:48,685 [INFO] Pass: GatesInBasis - 0.62442 (ms)
2026-07-13 10:44:48,685 [INFO] Pass: Depth - 0.14520 (ms)
2026-07-13 10:44:48,685 [INFO] Pass: FixedPoint - 0.00501 (ms)
2026-07-13 10:44:48,685 [INFO] Pass: Size - 0.05412 (ms)
2026-07-13 10:44:48,685 [INFO] Pass: FixedPoint - 0.00429 (ms)
2026-07-13 10:44:48,685 [INFO] Pass: ContainsInstruction - 0.00525 (ms)
2026-07-13 10:44:48,685 [INFO] Pass: Optimize1qGatesDecomposition - 1.18351 (ms)
2026-07-13 10:44:48,685 [INFO] Pass: InverseCancellation - 0.00906 (ms)
2026-07-13 10:44:48,686 [INFO] Pass: HighLevelSynthesis - 1.27792 (ms)
2026-07-13 10:44:48,686 [INFO] Pass: GatesInBasis - 0.66280 (ms)
2026-07-13 10:44:48,686 [INFO] Pass: Depth - 0.14973 (ms)
2026-07-13 10:44:48,686 [INFO] Pass: FixedPoint - 0.00620 (ms)
2026-07-13 10:44:48,686 [INFO] Pass: Size - 0.05412 (ms)
2026-07-13 10:44:48,686 [INFO] Total Transpile Time - 66.32042 (ms)
2026-07-13 10:44:48,686 [INFO] Pass: FixedPoint - 0.00453 (ms)
2026-07-13 10:44:48,687 [INFO] Pass: BasisTranslator - 0.84257 (ms)
2026-07-13 10:44:48,687 [INFO] Pass: Depth - 0.16594 (ms)
2026-07-13 10:44:48,687 [INFO] Pass: FixedPoint - 0.00834 (ms)
2026-07-13 10:44:48,687 [INFO] Pass: Size - 0.06294 (ms)
2026-07-13 10:44:48,687 [INFO] Pass: FixedPoint - 0.00477 (ms)
2026-07-13 10:44:48,687 [INFO] Pass: Optimize1qGatesDecomposition - 0.98681 (ms)
2026-07-13 10:44:48,687 [INFO] Pass: InverseCancellation - 0.00715 (ms)
2026-07-13 10:44:48,688 [INFO] Pass: GatesInBasis - 0.69809 (ms)
2026-07-13 10:44:48,688 [INFO] Pass: Depth - 0.14853 (ms)
2026-07-13 10:44:48,688 [INFO] Pass: FixedPoint - 0.00548 (ms)
2026-07-13 10:44:48,689 [INFO] Pass: Size - 0.05484 (ms)
2026-07-13 10:44:48,689 [INFO] Pass: Optimize1qGatesDecomposition - 1.19519 (ms)
2026-07-13 10:44:48,689 [INFO] Pass: FixedPoint - 0.00429 (ms)
2026-07-13 10:44:48,689 [INFO] Pass: ContainsInstruction - 0.00596 (ms)
2026-07-13 10:44:48,689 [INFO] Pass: InverseCancellation - 0.00858 (ms)
2026-07-13 10:44:48,689 [INFO] Pass: GatesInBasis - 0.64301 (ms)
2026-07-13 10:44:48,690 [INFO] Pass: Depth - 0.14901 (ms)
2026-07-13 10:44:48,690 [INFO] Pass: FixedPoint - 0.00596 (ms)
2026-07-13 10:44:48,690 [INFO] Pass: Size - 0.05388 (ms)
2026-07-13 10:44:48,690 [INFO] Pass: FixedPoint - 0.00429 (ms)
2026-07-13 10:44:48,690 [INFO] Total Transpile Time - 66.46085 (ms)
2026-07-13 10:44:48,691 [INFO] Pass: Optimize1qGatesDecomposition - 0.98515 (ms)
2026-07-13 10:44:48,691 [INFO] Pass: InverseCancellation - 0.00811 (ms)
2026-07-13 10:44:48,691 [INFO] Pass: GatesInBasis - 0.66304 (ms)
2026-07-13 10:44:48,692 [INFO] Pass: Depth - 0.14782 (ms)
2026-07-13 10:44:48,692 [INFO] Pass: FixedPoint - 0.00572 (ms)
2026-07-13 10:44:48,692 [INFO] Pass: Size - 0.05460 (ms)
2026-07-13 10:44:48,692 [INFO] Pass: FixedPoint - 0.00405 (ms)
2026-07-13 10:44:48,692 [INFO] Pass: ContainsInstruction - 0.00548 (ms)
2026-07-13 10:44:48,693 [INFO] Total Transpile Time - 66.25867 (ms)
2026-07-13 10:44:49,399 [INFO] [PCE] Aer metadata (1a ejecucion de este proceso): device=CPU method=statevector shots=2048 fusion_enabled=True
2026-07-13 10:44:49,400 [INFO] [PCE] Aer metadata (1a ejecucion de este proceso): device=CPU method=statevector shots=2048 fusion_enabled=True
2026-07-13 10:44:49,400 [INFO] [PCE] Aer metadata (1a ejecucion de este proceso): device=CPU method=statevector shots=2048 fusion_enabled=True
2026-07-13 10:44:49,401 [INFO] [PCE] Aer metadata (1a ejecucion de este proceso): device=CPU method=statevector shots=2048 fusion_enabled=True
2026-07-13 10:44:49,401 [INFO] [PCE] Aer metadata (1a ejecucion de este proceso): device=CPU method=statevector shots=2048 fusion_enabled=True
2026-07-13 10:44:49,401 [INFO] [PCE] Aer metadata (1a ejecucion de este proceso): device=CPU method=statevector shots=2048 fusion_enabled=True
2026-07-13 10:44:49,402 [INFO] [PCE] Aer metadata (1a ejecucion de este proceso): device=CPU method=statevector shots=2048 fusion_enabled=True
2026-07-13 10:44:49,402 [INFO] [PCE] Aer metadata (1a ejecucion de este proceso): device=CPU method=statevector shots=2048 fusion_enabled=True
2026-07-13 10:44:49,402 [INFO] [PCE] Aer metadata (1a ejecucion de este proceso): device=CPU method=statevector shots=2048 fusion_enabled=True
2026-07-13 10:44:49,403 [INFO] [PCE] Aer metadata (1a ejecucion de este proceso): device=CPU method=statevector shots=2048 fusion_enabled=True
2026-07-13 10:44:49,403 [INFO] [PCE] Aer metadata (1a ejecucion de este proceso): device=CPU method=statevector shots=2048 fusion_enabled=True
2026-07-13 10:44:49,403 [INFO] [PCE] Aer metadata (1a ejecucion de este proceso): device=CPU method=statevector shots=2048 fusion_enabled=True
2026-07-13 10:44:49,404 [INFO] [PCE] Aer metadata (1a ejecucion de este proceso): device=CPU method=statevector shots=2048 fusion_enabled=True
2026-07-13 10:44:49,404 [INFO] [PCE] Aer metadata (1a ejecucion de este proceso): device=CPU method=statevector shots=2048 fusion_enabled=True
2026-07-13 10:44:49,404 [INFO] [PCE] Aer metadata (1a ejecucion de este proceso): device=CPU method=statevector shots=2048 fusion_enabled=True
2026-07-13 10:44:49,404 [INFO] [PCE] Aer metadata (1a ejecucion de este proceso): device=CPU method=statevector shots=2048 fusion_enabled=True
2026-07-13 16:42:42,691 [INFO] [PCE] n=250 instancia (idx=19) 1/20 completada (paralelo) - transcurrido=0:05:57:54
2026-07-13 16:42:42,804 [INFO] Pass: ContainsInstruction - 0.00906 (ms)
2026-07-13 16:42:42,804 [INFO] Pass: InverseCancellation - 0.00930 (ms)
2026-07-13 16:42:42,804 [INFO] Pass: UnitarySynthesis - 0.00477 (ms)
2026-07-13 16:42:42,806 [INFO] Pass: HighLevelSynthesis - 1.17350 (ms)
2026-07-13 16:42:42,806 [INFO] Pass: BasisTranslator - 0.66757 (ms)
2026-07-13 16:42:42,807 [INFO] Pass: Depth - 0.15187 (ms)
2026-07-13 16:42:42,807 [INFO] Pass: FixedPoint - 0.00763 (ms)
2026-07-13 16:42:42,807 [INFO] Pass: Size - 0.05293 (ms)
2026-07-13 16:42:42,807 [INFO] Pass: FixedPoint - 0.00477 (ms)
2026-07-13 16:42:42,807 [INFO] Pass: Optimize1qGatesDecomposition - 0.10562 (ms)
2026-07-13 16:42:42,807 [INFO] Pass: InverseCancellation - 0.00763 (ms)
2026-07-13 16:42:42,808 [INFO] Pass: GatesInBasis - 0.57507 (ms)
2026-07-13 16:42:42,808 [INFO] Pass: Depth - 0.13590 (ms)
2026-07-13 16:42:42,808 [INFO] Pass: FixedPoint - 0.00501 (ms)
2026-07-13 16:42:42,808 [INFO] Pass: Size - 0.05174 (ms)
2026-07-13 16:42:42,808 [INFO] Pass: FixedPoint - 0.00429 (ms)
2026-07-13 16:42:42,808 [INFO] Pass: ContainsInstruction - 0.00453 (ms)
2026-07-13 16:42:42,809 [INFO] Total Transpile Time - 65.97924 (ms)
2026-07-13 16:42:42,866 [INFO] Pass: ContainsInstruction - 0.00811 (ms)
2026-07-13 16:42:42,866 [INFO] Pass: InverseCancellation - 0.16046 (ms)
2026-07-13 16:42:42,866 [INFO] Pass: UnitarySynthesis - 0.00501 (ms)
2026-07-13 16:42:42,867 [INFO] Pass: HighLevelSynthesis - 1.14894 (ms)
2026-07-13 16:42:42,868 [INFO] Pass: BasisTranslator - 0.78344 (ms)
2026-07-13 16:42:42,868 [INFO] Pass: Depth - 0.15521 (ms)
2026-07-13 16:42:42,868 [INFO] Pass: FixedPoint - 0.00787 (ms)
2026-07-13 16:42:42,868 [INFO] Pass: Size - 0.05579 (ms)
2026-07-13 16:42:42,868 [INFO] Pass: FixedPoint - 0.00429 (ms)
2026-07-13 16:42:42,869 [INFO] Pass: Optimize1qGatesDecomposition - 1.02305 (ms)
2026-07-13 16:42:42,870 [INFO] Pass: InverseCancellation - 0.13471 (ms)
2026-07-13 16:42:42,870 [INFO] Pass: GatesInBasis - 0.64802 (ms)
2026-07-13 16:42:42,871 [INFO] Pass: Depth - 0.14448 (ms)
2026-07-13 16:42:42,871 [INFO] Pass: FixedPoint - 0.00548 (ms)
2026-07-13 16:42:42,871 [INFO] Pass: Size - 0.05388 (ms)
2026-07-13 16:42:42,871 [INFO] Pass: FixedPoint - 0.00405 (ms)
2026-07-13 16:42:42,871 [INFO] Pass: ContainsInstruction - 0.00429 (ms)
2026-07-13 16:42:42,872 [INFO] Total Transpile Time - 62.76846 (ms)
2026-07-13 16:42:42,929 [INFO] Pass: ContainsInstruction - 0.01144 (ms)
2026-07-13 16:42:42,930 [INFO] Pass: InverseCancellation - 0.16785 (ms)
2026-07-13 16:42:42,930 [INFO] Pass: UnitarySynthesis - 0.00477 (ms)
2026-07-13 16:42:42,931 [INFO] Pass: HighLevelSynthesis - 1.26529 (ms)
2026-07-13 16:42:42,932 [INFO] Pass: BasisTranslator - 0.83971 (ms)
2026-07-13 16:42:42,932 [INFO] Pass: Depth - 0.16618 (ms)
2026-07-13 16:42:42,932 [INFO] Pass: FixedPoint - 0.00763 (ms)
2026-07-13 16:42:42,932 [INFO] Pass: Size - 0.06437 (ms)
2026-07-13 16:42:42,932 [INFO] Pass: FixedPoint - 0.00477 (ms)
2026-07-13 16:42:42,934 [INFO] Pass: Optimize1qGatesDecomposition - 1.19185 (ms)
2026-07-13 16:42:42,934 [INFO] Pass: InverseCancellation - 0.00954 (ms)
2026-07-13 16:42:42,934 [INFO] Pass: GatesInBasis - 0.62752 (ms)
2026-07-13 16:42:42,934 [INFO] Pass: Depth - 0.15068 (ms)
2026-07-13 16:42:42,935 [INFO] Pass: FixedPoint - 0.00620 (ms)
2026-07-13 16:42:42,935 [INFO] Pass: Size - 0.05341 (ms)
2026-07-13 16:42:42,935 [INFO] Pass: FixedPoint - 0.00453 (ms)
2026-07-13 16:42:42,936 [INFO] Pass: Optimize1qGatesDecomposition - 0.97179 (ms)
2026-07-13 16:42:42,936 [INFO] Pass: InverseCancellation - 0.00739 (ms)
2026-07-13 16:42:42,936 [INFO] Pass: GatesInBasis - 0.62180 (ms)
2026-07-13 16:42:42,937 [INFO] Pass: Depth - 0.14544 (ms)
2026-07-13 16:42:42,937 [INFO] Pass: FixedPoint - 0.00525 (ms)
2026-07-13 16:42:42,937 [INFO] Pass: Size - 0.05388 (ms)
2026-07-13 16:42:42,937 [INFO] Pass: FixedPoint - 0.00405 (ms)
2026-07-13 16:42:42,937 [INFO] Pass: ContainsInstruction - 0.00477 (ms)
2026-07-13 16:42:42,938 [INFO] Total Transpile Time - 66.00642 (ms)
2026-07-13 16:43:00,300 [INFO] [PCE] n=250 instancia (idx=74) 2/20 completada (paralelo) - transcurrido=0:05:58:12
2026-07-13 16:43:00,413 [INFO] Pass: ContainsInstruction - 0.00858 (ms)
2026-07-13 16:43:00,413 [INFO] Pass: InverseCancellation - 0.01001 (ms)
2026-07-13 16:43:00,413 [INFO] Pass: UnitarySynthesis - 0.00525 (ms)
2026-07-13 16:43:00,414 [INFO] Pass: HighLevelSynthesis - 1.17135 (ms)
2026-07-13 16:43:00,415 [INFO] Pass: BasisTranslator - 0.65017 (ms)
2026-07-13 16:43:00,415 [INFO] Pass: Depth - 0.15163 (ms)
2026-07-13 16:43:00,415 [INFO] Pass: FixedPoint - 0.00763 (ms)
2026-07-13 16:43:00,415 [INFO] Pass: Size - 0.05341 (ms)
2026-07-13 16:43:00,415 [INFO] Pass: FixedPoint - 0.00453 (ms)
2026-07-13 16:43:00,415 [INFO] Pass: Optimize1qGatesDecomposition - 0.10705 (ms)
2026-07-13 16:43:00,416 [INFO] Pass: InverseCancellation - 0.00811 (ms)
2026-07-13 16:43:00,416 [INFO] Pass: GatesInBasis - 0.60129 (ms)
2026-07-13 16:43:00,416 [INFO] Pass: Depth - 0.14114 (ms)
2026-07-13 16:43:00,416 [INFO] Pass: FixedPoint - 0.00501 (ms)
2026-07-13 16:43:00,416 [INFO] Pass: Size - 0.05078 (ms)
2026-07-13 16:43:00,417 [INFO] Pass: FixedPoint - 0.00453 (ms)
2026-07-13 16:43:00,417 [INFO] Pass: ContainsInstruction - 0.00477 (ms)
2026-07-13 16:43:00,418 [INFO] Total Transpile Time - 64.84628 (ms)
2026-07-13 16:43:00,475 [INFO] Pass: ContainsInstruction - 0.00882 (ms)
2026-07-13 16:43:00,475 [INFO] Pass: InverseCancellation - 0.16618 (ms)
2026-07-13 16:43:00,475 [INFO] Pass: UnitarySynthesis - 0.00453 (ms)
2026-07-13 16:43:00,476 [INFO] Pass: HighLevelSynthesis - 1.19662 (ms)
2026-07-13 16:43:00,477 [INFO] Pass: BasisTranslator - 0.82088 (ms)
2026-07-13 16:43:00,477 [INFO] Pass: Depth - 0.15807 (ms)
2026-07-13 16:43:00,477 [INFO] Pass: FixedPoint - 0.00763 (ms)
2026-07-13 16:43:00,478 [INFO] Pass: Size - 0.05603 (ms)
2026-07-13 16:43:00,478 [INFO] Pass: FixedPoint - 0.00477 (ms)
2026-07-13 16:43:00,479 [INFO] Pass: Optimize1qGatesDecomposition - 1.02377 (ms)
2026-07-13 16:43:00,479 [INFO] Pass: InverseCancellation - 0.13471 (ms)
2026-07-13 16:43:00,479 [INFO] Pass: GatesInBasis - 0.63944 (ms)
2026-07-13 16:43:00,480 [INFO] Pass: Depth - 0.14400 (ms)
2026-07-13 16:43:00,480 [INFO] Pass: FixedPoint - 0.00525 (ms)
2026-07-13 16:43:00,480 [INFO] Pass: Size - 0.05388 (ms)
2026-07-13 16:43:00,480 [INFO] Pass: FixedPoint - 0.00405 (ms)
2026-07-13 16:43:00,480 [INFO] Pass: ContainsInstruction - 0.00453 (ms)
2026-07-13 16:43:00,481 [INFO] Total Transpile Time - 63.27558 (ms)
2026-07-13 16:43:00,538 [INFO] Pass: ContainsInstruction - 0.00834 (ms)
2026-07-13 16:43:00,539 [INFO] Pass: InverseCancellation - 0.16546 (ms)
2026-07-13 16:43:00,539 [INFO] Pass: UnitarySynthesis - 0.00453 (ms)
2026-07-13 16:43:00,540 [INFO] Pass: HighLevelSynthesis - 1.25861 (ms)
2026-07-13 16:43:00,541 [INFO] Pass: BasisTranslator - 1.02663 (ms)
2026-07-13 16:43:00,541 [INFO] Pass: Depth - 0.16785 (ms)
2026-07-13 16:43:00,541 [INFO] Pass: FixedPoint - 0.00763 (ms)
2026-07-13 16:43:00,541 [INFO] Pass: Size - 0.05913 (ms)
2026-07-13 16:43:00,542 [INFO] Pass: FixedPoint - 0.00429 (ms)
2026-07-13 16:43:00,543 [INFO] Pass: Optimize1qGatesDecomposition - 1.18160 (ms)
2026-07-13 16:43:00,543 [INFO] Pass: InverseCancellation - 0.00930 (ms)
2026-07-13 16:43:00,544 [INFO] Pass: GatesInBasis - 0.66018 (ms)
2026-07-13 16:43:00,544 [INFO] Pass: Depth - 0.14806 (ms)
2026-07-13 16:43:00,544 [INFO] Pass: FixedPoint - 0.00548 (ms)
2026-07-13 16:43:00,544 [INFO] Pass: Size - 0.05436 (ms)
2026-07-13 16:43:00,544 [INFO] Pass: FixedPoint - 0.00429 (ms)
2026-07-13 16:43:00,545 [INFO] Pass: Optimize1qGatesDecomposition - 0.96059 (ms)
2026-07-13 16:43:00,545 [INFO] Pass: InverseCancellation - 0.00715 (ms)
2026-07-13 16:43:00,546 [INFO] Pass: GatesInBasis - 0.65041 (ms)
2026-07-13 16:43:00,546 [INFO] Pass: Depth - 0.14377 (ms)
2026-07-13 16:43:00,546 [INFO] Pass: FixedPoint - 0.00501 (ms)
2026-07-13 16:43:00,546 [INFO] Pass: Size - 0.05317 (ms)
2026-07-13 16:43:00,546 [INFO] Pass: FixedPoint - 0.00429 (ms)
2026-07-13 16:43:00,546 [INFO] Pass: ContainsInstruction - 0.00477 (ms)
2026-07-13 16:43:00,547 [INFO] Total Transpile Time - 66.00475 (ms)
2026-07-13 16:43:15,938 [INFO] [PCE] n=250 instancia (idx=69) 3/20 completada (paralelo) - transcurrido=0:05:58:28
2026-07-13 16:43:16,051 [INFO] Pass: ContainsInstruction - 0.01097 (ms)
2026-07-13 16:43:16,051 [INFO] Pass: InverseCancellation - 0.01001 (ms)
2026-07-13 16:43:16,051 [INFO] Pass: UnitarySynthesis - 0.00405 (ms)
2026-07-13 16:43:16,052 [INFO] Pass: HighLevelSynthesis - 1.16110 (ms)
2026-07-13 16:43:16,053 [INFO] Pass: BasisTranslator - 0.65637 (ms)
2026-07-13 16:43:16,053 [INFO] Pass: Depth - 0.15450 (ms)
2026-07-13 16:43:16,053 [INFO] Pass: FixedPoint - 0.00787 (ms)
2026-07-13 16:43:16,053 [INFO] Pass: Size - 0.05341 (ms)
2026-07-13 16:43:16,053 [INFO] Pass: FixedPoint - 0.00429 (ms)
2026-07-13 16:43:16,053 [INFO] Pass: Optimize1qGatesDecomposition - 0.11015 (ms)
2026-07-13 16:43:16,053 [INFO] Pass: InverseCancellation - 0.00715 (ms)
2026-07-13 16:43:16,054 [INFO] Pass: GatesInBasis - 0.60368 (ms)
2026-07-13 16:43:16,054 [INFO] Pass: Depth - 0.14520 (ms)
2026-07-13 16:43:16,054 [INFO] Pass: FixedPoint - 0.00501 (ms)
2026-07-13 16:43:16,054 [INFO] Pass: Size - 0.05436 (ms)
2026-07-13 16:43:16,054 [INFO] Pass: FixedPoint - 0.00429 (ms)
2026-07-13 16:43:16,054 [INFO] Pass: ContainsInstruction - 0.00429 (ms)
2026-07-13 16:43:16,056 [INFO] Total Transpile Time - 65.38987 (ms)
2026-07-13 16:43:16,112 [INFO] Pass: ContainsInstruction - 0.00882 (ms)
2026-07-13 16:43:16,113 [INFO] Pass: InverseCancellation - 0.16451 (ms)
2026-07-13 16:43:16,113 [INFO] Pass: UnitarySynthesis - 0.00501 (ms)
2026-07-13 16:43:16,114 [INFO] Pass: HighLevelSynthesis - 1.15919 (ms)
2026-07-13 16:43:16,115 [INFO] Pass: BasisTranslator - 0.78702 (ms)
2026-07-13 16:43:16,115 [INFO] Pass: Depth - 0.15831 (ms)
2026-07-13 16:43:16,115 [INFO] Pass: FixedPoint - 0.00763 (ms)
2026-07-13 16:43:16,115 [INFO] Pass: Size - 0.05555 (ms)
2026-07-13 16:43:16,115 [INFO] Pass: FixedPoint - 0.00429 (ms)
2026-07-13 16:43:16,116 [INFO] Pass: Optimize1qGatesDecomposition - 1.03211 (ms)
2026-07-13 16:43:16,116 [INFO] Pass: InverseCancellation - 0.13781 (ms)
2026-07-13 16:43:16,117 [INFO] Pass: GatesInBasis - 0.64969 (ms)
2026-07-13 16:43:16,117 [INFO] Pass: Depth - 0.15259 (ms)
2026-07-13 16:43:16,117 [INFO] Pass: FixedPoint - 0.00572 (ms)
2026-07-13 16:43:16,118 [INFO] Pass: Size - 0.05460 (ms)
2026-07-13 16:43:16,118 [INFO] Pass: FixedPoint - 0.00429 (ms)
2026-07-13 16:43:16,118 [INFO] Pass: ContainsInstruction - 0.00453 (ms)
2026-07-13 16:43:16,119 [INFO] Total Transpile Time - 63.23910 (ms)
2026-07-13 16:43:16,176 [INFO] Pass: ContainsInstruction - 0.00834 (ms)
2026-07-13 16:43:16,177 [INFO] Pass: InverseCancellation - 0.18358 (ms)
2026-07-13 16:43:16,177 [INFO] Pass: UnitarySynthesis - 0.00429 (ms)
2026-07-13 16:43:16,178 [INFO] Pass: HighLevelSynthesis - 1.24574 (ms)
2026-07-13 16:43:16,179 [INFO] Pass: BasisTranslator - 0.82946 (ms)
2026-07-13 16:43:16,179 [INFO] Pass: Depth - 0.16570 (ms)
2026-07-13 16:43:16,179 [INFO] Pass: FixedPoint - 0.00834 (ms)
2026-07-13 16:43:16,179 [INFO] Pass: Size - 0.05889 (ms)
2026-07-13 16:43:16,179 [INFO] Pass: FixedPoint - 0.00453 (ms)
2026-07-13 16:43:16,180 [INFO] Pass: Optimize1qGatesDecomposition - 1.19615 (ms)
2026-07-13 16:43:16,181 [INFO] Pass: InverseCancellation - 0.00811 (ms)
2026-07-13 16:43:16,181 [INFO] Pass: GatesInBasis - 0.61989 (ms)
2026-07-13 16:43:16,181 [INFO] Pass: Depth - 0.15306 (ms)
2026-07-13 16:43:16,181 [INFO] Pass: FixedPoint - 0.00525 (ms)
2026-07-13 16:43:16,182 [INFO] Pass: Size - 0.05460 (ms)
2026-07-13 16:43:16,182 [INFO] Pass: FixedPoint - 0.00429 (ms)
2026-07-13 16:43:16,183 [INFO] Pass: Optimize1qGatesDecomposition - 0.97251 (ms)
2026-07-13 16:43:16,183 [INFO] Pass: InverseCancellation - 0.00715 (ms)
2026-07-13 16:43:16,183 [INFO] Pass: GatesInBasis - 0.62037 (ms)
2026-07-13 16:43:16,183 [INFO] Pass: Depth - 0.14520 (ms)
2026-07-13 16:43:16,183 [INFO] Pass: FixedPoint - 0.00501 (ms)
2026-07-13 16:43:16,184 [INFO] Pass: Size - 0.05317 (ms)
2026-07-13 16:43:16,184 [INFO] Pass: FixedPoint - 0.00405 (ms)
2026-07-13 16:43:16,184 [INFO] Pass: ContainsInstruction - 0.00501 (ms)
2026-07-13 16:43:16,185 [INFO] Total Transpile Time - 65.95731 (ms)
2026-07-13 16:43:26,236 [INFO] [PCE] n=250 instancia (idx=79) 4/20 completada (paralelo) - transcurrido=0:05:58:38
2026-07-13 16:43:26,349 [INFO] Pass: ContainsInstruction - 0.00930 (ms)
2026-07-13 16:43:26,349 [INFO] Pass: InverseCancellation - 0.00930 (ms)
2026-07-13 16:43:26,349 [INFO] Pass: UnitarySynthesis - 0.00429 (ms)
2026-07-13 16:43:26,351 [INFO] Pass: HighLevelSynthesis - 1.14131 (ms)
2026-07-13 16:43:26,351 [INFO] Pass: BasisTranslator - 0.65541 (ms)
2026-07-13 16:43:26,351 [INFO] Pass: Depth - 0.15187 (ms)
2026-07-13 16:43:26,351 [INFO] Pass: FixedPoint - 0.00763 (ms)
2026-07-13 16:43:26,352 [INFO] Pass: Size - 0.05341 (ms)
2026-07-13 16:43:26,352 [INFO] Pass: FixedPoint - 0.00453 (ms)
2026-07-13 16:43:26,352 [INFO] Pass: Optimize1qGatesDecomposition - 0.10443 (ms)
2026-07-13 16:43:26,352 [INFO] Pass: InverseCancellation - 0.00715 (ms)
2026-07-13 16:43:26,352 [INFO] Pass: GatesInBasis - 0.57840 (ms)
2026-07-13 16:43:26,353 [INFO] Pass: Depth - 0.13542 (ms)
2026-07-13 16:43:26,353 [INFO] Pass: FixedPoint - 0.00501 (ms)
2026-07-13 16:43:26,353 [INFO] Pass: Size - 0.05126 (ms)
2026-07-13 16:43:26,353 [INFO] Pass: FixedPoint - 0.00405 (ms)
2026-07-13 16:43:26,353 [INFO] Pass: ContainsInstruction - 0.00429 (ms)
2026-07-13 16:43:26,354 [INFO] Total Transpile Time - 64.34083 (ms)
2026-07-13 16:43:26,410 [INFO] Pass: ContainsInstruction - 0.00930 (ms)
2026-07-13 16:43:26,411 [INFO] Pass: InverseCancellation - 0.16832 (ms)
2026-07-13 16:43:26,411 [INFO] Pass: UnitarySynthesis - 0.00453 (ms)
2026-07-13 16:43:26,412 [INFO] Pass: HighLevelSynthesis - 1.16158 (ms)
2026-07-13 16:43:26,413 [INFO] Pass: BasisTranslator - 0.81515 (ms)
2026-07-13 16:43:26,413 [INFO] Pass: Depth - 0.15926 (ms)
2026-07-13 16:43:26,413 [INFO] Pass: FixedPoint - 0.00834 (ms)
2026-07-13 16:43:26,413 [INFO] Pass: Size - 0.05674 (ms)
2026-07-13 16:43:26,413 [INFO] Pass: FixedPoint - 0.00477 (ms)
2026-07-13 16:43:26,414 [INFO] Pass: Optimize1qGatesDecomposition - 1.04403 (ms)
2026-07-13 16:43:26,415 [INFO] Pass: InverseCancellation - 0.14162 (ms)
2026-07-13 16:43:26,415 [INFO] Pass: GatesInBasis - 0.62203 (ms)
2026-07-13 16:43:26,415 [INFO] Pass: Depth - 0.14782 (ms)
2026-07-13 16:43:26,415 [INFO] Pass: FixedPoint - 0.00548 (ms)
2026-07-13 16:43:26,416 [INFO] Pass: Size - 0.05507 (ms)
2026-07-13 16:43:26,416 [INFO] Pass: FixedPoint - 0.00429 (ms)
2026-07-13 16:43:26,416 [INFO] Pass: ContainsInstruction - 0.00477 (ms)
2026-07-13 16:43:26,417 [INFO] Total Transpile Time - 62.90412 (ms)
2026-07-13 16:43:26,474 [INFO] Pass: ContainsInstruction - 0.00906 (ms)
2026-07-13 16:43:26,474 [INFO] Pass: InverseCancellation - 0.16809 (ms)
2026-07-13 16:43:26,475 [INFO] Pass: UnitarySynthesis - 0.00429 (ms)
2026-07-13 16:43:26,476 [INFO] Pass: HighLevelSynthesis - 1.24311 (ms)
2026-07-13 16:43:26,477 [INFO] Pass: BasisTranslator - 0.82779 (ms)
2026-07-13 16:43:26,477 [INFO] Pass: Depth - 0.16451 (ms)
2026-07-13 16:43:26,477 [INFO] Pass: FixedPoint - 0.00715 (ms)
2026-07-13 16:43:26,477 [INFO] Pass: Size - 0.05817 (ms)
2026-07-13 16:43:26,477 [INFO] Pass: FixedPoint - 0.00453 (ms)
2026-07-13 16:43:26,478 [INFO] Pass: Optimize1qGatesDecomposition - 1.17850 (ms)
2026-07-13 16:43:26,478 [INFO] Pass: InverseCancellation - 0.00858 (ms)
2026-07-13 16:43:26,479 [INFO] Pass: GatesInBasis - 0.65589 (ms)
2026-07-13 16:43:26,479 [INFO] Pass: Depth - 0.15211 (ms)
2026-07-13 16:43:26,479 [INFO] Pass: FixedPoint - 0.00548 (ms)
2026-07-13 16:43:26,479 [INFO] Pass: Size - 0.05412 (ms)
2026-07-13 16:43:26,479 [INFO] Pass: FixedPoint - 0.00429 (ms)
2026-07-13 16:43:26,480 [INFO] Pass: Optimize1qGatesDecomposition - 0.97609 (ms)
2026-07-13 16:43:26,480 [INFO] Pass: InverseCancellation - 0.00811 (ms)
2026-07-13 16:43:26,481 [INFO] Pass: GatesInBasis - 0.64421 (ms)
2026-07-13 16:43:26,481 [INFO] Pass: Depth - 0.14925 (ms)
2026-07-13 16:43:26,481 [INFO] Pass: FixedPoint - 0.00525 (ms)
2026-07-13 16:43:26,481 [INFO] Pass: Size - 0.05341 (ms)
2026-07-13 16:43:26,482 [INFO] Pass: FixedPoint - 0.00405 (ms)
2026-07-13 16:43:26,482 [INFO] Pass: ContainsInstruction - 0.00477 (ms)
2026-07-13 16:43:26,483 [INFO] Total Transpile Time - 65.76085 (ms)
2026-07-13 16:43:28,777 [INFO] [PCE] n=250 instancia (idx=49) 5/20 completada (paralelo) - transcurrido=0:05:58:40
2026-07-13 16:43:53,568 [INFO] [PCE] n=250 instancia (idx=39) 6/20 completada (paralelo) - transcurrido=0:05:59:05
2026-07-13 16:55:02,760 [INFO] [PCE] n=250 instancia (idx=29) 7/20 completada (paralelo) - transcurrido=0:06:10:14
2026-07-13 17:03:43,950 [INFO] [PCE] n=250 instancia (idx=4) 8/20 completada (paralelo) - transcurrido=0:06:18:56
2026-07-13 17:03:48,431 [INFO] [PCE] n=250 instancia (idx=14) 9/20 completada (paralelo) - transcurrido=0:06:19:00
2026-07-13 17:11:06,685 [INFO] [PCE] n=250 instancia (idx=9) 10/20 completada (paralelo) - transcurrido=0:06:26:18
2026-07-13 17:11:13,723 [INFO] [PCE] n=250 instancia (idx=24) 11/20 completada (paralelo) - transcurrido=0:06:26:25
2026-07-13 17:11:31,739 [INFO] [PCE] n=250 instancia (idx=59) 12/20 completada (paralelo) - transcurrido=0:06:26:43
2026-07-13 17:11:32,958 [INFO] [PCE] n=250 instancia (idx=34) 13/20 completada (paralelo) - transcurrido=0:06:26:45
2026-07-13 17:18:28,952 [INFO] [PCE] n=250 instancia (idx=44) 14/20 completada (paralelo) - transcurrido=0:06:33:41
2026-07-13 17:37:43,509 [INFO] [PCE] n=250 instancia (idx=54) 15/20 completada (paralelo) - transcurrido=0:06:52:55
2026-07-13 17:39:09,029 [INFO] [PCE] n=250 instancia (idx=64) 16/20 completada (paralelo) - transcurrido=0:06:54:21
2026-07-13 19:01:55,287 [INFO] [PCE] n=250 instancia (idx=89) 17/20 completada (paralelo) - transcurrido=0:08:17:07
2026-07-13 19:02:12,108 [INFO] [PCE] n=250 instancia (idx=99) 18/20 completada (paralelo) - transcurrido=0:08:17:24
2026-07-13 19:04:09,177 [INFO] [PCE] n=250 instancia (idx=94) 19/20 completada (paralelo) - transcurrido=0:08:19:21
2026-07-13 19:05:03,756 [INFO] [PCE] n=250 instancia (idx=84) 20/20 completada (paralelo) - transcurrido=0:08:20:15
2026-07-13 19:05:03,795 [INFO] [PCE] n=250 chunk 5/5 completado - beta_parcial=0.2198 duration=0:08:20:15 shots=2048 backend=AER
