slurmstepd: info: Setting TMPDIR to /scratch/8255537. Previous errors about TMPDIR can be discarded
==============================
RUN_ID: 20260707-132755
Array ID: 4  (sublista CPU: 10 25 50 75 100 125 150 175 200 225)
num_nodes: 100
num_instances: 100
optimizer: DIFFERENTIALEVOLUTION
device: CPU
sim_method: statevector
shots: 0
==============================

==============================
num_nodes    = 100
num_instances= 100
k            = 2
optimizer    = DIFFERENTIALEVOLUTION
maxiter      = 25
outdir       = Resultados/PCE/20260707-132755
shots        = exacto (statevector)
==============================


✔ n=100 beta=0.7647 ± 0.0124 (PASSED) shots=exact
✔ Resultado guardado en: Resultados/PCE/20260707-132755/n_100.h5
Fecha fin: Tue Jul  7 11:24:50 PM CEST 2026

*****************************************************************************
*                                                                           *
*                    JOB EFFICIENCY REPORT (seff 8255537)                   *
*                                                                           *
*****************************************************************************

Job ID: 8255537
Array Job ID: 8255174_4
Cluster: finisterrae3
User/Group: tec_app6/cesga
State: COMPLETED (exit code 0)
Nodes: 1
Cores per node: 32
CPU Utilized: 2-09:58:58
CPU Efficiency: 18.59% of 12-23:52:00 core-walltime
Job Wall-clock time: 09:44:45
Memory Utilized: 512.65 MB
Memory Efficiency: 3.13% of 16.00 GB

 +++++++++++++++++++++++++++++++++++++++++++++++++++++++++++++++++++++++++++
 ++   Memory Efficiency is too small. Please review the requested memory. ++
 ++ It seems that you do not need that much memory so we recommend        ++
 ++ requesting less memory in other similar jobs.                         ++
 +++++++++++++++++++++++++++++++++++++++++++++++++++++++++++++++++++++++++++
 
*****************************************************************************

