slurmstepd: info: Setting TMPDIR to /scratch/8255227. Previous errors about TMPDIR can be discarded
==============================
RUN_ID: 20260707-132755
Array ID: 0  (sublista CPU: 10 25 50 75 100 125 150 175 200 225)
num_nodes: 10
num_instances: 100
optimizer: DIFFERENTIALEVOLUTION
device: CPU
sim_method: statevector
shots: 0
==============================

==============================
num_nodes    = 10
num_instances= 100
k            = 2
optimizer    = DIFFERENTIALEVOLUTION
maxiter      = 25
outdir       = Resultados/PCE/20260707-132755
shots        = exacto (statevector)
==============================


✔ n=10 beta=0.8616 ± 0.0316 (PASSED) shots=exact
✔ Resultado guardado en: Resultados/PCE/20260707-132755/n_10.h5
Fecha fin: Tue Jul  7 01:38:53 PM CEST 2026

*****************************************************************************
*                                                                           *
*                    JOB EFFICIENCY REPORT (seff 8255227)                   *
*                                                                           *
*****************************************************************************

Job ID: 8255227
Array Job ID: 8255174_0
Cluster: finisterrae3
User/Group: tec_app6/cesga
State: COMPLETED (exit code 0)
Nodes: 1
Cores per node: 32
CPU Utilized: 00:08:51
CPU Efficiency: 3.10% of 04:45:20 core-walltime
Job Wall-clock time: 00:08:55
Memory Utilized: 146.49 MB
Memory Efficiency: 0.89% of 16.00 GB

 +++++++++++++++++++++++++++++++++++++++++++++++++++++++++++++++++++++++++++
 ++   Memory Efficiency is too small. Please review the requested memory. ++
 ++ It seems that you do not need that much memory so we recommend        ++
 ++ requesting less memory in other similar jobs.                         ++
 +++++++++++++++++++++++++++++++++++++++++++++++++++++++++++++++++++++++++++
 
*****************************************************************************

