slurmstepd: info: Setting TMPDIR to /scratch/8255998. Previous errors about TMPDIR can be discarded
==============================
RUN_ID: 20260707-132755
Array ID: 8  (sublista CPU: 10 25 50 75 100 125 150 175 200 225)
num_nodes: 200
num_instances: 100
optimizer: DIFFERENTIALEVOLUTION
device: CPU
sim_method: statevector
shots: 0
==============================

==============================
num_nodes    = 200
num_instances= 100
k            = 2
optimizer    = DIFFERENTIALEVOLUTION
maxiter      = 25
outdir       = Resultados/PCE/20260707-132755
shots        = exacto (statevector)
==============================


✔ n=200 beta=0.5939 ± 0.0098 (PASSED) shots=exact
✔ Resultado guardado en: Resultados/PCE/20260707-132755/n_200.h5
Fecha fin: Thu Jul  9 03:32:43 PM CEST 2026

*****************************************************************************
*                                                                           *
*                    JOB EFFICIENCY REPORT (seff 8255998)                   *
*                                                                           *
*****************************************************************************

Job ID: 8255998
Array Job ID: 8255174_8
Cluster: finisterrae3
User/Group: tec_app6/cesga
State: COMPLETED (exit code 0)
Nodes: 1
Cores per node: 32
CPU Utilized: 64-11:32:37
CPU Efficiency: 97.55% of 66-02:24:00 core-walltime
Job Wall-clock time: 2-01:34:30
Memory Utilized: 1.16 GB
Memory Efficiency: 7.25% of 16.00 GB

 +++++++++++++++++++++++++++++++++++++++++++++++++++++++++++++++++++++++++++
 ++   Memory Efficiency is too small. Please review the requested memory. ++
 ++ It seems that you do not need that much memory so we recommend        ++
 ++ requesting less memory in other similar jobs.                         ++
 +++++++++++++++++++++++++++++++++++++++++++++++++++++++++++++++++++++++++++
 
*****************************************************************************

