slurmstepd: info: Setting TMPDIR to /scratch/512903. Previous errors about TMPDIR can be discarded
==============================
RUN_ID: 20260705-221327
Array ID: 5
num_nodes: 200
num_instances: 50
optimizer: DIFFERENTIALEVOLUTION
cpus_per_task: 16
sim_device: CPU
sim_method: matrix_product_state
==============================

==============================
num_nodes    = 200
num_instances= 50
k            = 2
optimizer    = DIFFERENTIALEVOLUTION
maxiter      = 20
outdir       = Resultados/PCE/20260705-221327
==============================


✔ n=200 beta=0.5885 ± 0.0114 (PASSED)
✔ Resultado guardado en: Resultados/PCE/20260705-221327/n_200.h5
Fecha fin: Tue Jul  7 20:20:41 CEST 2026

*****************************************************************************
*                                                                           *
*                    JOB EFFICIENCY REPORT (seff 512903)                   *
*                                                                           *
*****************************************************************************

Job ID: 512903
Array Job ID: 512897_5
Cluster: qmio
User/Group: tec_app6/cesga
State: COMPLETED (exit code 0)
Nodes: 1
Cores per node: 16
CPU Utilized: 1-23:56:24
CPU Efficiency: 6.51% of 30-16:40:00 core-walltime
Job Wall-clock time: 1-22:02:30
Memory Utilized: 3.17 GB
Memory Efficiency: 19.80% of 16.00 GB

 +++++++++++++++++++++++++++++++++++++++++++++++++++++++++++++++++++++++++++
 ++   Memory Efficiency is too small. Please review the requested memory. ++
 ++ It seems that you do not need that much memory so we recommend        ++
 ++ requesting less memory in other similar jobs.                         ++
 +++++++++++++++++++++++++++++++++++++++++++++++++++++++++++++++++++++++++++
 
*****************************************************************************

