slurmstepd: info: Setting TMPDIR to /scratch/8315662. Previous errors about TMPDIR can be discarded
==============================
RUN_ID: 20260709-092044
Array ID: 1  (sublista CPU: 25 50 75 100 125 150 175 200 225 250 275 300 325 350)
num_nodes: 50
num_instances: 100
optimizer: DIFFERENTIALEVOLUTION
device: CPU
sim_method: statevector
shots: 8192
==============================

==============================
num_nodes    = 50
num_instances= 100
k            = 3
optimizer    = DIFFERENTIALEVOLUTION
maxiter      = 25
outdir       = Resultados/PCE/20260709-092044
shots        = 8192
==============================


✔ n=50 beta=0.6180 ± 0.0173 (PASSED) shots=8192
✔ Resultado guardado en: Resultados/PCE/20260709-092044/n_50.h5
Fecha fin: Thu Jul  9 01:00:18 PM CEST 2026

*****************************************************************************
*                                                                           *
*                    JOB EFFICIENCY REPORT (seff 8315662)                   *
*                                                                           *
*****************************************************************************

Job ID: 8315662
Array Job ID: 8315647_1
Cluster: finisterrae3
User/Group: tec_app6/cesga
State: COMPLETED (exit code 0)
Nodes: 1
Cores per node: 32
CPU Utilized: 4-20:08:44
CPU Efficiency: 99.49% of 4-20:44:16 core-walltime
Job Wall-clock time: 03:38:53
Memory Utilized: 249.55 MB
Memory Efficiency: 1.52% of 16.00 GB

 +++++++++++++++++++++++++++++++++++++++++++++++++++++++++++++++++++++++++++
 ++   Memory Efficiency is too small. Please review the requested memory. ++
 ++ It seems that you do not need that much memory so we recommend        ++
 ++ requesting less memory in other similar jobs.                         ++
 +++++++++++++++++++++++++++++++++++++++++++++++++++++++++++++++++++++++++++
 
*****************************************************************************

