slurmstepd: info: Setting TMPDIR to /scratch/8315665. Previous errors about TMPDIR can be discarded
==============================
RUN_ID: 20260709-092044
Array ID: 4  (sublista CPU: 25 50 75 100 125 150 175 200 225 250 275 300 325 350)
num_nodes: 125
num_instances: 100
optimizer: DIFFERENTIALEVOLUTION
device: CPU
sim_method: statevector
shots: 8192
==============================

==============================
num_nodes    = 125
num_instances= 100
k            = 3
optimizer    = DIFFERENTIALEVOLUTION
maxiter      = 25
outdir       = Resultados/PCE/20260709-092044
shots        = 8192
==============================


✔ n=125 beta=0.3464 ± 0.0122 (PASSED) shots=8192
✔ Resultado guardado en: Resultados/PCE/20260709-092044/n_125.h5
Fecha fin: Fri Jul 10 10:33:07 PM CEST 2026

*****************************************************************************
*                                                                           *
*                    JOB EFFICIENCY REPORT (seff 8315665)                   *
*                                                                           *
*****************************************************************************

Job ID: 8315665
Array Job ID: 8315647_4
Cluster: finisterrae3
User/Group: tec_app6/cesga
State: COMPLETED (exit code 0)
Nodes: 1
Cores per node: 32
CPU Utilized: 49-05:00:20
CPU Efficiency: 99.22% of 49-14:14:24 core-walltime
Job Wall-clock time: 1-13:11:42
Memory Utilized: 562.09 MB
Memory Efficiency: 3.43% of 16.00 GB

 +++++++++++++++++++++++++++++++++++++++++++++++++++++++++++++++++++++++++++
 ++   Memory Efficiency is too small. Please review the requested memory. ++
 ++ It seems that you do not need that much memory so we recommend        ++
 ++ requesting less memory in other similar jobs.                         ++
 +++++++++++++++++++++++++++++++++++++++++++++++++++++++++++++++++++++++++++
 
*****************************************************************************

