slurmstepd: info: Setting TMPDIR to /scratch/8315661. Previous errors about TMPDIR can be discarded
==============================
RUN_ID: 20260709-092044
Array ID: 0  (sublista CPU: 25 50 75 100 125 150 175 200 225 250 275 300 325 350)
num_nodes: 25
num_instances: 100
optimizer: DIFFERENTIALEVOLUTION
device: CPU
sim_method: statevector
shots: 8192
==============================

==============================
num_nodes    = 25
num_instances= 100
k            = 3
optimizer    = DIFFERENTIALEVOLUTION
maxiter      = 25
outdir       = Resultados/PCE/20260709-092044
shots        = 8192
==============================


✔ n=25 beta=0.7551 ± 0.0233 (PASSED) shots=8192
✔ Resultado guardado en: Resultados/PCE/20260709-092044/n_25.h5
Fecha fin: Thu Jul  9 10:24:36 AM CEST 2026

*****************************************************************************
*                                                                           *
*                    JOB EFFICIENCY REPORT (seff 8315661)                   *
*                                                                           *
*****************************************************************************

Job ID: 8315661
Array Job ID: 8315647_0
Cluster: finisterrae3
User/Group: tec_app6/cesga
State: COMPLETED (exit code 0)
Nodes: 1
Cores per node: 32
CPU Utilized: 1-09:30:55
CPU Efficiency: 99.46% of 1-09:41:52 core-walltime
Job Wall-clock time: 01:03:11
Memory Utilized: 181.75 MB
Memory Efficiency: 1.11% of 16.00 GB

 +++++++++++++++++++++++++++++++++++++++++++++++++++++++++++++++++++++++++++
 ++   Memory Efficiency is too small. Please review the requested memory. ++
 ++ It seems that you do not need that much memory so we recommend        ++
 ++ requesting less memory in other similar jobs.                         ++
 +++++++++++++++++++++++++++++++++++++++++++++++++++++++++++++++++++++++++++
 
*****************************************************************************

