slurmstepd: info: Setting TMPDIR to /scratch/8315663. Previous errors about TMPDIR can be discarded
==============================
RUN_ID: 20260709-092044
Array ID: 2  (sublista CPU: 25 50 75 100 125 150 175 200 225 250 275 300 325 350)
num_nodes: 75
num_instances: 100
optimizer: DIFFERENTIALEVOLUTION
device: CPU
sim_method: statevector
shots: 8192
==============================

==============================
num_nodes    = 75
num_instances= 100
k            = 3
optimizer    = DIFFERENTIALEVOLUTION
maxiter      = 25
outdir       = Resultados/PCE/20260709-092044
shots        = 8192
==============================


✔ n=75 beta=0.4775 ± 0.0128 (PASSED) shots=8192
✔ Resultado guardado en: Resultados/PCE/20260709-092044/n_75.h5
Fecha fin: Thu Jul  9 04:06:09 PM CEST 2026

*****************************************************************************
*                                                                           *
*                    JOB EFFICIENCY REPORT (seff 8315663)                   *
*                                                                           *
*****************************************************************************

Job ID: 8315663
Array Job ID: 8315647_2
Cluster: finisterrae3
User/Group: tec_app6/cesga
State: COMPLETED (exit code 0)
Nodes: 1
Cores per node: 32
CPU Utilized: 8-22:22:35
CPU Efficiency: 99.31% of 8-23:51:28 core-walltime
Job Wall-clock time: 06:44:44
Memory Utilized: 299.09 MB
Memory Efficiency: 1.83% of 16.00 GB

 +++++++++++++++++++++++++++++++++++++++++++++++++++++++++++++++++++++++++++
 ++   Memory Efficiency is too small. Please review the requested memory. ++
 ++ It seems that you do not need that much memory so we recommend        ++
 ++ requesting less memory in other similar jobs.                         ++
 +++++++++++++++++++++++++++++++++++++++++++++++++++++++++++++++++++++++++++
 
*****************************************************************************

