slurmstepd: info: Setting TMPDIR to /scratch/8315646. Previous errors about TMPDIR can be discarded
==============================
RUN_ID: 20260709-092044
Array ID: 0  (sublista CPU: 10)
num_nodes: 10
num_instances: 100
optimizer: DIFFERENTIALEVOLUTION
device: CPU
sim_method: statevector
shots: 8192
==============================

==============================
num_nodes    = 10
num_instances= 100
k            = 3
optimizer    = DIFFERENTIALEVOLUTION
maxiter      = 25
outdir       = Resultados/PCE/20260709-092044
shots        = 8192
==============================


✔ n=10 beta=0.8972 ± 0.0340 (PASSED) shots=8192
✔ Resultado guardado en: Resultados/PCE/20260709-092044/n_10.h5
Fecha fin: Thu Jul  9 09:50:16 AM CEST 2026

*****************************************************************************
*                                                                           *
*                    JOB EFFICIENCY REPORT (seff 8315646)                   *
*                                                                           *
*****************************************************************************

Job ID: 8315646
Array Job ID: 8315646_0
Cluster: finisterrae3
User/Group: tec_app6/cesga
State: COMPLETED (exit code 0)
Nodes: 1
Cores per node: 32
CPU Utilized: 15:18:53
CPU Efficiency: 99.25% of 15:25:52 core-walltime
Job Wall-clock time: 00:28:56
Memory Utilized: 156.07 MB
Memory Efficiency: 0.95% of 16.00 GB

 +++++++++++++++++++++++++++++++++++++++++++++++++++++++++++++++++++++++++++
 ++   Memory Efficiency is too small. Please review the requested memory. ++
 ++ It seems that you do not need that much memory so we recommend        ++
 ++ requesting less memory in other similar jobs.                         ++
 +++++++++++++++++++++++++++++++++++++++++++++++++++++++++++++++++++++++++++
 
*****************************************************************************

