slurmstepd: info: Setting TMPDIR to /scratch/8315664. Previous errors about TMPDIR can be discarded
==============================
RUN_ID: 20260709-092044
Array ID: 3  (sublista CPU: 25 50 75 100 125 150 175 200 225 250 275 300 325 350)
num_nodes: 100
num_instances: 100
optimizer: DIFFERENTIALEVOLUTION
device: CPU
sim_method: statevector
shots: 8192
==============================

==============================
num_nodes    = 100
num_instances= 100
k            = 3
optimizer    = DIFFERENTIALEVOLUTION
maxiter      = 25
outdir       = Resultados/PCE/20260709-092044
shots        = 8192
==============================


✔ n=100 beta=0.4114 ± 0.0139 (PASSED) shots=8192
✔ Resultado guardado en: Resultados/PCE/20260709-092044/n_100.h5
Fecha fin: Thu Jul  9 08:00:46 PM CEST 2026

*****************************************************************************
*                                                                           *
*                    JOB EFFICIENCY REPORT (seff 8315664)                   *
*                                                                           *
*****************************************************************************

Job ID: 8315664
Array Job ID: 8315647_3
Cluster: finisterrae3
User/Group: tec_app6/cesga
State: COMPLETED (exit code 0)
Nodes: 1
Cores per node: 32
CPU Utilized: 14-00:31:38
CPU Efficiency: 98.69% of 14-04:59:12 core-walltime
Job Wall-clock time: 10:39:21
Memory Utilized: 419.53 MB
Memory Efficiency: 2.56% of 16.00 GB

 +++++++++++++++++++++++++++++++++++++++++++++++++++++++++++++++++++++++++++
 ++   Memory Efficiency is too small. Please review the requested memory. ++
 ++ It seems that you do not need that much memory so we recommend        ++
 ++ requesting less memory in other similar jobs.                         ++
 +++++++++++++++++++++++++++++++++++++++++++++++++++++++++++++++++++++++++++
 
*****************************************************************************

