slurmstepd: info: Setting TMPDIR to /scratch/513848. Previous errors about TMPDIR can be discarded
==============================
RUN_ID: 20260712-220547
Array ID: 3  (entrada: 40:0:1)
num_nodes: 40   chunk: 1/1
num_instances (total del n): 100
num_workers: 16
optimizer: DIFFERENTIALEVOLUTION   maxiter: 25   k: 2
backend: AER   shots: 16384
==============================

==============================
num_nodes     = 40
num_instances = 100 (total del n)
chunk         = 1/1
num_workers   = 16
k             = 2
optimizer     = DIFFERENTIALEVOLUTION
maxiter       = 25
backend       = AER
outdir        = Resultados/PCE/20260712-220547/chunks
==============================


✔ n=40 chunk 1/1 (100 instancias) beta_parcial=0.6185 ± 0.0191
✔ Resultado del chunk guardado en: Resultados/PCE/20260712-220547/chunks/n_40_chunk_0_of_1.h5
  (recuerda: esto es PARCIAL — hace falta merge_chunks_qscore_PCE.py para combinar todos los chunks de este n antes de agregar)
Fecha fin: Sun Jul 12 22:21:42 CEST 2026

*****************************************************************************
*                                                                           *
*                    JOB EFFICIENCY REPORT (seff 513848)                   *
*                                                                           *
*****************************************************************************

Job ID: 513848
Array Job ID: 513844_3
Cluster: qmio
User/Group: tec_app6/cesga
State: COMPLETED (exit code 0)
Nodes: 1
Cores per node: 32
CPU Utilized: 07:35:58
CPU Efficiency: 90.95% of 08:21:20 core-walltime
Job Wall-clock time: 00:15:40
Memory Utilized: 2.28 GB
Memory Efficiency: 14.22% of 16.00 GB

 +++++++++++++++++++++++++++++++++++++++++++++++++++++++++++++++++++++++++++
 ++   Memory Efficiency is too small. Please review the requested memory. ++
 ++ It seems that you do not need that much memory so we recommend        ++
 ++ requesting less memory in other similar jobs.                         ++
 +++++++++++++++++++++++++++++++++++++++++++++++++++++++++++++++++++++++++++
 
*****************************************************************************

