slurmstepd: info: Setting TMPDIR to /scratch/513844. Previous errors about TMPDIR can be discarded
==============================
RUN_ID: 20260712-220547
Array ID: 11  (entrada: 80:1:2)
num_nodes: 80   chunk: 2/2
num_instances (total del n): 100
num_workers: 16
optimizer: DIFFERENTIALEVOLUTION   maxiter: 25   k: 2
backend: AER   shots: 16384
==============================

==============================
num_nodes     = 80
num_instances = 100 (total del n)
chunk         = 2/2
num_workers   = 16
k             = 2
optimizer     = DIFFERENTIALEVOLUTION
maxiter       = 25
backend       = AER
outdir        = Resultados/PCE/20260712-220547/chunks
==============================


✔ n=80 chunk 2/2 (50 instancias) beta_parcial=0.4827 ± 0.0185
✔ Resultado del chunk guardado en: Resultados/PCE/20260712-220547/chunks/n_80_chunk_1_of_2.h5
  (recuerda: esto es PARCIAL — hace falta merge_chunks_qscore_PCE.py para combinar todos los chunks de este n antes de agregar)
Fecha fin: Sun Jul 12 22:35:09 CEST 2026
