slurmstepd: info: Setting TMPDIR to /scratch/513854. Previous errors about TMPDIR can be discarded
==============================
RUN_ID: 20260712-220547
Array ID: 9  (entrada: 70:1:2)
num_nodes: 70   chunk: 2/2
num_instances (total del n): 100
num_workers: 16
optimizer: DIFFERENTIALEVOLUTION   maxiter: 25   k: 2
backend: AER   shots: 16384
==============================

==============================
num_nodes     = 70
num_instances = 100 (total del n)
chunk         = 2/2
num_workers   = 16
k             = 2
optimizer     = DIFFERENTIALEVOLUTION
maxiter       = 25
backend       = AER
outdir        = Resultados/PCE/20260712-220547/chunks
==============================


✔ n=70 chunk 2/2 (50 instancias) beta_parcial=0.5139 ± 0.0219
✔ Resultado del chunk guardado en: Resultados/PCE/20260712-220547/chunks/n_70_chunk_1_of_2.h5
  (recuerda: esto es PARCIAL — hace falta merge_chunks_qscore_PCE.py para combinar todos los chunks de este n antes de agregar)
Fecha fin: Sun Jul 12 22:34:34 CEST 2026

*****************************************************************************
*                                                                           *
*                    JOB EFFICIENCY REPORT (seff 513854)                   *
*                                                                           *
*****************************************************************************

Job ID: 513854
Array Job ID: 513844_9
Cluster: qmio
User/Group: tec_app6/cesga
State: COMPLETED (exit code 0)
Nodes: 1
Cores per node: 32
CPU Utilized: 10:13:02
CPU Efficiency: 79.49% of 12:51:12 core-walltime
Job Wall-clock time: 00:24:06
Memory Utilized: 2.98 GB
Memory Efficiency: 18.61% of 16.00 GB

 +++++++++++++++++++++++++++++++++++++++++++++++++++++++++++++++++++++++++++
 ++   Memory Efficiency is too small. Please review the requested memory. ++
 ++ It seems that you do not need that much memory so we recommend        ++
 ++ requesting less memory in other similar jobs.                         ++
 +++++++++++++++++++++++++++++++++++++++++++++++++++++++++++++++++++++++++++
 
*****************************************************************************

