slurmstepd: info: Setting TMPDIR to /scratch/513855. Previous errors about TMPDIR can be discarded
==============================
RUN_ID: 20260712-220547
Array ID: 10  (entrada: 80:0:2)
num_nodes: 80   chunk: 1/2
num_instances (total del n): 100
num_workers: 16
optimizer: DIFFERENTIALEVOLUTION   maxiter: 25   k: 2
backend: AER   shots: 16384
==============================

==============================
num_nodes     = 80
num_instances = 100 (total del n)
chunk         = 1/2
num_workers   = 16
k             = 2
optimizer     = DIFFERENTIALEVOLUTION
maxiter       = 25
backend       = AER
outdir        = Resultados/PCE/20260712-220547/chunks
==============================


✔ n=80 chunk 1/2 (50 instancias) beta_parcial=0.4516 ± 0.0201
✔ Resultado del chunk guardado en: Resultados/PCE/20260712-220547/chunks/n_80_chunk_0_of_2.h5
  (recuerda: esto es PARCIAL — hace falta merge_chunks_qscore_PCE.py para combinar todos los chunks de este n antes de agregar)
Fecha fin: Sun Jul 12 22:36:04 CEST 2026

*****************************************************************************
*                                                                           *
*                    JOB EFFICIENCY REPORT (seff 513855)                   *
*                                                                           *
*****************************************************************************

Job ID: 513855
Array Job ID: 513844_10
Cluster: qmio
User/Group: tec_app6/cesga
State: COMPLETED (exit code 0)
Nodes: 1
Cores per node: 32
CPU Utilized: 10:37:00
CPU Efficiency: 77.76% of 13:39:12 core-walltime
Job Wall-clock time: 00:25:36
Memory Utilized: 3.10 GB
Memory Efficiency: 19.37% of 16.00 GB

 +++++++++++++++++++++++++++++++++++++++++++++++++++++++++++++++++++++++++++
 ++   Memory Efficiency is too small. Please review the requested memory. ++
 ++ It seems that you do not need that much memory so we recommend        ++
 ++ requesting less memory in other similar jobs.                         ++
 +++++++++++++++++++++++++++++++++++++++++++++++++++++++++++++++++++++++++++
 
*****************************************************************************

