slurmstepd: info: Setting TMPDIR to /scratch/513717. Previous errors about TMPDIR can be discarded
==============================
RUN_ID: 20260708-150057
Array ID: 6
num_nodes: 150
num_instances: 100
optimizer: DIFFERENTIALEVOLUTION
cpus_per_task: 16
sim_device: CPU
sim_method: statevector
==============================

==============================
num_nodes    = 150
num_instances= 100
k            = 3
optimizer    = DIFFERENTIALEVOLUTION
maxiter      = 25
outdir       = Resultados/PCE/20260708-150057
shots        = 4096
==============================


✔ n=150 beta=0.3308 ± 0.0120 (PASSED) shots=4096
✔ Resultado guardado en: Resultados/PCE/20260708-150057/n_150.h5
Fecha fin: Sat Jul 11 08:02:18 CEST 2026

*****************************************************************************
*                                                                           *
*                    JOB EFFICIENCY REPORT (seff 513717)                   *
*                                                                           *
*****************************************************************************

Job ID: 513717
Array Job ID: 513574_6
Cluster: qmio
User/Group: tec_app6/cesga
State: COMPLETED (exit code 0)
Nodes: 1
Cores per node: 16
CPU Utilized: 16-14:22:04
CPU Efficiency: 98.62% of 16-19:57:04 core-walltime
Job Wall-clock time: 1-01:14:49
Memory Utilized: 794.54 MB
Memory Efficiency: 4.85% of 16.00 GB

 +++++++++++++++++++++++++++++++++++++++++++++++++++++++++++++++++++++++++++
 ++   Memory Efficiency is too small. Please review the requested memory. ++
 ++ It seems that you do not need that much memory so we recommend        ++
 ++ requesting less memory in other similar jobs.                         ++
 +++++++++++++++++++++++++++++++++++++++++++++++++++++++++++++++++++++++++++
 
*****************************************************************************

