slurmstepd: info: Setting TMPDIR to /scratch/513716. Previous errors about TMPDIR can be discarded
==============================
RUN_ID: 20260708-150057
Array ID: 5
num_nodes: 125
num_instances: 100
optimizer: DIFFERENTIALEVOLUTION
cpus_per_task: 16
sim_device: CPU
sim_method: statevector
==============================

==============================
num_nodes    = 125
num_instances= 100
k            = 3
optimizer    = DIFFERENTIALEVOLUTION
maxiter      = 25
outdir       = Resultados/PCE/20260708-150057
shots        = 4096
==============================


✔ n=125 beta=0.3740 ± 0.0103 (PASSED) shots=4096
✔ Resultado guardado en: Resultados/PCE/20260708-150057/n_125.h5
Fecha fin: Sat Jul 11 02:05:46 CEST 2026

*****************************************************************************
*                                                                           *
*                    JOB EFFICIENCY REPORT (seff 513716)                   *
*                                                                           *
*****************************************************************************

Job ID: 513716
Array Job ID: 513574_5
Cluster: qmio
User/Group: tec_app6/cesga
State: COMPLETED (exit code 0)
Nodes: 1
Cores per node: 16
CPU Utilized: 13-03:45:32
CPU Efficiency: 98.88% of 13-07:19:28 core-walltime
Job Wall-clock time: 19:57:28
Memory Utilized: 685.14 MB
Memory Efficiency: 4.18% of 16.00 GB

 +++++++++++++++++++++++++++++++++++++++++++++++++++++++++++++++++++++++++++
 ++   Memory Efficiency is too small. Please review the requested memory. ++
 ++ It seems that you do not need that much memory so we recommend        ++
 ++ requesting less memory in other similar jobs.                         ++
 +++++++++++++++++++++++++++++++++++++++++++++++++++++++++++++++++++++++++++
 
*****************************************************************************

