slurmstepd: info: Setting TMPDIR to /scratch/513713. Previous errors about TMPDIR can be discarded
==============================
RUN_ID: 20260708-150057
Array ID: 2
num_nodes: 50
num_instances: 100
optimizer: DIFFERENTIALEVOLUTION
cpus_per_task: 16
sim_device: CPU
sim_method: statevector
==============================

==============================
num_nodes    = 50
num_instances= 100
k            = 3
optimizer    = DIFFERENTIALEVOLUTION
maxiter      = 25
outdir       = Resultados/PCE/20260708-150057
shots        = 4096
==============================


✔ n=50 beta=0.6372 ± 0.0178 (PASSED) shots=4096
✔ Resultado guardado en: Resultados/PCE/20260708-150057/n_50.h5
Fecha fin: Fri Jul 10 07:19:46 CEST 2026

*****************************************************************************
*                                                                           *
*                    JOB EFFICIENCY REPORT (seff 513713)                   *
*                                                                           *
*****************************************************************************

Job ID: 513713
Array Job ID: 513574_2
Cluster: qmio
User/Group: tec_app6/cesga
State: COMPLETED (exit code 0)
Nodes: 1
Cores per node: 16
CPU Utilized: 1-16:23:13
CPU Efficiency: 99.48% of 1-16:36:00 core-walltime
Job Wall-clock time: 02:32:15
Memory Utilized: 314.18 MB
Memory Efficiency: 1.92% of 16.00 GB

 +++++++++++++++++++++++++++++++++++++++++++++++++++++++++++++++++++++++++++
 ++   Memory Efficiency is too small. Please review the requested memory. ++
 ++ It seems that you do not need that much memory so we recommend        ++
 ++ requesting less memory in other similar jobs.                         ++
 +++++++++++++++++++++++++++++++++++++++++++++++++++++++++++++++++++++++++++
 
*****************************************************************************

