slurmstepd: info: Setting TMPDIR to /scratch/513712. Previous errors about TMPDIR can be discarded
==============================
RUN_ID: 20260708-150057
Array ID: 1
num_nodes: 25
num_instances: 100
optimizer: DIFFERENTIALEVOLUTION
cpus_per_task: 16
sim_device: CPU
sim_method: statevector
==============================

==============================
num_nodes    = 25
num_instances= 100
k            = 3
optimizer    = DIFFERENTIALEVOLUTION
maxiter      = 25
outdir       = Resultados/PCE/20260708-150057
shots        = 4096
==============================


✔ n=25 beta=0.7551 ± 0.0252 (PASSED) shots=4096
✔ Resultado guardado en: Resultados/PCE/20260708-150057/n_25.h5
Fecha fin: Fri Jul 10 05:30:11 CEST 2026

*****************************************************************************
*                                                                           *
*                    JOB EFFICIENCY REPORT (seff 513712)                   *
*                                                                           *
*****************************************************************************

Job ID: 513712
Array Job ID: 513574_1
Cluster: qmio
User/Group: tec_app6/cesga
State: COMPLETED (exit code 0)
Nodes: 1
Cores per node: 16
CPU Utilized: 11:25:06
CPU Efficiency: 99.16% of 11:30:56 core-walltime
Job Wall-clock time: 00:43:11
Memory Utilized: 220.16 MB
Memory Efficiency: 1.34% of 16.00 GB

 +++++++++++++++++++++++++++++++++++++++++++++++++++++++++++++++++++++++++++
 ++   Memory Efficiency is too small. Please review the requested memory. ++
 ++ It seems that you do not need that much memory so we recommend        ++
 ++ requesting less memory in other similar jobs.                         ++
 +++++++++++++++++++++++++++++++++++++++++++++++++++++++++++++++++++++++++++
 
*****************************************************************************

