slurmstepd: info: Setting TMPDIR to /scratch/513714. Previous errors about TMPDIR can be discarded
==============================
RUN_ID: 20260708-150057
Array ID: 3
num_nodes: 75
num_instances: 100
optimizer: DIFFERENTIALEVOLUTION
cpus_per_task: 16
sim_device: CPU
sim_method: statevector
==============================

==============================
num_nodes    = 75
num_instances= 100
k            = 3
optimizer    = DIFFERENTIALEVOLUTION
maxiter      = 25
outdir       = Resultados/PCE/20260708-150057
shots        = 4096
==============================


✔ n=75 beta=0.4908 ± 0.0126 (PASSED) shots=4096
✔ Resultado guardado en: Resultados/PCE/20260708-150057/n_75.h5
Fecha fin: Fri Jul 10 10:16:06 CEST 2026

*****************************************************************************
*                                                                           *
*                    JOB EFFICIENCY REPORT (seff 513714)                   *
*                                                                           *
*****************************************************************************

Job ID: 513714
Array Job ID: 513574_3
Cluster: qmio
User/Group: tec_app6/cesga
State: COMPLETED (exit code 0)
Nodes: 1
Cores per node: 16
CPU Utilized: 3-05:01:11
CPU Efficiency: 99.24% of 3-05:36:32 core-walltime
Job Wall-clock time: 04:51:02
Memory Utilized: 369.91 MB
Memory Efficiency: 2.26% of 16.00 GB

 +++++++++++++++++++++++++++++++++++++++++++++++++++++++++++++++++++++++++++
 ++   Memory Efficiency is too small. Please review the requested memory. ++
 ++ It seems that you do not need that much memory so we recommend        ++
 ++ requesting less memory in other similar jobs.                         ++
 +++++++++++++++++++++++++++++++++++++++++++++++++++++++++++++++++++++++++++
 
*****************************************************************************

