slurmstepd: info: Setting TMPDIR to /scratch/8136523. Previous errors about TMPDIR can be discarded
==============================
RUN_ID: 20260703-083242
Array ID: 1
num_nodes: 100
num_instances: 50
optimizer: DIFFERENTIALEVOLUTION
device: GPU
==============================

==============================
num_nodes    = 100
num_instances= 50
k            = 2
optimizer    = DIFFERENTIALEVOLUTION
maxiter      = 20
outdir       = Resultados/PCE/20260703-083242
==============================


✔ n=100 beta=0.7825 ± 0.0186 (PASSED)
✔ Resultado guardado en: Resultados/PCE/20260703-083242/n_100.h5
Fecha fin: Fri Jul  3 06:12:09 PM CEST 2026
