qmio/hpc unloaded
gcccore/12.3.0 unloaded
binutils/2.40 unloaded
sqlite/3.45.3 unloaded
libffi/3.4.4 unloaded
python/3.11.9 unloaded
imkl/2023.2.0 unloaded
ninja/1.9.0 unloaded
meson/1.5.2-python-3.11.9 unloaded
meson-python/0.16.0-python-3.11.9 unloaded
cython/3.0.9-python-3.11.9 unloaded
numpy/1.26.4-python-3.11.9 unloaded
pybind11/2.13.6-python-3.11.9 unloaded
xsimd/12.1.1 unloaded
llvm/16.0.0 unloaded
gmp/6.3.0 unloaded
mpfr/4.2.1 unloaded
mpc/1.3.1 unloaded
flint/3.1.2 unloaded
symengine/0.11.2 unloaded
symengine-python/0.11.0-python-3.11.9 unloaded
spdlog/1.9.2 unloaded
pylatexenc/2.10-python-3.11.9 unloaded
libgd/2.3.3 unloaded
nasm/2.16.03 unloaded
libjpeg-turbo/3.0.2 unloaded
matplotlib/3.6.3-python-3.11.9 unloaded
pandas/2.2.2-python-3.11.9 unloaded
seaborn/0.12.2-python-3.11.9 unloaded
gcc/12.3.0 unloaded
rust/1.88.0 unloaded
pythran/0.15.0-python-3.11.9 unloaded
scipy/1.13.0-python-3.11.9 unloaded
qmio-run/0.5.1-python-3.11.9 unloaded
qiskit/2.2.3-python-3.11.9 unloaded
qmio-tools/0.2.1-python-3.11.9 unloaded
        Preparing the environment for use of the sistema software stack.
        Please rebuild modules cache: module --ignore-cache avail
     
qmio/hpc loaded
gcccore/12.3.0 loaded
binutils/2.40 loaded
sqlite/3.45.3 loaded
libffi/3.4.4 loaded
python/3.11.9 loaded

imkl/2023.2.0 loaded
ninja/1.9.0 loaded
meson/1.5.2-python-3.11.9 loaded
meson-python/0.16.0-python-3.11.9 loaded
cython/3.0.9-python-3.11.9 loaded
numpy/1.26.4-python-3.11.9 loaded
pybind11/2.13.6-python-3.11.9 loaded
xsimd/12.1.1 loaded
llvm/16.0.0 loaded
gmp/6.3.0 loaded
mpfr/4.2.1 loaded
mpc/1.3.1 loaded
flint/3.1.2 loaded
symengine/0.11.2 loaded
symengine-python/0.11.0-python-3.11.9 loaded
spdlog/1.9.2 loaded
pylatexenc/2.10-python-3.11.9 loaded
libgd/2.3.3 loaded
nasm/2.16.03 loaded
libjpeg-turbo/3.0.2 loaded
matplotlib/3.6.3-python-3.11.9 loaded
pandas/2.2.2-python-3.11.9 loaded
seaborn/0.12.2-python-3.11.9 loaded
gcc/12.3.0 loaded
rust/1.88.0 loaded
pythran/0.15.0-python-3.11.9 loaded
scipy/1.13.0-python-3.11.9 loaded
qmio-run/0.5.1-python-3.11.9 loaded
qiskit/2.2.3-python-3.11.9 loaded
qmio-tools/0.2.1-python-3.11.9 loaded
gcc/12.3.0 unloaded
rust/1.88.0 unloaded
pythran/0.15.0-python-3.11.9 unloaded
scipy/1.13.0-python-3.11.9 unloaded
qmio-run/0.5.1-python-3.11.9 unloaded
qiskit/2.2.3-python-3.11.9 unloaded
qmio-tools/0.2.1-python-3.11.9 unloaded
gcc/12.3.0 loaded
rust/1.88.0 loaded
pythran/0.15.0-python-3.11.9 loaded
scipy/1.13.0-python-3.11.9 loaded
qmio-run/0.5.1-python-3.11.9 loaded
qiskit/2.2.3-python-3.11.9 loaded
qmio-tools/0.2.1-python-3.11.9 loaded
qiskit/2.2.3-python-3.11.9 unloaded
qiskit/2.2.3-python-3.11.9 loaded
qmio-tools/0.2.1-python-3.11.9 unloaded
qmio-tools/0.2.1-python-3.11.9 loaded
2026-07-13 09:08:00,071 [INFO] [PCE] n=350 chunk 5/11: 9 instancias [4, 15, 26, 37, 48, 59, 70, 81, 92], num_workers=9, qubits=10
2026-07-13 09:08:00,071 [INFO] [PCE] n=350 paralelizando 9 instancias entre 9 workers (3 hilos/worker, 32 hilos totales disponibles)
2026-07-13 09:08:00,357 [INFO] Pass: ContainsInstruction - 0.01717 (ms)
2026-07-13 09:08:00,358 [INFO] Pass: UnitarySynthesis - 0.01168 (ms)
2026-07-13 09:08:00,358 [INFO] Pass: ContainsInstruction - 0.01693 (ms)
2026-07-13 09:08:00,358 [INFO] Pass: HighLevelSynthesis - 0.01550 (ms)
2026-07-13 09:08:00,358 [INFO] Pass: UnitarySynthesis - 0.01097 (ms)
2026-07-13 09:08:00,358 [INFO] Pass: HighLevelSynthesis - 0.01407 (ms)
2026-07-13 09:08:00,358 [INFO] Pass: BasisTranslator - 0.08130 (ms)
2026-07-13 09:08:00,358 [INFO] Pass: ContainsInstruction - 0.01597 (ms)
2026-07-13 09:08:00,358 [INFO] Pass: ElidePermutations - 0.00620 (ms)
2026-07-13 09:08:00,358 [INFO] Pass: UnitarySynthesis - 0.01121 (ms)
2026-07-13 09:08:00,358 [INFO] Pass: BasisTranslator - 0.07701 (ms)
2026-07-13 09:08:00,358 [INFO] Pass: RemoveDiagonalGatesBeforeMeasure - 0.01502 (ms)
2026-07-13 09:08:00,358 [INFO] Pass: ContainsInstruction - 0.01574 (ms)
2026-07-13 09:08:00,358 [INFO] Pass: ElidePermutations - 0.00548 (ms)
2026-07-13 09:08:00,358 [INFO] Pass: HighLevelSynthesis - 0.01287 (ms)
2026-07-13 09:08:00,358 [INFO] Pass: RemoveIdentityEquivalent - 0.01645 (ms)
2026-07-13 09:08:00,358 [INFO] Pass: ContainsInstruction - 0.01574 (ms)
2026-07-13 09:08:00,358 [INFO] Pass: UnitarySynthesis - 0.01144 (ms)
2026-07-13 09:08:00,358 [INFO] Pass: InverseCancellation - 0.00978 (ms)
2026-07-13 09:08:00,358 [INFO] Pass: RemoveDiagonalGatesBeforeMeasure - 0.01359 (ms)
2026-07-13 09:08:00,358 [INFO] Pass: ContainsInstruction - 0.01526 (ms)
2026-07-13 09:08:00,358 [INFO] Pass: ContractIdleWiresInControlFlow - 0.00238 (ms)
2026-07-13 09:08:00,358 [INFO] Pass: HighLevelSynthesis - 0.01216 (ms)
2026-07-13 09:08:00,358 [INFO] Pass: BasisTranslator - 0.07534 (ms)
2026-07-13 09:08:00,358 [INFO] Pass: RemoveIdentityEquivalent - 0.01407 (ms)
2026-07-13 09:08:00,358 [INFO] Pass: UnitarySynthesis - 0.01049 (ms)
2026-07-13 09:08:00,358 [INFO] Pass: UnitarySynthesis - 0.01001 (ms)
2026-07-13 09:08:00,358 [INFO] Pass: ElidePermutations - 0.00548 (ms)
2026-07-13 09:08:00,358 [INFO] Pass: InverseCancellation - 0.00739 (ms)
2026-07-13 09:08:00,358 [INFO] Pass: HighLevelSynthesis - 0.01311 (ms)
2026-07-13 09:08:00,358 [INFO] Pass: ContractIdleWiresInControlFlow - 0.00238 (ms)
2026-07-13 09:08:00,358 [INFO] Pass: ContainsInstruction - 0.01717 (ms)
2026-07-13 09:08:00,358 [INFO] Pass: HighLevelSynthesis - 0.01311 (ms)
2026-07-13 09:08:00,358 [INFO] Pass: BasisTranslator - 0.07391 (ms)
2026-07-13 09:08:00,358 [INFO] Pass: RemoveDiagonalGatesBeforeMeasure - 0.01335 (ms)
2026-07-13 09:08:00,358 [INFO] Pass: CommutativeCancellation - 0.13471 (ms)
2026-07-13 09:08:00,358 [INFO] Pass: ElidePermutations - 0.00548 (ms)
2026-07-13 09:08:00,358 [INFO] Pass: UnitarySynthesis - 0.01097 (ms)
2026-07-13 09:08:00,358 [INFO] Pass: RemoveIdentityEquivalent - 0.01717 (ms)
2026-07-13 09:08:00,358 [INFO] Pass: BasisTranslator - 0.08416 (ms)
2026-07-13 09:08:00,358 [INFO] Pass: BasisTranslator - 0.07534 (ms)
2026-07-13 09:08:00,358 [INFO] Pass: InverseCancellation - 0.00739 (ms)
2026-07-13 09:08:00,358 [INFO] Pass: HighLevelSynthesis - 0.01359 (ms)
2026-07-13 09:08:00,358 [INFO] Pass: RemoveDiagonalGatesBeforeMeasure - 0.01287 (ms)
2026-07-13 09:08:00,358 [INFO] Pass: ElidePermutations - 0.00572 (ms)
2026-07-13 09:08:00,358 [INFO] Pass: CommutativeCancellation - 0.13375 (ms)
2026-07-13 09:08:00,358 [INFO] Pass: ContractIdleWiresInControlFlow - 0.00262 (ms)
2026-07-13 09:08:00,358 [INFO] Pass: ElidePermutations - 0.00548 (ms)
2026-07-13 09:08:00,358 [INFO] Pass: ConsolidateBlocks - 0.07653 (ms)
2026-07-13 09:08:00,358 [INFO] Pass: RemoveIdentityEquivalent - 0.01335 (ms)
2026-07-13 09:08:00,358 [INFO] Pass: Split2QUnitaries - 0.00715 (ms)
2026-07-13 09:08:00,358 [INFO] Pass: RemoveDiagonalGatesBeforeMeasure - 0.01311 (ms)
2026-07-13 09:08:00,358 [INFO] Pass: RemoveDiagonalGatesBeforeMeasure - 0.01359 (ms)
2026-07-13 09:08:00,358 [INFO] Pass: InverseCancellation - 0.00811 (ms)
2026-07-13 09:08:00,358 [INFO] Pass: UnitarySynthesis - 0.00596 (ms)
2026-07-13 09:08:00,358 [INFO] Pass: ConsolidateBlocks - 0.07296 (ms)
2026-07-13 09:08:00,358 [INFO] Pass: BasisTranslator - 0.07629 (ms)
2026-07-13 09:08:00,358 [INFO] Pass: ContractIdleWiresInControlFlow - 0.00238 (ms)
2026-07-13 09:08:00,358 [INFO] Pass: RemoveIdentityEquivalent - 0.01454 (ms)
2026-07-13 09:08:00,358 [INFO] Pass: RemoveIdentityEquivalent - 0.01597 (ms)
2026-07-13 09:08:00,358 [INFO] Pass: Split2QUnitaries - 0.00596 (ms)
2026-07-13 09:08:00,358 [INFO] Pass: ElidePermutations - 0.00525 (ms)
2026-07-13 09:08:00,358 [INFO] Pass: InverseCancellation - 0.00787 (ms)
2026-07-13 09:08:00,358 [INFO] Pass: CommutativeCancellation - 0.12374 (ms)
2026-07-13 09:08:00,358 [INFO] Pass: UnitarySynthesis - 0.00572 (ms)
2026-07-13 09:08:00,358 [INFO] Pass: HighLevelSynthesis - 0.06318 (ms)
2026-07-13 09:08:00,358 [INFO] Pass: InverseCancellation - 0.00834 (ms)
2026-07-13 09:08:00,358 [INFO] Pass: ContractIdleWiresInControlFlow - 0.00238 (ms)
2026-07-13 09:08:00,358 [INFO] Pass: ContractIdleWiresInControlFlow - 0.00262 (ms)
2026-07-13 09:08:00,358 [INFO] Pass: RemoveDiagonalGatesBeforeMeasure - 0.01335 (ms)
2026-07-13 09:08:00,359 [INFO] Pass: HighLevelSynthesis - 0.06080 (ms)
2026-07-13 09:08:00,359 [INFO] Pass: ConsolidateBlocks - 0.07057 (ms)
2026-07-13 09:08:00,359 [INFO] Pass: CommutativeCancellation - 0.12469 (ms)
2026-07-13 09:08:00,359 [INFO] Pass: RemoveIdentityEquivalent - 0.01597 (ms)
2026-07-13 09:08:00,359 [INFO] Pass: BasisTranslator - 0.09680 (ms)
2026-07-13 09:08:00,359 [INFO] Pass: Split2QUnitaries - 0.00620 (ms)
2026-07-13 09:08:00,359 [INFO] Pass: InverseCancellation - 0.00811 (ms)
2026-07-13 09:08:00,359 [INFO] Pass: UnitarySynthesis - 0.00548 (ms)
2026-07-13 09:08:00,359 [INFO] Pass: CommutativeCancellation - 0.12589 (ms)
2026-07-13 09:08:00,359 [INFO] Pass: ContractIdleWiresInControlFlow - 0.00238 (ms)
2026-07-13 09:08:00,359 [INFO] Pass: CommutativeCancellation - 0.12088 (ms)
2026-07-13 09:08:00,359 [INFO] Pass: ConsolidateBlocks - 0.06866 (ms)
2026-07-13 09:08:00,359 [INFO] Pass: BasisTranslator - 0.09871 (ms)
2026-07-13 09:08:00,359 [INFO] Pass: ConsolidateBlocks - 0.06747 (ms)
2026-07-13 09:08:00,359 [INFO] Pass: Split2QUnitaries - 0.00644 (ms)
2026-07-13 09:08:00,359 [INFO] Pass: HighLevelSynthesis - 0.06175 (ms)
2026-07-13 09:08:00,359 [INFO] Pass: UnitarySynthesis - 0.00525 (ms)
2026-07-13 09:08:00,359 [INFO] Pass: UnitarySynthesis - 0.00572 (ms)
2026-07-13 09:08:00,359 [INFO] Pass: ConsolidateBlocks - 0.06962 (ms)
2026-07-13 09:08:00,359 [INFO] Pass: ConsolidateBlocks - 0.07057 (ms)
2026-07-13 09:08:00,359 [INFO] Pass: Split2QUnitaries - 0.00596 (ms)
2026-07-13 09:08:00,359 [INFO] Pass: ConsolidateBlocks - 0.06890 (ms)
2026-07-13 09:08:00,359 [INFO] Pass: Depth - 0.03743 (ms)
2026-07-13 09:08:00,359 [INFO] Pass: Split2QUnitaries - 0.00548 (ms)
2026-07-13 09:08:00,359 [INFO] Pass: UnitarySynthesis - 0.00596 (ms)
2026-07-13 09:08:00,359 [INFO] Pass: CommutativeCancellation - 0.11897 (ms)
2026-07-13 09:08:00,359 [INFO] Pass: UnitarySynthesis - 0.00501 (ms)
2026-07-13 09:08:00,359 [INFO] Pass: HighLevelSynthesis - 0.06104 (ms)
2026-07-13 09:08:00,359 [INFO] Pass: UnitarySynthesis - 0.00572 (ms)
2026-07-13 09:08:00,359 [INFO] Pass: FixedPoint - 0.00930 (ms)
2026-07-13 09:08:00,359 [INFO] Pass: BasisTranslator - 0.09727 (ms)
2026-07-13 09:08:00,359 [INFO] Pass: Size - 0.00381 (ms)
2026-07-13 09:08:00,359 [INFO] Pass: FixedPoint - 0.00334 (ms)
2026-07-13 09:08:00,359 [INFO] Pass: Depth - 0.03648 (ms)
2026-07-13 09:08:00,359 [INFO] Pass: HighLevelSynthesis - 0.06080 (ms)
2026-07-13 09:08:00,359 [INFO] Pass: HighLevelSynthesis - 0.06127 (ms)
2026-07-13 09:08:00,359 [INFO] Pass: RemoveIdentityEquivalent - 0.00429 (ms)
2026-07-13 09:08:00,359 [INFO] Pass: ConsolidateBlocks - 0.07033 (ms)
2026-07-13 09:08:00,359 [INFO] Pass: FixedPoint - 0.01144 (ms)
2026-07-13 09:08:00,359 [INFO] Pass: ConsolidateBlocks - 0.06819 (ms)
2026-07-13 09:08:00,359 [INFO] Pass: Size - 0.00381 (ms)
2026-07-13 09:08:00,359 [INFO] Pass: BasisTranslator - 0.09704 (ms)
2026-07-13 09:08:00,359 [INFO] Pass: Split2QUnitaries - 0.00620 (ms)
2026-07-13 09:08:00,359 [INFO] Pass: FixedPoint - 0.00358 (ms)
2026-07-13 09:08:00,359 [INFO] Pass: UnitarySynthesis - 0.00501 (ms)
2026-07-13 09:08:00,359 [INFO] Pass: UnitarySynthesis - 0.00596 (ms)
2026-07-13 09:08:00,359 [INFO] Pass: Optimize1qGatesDecomposition - 0.04935 (ms)
2026-07-13 09:08:00,359 [INFO] Pass: RemoveIdentityEquivalent - 0.00453 (ms)
2026-07-13 09:08:00,359 [INFO] Pass: BasisTranslator - 0.09632 (ms)
2026-07-13 09:08:00,359 [INFO] Pass: BasisTranslator - 0.09608 (ms)
2026-07-13 09:08:00,359 [INFO] Pass: Depth - 0.03648 (ms)
2026-07-13 09:08:00,359 [INFO] Pass: ConsolidateBlocks - 0.06890 (ms)
2026-07-13 09:08:00,359 [INFO] Pass: HighLevelSynthesis - 0.06151 (ms)
2026-07-13 09:08:00,359 [INFO] Pass: FixedPoint - 0.00930 (ms)
2026-07-13 09:08:00,359 [INFO] Pass: UnitarySynthesis - 0.00501 (ms)
2026-07-13 09:08:00,359 [INFO] Pass: Optimize1qGatesDecomposition - 0.04983 (ms)
2026-07-13 09:08:00,359 [INFO] Pass: Size - 0.00381 (ms)
2026-07-13 09:08:00,359 [INFO] Pass: ConsolidateBlocks - 0.06843 (ms)
2026-07-13 09:08:00,359 [INFO] Pass: FixedPoint - 0.00358 (ms)
2026-07-13 09:08:00,359 [INFO] Pass: ConsolidateBlocks - 0.06723 (ms)
2026-07-13 09:08:00,359 [INFO] Pass: Depth - 0.03695 (ms)
2026-07-13 09:08:00,359 [INFO] Pass: UnitarySynthesis - 0.00501 (ms)
2026-07-13 09:08:00,359 [INFO] Pass: CommutativeCancellation - 0.13304 (ms)
2026-07-13 09:08:00,359 [INFO] Pass: RemoveIdentityEquivalent - 0.00477 (ms)
2026-07-13 09:08:00,359 [INFO] Pass: UnitarySynthesis - 0.00501 (ms)
2026-07-13 09:08:00,359 [INFO] Pass: FixedPoint - 0.00858 (ms)
2026-07-13 09:08:00,359 [INFO] Pass: ContractIdleWiresInControlFlow - 0.00215 (ms)
2026-07-13 09:08:00,359 [INFO] Pass: BasisTranslator - 0.10610 (ms)
2026-07-13 09:08:00,359 [INFO] Pass: Size - 0.00381 (ms)
2026-07-13 09:08:00,359 [INFO] Pass: Depth - 0.04578 (ms)
2026-07-13 09:08:00,359 [INFO] Pass: FixedPoint - 0.00381 (ms)
2026-07-13 09:08:00,359 [INFO] Pass: Depth - 0.03839 (ms)
2026-07-13 09:08:00,359 [INFO] Pass: FixedPoint - 0.01049 (ms)
2026-07-13 09:08:00,359 [INFO] Pass: CommutativeCancellation - 0.13876 (ms)
2026-07-13 09:08:00,359 [INFO] Pass: Optimize1qGatesDecomposition - 0.05460 (ms)
2026-07-13 09:08:00,359 [INFO] Pass: RemoveIdentityEquivalent - 0.00429 (ms)
2026-07-13 09:08:00,359 [INFO] Pass: GatesInBasis - 0.05341 (ms)
2026-07-13 09:08:00,359 [INFO] Pass: FixedPoint - 0.00906 (ms)
2026-07-13 09:08:00,359 [INFO] Pass: Size - 0.00310 (ms)
2026-07-13 09:08:00,359 [INFO] Pass: ContractIdleWiresInControlFlow - 0.00215 (ms)
2026-07-13 09:08:00,359 [INFO] Pass: ConsolidateBlocks - 0.06914 (ms)
2026-07-13 09:08:00,359 [INFO] Pass: Size - 0.00381 (ms)
2026-07-13 09:08:00,359 [INFO] Pass: FixedPoint - 0.00358 (ms)
2026-07-13 09:08:00,359 [INFO] Pass: FixedPoint - 0.00334 (ms)
2026-07-13 09:08:00,359 [INFO] Pass: UnitarySynthesis - 0.00501 (ms)
2026-07-13 09:08:00,359 [INFO] Pass: Depth - 0.03457 (ms)
2026-07-13 09:08:00,359 [INFO] Pass: RemoveIdentityEquivalent - 0.00477 (ms)
2026-07-13 09:08:00,359 [INFO] Pass: Optimize1qGatesDecomposition - 0.04888 (ms)
2026-07-13 09:08:00,359 [INFO] Pass: FixedPoint - 0.00405 (ms)
2026-07-13 09:08:00,359 [INFO] Pass: GatesInBasis - 0.05198 (ms)
2026-07-13 09:08:00,359 [INFO] Pass: RemoveIdentityEquivalent - 0.00453 (ms)
2026-07-13 09:08:00,359 [INFO] Pass: Size - 0.00238 (ms)
2026-07-13 09:08:00,359 [INFO] Pass: Depth - 0.03767 (ms)
2026-07-13 09:08:00,359 [INFO] Pass: FixedPoint - 0.00358 (ms)
2026-07-13 09:08:00,359 [INFO] Pass: Depth - 0.03505 (ms)
2026-07-13 09:08:00,359 [INFO] Pass: Optimize1qGatesDecomposition - 0.04983 (ms)
2026-07-13 09:08:00,359 [INFO] Pass: FixedPoint - 0.00930 (ms)
2026-07-13 09:08:00,359 [INFO] Pass: ContainsInstruction - 0.00596 (ms)
2026-07-13 09:08:00,359 [INFO] Pass: CommutativeCancellation - 0.13661 (ms)
2026-07-13 09:08:00,359 [INFO] Pass: Optimize1qGatesDecomposition - 0.05174 (ms)
2026-07-13 09:08:00,359 [INFO] Pass: FixedPoint - 0.00405 (ms)
2026-07-13 09:08:00,359 [INFO] Pass: Size - 0.00381 (ms)
2026-07-13 09:08:00,359 [INFO] Pass: ContractIdleWiresInControlFlow - 0.00215 (ms)
2026-07-13 09:08:00,359 [INFO] Pass: Size - 0.00238 (ms)
2026-07-13 09:08:00,359 [INFO] Pass: FixedPoint - 0.00358 (ms)
2026-07-13 09:08:00,359 [INFO] Pass: FixedPoint - 0.00358 (ms)
2026-07-13 09:08:00,359 [INFO] Pass: RemoveIdentityEquivalent - 0.00453 (ms)
2026-07-13 09:08:00,359 [INFO] Pass: CommutativeCancellation - 0.13661 (ms)
2026-07-13 09:08:00,360 [INFO] Pass: ContainsInstruction - 0.00572 (ms)
2026-07-13 09:08:00,360 [INFO] Pass: ContractIdleWiresInControlFlow - 0.00191 (ms)
2026-07-13 09:08:00,360 [INFO] Pass: GatesInBasis - 0.05484 (ms)
2026-07-13 09:08:00,360 [INFO] Pass: CommutativeCancellation - 0.13661 (ms)
2026-07-13 09:08:00,360 [INFO] Pass: Optimize1qGatesDecomposition - 0.04983 (ms)
2026-07-13 09:08:00,360 [INFO] Pass: CommutativeCancellation - 0.13089 (ms)
2026-07-13 09:08:00,360 [INFO] Pass: ContractIdleWiresInControlFlow - 0.00238 (ms)
2026-07-13 09:08:00,360 [INFO] Pass: Depth - 0.04029 (ms)
2026-07-13 09:08:00,360 [INFO] Pass: GatesInBasis - 0.05412 (ms)
2026-07-13 09:08:00,360 [INFO] Pass: ContractIdleWiresInControlFlow - 0.00215 (ms)
2026-07-13 09:08:00,360 [INFO] Pass: FixedPoint - 0.00477 (ms)
2026-07-13 09:08:00,360 [INFO] Pass: Size - 0.00262 (ms)
2026-07-13 09:08:00,360 [INFO] Pass: Depth - 0.03576 (ms)
2026-07-13 09:08:00,360 [INFO] Pass: GatesInBasis - 0.05341 (ms)
2026-07-13 09:08:00,360 [INFO] Pass: FixedPoint - 0.00405 (ms)
2026-07-13 09:08:00,360 [INFO] Pass: FixedPoint - 0.00429 (ms)
2026-07-13 09:08:00,360 [INFO] Pass: GatesInBasis - 0.05221 (ms)
2026-07-13 09:08:00,360 [INFO] Pass: Size - 0.00215 (ms)
2026-07-13 09:08:00,360 [INFO] Pass: ContainsInstruction - 0.00620 (ms)
2026-07-13 09:08:00,360 [INFO] Pass: FixedPoint - 0.00381 (ms)
2026-07-13 09:08:00,360 [INFO] Pass: Depth - 0.03505 (ms)
2026-07-13 09:08:00,360 [INFO] Pass: CommutativeCancellation - 0.13137 (ms)
2026-07-13 09:08:00,360 [INFO] Pass: Depth - 0.03481 (ms)
2026-07-13 09:08:00,360 [INFO] Pass: FixedPoint - 0.00405 (ms)
2026-07-13 09:08:00,360 [INFO] Pass: ContractIdleWiresInControlFlow - 0.00215 (ms)
2026-07-13 09:08:00,360 [INFO] Pass: ContainsInstruction - 0.00596 (ms)
2026-07-13 09:08:00,360 [INFO] Pass: FixedPoint - 0.00405 (ms)
2026-07-13 09:08:00,360 [INFO] Pass: Size - 0.00262 (ms)
2026-07-13 09:08:00,360 [INFO] Pass: Size - 0.00238 (ms)
2026-07-13 09:08:00,360 [INFO] Pass: FixedPoint - 0.00334 (ms)
2026-07-13 09:08:00,360 [INFO] Pass: FixedPoint - 0.00334 (ms)
2026-07-13 09:08:00,360 [INFO] Pass: ContainsInstruction - 0.00572 (ms)
2026-07-13 09:08:00,360 [INFO] Pass: GatesInBasis - 0.05150 (ms)
2026-07-13 09:08:00,360 [INFO] Pass: ContainsInstruction - 0.00572 (ms)
2026-07-13 09:08:00,360 [INFO] Pass: Depth - 0.03505 (ms)
2026-07-13 09:08:00,360 [INFO] Pass: FixedPoint - 0.00381 (ms)
2026-07-13 09:08:00,360 [INFO] Pass: Size - 0.00238 (ms)
2026-07-13 09:08:00,360 [INFO] Pass: FixedPoint - 0.00334 (ms)
2026-07-13 09:08:00,360 [INFO] Total Transpile Time - 115.96584 (ms)
2026-07-13 09:08:00,360 [INFO] Pass: ContainsInstruction - 0.00548 (ms)
2026-07-13 09:08:00,360 [INFO] Total Transpile Time - 115.74268 (ms)
2026-07-13 09:08:00,360 [INFO] Total Transpile Time - 116.01949 (ms)
2026-07-13 09:08:00,360 [INFO] Total Transpile Time - 116.23359 (ms)
2026-07-13 09:08:00,360 [INFO] Total Transpile Time - 116.28556 (ms)
2026-07-13 09:08:00,360 [INFO] Total Transpile Time - 116.33444 (ms)
2026-07-13 09:08:00,361 [INFO] Total Transpile Time - 116.52827 (ms)
2026-07-13 09:08:00,380 [INFO] Pass: ContainsInstruction - 0.01502 (ms)
2026-07-13 09:08:00,380 [INFO] Pass: UnitarySynthesis - 0.01097 (ms)
2026-07-13 09:08:00,380 [INFO] Pass: HighLevelSynthesis - 0.01168 (ms)
2026-07-13 09:08:00,380 [INFO] Pass: BasisTranslator - 0.07224 (ms)
2026-07-13 09:08:00,380 [INFO] Pass: ElidePermutations - 0.00548 (ms)
2026-07-13 09:08:00,380 [INFO] Pass: ContainsInstruction - 0.01526 (ms)
2026-07-13 09:08:00,380 [INFO] Pass: RemoveDiagonalGatesBeforeMeasure - 0.01240 (ms)
2026-07-13 09:08:00,381 [INFO] Pass: UnitarySynthesis - 0.00978 (ms)
2026-07-13 09:08:00,381 [INFO] Pass: RemoveIdentityEquivalent - 0.01454 (ms)
2026-07-13 09:08:00,381 [INFO] Pass: HighLevelSynthesis - 0.01287 (ms)
2026-07-13 09:08:00,381 [INFO] Pass: InverseCancellation - 0.00834 (ms)
2026-07-13 09:08:00,381 [INFO] Pass: ContractIdleWiresInControlFlow - 0.00310 (ms)
2026-07-13 09:08:00,381 [INFO] Pass: BasisTranslator - 0.07701 (ms)
2026-07-13 09:08:00,381 [INFO] Pass: ElidePermutations - 0.00501 (ms)
2026-07-13 09:08:00,381 [INFO] Pass: CommutativeCancellation - 0.12422 (ms)
2026-07-13 09:08:00,381 [INFO] Pass: RemoveDiagonalGatesBeforeMeasure - 0.01192 (ms)
2026-07-13 09:08:00,381 [INFO] Pass: RemoveIdentityEquivalent - 0.01335 (ms)
2026-07-13 09:08:00,381 [INFO] Pass: ConsolidateBlocks - 0.06986 (ms)
2026-07-13 09:08:00,381 [INFO] Pass: InverseCancellation - 0.00787 (ms)
2026-07-13 09:08:00,381 [INFO] Pass: Split2QUnitaries - 0.00596 (ms)
2026-07-13 09:08:00,381 [INFO] Pass: ContractIdleWiresInControlFlow - 0.00262 (ms)
2026-07-13 09:08:00,381 [INFO] Pass: UnitarySynthesis - 0.00596 (ms)
2026-07-13 09:08:00,381 [INFO] Pass: HighLevelSynthesis - 0.06151 (ms)
2026-07-13 09:08:00,381 [INFO] Pass: CommutativeCancellation - 0.12493 (ms)
2026-07-13 09:08:00,381 [INFO] Pass: BasisTranslator - 0.09489 (ms)
2026-07-13 09:08:00,381 [INFO] Pass: ConsolidateBlocks - 0.07629 (ms)
2026-07-13 09:08:00,381 [INFO] Pass: Split2QUnitaries - 0.00596 (ms)
2026-07-13 09:08:00,381 [INFO] Pass: ConsolidateBlocks - 0.06771 (ms)
2026-07-13 09:08:00,381 [INFO] Pass: UnitarySynthesis - 0.00620 (ms)
2026-07-13 09:08:00,381 [INFO] Pass: UnitarySynthesis - 0.00548 (ms)
2026-07-13 09:08:00,381 [INFO] Pass: Depth - 0.03695 (ms)
2026-07-13 09:08:00,381 [INFO] Pass: HighLevelSynthesis - 0.06151 (ms)
2026-07-13 09:08:00,381 [INFO] Pass: FixedPoint - 0.00858 (ms)
2026-07-13 09:08:00,381 [INFO] Pass: Size - 0.00405 (ms)
2026-07-13 09:08:00,381 [INFO] Pass: FixedPoint - 0.00358 (ms)
2026-07-13 09:08:00,381 [INFO] Pass: RemoveIdentityEquivalent - 0.00477 (ms)
2026-07-13 09:08:00,381 [INFO] Pass: BasisTranslator - 0.09942 (ms)
2026-07-13 09:08:00,382 [INFO] Pass: Optimize1qGatesDecomposition - 0.04816 (ms)
2026-07-13 09:08:00,382 [INFO] Pass: ConsolidateBlocks - 0.06843 (ms)
2026-07-13 09:08:00,382 [INFO] Pass: UnitarySynthesis - 0.00501 (ms)
2026-07-13 09:08:00,382 [INFO] Pass: Depth - 0.03648 (ms)
2026-07-13 09:08:00,382 [INFO] Pass: CommutativeCancellation - 0.13041 (ms)
2026-07-13 09:08:00,382 [INFO] Pass: FixedPoint - 0.00834 (ms)
2026-07-13 09:08:00,382 [INFO] Pass: ContractIdleWiresInControlFlow - 0.00215 (ms)
2026-07-13 09:08:00,382 [INFO] Pass: Size - 0.00381 (ms)
2026-07-13 09:08:00,382 [INFO] Pass: FixedPoint - 0.00334 (ms)
2026-07-13 09:08:00,382 [INFO] Pass: RemoveIdentityEquivalent - 0.00429 (ms)
2026-07-13 09:08:00,382 [INFO] Pass: GatesInBasis - 0.05150 (ms)
2026-07-13 09:08:00,382 [INFO] Pass: Depth - 0.03409 (ms)
2026-07-13 09:08:00,382 [INFO] Pass: Optimize1qGatesDecomposition - 0.05126 (ms)
2026-07-13 09:08:00,382 [INFO] Pass: FixedPoint - 0.00429 (ms)
2026-07-13 09:08:00,382 [INFO] Pass: Size - 0.00238 (ms)
2026-07-13 09:08:00,382 [INFO] Pass: FixedPoint - 0.00334 (ms)
2026-07-13 09:08:00,382 [INFO] Pass: ContainsInstruction - 0.00596 (ms)
2026-07-13 09:08:00,382 [INFO] Pass: CommutativeCancellation - 0.13685 (ms)
2026-07-13 09:08:00,382 [INFO] Pass: ContractIdleWiresInControlFlow - 0.00191 (ms)
2026-07-13 09:08:00,382 [INFO] Pass: GatesInBasis - 0.05150 (ms)
2026-07-13 09:08:00,382 [INFO] Pass: Depth - 0.03624 (ms)
2026-07-13 09:08:00,382 [INFO] Pass: FixedPoint - 0.00405 (ms)
2026-07-13 09:08:00,382 [INFO] Pass: Size - 0.00215 (ms)
2026-07-13 09:08:00,382 [INFO] Pass: FixedPoint - 0.00381 (ms)
2026-07-13 09:08:00,382 [INFO] Pass: ContainsInstruction - 0.00596 (ms)
2026-07-13 09:08:00,383 [INFO] Total Transpile Time - 138.64017 (ms)
2026-07-13 09:08:00,383 [INFO] Total Transpile Time - 138.54337 (ms)
2026-07-13 09:08:00,448 [INFO] Pass: ContainsInstruction - 0.01144 (ms)
2026-07-13 09:08:00,448 [INFO] Pass: UnitarySynthesis - 0.00715 (ms)
2026-07-13 09:08:00,448 [INFO] Pass: HighLevelSynthesis - 0.00429 (ms)
2026-07-13 09:08:00,448 [INFO] Pass: BasisTranslator - 0.05054 (ms)
2026-07-13 09:08:00,448 [INFO] Pass: ElidePermutations - 0.00405 (ms)
2026-07-13 09:08:00,448 [INFO] Pass: RemoveDiagonalGatesBeforeMeasure - 0.00644 (ms)
2026-07-13 09:08:00,448 [INFO] Pass: RemoveIdentityEquivalent - 0.00644 (ms)
2026-07-13 09:08:00,448 [INFO] Pass: ContainsInstruction - 0.01144 (ms)
2026-07-13 09:08:00,448 [INFO] Pass: InverseCancellation - 0.03195 (ms)
2026-07-13 09:08:00,448 [INFO] Pass: UnitarySynthesis - 0.00739 (ms)
2026-07-13 09:08:00,448 [INFO] Pass: ContractIdleWiresInControlFlow - 0.00238 (ms)
2026-07-13 09:08:00,448 [INFO] Pass: HighLevelSynthesis - 0.00477 (ms)
2026-07-13 09:08:00,448 [INFO] Pass: BasisTranslator - 0.05126 (ms)
2026-07-13 09:08:00,448 [INFO] Pass: ElidePermutations - 0.00405 (ms)
2026-07-13 09:08:00,448 [INFO] Pass: CommutativeCancellation - 0.11754 (ms)
2026-07-13 09:08:00,448 [INFO] Pass: ContainsInstruction - 0.01097 (ms)
2026-07-13 09:08:00,448 [INFO] Pass: RemoveDiagonalGatesBeforeMeasure - 0.00668 (ms)
2026-07-13 09:08:00,448 [INFO] Pass: ContainsInstruction - 0.01192 (ms)
2026-07-13 09:08:00,448 [INFO] Pass: RemoveIdentityEquivalent - 0.00691 (ms)
2026-07-13 09:08:00,448 [INFO] Pass: UnitarySynthesis - 0.00691 (ms)
2026-07-13 09:08:00,448 [INFO] Pass: ConsolidateBlocks - 0.06437 (ms)
2026-07-13 09:08:00,448 [INFO] Pass: UnitarySynthesis - 0.01407 (ms)
2026-07-13 09:08:00,448 [INFO] Pass: InverseCancellation - 0.03862 (ms)
2026-07-13 09:08:00,448 [INFO] Pass: HighLevelSynthesis - 0.00477 (ms)
2026-07-13 09:08:00,448 [INFO] Pass: ContainsInstruction - 0.01192 (ms)
2026-07-13 09:08:00,448 [INFO] Pass: Split2QUnitaries - 0.00286 (ms)
2026-07-13 09:08:00,448 [INFO] Pass: HighLevelSynthesis - 0.00429 (ms)
2026-07-13 09:08:00,448 [INFO] Pass: ContractIdleWiresInControlFlow - 0.00238 (ms)
2026-07-13 09:08:00,448 [INFO] Pass: ContainsInstruction - 0.01168 (ms)
2026-07-13 09:08:00,448 [INFO] Pass: UnitarySynthesis - 0.00548 (ms)
2026-07-13 09:08:00,448 [INFO] Pass: UnitarySynthesis - 0.00739 (ms)
2026-07-13 09:08:00,448 [INFO] Pass: BasisTranslator - 0.05221 (ms)
2026-07-13 09:08:00,448 [INFO] Pass: UnitarySynthesis - 0.00739 (ms)
2026-07-13 09:08:00,448 [INFO] Pass: HighLevelSynthesis - 0.00453 (ms)
2026-07-13 09:08:00,448 [INFO] Pass: BasisTranslator - 0.05126 (ms)
2026-07-13 09:08:00,448 [INFO] Pass: ElidePermutations - 0.00381 (ms)
2026-07-13 09:08:00,448 [INFO] Pass: HighLevelSynthesis - 0.00429 (ms)
2026-07-13 09:08:00,448 [INFO] Pass: HighLevelSynthesis - 0.06151 (ms)
2026-07-13 09:08:00,448 [INFO] Pass: ElidePermutations - 0.00358 (ms)
2026-07-13 09:08:00,448 [INFO] Pass: RemoveDiagonalGatesBeforeMeasure - 0.00644 (ms)
2026-07-13 09:08:00,448 [INFO] Pass: RemoveDiagonalGatesBeforeMeasure - 0.00668 (ms)
2026-07-13 09:08:00,448 [INFO] Pass: RemoveIdentityEquivalent - 0.00691 (ms)
2026-07-13 09:08:00,448 [INFO] Pass: CommutativeCancellation - 0.11611 (ms)
2026-07-13 09:08:00,448 [INFO] Pass: BasisTranslator - 0.05221 (ms)
2026-07-13 09:08:00,448 [INFO] Pass: RemoveIdentityEquivalent - 0.00620 (ms)
2026-07-13 09:08:00,448 [INFO] Pass: ContainsInstruction - 0.01168 (ms)
2026-07-13 09:08:00,448 [INFO] Pass: BasisTranslator - 0.05388 (ms)
2026-07-13 09:08:00,448 [INFO] Pass: ElidePermutations - 0.00453 (ms)
2026-07-13 09:08:00,448 [INFO] Pass: InverseCancellation - 0.03314 (ms)
2026-07-13 09:08:00,448 [INFO] Pass: ElidePermutations - 0.00429 (ms)
2026-07-13 09:08:00,448 [INFO] Pass: RemoveDiagonalGatesBeforeMeasure - 0.00691 (ms)
2026-07-13 09:08:00,448 [INFO] Pass: InverseCancellation - 0.03147 (ms)
2026-07-13 09:08:00,448 [INFO] Pass: BasisTranslator - 0.09680 (ms)
2026-07-13 09:08:00,448 [INFO] Pass: ContractIdleWiresInControlFlow - 0.00191 (ms)
2026-07-13 09:08:00,448 [INFO] Pass: UnitarySynthesis - 0.00739 (ms)
2026-07-13 09:08:00,448 [INFO] Pass: RemoveDiagonalGatesBeforeMeasure - 0.00668 (ms)
2026-07-13 09:08:00,448 [INFO] Pass: ConsolidateBlocks - 0.05865 (ms)
2026-07-13 09:08:00,448 [INFO] Pass: ContractIdleWiresInControlFlow - 0.00215 (ms)
2026-07-13 09:08:00,448 [INFO] Pass: RemoveIdentityEquivalent - 0.00715 (ms)
2026-07-13 09:08:00,448 [INFO] Pass: HighLevelSynthesis - 0.00429 (ms)
2026-07-13 09:08:00,448 [INFO] Pass: RemoveIdentityEquivalent - 0.00644 (ms)
2026-07-13 09:08:00,448 [INFO] Pass: Split2QUnitaries - 0.00310 (ms)
2026-07-13 09:08:00,449 [INFO] Pass: UnitarySynthesis - 0.00525 (ms)
2026-07-13 09:08:00,449 [INFO] Pass: InverseCancellation - 0.03052 (ms)
2026-07-13 09:08:00,449 [INFO] Pass: InverseCancellation - 0.03076 (ms)
2026-07-13 09:08:00,449 [INFO] Pass: ConsolidateBlocks - 0.06557 (ms)
2026-07-13 09:08:00,449 [INFO] Pass: ContractIdleWiresInControlFlow - 0.00238 (ms)
2026-07-13 09:08:00,449 [INFO] Pass: ContractIdleWiresInControlFlow - 0.00191 (ms)
2026-07-13 09:08:00,449 [INFO] Pass: BasisTranslator - 0.05341 (ms)
2026-07-13 09:08:00,449 [INFO] Pass: UnitarySynthesis - 0.00453 (ms)
2026-07-13 09:08:00,449 [INFO] Pass: ElidePermutations - 0.00429 (ms)
2026-07-13 09:08:00,449 [INFO] Pass: CommutativeCancellation - 0.11754 (ms)
2026-07-13 09:08:00,449 [INFO] Pass: HighLevelSynthesis - 0.06223 (ms)
2026-07-13 09:08:00,449 [INFO] Pass: CommutativeCancellation - 0.11611 (ms)
2026-07-13 09:08:00,449 [INFO] Pass: RemoveDiagonalGatesBeforeMeasure - 0.00668 (ms)
2026-07-13 09:08:00,449 [INFO] Pass: Depth - 0.03719 (ms)
2026-07-13 09:08:00,449 [INFO] Pass: RemoveIdentityEquivalent - 0.00715 (ms)
2026-07-13 09:08:00,449 [INFO] Pass: FixedPoint - 0.00501 (ms)
2026-07-13 09:08:00,449 [INFO] Pass: ConsolidateBlocks - 0.05746 (ms)
2026-07-13 09:08:00,449 [INFO] Pass: Size - 0.00310 (ms)
2026-07-13 09:08:00,449 [INFO] Pass: CommutativeCancellation - 0.11587 (ms)
2026-07-13 09:08:00,449 [INFO] Pass: ConsolidateBlocks - 0.05674 (ms)
2026-07-13 09:08:00,449 [INFO] Pass: InverseCancellation - 0.03076 (ms)
2026-07-13 09:08:00,449 [INFO] Pass: FixedPoint - 0.00358 (ms)
2026-07-13 09:08:00,449 [INFO] Pass: CommutativeCancellation - 0.11635 (ms)
2026-07-13 09:08:00,449 [INFO] Pass: Split2QUnitaries - 0.00286 (ms)
2026-07-13 09:08:00,449 [INFO] Pass: BasisTranslator - 0.09656 (ms)
2026-07-13 09:08:00,449 [INFO] Pass: Split2QUnitaries - 0.00286 (ms)
2026-07-13 09:08:00,449 [INFO] Pass: ContractIdleWiresInControlFlow - 0.00238 (ms)
2026-07-13 09:08:00,449 [INFO] Pass: RemoveIdentityEquivalent - 0.00572 (ms)
2026-07-13 09:08:00,449 [INFO] Pass: UnitarySynthesis - 0.00548 (ms)
2026-07-13 09:08:00,449 [INFO] Pass: UnitarySynthesis - 0.00525 (ms)
2026-07-13 09:08:00,449 [INFO] Pass: ConsolidateBlocks - 0.05794 (ms)
2026-07-13 09:08:00,449 [INFO] Pass: ConsolidateBlocks - 0.05698 (ms)
2026-07-13 09:08:00,449 [INFO] Pass: Split2QUnitaries - 0.00262 (ms)
2026-07-13 09:08:00,449 [INFO] Pass: ConsolidateBlocks - 0.06604 (ms)
2026-07-13 09:08:00,449 [INFO] Pass: Split2QUnitaries - 0.00286 (ms)
2026-07-13 09:08:00,449 [INFO] Pass: HighLevelSynthesis - 0.06199 (ms)
2026-07-13 09:08:00,449 [INFO] Pass: UnitarySynthesis - 0.00596 (ms)
2026-07-13 09:08:00,449 [INFO] Pass: HighLevelSynthesis - 0.06199 (ms)
2026-07-13 09:08:00,449 [INFO] Pass: UnitarySynthesis - 0.00501 (ms)
2026-07-13 09:08:00,449 [INFO] Pass: UnitarySynthesis - 0.00525 (ms)
2026-07-13 09:08:00,449 [INFO] Pass: CommutativeCancellation - 0.11611 (ms)
2026-07-13 09:08:00,449 [INFO] Pass: Depth - 0.03695 (ms)
2026-07-13 09:08:00,449 [INFO] Pass: HighLevelSynthesis - 0.06223 (ms)
2026-07-13 09:08:00,449 [INFO] Pass: Optimize1qGatesDecomposition - 0.15950 (ms)
2026-07-13 09:08:00,449 [INFO] Pass: FixedPoint - 0.00525 (ms)
2026-07-13 09:08:00,449 [INFO] Pass: HighLevelSynthesis - 0.06294 (ms)
2026-07-13 09:08:00,449 [INFO] Pass: BasisTranslator - 0.09704 (ms)
2026-07-13 09:08:00,449 [INFO] Pass: Size - 0.00334 (ms)
2026-07-13 09:08:00,449 [INFO] Pass: ConsolidateBlocks - 0.05651 (ms)
2026-07-13 09:08:00,449 [INFO] Pass: BasisTranslator - 0.09680 (ms)
2026-07-13 09:08:00,449 [INFO] Pass: FixedPoint - 0.00334 (ms)
2026-07-13 09:08:00,449 [INFO] Pass: Split2QUnitaries - 0.00286 (ms)
2026-07-13 09:08:00,449 [INFO] Pass: RemoveIdentityEquivalent - 0.00548 (ms)
2026-07-13 09:08:00,449 [INFO] Pass: UnitarySynthesis - 0.00501 (ms)
2026-07-13 09:08:00,449 [INFO] Pass: ConsolidateBlocks - 0.06628 (ms)
2026-07-13 09:08:00,449 [INFO] Pass: BasisTranslator - 0.09513 (ms)
2026-07-13 09:08:00,449 [INFO] Pass: BasisTranslator - 0.09370 (ms)
2026-07-13 09:08:00,449 [INFO] Pass: ConsolidateBlocks - 0.06580 (ms)
2026-07-13 09:08:00,449 [INFO] Pass: UnitarySynthesis - 0.00453 (ms)
2026-07-13 09:08:00,449 [INFO] Pass: UnitarySynthesis - 0.00477 (ms)
2026-07-13 09:08:00,449 [INFO] Pass: CommutativeCancellation - 0.13137 (ms)
2026-07-13 09:08:00,449 [INFO] Pass: HighLevelSynthesis - 0.06437 (ms)
2026-07-13 09:08:00,449 [INFO] Pass: ContractIdleWiresInControlFlow - 0.00215 (ms)
2026-07-13 09:08:00,449 [INFO] Pass: Depth - 0.03815 (ms)
2026-07-13 09:08:00,449 [INFO] Pass: ConsolidateBlocks - 0.06676 (ms)
2026-07-13 09:08:00,449 [INFO] Pass: Depth - 0.03719 (ms)
2026-07-13 09:08:00,449 [INFO] Pass: ConsolidateBlocks - 0.06628 (ms)
2026-07-13 09:08:00,449 [INFO] Pass: FixedPoint - 0.00548 (ms)
2026-07-13 09:08:00,449 [INFO] Pass: UnitarySynthesis - 0.00548 (ms)
2026-07-13 09:08:00,449 [INFO] Pass: FixedPoint - 0.00501 (ms)
2026-07-13 09:08:00,449 [INFO] Pass: UnitarySynthesis - 0.00477 (ms)
2026-07-13 09:08:00,449 [INFO] Pass: Size - 0.00381 (ms)
2026-07-13 09:08:00,449 [INFO] Pass: GatesInBasis - 0.05865 (ms)
2026-07-13 09:08:00,449 [INFO] Pass: Optimize1qGatesDecomposition - 0.16618 (ms)
2026-07-13 09:08:00,449 [INFO] Pass: Size - 0.00334 (ms)
2026-07-13 09:08:00,449 [INFO] Pass: FixedPoint - 0.00334 (ms)
2026-07-13 09:08:00,449 [INFO] Pass: BasisTranslator - 0.10252 (ms)
2026-07-13 09:08:00,449 [INFO] Pass: FixedPoint - 0.00334 (ms)
2026-07-13 09:08:00,449 [INFO] Pass: Depth - 0.03767 (ms)
2026-07-13 09:08:00,449 [INFO] Pass: RemoveIdentityEquivalent - 0.00596 (ms)
2026-07-13 09:08:00,449 [INFO] Pass: Depth - 0.03791 (ms)
2026-07-13 09:08:00,449 [INFO] Pass: Depth - 0.03552 (ms)
2026-07-13 09:08:00,449 [INFO] Pass: RemoveIdentityEquivalent - 0.00525 (ms)
2026-07-13 09:08:00,449 [INFO] Pass: FixedPoint - 0.00525 (ms)
2026-07-13 09:08:00,449 [INFO] Pass: FixedPoint - 0.00501 (ms)
2026-07-13 09:08:00,449 [INFO] Pass: FixedPoint - 0.00405 (ms)
2026-07-13 09:08:00,449 [INFO] Pass: Size - 0.00334 (ms)
2026-07-13 09:08:00,449 [INFO] Pass: Size - 0.00310 (ms)
2026-07-13 09:08:00,449 [INFO] Pass: Size - 0.00262 (ms)
2026-07-13 09:08:00,449 [INFO] Pass: FixedPoint - 0.00334 (ms)
2026-07-13 09:08:00,449 [INFO] Pass: FixedPoint - 0.00358 (ms)
2026-07-13 09:08:00,449 [INFO] Pass: ConsolidateBlocks - 0.06580 (ms)
2026-07-13 09:08:00,449 [INFO] Pass: FixedPoint - 0.01049 (ms)
2026-07-13 09:08:00,449 [INFO] Pass: RemoveIdentityEquivalent - 0.00572 (ms)
2026-07-13 09:08:00,449 [INFO] Pass: UnitarySynthesis - 0.00453 (ms)
2026-07-13 09:08:00,449 [INFO] Pass: RemoveIdentityEquivalent - 0.00572 (ms)
2026-07-13 09:08:00,449 [INFO] Pass: ContainsInstruction - 0.00548 (ms)
2026-07-13 09:08:00,449 [INFO] Pass: CommutativeCancellation - 0.13471 (ms)
2026-07-13 09:08:00,449 [INFO] Pass: ContractIdleWiresInControlFlow - 0.00238 (ms)
2026-07-13 09:08:00,449 [INFO] Pass: Depth - 0.03791 (ms)
2026-07-13 09:08:00,449 [INFO] Pass: Optimize1qGatesDecomposition - 0.15759 (ms)
2026-07-13 09:08:00,449 [INFO] Pass: FixedPoint - 0.00525 (ms)
2026-07-13 09:08:00,449 [INFO] Pass: Optimize1qGatesDecomposition - 0.15855 (ms)
2026-07-13 09:08:00,449 [INFO] Pass: Size - 0.00310 (ms)
2026-07-13 09:08:00,449 [INFO] Pass: GatesInBasis - 0.05317 (ms)
2026-07-13 09:08:00,449 [INFO] Pass: FixedPoint - 0.00334 (ms)
2026-07-13 09:08:00,450 [INFO] Pass: RemoveIdentityEquivalent - 0.00548 (ms)
2026-07-13 09:08:00,450 [INFO] Pass: Optimize1qGatesDecomposition - 0.15759 (ms)
2026-07-13 09:08:00,450 [INFO] Pass: Depth - 0.03576 (ms)
2026-07-13 09:08:00,450 [INFO] Pass: Optimize1qGatesDecomposition - 0.15640 (ms)
2026-07-13 09:08:00,450 [INFO] Pass: FixedPoint - 0.00381 (ms)
2026-07-13 09:08:00,450 [INFO] Pass: Size - 0.00215 (ms)
2026-07-13 09:08:00,450 [INFO] Pass: CommutativeCancellation - 0.13471 (ms)
2026-07-13 09:08:00,450 [INFO] Pass: FixedPoint - 0.01025 (ms)
2026-07-13 09:08:00,450 [INFO] Pass: CommutativeCancellation - 0.13375 (ms)
2026-07-13 09:08:00,450 [INFO] Pass: ContractIdleWiresInControlFlow - 0.00191 (ms)
2026-07-13 09:08:00,450 [INFO] Pass: ContractIdleWiresInControlFlow - 0.00191 (ms)
2026-07-13 09:08:00,450 [INFO] Pass: ContainsInstruction - 0.00525 (ms)
2026-07-13 09:08:00,450 [INFO] Pass: GatesInBasis - 0.05198 (ms)
2026-07-13 09:08:00,450 [INFO] Pass: Optimize1qGatesDecomposition - 0.15616 (ms)
2026-07-13 09:08:00,450 [INFO] Pass: CommutativeCancellation - 0.13185 (ms)
2026-07-13 09:08:00,450 [INFO] Pass: CommutativeCancellation - 0.13423 (ms)
2026-07-13 09:08:00,450 [INFO] Pass: GatesInBasis - 0.05150 (ms)
2026-07-13 09:08:00,450 [INFO] Pass: ContractIdleWiresInControlFlow - 0.00215 (ms)
2026-07-13 09:08:00,450 [INFO] Pass: ContractIdleWiresInControlFlow - 0.00215 (ms)
2026-07-13 09:08:00,450 [INFO] Pass: Depth - 0.03552 (ms)
2026-07-13 09:08:00,450 [INFO] Pass: Depth - 0.03743 (ms)
2026-07-13 09:08:00,450 [INFO] Pass: FixedPoint - 0.00405 (ms)
2026-07-13 09:08:00,450 [INFO] Pass: GatesInBasis - 0.05102 (ms)
2026-07-13 09:08:00,450 [INFO] Pass: Size - 0.00238 (ms)
2026-07-13 09:08:00,450 [INFO] Pass: FixedPoint - 0.00405 (ms)
2026-07-13 09:08:00,450 [INFO] Pass: GatesInBasis - 0.05341 (ms)
2026-07-13 09:08:00,450 [INFO] Pass: Size - 0.00238 (ms)
2026-07-13 09:08:00,450 [INFO] Pass: FixedPoint - 0.01025 (ms)
2026-07-13 09:08:00,450 [INFO] Pass: FixedPoint - 0.01049 (ms)
2026-07-13 09:08:00,450 [INFO] Pass: Depth - 0.03576 (ms)
2026-07-13 09:08:00,450 [INFO] Total Transpile Time - 89.47444 (ms)
2026-07-13 09:08:00,450 [INFO] Pass: CommutativeCancellation - 0.13399 (ms)
2026-07-13 09:08:00,450 [INFO] Pass: ContainsInstruction - 0.00525 (ms)
2026-07-13 09:08:00,450 [INFO] Pass: Depth - 0.03743 (ms)
2026-07-13 09:08:00,450 [INFO] Pass: FixedPoint - 0.00405 (ms)
2026-07-13 09:08:00,450 [INFO] Pass: ContractIdleWiresInControlFlow - 0.00215 (ms)
2026-07-13 09:08:00,450 [INFO] Pass: ContainsInstruction - 0.00572 (ms)
2026-07-13 09:08:00,450 [INFO] Pass: FixedPoint - 0.00405 (ms)
2026-07-13 09:08:00,450 [INFO] Pass: Size - 0.00238 (ms)
2026-07-13 09:08:00,450 [INFO] Pass: Size - 0.00262 (ms)
2026-07-13 09:08:00,450 [INFO] Pass: FixedPoint - 0.01073 (ms)
2026-07-13 09:08:00,450 [INFO] Pass: FixedPoint - 0.01049 (ms)
2026-07-13 09:08:00,450 [INFO] Pass: GatesInBasis - 0.05436 (ms)
2026-07-13 09:08:00,450 [INFO] Pass: ContainsInstruction - 0.00548 (ms)
2026-07-13 09:08:00,450 [INFO] Pass: ContainsInstruction - 0.00525 (ms)
2026-07-13 09:08:00,450 [INFO] Pass: Depth - 0.03481 (ms)
2026-07-13 09:08:00,450 [INFO] Pass: FixedPoint - 0.00381 (ms)
2026-07-13 09:08:00,450 [INFO] Pass: Size - 0.00215 (ms)
2026-07-13 09:08:00,450 [INFO] Pass: FixedPoint - 0.01049 (ms)
2026-07-13 09:08:00,450 [INFO] Pass: ContainsInstruction - 0.00525 (ms)
2026-07-13 09:08:00,450 [INFO] Total Transpile Time - 89.33496 (ms)
2026-07-13 09:08:00,450 [INFO] Total Transpile Time - 89.55383 (ms)
2026-07-13 09:08:00,450 [INFO] Total Transpile Time - 89.69784 (ms)
2026-07-13 09:08:00,450 [INFO] Total Transpile Time - 89.97321 (ms)
2026-07-13 09:08:00,450 [INFO] Total Transpile Time - 89.51139 (ms)
2026-07-13 09:08:00,451 [INFO] Total Transpile Time - 89.90335 (ms)
2026-07-13 09:08:00,470 [INFO] Pass: ContainsInstruction - 0.01216 (ms)
2026-07-13 09:08:00,470 [INFO] Pass: UnitarySynthesis - 0.00715 (ms)
2026-07-13 09:08:00,470 [INFO] Pass: HighLevelSynthesis - 0.00405 (ms)
2026-07-13 09:08:00,470 [INFO] Pass: BasisTranslator - 0.05031 (ms)
2026-07-13 09:08:00,470 [INFO] Pass: ContainsInstruction - 0.01144 (ms)
2026-07-13 09:08:00,470 [INFO] Pass: ElidePermutations - 0.00381 (ms)
2026-07-13 09:08:00,470 [INFO] Pass: RemoveDiagonalGatesBeforeMeasure - 0.00668 (ms)
2026-07-13 09:08:00,470 [INFO] Pass: UnitarySynthesis - 0.00739 (ms)
2026-07-13 09:08:00,471 [INFO] Pass: RemoveIdentityEquivalent - 0.00620 (ms)
2026-07-13 09:08:00,471 [INFO] Pass: HighLevelSynthesis - 0.00429 (ms)
2026-07-13 09:08:00,471 [INFO] Pass: InverseCancellation - 0.03147 (ms)
2026-07-13 09:08:00,471 [INFO] Pass: ContractIdleWiresInControlFlow - 0.00238 (ms)
2026-07-13 09:08:00,471 [INFO] Pass: BasisTranslator - 0.05126 (ms)
2026-07-13 09:08:00,471 [INFO] Pass: ElidePermutations - 0.00405 (ms)
2026-07-13 09:08:00,471 [INFO] Pass: RemoveDiagonalGatesBeforeMeasure - 0.00691 (ms)
2026-07-13 09:08:00,471 [INFO] Pass: RemoveIdentityEquivalent - 0.00644 (ms)
2026-07-13 09:08:00,471 [INFO] Pass: CommutativeCancellation - 0.11420 (ms)
2026-07-13 09:08:00,471 [INFO] Pass: InverseCancellation - 0.03076 (ms)
2026-07-13 09:08:00,471 [INFO] Pass: ContractIdleWiresInControlFlow - 0.00215 (ms)
2026-07-13 09:08:00,471 [INFO] Pass: ConsolidateBlocks - 0.05746 (ms)
2026-07-13 09:08:00,471 [INFO] Pass: Split2QUnitaries - 0.00262 (ms)
2026-07-13 09:08:00,471 [INFO] Pass: UnitarySynthesis - 0.00572 (ms)
2026-07-13 09:08:00,471 [INFO] Pass: CommutativeCancellation - 0.11516 (ms)
2026-07-13 09:08:00,471 [INFO] Pass: HighLevelSynthesis - 0.06223 (ms)
2026-07-13 09:08:00,471 [INFO] Pass: ConsolidateBlocks - 0.05698 (ms)
2026-07-13 09:08:00,471 [INFO] Pass: Split2QUnitaries - 0.00286 (ms)
2026-07-13 09:08:00,471 [INFO] Pass: UnitarySynthesis - 0.00548 (ms)
2026-07-13 09:08:00,471 [INFO] Pass: BasisTranslator - 0.09561 (ms)
2026-07-13 09:08:00,471 [INFO] Pass: HighLevelSynthesis - 0.06247 (ms)
2026-07-13 09:08:00,471 [INFO] Pass: ConsolidateBlocks - 0.07439 (ms)
2026-07-13 09:08:00,471 [INFO] Pass: UnitarySynthesis - 0.00477 (ms)
2026-07-13 09:08:00,471 [INFO] Pass: Depth - 0.03743 (ms)
2026-07-13 09:08:00,471 [INFO] Pass: BasisTranslator - 0.09465 (ms)
2026-07-13 09:08:00,471 [INFO] Pass: FixedPoint - 0.00525 (ms)
2026-07-13 09:08:00,471 [INFO] Pass: Size - 0.00334 (ms)
2026-07-13 09:08:00,471 [INFO] Pass: FixedPoint - 0.00381 (ms)
2026-07-13 09:08:00,471 [INFO] Pass: ConsolidateBlocks - 0.06723 (ms)
2026-07-13 09:08:00,471 [INFO] Pass: RemoveIdentityEquivalent - 0.00596 (ms)
2026-07-13 09:08:00,471 [INFO] Pass: UnitarySynthesis - 0.00525 (ms)
2026-07-13 09:08:00,471 [INFO] Pass: Depth - 0.03719 (ms)
2026-07-13 09:08:00,471 [INFO] Pass: FixedPoint - 0.00453 (ms)
2026-07-13 09:08:00,472 [INFO] Pass: Size - 0.00286 (ms)
2026-07-13 09:08:00,472 [INFO] Pass: FixedPoint - 0.00334 (ms)
2026-07-13 09:08:00,472 [INFO] Pass: Optimize1qGatesDecomposition - 0.15426 (ms)
2026-07-13 09:08:00,472 [INFO] Pass: RemoveIdentityEquivalent - 0.00596 (ms)
2026-07-13 09:08:00,472 [INFO] Pass: CommutativeCancellation - 0.13161 (ms)
2026-07-13 09:08:00,472 [INFO] Pass: Optimize1qGatesDecomposition - 0.15616 (ms)
2026-07-13 09:08:00,472 [INFO] Pass: ContractIdleWiresInControlFlow - 0.00215 (ms)
2026-07-13 09:08:00,472 [INFO] Pass: GatesInBasis - 0.05150 (ms)
2026-07-13 09:08:00,472 [INFO] Pass: Depth - 0.03600 (ms)
2026-07-13 09:08:00,472 [INFO] Pass: FixedPoint - 0.00381 (ms)
2026-07-13 09:08:00,472 [INFO] Pass: CommutativeCancellation - 0.13304 (ms)
2026-07-13 09:08:00,472 [INFO] Pass: Size - 0.00238 (ms)
2026-07-13 09:08:00,472 [INFO] Pass: ContractIdleWiresInControlFlow - 0.00238 (ms)
2026-07-13 09:08:00,472 [INFO] Pass: FixedPoint - 0.00978 (ms)
2026-07-13 09:08:00,472 [INFO] Pass: ContainsInstruction - 0.00548 (ms)
2026-07-13 09:08:00,472 [INFO] Pass: GatesInBasis - 0.05221 (ms)
2026-07-13 09:08:00,472 [INFO] Pass: Depth - 0.03791 (ms)
2026-07-13 09:08:00,472 [INFO] Pass: FixedPoint - 0.00429 (ms)
2026-07-13 09:08:00,472 [INFO] Pass: Size - 0.00215 (ms)
2026-07-13 09:08:00,472 [INFO] Pass: FixedPoint - 0.01025 (ms)
2026-07-13 09:08:00,472 [INFO] Pass: ContainsInstruction - 0.00572 (ms)
2026-07-13 09:08:00,472 [INFO] Total Transpile Time - 89.57410 (ms)
2026-07-13 09:08:00,473 [INFO] Total Transpile Time - 89.39338 (ms)
2026-07-13 09:08:00,537 [INFO] Pass: ContainsInstruction - 0.01001 (ms)
2026-07-13 09:08:00,537 [INFO] Pass: ContainsInstruction - 0.01025 (ms)
2026-07-13 09:08:00,537 [INFO] Pass: UnitarySynthesis - 0.00715 (ms)
2026-07-13 09:08:00,537 [INFO] Pass: HighLevelSynthesis - 0.00453 (ms)
2026-07-13 09:08:00,537 [INFO] Pass: UnitarySynthesis - 0.00739 (ms)
2026-07-13 09:08:00,537 [INFO] Pass: HighLevelSynthesis - 0.00405 (ms)
2026-07-13 09:08:00,537 [INFO] Pass: BasisTranslator - 0.05174 (ms)
2026-07-13 09:08:00,537 [INFO] Pass: ElidePermutations - 0.00405 (ms)
2026-07-13 09:08:00,537 [INFO] Pass: BasisTranslator - 0.05198 (ms)
2026-07-13 09:08:00,537 [INFO] Pass: RemoveDiagonalGatesBeforeMeasure - 0.00620 (ms)
2026-07-13 09:08:00,537 [INFO] Pass: ElidePermutations - 0.00381 (ms)
2026-07-13 09:08:00,537 [INFO] Pass: RemoveIdentityEquivalent - 0.00811 (ms)
2026-07-13 09:08:00,537 [INFO] Pass: RemoveDiagonalGatesBeforeMeasure - 0.00572 (ms)
2026-07-13 09:08:00,537 [INFO] Pass: RemoveIdentityEquivalent - 0.00691 (ms)
2026-07-13 09:08:00,537 [INFO] Pass: InverseCancellation - 0.03195 (ms)
2026-07-13 09:08:00,537 [INFO] Pass: ContractIdleWiresInControlFlow - 0.00238 (ms)
2026-07-13 09:08:00,537 [INFO] Pass: InverseCancellation - 0.03123 (ms)
2026-07-13 09:08:00,537 [INFO] Pass: ContainsInstruction - 0.01073 (ms)
2026-07-13 09:08:00,537 [INFO] Pass: ContractIdleWiresInControlFlow - 0.00238 (ms)
2026-07-13 09:08:00,537 [INFO] Pass: UnitarySynthesis - 0.00715 (ms)
2026-07-13 09:08:00,537 [INFO] Pass: HighLevelSynthesis - 0.00381 (ms)
2026-07-13 09:08:00,537 [INFO] Pass: CommutativeCancellation - 0.12374 (ms)
2026-07-13 09:08:00,537 [INFO] Pass: ContainsInstruction - 0.01049 (ms)
2026-07-13 09:08:00,537 [INFO] Pass: BasisTranslator - 0.05245 (ms)
2026-07-13 09:08:00,537 [INFO] Pass: CommutativeCancellation - 0.12374 (ms)
2026-07-13 09:08:00,537 [INFO] Pass: ElidePermutations - 0.00429 (ms)
2026-07-13 09:08:00,537 [INFO] Pass: UnitarySynthesis - 0.00739 (ms)
2026-07-13 09:08:00,537 [INFO] Pass: ConsolidateBlocks - 0.05841 (ms)
2026-07-13 09:08:00,537 [INFO] Pass: RemoveDiagonalGatesBeforeMeasure - 0.00620 (ms)
2026-07-13 09:08:00,537 [INFO] Pass: HighLevelSynthesis - 0.00429 (ms)
2026-07-13 09:08:00,537 [INFO] Pass: Split2QUnitaries - 0.00286 (ms)
2026-07-13 09:08:00,537 [INFO] Pass: ConsolidateBlocks - 0.05770 (ms)
2026-07-13 09:08:00,537 [INFO] Pass: RemoveIdentityEquivalent - 0.00787 (ms)
2026-07-13 09:08:00,537 [INFO] Pass: Split2QUnitaries - 0.00262 (ms)
2026-07-13 09:08:00,537 [INFO] Pass: UnitarySynthesis - 0.01526 (ms)
2026-07-13 09:08:00,537 [INFO] Pass: InverseCancellation - 0.03195 (ms)
2026-07-13 09:08:00,537 [INFO] Pass: BasisTranslator - 0.05102 (ms)
2026-07-13 09:08:00,537 [INFO] Pass: UnitarySynthesis - 0.01502 (ms)
2026-07-13 09:08:00,538 [INFO] Pass: ContractIdleWiresInControlFlow - 0.00262 (ms)
2026-07-13 09:08:00,538 [INFO] Pass: ElidePermutations - 0.00381 (ms)
2026-07-13 09:08:00,538 [INFO] Pass: RemoveDiagonalGatesBeforeMeasure - 0.00620 (ms)
2026-07-13 09:08:00,538 [INFO] Pass: HighLevelSynthesis - 0.06557 (ms)
2026-07-13 09:08:00,538 [INFO] Pass: ContainsInstruction - 0.01049 (ms)
2026-07-13 09:08:00,538 [INFO] Pass: RemoveIdentityEquivalent - 0.00787 (ms)
2026-07-13 09:08:00,538 [INFO] Pass: HighLevelSynthesis - 0.06580 (ms)
2026-07-13 09:08:00,538 [INFO] Pass: UnitarySynthesis - 0.00739 (ms)
2026-07-13 09:08:00,538 [INFO] Pass: InverseCancellation - 0.03147 (ms)
2026-07-13 09:08:00,538 [INFO] Pass: HighLevelSynthesis - 0.00477 (ms)
2026-07-13 09:08:00,538 [INFO] Pass: ContractIdleWiresInControlFlow - 0.00238 (ms)
2026-07-13 09:08:00,538 [INFO] Pass: CommutativeCancellation - 0.12612 (ms)
2026-07-13 09:08:00,538 [INFO] Pass: BasisTranslator - 0.09727 (ms)
2026-07-13 09:08:00,538 [INFO] Pass: ContainsInstruction - 0.01073 (ms)
2026-07-13 09:08:00,538 [INFO] Pass: BasisTranslator - 0.09823 (ms)
2026-07-13 09:08:00,538 [INFO] Pass: BasisTranslator - 0.05221 (ms)
2026-07-13 09:08:00,538 [INFO] Pass: UnitarySynthesis - 0.00739 (ms)
2026-07-13 09:08:00,538 [INFO] Pass: ElidePermutations - 0.00358 (ms)
2026-07-13 09:08:00,538 [INFO] Pass: ConsolidateBlocks - 0.05889 (ms)
2026-07-13 09:08:00,538 [INFO] Pass: HighLevelSynthesis - 0.00477 (ms)
2026-07-13 09:08:00,538 [INFO] Pass: RemoveDiagonalGatesBeforeMeasure - 0.00620 (ms)
2026-07-13 09:08:00,538 [INFO] Pass: ConsolidateBlocks - 0.06843 (ms)
2026-07-13 09:08:00,538 [INFO] Pass: Split2QUnitaries - 0.00286 (ms)
2026-07-13 09:08:00,538 [INFO] Pass: RemoveIdentityEquivalent - 0.00691 (ms)
2026-07-13 09:08:00,538 [INFO] Pass: ConsolidateBlocks - 0.06795 (ms)
2026-07-13 09:08:00,538 [INFO] Pass: UnitarySynthesis - 0.00477 (ms)
2026-07-13 09:08:00,538 [INFO] Pass: CommutativeCancellation - 0.12231 (ms)
2026-07-13 09:08:00,538 [INFO] Pass: UnitarySynthesis - 0.01502 (ms)
2026-07-13 09:08:00,538 [INFO] Pass: ContainsInstruction - 0.01049 (ms)
2026-07-13 09:08:00,538 [INFO] Pass: UnitarySynthesis - 0.00477 (ms)
2026-07-13 09:08:00,538 [INFO] Pass: BasisTranslator - 0.05269 (ms)
2026-07-13 09:08:00,538 [INFO] Pass: InverseCancellation - 0.03052 (ms)
2026-07-13 09:08:00,538 [INFO] Pass: Depth - 0.03862 (ms)
2026-07-13 09:08:00,538 [INFO] Pass: ElidePermutations - 0.00405 (ms)
2026-07-13 09:08:00,538 [INFO] Pass: ContractIdleWiresInControlFlow - 0.00215 (ms)
2026-07-13 09:08:00,538 [INFO] Pass: UnitarySynthesis - 0.00787 (ms)
2026-07-13 09:08:00,538 [INFO] Pass: FixedPoint - 0.00477 (ms)
2026-07-13 09:08:00,538 [INFO] Pass: Depth - 0.03839 (ms)
2026-07-13 09:08:00,538 [INFO] Pass: ConsolidateBlocks - 0.05794 (ms)
2026-07-13 09:08:00,538 [INFO] Pass: RemoveDiagonalGatesBeforeMeasure - 0.00644 (ms)
2026-07-13 09:08:00,538 [INFO] Pass: HighLevelSynthesis - 0.06413 (ms)
2026-07-13 09:08:00,538 [INFO] Pass: HighLevelSynthesis - 0.00429 (ms)
2026-07-13 09:08:00,538 [INFO] Pass: Size - 0.00310 (ms)
2026-07-13 09:08:00,538 [INFO] Pass: FixedPoint - 0.00453 (ms)
2026-07-13 09:08:00,538 [INFO] Pass: Split2QUnitaries - 0.00262 (ms)
2026-07-13 09:08:00,538 [INFO] Pass: RemoveIdentityEquivalent - 0.00691 (ms)
2026-07-13 09:08:00,538 [INFO] Pass: FixedPoint - 0.00310 (ms)
2026-07-13 09:08:00,538 [INFO] Pass: Size - 0.00286 (ms)
2026-07-13 09:08:00,538 [INFO] Pass: FixedPoint - 0.00310 (ms)
2026-07-13 09:08:00,538 [INFO] Pass: RemoveIdentityEquivalent - 0.00691 (ms)
2026-07-13 09:08:00,538 [INFO] Pass: UnitarySynthesis - 0.01431 (ms)
2026-07-13 09:08:00,538 [INFO] Pass: InverseCancellation - 0.03028 (ms)
2026-07-13 09:08:00,538 [INFO] Pass: BasisTranslator - 0.05102 (ms)
2026-07-13 09:08:00,538 [INFO] Pass: RemoveIdentityEquivalent - 0.00620 (ms)
2026-07-13 09:08:00,538 [INFO] Pass: ContractIdleWiresInControlFlow - 0.00215 (ms)
2026-07-13 09:08:00,538 [INFO] Pass: ElidePermutations - 0.00405 (ms)
2026-07-13 09:08:00,538 [INFO] Pass: CommutativeCancellation - 0.12612 (ms)
2026-07-13 09:08:00,538 [INFO] Pass: BasisTranslator - 0.09871 (ms)
2026-07-13 09:08:00,538 [INFO] Pass: RemoveDiagonalGatesBeforeMeasure - 0.00620 (ms)
2026-07-13 09:08:00,538 [INFO] Pass: HighLevelSynthesis - 0.06413 (ms)
2026-07-13 09:08:00,538 [INFO] Pass: RemoveIdentityEquivalent - 0.00763 (ms)
2026-07-13 09:08:00,538 [INFO] Pass: ConsolidateBlocks - 0.05841 (ms)
2026-07-13 09:08:00,538 [INFO] Pass: ConsolidateBlocks - 0.06819 (ms)
2026-07-13 09:08:00,538 [INFO] Pass: InverseCancellation - 0.03147 (ms)
2026-07-13 09:08:00,538 [INFO] Pass: Split2QUnitaries - 0.00238 (ms)
2026-07-13 09:08:00,538 [INFO] Pass: UnitarySynthesis - 0.00477 (ms)
2026-07-13 09:08:00,538 [INFO] Pass: ContractIdleWiresInControlFlow - 0.00238 (ms)
2026-07-13 09:08:00,538 [INFO] Pass: Optimize1qGatesDecomposition - 0.16689 (ms)
2026-07-13 09:08:00,538 [INFO] Pass: CommutativeCancellation - 0.12851 (ms)
2026-07-13 09:08:00,538 [INFO] Pass: BasisTranslator - 0.10347 (ms)
2026-07-13 09:08:00,538 [INFO] Pass: UnitarySynthesis - 0.01502 (ms)
2026-07-13 09:08:00,538 [INFO] Pass: Optimize1qGatesDecomposition - 0.17238 (ms)
2026-07-13 09:08:00,538 [INFO] Pass: Depth - 0.03886 (ms)
2026-07-13 09:08:00,538 [INFO] Pass: FixedPoint - 0.00501 (ms)
2026-07-13 09:08:00,538 [INFO] Pass: ConsolidateBlocks - 0.05794 (ms)
2026-07-13 09:08:00,538 [INFO] Pass: Size - 0.00310 (ms)
2026-07-13 09:08:00,538 [INFO] Pass: HighLevelSynthesis - 0.06485 (ms)
2026-07-13 09:08:00,538 [INFO] Pass: ConsolidateBlocks - 0.06747 (ms)
2026-07-13 09:08:00,538 [INFO] Pass: Split2QUnitaries - 0.00286 (ms)
2026-07-13 09:08:00,538 [INFO] Pass: FixedPoint - 0.00334 (ms)
2026-07-13 09:08:00,538 [INFO] Pass: UnitarySynthesis - 0.00429 (ms)
2026-07-13 09:08:00,538 [INFO] Pass: CommutativeCancellation - 0.12231 (ms)
2026-07-13 09:08:00,538 [INFO] Pass: UnitarySynthesis - 0.01478 (ms)
2026-07-13 09:08:00,538 [INFO] Pass: RemoveIdentityEquivalent - 0.00620 (ms)
2026-07-13 09:08:00,538 [INFO] Pass: CommutativeCancellation - 0.13590 (ms)
2026-07-13 09:08:00,538 [INFO] Pass: ContractIdleWiresInControlFlow - 0.00215 (ms)
2026-07-13 09:08:00,538 [INFO] Pass: Depth - 0.03839 (ms)
2026-07-13 09:08:00,538 [INFO] Pass: CommutativeCancellation - 0.13494 (ms)
2026-07-13 09:08:00,538 [INFO] Pass: FixedPoint - 0.00501 (ms)
2026-07-13 09:08:00,538 [INFO] Pass: BasisTranslator - 0.09727 (ms)
2026-07-13 09:08:00,538 [INFO] Pass: ContractIdleWiresInControlFlow - 0.00215 (ms)
2026-07-13 09:08:00,538 [INFO] Pass: ConsolidateBlocks - 0.05913 (ms)
2026-07-13 09:08:00,538 [INFO] Pass: HighLevelSynthesis - 0.06413 (ms)
2026-07-13 09:08:00,538 [INFO] Pass: Size - 0.00286 (ms)
2026-07-13 09:08:00,538 [INFO] Pass: Split2QUnitaries - 0.00310 (ms)
2026-07-13 09:08:00,538 [INFO] Pass: GatesInBasis - 0.05102 (ms)
2026-07-13 09:08:00,538 [INFO] Pass: FixedPoint - 0.00334 (ms)
2026-07-13 09:08:00,538 [INFO] Pass: RemoveIdentityEquivalent - 0.00668 (ms)
2026-07-13 09:08:00,538 [INFO] Pass: GatesInBasis - 0.05198 (ms)
2026-07-13 09:08:00,538 [INFO] Pass: UnitarySynthesis - 0.01550 (ms)
2026-07-13 09:08:00,538 [INFO] Pass: ConsolidateBlocks - 0.06866 (ms)
2026-07-13 09:08:00,539 [INFO] Pass: Depth - 0.03815 (ms)
2026-07-13 09:08:00,539 [INFO] Pass: Optimize1qGatesDecomposition - 0.16618 (ms)
2026-07-13 09:08:00,539 [INFO] Pass: UnitarySynthesis - 0.00453 (ms)
2026-07-13 09:08:00,539 [INFO] Pass: FixedPoint - 0.00358 (ms)
2026-07-13 09:08:00,539 [INFO] Pass: BasisTranslator - 0.09561 (ms)
2026-07-13 09:08:00,539 [INFO] Pass: Depth - 0.03910 (ms)
2026-07-13 09:08:00,539 [INFO] Pass: Size - 0.00238 (ms)
2026-07-13 09:08:00,539 [INFO] Pass: HighLevelSynthesis - 0.06390 (ms)
2026-07-13 09:08:00,539 [INFO] Pass: FixedPoint - 0.00405 (ms)
2026-07-13 09:08:00,539 [INFO] Pass: FixedPoint - 0.00381 (ms)
2026-07-13 09:08:00,539 [INFO] Pass: Depth - 0.03886 (ms)
2026-07-13 09:08:00,539 [INFO] Pass: Size - 0.00215 (ms)
2026-07-13 09:08:00,539 [INFO] Pass: RemoveIdentityEquivalent - 0.00644 (ms)
2026-07-13 09:08:00,539 [INFO] Pass: FixedPoint - 0.00381 (ms)
2026-07-13 09:08:00,539 [INFO] Pass: FixedPoint - 0.00453 (ms)
2026-07-13 09:08:00,539 [INFO] Pass: ConsolidateBlocks - 0.06723 (ms)
2026-07-13 09:08:00,539 [INFO] Pass: Size - 0.00358 (ms)
2026-07-13 09:08:00,539 [INFO] Pass: RemoveIdentityEquivalent - 0.00620 (ms)
2026-07-13 09:08:00,539 [INFO] Pass: UnitarySynthesis - 0.00429 (ms)
2026-07-13 09:08:00,539 [INFO] Pass: FixedPoint - 0.00310 (ms)
2026-07-13 09:08:00,539 [INFO] Pass: Optimize1qGatesDecomposition - 0.16689 (ms)
2026-07-13 09:08:00,539 [INFO] Pass: BasisTranslator - 0.09632 (ms)
2026-07-13 09:08:00,539 [INFO] Pass: CommutativeCancellation - 0.13304 (ms)
2026-07-13 09:08:00,539 [INFO] Pass: RemoveIdentityEquivalent - 0.00644 (ms)
2026-07-13 09:08:00,539 [INFO] Pass: Depth - 0.03839 (ms)
2026-07-13 09:08:00,539 [INFO] Pass: ContractIdleWiresInControlFlow - 0.00238 (ms)
2026-07-13 09:08:00,539 [INFO] Pass: FixedPoint - 0.00453 (ms)
2026-07-13 09:08:00,539 [INFO] Pass: Size - 0.00286 (ms)
2026-07-13 09:08:00,539 [INFO] Pass: Optimize1qGatesDecomposition - 0.14496 (ms)
2026-07-13 09:08:00,539 [INFO] Pass: ConsolidateBlocks - 0.06914 (ms)
2026-07-13 09:08:00,539 [INFO] Pass: GatesInBasis - 0.05126 (ms)
2026-07-13 09:08:00,539 [INFO] Pass: FixedPoint - 0.00286 (ms)
2026-07-13 09:08:00,539 [INFO] Pass: UnitarySynthesis - 0.00477 (ms)
2026-07-13 09:08:00,539 [INFO] Pass: Optimize1qGatesDecomposition - 0.14400 (ms)
2026-07-13 09:08:00,539 [INFO] Pass: RemoveIdentityEquivalent - 0.00644 (ms)
2026-07-13 09:08:00,539 [INFO] Pass: CommutativeCancellation - 0.13185 (ms)
2026-07-13 09:08:00,539 [INFO] Pass: Depth - 0.03624 (ms)
2026-07-13 09:08:00,539 [INFO] Pass: ContractIdleWiresInControlFlow - 0.00215 (ms)
2026-07-13 09:08:00,539 [INFO] Pass: Depth - 0.03886 (ms)
2026-07-13 09:08:00,539 [INFO] Pass: FixedPoint - 0.00358 (ms)
2026-07-13 09:08:00,539 [INFO] Pass: Optimize1qGatesDecomposition - 0.16403 (ms)
2026-07-13 09:08:00,539 [INFO] Pass: Size - 0.00262 (ms)
2026-07-13 09:08:00,539 [INFO] Pass: FixedPoint - 0.00501 (ms)
2026-07-13 09:08:00,539 [INFO] Pass: FixedPoint - 0.00358 (ms)
2026-07-13 09:08:00,539 [INFO] Pass: Size - 0.00310 (ms)
2026-07-13 09:08:00,539 [INFO] Pass: CommutativeCancellation - 0.12565 (ms)
2026-07-13 09:08:00,539 [INFO] Pass: GatesInBasis - 0.05293 (ms)
2026-07-13 09:08:00,539 [INFO] Pass: FixedPoint - 0.00310 (ms)
2026-07-13 09:08:00,539 [INFO] Pass: RemoveIdentityEquivalent - 0.00620 (ms)
2026-07-13 09:08:00,539 [INFO] Pass: ContractIdleWiresInControlFlow - 0.00215 (ms)
2026-07-13 09:08:00,539 [INFO] Pass: CommutativeCancellation - 0.12517 (ms)
2026-07-13 09:08:00,539 [INFO] Pass: RemoveIdentityEquivalent - 0.00644 (ms)
2026-07-13 09:08:00,539 [INFO] Pass: ContractIdleWiresInControlFlow - 0.00215 (ms)
2026-07-13 09:08:00,539 [INFO] Pass: Depth - 0.03791 (ms)
2026-07-13 09:08:00,539 [INFO] Pass: Optimize1qGatesDecomposition - 0.16356 (ms)
2026-07-13 09:08:00,539 [INFO] Pass: FixedPoint - 0.00381 (ms)
2026-07-13 09:08:00,539 [INFO] Pass: GatesInBasis - 0.05054 (ms)
2026-07-13 09:08:00,539 [INFO] Pass: Size - 0.00215 (ms)
2026-07-13 09:08:00,539 [INFO] Pass: CommutativeCancellation - 0.13232 (ms)
2026-07-13 09:08:00,539 [INFO] Pass: FixedPoint - 0.00358 (ms)
2026-07-13 09:08:00,539 [INFO] Pass: GatesInBasis - 0.05078 (ms)
2026-07-13 09:08:00,539 [INFO] Pass: ContractIdleWiresInControlFlow - 0.00215 (ms)
2026-07-13 09:08:00,539 [INFO] Pass: Depth - 0.03529 (ms)
2026-07-13 09:08:00,539 [INFO] Pass: RemoveIdentityEquivalent - 0.00596 (ms)
2026-07-13 09:08:00,539 [INFO] Pass: FixedPoint - 0.00310 (ms)
2026-07-13 09:08:00,539 [INFO] Pass: Optimize1qGatesDecomposition - 0.14591 (ms)
2026-07-13 09:08:00,539 [INFO] Pass: Depth - 0.03552 (ms)
2026-07-13 09:08:00,539 [INFO] Pass: Size - 0.00215 (ms)
2026-07-13 09:08:00,539 [INFO] Pass: FixedPoint - 0.00930 (ms)
2026-07-13 09:08:00,539 [INFO] Pass: FixedPoint - 0.00906 (ms)
2026-07-13 09:08:00,539 [INFO] Pass: GatesInBasis - 0.05913 (ms)
2026-07-13 09:08:00,539 [INFO] Pass: Optimize1qGatesDecomposition - 0.17285 (ms)
2026-07-13 09:08:00,539 [INFO] Pass: Size - 0.00238 (ms)
2026-07-13 09:08:00,539 [INFO] Pass: CommutativeCancellation - 0.13852 (ms)
2026-07-13 09:08:00,539 [INFO] Pass: ContainsInstruction - 0.00501 (ms)
2026-07-13 09:08:00,539 [INFO] Pass: FixedPoint - 0.00334 (ms)
2026-07-13 09:08:00,539 [INFO] Pass: ContractIdleWiresInControlFlow - 0.00238 (ms)
2026-07-13 09:08:00,539 [INFO] Pass: Depth - 0.03719 (ms)
2026-07-13 09:08:00,539 [INFO] Pass: ContainsInstruction - 0.00548 (ms)
2026-07-13 09:08:00,539 [INFO] Pass: FixedPoint - 0.00358 (ms)
2026-07-13 09:08:00,539 [INFO] Pass: Size - 0.00238 (ms)
2026-07-13 09:08:00,539 [INFO] Pass: Optimize1qGatesDecomposition - 0.15473 (ms)
2026-07-13 09:08:00,539 [INFO] Pass: GatesInBasis - 0.05269 (ms)
2026-07-13 09:08:00,539 [INFO] Pass: FixedPoint - 0.00334 (ms)
2026-07-13 09:08:00,539 [INFO] Pass: CommutativeCancellation - 0.13614 (ms)
2026-07-13 09:08:00,539 [INFO] Pass: ContractIdleWiresInControlFlow - 0.00191 (ms)
2026-07-13 09:08:00,539 [INFO] Pass: RemoveIdentityEquivalent - 0.00620 (ms)
2026-07-13 09:08:00,539 [INFO] Pass: CommutativeCancellation - 0.13208 (ms)
2026-07-13 09:08:00,539 [INFO] Pass: Depth - 0.03648 (ms)
2026-07-13 09:08:00,539 [INFO] Pass: ContractIdleWiresInControlFlow - 0.00215 (ms)
2026-07-13 09:08:00,539 [INFO] Pass: FixedPoint - 0.00381 (ms)
2026-07-13 09:08:00,539 [INFO] Pass: GatesInBasis - 0.05007 (ms)
2026-07-13 09:08:00,539 [INFO] Pass: Size - 0.00215 (ms)
2026-07-13 09:08:00,539 [INFO] Pass: FixedPoint - 0.00334 (ms)
2026-07-13 09:08:00,539 [INFO] Pass: CommutativeCancellation - 0.12493 (ms)
2026-07-13 09:08:00,539 [INFO] Pass: GatesInBasis - 0.05245 (ms)
2026-07-13 09:08:00,539 [INFO] Pass: RemoveIdentityEquivalent - 0.00596 (ms)
2026-07-13 09:08:00,539 [INFO] Pass: Depth - 0.03767 (ms)
2026-07-13 09:08:00,539 [INFO] Pass: ContractIdleWiresInControlFlow - 0.00167 (ms)
2026-07-13 09:08:00,539 [INFO] Pass: FixedPoint - 0.00358 (ms)
2026-07-13 09:08:00,540 [INFO] Pass: Optimize1qGatesDecomposition - 0.14520 (ms)
2026-07-13 09:08:00,540 [INFO] Pass: Size - 0.00238 (ms)
2026-07-13 09:08:00,540 [INFO] Pass: Depth - 0.03672 (ms)
2026-07-13 09:08:00,540 [INFO] Pass: FixedPoint - 0.00310 (ms)
2026-07-13 09:08:00,540 [INFO] Pass: FixedPoint - 0.00429 (ms)
2026-07-13 09:08:00,540 [INFO] Pass: GatesInBasis - 0.05150 (ms)
2026-07-13 09:08:00,540 [INFO] Pass: ContainsInstruction - 0.00548 (ms)
2026-07-13 09:08:00,540 [INFO] Pass: Size - 0.00238 (ms)
2026-07-13 09:08:00,540 [INFO] Pass: FixedPoint - 0.00358 (ms)
2026-07-13 09:08:00,540 [INFO] Pass: Depth - 0.03624 (ms)
2026-07-13 09:08:00,540 [INFO] Pass: RemoveIdentityEquivalent - 0.00644 (ms)
2026-07-13 09:08:00,540 [INFO] Pass: Optimize1qGatesDecomposition - 0.14377 (ms)
2026-07-13 09:08:00,540 [INFO] Pass: FixedPoint - 0.00358 (ms)
2026-07-13 09:08:00,540 [INFO] Pass: Size - 0.00238 (ms)
2026-07-13 09:08:00,540 [INFO] Pass: CommutativeCancellation - 0.12517 (ms)
2026-07-13 09:08:00,540 [INFO] Total Transpile Time - 88.92345 (ms)
2026-07-13 09:08:00,540 [INFO] Pass: FixedPoint - 0.00334 (ms)
2026-07-13 09:08:00,540 [INFO] Pass: ContractIdleWiresInControlFlow - 0.00215 (ms)
2026-07-13 09:08:00,540 [INFO] Pass: ContainsInstruction - 0.00548 (ms)
2026-07-13 09:08:00,540 [INFO] Total Transpile Time - 89.21361 (ms)
2026-07-13 09:08:00,540 [INFO] Pass: GatesInBasis - 0.05078 (ms)
2026-07-13 09:08:00,540 [INFO] Pass: Optimize1qGatesDecomposition - 0.14257 (ms)
2026-07-13 09:08:00,540 [INFO] Pass: CommutativeCancellation - 0.12684 (ms)
2026-07-13 09:08:00,540 [INFO] Pass: Depth - 0.03552 (ms)
2026-07-13 09:08:00,540 [INFO] Pass: ContractIdleWiresInControlFlow - 0.00215 (ms)
2026-07-13 09:08:00,540 [INFO] Pass: FixedPoint - 0.00358 (ms)
2026-07-13 09:08:00,540 [INFO] Pass: Size - 0.00215 (ms)
2026-07-13 09:08:00,540 [INFO] Pass: FixedPoint - 0.00310 (ms)
2026-07-13 09:08:00,540 [INFO] Pass: GatesInBasis - 0.05126 (ms)
2026-07-13 09:08:00,540 [INFO] Pass: ContainsInstruction - 0.00525 (ms)
2026-07-13 09:08:00,540 [INFO] Pass: CommutativeCancellation - 0.12493 (ms)
2026-07-13 09:08:00,540 [INFO] Pass: Depth - 0.03672 (ms)
2026-07-13 09:08:00,540 [INFO] Pass: ContractIdleWiresInControlFlow - 0.00167 (ms)
2026-07-13 09:08:00,540 [INFO] Pass: FixedPoint - 0.00405 (ms)
2026-07-13 09:08:00,540 [INFO] Pass: Size - 0.00191 (ms)
2026-07-13 09:08:00,540 [INFO] Pass: FixedPoint - 0.00310 (ms)
2026-07-13 09:08:00,540 [INFO] Total Transpile Time - 89.81204 (ms)
2026-07-13 09:08:00,540 [INFO] Pass: ContainsInstruction - 0.00548 (ms)
2026-07-13 09:08:00,540 [INFO] Pass: GatesInBasis - 0.05126 (ms)
2026-07-13 09:08:00,540 [INFO] Pass: Depth - 0.03552 (ms)
2026-07-13 09:08:00,540 [INFO] Pass: FixedPoint - 0.00334 (ms)
2026-07-13 09:08:00,540 [INFO] Pass: Size - 0.00238 (ms)
2026-07-13 09:08:00,540 [INFO] Pass: FixedPoint - 0.00286 (ms)
2026-07-13 09:08:00,540 [INFO] Total Transpile Time - 89.33663 (ms)
2026-07-13 09:08:00,540 [INFO] Pass: ContainsInstruction - 0.00572 (ms)
2026-07-13 09:08:00,540 [INFO] Total Transpile Time - 89.38742 (ms)
2026-07-13 09:08:00,541 [INFO] Total Transpile Time - 89.78605 (ms)
2026-07-13 09:08:00,541 [INFO] Total Transpile Time - 89.84852 (ms)
2026-07-13 09:08:00,560 [INFO] Pass: ContainsInstruction - 0.01168 (ms)
2026-07-13 09:08:00,560 [INFO] Pass: UnitarySynthesis - 0.00739 (ms)
2026-07-13 09:08:00,560 [INFO] Pass: ContainsInstruction - 0.01049 (ms)
2026-07-13 09:08:00,560 [INFO] Pass: HighLevelSynthesis - 0.00501 (ms)
2026-07-13 09:08:00,560 [INFO] Pass: UnitarySynthesis - 0.00739 (ms)
2026-07-13 09:08:00,560 [INFO] Pass: HighLevelSynthesis - 0.00477 (ms)
2026-07-13 09:08:00,560 [INFO] Pass: BasisTranslator - 0.05293 (ms)
2026-07-13 09:08:00,560 [INFO] Pass: ElidePermutations - 0.00429 (ms)
2026-07-13 09:08:00,560 [INFO] Pass: BasisTranslator - 0.05341 (ms)
2026-07-13 09:08:00,560 [INFO] Pass: RemoveDiagonalGatesBeforeMeasure - 0.00668 (ms)
2026-07-13 09:08:00,560 [INFO] Pass: ElidePermutations - 0.00429 (ms)
2026-07-13 09:08:00,560 [INFO] Pass: RemoveIdentityEquivalent - 0.00787 (ms)
2026-07-13 09:08:00,560 [INFO] Pass: RemoveDiagonalGatesBeforeMeasure - 0.00668 (ms)
2026-07-13 09:08:00,560 [INFO] Pass: RemoveIdentityEquivalent - 0.00763 (ms)
2026-07-13 09:08:00,560 [INFO] Pass: InverseCancellation - 0.03290 (ms)
2026-07-13 09:08:00,560 [INFO] Pass: ContractIdleWiresInControlFlow - 0.00238 (ms)
2026-07-13 09:08:00,560 [INFO] Pass: InverseCancellation - 0.03195 (ms)
2026-07-13 09:08:00,560 [INFO] Pass: ContractIdleWiresInControlFlow - 0.00238 (ms)
2026-07-13 09:08:00,560 [INFO] Pass: CommutativeCancellation - 0.12994 (ms)
2026-07-13 09:08:00,560 [INFO] Pass: CommutativeCancellation - 0.13304 (ms)
2026-07-13 09:08:00,560 [INFO] Pass: ConsolidateBlocks - 0.06032 (ms)
2026-07-13 09:08:00,560 [INFO] Pass: Split2QUnitaries - 0.00262 (ms)
2026-07-13 09:08:00,560 [INFO] Pass: ConsolidateBlocks - 0.05913 (ms)
2026-07-13 09:08:00,560 [INFO] Pass: UnitarySynthesis - 0.01574 (ms)
2026-07-13 09:08:00,560 [INFO] Pass: Split2QUnitaries - 0.00262 (ms)
2026-07-13 09:08:00,560 [INFO] Pass: UnitarySynthesis - 0.01526 (ms)
2026-07-13 09:08:00,560 [INFO] Pass: HighLevelSynthesis - 0.06366 (ms)
2026-07-13 09:08:00,560 [INFO] Pass: HighLevelSynthesis - 0.06342 (ms)
2026-07-13 09:08:00,561 [INFO] Pass: BasisTranslator - 0.09727 (ms)
2026-07-13 09:08:00,561 [INFO] Pass: BasisTranslator - 0.09751 (ms)
2026-07-13 09:08:00,561 [INFO] Pass: ConsolidateBlocks - 0.06938 (ms)
2026-07-13 09:08:00,561 [INFO] Pass: UnitarySynthesis - 0.00477 (ms)
2026-07-13 09:08:00,561 [INFO] Pass: ConsolidateBlocks - 0.06747 (ms)
2026-07-13 09:08:00,561 [INFO] Pass: UnitarySynthesis - 0.00453 (ms)
2026-07-13 09:08:00,561 [INFO] Pass: Depth - 0.03958 (ms)
2026-07-13 09:08:00,561 [INFO] Pass: FixedPoint - 0.00477 (ms)
2026-07-13 09:08:00,561 [INFO] Pass: Depth - 0.03862 (ms)
2026-07-13 09:08:00,561 [INFO] Pass: Size - 0.00334 (ms)
2026-07-13 09:08:00,561 [INFO] Pass: FixedPoint - 0.00501 (ms)
2026-07-13 09:08:00,561 [INFO] Pass: FixedPoint - 0.00310 (ms)
2026-07-13 09:08:00,561 [INFO] Pass: Size - 0.00334 (ms)
2026-07-13 09:08:00,561 [INFO] Pass: RemoveIdentityEquivalent - 0.00620 (ms)
2026-07-13 09:08:00,561 [INFO] Pass: FixedPoint - 0.00286 (ms)
2026-07-13 09:08:00,561 [INFO] Pass: RemoveIdentityEquivalent - 0.00691 (ms)
2026-07-13 09:08:00,561 [INFO] Pass: Optimize1qGatesDecomposition - 0.17142 (ms)
2026-07-13 09:08:00,561 [INFO] Pass: Optimize1qGatesDecomposition - 0.16403 (ms)
2026-07-13 09:08:00,561 [INFO] Pass: CommutativeCancellation - 0.14019 (ms)
2026-07-13 09:08:00,561 [INFO] Pass: ContractIdleWiresInControlFlow - 0.00238 (ms)
2026-07-13 09:08:00,561 [INFO] Pass: CommutativeCancellation - 0.13924 (ms)
2026-07-13 09:08:00,561 [INFO] Pass: ContractIdleWiresInControlFlow - 0.00238 (ms)
2026-07-13 09:08:00,561 [INFO] Pass: GatesInBasis - 0.05245 (ms)
2026-07-13 09:08:00,561 [INFO] Pass: GatesInBasis - 0.05221 (ms)
2026-07-13 09:08:00,561 [INFO] Pass: Depth - 0.03695 (ms)
2026-07-13 09:08:00,561 [INFO] Pass: FixedPoint - 0.00358 (ms)
2026-07-13 09:08:00,561 [INFO] Pass: Depth - 0.03648 (ms)
2026-07-13 09:08:00,561 [INFO] Pass: Size - 0.00262 (ms)
2026-07-13 09:08:00,561 [INFO] Pass: FixedPoint - 0.00358 (ms)
2026-07-13 09:08:00,561 [INFO] Pass: FixedPoint - 0.00358 (ms)
2026-07-13 09:08:00,561 [INFO] Pass: Size - 0.00286 (ms)
2026-07-13 09:08:00,562 [INFO] Pass: FixedPoint - 0.00358 (ms)
2026-07-13 09:08:00,562 [INFO] Pass: RemoveIdentityEquivalent - 0.00644 (ms)
2026-07-13 09:08:00,562 [INFO] Pass: RemoveIdentityEquivalent - 0.00644 (ms)
2026-07-13 09:08:00,562 [INFO] Pass: Optimize1qGatesDecomposition - 0.14353 (ms)
2026-07-13 09:08:00,562 [INFO] Pass: Optimize1qGatesDecomposition - 0.14377 (ms)
2026-07-13 09:08:00,562 [INFO] Pass: CommutativeCancellation - 0.12350 (ms)
2026-07-13 09:08:00,562 [INFO] Pass: ContractIdleWiresInControlFlow - 0.00191 (ms)
2026-07-13 09:08:00,562 [INFO] Pass: CommutativeCancellation - 0.12445 (ms)
2026-07-13 09:08:00,562 [INFO] Pass: ContractIdleWiresInControlFlow - 0.00167 (ms)
2026-07-13 09:08:00,562 [INFO] Pass: GatesInBasis - 0.05031 (ms)
2026-07-13 09:08:00,562 [INFO] Pass: GatesInBasis - 0.05102 (ms)
2026-07-13 09:08:00,562 [INFO] Pass: Depth - 0.03529 (ms)
2026-07-13 09:08:00,562 [INFO] Pass: FixedPoint - 0.00334 (ms)
2026-07-13 09:08:00,562 [INFO] Pass: Depth - 0.03481 (ms)
2026-07-13 09:08:00,562 [INFO] Pass: Size - 0.00215 (ms)
2026-07-13 09:08:00,562 [INFO] Pass: FixedPoint - 0.00358 (ms)
2026-07-13 09:08:00,562 [INFO] Pass: FixedPoint - 0.00286 (ms)
2026-07-13 09:08:00,562 [INFO] Pass: Size - 0.00215 (ms)
2026-07-13 09:08:00,562 [INFO] Pass: FixedPoint - 0.00310 (ms)
2026-07-13 09:08:00,562 [INFO] Pass: ContainsInstruction - 0.00572 (ms)
2026-07-13 09:08:00,562 [INFO] Pass: ContainsInstruction - 0.00501 (ms)
2026-07-13 09:08:00,563 [INFO] Total Transpile Time - 89.77151 (ms)
2026-07-13 09:08:00,563 [INFO] Total Transpile Time - 89.59532 (ms)
2026-07-13 09:08:00,893 [INFO] [PCE] Aer metadata (1ª ejecución de este proceso): device=CPU method=statevector shots=exact fusion_enabled=True
2026-07-13 09:08:00,896 [INFO] [PCE] Aer metadata (1ª ejecución de este proceso): device=CPU method=statevector shots=exact fusion_enabled=True
2026-07-13 09:08:00,898 [INFO] [PCE] Aer metadata (1ª ejecución de este proceso): device=CPU method=statevector shots=exact fusion_enabled=True
2026-07-13 09:08:00,900 [INFO] [PCE] Aer metadata (1ª ejecución de este proceso): device=CPU method=statevector shots=exact fusion_enabled=True
2026-07-13 09:08:00,903 [INFO] [PCE] Aer metadata (1ª ejecución de este proceso): device=CPU method=statevector shots=exact fusion_enabled=True
2026-07-13 09:08:00,905 [INFO] [PCE] Aer metadata (1ª ejecución de este proceso): device=CPU method=statevector shots=exact fusion_enabled=True
2026-07-13 09:08:00,910 [INFO] [PCE] Aer metadata (1ª ejecución de este proceso): device=CPU method=statevector shots=exact fusion_enabled=True
2026-07-13 09:08:00,912 [INFO] [PCE] Aer metadata (1ª ejecución de este proceso): device=CPU method=statevector shots=exact fusion_enabled=True
2026-07-13 09:08:00,912 [INFO] [PCE] Aer metadata (1ª ejecución de este proceso): device=CPU method=statevector shots=exact fusion_enabled=True
2026-07-13 13:26:01,844 [INFO] [PCE] n=350 instancia (idx=15) 1/9 completada (paralelo) — transcurrido=0:04:18:02
2026-07-13 13:26:15,301 [INFO] [PCE] n=350 instancia (idx=37) 2/9 completada (paralelo) — transcurrido=0:04:18:15
2026-07-13 13:26:23,713 [INFO] [PCE] n=350 instancia (idx=70) 3/9 completada (paralelo) — transcurrido=0:04:18:24
2026-07-13 13:26:28,748 [INFO] [PCE] n=350 instancia (idx=4) 4/9 completada (paralelo) — transcurrido=0:04:18:29
2026-07-13 13:26:31,436 [INFO] [PCE] n=350 instancia (idx=92) 5/9 completada (paralelo) — transcurrido=0:04:18:31
2026-07-13 13:26:42,066 [INFO] [PCE] n=350 instancia (idx=26) 6/9 completada (paralelo) — transcurrido=0:04:18:42
2026-07-13 13:26:51,875 [INFO] [PCE] n=350 instancia (idx=81) 7/9 completada (paralelo) — transcurrido=0:04:18:52
2026-07-13 13:27:01,270 [INFO] [PCE] n=350 instancia (idx=59) 8/9 completada (paralelo) — transcurrido=0:04:19:01
2026-07-13 13:27:01,527 [INFO] [PCE] n=350 instancia (idx=48) 9/9 completada (paralelo) — transcurrido=0:04:19:01
2026-07-13 13:27:01,676 [INFO] [PCE] n=350 chunk 5/11 completado — beta_parcial=0.6897 duration=0:04:19:02 shots=exact backend=AER
