qmio/hpc unloaded
gcccore/12.3.0 unloaded
binutils/2.40 unloaded
sqlite/3.45.3 unloaded
libffi/3.4.4 unloaded
python/3.11.9 unloaded
imkl/2023.2.0 unloaded
ninja/1.9.0 unloaded
meson/1.5.2-python-3.11.9 unloaded
meson-python/0.16.0-python-3.11.9 unloaded
cython/3.0.9-python-3.11.9 unloaded
numpy/1.26.4-python-3.11.9 unloaded
pybind11/2.13.6-python-3.11.9 unloaded
xsimd/12.1.1 unloaded
llvm/16.0.0 unloaded
gmp/6.3.0 unloaded
mpfr/4.2.1 unloaded
mpc/1.3.1 unloaded
flint/3.1.2 unloaded
symengine/0.11.2 unloaded
symengine-python/0.11.0-python-3.11.9 unloaded
spdlog/1.9.2 unloaded
pylatexenc/2.10-python-3.11.9 unloaded
libgd/2.3.3 unloaded
nasm/2.16.03 unloaded
libjpeg-turbo/3.0.2 unloaded
matplotlib/3.6.3-python-3.11.9 unloaded
pandas/2.2.2-python-3.11.9 unloaded
seaborn/0.12.2-python-3.11.9 unloaded
gcc/12.3.0 unloaded
rust/1.88.0 unloaded
pythran/0.15.0-python-3.11.9 unloaded
scipy/1.13.0-python-3.11.9 unloaded
qmio-run/0.5.1-python-3.11.9 unloaded
qiskit/2.2.3-python-3.11.9 unloaded
qmio-tools/0.2.1-python-3.11.9 unloaded
        Preparing the environment for use of the sistema software stack.
        Please rebuild modules cache: module --ignore-cache avail
     
qmio/hpc loaded
gcccore/12.3.0 loaded
binutils/2.40 loaded
sqlite/3.45.3 loaded
libffi/3.4.4 loaded
python/3.11.9 loaded

imkl/2023.2.0 loaded
ninja/1.9.0 loaded
meson/1.5.2-python-3.11.9 loaded
meson-python/0.16.0-python-3.11.9 loaded
cython/3.0.9-python-3.11.9 loaded
numpy/1.26.4-python-3.11.9 loaded
pybind11/2.13.6-python-3.11.9 loaded
xsimd/12.1.1 loaded
llvm/16.0.0 loaded
gmp/6.3.0 loaded
mpfr/4.2.1 loaded
mpc/1.3.1 loaded
flint/3.1.2 loaded
symengine/0.11.2 loaded
symengine-python/0.11.0-python-3.11.9 loaded
spdlog/1.9.2 loaded
pylatexenc/2.10-python-3.11.9 loaded
libgd/2.3.3 loaded
nasm/2.16.03 loaded
libjpeg-turbo/3.0.2 loaded
matplotlib/3.6.3-python-3.11.9 loaded
pandas/2.2.2-python-3.11.9 loaded
seaborn/0.12.2-python-3.11.9 loaded
gcc/12.3.0 loaded
rust/1.88.0 loaded
pythran/0.15.0-python-3.11.9 loaded
scipy/1.13.0-python-3.11.9 loaded
qmio-run/0.5.1-python-3.11.9 loaded
qiskit/2.2.3-python-3.11.9 loaded
qmio-tools/0.2.1-python-3.11.9 loaded
gcc/12.3.0 unloaded
rust/1.88.0 unloaded
pythran/0.15.0-python-3.11.9 unloaded
scipy/1.13.0-python-3.11.9 unloaded
qmio-run/0.5.1-python-3.11.9 unloaded
qiskit/2.2.3-python-3.11.9 unloaded
qmio-tools/0.2.1-python-3.11.9 unloaded
gcc/12.3.0 loaded
rust/1.88.0 loaded
pythran/0.15.0-python-3.11.9 loaded
scipy/1.13.0-python-3.11.9 loaded
qmio-run/0.5.1-python-3.11.9 loaded
qiskit/2.2.3-python-3.11.9 loaded
qmio-tools/0.2.1-python-3.11.9 loaded
qiskit/2.2.3-python-3.11.9 unloaded
qiskit/2.2.3-python-3.11.9 loaded
qmio-tools/0.2.1-python-3.11.9 unloaded
qmio-tools/0.2.1-python-3.11.9 loaded
2026-07-13 09:08:00,075 [INFO] [PCE] n=350 chunk 6/11: 9 instancias [5, 16, 27, 38, 49, 60, 71, 82, 93], num_workers=9, qubits=10
2026-07-13 09:08:00,075 [INFO] [PCE] n=350 paralelizando 9 instancias entre 9 workers (3 hilos/worker, 32 hilos totales disponibles)
2026-07-13 09:08:00,362 [INFO] Pass: ContainsInstruction - 0.01693 (ms)
2026-07-13 09:08:00,362 [INFO] Pass: UnitarySynthesis - 0.01073 (ms)
2026-07-13 09:08:00,362 [INFO] Pass: ContainsInstruction - 0.01669 (ms)
2026-07-13 09:08:00,362 [INFO] Pass: HighLevelSynthesis - 0.01717 (ms)
2026-07-13 09:08:00,362 [INFO] Pass: ContainsInstruction - 0.01740 (ms)
2026-07-13 09:08:00,362 [INFO] Pass: UnitarySynthesis - 0.01073 (ms)
2026-07-13 09:08:00,362 [INFO] Pass: UnitarySynthesis - 0.00978 (ms)
2026-07-13 09:08:00,362 [INFO] Pass: HighLevelSynthesis - 0.01335 (ms)
2026-07-13 09:08:00,362 [INFO] Pass: BasisTranslator - 0.08225 (ms)
2026-07-13 09:08:00,362 [INFO] Pass: HighLevelSynthesis - 0.01359 (ms)
2026-07-13 09:08:00,362 [INFO] Pass: ElidePermutations - 0.00882 (ms)
2026-07-13 09:08:00,362 [INFO] Pass: ContainsInstruction - 0.01597 (ms)
2026-07-13 09:08:00,362 [INFO] Pass: BasisTranslator - 0.08798 (ms)
2026-07-13 09:08:00,362 [INFO] Pass: RemoveDiagonalGatesBeforeMeasure - 0.01788 (ms)
2026-07-13 09:08:00,362 [INFO] Pass: BasisTranslator - 0.08154 (ms)
2026-07-13 09:08:00,362 [INFO] Pass: ElidePermutations - 0.00834 (ms)
2026-07-13 09:08:00,362 [INFO] Pass: ContainsInstruction - 0.01574 (ms)
2026-07-13 09:08:00,362 [INFO] Pass: UnitarySynthesis - 0.01049 (ms)
2026-07-13 09:08:00,362 [INFO] Pass: ElidePermutations - 0.00763 (ms)
2026-07-13 09:08:00,362 [INFO] Pass: RemoveIdentityEquivalent - 0.01645 (ms)
2026-07-13 09:08:00,362 [INFO] Pass: ContainsInstruction - 0.01597 (ms)
2026-07-13 09:08:00,362 [INFO] Pass: InverseCancellation - 0.00906 (ms)
2026-07-13 09:08:00,362 [INFO] Pass: HighLevelSynthesis - 0.01311 (ms)
2026-07-13 09:08:00,362 [INFO] Pass: RemoveDiagonalGatesBeforeMeasure - 0.01526 (ms)
2026-07-13 09:08:00,362 [INFO] Pass: UnitarySynthesis - 0.01144 (ms)
2026-07-13 09:08:00,362 [INFO] Pass: RemoveDiagonalGatesBeforeMeasure - 0.01597 (ms)
2026-07-13 09:08:00,362 [INFO] Pass: ContractIdleWiresInControlFlow - 0.00286 (ms)
2026-07-13 09:08:00,362 [INFO] Pass: RemoveIdentityEquivalent - 0.01454 (ms)
2026-07-13 09:08:00,362 [INFO] Pass: UnitarySynthesis - 0.01073 (ms)
2026-07-13 09:08:00,362 [INFO] Pass: HighLevelSynthesis - 0.01311 (ms)
2026-07-13 09:08:00,362 [INFO] Pass: RemoveIdentityEquivalent - 0.01359 (ms)
2026-07-13 09:08:00,363 [INFO] Pass: InverseCancellation - 0.00882 (ms)
2026-07-13 09:08:00,362 [INFO] Pass: ContainsInstruction - 0.01526 (ms)
2026-07-13 09:08:00,363 [INFO] Pass: InverseCancellation - 0.00763 (ms)
2026-07-13 09:08:00,363 [INFO] Pass: BasisTranslator - 0.07415 (ms)
2026-07-13 09:08:00,363 [INFO] Pass: HighLevelSynthesis - 0.01287 (ms)
2026-07-13 09:08:00,363 [INFO] Pass: ContractIdleWiresInControlFlow - 0.00286 (ms)
2026-07-13 09:08:00,363 [INFO] Pass: ContractIdleWiresInControlFlow - 0.00238 (ms)
2026-07-13 09:08:00,362 [INFO] Pass: ContainsInstruction - 0.01836 (ms)
2026-07-13 09:08:00,363 [INFO] Pass: ElidePermutations - 0.00787 (ms)
2026-07-13 09:08:00,363 [INFO] Pass: UnitarySynthesis - 0.00954 (ms)
2026-07-13 09:08:00,363 [INFO] Pass: CommutativeCancellation - 0.12589 (ms)
2026-07-13 09:08:00,363 [INFO] Pass: BasisTranslator - 0.07463 (ms)
2026-07-13 09:08:00,363 [INFO] Pass: UnitarySynthesis - 0.01121 (ms)
2026-07-13 09:08:00,363 [INFO] Pass: ElidePermutations - 0.00787 (ms)
2026-07-13 09:08:00,363 [INFO] Pass: RemoveDiagonalGatesBeforeMeasure - 0.01454 (ms)
2026-07-13 09:08:00,363 [INFO] Pass: HighLevelSynthesis - 0.01287 (ms)
2026-07-13 09:08:00,363 [INFO] Pass: BasisTranslator - 0.07582 (ms)
2026-07-13 09:08:00,363 [INFO] Pass: HighLevelSynthesis - 0.01335 (ms)
2026-07-13 09:08:00,363 [INFO] Pass: CommutativeCancellation - 0.12517 (ms)
2026-07-13 09:08:00,363 [INFO] Pass: RemoveIdentityEquivalent - 0.01359 (ms)
2026-07-13 09:08:00,363 [INFO] Pass: ElidePermutations - 0.00763 (ms)
2026-07-13 09:08:00,363 [INFO] Pass: ConsolidateBlocks - 0.07892 (ms)
2026-07-13 09:08:00,363 [INFO] Pass: CommutativeCancellation - 0.12660 (ms)
2026-07-13 09:08:00,363 [INFO] Pass: RemoveDiagonalGatesBeforeMeasure - 0.01526 (ms)
2026-07-13 09:08:00,363 [INFO] Pass: InverseCancellation - 0.00763 (ms)
2026-07-13 09:08:00,363 [INFO] Pass: Split2QUnitaries - 0.01073 (ms)
2026-07-13 09:08:00,363 [INFO] Pass: BasisTranslator - 0.07367 (ms)
2026-07-13 09:08:00,363 [INFO] Pass: RemoveIdentityEquivalent - 0.01287 (ms)
2026-07-13 09:08:00,363 [INFO] Pass: ContractIdleWiresInControlFlow - 0.00286 (ms)
2026-07-13 09:08:00,363 [INFO] Pass: UnitarySynthesis - 0.00572 (ms)
2026-07-13 09:08:00,363 [INFO] Pass: RemoveDiagonalGatesBeforeMeasure - 0.01478 (ms)
2026-07-13 09:08:00,363 [INFO] Pass: ConsolidateBlocks - 0.07296 (ms)
2026-07-13 09:08:00,363 [INFO] Pass: BasisTranslator - 0.07415 (ms)
2026-07-13 09:08:00,363 [INFO] Pass: ElidePermutations - 0.00739 (ms)
2026-07-13 09:08:00,363 [INFO] Pass: InverseCancellation - 0.00811 (ms)
2026-07-13 09:08:00,363 [INFO] Pass: ConsolidateBlocks - 0.07081 (ms)
2026-07-13 09:08:00,363 [INFO] Pass: RemoveIdentityEquivalent - 0.01454 (ms)
2026-07-13 09:08:00,363 [INFO] Pass: ContractIdleWiresInControlFlow - 0.00262 (ms)
2026-07-13 09:08:00,363 [INFO] Pass: Split2QUnitaries - 0.00858 (ms)
2026-07-13 09:08:00,363 [INFO] Pass: ElidePermutations - 0.00763 (ms)
2026-07-13 09:08:00,363 [INFO] Pass: Split2QUnitaries - 0.00834 (ms)
2026-07-13 09:08:00,363 [INFO] Pass: HighLevelSynthesis - 0.06175 (ms)
2026-07-13 09:08:00,363 [INFO] Pass: InverseCancellation - 0.00787 (ms)
2026-07-13 09:08:00,363 [INFO] Pass: UnitarySynthesis - 0.00572 (ms)
2026-07-13 09:08:00,363 [INFO] Pass: RemoveDiagonalGatesBeforeMeasure - 0.01597 (ms)
2026-07-13 09:08:00,363 [INFO] Pass: UnitarySynthesis - 0.00525 (ms)
2026-07-13 09:08:00,363 [INFO] Pass: ContractIdleWiresInControlFlow - 0.00262 (ms)
2026-07-13 09:08:00,363 [INFO] Pass: RemoveDiagonalGatesBeforeMeasure - 0.01431 (ms)
2026-07-13 09:08:00,363 [INFO] Pass: CommutativeCancellation - 0.12016 (ms)
2026-07-13 09:08:00,363 [INFO] Pass: RemoveIdentityEquivalent - 0.01383 (ms)
2026-07-13 09:08:00,363 [INFO] Pass: HighLevelSynthesis - 0.06199 (ms)
2026-07-13 09:08:00,363 [INFO] Pass: HighLevelSynthesis - 0.06080 (ms)
2026-07-13 09:08:00,363 [INFO] Pass: InverseCancellation - 0.00739 (ms)
2026-07-13 09:08:00,363 [INFO] Pass: RemoveIdentityEquivalent - 0.01454 (ms)
2026-07-13 09:08:00,363 [INFO] Pass: BasisTranslator - 0.09680 (ms)
2026-07-13 09:08:00,363 [INFO] Pass: ContractIdleWiresInControlFlow - 0.00238 (ms)
2026-07-13 09:08:00,363 [INFO] Pass: CommutativeCancellation - 0.12922 (ms)
2026-07-13 09:08:00,363 [INFO] Pass: InverseCancellation - 0.00715 (ms)
2026-07-13 09:08:00,363 [INFO] Pass: ConsolidateBlocks - 0.06962 (ms)
2026-07-13 09:08:00,363 [INFO] Pass: ContractIdleWiresInControlFlow - 0.00262 (ms)
2026-07-13 09:08:00,363 [INFO] Pass: CommutativeCancellation - 0.12422 (ms)
2026-07-13 09:08:00,363 [INFO] Pass: Split2QUnitaries - 0.00858 (ms)
2026-07-13 09:08:00,363 [INFO] Pass: ConsolidateBlocks - 0.06795 (ms)
2026-07-13 09:08:00,363 [INFO] Pass: BasisTranslator - 0.09942 (ms)
2026-07-13 09:08:00,363 [INFO] Pass: BasisTranslator - 0.09489 (ms)
2026-07-13 09:08:00,363 [INFO] Pass: UnitarySynthesis - 0.00548 (ms)
2026-07-13 09:08:00,363 [INFO] Pass: ConsolidateBlocks - 0.07010 (ms)
2026-07-13 09:08:00,363 [INFO] Pass: UnitarySynthesis - 0.00453 (ms)
2026-07-13 09:08:00,363 [INFO] Pass: Split2QUnitaries - 0.00811 (ms)
2026-07-13 09:08:00,363 [INFO] Pass: ConsolidateBlocks - 0.06843 (ms)
2026-07-13 09:08:00,363 [INFO] Pass: CommutativeCancellation - 0.12660 (ms)
2026-07-13 09:08:00,363 [INFO] Pass: UnitarySynthesis - 0.00596 (ms)
2026-07-13 09:08:00,363 [INFO] Pass: Depth - 0.03910 (ms)
2026-07-13 09:08:00,363 [INFO] Pass: HighLevelSynthesis - 0.06127 (ms)
2026-07-13 09:08:00,363 [INFO] Pass: ConsolidateBlocks - 0.06866 (ms)
2026-07-13 09:08:00,363 [INFO] Pass: Split2QUnitaries - 0.00834 (ms)
2026-07-13 09:08:00,363 [INFO] Pass: ConsolidateBlocks - 0.06652 (ms)
2026-07-13 09:08:00,363 [INFO] Pass: CommutativeCancellation - 0.12350 (ms)
2026-07-13 09:08:00,363 [INFO] Pass: FixedPoint - 0.00978 (ms)
2026-07-13 09:08:00,363 [INFO] Pass: UnitarySynthesis - 0.00501 (ms)
2026-07-13 09:08:00,363 [INFO] Pass: UnitarySynthesis - 0.00548 (ms)
2026-07-13 09:08:00,363 [INFO] Pass: UnitarySynthesis - 0.00453 (ms)
2026-07-13 09:08:00,363 [INFO] Pass: Size - 0.00429 (ms)
2026-07-13 09:08:00,363 [INFO] Pass: ConsolidateBlocks - 0.06747 (ms)
2026-07-13 09:08:00,363 [INFO] Pass: HighLevelSynthesis - 0.06795 (ms)
2026-07-13 09:08:00,363 [INFO] Pass: FixedPoint - 0.00358 (ms)
2026-07-13 09:08:00,363 [INFO] Pass: Depth - 0.04673 (ms)
2026-07-13 09:08:00,363 [INFO] Pass: Depth - 0.04458 (ms)
2026-07-13 09:08:00,363 [INFO] Pass: Split2QUnitaries - 0.00811 (ms)
2026-07-13 09:08:00,363 [INFO] Pass: RemoveIdentityEquivalent - 0.00453 (ms)
2026-07-13 09:08:00,363 [INFO] Pass: BasisTranslator - 0.10395 (ms)
2026-07-13 09:08:00,363 [INFO] Pass: ConsolidateBlocks - 0.07439 (ms)
2026-07-13 09:08:00,363 [INFO] Pass: HighLevelSynthesis - 0.07653 (ms)
2026-07-13 09:08:00,363 [INFO] Pass: FixedPoint - 0.00882 (ms)
2026-07-13 09:08:00,363 [INFO] Pass: FixedPoint - 0.00834 (ms)
2026-07-13 09:08:00,363 [INFO] Pass: UnitarySynthesis - 0.00525 (ms)
2026-07-13 09:08:00,363 [INFO] Pass: Size - 0.00405 (ms)
2026-07-13 09:08:00,363 [INFO] Pass: Split2QUnitaries - 0.00811 (ms)
2026-07-13 09:08:00,363 [INFO] Pass: Size - 0.00358 (ms)
2026-07-13 09:08:00,363 [INFO] Pass: FixedPoint - 0.00358 (ms)
2026-07-13 09:08:00,363 [INFO] Pass: UnitarySynthesis - 0.00572 (ms)
2026-07-13 09:08:00,363 [INFO] Pass: FixedPoint - 0.00334 (ms)
2026-07-13 09:08:00,363 [INFO] Pass: Optimize1qGatesDecomposition - 0.05388 (ms)
2026-07-13 09:08:00,363 [INFO] Pass: BasisTranslator - 0.09823 (ms)
2026-07-13 09:08:00,363 [INFO] Pass: RemoveIdentityEquivalent - 0.00453 (ms)
2026-07-13 09:08:00,363 [INFO] Pass: ConsolidateBlocks - 0.06890 (ms)
2026-07-13 09:08:00,363 [INFO] Pass: HighLevelSynthesis - 0.06056 (ms)
2026-07-13 09:08:00,363 [INFO] Pass: RemoveIdentityEquivalent - 0.00453 (ms)
2026-07-13 09:08:00,363 [INFO] Pass: BasisTranslator - 0.09656 (ms)
2026-07-13 09:08:00,363 [INFO] Pass: UnitarySynthesis - 0.00477 (ms)
2026-07-13 09:08:00,363 [INFO] Pass: HighLevelSynthesis - 0.06175 (ms)
2026-07-13 09:08:00,363 [INFO] Pass: Optimize1qGatesDecomposition - 0.05317 (ms)
2026-07-13 09:08:00,363 [INFO] Pass: Optimize1qGatesDecomposition - 0.04935 (ms)
2026-07-13 09:08:00,363 [INFO] Pass: ConsolidateBlocks - 0.07486 (ms)
2026-07-13 09:08:00,364 [INFO] Pass: Depth - 0.03815 (ms)
2026-07-13 09:08:00,364 [INFO] Pass: BasisTranslator - 0.09561 (ms)
2026-07-13 09:08:00,364 [INFO] Pass: UnitarySynthesis - 0.00501 (ms)
2026-07-13 09:08:00,364 [INFO] Pass: ConsolidateBlocks - 0.06723 (ms)
2026-07-13 09:08:00,364 [INFO] Pass: FixedPoint - 0.01049 (ms)
2026-07-13 09:08:00,364 [INFO] Pass: CommutativeCancellation - 0.14019 (ms)
2026-07-13 09:08:00,364 [INFO] Pass: Size - 0.00358 (ms)
2026-07-13 09:08:00,364 [INFO] Pass: UnitarySynthesis - 0.00477 (ms)
2026-07-13 09:08:00,364 [INFO] Pass: BasisTranslator - 0.09561 (ms)
2026-07-13 09:08:00,364 [INFO] Pass: ContractIdleWiresInControlFlow - 0.00238 (ms)
2026-07-13 09:08:00,364 [INFO] Pass: FixedPoint - 0.00334 (ms)
2026-07-13 09:08:00,364 [INFO] Pass: Depth - 0.04148 (ms)
2026-07-13 09:08:00,364 [INFO] Pass: ContainsInstruction - 0.01931 (ms)
2026-07-13 09:08:00,364 [INFO] Pass: RemoveIdentityEquivalent - 0.00453 (ms)
2026-07-13 09:08:00,364 [INFO] Pass: ConsolidateBlocks - 0.06890 (ms)
2026-07-13 09:08:00,364 [INFO] Pass: Depth - 0.03767 (ms)
2026-07-13 09:08:00,364 [INFO] Pass: FixedPoint - 0.00882 (ms)
2026-07-13 09:08:00,364 [INFO] Pass: CommutativeCancellation - 0.13375 (ms)
2026-07-13 09:08:00,364 [INFO] Pass: UnitarySynthesis - 0.00477 (ms)
2026-07-13 09:08:00,364 [INFO] Pass: Size - 0.00381 (ms)
2026-07-13 09:08:00,364 [INFO] Pass: FixedPoint - 0.00954 (ms)
2026-07-13 09:08:00,364 [INFO] Pass: CommutativeCancellation - 0.13494 (ms)
2026-07-13 09:08:00,364 [INFO] Pass: GatesInBasis - 0.05388 (ms)
2026-07-13 09:08:00,364 [INFO] Pass: ContractIdleWiresInControlFlow - 0.00191 (ms)
2026-07-13 09:08:00,364 [INFO] Pass: FixedPoint - 0.00358 (ms)
2026-07-13 09:08:00,364 [INFO] Pass: ConsolidateBlocks - 0.06986 (ms)
2026-07-13 09:08:00,364 [INFO] Pass: Size - 0.00358 (ms)
2026-07-13 09:08:00,364 [INFO] Pass: ContractIdleWiresInControlFlow - 0.00238 (ms)
2026-07-13 09:08:00,364 [INFO] Pass: UnitarySynthesis - 0.01121 (ms)
2026-07-13 09:08:00,364 [INFO] Pass: Optimize1qGatesDecomposition - 0.05269 (ms)
2026-07-13 09:08:00,364 [INFO] Pass: FixedPoint - 0.00358 (ms)
2026-07-13 09:08:00,364 [INFO] Pass: UnitarySynthesis - 0.00501 (ms)
2026-07-13 09:08:00,364 [INFO] Pass: RemoveIdentityEquivalent - 0.00453 (ms)
2026-07-13 09:08:00,364 [INFO] Pass: Depth - 0.03815 (ms)
2026-07-13 09:08:00,364 [INFO] Pass: Depth - 0.03743 (ms)
2026-07-13 09:08:00,364 [INFO] Pass: RemoveIdentityEquivalent - 0.00453 (ms)
2026-07-13 09:08:00,364 [INFO] Pass: GatesInBasis - 0.05198 (ms)
2026-07-13 09:08:00,364 [INFO] Pass: FixedPoint - 0.00858 (ms)
2026-07-13 09:08:00,364 [INFO] Pass: FixedPoint - 0.00429 (ms)
2026-07-13 09:08:00,364 [INFO] Pass: GatesInBasis - 0.05102 (ms)
2026-07-13 09:08:00,364 [INFO] Pass: HighLevelSynthesis - 0.01836 (ms)
2026-07-13 09:08:00,364 [INFO] Pass: Size - 0.00334 (ms)
2026-07-13 09:08:00,364 [INFO] Pass: Size - 0.00262 (ms)
2026-07-13 09:08:00,364 [INFO] Pass: Depth - 0.03815 (ms)
2026-07-13 09:08:00,364 [INFO] Pass: Optimize1qGatesDecomposition - 0.05078 (ms)
2026-07-13 09:08:00,364 [INFO] Pass: FixedPoint - 0.00334 (ms)
2026-07-13 09:08:00,364 [INFO] Pass: FixedPoint - 0.00358 (ms)
2026-07-13 09:08:00,364 [INFO] Pass: Depth - 0.03648 (ms)
2026-07-13 09:08:00,364 [INFO] Pass: FixedPoint - 0.00834 (ms)
2026-07-13 09:08:00,364 [INFO] Pass: Optimize1qGatesDecomposition - 0.04959 (ms)
2026-07-13 09:08:00,364 [INFO] Pass: FixedPoint - 0.00405 (ms)
2026-07-13 09:08:00,364 [INFO] Pass: Depth - 0.03791 (ms)
2026-07-13 09:08:00,364 [INFO] Pass: ContainsInstruction - 0.00596 (ms)
2026-07-13 09:08:00,364 [INFO] Pass: RemoveIdentityEquivalent - 0.00453 (ms)
2026-07-13 09:08:00,364 [INFO] Pass: Size - 0.00334 (ms)
2026-07-13 09:08:00,364 [INFO] Pass: Size - 0.00238 (ms)
2026-07-13 09:08:00,364 [INFO] Pass: FixedPoint - 0.00405 (ms)
2026-07-13 09:08:00,364 [INFO] Pass: FixedPoint - 0.00334 (ms)
2026-07-13 09:08:00,364 [INFO] Pass: CommutativeCancellation - 0.13208 (ms)
2026-07-13 09:08:00,364 [INFO] Pass: FixedPoint - 0.00358 (ms)
2026-07-13 09:08:00,364 [INFO] Pass: Size - 0.00238 (ms)
2026-07-13 09:08:00,364 [INFO] Pass: RemoveIdentityEquivalent - 0.00477 (ms)
2026-07-13 09:08:00,364 [INFO] Pass: ContractIdleWiresInControlFlow - 0.00191 (ms)
2026-07-13 09:08:00,364 [INFO] Pass: FixedPoint - 0.00358 (ms)
2026-07-13 09:08:00,364 [INFO] Pass: BasisTranslator - 0.08583 (ms)
2026-07-13 09:08:00,364 [INFO] Pass: ContainsInstruction - 0.00572 (ms)
2026-07-13 09:08:00,364 [INFO] Pass: Optimize1qGatesDecomposition - 0.05174 (ms)
2026-07-13 09:08:00,364 [INFO] Pass: ContainsInstruction - 0.00572 (ms)
2026-07-13 09:08:00,364 [INFO] Pass: ElidePermutations - 0.00954 (ms)
2026-07-13 09:08:00,364 [INFO] Pass: CommutativeCancellation - 0.13566 (ms)
2026-07-13 09:08:00,364 [INFO] Pass: GatesInBasis - 0.05174 (ms)
2026-07-13 09:08:00,364 [INFO] Pass: Optimize1qGatesDecomposition - 0.05198 (ms)
2026-07-13 09:08:00,364 [INFO] Pass: CommutativeCancellation - 0.13685 (ms)
2026-07-13 09:08:00,364 [INFO] Pass: ContractIdleWiresInControlFlow - 0.00238 (ms)
2026-07-13 09:08:00,364 [INFO] Pass: ContractIdleWiresInControlFlow - 0.00191 (ms)
2026-07-13 09:08:00,364 [INFO] Pass: RemoveDiagonalGatesBeforeMeasure - 0.01812 (ms)
2026-07-13 09:08:00,364 [INFO] Pass: Depth - 0.03552 (ms)
2026-07-13 09:08:00,364 [INFO] Pass: FixedPoint - 0.00405 (ms)
2026-07-13 09:08:00,364 [INFO] Pass: GatesInBasis - 0.05150 (ms)
2026-07-13 09:08:00,364 [INFO] Pass: CommutativeCancellation - 0.13161 (ms)
2026-07-13 09:08:00,364 [INFO] Pass: RemoveIdentityEquivalent - 0.01621 (ms)
2026-07-13 09:08:00,364 [INFO] Pass: Size - 0.00238 (ms)
2026-07-13 09:08:00,364 [INFO] Pass: GatesInBasis - 0.05198 (ms)
2026-07-13 09:08:00,364 [INFO] Pass: ContractIdleWiresInControlFlow - 0.00215 (ms)
2026-07-13 09:08:00,364 [INFO] Pass: FixedPoint - 0.00334 (ms)
2026-07-13 09:08:00,364 [INFO] Pass: InverseCancellation - 0.00858 (ms)
2026-07-13 09:08:00,364 [INFO] Pass: Depth - 0.03672 (ms)
2026-07-13 09:08:00,364 [INFO] Pass: ContainsInstruction - 0.00620 (ms)
2026-07-13 09:08:00,364 [INFO] Pass: CommutativeCancellation - 0.14019 (ms)
2026-07-13 09:08:00,364 [INFO] Pass: Depth - 0.03576 (ms)
2026-07-13 09:08:00,364 [INFO] Pass: ContractIdleWiresInControlFlow - 0.00310 (ms)
2026-07-13 09:08:00,364 [INFO] Pass: FixedPoint - 0.00405 (ms)
2026-07-13 09:08:00,364 [INFO] Pass: ContractIdleWiresInControlFlow - 0.00238 (ms)
2026-07-13 09:08:00,364 [INFO] Pass: FixedPoint - 0.00381 (ms)
2026-07-13 09:08:00,364 [INFO] Pass: Size - 0.00215 (ms)
2026-07-13 09:08:00,364 [INFO] Pass: GatesInBasis - 0.05174 (ms)
2026-07-13 09:08:00,364 [INFO] Pass: Size - 0.00238 (ms)
2026-07-13 09:08:00,364 [INFO] Pass: FixedPoint - 0.00334 (ms)
2026-07-13 09:08:00,364 [INFO] Pass: FixedPoint - 0.00334 (ms)
2026-07-13 09:08:00,364 [INFO] Pass: ContainsInstruction - 0.00572 (ms)
2026-07-13 09:08:00,364 [INFO] Pass: Depth - 0.03624 (ms)
2026-07-13 09:08:00,364 [INFO] Pass: GatesInBasis - 0.05722 (ms)
2026-07-13 09:08:00,364 [INFO] Pass: ContainsInstruction - 0.01311 (ms)
2026-07-13 09:08:00,364 [INFO] Pass: FixedPoint - 0.00405 (ms)
2026-07-13 09:08:00,364 [INFO] Pass: Size - 0.00262 (ms)
2026-07-13 09:08:00,364 [INFO] Pass: Depth - 0.03743 (ms)
2026-07-13 09:08:00,364 [INFO] Pass: CommutativeCancellation - 0.12994 (ms)
2026-07-13 09:08:00,364 [INFO] Pass: FixedPoint - 0.00358 (ms)
2026-07-13 09:08:00,364 [INFO] Pass: FixedPoint - 0.00381 (ms)
2026-07-13 09:08:00,364 [INFO] Pass: ContainsInstruction - 0.00572 (ms)
2026-07-13 09:08:00,364 [INFO] Pass: Size - 0.00238 (ms)
2026-07-13 09:08:00,364 [INFO] Pass: FixedPoint - 0.00334 (ms)
2026-07-13 09:08:00,364 [INFO] Total Transpile Time - 114.77995 (ms)
2026-07-13 09:08:00,364 [INFO] Pass: ContainsInstruction - 0.00596 (ms)
2026-07-13 09:08:00,364 [INFO] Pass: ConsolidateBlocks - 0.08059 (ms)
2026-07-13 09:08:00,364 [INFO] Pass: Split2QUnitaries - 0.01144 (ms)
2026-07-13 09:08:00,364 [INFO] Total Transpile Time - 113.62076 (ms)
2026-07-13 09:08:00,365 [INFO] Pass: UnitarySynthesis - 0.00572 (ms)
2026-07-13 09:08:00,365 [INFO] Total Transpile Time - 115.12041 (ms)
2026-07-13 09:08:00,365 [INFO] Pass: HighLevelSynthesis - 0.06413 (ms)
2026-07-13 09:08:00,365 [INFO] Total Transpile Time - 114.46381 (ms)
2026-07-13 09:08:00,365 [INFO] Pass: BasisTranslator - 0.10395 (ms)
2026-07-13 09:08:00,365 [INFO] Total Transpile Time - 114.80975 (ms)
2026-07-13 09:08:00,365 [INFO] Pass: ConsolidateBlocks - 0.06771 (ms)
2026-07-13 09:08:00,365 [INFO] Total Transpile Time - 115.87477 (ms)
2026-07-13 09:08:00,365 [INFO] Pass: UnitarySynthesis - 0.00453 (ms)
2026-07-13 09:08:00,365 [INFO] Pass: Depth - 0.03886 (ms)
2026-07-13 09:08:00,365 [INFO] Total Transpile Time - 114.99715 (ms)
2026-07-13 09:08:00,365 [INFO] Pass: FixedPoint - 0.00954 (ms)
2026-07-13 09:08:00,365 [INFO] Pass: Size - 0.00429 (ms)
2026-07-13 09:08:00,365 [INFO] Total Transpile Time - 115.27228 (ms)
2026-07-13 09:08:00,365 [INFO] Pass: FixedPoint - 0.00334 (ms)
2026-07-13 09:08:00,365 [INFO] Pass: RemoveIdentityEquivalent - 0.00453 (ms)
2026-07-13 09:08:00,365 [INFO] Pass: Optimize1qGatesDecomposition - 0.05245 (ms)
2026-07-13 09:08:00,365 [INFO] Pass: CommutativeCancellation - 0.14424 (ms)
2026-07-13 09:08:00,365 [INFO] Pass: ContractIdleWiresInControlFlow - 0.00262 (ms)
2026-07-13 09:08:00,365 [INFO] Pass: GatesInBasis - 0.05531 (ms)
2026-07-13 09:08:00,365 [INFO] Pass: Depth - 0.03624 (ms)
2026-07-13 09:08:00,365 [INFO] Pass: FixedPoint - 0.00381 (ms)
2026-07-13 09:08:00,366 [INFO] Pass: Size - 0.00286 (ms)
2026-07-13 09:08:00,366 [INFO] Pass: FixedPoint - 0.00334 (ms)
2026-07-13 09:08:00,366 [INFO] Pass: ContainsInstruction - 0.00596 (ms)
2026-07-13 09:08:00,366 [INFO] Total Transpile Time - 117.39278 (ms)
2026-07-13 09:08:00,452 [INFO] Pass: ContainsInstruction - 0.01097 (ms)
2026-07-13 09:08:00,452 [INFO] Pass: UnitarySynthesis - 0.00691 (ms)
2026-07-13 09:08:00,452 [INFO] Pass: HighLevelSynthesis - 0.00453 (ms)
2026-07-13 09:08:00,452 [INFO] Pass: ContainsInstruction - 0.01097 (ms)
2026-07-13 09:08:00,452 [INFO] Pass: BasisTranslator - 0.05221 (ms)
2026-07-13 09:08:00,452 [INFO] Pass: UnitarySynthesis - 0.00691 (ms)
2026-07-13 09:08:00,452 [INFO] Pass: ElidePermutations - 0.00429 (ms)
2026-07-13 09:08:00,452 [INFO] Pass: HighLevelSynthesis - 0.00453 (ms)
2026-07-13 09:08:00,452 [INFO] Pass: RemoveDiagonalGatesBeforeMeasure - 0.00596 (ms)
2026-07-13 09:08:00,453 [INFO] Pass: RemoveIdentityEquivalent - 0.00715 (ms)
2026-07-13 09:08:00,453 [INFO] Pass: BasisTranslator - 0.05245 (ms)
2026-07-13 09:08:00,453 [INFO] Pass: ElidePermutations - 0.00381 (ms)
2026-07-13 09:08:00,453 [INFO] Pass: InverseCancellation - 0.03242 (ms)
2026-07-13 09:08:00,453 [INFO] Pass: ContractIdleWiresInControlFlow - 0.00215 (ms)
2026-07-13 09:08:00,453 [INFO] Pass: RemoveDiagonalGatesBeforeMeasure - 0.00596 (ms)
2026-07-13 09:08:00,453 [INFO] Pass: RemoveIdentityEquivalent - 0.00715 (ms)
2026-07-13 09:08:00,453 [INFO] Pass: ContainsInstruction - 0.01097 (ms)
2026-07-13 09:08:00,453 [INFO] Pass: InverseCancellation - 0.03266 (ms)
2026-07-13 09:08:00,453 [INFO] Pass: UnitarySynthesis - 0.00668 (ms)
2026-07-13 09:08:00,453 [INFO] Pass: ContractIdleWiresInControlFlow - 0.00238 (ms)
2026-07-13 09:08:00,453 [INFO] Pass: ContainsInstruction - 0.01192 (ms)
2026-07-13 09:08:00,453 [INFO] Pass: HighLevelSynthesis - 0.00453 (ms)
2026-07-13 09:08:00,453 [INFO] Pass: CommutativeCancellation - 0.11563 (ms)
2026-07-13 09:08:00,453 [INFO] Pass: UnitarySynthesis - 0.00691 (ms)
2026-07-13 09:08:00,453 [INFO] Pass: HighLevelSynthesis - 0.00429 (ms)
2026-07-13 09:08:00,453 [INFO] Pass: BasisTranslator - 0.05174 (ms)
2026-07-13 09:08:00,453 [INFO] Pass: ConsolidateBlocks - 0.05579 (ms)
2026-07-13 09:08:00,453 [INFO] Pass: ElidePermutations - 0.00358 (ms)
2026-07-13 09:08:00,453 [INFO] Pass: Split2QUnitaries - 0.00286 (ms)
2026-07-13 09:08:00,453 [INFO] Pass: CommutativeCancellation - 0.11778 (ms)
2026-07-13 09:08:00,453 [INFO] Pass: RemoveDiagonalGatesBeforeMeasure - 0.00644 (ms)
2026-07-13 09:08:00,453 [INFO] Pass: UnitarySynthesis - 0.00525 (ms)
2026-07-13 09:08:00,453 [INFO] Pass: BasisTranslator - 0.05341 (ms)
2026-07-13 09:08:00,453 [INFO] Pass: RemoveIdentityEquivalent - 0.00739 (ms)
2026-07-13 09:08:00,453 [INFO] Pass: ElidePermutations - 0.00334 (ms)
2026-07-13 09:08:00,453 [INFO] Pass: RemoveDiagonalGatesBeforeMeasure - 0.00596 (ms)
2026-07-13 09:08:00,453 [INFO] Pass: ConsolidateBlocks - 0.05770 (ms)
2026-07-13 09:08:00,453 [INFO] Pass: InverseCancellation - 0.03219 (ms)
2026-07-13 09:08:00,453 [INFO] Pass: RemoveIdentityEquivalent - 0.00715 (ms)
2026-07-13 09:08:00,453 [INFO] Pass: HighLevelSynthesis - 0.06175 (ms)
2026-07-13 09:08:00,453 [INFO] Pass: ContractIdleWiresInControlFlow - 0.00262 (ms)
2026-07-13 09:08:00,453 [INFO] Pass: Split2QUnitaries - 0.00310 (ms)
2026-07-13 09:08:00,453 [INFO] Pass: UnitarySynthesis - 0.00572 (ms)
2026-07-13 09:08:00,453 [INFO] Pass: InverseCancellation - 0.03314 (ms)
2026-07-13 09:08:00,453 [INFO] Pass: ContractIdleWiresInControlFlow - 0.00262 (ms)
2026-07-13 09:08:00,453 [INFO] Pass: BasisTranslator - 0.09441 (ms)
2026-07-13 09:08:00,453 [INFO] Pass: HighLevelSynthesis - 0.06151 (ms)
2026-07-13 09:08:00,453 [INFO] Pass: CommutativeCancellation - 0.11659 (ms)
2026-07-13 09:08:00,453 [INFO] Pass: ContainsInstruction - 0.01121 (ms)
2026-07-13 09:08:00,453 [INFO] Pass: ConsolidateBlocks - 0.06628 (ms)
2026-07-13 09:08:00,453 [INFO] Pass: CommutativeCancellation - 0.11826 (ms)
2026-07-13 09:08:00,453 [INFO] Pass: ConsolidateBlocks - 0.05674 (ms)
2026-07-13 09:08:00,453 [INFO] Pass: UnitarySynthesis - 0.00453 (ms)
2026-07-13 09:08:00,453 [INFO] Pass: BasisTranslator - 0.09680 (ms)
2026-07-13 09:08:00,453 [INFO] Pass: UnitarySynthesis - 0.00668 (ms)
2026-07-13 09:08:00,453 [INFO] Pass: Split2QUnitaries - 0.00334 (ms)
2026-07-13 09:08:00,453 [INFO] Pass: ContainsInstruction - 0.01144 (ms)
2026-07-13 09:08:00,453 [INFO] Pass: HighLevelSynthesis - 0.00477 (ms)
2026-07-13 09:08:00,453 [INFO] Pass: UnitarySynthesis - 0.00525 (ms)
2026-07-13 09:08:00,453 [INFO] Pass: Depth - 0.04435 (ms)
2026-07-13 09:08:00,453 [INFO] Pass: ConsolidateBlocks - 0.06270 (ms)
2026-07-13 09:08:00,453 [INFO] Pass: UnitarySynthesis - 0.00691 (ms)
2026-07-13 09:08:00,453 [INFO] Pass: FixedPoint - 0.00501 (ms)
2026-07-13 09:08:00,453 [INFO] Pass: Split2QUnitaries - 0.00310 (ms)
2026-07-13 09:08:00,453 [INFO] Pass: ConsolidateBlocks - 0.07415 (ms)
2026-07-13 09:08:00,453 [INFO] Pass: ContainsInstruction - 0.01144 (ms)
2026-07-13 09:08:00,453 [INFO] Pass: Size - 0.00310 (ms)
2026-07-13 09:08:00,453 [INFO] Pass: HighLevelSynthesis - 0.00453 (ms)
2026-07-13 09:08:00,453 [INFO] Pass: UnitarySynthesis - 0.00525 (ms)
2026-07-13 09:08:00,453 [INFO] Pass: UnitarySynthesis - 0.00477 (ms)
2026-07-13 09:08:00,453 [INFO] Pass: BasisTranslator - 0.05388 (ms)
2026-07-13 09:08:00,453 [INFO] Pass: FixedPoint - 0.00334 (ms)
2026-07-13 09:08:00,453 [INFO] Pass: HighLevelSynthesis - 0.06199 (ms)
2026-07-13 09:08:00,453 [INFO] Pass: UnitarySynthesis - 0.00668 (ms)
2026-07-13 09:08:00,453 [INFO] Pass: ElidePermutations - 0.00381 (ms)
2026-07-13 09:08:00,453 [INFO] Pass: RemoveIdentityEquivalent - 0.00596 (ms)
2026-07-13 09:08:00,453 [INFO] Pass: HighLevelSynthesis - 0.00453 (ms)
2026-07-13 09:08:00,453 [INFO] Pass: RemoveDiagonalGatesBeforeMeasure - 0.00596 (ms)
2026-07-13 09:08:00,453 [INFO] Pass: Depth - 0.03862 (ms)
2026-07-13 09:08:00,453 [INFO] Pass: BasisTranslator - 0.05293 (ms)
2026-07-13 09:08:00,453 [INFO] Pass: HighLevelSynthesis - 0.06247 (ms)
2026-07-13 09:08:00,453 [INFO] Pass: FixedPoint - 0.00572 (ms)
2026-07-13 09:08:00,453 [INFO] Pass: RemoveIdentityEquivalent - 0.00715 (ms)
2026-07-13 09:08:00,453 [INFO] Pass: ElidePermutations - 0.00381 (ms)
2026-07-13 09:08:00,453 [INFO] Pass: Size - 0.00262 (ms)
2026-07-13 09:08:00,453 [INFO] Pass: RemoveDiagonalGatesBeforeMeasure - 0.00620 (ms)
2026-07-13 09:08:00,453 [INFO] Pass: BasisTranslator - 0.09608 (ms)
2026-07-13 09:08:00,453 [INFO] Pass: BasisTranslator - 0.05293 (ms)
2026-07-13 09:08:00,454 [INFO] Pass: FixedPoint - 0.00334 (ms)
2026-07-13 09:08:00,454 [INFO] Pass: InverseCancellation - 0.03242 (ms)
2026-07-13 09:08:00,454 [INFO] Pass: RemoveIdentityEquivalent - 0.00691 (ms)
2026-07-13 09:08:00,454 [INFO] Pass: ElidePermutations - 0.00381 (ms)
2026-07-13 09:08:00,454 [INFO] Pass: RemoveIdentityEquivalent - 0.00548 (ms)
2026-07-13 09:08:00,454 [INFO] Pass: ContractIdleWiresInControlFlow - 0.00238 (ms)
2026-07-13 09:08:00,454 [INFO] Pass: RemoveDiagonalGatesBeforeMeasure - 0.00620 (ms)
2026-07-13 09:08:00,454 [INFO] Pass: BasisTranslator - 0.09704 (ms)
2026-07-13 09:08:00,454 [INFO] Pass: InverseCancellation - 0.03171 (ms)
2026-07-13 09:08:00,454 [INFO] Pass: RemoveIdentityEquivalent - 0.00644 (ms)
2026-07-13 09:08:00,454 [INFO] Pass: Optimize1qGatesDecomposition - 0.16093 (ms)
2026-07-13 09:08:00,454 [INFO] Pass: ConsolidateBlocks - 0.06795 (ms)
2026-07-13 09:08:00,454 [INFO] Pass: ContractIdleWiresInControlFlow - 0.00238 (ms)
2026-07-13 09:08:00,454 [INFO] Pass: UnitarySynthesis - 0.00453 (ms)
2026-07-13 09:08:00,454 [INFO] Pass: InverseCancellation - 0.03123 (ms)
2026-07-13 09:08:00,454 [INFO] Pass: ConsolidateBlocks - 0.06795 (ms)
2026-07-13 09:08:00,454 [INFO] Pass: ContractIdleWiresInControlFlow - 0.00238 (ms)
2026-07-13 09:08:00,454 [INFO] Pass: Depth - 0.03839 (ms)
2026-07-13 09:08:00,454 [INFO] Pass: CommutativeCancellation - 0.11420 (ms)
2026-07-13 09:08:00,454 [INFO] Pass: UnitarySynthesis - 0.00501 (ms)
2026-07-13 09:08:00,454 [INFO] Pass: ContainsInstruction - 0.01121 (ms)
2026-07-13 09:08:00,454 [INFO] Pass: FixedPoint - 0.00548 (ms)
2026-07-13 09:08:00,454 [INFO] Pass: Optimize1qGatesDecomposition - 0.15855 (ms)
2026-07-13 09:08:00,454 [INFO] Pass: Size - 0.00310 (ms)
2026-07-13 09:08:00,454 [INFO] Pass: CommutativeCancellation - 0.11611 (ms)
2026-07-13 09:08:00,454 [INFO] Pass: Depth - 0.03815 (ms)
2026-07-13 09:08:00,454 [INFO] Pass: UnitarySynthesis - 0.00691 (ms)
2026-07-13 09:08:00,454 [INFO] Pass: FixedPoint - 0.00358 (ms)
2026-07-13 09:08:00,454 [INFO] Pass: CommutativeCancellation - 0.13685 (ms)
2026-07-13 09:08:00,454 [INFO] Pass: ConsolidateBlocks - 0.05674 (ms)
2026-07-13 09:08:00,454 [INFO] Pass: FixedPoint - 0.00525 (ms)
2026-07-13 09:08:00,454 [INFO] Pass: RemoveIdentityEquivalent - 0.00572 (ms)
2026-07-13 09:08:00,454 [INFO] Pass: HighLevelSynthesis - 0.00453 (ms)
2026-07-13 09:08:00,454 [INFO] Pass: ContractIdleWiresInControlFlow - 0.00215 (ms)
2026-07-13 09:08:00,454 [INFO] Pass: Split2QUnitaries - 0.00310 (ms)
2026-07-13 09:08:00,454 [INFO] Pass: Size - 0.00286 (ms)
2026-07-13 09:08:00,454 [INFO] Pass: CommutativeCancellation - 0.11611 (ms)
2026-07-13 09:08:00,454 [INFO] Pass: FixedPoint - 0.00334 (ms)
2026-07-13 09:08:00,454 [INFO] Pass: UnitarySynthesis - 0.00501 (ms)
2026-07-13 09:08:00,454 [INFO] Pass: ConsolidateBlocks - 0.05603 (ms)
2026-07-13 09:08:00,454 [INFO] Pass: RemoveIdentityEquivalent - 0.00572 (ms)
2026-07-13 09:08:00,454 [INFO] Pass: Split2QUnitaries - 0.00286 (ms)
2026-07-13 09:08:00,454 [INFO] Pass: GatesInBasis - 0.05078 (ms)
2026-07-13 09:08:00,454 [INFO] Pass: BasisTranslator - 0.05245 (ms)
2026-07-13 09:08:00,454 [INFO] Pass: UnitarySynthesis - 0.00525 (ms)
2026-07-13 09:08:00,454 [INFO] Pass: CommutativeCancellation - 0.13590 (ms)
2026-07-13 09:08:00,454 [INFO] Pass: ElidePermutations - 0.00405 (ms)
2026-07-13 09:08:00,454 [INFO] Pass: ConsolidateBlocks - 0.05651 (ms)
2026-07-13 09:08:00,454 [INFO] Pass: HighLevelSynthesis - 0.06223 (ms)
2026-07-13 09:08:00,454 [INFO] Pass: ContractIdleWiresInControlFlow - 0.00191 (ms)
2026-07-13 09:08:00,454 [INFO] Pass: RemoveDiagonalGatesBeforeMeasure - 0.00596 (ms)
2026-07-13 09:08:00,454 [INFO] Pass: Depth - 0.03552 (ms)
2026-07-13 09:08:00,454 [INFO] Pass: Split2QUnitaries - 0.00334 (ms)
2026-07-13 09:08:00,454 [INFO] Pass: FixedPoint - 0.00381 (ms)
2026-07-13 09:08:00,454 [INFO] Pass: RemoveIdentityEquivalent - 0.00644 (ms)
2026-07-13 09:08:00,454 [INFO] Pass: UnitarySynthesis - 0.00525 (ms)
2026-07-13 09:08:00,454 [INFO] Pass: HighLevelSynthesis - 0.06127 (ms)
2026-07-13 09:08:00,454 [INFO] Pass: Size - 0.00238 (ms)
2026-07-13 09:08:00,454 [INFO] Pass: Optimize1qGatesDecomposition - 0.15807 (ms)
2026-07-13 09:08:00,454 [INFO] Pass: GatesInBasis - 0.05126 (ms)
2026-07-13 09:08:00,454 [INFO] Pass: FixedPoint - 0.01073 (ms)
2026-07-13 09:08:00,454 [INFO] Pass: InverseCancellation - 0.03195 (ms)
2026-07-13 09:08:00,454 [INFO] Pass: ContractIdleWiresInControlFlow - 0.00238 (ms)
2026-07-13 09:08:00,454 [INFO] Pass: BasisTranslator - 0.09537 (ms)
2026-07-13 09:08:00,454 [INFO] Pass: ContainsInstruction - 0.00525 (ms)
2026-07-13 09:08:00,454 [INFO] Pass: Optimize1qGatesDecomposition - 0.16189 (ms)
2026-07-13 09:08:00,454 [INFO] Pass: HighLevelSynthesis - 0.06390 (ms)
2026-07-13 09:08:00,454 [INFO] Pass: Depth - 0.03743 (ms)
2026-07-13 09:08:00,454 [INFO] Pass: FixedPoint - 0.00381 (ms)
2026-07-13 09:08:00,454 [INFO] Pass: BasisTranslator - 0.09489 (ms)
2026-07-13 09:08:00,454 [INFO] Pass: Size - 0.00238 (ms)
2026-07-13 09:08:00,454 [INFO] Pass: ConsolidateBlocks - 0.06700 (ms)
2026-07-13 09:08:00,454 [INFO] Pass: FixedPoint - 0.01001 (ms)
2026-07-13 09:08:00,454 [INFO] Pass: CommutativeCancellation - 0.13781 (ms)
2026-07-13 09:08:00,454 [INFO] Pass: UnitarySynthesis - 0.00501 (ms)
2026-07-13 09:08:00,454 [INFO] Pass: ContainsInstruction - 0.00501 (ms)
2026-07-13 09:08:00,454 [INFO] Pass: BasisTranslator - 0.09441 (ms)
2026-07-13 09:08:00,454 [INFO] Pass: ContractIdleWiresInControlFlow - 0.00191 (ms)
2026-07-13 09:08:00,454 [INFO] Pass: CommutativeCancellation - 0.11683 (ms)
2026-07-13 09:08:00,454 [INFO] Pass: ConsolidateBlocks - 0.06652 (ms)
2026-07-13 09:08:00,454 [INFO] Pass: UnitarySynthesis - 0.00477 (ms)
2026-07-13 09:08:00,454 [INFO] Pass: Depth - 0.03910 (ms)
2026-07-13 09:08:00,454 [INFO] Pass: CommutativeCancellation - 0.13685 (ms)
2026-07-13 09:08:00,454 [INFO] Pass: GatesInBasis - 0.05126 (ms)
2026-07-13 09:08:00,454 [INFO] Pass: FixedPoint - 0.00525 (ms)
2026-07-13 09:08:00,454 [INFO] Pass: ContractIdleWiresInControlFlow - 0.00215 (ms)
2026-07-13 09:08:00,454 [INFO] Pass: ConsolidateBlocks - 0.06294 (ms)
2026-07-13 09:08:00,454 [INFO] Pass: ConsolidateBlocks - 0.07319 (ms)
2026-07-13 09:08:00,454 [INFO] Pass: Size - 0.00286 (ms)
2026-07-13 09:08:00,454 [INFO] Pass: Depth - 0.04339 (ms)
2026-07-13 09:08:00,454 [INFO] Pass: Split2QUnitaries - 0.00310 (ms)
2026-07-13 09:08:00,454 [INFO] Pass: UnitarySynthesis - 0.00453 (ms)
2026-07-13 09:08:00,454 [INFO] Pass: FixedPoint - 0.00310 (ms)
2026-07-13 09:08:00,454 [INFO] Pass: FixedPoint - 0.00501 (ms)
2026-07-13 09:08:00,454 [INFO] Pass: Depth - 0.03624 (ms)
2026-07-13 09:08:00,454 [INFO] Pass: UnitarySynthesis - 0.00477 (ms)
2026-07-13 09:08:00,454 [INFO] Pass: Size - 0.00286 (ms)
2026-07-13 09:08:00,454 [INFO] Pass: GatesInBasis - 0.05174 (ms)
2026-07-13 09:08:00,454 [INFO] Pass: RemoveIdentityEquivalent - 0.00620 (ms)
2026-07-13 09:08:00,454 [INFO] Pass: FixedPoint - 0.00405 (ms)
2026-07-13 09:08:00,454 [INFO] Pass: FixedPoint - 0.00334 (ms)
2026-07-13 09:08:00,454 [INFO] Pass: Size - 0.00262 (ms)
2026-07-13 09:08:00,454 [INFO] Pass: Depth - 0.03934 (ms)
2026-07-13 09:08:00,454 [INFO] Pass: RemoveIdentityEquivalent - 0.00572 (ms)
2026-07-13 09:08:00,454 [INFO] Pass: FixedPoint - 0.01192 (ms)
2026-07-13 09:08:00,454 [INFO] Pass: FixedPoint - 0.00525 (ms)
2026-07-13 09:08:00,454 [INFO] Pass: Depth - 0.03815 (ms)
2026-07-13 09:08:00,454 [INFO] Pass: HighLevelSynthesis - 0.06270 (ms)
2026-07-13 09:08:00,454 [INFO] Pass: Size - 0.00310 (ms)
2026-07-13 09:08:00,454 [INFO] Pass: FixedPoint - 0.00405 (ms)
2026-07-13 09:08:00,454 [INFO] Pass: ContainsInstruction - 0.00501 (ms)
2026-07-13 09:08:00,454 [INFO] Pass: ContainsInstruction - 0.01144 (ms)
2026-07-13 09:08:00,454 [INFO] Pass: FixedPoint - 0.00310 (ms)
2026-07-13 09:08:00,454 [INFO] Pass: Size - 0.00262 (ms)
2026-07-13 09:08:00,454 [INFO] Pass: RemoveIdentityEquivalent - 0.00572 (ms)
2026-07-13 09:08:00,454 [INFO] Pass: FixedPoint - 0.01025 (ms)
2026-07-13 09:08:00,454 [INFO] Pass: UnitarySynthesis - 0.00691 (ms)
2026-07-13 09:08:00,455 [INFO] Pass: ContainsInstruction - 0.00548 (ms)
2026-07-13 09:08:00,455 [INFO] Pass: Optimize1qGatesDecomposition - 0.15616 (ms)
2026-07-13 09:08:00,455 [INFO] Total Transpile Time - 89.61725 (ms)
2026-07-13 09:08:00,455 [INFO] Pass: HighLevelSynthesis - 0.00453 (ms)
2026-07-13 09:08:00,455 [INFO] Pass: BasisTranslator - 0.09704 (ms)
2026-07-13 09:08:00,455 [INFO] Pass: Optimize1qGatesDecomposition - 0.15831 (ms)
2026-07-13 09:08:00,455 [INFO] Pass: BasisTranslator - 0.05364 (ms)
2026-07-13 09:08:00,455 [INFO] Pass: ConsolidateBlocks - 0.06747 (ms)
2026-07-13 09:08:00,455 [INFO] Pass: ElidePermutations - 0.00453 (ms)
2026-07-13 09:08:00,455 [INFO] Total Transpile Time - 89.40244 (ms)
2026-07-13 09:08:00,455 [INFO] Pass: UnitarySynthesis - 0.00453 (ms)
2026-07-13 09:08:00,455 [INFO] Pass: Optimize1qGatesDecomposition - 0.15974 (ms)
2026-07-13 09:08:00,455 [INFO] Pass: RemoveDiagonalGatesBeforeMeasure - 0.00691 (ms)
2026-07-13 09:08:00,455 [INFO] Pass: CommutativeCancellation - 0.13661 (ms)
2026-07-13 09:08:00,455 [INFO] Pass: RemoveIdentityEquivalent - 0.00763 (ms)
2026-07-13 09:08:00,455 [INFO] Pass: ContractIdleWiresInControlFlow - 0.00238 (ms)
2026-07-13 09:08:00,455 [INFO] Pass: Depth - 0.03862 (ms)
2026-07-13 09:08:00,455 [INFO] Pass: CommutativeCancellation - 0.13757 (ms)
2026-07-13 09:08:00,455 [INFO] Pass: FixedPoint - 0.00548 (ms)
2026-07-13 09:08:00,455 [INFO] Pass: InverseCancellation - 0.03433 (ms)
2026-07-13 09:08:00,455 [INFO] Pass: Size - 0.00286 (ms)
2026-07-13 09:08:00,455 [INFO] Pass: ContractIdleWiresInControlFlow - 0.00215 (ms)
2026-07-13 09:08:00,455 [INFO] Pass: ContractIdleWiresInControlFlow - 0.00215 (ms)
2026-07-13 09:08:00,455 [INFO] Pass: GatesInBasis - 0.05054 (ms)
2026-07-13 09:08:00,455 [INFO] Pass: FixedPoint - 0.00334 (ms)
2026-07-13 09:08:00,455 [INFO] Pass: RemoveIdentityEquivalent - 0.00596 (ms)
2026-07-13 09:08:00,455 [INFO] Pass: CommutativeCancellation - 0.13781 (ms)
2026-07-13 09:08:00,455 [INFO] Pass: Depth - 0.03719 (ms)
2026-07-13 09:08:00,455 [INFO] Pass: GatesInBasis - 0.05245 (ms)
2026-07-13 09:08:00,455 [INFO] Pass: ContractIdleWiresInControlFlow - 0.00215 (ms)
2026-07-13 09:08:00,455 [INFO] Pass: FixedPoint - 0.00405 (ms)
2026-07-13 09:08:00,455 [INFO] Total Transpile Time - 89.67996 (ms)
2026-07-13 09:08:00,455 [INFO] Pass: Size - 0.00238 (ms)
2026-07-13 09:08:00,455 [INFO] Pass: Depth - 0.03791 (ms)
2026-07-13 09:08:00,455 [INFO] Pass: CommutativeCancellation - 0.11587 (ms)
2026-07-13 09:08:00,455 [INFO] Pass: FixedPoint - 0.01049 (ms)
2026-07-13 09:08:00,455 [INFO] Pass: FixedPoint - 0.00381 (ms)
2026-07-13 09:08:00,455 [INFO] Pass: GatesInBasis - 0.05269 (ms)
2026-07-13 09:08:00,455 [INFO] Pass: Size - 0.00238 (ms)
2026-07-13 09:08:00,455 [INFO] Pass: ContainsInstruction - 0.00525 (ms)
2026-07-13 09:08:00,455 [INFO] Pass: FixedPoint - 0.00978 (ms)
2026-07-13 09:08:00,455 [INFO] Total Transpile Time - 90.18016 (ms)
2026-07-13 09:08:00,455 [INFO] Pass: Depth - 0.03910 (ms)
2026-07-13 09:08:00,455 [INFO] Pass: Optimize1qGatesDecomposition - 0.15855 (ms)
2026-07-13 09:08:00,455 [INFO] Pass: ConsolidateBlocks - 0.05794 (ms)
2026-07-13 09:08:00,455 [INFO] Pass: ContainsInstruction - 0.00525 (ms)
2026-07-13 09:08:00,455 [INFO] Pass: FixedPoint - 0.00405 (ms)
2026-07-13 09:08:00,455 [INFO] Pass: Split2QUnitaries - 0.00358 (ms)
2026-07-13 09:08:00,455 [INFO] Pass: Size - 0.00238 (ms)
2026-07-13 09:08:00,455 [INFO] Pass: UnitarySynthesis - 0.00525 (ms)
2026-07-13 09:08:00,455 [INFO] Pass: FixedPoint - 0.01001 (ms)
2026-07-13 09:08:00,455 [INFO] Pass: ContainsInstruction - 0.00548 (ms)
2026-07-13 09:08:00,455 [INFO] Pass: HighLevelSynthesis - 0.06199 (ms)
2026-07-13 09:08:00,455 [INFO] Pass: CommutativeCancellation - 0.13685 (ms)
2026-07-13 09:08:00,455 [INFO] Pass: ContractIdleWiresInControlFlow - 0.00191 (ms)
2026-07-13 09:08:00,455 [INFO] Pass: GatesInBasis - 0.05674 (ms)
2026-07-13 09:08:00,455 [INFO] Pass: BasisTranslator - 0.10228 (ms)
2026-07-13 09:08:00,455 [INFO] Pass: Depth - 0.03791 (ms)
2026-07-13 09:08:00,455 [INFO] Pass: FixedPoint - 0.00381 (ms)
2026-07-13 09:08:00,455 [INFO] Pass: Size - 0.00262 (ms)
2026-07-13 09:08:00,455 [INFO] Pass: ConsolidateBlocks - 0.06938 (ms)
2026-07-13 09:08:00,455 [INFO] Pass: FixedPoint - 0.00954 (ms)
2026-07-13 09:08:00,455 [INFO] Pass: UnitarySynthesis - 0.00477 (ms)
2026-07-13 09:08:00,455 [INFO] Pass: ContainsInstruction - 0.00501 (ms)
2026-07-13 09:08:00,455 [INFO] Total Transpile Time - 90.33346 (ms)
2026-07-13 09:08:00,455 [INFO] Pass: Depth - 0.03886 (ms)
2026-07-13 09:08:00,456 [INFO] Total Transpile Time - 90.18135 (ms)
2026-07-13 09:08:00,456 [INFO] Pass: FixedPoint - 0.00501 (ms)
2026-07-13 09:08:00,456 [INFO] Pass: Size - 0.00286 (ms)
2026-07-13 09:08:00,456 [INFO] Pass: FixedPoint - 0.00334 (ms)
2026-07-13 09:08:00,456 [INFO] Pass: RemoveIdentityEquivalent - 0.00596 (ms)
2026-07-13 09:08:00,456 [INFO] Total Transpile Time - 90.20448 (ms)
2026-07-13 09:08:00,456 [INFO] Pass: Optimize1qGatesDecomposition - 0.16093 (ms)
2026-07-13 09:08:00,456 [INFO] Total Transpile Time - 91.02178 (ms)
2026-07-13 09:08:00,456 [INFO] Pass: CommutativeCancellation - 0.13733 (ms)
2026-07-13 09:08:00,456 [INFO] Pass: ContractIdleWiresInControlFlow - 0.00191 (ms)
2026-07-13 09:08:00,456 [INFO] Pass: GatesInBasis - 0.05102 (ms)
2026-07-13 09:08:00,456 [INFO] Pass: Depth - 0.03672 (ms)
2026-07-13 09:08:00,456 [INFO] Pass: FixedPoint - 0.00381 (ms)
2026-07-13 09:08:00,456 [INFO] Pass: Size - 0.00262 (ms)
2026-07-13 09:08:00,456 [INFO] Pass: FixedPoint - 0.01025 (ms)
2026-07-13 09:08:00,456 [INFO] Pass: ContainsInstruction - 0.00525 (ms)
2026-07-13 09:08:00,457 [INFO] Total Transpile Time - 90.04545 (ms)
2026-07-13 09:08:00,541 [INFO] Pass: ContainsInstruction - 0.01073 (ms)
2026-07-13 09:08:00,541 [INFO] Pass: UnitarySynthesis - 0.00715 (ms)
2026-07-13 09:08:00,541 [INFO] Pass: HighLevelSynthesis - 0.00429 (ms)
2026-07-13 09:08:00,542 [INFO] Pass: BasisTranslator - 0.05364 (ms)
2026-07-13 09:08:00,542 [INFO] Pass: ElidePermutations - 0.00381 (ms)
2026-07-13 09:08:00,542 [INFO] Pass: RemoveDiagonalGatesBeforeMeasure - 0.00596 (ms)
2026-07-13 09:08:00,542 [INFO] Pass: RemoveIdentityEquivalent - 0.00787 (ms)
2026-07-13 09:08:00,542 [INFO] Pass: InverseCancellation - 0.03219 (ms)
2026-07-13 09:08:00,542 [INFO] Pass: ContractIdleWiresInControlFlow - 0.00238 (ms)
2026-07-13 09:08:00,542 [INFO] Pass: CommutativeCancellation - 0.12279 (ms)
2026-07-13 09:08:00,542 [INFO] Pass: ContainsInstruction - 0.01025 (ms)
2026-07-13 09:08:00,542 [INFO] Pass: UnitarySynthesis - 0.00668 (ms)
2026-07-13 09:08:00,542 [INFO] Pass: ConsolidateBlocks - 0.05603 (ms)
2026-07-13 09:08:00,542 [INFO] Pass: HighLevelSynthesis - 0.00453 (ms)
2026-07-13 09:08:00,542 [INFO] Pass: Split2QUnitaries - 0.00310 (ms)
2026-07-13 09:08:00,542 [INFO] Pass: UnitarySynthesis - 0.01526 (ms)
2026-07-13 09:08:00,542 [INFO] Pass: BasisTranslator - 0.05293 (ms)
2026-07-13 09:08:00,542 [INFO] Pass: ElidePermutations - 0.00334 (ms)
2026-07-13 09:08:00,542 [INFO] Pass: HighLevelSynthesis - 0.06342 (ms)
2026-07-13 09:08:00,542 [INFO] Pass: RemoveDiagonalGatesBeforeMeasure - 0.00620 (ms)
2026-07-13 09:08:00,542 [INFO] Pass: RemoveIdentityEquivalent - 0.00834 (ms)
2026-07-13 09:08:00,542 [INFO] Pass: InverseCancellation - 0.03242 (ms)
2026-07-13 09:08:00,542 [INFO] Pass: ContainsInstruction - 0.01049 (ms)
2026-07-13 09:08:00,542 [INFO] Pass: ContractIdleWiresInControlFlow - 0.00215 (ms)
2026-07-13 09:08:00,542 [INFO] Pass: BasisTranslator - 0.10014 (ms)
2026-07-13 09:08:00,542 [INFO] Pass: UnitarySynthesis - 0.01335 (ms)
2026-07-13 09:08:00,542 [INFO] Pass: HighLevelSynthesis - 0.00453 (ms)
2026-07-13 09:08:00,542 [INFO] Pass: ConsolidateBlocks - 0.07558 (ms)
2026-07-13 09:08:00,542 [INFO] Pass: UnitarySynthesis - 0.00477 (ms)
2026-07-13 09:08:00,542 [INFO] Pass: CommutativeCancellation - 0.13018 (ms)
2026-07-13 09:08:00,542 [INFO] Pass: BasisTranslator - 0.05245 (ms)
2026-07-13 09:08:00,542 [INFO] Pass: ElidePermutations - 0.00358 (ms)
2026-07-13 09:08:00,542 [INFO] Pass: Depth - 0.03862 (ms)
2026-07-13 09:08:00,542 [INFO] Pass: RemoveDiagonalGatesBeforeMeasure - 0.00548 (ms)
2026-07-13 09:08:00,542 [INFO] Pass: FixedPoint - 0.00501 (ms)
2026-07-13 09:08:00,542 [INFO] Pass: ConsolidateBlocks - 0.05722 (ms)
2026-07-13 09:08:00,542 [INFO] Pass: Size - 0.00262 (ms)
2026-07-13 09:08:00,542 [INFO] Pass: RemoveIdentityEquivalent - 0.00834 (ms)
2026-07-13 09:08:00,542 [INFO] Pass: Split2QUnitaries - 0.00286 (ms)
2026-07-13 09:08:00,542 [INFO] Pass: FixedPoint - 0.00334 (ms)
2026-07-13 09:08:00,543 [INFO] Pass: RemoveIdentityEquivalent - 0.00668 (ms)
2026-07-13 09:08:00,543 [INFO] Pass: UnitarySynthesis - 0.01478 (ms)
2026-07-13 09:08:00,543 [INFO] Pass: InverseCancellation - 0.03219 (ms)
2026-07-13 09:08:00,543 [INFO] Pass: ContractIdleWiresInControlFlow - 0.00191 (ms)
2026-07-13 09:08:00,543 [INFO] Pass: ContainsInstruction - 0.01025 (ms)
2026-07-13 09:08:00,543 [INFO] Pass: HighLevelSynthesis - 0.06270 (ms)
2026-07-13 09:08:00,543 [INFO] Pass: UnitarySynthesis - 0.00691 (ms)
2026-07-13 09:08:00,543 [INFO] Pass: HighLevelSynthesis - 0.00429 (ms)
2026-07-13 09:08:00,543 [INFO] Pass: CommutativeCancellation - 0.11849 (ms)
2026-07-13 09:08:00,543 [INFO] Pass: Optimize1qGatesDecomposition - 0.17428 (ms)
2026-07-13 09:08:00,543 [INFO] Pass: BasisTranslator - 0.10085 (ms)
2026-07-13 09:08:00,543 [INFO] Pass: BasisTranslator - 0.05293 (ms)
2026-07-13 09:08:00,543 [INFO] Pass: ElidePermutations - 0.00358 (ms)
2026-07-13 09:08:00,543 [INFO] Pass: ConsolidateBlocks - 0.05674 (ms)
2026-07-13 09:08:00,543 [INFO] Pass: RemoveDiagonalGatesBeforeMeasure - 0.00620 (ms)
2026-07-13 09:08:00,543 [INFO] Pass: Split2QUnitaries - 0.00262 (ms)
2026-07-13 09:08:00,543 [INFO] Pass: RemoveIdentityEquivalent - 0.00787 (ms)
2026-07-13 09:08:00,543 [INFO] Pass: ConsolidateBlocks - 0.06819 (ms)
2026-07-13 09:08:00,543 [INFO] Pass: UnitarySynthesis - 0.01383 (ms)
2026-07-13 09:08:00,543 [INFO] Pass: UnitarySynthesis - 0.00429 (ms)
2026-07-13 09:08:00,543 [INFO] Pass: InverseCancellation - 0.03219 (ms)
2026-07-13 09:08:00,543 [INFO] Pass: ContractIdleWiresInControlFlow - 0.00215 (ms)
2026-07-13 09:08:00,543 [INFO] Pass: CommutativeCancellation - 0.13876 (ms)
2026-07-13 09:08:00,543 [INFO] Pass: Depth - 0.03862 (ms)
2026-07-13 09:08:00,543 [INFO] Pass: ContractIdleWiresInControlFlow - 0.00191 (ms)
2026-07-13 09:08:00,543 [INFO] Pass: HighLevelSynthesis - 0.06318 (ms)
2026-07-13 09:08:00,543 [INFO] Pass: FixedPoint - 0.00525 (ms)
2026-07-13 09:08:00,543 [INFO] Pass: Size - 0.00262 (ms)
2026-07-13 09:08:00,543 [INFO] Pass: FixedPoint - 0.00310 (ms)
2026-07-13 09:08:00,543 [INFO] Pass: GatesInBasis - 0.05126 (ms)
2026-07-13 09:08:00,543 [INFO] Pass: RemoveIdentityEquivalent - 0.00620 (ms)
2026-07-13 09:08:00,543 [INFO] Pass: ContainsInstruction - 0.01025 (ms)
2026-07-13 09:08:00,543 [INFO] Pass: CommutativeCancellation - 0.12565 (ms)
2026-07-13 09:08:00,543 [INFO] Pass: BasisTranslator - 0.09942 (ms)
2026-07-13 09:08:00,543 [INFO] Pass: Depth - 0.03934 (ms)
2026-07-13 09:08:00,543 [INFO] Pass: UnitarySynthesis - 0.00715 (ms)
2026-07-13 09:08:00,543 [INFO] Pass: FixedPoint - 0.00358 (ms)
2026-07-13 09:08:00,543 [INFO] Pass: HighLevelSynthesis - 0.00358 (ms)
2026-07-13 09:08:00,543 [INFO] Pass: Size - 0.00238 (ms)
2026-07-13 09:08:00,543 [INFO] Pass: ConsolidateBlocks - 0.05746 (ms)
2026-07-13 09:08:00,543 [INFO] Pass: FixedPoint - 0.00381 (ms)
2026-07-13 09:08:00,543 [INFO] Pass: ConsolidateBlocks - 0.06723 (ms)
2026-07-13 09:08:00,543 [INFO] Pass: Split2QUnitaries - 0.00310 (ms)
2026-07-13 09:08:00,543 [INFO] Pass: RemoveIdentityEquivalent - 0.00644 (ms)
2026-07-13 09:08:00,543 [INFO] Pass: UnitarySynthesis - 0.00453 (ms)
2026-07-13 09:08:00,543 [INFO] Pass: BasisTranslator - 0.05245 (ms)
2026-07-13 09:08:00,543 [INFO] Pass: UnitarySynthesis - 0.01407 (ms)
2026-07-13 09:08:00,543 [INFO] Pass: ElidePermutations - 0.00334 (ms)
2026-07-13 09:08:00,543 [INFO] Pass: Optimize1qGatesDecomposition - 0.16642 (ms)
2026-07-13 09:08:00,543 [INFO] Pass: RemoveDiagonalGatesBeforeMeasure - 0.00620 (ms)
2026-07-13 09:08:00,543 [INFO] Pass: Depth - 0.04697 (ms)
2026-07-13 09:08:00,543 [INFO] Pass: RemoveIdentityEquivalent - 0.00763 (ms)
2026-07-13 09:08:00,543 [INFO] Pass: FixedPoint - 0.00501 (ms)
2026-07-13 09:08:00,543 [INFO] Pass: HighLevelSynthesis - 0.07629 (ms)
2026-07-13 09:08:00,543 [INFO] Pass: Size - 0.00286 (ms)
2026-07-13 09:08:00,543 [INFO] Pass: FixedPoint - 0.00310 (ms)
2026-07-13 09:08:00,543 [INFO] Pass: InverseCancellation - 0.03195 (ms)
2026-07-13 09:08:00,543 [INFO] Pass: Optimize1qGatesDecomposition - 0.15354 (ms)
2026-07-13 09:08:00,543 [INFO] Pass: RemoveIdentityEquivalent - 0.00668 (ms)
2026-07-13 09:08:00,543 [INFO] Pass: ContractIdleWiresInControlFlow - 0.00215 (ms)
2026-07-13 09:08:00,543 [INFO] Pass: CommutativeCancellation - 0.14615 (ms)
2026-07-13 09:08:00,543 [INFO] Pass: ContractIdleWiresInControlFlow - 0.00238 (ms)
2026-07-13 09:08:00,543 [INFO] Pass: BasisTranslator - 0.09990 (ms)
2026-07-13 09:08:00,544 [INFO] Pass: GatesInBasis - 0.05269 (ms)
2026-07-13 09:08:00,544 [INFO] Pass: CommutativeCancellation - 0.11659 (ms)
2026-07-13 09:08:00,544 [INFO] Pass: CommutativeCancellation - 0.13161 (ms)
2026-07-13 09:08:00,544 [INFO] Pass: ConsolidateBlocks - 0.06986 (ms)
2026-07-13 09:08:00,544 [INFO] Pass: ContractIdleWiresInControlFlow - 0.00215 (ms)
2026-07-13 09:08:00,544 [INFO] Pass: UnitarySynthesis - 0.00501 (ms)
2026-07-13 09:08:00,544 [INFO] Pass: Optimize1qGatesDecomposition - 0.16522 (ms)
2026-07-13 09:08:00,544 [INFO] Pass: Depth - 0.03719 (ms)
2026-07-13 09:08:00,544 [INFO] Pass: FixedPoint - 0.00381 (ms)
2026-07-13 09:08:00,544 [INFO] Pass: ConsolidateBlocks - 0.06008 (ms)
2026-07-13 09:08:00,544 [INFO] Pass: Size - 0.00238 (ms)
2026-07-13 09:08:00,544 [INFO] Pass: Depth - 0.03982 (ms)
2026-07-13 09:08:00,544 [INFO] Pass: GatesInBasis - 0.05078 (ms)
2026-07-13 09:08:00,544 [INFO] Pass: FixedPoint - 0.00358 (ms)
2026-07-13 09:08:00,544 [INFO] Pass: Split2QUnitaries - 0.00286 (ms)
2026-07-13 09:08:00,544 [INFO] Pass: FixedPoint - 0.00525 (ms)
2026-07-13 09:08:00,544 [INFO] Pass: RemoveIdentityEquivalent - 0.00644 (ms)
2026-07-13 09:08:00,544 [INFO] Pass: UnitarySynthesis - 0.01407 (ms)
2026-07-13 09:08:00,544 [INFO] Pass: Size - 0.00286 (ms)
2026-07-13 09:08:00,544 [INFO] Pass: Depth - 0.03719 (ms)
2026-07-13 09:08:00,544 [INFO] Pass: ContainsInstruction - 0.01049 (ms)
2026-07-13 09:08:00,544 [INFO] Pass: FixedPoint - 0.00334 (ms)
2026-07-13 09:08:00,544 [INFO] Pass: FixedPoint - 0.00310 (ms)
2026-07-13 09:08:00,544 [INFO] Pass: RemoveIdentityEquivalent - 0.00668 (ms)
2026-07-13 09:08:00,544 [INFO] Pass: Size - 0.00215 (ms)
2026-07-13 09:08:00,544 [INFO] Pass: CommutativeCancellation - 0.13661 (ms)
2026-07-13 09:08:00,544 [INFO] Pass: UnitarySynthesis - 0.00691 (ms)
2026-07-13 09:08:00,544 [INFO] Pass: FixedPoint - 0.00310 (ms)
2026-07-13 09:08:00,544 [INFO] Pass: ContractIdleWiresInControlFlow - 0.00191 (ms)
2026-07-13 09:08:00,544 [INFO] Pass: HighLevelSynthesis - 0.06318 (ms)
2026-07-13 09:08:00,544 [INFO] Pass: HighLevelSynthesis - 0.00429 (ms)
2026-07-13 09:08:00,544 [INFO] Pass: ContainsInstruction - 0.00572 (ms)
2026-07-13 09:08:00,544 [INFO] Pass: GatesInBasis - 0.05198 (ms)
2026-07-13 09:08:00,544 [INFO] Pass: Optimize1qGatesDecomposition - 0.14400 (ms)
2026-07-13 09:08:00,544 [INFO] Pass: BasisTranslator - 0.05436 (ms)
2026-07-13 09:08:00,544 [INFO] Pass: BasisTranslator - 0.09871 (ms)
2026-07-13 09:08:00,544 [INFO] Pass: ElidePermutations - 0.00405 (ms)
2026-07-13 09:08:00,544 [INFO] Pass: Depth - 0.03719 (ms)
2026-07-13 09:08:00,544 [INFO] Pass: RemoveDiagonalGatesBeforeMeasure - 0.00620 (ms)
2026-07-13 09:08:00,544 [INFO] Pass: FixedPoint - 0.00405 (ms)
2026-07-13 09:08:00,544 [INFO] Pass: Optimize1qGatesDecomposition - 0.16665 (ms)
2026-07-13 09:08:00,544 [INFO] Pass: RemoveIdentityEquivalent - 0.00787 (ms)
2026-07-13 09:08:00,544 [INFO] Pass: Size - 0.00262 (ms)
2026-07-13 09:08:00,544 [INFO] Pass: FixedPoint - 0.00358 (ms)
2026-07-13 09:08:00,544 [INFO] Pass: ConsolidateBlocks - 0.06938 (ms)
2026-07-13 09:08:00,544 [INFO] Pass: RemoveIdentityEquivalent - 0.00596 (ms)
2026-07-13 09:08:00,544 [INFO] Pass: CommutativeCancellation - 0.13375 (ms)
2026-07-13 09:08:00,544 [INFO] Pass: InverseCancellation - 0.03290 (ms)
2026-07-13 09:08:00,544 [INFO] Pass: UnitarySynthesis - 0.00477 (ms)
2026-07-13 09:08:00,544 [INFO] Pass: ContractIdleWiresInControlFlow - 0.00215 (ms)
2026-07-13 09:08:00,544 [INFO] Pass: ContractIdleWiresInControlFlow - 0.00238 (ms)
2026-07-13 09:08:00,544 [INFO] Pass: Depth - 0.04292 (ms)
2026-07-13 09:08:00,544 [INFO] Pass: GatesInBasis - 0.05150 (ms)
2026-07-13 09:08:00,544 [INFO] Pass: FixedPoint - 0.00477 (ms)
2026-07-13 09:08:00,544 [INFO] Pass: CommutativeCancellation - 0.14019 (ms)
2026-07-13 09:08:00,544 [INFO] Pass: Size - 0.00262 (ms)
2026-07-13 09:08:00,544 [INFO] Pass: ContractIdleWiresInControlFlow - 0.00238 (ms)
2026-07-13 09:08:00,544 [INFO] Pass: FixedPoint - 0.00310 (ms)
2026-07-13 09:08:00,544 [INFO] Pass: Depth - 0.03576 (ms)
2026-07-13 09:08:00,544 [INFO] Pass: Optimize1qGatesDecomposition - 0.14186 (ms)
2026-07-13 09:08:00,544 [INFO] Pass: CommutativeCancellation - 0.12302 (ms)
2026-07-13 09:08:00,544 [INFO] Pass: RemoveIdentityEquivalent - 0.00715 (ms)
2026-07-13 09:08:00,544 [INFO] Pass: FixedPoint - 0.00334 (ms)
2026-07-13 09:08:00,544 [INFO] Pass: GatesInBasis - 0.05150 (ms)
2026-07-13 09:08:00,544 [INFO] Pass: Size - 0.00215 (ms)
2026-07-13 09:08:00,544 [INFO] Pass: FixedPoint - 0.00286 (ms)
2026-07-13 09:08:00,544 [INFO] Total Transpile Time - 89.38360 (ms)
2026-07-13 09:08:00,544 [INFO] Pass: ContainsInstruction - 0.01192 (ms)
2026-07-13 09:08:00,544 [INFO] Pass: ConsolidateBlocks - 0.06461 (ms)
2026-07-13 09:08:00,544 [INFO] Pass: Depth - 0.04554 (ms)
2026-07-13 09:08:00,544 [INFO] Pass: FixedPoint - 0.00381 (ms)
2026-07-13 09:08:00,544 [INFO] Pass: Split2QUnitaries - 0.00310 (ms)
2026-07-13 09:08:00,544 [INFO] Pass: Size - 0.00238 (ms)
2026-07-13 09:08:00,544 [INFO] Pass: UnitarySynthesis - 0.01478 (ms)
2026-07-13 09:08:00,544 [INFO] Pass: FixedPoint - 0.00358 (ms)
2026-07-13 09:08:00,544 [INFO] Pass: CommutativeCancellation - 0.13804 (ms)
2026-07-13 09:08:00,544 [INFO] Pass: ContractIdleWiresInControlFlow - 0.00191 (ms)
2026-07-13 09:08:00,544 [INFO] Pass: RemoveIdentityEquivalent - 0.00668 (ms)
2026-07-13 09:08:00,544 [INFO] Pass: Optimize1qGatesDecomposition - 0.17357 (ms)
2026-07-13 09:08:00,544 [INFO] Pass: HighLevelSynthesis - 0.06437 (ms)
2026-07-13 09:08:00,544 [INFO] Pass: ContainsInstruction - 0.01001 (ms)
2026-07-13 09:08:00,544 [INFO] Pass: GatesInBasis - 0.05126 (ms)
2026-07-13 09:08:00,544 [INFO] Pass: ContainsInstruction - 0.01073 (ms)
2026-07-13 09:08:00,544 [INFO] Pass: UnitarySynthesis - 0.00668 (ms)
2026-07-13 09:08:00,545 [INFO] Pass: Depth - 0.03552 (ms)
2026-07-13 09:08:00,545 [INFO] Pass: UnitarySynthesis - 0.00715 (ms)
2026-07-13 09:08:00,545 [INFO] Pass: HighLevelSynthesis - 0.00429 (ms)
2026-07-13 09:08:00,545 [INFO] Pass: FixedPoint - 0.00334 (ms)
2026-07-13 09:08:00,545 [INFO] Pass: Optimize1qGatesDecomposition - 0.14424 (ms)
2026-07-13 09:08:00,545 [INFO] Pass: Size - 0.00191 (ms)
2026-07-13 09:08:00,545 [INFO] Pass: HighLevelSynthesis - 0.00405 (ms)
2026-07-13 09:08:00,545 [INFO] Pass: BasisTranslator - 0.09823 (ms)
2026-07-13 09:08:00,545 [INFO] Pass: CommutativeCancellation - 0.13900 (ms)
2026-07-13 09:08:00,545 [INFO] Pass: FixedPoint - 0.00286 (ms)
2026-07-13 09:08:00,545 [INFO] Pass: ContractIdleWiresInControlFlow - 0.00238 (ms)
2026-07-13 09:08:00,545 [INFO] Pass: BasisTranslator - 0.05293 (ms)
2026-07-13 09:08:00,545 [INFO] Pass: ContainsInstruction - 0.00548 (ms)
2026-07-13 09:08:00,545 [INFO] Pass: ElidePermutations - 0.00358 (ms)
2026-07-13 09:08:00,545 [INFO] Pass: BasisTranslator - 0.05198 (ms)
2026-07-13 09:08:00,545 [INFO] Pass: ConsolidateBlocks - 0.06914 (ms)
2026-07-13 09:08:00,545 [INFO] Pass: RemoveDiagonalGatesBeforeMeasure - 0.00644 (ms)
2026-07-13 09:08:00,545 [INFO] Pass: GatesInBasis - 0.05102 (ms)
2026-07-13 09:08:00,545 [INFO] Pass: ElidePermutations - 0.00405 (ms)
2026-07-13 09:08:00,545 [INFO] Pass: UnitarySynthesis - 0.00477 (ms)
2026-07-13 09:08:00,545 [INFO] Pass: RemoveIdentityEquivalent - 0.00811 (ms)
2026-07-13 09:08:00,545 [INFO] Pass: RemoveDiagonalGatesBeforeMeasure - 0.00596 (ms)
2026-07-13 09:08:00,545 [INFO] Total Transpile Time - 89.71810 (ms)
2026-07-13 09:08:00,545 [INFO] Pass: CommutativeCancellation - 0.13280 (ms)
2026-07-13 09:08:00,545 [INFO] Pass: Depth - 0.03862 (ms)
2026-07-13 09:08:00,545 [INFO] Pass: RemoveIdentityEquivalent - 0.00787 (ms)
2026-07-13 09:08:00,545 [INFO] Pass: Depth - 0.03910 (ms)
2026-07-13 09:08:00,545 [INFO] Pass: InverseCancellation - 0.03195 (ms)
2026-07-13 09:08:00,545 [INFO] Pass: ContractIdleWiresInControlFlow - 0.00191 (ms)
2026-07-13 09:08:00,545 [INFO] Pass: FixedPoint - 0.00381 (ms)
2026-07-13 09:08:00,545 [INFO] Pass: ContractIdleWiresInControlFlow - 0.00215 (ms)
2026-07-13 09:08:00,545 [INFO] Pass: Size - 0.00238 (ms)
2026-07-13 09:08:00,545 [INFO] Pass: FixedPoint - 0.00501 (ms)
2026-07-13 09:08:00,545 [INFO] Pass: ContainsInstruction - 0.01025 (ms)
2026-07-13 09:08:00,545 [INFO] Pass: FixedPoint - 0.00358 (ms)
2026-07-13 09:08:00,545 [INFO] Pass: Size - 0.00310 (ms)
2026-07-13 09:08:00,545 [INFO] Pass: InverseCancellation - 0.03457 (ms)
2026-07-13 09:08:00,545 [INFO] Pass: FixedPoint - 0.00286 (ms)
2026-07-13 09:08:00,545 [INFO] Pass: GatesInBasis - 0.05054 (ms)
2026-07-13 09:08:00,545 [INFO] Pass: RemoveIdentityEquivalent - 0.00644 (ms)
2026-07-13 09:08:00,545 [INFO] Pass: ContractIdleWiresInControlFlow - 0.00215 (ms)
2026-07-13 09:08:00,545 [INFO] Pass: UnitarySynthesis - 0.00715 (ms)
2026-07-13 09:08:00,545 [INFO] Pass: RemoveIdentityEquivalent - 0.00644 (ms)
2026-07-13 09:08:00,545 [INFO] Pass: HighLevelSynthesis - 0.00453 (ms)
2026-07-13 09:08:00,545 [INFO] Pass: Depth - 0.03624 (ms)
2026-07-13 09:08:00,545 [INFO] Pass: FixedPoint - 0.00334 (ms)
2026-07-13 09:08:00,545 [INFO] Pass: CommutativeCancellation - 0.11706 (ms)
2026-07-13 09:08:00,545 [INFO] Pass: Size - 0.00191 (ms)
2026-07-13 09:08:00,545 [INFO] Pass: FixedPoint - 0.00310 (ms)
2026-07-13 09:08:00,545 [INFO] Pass: BasisTranslator - 0.05341 (ms)
2026-07-13 09:08:00,545 [INFO] Pass: ContainsInstruction - 0.00477 (ms)
2026-07-13 09:08:00,545 [INFO] Pass: ElidePermutations - 0.00358 (ms)
2026-07-13 09:08:00,545 [INFO] Pass: CommutativeCancellation - 0.12136 (ms)
2026-07-13 09:08:00,545 [INFO] Pass: Optimize1qGatesDecomposition - 0.14424 (ms)
2026-07-13 09:08:00,545 [INFO] Pass: ConsolidateBlocks - 0.05698 (ms)
2026-07-13 09:08:00,545 [INFO] Pass: RemoveDiagonalGatesBeforeMeasure - 0.00596 (ms)
2026-07-13 09:08:00,545 [INFO] Pass: Split2QUnitaries - 0.00286 (ms)
2026-07-13 09:08:00,545 [INFO] Pass: RemoveIdentityEquivalent - 0.00763 (ms)
2026-07-13 09:08:00,545 [INFO] Pass: Optimize1qGatesDecomposition - 0.16761 (ms)
2026-07-13 09:08:00,545 [INFO] Total Transpile Time - 89.69951 (ms)
2026-07-13 09:08:00,545 [INFO] Pass: UnitarySynthesis - 0.01407 (ms)
2026-07-13 09:08:00,545 [INFO] Pass: ConsolidateBlocks - 0.06270 (ms)
2026-07-13 09:08:00,545 [INFO] Pass: InverseCancellation - 0.03266 (ms)
2026-07-13 09:08:00,545 [INFO] Pass: Split2QUnitaries - 0.00310 (ms)
2026-07-13 09:08:00,545 [INFO] Pass: ContractIdleWiresInControlFlow - 0.00238 (ms)
2026-07-13 09:08:00,545 [INFO] Pass: UnitarySynthesis - 0.01550 (ms)
2026-07-13 09:08:00,545 [INFO] Pass: HighLevelSynthesis - 0.06437 (ms)
2026-07-13 09:08:00,545 [INFO] Pass: CommutativeCancellation - 0.13232 (ms)
2026-07-13 09:08:00,545 [INFO] Pass: ContractIdleWiresInControlFlow - 0.00191 (ms)
2026-07-13 09:08:00,545 [INFO] Pass: CommutativeCancellation - 0.14019 (ms)
2026-07-13 09:08:00,545 [INFO] Pass: HighLevelSynthesis - 0.06390 (ms)
2026-07-13 09:08:00,545 [INFO] Pass: ContractIdleWiresInControlFlow - 0.00215 (ms)
2026-07-13 09:08:00,545 [INFO] Pass: GatesInBasis - 0.05579 (ms)
2026-07-13 09:08:00,545 [INFO] Pass: CommutativeCancellation - 0.12755 (ms)
2026-07-13 09:08:00,545 [INFO] Pass: BasisTranslator - 0.10395 (ms)
2026-07-13 09:08:00,545 [INFO] Pass: Depth - 0.04005 (ms)
2026-07-13 09:08:00,545 [INFO] Pass: GatesInBasis - 0.05555 (ms)
2026-07-13 09:08:00,545 [INFO] Pass: FixedPoint - 0.00358 (ms)
2026-07-13 09:08:00,545 [INFO] Pass: BasisTranslator - 0.09751 (ms)
2026-07-13 09:08:00,545 [INFO] Pass: ConsolidateBlocks - 0.05794 (ms)
2026-07-13 09:08:00,545 [INFO] Pass: ConsolidateBlocks - 0.06819 (ms)
2026-07-13 09:08:00,545 [INFO] Pass: Size - 0.00238 (ms)
2026-07-13 09:08:00,545 [INFO] Pass: Split2QUnitaries - 0.00334 (ms)
2026-07-13 09:08:00,545 [INFO] Pass: Depth - 0.03815 (ms)
2026-07-13 09:08:00,545 [INFO] Pass: FixedPoint - 0.00334 (ms)
2026-07-13 09:08:00,545 [INFO] Pass: UnitarySynthesis - 0.00453 (ms)
2026-07-13 09:08:00,545 [INFO] Pass: FixedPoint - 0.00358 (ms)
2026-07-13 09:08:00,545 [INFO] Pass: ContainsInstruction - 0.00525 (ms)
2026-07-13 09:08:00,545 [INFO] Pass: UnitarySynthesis - 0.01597 (ms)
2026-07-13 09:08:00,545 [INFO] Total Transpile Time - 90.20782 (ms)
2026-07-13 09:08:00,545 [INFO] Pass: Size - 0.00215 (ms)
2026-07-13 09:08:00,545 [INFO] Pass: ConsolidateBlocks - 0.07010 (ms)
2026-07-13 09:08:00,545 [INFO] Pass: FixedPoint - 0.00381 (ms)
2026-07-13 09:08:00,545 [INFO] Pass: Depth - 0.03958 (ms)
2026-07-13 09:08:00,545 [INFO] Pass: UnitarySynthesis - 0.00525 (ms)
2026-07-13 09:08:00,546 [INFO] Pass: RemoveIdentityEquivalent - 0.00644 (ms)
2026-07-13 09:08:00,546 [INFO] Pass: FixedPoint - 0.00525 (ms)
2026-07-13 09:08:00,546 [INFO] Pass: Size - 0.00262 (ms)
2026-07-13 09:08:00,546 [INFO] Pass: HighLevelSynthesis - 0.06795 (ms)
2026-07-13 09:08:00,546 [INFO] Pass: FixedPoint - 0.00286 (ms)
2026-07-13 09:08:00,546 [INFO] Pass: Depth - 0.03862 (ms)
2026-07-13 09:08:00,546 [INFO] Pass: FixedPoint - 0.00477 (ms)
2026-07-13 09:08:00,546 [INFO] Pass: RemoveIdentityEquivalent - 0.00644 (ms)
2026-07-13 09:08:00,546 [INFO] Pass: Size - 0.00286 (ms)
2026-07-13 09:08:00,546 [INFO] Pass: FixedPoint - 0.00286 (ms)
2026-07-13 09:08:00,546 [INFO] Pass: BasisTranslator - 0.10109 (ms)
2026-07-13 09:08:00,546 [INFO] Pass: RemoveIdentityEquivalent - 0.00668 (ms)
2026-07-13 09:08:00,546 [INFO] Pass: Optimize1qGatesDecomposition - 0.14544 (ms)
2026-07-13 09:08:00,546 [INFO] Pass: ConsolidateBlocks - 0.07081 (ms)
2026-07-13 09:08:00,546 [INFO] Pass: Optimize1qGatesDecomposition - 0.17023 (ms)
2026-07-13 09:08:00,546 [INFO] Pass: UnitarySynthesis - 0.00453 (ms)
2026-07-13 09:08:00,546 [INFO] Pass: Depth - 0.03886 (ms)
2026-07-13 09:08:00,546 [INFO] Pass: CommutativeCancellation - 0.13661 (ms)
2026-07-13 09:08:00,546 [INFO] Pass: Optimize1qGatesDecomposition - 0.16952 (ms)
2026-07-13 09:08:00,546 [INFO] Pass: FixedPoint - 0.00501 (ms)
2026-07-13 09:08:00,546 [INFO] Pass: ContractIdleWiresInControlFlow - 0.00215 (ms)
2026-07-13 09:08:00,546 [INFO] Total Transpile Time - 90.02256 (ms)
2026-07-13 09:08:00,546 [INFO] Pass: Size - 0.00286 (ms)
2026-07-13 09:08:00,546 [INFO] Pass: FixedPoint - 0.00310 (ms)
2026-07-13 09:08:00,546 [INFO] Pass: RemoveIdentityEquivalent - 0.00691 (ms)
2026-07-13 09:08:00,546 [INFO] Pass: GatesInBasis - 0.05484 (ms)
2026-07-13 09:08:00,546 [INFO] Pass: CommutativeCancellation - 0.13876 (ms)
2026-07-13 09:08:00,546 [INFO] Pass: ContractIdleWiresInControlFlow - 0.00238 (ms)
2026-07-13 09:08:00,546 [INFO] Pass: Depth - 0.03910 (ms)
2026-07-13 09:08:00,546 [INFO] Pass: CommutativeCancellation - 0.13781 (ms)
2026-07-13 09:08:00,546 [INFO] Pass: FixedPoint - 0.00334 (ms)
2026-07-13 09:08:00,546 [INFO] Pass: ContractIdleWiresInControlFlow - 0.00191 (ms)
2026-07-13 09:08:00,546 [INFO] Pass: GatesInBasis - 0.05054 (ms)
2026-07-13 09:08:00,546 [INFO] Pass: Size - 0.00215 (ms)
2026-07-13 09:08:00,546 [INFO] Pass: FixedPoint - 0.00310 (ms)
2026-07-13 09:08:00,546 [INFO] Pass: ContainsInstruction - 0.00572 (ms)
2026-07-13 09:08:00,546 [INFO] Pass: Depth - 0.03982 (ms)
2026-07-13 09:08:00,546 [INFO] Pass: GatesInBasis - 0.05102 (ms)
2026-07-13 09:08:00,546 [INFO] Pass: Optimize1qGatesDecomposition - 0.16880 (ms)
2026-07-13 09:08:00,546 [INFO] Pass: FixedPoint - 0.00381 (ms)
2026-07-13 09:08:00,546 [INFO] Pass: Size - 0.00215 (ms)
2026-07-13 09:08:00,546 [INFO] Pass: FixedPoint - 0.00381 (ms)
2026-07-13 09:08:00,546 [INFO] Pass: Depth - 0.03815 (ms)
2026-07-13 09:08:00,546 [INFO] Pass: FixedPoint - 0.00381 (ms)
2026-07-13 09:08:00,546 [INFO] Pass: RemoveIdentityEquivalent - 0.00620 (ms)
2026-07-13 09:08:00,546 [INFO] Pass: Size - 0.00787 (ms)
2026-07-13 09:08:00,546 [INFO] Pass: FixedPoint - 0.00381 (ms)
2026-07-13 09:08:00,546 [INFO] Pass: RemoveIdentityEquivalent - 0.00596 (ms)
2026-07-13 09:08:00,546 [INFO] Pass: CommutativeCancellation - 0.14734 (ms)
2026-07-13 09:08:00,546 [INFO] Pass: ContractIdleWiresInControlFlow - 0.00215 (ms)
2026-07-13 09:08:00,546 [INFO] Pass: Optimize1qGatesDecomposition - 0.14806 (ms)
2026-07-13 09:08:00,546 [INFO] Pass: GatesInBasis - 0.05126 (ms)
2026-07-13 09:08:00,546 [INFO] Pass: Optimize1qGatesDecomposition - 0.14448 (ms)
2026-07-13 09:08:00,547 [INFO] Pass: Depth - 0.03791 (ms)
2026-07-13 09:08:00,547 [INFO] Pass: FixedPoint - 0.00358 (ms)
2026-07-13 09:08:00,547 [INFO] Pass: Size - 0.00238 (ms)
2026-07-13 09:08:00,547 [INFO] Pass: FixedPoint - 0.00358 (ms)
2026-07-13 09:08:00,547 [INFO] Pass: CommutativeCancellation - 0.13137 (ms)
2026-07-13 09:08:00,547 [INFO] Total Transpile Time - 90.63482 (ms)
2026-07-13 09:08:00,547 [INFO] Pass: RemoveIdentityEquivalent - 0.00644 (ms)
2026-07-13 09:08:00,547 [INFO] Pass: ContractIdleWiresInControlFlow - 0.00215 (ms)
2026-07-13 09:08:00,547 [INFO] Pass: CommutativeCancellation - 0.13351 (ms)
2026-07-13 09:08:00,547 [INFO] Pass: ContractIdleWiresInControlFlow - 0.00191 (ms)
2026-07-13 09:08:00,547 [INFO] Pass: GatesInBasis - 0.05078 (ms)
2026-07-13 09:08:00,547 [INFO] Pass: Depth - 0.03695 (ms)
2026-07-13 09:08:00,547 [INFO] Pass: GatesInBasis - 0.05031 (ms)
2026-07-13 09:08:00,547 [INFO] Pass: FixedPoint - 0.00358 (ms)
2026-07-13 09:08:00,547 [INFO] Pass: Optimize1qGatesDecomposition - 0.14615 (ms)
2026-07-13 09:08:00,547 [INFO] Pass: Size - 0.00238 (ms)
2026-07-13 09:08:00,547 [INFO] Pass: Depth - 0.03695 (ms)
2026-07-13 09:08:00,547 [INFO] Pass: FixedPoint - 0.00310 (ms)
2026-07-13 09:08:00,547 [INFO] Pass: FixedPoint - 0.00358 (ms)
2026-07-13 09:08:00,547 [INFO] Pass: ContainsInstruction - 0.00548 (ms)
2026-07-13 09:08:00,547 [INFO] Pass: Size - 0.00191 (ms)
2026-07-13 09:08:00,547 [INFO] Pass: FixedPoint - 0.00310 (ms)
2026-07-13 09:08:00,547 [INFO] Pass: ContainsInstruction - 0.00501 (ms)
2026-07-13 09:08:00,547 [INFO] Pass: CommutativeCancellation - 0.13256 (ms)
2026-07-13 09:08:00,547 [INFO] Pass: ContractIdleWiresInControlFlow - 0.00191 (ms)
2026-07-13 09:08:00,547 [INFO] Pass: GatesInBasis - 0.04983 (ms)
2026-07-13 09:08:00,547 [INFO] Pass: Depth - 0.03576 (ms)
2026-07-13 09:08:00,547 [INFO] Pass: FixedPoint - 0.00334 (ms)
2026-07-13 09:08:00,547 [INFO] Pass: Size - 0.00215 (ms)
2026-07-13 09:08:00,547 [INFO] Pass: FixedPoint - 0.00310 (ms)
2026-07-13 09:08:00,547 [INFO] Pass: ContainsInstruction - 0.00548 (ms)
2026-07-13 09:08:00,547 [INFO] Total Transpile Time - 90.20400 (ms)
2026-07-13 09:08:00,547 [INFO] Total Transpile Time - 91.06898 (ms)
2026-07-13 09:08:00,548 [INFO] Total Transpile Time - 91.84766 (ms)
2026-07-13 09:08:00,899 [INFO] [PCE] Aer metadata (1ª ejecución de este proceso): device=CPU method=statevector shots=exact fusion_enabled=True
2026-07-13 09:08:00,902 [INFO] [PCE] Aer metadata (1ª ejecución de este proceso): device=CPU method=statevector shots=exact fusion_enabled=True
2026-07-13 09:08:00,904 [INFO] [PCE] Aer metadata (1ª ejecución de este proceso): device=CPU method=statevector shots=exact fusion_enabled=True
2026-07-13 09:08:00,907 [INFO] [PCE] Aer metadata (1ª ejecución de este proceso): device=CPU method=statevector shots=exact fusion_enabled=True
2026-07-13 09:08:00,909 [INFO] [PCE] Aer metadata (1ª ejecución de este proceso): device=CPU method=statevector shots=exact fusion_enabled=True
2026-07-13 09:08:00,911 [INFO] [PCE] Aer metadata (1ª ejecución de este proceso): device=CPU method=statevector shots=exact fusion_enabled=True
2026-07-13 09:08:00,914 [INFO] [PCE] Aer metadata (1ª ejecución de este proceso): device=CPU method=statevector shots=exact fusion_enabled=True
2026-07-13 09:08:00,916 [INFO] [PCE] Aer metadata (1ª ejecución de este proceso): device=CPU method=statevector shots=exact fusion_enabled=True
2026-07-13 09:08:00,919 [INFO] [PCE] Aer metadata (1ª ejecución de este proceso): device=CPU method=statevector shots=exact fusion_enabled=True
2026-07-13 13:23:49,905 [INFO] [PCE] n=350 instancia (idx=93) 1/9 completada (paralelo) — transcurrido=0:04:15:50
2026-07-13 13:24:02,920 [INFO] [PCE] n=350 instancia (idx=16) 2/9 completada (paralelo) — transcurrido=0:04:16:03
2026-07-13 13:24:16,453 [INFO] [PCE] n=350 instancia (idx=71) 3/9 completada (paralelo) — transcurrido=0:04:16:16
2026-07-13 13:24:47,397 [INFO] [PCE] n=350 instancia (idx=5) 4/9 completada (paralelo) — transcurrido=0:04:16:47
2026-07-13 13:25:04,213 [INFO] [PCE] n=350 instancia (idx=60) 5/9 completada (paralelo) — transcurrido=0:04:17:04
2026-07-13 13:25:04,524 [INFO] [PCE] n=350 instancia (idx=27) 6/9 completada (paralelo) — transcurrido=0:04:17:04
2026-07-13 13:25:05,651 [INFO] [PCE] n=350 instancia (idx=49) 7/9 completada (paralelo) — transcurrido=0:04:17:06
2026-07-13 13:25:07,957 [INFO] [PCE] n=350 instancia (idx=38) 8/9 completada (paralelo) — transcurrido=0:04:17:08
2026-07-13 13:25:11,847 [INFO] [PCE] n=350 instancia (idx=82) 9/9 completada (paralelo) — transcurrido=0:04:17:12
2026-07-13 13:25:11,981 [INFO] [PCE] n=350 chunk 6/11 completado — beta_parcial=0.6826 duration=0:04:17:12 shots=exact backend=AER
