qmio/hpc unloaded
gcccore/12.3.0 unloaded
binutils/2.40 unloaded
sqlite/3.45.3 unloaded
libffi/3.4.4 unloaded
python/3.11.9 unloaded
imkl/2023.2.0 unloaded
ninja/1.9.0 unloaded
meson/1.5.2-python-3.11.9 unloaded
meson-python/0.16.0-python-3.11.9 unloaded
cython/3.0.9-python-3.11.9 unloaded
numpy/1.26.4-python-3.11.9 unloaded
pybind11/2.13.6-python-3.11.9 unloaded
xsimd/12.1.1 unloaded
llvm/16.0.0 unloaded
gmp/6.3.0 unloaded
mpfr/4.2.1 unloaded
mpc/1.3.1 unloaded
flint/3.1.2 unloaded
symengine/0.11.2 unloaded
symengine-python/0.11.0-python-3.11.9 unloaded
spdlog/1.9.2 unloaded
pylatexenc/2.10-python-3.11.9 unloaded
libgd/2.3.3 unloaded
nasm/2.16.03 unloaded
libjpeg-turbo/3.0.2 unloaded
matplotlib/3.6.3-python-3.11.9 unloaded
pandas/2.2.2-python-3.11.9 unloaded
seaborn/0.12.2-python-3.11.9 unloaded
gcc/12.3.0 unloaded
rust/1.88.0 unloaded
pythran/0.15.0-python-3.11.9 unloaded
scipy/1.13.0-python-3.11.9 unloaded
qmio-run/0.5.1-python-3.11.9 unloaded
qiskit/2.2.3-python-3.11.9 unloaded
qmio-tools/0.2.1-python-3.11.9 unloaded
        Preparing the environment for use of the sistema software stack.
        Please rebuild modules cache: module --ignore-cache avail
     
qmio/hpc loaded
gcccore/12.3.0 loaded
binutils/2.40 loaded
sqlite/3.45.3 loaded
libffi/3.4.4 loaded
python/3.11.9 loaded

imkl/2023.2.0 loaded
ninja/1.9.0 loaded
meson/1.5.2-python-3.11.9 loaded
meson-python/0.16.0-python-3.11.9 loaded
cython/3.0.9-python-3.11.9 loaded
numpy/1.26.4-python-3.11.9 loaded
pybind11/2.13.6-python-3.11.9 loaded
xsimd/12.1.1 loaded
llvm/16.0.0 loaded
gmp/6.3.0 loaded
mpfr/4.2.1 loaded
mpc/1.3.1 loaded
flint/3.1.2 loaded
symengine/0.11.2 loaded
symengine-python/0.11.0-python-3.11.9 loaded
spdlog/1.9.2 loaded
pylatexenc/2.10-python-3.11.9 loaded
libgd/2.3.3 loaded
nasm/2.16.03 loaded
libjpeg-turbo/3.0.2 loaded
matplotlib/3.6.3-python-3.11.9 loaded
pandas/2.2.2-python-3.11.9 loaded
seaborn/0.12.2-python-3.11.9 loaded
gcc/12.3.0 loaded
rust/1.88.0 loaded
pythran/0.15.0-python-3.11.9 loaded
scipy/1.13.0-python-3.11.9 loaded
qmio-run/0.5.1-python-3.11.9 loaded
qiskit/2.2.3-python-3.11.9 loaded
qmio-tools/0.2.1-python-3.11.9 loaded
gcc/12.3.0 unloaded
rust/1.88.0 unloaded
pythran/0.15.0-python-3.11.9 unloaded
scipy/1.13.0-python-3.11.9 unloaded
qmio-run/0.5.1-python-3.11.9 unloaded
qiskit/2.2.3-python-3.11.9 unloaded
qmio-tools/0.2.1-python-3.11.9 unloaded
gcc/12.3.0 loaded
rust/1.88.0 loaded
pythran/0.15.0-python-3.11.9 loaded
scipy/1.13.0-python-3.11.9 loaded
qmio-run/0.5.1-python-3.11.9 loaded
qiskit/2.2.3-python-3.11.9 loaded
qmio-tools/0.2.1-python-3.11.9 loaded
qiskit/2.2.3-python-3.11.9 unloaded
qiskit/2.2.3-python-3.11.9 loaded
qmio-tools/0.2.1-python-3.11.9 unloaded
qmio-tools/0.2.1-python-3.11.9 loaded
2026-07-13 09:08:00,381 [INFO] [PCE] n=350 chunk 11/11: 9 instancias [10, 21, 32, 43, 54, 65, 76, 87, 98], num_workers=9, qubits=10
2026-07-13 09:08:00,381 [INFO] [PCE] n=350 paralelizando 9 instancias entre 9 workers (3 hilos/worker, 32 hilos totales disponibles)
2026-07-13 09:08:00,671 [INFO] Pass: ContainsInstruction - 0.01907 (ms)
2026-07-13 09:08:00,671 [INFO] Pass: UnitarySynthesis - 0.01144 (ms)
2026-07-13 09:08:00,671 [INFO] Pass: HighLevelSynthesis - 0.01860 (ms)
2026-07-13 09:08:00,671 [INFO] Pass: ContainsInstruction - 0.02360 (ms)
2026-07-13 09:08:00,671 [INFO] Pass: UnitarySynthesis - 0.01073 (ms)
2026-07-13 09:08:00,671 [INFO] Pass: ContainsInstruction - 0.01693 (ms)
2026-07-13 09:08:00,671 [INFO] Pass: BasisTranslator - 0.08440 (ms)
2026-07-13 09:08:00,671 [INFO] Pass: HighLevelSynthesis - 0.01621 (ms)
2026-07-13 09:08:00,671 [INFO] Pass: ContainsInstruction - 0.01502 (ms)
2026-07-13 09:08:00,671 [INFO] Pass: ElidePermutations - 0.00596 (ms)
2026-07-13 09:08:00,671 [INFO] Pass: UnitarySynthesis - 0.01025 (ms)
2026-07-13 09:08:00,672 [INFO] Pass: UnitarySynthesis - 0.00954 (ms)
2026-07-13 09:08:00,672 [INFO] Pass: RemoveDiagonalGatesBeforeMeasure - 0.01693 (ms)
2026-07-13 09:08:00,672 [INFO] Pass: HighLevelSynthesis - 0.01311 (ms)
2026-07-13 09:08:00,672 [INFO] Pass: BasisTranslator - 0.07939 (ms)
2026-07-13 09:08:00,672 [INFO] Pass: HighLevelSynthesis - 0.01478 (ms)
2026-07-13 09:08:00,672 [INFO] Pass: RemoveIdentityEquivalent - 0.01955 (ms)
2026-07-13 09:08:00,672 [INFO] Pass: ElidePermutations - 0.00596 (ms)
2026-07-13 09:08:00,672 [INFO] Pass: ContainsInstruction - 0.01597 (ms)
2026-07-13 09:08:00,672 [INFO] Pass: ContainsInstruction - 0.01550 (ms)
2026-07-13 09:08:00,672 [INFO] Pass: InverseCancellation - 0.01240 (ms)
2026-07-13 09:08:00,672 [INFO] Pass: BasisTranslator - 0.07772 (ms)
2026-07-13 09:08:00,672 [INFO] Pass: ContainsInstruction - 0.01574 (ms)
2026-07-13 09:08:00,672 [INFO] Pass: ContractIdleWiresInControlFlow - 0.00262 (ms)
2026-07-13 09:08:00,672 [INFO] Pass: RemoveDiagonalGatesBeforeMeasure - 0.01502 (ms)
2026-07-13 09:08:00,672 [INFO] Pass: ContainsInstruction - 0.01550 (ms)
2026-07-13 09:08:00,672 [INFO] Pass: ElidePermutations - 0.00477 (ms)
2026-07-13 09:08:00,672 [INFO] Pass: UnitarySynthesis - 0.01001 (ms)
2026-07-13 09:08:00,672 [INFO] Pass: UnitarySynthesis - 0.01049 (ms)
2026-07-13 09:08:00,672 [INFO] Pass: BasisTranslator - 0.08011 (ms)
2026-07-13 09:08:00,672 [INFO] Pass: RemoveIdentityEquivalent - 0.01979 (ms)
2026-07-13 09:08:00,672 [INFO] Pass: UnitarySynthesis - 0.01025 (ms)
2026-07-13 09:08:00,672 [INFO] Pass: ElidePermutations - 0.00572 (ms)
2026-07-13 09:08:00,672 [INFO] Pass: ContainsInstruction - 0.01621 (ms)
2026-07-13 09:08:00,672 [INFO] Pass: RemoveDiagonalGatesBeforeMeasure - 0.01311 (ms)
2026-07-13 09:08:00,672 [INFO] Pass: UnitarySynthesis - 0.01025 (ms)
2026-07-13 09:08:00,672 [INFO] Pass: HighLevelSynthesis - 0.01431 (ms)
2026-07-13 09:08:00,672 [INFO] Pass: HighLevelSynthesis - 0.01240 (ms)
2026-07-13 09:08:00,672 [INFO] Pass: InverseCancellation - 0.01097 (ms)
2026-07-13 09:08:00,672 [INFO] Pass: HighLevelSynthesis - 0.01407 (ms)
2026-07-13 09:08:00,672 [INFO] Pass: ContractIdleWiresInControlFlow - 0.00310 (ms)
2026-07-13 09:08:00,672 [INFO] Pass: RemoveIdentityEquivalent - 0.01740 (ms)
2026-07-13 09:08:00,672 [INFO] Pass: HighLevelSynthesis - 0.01335 (ms)
2026-07-13 09:08:00,672 [INFO] Pass: RemoveDiagonalGatesBeforeMeasure - 0.01240 (ms)
2026-07-13 09:08:00,672 [INFO] Pass: CommutativeCancellation - 0.12732 (ms)
2026-07-13 09:08:00,672 [INFO] Pass: UnitarySynthesis - 0.00978 (ms)
2026-07-13 09:08:00,672 [INFO] Pass: InverseCancellation - 0.01049 (ms)
2026-07-13 09:08:00,672 [INFO] Pass: RemoveIdentityEquivalent - 0.01884 (ms)
2026-07-13 09:08:00,672 [INFO] Pass: ContractIdleWiresInControlFlow - 0.00262 (ms)
2026-07-13 09:08:00,672 [INFO] Pass: HighLevelSynthesis - 0.01407 (ms)
2026-07-13 09:08:00,672 [INFO] Pass: BasisTranslator - 0.08368 (ms)
2026-07-13 09:08:00,672 [INFO] Pass: BasisTranslator - 0.08607 (ms)
2026-07-13 09:08:00,672 [INFO] Pass: BasisTranslator - 0.07701 (ms)
2026-07-13 09:08:00,672 [INFO] Pass: InverseCancellation - 0.01001 (ms)
2026-07-13 09:08:00,672 [INFO] Pass: ElidePermutations - 0.00548 (ms)
2026-07-13 09:08:00,672 [INFO] Pass: ElidePermutations - 0.00834 (ms)
2026-07-13 09:08:00,672 [INFO] Pass: ConsolidateBlocks - 0.07820 (ms)
2026-07-13 09:08:00,672 [INFO] Pass: BasisTranslator - 0.07963 (ms)
2026-07-13 09:08:00,672 [INFO] Pass: ContractIdleWiresInControlFlow - 0.00286 (ms)
2026-07-13 09:08:00,672 [INFO] Pass: CommutativeCancellation - 0.11897 (ms)
2026-07-13 09:08:00,672 [INFO] Pass: ElidePermutations - 0.00501 (ms)
2026-07-13 09:08:00,672 [INFO] Pass: Split2QUnitaries - 0.00834 (ms)
2026-07-13 09:08:00,672 [INFO] Pass: ElidePermutations - 0.00572 (ms)
2026-07-13 09:08:00,672 [INFO] Pass: RemoveDiagonalGatesBeforeMeasure - 0.01407 (ms)
2026-07-13 09:08:00,672 [INFO] Pass: UnitarySynthesis - 0.00572 (ms)
2026-07-13 09:08:00,672 [INFO] Pass: RemoveDiagonalGatesBeforeMeasure - 0.01431 (ms)
2026-07-13 09:08:00,672 [INFO] Pass: BasisTranslator - 0.07749 (ms)
2026-07-13 09:08:00,672 [INFO] Pass: RemoveDiagonalGatesBeforeMeasure - 0.01454 (ms)
2026-07-13 09:08:00,672 [INFO] Pass: CommutativeCancellation - 0.11897 (ms)
2026-07-13 09:08:00,672 [INFO] Pass: ElidePermutations - 0.00525 (ms)
2026-07-13 09:08:00,672 [INFO] Pass: RemoveDiagonalGatesBeforeMeasure - 0.01359 (ms)
2026-07-13 09:08:00,672 [INFO] Pass: ConsolidateBlocks - 0.07272 (ms)
2026-07-13 09:08:00,672 [INFO] Pass: RemoveIdentityEquivalent - 0.02122 (ms)
2026-07-13 09:08:00,672 [INFO] Pass: RemoveIdentityEquivalent - 0.01860 (ms)
2026-07-13 09:08:00,672 [INFO] Pass: RemoveIdentityEquivalent - 0.01454 (ms)
2026-07-13 09:08:00,672 [INFO] Pass: HighLevelSynthesis - 0.06270 (ms)
2026-07-13 09:08:00,672 [INFO] Pass: Split2QUnitaries - 0.00715 (ms)
2026-07-13 09:08:00,672 [INFO] Pass: CommutativeCancellation - 0.11802 (ms)
2026-07-13 09:08:00,672 [INFO] Pass: InverseCancellation - 0.01001 (ms)
2026-07-13 09:08:00,672 [INFO] Pass: InverseCancellation - 0.01097 (ms)
2026-07-13 09:08:00,672 [INFO] Pass: RemoveIdentityEquivalent - 0.01621 (ms)
2026-07-13 09:08:00,672 [INFO] Pass: RemoveDiagonalGatesBeforeMeasure - 0.01359 (ms)
2026-07-13 09:08:00,672 [INFO] Pass: InverseCancellation - 0.01264 (ms)
2026-07-13 09:08:00,672 [INFO] Pass: UnitarySynthesis - 0.00548 (ms)
2026-07-13 09:08:00,672 [INFO] Pass: ConsolidateBlocks - 0.06866 (ms)
2026-07-13 09:08:00,672 [INFO] Pass: ContractIdleWiresInControlFlow - 0.00262 (ms)
2026-07-13 09:08:00,672 [INFO] Pass: ContractIdleWiresInControlFlow - 0.00238 (ms)
2026-07-13 09:08:00,672 [INFO] Pass: ContractIdleWiresInControlFlow - 0.00238 (ms)
2026-07-13 09:08:00,672 [INFO] Pass: InverseCancellation - 0.01049 (ms)
2026-07-13 09:08:00,672 [INFO] Pass: Split2QUnitaries - 0.01574 (ms)
2026-07-13 09:08:00,672 [INFO] Pass: RemoveIdentityEquivalent - 0.02217 (ms)
2026-07-13 09:08:00,672 [INFO] Pass: ContractIdleWiresInControlFlow - 0.00286 (ms)
2026-07-13 09:08:00,672 [INFO] Pass: UnitarySynthesis - 0.00548 (ms)
2026-07-13 09:08:00,672 [INFO] Pass: ConsolidateBlocks - 0.07629 (ms)
2026-07-13 09:08:00,672 [INFO] Pass: HighLevelSynthesis - 0.06819 (ms)
2026-07-13 09:08:00,672 [INFO] Pass: BasisTranslator - 0.10562 (ms)
2026-07-13 09:08:00,672 [INFO] Pass: InverseCancellation - 0.01025 (ms)
2026-07-13 09:08:00,672 [INFO] Pass: Split2QUnitaries - 0.00691 (ms)
2026-07-13 09:08:00,672 [INFO] Pass: ContractIdleWiresInControlFlow - 0.00262 (ms)
2026-07-13 09:08:00,672 [INFO] Pass: UnitarySynthesis - 0.00596 (ms)
2026-07-13 09:08:00,672 [INFO] Pass: HighLevelSynthesis - 0.06151 (ms)
2026-07-13 09:08:00,672 [INFO] Pass: CommutativeCancellation - 0.12827 (ms)
2026-07-13 09:08:00,672 [INFO] Pass: CommutativeCancellation - 0.11730 (ms)
2026-07-13 09:08:00,672 [INFO] Pass: ConsolidateBlocks - 0.06652 (ms)
2026-07-13 09:08:00,672 [INFO] Pass: CommutativeCancellation - 0.11706 (ms)
2026-07-13 09:08:00,672 [INFO] Pass: BasisTranslator - 0.09990 (ms)
2026-07-13 09:08:00,672 [INFO] Pass: UnitarySynthesis - 0.00501 (ms)
2026-07-13 09:08:00,672 [INFO] Pass: CommutativeCancellation - 0.12088 (ms)
2026-07-13 09:08:00,672 [INFO] Pass: HighLevelSynthesis - 0.06247 (ms)
2026-07-13 09:08:00,672 [INFO] Pass: ConsolidateBlocks - 0.06986 (ms)
2026-07-13 09:08:00,672 [INFO] Pass: CommutativeCancellation - 0.12064 (ms)
2026-07-13 09:08:00,672 [INFO] Pass: ConsolidateBlocks - 0.06819 (ms)
2026-07-13 09:08:00,672 [INFO] Pass: Depth - 0.03743 (ms)
2026-07-13 09:08:00,672 [INFO] Pass: BasisTranslator - 0.10037 (ms)
2026-07-13 09:08:00,672 [INFO] Pass: ConsolidateBlocks - 0.06843 (ms)
2026-07-13 09:08:00,672 [INFO] Pass: Split2QUnitaries - 0.01216 (ms)
2026-07-13 09:08:00,672 [INFO] Pass: Split2QUnitaries - 0.00858 (ms)
2026-07-13 09:08:00,672 [INFO] Pass: FixedPoint - 0.00930 (ms)
2026-07-13 09:08:00,672 [INFO] Pass: ConsolidateBlocks - 0.06962 (ms)
2026-07-13 09:08:00,672 [INFO] Pass: ConsolidateBlocks - 0.06938 (ms)
2026-07-13 09:08:00,672 [INFO] Pass: Split2QUnitaries - 0.00763 (ms)
2026-07-13 09:08:00,673 [INFO] Pass: UnitarySynthesis - 0.00596 (ms)
2026-07-13 09:08:00,673 [INFO] Pass: Size - 0.00453 (ms)
2026-07-13 09:08:00,673 [INFO] Pass: UnitarySynthesis - 0.00572 (ms)
2026-07-13 09:08:00,673 [INFO] Pass: UnitarySynthesis - 0.00477 (ms)
2026-07-13 09:08:00,673 [INFO] Pass: BasisTranslator - 0.09990 (ms)
2026-07-13 09:08:00,673 [INFO] Pass: UnitarySynthesis - 0.00596 (ms)
2026-07-13 09:08:00,673 [INFO] Pass: Split2QUnitaries - 0.00834 (ms)
2026-07-13 09:08:00,673 [INFO] Pass: FixedPoint - 0.00334 (ms)
2026-07-13 09:08:00,673 [INFO] Pass: ConsolidateBlocks - 0.06700 (ms)
2026-07-13 09:08:00,673 [INFO] Pass: ConsolidateBlocks - 0.06986 (ms)
2026-07-13 09:08:00,673 [INFO] Pass: UnitarySynthesis - 0.00596 (ms)
2026-07-13 09:08:00,673 [INFO] Pass: RemoveIdentityEquivalent - 0.00405 (ms)
2026-07-13 09:08:00,673 [INFO] Pass: Split2QUnitaries - 0.00715 (ms)
2026-07-13 09:08:00,673 [INFO] Pass: Depth - 0.03719 (ms)
2026-07-13 09:08:00,673 [INFO] Pass: UnitarySynthesis - 0.00477 (ms)
2026-07-13 09:08:00,673 [INFO] Pass: HighLevelSynthesis - 0.06151 (ms)
2026-07-13 09:08:00,673 [INFO] Pass: HighLevelSynthesis - 0.06080 (ms)
2026-07-13 09:08:00,673 [INFO] Pass: UnitarySynthesis - 0.00525 (ms)
2026-07-13 09:08:00,673 [INFO] Pass: FixedPoint - 0.00882 (ms)
2026-07-13 09:08:00,673 [INFO] Pass: HighLevelSynthesis - 0.06223 (ms)
2026-07-13 09:08:00,673 [INFO] Pass: ConsolidateBlocks - 0.06819 (ms)
2026-07-13 09:08:00,673 [INFO] Pass: Size - 0.00381 (ms)
2026-07-13 09:08:00,673 [INFO] Pass: Optimize1qGatesDecomposition - 0.05007 (ms)
2026-07-13 09:08:00,673 [INFO] Pass: Depth - 0.03695 (ms)
2026-07-13 09:08:00,673 [INFO] Pass: HighLevelSynthesis - 0.06247 (ms)
2026-07-13 09:08:00,673 [INFO] Pass: UnitarySynthesis - 0.00453 (ms)
2026-07-13 09:08:00,673 [INFO] Pass: FixedPoint - 0.00334 (ms)
2026-07-13 09:08:00,673 [INFO] Pass: FixedPoint - 0.00954 (ms)
2026-07-13 09:08:00,673 [INFO] Pass: HighLevelSynthesis - 0.06199 (ms)
2026-07-13 09:08:00,673 [INFO] Pass: RemoveIdentityEquivalent - 0.00453 (ms)
2026-07-13 09:08:00,673 [INFO] Pass: Size - 0.00358 (ms)
2026-07-13 09:08:00,673 [INFO] Pass: Depth - 0.03791 (ms)
2026-07-13 09:08:00,673 [INFO] Pass: BasisTranslator - 0.09918 (ms)
2026-07-13 09:08:00,673 [INFO] Pass: BasisTranslator - 0.10133 (ms)
2026-07-13 09:08:00,673 [INFO] Pass: FixedPoint - 0.00334 (ms)
2026-07-13 09:08:00,673 [INFO] Pass: BasisTranslator - 0.09894 (ms)
2026-07-13 09:08:00,673 [INFO] Pass: FixedPoint - 0.00858 (ms)
2026-07-13 09:08:00,673 [INFO] Pass: RemoveIdentityEquivalent - 0.00453 (ms)
2026-07-13 09:08:00,673 [INFO] Pass: Optimize1qGatesDecomposition - 0.04888 (ms)
2026-07-13 09:08:00,673 [INFO] Pass: Size - 0.00358 (ms)
2026-07-13 09:08:00,673 [INFO] Pass: BasisTranslator - 0.09942 (ms)
2026-07-13 09:08:00,673 [INFO] Pass: FixedPoint - 0.00358 (ms)
2026-07-13 09:08:00,673 [INFO] Pass: BasisTranslator - 0.09632 (ms)
2026-07-13 09:08:00,673 [INFO] Pass: CommutativeCancellation - 0.13280 (ms)
2026-07-13 09:08:00,673 [INFO] Pass: ConsolidateBlocks - 0.06819 (ms)
2026-07-13 09:08:00,673 [INFO] Pass: ConsolidateBlocks - 0.06843 (ms)
2026-07-13 09:08:00,673 [INFO] Pass: RemoveIdentityEquivalent - 0.00429 (ms)
2026-07-13 09:08:00,673 [INFO] Pass: ConsolidateBlocks - 0.06843 (ms)
2026-07-13 09:08:00,673 [INFO] Pass: Optimize1qGatesDecomposition - 0.04768 (ms)
2026-07-13 09:08:00,673 [INFO] Pass: ContractIdleWiresInControlFlow - 0.00238 (ms)
2026-07-13 09:08:00,673 [INFO] Pass: UnitarySynthesis - 0.00477 (ms)
2026-07-13 09:08:00,673 [INFO] Pass: UnitarySynthesis - 0.00501 (ms)
2026-07-13 09:08:00,673 [INFO] Pass: UnitarySynthesis - 0.00477 (ms)
2026-07-13 09:08:00,673 [INFO] Pass: ConsolidateBlocks - 0.06914 (ms)
2026-07-13 09:08:00,673 [INFO] Pass: UnitarySynthesis - 0.00477 (ms)
2026-07-13 09:08:00,673 [INFO] Pass: ConsolidateBlocks - 0.06819 (ms)
2026-07-13 09:08:00,673 [INFO] Pass: Optimize1qGatesDecomposition - 0.04959 (ms)
2026-07-13 09:08:00,673 [INFO] Pass: Depth - 0.03695 (ms)
2026-07-13 09:08:00,673 [INFO] Pass: Depth - 0.03719 (ms)
2026-07-13 09:08:00,673 [INFO] Pass: GatesInBasis - 0.05245 (ms)
2026-07-13 09:08:00,673 [INFO] Pass: Depth - 0.03648 (ms)
2026-07-13 09:08:00,673 [INFO] Pass: CommutativeCancellation - 0.13208 (ms)
2026-07-13 09:08:00,673 [INFO] Pass: UnitarySynthesis - 0.00477 (ms)
2026-07-13 09:08:00,673 [INFO] Pass: FixedPoint - 0.00906 (ms)
2026-07-13 09:08:00,673 [INFO] Pass: FixedPoint - 0.00930 (ms)
2026-07-13 09:08:00,673 [INFO] Pass: FixedPoint - 0.00906 (ms)
2026-07-13 09:08:00,673 [INFO] Pass: ContractIdleWiresInControlFlow - 0.00215 (ms)
2026-07-13 09:08:00,673 [INFO] Pass: Depth - 0.03743 (ms)
2026-07-13 09:08:00,673 [INFO] Pass: Size - 0.00429 (ms)
2026-07-13 09:08:00,673 [INFO] Pass: Size - 0.00381 (ms)
2026-07-13 09:08:00,673 [INFO] Pass: Depth - 0.03409 (ms)
2026-07-13 09:08:00,673 [INFO] Pass: Size - 0.00358 (ms)
2026-07-13 09:08:00,673 [INFO] Pass: FixedPoint - 0.00358 (ms)
2026-07-13 09:08:00,673 [INFO] Pass: FixedPoint - 0.00334 (ms)
2026-07-13 09:08:00,673 [INFO] Pass: FixedPoint - 0.00381 (ms)
2026-07-13 09:08:00,673 [INFO] Pass: CommutativeCancellation - 0.13566 (ms)
2026-07-13 09:08:00,673 [INFO] Pass: FixedPoint - 0.00906 (ms)
2026-07-13 09:08:00,673 [INFO] Pass: Depth - 0.03743 (ms)
2026-07-13 09:08:00,673 [INFO] Pass: FixedPoint - 0.00334 (ms)
2026-07-13 09:08:00,673 [INFO] Pass: Size - 0.00238 (ms)
2026-07-13 09:08:00,673 [INFO] Pass: ContractIdleWiresInControlFlow - 0.00191 (ms)
2026-07-13 09:08:00,673 [INFO] Pass: Size - 0.00358 (ms)
2026-07-13 09:08:00,673 [INFO] Pass: RemoveIdentityEquivalent - 0.00429 (ms)
2026-07-13 09:08:00,673 [INFO] Pass: RemoveIdentityEquivalent - 0.00477 (ms)
2026-07-13 09:08:00,673 [INFO] Pass: FixedPoint - 0.00906 (ms)
2026-07-13 09:08:00,673 [INFO] Pass: RemoveIdentityEquivalent - 0.00429 (ms)
2026-07-13 09:08:00,673 [INFO] Pass: FixedPoint - 0.00310 (ms)
2026-07-13 09:08:00,673 [INFO] Pass: GatesInBasis - 0.05245 (ms)
2026-07-13 09:08:00,673 [INFO] Pass: FixedPoint - 0.00310 (ms)
2026-07-13 09:08:00,673 [INFO] Pass: Size - 0.00381 (ms)
2026-07-13 09:08:00,673 [INFO] Pass: ContainsInstruction - 0.00596 (ms)
2026-07-13 09:08:00,673 [INFO] Pass: CommutativeCancellation - 0.13566 (ms)
2026-07-13 09:08:00,673 [INFO] Pass: RemoveIdentityEquivalent - 0.00477 (ms)
2026-07-13 09:08:00,673 [INFO] Pass: FixedPoint - 0.00381 (ms)
2026-07-13 09:08:00,673 [INFO] Pass: ContractIdleWiresInControlFlow - 0.00215 (ms)
2026-07-13 09:08:00,673 [INFO] Pass: GatesInBasis - 0.05198 (ms)
2026-07-13 09:08:00,673 [INFO] Pass: Depth - 0.03529 (ms)
2026-07-13 09:08:00,673 [INFO] Pass: Optimize1qGatesDecomposition - 0.04745 (ms)
2026-07-13 09:08:00,673 [INFO] Pass: Optimize1qGatesDecomposition - 0.04888 (ms)
2026-07-13 09:08:00,673 [INFO] Pass: Optimize1qGatesDecomposition - 0.04816 (ms)
2026-07-13 09:08:00,673 [INFO] Pass: RemoveIdentityEquivalent - 0.00453 (ms)
2026-07-13 09:08:00,673 [INFO] Pass: FixedPoint - 0.00405 (ms)
2026-07-13 09:08:00,673 [INFO] Pass: Size - 0.00238 (ms)
2026-07-13 09:08:00,673 [INFO] Pass: Depth - 0.03624 (ms)
2026-07-13 09:08:00,673 [INFO] Pass: Optimize1qGatesDecomposition - 0.04840 (ms)
2026-07-13 09:08:00,673 [INFO] Pass: FixedPoint - 0.00334 (ms)
2026-07-13 09:08:00,673 [INFO] Pass: GatesInBasis - 0.05198 (ms)
2026-07-13 09:08:00,673 [INFO] Pass: FixedPoint - 0.00381 (ms)
2026-07-13 09:08:00,673 [INFO] Pass: Optimize1qGatesDecomposition - 0.04792 (ms)
2026-07-13 09:08:00,673 [INFO] Pass: ContainsInstruction - 0.01121 (ms)
2026-07-13 09:08:00,673 [INFO] Pass: Size - 0.00215 (ms)
2026-07-13 09:08:00,673 [INFO] Pass: FixedPoint - 0.00334 (ms)
2026-07-13 09:08:00,673 [INFO] Pass: Depth - 0.03600 (ms)
2026-07-13 09:08:00,673 [INFO] Pass: ContainsInstruction - 0.00596 (ms)
2026-07-13 09:08:00,673 [INFO] Pass: FixedPoint - 0.00405 (ms)
2026-07-13 09:08:00,673 [INFO] Pass: CommutativeCancellation - 0.13924 (ms)
2026-07-13 09:08:00,673 [INFO] Pass: CommutativeCancellation - 0.13900 (ms)
2026-07-13 09:08:00,673 [INFO] Pass: Size - 0.00262 (ms)
2026-07-13 09:08:00,673 [INFO] Pass: CommutativeCancellation - 0.14138 (ms)
2026-07-13 09:08:00,673 [INFO] Pass: ContractIdleWiresInControlFlow - 0.00215 (ms)
2026-07-13 09:08:00,673 [INFO] Pass: ContractIdleWiresInControlFlow - 0.00215 (ms)
2026-07-13 09:08:00,673 [INFO] Pass: FixedPoint - 0.00334 (ms)
2026-07-13 09:08:00,673 [INFO] Pass: ContractIdleWiresInControlFlow - 0.00215 (ms)
2026-07-13 09:08:00,673 [INFO] Pass: CommutativeCancellation - 0.14520 (ms)
2026-07-13 09:08:00,673 [INFO] Pass: ContainsInstruction - 0.00572 (ms)
2026-07-13 09:08:00,673 [INFO] Pass: ContractIdleWiresInControlFlow - 0.00215 (ms)
2026-07-13 09:08:00,673 [INFO] Pass: CommutativeCancellation - 0.13185 (ms)
2026-07-13 09:08:00,673 [INFO] Pass: GatesInBasis - 0.05317 (ms)
2026-07-13 09:08:00,673 [INFO] Pass: GatesInBasis - 0.05198 (ms)
2026-07-13 09:08:00,673 [INFO] Pass: GatesInBasis - 0.05579 (ms)
2026-07-13 09:08:00,673 [INFO] Pass: ContractIdleWiresInControlFlow - 0.00238 (ms)
2026-07-13 09:08:00,673 [INFO] Pass: Depth - 0.03386 (ms)
2026-07-13 09:08:00,673 [INFO] Pass: Depth - 0.03386 (ms)
2026-07-13 09:08:00,673 [INFO] Pass: GatesInBasis - 0.05102 (ms)
2026-07-13 09:08:00,673 [INFO] Pass: Depth - 0.03433 (ms)
2026-07-13 09:08:00,673 [INFO] Pass: FixedPoint - 0.00405 (ms)
2026-07-13 09:08:00,673 [INFO] Pass: FixedPoint - 0.00405 (ms)
2026-07-13 09:08:00,673 [INFO] Pass: GatesInBasis - 0.05221 (ms)
2026-07-13 09:08:00,673 [INFO] Pass: FixedPoint - 0.00405 (ms)
2026-07-13 09:08:00,673 [INFO] Pass: Size - 0.00238 (ms)
2026-07-13 09:08:00,673 [INFO] Pass: Size - 0.00238 (ms)
2026-07-13 09:08:00,674 [INFO] Pass: Size - 0.00262 (ms)
2026-07-13 09:08:00,674 [INFO] Pass: Depth - 0.03552 (ms)
2026-07-13 09:08:00,674 [INFO] Pass: FixedPoint - 0.00334 (ms)
2026-07-13 09:08:00,674 [INFO] Pass: FixedPoint - 0.00358 (ms)
2026-07-13 09:08:00,674 [INFO] Pass: FixedPoint - 0.00334 (ms)
2026-07-13 09:08:00,674 [INFO] Pass: FixedPoint - 0.00381 (ms)
2026-07-13 09:08:00,674 [INFO] Pass: ContainsInstruction - 0.00572 (ms)
2026-07-13 09:08:00,674 [INFO] Pass: ContainsInstruction - 0.00572 (ms)
2026-07-13 09:08:00,674 [INFO] Pass: Depth - 0.03529 (ms)
2026-07-13 09:08:00,674 [INFO] Pass: Size - 0.00238 (ms)
2026-07-13 09:08:00,674 [INFO] Pass: ContainsInstruction - 0.00596 (ms)
2026-07-13 09:08:00,674 [INFO] Pass: FixedPoint - 0.00381 (ms)
2026-07-13 09:08:00,674 [INFO] Pass: FixedPoint - 0.00310 (ms)
2026-07-13 09:08:00,674 [INFO] Pass: Size - 0.00215 (ms)
2026-07-13 09:08:00,674 [INFO] Pass: ContainsInstruction - 0.00620 (ms)
2026-07-13 09:08:00,674 [INFO] Pass: FixedPoint - 0.00358 (ms)
2026-07-13 09:08:00,674 [INFO] Total Transpile Time - 119.50064 (ms)
2026-07-13 09:08:00,674 [INFO] Pass: ContainsInstruction - 0.00548 (ms)
2026-07-13 09:08:00,674 [INFO] Total Transpile Time - 119.67301 (ms)
2026-07-13 09:08:00,674 [INFO] Total Transpile Time - 119.28344 (ms)
2026-07-13 09:08:00,674 [INFO] Total Transpile Time - 119.77005 (ms)
2026-07-13 09:08:00,674 [INFO] Total Transpile Time - 119.60864 (ms)
2026-07-13 09:08:00,674 [INFO] Total Transpile Time - 119.72046 (ms)
2026-07-13 09:08:00,674 [INFO] Total Transpile Time - 119.51065 (ms)
2026-07-13 09:08:00,674 [INFO] Total Transpile Time - 120.10980 (ms)
2026-07-13 09:08:00,674 [INFO] Total Transpile Time - 119.78340 (ms)
2026-07-13 09:08:00,762 [INFO] Pass: ContainsInstruction - 0.01121 (ms)
2026-07-13 09:08:00,763 [INFO] Pass: UnitarySynthesis - 0.00668 (ms)
2026-07-13 09:08:00,763 [INFO] Pass: HighLevelSynthesis - 0.00453 (ms)
2026-07-13 09:08:00,763 [INFO] Pass: ContainsInstruction - 0.01121 (ms)
2026-07-13 09:08:00,763 [INFO] Pass: BasisTranslator - 0.05245 (ms)
2026-07-13 09:08:00,763 [INFO] Pass: UnitarySynthesis - 0.00763 (ms)
2026-07-13 09:08:00,763 [INFO] Pass: ElidePermutations - 0.00453 (ms)
2026-07-13 09:08:00,763 [INFO] Pass: HighLevelSynthesis - 0.00429 (ms)
2026-07-13 09:08:00,763 [INFO] Pass: RemoveDiagonalGatesBeforeMeasure - 0.00644 (ms)
2026-07-13 09:08:00,763 [INFO] Pass: RemoveIdentityEquivalent - 0.00644 (ms)
2026-07-13 09:08:00,763 [INFO] Pass: BasisTranslator - 0.05364 (ms)
2026-07-13 09:08:00,763 [INFO] Pass: InverseCancellation - 0.03195 (ms)
2026-07-13 09:08:00,763 [INFO] Pass: ElidePermutations - 0.00429 (ms)
2026-07-13 09:08:00,763 [INFO] Pass: ContractIdleWiresInControlFlow - 0.00215 (ms)
2026-07-13 09:08:00,763 [INFO] Pass: RemoveDiagonalGatesBeforeMeasure - 0.00691 (ms)
2026-07-13 09:08:00,763 [INFO] Pass: RemoveIdentityEquivalent - 0.00620 (ms)
2026-07-13 09:08:00,763 [INFO] Pass: ContainsInstruction - 0.01121 (ms)
2026-07-13 09:08:00,763 [INFO] Pass: ContainsInstruction - 0.01097 (ms)
2026-07-13 09:08:00,763 [INFO] Pass: UnitarySynthesis - 0.00668 (ms)
2026-07-13 09:08:00,763 [INFO] Pass: InverseCancellation - 0.03195 (ms)
2026-07-13 09:08:00,763 [INFO] Pass: UnitarySynthesis - 0.00691 (ms)
2026-07-13 09:08:00,763 [INFO] Pass: ContractIdleWiresInControlFlow - 0.00238 (ms)
2026-07-13 09:08:00,763 [INFO] Pass: HighLevelSynthesis - 0.00453 (ms)
2026-07-13 09:08:00,763 [INFO] Pass: HighLevelSynthesis - 0.00477 (ms)
2026-07-13 09:08:00,763 [INFO] Pass: CommutativeCancellation - 0.12565 (ms)
2026-07-13 09:08:00,763 [INFO] Pass: ContainsInstruction - 0.01073 (ms)
2026-07-13 09:08:00,763 [INFO] Pass: BasisTranslator - 0.05364 (ms)
2026-07-13 09:08:00,763 [INFO] Pass: UnitarySynthesis - 0.00691 (ms)
2026-07-13 09:08:00,763 [INFO] Pass: ElidePermutations - 0.00429 (ms)
2026-07-13 09:08:00,763 [INFO] Pass: BasisTranslator - 0.05293 (ms)
2026-07-13 09:08:00,763 [INFO] Pass: ConsolidateBlocks - 0.05817 (ms)
2026-07-13 09:08:00,763 [INFO] Pass: HighLevelSynthesis - 0.00453 (ms)
2026-07-13 09:08:00,763 [INFO] Pass: ElidePermutations - 0.00501 (ms)
2026-07-13 09:08:00,763 [INFO] Pass: RemoveDiagonalGatesBeforeMeasure - 0.00668 (ms)
2026-07-13 09:08:00,763 [INFO] Pass: Split2QUnitaries - 0.00334 (ms)
2026-07-13 09:08:00,763 [INFO] Pass: CommutativeCancellation - 0.12183 (ms)
2026-07-13 09:08:00,763 [INFO] Pass: RemoveIdentityEquivalent - 0.00620 (ms)
2026-07-13 09:08:00,763 [INFO] Pass: RemoveDiagonalGatesBeforeMeasure - 0.00668 (ms)
2026-07-13 09:08:00,763 [INFO] Pass: UnitarySynthesis - 0.00548 (ms)
2026-07-13 09:08:00,763 [INFO] Pass: RemoveIdentityEquivalent - 0.00620 (ms)
2026-07-13 09:08:00,763 [INFO] Pass: ContainsInstruction - 0.01097 (ms)
2026-07-13 09:08:00,763 [INFO] Pass: BasisTranslator - 0.05484 (ms)
2026-07-13 09:08:00,763 [INFO] Pass: InverseCancellation - 0.03195 (ms)
2026-07-13 09:08:00,763 [INFO] Pass: ConsolidateBlocks - 0.05794 (ms)
2026-07-13 09:08:00,763 [INFO] Pass: ContainsInstruction - 0.01097 (ms)
2026-07-13 09:08:00,763 [INFO] Pass: ElidePermutations - 0.00429 (ms)
2026-07-13 09:08:00,763 [INFO] Pass: ContainsInstruction - 0.01097 (ms)
2026-07-13 09:08:00,763 [INFO] Pass: ContractIdleWiresInControlFlow - 0.00262 (ms)
2026-07-13 09:08:00,763 [INFO] Pass: UnitarySynthesis - 0.01383 (ms)
2026-07-13 09:08:00,763 [INFO] Pass: InverseCancellation - 0.03719 (ms)
2026-07-13 09:08:00,763 [INFO] Pass: HighLevelSynthesis - 0.06866 (ms)
2026-07-13 09:08:00,763 [INFO] Pass: Split2QUnitaries - 0.00286 (ms)
2026-07-13 09:08:00,763 [INFO] Pass: RemoveDiagonalGatesBeforeMeasure - 0.00668 (ms)
2026-07-13 09:08:00,763 [INFO] Pass: ContractIdleWiresInControlFlow - 0.00238 (ms)
2026-07-13 09:08:00,763 [INFO] Pass: HighLevelSynthesis - 0.00453 (ms)
2026-07-13 09:08:00,763 [INFO] Pass: UnitarySynthesis - 0.00525 (ms)
2026-07-13 09:08:00,763 [INFO] Pass: UnitarySynthesis - 0.00691 (ms)
2026-07-13 09:08:00,763 [INFO] Pass: UnitarySynthesis - 0.00668 (ms)
2026-07-13 09:08:00,763 [INFO] Pass: RemoveIdentityEquivalent - 0.00644 (ms)
2026-07-13 09:08:00,763 [INFO] Pass: HighLevelSynthesis - 0.00501 (ms)
2026-07-13 09:08:00,763 [INFO] Pass: HighLevelSynthesis - 0.00477 (ms)
2026-07-13 09:08:00,763 [INFO] Pass: InverseCancellation - 0.03219 (ms)
2026-07-13 09:08:00,763 [INFO] Pass: BasisTranslator - 0.05341 (ms)
2026-07-13 09:08:00,763 [INFO] Pass: HighLevelSynthesis - 0.06151 (ms)
2026-07-13 09:08:00,763 [INFO] Pass: BasisTranslator - 0.09847 (ms)
2026-07-13 09:08:00,763 [INFO] Pass: ContractIdleWiresInControlFlow - 0.00191 (ms)
2026-07-13 09:08:00,763 [INFO] Pass: ElidePermutations - 0.00429 (ms)
2026-07-13 09:08:00,763 [INFO] Pass: CommutativeCancellation - 0.12279 (ms)
2026-07-13 09:08:00,763 [INFO] Pass: BasisTranslator - 0.05364 (ms)
2026-07-13 09:08:00,763 [INFO] Pass: BasisTranslator - 0.05341 (ms)
2026-07-13 09:08:00,763 [INFO] Pass: RemoveDiagonalGatesBeforeMeasure - 0.00596 (ms)
2026-07-13 09:08:00,763 [INFO] Pass: CommutativeCancellation - 0.12207 (ms)
2026-07-13 09:08:00,763 [INFO] Pass: ElidePermutations - 0.00429 (ms)
2026-07-13 09:08:00,763 [INFO] Pass: ElidePermutations - 0.00501 (ms)
2026-07-13 09:08:00,763 [INFO] Pass: RemoveIdentityEquivalent - 0.00668 (ms)
2026-07-13 09:08:00,763 [INFO] Pass: RemoveDiagonalGatesBeforeMeasure - 0.00691 (ms)
2026-07-13 09:08:00,763 [INFO] Pass: RemoveDiagonalGatesBeforeMeasure - 0.00644 (ms)
2026-07-13 09:08:00,763 [INFO] Pass: ConsolidateBlocks - 0.06866 (ms)
2026-07-13 09:08:00,763 [INFO] Pass: ConsolidateBlocks - 0.05746 (ms)
2026-07-13 09:08:00,763 [INFO] Pass: BasisTranslator - 0.09823 (ms)
2026-07-13 09:08:00,763 [INFO] Pass: RemoveIdentityEquivalent - 0.00620 (ms)
2026-07-13 09:08:00,763 [INFO] Pass: RemoveIdentityEquivalent - 0.00620 (ms)
2026-07-13 09:08:00,763 [INFO] Pass: UnitarySynthesis - 0.00501 (ms)
2026-07-13 09:08:00,763 [INFO] Pass: InverseCancellation - 0.03076 (ms)
2026-07-13 09:08:00,763 [INFO] Pass: ConsolidateBlocks - 0.05770 (ms)
2026-07-13 09:08:00,763 [INFO] Pass: Split2QUnitaries - 0.00286 (ms)
2026-07-13 09:08:00,763 [INFO] Pass: ContractIdleWiresInControlFlow - 0.00238 (ms)
2026-07-13 09:08:00,763 [INFO] Pass: CommutativeCancellation - 0.12302 (ms)
2026-07-13 09:08:00,764 [INFO] Pass: Split2QUnitaries - 0.00310 (ms)
2026-07-13 09:08:00,764 [INFO] Pass: UnitarySynthesis - 0.00548 (ms)
2026-07-13 09:08:00,764 [INFO] Pass: InverseCancellation - 0.03171 (ms)
2026-07-13 09:08:00,764 [INFO] Pass: InverseCancellation - 0.03362 (ms)
2026-07-13 09:08:00,764 [INFO] Pass: Depth - 0.03743 (ms)
2026-07-13 09:08:00,764 [INFO] Pass: UnitarySynthesis - 0.00548 (ms)
2026-07-13 09:08:00,764 [INFO] Pass: ContractIdleWiresInControlFlow - 0.00238 (ms)
2026-07-13 09:08:00,764 [INFO] Pass: ContractIdleWiresInControlFlow - 0.00215 (ms)
2026-07-13 09:08:00,764 [INFO] Pass: FixedPoint - 0.00525 (ms)
2026-07-13 09:08:00,764 [INFO] Pass: ConsolidateBlocks - 0.06771 (ms)
2026-07-13 09:08:00,764 [INFO] Pass: ContainsInstruction - 0.01144 (ms)
2026-07-13 09:08:00,764 [INFO] Pass: Size - 0.00286 (ms)
2026-07-13 09:08:00,764 [INFO] Pass: UnitarySynthesis - 0.00477 (ms)
2026-07-13 09:08:00,764 [INFO] Pass: ConsolidateBlocks - 0.05794 (ms)
2026-07-13 09:08:00,764 [INFO] Pass: HighLevelSynthesis - 0.06223 (ms)
2026-07-13 09:08:00,764 [INFO] Pass: FixedPoint - 0.00334 (ms)
2026-07-13 09:08:00,764 [INFO] Pass: UnitarySynthesis - 0.00668 (ms)
2026-07-13 09:08:00,764 [INFO] Pass: Split2QUnitaries - 0.00286 (ms)
2026-07-13 09:08:00,764 [INFO] Pass: HighLevelSynthesis - 0.06223 (ms)
2026-07-13 09:08:00,764 [INFO] Pass: RemoveIdentityEquivalent - 0.00572 (ms)
2026-07-13 09:08:00,764 [INFO] Pass: HighLevelSynthesis - 0.00453 (ms)
2026-07-13 09:08:00,764 [INFO] Pass: UnitarySynthesis - 0.00548 (ms)
2026-07-13 09:08:00,764 [INFO] Pass: Depth - 0.03767 (ms)
2026-07-13 09:08:00,764 [INFO] Pass: CommutativeCancellation - 0.12422 (ms)
2026-07-13 09:08:00,764 [INFO] Pass: FixedPoint - 0.00477 (ms)
2026-07-13 09:08:00,764 [INFO] Pass: Size - 0.00310 (ms)
2026-07-13 09:08:00,764 [INFO] Pass: CommutativeCancellation - 0.12016 (ms)
2026-07-13 09:08:00,764 [INFO] Pass: CommutativeCancellation - 0.12589 (ms)
2026-07-13 09:08:00,764 [INFO] Pass: FixedPoint - 0.00334 (ms)
2026-07-13 09:08:00,764 [INFO] Pass: BasisTranslator - 0.09799 (ms)
2026-07-13 09:08:00,764 [INFO] Pass: BasisTranslator - 0.05269 (ms)
2026-07-13 09:08:00,764 [INFO] Pass: HighLevelSynthesis - 0.06175 (ms)
2026-07-13 09:08:00,764 [INFO] Pass: ConsolidateBlocks - 0.05746 (ms)
2026-07-13 09:08:00,764 [INFO] Pass: BasisTranslator - 0.09871 (ms)
2026-07-13 09:08:00,764 [INFO] Pass: RemoveIdentityEquivalent - 0.00525 (ms)
2026-07-13 09:08:00,764 [INFO] Pass: ElidePermutations - 0.00405 (ms)
2026-07-13 09:08:00,764 [INFO] Pass: Split2QUnitaries - 0.00286 (ms)
2026-07-13 09:08:00,764 [INFO] Pass: RemoveDiagonalGatesBeforeMeasure - 0.00668 (ms)
2026-07-13 09:08:00,764 [INFO] Pass: ConsolidateBlocks - 0.05651 (ms)
2026-07-13 09:08:00,764 [INFO] Pass: ConsolidateBlocks - 0.05770 (ms)
2026-07-13 09:08:00,764 [INFO] Pass: UnitarySynthesis - 0.00525 (ms)
2026-07-13 09:08:00,764 [INFO] Pass: RemoveIdentityEquivalent - 0.00668 (ms)
2026-07-13 09:08:00,764 [INFO] Pass: Split2QUnitaries - 0.00310 (ms)
2026-07-13 09:08:00,764 [INFO] Pass: Optimize1qGatesDecomposition - 0.15473 (ms)
2026-07-13 09:08:00,764 [INFO] Pass: Split2QUnitaries - 0.00334 (ms)
2026-07-13 09:08:00,764 [INFO] Pass: ConsolidateBlocks - 0.06700 (ms)
2026-07-13 09:08:00,764 [INFO] Pass: ConsolidateBlocks - 0.06723 (ms)
2026-07-13 09:08:00,764 [INFO] Pass: UnitarySynthesis - 0.00501 (ms)
2026-07-13 09:08:00,764 [INFO] Pass: UnitarySynthesis - 0.00548 (ms)
2026-07-13 09:08:00,764 [INFO] Pass: UnitarySynthesis - 0.00453 (ms)
2026-07-13 09:08:00,764 [INFO] Pass: BasisTranslator - 0.09775 (ms)
2026-07-13 09:08:00,764 [INFO] Pass: InverseCancellation - 0.03076 (ms)
2026-07-13 09:08:00,764 [INFO] Pass: UnitarySynthesis - 0.00477 (ms)
2026-07-13 09:08:00,764 [INFO] Pass: HighLevelSynthesis - 0.06247 (ms)
2026-07-13 09:08:00,764 [INFO] Pass: ContractIdleWiresInControlFlow - 0.00215 (ms)
2026-07-13 09:08:00,764 [INFO] Pass: Depth - 0.03719 (ms)
2026-07-13 09:08:00,764 [INFO] Pass: Depth - 0.03767 (ms)
2026-07-13 09:08:00,764 [INFO] Pass: HighLevelSynthesis - 0.06199 (ms)
2026-07-13 09:08:00,764 [INFO] Pass: Optimize1qGatesDecomposition - 0.15283 (ms)
2026-07-13 09:08:00,764 [INFO] Pass: HighLevelSynthesis - 0.06390 (ms)
2026-07-13 09:08:00,764 [INFO] Pass: FixedPoint - 0.00548 (ms)
2026-07-13 09:08:00,764 [INFO] Pass: ConsolidateBlocks - 0.06819 (ms)
2026-07-13 09:08:00,764 [INFO] Pass: FixedPoint - 0.00525 (ms)
2026-07-13 09:08:00,764 [INFO] Pass: Size - 0.00310 (ms)
2026-07-13 09:08:00,764 [INFO] Pass: Size - 0.00286 (ms)
2026-07-13 09:08:00,764 [INFO] Pass: UnitarySynthesis - 0.00429 (ms)
2026-07-13 09:08:00,764 [INFO] Pass: CommutativeCancellation - 0.13709 (ms)
2026-07-13 09:08:00,764 [INFO] Pass: FixedPoint - 0.00334 (ms)
2026-07-13 09:08:00,764 [INFO] Pass: FixedPoint - 0.00334 (ms)
2026-07-13 09:08:00,764 [INFO] Pass: BasisTranslator - 0.09823 (ms)
2026-07-13 09:08:00,764 [INFO] Pass: ContractIdleWiresInControlFlow - 0.00215 (ms)
2026-07-13 09:08:00,764 [INFO] Pass: RemoveIdentityEquivalent - 0.00501 (ms)
2026-07-13 09:08:00,764 [INFO] Pass: RemoveIdentityEquivalent - 0.00525 (ms)
2026-07-13 09:08:00,764 [INFO] Pass: Depth - 0.03719 (ms)
2026-07-13 09:08:00,764 [INFO] Pass: CommutativeCancellation - 0.12231 (ms)
2026-07-13 09:08:00,764 [INFO] Pass: BasisTranslator - 0.09942 (ms)
2026-07-13 09:08:00,764 [INFO] Pass: BasisTranslator - 0.09823 (ms)
2026-07-13 09:08:00,764 [INFO] Pass: FixedPoint - 0.00477 (ms)
2026-07-13 09:08:00,764 [INFO] Pass: Size - 0.00310 (ms)
2026-07-13 09:08:00,764 [INFO] Pass: GatesInBasis - 0.05412 (ms)
2026-07-13 09:08:00,764 [INFO] Pass: ConsolidateBlocks - 0.06795 (ms)
2026-07-13 09:08:00,764 [INFO] Pass: CommutativeCancellation - 0.13447 (ms)
2026-07-13 09:08:00,764 [INFO] Pass: FixedPoint - 0.00334 (ms)
2026-07-13 09:08:00,764 [INFO] Pass: ContractIdleWiresInControlFlow - 0.00215 (ms)
2026-07-13 09:08:00,764 [INFO] Pass: UnitarySynthesis - 0.00453 (ms)
2026-07-13 09:08:00,764 [INFO] Pass: ConsolidateBlocks - 0.05674 (ms)
2026-07-13 09:08:00,764 [INFO] Pass: RemoveIdentityEquivalent - 0.00525 (ms)
2026-07-13 09:08:00,764 [INFO] Pass: ConsolidateBlocks - 0.06723 (ms)
2026-07-13 09:08:00,764 [INFO] Pass: Depth - 0.03624 (ms)
2026-07-13 09:08:00,764 [INFO] Pass: Split2QUnitaries - 0.00334 (ms)
2026-07-13 09:08:00,764 [INFO] Pass: ConsolidateBlocks - 0.07415 (ms)
2026-07-13 09:08:00,764 [INFO] Pass: UnitarySynthesis - 0.00453 (ms)
2026-07-13 09:08:00,764 [INFO] Pass: FixedPoint - 0.00405 (ms)
2026-07-13 09:08:00,764 [INFO] Pass: Depth - 0.03672 (ms)
2026-07-13 09:08:00,764 [INFO] Pass: UnitarySynthesis - 0.00572 (ms)
2026-07-13 09:08:00,764 [INFO] Pass: Size - 0.00238 (ms)
2026-07-13 09:08:00,764 [INFO] Pass: GatesInBasis - 0.05984 (ms)
2026-07-13 09:08:00,764 [INFO] Pass: UnitarySynthesis - 0.01144 (ms)
2026-07-13 09:08:00,764 [INFO] Pass: Optimize1qGatesDecomposition - 0.16117 (ms)
2026-07-13 09:08:00,764 [INFO] Pass: Optimize1qGatesDecomposition - 0.15926 (ms)
2026-07-13 09:08:00,764 [INFO] Pass: FixedPoint - 0.00525 (ms)
2026-07-13 09:08:00,764 [INFO] Pass: FixedPoint - 0.01001 (ms)
2026-07-13 09:08:00,764 [INFO] Pass: Depth - 0.03695 (ms)
2026-07-13 09:08:00,764 [INFO] Pass: Size - 0.00286 (ms)
2026-07-13 09:08:00,764 [INFO] Pass: Depth - 0.03505 (ms)
2026-07-13 09:08:00,764 [INFO] Pass: FixedPoint - 0.00334 (ms)
2026-07-13 09:08:00,764 [INFO] Pass: FixedPoint - 0.00501 (ms)
2026-07-13 09:08:00,764 [INFO] Pass: ContainsInstruction - 0.00548 (ms)
2026-07-13 09:08:00,764 [INFO] Pass: Depth - 0.04268 (ms)
2026-07-13 09:08:00,764 [INFO] Pass: HighLevelSynthesis - 0.06223 (ms)
2026-07-13 09:08:00,764 [INFO] Pass: FixedPoint - 0.00381 (ms)
2026-07-13 09:08:00,764 [INFO] Pass: Size - 0.00286 (ms)
2026-07-13 09:08:00,764 [INFO] Pass: RemoveIdentityEquivalent - 0.00572 (ms)
2026-07-13 09:08:00,764 [INFO] Pass: FixedPoint - 0.00453 (ms)
2026-07-13 09:08:00,764 [INFO] Pass: Size - 0.00238 (ms)
2026-07-13 09:08:00,764 [INFO] Pass: FixedPoint - 0.00334 (ms)
2026-07-13 09:08:00,764 [INFO] Pass: Size - 0.00310 (ms)
2026-07-13 09:08:00,764 [INFO] Pass: Optimize1qGatesDecomposition - 0.16737 (ms)
2026-07-13 09:08:00,764 [INFO] Pass: FixedPoint - 0.01025 (ms)
2026-07-13 09:08:00,764 [INFO] Pass: RemoveIdentityEquivalent - 0.00572 (ms)
2026-07-13 09:08:00,764 [INFO] Pass: FixedPoint - 0.00358 (ms)
2026-07-13 09:08:00,764 [INFO] Pass: ContainsInstruction - 0.00572 (ms)
2026-07-13 09:08:00,764 [INFO] Pass: CommutativeCancellation - 0.13757 (ms)
2026-07-13 09:08:00,764 [INFO] Pass: CommutativeCancellation - 0.13709 (ms)
2026-07-13 09:08:00,764 [INFO] Pass: RemoveIdentityEquivalent - 0.00572 (ms)
2026-07-13 09:08:00,764 [INFO] Pass: BasisTranslator - 0.09966 (ms)
2026-07-13 09:08:00,764 [INFO] Pass: ContractIdleWiresInControlFlow - 0.00238 (ms)
2026-07-13 09:08:00,764 [INFO] Pass: ContractIdleWiresInControlFlow - 0.00191 (ms)
2026-07-13 09:08:00,764 [INFO] Pass: Optimize1qGatesDecomposition - 0.15521 (ms)
2026-07-13 09:08:00,764 [INFO] Pass: GatesInBasis - 0.05245 (ms)
2026-07-13 09:08:00,764 [INFO] Pass: GatesInBasis - 0.05317 (ms)
2026-07-13 09:08:00,765 [INFO] Pass: ConsolidateBlocks - 0.06795 (ms)
2026-07-13 09:08:00,765 [INFO] Pass: CommutativeCancellation - 0.13781 (ms)
2026-07-13 09:08:00,765 [INFO] Pass: UnitarySynthesis - 0.00477 (ms)
2026-07-13 09:08:00,765 [INFO] Pass: Optimize1qGatesDecomposition - 0.15402 (ms)
2026-07-13 09:08:00,765 [INFO] Pass: ContractIdleWiresInControlFlow - 0.00215 (ms)
2026-07-13 09:08:00,765 [INFO] Pass: Depth - 0.03743 (ms)
2026-07-13 09:08:00,765 [INFO] Pass: Depth - 0.03648 (ms)
2026-07-13 09:08:00,765 [INFO] Pass: FixedPoint - 0.00405 (ms)
2026-07-13 09:08:00,765 [INFO] Pass: FixedPoint - 0.00405 (ms)
2026-07-13 09:08:00,765 [INFO] Pass: Optimize1qGatesDecomposition - 0.15998 (ms)
2026-07-13 09:08:00,765 [INFO] Pass: Depth - 0.03743 (ms)
2026-07-13 09:08:00,765 [INFO] Pass: Size - 0.00262 (ms)
2026-07-13 09:08:00,765 [INFO] Pass: Size - 0.00262 (ms)
2026-07-13 09:08:00,765 [INFO] Pass: GatesInBasis - 0.05317 (ms)
2026-07-13 09:08:00,765 [INFO] Pass: FixedPoint - 0.00548 (ms)
2026-07-13 09:08:00,765 [INFO] Pass: FixedPoint - 0.01025 (ms)
2026-07-13 09:08:00,765 [INFO] Pass: FixedPoint - 0.01001 (ms)
2026-07-13 09:08:00,765 [INFO] Pass: Size - 0.00310 (ms)
2026-07-13 09:08:00,765 [INFO] Pass: CommutativeCancellation - 0.13471 (ms)
2026-07-13 09:08:00,765 [INFO] Pass: ContainsInstruction - 0.00596 (ms)
2026-07-13 09:08:00,765 [INFO] Pass: ContainsInstruction - 0.00572 (ms)
2026-07-13 09:08:00,765 [INFO] Pass: FixedPoint - 0.00358 (ms)
2026-07-13 09:08:00,765 [INFO] Pass: ContractIdleWiresInControlFlow - 0.00215 (ms)
2026-07-13 09:08:00,765 [INFO] Pass: Depth - 0.03719 (ms)
2026-07-13 09:08:00,765 [INFO] Pass: RemoveIdentityEquivalent - 0.00596 (ms)
2026-07-13 09:08:00,765 [INFO] Pass: FixedPoint - 0.00405 (ms)
2026-07-13 09:08:00,765 [INFO] Pass: CommutativeCancellation - 0.13733 (ms)
2026-07-13 09:08:00,765 [INFO] Pass: Size - 0.00262 (ms)
2026-07-13 09:08:00,765 [INFO] Pass: ContractIdleWiresInControlFlow - 0.00215 (ms)
2026-07-13 09:08:00,765 [INFO] Pass: GatesInBasis - 0.05388 (ms)
2026-07-13 09:08:00,765 [INFO] Total Transpile Time - 90.44528 (ms)
2026-07-13 09:08:00,765 [INFO] Pass: CommutativeCancellation - 0.13661 (ms)
2026-07-13 09:08:00,765 [INFO] Pass: FixedPoint - 0.00978 (ms)
2026-07-13 09:08:00,765 [INFO] Pass: ContractIdleWiresInControlFlow - 0.00262 (ms)
2026-07-13 09:08:00,765 [INFO] Pass: ContainsInstruction - 0.00596 (ms)
2026-07-13 09:08:00,765 [INFO] Pass: GatesInBasis - 0.05245 (ms)
2026-07-13 09:08:00,765 [INFO] Pass: Depth - 0.03648 (ms)
2026-07-13 09:08:00,765 [INFO] Pass: FixedPoint - 0.00405 (ms)
2026-07-13 09:08:00,765 [INFO] Pass: GatesInBasis - 0.05221 (ms)
2026-07-13 09:08:00,765 [INFO] Pass: Size - 0.00262 (ms)
2026-07-13 09:08:00,765 [INFO] Total Transpile Time - 90.81531 (ms)
2026-07-13 09:08:00,765 [INFO] Pass: Depth - 0.03743 (ms)
2026-07-13 09:08:00,765 [INFO] Pass: Optimize1qGatesDecomposition - 0.15283 (ms)
2026-07-13 09:08:00,765 [INFO] Pass: FixedPoint - 0.01192 (ms)
2026-07-13 09:08:00,765 [INFO] Pass: FixedPoint - 0.00429 (ms)
2026-07-13 09:08:00,765 [INFO] Pass: Size - 0.00238 (ms)
2026-07-13 09:08:00,765 [INFO] Pass: Depth - 0.03743 (ms)
2026-07-13 09:08:00,765 [INFO] Pass: ContainsInstruction - 0.00572 (ms)
2026-07-13 09:08:00,765 [INFO] Pass: FixedPoint - 0.00429 (ms)
2026-07-13 09:08:00,765 [INFO] Pass: FixedPoint - 0.00930 (ms)
2026-07-13 09:08:00,765 [INFO] Pass: Size - 0.00262 (ms)
2026-07-13 09:08:00,765 [INFO] Pass: ContainsInstruction - 0.00620 (ms)
2026-07-13 09:08:00,765 [INFO] Pass: FixedPoint - 0.00978 (ms)
2026-07-13 09:08:00,765 [INFO] Pass: ContainsInstruction - 0.00620 (ms)
2026-07-13 09:08:00,765 [INFO] Pass: CommutativeCancellation - 0.13351 (ms)
2026-07-13 09:08:00,765 [INFO] Pass: ContractIdleWiresInControlFlow - 0.00238 (ms)
2026-07-13 09:08:00,765 [INFO] Total Transpile Time - 90.94095 (ms)
2026-07-13 09:08:00,765 [INFO] Pass: GatesInBasis - 0.05245 (ms)
2026-07-13 09:08:00,765 [INFO] Total Transpile Time - 90.96003 (ms)
2026-07-13 09:08:00,765 [INFO] Pass: Depth - 0.04220 (ms)
2026-07-13 09:08:00,765 [INFO] Pass: FixedPoint - 0.00429 (ms)
2026-07-13 09:08:00,765 [INFO] Pass: Size - 0.00286 (ms)
2026-07-13 09:08:00,765 [INFO] Total Transpile Time - 90.77334 (ms)
2026-07-13 09:08:00,765 [INFO] Pass: FixedPoint - 0.01121 (ms)
2026-07-13 09:08:00,765 [INFO] Pass: ContainsInstruction - 0.00596 (ms)
2026-07-13 09:08:00,765 [INFO] Total Transpile Time - 90.85155 (ms)
2026-07-13 09:08:00,765 [INFO] Total Transpile Time - 90.94572 (ms)
2026-07-13 09:08:00,766 [INFO] Total Transpile Time - 91.00699 (ms)
2026-07-13 09:08:00,766 [INFO] Total Transpile Time - 91.20131 (ms)
2026-07-13 09:08:00,853 [INFO] Pass: ContainsInstruction - 0.01025 (ms)
2026-07-13 09:08:00,853 [INFO] Pass: UnitarySynthesis - 0.00739 (ms)
2026-07-13 09:08:00,853 [INFO] Pass: HighLevelSynthesis - 0.00453 (ms)
2026-07-13 09:08:00,853 [INFO] Pass: BasisTranslator - 0.05388 (ms)
2026-07-13 09:08:00,853 [INFO] Pass: ElidePermutations - 0.00405 (ms)
2026-07-13 09:08:00,853 [INFO] Pass: RemoveDiagonalGatesBeforeMeasure - 0.00644 (ms)
2026-07-13 09:08:00,853 [INFO] Pass: RemoveIdentityEquivalent - 0.00691 (ms)
2026-07-13 09:08:00,853 [INFO] Pass: InverseCancellation - 0.03028 (ms)
2026-07-13 09:08:00,853 [INFO] Pass: ContractIdleWiresInControlFlow - 0.00262 (ms)
2026-07-13 09:08:00,853 [INFO] Pass: CommutativeCancellation - 0.11802 (ms)
2026-07-13 09:08:00,853 [INFO] Pass: ContainsInstruction - 0.01049 (ms)
2026-07-13 09:08:00,853 [INFO] Pass: UnitarySynthesis - 0.00763 (ms)
2026-07-13 09:08:00,853 [INFO] Pass: ConsolidateBlocks - 0.06342 (ms)
2026-07-13 09:08:00,853 [INFO] Pass: HighLevelSynthesis - 0.00525 (ms)
2026-07-13 09:08:00,853 [INFO] Pass: Split2QUnitaries - 0.00310 (ms)
2026-07-13 09:08:00,853 [INFO] Pass: UnitarySynthesis - 0.00930 (ms)
2026-07-13 09:08:00,853 [INFO] Pass: BasisTranslator - 0.05555 (ms)
2026-07-13 09:08:00,853 [INFO] Pass: ElidePermutations - 0.00453 (ms)
2026-07-13 09:08:00,853 [INFO] Pass: RemoveDiagonalGatesBeforeMeasure - 0.00620 (ms)
2026-07-13 09:08:00,853 [INFO] Pass: HighLevelSynthesis - 0.06390 (ms)
2026-07-13 09:08:00,853 [INFO] Pass: RemoveIdentityEquivalent - 0.00763 (ms)
2026-07-13 09:08:00,853 [INFO] Pass: InverseCancellation - 0.03147 (ms)
2026-07-13 09:08:00,853 [INFO] Pass: ContainsInstruction - 0.01073 (ms)
2026-07-13 09:08:00,853 [INFO] Pass: ContractIdleWiresInControlFlow - 0.00238 (ms)
2026-07-13 09:08:00,854 [INFO] Pass: BasisTranslator - 0.10109 (ms)
2026-07-13 09:08:00,854 [INFO] Pass: UnitarySynthesis - 0.00691 (ms)
2026-07-13 09:08:00,854 [INFO] Pass: HighLevelSynthesis - 0.00477 (ms)
2026-07-13 09:08:00,854 [INFO] Pass: ConsolidateBlocks - 0.06676 (ms)
2026-07-13 09:08:00,854 [INFO] Pass: UnitarySynthesis - 0.00477 (ms)
2026-07-13 09:08:00,854 [INFO] Pass: CommutativeCancellation - 0.11730 (ms)
2026-07-13 09:08:00,854 [INFO] Pass: BasisTranslator - 0.05484 (ms)
2026-07-13 09:08:00,854 [INFO] Pass: ElidePermutations - 0.00429 (ms)
2026-07-13 09:08:00,854 [INFO] Pass: ContainsInstruction - 0.01073 (ms)
2026-07-13 09:08:00,854 [INFO] Pass: Depth - 0.03743 (ms)
2026-07-13 09:08:00,854 [INFO] Pass: RemoveDiagonalGatesBeforeMeasure - 0.00620 (ms)
2026-07-13 09:08:00,854 [INFO] Pass: FixedPoint - 0.00477 (ms)
2026-07-13 09:08:00,854 [INFO] Pass: ConsolidateBlocks - 0.05770 (ms)
2026-07-13 09:08:00,854 [INFO] Pass: UnitarySynthesis - 0.00715 (ms)
2026-07-13 09:08:00,854 [INFO] Pass: RemoveIdentityEquivalent - 0.00763 (ms)
2026-07-13 09:08:00,854 [INFO] Pass: Size - 0.00310 (ms)
2026-07-13 09:08:00,854 [INFO] Pass: Split2QUnitaries - 0.00334 (ms)
2026-07-13 09:08:00,854 [INFO] Pass: FixedPoint - 0.00334 (ms)
2026-07-13 09:08:00,854 [INFO] Pass: HighLevelSynthesis - 0.00501 (ms)
2026-07-13 09:08:00,854 [INFO] Pass: UnitarySynthesis - 0.00954 (ms)
2026-07-13 09:08:00,854 [INFO] Pass: InverseCancellation - 0.03076 (ms)
2026-07-13 09:08:00,854 [INFO] Pass: RemoveIdentityEquivalent - 0.00644 (ms)
2026-07-13 09:08:00,854 [INFO] Pass: ContractIdleWiresInControlFlow - 0.00238 (ms)
2026-07-13 09:08:00,854 [INFO] Pass: BasisTranslator - 0.05412 (ms)
2026-07-13 09:08:00,854 [INFO] Pass: HighLevelSynthesis - 0.06318 (ms)
2026-07-13 09:08:00,854 [INFO] Pass: ElidePermutations - 0.00358 (ms)
2026-07-13 09:08:00,854 [INFO] Pass: RemoveDiagonalGatesBeforeMeasure - 0.00596 (ms)
2026-07-13 09:08:00,854 [INFO] Pass: ContainsInstruction - 0.01073 (ms)
2026-07-13 09:08:00,854 [INFO] Pass: RemoveIdentityEquivalent - 0.00715 (ms)
2026-07-13 09:08:00,854 [INFO] Pass: CommutativeCancellation - 0.12136 (ms)
2026-07-13 09:08:00,854 [INFO] Pass: UnitarySynthesis - 0.00715 (ms)
2026-07-13 09:08:00,854 [INFO] Pass: BasisTranslator - 0.09847 (ms)
2026-07-13 09:08:00,854 [INFO] Pass: Optimize1qGatesDecomposition - 0.16737 (ms)
2026-07-13 09:08:00,854 [INFO] Pass: InverseCancellation - 0.03171 (ms)
2026-07-13 09:08:00,854 [INFO] Pass: ContainsInstruction - 0.01097 (ms)
2026-07-13 09:08:00,854 [INFO] Pass: ContainsInstruction - 0.01073 (ms)
2026-07-13 09:08:00,854 [INFO] Pass: HighLevelSynthesis - 0.00453 (ms)
2026-07-13 09:08:00,854 [INFO] Pass: ContractIdleWiresInControlFlow - 0.00238 (ms)
2026-07-13 09:08:00,854 [INFO] Pass: ConsolidateBlocks - 0.05746 (ms)
2026-07-13 09:08:00,854 [INFO] Pass: UnitarySynthesis - 0.00715 (ms)
2026-07-13 09:08:00,854 [INFO] Pass: UnitarySynthesis - 0.00691 (ms)
2026-07-13 09:08:00,854 [INFO] Pass: Split2QUnitaries - 0.00310 (ms)
2026-07-13 09:08:00,854 [INFO] Pass: ConsolidateBlocks - 0.06819 (ms)
2026-07-13 09:08:00,854 [INFO] Pass: HighLevelSynthesis - 0.00477 (ms)
2026-07-13 09:08:00,854 [INFO] Pass: HighLevelSynthesis - 0.00453 (ms)
2026-07-13 09:08:00,854 [INFO] Pass: BasisTranslator - 0.05341 (ms)
2026-07-13 09:08:00,854 [INFO] Pass: UnitarySynthesis - 0.00954 (ms)
2026-07-13 09:08:00,854 [INFO] Pass: UnitarySynthesis - 0.00453 (ms)
2026-07-13 09:08:00,854 [INFO] Pass: ElidePermutations - 0.00429 (ms)
2026-07-13 09:08:00,854 [INFO] Pass: RemoveDiagonalGatesBeforeMeasure - 0.00596 (ms)
2026-07-13 09:08:00,854 [INFO] Pass: CommutativeCancellation - 0.13137 (ms)
2026-07-13 09:08:00,854 [INFO] Pass: CommutativeCancellation - 0.12231 (ms)
2026-07-13 09:08:00,854 [INFO] Pass: BasisTranslator - 0.05317 (ms)
2026-07-13 09:08:00,854 [INFO] Pass: BasisTranslator - 0.05627 (ms)
2026-07-13 09:08:00,854 [INFO] Pass: Depth - 0.03791 (ms)
2026-07-13 09:08:00,854 [INFO] Pass: RemoveIdentityEquivalent - 0.00715 (ms)
2026-07-13 09:08:00,854 [INFO] Pass: ContractIdleWiresInControlFlow - 0.00191 (ms)
2026-07-13 09:08:00,854 [INFO] Pass: HighLevelSynthesis - 0.07010 (ms)
2026-07-13 09:08:00,854 [INFO] Pass: ElidePermutations - 0.00429 (ms)
2026-07-13 09:08:00,854 [INFO] Pass: ElidePermutations - 0.00453 (ms)
2026-07-13 09:08:00,854 [INFO] Pass: FixedPoint - 0.00501 (ms)
2026-07-13 09:08:00,854 [INFO] Pass: Size - 0.00334 (ms)
2026-07-13 09:08:00,854 [INFO] Pass: RemoveDiagonalGatesBeforeMeasure - 0.00620 (ms)
2026-07-13 09:08:00,854 [INFO] Pass: RemoveDiagonalGatesBeforeMeasure - 0.00596 (ms)
2026-07-13 09:08:00,854 [INFO] Pass: InverseCancellation - 0.03242 (ms)
2026-07-13 09:08:00,854 [INFO] Pass: FixedPoint - 0.00334 (ms)
2026-07-13 09:08:00,854 [INFO] Pass: ConsolidateBlocks - 0.05817 (ms)
2026-07-13 09:08:00,854 [INFO] Pass: GatesInBasis - 0.05150 (ms)
2026-07-13 09:08:00,854 [INFO] Pass: ContractIdleWiresInControlFlow - 0.00215 (ms)
2026-07-13 09:08:00,854 [INFO] Pass: RemoveIdentityEquivalent - 0.00715 (ms)
2026-07-13 09:08:00,854 [INFO] Pass: RemoveIdentityEquivalent - 0.00715 (ms)
2026-07-13 09:08:00,854 [INFO] Pass: Split2QUnitaries - 0.00286 (ms)
2026-07-13 09:08:00,854 [INFO] Pass: RemoveIdentityEquivalent - 0.00620 (ms)
2026-07-13 09:08:00,854 [INFO] Pass: UnitarySynthesis - 0.00978 (ms)
2026-07-13 09:08:00,854 [INFO] Pass: Depth - 0.03672 (ms)
2026-07-13 09:08:00,854 [INFO] Pass: InverseCancellation - 0.03195 (ms)
2026-07-13 09:08:00,854 [INFO] Pass: BasisTranslator - 0.10061 (ms)
2026-07-13 09:08:00,854 [INFO] Pass: InverseCancellation - 0.03242 (ms)
2026-07-13 09:08:00,854 [INFO] Pass: FixedPoint - 0.00405 (ms)
2026-07-13 09:08:00,854 [INFO] Pass: ContractIdleWiresInControlFlow - 0.00215 (ms)
2026-07-13 09:08:00,854 [INFO] Pass: ContractIdleWiresInControlFlow - 0.00238 (ms)
2026-07-13 09:08:00,854 [INFO] Pass: ContainsInstruction - 0.01073 (ms)
2026-07-13 09:08:00,854 [INFO] Pass: Size - 0.00238 (ms)
2026-07-13 09:08:00,854 [INFO] Pass: FixedPoint - 0.00358 (ms)
2026-07-13 09:08:00,854 [INFO] Pass: ContainsInstruction - 0.01001 (ms)
2026-07-13 09:08:00,854 [INFO] Pass: HighLevelSynthesis - 0.06413 (ms)
2026-07-13 09:08:00,854 [INFO] Pass: CommutativeCancellation - 0.12255 (ms)
2026-07-13 09:08:00,854 [INFO] Pass: UnitarySynthesis - 0.00739 (ms)
2026-07-13 09:08:00,854 [INFO] Pass: ConsolidateBlocks - 0.06676 (ms)
2026-07-13 09:08:00,854 [INFO] Pass: RemoveIdentityEquivalent - 0.00596 (ms)
2026-07-13 09:08:00,854 [INFO] Pass: UnitarySynthesis - 0.00477 (ms)
2026-07-13 09:08:00,854 [INFO] Pass: HighLevelSynthesis - 0.00477 (ms)
2026-07-13 09:08:00,854 [INFO] Pass: UnitarySynthesis - 0.00715 (ms)
2026-07-13 09:08:00,854 [INFO] Pass: Optimize1qGatesDecomposition - 0.16522 (ms)
2026-07-13 09:08:00,854 [INFO] Pass: HighLevelSynthesis - 0.00477 (ms)
2026-07-13 09:08:00,854 [INFO] Pass: CommutativeCancellation - 0.11778 (ms)
2026-07-13 09:08:00,855 [INFO] Pass: CommutativeCancellation - 0.12374 (ms)
2026-07-13 09:08:00,855 [INFO] Pass: ConsolidateBlocks - 0.06151 (ms)
2026-07-13 09:08:00,855 [INFO] Pass: Depth - 0.03791 (ms)
2026-07-13 09:08:00,855 [INFO] Pass: Split2QUnitaries - 0.00286 (ms)
2026-07-13 09:08:00,855 [INFO] Pass: BasisTranslator - 0.05436 (ms)
2026-07-13 09:08:00,855 [INFO] Pass: BasisTranslator - 0.10180 (ms)
2026-07-13 09:08:00,855 [INFO] Pass: FixedPoint - 0.00477 (ms)
2026-07-13 09:08:00,855 [INFO] Pass: Size - 0.00286 (ms)
2026-07-13 09:08:00,855 [INFO] Pass: ElidePermutations - 0.00453 (ms)
2026-07-13 09:08:00,855 [INFO] Pass: UnitarySynthesis - 0.00978 (ms)
2026-07-13 09:08:00,855 [INFO] Pass: BasisTranslator - 0.05293 (ms)
2026-07-13 09:08:00,855 [INFO] Pass: FixedPoint - 0.00310 (ms)
2026-07-13 09:08:00,855 [INFO] Pass: ConsolidateBlocks - 0.05603 (ms)
2026-07-13 09:08:00,855 [INFO] Pass: ConsolidateBlocks - 0.05794 (ms)
2026-07-13 09:08:00,855 [INFO] Pass: RemoveDiagonalGatesBeforeMeasure - 0.00596 (ms)
2026-07-13 09:08:00,855 [INFO] Pass: Optimize1qGatesDecomposition - 0.14210 (ms)
2026-07-13 09:08:00,855 [INFO] Pass: ElidePermutations - 0.00429 (ms)
2026-07-13 09:08:00,855 [INFO] Pass: Split2QUnitaries - 0.00262 (ms)
2026-07-13 09:08:00,855 [INFO] Pass: RemoveIdentityEquivalent - 0.00572 (ms)
2026-07-13 09:08:00,855 [INFO] Pass: Split2QUnitaries - 0.00238 (ms)
2026-07-13 09:08:00,855 [INFO] Pass: RemoveIdentityEquivalent - 0.00787 (ms)
2026-07-13 09:08:00,855 [INFO] Pass: ConsolidateBlocks - 0.06819 (ms)
2026-07-13 09:08:00,855 [INFO] Pass: RemoveDiagonalGatesBeforeMeasure - 0.00620 (ms)
2026-07-13 09:08:00,855 [INFO] Pass: UnitarySynthesis - 0.00954 (ms)
2026-07-13 09:08:00,855 [INFO] Pass: UnitarySynthesis - 0.00978 (ms)
2026-07-13 09:08:00,855 [INFO] Pass: CommutativeCancellation - 0.13065 (ms)
2026-07-13 09:08:00,855 [INFO] Pass: HighLevelSynthesis - 0.06318 (ms)
2026-07-13 09:08:00,855 [INFO] Pass: UnitarySynthesis - 0.00477 (ms)
2026-07-13 09:08:00,855 [INFO] Pass: RemoveIdentityEquivalent - 0.00691 (ms)
2026-07-13 09:08:00,855 [INFO] Pass: ContractIdleWiresInControlFlow - 0.00191 (ms)
2026-07-13 09:08:00,855 [INFO] Pass: InverseCancellation - 0.03219 (ms)
2026-07-13 09:08:00,855 [INFO] Pass: ContractIdleWiresInControlFlow - 0.00262 (ms)
2026-07-13 09:08:00,855 [INFO] Pass: InverseCancellation - 0.03219 (ms)
2026-07-13 09:08:00,855 [INFO] Pass: Depth - 0.03767 (ms)
2026-07-13 09:08:00,855 [INFO] Pass: HighLevelSynthesis - 0.06413 (ms)
2026-07-13 09:08:00,855 [INFO] Pass: HighLevelSynthesis - 0.06461 (ms)
2026-07-13 09:08:00,855 [INFO] Pass: ContractIdleWiresInControlFlow - 0.00215 (ms)
2026-07-13 09:08:00,855 [INFO] Pass: GatesInBasis - 0.05150 (ms)
2026-07-13 09:08:00,855 [INFO] Pass: FixedPoint - 0.00501 (ms)
2026-07-13 09:08:00,855 [INFO] Pass: CommutativeCancellation - 0.12517 (ms)
2026-07-13 09:08:00,855 [INFO] Pass: Size - 0.00310 (ms)
2026-07-13 09:08:00,855 [INFO] Pass: BasisTranslator - 0.09894 (ms)
2026-07-13 09:08:00,855 [INFO] Pass: ContractIdleWiresInControlFlow - 0.00191 (ms)
2026-07-13 09:08:00,855 [INFO] Pass: FixedPoint - 0.00334 (ms)
2026-07-13 09:08:00,855 [INFO] Pass: Optimize1qGatesDecomposition - 0.16260 (ms)
2026-07-13 09:08:00,855 [INFO] Pass: Depth - 0.03791 (ms)
2026-07-13 09:08:00,855 [INFO] Pass: RemoveIdentityEquivalent - 0.00620 (ms)
2026-07-13 09:08:00,855 [INFO] Pass: FixedPoint - 0.00381 (ms)
2026-07-13 09:08:00,855 [INFO] Pass: GatesInBasis - 0.05102 (ms)
2026-07-13 09:08:00,855 [INFO] Pass: BasisTranslator - 0.10085 (ms)
2026-07-13 09:08:00,855 [INFO] Pass: Size - 0.00262 (ms)
2026-07-13 09:08:00,855 [INFO] Pass: BasisTranslator - 0.10133 (ms)
2026-07-13 09:08:00,855 [INFO] Pass: CommutativeCancellation - 0.12231 (ms)
2026-07-13 09:08:00,855 [INFO] Pass: ConsolidateBlocks - 0.07153 (ms)
2026-07-13 09:08:00,855 [INFO] Pass: FixedPoint - 0.00358 (ms)
2026-07-13 09:08:00,855 [INFO] Pass: CommutativeCancellation - 0.12183 (ms)
2026-07-13 09:08:00,855 [INFO] Pass: UnitarySynthesis - 0.00477 (ms)
2026-07-13 09:08:00,855 [INFO] Pass: Depth - 0.03457 (ms)
2026-07-13 09:08:00,855 [INFO] Pass: RemoveIdentityEquivalent - 0.00596 (ms)
2026-07-13 09:08:00,855 [INFO] Pass: FixedPoint - 0.00334 (ms)
2026-07-13 09:08:00,855 [INFO] Pass: ConsolidateBlocks - 0.05794 (ms)
2026-07-13 09:08:00,855 [INFO] Pass: ConsolidateBlocks - 0.06700 (ms)
2026-07-13 09:08:00,855 [INFO] Pass: Size - 0.00215 (ms)
2026-07-13 09:08:00,855 [INFO] Pass: ConsolidateBlocks - 0.06819 (ms)
2026-07-13 09:08:00,855 [INFO] Pass: Depth - 0.03815 (ms)
2026-07-13 09:08:00,855 [INFO] Pass: CommutativeCancellation - 0.12922 (ms)
2026-07-13 09:08:00,855 [INFO] Pass: FixedPoint - 0.00286 (ms)
2026-07-13 09:08:00,855 [INFO] Pass: Split2QUnitaries - 0.00286 (ms)
2026-07-13 09:08:00,855 [INFO] Pass: ConsolidateBlocks - 0.05865 (ms)
2026-07-13 09:08:00,855 [INFO] Pass: UnitarySynthesis - 0.00477 (ms)
2026-07-13 09:08:00,855 [INFO] Pass: UnitarySynthesis - 0.00477 (ms)
2026-07-13 09:08:00,855 [INFO] Pass: FixedPoint - 0.00477 (ms)
2026-07-13 09:08:00,855 [INFO] Pass: ContractIdleWiresInControlFlow - 0.00215 (ms)
2026-07-13 09:08:00,855 [INFO] Pass: ContainsInstruction - 0.00525 (ms)
2026-07-13 09:08:00,855 [INFO] Pass: Split2QUnitaries - 0.00334 (ms)
2026-07-13 09:08:00,855 [INFO] Pass: UnitarySynthesis - 0.00954 (ms)
2026-07-13 09:08:00,855 [INFO] Pass: Size - 0.00310 (ms)
2026-07-13 09:08:00,855 [INFO] Pass: Optimize1qGatesDecomposition - 0.16451 (ms)
2026-07-13 09:08:00,855 [INFO] Pass: FixedPoint - 0.00310 (ms)
2026-07-13 09:08:00,855 [INFO] Pass: UnitarySynthesis - 0.00930 (ms)
2026-07-13 09:08:00,855 [INFO] Pass: Depth - 0.03791 (ms)
2026-07-13 09:08:00,855 [INFO] Pass: Depth - 0.03791 (ms)
2026-07-13 09:08:00,855 [INFO] Pass: GatesInBasis - 0.05078 (ms)
2026-07-13 09:08:00,855 [INFO] Pass: RemoveIdentityEquivalent - 0.00620 (ms)
2026-07-13 09:08:00,855 [INFO] Pass: FixedPoint - 0.00525 (ms)
2026-07-13 09:08:00,855 [INFO] Pass: FixedPoint - 0.00477 (ms)
2026-07-13 09:08:00,855 [INFO] Pass: Optimize1qGatesDecomposition - 0.14281 (ms)
2026-07-13 09:08:00,855 [INFO] Pass: Size - 0.00310 (ms)
2026-07-13 09:08:00,855 [INFO] Pass: HighLevelSynthesis - 0.06390 (ms)
2026-07-13 09:08:00,855 [INFO] Pass: Size - 0.00334 (ms)
2026-07-13 09:08:00,855 [INFO] Pass: FixedPoint - 0.00334 (ms)
2026-07-13 09:08:00,855 [INFO] Pass: FixedPoint - 0.00286 (ms)
2026-07-13 09:08:00,855 [INFO] Pass: Depth - 0.03743 (ms)
2026-07-13 09:08:00,855 [INFO] Pass: HighLevelSynthesis - 0.06390 (ms)
2026-07-13 09:08:00,855 [INFO] Pass: RemoveIdentityEquivalent - 0.00644 (ms)
2026-07-13 09:08:00,855 [INFO] Pass: RemoveIdentityEquivalent - 0.00620 (ms)
2026-07-13 09:08:00,855 [INFO] Pass: FixedPoint - 0.00358 (ms)
2026-07-13 09:08:00,855 [INFO] Pass: Size - 0.00262 (ms)
2026-07-13 09:08:00,855 [INFO] Pass: CommutativeCancellation - 0.13185 (ms)
2026-07-13 09:08:00,855 [INFO] Pass: FixedPoint - 0.00405 (ms)
2026-07-13 09:08:00,855 [INFO] Pass: ContractIdleWiresInControlFlow - 0.00215 (ms)
2026-07-13 09:08:00,855 [INFO] Pass: BasisTranslator - 0.10657 (ms)
2026-07-13 09:08:00,855 [INFO] Pass: RemoveIdentityEquivalent - 0.00596 (ms)
2026-07-13 09:08:00,855 [INFO] Pass: CommutativeCancellation - 0.13328 (ms)
2026-07-13 09:08:00,855 [INFO] Pass: BasisTranslator - 0.11063 (ms)
2026-07-13 09:08:00,855 [INFO] Pass: Optimize1qGatesDecomposition - 0.16999 (ms)
2026-07-13 09:08:00,855 [INFO] Pass: ContractIdleWiresInControlFlow - 0.00215 (ms)
2026-07-13 09:08:00,855 [INFO] Pass: GatesInBasis - 0.05627 (ms)
2026-07-13 09:08:00,855 [INFO] Pass: ConsolidateBlocks - 0.06843 (ms)
2026-07-13 09:08:00,855 [INFO] Pass: Optimize1qGatesDecomposition - 0.16809 (ms)
2026-07-13 09:08:00,855 [INFO] Pass: Optimize1qGatesDecomposition - 0.17262 (ms)
2026-07-13 09:08:00,855 [INFO] Pass: GatesInBasis - 0.05031 (ms)
2026-07-13 09:08:00,855 [INFO] Pass: Depth - 0.03624 (ms)
2026-07-13 09:08:00,855 [INFO] Pass: UnitarySynthesis - 0.00501 (ms)
2026-07-13 09:08:00,855 [INFO] Pass: ConsolidateBlocks - 0.06962 (ms)
2026-07-13 09:08:00,855 [INFO] Pass: FixedPoint - 0.00358 (ms)
2026-07-13 09:08:00,855 [INFO] Pass: UnitarySynthesis - 0.00477 (ms)
2026-07-13 09:08:00,855 [INFO] Pass: Size - 0.00238 (ms)
2026-07-13 09:08:00,855 [INFO] Pass: Optimize1qGatesDecomposition - 0.14114 (ms)
2026-07-13 09:08:00,855 [INFO] Pass: Depth - 0.03743 (ms)
2026-07-13 09:08:00,855 [INFO] Pass: Depth - 0.03743 (ms)
2026-07-13 09:08:00,855 [INFO] Pass: FixedPoint - 0.00358 (ms)
2026-07-13 09:08:00,855 [INFO] Pass: CommutativeCancellation - 0.13256 (ms)
2026-07-13 09:08:00,855 [INFO] Pass: FixedPoint - 0.00358 (ms)
2026-07-13 09:08:00,855 [INFO] Pass: FixedPoint - 0.00477 (ms)
2026-07-13 09:08:00,855 [INFO] Pass: Depth - 0.03862 (ms)
2026-07-13 09:08:00,855 [INFO] Pass: RemoveIdentityEquivalent - 0.00596 (ms)
2026-07-13 09:08:00,855 [INFO] Pass: ContractIdleWiresInControlFlow - 0.00191 (ms)
2026-07-13 09:08:00,855 [INFO] Pass: Size - 0.00238 (ms)
2026-07-13 09:08:00,855 [INFO] Pass: Size - 0.00310 (ms)
2026-07-13 09:08:00,855 [INFO] Total Transpile Time - 90.37876 (ms)
2026-07-13 09:08:00,855 [INFO] Pass: FixedPoint - 0.00525 (ms)
2026-07-13 09:08:00,855 [INFO] Pass: FixedPoint - 0.00310 (ms)
2026-07-13 09:08:00,856 [INFO] Pass: FixedPoint - 0.00334 (ms)
2026-07-13 09:08:00,856 [INFO] Pass: Size - 0.00286 (ms)
2026-07-13 09:08:00,856 [INFO] Pass: CommutativeCancellation - 0.13423 (ms)
2026-07-13 09:08:00,856 [INFO] Pass: ContainsInstruction - 0.00572 (ms)
2026-07-13 09:08:00,856 [INFO] Pass: CommutativeCancellation - 0.13256 (ms)
2026-07-13 09:08:00,856 [INFO] Pass: RemoveIdentityEquivalent - 0.00620 (ms)
2026-07-13 09:08:00,856 [INFO] Pass: FixedPoint - 0.00310 (ms)
2026-07-13 09:08:00,856 [INFO] Pass: GatesInBasis - 0.05221 (ms)
2026-07-13 09:08:00,856 [INFO] Pass: ContractIdleWiresInControlFlow - 0.00215 (ms)
2026-07-13 09:08:00,856 [INFO] Pass: ContractIdleWiresInControlFlow - 0.00191 (ms)
2026-07-13 09:08:00,856 [INFO] Pass: RemoveIdentityEquivalent - 0.00596 (ms)
2026-07-13 09:08:00,856 [INFO] Pass: CommutativeCancellation - 0.12708 (ms)
2026-07-13 09:08:00,856 [INFO] Pass: ContractIdleWiresInControlFlow - 0.00215 (ms)
2026-07-13 09:08:00,856 [INFO] Pass: Depth - 0.03767 (ms)
2026-07-13 09:08:00,856 [INFO] Pass: GatesInBasis - 0.05126 (ms)
2026-07-13 09:08:00,856 [INFO] Pass: GatesInBasis - 0.05269 (ms)
2026-07-13 09:08:00,856 [INFO] Pass: Optimize1qGatesDecomposition - 0.14019 (ms)
2026-07-13 09:08:00,856 [INFO] Pass: FixedPoint - 0.00381 (ms)
2026-07-13 09:08:00,856 [INFO] Pass: Size - 0.00262 (ms)
2026-07-13 09:08:00,856 [INFO] Pass: GatesInBasis - 0.05078 (ms)
2026-07-13 09:08:00,856 [INFO] Pass: FixedPoint - 0.00405 (ms)
2026-07-13 09:08:00,856 [INFO] Pass: Depth - 0.03695 (ms)
2026-07-13 09:08:00,856 [INFO] Pass: Depth - 0.03648 (ms)
2026-07-13 09:08:00,856 [INFO] Pass: FixedPoint - 0.00381 (ms)
2026-07-13 09:08:00,856 [INFO] Pass: FixedPoint - 0.00358 (ms)
2026-07-13 09:08:00,856 [INFO] Pass: RemoveIdentityEquivalent - 0.00620 (ms)
2026-07-13 09:08:00,856 [INFO] Pass: Optimize1qGatesDecomposition - 0.16522 (ms)
2026-07-13 09:08:00,856 [INFO] Pass: Depth - 0.03600 (ms)
2026-07-13 09:08:00,856 [INFO] Pass: Size - 0.00238 (ms)
2026-07-13 09:08:00,856 [INFO] Pass: Size - 0.00286 (ms)
2026-07-13 09:08:00,856 [INFO] Pass: FixedPoint - 0.00334 (ms)
2026-07-13 09:08:00,856 [INFO] Pass: FixedPoint - 0.00405 (ms)
2026-07-13 09:08:00,856 [INFO] Pass: FixedPoint - 0.00358 (ms)
2026-07-13 09:08:00,856 [INFO] Pass: Optimize1qGatesDecomposition - 0.16451 (ms)
2026-07-13 09:08:00,856 [INFO] Pass: Size - 0.00191 (ms)
2026-07-13 09:08:00,856 [INFO] Pass: RemoveIdentityEquivalent - 0.00596 (ms)
2026-07-13 09:08:00,856 [INFO] Pass: RemoveIdentityEquivalent - 0.00620 (ms)
2026-07-13 09:08:00,856 [INFO] Pass: CommutativeCancellation - 0.12565 (ms)
2026-07-13 09:08:00,856 [INFO] Pass: FixedPoint - 0.00310 (ms)
2026-07-13 09:08:00,856 [INFO] Pass: ContractIdleWiresInControlFlow - 0.00215 (ms)
2026-07-13 09:08:00,856 [INFO] Pass: ContainsInstruction - 0.00572 (ms)
2026-07-13 09:08:00,856 [INFO] Pass: Optimize1qGatesDecomposition - 0.14305 (ms)
2026-07-13 09:08:00,856 [INFO] Pass: CommutativeCancellation - 0.13208 (ms)
2026-07-13 09:08:00,856 [INFO] Pass: GatesInBasis - 0.05507 (ms)
2026-07-13 09:08:00,856 [INFO] Pass: ContractIdleWiresInControlFlow - 0.00215 (ms)
2026-07-13 09:08:00,856 [INFO] Pass: CommutativeCancellation - 0.13208 (ms)
2026-07-13 09:08:00,856 [INFO] Pass: Depth - 0.03457 (ms)
2026-07-13 09:08:00,856 [INFO] Pass: ContractIdleWiresInControlFlow - 0.00215 (ms)
2026-07-13 09:08:00,856 [INFO] Pass: Optimize1qGatesDecomposition - 0.14186 (ms)
2026-07-13 09:08:00,856 [INFO] Pass: Optimize1qGatesDecomposition - 0.14210 (ms)
2026-07-13 09:08:00,856 [INFO] Pass: FixedPoint - 0.00334 (ms)
2026-07-13 09:08:00,856 [INFO] Pass: GatesInBasis - 0.05198 (ms)
2026-07-13 09:08:00,856 [INFO] Pass: Size - 0.00238 (ms)
2026-07-13 09:08:00,856 [INFO] Total Transpile Time - 90.47699 (ms)
2026-07-13 09:08:00,856 [INFO] Pass: FixedPoint - 0.00262 (ms)
2026-07-13 09:08:00,856 [INFO] Pass: GatesInBasis - 0.05293 (ms)
2026-07-13 09:08:00,856 [INFO] Pass: CommutativeCancellation - 0.12660 (ms)
2026-07-13 09:08:00,856 [INFO] Pass: ContainsInstruction - 0.00548 (ms)
2026-07-13 09:08:00,856 [INFO] Pass: Depth - 0.03695 (ms)
2026-07-13 09:08:00,856 [INFO] Pass: ContractIdleWiresInControlFlow - 0.00191 (ms)
2026-07-13 09:08:00,856 [INFO] Pass: FixedPoint - 0.00358 (ms)
2026-07-13 09:08:00,856 [INFO] Pass: Depth - 0.03648 (ms)
2026-07-13 09:08:00,856 [INFO] Pass: Size - 0.00238 (ms)
2026-07-13 09:08:00,856 [INFO] Pass: FixedPoint - 0.00358 (ms)
2026-07-13 09:08:00,856 [INFO] Pass: CommutativeCancellation - 0.12612 (ms)
2026-07-13 09:08:00,856 [INFO] Pass: FixedPoint - 0.00358 (ms)
2026-07-13 09:08:00,856 [INFO] Pass: CommutativeCancellation - 0.12946 (ms)
2026-07-13 09:08:00,856 [INFO] Pass: Size - 0.00262 (ms)
2026-07-13 09:08:00,856 [INFO] Pass: ContractIdleWiresInControlFlow - 0.00215 (ms)
2026-07-13 09:08:00,856 [INFO] Pass: GatesInBasis - 0.05126 (ms)
2026-07-13 09:08:00,856 [INFO] Pass: ContractIdleWiresInControlFlow - 0.00215 (ms)
2026-07-13 09:08:00,856 [INFO] Pass: RemoveIdentityEquivalent - 0.00596 (ms)
2026-07-13 09:08:00,856 [INFO] Pass: FixedPoint - 0.00358 (ms)
2026-07-13 09:08:00,856 [INFO] Pass: RemoveIdentityEquivalent - 0.01264 (ms)
2026-07-13 09:08:00,856 [INFO] Pass: Depth - 0.04482 (ms)
2026-07-13 09:08:00,856 [INFO] Pass: GatesInBasis - 0.05865 (ms)
2026-07-13 09:08:00,856 [INFO] Pass: GatesInBasis - 0.05674 (ms)
2026-07-13 09:08:00,856 [INFO] Pass: FixedPoint - 0.00358 (ms)
2026-07-13 09:08:00,856 [INFO] Pass: Size - 0.00262 (ms)
2026-07-13 09:08:00,856 [INFO] Pass: Depth - 0.03552 (ms)
2026-07-13 09:08:00,856 [INFO] Pass: FixedPoint - 0.00334 (ms)
2026-07-13 09:08:00,856 [INFO] Pass: Depth - 0.03815 (ms)
2026-07-13 09:08:00,856 [INFO] Pass: FixedPoint - 0.00334 (ms)
2026-07-13 09:08:00,856 [INFO] Total Transpile Time - 90.12246 (ms)
2026-07-13 09:08:00,856 [INFO] Pass: ContainsInstruction - 0.00596 (ms)
2026-07-13 09:08:00,856 [INFO] Pass: FixedPoint - 0.00358 (ms)
2026-07-13 09:08:00,856 [INFO] Pass: Size - 0.00238 (ms)
2026-07-13 09:08:00,856 [INFO] Pass: Optimize1qGatesDecomposition - 0.14949 (ms)
2026-07-13 09:08:00,856 [INFO] Pass: Size - 0.00238 (ms)
2026-07-13 09:08:00,856 [INFO] Pass: FixedPoint - 0.00286 (ms)
2026-07-13 09:08:00,856 [INFO] Pass: FixedPoint - 0.00310 (ms)
2026-07-13 09:08:00,856 [INFO] Pass: Optimize1qGatesDecomposition - 0.14329 (ms)
2026-07-13 09:08:00,856 [INFO] Pass: ContainsInstruction - 0.00596 (ms)
2026-07-13 09:08:00,856 [INFO] Pass: ContainsInstruction - 0.00548 (ms)
2026-07-13 09:08:00,856 [INFO] Pass: CommutativeCancellation - 0.12803 (ms)
2026-07-13 09:08:00,857 [INFO] Pass: CommutativeCancellation - 0.12612 (ms)
2026-07-13 09:08:00,857 [INFO] Pass: ContractIdleWiresInControlFlow - 0.00215 (ms)
2026-07-13 09:08:00,857 [INFO] Total Transpile Time - 90.87610 (ms)
2026-07-13 09:08:00,857 [INFO] Pass: ContractIdleWiresInControlFlow - 0.00191 (ms)
2026-07-13 09:08:00,857 [INFO] Pass: GatesInBasis - 0.05150 (ms)
2026-07-13 09:08:00,857 [INFO] Pass: GatesInBasis - 0.05126 (ms)
2026-07-13 09:08:00,857 [INFO] Pass: Depth - 0.03791 (ms)
2026-07-13 09:08:00,857 [INFO] Pass: Depth - 0.03457 (ms)
2026-07-13 09:08:00,857 [INFO] Pass: FixedPoint - 0.00358 (ms)
2026-07-13 09:08:00,857 [INFO] Pass: FixedPoint - 0.00334 (ms)
2026-07-13 09:08:00,857 [INFO] Pass: Size - 0.00238 (ms)
2026-07-13 09:08:00,857 [INFO] Pass: Size - 0.00238 (ms)
2026-07-13 09:08:00,857 [INFO] Pass: FixedPoint - 0.00334 (ms)
2026-07-13 09:08:00,857 [INFO] Pass: FixedPoint - 0.00310 (ms)
2026-07-13 09:08:00,857 [INFO] Pass: ContainsInstruction - 0.00596 (ms)
2026-07-13 09:08:00,857 [INFO] Pass: ContainsInstruction - 0.00572 (ms)
2026-07-13 09:08:00,857 [INFO] Total Transpile Time - 91.27593 (ms)
2026-07-13 09:08:00,857 [INFO] Total Transpile Time - 91.07089 (ms)
2026-07-13 09:08:00,857 [INFO] Total Transpile Time - 90.98196 (ms)
2026-07-13 09:08:00,857 [INFO] Total Transpile Time - 92.03291 (ms)
2026-07-13 09:08:00,857 [INFO] Total Transpile Time - 91.42756 (ms)
2026-07-13 09:08:01,223 [INFO] [PCE] Aer metadata (1ª ejecución de este proceso): device=CPU method=statevector shots=exact fusion_enabled=True
2026-07-13 09:08:01,226 [INFO] [PCE] Aer metadata (1ª ejecución de este proceso): device=CPU method=statevector shots=exact fusion_enabled=True
2026-07-13 09:08:01,228 [INFO] [PCE] Aer metadata (1ª ejecución de este proceso): device=CPU method=statevector shots=exact fusion_enabled=True
2026-07-13 09:08:01,231 [INFO] [PCE] Aer metadata (1ª ejecución de este proceso): device=CPU method=statevector shots=exact fusion_enabled=True
2026-07-13 09:08:01,233 [INFO] [PCE] Aer metadata (1ª ejecución de este proceso): device=CPU method=statevector shots=exact fusion_enabled=True
2026-07-13 09:08:01,235 [INFO] [PCE] Aer metadata (1ª ejecución de este proceso): device=CPU method=statevector shots=exact fusion_enabled=True
2026-07-13 09:08:01,238 [INFO] [PCE] Aer metadata (1ª ejecución de este proceso): device=CPU method=statevector shots=exact fusion_enabled=True
2026-07-13 09:08:01,240 [INFO] [PCE] Aer metadata (1ª ejecución de este proceso): device=CPU method=statevector shots=exact fusion_enabled=True
2026-07-13 09:08:01,243 [INFO] [PCE] Aer metadata (1ª ejecución de este proceso): device=CPU method=statevector shots=exact fusion_enabled=True
2026-07-13 13:30:44,700 [INFO] [PCE] n=350 instancia (idx=21) 1/9 completada (paralelo) — transcurrido=0:04:22:44
2026-07-13 13:31:02,869 [INFO] [PCE] n=350 instancia (idx=43) 2/9 completada (paralelo) — transcurrido=0:04:23:02
2026-07-13 13:31:27,708 [INFO] [PCE] n=350 instancia (idx=10) 3/9 completada (paralelo) — transcurrido=0:04:23:27
2026-07-13 13:31:32,146 [INFO] [PCE] n=350 instancia (idx=76) 4/9 completada (paralelo) — transcurrido=0:04:23:32
2026-07-13 13:31:33,787 [INFO] [PCE] n=350 instancia (idx=98) 5/9 completada (paralelo) — transcurrido=0:04:23:33
2026-07-13 13:31:35,725 [INFO] [PCE] n=350 instancia (idx=87) 6/9 completada (paralelo) — transcurrido=0:04:23:35
2026-07-13 13:31:43,963 [INFO] [PCE] n=350 instancia (idx=65) 7/9 completada (paralelo) — transcurrido=0:04:23:44
2026-07-13 13:31:47,202 [INFO] [PCE] n=350 instancia (idx=54) 8/9 completada (paralelo) — transcurrido=0:04:23:47
2026-07-13 13:32:00,440 [INFO] [PCE] n=350 instancia (idx=32) 9/9 completada (paralelo) — transcurrido=0:04:24:00
2026-07-13 13:32:00,614 [INFO] [PCE] n=350 chunk 11/11 completado — beta_parcial=0.6710 duration=0:04:24:00 shots=exact backend=AER
