slurmstepd: info: Setting TMPDIR to /scratch/513920. Previous errors about TMPDIR can be discarded
==============================
RUN_ID: 20260713-090746
Array ID: 6  (entrada: 350:6:11)
num_nodes: 350   chunk: 7/11
num_instances (total del n): 100
num_workers: 16
optimizer: DIFFERENTIALEVOLUTION   maxiter: 25   k: 3
backend: AER   shots: 0
==============================

==============================
num_nodes     = 350
num_instances = 100 (total del n)
chunk         = 7/11
num_workers   = 16
k             = 3
optimizer     = DIFFERENTIALEVOLUTION
maxiter       = 25
backend       = AER
outdir        = Resultados/PCE/20260713-090746/chunks
==============================

(num_workers ajustado de 16 a 9: este chunk solo tiene 9 instancias)

✔ n=350 chunk 7/11 (9 instancias) beta_parcial=0.6793 ± 0.0165
✔ Resultado del chunk guardado en: Resultados/PCE/20260713-090746/chunks/n_350_chunk_6_of_11.h5
  (recuerda: esto es PARCIAL — hace falta merge_chunks_qscore_PCE.py para combinar todos los chunks de este n antes de agregar)
Fecha fin: Mon Jul 13 13:27:50 CEST 2026

*****************************************************************************
*                                                                           *
*                    JOB EFFICIENCY REPORT (seff 513920)                   *
*                                                                           *
*****************************************************************************

Job ID: 513920
Array Job ID: 513913_6
Cluster: qmio
User/Group: tec_app6/cesga
State: COMPLETED (exit code 0)
Nodes: 1
Cores per node: 32
CPU Utilized: 4-23:45:48
CPU Efficiency: 86.40% of 5-18:36:48 core-walltime
Job Wall-clock time: 04:19:54
Memory Utilized: 14.94 GB
Memory Efficiency: 93.39% of 16.00 GB

*****************************************************************************

