qmio/hpc unloaded
gcccore/12.3.0 unloaded
binutils/2.40 unloaded
sqlite/3.45.3 unloaded
libffi/3.4.4 unloaded
python/3.11.9 unloaded
imkl/2023.2.0 unloaded
ninja/1.9.0 unloaded
meson/1.5.2-python-3.11.9 unloaded
meson-python/0.16.0-python-3.11.9 unloaded
cython/3.0.9-python-3.11.9 unloaded
numpy/1.26.4-python-3.11.9 unloaded
pybind11/2.13.6-python-3.11.9 unloaded
xsimd/12.1.1 unloaded
llvm/16.0.0 unloaded
gmp/6.3.0 unloaded
mpfr/4.2.1 unloaded
mpc/1.3.1 unloaded
flint/3.1.2 unloaded
symengine/0.11.2 unloaded
symengine-python/0.11.0-python-3.11.9 unloaded
spdlog/1.9.2 unloaded
pylatexenc/2.10-python-3.11.9 unloaded
libgd/2.3.3 unloaded
nasm/2.16.03 unloaded
libjpeg-turbo/3.0.2 unloaded
matplotlib/3.6.3-python-3.11.9 unloaded
pandas/2.2.2-python-3.11.9 unloaded
seaborn/0.12.2-python-3.11.9 unloaded
gcc/12.3.0 unloaded
rust/1.88.0 unloaded
pythran/0.15.0-python-3.11.9 unloaded
scipy/1.13.0-python-3.11.9 unloaded
qmio-run/0.5.1-python-3.11.9 unloaded
qiskit/2.2.3-python-3.11.9 unloaded
qmio-tools/0.2.1-python-3.11.9 unloaded
        Preparing the environment for use of the sistema software stack.
        Please rebuild modules cache: module --ignore-cache avail
     
qmio/hpc loaded
gcccore/12.3.0 loaded
binutils/2.40 loaded
sqlite/3.45.3 loaded
libffi/3.4.4 loaded
python/3.11.9 loaded

imkl/2023.2.0 loaded
ninja/1.9.0 loaded
meson/1.5.2-python-3.11.9 loaded
meson-python/0.16.0-python-3.11.9 loaded
cython/3.0.9-python-3.11.9 loaded
numpy/1.26.4-python-3.11.9 loaded
pybind11/2.13.6-python-3.11.9 loaded
xsimd/12.1.1 loaded
llvm/16.0.0 loaded
gmp/6.3.0 loaded
mpfr/4.2.1 loaded
mpc/1.3.1 loaded
flint/3.1.2 loaded
symengine/0.11.2 loaded
symengine-python/0.11.0-python-3.11.9 loaded
spdlog/1.9.2 loaded
pylatexenc/2.10-python-3.11.9 loaded
libgd/2.3.3 loaded
nasm/2.16.03 loaded
libjpeg-turbo/3.0.2 loaded
matplotlib/3.6.3-python-3.11.9 loaded
pandas/2.2.2-python-3.11.9 loaded
seaborn/0.12.2-python-3.11.9 loaded
gcc/12.3.0 loaded
rust/1.88.0 loaded
pythran/0.15.0-python-3.11.9 loaded
scipy/1.13.0-python-3.11.9 loaded
qmio-run/0.5.1-python-3.11.9 loaded
qiskit/2.2.3-python-3.11.9 loaded
qmio-tools/0.2.1-python-3.11.9 loaded
gcc/12.3.0 unloaded
rust/1.88.0 unloaded
pythran/0.15.0-python-3.11.9 unloaded
scipy/1.13.0-python-3.11.9 unloaded
qmio-run/0.5.1-python-3.11.9 unloaded
qiskit/2.2.3-python-3.11.9 unloaded
qmio-tools/0.2.1-python-3.11.9 unloaded
gcc/12.3.0 loaded
rust/1.88.0 loaded
pythran/0.15.0-python-3.11.9 loaded
scipy/1.13.0-python-3.11.9 loaded
qmio-run/0.5.1-python-3.11.9 loaded
qiskit/2.2.3-python-3.11.9 loaded
qmio-tools/0.2.1-python-3.11.9 loaded
qiskit/2.2.3-python-3.11.9 unloaded
qiskit/2.2.3-python-3.11.9 loaded
qmio-tools/0.2.1-python-3.11.9 unloaded
qmio-tools/0.2.1-python-3.11.9 loaded
2026-07-13 09:08:00,506 [INFO] [PCE] n=350 chunk 4/11: 9 instancias [3, 14, 25, 36, 47, 58, 69, 80, 91], num_workers=9, qubits=10
2026-07-13 09:08:00,506 [INFO] [PCE] n=350 paralelizando 9 instancias entre 9 workers (3 hilos/worker, 32 hilos totales disponibles)
2026-07-13 09:08:00,807 [INFO] Pass: ContainsInstruction - 0.01669 (ms)
2026-07-13 09:08:00,807 [INFO] Pass: UnitarySynthesis - 0.01097 (ms)
2026-07-13 09:08:00,807 [INFO] Pass: ContainsInstruction - 0.01740 (ms)
2026-07-13 09:08:00,807 [INFO] Pass: ContainsInstruction - 0.01597 (ms)
2026-07-13 09:08:00,807 [INFO] Pass: ContainsInstruction - 0.01693 (ms)
2026-07-13 09:08:00,807 [INFO] Pass: HighLevelSynthesis - 0.01287 (ms)
2026-07-13 09:08:00,807 [INFO] Pass: ContainsInstruction - 0.01550 (ms)
2026-07-13 09:08:00,807 [INFO] Pass: UnitarySynthesis - 0.01049 (ms)
2026-07-13 09:08:00,807 [INFO] Pass: ContainsInstruction - 0.01717 (ms)
2026-07-13 09:08:00,807 [INFO] Pass: UnitarySynthesis - 0.01001 (ms)
2026-07-13 09:08:00,807 [INFO] Pass: UnitarySynthesis - 0.01025 (ms)
2026-07-13 09:08:00,807 [INFO] Pass: HighLevelSynthesis - 0.01311 (ms)
2026-07-13 09:08:00,807 [INFO] Pass: UnitarySynthesis - 0.01025 (ms)
2026-07-13 09:08:00,807 [INFO] Pass: ContainsInstruction - 0.01621 (ms)
2026-07-13 09:08:00,807 [INFO] Pass: ContainsInstruction - 0.01550 (ms)
2026-07-13 09:08:00,807 [INFO] Pass: HighLevelSynthesis - 0.01168 (ms)
2026-07-13 09:08:00,807 [INFO] Pass: HighLevelSynthesis - 0.01073 (ms)
2026-07-13 09:08:00,807 [INFO] Pass: BasisTranslator - 0.07749 (ms)
2026-07-13 09:08:00,807 [INFO] Pass: UnitarySynthesis - 0.01025 (ms)
2026-07-13 09:08:00,807 [INFO] Pass: HighLevelSynthesis - 0.01860 (ms)
2026-07-13 09:08:00,807 [INFO] Pass: ContainsInstruction - 0.01621 (ms)
2026-07-13 09:08:00,807 [INFO] Pass: ElidePermutations - 0.01097 (ms)
2026-07-13 09:08:00,807 [INFO] Pass: UnitarySynthesis - 0.01073 (ms)
2026-07-13 09:08:00,807 [INFO] Pass: UnitarySynthesis - 0.01097 (ms)
2026-07-13 09:08:00,807 [INFO] Pass: HighLevelSynthesis - 0.01121 (ms)
2026-07-13 09:08:00,807 [INFO] Pass: BasisTranslator - 0.08202 (ms)
2026-07-13 09:08:00,807 [INFO] Pass: UnitarySynthesis - 0.00978 (ms)
2026-07-13 09:08:00,807 [INFO] Pass: BasisTranslator - 0.07176 (ms)
2026-07-13 09:08:00,807 [INFO] Pass: HighLevelSynthesis - 0.01073 (ms)
2026-07-13 09:08:00,807 [INFO] Pass: HighLevelSynthesis - 0.01264 (ms)
2026-07-13 09:08:00,807 [INFO] Pass: BasisTranslator - 0.07081 (ms)
2026-07-13 09:08:00,807 [INFO] Pass: RemoveDiagonalGatesBeforeMeasure - 0.01788 (ms)
2026-07-13 09:08:00,807 [INFO] Pass: ElidePermutations - 0.00834 (ms)
2026-07-13 09:08:00,807 [INFO] Pass: BasisTranslator - 0.07033 (ms)
2026-07-13 09:08:00,807 [INFO] Pass: ElidePermutations - 0.00715 (ms)
2026-07-13 09:08:00,807 [INFO] Pass: ElidePermutations - 0.00834 (ms)
2026-07-13 09:08:00,807 [INFO] Pass: HighLevelSynthesis - 0.01121 (ms)
2026-07-13 09:08:00,807 [INFO] Pass: ElidePermutations - 0.00763 (ms)
2026-07-13 09:08:00,807 [INFO] Pass: RemoveIdentityEquivalent - 0.01431 (ms)
2026-07-13 09:08:00,807 [INFO] Pass: BasisTranslator - 0.07176 (ms)
2026-07-13 09:08:00,807 [INFO] Pass: RemoveDiagonalGatesBeforeMeasure - 0.01550 (ms)
2026-07-13 09:08:00,807 [INFO] Pass: InverseCancellation - 0.01073 (ms)
2026-07-13 09:08:00,807 [INFO] Pass: ElidePermutations - 0.00858 (ms)
2026-07-13 09:08:00,807 [INFO] Pass: RemoveDiagonalGatesBeforeMeasure - 0.01574 (ms)
2026-07-13 09:08:00,807 [INFO] Pass: RemoveDiagonalGatesBeforeMeasure - 0.01550 (ms)
2026-07-13 09:08:00,807 [INFO] Pass: BasisTranslator - 0.08202 (ms)
2026-07-13 09:08:00,807 [INFO] Pass: BasisTranslator - 0.08130 (ms)
2026-07-13 09:08:00,807 [INFO] Pass: ContractIdleWiresInControlFlow - 0.00238 (ms)
2026-07-13 09:08:00,807 [INFO] Pass: RemoveDiagonalGatesBeforeMeasure - 0.01526 (ms)
2026-07-13 09:08:00,807 [INFO] Pass: RemoveIdentityEquivalent - 0.01454 (ms)
2026-07-13 09:08:00,808 [INFO] Pass: RemoveIdentityEquivalent - 0.01359 (ms)
2026-07-13 09:08:00,808 [INFO] Pass: ElidePermutations - 0.00763 (ms)
2026-07-13 09:08:00,808 [INFO] Pass: ElidePermutations - 0.00715 (ms)
2026-07-13 09:08:00,808 [INFO] Pass: BasisTranslator - 0.07510 (ms)
2026-07-13 09:08:00,808 [INFO] Pass: RemoveIdentityEquivalent - 0.01287 (ms)
2026-07-13 09:08:00,808 [INFO] Pass: RemoveDiagonalGatesBeforeMeasure - 0.01526 (ms)
2026-07-13 09:08:00,808 [INFO] Pass: InverseCancellation - 0.01001 (ms)
2026-07-13 09:08:00,808 [INFO] Pass: RemoveIdentityEquivalent - 0.01574 (ms)
2026-07-13 09:08:00,808 [INFO] Pass: InverseCancellation - 0.00906 (ms)
2026-07-13 09:08:00,808 [INFO] Pass: ElidePermutations - 0.00882 (ms)
2026-07-13 09:08:00,808 [INFO] Pass: ContractIdleWiresInControlFlow - 0.00238 (ms)
2026-07-13 09:08:00,808 [INFO] Pass: InverseCancellation - 0.01001 (ms)
2026-07-13 09:08:00,808 [INFO] Pass: InverseCancellation - 0.00930 (ms)
2026-07-13 09:08:00,808 [INFO] Pass: RemoveIdentityEquivalent - 0.01478 (ms)
2026-07-13 09:08:00,808 [INFO] Pass: ContractIdleWiresInControlFlow - 0.00286 (ms)
2026-07-13 09:08:00,808 [INFO] Pass: RemoveDiagonalGatesBeforeMeasure - 0.01502 (ms)
2026-07-13 09:08:00,808 [INFO] Pass: RemoveDiagonalGatesBeforeMeasure - 0.01621 (ms)
2026-07-13 09:08:00,808 [INFO] Pass: ContractIdleWiresInControlFlow - 0.00286 (ms)
2026-07-13 09:08:00,808 [INFO] Pass: ContractIdleWiresInControlFlow - 0.00215 (ms)
2026-07-13 09:08:00,808 [INFO] Pass: InverseCancellation - 0.00978 (ms)
2026-07-13 09:08:00,808 [INFO] Pass: RemoveDiagonalGatesBeforeMeasure - 0.01550 (ms)
2026-07-13 09:08:00,808 [INFO] Pass: RemoveIdentityEquivalent - 0.01359 (ms)
2026-07-13 09:08:00,808 [INFO] Pass: RemoveIdentityEquivalent - 0.01431 (ms)
2026-07-13 09:08:00,808 [INFO] Pass: CommutativeCancellation - 0.13113 (ms)
2026-07-13 09:08:00,808 [INFO] Pass: ContractIdleWiresInControlFlow - 0.00262 (ms)
2026-07-13 09:08:00,808 [INFO] Pass: InverseCancellation - 0.01001 (ms)
2026-07-13 09:08:00,808 [INFO] Pass: InverseCancellation - 0.00906 (ms)
2026-07-13 09:08:00,808 [INFO] Pass: RemoveIdentityEquivalent - 0.01264 (ms)
2026-07-13 09:08:00,808 [INFO] Pass: ContractIdleWiresInControlFlow - 0.00262 (ms)
2026-07-13 09:08:00,808 [INFO] Pass: ContractIdleWiresInControlFlow - 0.00238 (ms)
2026-07-13 09:08:00,808 [INFO] Pass: CommutativeCancellation - 0.12827 (ms)
2026-07-13 09:08:00,808 [INFO] Pass: InverseCancellation - 0.00978 (ms)
2026-07-13 09:08:00,808 [INFO] Pass: CommutativeCancellation - 0.12636 (ms)
2026-07-13 09:08:00,808 [INFO] Pass: ConsolidateBlocks - 0.07534 (ms)
2026-07-13 09:08:00,808 [INFO] Pass: CommutativeCancellation - 0.12898 (ms)
2026-07-13 09:08:00,808 [INFO] Pass: ContractIdleWiresInControlFlow - 0.00238 (ms)
2026-07-13 09:08:00,808 [INFO] Pass: CommutativeCancellation - 0.12898 (ms)
2026-07-13 09:08:00,808 [INFO] Pass: Split2QUnitaries - 0.00668 (ms)
2026-07-13 09:08:00,808 [INFO] Pass: CommutativeCancellation - 0.12922 (ms)
2026-07-13 09:08:00,808 [INFO] Pass: UnitarySynthesis - 0.00596 (ms)
2026-07-13 09:08:00,808 [INFO] Pass: ConsolidateBlocks - 0.06866 (ms)
2026-07-13 09:08:00,808 [INFO] Pass: ConsolidateBlocks - 0.06747 (ms)
2026-07-13 09:08:00,808 [INFO] Pass: ConsolidateBlocks - 0.06843 (ms)
2026-07-13 09:08:00,808 [INFO] Pass: Split2QUnitaries - 0.00668 (ms)
2026-07-13 09:08:00,808 [INFO] Pass: ConsolidateBlocks - 0.06747 (ms)
2026-07-13 09:08:00,808 [INFO] Pass: CommutativeCancellation - 0.12898 (ms)
2026-07-13 09:08:00,808 [INFO] Pass: Split2QUnitaries - 0.00620 (ms)
2026-07-13 09:08:00,808 [INFO] Pass: CommutativeCancellation - 0.13018 (ms)
2026-07-13 09:08:00,808 [INFO] Pass: UnitarySynthesis - 0.00572 (ms)
2026-07-13 09:08:00,808 [INFO] Pass: Split2QUnitaries - 0.00620 (ms)
2026-07-13 09:08:00,808 [INFO] Pass: Split2QUnitaries - 0.00572 (ms)
2026-07-13 09:08:00,808 [INFO] Pass: HighLevelSynthesis - 0.06199 (ms)
2026-07-13 09:08:00,808 [INFO] Pass: UnitarySynthesis - 0.00548 (ms)
2026-07-13 09:08:00,808 [INFO] Pass: ConsolidateBlocks - 0.06723 (ms)
2026-07-13 09:08:00,808 [INFO] Pass: UnitarySynthesis - 0.00596 (ms)
2026-07-13 09:08:00,808 [INFO] Pass: CommutativeCancellation - 0.12994 (ms)
2026-07-13 09:08:00,808 [INFO] Pass: UnitarySynthesis - 0.00548 (ms)
2026-07-13 09:08:00,808 [INFO] Pass: Split2QUnitaries - 0.00668 (ms)
2026-07-13 09:08:00,808 [INFO] Pass: HighLevelSynthesis - 0.06223 (ms)
2026-07-13 09:08:00,808 [INFO] Pass: ConsolidateBlocks - 0.06890 (ms)
2026-07-13 09:08:00,808 [INFO] Pass: ConsolidateBlocks - 0.06819 (ms)
2026-07-13 09:08:00,808 [INFO] Pass: UnitarySynthesis - 0.00620 (ms)
2026-07-13 09:08:00,808 [INFO] Pass: HighLevelSynthesis - 0.06127 (ms)
2026-07-13 09:08:00,808 [INFO] Pass: HighLevelSynthesis - 0.06151 (ms)
2026-07-13 09:08:00,808 [INFO] Pass: Split2QUnitaries - 0.00691 (ms)
2026-07-13 09:08:00,808 [INFO] Pass: Split2QUnitaries - 0.00620 (ms)
2026-07-13 09:08:00,808 [INFO] Pass: HighLevelSynthesis - 0.06056 (ms)
2026-07-13 09:08:00,808 [INFO] Pass: BasisTranslator - 0.09894 (ms)
2026-07-13 09:08:00,808 [INFO] Pass: ConsolidateBlocks - 0.06700 (ms)
2026-07-13 09:08:00,808 [INFO] Pass: UnitarySynthesis - 0.00572 (ms)
2026-07-13 09:08:00,808 [INFO] Pass: UnitarySynthesis - 0.00572 (ms)
2026-07-13 09:08:00,808 [INFO] Pass: Split2QUnitaries - 0.00668 (ms)
2026-07-13 09:08:00,808 [INFO] Pass: HighLevelSynthesis - 0.06318 (ms)
2026-07-13 09:08:00,808 [INFO] Pass: UnitarySynthesis - 0.00548 (ms)
2026-07-13 09:08:00,808 [INFO] Pass: BasisTranslator - 0.09727 (ms)
2026-07-13 09:08:00,808 [INFO] Pass: BasisTranslator - 0.09918 (ms)
2026-07-13 09:08:00,808 [INFO] Pass: HighLevelSynthesis - 0.06104 (ms)
2026-07-13 09:08:00,808 [INFO] Pass: HighLevelSynthesis - 0.06199 (ms)
2026-07-13 09:08:00,808 [INFO] Pass: ConsolidateBlocks - 0.06962 (ms)
2026-07-13 09:08:00,808 [INFO] Pass: BasisTranslator - 0.10014 (ms)
2026-07-13 09:08:00,808 [INFO] Pass: BasisTranslator - 0.09704 (ms)
2026-07-13 09:08:00,808 [INFO] Pass: UnitarySynthesis - 0.00477 (ms)
2026-07-13 09:08:00,808 [INFO] Pass: HighLevelSynthesis - 0.06080 (ms)
2026-07-13 09:08:00,808 [INFO] Pass: BasisTranslator - 0.09894 (ms)
2026-07-13 09:08:00,808 [INFO] Pass: ConsolidateBlocks - 0.06700 (ms)
2026-07-13 09:08:00,808 [INFO] Pass: ConsolidateBlocks - 0.06866 (ms)
2026-07-13 09:08:00,808 [INFO] Pass: UnitarySynthesis - 0.00477 (ms)
2026-07-13 09:08:00,808 [INFO] Pass: Depth - 0.04005 (ms)
2026-07-13 09:08:00,808 [INFO] Pass: ConsolidateBlocks - 0.06700 (ms)
2026-07-13 09:08:00,808 [INFO] Pass: ConsolidateBlocks - 0.06962 (ms)
2026-07-13 09:08:00,808 [INFO] Pass: UnitarySynthesis - 0.01097 (ms)
2026-07-13 09:08:00,808 [INFO] Pass: BasisTranslator - 0.10538 (ms)
2026-07-13 09:08:00,808 [INFO] Pass: BasisTranslator - 0.10419 (ms)
2026-07-13 09:08:00,808 [INFO] Pass: FixedPoint - 0.01001 (ms)
2026-07-13 09:08:00,808 [INFO] Pass: UnitarySynthesis - 0.00525 (ms)
2026-07-13 09:08:00,808 [INFO] Pass: UnitarySynthesis - 0.00477 (ms)
2026-07-13 09:08:00,808 [INFO] Pass: Size - 0.00429 (ms)
2026-07-13 09:08:00,808 [INFO] Pass: Depth - 0.03862 (ms)
2026-07-13 09:08:00,808 [INFO] Pass: ConsolidateBlocks - 0.07796 (ms)
2026-07-13 09:08:00,808 [INFO] Pass: BasisTranslator - 0.10633 (ms)
2026-07-13 09:08:00,808 [INFO] Pass: Depth - 0.03910 (ms)
2026-07-13 09:08:00,808 [INFO] Pass: FixedPoint - 0.00334 (ms)
2026-07-13 09:08:00,808 [INFO] Pass: FixedPoint - 0.00978 (ms)
2026-07-13 09:08:00,808 [INFO] Pass: UnitarySynthesis - 0.00477 (ms)
2026-07-13 09:08:00,808 [INFO] Pass: Depth - 0.03910 (ms)
2026-07-13 09:08:00,808 [INFO] Pass: Depth - 0.03958 (ms)
2026-07-13 09:08:00,808 [INFO] Pass: FixedPoint - 0.00906 (ms)
2026-07-13 09:08:00,808 [INFO] Pass: RemoveIdentityEquivalent - 0.00429 (ms)
2026-07-13 09:08:00,808 [INFO] Pass: ConsolidateBlocks - 0.06986 (ms)
2026-07-13 09:08:00,808 [INFO] Pass: Size - 0.00429 (ms)
2026-07-13 09:08:00,808 [INFO] Pass: ConsolidateBlocks - 0.07010 (ms)
2026-07-13 09:08:00,808 [INFO] Pass: FixedPoint - 0.01049 (ms)
2026-07-13 09:08:00,808 [INFO] Pass: FixedPoint - 0.00930 (ms)
2026-07-13 09:08:00,808 [INFO] Pass: Size - 0.00668 (ms)
2026-07-13 09:08:00,808 [INFO] Pass: FixedPoint - 0.00310 (ms)
2026-07-13 09:08:00,808 [INFO] Pass: UnitarySynthesis - 0.00525 (ms)
2026-07-13 09:08:00,808 [INFO] Pass: UnitarySynthesis - 0.00501 (ms)
2026-07-13 09:08:00,808 [INFO] Pass: Depth - 0.03934 (ms)
2026-07-13 09:08:00,808 [INFO] Pass: Size - 0.00381 (ms)
2026-07-13 09:08:00,808 [INFO] Pass: FixedPoint - 0.00358 (ms)
2026-07-13 09:08:00,808 [INFO] Pass: Size - 0.00739 (ms)
2026-07-13 09:08:00,808 [INFO] Pass: ConsolidateBlocks - 0.06866 (ms)
2026-07-13 09:08:00,808 [INFO] Pass: RemoveIdentityEquivalent - 0.00477 (ms)
2026-07-13 09:08:00,808 [INFO] Pass: FixedPoint - 0.00334 (ms)
2026-07-13 09:08:00,808 [INFO] Pass: FixedPoint - 0.00906 (ms)
2026-07-13 09:08:00,808 [INFO] Pass: FixedPoint - 0.00358 (ms)
2026-07-13 09:08:00,808 [INFO] Pass: Optimize1qGatesDecomposition - 0.05388 (ms)
2026-07-13 09:08:00,808 [INFO] Pass: RemoveIdentityEquivalent - 0.00453 (ms)
2026-07-13 09:08:00,808 [INFO] Pass: UnitarySynthesis - 0.00477 (ms)
2026-07-13 09:08:00,808 [INFO] Pass: Depth - 0.03862 (ms)
2026-07-13 09:08:00,808 [INFO] Pass: RemoveIdentityEquivalent - 0.00429 (ms)
2026-07-13 09:08:00,808 [INFO] Pass: Depth - 0.03862 (ms)
2026-07-13 09:08:00,808 [INFO] Pass: Size - 0.00691 (ms)
2026-07-13 09:08:00,808 [INFO] Pass: RemoveIdentityEquivalent - 0.00453 (ms)
2026-07-13 09:08:00,808 [INFO] Pass: FixedPoint - 0.00834 (ms)
2026-07-13 09:08:00,808 [INFO] Pass: FixedPoint - 0.00334 (ms)
2026-07-13 09:08:00,808 [INFO] Pass: FixedPoint - 0.00906 (ms)
2026-07-13 09:08:00,808 [INFO] Pass: Optimize1qGatesDecomposition - 0.05078 (ms)
2026-07-13 09:08:00,809 [INFO] Pass: Depth - 0.03886 (ms)
2026-07-13 09:08:00,809 [INFO] Pass: Size - 0.00381 (ms)
2026-07-13 09:08:00,809 [INFO] Pass: Optimize1qGatesDecomposition - 0.05269 (ms)
2026-07-13 09:08:00,809 [INFO] Pass: RemoveIdentityEquivalent - 0.00429 (ms)
2026-07-13 09:08:00,809 [INFO] Pass: Size - 0.00668 (ms)
2026-07-13 09:08:00,809 [INFO] Pass: FixedPoint - 0.00930 (ms)
2026-07-13 09:08:00,809 [INFO] Pass: FixedPoint - 0.00334 (ms)
2026-07-13 09:08:00,809 [INFO] Pass: Optimize1qGatesDecomposition - 0.05198 (ms)
2026-07-13 09:08:00,809 [INFO] Pass: FixedPoint - 0.00334 (ms)
2026-07-13 09:08:00,809 [INFO] Pass: Optimize1qGatesDecomposition - 0.05198 (ms)
2026-07-13 09:08:00,809 [INFO] Pass: Size - 0.00691 (ms)
2026-07-13 09:08:00,809 [INFO] Pass: RemoveIdentityEquivalent - 0.00453 (ms)
2026-07-13 09:08:00,809 [INFO] Pass: RemoveIdentityEquivalent - 0.00453 (ms)
2026-07-13 09:08:00,809 [INFO] Pass: FixedPoint - 0.00358 (ms)
2026-07-13 09:08:00,809 [INFO] Pass: Optimize1qGatesDecomposition - 0.05341 (ms)
2026-07-13 09:08:00,809 [INFO] Pass: CommutativeCancellation - 0.14114 (ms)
2026-07-13 09:08:00,809 [INFO] Pass: ContractIdleWiresInControlFlow - 0.00191 (ms)
2026-07-13 09:08:00,809 [INFO] Pass: RemoveIdentityEquivalent - 0.00429 (ms)
2026-07-13 09:08:00,809 [INFO] Pass: Optimize1qGatesDecomposition - 0.05245 (ms)
2026-07-13 09:08:00,809 [INFO] Pass: Optimize1qGatesDecomposition - 0.05293 (ms)
2026-07-13 09:08:00,809 [INFO] Pass: CommutativeCancellation - 0.14091 (ms)
2026-07-13 09:08:00,809 [INFO] Pass: ContractIdleWiresInControlFlow - 0.00191 (ms)
2026-07-13 09:08:00,809 [INFO] Pass: CommutativeCancellation - 0.14234 (ms)
2026-07-13 09:08:00,809 [INFO] Pass: GatesInBasis - 0.05078 (ms)
2026-07-13 09:08:00,809 [INFO] Pass: CommutativeCancellation - 0.13447 (ms)
2026-07-13 09:08:00,809 [INFO] Pass: Optimize1qGatesDecomposition - 0.05198 (ms)
2026-07-13 09:08:00,809 [INFO] Pass: CommutativeCancellation - 0.13542 (ms)
2026-07-13 09:08:00,809 [INFO] Pass: ContractIdleWiresInControlFlow - 0.00191 (ms)
2026-07-13 09:08:00,809 [INFO] Pass: ContractIdleWiresInControlFlow - 0.00215 (ms)
2026-07-13 09:08:00,809 [INFO] Pass: ContractIdleWiresInControlFlow - 0.00191 (ms)
2026-07-13 09:08:00,809 [INFO] Pass: GatesInBasis - 0.05174 (ms)
2026-07-13 09:08:00,809 [INFO] Pass: Depth - 0.03743 (ms)
2026-07-13 09:08:00,809 [INFO] Pass: CommutativeCancellation - 0.14305 (ms)
2026-07-13 09:08:00,809 [INFO] Pass: FixedPoint - 0.00381 (ms)
2026-07-13 09:08:00,809 [INFO] Pass: GatesInBasis - 0.05174 (ms)
2026-07-13 09:08:00,809 [INFO] Pass: ContractIdleWiresInControlFlow - 0.00215 (ms)
2026-07-13 09:08:00,809 [INFO] Pass: GatesInBasis - 0.05174 (ms)
2026-07-13 09:08:00,809 [INFO] Pass: Size - 0.00215 (ms)
2026-07-13 09:08:00,809 [INFO] Pass: GatesInBasis - 0.05150 (ms)
2026-07-13 09:08:00,809 [INFO] Pass: CommutativeCancellation - 0.14114 (ms)
2026-07-13 09:08:00,809 [INFO] Pass: CommutativeCancellation - 0.13995 (ms)
2026-07-13 09:08:00,809 [INFO] Pass: Depth - 0.03695 (ms)
2026-07-13 09:08:00,809 [INFO] Pass: FixedPoint - 0.00358 (ms)
2026-07-13 09:08:00,809 [INFO] Pass: ContractIdleWiresInControlFlow - 0.00215 (ms)
2026-07-13 09:08:00,809 [INFO] Pass: ContractIdleWiresInControlFlow - 0.00238 (ms)
2026-07-13 09:08:00,809 [INFO] Pass: FixedPoint - 0.00405 (ms)
2026-07-13 09:08:00,809 [INFO] Pass: Depth - 0.03910 (ms)
2026-07-13 09:08:00,809 [INFO] Pass: ContainsInstruction - 0.00596 (ms)
2026-07-13 09:08:00,809 [INFO] Pass: GatesInBasis - 0.05174 (ms)
2026-07-13 09:08:00,809 [INFO] Pass: Depth - 0.03695 (ms)
2026-07-13 09:08:00,809 [INFO] Pass: Size - 0.00238 (ms)
2026-07-13 09:08:00,809 [INFO] Pass: Depth - 0.03719 (ms)
2026-07-13 09:08:00,809 [INFO] Pass: CommutativeCancellation - 0.14162 (ms)
2026-07-13 09:08:00,809 [INFO] Pass: FixedPoint - 0.00453 (ms)
2026-07-13 09:08:00,809 [INFO] Pass: FixedPoint - 0.00405 (ms)
2026-07-13 09:08:00,809 [INFO] Pass: FixedPoint - 0.00334 (ms)
2026-07-13 09:08:00,809 [INFO] Pass: FixedPoint - 0.00405 (ms)
2026-07-13 09:08:00,809 [INFO] Pass: Size - 0.00238 (ms)
2026-07-13 09:08:00,809 [INFO] Pass: ContractIdleWiresInControlFlow - 0.00215 (ms)
2026-07-13 09:08:00,809 [INFO] Pass: Size - 0.00191 (ms)
2026-07-13 09:08:00,809 [INFO] Pass: GatesInBasis - 0.05102 (ms)
2026-07-13 09:08:00,809 [INFO] Pass: Size - 0.00238 (ms)
2026-07-13 09:08:00,809 [INFO] Pass: GatesInBasis - 0.05269 (ms)
2026-07-13 09:08:00,809 [INFO] Pass: ContainsInstruction - 0.00548 (ms)
2026-07-13 09:08:00,809 [INFO] Pass: Depth - 0.03672 (ms)
2026-07-13 09:08:00,809 [INFO] Pass: FixedPoint - 0.00358 (ms)
2026-07-13 09:08:00,809 [INFO] Pass: FixedPoint - 0.00358 (ms)
2026-07-13 09:08:00,809 [INFO] Pass: FixedPoint - 0.00334 (ms)
2026-07-13 09:08:00,809 [INFO] Pass: FixedPoint - 0.00405 (ms)
2026-07-13 09:08:00,809 [INFO] Pass: ContainsInstruction - 0.00572 (ms)
2026-07-13 09:08:00,809 [INFO] Pass: Size - 0.00238 (ms)
2026-07-13 09:08:00,809 [INFO] Pass: ContainsInstruction - 0.00548 (ms)
2026-07-13 09:08:00,809 [INFO] Pass: ContainsInstruction - 0.00548 (ms)
2026-07-13 09:08:00,809 [INFO] Pass: GatesInBasis - 0.05460 (ms)
2026-07-13 09:08:00,809 [INFO] Pass: Depth - 0.03743 (ms)
2026-07-13 09:08:00,809 [INFO] Pass: Depth - 0.03791 (ms)
2026-07-13 09:08:00,809 [INFO] Pass: FixedPoint - 0.00334 (ms)
2026-07-13 09:08:00,809 [INFO] Pass: FixedPoint - 0.00405 (ms)
2026-07-13 09:08:00,809 [INFO] Pass: FixedPoint - 0.00381 (ms)
2026-07-13 09:08:00,809 [INFO] Pass: ContainsInstruction - 0.00572 (ms)
2026-07-13 09:08:00,809 [INFO] Pass: Size - 0.00238 (ms)
2026-07-13 09:08:00,809 [INFO] Pass: Size - 0.00238 (ms)
2026-07-13 09:08:00,809 [INFO] Pass: Depth - 0.03767 (ms)
2026-07-13 09:08:00,809 [INFO] Pass: FixedPoint - 0.00358 (ms)
2026-07-13 09:08:00,809 [INFO] Pass: FixedPoint - 0.00358 (ms)
2026-07-13 09:08:00,809 [INFO] Pass: FixedPoint - 0.00381 (ms)
2026-07-13 09:08:00,809 [INFO] Pass: ContainsInstruction - 0.00548 (ms)
2026-07-13 09:08:00,809 [INFO] Pass: ContainsInstruction - 0.00525 (ms)
2026-07-13 09:08:00,809 [INFO] Pass: Size - 0.00238 (ms)
2026-07-13 09:08:00,809 [INFO] Pass: FixedPoint - 0.00310 (ms)
2026-07-13 09:08:00,809 [INFO] Pass: ContainsInstruction - 0.00572 (ms)
2026-07-13 09:08:00,809 [INFO] Total Transpile Time - 127.03085 (ms)
2026-07-13 09:08:00,809 [INFO] Total Transpile Time - 127.20680 (ms)
2026-07-13 09:08:00,810 [INFO] Total Transpile Time - 127.51698 (ms)
2026-07-13 09:08:00,810 [INFO] Total Transpile Time - 127.17271 (ms)
2026-07-13 09:08:00,810 [INFO] Total Transpile Time - 127.45094 (ms)
2026-07-13 09:08:00,810 [INFO] Total Transpile Time - 127.09522 (ms)
2026-07-13 09:08:00,810 [INFO] Total Transpile Time - 127.39086 (ms)
2026-07-13 09:08:00,810 [INFO] Total Transpile Time - 127.49076 (ms)
2026-07-13 09:08:00,810 [INFO] Total Transpile Time - 127.50363 (ms)
2026-07-13 09:08:00,896 [INFO] Pass: ContainsInstruction - 0.01073 (ms)
2026-07-13 09:08:00,896 [INFO] Pass: ContainsInstruction - 0.01144 (ms)
2026-07-13 09:08:00,896 [INFO] Pass: UnitarySynthesis - 0.00668 (ms)
2026-07-13 09:08:00,897 [INFO] Pass: HighLevelSynthesis - 0.00453 (ms)
2026-07-13 09:08:00,897 [INFO] Pass: UnitarySynthesis - 0.00691 (ms)
2026-07-13 09:08:00,897 [INFO] Pass: HighLevelSynthesis - 0.00453 (ms)
2026-07-13 09:08:00,897 [INFO] Pass: BasisTranslator - 0.05150 (ms)
2026-07-13 09:08:00,897 [INFO] Pass: ElidePermutations - 0.00405 (ms)
2026-07-13 09:08:00,897 [INFO] Pass: BasisTranslator - 0.05341 (ms)
2026-07-13 09:08:00,897 [INFO] Pass: RemoveDiagonalGatesBeforeMeasure - 0.00620 (ms)
2026-07-13 09:08:00,897 [INFO] Pass: ElidePermutations - 0.00429 (ms)
2026-07-13 09:08:00,897 [INFO] Pass: RemoveIdentityEquivalent - 0.00668 (ms)
2026-07-13 09:08:00,897 [INFO] Pass: RemoveDiagonalGatesBeforeMeasure - 0.00668 (ms)
2026-07-13 09:08:00,897 [INFO] Pass: RemoveIdentityEquivalent - 0.00691 (ms)
2026-07-13 09:08:00,897 [INFO] Pass: InverseCancellation - 0.03338 (ms)
2026-07-13 09:08:00,897 [INFO] Pass: ContractIdleWiresInControlFlow - 0.00191 (ms)
2026-07-13 09:08:00,897 [INFO] Pass: InverseCancellation - 0.03219 (ms)
2026-07-13 09:08:00,897 [INFO] Pass: ContractIdleWiresInControlFlow - 0.00215 (ms)
2026-07-13 09:08:00,897 [INFO] Pass: CommutativeCancellation - 0.11516 (ms)
2026-07-13 09:08:00,897 [INFO] Pass: CommutativeCancellation - 0.12040 (ms)
2026-07-13 09:08:00,897 [INFO] Pass: ConsolidateBlocks - 0.05722 (ms)
2026-07-13 09:08:00,897 [INFO] Pass: Split2QUnitaries - 0.00262 (ms)
2026-07-13 09:08:00,897 [INFO] Pass: UnitarySynthesis - 0.00525 (ms)
2026-07-13 09:08:00,897 [INFO] Pass: ConsolidateBlocks - 0.05770 (ms)
2026-07-13 09:08:00,897 [INFO] Pass: Split2QUnitaries - 0.00262 (ms)
2026-07-13 09:08:00,897 [INFO] Pass: UnitarySynthesis - 0.00572 (ms)
2026-07-13 09:08:00,897 [INFO] Pass: HighLevelSynthesis - 0.06175 (ms)
2026-07-13 09:08:00,897 [INFO] Pass: ContainsInstruction - 0.01192 (ms)
2026-07-13 09:08:00,897 [INFO] Pass: ContainsInstruction - 0.01073 (ms)
2026-07-13 09:08:00,897 [INFO] Pass: HighLevelSynthesis - 0.06199 (ms)
2026-07-13 09:08:00,897 [INFO] Pass: UnitarySynthesis - 0.00715 (ms)
2026-07-13 09:08:00,897 [INFO] Pass: ContainsInstruction - 0.01073 (ms)
2026-07-13 09:08:00,897 [INFO] Pass: UnitarySynthesis - 0.00668 (ms)
2026-07-13 09:08:00,897 [INFO] Pass: HighLevelSynthesis - 0.00453 (ms)
2026-07-13 09:08:00,897 [INFO] Pass: BasisTranslator - 0.10061 (ms)
2026-07-13 09:08:00,897 [INFO] Pass: HighLevelSynthesis - 0.00405 (ms)
2026-07-13 09:08:00,897 [INFO] Pass: UnitarySynthesis - 0.00691 (ms)
2026-07-13 09:08:00,897 [INFO] Pass: HighLevelSynthesis - 0.00477 (ms)
2026-07-13 09:08:00,897 [INFO] Pass: BasisTranslator - 0.09799 (ms)
2026-07-13 09:08:00,897 [INFO] Pass: BasisTranslator - 0.05412 (ms)
2026-07-13 09:08:00,897 [INFO] Pass: ConsolidateBlocks - 0.06700 (ms)
2026-07-13 09:08:00,897 [INFO] Pass: BasisTranslator - 0.05364 (ms)
2026-07-13 09:08:00,897 [INFO] Pass: ElidePermutations - 0.00477 (ms)
2026-07-13 09:08:00,897 [INFO] Pass: UnitarySynthesis - 0.00453 (ms)
2026-07-13 09:08:00,897 [INFO] Pass: ElidePermutations - 0.00429 (ms)
2026-07-13 09:08:00,897 [INFO] Pass: ContainsInstruction - 0.01144 (ms)
2026-07-13 09:08:00,897 [INFO] Pass: RemoveDiagonalGatesBeforeMeasure - 0.00715 (ms)
2026-07-13 09:08:00,897 [INFO] Pass: ContainsInstruction - 0.01121 (ms)
2026-07-13 09:08:00,897 [INFO] Pass: BasisTranslator - 0.05388 (ms)
2026-07-13 09:08:00,897 [INFO] Pass: RemoveDiagonalGatesBeforeMeasure - 0.00691 (ms)
2026-07-13 09:08:00,897 [INFO] Pass: ConsolidateBlocks - 0.06747 (ms)
2026-07-13 09:08:00,897 [INFO] Pass: RemoveIdentityEquivalent - 0.00668 (ms)
2026-07-13 09:08:00,897 [INFO] Pass: ElidePermutations - 0.00429 (ms)
2026-07-13 09:08:00,897 [INFO] Pass: Depth - 0.03982 (ms)
2026-07-13 09:08:00,897 [INFO] Pass: UnitarySynthesis - 0.00691 (ms)
2026-07-13 09:08:00,897 [INFO] Pass: RemoveIdentityEquivalent - 0.00644 (ms)
2026-07-13 09:08:00,897 [INFO] Pass: UnitarySynthesis - 0.00453 (ms)
2026-07-13 09:08:00,897 [INFO] Pass: UnitarySynthesis - 0.00715 (ms)
2026-07-13 09:08:00,897 [INFO] Pass: RemoveDiagonalGatesBeforeMeasure - 0.00691 (ms)
2026-07-13 09:08:00,897 [INFO] Pass: FixedPoint - 0.00453 (ms)
2026-07-13 09:08:00,898 [INFO] Pass: HighLevelSynthesis - 0.00429 (ms)
2026-07-13 09:08:00,898 [INFO] Pass: InverseCancellation - 0.03290 (ms)
2026-07-13 09:08:00,898 [INFO] Pass: HighLevelSynthesis - 0.00453 (ms)
2026-07-13 09:08:00,898 [INFO] Pass: RemoveIdentityEquivalent - 0.00739 (ms)
2026-07-13 09:08:00,898 [INFO] Pass: Size - 0.00405 (ms)
2026-07-13 09:08:00,898 [INFO] Pass: InverseCancellation - 0.03290 (ms)
2026-07-13 09:08:00,898 [INFO] Pass: ContractIdleWiresInControlFlow - 0.00191 (ms)
2026-07-13 09:08:00,898 [INFO] Pass: Depth - 0.04029 (ms)
2026-07-13 09:08:00,898 [INFO] Pass: ContainsInstruction - 0.01144 (ms)
2026-07-13 09:08:00,898 [INFO] Pass: FixedPoint - 0.00358 (ms)
2026-07-13 09:08:00,898 [INFO] Pass: ContractIdleWiresInControlFlow - 0.00191 (ms)
2026-07-13 09:08:00,898 [INFO] Pass: FixedPoint - 0.00525 (ms)
2026-07-13 09:08:00,898 [INFO] Pass: InverseCancellation - 0.03433 (ms)
2026-07-13 09:08:00,898 [INFO] Pass: RemoveIdentityEquivalent - 0.00525 (ms)
2026-07-13 09:08:00,898 [INFO] Pass: BasisTranslator - 0.05245 (ms)
2026-07-13 09:08:00,898 [INFO] Pass: Size - 0.00358 (ms)
2026-07-13 09:08:00,898 [INFO] Pass: UnitarySynthesis - 0.00691 (ms)
2026-07-13 09:08:00,898 [INFO] Pass: BasisTranslator - 0.05150 (ms)
2026-07-13 09:08:00,898 [INFO] Pass: ContractIdleWiresInControlFlow - 0.00215 (ms)
2026-07-13 09:08:00,898 [INFO] Pass: FixedPoint - 0.00334 (ms)
2026-07-13 09:08:00,898 [INFO] Pass: ElidePermutations - 0.00429 (ms)
2026-07-13 09:08:00,898 [INFO] Pass: HighLevelSynthesis - 0.00405 (ms)
2026-07-13 09:08:00,898 [INFO] Pass: ElidePermutations - 0.00429 (ms)
2026-07-13 09:08:00,898 [INFO] Pass: RemoveIdentityEquivalent - 0.00572 (ms)
2026-07-13 09:08:00,898 [INFO] Pass: RemoveDiagonalGatesBeforeMeasure - 0.00620 (ms)
2026-07-13 09:08:00,898 [INFO] Pass: RemoveDiagonalGatesBeforeMeasure - 0.00668 (ms)
2026-07-13 09:08:00,898 [INFO] Pass: RemoveIdentityEquivalent - 0.00620 (ms)
2026-07-13 09:08:00,898 [INFO] Pass: CommutativeCancellation - 0.11492 (ms)
2026-07-13 09:08:00,898 [INFO] Pass: RemoveIdentityEquivalent - 0.00668 (ms)
2026-07-13 09:08:00,898 [INFO] Pass: CommutativeCancellation - 0.11969 (ms)
2026-07-13 09:08:00,898 [INFO] Pass: BasisTranslator - 0.05221 (ms)
2026-07-13 09:08:00,898 [INFO] Pass: InverseCancellation - 0.03219 (ms)
2026-07-13 09:08:00,898 [INFO] Pass: ElidePermutations - 0.00429 (ms)
2026-07-13 09:08:00,898 [INFO] Pass: InverseCancellation - 0.03457 (ms)
2026-07-13 09:08:00,898 [INFO] Pass: CommutativeCancellation - 0.11587 (ms)
2026-07-13 09:08:00,898 [INFO] Pass: ContractIdleWiresInControlFlow - 0.00215 (ms)
2026-07-13 09:08:00,898 [INFO] Pass: ConsolidateBlocks - 0.05770 (ms)
2026-07-13 09:08:00,898 [INFO] Pass: RemoveDiagonalGatesBeforeMeasure - 0.00668 (ms)
2026-07-13 09:08:00,898 [INFO] Pass: Optimize1qGatesDecomposition - 0.16284 (ms)
2026-07-13 09:08:00,898 [INFO] Pass: ContractIdleWiresInControlFlow - 0.00215 (ms)
2026-07-13 09:08:00,898 [INFO] Pass: ConsolidateBlocks - 0.05555 (ms)
2026-07-13 09:08:00,898 [INFO] Pass: Split2QUnitaries - 0.00262 (ms)
2026-07-13 09:08:00,898 [INFO] Pass: RemoveIdentityEquivalent - 0.00620 (ms)
2026-07-13 09:08:00,898 [INFO] Pass: Split2QUnitaries - 0.00310 (ms)
2026-07-13 09:08:00,898 [INFO] Pass: UnitarySynthesis - 0.00525 (ms)
2026-07-13 09:08:00,898 [INFO] Pass: Optimize1qGatesDecomposition - 0.15736 (ms)
2026-07-13 09:08:00,898 [INFO] Pass: UnitarySynthesis - 0.00525 (ms)
2026-07-13 09:08:00,898 [INFO] Pass: ConsolidateBlocks - 0.05770 (ms)
2026-07-13 09:08:00,898 [INFO] Pass: InverseCancellation - 0.03147 (ms)
2026-07-13 09:08:00,898 [INFO] Pass: Split2QUnitaries - 0.00310 (ms)
2026-07-13 09:08:00,898 [INFO] Pass: ContractIdleWiresInControlFlow - 0.00238 (ms)
2026-07-13 09:08:00,898 [INFO] Pass: UnitarySynthesis - 0.00501 (ms)
2026-07-13 09:08:00,898 [INFO] Pass: CommutativeCancellation - 0.11396 (ms)
2026-07-13 09:08:00,898 [INFO] Pass: HighLevelSynthesis - 0.06127 (ms)
2026-07-13 09:08:00,898 [INFO] Pass: HighLevelSynthesis - 0.06151 (ms)
2026-07-13 09:08:00,898 [INFO] Pass: CommutativeCancellation - 0.12159 (ms)
2026-07-13 09:08:00,898 [INFO] Pass: CommutativeCancellation - 0.13614 (ms)
2026-07-13 09:08:00,898 [INFO] Pass: ContractIdleWiresInControlFlow - 0.00238 (ms)
2026-07-13 09:08:00,898 [INFO] Pass: HighLevelSynthesis - 0.06175 (ms)
2026-07-13 09:08:00,898 [INFO] Pass: ConsolidateBlocks - 0.05651 (ms)
2026-07-13 09:08:00,898 [INFO] Pass: CommutativeCancellation - 0.14186 (ms)
2026-07-13 09:08:00,898 [INFO] Pass: ConsolidateBlocks - 0.05722 (ms)
2026-07-13 09:08:00,898 [INFO] Pass: Split2QUnitaries - 0.00262 (ms)
2026-07-13 09:08:00,898 [INFO] Pass: CommutativeCancellation - 0.11539 (ms)
2026-07-13 09:08:00,898 [INFO] Pass: ContractIdleWiresInControlFlow - 0.00215 (ms)
2026-07-13 09:08:00,898 [INFO] Pass: BasisTranslator - 0.09608 (ms)
2026-07-13 09:08:00,898 [INFO] Pass: Split2QUnitaries - 0.00262 (ms)
2026-07-13 09:08:00,898 [INFO] Pass: ContainsInstruction - 0.01121 (ms)
2026-07-13 09:08:00,898 [INFO] Pass: UnitarySynthesis - 0.00501 (ms)
2026-07-13 09:08:00,898 [INFO] Pass: GatesInBasis - 0.05269 (ms)
2026-07-13 09:08:00,898 [INFO] Pass: BasisTranslator - 0.09680 (ms)
2026-07-13 09:08:00,898 [INFO] Pass: UnitarySynthesis - 0.00548 (ms)
2026-07-13 09:08:00,898 [INFO] Pass: UnitarySynthesis - 0.00620 (ms)
2026-07-13 09:08:00,898 [INFO] Pass: GatesInBasis - 0.05245 (ms)
2026-07-13 09:08:00,898 [INFO] Pass: BasisTranslator - 0.09680 (ms)
2026-07-13 09:08:00,898 [INFO] Pass: ConsolidateBlocks - 0.05651 (ms)
2026-07-13 09:08:00,898 [INFO] Pass: Depth - 0.03958 (ms)
2026-07-13 09:08:00,898 [INFO] Pass: HighLevelSynthesis - 0.00453 (ms)
2026-07-13 09:08:00,898 [INFO] Pass: ConsolidateBlocks - 0.06795 (ms)
2026-07-13 09:08:00,898 [INFO] Pass: HighLevelSynthesis - 0.06223 (ms)
2026-07-13 09:08:00,898 [INFO] Pass: FixedPoint - 0.00405 (ms)
2026-07-13 09:08:00,898 [INFO] Pass: Split2QUnitaries - 0.00262 (ms)
2026-07-13 09:08:00,898 [INFO] Pass: ConsolidateBlocks - 0.06604 (ms)
2026-07-13 09:08:00,898 [INFO] Pass: HighLevelSynthesis - 0.06247 (ms)
2026-07-13 09:08:00,898 [INFO] Pass: Size - 0.00262 (ms)
2026-07-13 09:08:00,898 [INFO] Pass: UnitarySynthesis - 0.00477 (ms)
2026-07-13 09:08:00,898 [INFO] Pass: UnitarySynthesis - 0.00525 (ms)
2026-07-13 09:08:00,898 [INFO] Pass: UnitarySynthesis - 0.00453 (ms)
2026-07-13 09:08:00,898 [INFO] Pass: Depth - 0.03886 (ms)
2026-07-13 09:08:00,898 [INFO] Pass: FixedPoint - 0.01192 (ms)
2026-07-13 09:08:00,898 [INFO] Pass: FixedPoint - 0.00429 (ms)
2026-07-13 09:08:00,898 [INFO] Pass: ConsolidateBlocks - 0.06819 (ms)
2026-07-13 09:08:00,898 [INFO] Pass: BasisTranslator - 0.05317 (ms)
2026-07-13 09:08:00,898 [INFO] Pass: Size - 0.00262 (ms)
2026-07-13 09:08:00,898 [INFO] Pass: ContainsInstruction - 0.00548 (ms)
2026-07-13 09:08:00,898 [INFO] Pass: Depth - 0.03982 (ms)
2026-07-13 09:08:00,898 [INFO] Pass: Depth - 0.03934 (ms)
2026-07-13 09:08:00,898 [INFO] Pass: UnitarySynthesis - 0.00477 (ms)
2026-07-13 09:08:00,898 [INFO] Pass: ElidePermutations - 0.01049 (ms)
2026-07-13 09:08:00,898 [INFO] Pass: FixedPoint - 0.00978 (ms)
2026-07-13 09:08:00,898 [INFO] Pass: HighLevelSynthesis - 0.06747 (ms)
2026-07-13 09:08:00,898 [INFO] Pass: BasisTranslator - 0.10276 (ms)
2026-07-13 09:08:00,898 [INFO] Pass: FixedPoint - 0.00525 (ms)
2026-07-13 09:08:00,898 [INFO] Pass: FixedPoint - 0.00501 (ms)
2026-07-13 09:08:00,898 [INFO] Pass: RemoveDiagonalGatesBeforeMeasure - 0.00644 (ms)
2026-07-13 09:08:00,898 [INFO] Pass: BasisTranslator - 0.10204 (ms)
2026-07-13 09:08:00,898 [INFO] Pass: Size - 0.00381 (ms)
2026-07-13 09:08:00,898 [INFO] Pass: ContainsInstruction - 0.00548 (ms)
2026-07-13 09:08:00,898 [INFO] Pass: Size - 0.00358 (ms)
2026-07-13 09:08:00,898 [INFO] Pass: RemoveIdentityEquivalent - 0.00668 (ms)
2026-07-13 09:08:00,898 [INFO] Pass: Depth - 0.03982 (ms)
2026-07-13 09:08:00,898 [INFO] Pass: FixedPoint - 0.00286 (ms)
2026-07-13 09:08:00,898 [INFO] Pass: FixedPoint - 0.00334 (ms)
2026-07-13 09:08:00,898 [INFO] Pass: FixedPoint - 0.00501 (ms)
2026-07-13 09:08:00,898 [INFO] Pass: RemoveIdentityEquivalent - 0.00548 (ms)
2026-07-13 09:08:00,898 [INFO] Pass: RemoveIdentityEquivalent - 0.00572 (ms)
2026-07-13 09:08:00,898 [INFO] Pass: ConsolidateBlocks - 0.06723 (ms)
2026-07-13 09:08:00,898 [INFO] Pass: Size - 0.00334 (ms)
2026-07-13 09:08:00,898 [INFO] Pass: InverseCancellation - 0.03242 (ms)
2026-07-13 09:08:00,898 [INFO] Pass: ConsolidateBlocks - 0.06747 (ms)
2026-07-13 09:08:00,898 [INFO] Pass: BasisTranslator - 0.09584 (ms)
2026-07-13 09:08:00,898 [INFO] Pass: FixedPoint - 0.00334 (ms)
2026-07-13 09:08:00,898 [INFO] Pass: ContractIdleWiresInControlFlow - 0.00238 (ms)
2026-07-13 09:08:00,898 [INFO] Pass: UnitarySynthesis - 0.00453 (ms)
2026-07-13 09:08:00,898 [INFO] Pass: UnitarySynthesis - 0.00453 (ms)
2026-07-13 09:08:00,898 [INFO] Pass: RemoveIdentityEquivalent - 0.00572 (ms)
2026-07-13 09:08:00,898 [INFO] Pass: Depth - 0.03982 (ms)
2026-07-13 09:08:00,898 [INFO] Pass: Depth - 0.04029 (ms)
2026-07-13 09:08:00,898 [INFO] Pass: FixedPoint - 0.00453 (ms)
2026-07-13 09:08:00,898 [INFO] Pass: ConsolidateBlocks - 0.06795 (ms)
2026-07-13 09:08:00,899 [INFO] Pass: Size - 0.00358 (ms)
2026-07-13 09:08:00,899 [INFO] Pass: FixedPoint - 0.00501 (ms)
2026-07-13 09:08:00,899 [INFO] Pass: UnitarySynthesis - 0.00477 (ms)
2026-07-13 09:08:00,899 [INFO] Pass: FixedPoint - 0.00310 (ms)
2026-07-13 09:08:00,899 [INFO] Pass: Optimize1qGatesDecomposition - 0.15807 (ms)
2026-07-13 09:08:00,899 [INFO] Pass: Size - 0.00358 (ms)
2026-07-13 09:08:00,899 [INFO] Pass: Optimize1qGatesDecomposition - 0.15736 (ms)
2026-07-13 09:08:00,899 [INFO] Pass: CommutativeCancellation - 0.12279 (ms)
2026-07-13 09:08:00,899 [INFO] Pass: RemoveIdentityEquivalent - 0.00572 (ms)
2026-07-13 09:08:00,899 [INFO] Pass: FixedPoint - 0.00334 (ms)
2026-07-13 09:08:00,899 [INFO] Pass: Depth - 0.04005 (ms)
2026-07-13 09:08:00,899 [INFO] Pass: RemoveIdentityEquivalent - 0.00548 (ms)
2026-07-13 09:08:00,899 [INFO] Pass: Optimize1qGatesDecomposition - 0.15640 (ms)
2026-07-13 09:08:00,899 [INFO] Pass: FixedPoint - 0.00525 (ms)
2026-07-13 09:08:00,899 [INFO] Pass: Size - 0.00358 (ms)
2026-07-13 09:08:00,899 [INFO] Pass: ConsolidateBlocks - 0.05984 (ms)
2026-07-13 09:08:00,899 [INFO] Pass: FixedPoint - 0.00334 (ms)
2026-07-13 09:08:00,899 [INFO] Pass: Split2QUnitaries - 0.00286 (ms)
2026-07-13 09:08:00,899 [INFO] Pass: RemoveIdentityEquivalent - 0.00548 (ms)
2026-07-13 09:08:00,899 [INFO] Pass: UnitarySynthesis - 0.00525 (ms)
2026-07-13 09:08:00,899 [INFO] Pass: CommutativeCancellation - 0.13900 (ms)
2026-07-13 09:08:00,899 [INFO] Pass: CommutativeCancellation - 0.13804 (ms)
2026-07-13 09:08:00,899 [INFO] Total Transpile Time - 88.70053 (ms)
2026-07-13 09:08:00,899 [INFO] Pass: ContractIdleWiresInControlFlow - 0.00215 (ms)
2026-07-13 09:08:00,899 [INFO] Pass: ContractIdleWiresInControlFlow - 0.00215 (ms)
2026-07-13 09:08:00,899 [INFO] Pass: Optimize1qGatesDecomposition - 0.15688 (ms)
2026-07-13 09:08:00,899 [INFO] Pass: HighLevelSynthesis - 0.06175 (ms)
2026-07-13 09:08:00,899 [INFO] Pass: Optimize1qGatesDecomposition - 0.15903 (ms)
2026-07-13 09:08:00,899 [INFO] Pass: CommutativeCancellation - 0.13924 (ms)
2026-07-13 09:08:00,899 [INFO] Total Transpile Time - 88.70268 (ms)
2026-07-13 09:08:00,899 [INFO] Pass: ContractIdleWiresInControlFlow - 0.00238 (ms)
2026-07-13 09:08:00,899 [INFO] Pass: GatesInBasis - 0.05150 (ms)
2026-07-13 09:08:00,899 [INFO] Pass: GatesInBasis - 0.05150 (ms)
2026-07-13 09:08:00,899 [INFO] Pass: Optimize1qGatesDecomposition - 0.16117 (ms)
2026-07-13 09:08:00,899 [INFO] Pass: Depth - 0.03767 (ms)
2026-07-13 09:08:00,899 [INFO] Pass: Depth - 0.03839 (ms)
2026-07-13 09:08:00,899 [INFO] Pass: GatesInBasis - 0.05174 (ms)
2026-07-13 09:08:00,899 [INFO] Pass: BasisTranslator - 0.09918 (ms)
2026-07-13 09:08:00,899 [INFO] Pass: FixedPoint - 0.00381 (ms)
2026-07-13 09:08:00,899 [INFO] Pass: FixedPoint - 0.00381 (ms)
2026-07-13 09:08:00,899 [INFO] Pass: CommutativeCancellation - 0.13733 (ms)
2026-07-13 09:08:00,899 [INFO] Pass: Size - 0.00286 (ms)
2026-07-13 09:08:00,899 [INFO] Pass: Size - 0.00262 (ms)
2026-07-13 09:08:00,899 [INFO] Pass: ContractIdleWiresInControlFlow - 0.00167 (ms)
2026-07-13 09:08:00,899 [INFO] Pass: Depth - 0.03958 (ms)
2026-07-13 09:08:00,899 [INFO] Pass: FixedPoint - 0.01025 (ms)
2026-07-13 09:08:00,899 [INFO] Pass: CommutativeCancellation - 0.14377 (ms)
2026-07-13 09:08:00,899 [INFO] Pass: FixedPoint - 0.00954 (ms)
2026-07-13 09:08:00,899 [INFO] Pass: FixedPoint - 0.00429 (ms)
2026-07-13 09:08:00,899 [INFO] Pass: ContractIdleWiresInControlFlow - 0.00215 (ms)
2026-07-13 09:08:00,899 [INFO] Pass: ContainsInstruction - 0.00548 (ms)
2026-07-13 09:08:00,899 [INFO] Pass: ContainsInstruction - 0.00572 (ms)
2026-07-13 09:08:00,899 [INFO] Pass: ConsolidateBlocks - 0.06962 (ms)
2026-07-13 09:08:00,899 [INFO] Pass: Size - 0.00262 (ms)
2026-07-13 09:08:00,899 [INFO] Pass: GatesInBasis - 0.05221 (ms)
2026-07-13 09:08:00,899 [INFO] Pass: UnitarySynthesis - 0.00525 (ms)
2026-07-13 09:08:00,899 [INFO] Pass: FixedPoint - 0.01025 (ms)
2026-07-13 09:08:00,899 [INFO] Pass: CommutativeCancellation - 0.13709 (ms)
2026-07-13 09:08:00,899 [INFO] Pass: GatesInBasis - 0.05198 (ms)
2026-07-13 09:08:00,899 [INFO] Pass: ContainsInstruction - 0.00620 (ms)
2026-07-13 09:08:00,899 [INFO] Pass: ContractIdleWiresInControlFlow - 0.00215 (ms)
2026-07-13 09:08:00,899 [INFO] Pass: Depth - 0.03934 (ms)
2026-07-13 09:08:00,899 [INFO] Pass: Depth - 0.03982 (ms)
2026-07-13 09:08:00,899 [INFO] Pass: FixedPoint - 0.00405 (ms)
2026-07-13 09:08:00,899 [INFO] Pass: Depth - 0.03839 (ms)
2026-07-13 09:08:00,899 [INFO] Pass: FixedPoint - 0.00477 (ms)
2026-07-13 09:08:00,899 [INFO] Pass: Size - 0.00238 (ms)
2026-07-13 09:08:00,899 [INFO] Pass: FixedPoint - 0.00381 (ms)
2026-07-13 09:08:00,899 [INFO] Pass: Size - 0.00358 (ms)
2026-07-13 09:08:00,899 [INFO] Pass: GatesInBasis - 0.05054 (ms)
2026-07-13 09:08:00,899 [INFO] Pass: Size - 0.00238 (ms)
2026-07-13 09:08:00,899 [INFO] Pass: FixedPoint - 0.01001 (ms)
2026-07-13 09:08:00,899 [INFO] Pass: FixedPoint - 0.00310 (ms)
2026-07-13 09:08:00,899 [INFO] Pass: FixedPoint - 0.00954 (ms)
2026-07-13 09:08:00,899 [INFO] Pass: RemoveIdentityEquivalent - 0.00548 (ms)
2026-07-13 09:08:00,899 [INFO] Pass: ContainsInstruction - 0.00548 (ms)
2026-07-13 09:08:00,899 [INFO] Pass: Depth - 0.03862 (ms)
2026-07-13 09:08:00,899 [INFO] Pass: ContainsInstruction - 0.00572 (ms)
2026-07-13 09:08:00,899 [INFO] Pass: FixedPoint - 0.00381 (ms)
2026-07-13 09:08:00,899 [INFO] Pass: Size - 0.00262 (ms)
2026-07-13 09:08:00,899 [INFO] Pass: FixedPoint - 0.01001 (ms)
2026-07-13 09:08:00,899 [INFO] Pass: ContainsInstruction - 0.00548 (ms)
2026-07-13 09:08:00,899 [INFO] Pass: Optimize1qGatesDecomposition - 0.16665 (ms)
2026-07-13 09:08:00,899 [INFO] Total Transpile Time - 89.41197 (ms)
2026-07-13 09:08:00,899 [INFO] Total Transpile Time - 89.52475 (ms)
2026-07-13 09:08:00,900 [INFO] Total Transpile Time - 89.61749 (ms)
2026-07-13 09:08:00,900 [INFO] Pass: CommutativeCancellation - 0.14496 (ms)
2026-07-13 09:08:00,900 [INFO] Pass: ContractIdleWiresInControlFlow - 0.00215 (ms)
2026-07-13 09:08:00,900 [INFO] Pass: GatesInBasis - 0.05150 (ms)
2026-07-13 09:08:00,900 [INFO] Total Transpile Time - 89.77079 (ms)
2026-07-13 09:08:00,900 [INFO] Pass: Depth - 0.03815 (ms)
2026-07-13 09:08:00,900 [INFO] Total Transpile Time - 89.88070 (ms)
2026-07-13 09:08:00,900 [INFO] Pass: FixedPoint - 0.00405 (ms)
2026-07-13 09:08:00,900 [INFO] Pass: Size - 0.00262 (ms)
2026-07-13 09:08:00,900 [INFO] Pass: FixedPoint - 0.00954 (ms)
2026-07-13 09:08:00,900 [INFO] Total Transpile Time - 89.82563 (ms)
2026-07-13 09:08:00,900 [INFO] Pass: ContainsInstruction - 0.00572 (ms)
2026-07-13 09:08:00,900 [INFO] Total Transpile Time - 90.19279 (ms)
2026-07-13 09:08:00,985 [INFO] Pass: ContainsInstruction - 0.01025 (ms)
2026-07-13 09:08:00,985 [INFO] Pass: UnitarySynthesis - 0.00668 (ms)
2026-07-13 09:08:00,985 [INFO] Pass: HighLevelSynthesis - 0.00501 (ms)
2026-07-13 09:08:00,985 [INFO] Pass: ContainsInstruction - 0.01049 (ms)
2026-07-13 09:08:00,985 [INFO] Pass: BasisTranslator - 0.05269 (ms)
2026-07-13 09:08:00,985 [INFO] Pass: UnitarySynthesis - 0.00715 (ms)
2026-07-13 09:08:00,985 [INFO] Pass: ElidePermutations - 0.00429 (ms)
2026-07-13 09:08:00,985 [INFO] Pass: HighLevelSynthesis - 0.00477 (ms)
2026-07-13 09:08:00,985 [INFO] Pass: RemoveDiagonalGatesBeforeMeasure - 0.00596 (ms)
2026-07-13 09:08:00,985 [INFO] Pass: RemoveIdentityEquivalent - 0.00715 (ms)
2026-07-13 09:08:00,986 [INFO] Pass: ContainsInstruction - 0.01025 (ms)
2026-07-13 09:08:00,986 [INFO] Pass: BasisTranslator - 0.05412 (ms)
2026-07-13 09:08:00,986 [INFO] Pass: InverseCancellation - 0.03242 (ms)
2026-07-13 09:08:00,986 [INFO] Pass: ElidePermutations - 0.00381 (ms)
2026-07-13 09:08:00,986 [INFO] Pass: ContractIdleWiresInControlFlow - 0.00262 (ms)
2026-07-13 09:08:00,986 [INFO] Pass: UnitarySynthesis - 0.00668 (ms)
2026-07-13 09:08:00,986 [INFO] Pass: RemoveDiagonalGatesBeforeMeasure - 0.00596 (ms)
2026-07-13 09:08:00,986 [INFO] Pass: HighLevelSynthesis - 0.00453 (ms)
2026-07-13 09:08:00,986 [INFO] Pass: RemoveIdentityEquivalent - 0.00715 (ms)
2026-07-13 09:08:00,986 [INFO] Pass: InverseCancellation - 0.03195 (ms)
2026-07-13 09:08:00,986 [INFO] Pass: BasisTranslator - 0.05269 (ms)
2026-07-13 09:08:00,986 [INFO] Pass: ContractIdleWiresInControlFlow - 0.00238 (ms)
2026-07-13 09:08:00,986 [INFO] Pass: ElidePermutations - 0.00405 (ms)
2026-07-13 09:08:00,986 [INFO] Pass: CommutativeCancellation - 0.11516 (ms)
2026-07-13 09:08:00,986 [INFO] Pass: RemoveDiagonalGatesBeforeMeasure - 0.00596 (ms)
2026-07-13 09:08:00,986 [INFO] Pass: RemoveIdentityEquivalent - 0.00715 (ms)
2026-07-13 09:08:00,986 [INFO] Pass: ConsolidateBlocks - 0.05817 (ms)
2026-07-13 09:08:00,986 [INFO] Pass: Split2QUnitaries - 0.00286 (ms)
2026-07-13 09:08:00,986 [INFO] Pass: InverseCancellation - 0.03266 (ms)
2026-07-13 09:08:00,986 [INFO] Pass: CommutativeCancellation - 0.12064 (ms)
2026-07-13 09:08:00,986 [INFO] Pass: ContractIdleWiresInControlFlow - 0.00215 (ms)
2026-07-13 09:08:00,986 [INFO] Pass: UnitarySynthesis - 0.00906 (ms)
2026-07-13 09:08:00,986 [INFO] Pass: ConsolidateBlocks - 0.05841 (ms)
2026-07-13 09:08:00,986 [INFO] Pass: HighLevelSynthesis - 0.06485 (ms)
2026-07-13 09:08:00,986 [INFO] Pass: Split2QUnitaries - 0.00286 (ms)
2026-07-13 09:08:00,986 [INFO] Pass: UnitarySynthesis - 0.00930 (ms)
2026-07-13 09:08:00,986 [INFO] Pass: CommutativeCancellation - 0.12088 (ms)
2026-07-13 09:08:00,986 [INFO] Pass: BasisTranslator - 0.09775 (ms)
2026-07-13 09:08:00,986 [INFO] Pass: HighLevelSynthesis - 0.06342 (ms)
2026-07-13 09:08:00,986 [INFO] Pass: ConsolidateBlocks - 0.05651 (ms)
2026-07-13 09:08:00,986 [INFO] Pass: Split2QUnitaries - 0.00262 (ms)
2026-07-13 09:08:00,986 [INFO] Pass: UnitarySynthesis - 0.00954 (ms)
2026-07-13 09:08:00,986 [INFO] Pass: ConsolidateBlocks - 0.06819 (ms)
2026-07-13 09:08:00,986 [INFO] Pass: ContainsInstruction - 0.00954 (ms)
2026-07-13 09:08:00,986 [INFO] Pass: UnitarySynthesis - 0.00501 (ms)
2026-07-13 09:08:00,986 [INFO] Pass: BasisTranslator - 0.09871 (ms)
2026-07-13 09:08:00,986 [INFO] Pass: ContainsInstruction - 0.01001 (ms)
2026-07-13 09:08:00,986 [INFO] Pass: UnitarySynthesis - 0.00763 (ms)
2026-07-13 09:08:00,986 [INFO] Pass: HighLevelSynthesis - 0.06318 (ms)
2026-07-13 09:08:00,986 [INFO] Pass: HighLevelSynthesis - 0.00501 (ms)
2026-07-13 09:08:00,986 [INFO] Pass: UnitarySynthesis - 0.00668 (ms)
2026-07-13 09:08:00,986 [INFO] Pass: Depth - 0.04578 (ms)
2026-07-13 09:08:00,986 [INFO] Pass: FixedPoint - 0.00477 (ms)
2026-07-13 09:08:00,986 [INFO] Pass: HighLevelSynthesis - 0.00429 (ms)
2026-07-13 09:08:00,986 [INFO] Pass: ConsolidateBlocks - 0.07439 (ms)
2026-07-13 09:08:00,986 [INFO] Pass: Size - 0.00358 (ms)
2026-07-13 09:08:00,986 [INFO] Pass: UnitarySynthesis - 0.00453 (ms)
2026-07-13 09:08:00,986 [INFO] Pass: FixedPoint - 0.00310 (ms)
2026-07-13 09:08:00,986 [INFO] Pass: BasisTranslator - 0.05293 (ms)
2026-07-13 09:08:00,986 [INFO] Pass: BasisTranslator - 0.09871 (ms)
2026-07-13 09:08:00,986 [INFO] Pass: ElidePermutations - 0.00405 (ms)
2026-07-13 09:08:00,986 [INFO] Pass: RemoveIdentityEquivalent - 0.00644 (ms)
2026-07-13 09:08:00,986 [INFO] Pass: BasisTranslator - 0.05293 (ms)
2026-07-13 09:08:00,986 [INFO] Pass: Depth - 0.03886 (ms)
2026-07-13 09:08:00,986 [INFO] Pass: RemoveDiagonalGatesBeforeMeasure - 0.00596 (ms)
2026-07-13 09:08:00,986 [INFO] Pass: ElidePermutations - 0.00453 (ms)
2026-07-13 09:08:00,986 [INFO] Pass: FixedPoint - 0.00453 (ms)
2026-07-13 09:08:00,986 [INFO] Pass: RemoveIdentityEquivalent - 0.00691 (ms)
2026-07-13 09:08:00,986 [INFO] Pass: RemoveDiagonalGatesBeforeMeasure - 0.00668 (ms)
2026-07-13 09:08:00,986 [INFO] Pass: Size - 0.00358 (ms)
2026-07-13 09:08:00,986 [INFO] Pass: ConsolidateBlocks - 0.06819 (ms)
2026-07-13 09:08:00,986 [INFO] Pass: RemoveIdentityEquivalent - 0.00668 (ms)
2026-07-13 09:08:00,986 [INFO] Pass: FixedPoint - 0.00310 (ms)
2026-07-13 09:08:00,986 [INFO] Pass: UnitarySynthesis - 0.00477 (ms)
2026-07-13 09:08:00,987 [INFO] Pass: InverseCancellation - 0.03195 (ms)
2026-07-13 09:08:00,987 [INFO] Pass: RemoveIdentityEquivalent - 0.00644 (ms)
2026-07-13 09:08:00,987 [INFO] Pass: ContractIdleWiresInControlFlow - 0.00238 (ms)
2026-07-13 09:08:00,987 [INFO] Pass: InverseCancellation - 0.03314 (ms)
2026-07-13 09:08:00,987 [INFO] Pass: ContainsInstruction - 0.01049 (ms)
2026-07-13 09:08:00,987 [INFO] Pass: Depth - 0.03982 (ms)
2026-07-13 09:08:00,987 [INFO] Pass: ContainsInstruction - 0.01073 (ms)
2026-07-13 09:08:00,987 [INFO] Pass: ContractIdleWiresInControlFlow - 0.00215 (ms)
2026-07-13 09:08:00,987 [INFO] Pass: FixedPoint - 0.00477 (ms)
2026-07-13 09:08:00,987 [INFO] Pass: Optimize1qGatesDecomposition - 0.17118 (ms)
2026-07-13 09:08:00,987 [INFO] Pass: UnitarySynthesis - 0.00691 (ms)
2026-07-13 09:08:00,987 [INFO] Pass: Size - 0.00334 (ms)
2026-07-13 09:08:00,987 [INFO] Pass: UnitarySynthesis - 0.00739 (ms)
2026-07-13 09:08:00,987 [INFO] Pass: FixedPoint - 0.00310 (ms)
2026-07-13 09:08:00,987 [INFO] Pass: HighLevelSynthesis - 0.00501 (ms)
2026-07-13 09:08:00,987 [INFO] Pass: HighLevelSynthesis - 0.00453 (ms)
2026-07-13 09:08:00,987 [INFO] Pass: RemoveIdentityEquivalent - 0.00644 (ms)
2026-07-13 09:08:00,987 [INFO] Pass: CommutativeCancellation - 0.11683 (ms)
2026-07-13 09:08:00,987 [INFO] Pass: Optimize1qGatesDecomposition - 0.16713 (ms)
2026-07-13 09:08:00,987 [INFO] Pass: CommutativeCancellation - 0.12374 (ms)
2026-07-13 09:08:00,987 [INFO] Pass: BasisTranslator - 0.05221 (ms)
2026-07-13 09:08:00,987 [INFO] Pass: ContainsInstruction - 0.01001 (ms)
2026-07-13 09:08:00,987 [INFO] Pass: BasisTranslator - 0.05221 (ms)
2026-07-13 09:08:00,987 [INFO] Pass: ElidePermutations - 0.00405 (ms)
2026-07-13 09:08:00,987 [INFO] Pass: ElidePermutations - 0.00429 (ms)
2026-07-13 09:08:00,987 [INFO] Pass: ConsolidateBlocks - 0.05913 (ms)
2026-07-13 09:08:00,987 [INFO] Pass: CommutativeCancellation - 0.13733 (ms)
2026-07-13 09:08:00,987 [INFO] Pass: RemoveDiagonalGatesBeforeMeasure - 0.00620 (ms)
2026-07-13 09:08:00,987 [INFO] Pass: UnitarySynthesis - 0.00691 (ms)
2026-07-13 09:08:00,987 [INFO] Pass: RemoveDiagonalGatesBeforeMeasure - 0.00596 (ms)
2026-07-13 09:08:00,987 [INFO] Pass: Split2QUnitaries - 0.00262 (ms)
2026-07-13 09:08:00,987 [INFO] Pass: ContractIdleWiresInControlFlow - 0.00238 (ms)
2026-07-13 09:08:00,987 [INFO] Pass: ConsolidateBlocks - 0.05817 (ms)
2026-07-13 09:08:00,987 [INFO] Pass: RemoveIdentityEquivalent - 0.00715 (ms)
2026-07-13 09:08:00,987 [INFO] Pass: HighLevelSynthesis - 0.00477 (ms)
2026-07-13 09:08:00,987 [INFO] Pass: RemoveIdentityEquivalent - 0.00739 (ms)
2026-07-13 09:08:00,987 [INFO] Pass: UnitarySynthesis - 0.00930 (ms)
2026-07-13 09:08:00,987 [INFO] Pass: Split2QUnitaries - 0.00262 (ms)
2026-07-13 09:08:00,987 [INFO] Pass: Optimize1qGatesDecomposition - 0.16761 (ms)
2026-07-13 09:08:00,987 [INFO] Pass: InverseCancellation - 0.03314 (ms)
2026-07-13 09:08:00,987 [INFO] Pass: UnitarySynthesis - 0.00930 (ms)
2026-07-13 09:08:00,987 [INFO] Pass: GatesInBasis - 0.05150 (ms)
2026-07-13 09:08:00,987 [INFO] Pass: InverseCancellation - 0.03266 (ms)
2026-07-13 09:08:00,987 [INFO] Pass: CommutativeCancellation - 0.13280 (ms)
2026-07-13 09:08:00,987 [INFO] Pass: ContractIdleWiresInControlFlow - 0.00262 (ms)
2026-07-13 09:08:00,987 [INFO] Pass: BasisTranslator - 0.05245 (ms)
2026-07-13 09:08:00,987 [INFO] Pass: ContractIdleWiresInControlFlow - 0.00262 (ms)
2026-07-13 09:08:00,987 [INFO] Pass: ContractIdleWiresInControlFlow - 0.00191 (ms)
2026-07-13 09:08:00,987 [INFO] Pass: HighLevelSynthesis - 0.06390 (ms)
2026-07-13 09:08:00,987 [INFO] Pass: ElidePermutations - 0.00381 (ms)
2026-07-13 09:08:00,987 [INFO] Pass: Depth - 0.03862 (ms)
2026-07-13 09:08:00,987 [INFO] Pass: HighLevelSynthesis - 0.06413 (ms)
2026-07-13 09:08:00,987 [INFO] Pass: RemoveDiagonalGatesBeforeMeasure - 0.00620 (ms)
2026-07-13 09:08:00,987 [INFO] Pass: FixedPoint - 0.00381 (ms)
2026-07-13 09:08:00,987 [INFO] Pass: Size - 0.00262 (ms)
2026-07-13 09:08:00,987 [INFO] Pass: GatesInBasis - 0.05269 (ms)
2026-07-13 09:08:00,987 [INFO] Pass: RemoveIdentityEquivalent - 0.00834 (ms)
2026-07-13 09:08:00,987 [INFO] Pass: FixedPoint - 0.00358 (ms)
2026-07-13 09:08:00,987 [INFO] Pass: CommutativeCancellation - 0.13232 (ms)
2026-07-13 09:08:00,987 [INFO] Pass: CommutativeCancellation - 0.11754 (ms)
2026-07-13 09:08:00,987 [INFO] Pass: BasisTranslator - 0.09656 (ms)
2026-07-13 09:08:00,987 [INFO] Pass: RemoveIdentityEquivalent - 0.00620 (ms)
2026-07-13 09:08:00,987 [INFO] Pass: InverseCancellation - 0.03266 (ms)
2026-07-13 09:08:00,987 [INFO] Pass: Depth - 0.03719 (ms)
2026-07-13 09:08:00,987 [INFO] Pass: ContractIdleWiresInControlFlow - 0.00191 (ms)
2026-07-13 09:08:00,987 [INFO] Pass: CommutativeCancellation - 0.12112 (ms)
2026-07-13 09:08:00,987 [INFO] Pass: ContractIdleWiresInControlFlow - 0.00262 (ms)
2026-07-13 09:08:00,987 [INFO] Pass: FixedPoint - 0.00334 (ms)
2026-07-13 09:08:00,987 [INFO] Pass: BasisTranslator - 0.09799 (ms)
2026-07-13 09:08:00,987 [INFO] Pass: Size - 0.00238 (ms)
2026-07-13 09:08:00,987 [INFO] Pass: FixedPoint - 0.00358 (ms)
2026-07-13 09:08:00,987 [INFO] Pass: ConsolidateBlocks - 0.05770 (ms)
2026-07-13 09:08:00,987 [INFO] Pass: GatesInBasis - 0.05221 (ms)
2026-07-13 09:08:00,987 [INFO] Pass: ConsolidateBlocks - 0.06962 (ms)
2026-07-13 09:08:00,987 [INFO] Pass: ConsolidateBlocks - 0.05794 (ms)
2026-07-13 09:08:00,987 [INFO] Pass: Split2QUnitaries - 0.00262 (ms)
2026-07-13 09:08:00,987 [INFO] Pass: RemoveIdentityEquivalent - 0.00596 (ms)
2026-07-13 09:08:00,987 [INFO] Pass: ContainsInstruction - 0.01001 (ms)
2026-07-13 09:08:00,987 [INFO] Pass: UnitarySynthesis - 0.00453 (ms)
2026-07-13 09:08:00,987 [INFO] Pass: Split2QUnitaries - 0.00286 (ms)
2026-07-13 09:08:00,987 [INFO] Pass: ConsolidateBlocks - 0.06795 (ms)
2026-07-13 09:08:00,987 [INFO] Pass: UnitarySynthesis - 0.00930 (ms)
2026-07-13 09:08:00,987 [INFO] Pass: Depth - 0.03886 (ms)
2026-07-13 09:08:00,987 [INFO] Pass: UnitarySynthesis - 0.00477 (ms)
2026-07-13 09:08:00,987 [INFO] Pass: UnitarySynthesis - 0.01001 (ms)
2026-07-13 09:08:00,987 [INFO] Pass: UnitarySynthesis - 0.00644 (ms)
2026-07-13 09:08:00,987 [INFO] Pass: Optimize1qGatesDecomposition - 0.14353 (ms)
2026-07-13 09:08:00,987 [INFO] Pass: FixedPoint - 0.00381 (ms)
2026-07-13 09:08:00,987 [INFO] Pass: CommutativeCancellation - 0.11730 (ms)
2026-07-13 09:08:00,987 [INFO] Pass: Depth - 0.04053 (ms)
2026-07-13 09:08:00,987 [INFO] Pass: Size - 0.00238 (ms)
2026-07-13 09:08:00,987 [INFO] Pass: HighLevelSynthesis - 0.00525 (ms)
2026-07-13 09:08:00,987 [INFO] Pass: FixedPoint - 0.00453 (ms)
2026-07-13 09:08:00,987 [INFO] Pass: FixedPoint - 0.00358 (ms)
2026-07-13 09:08:00,987 [INFO] Pass: Depth - 0.04697 (ms)
2026-07-13 09:08:00,987 [INFO] Pass: HighLevelSynthesis - 0.07033 (ms)
2026-07-13 09:08:00,987 [INFO] Pass: Size - 0.00334 (ms)
2026-07-13 09:08:00,987 [INFO] Pass: HighLevelSynthesis - 0.07105 (ms)
2026-07-13 09:08:00,987 [INFO] Pass: FixedPoint - 0.00477 (ms)
2026-07-13 09:08:00,987 [INFO] Pass: RemoveIdentityEquivalent - 0.00644 (ms)
2026-07-13 09:08:00,987 [INFO] Pass: FixedPoint - 0.00310 (ms)
2026-07-13 09:08:00,987 [INFO] Pass: ConsolidateBlocks - 0.05794 (ms)
2026-07-13 09:08:00,987 [INFO] Pass: Size - 0.00381 (ms)
2026-07-13 09:08:00,987 [INFO] Pass: BasisTranslator - 0.05341 (ms)
2026-07-13 09:08:00,987 [INFO] Pass: Optimize1qGatesDecomposition - 0.15116 (ms)
2026-07-13 09:08:00,987 [INFO] Pass: RemoveIdentityEquivalent - 0.00620 (ms)
2026-07-13 09:08:00,987 [INFO] Pass: Split2QUnitaries - 0.00262 (ms)
2026-07-13 09:08:00,987 [INFO] Pass: FixedPoint - 0.00310 (ms)
2026-07-13 09:08:00,987 [INFO] Pass: ElidePermutations - 0.00381 (ms)
2026-07-13 09:08:00,987 [INFO] Pass: UnitarySynthesis - 0.00978 (ms)
2026-07-13 09:08:00,987 [INFO] Pass: RemoveIdentityEquivalent - 0.00668 (ms)
2026-07-13 09:08:00,987 [INFO] Pass: CommutativeCancellation - 0.13232 (ms)
2026-07-13 09:08:00,987 [INFO] Pass: RemoveDiagonalGatesBeforeMeasure - 0.00620 (ms)
2026-07-13 09:08:00,987 [INFO] Pass: BasisTranslator - 0.09704 (ms)
2026-07-13 09:08:00,987 [INFO] Pass: ContractIdleWiresInControlFlow - 0.00191 (ms)
2026-07-13 09:08:00,987 [INFO] Pass: RemoveIdentityEquivalent - 0.00715 (ms)
2026-07-13 09:08:00,987 [INFO] Pass: BasisTranslator - 0.09871 (ms)
2026-07-13 09:08:00,987 [INFO] Pass: HighLevelSynthesis - 0.06270 (ms)
2026-07-13 09:08:00,987 [INFO] Pass: InverseCancellation - 0.03314 (ms)
2026-07-13 09:08:00,987 [INFO] Pass: Optimize1qGatesDecomposition - 0.14734 (ms)
2026-07-13 09:08:00,987 [INFO] Pass: GatesInBasis - 0.05078 (ms)
2026-07-13 09:08:00,987 [INFO] Pass: ContractIdleWiresInControlFlow - 0.00238 (ms)
2026-07-13 09:08:00,987 [INFO] Pass: ConsolidateBlocks - 0.06866 (ms)
2026-07-13 09:08:00,987 [INFO] Pass: CommutativeCancellation - 0.12994 (ms)
2026-07-13 09:08:00,988 [INFO] Pass: ConsolidateBlocks - 0.06747 (ms)
2026-07-13 09:08:00,988 [INFO] Pass: UnitarySynthesis - 0.00477 (ms)
2026-07-13 09:08:00,988 [INFO] Pass: ContractIdleWiresInControlFlow - 0.00215 (ms)
2026-07-13 09:08:00,988 [INFO] Pass: Depth - 0.03958 (ms)
2026-07-13 09:08:00,988 [INFO] Pass: Optimize1qGatesDecomposition - 0.16737 (ms)
2026-07-13 09:08:00,988 [INFO] Pass: UnitarySynthesis - 0.00501 (ms)
2026-07-13 09:08:00,988 [INFO] Pass: FixedPoint - 0.00358 (ms)
2026-07-13 09:08:00,988 [INFO] Pass: Optimize1qGatesDecomposition - 0.16451 (ms)
2026-07-13 09:08:00,988 [INFO] Pass: BasisTranslator - 0.09704 (ms)
2026-07-13 09:08:00,988 [INFO] Pass: Size - 0.00191 (ms)
2026-07-13 09:08:00,988 [INFO] Pass: Depth - 0.03934 (ms)
2026-07-13 09:08:00,988 [INFO] Pass: GatesInBasis - 0.05174 (ms)
2026-07-13 09:08:00,988 [INFO] Pass: FixedPoint - 0.00310 (ms)
2026-07-13 09:08:00,988 [INFO] Pass: Depth - 0.03934 (ms)
2026-07-13 09:08:00,988 [INFO] Pass: FixedPoint - 0.00477 (ms)
2026-07-13 09:08:00,988 [INFO] Pass: ContainsInstruction - 0.00548 (ms)
2026-07-13 09:08:00,988 [INFO] Pass: Size - 0.00310 (ms)
2026-07-13 09:08:00,988 [INFO] Pass: CommutativeCancellation - 0.12970 (ms)
2026-07-13 09:08:00,988 [INFO] Pass: FixedPoint - 0.00477 (ms)
2026-07-13 09:08:00,988 [INFO] Pass: CommutativeCancellation - 0.12279 (ms)
2026-07-13 09:08:00,988 [INFO] Pass: FixedPoint - 0.00286 (ms)
2026-07-13 09:08:00,988 [INFO] Pass: Size - 0.00358 (ms)
2026-07-13 09:08:00,988 [INFO] Pass: ContractIdleWiresInControlFlow - 0.00191 (ms)
2026-07-13 09:08:00,988 [INFO] Pass: Depth - 0.04077 (ms)
2026-07-13 09:08:00,988 [INFO] Pass: ConsolidateBlocks - 0.06652 (ms)
2026-07-13 09:08:00,988 [INFO] Pass: FixedPoint - 0.00310 (ms)
2026-07-13 09:08:00,988 [INFO] Pass: RemoveIdentityEquivalent - 0.00620 (ms)
2026-07-13 09:08:00,988 [INFO] Pass: FixedPoint - 0.00358 (ms)
2026-07-13 09:08:00,988 [INFO] Pass: UnitarySynthesis - 0.00453 (ms)
2026-07-13 09:08:00,988 [INFO] Pass: CommutativeCancellation - 0.13399 (ms)
2026-07-13 09:08:00,988 [INFO] Pass: Size - 0.00215 (ms)
2026-07-13 09:08:00,988 [INFO] Pass: RemoveIdentityEquivalent - 0.00644 (ms)
2026-07-13 09:08:00,988 [INFO] Pass: ConsolidateBlocks - 0.05651 (ms)
2026-07-13 09:08:00,988 [INFO] Pass: FixedPoint - 0.00310 (ms)
2026-07-13 09:08:00,988 [INFO] Pass: GatesInBasis - 0.05031 (ms)
2026-07-13 09:08:00,988 [INFO] Pass: ContractIdleWiresInControlFlow - 0.00238 (ms)
2026-07-13 09:08:00,988 [INFO] Pass: CommutativeCancellation - 0.13590 (ms)
2026-07-13 09:08:00,988 [INFO] Pass: Split2QUnitaries - 0.00238 (ms)
2026-07-13 09:08:00,988 [INFO] Pass: ContainsInstruction - 0.00548 (ms)
2026-07-13 09:08:00,988 [INFO] Pass: Depth - 0.03815 (ms)
2026-07-13 09:08:00,988 [INFO] Pass: ContractIdleWiresInControlFlow - 0.00238 (ms)
2026-07-13 09:08:00,988 [INFO] Pass: UnitarySynthesis - 0.00930 (ms)
2026-07-13 09:08:00,988 [INFO] Pass: FixedPoint - 0.00453 (ms)
2026-07-13 09:08:00,988 [INFO] Pass: Depth - 0.03934 (ms)
2026-07-13 09:08:00,988 [INFO] Pass: GatesInBasis - 0.05221 (ms)
2026-07-13 09:08:00,988 [INFO] Pass: Size - 0.00358 (ms)
2026-07-13 09:08:00,988 [INFO] Pass: FixedPoint - 0.00334 (ms)
2026-07-13 09:08:00,988 [INFO] Pass: FixedPoint - 0.00286 (ms)
2026-07-13 09:08:00,988 [INFO] Pass: Size - 0.00215 (ms)
2026-07-13 09:08:00,988 [INFO] Pass: GatesInBasis - 0.05221 (ms)
2026-07-13 09:08:00,988 [INFO] Pass: FixedPoint - 0.00286 (ms)
2026-07-13 09:08:00,988 [INFO] Pass: HighLevelSynthesis - 0.06461 (ms)
2026-07-13 09:08:00,988 [INFO] Pass: RemoveIdentityEquivalent - 0.00644 (ms)
2026-07-13 09:08:00,988 [INFO] Pass: Depth - 0.04101 (ms)
2026-07-13 09:08:00,988 [INFO] Pass: Optimize1qGatesDecomposition - 0.16665 (ms)
2026-07-13 09:08:00,988 [INFO] Pass: ContainsInstruction - 0.00548 (ms)
2026-07-13 09:08:00,988 [INFO] Pass: FixedPoint - 0.00429 (ms)
2026-07-13 09:08:00,988 [INFO] Pass: Optimize1qGatesDecomposition - 0.16713 (ms)
2026-07-13 09:08:00,988 [INFO] Pass: Depth - 0.04029 (ms)
2026-07-13 09:08:00,988 [INFO] Pass: Size - 0.00286 (ms)
2026-07-13 09:08:00,988 [INFO] Pass: FixedPoint - 0.00381 (ms)
2026-07-13 09:08:00,988 [INFO] Pass: FixedPoint - 0.00358 (ms)
2026-07-13 09:08:00,988 [INFO] Pass: Size - 0.00262 (ms)
2026-07-13 09:08:00,988 [INFO] Pass: FixedPoint - 0.00334 (ms)
2026-07-13 09:08:00,988 [INFO] Pass: RemoveIdentityEquivalent - 0.00644 (ms)
2026-07-13 09:08:00,988 [INFO] Pass: BasisTranslator - 0.09799 (ms)
2026-07-13 09:08:00,988 [INFO] Pass: RemoveIdentityEquivalent - 0.00644 (ms)
2026-07-13 09:08:00,988 [INFO] Pass: CommutativeCancellation - 0.13113 (ms)
2026-07-13 09:08:00,988 [INFO] Pass: Optimize1qGatesDecomposition - 0.16594 (ms)
2026-07-13 09:08:00,988 [INFO] Pass: ContractIdleWiresInControlFlow - 0.00215 (ms)
2026-07-13 09:08:00,988 [INFO] Pass: CommutativeCancellation - 0.13304 (ms)
2026-07-13 09:08:00,988 [INFO] Pass: ConsolidateBlocks - 0.06866 (ms)
2026-07-13 09:08:00,988 [INFO] Total Transpile Time - 89.01858 (ms)
2026-07-13 09:08:00,988 [INFO] Pass: ContractIdleWiresInControlFlow - 0.00215 (ms)
2026-07-13 09:08:00,988 [INFO] Pass: UnitarySynthesis - 0.00453 (ms)
2026-07-13 09:08:00,988 [INFO] Pass: GatesInBasis - 0.05221 (ms)
2026-07-13 09:08:00,988 [INFO] Pass: Optimize1qGatesDecomposition - 0.14520 (ms)
2026-07-13 09:08:00,988 [INFO] Pass: Depth - 0.03958 (ms)
2026-07-13 09:08:00,988 [INFO] Pass: GatesInBasis - 0.05293 (ms)
2026-07-13 09:08:00,988 [INFO] Pass: Optimize1qGatesDecomposition - 0.14353 (ms)
2026-07-13 09:08:00,988 [INFO] Pass: FixedPoint - 0.00453 (ms)
2026-07-13 09:08:00,988 [INFO] Pass: Depth - 0.03815 (ms)
2026-07-13 09:08:00,988 [INFO] Pass: CommutativeCancellation - 0.13089 (ms)
2026-07-13 09:08:00,988 [INFO] Pass: Size - 0.00405 (ms)
2026-07-13 09:08:00,988 [INFO] Total Transpile Time - 89.09369 (ms)
2026-07-13 09:08:00,988 [INFO] Pass: FixedPoint - 0.00381 (ms)
2026-07-13 09:08:00,988 [INFO] Pass: Depth - 0.04363 (ms)
2026-07-13 09:08:00,988 [INFO] Pass: ContractIdleWiresInControlFlow - 0.00191 (ms)
2026-07-13 09:08:00,988 [INFO] Pass: FixedPoint - 0.00334 (ms)
2026-07-13 09:08:00,988 [INFO] Pass: Size - 0.00262 (ms)
2026-07-13 09:08:00,988 [INFO] Pass: FixedPoint - 0.00358 (ms)
2026-07-13 09:08:00,988 [INFO] Pass: FixedPoint - 0.00358 (ms)
2026-07-13 09:08:00,988 [INFO] Pass: RemoveIdentityEquivalent - 0.00644 (ms)
2026-07-13 09:08:00,988 [INFO] Pass: Size - 0.00262 (ms)
2026-07-13 09:08:00,988 [INFO] Pass: FixedPoint - 0.00358 (ms)
2026-07-13 09:08:00,988 [INFO] Pass: RemoveIdentityEquivalent - 0.00620 (ms)
2026-07-13 09:08:00,988 [INFO] Pass: CommutativeCancellation - 0.13137 (ms)
2026-07-13 09:08:00,988 [INFO] Pass: GatesInBasis - 0.05102 (ms)
2026-07-13 09:08:00,988 [INFO] Pass: RemoveIdentityEquivalent - 0.00644 (ms)
2026-07-13 09:08:00,988 [INFO] Pass: CommutativeCancellation - 0.13328 (ms)
2026-07-13 09:08:00,988 [INFO] Pass: ContractIdleWiresInControlFlow - 0.00191 (ms)
2026-07-13 09:08:00,988 [INFO] Total Transpile Time - 88.52458 (ms)
2026-07-13 09:08:00,988 [INFO] Pass: ContractIdleWiresInControlFlow - 0.00191 (ms)
2026-07-13 09:08:00,988 [INFO] Pass: Depth - 0.03862 (ms)
2026-07-13 09:08:00,988 [INFO] Pass: FixedPoint - 0.00405 (ms)
2026-07-13 09:08:00,988 [INFO] Pass: GatesInBasis - 0.05126 (ms)
2026-07-13 09:08:00,988 [INFO] Pass: Size - 0.00262 (ms)
2026-07-13 09:08:00,988 [INFO] Pass: GatesInBasis - 0.05102 (ms)
2026-07-13 09:08:00,988 [INFO] Pass: FixedPoint - 0.00358 (ms)
2026-07-13 09:08:00,988 [INFO] Pass: Optimize1qGatesDecomposition - 0.16642 (ms)
2026-07-13 09:08:00,988 [INFO] Pass: Depth - 0.04053 (ms)
2026-07-13 09:08:00,988 [INFO] Pass: Optimize1qGatesDecomposition - 0.14520 (ms)
2026-07-13 09:08:00,988 [INFO] Pass: RemoveIdentityEquivalent - 0.00572 (ms)
2026-07-13 09:08:00,989 [INFO] Pass: Depth - 0.04077 (ms)
2026-07-13 09:08:00,989 [INFO] Pass: FixedPoint - 0.00381 (ms)
2026-07-13 09:08:00,989 [INFO] Pass: Optimize1qGatesDecomposition - 0.14400 (ms)
2026-07-13 09:08:00,989 [INFO] Pass: FixedPoint - 0.00334 (ms)
2026-07-13 09:08:00,989 [INFO] Pass: Size - 0.00238 (ms)
2026-07-13 09:08:00,989 [INFO] Pass: Size - 0.00215 (ms)
2026-07-13 09:08:00,989 [INFO] Pass: FixedPoint - 0.00310 (ms)
2026-07-13 09:08:00,989 [INFO] Pass: FixedPoint - 0.00310 (ms)
2026-07-13 09:08:00,989 [INFO] Pass: ContainsInstruction - 0.00525 (ms)
2026-07-13 09:08:00,989 [INFO] Pass: ContainsInstruction - 0.00548 (ms)
2026-07-13 09:08:00,989 [INFO] Pass: CommutativeCancellation - 0.12755 (ms)
2026-07-13 09:08:00,989 [INFO] Pass: CommutativeCancellation - 0.13375 (ms)
2026-07-13 09:08:00,989 [INFO] Pass: Optimize1qGatesDecomposition - 0.14186 (ms)
2026-07-13 09:08:00,989 [INFO] Pass: CommutativeCancellation - 0.12589 (ms)
2026-07-13 09:08:00,989 [INFO] Pass: ContractIdleWiresInControlFlow - 0.00191 (ms)
2026-07-13 09:08:00,989 [INFO] Pass: ContractIdleWiresInControlFlow - 0.00215 (ms)
2026-07-13 09:08:00,989 [INFO] Pass: ContractIdleWiresInControlFlow - 0.00191 (ms)
2026-07-13 09:08:00,989 [INFO] Pass: GatesInBasis - 0.05102 (ms)
2026-07-13 09:08:00,989 [INFO] Pass: GatesInBasis - 0.05269 (ms)
2026-07-13 09:08:00,989 [INFO] Pass: GatesInBasis - 0.05150 (ms)
2026-07-13 09:08:00,989 [INFO] Pass: Depth - 0.04053 (ms)
2026-07-13 09:08:00,989 [INFO] Pass: CommutativeCancellation - 0.12565 (ms)
2026-07-13 09:08:00,989 [INFO] Pass: Depth - 0.04029 (ms)
2026-07-13 09:08:00,989 [INFO] Pass: Depth - 0.03934 (ms)
2026-07-13 09:08:00,989 [INFO] Pass: FixedPoint - 0.00358 (ms)
2026-07-13 09:08:00,989 [INFO] Pass: ContractIdleWiresInControlFlow - 0.00191 (ms)
2026-07-13 09:08:00,989 [INFO] Pass: FixedPoint - 0.00358 (ms)
2026-07-13 09:08:00,989 [INFO] Pass: FixedPoint - 0.00334 (ms)
2026-07-13 09:08:00,989 [INFO] Pass: Size - 0.00191 (ms)
2026-07-13 09:08:00,989 [INFO] Pass: Size - 0.00286 (ms)
2026-07-13 09:08:00,989 [INFO] Pass: Size - 0.00191 (ms)
2026-07-13 09:08:00,989 [INFO] Pass: FixedPoint - 0.00310 (ms)
2026-07-13 09:08:00,989 [INFO] Pass: FixedPoint - 0.00381 (ms)
2026-07-13 09:08:00,989 [INFO] Pass: FixedPoint - 0.00286 (ms)
2026-07-13 09:08:00,989 [INFO] Pass: ContainsInstruction - 0.00525 (ms)
2026-07-13 09:08:00,989 [INFO] Pass: GatesInBasis - 0.05078 (ms)
2026-07-13 09:08:00,989 [INFO] Pass: RemoveIdentityEquivalent - 0.00596 (ms)
2026-07-13 09:08:00,989 [INFO] Pass: ContainsInstruction - 0.00548 (ms)
2026-07-13 09:08:00,989 [INFO] Pass: Depth - 0.03910 (ms)
2026-07-13 09:08:00,989 [INFO] Pass: FixedPoint - 0.00334 (ms)
2026-07-13 09:08:00,989 [INFO] Pass: Size - 0.00191 (ms)
2026-07-13 09:08:00,989 [INFO] Pass: FixedPoint - 0.00286 (ms)
2026-07-13 09:08:00,989 [INFO] Total Transpile Time - 89.14566 (ms)
2026-07-13 09:08:00,989 [INFO] Pass: ContainsInstruction - 0.00525 (ms)
2026-07-13 09:08:00,989 [INFO] Total Transpile Time - 89.22243 (ms)
2026-07-13 09:08:00,989 [INFO] Pass: Optimize1qGatesDecomposition - 0.14639 (ms)
2026-07-13 09:08:00,989 [INFO] Pass: CommutativeCancellation - 0.13256 (ms)
2026-07-13 09:08:00,989 [INFO] Pass: ContractIdleWiresInControlFlow - 0.00238 (ms)
2026-07-13 09:08:00,989 [INFO] Pass: GatesInBasis - 0.05054 (ms)
2026-07-13 09:08:00,989 [INFO] Total Transpile Time - 89.34236 (ms)
2026-07-13 09:08:00,989 [INFO] Total Transpile Time - 89.24627 (ms)
2026-07-13 09:08:00,989 [INFO] Pass: Depth - 0.04005 (ms)
2026-07-13 09:08:00,989 [INFO] Pass: FixedPoint - 0.00334 (ms)
2026-07-13 09:08:00,989 [INFO] Pass: Size - 0.00238 (ms)
2026-07-13 09:08:00,990 [INFO] Pass: FixedPoint - 0.00310 (ms)
2026-07-13 09:08:00,990 [INFO] Pass: ContainsInstruction - 0.00525 (ms)
2026-07-13 09:08:00,990 [INFO] Total Transpile Time - 89.46919 (ms)
2026-07-13 09:08:00,990 [INFO] Total Transpile Time - 89.31231 (ms)
2026-07-13 09:08:01,412 [INFO] [PCE] Aer metadata (1ª ejecución de este proceso): device=CPU method=statevector shots=exact fusion_enabled=True
2026-07-13 09:08:01,415 [INFO] [PCE] Aer metadata (1ª ejecución de este proceso): device=CPU method=statevector shots=exact fusion_enabled=True
2026-07-13 09:08:01,417 [INFO] [PCE] Aer metadata (1ª ejecución de este proceso): device=CPU method=statevector shots=exact fusion_enabled=True
2026-07-13 09:08:01,420 [INFO] [PCE] Aer metadata (1ª ejecución de este proceso): device=CPU method=statevector shots=exact fusion_enabled=True
2026-07-13 09:08:01,422 [INFO] [PCE] Aer metadata (1ª ejecución de este proceso): device=CPU method=statevector shots=exact fusion_enabled=True
2026-07-13 09:08:01,424 [INFO] [PCE] Aer metadata (1ª ejecución de este proceso): device=CPU method=statevector shots=exact fusion_enabled=True
2026-07-13 09:08:01,427 [INFO] [PCE] Aer metadata (1ª ejecución de este proceso): device=CPU method=statevector shots=exact fusion_enabled=True
2026-07-13 09:08:01,429 [INFO] [PCE] Aer metadata (1ª ejecución de este proceso): device=CPU method=statevector shots=exact fusion_enabled=True
2026-07-13 09:08:01,432 [INFO] [PCE] Aer metadata (1ª ejecución de este proceso): device=CPU method=statevector shots=exact fusion_enabled=True
2026-07-13 13:30:33,328 [INFO] [PCE] n=350 instancia (idx=3) 1/9 completada (paralelo) — transcurrido=0:04:22:33
2026-07-13 13:30:38,617 [INFO] [PCE] n=350 instancia (idx=58) 2/9 completada (paralelo) — transcurrido=0:04:22:38
2026-07-13 13:30:53,949 [INFO] [PCE] n=350 instancia (idx=91) 3/9 completada (paralelo) — transcurrido=0:04:22:53
2026-07-13 13:31:15,718 [INFO] [PCE] n=350 instancia (idx=69) 4/9 completada (paralelo) — transcurrido=0:04:23:15
2026-07-13 13:31:19,136 [INFO] [PCE] n=350 instancia (idx=25) 5/9 completada (paralelo) — transcurrido=0:04:23:19
2026-07-13 13:31:21,949 [INFO] [PCE] n=350 instancia (idx=14) 6/9 completada (paralelo) — transcurrido=0:04:23:21
2026-07-13 13:31:41,559 [INFO] [PCE] n=350 instancia (idx=36) 7/9 completada (paralelo) — transcurrido=0:04:23:41
2026-07-13 13:31:51,445 [INFO] [PCE] n=350 instancia (idx=80) 8/9 completada (paralelo) — transcurrido=0:04:23:51
2026-07-13 13:32:33,863 [INFO] [PCE] n=350 instancia (idx=47) 9/9 completada (paralelo) — transcurrido=0:04:24:33
2026-07-13 13:32:34,028 [INFO] [PCE] n=350 chunk 4/11 completado — beta_parcial=0.6775 duration=0:04:24:34 shots=exact backend=AER
