qmio/hpc unloaded
gcccore/12.3.0 unloaded
binutils/2.40 unloaded
gcc/12.3.0 unloaded
sqlite/3.45.3 unloaded
libffi/3.4.4 unloaded
python/3.11.9 unloaded
rust/1.88.0 unloaded
imkl/2023.2.0 unloaded
ninja/1.9.0 unloaded
meson/1.5.2-python-3.11.9 unloaded
meson-python/0.16.0-python-3.11.9 unloaded
cython/3.0.9-python-3.11.9 unloaded
numpy/1.26.4-python-3.11.9 unloaded
pythran/0.15.0-python-3.11.9 unloaded
pybind11/2.13.6-python-3.11.9 unloaded
xsimd/12.1.1 unloaded
scipy/1.13.0-python-3.11.9 unloaded
llvm/16.0.0 unloaded
gmp/6.3.0 unloaded
mpfr/4.2.1 unloaded
mpc/1.3.1 unloaded
flint/3.1.2 unloaded
symengine/0.11.2 unloaded
symengine-python/0.11.0-python-3.11.9 unloaded
spdlog/1.9.2 unloaded
pylatexenc/2.10-python-3.11.9 unloaded
libgd/2.3.3 unloaded
nasm/2.16.03 unloaded
libjpeg-turbo/3.0.2 unloaded
matplotlib/3.6.3-python-3.11.9 unloaded
pandas/2.2.2-python-3.11.9 unloaded
seaborn/0.12.2-python-3.11.9 unloaded
qiskit/2.2.3-python-3.11.9 unloaded
qmio-run/0.5.1-python-3.11.9 unloaded
qmio-tools/0.2.1-python-3.11.9 unloaded
        Preparing the environment for use of the sistema software stack.
        Please rebuild modules cache: module --ignore-cache avail
     
qmio/hpc loaded
gcccore/12.3.0 loaded
binutils/2.40 loaded
gcc/12.3.0 loaded
sqlite/3.45.3 loaded
libffi/3.4.4 loaded
python/3.11.9 loaded
rust/1.88.0 loaded

imkl/2023.2.0 loaded
ninja/1.9.0 loaded
meson/1.5.2-python-3.11.9 loaded
meson-python/0.16.0-python-3.11.9 loaded
cython/3.0.9-python-3.11.9 loaded
numpy/1.26.4-python-3.11.9 loaded
pythran/0.15.0-python-3.11.9 loaded
pybind11/2.13.6-python-3.11.9 loaded
xsimd/12.1.1 loaded
scipy/1.13.0-python-3.11.9 loaded
llvm/16.0.0 loaded
gmp/6.3.0 loaded
mpfr/4.2.1 loaded
mpc/1.3.1 loaded
flint/3.1.2 loaded
symengine/0.11.2 loaded
symengine-python/0.11.0-python-3.11.9 loaded
spdlog/1.9.2 loaded
pylatexenc/2.10-python-3.11.9 loaded
libgd/2.3.3 loaded
nasm/2.16.03 loaded
libjpeg-turbo/3.0.2 loaded
matplotlib/3.6.3-python-3.11.9 loaded
pandas/2.2.2-python-3.11.9 loaded
seaborn/0.12.2-python-3.11.9 loaded
qiskit/2.2.3-python-3.11.9 loaded
qmio-run/0.5.1-python-3.11.9 loaded
qmio-tools/0.2.1-python-3.11.9 loaded
gcc/12.3.0 unloaded
rust/1.88.0 unloaded
pythran/0.15.0-python-3.11.9 unloaded
scipy/1.13.0-python-3.11.9 unloaded
qiskit/2.2.3-python-3.11.9 unloaded
qmio-run/0.5.1-python-3.11.9 unloaded
qmio-tools/0.2.1-python-3.11.9 unloaded
gcc/12.3.0 loaded
rust/1.88.0 loaded
pythran/0.15.0-python-3.11.9 loaded
scipy/1.13.0-python-3.11.9 loaded
qiskit/2.2.3-python-3.11.9 loaded
qmio-run/0.5.1-python-3.11.9 loaded
qmio-tools/0.2.1-python-3.11.9 loaded
qiskit/2.2.3-python-3.11.9 unloaded
qiskit/2.2.3-python-3.11.9 loaded
qmio-tools/0.2.1-python-3.11.9 unloaded
qmio-tools/0.2.1-python-3.11.9 loaded
2026-07-14 00:15:11,039 [INFO] [PCE] n=350 chunk 1/11: 10 instancias [0, 11, 22, 33, 44, 55, 66, 77, 88, 99], num_workers=10, qubits=10
2026-07-14 00:15:11,039 [INFO] [PCE] n=350 paralelizando 10 instancias entre 10 workers (1 hilos/worker, 16 hilos totales disponibles)
2026-07-14 00:15:11,326 [INFO] Pass: ContainsInstruction - 0.02027 (ms)
2026-07-14 00:15:11,326 [INFO] Pass: ContainsInstruction - 0.01860 (ms)
2026-07-14 00:15:11,326 [INFO] Pass: ContainsInstruction - 0.01621 (ms)
2026-07-14 00:15:11,326 [INFO] Pass: UnitarySynthesis - 0.01144 (ms)
2026-07-14 00:15:11,326 [INFO] Pass: UnitarySynthesis - 0.01001 (ms)
2026-07-14 00:15:11,326 [INFO] Pass: UnitarySynthesis - 0.01073 (ms)
2026-07-14 00:15:11,326 [INFO] Pass: HighLevelSynthesis - 0.01621 (ms)
2026-07-14 00:15:11,326 [INFO] Pass: ContainsInstruction - 0.01740 (ms)
2026-07-14 00:15:11,326 [INFO] Pass: ContainsInstruction - 0.01669 (ms)
2026-07-14 00:15:11,326 [INFO] Pass: HighLevelSynthesis - 0.01359 (ms)
2026-07-14 00:15:11,326 [INFO] Pass: HighLevelSynthesis - 0.01311 (ms)
2026-07-14 00:15:11,326 [INFO] Pass: ContainsInstruction - 0.01669 (ms)
2026-07-14 00:15:11,326 [INFO] Pass: ContainsInstruction - 0.01788 (ms)
2026-07-14 00:15:11,327 [INFO] Pass: UnitarySynthesis - 0.01049 (ms)
2026-07-14 00:15:11,327 [INFO] Pass: UnitarySynthesis - 0.01001 (ms)
2026-07-14 00:15:11,327 [INFO] Pass: ContainsInstruction - 0.01812 (ms)
2026-07-14 00:15:11,327 [INFO] Pass: ContainsInstruction - 0.01526 (ms)
2026-07-14 00:15:11,327 [INFO] Pass: UnitarySynthesis - 0.01025 (ms)
2026-07-14 00:15:11,327 [INFO] Pass: BasisTranslator - 0.08893 (ms)
2026-07-14 00:15:11,327 [INFO] Pass: BasisTranslator - 0.07725 (ms)
2026-07-14 00:15:11,327 [INFO] Pass: UnitarySynthesis - 0.01097 (ms)
2026-07-14 00:15:11,327 [INFO] Pass: BasisTranslator - 0.07439 (ms)
2026-07-14 00:15:11,327 [INFO] Pass: HighLevelSynthesis - 0.01240 (ms)
2026-07-14 00:15:11,327 [INFO] Pass: HighLevelSynthesis - 0.01240 (ms)
2026-07-14 00:15:11,327 [INFO] Pass: ElidePermutations - 0.00644 (ms)
2026-07-14 00:15:11,327 [INFO] Pass: HighLevelSynthesis - 0.01264 (ms)
2026-07-14 00:15:11,327 [INFO] Pass: ElidePermutations - 0.00525 (ms)
2026-07-14 00:15:11,327 [INFO] Pass: ElidePermutations - 0.00477 (ms)
2026-07-14 00:15:11,327 [INFO] Pass: UnitarySynthesis - 0.01073 (ms)
2026-07-14 00:15:11,327 [INFO] Pass: UnitarySynthesis - 0.01001 (ms)
2026-07-14 00:15:11,327 [INFO] Pass: HighLevelSynthesis - 0.01383 (ms)
2026-07-14 00:15:11,327 [INFO] Pass: HighLevelSynthesis - 0.01311 (ms)
2026-07-14 00:15:11,327 [INFO] Pass: RemoveDiagonalGatesBeforeMeasure - 0.01502 (ms)
2026-07-14 00:15:11,327 [INFO] Pass: HighLevelSynthesis - 0.01311 (ms)
2026-07-14 00:15:11,327 [INFO] Pass: RemoveDiagonalGatesBeforeMeasure - 0.01311 (ms)
2026-07-14 00:15:11,327 [INFO] Pass: RemoveDiagonalGatesBeforeMeasure - 0.01383 (ms)
2026-07-14 00:15:11,327 [INFO] Pass: BasisTranslator - 0.07272 (ms)
2026-07-14 00:15:11,327 [INFO] Pass: BasisTranslator - 0.07629 (ms)
2026-07-14 00:15:11,327 [INFO] Pass: BasisTranslator - 0.07772 (ms)
2026-07-14 00:15:11,327 [INFO] Pass: RemoveIdentityEquivalent - 0.01526 (ms)
2026-07-14 00:15:11,327 [INFO] Pass: ElidePermutations - 0.00501 (ms)
2026-07-14 00:15:11,327 [INFO] Pass: RemoveIdentityEquivalent - 0.01383 (ms)
2026-07-14 00:15:11,327 [INFO] Pass: ElidePermutations - 0.00525 (ms)
2026-07-14 00:15:11,327 [INFO] Pass: RemoveIdentityEquivalent - 0.01621 (ms)
2026-07-14 00:15:11,327 [INFO] Pass: BasisTranslator - 0.07486 (ms)
2026-07-14 00:15:11,327 [INFO] Pass: ElidePermutations - 0.00548 (ms)
2026-07-14 00:15:11,327 [INFO] Pass: InverseCancellation - 0.00906 (ms)
2026-07-14 00:15:11,327 [INFO] Pass: InverseCancellation - 0.00739 (ms)
2026-07-14 00:15:11,327 [INFO] Pass: InverseCancellation - 0.00858 (ms)
2026-07-14 00:15:11,327 [INFO] Pass: ElidePermutations - 0.00548 (ms)
2026-07-14 00:15:11,327 [INFO] Pass: BasisTranslator - 0.07296 (ms)
2026-07-14 00:15:11,327 [INFO] Pass: BasisTranslator - 0.07391 (ms)
2026-07-14 00:15:11,327 [INFO] Pass: ContractIdleWiresInControlFlow - 0.00286 (ms)
2026-07-14 00:15:11,327 [INFO] Pass: RemoveDiagonalGatesBeforeMeasure - 0.01287 (ms)
2026-07-14 00:15:11,327 [INFO] Pass: ContractIdleWiresInControlFlow - 0.00286 (ms)
2026-07-14 00:15:11,327 [INFO] Pass: RemoveDiagonalGatesBeforeMeasure - 0.01335 (ms)
2026-07-14 00:15:11,327 [INFO] Pass: ContractIdleWiresInControlFlow - 0.00262 (ms)
2026-07-14 00:15:11,327 [INFO] Pass: ElidePermutations - 0.00548 (ms)
2026-07-14 00:15:11,327 [INFO] Pass: RemoveDiagonalGatesBeforeMeasure - 0.01907 (ms)
2026-07-14 00:15:11,327 [INFO] Pass: ElidePermutations - 0.00572 (ms)
2026-07-14 00:15:11,327 [INFO] Pass: RemoveIdentityEquivalent - 0.01407 (ms)
2026-07-14 00:15:11,327 [INFO] Pass: RemoveDiagonalGatesBeforeMeasure - 0.01311 (ms)
2026-07-14 00:15:11,327 [INFO] Pass: RemoveIdentityEquivalent - 0.01526 (ms)
2026-07-14 00:15:11,327 [INFO] Pass: RemoveIdentityEquivalent - 0.01478 (ms)
2026-07-14 00:15:11,327 [INFO] Pass: InverseCancellation - 0.00834 (ms)
2026-07-14 00:15:11,327 [INFO] Pass: RemoveDiagonalGatesBeforeMeasure - 0.01335 (ms)
2026-07-14 00:15:11,327 [INFO] Pass: InverseCancellation - 0.00978 (ms)
2026-07-14 00:15:11,327 [INFO] Pass: RemoveDiagonalGatesBeforeMeasure - 0.01264 (ms)
2026-07-14 00:15:11,327 [INFO] Pass: RemoveIdentityEquivalent - 0.01383 (ms)
2026-07-14 00:15:11,327 [INFO] Pass: InverseCancellation - 0.00811 (ms)
2026-07-14 00:15:11,327 [INFO] Pass: ContractIdleWiresInControlFlow - 0.00238 (ms)
2026-07-14 00:15:11,327 [INFO] Pass: ContractIdleWiresInControlFlow - 0.00286 (ms)
2026-07-14 00:15:11,327 [INFO] Pass: ContractIdleWiresInControlFlow - 0.00215 (ms)
2026-07-14 00:15:11,327 [INFO] Pass: RemoveIdentityEquivalent - 0.01216 (ms)
2026-07-14 00:15:11,327 [INFO] Pass: InverseCancellation - 0.00882 (ms)
2026-07-14 00:15:11,327 [INFO] Pass: CommutativeCancellation - 0.12994 (ms)
2026-07-14 00:15:11,327 [INFO] Pass: RemoveIdentityEquivalent - 0.01287 (ms)
2026-07-14 00:15:11,327 [INFO] Pass: CommutativeCancellation - 0.12350 (ms)
2026-07-14 00:15:11,327 [INFO] Pass: CommutativeCancellation - 0.12350 (ms)
2026-07-14 00:15:11,327 [INFO] Pass: ContractIdleWiresInControlFlow - 0.00262 (ms)
2026-07-14 00:15:11,327 [INFO] Pass: InverseCancellation - 0.01025 (ms)
2026-07-14 00:15:11,327 [INFO] Pass: InverseCancellation - 0.00787 (ms)
2026-07-14 00:15:11,327 [INFO] Pass: ContractIdleWiresInControlFlow - 0.00262 (ms)
2026-07-14 00:15:11,327 [INFO] Pass: ContractIdleWiresInControlFlow - 0.00286 (ms)
2026-07-14 00:15:11,327 [INFO] Pass: ConsolidateBlocks - 0.06986 (ms)
2026-07-14 00:15:11,327 [INFO] Pass: ConsolidateBlocks - 0.07677 (ms)
2026-07-14 00:15:11,327 [INFO] Pass: ConsolidateBlocks - 0.06747 (ms)
2026-07-14 00:15:11,327 [INFO] Pass: CommutativeCancellation - 0.12183 (ms)
2026-07-14 00:15:11,327 [INFO] Pass: CommutativeCancellation - 0.12779 (ms)
2026-07-14 00:15:11,327 [INFO] Pass: Split2QUnitaries - 0.00715 (ms)
2026-07-14 00:15:11,327 [INFO] Pass: Split2QUnitaries - 0.00596 (ms)
2026-07-14 00:15:11,327 [INFO] Pass: Split2QUnitaries - 0.00644 (ms)
2026-07-14 00:15:11,327 [INFO] Pass: CommutativeCancellation - 0.12422 (ms)
2026-07-14 00:15:11,327 [INFO] Pass: UnitarySynthesis - 0.00548 (ms)
2026-07-14 00:15:11,327 [INFO] Pass: UnitarySynthesis - 0.00548 (ms)
2026-07-14 00:15:11,327 [INFO] Pass: UnitarySynthesis - 0.00525 (ms)
2026-07-14 00:15:11,327 [INFO] Pass: CommutativeCancellation - 0.12112 (ms)
2026-07-14 00:15:11,327 [INFO] Pass: CommutativeCancellation - 0.12469 (ms)
2026-07-14 00:15:11,327 [INFO] Pass: ConsolidateBlocks - 0.06747 (ms)
2026-07-14 00:15:11,327 [INFO] Pass: ConsolidateBlocks - 0.06747 (ms)
2026-07-14 00:15:11,327 [INFO] Pass: CommutativeCancellation - 0.12493 (ms)
2026-07-14 00:15:11,327 [INFO] Pass: ConsolidateBlocks - 0.06723 (ms)
2026-07-14 00:15:11,327 [INFO] Pass: HighLevelSynthesis - 0.06247 (ms)
2026-07-14 00:15:11,327 [INFO] Pass: HighLevelSynthesis - 0.06151 (ms)
2026-07-14 00:15:11,327 [INFO] Pass: HighLevelSynthesis - 0.06056 (ms)
2026-07-14 00:15:11,327 [INFO] Pass: Split2QUnitaries - 0.00620 (ms)
2026-07-14 00:15:11,327 [INFO] Pass: Split2QUnitaries - 0.00620 (ms)
2026-07-14 00:15:11,327 [INFO] Pass: ConsolidateBlocks - 0.06843 (ms)
2026-07-14 00:15:11,327 [INFO] Pass: Split2QUnitaries - 0.00596 (ms)
2026-07-14 00:15:11,327 [INFO] Pass: UnitarySynthesis - 0.00572 (ms)
2026-07-14 00:15:11,327 [INFO] Pass: UnitarySynthesis - 0.00548 (ms)
2026-07-14 00:15:11,327 [INFO] Pass: UnitarySynthesis - 0.00525 (ms)
2026-07-14 00:15:11,327 [INFO] Pass: Split2QUnitaries - 0.00596 (ms)
2026-07-14 00:15:11,327 [INFO] Pass: ConsolidateBlocks - 0.06700 (ms)
2026-07-14 00:15:11,327 [INFO] Pass: ConsolidateBlocks - 0.06866 (ms)
2026-07-14 00:15:11,327 [INFO] Pass: UnitarySynthesis - 0.00525 (ms)
2026-07-14 00:15:11,327 [INFO] Pass: Split2QUnitaries - 0.00572 (ms)
2026-07-14 00:15:11,327 [INFO] Pass: Split2QUnitaries - 0.00644 (ms)
2026-07-14 00:15:11,327 [INFO] Pass: BasisTranslator - 0.09656 (ms)
2026-07-14 00:15:11,327 [INFO] Pass: BasisTranslator - 0.09537 (ms)
2026-07-14 00:15:11,327 [INFO] Pass: BasisTranslator - 0.09513 (ms)
2026-07-14 00:15:11,327 [INFO] Pass: HighLevelSynthesis - 0.06127 (ms)
2026-07-14 00:15:11,327 [INFO] Pass: HighLevelSynthesis - 0.06175 (ms)
2026-07-14 00:15:11,327 [INFO] Pass: UnitarySynthesis - 0.00572 (ms)
2026-07-14 00:15:11,327 [INFO] Pass: HighLevelSynthesis - 0.06080 (ms)
2026-07-14 00:15:11,327 [INFO] Pass: UnitarySynthesis - 0.00548 (ms)
2026-07-14 00:15:11,327 [INFO] Pass: HighLevelSynthesis - 0.06390 (ms)
2026-07-14 00:15:11,327 [INFO] Pass: ConsolidateBlocks - 0.06700 (ms)
2026-07-14 00:15:11,327 [INFO] Pass: HighLevelSynthesis - 0.06199 (ms)
2026-07-14 00:15:11,327 [INFO] Pass: ConsolidateBlocks - 0.06795 (ms)
2026-07-14 00:15:11,327 [INFO] Pass: ConsolidateBlocks - 0.06914 (ms)
2026-07-14 00:15:11,328 [INFO] Pass: HighLevelSynthesis - 0.06151 (ms)
2026-07-14 00:15:11,328 [INFO] Pass: BasisTranslator - 0.09632 (ms)
2026-07-14 00:15:11,328 [INFO] Pass: BasisTranslator - 0.09799 (ms)
2026-07-14 00:15:11,328 [INFO] Pass: UnitarySynthesis - 0.00453 (ms)
2026-07-14 00:15:11,328 [INFO] Pass: UnitarySynthesis - 0.00453 (ms)
2026-07-14 00:15:11,328 [INFO] Pass: UnitarySynthesis - 0.00453 (ms)
2026-07-14 00:15:11,328 [INFO] Pass: BasisTranslator - 0.09894 (ms)
2026-07-14 00:15:11,328 [INFO] Pass: BasisTranslator - 0.09775 (ms)
2026-07-14 00:15:11,328 [INFO] Pass: Depth - 0.03791 (ms)
2026-07-14 00:15:11,328 [INFO] Pass: Depth - 0.03695 (ms)
2026-07-14 00:15:11,328 [INFO] Pass: Depth - 0.03695 (ms)
2026-07-14 00:15:11,328 [INFO] Pass: ConsolidateBlocks - 0.06819 (ms)
2026-07-14 00:15:11,328 [INFO] Pass: FixedPoint - 0.00811 (ms)
2026-07-14 00:15:11,328 [INFO] Pass: ConsolidateBlocks - 0.06747 (ms)
2026-07-14 00:15:11,328 [INFO] Pass: BasisTranslator - 0.09966 (ms)
2026-07-14 00:15:11,328 [INFO] Pass: BasisTranslator - 0.09561 (ms)
2026-07-14 00:15:11,328 [INFO] Pass: FixedPoint - 0.00954 (ms)
2026-07-14 00:15:11,328 [INFO] Pass: FixedPoint - 0.00834 (ms)
2026-07-14 00:15:11,328 [INFO] Pass: ConsolidateBlocks - 0.06723 (ms)
2026-07-14 00:15:11,328 [INFO] Pass: UnitarySynthesis - 0.00477 (ms)
2026-07-14 00:15:11,328 [INFO] Pass: Size - 0.00453 (ms)
2026-07-14 00:15:11,328 [INFO] Pass: UnitarySynthesis - 0.00501 (ms)
2026-07-14 00:15:11,328 [INFO] Pass: Size - 0.00381 (ms)
2026-07-14 00:15:11,328 [INFO] Pass: Size - 0.00405 (ms)
2026-07-14 00:15:11,328 [INFO] Pass: UnitarySynthesis - 0.00501 (ms)
2026-07-14 00:15:11,328 [INFO] Pass: FixedPoint - 0.00310 (ms)
2026-07-14 00:15:11,328 [INFO] Pass: ConsolidateBlocks - 0.07367 (ms)
2026-07-14 00:15:11,328 [INFO] Pass: FixedPoint - 0.00358 (ms)
2026-07-14 00:15:11,328 [INFO] Pass: FixedPoint - 0.00358 (ms)
2026-07-14 00:15:11,328 [INFO] Pass: RemoveIdentityEquivalent - 0.00429 (ms)
2026-07-14 00:15:11,328 [INFO] Pass: Depth - 0.03743 (ms)
2026-07-14 00:15:11,328 [INFO] Pass: RemoveIdentityEquivalent - 0.00405 (ms)
2026-07-14 00:15:11,328 [INFO] Pass: UnitarySynthesis - 0.00501 (ms)
2026-07-14 00:15:11,328 [INFO] Pass: RemoveIdentityEquivalent - 0.00429 (ms)
2026-07-14 00:15:11,328 [INFO] Pass: Depth - 0.03695 (ms)
2026-07-14 00:15:11,328 [INFO] Pass: ConsolidateBlocks - 0.06676 (ms)
2026-07-14 00:15:11,328 [INFO] Pass: ConsolidateBlocks - 0.06890 (ms)
2026-07-14 00:15:11,328 [INFO] Pass: Depth - 0.03767 (ms)
2026-07-14 00:15:11,328 [INFO] Pass: FixedPoint - 0.00858 (ms)
2026-07-14 00:15:11,328 [INFO] Pass: UnitarySynthesis - 0.00453 (ms)
2026-07-14 00:15:11,328 [INFO] Pass: FixedPoint - 0.00858 (ms)
2026-07-14 00:15:11,328 [INFO] Pass: UnitarySynthesis - 0.00453 (ms)
2026-07-14 00:15:11,328 [INFO] Pass: FixedPoint - 0.00858 (ms)
2026-07-14 00:15:11,328 [INFO] Pass: Size - 0.00405 (ms)
2026-07-14 00:15:11,328 [INFO] Pass: Size - 0.00358 (ms)
2026-07-14 00:15:11,328 [INFO] Pass: Size - 0.00358 (ms)
2026-07-14 00:15:11,328 [INFO] Pass: Depth - 0.04125 (ms)
2026-07-14 00:15:11,328 [INFO] Pass: Optimize1qGatesDecomposition - 0.04864 (ms)
2026-07-14 00:15:11,328 [INFO] Pass: Optimize1qGatesDecomposition - 0.05102 (ms)
2026-07-14 00:15:11,328 [INFO] Pass: Optimize1qGatesDecomposition - 0.04840 (ms)
2026-07-14 00:15:11,328 [INFO] Pass: FixedPoint - 0.00334 (ms)
2026-07-14 00:15:11,328 [INFO] Pass: FixedPoint - 0.00334 (ms)
2026-07-14 00:15:11,328 [INFO] Pass: FixedPoint - 0.00358 (ms)
2026-07-14 00:15:11,328 [INFO] Pass: Depth - 0.03719 (ms)
2026-07-14 00:15:11,328 [INFO] Pass: Depth - 0.03862 (ms)
2026-07-14 00:15:11,328 [INFO] Pass: FixedPoint - 0.00906 (ms)
2026-07-14 00:15:11,328 [INFO] Pass: RemoveIdentityEquivalent - 0.00477 (ms)
2026-07-14 00:15:11,328 [INFO] Pass: RemoveIdentityEquivalent - 0.01073 (ms)
2026-07-14 00:15:11,328 [INFO] Pass: RemoveIdentityEquivalent - 0.01025 (ms)
2026-07-14 00:15:11,328 [INFO] Pass: Size - 0.00381 (ms)
2026-07-14 00:15:11,328 [INFO] Pass: FixedPoint - 0.01621 (ms)
2026-07-14 00:15:11,328 [INFO] Pass: FixedPoint - 0.00858 (ms)
2026-07-14 00:15:11,328 [INFO] Pass: FixedPoint - 0.00358 (ms)
2026-07-14 00:15:11,328 [INFO] Pass: Size - 0.00405 (ms)
2026-07-14 00:15:11,328 [INFO] Pass: Size - 0.00381 (ms)
2026-07-14 00:15:11,328 [INFO] Pass: FixedPoint - 0.00334 (ms)
2026-07-14 00:15:11,328 [INFO] Pass: FixedPoint - 0.00334 (ms)
2026-07-14 00:15:11,328 [INFO] Pass: RemoveIdentityEquivalent - 0.00429 (ms)
2026-07-14 00:15:11,328 [INFO] Pass: Optimize1qGatesDecomposition - 0.04935 (ms)
2026-07-14 00:15:11,328 [INFO] Pass: Optimize1qGatesDecomposition - 0.04792 (ms)
2026-07-14 00:15:11,328 [INFO] Pass: Optimize1qGatesDecomposition - 0.04816 (ms)
2026-07-14 00:15:11,328 [INFO] Pass: RemoveIdentityEquivalent - 0.00453 (ms)
2026-07-14 00:15:11,328 [INFO] Pass: RemoveIdentityEquivalent - 0.00429 (ms)
2026-07-14 00:15:11,328 [INFO] Pass: CommutativeCancellation - 0.14400 (ms)
2026-07-14 00:15:11,328 [INFO] Pass: CommutativeCancellation - 0.14234 (ms)
2026-07-14 00:15:11,328 [INFO] Pass: CommutativeCancellation - 0.14472 (ms)
2026-07-14 00:15:11,328 [INFO] Pass: Optimize1qGatesDecomposition - 0.04888 (ms)
2026-07-14 00:15:11,328 [INFO] Pass: ContractIdleWiresInControlFlow - 0.00215 (ms)
2026-07-14 00:15:11,328 [INFO] Pass: ContractIdleWiresInControlFlow - 0.00191 (ms)
2026-07-14 00:15:11,328 [INFO] Pass: ContractIdleWiresInControlFlow - 0.00215 (ms)
2026-07-14 00:15:11,328 [INFO] Pass: Optimize1qGatesDecomposition - 0.04864 (ms)
2026-07-14 00:15:11,328 [INFO] Pass: Optimize1qGatesDecomposition - 0.04911 (ms)
2026-07-14 00:15:11,328 [INFO] Pass: GatesInBasis - 0.05269 (ms)
2026-07-14 00:15:11,328 [INFO] Pass: GatesInBasis - 0.05364 (ms)
2026-07-14 00:15:11,328 [INFO] Pass: GatesInBasis - 0.05579 (ms)
2026-07-14 00:15:11,328 [INFO] Pass: CommutativeCancellation - 0.13232 (ms)
2026-07-14 00:15:11,328 [INFO] Pass: CommutativeCancellation - 0.13423 (ms)
2026-07-14 00:15:11,328 [INFO] Pass: CommutativeCancellation - 0.13709 (ms)
2026-07-14 00:15:11,328 [INFO] Pass: ContractIdleWiresInControlFlow - 0.00215 (ms)
2026-07-14 00:15:11,328 [INFO] Pass: ContractIdleWiresInControlFlow - 0.00215 (ms)
2026-07-14 00:15:11,328 [INFO] Pass: ContractIdleWiresInControlFlow - 0.00215 (ms)
2026-07-14 00:15:11,328 [INFO] Pass: Depth - 0.03505 (ms)
2026-07-14 00:15:11,328 [INFO] Pass: Depth - 0.03386 (ms)
2026-07-14 00:15:11,328 [INFO] Pass: Depth - 0.03505 (ms)
2026-07-14 00:15:11,328 [INFO] Pass: CommutativeCancellation - 0.13709 (ms)
2026-07-14 00:15:11,328 [INFO] Pass: FixedPoint - 0.00405 (ms)
2026-07-14 00:15:11,328 [INFO] Pass: FixedPoint - 0.00405 (ms)
2026-07-14 00:15:11,328 [INFO] Pass: FixedPoint - 0.00405 (ms)
2026-07-14 00:15:11,328 [INFO] Pass: Size - 0.00238 (ms)
2026-07-14 00:15:11,328 [INFO] Pass: Size - 0.00191 (ms)
2026-07-14 00:15:11,328 [INFO] Pass: Size - 0.00238 (ms)
2026-07-14 00:15:11,328 [INFO] Pass: ContractIdleWiresInControlFlow - 0.00191 (ms)
2026-07-14 00:15:11,328 [INFO] Pass: CommutativeCancellation - 0.13256 (ms)
2026-07-14 00:15:11,328 [INFO] Pass: GatesInBasis - 0.05317 (ms)
2026-07-14 00:15:11,328 [INFO] Pass: CommutativeCancellation - 0.13852 (ms)
2026-07-14 00:15:11,328 [INFO] Pass: GatesInBasis - 0.05293 (ms)
2026-07-14 00:15:11,328 [INFO] Pass: GatesInBasis - 0.05317 (ms)
2026-07-14 00:15:11,328 [INFO] Pass: FixedPoint - 0.00334 (ms)
2026-07-14 00:15:11,328 [INFO] Pass: FixedPoint - 0.00358 (ms)
2026-07-14 00:15:11,328 [INFO] Pass: FixedPoint - 0.00334 (ms)
2026-07-14 00:15:11,328 [INFO] Pass: ContractIdleWiresInControlFlow - 0.00215 (ms)
2026-07-14 00:15:11,328 [INFO] Pass: ContractIdleWiresInControlFlow - 0.00191 (ms)
2026-07-14 00:15:11,328 [INFO] Pass: ContainsInstruction - 0.00525 (ms)
2026-07-14 00:15:11,328 [INFO] Pass: ContainsInstruction - 0.00572 (ms)
2026-07-14 00:15:11,328 [INFO] Pass: ContainsInstruction - 0.00572 (ms)
2026-07-14 00:15:11,328 [INFO] Pass: Depth - 0.03457 (ms)
2026-07-14 00:15:11,328 [INFO] Pass: Depth - 0.03529 (ms)
2026-07-14 00:15:11,328 [INFO] Pass: GatesInBasis - 0.05364 (ms)
2026-07-14 00:15:11,328 [INFO] Pass: Depth - 0.03600 (ms)
2026-07-14 00:15:11,328 [INFO] Pass: FixedPoint - 0.00381 (ms)
2026-07-14 00:15:11,328 [INFO] Pass: FixedPoint - 0.00405 (ms)
2026-07-14 00:15:11,328 [INFO] Pass: FixedPoint - 0.00381 (ms)
2026-07-14 00:15:11,328 [INFO] Pass: GatesInBasis - 0.05317 (ms)
2026-07-14 00:15:11,328 [INFO] Pass: GatesInBasis - 0.05317 (ms)
2026-07-14 00:15:11,328 [INFO] Pass: Size - 0.00215 (ms)
2026-07-14 00:15:11,328 [INFO] Pass: Size - 0.00238 (ms)
2026-07-14 00:15:11,328 [INFO] Pass: Size - 0.00238 (ms)
2026-07-14 00:15:11,328 [INFO] Pass: Depth - 0.03529 (ms)
2026-07-14 00:15:11,328 [INFO] Pass: FixedPoint - 0.00334 (ms)
2026-07-14 00:15:11,328 [INFO] Pass: FixedPoint - 0.00358 (ms)
2026-07-14 00:15:11,328 [INFO] Pass: FixedPoint - 0.00358 (ms)
2026-07-14 00:15:11,328 [INFO] Pass: FixedPoint - 0.00405 (ms)
2026-07-14 00:15:11,328 [INFO] Pass: Depth - 0.03433 (ms)
2026-07-14 00:15:11,328 [INFO] Pass: ContainsInstruction - 0.00548 (ms)
2026-07-14 00:15:11,328 [INFO] Pass: Depth - 0.03529 (ms)
2026-07-14 00:15:11,328 [INFO] Pass: ContainsInstruction - 0.00572 (ms)
2026-07-14 00:15:11,328 [INFO] Pass: ContainsInstruction - 0.00572 (ms)
2026-07-14 00:15:11,328 [INFO] Pass: Size - 0.00238 (ms)
2026-07-14 00:15:11,328 [INFO] Pass: FixedPoint - 0.00405 (ms)
2026-07-14 00:15:11,328 [INFO] Pass: FixedPoint - 0.00453 (ms)
2026-07-14 00:15:11,328 [INFO] Pass: FixedPoint - 0.00334 (ms)
2026-07-14 00:15:11,328 [INFO] Pass: Size - 0.00238 (ms)
2026-07-14 00:15:11,328 [INFO] Pass: Size - 0.00191 (ms)
2026-07-14 00:15:11,328 [INFO] Pass: ContainsInstruction - 0.00548 (ms)
2026-07-14 00:15:11,328 [INFO] Pass: FixedPoint - 0.00358 (ms)
2026-07-14 00:15:11,328 [INFO] Pass: FixedPoint - 0.00334 (ms)
2026-07-14 00:15:11,328 [INFO] Pass: ContainsInstruction - 0.00620 (ms)
2026-07-14 00:15:11,328 [INFO] Pass: ContainsInstruction - 0.00572 (ms)
2026-07-14 00:15:11,328 [INFO] Pass: ContainsInstruction - 0.01597 (ms)
2026-07-14 00:15:11,329 [INFO] Pass: UnitarySynthesis - 0.01049 (ms)
2026-07-14 00:15:11,329 [INFO] Pass: HighLevelSynthesis - 0.01240 (ms)
2026-07-14 00:15:11,329 [INFO] Pass: BasisTranslator - 0.07176 (ms)
2026-07-14 00:15:11,329 [INFO] Total Transpile Time - 115.77058 (ms)
2026-07-14 00:15:11,329 [INFO] Total Transpile Time - 115.81731 (ms)
2026-07-14 00:15:11,329 [INFO] Total Transpile Time - 115.26299 (ms)
2026-07-14 00:15:11,329 [INFO] Pass: ElidePermutations - 0.00501 (ms)
2026-07-14 00:15:11,329 [INFO] Pass: RemoveDiagonalGatesBeforeMeasure - 0.01240 (ms)
2026-07-14 00:15:11,329 [INFO] Total Transpile Time - 115.27491 (ms)
2026-07-14 00:15:11,329 [INFO] Total Transpile Time - 115.42630 (ms)
2026-07-14 00:15:11,329 [INFO] Total Transpile Time - 115.63873 (ms)
2026-07-14 00:15:11,329 [INFO] Pass: RemoveIdentityEquivalent - 0.01383 (ms)
2026-07-14 00:15:11,329 [INFO] Pass: InverseCancellation - 0.00834 (ms)
2026-07-14 00:15:11,329 [INFO] Total Transpile Time - 115.95392 (ms)
2026-07-14 00:15:11,329 [INFO] Pass: ContractIdleWiresInControlFlow - 0.00238 (ms)
2026-07-14 00:15:11,329 [INFO] Total Transpile Time - 115.99159 (ms)
2026-07-14 00:15:11,329 [INFO] Total Transpile Time - 115.75794 (ms)
2026-07-14 00:15:11,329 [INFO] Pass: CommutativeCancellation - 0.12469 (ms)
2026-07-14 00:15:11,329 [INFO] Pass: ConsolidateBlocks - 0.07057 (ms)
2026-07-14 00:15:11,329 [INFO] Pass: Split2QUnitaries - 0.00572 (ms)
2026-07-14 00:15:11,329 [INFO] Pass: UnitarySynthesis - 0.00596 (ms)
2026-07-14 00:15:11,329 [INFO] Pass: HighLevelSynthesis - 0.06175 (ms)
2026-07-14 00:15:11,330 [INFO] Pass: BasisTranslator - 0.09823 (ms)
2026-07-14 00:15:11,330 [INFO] Pass: ConsolidateBlocks - 0.07486 (ms)
2026-07-14 00:15:11,330 [INFO] Pass: UnitarySynthesis - 0.00525 (ms)
2026-07-14 00:15:11,330 [INFO] Pass: Depth - 0.04148 (ms)
2026-07-14 00:15:11,330 [INFO] Pass: FixedPoint - 0.00906 (ms)
2026-07-14 00:15:11,330 [INFO] Pass: Size - 0.00381 (ms)
2026-07-14 00:15:11,330 [INFO] Pass: FixedPoint - 0.00358 (ms)
2026-07-14 00:15:11,330 [INFO] Pass: RemoveIdentityEquivalent - 0.00453 (ms)
2026-07-14 00:15:11,330 [INFO] Pass: Optimize1qGatesDecomposition - 0.05031 (ms)
2026-07-14 00:15:11,330 [INFO] Pass: CommutativeCancellation - 0.13638 (ms)
2026-07-14 00:15:11,330 [INFO] Pass: ContractIdleWiresInControlFlow - 0.00191 (ms)
2026-07-14 00:15:11,330 [INFO] Pass: GatesInBasis - 0.05245 (ms)
2026-07-14 00:15:11,330 [INFO] Pass: Depth - 0.03576 (ms)
2026-07-14 00:15:11,330 [INFO] Pass: FixedPoint - 0.00429 (ms)
2026-07-14 00:15:11,330 [INFO] Pass: Size - 0.00238 (ms)
2026-07-14 00:15:11,330 [INFO] Pass: FixedPoint - 0.00358 (ms)
2026-07-14 00:15:11,330 [INFO] Pass: ContainsInstruction - 0.00620 (ms)
2026-07-14 00:15:11,331 [INFO] Total Transpile Time - 118.17360 (ms)
2026-07-14 00:15:11,416 [INFO] Pass: ContainsInstruction - 0.01168 (ms)
2026-07-14 00:15:11,416 [INFO] Pass: UnitarySynthesis - 0.00715 (ms)
2026-07-14 00:15:11,416 [INFO] Pass: HighLevelSynthesis - 0.00501 (ms)
2026-07-14 00:15:11,416 [INFO] Pass: ContainsInstruction - 0.01121 (ms)
2026-07-14 00:15:11,417 [INFO] Pass: UnitarySynthesis - 0.00644 (ms)
2026-07-14 00:15:11,417 [INFO] Pass: BasisTranslator - 0.05221 (ms)
2026-07-14 00:15:11,417 [INFO] Pass: HighLevelSynthesis - 0.00501 (ms)
2026-07-14 00:15:11,417 [INFO] Pass: ElidePermutations - 0.00429 (ms)
2026-07-14 00:15:11,417 [INFO] Pass: RemoveDiagonalGatesBeforeMeasure - 0.00715 (ms)
2026-07-14 00:15:11,417 [INFO] Pass: RemoveIdentityEquivalent - 0.00715 (ms)
2026-07-14 00:15:11,417 [INFO] Pass: BasisTranslator - 0.05317 (ms)
2026-07-14 00:15:11,417 [INFO] Pass: ContainsInstruction - 0.01049 (ms)
2026-07-14 00:15:11,417 [INFO] Pass: ElidePermutations - 0.00405 (ms)
2026-07-14 00:15:11,417 [INFO] Pass: InverseCancellation - 0.03219 (ms)
2026-07-14 00:15:11,417 [INFO] Pass: RemoveDiagonalGatesBeforeMeasure - 0.00668 (ms)
2026-07-14 00:15:11,417 [INFO] Pass: ContractIdleWiresInControlFlow - 0.00238 (ms)
2026-07-14 00:15:11,417 [INFO] Pass: UnitarySynthesis - 0.00715 (ms)
2026-07-14 00:15:11,417 [INFO] Pass: ContainsInstruction - 0.01097 (ms)
2026-07-14 00:15:11,417 [INFO] Pass: RemoveIdentityEquivalent - 0.00691 (ms)
2026-07-14 00:15:11,417 [INFO] Pass: HighLevelSynthesis - 0.00453 (ms)
2026-07-14 00:15:11,417 [INFO] Pass: UnitarySynthesis - 0.00668 (ms)
2026-07-14 00:15:11,417 [INFO] Pass: InverseCancellation - 0.03290 (ms)
2026-07-14 00:15:11,417 [INFO] Pass: ContractIdleWiresInControlFlow - 0.00238 (ms)
2026-07-14 00:15:11,417 [INFO] Pass: HighLevelSynthesis - 0.00453 (ms)
2026-07-14 00:15:11,417 [INFO] Pass: BasisTranslator - 0.05245 (ms)
2026-07-14 00:15:11,417 [INFO] Pass: ElidePermutations - 0.00453 (ms)
2026-07-14 00:15:11,417 [INFO] Pass: CommutativeCancellation - 0.11969 (ms)
2026-07-14 00:15:11,417 [INFO] Pass: RemoveDiagonalGatesBeforeMeasure - 0.00620 (ms)
2026-07-14 00:15:11,417 [INFO] Pass: BasisTranslator - 0.05722 (ms)
2026-07-14 00:15:11,417 [INFO] Pass: RemoveIdentityEquivalent - 0.00691 (ms)
2026-07-14 00:15:11,417 [INFO] Pass: ElidePermutations - 0.00405 (ms)
2026-07-14 00:15:11,417 [INFO] Pass: ContainsInstruction - 0.01144 (ms)
2026-07-14 00:15:11,417 [INFO] Pass: ContainsInstruction - 0.01168 (ms)
2026-07-14 00:15:11,417 [INFO] Pass: RemoveDiagonalGatesBeforeMeasure - 0.00644 (ms)
2026-07-14 00:15:11,417 [INFO] Pass: ConsolidateBlocks - 0.05841 (ms)
2026-07-14 00:15:11,417 [INFO] Pass: CommutativeCancellation - 0.12493 (ms)
2026-07-14 00:15:11,417 [INFO] Pass: InverseCancellation - 0.03052 (ms)
2026-07-14 00:15:11,417 [INFO] Pass: Split2QUnitaries - 0.00262 (ms)
2026-07-14 00:15:11,417 [INFO] Pass: RemoveIdentityEquivalent - 0.00668 (ms)
2026-07-14 00:15:11,417 [INFO] Pass: UnitarySynthesis - 0.00691 (ms)
2026-07-14 00:15:11,417 [INFO] Pass: ContractIdleWiresInControlFlow - 0.00215 (ms)
2026-07-14 00:15:11,417 [INFO] Pass: UnitarySynthesis - 0.00668 (ms)
2026-07-14 00:15:11,417 [INFO] Pass: UnitarySynthesis - 0.00572 (ms)
2026-07-14 00:15:11,417 [INFO] Pass: HighLevelSynthesis - 0.00453 (ms)
2026-07-14 00:15:11,417 [INFO] Pass: HighLevelSynthesis - 0.00501 (ms)
2026-07-14 00:15:11,417 [INFO] Pass: InverseCancellation - 0.03123 (ms)
2026-07-14 00:15:11,417 [INFO] Pass: ConsolidateBlocks - 0.05722 (ms)
2026-07-14 00:15:11,417 [INFO] Pass: ContractIdleWiresInControlFlow - 0.00238 (ms)
2026-07-14 00:15:11,417 [INFO] Pass: Split2QUnitaries - 0.00286 (ms)
2026-07-14 00:15:11,417 [INFO] Pass: HighLevelSynthesis - 0.06104 (ms)
2026-07-14 00:15:11,417 [INFO] Pass: UnitarySynthesis - 0.00501 (ms)
2026-07-14 00:15:11,417 [INFO] Pass: BasisTranslator - 0.05221 (ms)
2026-07-14 00:15:11,417 [INFO] Pass: BasisTranslator - 0.05221 (ms)
2026-07-14 00:15:11,417 [INFO] Pass: ContainsInstruction - 0.01073 (ms)
2026-07-14 00:15:11,417 [INFO] Pass: ElidePermutations - 0.00429 (ms)
2026-07-14 00:15:11,417 [INFO] Pass: ElidePermutations - 0.00501 (ms)
2026-07-14 00:15:11,417 [INFO] Pass: CommutativeCancellation - 0.12064 (ms)
2026-07-14 00:15:11,417 [INFO] Pass: RemoveDiagonalGatesBeforeMeasure - 0.00644 (ms)
2026-07-14 00:15:11,417 [INFO] Pass: UnitarySynthesis - 0.00691 (ms)
2026-07-14 00:15:11,417 [INFO] Pass: RemoveDiagonalGatesBeforeMeasure - 0.00644 (ms)
2026-07-14 00:15:11,417 [INFO] Pass: HighLevelSynthesis - 0.06223 (ms)
2026-07-14 00:15:11,417 [INFO] Pass: RemoveIdentityEquivalent - 0.00644 (ms)
2026-07-14 00:15:11,417 [INFO] Pass: RemoveIdentityEquivalent - 0.00668 (ms)
2026-07-14 00:15:11,417 [INFO] Pass: HighLevelSynthesis - 0.00453 (ms)
2026-07-14 00:15:11,417 [INFO] Pass: ContainsInstruction - 0.01097 (ms)
2026-07-14 00:15:11,417 [INFO] Pass: BasisTranslator - 0.09656 (ms)
2026-07-14 00:15:11,417 [INFO] Pass: CommutativeCancellation - 0.11730 (ms)
2026-07-14 00:15:11,417 [INFO] Pass: ConsolidateBlocks - 0.05651 (ms)
2026-07-14 00:15:11,417 [INFO] Pass: InverseCancellation - 0.03076 (ms)
2026-07-14 00:15:11,417 [INFO] Pass: InverseCancellation - 0.03076 (ms)
2026-07-14 00:15:11,417 [INFO] Pass: Split2QUnitaries - 0.00262 (ms)
2026-07-14 00:15:11,417 [INFO] Pass: UnitarySynthesis - 0.00691 (ms)
2026-07-14 00:15:11,417 [INFO] Pass: ContractIdleWiresInControlFlow - 0.00238 (ms)
2026-07-14 00:15:11,417 [INFO] Pass: ContractIdleWiresInControlFlow - 0.00238 (ms)
2026-07-14 00:15:11,417 [INFO] Pass: BasisTranslator - 0.05245 (ms)
2026-07-14 00:15:11,417 [INFO] Pass: UnitarySynthesis - 0.00501 (ms)
2026-07-14 00:15:11,417 [INFO] Pass: HighLevelSynthesis - 0.00501 (ms)
2026-07-14 00:15:11,417 [INFO] Pass: ConsolidateBlocks - 0.05722 (ms)
2026-07-14 00:15:11,417 [INFO] Pass: BasisTranslator - 0.09727 (ms)
2026-07-14 00:15:11,417 [INFO] Pass: ElidePermutations - 0.00405 (ms)
2026-07-14 00:15:11,417 [INFO] Pass: ConsolidateBlocks - 0.06700 (ms)
2026-07-14 00:15:11,417 [INFO] Pass: Split2QUnitaries - 0.00286 (ms)
2026-07-14 00:15:11,417 [INFO] Pass: RemoveDiagonalGatesBeforeMeasure - 0.00620 (ms)
2026-07-14 00:15:11,417 [INFO] Pass: UnitarySynthesis - 0.00453 (ms)
2026-07-14 00:15:11,417 [INFO] Pass: UnitarySynthesis - 0.00525 (ms)
2026-07-14 00:15:11,417 [INFO] Pass: RemoveIdentityEquivalent - 0.00668 (ms)
2026-07-14 00:15:11,417 [INFO] Pass: HighLevelSynthesis - 0.06199 (ms)
2026-07-14 00:15:11,417 [INFO] Pass: BasisTranslator - 0.05198 (ms)
2026-07-14 00:15:11,417 [INFO] Pass: Depth - 0.03695 (ms)
2026-07-14 00:15:11,417 [INFO] Pass: ElidePermutations - 0.00405 (ms)
2026-07-14 00:15:11,417 [INFO] Pass: ConsolidateBlocks - 0.07248 (ms)
2026-07-14 00:15:11,417 [INFO] Pass: InverseCancellation - 0.03099 (ms)
2026-07-14 00:15:11,417 [INFO] Pass: CommutativeCancellation - 0.11659 (ms)
2026-07-14 00:15:11,417 [INFO] Pass: FixedPoint - 0.00525 (ms)
2026-07-14 00:15:11,417 [INFO] Pass: CommutativeCancellation - 0.12374 (ms)
2026-07-14 00:15:11,417 [INFO] Pass: RemoveDiagonalGatesBeforeMeasure - 0.00644 (ms)
2026-07-14 00:15:11,417 [INFO] Pass: HighLevelSynthesis - 0.06151 (ms)
2026-07-14 00:15:11,417 [INFO] Pass: ContractIdleWiresInControlFlow - 0.00191 (ms)
2026-07-14 00:15:11,417 [INFO] Pass: UnitarySynthesis - 0.00501 (ms)
2026-07-14 00:15:11,417 [INFO] Pass: Size - 0.00334 (ms)
2026-07-14 00:15:11,417 [INFO] Pass: RemoveIdentityEquivalent - 0.00691 (ms)
2026-07-14 00:15:11,417 [INFO] Pass: FixedPoint - 0.00334 (ms)
2026-07-14 00:15:11,417 [INFO] Pass: BasisTranslator - 0.09656 (ms)
2026-07-14 00:15:11,417 [INFO] Pass: RemoveIdentityEquivalent - 0.00572 (ms)
2026-07-14 00:15:11,417 [INFO] Pass: ConsolidateBlocks - 0.05794 (ms)
2026-07-14 00:15:11,418 [INFO] Pass: ConsolidateBlocks - 0.05770 (ms)
2026-07-14 00:15:11,418 [INFO] Pass: Depth - 0.04125 (ms)
2026-07-14 00:15:11,418 [INFO] Pass: InverseCancellation - 0.03123 (ms)
2026-07-14 00:15:11,417 [INFO] Pass: ContainsInstruction - 0.01121 (ms)
2026-07-14 00:15:11,418 [INFO] Pass: Split2QUnitaries - 0.00310 (ms)
2026-07-14 00:15:11,418 [INFO] Pass: Split2QUnitaries - 0.00286 (ms)
2026-07-14 00:15:11,418 [INFO] Pass: ContractIdleWiresInControlFlow - 0.00238 (ms)
2026-07-14 00:15:11,418 [INFO] Pass: FixedPoint - 0.00501 (ms)
2026-07-14 00:15:11,418 [INFO] Pass: BasisTranslator - 0.09656 (ms)
2026-07-14 00:15:11,418 [INFO] Pass: UnitarySynthesis - 0.00501 (ms)
2026-07-14 00:15:11,418 [INFO] Pass: UnitarySynthesis - 0.00548 (ms)
2026-07-14 00:15:11,418 [INFO] Pass: Size - 0.00334 (ms)
2026-07-14 00:15:11,418 [INFO] Pass: UnitarySynthesis - 0.00668 (ms)
2026-07-14 00:15:11,418 [INFO] Pass: CommutativeCancellation - 0.11635 (ms)
2026-07-14 00:15:11,418 [INFO] Pass: ConsolidateBlocks - 0.06938 (ms)
2026-07-14 00:15:11,418 [INFO] Pass: FixedPoint - 0.00334 (ms)
2026-07-14 00:15:11,418 [INFO] Pass: HighLevelSynthesis - 0.00477 (ms)
2026-07-14 00:15:11,418 [INFO] Pass: UnitarySynthesis - 0.00501 (ms)
2026-07-14 00:15:11,418 [INFO] Pass: RemoveIdentityEquivalent - 0.00596 (ms)
2026-07-14 00:15:11,418 [INFO] Pass: HighLevelSynthesis - 0.06175 (ms)
2026-07-14 00:15:11,418 [INFO] Pass: ConsolidateBlocks - 0.06557 (ms)
2026-07-14 00:15:11,418 [INFO] Pass: HighLevelSynthesis - 0.06223 (ms)
2026-07-14 00:15:11,418 [INFO] Pass: ConsolidateBlocks - 0.05841 (ms)
2026-07-14 00:15:11,418 [INFO] Pass: UnitarySynthesis - 0.00453 (ms)
2026-07-14 00:15:11,418 [INFO] Pass: CommutativeCancellation - 0.11706 (ms)
2026-07-14 00:15:11,418 [INFO] Pass: BasisTranslator - 0.05245 (ms)
2026-07-14 00:15:11,418 [INFO] Pass: Depth - 0.03815 (ms)
2026-07-14 00:15:11,418 [INFO] Pass: Optimize1qGatesDecomposition - 0.16522 (ms)
2026-07-14 00:15:11,418 [INFO] Pass: Split2QUnitaries - 0.00286 (ms)
2026-07-14 00:15:11,418 [INFO] Pass: ElidePermutations - 0.00477 (ms)
2026-07-14 00:15:11,418 [INFO] Pass: FixedPoint - 0.00501 (ms)
2026-07-14 00:15:11,418 [INFO] Pass: UnitarySynthesis - 0.00525 (ms)
2026-07-14 00:15:11,418 [INFO] Pass: Depth - 0.03648 (ms)
2026-07-14 00:15:11,418 [INFO] Pass: Size - 0.00358 (ms)
2026-07-14 00:15:11,418 [INFO] Pass: RemoveDiagonalGatesBeforeMeasure - 0.00668 (ms)
2026-07-14 00:15:11,418 [INFO] Pass: FixedPoint - 0.00310 (ms)
2026-07-14 00:15:11,418 [INFO] Pass: FixedPoint - 0.00525 (ms)
2026-07-14 00:15:11,418 [INFO] Pass: BasisTranslator - 0.09727 (ms)
2026-07-14 00:15:11,418 [INFO] Pass: ConsolidateBlocks - 0.05627 (ms)
2026-07-14 00:15:11,418 [INFO] Pass: RemoveIdentityEquivalent - 0.00644 (ms)
2026-07-14 00:15:11,418 [INFO] Pass: BasisTranslator - 0.09727 (ms)
2026-07-14 00:15:11,418 [INFO] Pass: Size - 0.00286 (ms)
2026-07-14 00:15:11,418 [INFO] Pass: RemoveIdentityEquivalent - 0.00596 (ms)
2026-07-14 00:15:11,418 [INFO] Pass: Split2QUnitaries - 0.00286 (ms)
2026-07-14 00:15:11,418 [INFO] Pass: FixedPoint - 0.00310 (ms)
2026-07-14 00:15:11,418 [INFO] Pass: HighLevelSynthesis - 0.06247 (ms)
2026-07-14 00:15:11,418 [INFO] Pass: UnitarySynthesis - 0.00525 (ms)
2026-07-14 00:15:11,418 [INFO] Pass: InverseCancellation - 0.03004 (ms)
2026-07-14 00:15:11,418 [INFO] Pass: Optimize1qGatesDecomposition - 0.16809 (ms)
2026-07-14 00:15:11,418 [INFO] Pass: RemoveIdentityEquivalent - 0.01240 (ms)
2026-07-14 00:15:11,418 [INFO] Pass: ContractIdleWiresInControlFlow - 0.00215 (ms)
2026-07-14 00:15:11,418 [INFO] Pass: CommutativeCancellation - 0.14162 (ms)
2026-07-14 00:15:11,418 [INFO] Pass: ConsolidateBlocks - 0.07391 (ms)
2026-07-14 00:15:11,418 [INFO] Pass: ConsolidateBlocks - 0.07391 (ms)
2026-07-14 00:15:11,418 [INFO] Pass: ContractIdleWiresInControlFlow - 0.00215 (ms)
2026-07-14 00:15:11,418 [INFO] Pass: UnitarySynthesis - 0.00477 (ms)
2026-07-14 00:15:11,418 [INFO] Pass: UnitarySynthesis - 0.00453 (ms)
2026-07-14 00:15:11,418 [INFO] Pass: HighLevelSynthesis - 0.06199 (ms)
2026-07-14 00:15:11,418 [INFO] Pass: BasisTranslator - 0.10419 (ms)
2026-07-14 00:15:11,418 [INFO] Pass: Depth - 0.03695 (ms)
2026-07-14 00:15:11,418 [INFO] Pass: Depth - 0.03934 (ms)
2026-07-14 00:15:11,418 [INFO] Pass: GatesInBasis - 0.05364 (ms)
2026-07-14 00:15:11,418 [INFO] Pass: Optimize1qGatesDecomposition - 0.16594 (ms)
2026-07-14 00:15:11,418 [INFO] Pass: FixedPoint - 0.00477 (ms)
2026-07-14 00:15:11,418 [INFO] Pass: FixedPoint - 0.00477 (ms)
2026-07-14 00:15:11,418 [INFO] Pass: CommutativeCancellation - 0.11539 (ms)
2026-07-14 00:15:11,418 [INFO] Pass: CommutativeCancellation - 0.13709 (ms)
2026-07-14 00:15:11,418 [INFO] Pass: Size - 0.00310 (ms)
2026-07-14 00:15:11,418 [INFO] Pass: Size - 0.00310 (ms)
2026-07-14 00:15:11,418 [INFO] Pass: ContractIdleWiresInControlFlow - 0.00215 (ms)
2026-07-14 00:15:11,418 [INFO] Pass: Depth - 0.03552 (ms)
2026-07-14 00:15:11,418 [INFO] Pass: Optimize1qGatesDecomposition - 0.15879 (ms)
2026-07-14 00:15:11,418 [INFO] Pass: BasisTranslator - 0.09632 (ms)
2026-07-14 00:15:11,418 [INFO] Pass: FixedPoint - 0.00310 (ms)
2026-07-14 00:15:11,418 [INFO] Pass: ConsolidateBlocks - 0.06771 (ms)
2026-07-14 00:15:11,418 [INFO] Pass: FixedPoint - 0.00310 (ms)
2026-07-14 00:15:11,418 [INFO] Pass: FixedPoint - 0.00381 (ms)
2026-07-14 00:15:11,418 [INFO] Pass: RemoveIdentityEquivalent - 0.00548 (ms)
2026-07-14 00:15:11,418 [INFO] Pass: UnitarySynthesis - 0.00477 (ms)
2026-07-14 00:15:11,418 [INFO] Pass: RemoveIdentityEquivalent - 0.00596 (ms)
2026-07-14 00:15:11,418 [INFO] Pass: Size - 0.00238 (ms)
2026-07-14 00:15:11,418 [INFO] Pass: ConsolidateBlocks - 0.05770 (ms)
2026-07-14 00:15:11,418 [INFO] Pass: GatesInBasis - 0.05198 (ms)
2026-07-14 00:15:11,418 [INFO] Pass: FixedPoint - 0.01049 (ms)
2026-07-14 00:15:11,418 [INFO] Pass: Split2QUnitaries - 0.00310 (ms)
2026-07-14 00:15:11,418 [INFO] Pass: ConsolidateBlocks - 0.06604 (ms)
2026-07-14 00:15:11,418 [INFO] Pass: Depth - 0.03672 (ms)
2026-07-14 00:15:11,418 [INFO] Pass: ContainsInstruction - 0.00572 (ms)
2026-07-14 00:15:11,418 [INFO] Pass: UnitarySynthesis - 0.00501 (ms)
2026-07-14 00:15:11,418 [INFO] Pass: CommutativeCancellation - 0.13757 (ms)
2026-07-14 00:15:11,418 [INFO] Pass: FixedPoint - 0.00525 (ms)
2026-07-14 00:15:11,418 [INFO] Pass: UnitarySynthesis - 0.00477 (ms)
2026-07-14 00:15:11,418 [INFO] Pass: Depth - 0.03791 (ms)
2026-07-14 00:15:11,418 [INFO] Pass: Size - 0.00286 (ms)
2026-07-14 00:15:11,418 [INFO] Pass: ContractIdleWiresInControlFlow - 0.00215 (ms)
2026-07-14 00:15:11,418 [INFO] Pass: FixedPoint - 0.00381 (ms)
2026-07-14 00:15:11,418 [INFO] Pass: CommutativeCancellation - 0.13423 (ms)
2026-07-14 00:15:11,418 [INFO] Pass: FixedPoint - 0.00334 (ms)
2026-07-14 00:15:11,418 [INFO] Pass: Size - 0.00238 (ms)
2026-07-14 00:15:11,418 [INFO] Pass: Depth - 0.03695 (ms)
2026-07-14 00:15:11,418 [INFO] Pass: HighLevelSynthesis - 0.06175 (ms)
2026-07-14 00:15:11,418 [INFO] Pass: ContractIdleWiresInControlFlow - 0.00191 (ms)
2026-07-14 00:15:11,418 [INFO] Pass: RemoveIdentityEquivalent - 0.00548 (ms)
2026-07-14 00:15:11,418 [INFO] Pass: FixedPoint - 0.01073 (ms)
2026-07-14 00:15:11,418 [INFO] Pass: FixedPoint - 0.00525 (ms)
2026-07-14 00:15:11,418 [INFO] Pass: Optimize1qGatesDecomposition - 0.15783 (ms)
2026-07-14 00:15:11,418 [INFO] Pass: Optimize1qGatesDecomposition - 0.15807 (ms)
2026-07-14 00:15:11,418 [INFO] Pass: GatesInBasis - 0.05293 (ms)
2026-07-14 00:15:11,418 [INFO] Pass: Size - 0.00310 (ms)
2026-07-14 00:15:11,418 [INFO] Pass: ContainsInstruction - 0.00572 (ms)
2026-07-14 00:15:11,418 [INFO] Pass: FixedPoint - 0.00286 (ms)
2026-07-14 00:15:11,418 [INFO] Pass: GatesInBasis - 0.05269 (ms)
2026-07-14 00:15:11,418 [INFO] Pass: Depth - 0.03529 (ms)
2026-07-14 00:15:11,418 [INFO] Pass: RemoveIdentityEquivalent - 0.00572 (ms)
2026-07-14 00:15:11,418 [INFO] Pass: BasisTranslator - 0.09561 (ms)
2026-07-14 00:15:11,418 [INFO] Pass: FixedPoint - 0.00381 (ms)
2026-07-14 00:15:11,418 [INFO] Pass: Depth - 0.03529 (ms)
2026-07-14 00:15:11,418 [INFO] Pass: Size - 0.00238 (ms)
2026-07-14 00:15:11,418 [INFO] Pass: FixedPoint - 0.00429 (ms)
2026-07-14 00:15:11,418 [INFO] Pass: ContainsInstruction - 0.01073 (ms)
2026-07-14 00:15:11,418 [INFO] Pass: FixedPoint - 0.01001 (ms)
2026-07-14 00:15:11,418 [INFO] Pass: Size - 0.00262 (ms)
2026-07-14 00:15:11,418 [INFO] Pass: Optimize1qGatesDecomposition - 0.15807 (ms)
2026-07-14 00:15:11,418 [INFO] Pass: CommutativeCancellation - 0.13375 (ms)
2026-07-14 00:15:11,418 [INFO] Pass: CommutativeCancellation - 0.13614 (ms)
2026-07-14 00:15:11,418 [INFO] Pass: ContainsInstruction - 0.00525 (ms)
2026-07-14 00:15:11,418 [INFO] Pass: ConsolidateBlocks - 0.06533 (ms)
2026-07-14 00:15:11,418 [INFO] Pass: FixedPoint - 0.00882 (ms)
2026-07-14 00:15:11,418 [INFO] Pass: UnitarySynthesis - 0.00668 (ms)
2026-07-14 00:15:11,418 [INFO] Pass: ContractIdleWiresInControlFlow - 0.00215 (ms)
2026-07-14 00:15:11,418 [INFO] Pass: ContractIdleWiresInControlFlow - 0.00215 (ms)
2026-07-14 00:15:11,418 [INFO] Pass: UnitarySynthesis - 0.00429 (ms)
2026-07-14 00:15:11,418 [INFO] Pass: ContainsInstruction - 0.00525 (ms)
2026-07-14 00:15:11,418 [INFO] Pass: HighLevelSynthesis - 0.00477 (ms)
2026-07-14 00:15:11,419 [INFO] Pass: Optimize1qGatesDecomposition - 0.15831 (ms)
2026-07-14 00:15:11,419 [INFO] Pass: GatesInBasis - 0.05245 (ms)
2026-07-14 00:15:11,419 [INFO] Pass: Depth - 0.03743 (ms)
2026-07-14 00:15:11,419 [INFO] Pass: GatesInBasis - 0.05388 (ms)
2026-07-14 00:15:11,419 [INFO] Pass: FixedPoint - 0.00525 (ms)
2026-07-14 00:15:11,419 [INFO] Pass: BasisTranslator - 0.05293 (ms)
2026-07-14 00:15:11,419 [INFO] Pass: Size - 0.00310 (ms)
2026-07-14 00:15:11,419 [INFO] Pass: Depth - 0.03529 (ms)
2026-07-14 00:15:11,419 [INFO] Pass: ElidePermutations - 0.00429 (ms)
2026-07-14 00:15:11,419 [INFO] Pass: CommutativeCancellation - 0.13423 (ms)
2026-07-14 00:15:11,419 [INFO] Pass: Depth - 0.03862 (ms)
2026-07-14 00:15:11,419 [INFO] Pass: FixedPoint - 0.00310 (ms)
2026-07-14 00:15:11,419 [INFO] Pass: FixedPoint - 0.00405 (ms)
2026-07-14 00:15:11,419 [INFO] Pass: RemoveDiagonalGatesBeforeMeasure - 0.00668 (ms)
2026-07-14 00:15:11,419 [INFO] Pass: ContractIdleWiresInControlFlow - 0.00215 (ms)
2026-07-14 00:15:11,419 [INFO] Pass: FixedPoint - 0.00429 (ms)
2026-07-14 00:15:11,419 [INFO] Pass: Size - 0.00191 (ms)
2026-07-14 00:15:11,419 [INFO] Pass: RemoveIdentityEquivalent - 0.00525 (ms)
2026-07-14 00:15:11,419 [INFO] Total Transpile Time - 89.29181 (ms)
2026-07-14 00:15:11,419 [INFO] Pass: RemoveIdentityEquivalent - 0.00620 (ms)
2026-07-14 00:15:11,419 [INFO] Pass: Size - 0.00215 (ms)
2026-07-14 00:15:11,419 [INFO] Pass: FixedPoint - 0.00978 (ms)
2026-07-14 00:15:11,419 [INFO] Pass: CommutativeCancellation - 0.13590 (ms)
2026-07-14 00:15:11,419 [INFO] Pass: FixedPoint - 0.01049 (ms)
2026-07-14 00:15:11,419 [INFO] Pass: GatesInBasis - 0.05341 (ms)
2026-07-14 00:15:11,419 [INFO] Pass: ContainsInstruction - 0.00525 (ms)
2026-07-14 00:15:11,419 [INFO] Pass: InverseCancellation - 0.03028 (ms)
2026-07-14 00:15:11,419 [INFO] Pass: ContractIdleWiresInControlFlow - 0.00215 (ms)
2026-07-14 00:15:11,419 [INFO] Pass: ContainsInstruction - 0.00525 (ms)
2026-07-14 00:15:11,419 [INFO] Pass: ContractIdleWiresInControlFlow - 0.00238 (ms)
2026-07-14 00:15:11,419 [INFO] Pass: Depth - 0.03457 (ms)
2026-07-14 00:15:11,419 [INFO] Total Transpile Time - 89.34522 (ms)
2026-07-14 00:15:11,419 [INFO] Pass: FixedPoint - 0.00381 (ms)
2026-07-14 00:15:11,419 [INFO] Pass: GatesInBasis - 0.05150 (ms)
2026-07-14 00:15:11,419 [INFO] Pass: Size - 0.00238 (ms)
2026-07-14 00:15:11,419 [INFO] Pass: Optimize1qGatesDecomposition - 0.15759 (ms)
2026-07-14 00:15:11,419 [INFO] Pass: FixedPoint - 0.00978 (ms)
2026-07-14 00:15:11,419 [INFO] Pass: Depth - 0.04268 (ms)
2026-07-14 00:15:11,419 [INFO] Pass: ContainsInstruction - 0.00548 (ms)
2026-07-14 00:15:11,419 [INFO] Pass: FixedPoint - 0.00405 (ms)
2026-07-14 00:15:11,419 [INFO] Pass: CommutativeCancellation - 0.12374 (ms)
2026-07-14 00:15:11,419 [INFO] Pass: Size - 0.00262 (ms)
2026-07-14 00:15:11,419 [INFO] Pass: FixedPoint - 0.01001 (ms)
2026-07-14 00:15:11,419 [INFO] Total Transpile Time - 89.49828 (ms)
2026-07-14 00:15:11,419 [INFO] Pass: ConsolidateBlocks - 0.05651 (ms)
2026-07-14 00:15:11,419 [INFO] Pass: ContainsInstruction - 0.00525 (ms)
2026-07-14 00:15:11,419 [INFO] Total Transpile Time - 89.62870 (ms)
2026-07-14 00:15:11,419 [INFO] Pass: Split2QUnitaries - 0.00286 (ms)
2026-07-14 00:15:11,419 [INFO] Pass: CommutativeCancellation - 0.13518 (ms)
2026-07-14 00:15:11,419 [INFO] Pass: UnitarySynthesis - 0.00501 (ms)
2026-07-14 00:15:11,419 [INFO] Pass: ContractIdleWiresInControlFlow - 0.00215 (ms)
2026-07-14 00:15:11,419 [INFO] Pass: GatesInBasis - 0.05174 (ms)
2026-07-14 00:15:11,419 [INFO] Pass: HighLevelSynthesis - 0.06175 (ms)
2026-07-14 00:15:11,419 [INFO] Pass: Depth - 0.03552 (ms)
2026-07-14 00:15:11,419 [INFO] Pass: FixedPoint - 0.00405 (ms)
2026-07-14 00:15:11,419 [INFO] Pass: Size - 0.00215 (ms)
2026-07-14 00:15:11,419 [INFO] Total Transpile Time - 89.98966 (ms)
2026-07-14 00:15:11,419 [INFO] Total Transpile Time - 89.87141 (ms)
2026-07-14 00:15:11,419 [INFO] Pass: BasisTranslator - 0.09632 (ms)
2026-07-14 00:15:11,419 [INFO] Pass: FixedPoint - 0.00930 (ms)
2026-07-14 00:15:11,419 [INFO] Pass: ContainsInstruction - 0.00548 (ms)
2026-07-14 00:15:11,419 [INFO] Pass: ConsolidateBlocks - 0.06509 (ms)
2026-07-14 00:15:11,419 [INFO] Pass: UnitarySynthesis - 0.00477 (ms)
2026-07-14 00:15:11,419 [INFO] Total Transpile Time - 90.15799 (ms)
2026-07-14 00:15:11,419 [INFO] Pass: Depth - 0.03815 (ms)
2026-07-14 00:15:11,419 [INFO] Pass: FixedPoint - 0.00525 (ms)
2026-07-14 00:15:11,419 [INFO] Pass: Size - 0.00262 (ms)
2026-07-14 00:15:11,419 [INFO] Total Transpile Time - 90.03592 (ms)
2026-07-14 00:15:11,419 [INFO] Pass: FixedPoint - 0.00286 (ms)
2026-07-14 00:15:11,420 [INFO] Pass: RemoveIdentityEquivalent - 0.00525 (ms)
2026-07-14 00:15:11,420 [INFO] Pass: Optimize1qGatesDecomposition - 0.15926 (ms)
2026-07-14 00:15:11,420 [INFO] Total Transpile Time - 90.55114 (ms)
2026-07-14 00:15:11,420 [INFO] Pass: CommutativeCancellation - 0.14257 (ms)
2026-07-14 00:15:11,420 [INFO] Pass: ContractIdleWiresInControlFlow - 0.00215 (ms)
2026-07-14 00:15:11,420 [INFO] Pass: GatesInBasis - 0.05198 (ms)
2026-07-14 00:15:11,420 [INFO] Pass: Depth - 0.03886 (ms)
2026-07-14 00:15:11,420 [INFO] Pass: FixedPoint - 0.00405 (ms)
2026-07-14 00:15:11,420 [INFO] Pass: Size - 0.00238 (ms)
2026-07-14 00:15:11,420 [INFO] Pass: FixedPoint - 0.01168 (ms)
2026-07-14 00:15:11,420 [INFO] Pass: ContainsInstruction - 0.00525 (ms)
2026-07-14 00:15:11,421 [INFO] Total Transpile Time - 89.26630 (ms)
2026-07-14 00:15:11,506 [INFO] Pass: ContainsInstruction - 0.01073 (ms)
2026-07-14 00:15:11,506 [INFO] Pass: UnitarySynthesis - 0.00715 (ms)
2026-07-14 00:15:11,506 [INFO] Pass: HighLevelSynthesis - 0.00453 (ms)
2026-07-14 00:15:11,506 [INFO] Pass: BasisTranslator - 0.05484 (ms)
2026-07-14 00:15:11,506 [INFO] Pass: ElidePermutations - 0.00477 (ms)
2026-07-14 00:15:11,506 [INFO] Pass: RemoveDiagonalGatesBeforeMeasure - 0.00668 (ms)
2026-07-14 00:15:11,506 [INFO] Pass: RemoveIdentityEquivalent - 0.00787 (ms)
2026-07-14 00:15:11,506 [INFO] Pass: InverseCancellation - 0.03147 (ms)
2026-07-14 00:15:11,506 [INFO] Pass: ContractIdleWiresInControlFlow - 0.00238 (ms)
2026-07-14 00:15:11,506 [INFO] Pass: ContainsInstruction - 0.01049 (ms)
2026-07-14 00:15:11,506 [INFO] Pass: UnitarySynthesis - 0.00739 (ms)
2026-07-14 00:15:11,506 [INFO] Pass: HighLevelSynthesis - 0.00453 (ms)
2026-07-14 00:15:11,506 [INFO] Pass: CommutativeCancellation - 0.12231 (ms)
2026-07-14 00:15:11,506 [INFO] Pass: BasisTranslator - 0.05412 (ms)
2026-07-14 00:15:11,506 [INFO] Pass: ElidePermutations - 0.00453 (ms)
2026-07-14 00:15:11,506 [INFO] Pass: RemoveDiagonalGatesBeforeMeasure - 0.00644 (ms)
2026-07-14 00:15:11,506 [INFO] Pass: ConsolidateBlocks - 0.05841 (ms)
2026-07-14 00:15:11,506 [INFO] Pass: Split2QUnitaries - 0.00286 (ms)
2026-07-14 00:15:11,506 [INFO] Pass: RemoveIdentityEquivalent - 0.00763 (ms)
2026-07-14 00:15:11,506 [INFO] Pass: UnitarySynthesis - 0.00954 (ms)
2026-07-14 00:15:11,506 [INFO] Pass: InverseCancellation - 0.03147 (ms)
2026-07-14 00:15:11,506 [INFO] Pass: ContractIdleWiresInControlFlow - 0.00238 (ms)
2026-07-14 00:15:11,506 [INFO] Pass: HighLevelSynthesis - 0.06485 (ms)
2026-07-14 00:15:11,506 [INFO] Pass: CommutativeCancellation - 0.12016 (ms)
2026-07-14 00:15:11,506 [INFO] Pass: BasisTranslator - 0.09823 (ms)
2026-07-14 00:15:11,506 [INFO] Pass: ConsolidateBlocks - 0.05770 (ms)
2026-07-14 00:15:11,507 [INFO] Pass: ConsolidateBlocks - 0.06700 (ms)
2026-07-14 00:15:11,507 [INFO] Pass: Split2QUnitaries - 0.00286 (ms)
2026-07-14 00:15:11,507 [INFO] Pass: UnitarySynthesis - 0.00453 (ms)
2026-07-14 00:15:11,507 [INFO] Pass: UnitarySynthesis - 0.01001 (ms)
2026-07-14 00:15:11,507 [INFO] Pass: Depth - 0.03815 (ms)
2026-07-14 00:15:11,507 [INFO] Pass: FixedPoint - 0.00477 (ms)
2026-07-14 00:15:11,507 [INFO] Pass: HighLevelSynthesis - 0.06366 (ms)
2026-07-14 00:15:11,507 [INFO] Pass: Size - 0.00310 (ms)
2026-07-14 00:15:11,507 [INFO] Pass: ContainsInstruction - 0.01049 (ms)
2026-07-14 00:15:11,507 [INFO] Pass: FixedPoint - 0.00310 (ms)
2026-07-14 00:15:11,507 [INFO] Pass: ContainsInstruction - 0.01001 (ms)
2026-07-14 00:15:11,507 [INFO] Pass: RemoveIdentityEquivalent - 0.00644 (ms)
2026-07-14 00:15:11,507 [INFO] Pass: UnitarySynthesis - 0.00715 (ms)
2026-07-14 00:15:11,507 [INFO] Pass: ContainsInstruction - 0.01097 (ms)
2026-07-14 00:15:11,507 [INFO] Pass: UnitarySynthesis - 0.00715 (ms)
2026-07-14 00:15:11,507 [INFO] Pass: HighLevelSynthesis - 0.00453 (ms)
2026-07-14 00:15:11,507 [INFO] Pass: HighLevelSynthesis - 0.00477 (ms)
2026-07-14 00:15:11,507 [INFO] Pass: BasisTranslator - 0.10061 (ms)
2026-07-14 00:15:11,507 [INFO] Pass: UnitarySynthesis - 0.00715 (ms)
2026-07-14 00:15:11,507 [INFO] Pass: HighLevelSynthesis - 0.00477 (ms)
2026-07-14 00:15:11,507 [INFO] Pass: BasisTranslator - 0.05364 (ms)
2026-07-14 00:15:11,507 [INFO] Pass: BasisTranslator - 0.05937 (ms)
2026-07-14 00:15:11,507 [INFO] Pass: ElidePermutations - 0.00429 (ms)
2026-07-14 00:15:11,507 [INFO] Pass: ConsolidateBlocks - 0.07415 (ms)
2026-07-14 00:15:11,507 [INFO] Pass: ElidePermutations - 0.00477 (ms)
2026-07-14 00:15:11,507 [INFO] Pass: RemoveDiagonalGatesBeforeMeasure - 0.00691 (ms)
2026-07-14 00:15:11,507 [INFO] Pass: UnitarySynthesis - 0.00477 (ms)
2026-07-14 00:15:11,507 [INFO] Pass: BasisTranslator - 0.05293 (ms)
2026-07-14 00:15:11,507 [INFO] Pass: RemoveDiagonalGatesBeforeMeasure - 0.00620 (ms)
2026-07-14 00:15:11,507 [INFO] Pass: Optimize1qGatesDecomposition - 0.18024 (ms)
2026-07-14 00:15:11,507 [INFO] Pass: RemoveIdentityEquivalent - 0.00787 (ms)
2026-07-14 00:15:11,507 [INFO] Pass: ElidePermutations - 0.00405 (ms)
2026-07-14 00:15:11,507 [INFO] Pass: ContainsInstruction - 0.01025 (ms)
2026-07-14 00:15:11,507 [INFO] Pass: RemoveIdentityEquivalent - 0.00739 (ms)
2026-07-14 00:15:11,507 [INFO] Pass: RemoveDiagonalGatesBeforeMeasure - 0.00644 (ms)
2026-07-14 00:15:11,507 [INFO] Pass: Depth - 0.03695 (ms)
2026-07-14 00:15:11,507 [INFO] Pass: ContainsInstruction - 0.01073 (ms)
2026-07-14 00:15:11,507 [INFO] Pass: InverseCancellation - 0.03242 (ms)
2026-07-14 00:15:11,507 [INFO] Pass: UnitarySynthesis - 0.00787 (ms)
2026-07-14 00:15:11,507 [INFO] Pass: FixedPoint - 0.00501 (ms)
2026-07-14 00:15:11,507 [INFO] Pass: RemoveIdentityEquivalent - 0.00691 (ms)
2026-07-14 00:15:11,507 [INFO] Pass: InverseCancellation - 0.03147 (ms)
2026-07-14 00:15:11,507 [INFO] Pass: ContractIdleWiresInControlFlow - 0.00238 (ms)
2026-07-14 00:15:11,507 [INFO] Pass: Size - 0.00310 (ms)
2026-07-14 00:15:11,507 [INFO] Pass: HighLevelSynthesis - 0.00477 (ms)
2026-07-14 00:15:11,507 [INFO] Pass: UnitarySynthesis - 0.00715 (ms)
2026-07-14 00:15:11,507 [INFO] Pass: ContractIdleWiresInControlFlow - 0.00238 (ms)
2026-07-14 00:15:11,507 [INFO] Pass: FixedPoint - 0.00310 (ms)
2026-07-14 00:15:11,507 [INFO] Pass: InverseCancellation - 0.03147 (ms)
2026-07-14 00:15:11,507 [INFO] Pass: HighLevelSynthesis - 0.00501 (ms)
2026-07-14 00:15:11,507 [INFO] Pass: RemoveIdentityEquivalent - 0.00644 (ms)
2026-07-14 00:15:11,507 [INFO] Pass: ContractIdleWiresInControlFlow - 0.00238 (ms)
2026-07-14 00:15:11,507 [INFO] Pass: CommutativeCancellation - 0.13280 (ms)
2026-07-14 00:15:11,507 [INFO] Pass: BasisTranslator - 0.05436 (ms)
2026-07-14 00:15:11,507 [INFO] Pass: ContractIdleWiresInControlFlow - 0.00215 (ms)
2026-07-14 00:15:11,507 [INFO] Pass: ElidePermutations - 0.00429 (ms)
2026-07-14 00:15:11,507 [INFO] Pass: BasisTranslator - 0.05412 (ms)
2026-07-14 00:15:11,507 [INFO] Pass: CommutativeCancellation - 0.12136 (ms)
2026-07-14 00:15:11,507 [INFO] Pass: RemoveDiagonalGatesBeforeMeasure - 0.00596 (ms)
2026-07-14 00:15:11,507 [INFO] Pass: ElidePermutations - 0.00429 (ms)
2026-07-14 00:15:11,507 [INFO] Pass: CommutativeCancellation - 0.12279 (ms)
2026-07-14 00:15:11,507 [INFO] Pass: GatesInBasis - 0.05245 (ms)
2026-07-14 00:15:11,507 [INFO] Pass: RemoveIdentityEquivalent - 0.00763 (ms)
2026-07-14 00:15:11,507 [INFO] Pass: RemoveDiagonalGatesBeforeMeasure - 0.00668 (ms)
2026-07-14 00:15:11,507 [INFO] Pass: RemoveIdentityEquivalent - 0.00739 (ms)
2026-07-14 00:15:11,507 [INFO] Pass: CommutativeCancellation - 0.12207 (ms)
2026-07-14 00:15:11,507 [INFO] Pass: ConsolidateBlocks - 0.05746 (ms)
2026-07-14 00:15:11,507 [INFO] Pass: InverseCancellation - 0.03195 (ms)
2026-07-14 00:15:11,507 [INFO] Pass: Depth - 0.03600 (ms)
2026-07-14 00:15:11,507 [INFO] Pass: ConsolidateBlocks - 0.05722 (ms)
2026-07-14 00:15:11,507 [INFO] Pass: Optimize1qGatesDecomposition - 0.16451 (ms)
2026-07-14 00:15:11,507 [INFO] Pass: ContainsInstruction - 0.01001 (ms)
2026-07-14 00:15:11,507 [INFO] Pass: Split2QUnitaries - 0.00262 (ms)
2026-07-14 00:15:11,507 [INFO] Pass: ContractIdleWiresInControlFlow - 0.00238 (ms)
2026-07-14 00:15:11,507 [INFO] Pass: FixedPoint - 0.00405 (ms)
2026-07-14 00:15:11,507 [INFO] Pass: InverseCancellation - 0.03028 (ms)
2026-07-14 00:15:11,507 [INFO] Pass: Split2QUnitaries - 0.00238 (ms)
2026-07-14 00:15:11,507 [INFO] Pass: Size - 0.00238 (ms)
2026-07-14 00:15:11,507 [INFO] Pass: UnitarySynthesis - 0.00978 (ms)
2026-07-14 00:15:11,507 [INFO] Pass: ContractIdleWiresInControlFlow - 0.00215 (ms)
2026-07-14 00:15:11,507 [INFO] Pass: UnitarySynthesis - 0.00715 (ms)
2026-07-14 00:15:11,507 [INFO] Pass: ConsolidateBlocks - 0.05865 (ms)
2026-07-14 00:15:11,507 [INFO] Pass: UnitarySynthesis - 0.00930 (ms)
2026-07-14 00:15:11,507 [INFO] Pass: FixedPoint - 0.00381 (ms)
2026-07-14 00:15:11,507 [INFO] Pass: Split2QUnitaries - 0.00310 (ms)
2026-07-14 00:15:11,507 [INFO] Pass: HighLevelSynthesis - 0.00453 (ms)
2026-07-14 00:15:11,507 [INFO] Pass: RemoveIdentityEquivalent - 0.00644 (ms)
2026-07-14 00:15:11,507 [INFO] Pass: UnitarySynthesis - 0.01001 (ms)
2026-07-14 00:15:11,507 [INFO] Pass: HighLevelSynthesis - 0.06390 (ms)
2026-07-14 00:15:11,507 [INFO] Pass: HighLevelSynthesis - 0.06318 (ms)
2026-07-14 00:15:11,507 [INFO] Pass: CommutativeCancellation - 0.12136 (ms)
2026-07-14 00:15:11,507 [INFO] Pass: CommutativeCancellation - 0.13256 (ms)
2026-07-14 00:15:11,507 [INFO] Pass: BasisTranslator - 0.05293 (ms)
2026-07-14 00:15:11,507 [INFO] Pass: CommutativeCancellation - 0.12064 (ms)
2026-07-14 00:15:11,507 [INFO] Pass: ContractIdleWiresInControlFlow - 0.00238 (ms)
2026-07-14 00:15:11,507 [INFO] Pass: ElidePermutations - 0.00453 (ms)
2026-07-14 00:15:11,507 [INFO] Pass: HighLevelSynthesis - 0.06509 (ms)
2026-07-14 00:15:11,507 [INFO] Pass: RemoveDiagonalGatesBeforeMeasure - 0.00644 (ms)
2026-07-14 00:15:11,508 [INFO] Pass: ConsolidateBlocks - 0.05627 (ms)
2026-07-14 00:15:11,508 [INFO] Pass: BasisTranslator - 0.09799 (ms)
2026-07-14 00:15:11,508 [INFO] Pass: RemoveIdentityEquivalent - 0.00715 (ms)
2026-07-14 00:15:11,508 [INFO] Pass: BasisTranslator - 0.09775 (ms)
2026-07-14 00:15:11,508 [INFO] Pass: Optimize1qGatesDecomposition - 0.14400 (ms)
2026-07-14 00:15:11,508 [INFO] Pass: GatesInBasis - 0.05150 (ms)
2026-07-14 00:15:11,508 [INFO] Pass: Split2QUnitaries - 0.00310 (ms)
2026-07-14 00:15:11,508 [INFO] Pass: ConsolidateBlocks - 0.05722 (ms)
2026-07-14 00:15:11,508 [INFO] Pass: Split2QUnitaries - 0.00286 (ms)
2026-07-14 00:15:11,508 [INFO] Pass: UnitarySynthesis - 0.00954 (ms)
2026-07-14 00:15:11,508 [INFO] Pass: InverseCancellation - 0.03219 (ms)
2026-07-14 00:15:11,508 [INFO] Pass: Depth - 0.03624 (ms)
2026-07-14 00:15:11,508 [INFO] Pass: BasisTranslator - 0.09847 (ms)
2026-07-14 00:15:11,508 [INFO] Pass: UnitarySynthesis - 0.00882 (ms)
2026-07-14 00:15:11,508 [INFO] Pass: ConsolidateBlocks - 0.06747 (ms)
2026-07-14 00:15:11,508 [INFO] Pass: ContractIdleWiresInControlFlow - 0.00215 (ms)
2026-07-14 00:15:11,508 [INFO] Pass: FixedPoint - 0.00381 (ms)
2026-07-14 00:15:11,508 [INFO] Pass: ConsolidateBlocks - 0.06652 (ms)
2026-07-14 00:15:11,508 [INFO] Pass: UnitarySynthesis - 0.00453 (ms)
2026-07-14 00:15:11,508 [INFO] Pass: Size - 0.00238 (ms)
2026-07-14 00:15:11,508 [INFO] Pass: UnitarySynthesis - 0.00477 (ms)
2026-07-14 00:15:11,508 [INFO] Pass: HighLevelSynthesis - 0.06580 (ms)
2026-07-14 00:15:11,508 [INFO] Pass: FixedPoint - 0.00358 (ms)
2026-07-14 00:15:11,508 [INFO] Pass: HighLevelSynthesis - 0.06342 (ms)
2026-07-14 00:15:11,508 [INFO] Pass: ConsolidateBlocks - 0.06843 (ms)
2026-07-14 00:15:11,508 [INFO] Pass: RemoveIdentityEquivalent - 0.00620 (ms)
2026-07-14 00:15:11,508 [INFO] Pass: Depth - 0.03719 (ms)
2026-07-14 00:15:11,508 [INFO] Pass: CommutativeCancellation - 0.13208 (ms)
2026-07-14 00:15:11,508 [INFO] Pass: Depth - 0.03791 (ms)
2026-07-14 00:15:11,508 [INFO] Pass: UnitarySynthesis - 0.00501 (ms)
2026-07-14 00:15:11,508 [INFO] Pass: ContractIdleWiresInControlFlow - 0.00215 (ms)
2026-07-14 00:15:11,508 [INFO] Pass: FixedPoint - 0.00501 (ms)
2026-07-14 00:15:11,508 [INFO] Pass: FixedPoint - 0.00453 (ms)
2026-07-14 00:15:11,508 [INFO] Pass: Size - 0.00310 (ms)
2026-07-14 00:15:11,508 [INFO] Pass: CommutativeCancellation - 0.12183 (ms)
2026-07-14 00:15:11,508 [INFO] Pass: Size - 0.00310 (ms)
2026-07-14 00:15:11,508 [INFO] Pass: FixedPoint - 0.00334 (ms)
2026-07-14 00:15:11,508 [INFO] Pass: BasisTranslator - 0.09918 (ms)
2026-07-14 00:15:11,508 [INFO] Pass: Depth - 0.03648 (ms)
2026-07-14 00:15:11,508 [INFO] Pass: FixedPoint - 0.00310 (ms)
2026-07-14 00:15:11,508 [INFO] Pass: GatesInBasis - 0.05150 (ms)
2026-07-14 00:15:11,508 [INFO] Pass: RemoveIdentityEquivalent - 0.00644 (ms)
2026-07-14 00:15:11,508 [INFO] Pass: BasisTranslator - 0.09918 (ms)
2026-07-14 00:15:11,508 [INFO] Pass: FixedPoint - 0.00548 (ms)
2026-07-14 00:15:11,508 [INFO] Pass: RemoveIdentityEquivalent - 0.00620 (ms)
2026-07-14 00:15:11,508 [INFO] Pass: Size - 0.00286 (ms)
2026-07-14 00:15:11,508 [INFO] Pass: ConsolidateBlocks - 0.05770 (ms)
2026-07-14 00:15:11,508 [INFO] Pass: Depth - 0.04339 (ms)
2026-07-14 00:15:11,508 [INFO] Pass: FixedPoint - 0.00310 (ms)
2026-07-14 00:15:11,508 [INFO] Pass: Optimize1qGatesDecomposition - 0.14830 (ms)
2026-07-14 00:15:11,508 [INFO] Pass: Split2QUnitaries - 0.00310 (ms)
2026-07-14 00:15:11,508 [INFO] Pass: ConsolidateBlocks - 0.07272 (ms)
2026-07-14 00:15:11,508 [INFO] Pass: FixedPoint - 0.00381 (ms)
2026-07-14 00:15:11,508 [INFO] Pass: RemoveIdentityEquivalent - 0.00620 (ms)
2026-07-14 00:15:11,508 [INFO] Pass: UnitarySynthesis - 0.00954 (ms)
2026-07-14 00:15:11,508 [INFO] Pass: Size - 0.00238 (ms)
2026-07-14 00:15:11,508 [INFO] Pass: UnitarySynthesis - 0.00429 (ms)
2026-07-14 00:15:11,508 [INFO] Pass: ConsolidateBlocks - 0.07582 (ms)
2026-07-14 00:15:11,508 [INFO] Pass: FixedPoint - 0.00286 (ms)
2026-07-14 00:15:11,508 [INFO] Pass: UnitarySynthesis - 0.00477 (ms)
2026-07-14 00:15:11,508 [INFO] Pass: ContainsInstruction - 0.00548 (ms)
2026-07-14 00:15:11,508 [INFO] Pass: Depth - 0.03743 (ms)
2026-07-14 00:15:11,508 [INFO] Pass: HighLevelSynthesis - 0.06294 (ms)
2026-07-14 00:15:11,508 [INFO] Pass: FixedPoint - 0.00477 (ms)
2026-07-14 00:15:11,508 [INFO] Pass: Depth - 0.03672 (ms)
2026-07-14 00:15:11,508 [INFO] Pass: Optimize1qGatesDecomposition - 0.17476 (ms)
2026-07-14 00:15:11,508 [INFO] Pass: Optimize1qGatesDecomposition - 0.17333 (ms)
2026-07-14 00:15:11,508 [INFO] Pass: Size - 0.00286 (ms)
2026-07-14 00:15:11,508 [INFO] Pass: CommutativeCancellation - 0.12827 (ms)
2026-07-14 00:15:11,508 [INFO] Pass: FixedPoint - 0.00477 (ms)
2026-07-14 00:15:11,508 [INFO] Pass: FixedPoint - 0.00262 (ms)
2026-07-14 00:15:11,508 [INFO] Pass: ContainsInstruction - 0.01073 (ms)
2026-07-14 00:15:11,508 [INFO] Pass: Size - 0.00310 (ms)
2026-07-14 00:15:11,508 [INFO] Pass: ContractIdleWiresInControlFlow - 0.00215 (ms)
2026-07-14 00:15:11,508 [INFO] Pass: FixedPoint - 0.00310 (ms)
2026-07-14 00:15:11,508 [INFO] Pass: RemoveIdentityEquivalent - 0.00596 (ms)
2026-07-14 00:15:11,508 [INFO] Pass: Optimize1qGatesDecomposition - 0.16642 (ms)
2026-07-14 00:15:11,508 [INFO] Pass: UnitarySynthesis - 0.00715 (ms)
2026-07-14 00:15:11,508 [INFO] Pass: RemoveIdentityEquivalent - 0.00620 (ms)
2026-07-14 00:15:11,508 [INFO] Pass: BasisTranslator - 0.09680 (ms)
2026-07-14 00:15:11,508 [INFO] Pass: GatesInBasis - 0.05198 (ms)
2026-07-14 00:15:11,508 [INFO] Pass: HighLevelSynthesis - 0.00477 (ms)
2026-07-14 00:15:11,508 [INFO] Pass: CommutativeCancellation - 0.13089 (ms)
2026-07-14 00:15:11,508 [INFO] Pass: CommutativeCancellation - 0.13351 (ms)
2026-07-14 00:15:11,508 [INFO] Pass: Depth - 0.03552 (ms)
2026-07-14 00:15:11,508 [INFO] Pass: ContractIdleWiresInControlFlow - 0.00191 (ms)
2026-07-14 00:15:11,508 [INFO] Pass: ConsolidateBlocks - 0.06843 (ms)
2026-07-14 00:15:11,508 [INFO] Pass: FixedPoint - 0.00358 (ms)
2026-07-14 00:15:11,508 [INFO] Pass: ContractIdleWiresInControlFlow - 0.00238 (ms)
2026-07-14 00:15:11,508 [INFO] Pass: BasisTranslator - 0.05412 (ms)
2026-07-14 00:15:11,508 [INFO] Pass: Size - 0.00238 (ms)
2026-07-14 00:15:11,508 [INFO] Pass: UnitarySynthesis - 0.00453 (ms)
2026-07-14 00:15:11,508 [INFO] Pass: ElidePermutations - 0.00429 (ms)
2026-07-14 00:15:11,508 [INFO] Pass: CommutativeCancellation - 0.13113 (ms)
2026-07-14 00:15:11,508 [INFO] Pass: FixedPoint - 0.00334 (ms)
2026-07-14 00:15:11,508 [INFO] Pass: GatesInBasis - 0.05245 (ms)
2026-07-14 00:15:11,508 [INFO] Pass: RemoveDiagonalGatesBeforeMeasure - 0.00644 (ms)
2026-07-14 00:15:11,508 [INFO] Pass: Optimize1qGatesDecomposition - 0.16880 (ms)
2026-07-14 00:15:11,508 [INFO] Pass: ContractIdleWiresInControlFlow - 0.00191 (ms)
2026-07-14 00:15:11,508 [INFO] Pass: ContainsInstruction - 0.00525 (ms)
2026-07-14 00:15:11,508 [INFO] Pass: GatesInBasis - 0.05436 (ms)
2026-07-14 00:15:11,508 [INFO] Pass: Depth - 0.03815 (ms)
2026-07-14 00:15:11,508 [INFO] Pass: Optimize1qGatesDecomposition - 0.16952 (ms)
2026-07-14 00:15:11,508 [INFO] Pass: RemoveIdentityEquivalent - 0.00739 (ms)
2026-07-14 00:15:11,508 [INFO] Pass: FixedPoint - 0.00477 (ms)
2026-07-14 00:15:11,508 [INFO] Pass: Depth - 0.03648 (ms)
2026-07-14 00:15:11,508 [INFO] Pass: Size - 0.00286 (ms)
2026-07-14 00:15:11,508 [INFO] Pass: FixedPoint - 0.00381 (ms)
2026-07-14 00:15:11,508 [INFO] Pass: GatesInBasis - 0.05269 (ms)
2026-07-14 00:15:11,508 [INFO] Pass: Depth - 0.03767 (ms)
2026-07-14 00:15:11,508 [INFO] Pass: InverseCancellation - 0.03171 (ms)
2026-07-14 00:15:11,508 [INFO] Pass: FixedPoint - 0.00310 (ms)
2026-07-14 00:15:11,508 [INFO] Pass: Size - 0.00238 (ms)
2026-07-14 00:15:11,508 [INFO] Pass: FixedPoint - 0.00381 (ms)
2026-07-14 00:15:11,508 [INFO] Pass: ContractIdleWiresInControlFlow - 0.00238 (ms)
2026-07-14 00:15:11,508 [INFO] Pass: FixedPoint - 0.00358 (ms)
2026-07-14 00:15:11,508 [INFO] Pass: RemoveIdentityEquivalent - 0.00691 (ms)
2026-07-14 00:15:11,508 [INFO] Pass: Size - 0.00215 (ms)
2026-07-14 00:15:11,508 [INFO] Pass: Depth - 0.03576 (ms)
2026-07-14 00:15:11,508 [INFO] Pass: FixedPoint - 0.00358 (ms)
2026-07-14 00:15:11,508 [INFO] Pass: RemoveIdentityEquivalent - 0.00620 (ms)
2026-07-14 00:15:11,508 [INFO] Total Transpile Time - 89.28084 (ms)
2026-07-14 00:15:11,508 [INFO] Pass: FixedPoint - 0.00381 (ms)
2026-07-14 00:15:11,508 [INFO] Pass: CommutativeCancellation - 0.13256 (ms)
2026-07-14 00:15:11,508 [INFO] Pass: RemoveIdentityEquivalent - 0.00620 (ms)
2026-07-14 00:15:11,508 [INFO] Pass: Size - 0.00262 (ms)
2026-07-14 00:15:11,508 [INFO] Pass: ContractIdleWiresInControlFlow - 0.00238 (ms)
2026-07-14 00:15:11,508 [INFO] Pass: CommutativeCancellation - 0.13375 (ms)
2026-07-14 00:15:11,508 [INFO] Pass: FixedPoint - 0.00381 (ms)
2026-07-14 00:15:11,509 [INFO] Pass: ContractIdleWiresInControlFlow - 0.00191 (ms)
2026-07-14 00:15:11,509 [INFO] Pass: RemoveIdentityEquivalent - 0.00596 (ms)
2026-07-14 00:15:11,509 [INFO] Pass: CommutativeCancellation - 0.12374 (ms)
2026-07-14 00:15:11,509 [INFO] Pass: GatesInBasis - 0.05269 (ms)
2026-07-14 00:15:11,509 [INFO] Pass: GatesInBasis - 0.05412 (ms)
2026-07-14 00:15:11,509 [INFO] Pass: Optimize1qGatesDecomposition - 0.16809 (ms)
2026-07-14 00:15:11,509 [INFO] Pass: Optimize1qGatesDecomposition - 0.14567 (ms)
2026-07-14 00:15:11,509 [INFO] Pass: Depth - 0.03719 (ms)
2026-07-14 00:15:11,509 [INFO] Pass: ConsolidateBlocks - 0.05794 (ms)
2026-07-14 00:15:11,509 [INFO] Pass: ContainsInstruction - 0.01001 (ms)
2026-07-14 00:15:11,509 [INFO] Pass: Optimize1qGatesDecomposition - 0.14734 (ms)
2026-07-14 00:15:11,509 [INFO] Pass: FixedPoint - 0.00381 (ms)
2026-07-14 00:15:11,509 [INFO] Pass: Depth - 0.03695 (ms)
2026-07-14 00:15:11,509 [INFO] Pass: Split2QUnitaries - 0.00286 (ms)
2026-07-14 00:15:11,509 [INFO] Pass: Size - 0.00238 (ms)
2026-07-14 00:15:11,509 [INFO] Pass: FixedPoint - 0.00381 (ms)
2026-07-14 00:15:11,509 [INFO] Pass: FixedPoint - 0.00358 (ms)
2026-07-14 00:15:11,509 [INFO] Pass: UnitarySynthesis - 0.00930 (ms)
2026-07-14 00:15:11,509 [INFO] Pass: UnitarySynthesis - 0.00739 (ms)
2026-07-14 00:15:11,509 [INFO] Pass: Optimize1qGatesDecomposition - 0.14424 (ms)
2026-07-14 00:15:11,509 [INFO] Pass: Size - 0.00262 (ms)
2026-07-14 00:15:11,509 [INFO] Pass: RemoveIdentityEquivalent - 0.00596 (ms)
2026-07-14 00:15:11,509 [INFO] Pass: FixedPoint - 0.00405 (ms)
2026-07-14 00:15:11,509 [INFO] Pass: HighLevelSynthesis - 0.00453 (ms)
2026-07-14 00:15:11,509 [INFO] Pass: RemoveIdentityEquivalent - 0.00620 (ms)
2026-07-14 00:15:11,509 [INFO] Pass: CommutativeCancellation - 0.12875 (ms)
2026-07-14 00:15:11,509 [INFO] Total Transpile Time - 89.76102 (ms)
2026-07-14 00:15:11,509 [INFO] Pass: CommutativeCancellation - 0.13399 (ms)
2026-07-14 00:15:11,509 [INFO] Pass: HighLevelSynthesis - 0.06437 (ms)
2026-07-14 00:15:11,509 [INFO] Pass: ContractIdleWiresInControlFlow - 0.00167 (ms)
2026-07-14 00:15:11,509 [INFO] Pass: ContractIdleWiresInControlFlow - 0.00215 (ms)
2026-07-14 00:15:11,509 [INFO] Pass: CommutativeCancellation - 0.12946 (ms)
2026-07-14 00:15:11,509 [INFO] Pass: BasisTranslator - 0.05317 (ms)
2026-07-14 00:15:11,509 [INFO] Pass: ContractIdleWiresInControlFlow - 0.00215 (ms)
2026-07-14 00:15:11,509 [INFO] Pass: ElidePermutations - 0.00381 (ms)
2026-07-14 00:15:11,509 [INFO] Pass: CommutativeCancellation - 0.13185 (ms)
2026-07-14 00:15:11,509 [INFO] Pass: RemoveDiagonalGatesBeforeMeasure - 0.00644 (ms)
2026-07-14 00:15:11,509 [INFO] Pass: GatesInBasis - 0.05674 (ms)
2026-07-14 00:15:11,509 [INFO] Pass: GatesInBasis - 0.05746 (ms)
2026-07-14 00:15:11,509 [INFO] Pass: ContractIdleWiresInControlFlow - 0.00191 (ms)
2026-07-14 00:15:11,509 [INFO] Pass: Optimize1qGatesDecomposition - 0.15187 (ms)
2026-07-14 00:15:11,509 [INFO] Pass: RemoveIdentityEquivalent - 0.00834 (ms)
2026-07-14 00:15:11,509 [INFO] Pass: BasisTranslator - 0.10490 (ms)
2026-07-14 00:15:11,509 [INFO] Pass: GatesInBasis - 0.05317 (ms)
2026-07-14 00:15:11,509 [INFO] Pass: Optimize1qGatesDecomposition - 0.14973 (ms)
2026-07-14 00:15:11,509 [INFO] Pass: Depth - 0.03552 (ms)
2026-07-14 00:15:11,509 [INFO] Pass: Depth - 0.03600 (ms)
2026-07-14 00:15:11,509 [INFO] Pass: FixedPoint - 0.00334 (ms)
2026-07-14 00:15:11,509 [INFO] Pass: InverseCancellation - 0.03099 (ms)
2026-07-14 00:15:11,509 [INFO] Pass: GatesInBasis - 0.05198 (ms)
2026-07-14 00:15:11,509 [INFO] Pass: FixedPoint - 0.00381 (ms)
2026-07-14 00:15:11,509 [INFO] Pass: Depth - 0.03624 (ms)
2026-07-14 00:15:11,509 [INFO] Pass: Size - 0.00238 (ms)
2026-07-14 00:15:11,509 [INFO] Pass: ContractIdleWiresInControlFlow - 0.00238 (ms)
2026-07-14 00:15:11,509 [INFO] Pass: Size - 0.00238 (ms)
2026-07-14 00:15:11,509 [INFO] Pass: FixedPoint - 0.00358 (ms)
2026-07-14 00:15:11,509 [INFO] Pass: FixedPoint - 0.00262 (ms)
2026-07-14 00:15:11,509 [INFO] Pass: ConsolidateBlocks - 0.06723 (ms)
2026-07-14 00:15:11,509 [INFO] Pass: FixedPoint - 0.00381 (ms)
2026-07-14 00:15:11,509 [INFO] Pass: Size - 0.00215 (ms)
2026-07-14 00:15:11,509 [INFO] Pass: Depth - 0.03529 (ms)
2026-07-14 00:15:11,509 [INFO] Pass: ContainsInstruction - 0.00501 (ms)
2026-07-14 00:15:11,509 [INFO] Pass: UnitarySynthesis - 0.00477 (ms)
2026-07-14 00:15:11,509 [INFO] Pass: FixedPoint - 0.00310 (ms)
2026-07-14 00:15:11,509 [INFO] Pass: FixedPoint - 0.00358 (ms)
2026-07-14 00:15:11,509 [INFO] Pass: RemoveIdentityEquivalent - 0.00620 (ms)
2026-07-14 00:15:11,509 [INFO] Pass: CommutativeCancellation - 0.12851 (ms)
2026-07-14 00:15:11,509 [INFO] Pass: Size - 0.00215 (ms)
2026-07-14 00:15:11,509 [INFO] Pass: ContainsInstruction - 0.00548 (ms)
2026-07-14 00:15:11,509 [INFO] Pass: ContractIdleWiresInControlFlow - 0.00167 (ms)
2026-07-14 00:15:11,509 [INFO] Pass: FixedPoint - 0.00310 (ms)
2026-07-14 00:15:11,509 [INFO] Pass: Depth - 0.03695 (ms)
2026-07-14 00:15:11,509 [INFO] Pass: CommutativeCancellation - 0.13041 (ms)
2026-07-14 00:15:11,509 [INFO] Pass: FixedPoint - 0.00477 (ms)
2026-07-14 00:15:11,509 [INFO] Pass: ContainsInstruction - 0.00548 (ms)
2026-07-14 00:15:11,509 [INFO] Pass: ContractIdleWiresInControlFlow - 0.00191 (ms)
2026-07-14 00:15:11,509 [INFO] Pass: CommutativeCancellation - 0.12159 (ms)
2026-07-14 00:15:11,509 [INFO] Pass: Size - 0.00286 (ms)
2026-07-14 00:15:11,509 [INFO] Pass: GatesInBasis - 0.05078 (ms)
2026-07-14 00:15:11,509 [INFO] Pass: FixedPoint - 0.00310 (ms)
2026-07-14 00:15:11,509 [INFO] Pass: RemoveIdentityEquivalent - 0.00644 (ms)
2026-07-14 00:15:11,509 [INFO] Pass: GatesInBasis - 0.05221 (ms)
2026-07-14 00:15:11,509 [INFO] Pass: Depth - 0.03529 (ms)
2026-07-14 00:15:11,509 [INFO] Pass: Optimize1qGatesDecomposition - 0.14234 (ms)
2026-07-14 00:15:11,509 [INFO] Pass: ConsolidateBlocks - 0.05889 (ms)
2026-07-14 00:15:11,509 [INFO] Pass: FixedPoint - 0.00358 (ms)
2026-07-14 00:15:11,509 [INFO] Pass: Split2QUnitaries - 0.00238 (ms)
2026-07-14 00:15:11,509 [INFO] Pass: Depth - 0.03600 (ms)
2026-07-14 00:15:11,509 [INFO] Pass: Size - 0.00191 (ms)
2026-07-14 00:15:11,509 [INFO] Pass: UnitarySynthesis - 0.00954 (ms)
2026-07-14 00:15:11,509 [INFO] Pass: FixedPoint - 0.00310 (ms)
2026-07-14 00:15:11,509 [INFO] Pass: FixedPoint - 0.00358 (ms)
2026-07-14 00:15:11,509 [INFO] Pass: Size - 0.00215 (ms)
2026-07-14 00:15:11,509 [INFO] Pass: ContainsInstruction - 0.00548 (ms)
2026-07-14 00:15:11,509 [INFO] Pass: FixedPoint - 0.00334 (ms)
2026-07-14 00:15:11,509 [INFO] Pass: ContainsInstruction - 0.00548 (ms)
2026-07-14 00:15:11,509 [INFO] Pass: HighLevelSynthesis - 0.06485 (ms)
2026-07-14 00:15:11,509 [INFO] Pass: CommutativeCancellation - 0.12875 (ms)
2026-07-14 00:15:11,509 [INFO] Pass: Optimize1qGatesDecomposition - 0.16618 (ms)
2026-07-14 00:15:11,509 [INFO] Pass: ContractIdleWiresInControlFlow - 0.00215 (ms)
2026-07-14 00:15:11,509 [INFO] Pass: GatesInBasis - 0.05174 (ms)
2026-07-14 00:15:11,509 [INFO] Pass: BasisTranslator - 0.09871 (ms)
2026-07-14 00:15:11,510 [INFO] Total Transpile Time - 89.90550 (ms)
2026-07-14 00:15:11,510 [INFO] Total Transpile Time - 90.24000 (ms)
2026-07-14 00:15:11,510 [INFO] Pass: Depth - 0.03695 (ms)
2026-07-14 00:15:11,510 [INFO] Pass: CommutativeCancellation - 0.13566 (ms)
2026-07-14 00:15:11,510 [INFO] Pass: FixedPoint - 0.00358 (ms)
2026-07-14 00:15:11,510 [INFO] Pass: ConsolidateBlocks - 0.06723 (ms)
2026-07-14 00:15:11,510 [INFO] Pass: Size - 0.00191 (ms)
2026-07-14 00:15:11,510 [INFO] Pass: ContractIdleWiresInControlFlow - 0.00238 (ms)
2026-07-14 00:15:11,510 [INFO] Total Transpile Time - 90.24978 (ms)
2026-07-14 00:15:11,510 [INFO] Pass: FixedPoint - 0.00310 (ms)
2026-07-14 00:15:11,510 [INFO] Pass: UnitarySynthesis - 0.00453 (ms)
2026-07-14 00:15:11,510 [INFO] Pass: ContainsInstruction - 0.00525 (ms)
2026-07-14 00:15:11,510 [INFO] Pass: GatesInBasis - 0.05293 (ms)
2026-07-14 00:15:11,510 [INFO] Pass: Depth - 0.03743 (ms)
2026-07-14 00:15:11,510 [INFO] Pass: FixedPoint - 0.00525 (ms)
2026-07-14 00:15:11,510 [INFO] Pass: Size - 0.00310 (ms)
2026-07-14 00:15:11,510 [INFO] Pass: Depth - 0.03862 (ms)
2026-07-14 00:15:11,510 [INFO] Pass: FixedPoint - 0.00262 (ms)
2026-07-14 00:15:11,510 [INFO] Pass: FixedPoint - 0.00381 (ms)
2026-07-14 00:15:11,510 [INFO] Pass: RemoveIdentityEquivalent - 0.00596 (ms)
2026-07-14 00:15:11,510 [INFO] Total Transpile Time - 90.03973 (ms)
2026-07-14 00:15:11,510 [INFO] Pass: Size - 0.00262 (ms)
2026-07-14 00:15:11,510 [INFO] Pass: FixedPoint - 0.00334 (ms)
2026-07-14 00:15:11,510 [INFO] Total Transpile Time - 89.98847 (ms)
2026-07-14 00:15:11,510 [INFO] Pass: RemoveIdentityEquivalent - 0.00620 (ms)
2026-07-14 00:15:11,510 [INFO] Pass: Optimize1qGatesDecomposition - 0.17262 (ms)
2026-07-14 00:15:11,510 [INFO] Pass: Optimize1qGatesDecomposition - 0.14663 (ms)
2026-07-14 00:15:11,510 [INFO] Total Transpile Time - 90.53469 (ms)
2026-07-14 00:15:11,510 [INFO] Pass: CommutativeCancellation - 0.13351 (ms)
2026-07-14 00:15:11,510 [INFO] Pass: ContractIdleWiresInControlFlow - 0.00191 (ms)
2026-07-14 00:15:11,510 [INFO] Pass: CommutativeCancellation - 0.12875 (ms)
2026-07-14 00:15:11,510 [INFO] Pass: ContractIdleWiresInControlFlow - 0.00215 (ms)
2026-07-14 00:15:11,510 [INFO] Pass: GatesInBasis - 0.05341 (ms)
2026-07-14 00:15:11,510 [INFO] Pass: GatesInBasis - 0.05126 (ms)
2026-07-14 00:15:11,510 [INFO] Pass: Depth - 0.03552 (ms)
2026-07-14 00:15:11,510 [INFO] Pass: FixedPoint - 0.00381 (ms)
2026-07-14 00:15:11,510 [INFO] Pass: Depth - 0.03552 (ms)
2026-07-14 00:15:11,510 [INFO] Pass: Size - 0.00262 (ms)
2026-07-14 00:15:11,510 [INFO] Pass: FixedPoint - 0.00334 (ms)
2026-07-14 00:15:11,510 [INFO] Pass: FixedPoint - 0.00358 (ms)
2026-07-14 00:15:11,510 [INFO] Pass: Size - 0.00238 (ms)
2026-07-14 00:15:11,510 [INFO] Pass: RemoveIdentityEquivalent - 0.00620 (ms)
2026-07-14 00:15:11,510 [INFO] Pass: FixedPoint - 0.00310 (ms)
2026-07-14 00:15:11,510 [INFO] Pass: ContainsInstruction - 0.00548 (ms)
2026-07-14 00:15:11,511 [INFO] Pass: Optimize1qGatesDecomposition - 0.14281 (ms)
2026-07-14 00:15:11,511 [INFO] Pass: CommutativeCancellation - 0.12732 (ms)
2026-07-14 00:15:11,511 [INFO] Pass: ContractIdleWiresInControlFlow - 0.00215 (ms)
2026-07-14 00:15:11,511 [INFO] Pass: GatesInBasis - 0.05698 (ms)
2026-07-14 00:15:11,511 [INFO] Pass: Depth - 0.03576 (ms)
2026-07-14 00:15:11,511 [INFO] Pass: FixedPoint - 0.00334 (ms)
2026-07-14 00:15:11,511 [INFO] Total Transpile Time - 90.77930 (ms)
2026-07-14 00:15:11,511 [INFO] Pass: Size - 0.00191 (ms)
2026-07-14 00:15:11,511 [INFO] Pass: FixedPoint - 0.00334 (ms)
2026-07-14 00:15:11,511 [INFO] Pass: ContainsInstruction - 0.00501 (ms)
2026-07-14 00:15:11,511 [INFO] Total Transpile Time - 90.44719 (ms)
2026-07-14 00:15:11,907 [INFO] [PCE] Aer metadata (1ª ejecución de este proceso): device=CPU method=statevector shots=exact fusion_enabled=True
2026-07-14 00:15:11,910 [INFO] [PCE] Aer metadata (1ª ejecución de este proceso): device=CPU method=statevector shots=exact fusion_enabled=True
2026-07-14 00:15:11,912 [INFO] [PCE] Aer metadata (1ª ejecución de este proceso): device=CPU method=statevector shots=exact fusion_enabled=True
2026-07-14 00:15:11,915 [INFO] [PCE] Aer metadata (1ª ejecución de este proceso): device=CPU method=statevector shots=exact fusion_enabled=True
2026-07-14 00:15:11,917 [INFO] [PCE] Aer metadata (1ª ejecución de este proceso): device=CPU method=statevector shots=exact fusion_enabled=True
2026-07-14 00:15:11,920 [INFO] [PCE] Aer metadata (1ª ejecución de este proceso): device=CPU method=statevector shots=exact fusion_enabled=True
2026-07-14 00:15:11,920 [INFO] [PCE] Aer metadata (1ª ejecución de este proceso): device=CPU method=statevector shots=exact fusion_enabled=True
2026-07-14 00:15:11,922 [INFO] [PCE] Aer metadata (1ª ejecución de este proceso): device=CPU method=statevector shots=exact fusion_enabled=True
2026-07-14 00:15:11,924 [INFO] [PCE] Aer metadata (1ª ejecución de este proceso): device=CPU method=statevector shots=exact fusion_enabled=True
2026-07-14 00:15:11,927 [INFO] [PCE] Aer metadata (1ª ejecución de este proceso): device=CPU method=statevector shots=exact fusion_enabled=True
Traceback (most recent call last):
  File "/mnt/netapp2/Home_FT2/home/cesga/tec_app6/Practicas_verano/qscore/Q_Score_PCE_Parallel/QMIO/run_qscore_PCE_chunk.py", line 112, in <module>
    main()
  File "/mnt/netapp2/Home_FT2/home/cesga/tec_app6/Practicas_verano/qscore/Q_Score_PCE_Parallel/QMIO/run_qscore_PCE_chunk.py", line 95, in main
    result = benchmark.execute_single_n_chunk(
             ^^^^^^^^^^^^^^^^^^^^^^^^^^^^^^^^^
  File "/mnt/netapp2/Home_FT2/home/cesga/tec_app6/Practicas_verano/qscore/Q_Score_PCE_Parallel/QMIO/qscore_PCE.py", line 1119, in execute_single_n_chunk
    cut_sizes = self._run_instances_parallel(num_nodes, instance_indices, num_workers)
                ^^^^^^^^^^^^^^^^^^^^^^^^^^^^^^^^^^^^^^^^^^^^^^^^^^^^^^^^^^^^^^^^^^^^^^
  File "/mnt/netapp2/Home_FT2/home/cesga/tec_app6/Practicas_verano/qscore/Q_Score_PCE_Parallel/QMIO/qscore_PCE.py", line 1005, in _run_instances_parallel
    idx, cut_size = future.result()
                    ^^^^^^^^^^^^^^^
  File "/opt/cesga/qmio/hpc/software/Compiler/gcccore/12.3.0/python/3.11.9/lib/python3.11/concurrent/futures/_base.py", line 449, in result
    return self.__get_result()
           ^^^^^^^^^^^^^^^^^^^
  File "/opt/cesga/qmio/hpc/software/Compiler/gcccore/12.3.0/python/3.11.9/lib/python3.11/concurrent/futures/_base.py", line 401, in __get_result
    raise self._exception
concurrent.futures.process.BrokenProcessPool: A process in the process pool was terminated abruptly while the future was running or pending.
slurmstepd-c7-5: error: Detected 1 oom_kill event in StepId=514019.batch. Some of the step tasks have been OOM Killed.
