qmio/hpc unloaded
gcccore/12.3.0 unloaded
binutils/2.40 unloaded
sqlite/3.45.3 unloaded
libffi/3.4.4 unloaded
python/3.11.9 unloaded
imkl/2023.2.0 unloaded
ninja/1.9.0 unloaded
meson/1.5.2-python-3.11.9 unloaded
meson-python/0.16.0-python-3.11.9 unloaded
cython/3.0.9-python-3.11.9 unloaded
numpy/1.26.4-python-3.11.9 unloaded
pybind11/2.13.6-python-3.11.9 unloaded
xsimd/12.1.1 unloaded
llvm/16.0.0 unloaded
gmp/6.3.0 unloaded
mpfr/4.2.1 unloaded
mpc/1.3.1 unloaded
flint/3.1.2 unloaded
symengine/0.11.2 unloaded
symengine-python/0.11.0-python-3.11.9 unloaded
spdlog/1.9.2 unloaded
pylatexenc/2.10-python-3.11.9 unloaded
libgd/2.3.3 unloaded
nasm/2.16.03 unloaded
libjpeg-turbo/3.0.2 unloaded
matplotlib/3.6.3-python-3.11.9 unloaded
pandas/2.2.2-python-3.11.9 unloaded
seaborn/0.12.2-python-3.11.9 unloaded
gcc/12.3.0 unloaded
rust/1.88.0 unloaded
pythran/0.15.0-python-3.11.9 unloaded
scipy/1.13.0-python-3.11.9 unloaded
qmio-run/0.5.1-python-3.11.9 unloaded
qiskit/2.2.3-python-3.11.9 unloaded
qmio-tools/0.2.1-python-3.11.9 unloaded
        Preparing the environment for use of the sistema software stack.
        Please rebuild modules cache: module --ignore-cache avail
     
qmio/hpc loaded
gcccore/12.3.0 loaded
binutils/2.40 loaded
sqlite/3.45.3 loaded
libffi/3.4.4 loaded
python/3.11.9 loaded

imkl/2023.2.0 loaded
ninja/1.9.0 loaded
meson/1.5.2-python-3.11.9 loaded
meson-python/0.16.0-python-3.11.9 loaded
cython/3.0.9-python-3.11.9 loaded
numpy/1.26.4-python-3.11.9 loaded
pybind11/2.13.6-python-3.11.9 loaded
xsimd/12.1.1 loaded
llvm/16.0.0 loaded
gmp/6.3.0 loaded
mpfr/4.2.1 loaded
mpc/1.3.1 loaded
flint/3.1.2 loaded
symengine/0.11.2 loaded
symengine-python/0.11.0-python-3.11.9 loaded
spdlog/1.9.2 loaded
pylatexenc/2.10-python-3.11.9 loaded
libgd/2.3.3 loaded
nasm/2.16.03 loaded
libjpeg-turbo/3.0.2 loaded
matplotlib/3.6.3-python-3.11.9 loaded
pandas/2.2.2-python-3.11.9 loaded
seaborn/0.12.2-python-3.11.9 loaded
gcc/12.3.0 loaded
rust/1.88.0 loaded
pythran/0.15.0-python-3.11.9 loaded
scipy/1.13.0-python-3.11.9 loaded
qmio-run/0.5.1-python-3.11.9 loaded
qiskit/2.2.3-python-3.11.9 loaded
qmio-tools/0.2.1-python-3.11.9 loaded
gcc/12.3.0 unloaded
rust/1.88.0 unloaded
pythran/0.15.0-python-3.11.9 unloaded
scipy/1.13.0-python-3.11.9 unloaded
qmio-run/0.5.1-python-3.11.9 unloaded
qiskit/2.2.3-python-3.11.9 unloaded
qmio-tools/0.2.1-python-3.11.9 unloaded
gcc/12.3.0 loaded
rust/1.88.0 loaded
pythran/0.15.0-python-3.11.9 loaded
scipy/1.13.0-python-3.11.9 loaded
qmio-run/0.5.1-python-3.11.9 loaded
qiskit/2.2.3-python-3.11.9 loaded
qmio-tools/0.2.1-python-3.11.9 loaded
qiskit/2.2.3-python-3.11.9 unloaded
qiskit/2.2.3-python-3.11.9 loaded
qmio-tools/0.2.1-python-3.11.9 unloaded
qmio-tools/0.2.1-python-3.11.9 loaded
2026-07-13 09:08:00,716 [INFO] [PCE] n=350 chunk 9/11: 9 instancias [8, 19, 30, 41, 52, 63, 74, 85, 96], num_workers=9, qubits=10
2026-07-13 09:08:00,716 [INFO] [PCE] n=350 paralelizando 9 instancias entre 9 workers (3 hilos/worker, 32 hilos totales disponibles)
2026-07-13 09:08:01,003 [INFO] Pass: ContainsInstruction - 0.02074 (ms)
2026-07-13 09:08:01,003 [INFO] Pass: UnitarySynthesis - 0.01097 (ms)
2026-07-13 09:08:01,003 [INFO] Pass: HighLevelSynthesis - 0.01526 (ms)
2026-07-13 09:08:01,003 [INFO] Pass: BasisTranslator - 0.07939 (ms)
2026-07-13 09:08:01,003 [INFO] Pass: ElidePermutations - 0.00811 (ms)
2026-07-13 09:08:01,003 [INFO] Pass: RemoveDiagonalGatesBeforeMeasure - 0.01669 (ms)
2026-07-13 09:08:01,003 [INFO] Pass: RemoveIdentityEquivalent - 0.01478 (ms)
2026-07-13 09:08:01,003 [INFO] Pass: InverseCancellation - 0.01097 (ms)
2026-07-13 09:08:01,003 [INFO] Pass: ContractIdleWiresInControlFlow - 0.00262 (ms)
2026-07-13 09:08:01,003 [INFO] Pass: CommutativeCancellation - 0.12970 (ms)
2026-07-13 09:08:01,003 [INFO] Pass: ConsolidateBlocks - 0.08178 (ms)
2026-07-13 09:08:01,004 [INFO] Pass: Split2QUnitaries - 0.01526 (ms)
2026-07-13 09:08:01,004 [INFO] Pass: UnitarySynthesis - 0.00691 (ms)
2026-07-13 09:08:01,004 [INFO] Pass: HighLevelSynthesis - 0.06270 (ms)
2026-07-13 09:08:01,004 [INFO] Pass: BasisTranslator - 0.09847 (ms)
2026-07-13 09:08:01,004 [INFO] Pass: ConsolidateBlocks - 0.06866 (ms)
2026-07-13 09:08:01,004 [INFO] Pass: UnitarySynthesis - 0.00501 (ms)
2026-07-13 09:08:01,004 [INFO] Pass: Depth - 0.03862 (ms)
2026-07-13 09:08:01,004 [INFO] Pass: FixedPoint - 0.00954 (ms)
2026-07-13 09:08:01,004 [INFO] Pass: Size - 0.00405 (ms)
2026-07-13 09:08:01,004 [INFO] Pass: FixedPoint - 0.00358 (ms)
2026-07-13 09:08:01,004 [INFO] Pass: RemoveIdentityEquivalent - 0.00548 (ms)
2026-07-13 09:08:01,004 [INFO] Pass: Optimize1qGatesDecomposition - 0.04983 (ms)
2026-07-13 09:08:01,004 [INFO] Pass: CommutativeCancellation - 0.13828 (ms)
2026-07-13 09:08:01,004 [INFO] Pass: ContractIdleWiresInControlFlow - 0.00215 (ms)
2026-07-13 09:08:01,004 [INFO] Pass: GatesInBasis - 0.05984 (ms)
2026-07-13 09:08:01,005 [INFO] Pass: Depth - 0.03529 (ms)
2026-07-13 09:08:01,005 [INFO] Pass: FixedPoint - 0.00381 (ms)
2026-07-13 09:08:01,005 [INFO] Pass: Size - 0.00286 (ms)
2026-07-13 09:08:01,005 [INFO] Pass: FixedPoint - 0.00334 (ms)
2026-07-13 09:08:01,005 [INFO] Pass: ContainsInstruction - 0.02050 (ms)
2026-07-13 09:08:01,005 [INFO] Pass: ContainsInstruction - 0.00644 (ms)
2026-07-13 09:08:01,005 [INFO] Pass: UnitarySynthesis - 0.01025 (ms)
2026-07-13 09:08:01,005 [INFO] Pass: HighLevelSynthesis - 0.01287 (ms)
2026-07-13 09:08:01,005 [INFO] Pass: BasisTranslator - 0.07510 (ms)
2026-07-13 09:08:01,005 [INFO] Pass: ElidePermutations - 0.00811 (ms)
2026-07-13 09:08:01,005 [INFO] Pass: RemoveDiagonalGatesBeforeMeasure - 0.01478 (ms)
2026-07-13 09:08:01,005 [INFO] Pass: RemoveIdentityEquivalent - 0.01478 (ms)
2026-07-13 09:08:01,005 [INFO] Pass: InverseCancellation - 0.00858 (ms)
2026-07-13 09:08:01,005 [INFO] Pass: ContractIdleWiresInControlFlow - 0.00262 (ms)
2026-07-13 09:08:01,005 [INFO] Total Transpile Time - 117.87796 (ms)
2026-07-13 09:08:01,005 [INFO] Pass: CommutativeCancellation - 0.13304 (ms)
2026-07-13 09:08:01,005 [INFO] Pass: ConsolidateBlocks - 0.06938 (ms)
2026-07-13 09:08:01,005 [INFO] Pass: Split2QUnitaries - 0.00811 (ms)
2026-07-13 09:08:01,005 [INFO] Pass: UnitarySynthesis - 0.00572 (ms)
2026-07-13 09:08:01,006 [INFO] Pass: HighLevelSynthesis - 0.06151 (ms)
2026-07-13 09:08:01,006 [INFO] Pass: BasisTranslator - 0.09823 (ms)
2026-07-13 09:08:01,006 [INFO] Pass: ConsolidateBlocks - 0.07010 (ms)
2026-07-13 09:08:01,006 [INFO] Pass: UnitarySynthesis - 0.00501 (ms)
2026-07-13 09:08:01,006 [INFO] Pass: Depth - 0.03767 (ms)
2026-07-13 09:08:01,006 [INFO] Pass: FixedPoint - 0.00954 (ms)
2026-07-13 09:08:01,006 [INFO] Pass: Size - 0.00381 (ms)
2026-07-13 09:08:01,006 [INFO] Pass: FixedPoint - 0.00358 (ms)
2026-07-13 09:08:01,006 [INFO] Pass: RemoveIdentityEquivalent - 0.00453 (ms)
2026-07-13 09:08:01,006 [INFO] Pass: Optimize1qGatesDecomposition - 0.04911 (ms)
2026-07-13 09:08:01,006 [INFO] Pass: CommutativeCancellation - 0.14210 (ms)
2026-07-13 09:08:01,006 [INFO] Pass: ContractIdleWiresInControlFlow - 0.00191 (ms)
2026-07-13 09:08:01,006 [INFO] Pass: GatesInBasis - 0.05102 (ms)
2026-07-13 09:08:01,006 [INFO] Pass: Depth - 0.03481 (ms)
2026-07-13 09:08:01,006 [INFO] Pass: ContainsInstruction - 0.01717 (ms)
2026-07-13 09:08:01,006 [INFO] Pass: FixedPoint - 0.00381 (ms)
2026-07-13 09:08:01,006 [INFO] Pass: Size - 0.00238 (ms)
2026-07-13 09:08:01,006 [INFO] Pass: FixedPoint - 0.00310 (ms)
2026-07-13 09:08:01,006 [INFO] Pass: ContainsInstruction - 0.00620 (ms)
2026-07-13 09:08:01,006 [INFO] Pass: UnitarySynthesis - 0.01025 (ms)
2026-07-13 09:08:01,006 [INFO] Pass: HighLevelSynthesis - 0.01264 (ms)
2026-07-13 09:08:01,007 [INFO] Pass: ContainsInstruction - 0.01717 (ms)
2026-07-13 09:08:01,007 [INFO] Pass: ContainsInstruction - 0.01621 (ms)
2026-07-13 09:08:01,007 [INFO] Pass: BasisTranslator - 0.07582 (ms)
2026-07-13 09:08:01,007 [INFO] Pass: ElidePermutations - 0.00787 (ms)
2026-07-13 09:08:01,007 [INFO] Pass: UnitarySynthesis - 0.01073 (ms)
2026-07-13 09:08:01,007 [INFO] Pass: UnitarySynthesis - 0.01001 (ms)
2026-07-13 09:08:01,007 [INFO] Pass: HighLevelSynthesis - 0.01216 (ms)
2026-07-13 09:08:01,007 [INFO] Pass: RemoveDiagonalGatesBeforeMeasure - 0.01478 (ms)
2026-07-13 09:08:01,007 [INFO] Pass: HighLevelSynthesis - 0.01264 (ms)
2026-07-13 09:08:01,007 [INFO] Pass: ContainsInstruction - 0.02027 (ms)
2026-07-13 09:08:01,007 [INFO] Pass: RemoveIdentityEquivalent - 0.01335 (ms)
2026-07-13 09:08:01,007 [INFO] Pass: ContainsInstruction - 0.01621 (ms)
2026-07-13 09:08:01,007 [INFO] Pass: InverseCancellation - 0.00811 (ms)
2026-07-13 09:08:01,007 [INFO] Pass: UnitarySynthesis - 0.00978 (ms)
2026-07-13 09:08:01,007 [INFO] Pass: BasisTranslator - 0.07725 (ms)
2026-07-13 09:08:01,007 [INFO] Pass: ContractIdleWiresInControlFlow - 0.00262 (ms)
2026-07-13 09:08:01,007 [INFO] Pass: BasisTranslator - 0.07820 (ms)
2026-07-13 09:08:01,007 [INFO] Pass: UnitarySynthesis - 0.01001 (ms)
2026-07-13 09:08:01,007 [INFO] Pass: ContainsInstruction - 0.01693 (ms)
2026-07-13 09:08:01,007 [INFO] Pass: ElidePermutations - 0.00811 (ms)
2026-07-13 09:08:01,007 [INFO] Pass: HighLevelSynthesis - 0.01216 (ms)
2026-07-13 09:08:01,007 [INFO] Pass: ElidePermutations - 0.00787 (ms)
2026-07-13 09:08:01,007 [INFO] Pass: HighLevelSynthesis - 0.01240 (ms)
2026-07-13 09:08:01,007 [INFO] Pass: RemoveDiagonalGatesBeforeMeasure - 0.01502 (ms)
2026-07-13 09:08:01,007 [INFO] Pass: UnitarySynthesis - 0.01001 (ms)
2026-07-13 09:08:01,007 [INFO] Pass: RemoveDiagonalGatesBeforeMeasure - 0.01454 (ms)
2026-07-13 09:08:01,007 [INFO] Total Transpile Time - 119.69614 (ms)
2026-07-13 09:08:01,007 [INFO] Pass: BasisTranslator - 0.07629 (ms)
2026-07-13 09:08:01,007 [INFO] Pass: RemoveIdentityEquivalent - 0.01407 (ms)
2026-07-13 09:08:01,007 [INFO] Pass: CommutativeCancellation - 0.13232 (ms)
2026-07-13 09:08:01,007 [INFO] Pass: HighLevelSynthesis - 0.01383 (ms)
2026-07-13 09:08:01,007 [INFO] Pass: RemoveIdentityEquivalent - 0.01335 (ms)
2026-07-13 09:08:01,007 [INFO] Pass: InverseCancellation - 0.00763 (ms)
2026-07-13 09:08:01,007 [INFO] Pass: BasisTranslator - 0.07701 (ms)
2026-07-13 09:08:01,007 [INFO] Pass: ElidePermutations - 0.00787 (ms)
2026-07-13 09:08:01,007 [INFO] Pass: InverseCancellation - 0.00739 (ms)
2026-07-13 09:08:01,007 [INFO] Pass: ContractIdleWiresInControlFlow - 0.00262 (ms)
2026-07-13 09:08:01,007 [INFO] Pass: ElidePermutations - 0.00763 (ms)
2026-07-13 09:08:01,007 [INFO] Pass: ContractIdleWiresInControlFlow - 0.00310 (ms)
2026-07-13 09:08:01,007 [INFO] Pass: ConsolidateBlocks - 0.06938 (ms)
2026-07-13 09:08:01,007 [INFO] Pass: ContainsInstruction - 0.01645 (ms)
2026-07-13 09:08:01,007 [INFO] Pass: RemoveDiagonalGatesBeforeMeasure - 0.01478 (ms)
2026-07-13 09:08:01,007 [INFO] Pass: BasisTranslator - 0.07415 (ms)
2026-07-13 09:08:01,007 [INFO] Pass: Split2QUnitaries - 0.00811 (ms)
2026-07-13 09:08:01,007 [INFO] Pass: RemoveDiagonalGatesBeforeMeasure - 0.01407 (ms)
2026-07-13 09:08:01,007 [INFO] Pass: UnitarySynthesis - 0.00572 (ms)
2026-07-13 09:08:01,007 [INFO] Pass: ElidePermutations - 0.00787 (ms)
2026-07-13 09:08:01,007 [INFO] Pass: RemoveIdentityEquivalent - 0.01669 (ms)
2026-07-13 09:08:01,007 [INFO] Pass: UnitarySynthesis - 0.01001 (ms)
2026-07-13 09:08:01,007 [INFO] Pass: RemoveIdentityEquivalent - 0.01526 (ms)
2026-07-13 09:08:01,007 [INFO] Pass: InverseCancellation - 0.00763 (ms)
2026-07-13 09:08:01,007 [INFO] Pass: CommutativeCancellation - 0.13137 (ms)
2026-07-13 09:08:01,007 [INFO] Pass: RemoveDiagonalGatesBeforeMeasure - 0.01454 (ms)
2026-07-13 09:08:01,007 [INFO] Pass: HighLevelSynthesis - 0.01240 (ms)
2026-07-13 09:08:01,007 [INFO] Pass: ContractIdleWiresInControlFlow - 0.00262 (ms)
2026-07-13 09:08:01,007 [INFO] Pass: HighLevelSynthesis - 0.06199 (ms)
2026-07-13 09:08:01,007 [INFO] Pass: InverseCancellation - 0.00739 (ms)
2026-07-13 09:08:01,007 [INFO] Pass: CommutativeCancellation - 0.12755 (ms)
2026-07-13 09:08:01,007 [INFO] Pass: ContractIdleWiresInControlFlow - 0.00262 (ms)
2026-07-13 09:08:01,007 [INFO] Pass: RemoveIdentityEquivalent - 0.01359 (ms)
2026-07-13 09:08:01,007 [INFO] Pass: InverseCancellation - 0.00739 (ms)
2026-07-13 09:08:01,007 [INFO] Pass: ConsolidateBlocks - 0.07010 (ms)
2026-07-13 09:08:01,007 [INFO] Pass: ConsolidateBlocks - 0.06676 (ms)
2026-07-13 09:08:01,007 [INFO] Pass: ContractIdleWiresInControlFlow - 0.00238 (ms)
2026-07-13 09:08:01,007 [INFO] Pass: BasisTranslator - 0.07510 (ms)
2026-07-13 09:08:01,007 [INFO] Pass: Split2QUnitaries - 0.00834 (ms)
2026-07-13 09:08:01,007 [INFO] Pass: BasisTranslator - 0.09656 (ms)
2026-07-13 09:08:01,007 [INFO] Pass: Split2QUnitaries - 0.00787 (ms)
2026-07-13 09:08:01,007 [INFO] Pass: UnitarySynthesis - 0.00525 (ms)
2026-07-13 09:08:01,007 [INFO] Pass: ElidePermutations - 0.00763 (ms)
2026-07-13 09:08:01,007 [INFO] Pass: CommutativeCancellation - 0.12875 (ms)
2026-07-13 09:08:01,007 [INFO] Pass: UnitarySynthesis - 0.00548 (ms)
2026-07-13 09:08:01,007 [INFO] Pass: CommutativeCancellation - 0.14019 (ms)
2026-07-13 09:08:01,007 [INFO] Pass: ConsolidateBlocks - 0.07439 (ms)
2026-07-13 09:08:01,007 [INFO] Pass: RemoveDiagonalGatesBeforeMeasure - 0.01526 (ms)
2026-07-13 09:08:01,008 [INFO] Pass: HighLevelSynthesis - 0.06151 (ms)
2026-07-13 09:08:01,008 [INFO] Pass: UnitarySynthesis - 0.00501 (ms)
2026-07-13 09:08:01,008 [INFO] Pass: HighLevelSynthesis - 0.06247 (ms)
2026-07-13 09:08:01,008 [INFO] Pass: ConsolidateBlocks - 0.06723 (ms)
2026-07-13 09:08:01,008 [INFO] Pass: CommutativeCancellation - 0.13900 (ms)
2026-07-13 09:08:01,008 [INFO] Pass: RemoveIdentityEquivalent - 0.01383 (ms)
2026-07-13 09:08:01,008 [INFO] Pass: Split2QUnitaries - 0.00834 (ms)
2026-07-13 09:08:01,008 [INFO] Pass: ConsolidateBlocks - 0.06700 (ms)
2026-07-13 09:08:01,008 [INFO] Pass: Depth - 0.03719 (ms)
2026-07-13 09:08:01,008 [INFO] Pass: InverseCancellation - 0.00691 (ms)
2026-07-13 09:08:01,008 [INFO] Pass: UnitarySynthesis - 0.00620 (ms)
2026-07-13 09:08:01,008 [INFO] Pass: Split2QUnitaries - 0.00739 (ms)
2026-07-13 09:08:01,008 [INFO] Pass: FixedPoint - 0.00906 (ms)
2026-07-13 09:08:01,008 [INFO] Pass: ContractIdleWiresInControlFlow - 0.00238 (ms)
2026-07-13 09:08:01,008 [INFO] Pass: BasisTranslator - 0.09871 (ms)
2026-07-13 09:08:01,008 [INFO] Pass: UnitarySynthesis - 0.00620 (ms)
2026-07-13 09:08:01,008 [INFO] Pass: Size - 0.00334 (ms)
2026-07-13 09:08:01,008 [INFO] Pass: BasisTranslator - 0.09966 (ms)
2026-07-13 09:08:01,008 [INFO] Pass: ConsolidateBlocks - 0.06771 (ms)
2026-07-13 09:08:01,008 [INFO] Pass: FixedPoint - 0.00358 (ms)
2026-07-13 09:08:01,008 [INFO] Pass: Split2QUnitaries - 0.00858 (ms)
2026-07-13 09:08:01,008 [INFO] Pass: HighLevelSynthesis - 0.06151 (ms)
2026-07-13 09:08:01,008 [INFO] Pass: RemoveIdentityEquivalent - 0.00453 (ms)
2026-07-13 09:08:01,008 [INFO] Pass: UnitarySynthesis - 0.00620 (ms)
2026-07-13 09:08:01,008 [INFO] Pass: HighLevelSynthesis - 0.06223 (ms)
2026-07-13 09:08:01,008 [INFO] Pass: ConsolidateBlocks - 0.06843 (ms)
2026-07-13 09:08:01,008 [INFO] Pass: ConsolidateBlocks - 0.06819 (ms)
2026-07-13 09:08:01,008 [INFO] Pass: UnitarySynthesis - 0.00477 (ms)
2026-07-13 09:08:01,008 [INFO] Pass: Optimize1qGatesDecomposition - 0.04745 (ms)
2026-07-13 09:08:01,008 [INFO] Pass: UnitarySynthesis - 0.00453 (ms)
2026-07-13 09:08:01,008 [INFO] Pass: CommutativeCancellation - 0.12994 (ms)
2026-07-13 09:08:01,008 [INFO] Pass: HighLevelSynthesis - 0.06175 (ms)
2026-07-13 09:08:01,008 [INFO] Pass: BasisTranslator - 0.09871 (ms)
2026-07-13 09:08:01,008 [INFO] Pass: Depth - 0.03743 (ms)
2026-07-13 09:08:01,008 [INFO] Pass: Depth - 0.03767 (ms)
2026-07-13 09:08:01,008 [INFO] Pass: BasisTranslator - 0.10228 (ms)
2026-07-13 09:08:01,008 [INFO] Pass: FixedPoint - 0.00954 (ms)
2026-07-13 09:08:01,008 [INFO] Pass: FixedPoint - 0.00882 (ms)
2026-07-13 09:08:01,008 [INFO] Pass: ConsolidateBlocks - 0.06795 (ms)
2026-07-13 09:08:01,008 [INFO] Pass: Size - 0.00358 (ms)
2026-07-13 09:08:01,008 [INFO] Pass: Size - 0.00334 (ms)
2026-07-13 09:08:01,008 [INFO] Pass: FixedPoint - 0.00358 (ms)
2026-07-13 09:08:01,008 [INFO] Pass: ConsolidateBlocks - 0.06795 (ms)
2026-07-13 09:08:01,008 [INFO] Pass: Split2QUnitaries - 0.00811 (ms)
2026-07-13 09:08:01,008 [INFO] Pass: FixedPoint - 0.00334 (ms)
2026-07-13 09:08:01,008 [INFO] Pass: BasisTranslator - 0.09704 (ms)
2026-07-13 09:08:01,008 [INFO] Pass: CommutativeCancellation - 0.14257 (ms)
2026-07-13 09:08:01,008 [INFO] Pass: RemoveIdentityEquivalent - 0.00453 (ms)
2026-07-13 09:08:01,008 [INFO] Pass: UnitarySynthesis - 0.00501 (ms)
2026-07-13 09:08:01,008 [INFO] Pass: UnitarySynthesis - 0.00572 (ms)
2026-07-13 09:08:01,008 [INFO] Pass: ConsolidateBlocks - 0.06914 (ms)
2026-07-13 09:08:01,008 [INFO] Pass: RemoveIdentityEquivalent - 0.00453 (ms)
2026-07-13 09:08:01,008 [INFO] Pass: ContractIdleWiresInControlFlow - 0.00191 (ms)
2026-07-13 09:08:01,008 [INFO] Pass: UnitarySynthesis - 0.00501 (ms)
2026-07-13 09:08:01,008 [INFO] Pass: Depth - 0.03767 (ms)
2026-07-13 09:08:01,008 [INFO] Pass: ConsolidateBlocks - 0.06700 (ms)
2026-07-13 09:08:01,008 [INFO] Pass: Optimize1qGatesDecomposition - 0.05221 (ms)
2026-07-13 09:08:01,008 [INFO] Pass: Optimize1qGatesDecomposition - 0.04864 (ms)
2026-07-13 09:08:01,008 [INFO] Pass: HighLevelSynthesis - 0.06104 (ms)
2026-07-13 09:08:01,008 [INFO] Pass: GatesInBasis - 0.05150 (ms)
2026-07-13 09:08:01,008 [INFO] Pass: FixedPoint - 0.00978 (ms)
2026-07-13 09:08:01,008 [INFO] Pass: Depth - 0.03648 (ms)
2026-07-13 09:08:01,008 [INFO] Pass: UnitarySynthesis - 0.00501 (ms)
2026-07-13 09:08:01,008 [INFO] Pass: Size - 0.00358 (ms)
2026-07-13 09:08:01,008 [INFO] Pass: FixedPoint - 0.00906 (ms)
2026-07-13 09:08:01,008 [INFO] Pass: FixedPoint - 0.00358 (ms)
2026-07-13 09:08:01,008 [INFO] Pass: Depth - 0.03457 (ms)
2026-07-13 09:08:01,008 [INFO] Pass: Size - 0.00334 (ms)
2026-07-13 09:08:01,008 [INFO] Pass: Depth - 0.03743 (ms)
2026-07-13 09:08:01,008 [INFO] Pass: FixedPoint - 0.00405 (ms)
2026-07-13 09:08:01,008 [INFO] Pass: FixedPoint - 0.00334 (ms)
2026-07-13 09:08:01,008 [INFO] Pass: RemoveIdentityEquivalent - 0.00477 (ms)
2026-07-13 09:08:01,008 [INFO] Pass: Size - 0.00238 (ms)
2026-07-13 09:08:01,008 [INFO] Pass: FixedPoint - 0.00906 (ms)
2026-07-13 09:08:01,008 [INFO] Pass: BasisTranslator - 0.09775 (ms)
2026-07-13 09:08:01,008 [INFO] Pass: RemoveIdentityEquivalent - 0.00405 (ms)
2026-07-13 09:08:01,008 [INFO] Pass: FixedPoint - 0.00358 (ms)
2026-07-13 09:08:01,008 [INFO] Pass: Size - 0.00358 (ms)
2026-07-13 09:08:01,008 [INFO] Pass: ContainsInstruction - 0.00620 (ms)
2026-07-13 09:08:01,008 [INFO] Pass: CommutativeCancellation - 0.14043 (ms)
2026-07-13 09:08:01,008 [INFO] Pass: FixedPoint - 0.00334 (ms)
2026-07-13 09:08:01,008 [INFO] Pass: CommutativeCancellation - 0.14400 (ms)
2026-07-13 09:08:01,008 [INFO] Pass: Optimize1qGatesDecomposition - 0.05007 (ms)
2026-07-13 09:08:01,008 [INFO] Pass: ContractIdleWiresInControlFlow - 0.00215 (ms)
2026-07-13 09:08:01,008 [INFO] Pass: ContractIdleWiresInControlFlow - 0.00238 (ms)
2026-07-13 09:08:01,008 [INFO] Pass: RemoveIdentityEquivalent - 0.00453 (ms)
2026-07-13 09:08:01,008 [INFO] Pass: Optimize1qGatesDecomposition - 0.05150 (ms)
2026-07-13 09:08:01,008 [INFO] Pass: ConsolidateBlocks - 0.06795 (ms)
2026-07-13 09:08:01,008 [INFO] Pass: UnitarySynthesis - 0.00501 (ms)
2026-07-13 09:08:01,008 [INFO] Pass: GatesInBasis - 0.05245 (ms)
2026-07-13 09:08:01,008 [INFO] Pass: GatesInBasis - 0.05198 (ms)
2026-07-13 09:08:01,008 [INFO] Pass: Optimize1qGatesDecomposition - 0.05031 (ms)
2026-07-13 09:08:01,008 [INFO] Pass: Depth - 0.03648 (ms)
2026-07-13 09:08:01,008 [INFO] Pass: Depth - 0.03505 (ms)
2026-07-13 09:08:01,008 [INFO] Pass: Depth - 0.03576 (ms)
2026-07-13 09:08:01,008 [INFO] Pass: FixedPoint - 0.00978 (ms)
2026-07-13 09:08:01,008 [INFO] Pass: CommutativeCancellation - 0.13876 (ms)
2026-07-13 09:08:01,008 [INFO] Pass: FixedPoint - 0.00381 (ms)
2026-07-13 09:08:01,008 [INFO] Pass: FixedPoint - 0.00429 (ms)
2026-07-13 09:08:01,008 [INFO] Pass: Size - 0.00405 (ms)
2026-07-13 09:08:01,008 [INFO] Pass: Size - 0.00215 (ms)
2026-07-13 09:08:01,008 [INFO] Pass: ContractIdleWiresInControlFlow - 0.00191 (ms)
2026-07-13 09:08:01,008 [INFO] Pass: Size - 0.00215 (ms)
2026-07-13 09:08:01,008 [INFO] Pass: CommutativeCancellation - 0.13924 (ms)
2026-07-13 09:08:01,008 [INFO] Pass: FixedPoint - 0.00358 (ms)
2026-07-13 09:08:01,008 [INFO] Pass: FixedPoint - 0.00358 (ms)
2026-07-13 09:08:01,008 [INFO] Pass: FixedPoint - 0.00358 (ms)
2026-07-13 09:08:01,008 [INFO] Pass: ContractIdleWiresInControlFlow - 0.00238 (ms)
2026-07-13 09:08:01,008 [INFO] Pass: ContainsInstruction - 0.00596 (ms)
2026-07-13 09:08:01,008 [INFO] Pass: RemoveIdentityEquivalent - 0.00453 (ms)
2026-07-13 09:08:01,008 [INFO] Pass: ContainsInstruction - 0.00668 (ms)
2026-07-13 09:08:01,008 [INFO] Pass: GatesInBasis - 0.05245 (ms)
2026-07-13 09:08:01,008 [INFO] Pass: CommutativeCancellation - 0.14544 (ms)
2026-07-13 09:08:01,009 [INFO] Pass: ContractIdleWiresInControlFlow - 0.00191 (ms)
2026-07-13 09:08:01,009 [INFO] Pass: GatesInBasis - 0.05198 (ms)
2026-07-13 09:08:01,009 [INFO] Pass: Optimize1qGatesDecomposition - 0.04911 (ms)
2026-07-13 09:08:01,009 [INFO] Pass: Depth - 0.03433 (ms)
2026-07-13 09:08:01,009 [INFO] Pass: FixedPoint - 0.00405 (ms)
2026-07-13 09:08:01,009 [INFO] Pass: Depth - 0.03433 (ms)
2026-07-13 09:08:01,009 [INFO] Pass: GatesInBasis - 0.05221 (ms)
2026-07-13 09:08:01,009 [INFO] Pass: Size - 0.00262 (ms)
2026-07-13 09:08:01,009 [INFO] Pass: FixedPoint - 0.00405 (ms)
2026-07-13 09:08:01,009 [INFO] Pass: FixedPoint - 0.00405 (ms)
2026-07-13 09:08:01,009 [INFO] Pass: Size - 0.00215 (ms)
2026-07-13 09:08:01,009 [INFO] Pass: ContainsInstruction - 0.00644 (ms)
2026-07-13 09:08:01,009 [INFO] Pass: FixedPoint - 0.00358 (ms)
2026-07-13 09:08:01,009 [INFO] Pass: Depth - 0.03576 (ms)
2026-07-13 09:08:01,009 [INFO] Pass: FixedPoint - 0.00405 (ms)
2026-07-13 09:08:01,009 [INFO] Pass: ContainsInstruction - 0.00668 (ms)
2026-07-13 09:08:01,009 [INFO] Pass: Size - 0.00238 (ms)
2026-07-13 09:08:01,009 [INFO] Pass: CommutativeCancellation - 0.14067 (ms)
2026-07-13 09:08:01,009 [INFO] Pass: FixedPoint - 0.00381 (ms)
2026-07-13 09:08:01,009 [INFO] Pass: ContractIdleWiresInControlFlow - 0.00215 (ms)
2026-07-13 09:08:01,009 [INFO] Total Transpile Time - 121.47236 (ms)
2026-07-13 09:08:01,009 [INFO] Pass: ContainsInstruction - 0.00668 (ms)
2026-07-13 09:08:01,009 [INFO] Pass: GatesInBasis - 0.05317 (ms)
2026-07-13 09:08:01,009 [INFO] Pass: Depth - 0.03552 (ms)
2026-07-13 09:08:01,009 [INFO] Pass: FixedPoint - 0.00429 (ms)
2026-07-13 09:08:01,009 [INFO] Pass: Size - 0.00238 (ms)
2026-07-13 09:08:01,009 [INFO] Pass: FixedPoint - 0.00334 (ms)
2026-07-13 09:08:01,009 [INFO] Pass: ContainsInstruction - 0.00596 (ms)
2026-07-13 09:08:01,009 [INFO] Total Transpile Time - 121.35005 (ms)
2026-07-13 09:08:01,009 [INFO] Total Transpile Time - 121.73033 (ms)
2026-07-13 09:08:01,009 [INFO] Total Transpile Time - 121.89579 (ms)
2026-07-13 09:08:01,009 [INFO] Total Transpile Time - 121.74964 (ms)
2026-07-13 09:08:01,009 [INFO] Total Transpile Time - 121.62042 (ms)
2026-07-13 09:08:01,010 [INFO] Total Transpile Time - 121.99020 (ms)
2026-07-13 09:08:01,094 [INFO] Pass: ContainsInstruction - 0.01240 (ms)
2026-07-13 09:08:01,094 [INFO] Pass: UnitarySynthesis - 0.00644 (ms)
2026-07-13 09:08:01,094 [INFO] Pass: HighLevelSynthesis - 0.00453 (ms)
2026-07-13 09:08:01,094 [INFO] Pass: BasisTranslator - 0.05341 (ms)
2026-07-13 09:08:01,094 [INFO] Pass: ElidePermutations - 0.00358 (ms)
2026-07-13 09:08:01,094 [INFO] Pass: RemoveDiagonalGatesBeforeMeasure - 0.00644 (ms)
2026-07-13 09:08:01,094 [INFO] Pass: RemoveIdentityEquivalent - 0.00715 (ms)
2026-07-13 09:08:01,094 [INFO] Pass: InverseCancellation - 0.03171 (ms)
2026-07-13 09:08:01,094 [INFO] Pass: ContractIdleWiresInControlFlow - 0.00215 (ms)
2026-07-13 09:08:01,094 [INFO] Pass: CommutativeCancellation - 0.12112 (ms)
2026-07-13 09:08:01,094 [INFO] Pass: ConsolidateBlocks - 0.05770 (ms)
2026-07-13 09:08:01,094 [INFO] Pass: Split2QUnitaries - 0.00286 (ms)
2026-07-13 09:08:01,094 [INFO] Pass: UnitarySynthesis - 0.00525 (ms)
2026-07-13 09:08:01,094 [INFO] Pass: HighLevelSynthesis - 0.06247 (ms)
2026-07-13 09:08:01,094 [INFO] Pass: BasisTranslator - 0.10324 (ms)
2026-07-13 09:08:01,095 [INFO] Pass: ConsolidateBlocks - 0.06795 (ms)
2026-07-13 09:08:01,095 [INFO] Pass: UnitarySynthesis - 0.00477 (ms)
2026-07-13 09:08:01,095 [INFO] Pass: Depth - 0.03624 (ms)
2026-07-13 09:08:01,095 [INFO] Pass: FixedPoint - 0.00477 (ms)
2026-07-13 09:08:01,095 [INFO] Pass: Size - 0.00310 (ms)
2026-07-13 09:08:01,095 [INFO] Pass: FixedPoint - 0.00310 (ms)
2026-07-13 09:08:01,095 [INFO] Pass: RemoveIdentityEquivalent - 0.00596 (ms)
2026-07-13 09:08:01,095 [INFO] Pass: Optimize1qGatesDecomposition - 0.16212 (ms)
2026-07-13 09:08:01,095 [INFO] Pass: CommutativeCancellation - 0.14615 (ms)
2026-07-13 09:08:01,095 [INFO] Pass: ContractIdleWiresInControlFlow - 0.00238 (ms)
2026-07-13 09:08:01,095 [INFO] Pass: ContainsInstruction - 0.01192 (ms)
2026-07-13 09:08:01,095 [INFO] Pass: UnitarySynthesis - 0.00668 (ms)
2026-07-13 09:08:01,095 [INFO] Pass: GatesInBasis - 0.05221 (ms)
2026-07-13 09:08:01,095 [INFO] Pass: HighLevelSynthesis - 0.00453 (ms)
2026-07-13 09:08:01,095 [INFO] Pass: Depth - 0.03767 (ms)
2026-07-13 09:08:01,095 [INFO] Pass: FixedPoint - 0.00405 (ms)
2026-07-13 09:08:01,095 [INFO] Pass: Size - 0.00262 (ms)
2026-07-13 09:08:01,095 [INFO] Pass: BasisTranslator - 0.05436 (ms)
2026-07-13 09:08:01,095 [INFO] Pass: ElidePermutations - 0.00405 (ms)
2026-07-13 09:08:01,095 [INFO] Pass: FixedPoint - 0.00978 (ms)
2026-07-13 09:08:01,095 [INFO] Pass: RemoveDiagonalGatesBeforeMeasure - 0.00668 (ms)
2026-07-13 09:08:01,095 [INFO] Pass: ContainsInstruction - 0.00620 (ms)
2026-07-13 09:08:01,095 [INFO] Pass: RemoveIdentityEquivalent - 0.00691 (ms)
2026-07-13 09:08:01,096 [INFO] Pass: InverseCancellation - 0.03338 (ms)
2026-07-13 09:08:01,096 [INFO] Pass: ContractIdleWiresInControlFlow - 0.00238 (ms)
2026-07-13 09:08:01,096 [INFO] Pass: CommutativeCancellation - 0.12088 (ms)
2026-07-13 09:08:01,096 [INFO] Pass: ConsolidateBlocks - 0.05579 (ms)
2026-07-13 09:08:01,096 [INFO] Pass: Split2QUnitaries - 0.00286 (ms)
2026-07-13 09:08:01,096 [INFO] Pass: UnitarySynthesis - 0.00501 (ms)
2026-07-13 09:08:01,096 [INFO] Pass: HighLevelSynthesis - 0.06199 (ms)
2026-07-13 09:08:01,096 [INFO] Total Transpile Time - 90.33751 (ms)
2026-07-13 09:08:01,096 [INFO] Pass: BasisTranslator - 0.09513 (ms)
2026-07-13 09:08:01,096 [INFO] Pass: ConsolidateBlocks - 0.06533 (ms)
2026-07-13 09:08:01,096 [INFO] Pass: UnitarySynthesis - 0.00453 (ms)
2026-07-13 09:08:01,096 [INFO] Pass: Depth - 0.03624 (ms)
2026-07-13 09:08:01,096 [INFO] Pass: FixedPoint - 0.00501 (ms)
2026-07-13 09:08:01,096 [INFO] Pass: Size - 0.00310 (ms)
2026-07-13 09:08:01,096 [INFO] Pass: FixedPoint - 0.00334 (ms)
2026-07-13 09:08:01,096 [INFO] Pass: RemoveIdentityEquivalent - 0.00548 (ms)
2026-07-13 09:08:01,097 [INFO] Pass: Optimize1qGatesDecomposition - 0.16308 (ms)
2026-07-13 09:08:01,097 [INFO] Pass: CommutativeCancellation - 0.14544 (ms)
2026-07-13 09:08:01,097 [INFO] Pass: ContractIdleWiresInControlFlow - 0.00191 (ms)
2026-07-13 09:08:01,097 [INFO] Pass: GatesInBasis - 0.05078 (ms)
2026-07-13 09:08:01,097 [INFO] Pass: Depth - 0.03767 (ms)
2026-07-13 09:08:01,097 [INFO] Pass: ContainsInstruction - 0.01121 (ms)
2026-07-13 09:08:01,097 [INFO] Pass: FixedPoint - 0.00453 (ms)
2026-07-13 09:08:01,097 [INFO] Pass: Size - 0.00238 (ms)
2026-07-13 09:08:01,097 [INFO] Pass: UnitarySynthesis - 0.00644 (ms)
2026-07-13 09:08:01,097 [INFO] Pass: FixedPoint - 0.01049 (ms)
2026-07-13 09:08:01,097 [INFO] Pass: HighLevelSynthesis - 0.00477 (ms)
2026-07-13 09:08:01,097 [INFO] Pass: ContainsInstruction - 0.00596 (ms)
2026-07-13 09:08:01,097 [INFO] Pass: BasisTranslator - 0.05221 (ms)
2026-07-13 09:08:01,097 [INFO] Pass: ContainsInstruction - 0.01144 (ms)
2026-07-13 09:08:01,097 [INFO] Pass: ElidePermutations - 0.00381 (ms)
2026-07-13 09:08:01,097 [INFO] Pass: RemoveDiagonalGatesBeforeMeasure - 0.00620 (ms)
2026-07-13 09:08:01,097 [INFO] Pass: UnitarySynthesis - 0.00691 (ms)
2026-07-13 09:08:01,097 [INFO] Pass: RemoveIdentityEquivalent - 0.00644 (ms)
2026-07-13 09:08:01,097 [INFO] Pass: HighLevelSynthesis - 0.00453 (ms)
2026-07-13 09:08:01,097 [INFO] Pass: InverseCancellation - 0.03076 (ms)
2026-07-13 09:08:01,097 [INFO] Pass: ContractIdleWiresInControlFlow - 0.00191 (ms)
2026-07-13 09:08:01,097 [INFO] Pass: BasisTranslator - 0.05317 (ms)
2026-07-13 09:08:01,097 [INFO] Pass: ElidePermutations - 0.00381 (ms)
2026-07-13 09:08:01,097 [INFO] Pass: RemoveDiagonalGatesBeforeMeasure - 0.00644 (ms)
2026-07-13 09:08:01,097 [INFO] Pass: ContainsInstruction - 0.01216 (ms)
2026-07-13 09:08:01,097 [INFO] Pass: RemoveIdentityEquivalent - 0.00644 (ms)
2026-07-13 09:08:01,097 [INFO] Pass: CommutativeCancellation - 0.11897 (ms)
2026-07-13 09:08:01,097 [INFO] Pass: UnitarySynthesis - 0.00691 (ms)
2026-07-13 09:08:01,097 [INFO] Pass: InverseCancellation - 0.03266 (ms)
2026-07-13 09:08:01,097 [INFO] Pass: HighLevelSynthesis - 0.00477 (ms)
2026-07-13 09:08:01,097 [INFO] Pass: ContractIdleWiresInControlFlow - 0.00215 (ms)
2026-07-13 09:08:01,097 [INFO] Pass: ConsolidateBlocks - 0.06628 (ms)
2026-07-13 09:08:01,097 [INFO] Total Transpile Time - 90.06166 (ms)
2026-07-13 09:08:01,097 [INFO] Pass: Split2QUnitaries - 0.00286 (ms)
2026-07-13 09:08:01,097 [INFO] Pass: BasisTranslator - 0.05293 (ms)
2026-07-13 09:08:01,098 [INFO] Pass: UnitarySynthesis - 0.00596 (ms)
2026-07-13 09:08:01,098 [INFO] Pass: ElidePermutations - 0.00405 (ms)
2026-07-13 09:08:01,098 [INFO] Pass: RemoveDiagonalGatesBeforeMeasure - 0.00644 (ms)
2026-07-13 09:08:01,098 [INFO] Pass: CommutativeCancellation - 0.12207 (ms)
2026-07-13 09:08:01,098 [INFO] Pass: RemoveIdentityEquivalent - 0.00691 (ms)
2026-07-13 09:08:01,098 [INFO] Pass: HighLevelSynthesis - 0.06247 (ms)
2026-07-13 09:08:01,098 [INFO] Pass: InverseCancellation - 0.03147 (ms)
2026-07-13 09:08:01,098 [INFO] Pass: ConsolidateBlocks - 0.05794 (ms)
2026-07-13 09:08:01,098 [INFO] Pass: ContractIdleWiresInControlFlow - 0.00191 (ms)
2026-07-13 09:08:01,098 [INFO] Pass: ContainsInstruction - 0.01192 (ms)
2026-07-13 09:08:01,098 [INFO] Pass: Split2QUnitaries - 0.00310 (ms)
2026-07-13 09:08:01,098 [INFO] Pass: ContainsInstruction - 0.01097 (ms)
2026-07-13 09:08:01,098 [INFO] Pass: UnitarySynthesis - 0.00548 (ms)
2026-07-13 09:08:01,098 [INFO] Pass: UnitarySynthesis - 0.00668 (ms)
2026-07-13 09:08:01,098 [INFO] Pass: BasisTranslator - 0.09727 (ms)
2026-07-13 09:08:01,098 [INFO] Pass: HighLevelSynthesis - 0.00453 (ms)
2026-07-13 09:08:01,098 [INFO] Pass: UnitarySynthesis - 0.00668 (ms)
2026-07-13 09:08:01,098 [INFO] Pass: HighLevelSynthesis - 0.00405 (ms)
2026-07-13 09:08:01,098 [INFO] Pass: HighLevelSynthesis - 0.06199 (ms)
2026-07-13 09:08:01,098 [INFO] Pass: CommutativeCancellation - 0.11969 (ms)
2026-07-13 09:08:01,098 [INFO] Pass: ConsolidateBlocks - 0.06819 (ms)
2026-07-13 09:08:01,098 [INFO] Pass: BasisTranslator - 0.05317 (ms)
2026-07-13 09:08:01,098 [INFO] Pass: UnitarySynthesis - 0.00477 (ms)
2026-07-13 09:08:01,098 [INFO] Pass: ContainsInstruction - 0.01168 (ms)
2026-07-13 09:08:01,098 [INFO] Pass: ElidePermutations - 0.00381 (ms)
2026-07-13 09:08:01,098 [INFO] Pass: BasisTranslator - 0.05102 (ms)
2026-07-13 09:08:01,098 [INFO] Pass: RemoveDiagonalGatesBeforeMeasure - 0.00572 (ms)
2026-07-13 09:08:01,098 [INFO] Pass: ConsolidateBlocks - 0.05698 (ms)
2026-07-13 09:08:01,098 [INFO] Pass: UnitarySynthesis - 0.00691 (ms)
2026-07-13 09:08:01,098 [INFO] Pass: ElidePermutations - 0.00381 (ms)
2026-07-13 09:08:01,098 [INFO] Pass: Depth - 0.03767 (ms)
2026-07-13 09:08:01,098 [INFO] Pass: RemoveIdentityEquivalent - 0.00715 (ms)
2026-07-13 09:08:01,098 [INFO] Pass: Split2QUnitaries - 0.00286 (ms)
2026-07-13 09:08:01,098 [INFO] Pass: BasisTranslator - 0.09632 (ms)
2026-07-13 09:08:01,098 [INFO] Pass: RemoveDiagonalGatesBeforeMeasure - 0.00644 (ms)
2026-07-13 09:08:01,098 [INFO] Pass: HighLevelSynthesis - 0.00453 (ms)
2026-07-13 09:08:01,098 [INFO] Pass: FixedPoint - 0.00501 (ms)
2026-07-13 09:08:01,098 [INFO] Pass: UnitarySynthesis - 0.00525 (ms)
2026-07-13 09:08:01,098 [INFO] Pass: Size - 0.00381 (ms)
2026-07-13 09:08:01,098 [INFO] Pass: RemoveIdentityEquivalent - 0.00668 (ms)
2026-07-13 09:08:01,098 [INFO] Pass: InverseCancellation - 0.03004 (ms)
2026-07-13 09:08:01,098 [INFO] Pass: FixedPoint - 0.00381 (ms)
2026-07-13 09:08:01,098 [INFO] Pass: ContractIdleWiresInControlFlow - 0.00238 (ms)
2026-07-13 09:08:01,098 [INFO] Pass: RemoveIdentityEquivalent - 0.00572 (ms)
2026-07-13 09:08:01,098 [INFO] Pass: InverseCancellation - 0.03076 (ms)
2026-07-13 09:08:01,098 [INFO] Pass: BasisTranslator - 0.05269 (ms)
2026-07-13 09:08:01,098 [INFO] Pass: ConsolidateBlocks - 0.06843 (ms)
2026-07-13 09:08:01,098 [INFO] Pass: HighLevelSynthesis - 0.06318 (ms)
2026-07-13 09:08:01,098 [INFO] Pass: ContainsInstruction - 0.01168 (ms)
2026-07-13 09:08:01,098 [INFO] Pass: ContractIdleWiresInControlFlow - 0.00215 (ms)
2026-07-13 09:08:01,098 [INFO] Pass: ElidePermutations - 0.00381 (ms)
2026-07-13 09:08:01,098 [INFO] Pass: UnitarySynthesis - 0.00501 (ms)
2026-07-13 09:08:01,098 [INFO] Pass: RemoveDiagonalGatesBeforeMeasure - 0.00620 (ms)
2026-07-13 09:08:01,098 [INFO] Pass: UnitarySynthesis - 0.00691 (ms)
2026-07-13 09:08:01,098 [INFO] Pass: RemoveIdentityEquivalent - 0.00644 (ms)
2026-07-13 09:08:01,098 [INFO] Pass: Depth - 0.03695 (ms)
2026-07-13 09:08:01,098 [INFO] Pass: HighLevelSynthesis - 0.00525 (ms)
2026-07-13 09:08:01,098 [INFO] Pass: FixedPoint - 0.00548 (ms)
2026-07-13 09:08:01,098 [INFO] Pass: CommutativeCancellation - 0.11992 (ms)
2026-07-13 09:08:01,098 [INFO] Pass: InverseCancellation - 0.03004 (ms)
2026-07-13 09:08:01,098 [INFO] Pass: BasisTranslator - 0.09584 (ms)
2026-07-13 09:08:01,098 [INFO] Pass: Size - 0.00358 (ms)
2026-07-13 09:08:01,098 [INFO] Pass: ContractIdleWiresInControlFlow - 0.00191 (ms)
2026-07-13 09:08:01,098 [INFO] Pass: FixedPoint - 0.00334 (ms)
2026-07-13 09:08:01,098 [INFO] Pass: CommutativeCancellation - 0.11992 (ms)
2026-07-13 09:08:01,098 [INFO] Pass: Optimize1qGatesDecomposition - 0.15664 (ms)
2026-07-13 09:08:01,098 [INFO] Pass: BasisTranslator - 0.05388 (ms)
2026-07-13 09:08:01,098 [INFO] Pass: RemoveIdentityEquivalent - 0.00548 (ms)
2026-07-13 09:08:01,098 [INFO] Pass: ConsolidateBlocks - 0.05627 (ms)
2026-07-13 09:08:01,098 [INFO] Pass: ElidePermutations - 0.00381 (ms)
2026-07-13 09:08:01,098 [INFO] Pass: ConsolidateBlocks - 0.06604 (ms)
2026-07-13 09:08:01,098 [INFO] Pass: Split2QUnitaries - 0.00286 (ms)
2026-07-13 09:08:01,098 [INFO] Pass: RemoveDiagonalGatesBeforeMeasure - 0.00668 (ms)
2026-07-13 09:08:01,098 [INFO] Pass: ConsolidateBlocks - 0.05698 (ms)
2026-07-13 09:08:01,098 [INFO] Pass: UnitarySynthesis - 0.00477 (ms)
2026-07-13 09:08:01,098 [INFO] Pass: UnitarySynthesis - 0.00548 (ms)
2026-07-13 09:08:01,098 [INFO] Pass: RemoveIdentityEquivalent - 0.00668 (ms)
2026-07-13 09:08:01,098 [INFO] Pass: Split2QUnitaries - 0.00262 (ms)
2026-07-13 09:08:01,098 [INFO] Pass: CommutativeCancellation - 0.11969 (ms)
2026-07-13 09:08:01,098 [INFO] Pass: UnitarySynthesis - 0.00572 (ms)
2026-07-13 09:08:01,098 [INFO] Pass: Depth - 0.03624 (ms)
2026-07-13 09:08:01,098 [INFO] Pass: InverseCancellation - 0.03076 (ms)
2026-07-13 09:08:01,098 [INFO] Pass: FixedPoint - 0.00453 (ms)
2026-07-13 09:08:01,098 [INFO] Pass: HighLevelSynthesis - 0.06270 (ms)
2026-07-13 09:08:01,098 [INFO] Pass: ContractIdleWiresInControlFlow - 0.00215 (ms)
2026-07-13 09:08:01,098 [INFO] Pass: CommutativeCancellation - 0.14353 (ms)
2026-07-13 09:08:01,098 [INFO] Pass: Size - 0.00358 (ms)
2026-07-13 09:08:01,098 [INFO] Pass: Optimize1qGatesDecomposition - 0.15855 (ms)
2026-07-13 09:08:01,098 [INFO] Pass: ContractIdleWiresInControlFlow - 0.00215 (ms)
2026-07-13 09:08:01,098 [INFO] Pass: FixedPoint - 0.01025 (ms)
2026-07-13 09:08:01,098 [INFO] Pass: ConsolidateBlocks - 0.05722 (ms)
2026-07-13 09:08:01,098 [INFO] Pass: HighLevelSynthesis - 0.06843 (ms)
2026-07-13 09:08:01,098 [INFO] Pass: Split2QUnitaries - 0.00310 (ms)
2026-07-13 09:08:01,098 [INFO] Pass: RemoveIdentityEquivalent - 0.00525 (ms)
2026-07-13 09:08:01,098 [INFO] Pass: UnitarySynthesis - 0.00525 (ms)
2026-07-13 09:08:01,098 [INFO] Pass: GatesInBasis - 0.05078 (ms)
2026-07-13 09:08:01,099 [INFO] Pass: BasisTranslator - 0.10467 (ms)
2026-07-13 09:08:01,099 [INFO] Pass: CommutativeCancellation - 0.12922 (ms)
2026-07-13 09:08:01,099 [INFO] Pass: Depth - 0.03624 (ms)
2026-07-13 09:08:01,099 [INFO] Pass: BasisTranslator - 0.09632 (ms)
2026-07-13 09:08:01,099 [INFO] Pass: HighLevelSynthesis - 0.06294 (ms)
2026-07-13 09:08:01,099 [INFO] Pass: FixedPoint - 0.00405 (ms)
2026-07-13 09:08:01,099 [INFO] Pass: CommutativeCancellation - 0.14472 (ms)
2026-07-13 09:08:01,099 [INFO] Pass: Size - 0.00238 (ms)
2026-07-13 09:08:01,099 [INFO] Pass: ConsolidateBlocks - 0.06676 (ms)
2026-07-13 09:08:01,099 [INFO] Pass: ContractIdleWiresInControlFlow - 0.00191 (ms)
2026-07-13 09:08:01,099 [INFO] Pass: ConsolidateBlocks - 0.05627 (ms)
2026-07-13 09:08:01,099 [INFO] Pass: FixedPoint - 0.01073 (ms)
2026-07-13 09:08:01,099 [INFO] Pass: UnitarySynthesis - 0.00525 (ms)
2026-07-13 09:08:01,099 [INFO] Pass: Optimize1qGatesDecomposition - 0.15569 (ms)
2026-07-13 09:08:01,099 [INFO] Pass: ConsolidateBlocks - 0.06676 (ms)
2026-07-13 09:08:01,099 [INFO] Pass: Split2QUnitaries - 0.00238 (ms)
2026-07-13 09:08:01,099 [INFO] Pass: ContainsInstruction - 0.00620 (ms)
2026-07-13 09:08:01,099 [INFO] Pass: UnitarySynthesis - 0.00501 (ms)
2026-07-13 09:08:01,099 [INFO] Pass: UnitarySynthesis - 0.00548 (ms)
2026-07-13 09:08:01,099 [INFO] Pass: BasisTranslator - 0.09751 (ms)
2026-07-13 09:08:01,099 [INFO] Pass: Depth - 0.03648 (ms)
2026-07-13 09:08:01,099 [INFO] Pass: GatesInBasis - 0.05078 (ms)
2026-07-13 09:08:01,099 [INFO] Pass: FixedPoint - 0.00501 (ms)
2026-07-13 09:08:01,099 [INFO] Pass: Depth - 0.03672 (ms)
2026-07-13 09:08:01,099 [INFO] Pass: Size - 0.00286 (ms)
2026-07-13 09:08:01,099 [INFO] Pass: Depth - 0.03600 (ms)
2026-07-13 09:08:01,099 [INFO] Pass: FixedPoint - 0.00477 (ms)
2026-07-13 09:08:01,099 [INFO] Pass: FixedPoint - 0.00358 (ms)
2026-07-13 09:08:01,099 [INFO] Pass: HighLevelSynthesis - 0.06270 (ms)
2026-07-13 09:08:01,099 [INFO] Pass: FixedPoint - 0.00405 (ms)
2026-07-13 09:08:01,099 [INFO] Pass: Size - 0.00334 (ms)
2026-07-13 09:08:01,099 [INFO] Pass: ConsolidateBlocks - 0.06771 (ms)
2026-07-13 09:08:01,099 [INFO] Pass: RemoveIdentityEquivalent - 0.00548 (ms)
2026-07-13 09:08:01,099 [INFO] Pass: Size - 0.00238 (ms)
2026-07-13 09:08:01,099 [INFO] Pass: FixedPoint - 0.00334 (ms)
2026-07-13 09:08:01,099 [INFO] Pass: UnitarySynthesis - 0.00453 (ms)
2026-07-13 09:08:01,099 [INFO] Pass: CommutativeCancellation - 0.14448 (ms)
2026-07-13 09:08:01,099 [INFO] Pass: FixedPoint - 0.01121 (ms)
2026-07-13 09:08:01,099 [INFO] Pass: RemoveIdentityEquivalent - 0.00572 (ms)
2026-07-13 09:08:01,099 [INFO] Pass: ContractIdleWiresInControlFlow - 0.00215 (ms)
2026-07-13 09:08:01,099 [INFO] Pass: ContainsInstruction - 0.00572 (ms)
2026-07-13 09:08:01,099 [INFO] Pass: Depth - 0.03695 (ms)
2026-07-13 09:08:01,099 [INFO] Pass: BasisTranslator - 0.09680 (ms)
2026-07-13 09:08:01,099 [INFO] Pass: FixedPoint - 0.00453 (ms)
2026-07-13 09:08:01,099 [INFO] Pass: GatesInBasis - 0.05126 (ms)
2026-07-13 09:08:01,099 [INFO] Pass: Size - 0.00310 (ms)
2026-07-13 09:08:01,099 [INFO] Pass: FixedPoint - 0.00334 (ms)
2026-07-13 09:08:01,099 [INFO] Pass: RemoveIdentityEquivalent - 0.00572 (ms)
2026-07-13 09:08:01,099 [INFO] Pass: Depth - 0.03576 (ms)
2026-07-13 09:08:01,099 [INFO] Pass: Optimize1qGatesDecomposition - 0.15497 (ms)
2026-07-13 09:08:01,099 [INFO] Pass: ConsolidateBlocks - 0.06676 (ms)
2026-07-13 09:08:01,099 [INFO] Pass: FixedPoint - 0.00405 (ms)
2026-07-13 09:08:01,099 [INFO] Pass: UnitarySynthesis - 0.00429 (ms)
2026-07-13 09:08:01,099 [INFO] Pass: Optimize1qGatesDecomposition - 0.15807 (ms)
2026-07-13 09:08:01,099 [INFO] Pass: Size - 0.00215 (ms)
2026-07-13 09:08:01,099 [INFO] Pass: FixedPoint - 0.00954 (ms)
2026-07-13 09:08:01,099 [INFO] Pass: Depth - 0.03695 (ms)
2026-07-13 09:08:01,099 [INFO] Pass: ContainsInstruction - 0.00548 (ms)
2026-07-13 09:08:01,099 [INFO] Pass: FixedPoint - 0.00477 (ms)
2026-07-13 09:08:01,099 [INFO] Pass: Size - 0.00286 (ms)
2026-07-13 09:08:01,099 [INFO] Total Transpile Time - 89.97035 (ms)
2026-07-13 09:08:01,099 [INFO] Pass: FixedPoint - 0.00334 (ms)
2026-07-13 09:08:01,099 [INFO] Pass: CommutativeCancellation - 0.14472 (ms)
2026-07-13 09:08:01,099 [INFO] Pass: Optimize1qGatesDecomposition - 0.15593 (ms)
2026-07-13 09:08:01,099 [INFO] Pass: RemoveIdentityEquivalent - 0.00596 (ms)
2026-07-13 09:08:01,099 [INFO] Pass: ContractIdleWiresInControlFlow - 0.00215 (ms)
2026-07-13 09:08:01,099 [INFO] Pass: CommutativeCancellation - 0.14496 (ms)
2026-07-13 09:08:01,099 [INFO] Pass: ContractIdleWiresInControlFlow - 0.00215 (ms)
2026-07-13 09:08:01,099 [INFO] Pass: GatesInBasis - 0.05150 (ms)
2026-07-13 09:08:01,099 [INFO] Pass: GatesInBasis - 0.05245 (ms)
2026-07-13 09:08:01,099 [INFO] Pass: Depth - 0.03576 (ms)
2026-07-13 09:08:01,099 [INFO] Pass: CommutativeCancellation - 0.14448 (ms)
2026-07-13 09:08:01,099 [INFO] Pass: FixedPoint - 0.00429 (ms)
2026-07-13 09:08:01,099 [INFO] Pass: Size - 0.00238 (ms)
2026-07-13 09:08:01,099 [INFO] Pass: ContractIdleWiresInControlFlow - 0.00191 (ms)
2026-07-13 09:08:01,099 [INFO] Pass: Optimize1qGatesDecomposition - 0.15950 (ms)
2026-07-13 09:08:01,099 [INFO] Total Transpile Time - 89.90932 (ms)
2026-07-13 09:08:01,099 [INFO] Pass: Depth - 0.03648 (ms)
2026-07-13 09:08:01,099 [INFO] Pass: FixedPoint - 0.01001 (ms)
2026-07-13 09:08:01,099 [INFO] Pass: FixedPoint - 0.00453 (ms)
2026-07-13 09:08:01,099 [INFO] Pass: Size - 0.00262 (ms)
2026-07-13 09:08:01,099 [INFO] Pass: ContainsInstruction - 0.00620 (ms)
2026-07-13 09:08:01,099 [INFO] Pass: GatesInBasis - 0.05841 (ms)
2026-07-13 09:08:01,099 [INFO] Pass: FixedPoint - 0.01073 (ms)
2026-07-13 09:08:01,099 [INFO] Pass: ContainsInstruction - 0.00596 (ms)
2026-07-13 09:08:01,100 [INFO] Pass: Depth - 0.03576 (ms)
2026-07-13 09:08:01,100 [INFO] Pass: FixedPoint - 0.00405 (ms)
2026-07-13 09:08:01,100 [INFO] Pass: CommutativeCancellation - 0.15044 (ms)
2026-07-13 09:08:01,100 [INFO] Pass: Size - 0.00238 (ms)
2026-07-13 09:08:01,100 [INFO] Pass: ContractIdleWiresInControlFlow - 0.00191 (ms)
2026-07-13 09:08:01,100 [INFO] Total Transpile Time - 90.15608 (ms)
2026-07-13 09:08:01,100 [INFO] Pass: FixedPoint - 0.01121 (ms)
2026-07-13 09:08:01,100 [INFO] Pass: ContainsInstruction - 0.00548 (ms)
2026-07-13 09:08:01,100 [INFO] Pass: GatesInBasis - 0.05388 (ms)
2026-07-13 09:08:01,100 [INFO] Pass: Depth - 0.03886 (ms)
2026-07-13 09:08:01,100 [INFO] Pass: FixedPoint - 0.00429 (ms)
2026-07-13 09:08:01,100 [INFO] Pass: Size - 0.00262 (ms)
2026-07-13 09:08:01,100 [INFO] Pass: FixedPoint - 0.01049 (ms)
2026-07-13 09:08:01,100 [INFO] Pass: ContainsInstruction - 0.00620 (ms)
2026-07-13 09:08:01,100 [INFO] Total Transpile Time - 90.26337 (ms)
2026-07-13 09:08:01,100 [INFO] Total Transpile Time - 90.35182 (ms)
2026-07-13 09:08:01,100 [INFO] Total Transpile Time - 90.14845 (ms)
2026-07-13 09:08:01,100 [INFO] Total Transpile Time - 90.59143 (ms)
2026-07-13 09:08:01,184 [INFO] Pass: ContainsInstruction - 0.01073 (ms)
2026-07-13 09:08:01,184 [INFO] Pass: UnitarySynthesis - 0.00739 (ms)
2026-07-13 09:08:01,184 [INFO] Pass: HighLevelSynthesis - 0.00453 (ms)
2026-07-13 09:08:01,184 [INFO] Pass: BasisTranslator - 0.05364 (ms)
2026-07-13 09:08:01,184 [INFO] Pass: ElidePermutations - 0.00429 (ms)
2026-07-13 09:08:01,184 [INFO] Pass: RemoveDiagonalGatesBeforeMeasure - 0.00620 (ms)
2026-07-13 09:08:01,184 [INFO] Pass: RemoveIdentityEquivalent - 0.00763 (ms)
2026-07-13 09:08:01,184 [INFO] Pass: InverseCancellation - 0.03052 (ms)
2026-07-13 09:08:01,184 [INFO] Pass: ContractIdleWiresInControlFlow - 0.00238 (ms)
2026-07-13 09:08:01,185 [INFO] Pass: CommutativeCancellation - 0.13185 (ms)
2026-07-13 09:08:01,185 [INFO] Pass: ConsolidateBlocks - 0.05698 (ms)
2026-07-13 09:08:01,185 [INFO] Pass: Split2QUnitaries - 0.00262 (ms)
2026-07-13 09:08:01,185 [INFO] Pass: UnitarySynthesis - 0.00978 (ms)
2026-07-13 09:08:01,185 [INFO] Pass: HighLevelSynthesis - 0.06413 (ms)
2026-07-13 09:08:01,185 [INFO] Pass: BasisTranslator - 0.09847 (ms)
2026-07-13 09:08:01,185 [INFO] Pass: ConsolidateBlocks - 0.06604 (ms)
2026-07-13 09:08:01,185 [INFO] Pass: UnitarySynthesis - 0.00453 (ms)
2026-07-13 09:08:01,185 [INFO] Pass: Depth - 0.03695 (ms)
2026-07-13 09:08:01,185 [INFO] Pass: FixedPoint - 0.00501 (ms)
2026-07-13 09:08:01,185 [INFO] Pass: Size - 0.00286 (ms)
2026-07-13 09:08:01,185 [INFO] Pass: FixedPoint - 0.00310 (ms)
2026-07-13 09:08:01,185 [INFO] Pass: RemoveIdentityEquivalent - 0.00596 (ms)
2026-07-13 09:08:01,185 [INFO] Pass: Optimize1qGatesDecomposition - 0.17643 (ms)
2026-07-13 09:08:01,185 [INFO] Pass: ContainsInstruction - 0.01073 (ms)
2026-07-13 09:08:01,186 [INFO] Pass: UnitarySynthesis - 0.00715 (ms)
2026-07-13 09:08:01,186 [INFO] Pass: HighLevelSynthesis - 0.00477 (ms)
2026-07-13 09:08:01,186 [INFO] Pass: CommutativeCancellation - 0.14210 (ms)
2026-07-13 09:08:01,186 [INFO] Pass: ContractIdleWiresInControlFlow - 0.00238 (ms)
2026-07-13 09:08:01,186 [INFO] Pass: BasisTranslator - 0.05388 (ms)
2026-07-13 09:08:01,186 [INFO] Pass: ElidePermutations - 0.00381 (ms)
2026-07-13 09:08:01,186 [INFO] Pass: GatesInBasis - 0.05174 (ms)
2026-07-13 09:08:01,186 [INFO] Pass: RemoveDiagonalGatesBeforeMeasure - 0.00548 (ms)
2026-07-13 09:08:01,186 [INFO] Pass: RemoveIdentityEquivalent - 0.00739 (ms)
2026-07-13 09:08:01,186 [INFO] Pass: Depth - 0.03719 (ms)
2026-07-13 09:08:01,186 [INFO] Pass: FixedPoint - 0.00381 (ms)
2026-07-13 09:08:01,186 [INFO] Pass: InverseCancellation - 0.03052 (ms)
2026-07-13 09:08:01,186 [INFO] Pass: Size - 0.00238 (ms)
2026-07-13 09:08:01,186 [INFO] Pass: ContractIdleWiresInControlFlow - 0.00238 (ms)
2026-07-13 09:08:01,186 [INFO] Pass: FixedPoint - 0.00358 (ms)
2026-07-13 09:08:01,186 [INFO] Pass: RemoveIdentityEquivalent - 0.00620 (ms)
2026-07-13 09:08:01,186 [INFO] Pass: CommutativeCancellation - 0.12589 (ms)
2026-07-13 09:08:01,186 [INFO] Pass: Optimize1qGatesDecomposition - 0.14138 (ms)
2026-07-13 09:08:01,186 [INFO] Pass: ConsolidateBlocks - 0.05746 (ms)
2026-07-13 09:08:01,186 [INFO] Pass: Split2QUnitaries - 0.00286 (ms)
2026-07-13 09:08:01,186 [INFO] Pass: UnitarySynthesis - 0.00906 (ms)
2026-07-13 09:08:01,186 [INFO] Pass: CommutativeCancellation - 0.13399 (ms)
2026-07-13 09:08:01,186 [INFO] Pass: HighLevelSynthesis - 0.06366 (ms)
2026-07-13 09:08:01,186 [INFO] Pass: ContractIdleWiresInControlFlow - 0.00191 (ms)
2026-07-13 09:08:01,186 [INFO] Pass: GatesInBasis - 0.05102 (ms)
2026-07-13 09:08:01,186 [INFO] Pass: BasisTranslator - 0.09584 (ms)
2026-07-13 09:08:01,186 [INFO] Pass: Depth - 0.03457 (ms)
2026-07-13 09:08:01,186 [INFO] Pass: FixedPoint - 0.00334 (ms)
2026-07-13 09:08:01,186 [INFO] Pass: Size - 0.00238 (ms)
2026-07-13 09:08:01,186 [INFO] Pass: FixedPoint - 0.00310 (ms)
2026-07-13 09:08:01,186 [INFO] Pass: ConsolidateBlocks - 0.07367 (ms)
2026-07-13 09:08:01,186 [INFO] Pass: ContainsInstruction - 0.00548 (ms)
2026-07-13 09:08:01,186 [INFO] Pass: UnitarySynthesis - 0.00477 (ms)
2026-07-13 09:08:01,187 [INFO] Pass: Depth - 0.03719 (ms)
2026-07-13 09:08:01,187 [INFO] Pass: FixedPoint - 0.00501 (ms)
2026-07-13 09:08:01,187 [INFO] Pass: Size - 0.00262 (ms)
2026-07-13 09:08:01,187 [INFO] Pass: FixedPoint - 0.00334 (ms)
2026-07-13 09:08:01,187 [INFO] Pass: RemoveIdentityEquivalent - 0.00596 (ms)
2026-07-13 09:08:01,187 [INFO] Pass: Optimize1qGatesDecomposition - 0.16570 (ms)
2026-07-13 09:08:01,187 [INFO] Pass: ContainsInstruction - 0.01025 (ms)
2026-07-13 09:08:01,187 [INFO] Pass: UnitarySynthesis - 0.00739 (ms)
2026-07-13 09:08:01,187 [INFO] Pass: HighLevelSynthesis - 0.00453 (ms)
2026-07-13 09:08:01,187 [INFO] Total Transpile Time - 90.65676 (ms)
2026-07-13 09:08:01,187 [INFO] Pass: CommutativeCancellation - 0.13661 (ms)
2026-07-13 09:08:01,187 [INFO] Pass: BasisTranslator - 0.05341 (ms)
2026-07-13 09:08:01,187 [INFO] Pass: ContractIdleWiresInControlFlow - 0.00215 (ms)
2026-07-13 09:08:01,187 [INFO] Pass: ElidePermutations - 0.00381 (ms)
2026-07-13 09:08:01,187 [INFO] Pass: RemoveDiagonalGatesBeforeMeasure - 0.00620 (ms)
2026-07-13 09:08:01,187 [INFO] Pass: GatesInBasis - 0.05198 (ms)
2026-07-13 09:08:01,187 [INFO] Pass: RemoveIdentityEquivalent - 0.00763 (ms)
2026-07-13 09:08:01,187 [INFO] Pass: Depth - 0.03672 (ms)
2026-07-13 09:08:01,187 [INFO] Pass: InverseCancellation - 0.03219 (ms)
2026-07-13 09:08:01,187 [INFO] Pass: FixedPoint - 0.00405 (ms)
2026-07-13 09:08:01,187 [INFO] Pass: ContractIdleWiresInControlFlow - 0.00238 (ms)
2026-07-13 09:08:01,187 [INFO] Pass: Size - 0.00238 (ms)
2026-07-13 09:08:01,187 [INFO] Pass: ContainsInstruction - 0.01025 (ms)
2026-07-13 09:08:01,187 [INFO] Pass: FixedPoint - 0.00358 (ms)
2026-07-13 09:08:01,187 [INFO] Pass: RemoveIdentityEquivalent - 0.00620 (ms)
2026-07-13 09:08:01,187 [INFO] Pass: UnitarySynthesis - 0.00739 (ms)
2026-07-13 09:08:01,187 [INFO] Pass: HighLevelSynthesis - 0.00405 (ms)
2026-07-13 09:08:01,187 [INFO] Pass: CommutativeCancellation - 0.12660 (ms)
2026-07-13 09:08:01,187 [INFO] Pass: BasisTranslator - 0.05507 (ms)
2026-07-13 09:08:01,187 [INFO] Pass: ElidePermutations - 0.00358 (ms)
2026-07-13 09:08:01,187 [INFO] Pass: Optimize1qGatesDecomposition - 0.15330 (ms)
2026-07-13 09:08:01,187 [INFO] Pass: ConsolidateBlocks - 0.06485 (ms)
2026-07-13 09:08:01,187 [INFO] Pass: RemoveDiagonalGatesBeforeMeasure - 0.00596 (ms)
2026-07-13 09:08:01,187 [INFO] Pass: Split2QUnitaries - 0.00334 (ms)
2026-07-13 09:08:01,187 [INFO] Pass: RemoveIdentityEquivalent - 0.00811 (ms)
2026-07-13 09:08:01,188 [INFO] Pass: UnitarySynthesis - 0.00954 (ms)
2026-07-13 09:08:01,187 [INFO] Pass: ContainsInstruction - 0.01097 (ms)
2026-07-13 09:08:01,188 [INFO] Pass: InverseCancellation - 0.03147 (ms)
2026-07-13 09:08:01,188 [INFO] Pass: ContractIdleWiresInControlFlow - 0.00238 (ms)
2026-07-13 09:08:01,188 [INFO] Pass: UnitarySynthesis - 0.00691 (ms)
2026-07-13 09:08:01,188 [INFO] Pass: HighLevelSynthesis - 0.06342 (ms)
2026-07-13 09:08:01,188 [INFO] Pass: HighLevelSynthesis - 0.00453 (ms)
2026-07-13 09:08:01,188 [INFO] Pass: CommutativeCancellation - 0.13161 (ms)
2026-07-13 09:08:01,188 [INFO] Pass: ContractIdleWiresInControlFlow - 0.00215 (ms)
2026-07-13 09:08:01,188 [INFO] Pass: BasisTranslator - 0.05364 (ms)
2026-07-13 09:08:01,188 [INFO] Pass: GatesInBasis - 0.05126 (ms)
2026-07-13 09:08:01,188 [INFO] Pass: ElidePermutations - 0.00381 (ms)
2026-07-13 09:08:01,188 [INFO] Pass: BasisTranslator - 0.09704 (ms)
2026-07-13 09:08:01,188 [INFO] Pass: CommutativeCancellation - 0.13328 (ms)
2026-07-13 09:08:01,188 [INFO] Pass: RemoveDiagonalGatesBeforeMeasure - 0.00596 (ms)
2026-07-13 09:08:01,188 [INFO] Pass: ContainsInstruction - 0.01025 (ms)
2026-07-13 09:08:01,188 [INFO] Pass: Depth - 0.03576 (ms)
2026-07-13 09:08:01,188 [INFO] Pass: RemoveIdentityEquivalent - 0.00787 (ms)
2026-07-13 09:08:01,188 [INFO] Pass: FixedPoint - 0.00358 (ms)
2026-07-13 09:08:01,188 [INFO] Pass: UnitarySynthesis - 0.00715 (ms)
2026-07-13 09:08:01,188 [INFO] Pass: ConsolidateBlocks - 0.05627 (ms)
2026-07-13 09:08:01,188 [INFO] Pass: Size - 0.00191 (ms)
2026-07-13 09:08:01,188 [INFO] Pass: ConsolidateBlocks - 0.06747 (ms)
2026-07-13 09:08:01,188 [INFO] Pass: InverseCancellation - 0.03099 (ms)
2026-07-13 09:08:01,188 [INFO] Pass: Split2QUnitaries - 0.00286 (ms)
2026-07-13 09:08:01,188 [INFO] Pass: FixedPoint - 0.00310 (ms)
2026-07-13 09:08:01,188 [INFO] Pass: HighLevelSynthesis - 0.00453 (ms)
2026-07-13 09:08:01,188 [INFO] Pass: UnitarySynthesis - 0.00477 (ms)
2026-07-13 09:08:01,188 [INFO] Pass: ContractIdleWiresInControlFlow - 0.00215 (ms)
2026-07-13 09:08:01,188 [INFO] Pass: ContainsInstruction - 0.00572 (ms)
2026-07-13 09:08:01,188 [INFO] Pass: UnitarySynthesis - 0.00954 (ms)
2026-07-13 09:08:01,188 [INFO] Pass: Depth - 0.03719 (ms)
2026-07-13 09:08:01,188 [INFO] Pass: BasisTranslator - 0.05341 (ms)
2026-07-13 09:08:01,188 [INFO] Pass: FixedPoint - 0.00501 (ms)
2026-07-13 09:08:01,188 [INFO] Pass: ElidePermutations - 0.00358 (ms)
2026-07-13 09:08:01,188 [INFO] Pass: HighLevelSynthesis - 0.06366 (ms)
2026-07-13 09:08:01,188 [INFO] Pass: Size - 0.00286 (ms)
2026-07-13 09:08:01,188 [INFO] Pass: FixedPoint - 0.00310 (ms)
2026-07-13 09:08:01,188 [INFO] Pass: RemoveDiagonalGatesBeforeMeasure - 0.00572 (ms)
2026-07-13 09:08:01,188 [INFO] Pass: RemoveIdentityEquivalent - 0.00668 (ms)
2026-07-13 09:08:01,188 [INFO] Pass: RemoveIdentityEquivalent - 0.00763 (ms)
2026-07-13 09:08:01,188 [INFO] Pass: CommutativeCancellation - 0.12541 (ms)
2026-07-13 09:08:01,188 [INFO] Pass: ContainsInstruction - 0.01025 (ms)
2026-07-13 09:08:01,188 [INFO] Pass: ContainsInstruction - 0.01073 (ms)
2026-07-13 09:08:01,188 [INFO] Pass: InverseCancellation - 0.03099 (ms)
2026-07-13 09:08:01,188 [INFO] Pass: BasisTranslator - 0.09751 (ms)
2026-07-13 09:08:01,188 [INFO] Pass: UnitarySynthesis - 0.00739 (ms)
2026-07-13 09:08:01,188 [INFO] Pass: ContractIdleWiresInControlFlow - 0.00238 (ms)
2026-07-13 09:08:01,188 [INFO] Pass: ConsolidateBlocks - 0.05722 (ms)
2026-07-13 09:08:01,188 [INFO] Pass: UnitarySynthesis - 0.00739 (ms)
2026-07-13 09:08:01,188 [INFO] Pass: HighLevelSynthesis - 0.00429 (ms)
2026-07-13 09:08:01,188 [INFO] Pass: Split2QUnitaries - 0.00334 (ms)
2026-07-13 09:08:01,188 [INFO] Pass: HighLevelSynthesis - 0.00477 (ms)
2026-07-13 09:08:01,188 [INFO] Pass: UnitarySynthesis - 0.00978 (ms)
2026-07-13 09:08:01,188 [INFO] Pass: ConsolidateBlocks - 0.06723 (ms)
2026-07-13 09:08:01,188 [INFO] Pass: UnitarySynthesis - 0.00429 (ms)
2026-07-13 09:08:01,188 [INFO] Pass: BasisTranslator - 0.05460 (ms)
2026-07-13 09:08:01,188 [INFO] Pass: Optimize1qGatesDecomposition - 0.16952 (ms)
2026-07-13 09:08:01,188 [INFO] Pass: ElidePermutations - 0.00358 (ms)
2026-07-13 09:08:01,188 [INFO] Pass: BasisTranslator - 0.05460 (ms)
2026-07-13 09:08:01,188 [INFO] Pass: CommutativeCancellation - 0.12565 (ms)
2026-07-13 09:08:01,188 [INFO] Pass: HighLevelSynthesis - 0.06485 (ms)
2026-07-13 09:08:01,188 [INFO] Pass: Depth - 0.03719 (ms)
2026-07-13 09:08:01,188 [INFO] Pass: RemoveDiagonalGatesBeforeMeasure - 0.00596 (ms)
2026-07-13 09:08:01,188 [INFO] Pass: ElidePermutations - 0.00381 (ms)
2026-07-13 09:08:01,188 [INFO] Pass: FixedPoint - 0.00477 (ms)
2026-07-13 09:08:01,188 [INFO] Pass: RemoveIdentityEquivalent - 0.00763 (ms)
2026-07-13 09:08:01,188 [INFO] Pass: RemoveDiagonalGatesBeforeMeasure - 0.00596 (ms)
2026-07-13 09:08:01,188 [INFO] Pass: Size - 0.00286 (ms)
2026-07-13 09:08:01,188 [INFO] Pass: RemoveIdentityEquivalent - 0.00763 (ms)
2026-07-13 09:08:01,188 [INFO] Pass: ConsolidateBlocks - 0.05722 (ms)
2026-07-13 09:08:01,188 [INFO] Pass: FixedPoint - 0.00310 (ms)
2026-07-13 09:08:01,188 [INFO] Pass: InverseCancellation - 0.03290 (ms)
2026-07-13 09:08:01,188 [INFO] Total Transpile Time - 90.52038 (ms)
2026-07-13 09:08:01,188 [INFO] Pass: Split2QUnitaries - 0.00286 (ms)
2026-07-13 09:08:01,188 [INFO] Pass: RemoveIdentityEquivalent - 0.00644 (ms)
2026-07-13 09:08:01,188 [INFO] Pass: BasisTranslator - 0.09727 (ms)
2026-07-13 09:08:01,188 [INFO] Pass: ContractIdleWiresInControlFlow - 0.00191 (ms)
2026-07-13 09:08:01,188 [INFO] Pass: InverseCancellation - 0.03147 (ms)
2026-07-13 09:08:01,188 [INFO] Pass: CommutativeCancellation - 0.13876 (ms)
2026-07-13 09:08:01,188 [INFO] Pass: UnitarySynthesis - 0.00930 (ms)
2026-07-13 09:08:01,188 [INFO] Pass: ContractIdleWiresInControlFlow - 0.00191 (ms)
2026-07-13 09:08:01,188 [INFO] Pass: ContractIdleWiresInControlFlow - 0.00215 (ms)
2026-07-13 09:08:01,188 [INFO] Pass: ConsolidateBlocks - 0.07367 (ms)
2026-07-13 09:08:01,188 [INFO] Pass: GatesInBasis - 0.05221 (ms)
2026-07-13 09:08:01,188 [INFO] Pass: HighLevelSynthesis - 0.06509 (ms)
2026-07-13 09:08:01,189 [INFO] Pass: UnitarySynthesis - 0.00453 (ms)
2026-07-13 09:08:01,189 [INFO] Pass: CommutativeCancellation - 0.13089 (ms)
2026-07-13 09:08:01,189 [INFO] Pass: Depth - 0.03695 (ms)
2026-07-13 09:08:01,189 [INFO] Pass: Depth - 0.03719 (ms)
2026-07-13 09:08:01,189 [INFO] Pass: CommutativeCancellation - 0.13089 (ms)
2026-07-13 09:08:01,189 [INFO] Pass: Optimize1qGatesDecomposition - 0.17285 (ms)
2026-07-13 09:08:01,189 [INFO] Pass: FixedPoint - 0.00381 (ms)
2026-07-13 09:08:01,189 [INFO] Pass: FixedPoint - 0.00501 (ms)
2026-07-13 09:08:01,189 [INFO] Pass: Size - 0.00238 (ms)
2026-07-13 09:08:01,189 [INFO] Pass: BasisTranslator - 0.09918 (ms)
2026-07-13 09:08:01,189 [INFO] Pass: Size - 0.00310 (ms)
2026-07-13 09:08:01,189 [INFO] Pass: FixedPoint - 0.00358 (ms)
2026-07-13 09:08:01,189 [INFO] Pass: ConsolidateBlocks - 0.05794 (ms)
2026-07-13 09:08:01,189 [INFO] Pass: FixedPoint - 0.00334 (ms)
2026-07-13 09:08:01,189 [INFO] Pass: RemoveIdentityEquivalent - 0.00644 (ms)
2026-07-13 09:08:01,189 [INFO] Pass: Split2QUnitaries - 0.00262 (ms)
2026-07-13 09:08:01,189 [INFO] Pass: ConsolidateBlocks - 0.05603 (ms)
2026-07-13 09:08:01,189 [INFO] Pass: RemoveIdentityEquivalent - 0.00644 (ms)
2026-07-13 09:08:01,189 [INFO] Pass: Split2QUnitaries - 0.00262 (ms)
2026-07-13 09:08:01,189 [INFO] Pass: UnitarySynthesis - 0.00978 (ms)
2026-07-13 09:08:01,189 [INFO] Pass: ConsolidateBlocks - 0.06676 (ms)
2026-07-13 09:08:01,189 [INFO] Pass: UnitarySynthesis - 0.00978 (ms)
2026-07-13 09:08:01,189 [INFO] Pass: UnitarySynthesis - 0.00477 (ms)
2026-07-13 09:08:01,189 [INFO] Pass: CommutativeCancellation - 0.14162 (ms)
2026-07-13 09:08:01,189 [INFO] Pass: HighLevelSynthesis - 0.06318 (ms)
2026-07-13 09:08:01,189 [INFO] Pass: ContractIdleWiresInControlFlow - 0.00191 (ms)
2026-07-13 09:08:01,189 [INFO] Pass: HighLevelSynthesis - 0.06294 (ms)
2026-07-13 09:08:01,189 [INFO] Pass: Depth - 0.03695 (ms)
2026-07-13 09:08:01,189 [INFO] Pass: Optimize1qGatesDecomposition - 0.14162 (ms)
2026-07-13 09:08:01,189 [INFO] Pass: FixedPoint - 0.00548 (ms)
2026-07-13 09:08:01,189 [INFO] Pass: ContainsInstruction - 0.01073 (ms)
2026-07-13 09:08:01,189 [INFO] Pass: GatesInBasis - 0.05198 (ms)
2026-07-13 09:08:01,189 [INFO] Pass: Size - 0.00334 (ms)
2026-07-13 09:08:01,189 [INFO] Pass: Optimize1qGatesDecomposition - 0.16499 (ms)
2026-07-13 09:08:01,189 [INFO] Pass: FixedPoint - 0.00310 (ms)
2026-07-13 09:08:01,189 [INFO] Pass: BasisTranslator - 0.09942 (ms)
2026-07-13 09:08:01,189 [INFO] Pass: UnitarySynthesis - 0.00763 (ms)
2026-07-13 09:08:01,189 [INFO] Pass: RemoveIdentityEquivalent - 0.00644 (ms)
2026-07-13 09:08:01,189 [INFO] Pass: Depth - 0.03791 (ms)
2026-07-13 09:08:01,189 [INFO] Pass: BasisTranslator - 0.10085 (ms)
2026-07-13 09:08:01,189 [INFO] Pass: HighLevelSynthesis - 0.00477 (ms)
2026-07-13 09:08:01,189 [INFO] Pass: FixedPoint - 0.00405 (ms)
2026-07-13 09:08:01,189 [INFO] Pass: Size - 0.00215 (ms)
2026-07-13 09:08:01,189 [INFO] Pass: FixedPoint - 0.00381 (ms)
2026-07-13 09:08:01,189 [INFO] Pass: CommutativeCancellation - 0.13280 (ms)
2026-07-13 09:08:01,189 [INFO] Pass: ConsolidateBlocks - 0.06938 (ms)
2026-07-13 09:08:01,189 [INFO] Pass: RemoveIdentityEquivalent - 0.00668 (ms)
2026-07-13 09:08:01,189 [INFO] Pass: ContractIdleWiresInControlFlow - 0.00215 (ms)
2026-07-13 09:08:01,189 [INFO] Pass: BasisTranslator - 0.05436 (ms)
2026-07-13 09:08:01,189 [INFO] Pass: ConsolidateBlocks - 0.06700 (ms)
2026-07-13 09:08:01,189 [INFO] Pass: UnitarySynthesis - 0.00501 (ms)
2026-07-13 09:08:01,189 [INFO] Pass: CommutativeCancellation - 0.13876 (ms)
2026-07-13 09:08:01,189 [INFO] Pass: ElidePermutations - 0.00381 (ms)
2026-07-13 09:08:01,189 [INFO] Pass: UnitarySynthesis - 0.00477 (ms)
2026-07-13 09:08:01,189 [INFO] Pass: ContractIdleWiresInControlFlow - 0.00215 (ms)
2026-07-13 09:08:01,189 [INFO] Pass: RemoveDiagonalGatesBeforeMeasure - 0.00572 (ms)
2026-07-13 09:08:01,189 [INFO] Pass: Depth - 0.03719 (ms)
2026-07-13 09:08:01,189 [INFO] Pass: GatesInBasis - 0.05031 (ms)
2026-07-13 09:08:01,189 [INFO] Pass: RemoveIdentityEquivalent - 0.00834 (ms)
2026-07-13 09:08:01,189 [INFO] Pass: FixedPoint - 0.00501 (ms)
2026-07-13 09:08:01,189 [INFO] Pass: Depth - 0.03767 (ms)
2026-07-13 09:08:01,189 [INFO] Pass: Optimize1qGatesDecomposition - 0.16975 (ms)
2026-07-13 09:08:01,189 [INFO] Pass: Size - 0.00286 (ms)
2026-07-13 09:08:01,189 [INFO] Pass: GatesInBasis - 0.05269 (ms)
2026-07-13 09:08:01,189 [INFO] Pass: FixedPoint - 0.00477 (ms)
2026-07-13 09:08:01,189 [INFO] Pass: Depth - 0.03576 (ms)
2026-07-13 09:08:01,189 [INFO] Pass: FixedPoint - 0.00334 (ms)
2026-07-13 09:08:01,189 [INFO] Pass: Size - 0.00262 (ms)
2026-07-13 09:08:01,189 [INFO] Pass: InverseCancellation - 0.03171 (ms)
2026-07-13 09:08:01,189 [INFO] Pass: FixedPoint - 0.00334 (ms)
2026-07-13 09:08:01,189 [INFO] Pass: FixedPoint - 0.00334 (ms)
2026-07-13 09:08:01,189 [INFO] Pass: RemoveIdentityEquivalent - 0.00644 (ms)
2026-07-13 09:08:01,189 [INFO] Pass: Optimize1qGatesDecomposition - 0.14400 (ms)
2026-07-13 09:08:01,189 [INFO] Pass: ContractIdleWiresInControlFlow - 0.00191 (ms)
2026-07-13 09:08:01,189 [INFO] Pass: Size - 0.00238 (ms)
2026-07-13 09:08:01,189 [INFO] Pass: Depth - 0.03648 (ms)
2026-07-13 09:08:01,189 [INFO] Pass: RemoveIdentityEquivalent - 0.00620 (ms)
2026-07-13 09:08:01,189 [INFO] Pass: FixedPoint - 0.00334 (ms)
2026-07-13 09:08:01,189 [INFO] Pass: FixedPoint - 0.00358 (ms)
2026-07-13 09:08:01,189 [INFO] Pass: Size - 0.00238 (ms)
2026-07-13 09:08:01,189 [INFO] Pass: ContainsInstruction - 0.00596 (ms)
2026-07-13 09:08:01,189 [INFO] Pass: FixedPoint - 0.00381 (ms)
2026-07-13 09:08:01,189 [INFO] Pass: CommutativeCancellation - 0.13781 (ms)
2026-07-13 09:08:01,189 [INFO] Pass: RemoveIdentityEquivalent - 0.00572 (ms)
2026-07-13 09:08:01,189 [INFO] Pass: ContractIdleWiresInControlFlow - 0.00238 (ms)
2026-07-13 09:08:01,189 [INFO] Pass: CommutativeCancellation - 0.12612 (ms)
2026-07-13 09:08:01,189 [INFO] Pass: CommutativeCancellation - 0.13161 (ms)
2026-07-13 09:08:01,189 [INFO] Pass: ContractIdleWiresInControlFlow - 0.00215 (ms)
2026-07-13 09:08:01,189 [INFO] Pass: Optimize1qGatesDecomposition - 0.16522 (ms)
2026-07-13 09:08:01,189 [INFO] Pass: GatesInBasis - 0.05174 (ms)
2026-07-13 09:08:01,189 [INFO] Pass: Optimize1qGatesDecomposition - 0.16427 (ms)
2026-07-13 09:08:01,189 [INFO] Pass: ConsolidateBlocks - 0.06366 (ms)
2026-07-13 09:08:01,189 [INFO] Pass: GatesInBasis - 0.05651 (ms)
2026-07-13 09:08:01,189 [INFO] Pass: Depth - 0.03624 (ms)
2026-07-13 09:08:01,189 [INFO] Pass: Split2QUnitaries - 0.00286 (ms)
2026-07-13 09:08:01,189 [INFO] Pass: Optimize1qGatesDecomposition - 0.14949 (ms)
2026-07-13 09:08:01,189 [INFO] Pass: FixedPoint - 0.00358 (ms)
2026-07-13 09:08:01,190 [INFO] Pass: UnitarySynthesis - 0.00978 (ms)
2026-07-13 09:08:01,190 [INFO] Pass: Size - 0.00238 (ms)
2026-07-13 09:08:01,190 [INFO] Pass: Depth - 0.03529 (ms)
2026-07-13 09:08:01,190 [INFO] Pass: FixedPoint - 0.00358 (ms)
2026-07-13 09:08:01,190 [INFO] Pass: FixedPoint - 0.00358 (ms)
2026-07-13 09:08:01,190 [INFO] Pass: Size - 0.00191 (ms)
2026-07-13 09:08:01,190 [INFO] Pass: RemoveIdentityEquivalent - 0.00644 (ms)
2026-07-13 09:08:01,190 [INFO] Pass: CommutativeCancellation - 0.14496 (ms)
2026-07-13 09:08:01,190 [INFO] Pass: FixedPoint - 0.00334 (ms)
2026-07-13 09:08:01,190 [INFO] Pass: ContractIdleWiresInControlFlow - 0.00191 (ms)
2026-07-13 09:08:01,190 [INFO] Pass: HighLevelSynthesis - 0.06342 (ms)
2026-07-13 09:08:01,190 [INFO] Pass: CommutativeCancellation - 0.14091 (ms)
2026-07-13 09:08:01,190 [INFO] Pass: ContainsInstruction - 0.00620 (ms)
2026-07-13 09:08:01,190 [INFO] Pass: ContractIdleWiresInControlFlow - 0.00191 (ms)
2026-07-13 09:08:01,190 [INFO] Pass: CommutativeCancellation - 0.13328 (ms)
2026-07-13 09:08:01,190 [INFO] Pass: GatesInBasis - 0.05078 (ms)
2026-07-13 09:08:01,190 [INFO] Pass: ContractIdleWiresInControlFlow - 0.00191 (ms)
2026-07-13 09:08:01,190 [INFO] Pass: GatesInBasis - 0.05198 (ms)
2026-07-13 09:08:01,190 [INFO] Pass: BasisTranslator - 0.09799 (ms)
2026-07-13 09:08:01,190 [INFO] Pass: Depth - 0.03672 (ms)
2026-07-13 09:08:01,190 [INFO] Pass: Optimize1qGatesDecomposition - 0.14687 (ms)
2026-07-13 09:08:01,190 [INFO] Pass: GatesInBasis - 0.05198 (ms)
2026-07-13 09:08:01,190 [INFO] Total Transpile Time - 90.00230 (ms)
2026-07-13 09:08:01,190 [INFO] Pass: FixedPoint - 0.00381 (ms)
2026-07-13 09:08:01,190 [INFO] Pass: Depth - 0.03791 (ms)
2026-07-13 09:08:01,190 [INFO] Pass: Size - 0.00238 (ms)
2026-07-13 09:08:01,190 [INFO] Pass: FixedPoint - 0.00358 (ms)
2026-07-13 09:08:01,190 [INFO] Pass: FixedPoint - 0.00358 (ms)
2026-07-13 09:08:01,190 [INFO] Pass: Depth - 0.03576 (ms)
2026-07-13 09:08:01,190 [INFO] Pass: Size - 0.00238 (ms)
2026-07-13 09:08:01,190 [INFO] Pass: ConsolidateBlocks - 0.06795 (ms)
2026-07-13 09:08:01,190 [INFO] Pass: RemoveIdentityEquivalent - 0.00596 (ms)
2026-07-13 09:08:01,190 [INFO] Pass: FixedPoint - 0.00334 (ms)
2026-07-13 09:08:01,190 [INFO] Pass: FixedPoint - 0.00334 (ms)
2026-07-13 09:08:01,190 [INFO] Pass: UnitarySynthesis - 0.00477 (ms)
2026-07-13 09:08:01,190 [INFO] Pass: Size - 0.00191 (ms)
2026-07-13 09:08:01,190 [INFO] Pass: RemoveIdentityEquivalent - 0.00620 (ms)
2026-07-13 09:08:01,190 [INFO] Pass: FixedPoint - 0.00334 (ms)
2026-07-13 09:08:01,190 [INFO] Pass: ContainsInstruction - 0.00572 (ms)
2026-07-13 09:08:01,190 [INFO] Pass: Depth - 0.03719 (ms)
2026-07-13 09:08:01,190 [INFO] Pass: CommutativeCancellation - 0.13185 (ms)
2026-07-13 09:08:01,190 [INFO] Pass: FixedPoint - 0.00477 (ms)
2026-07-13 09:08:01,190 [INFO] Pass: ContractIdleWiresInControlFlow - 0.00167 (ms)
2026-07-13 09:08:01,190 [INFO] Pass: Size - 0.00310 (ms)
2026-07-13 09:08:01,190 [INFO] Pass: FixedPoint - 0.00310 (ms)
2026-07-13 09:08:01,190 [INFO] Pass: Optimize1qGatesDecomposition - 0.14687 (ms)
2026-07-13 09:08:01,190 [INFO] Pass: GatesInBasis - 0.05054 (ms)
2026-07-13 09:08:01,190 [INFO] Pass: RemoveIdentityEquivalent - 0.00668 (ms)
2026-07-13 09:08:01,190 [INFO] Pass: Optimize1qGatesDecomposition - 0.14234 (ms)
2026-07-13 09:08:01,190 [INFO] Pass: Depth - 0.03457 (ms)
2026-07-13 09:08:01,190 [INFO] Total Transpile Time - 90.57546 (ms)
2026-07-13 09:08:01,190 [INFO] Pass: FixedPoint - 0.00334 (ms)
2026-07-13 09:08:01,190 [INFO] Pass: Size - 0.00215 (ms)
2026-07-13 09:08:01,190 [INFO] Pass: FixedPoint - 0.00334 (ms)
2026-07-13 09:08:01,190 [INFO] Pass: ContainsInstruction - 0.00572 (ms)
2026-07-13 09:08:01,190 [INFO] Pass: CommutativeCancellation - 0.13375 (ms)
2026-07-13 09:08:01,190 [INFO] Pass: CommutativeCancellation - 0.13208 (ms)
2026-07-13 09:08:01,190 [INFO] Pass: ContractIdleWiresInControlFlow - 0.00215 (ms)
2026-07-13 09:08:01,190 [INFO] Pass: Optimize1qGatesDecomposition - 0.16594 (ms)
2026-07-13 09:08:01,190 [INFO] Pass: ContractIdleWiresInControlFlow - 0.00191 (ms)
2026-07-13 09:08:01,190 [INFO] Pass: GatesInBasis - 0.05031 (ms)
2026-07-13 09:08:01,190 [INFO] Pass: GatesInBasis - 0.05150 (ms)
2026-07-13 09:08:01,190 [INFO] Pass: Depth - 0.03767 (ms)
2026-07-13 09:08:01,190 [INFO] Pass: Depth - 0.03457 (ms)
2026-07-13 09:08:01,190 [INFO] Pass: FixedPoint - 0.00334 (ms)
2026-07-13 09:08:01,190 [INFO] Pass: FixedPoint - 0.00358 (ms)
2026-07-13 09:08:01,190 [INFO] Total Transpile Time - 90.43121 (ms)
2026-07-13 09:08:01,190 [INFO] Pass: Size - 0.00238 (ms)
2026-07-13 09:08:01,190 [INFO] Pass: CommutativeCancellation - 0.13947 (ms)
2026-07-13 09:08:01,190 [INFO] Pass: Size - 0.00191 (ms)
2026-07-13 09:08:01,190 [INFO] Pass: FixedPoint - 0.00334 (ms)
2026-07-13 09:08:01,190 [INFO] Pass: FixedPoint - 0.00310 (ms)
2026-07-13 09:08:01,190 [INFO] Pass: ContractIdleWiresInControlFlow - 0.00811 (ms)
2026-07-13 09:08:01,190 [INFO] Pass: ContainsInstruction - 0.00644 (ms)
2026-07-13 09:08:01,190 [INFO] Pass: ContainsInstruction - 0.00572 (ms)
2026-07-13 09:08:01,191 [INFO] Pass: GatesInBasis - 0.05221 (ms)
2026-07-13 09:08:01,191 [INFO] Pass: Depth - 0.03886 (ms)
2026-07-13 09:08:01,191 [INFO] Pass: FixedPoint - 0.00405 (ms)
2026-07-13 09:08:01,191 [INFO] Pass: Size - 0.00262 (ms)
2026-07-13 09:08:01,191 [INFO] Total Transpile Time - 90.29484 (ms)
2026-07-13 09:08:01,191 [INFO] Pass: FixedPoint - 0.00358 (ms)
2026-07-13 09:08:01,191 [INFO] Pass: RemoveIdentityEquivalent - 0.00644 (ms)
2026-07-13 09:08:01,191 [INFO] Pass: Optimize1qGatesDecomposition - 0.14472 (ms)
2026-07-13 09:08:01,191 [INFO] Total Transpile Time - 90.63077 (ms)
2026-07-13 09:08:01,191 [INFO] Total Transpile Time - 90.45601 (ms)
2026-07-13 09:08:01,191 [INFO] Pass: CommutativeCancellation - 0.13208 (ms)
2026-07-13 09:08:01,191 [INFO] Pass: ContractIdleWiresInControlFlow - 0.00167 (ms)
2026-07-13 09:08:01,191 [INFO] Pass: GatesInBasis - 0.05102 (ms)
2026-07-13 09:08:01,191 [INFO] Pass: Depth - 0.03552 (ms)
2026-07-13 09:08:01,191 [INFO] Pass: FixedPoint - 0.00310 (ms)
2026-07-13 09:08:01,191 [INFO] Pass: Size - 0.00215 (ms)
2026-07-13 09:08:01,191 [INFO] Pass: FixedPoint - 0.00310 (ms)
2026-07-13 09:08:01,191 [INFO] Pass: ContainsInstruction - 0.00644 (ms)
2026-07-13 09:08:01,192 [INFO] Total Transpile Time - 91.03966 (ms)
2026-07-13 09:08:01,535 [INFO] [PCE] Aer metadata (1ª ejecución de este proceso): device=CPU method=statevector shots=exact fusion_enabled=True
2026-07-13 09:08:01,538 [INFO] [PCE] Aer metadata (1ª ejecución de este proceso): device=CPU method=statevector shots=exact fusion_enabled=True
2026-07-13 09:08:01,540 [INFO] [PCE] Aer metadata (1ª ejecución de este proceso): device=CPU method=statevector shots=exact fusion_enabled=True
2026-07-13 09:08:01,543 [INFO] [PCE] Aer metadata (1ª ejecución de este proceso): device=CPU method=statevector shots=exact fusion_enabled=True
2026-07-13 09:08:01,545 [INFO] [PCE] Aer metadata (1ª ejecución de este proceso): device=CPU method=statevector shots=exact fusion_enabled=True
2026-07-13 09:08:01,547 [INFO] [PCE] Aer metadata (1ª ejecución de este proceso): device=CPU method=statevector shots=exact fusion_enabled=True
2026-07-13 09:08:01,550 [INFO] [PCE] Aer metadata (1ª ejecución de este proceso): device=CPU method=statevector shots=exact fusion_enabled=True
2026-07-13 09:08:01,552 [INFO] [PCE] Aer metadata (1ª ejecución de este proceso): device=CPU method=statevector shots=exact fusion_enabled=True
2026-07-13 09:08:01,555 [INFO] [PCE] Aer metadata (1ª ejecución de este proceso): device=CPU method=statevector shots=exact fusion_enabled=True
2026-07-13 13:38:31,025 [INFO] [PCE] n=350 instancia (idx=85) 1/9 completada (paralelo) — transcurrido=0:04:30:30
2026-07-13 13:38:34,544 [INFO] [PCE] n=350 instancia (idx=52) 2/9 completada (paralelo) — transcurrido=0:04:30:34
2026-07-13 13:38:42,742 [INFO] [PCE] n=350 instancia (idx=8) 3/9 completada (paralelo) — transcurrido=0:04:30:42
2026-07-13 13:38:48,877 [INFO] [PCE] n=350 instancia (idx=19) 4/9 completada (paralelo) — transcurrido=0:04:30:48
2026-07-13 13:38:52,211 [INFO] [PCE] n=350 instancia (idx=41) 5/9 completada (paralelo) — transcurrido=0:04:30:51
2026-07-13 13:38:54,305 [INFO] [PCE] n=350 instancia (idx=30) 6/9 completada (paralelo) — transcurrido=0:04:30:54
2026-07-13 13:38:57,705 [INFO] [PCE] n=350 instancia (idx=63) 7/9 completada (paralelo) — transcurrido=0:04:30:57
2026-07-13 13:39:26,106 [INFO] [PCE] n=350 instancia (idx=96) 8/9 completada (paralelo) — transcurrido=0:04:31:25
2026-07-13 13:39:58,243 [INFO] [PCE] n=350 instancia (idx=74) 9/9 completada (paralelo) — transcurrido=0:04:31:58
2026-07-13 13:39:58,360 [INFO] [PCE] n=350 chunk 9/11 completado — beta_parcial=0.6173 duration=0:04:31:58 shots=exact backend=AER
