qmio/hpc unloaded
gcccore/12.3.0 unloaded
binutils/2.40 unloaded
sqlite/3.45.3 unloaded
libffi/3.4.4 unloaded
python/3.11.9 unloaded
imkl/2023.2.0 unloaded
ninja/1.9.0 unloaded
meson/1.5.2-python-3.11.9 unloaded
meson-python/0.16.0-python-3.11.9 unloaded
cython/3.0.9-python-3.11.9 unloaded
numpy/1.26.4-python-3.11.9 unloaded
pybind11/2.13.6-python-3.11.9 unloaded
xsimd/12.1.1 unloaded
llvm/16.0.0 unloaded
gmp/6.3.0 unloaded
mpfr/4.2.1 unloaded
mpc/1.3.1 unloaded
flint/3.1.2 unloaded
symengine/0.11.2 unloaded
symengine-python/0.11.0-python-3.11.9 unloaded
spdlog/1.9.2 unloaded
pylatexenc/2.10-python-3.11.9 unloaded
libgd/2.3.3 unloaded
nasm/2.16.03 unloaded
libjpeg-turbo/3.0.2 unloaded
matplotlib/3.6.3-python-3.11.9 unloaded
pandas/2.2.2-python-3.11.9 unloaded
seaborn/0.12.2-python-3.11.9 unloaded
gcc/12.3.0 unloaded
rust/1.88.0 unloaded
pythran/0.15.0-python-3.11.9 unloaded
scipy/1.13.0-python-3.11.9 unloaded
qmio-run/0.5.1-python-3.11.9 unloaded
qiskit/2.2.3-python-3.11.9 unloaded
qmio-tools/0.2.1-python-3.11.9 unloaded
        Preparing the environment for use of the sistema software stack.
        Please rebuild modules cache: module --ignore-cache avail
     
qmio/hpc loaded
gcccore/12.3.0 loaded
binutils/2.40 loaded
sqlite/3.45.3 loaded
libffi/3.4.4 loaded
python/3.11.9 loaded

imkl/2023.2.0 loaded
ninja/1.9.0 loaded
meson/1.5.2-python-3.11.9 loaded
meson-python/0.16.0-python-3.11.9 loaded
cython/3.0.9-python-3.11.9 loaded
numpy/1.26.4-python-3.11.9 loaded
pybind11/2.13.6-python-3.11.9 loaded
xsimd/12.1.1 loaded
llvm/16.0.0 loaded
gmp/6.3.0 loaded
mpfr/4.2.1 loaded
mpc/1.3.1 loaded
flint/3.1.2 loaded
symengine/0.11.2 loaded
symengine-python/0.11.0-python-3.11.9 loaded
spdlog/1.9.2 loaded
pylatexenc/2.10-python-3.11.9 loaded
libgd/2.3.3 loaded
nasm/2.16.03 loaded
libjpeg-turbo/3.0.2 loaded
matplotlib/3.6.3-python-3.11.9 loaded
pandas/2.2.2-python-3.11.9 loaded
seaborn/0.12.2-python-3.11.9 loaded
gcc/12.3.0 loaded
rust/1.88.0 loaded
pythran/0.15.0-python-3.11.9 loaded
scipy/1.13.0-python-3.11.9 loaded
qmio-run/0.5.1-python-3.11.9 loaded
qiskit/2.2.3-python-3.11.9 loaded
qmio-tools/0.2.1-python-3.11.9 loaded
gcc/12.3.0 unloaded
rust/1.88.0 unloaded
pythran/0.15.0-python-3.11.9 unloaded
scipy/1.13.0-python-3.11.9 unloaded
qmio-run/0.5.1-python-3.11.9 unloaded
qiskit/2.2.3-python-3.11.9 unloaded
qmio-tools/0.2.1-python-3.11.9 unloaded
gcc/12.3.0 loaded
rust/1.88.0 loaded
pythran/0.15.0-python-3.11.9 loaded
scipy/1.13.0-python-3.11.9 loaded
qmio-run/0.5.1-python-3.11.9 loaded
qiskit/2.2.3-python-3.11.9 loaded
qmio-tools/0.2.1-python-3.11.9 loaded
qiskit/2.2.3-python-3.11.9 unloaded
qiskit/2.2.3-python-3.11.9 loaded
qmio-tools/0.2.1-python-3.11.9 unloaded
qmio-tools/0.2.1-python-3.11.9 loaded
2026-07-13 09:08:00,506 [INFO] [PCE] n=350 chunk 3/11: 9 instancias [2, 13, 24, 35, 46, 57, 68, 79, 90], num_workers=9, qubits=10
2026-07-13 09:08:00,506 [INFO] [PCE] n=350 paralelizando 9 instancias entre 9 workers (3 hilos/worker, 32 hilos totales disponibles)
2026-07-13 09:08:00,807 [INFO] Pass: ContainsInstruction - 0.01812 (ms)
2026-07-13 09:08:00,807 [INFO] Pass: UnitarySynthesis - 0.01097 (ms)
2026-07-13 09:08:00,807 [INFO] Pass: HighLevelSynthesis - 0.01478 (ms)
2026-07-13 09:08:00,807 [INFO] Pass: ContainsInstruction - 0.01693 (ms)
2026-07-13 09:08:00,807 [INFO] Pass: BasisTranslator - 0.08249 (ms)
2026-07-13 09:08:00,807 [INFO] Pass: ContainsInstruction - 0.01645 (ms)
2026-07-13 09:08:00,807 [INFO] Pass: UnitarySynthesis - 0.01049 (ms)
2026-07-13 09:08:00,807 [INFO] Pass: ElidePermutations - 0.00882 (ms)
2026-07-13 09:08:00,807 [INFO] Pass: UnitarySynthesis - 0.01025 (ms)
2026-07-13 09:08:00,807 [INFO] Pass: HighLevelSynthesis - 0.01097 (ms)
2026-07-13 09:08:00,807 [INFO] Pass: RemoveDiagonalGatesBeforeMeasure - 0.01502 (ms)
2026-07-13 09:08:00,807 [INFO] Pass: HighLevelSynthesis - 0.01216 (ms)
2026-07-13 09:08:00,807 [INFO] Pass: RemoveIdentityEquivalent - 0.01478 (ms)
2026-07-13 09:08:00,807 [INFO] Pass: InverseCancellation - 0.01121 (ms)
2026-07-13 09:08:00,807 [INFO] Pass: BasisTranslator - 0.07653 (ms)
2026-07-13 09:08:00,807 [INFO] Pass: ContainsInstruction - 0.01526 (ms)
2026-07-13 09:08:00,807 [INFO] Pass: ContractIdleWiresInControlFlow - 0.00262 (ms)
2026-07-13 09:08:00,807 [INFO] Pass: ElidePermutations - 0.00858 (ms)
2026-07-13 09:08:00,807 [INFO] Pass: BasisTranslator - 0.07415 (ms)
2026-07-13 09:08:00,807 [INFO] Pass: ElidePermutations - 0.00954 (ms)
2026-07-13 09:08:00,807 [INFO] Pass: UnitarySynthesis - 0.01240 (ms)
2026-07-13 09:08:00,807 [INFO] Pass: ContainsInstruction - 0.01621 (ms)
2026-07-13 09:08:00,807 [INFO] Pass: RemoveDiagonalGatesBeforeMeasure - 0.01359 (ms)
2026-07-13 09:08:00,807 [INFO] Pass: ContainsInstruction - 0.01550 (ms)
2026-07-13 09:08:00,807 [INFO] Pass: ContainsInstruction - 0.01574 (ms)
2026-07-13 09:08:00,807 [INFO] Pass: ContainsInstruction - 0.01669 (ms)
2026-07-13 09:08:00,807 [INFO] Pass: HighLevelSynthesis - 0.01311 (ms)
2026-07-13 09:08:00,807 [INFO] Pass: RemoveIdentityEquivalent - 0.01383 (ms)
2026-07-13 09:08:00,807 [INFO] Pass: RemoveDiagonalGatesBeforeMeasure - 0.01287 (ms)
2026-07-13 09:08:00,807 [INFO] Pass: UnitarySynthesis - 0.01049 (ms)
2026-07-13 09:08:00,807 [INFO] Pass: CommutativeCancellation - 0.13781 (ms)
2026-07-13 09:08:00,807 [INFO] Pass: UnitarySynthesis - 0.01025 (ms)
2026-07-13 09:08:00,807 [INFO] Pass: UnitarySynthesis - 0.01025 (ms)
2026-07-13 09:08:00,807 [INFO] Pass: InverseCancellation - 0.01335 (ms)
2026-07-13 09:08:00,807 [INFO] Pass: RemoveIdentityEquivalent - 0.01383 (ms)
2026-07-13 09:08:00,807 [INFO] Pass: ContainsInstruction - 0.01621 (ms)
2026-07-13 09:08:00,807 [INFO] Pass: UnitarySynthesis - 0.01049 (ms)
2026-07-13 09:08:00,807 [INFO] Pass: HighLevelSynthesis - 0.01216 (ms)
2026-07-13 09:08:00,807 [INFO] Pass: ContractIdleWiresInControlFlow - 0.00262 (ms)
2026-07-13 09:08:00,807 [INFO] Pass: HighLevelSynthesis - 0.01097 (ms)
2026-07-13 09:08:00,807 [INFO] Pass: InverseCancellation - 0.00954 (ms)
2026-07-13 09:08:00,807 [INFO] Pass: HighLevelSynthesis - 0.01025 (ms)
2026-07-13 09:08:00,807 [INFO] Pass: BasisTranslator - 0.07582 (ms)
2026-07-13 09:08:00,807 [INFO] Pass: HighLevelSynthesis - 0.01192 (ms)
2026-07-13 09:08:00,807 [INFO] Pass: ContractIdleWiresInControlFlow - 0.00262 (ms)
2026-07-13 09:08:00,807 [INFO] Pass: ConsolidateBlocks - 0.08035 (ms)
2026-07-13 09:08:00,807 [INFO] Pass: UnitarySynthesis - 0.01025 (ms)
2026-07-13 09:08:00,808 [INFO] Pass: ElidePermutations - 0.00787 (ms)
2026-07-13 09:08:00,808 [INFO] Pass: Split2QUnitaries - 0.00715 (ms)
2026-07-13 09:08:00,808 [INFO] Pass: HighLevelSynthesis - 0.01121 (ms)
2026-07-13 09:08:00,808 [INFO] Pass: BasisTranslator - 0.07844 (ms)
2026-07-13 09:08:00,808 [INFO] Pass: UnitarySynthesis - 0.00572 (ms)
2026-07-13 09:08:00,808 [INFO] Pass: BasisTranslator - 0.07010 (ms)
2026-07-13 09:08:00,808 [INFO] Pass: BasisTranslator - 0.07772 (ms)
2026-07-13 09:08:00,808 [INFO] Pass: RemoveDiagonalGatesBeforeMeasure - 0.01454 (ms)
2026-07-13 09:08:00,808 [INFO] Pass: BasisTranslator - 0.07176 (ms)
2026-07-13 09:08:00,808 [INFO] Pass: CommutativeCancellation - 0.12112 (ms)
2026-07-13 09:08:00,808 [INFO] Pass: ElidePermutations - 0.00811 (ms)
2026-07-13 09:08:00,808 [INFO] Pass: ElidePermutations - 0.00739 (ms)
2026-07-13 09:08:00,808 [INFO] Pass: ElidePermutations - 0.00763 (ms)
2026-07-13 09:08:00,808 [INFO] Pass: RemoveIdentityEquivalent - 0.01311 (ms)
2026-07-13 09:08:00,808 [INFO] Pass: ElidePermutations - 0.00763 (ms)
2026-07-13 09:08:00,808 [INFO] Pass: HighLevelSynthesis - 0.06223 (ms)
2026-07-13 09:08:00,808 [INFO] Pass: CommutativeCancellation - 0.12136 (ms)
2026-07-13 09:08:00,808 [INFO] Pass: BasisTranslator - 0.07391 (ms)
2026-07-13 09:08:00,808 [INFO] Pass: RemoveDiagonalGatesBeforeMeasure - 0.01454 (ms)
2026-07-13 09:08:00,808 [INFO] Pass: InverseCancellation - 0.01073 (ms)
2026-07-13 09:08:00,808 [INFO] Pass: RemoveDiagonalGatesBeforeMeasure - 0.01264 (ms)
2026-07-13 09:08:00,808 [INFO] Pass: RemoveDiagonalGatesBeforeMeasure - 0.01287 (ms)
2026-07-13 09:08:00,808 [INFO] Pass: ConsolidateBlocks - 0.07176 (ms)
2026-07-13 09:08:00,808 [INFO] Pass: ContractIdleWiresInControlFlow - 0.00286 (ms)
2026-07-13 09:08:00,808 [INFO] Pass: RemoveDiagonalGatesBeforeMeasure - 0.01216 (ms)
2026-07-13 09:08:00,808 [INFO] Pass: ElidePermutations - 0.00739 (ms)
2026-07-13 09:08:00,808 [INFO] Pass: RemoveIdentityEquivalent - 0.01431 (ms)
2026-07-13 09:08:00,808 [INFO] Pass: RemoveIdentityEquivalent - 0.01359 (ms)
2026-07-13 09:08:00,808 [INFO] Pass: Split2QUnitaries - 0.00620 (ms)
2026-07-13 09:08:00,808 [INFO] Pass: RemoveIdentityEquivalent - 0.01311 (ms)
2026-07-13 09:08:00,808 [INFO] Pass: ConsolidateBlocks - 0.06986 (ms)
2026-07-13 09:08:00,808 [INFO] Pass: InverseCancellation - 0.01073 (ms)
2026-07-13 09:08:00,808 [INFO] Pass: RemoveIdentityEquivalent - 0.01359 (ms)
2026-07-13 09:08:00,808 [INFO] Pass: UnitarySynthesis - 0.00620 (ms)
2026-07-13 09:08:00,808 [INFO] Pass: BasisTranslator - 0.09632 (ms)
2026-07-13 09:08:00,808 [INFO] Pass: InverseCancellation - 0.00930 (ms)
2026-07-13 09:08:00,808 [INFO] Pass: RemoveDiagonalGatesBeforeMeasure - 0.01264 (ms)
2026-07-13 09:08:00,808 [INFO] Pass: InverseCancellation - 0.00954 (ms)
2026-07-13 09:08:00,808 [INFO] Pass: Split2QUnitaries - 0.00572 (ms)
2026-07-13 09:08:00,808 [INFO] Pass: ContractIdleWiresInControlFlow - 0.00262 (ms)
2026-07-13 09:08:00,808 [INFO] Pass: ContractIdleWiresInControlFlow - 0.00238 (ms)
2026-07-13 09:08:00,808 [INFO] Pass: InverseCancellation - 0.00978 (ms)
2026-07-13 09:08:00,808 [INFO] Pass: ContractIdleWiresInControlFlow - 0.00215 (ms)
2026-07-13 09:08:00,808 [INFO] Pass: UnitarySynthesis - 0.00572 (ms)
2026-07-13 09:08:00,808 [INFO] Pass: ContractIdleWiresInControlFlow - 0.00238 (ms)
2026-07-13 09:08:00,808 [INFO] Pass: RemoveIdentityEquivalent - 0.01431 (ms)
2026-07-13 09:08:00,808 [INFO] Pass: HighLevelSynthesis - 0.06223 (ms)
2026-07-13 09:08:00,808 [INFO] Pass: CommutativeCancellation - 0.12803 (ms)
2026-07-13 09:08:00,808 [INFO] Pass: ConsolidateBlocks - 0.06962 (ms)
2026-07-13 09:08:00,808 [INFO] Pass: InverseCancellation - 0.00978 (ms)
2026-07-13 09:08:00,808 [INFO] Pass: HighLevelSynthesis - 0.06151 (ms)
2026-07-13 09:08:00,808 [INFO] Pass: UnitarySynthesis - 0.00501 (ms)
2026-07-13 09:08:00,808 [INFO] Pass: ContractIdleWiresInControlFlow - 0.00286 (ms)
2026-07-13 09:08:00,808 [INFO] Pass: CommutativeCancellation - 0.12398 (ms)
2026-07-13 09:08:00,808 [INFO] Pass: CommutativeCancellation - 0.11802 (ms)
2026-07-13 09:08:00,808 [INFO] Pass: ConsolidateBlocks - 0.07248 (ms)
2026-07-13 09:08:00,808 [INFO] Pass: Depth - 0.03791 (ms)
2026-07-13 09:08:00,808 [INFO] Pass: CommutativeCancellation - 0.12684 (ms)
2026-07-13 09:08:00,808 [INFO] Pass: BasisTranslator - 0.09632 (ms)
2026-07-13 09:08:00,808 [INFO] Pass: CommutativeCancellation - 0.12469 (ms)
2026-07-13 09:08:00,808 [INFO] Pass: Split2QUnitaries - 0.00644 (ms)
2026-07-13 09:08:00,808 [INFO] Pass: FixedPoint - 0.01001 (ms)
2026-07-13 09:08:00,808 [INFO] Pass: BasisTranslator - 0.09894 (ms)
2026-07-13 09:08:00,808 [INFO] Pass: UnitarySynthesis - 0.00548 (ms)
2026-07-13 09:08:00,808 [INFO] Pass: Size - 0.00858 (ms)
2026-07-13 09:08:00,808 [INFO] Pass: ConsolidateBlocks - 0.06747 (ms)
2026-07-13 09:08:00,808 [INFO] Pass: ConsolidateBlocks - 0.07439 (ms)
2026-07-13 09:08:00,808 [INFO] Pass: FixedPoint - 0.00334 (ms)
2026-07-13 09:08:00,808 [INFO] Pass: CommutativeCancellation - 0.12374 (ms)
2026-07-13 09:08:00,808 [INFO] Pass: ConsolidateBlocks - 0.06771 (ms)
2026-07-13 09:08:00,808 [INFO] Pass: ConsolidateBlocks - 0.06866 (ms)
2026-07-13 09:08:00,808 [INFO] Pass: Split2QUnitaries - 0.00596 (ms)
2026-07-13 09:08:00,808 [INFO] Pass: Split2QUnitaries - 0.00596 (ms)
2026-07-13 09:08:00,808 [INFO] Pass: RemoveIdentityEquivalent - 0.00477 (ms)
2026-07-13 09:08:00,808 [INFO] Pass: ConsolidateBlocks - 0.07010 (ms)
2026-07-13 09:08:00,808 [INFO] Pass: UnitarySynthesis - 0.00501 (ms)
2026-07-13 09:08:00,808 [INFO] Pass: Split2QUnitaries - 0.00525 (ms)
2026-07-13 09:08:00,808 [INFO] Pass: HighLevelSynthesis - 0.06080 (ms)
2026-07-13 09:08:00,808 [INFO] Pass: UnitarySynthesis - 0.00548 (ms)
2026-07-13 09:08:00,808 [INFO] Pass: UnitarySynthesis - 0.00572 (ms)
2026-07-13 09:08:00,808 [INFO] Pass: ConsolidateBlocks - 0.06604 (ms)
2026-07-13 09:08:00,808 [INFO] Pass: Split2QUnitaries - 0.00596 (ms)
2026-07-13 09:08:00,808 [INFO] Pass: UnitarySynthesis - 0.00548 (ms)
2026-07-13 09:08:00,808 [INFO] Pass: UnitarySynthesis - 0.00501 (ms)
2026-07-13 09:08:00,808 [INFO] Pass: UnitarySynthesis - 0.00596 (ms)
2026-07-13 09:08:00,808 [INFO] Pass: ConsolidateBlocks - 0.06866 (ms)
2026-07-13 09:08:00,808 [INFO] Pass: Depth - 0.03695 (ms)
2026-07-13 09:08:00,808 [INFO] Pass: Optimize1qGatesDecomposition - 0.05293 (ms)
2026-07-13 09:08:00,808 [INFO] Pass: Split2QUnitaries - 0.00596 (ms)
2026-07-13 09:08:00,808 [INFO] Pass: FixedPoint - 0.00906 (ms)
2026-07-13 09:08:00,808 [INFO] Pass: HighLevelSynthesis - 0.06151 (ms)
2026-07-13 09:08:00,808 [INFO] Pass: HighLevelSynthesis - 0.06199 (ms)
2026-07-13 09:08:00,808 [INFO] Pass: Depth - 0.03695 (ms)
2026-07-13 09:08:00,808 [INFO] Pass: HighLevelSynthesis - 0.06509 (ms)
2026-07-13 09:08:00,808 [INFO] Pass: Size - 0.00668 (ms)
2026-07-13 09:08:00,808 [INFO] Pass: UnitarySynthesis - 0.00525 (ms)
2026-07-13 09:08:00,808 [INFO] Pass: BasisTranslator - 0.09489 (ms)
2026-07-13 09:08:00,808 [INFO] Pass: HighLevelSynthesis - 0.06890 (ms)
2026-07-13 09:08:00,808 [INFO] Pass: FixedPoint - 0.00358 (ms)
2026-07-13 09:08:00,808 [INFO] Pass: FixedPoint - 0.00930 (ms)
2026-07-13 09:08:00,808 [INFO] Pass: Size - 0.00668 (ms)
2026-07-13 09:08:00,808 [INFO] Pass: RemoveIdentityEquivalent - 0.00477 (ms)
2026-07-13 09:08:00,808 [INFO] Pass: FixedPoint - 0.00334 (ms)
2026-07-13 09:08:00,808 [INFO] Pass: HighLevelSynthesis - 0.06151 (ms)
2026-07-13 09:08:00,808 [INFO] Pass: BasisTranslator - 0.10419 (ms)
2026-07-13 09:08:00,808 [INFO] Pass: BasisTranslator - 0.10300 (ms)
2026-07-13 09:08:00,808 [INFO] Pass: ConsolidateBlocks - 0.06843 (ms)
2026-07-13 09:08:00,808 [INFO] Pass: CommutativeCancellation - 0.14257 (ms)
2026-07-13 09:08:00,808 [INFO] Pass: RemoveIdentityEquivalent - 0.00453 (ms)
2026-07-13 09:08:00,808 [INFO] Pass: BasisTranslator - 0.09727 (ms)
2026-07-13 09:08:00,808 [INFO] Pass: UnitarySynthesis - 0.00525 (ms)
2026-07-13 09:08:00,808 [INFO] Pass: ContractIdleWiresInControlFlow - 0.00191 (ms)
2026-07-13 09:08:00,808 [INFO] Pass: Optimize1qGatesDecomposition - 0.05150 (ms)
2026-07-13 09:08:00,808 [INFO] Pass: BasisTranslator - 0.09704 (ms)
2026-07-13 09:08:00,808 [INFO] Pass: ConsolidateBlocks - 0.06676 (ms)
2026-07-13 09:08:00,808 [INFO] Pass: Optimize1qGatesDecomposition - 0.05102 (ms)
2026-07-13 09:08:00,808 [INFO] Pass: ConsolidateBlocks - 0.06843 (ms)
2026-07-13 09:08:00,808 [INFO] Pass: Depth - 0.03719 (ms)
2026-07-13 09:08:00,808 [INFO] Pass: BasisTranslator - 0.09751 (ms)
2026-07-13 09:08:00,808 [INFO] Pass: GatesInBasis - 0.05245 (ms)
2026-07-13 09:08:00,808 [INFO] Pass: ConsolidateBlocks - 0.06986 (ms)
2026-07-13 09:08:00,808 [INFO] Pass: UnitarySynthesis - 0.00501 (ms)
2026-07-13 09:08:00,808 [INFO] Pass: UnitarySynthesis - 0.00525 (ms)
2026-07-13 09:08:00,808 [INFO] Pass: FixedPoint - 0.00978 (ms)
2026-07-13 09:08:00,808 [INFO] Pass: ConsolidateBlocks - 0.06890 (ms)
2026-07-13 09:08:00,808 [INFO] Pass: UnitarySynthesis - 0.00501 (ms)
2026-07-13 09:08:00,808 [INFO] Pass: Size - 0.00668 (ms)
2026-07-13 09:08:00,809 [INFO] Pass: UnitarySynthesis - 0.00525 (ms)
2026-07-13 09:08:00,809 [INFO] Pass: Depth - 0.03362 (ms)
2026-07-13 09:08:00,809 [INFO] Pass: FixedPoint - 0.00334 (ms)
2026-07-13 09:08:00,809 [INFO] Pass: Depth - 0.03672 (ms)
2026-07-13 09:08:00,809 [INFO] Pass: Depth - 0.03672 (ms)
2026-07-13 09:08:00,809 [INFO] Pass: FixedPoint - 0.00405 (ms)
2026-07-13 09:08:00,809 [INFO] Pass: CommutativeCancellation - 0.13447 (ms)
2026-07-13 09:08:00,809 [INFO] Pass: ConsolidateBlocks - 0.06938 (ms)
2026-07-13 09:08:00,809 [INFO] Pass: RemoveIdentityEquivalent - 0.00429 (ms)
2026-07-13 09:08:00,809 [INFO] Pass: FixedPoint - 0.00858 (ms)
2026-07-13 09:08:00,809 [INFO] Pass: Depth - 0.03743 (ms)
2026-07-13 09:08:00,809 [INFO] Pass: Size - 0.00238 (ms)
2026-07-13 09:08:00,809 [INFO] Pass: FixedPoint - 0.00882 (ms)
2026-07-13 09:08:00,809 [INFO] Pass: ContractIdleWiresInControlFlow - 0.00238 (ms)
2026-07-13 09:08:00,809 [INFO] Pass: Depth - 0.03672 (ms)
2026-07-13 09:08:00,809 [INFO] Pass: UnitarySynthesis - 0.00548 (ms)
2026-07-13 09:08:00,809 [INFO] Pass: FixedPoint - 0.00310 (ms)
2026-07-13 09:08:00,809 [INFO] Pass: Size - 0.00644 (ms)
2026-07-13 09:08:00,809 [INFO] Pass: Size - 0.00668 (ms)
2026-07-13 09:08:00,809 [INFO] Pass: FixedPoint - 0.00978 (ms)
2026-07-13 09:08:00,809 [INFO] Pass: CommutativeCancellation - 0.13328 (ms)
2026-07-13 09:08:00,809 [INFO] Pass: FixedPoint - 0.00310 (ms)
2026-07-13 09:08:00,809 [INFO] Pass: FixedPoint - 0.00906 (ms)
2026-07-13 09:08:00,809 [INFO] Pass: FixedPoint - 0.00310 (ms)
2026-07-13 09:08:00,809 [INFO] Pass: ContainsInstruction - 0.00572 (ms)
2026-07-13 09:08:00,809 [INFO] Pass: Size - 0.00691 (ms)
2026-07-13 09:08:00,809 [INFO] Pass: ContractIdleWiresInControlFlow - 0.00191 (ms)
2026-07-13 09:08:00,809 [INFO] Pass: Optimize1qGatesDecomposition - 0.05150 (ms)
2026-07-13 09:08:00,809 [INFO] Pass: Size - 0.00644 (ms)
2026-07-13 09:08:00,809 [INFO] Pass: RemoveIdentityEquivalent - 0.00453 (ms)
2026-07-13 09:08:00,809 [INFO] Pass: Depth - 0.03695 (ms)
2026-07-13 09:08:00,809 [INFO] Pass: FixedPoint - 0.00334 (ms)
2026-07-13 09:08:00,809 [INFO] Pass: RemoveIdentityEquivalent - 0.00477 (ms)
2026-07-13 09:08:00,809 [INFO] Pass: GatesInBasis - 0.05293 (ms)
2026-07-13 09:08:00,809 [INFO] Pass: FixedPoint - 0.00334 (ms)
2026-07-13 09:08:00,809 [INFO] Pass: RemoveIdentityEquivalent - 0.00453 (ms)
2026-07-13 09:08:00,809 [INFO] Pass: FixedPoint - 0.01168 (ms)
2026-07-13 09:08:00,809 [INFO] Pass: RemoveIdentityEquivalent - 0.00453 (ms)
2026-07-13 09:08:00,809 [INFO] Pass: GatesInBasis - 0.05174 (ms)
2026-07-13 09:08:00,809 [INFO] Pass: Depth - 0.03386 (ms)
2026-07-13 09:08:00,809 [INFO] Pass: Size - 0.00668 (ms)
2026-07-13 09:08:00,809 [INFO] Pass: Optimize1qGatesDecomposition - 0.05364 (ms)
2026-07-13 09:08:00,809 [INFO] Pass: Optimize1qGatesDecomposition - 0.05031 (ms)
2026-07-13 09:08:00,809 [INFO] Pass: FixedPoint - 0.00358 (ms)
2026-07-13 09:08:00,809 [INFO] Pass: FixedPoint - 0.00334 (ms)
2026-07-13 09:08:00,809 [INFO] Pass: Size - 0.00262 (ms)
2026-07-13 09:08:00,809 [INFO] Pass: Optimize1qGatesDecomposition - 0.04959 (ms)
2026-07-13 09:08:00,809 [INFO] Pass: Depth - 0.03433 (ms)
2026-07-13 09:08:00,809 [INFO] Pass: RemoveIdentityEquivalent - 0.00477 (ms)
2026-07-13 09:08:00,809 [INFO] Pass: FixedPoint - 0.00334 (ms)
2026-07-13 09:08:00,809 [INFO] Pass: Optimize1qGatesDecomposition - 0.05078 (ms)
2026-07-13 09:08:00,809 [INFO] Pass: FixedPoint - 0.00429 (ms)
2026-07-13 09:08:00,809 [INFO] Pass: Size - 0.00262 (ms)
2026-07-13 09:08:00,809 [INFO] Pass: ContainsInstruction - 0.00572 (ms)
2026-07-13 09:08:00,809 [INFO] Pass: CommutativeCancellation - 0.14138 (ms)
2026-07-13 09:08:00,809 [INFO] Pass: FixedPoint - 0.00310 (ms)
2026-07-13 09:08:00,809 [INFO] Pass: ContractIdleWiresInControlFlow - 0.00191 (ms)
2026-07-13 09:08:00,809 [INFO] Pass: Optimize1qGatesDecomposition - 0.05174 (ms)
2026-07-13 09:08:00,809 [INFO] Pass: ContainsInstruction - 0.00572 (ms)
2026-07-13 09:08:00,809 [INFO] Pass: CommutativeCancellation - 0.13995 (ms)
2026-07-13 09:08:00,809 [INFO] Pass: CommutativeCancellation - 0.13566 (ms)
2026-07-13 09:08:00,809 [INFO] Pass: GatesInBasis - 0.05150 (ms)
2026-07-13 09:08:00,809 [INFO] Pass: ContractIdleWiresInControlFlow - 0.00215 (ms)
2026-07-13 09:08:00,809 [INFO] Pass: ContractIdleWiresInControlFlow - 0.00238 (ms)
2026-07-13 09:08:00,809 [INFO] Pass: CommutativeCancellation - 0.14305 (ms)
2026-07-13 09:08:00,809 [INFO] Pass: CommutativeCancellation - 0.13351 (ms)
2026-07-13 09:08:00,809 [INFO] Pass: ContractIdleWiresInControlFlow - 0.00215 (ms)
2026-07-13 09:08:00,809 [INFO] Pass: Depth - 0.03433 (ms)
2026-07-13 09:08:00,809 [INFO] Pass: ContractIdleWiresInControlFlow - 0.00191 (ms)
2026-07-13 09:08:00,809 [INFO] Pass: FixedPoint - 0.00405 (ms)
2026-07-13 09:08:00,809 [INFO] Pass: GatesInBasis - 0.05174 (ms)
2026-07-13 09:08:00,809 [INFO] Pass: GatesInBasis - 0.05293 (ms)
2026-07-13 09:08:00,809 [INFO] Pass: Size - 0.00215 (ms)
2026-07-13 09:08:00,809 [INFO] Pass: CommutativeCancellation - 0.13900 (ms)
2026-07-13 09:08:00,809 [INFO] Pass: GatesInBasis - 0.05364 (ms)
2026-07-13 09:08:00,809 [INFO] Pass: FixedPoint - 0.00286 (ms)
2026-07-13 09:08:00,809 [INFO] Pass: ContractIdleWiresInControlFlow - 0.00238 (ms)
2026-07-13 09:08:00,809 [INFO] Pass: GatesInBasis - 0.05269 (ms)
2026-07-13 09:08:00,809 [INFO] Pass: Depth - 0.03433 (ms)
2026-07-13 09:08:00,809 [INFO] Pass: Depth - 0.03481 (ms)
2026-07-13 09:08:00,809 [INFO] Pass: ContainsInstruction - 0.00620 (ms)
2026-07-13 09:08:00,809 [INFO] Pass: FixedPoint - 0.00381 (ms)
2026-07-13 09:08:00,809 [INFO] Pass: FixedPoint - 0.00405 (ms)
2026-07-13 09:08:00,809 [INFO] Pass: Depth - 0.03552 (ms)
2026-07-13 09:08:00,809 [INFO] Pass: Size - 0.00238 (ms)
2026-07-13 09:08:00,809 [INFO] Pass: Size - 0.00238 (ms)
2026-07-13 09:08:00,809 [INFO] Pass: Depth - 0.03314 (ms)
2026-07-13 09:08:00,809 [INFO] Pass: FixedPoint - 0.00405 (ms)
2026-07-13 09:08:00,809 [INFO] Pass: GatesInBasis - 0.05198 (ms)
2026-07-13 09:08:00,809 [INFO] Pass: FixedPoint - 0.00310 (ms)
2026-07-13 09:08:00,809 [INFO] Pass: FixedPoint - 0.00310 (ms)
2026-07-13 09:08:00,809 [INFO] Pass: FixedPoint - 0.00381 (ms)
2026-07-13 09:08:00,809 [INFO] Pass: Size - 0.00215 (ms)
2026-07-13 09:08:00,809 [INFO] Pass: Size - 0.00262 (ms)
2026-07-13 09:08:00,809 [INFO] Pass: ContainsInstruction - 0.00596 (ms)
2026-07-13 09:08:00,809 [INFO] Pass: ContainsInstruction - 0.00596 (ms)
2026-07-13 09:08:00,809 [INFO] Pass: FixedPoint - 0.00310 (ms)
2026-07-13 09:08:00,809 [INFO] Pass: FixedPoint - 0.00334 (ms)
2026-07-13 09:08:00,809 [INFO] Total Transpile Time - 126.41549 (ms)
2026-07-13 09:08:00,809 [INFO] Pass: Depth - 0.03457 (ms)
2026-07-13 09:08:00,809 [INFO] Pass: ContainsInstruction - 0.00572 (ms)
2026-07-13 09:08:00,809 [INFO] Pass: ContainsInstruction - 0.00596 (ms)
2026-07-13 09:08:00,809 [INFO] Pass: FixedPoint - 0.00405 (ms)
2026-07-13 09:08:00,809 [INFO] Pass: Size - 0.00238 (ms)
2026-07-13 09:08:00,809 [INFO] Pass: FixedPoint - 0.00334 (ms)
2026-07-13 09:08:00,809 [INFO] Pass: ContainsInstruction - 0.00644 (ms)
2026-07-13 09:08:00,809 [INFO] Total Transpile Time - 126.94454 (ms)
2026-07-13 09:08:00,809 [INFO] Total Transpile Time - 126.97387 (ms)
2026-07-13 09:08:00,810 [INFO] Total Transpile Time - 126.95503 (ms)
2026-07-13 09:08:00,810 [INFO] Total Transpile Time - 127.03776 (ms)
2026-07-13 09:08:00,810 [INFO] Total Transpile Time - 126.80316 (ms)
2026-07-13 09:08:00,810 [INFO] Total Transpile Time - 126.93644 (ms)
2026-07-13 09:08:00,810 [INFO] Total Transpile Time - 127.34675 (ms)
2026-07-13 09:08:00,810 [INFO] Total Transpile Time - 127.64430 (ms)
2026-07-13 09:08:00,898 [INFO] Pass: ContainsInstruction - 0.01073 (ms)
2026-07-13 09:08:00,898 [INFO] Pass: UnitarySynthesis - 0.00691 (ms)
2026-07-13 09:08:00,898 [INFO] Pass: HighLevelSynthesis - 0.00429 (ms)
2026-07-13 09:08:00,898 [INFO] Pass: ContainsInstruction - 0.01144 (ms)
2026-07-13 09:08:00,898 [INFO] Pass: BasisTranslator - 0.05221 (ms)
2026-07-13 09:08:00,898 [INFO] Pass: UnitarySynthesis - 0.00691 (ms)
2026-07-13 09:08:00,898 [INFO] Pass: ElidePermutations - 0.00381 (ms)
2026-07-13 09:08:00,898 [INFO] Pass: RemoveDiagonalGatesBeforeMeasure - 0.00620 (ms)
2026-07-13 09:08:00,898 [INFO] Pass: HighLevelSynthesis - 0.00477 (ms)
2026-07-13 09:08:00,898 [INFO] Pass: RemoveIdentityEquivalent - 0.00715 (ms)
2026-07-13 09:08:00,898 [INFO] Pass: BasisTranslator - 0.05102 (ms)
2026-07-13 09:08:00,898 [INFO] Pass: InverseCancellation - 0.03076 (ms)
2026-07-13 09:08:00,898 [INFO] Pass: ContractIdleWiresInControlFlow - 0.00238 (ms)
2026-07-13 09:08:00,898 [INFO] Pass: ElidePermutations - 0.00358 (ms)
2026-07-13 09:08:00,898 [INFO] Pass: RemoveDiagonalGatesBeforeMeasure - 0.00596 (ms)
2026-07-13 09:08:00,898 [INFO] Pass: RemoveIdentityEquivalent - 0.00668 (ms)
2026-07-13 09:08:00,898 [INFO] Pass: ContainsInstruction - 0.01121 (ms)
2026-07-13 09:08:00,898 [INFO] Pass: InverseCancellation - 0.03099 (ms)
2026-07-13 09:08:00,898 [INFO] Pass: ContainsInstruction - 0.01121 (ms)
2026-07-13 09:08:00,898 [INFO] Pass: ContractIdleWiresInControlFlow - 0.00238 (ms)
2026-07-13 09:08:00,898 [INFO] Pass: CommutativeCancellation - 0.12708 (ms)
2026-07-13 09:08:00,898 [INFO] Pass: UnitarySynthesis - 0.00668 (ms)
2026-07-13 09:08:00,898 [INFO] Pass: UnitarySynthesis - 0.00691 (ms)
2026-07-13 09:08:00,898 [INFO] Pass: HighLevelSynthesis - 0.00501 (ms)
2026-07-13 09:08:00,898 [INFO] Pass: HighLevelSynthesis - 0.00477 (ms)
2026-07-13 09:08:00,898 [INFO] Pass: ConsolidateBlocks - 0.05746 (ms)
2026-07-13 09:08:00,898 [INFO] Pass: Split2QUnitaries - 0.00334 (ms)
2026-07-13 09:08:00,898 [INFO] Pass: BasisTranslator - 0.05102 (ms)
2026-07-13 09:08:00,898 [INFO] Pass: BasisTranslator - 0.05126 (ms)
2026-07-13 09:08:00,898 [INFO] Pass: UnitarySynthesis - 0.00525 (ms)
2026-07-13 09:08:00,898 [INFO] Pass: CommutativeCancellation - 0.12088 (ms)
2026-07-13 09:08:00,898 [INFO] Pass: ElidePermutations - 0.00429 (ms)
2026-07-13 09:08:00,898 [INFO] Pass: ElidePermutations - 0.00381 (ms)
2026-07-13 09:08:00,898 [INFO] Pass: RemoveDiagonalGatesBeforeMeasure - 0.00596 (ms)
2026-07-13 09:08:00,898 [INFO] Pass: RemoveDiagonalGatesBeforeMeasure - 0.00668 (ms)
2026-07-13 09:08:00,899 [INFO] Pass: RemoveIdentityEquivalent - 0.00668 (ms)
2026-07-13 09:08:00,899 [INFO] Pass: RemoveIdentityEquivalent - 0.00668 (ms)
2026-07-13 09:08:00,899 [INFO] Pass: HighLevelSynthesis - 0.06413 (ms)
2026-07-13 09:08:00,899 [INFO] Pass: ConsolidateBlocks - 0.05746 (ms)
2026-07-13 09:08:00,899 [INFO] Pass: Split2QUnitaries - 0.00286 (ms)
2026-07-13 09:08:00,899 [INFO] Pass: InverseCancellation - 0.03028 (ms)
2026-07-13 09:08:00,899 [INFO] Pass: InverseCancellation - 0.03052 (ms)
2026-07-13 09:08:00,899 [INFO] Pass: UnitarySynthesis - 0.00572 (ms)
2026-07-13 09:08:00,899 [INFO] Pass: ContainsInstruction - 0.01121 (ms)
2026-07-13 09:08:00,899 [INFO] Pass: ContractIdleWiresInControlFlow - 0.00191 (ms)
2026-07-13 09:08:00,899 [INFO] Pass: ContractIdleWiresInControlFlow - 0.00191 (ms)
2026-07-13 09:08:00,899 [INFO] Pass: ContainsInstruction - 0.01144 (ms)
2026-07-13 09:08:00,899 [INFO] Pass: BasisTranslator - 0.09441 (ms)
2026-07-13 09:08:00,899 [INFO] Pass: UnitarySynthesis - 0.00620 (ms)
2026-07-13 09:08:00,899 [INFO] Pass: UnitarySynthesis - 0.00668 (ms)
2026-07-13 09:08:00,899 [INFO] Pass: HighLevelSynthesis - 0.06366 (ms)
2026-07-13 09:08:00,899 [INFO] Pass: HighLevelSynthesis - 0.00525 (ms)
2026-07-13 09:08:00,899 [INFO] Pass: ContainsInstruction - 0.01168 (ms)
2026-07-13 09:08:00,899 [INFO] Pass: HighLevelSynthesis - 0.00453 (ms)
2026-07-13 09:08:00,899 [INFO] Pass: UnitarySynthesis - 0.00691 (ms)
2026-07-13 09:08:00,899 [INFO] Pass: ConsolidateBlocks - 0.06533 (ms)
2026-07-13 09:08:00,899 [INFO] Pass: CommutativeCancellation - 0.12016 (ms)
2026-07-13 09:08:00,899 [INFO] Pass: CommutativeCancellation - 0.12279 (ms)
2026-07-13 09:08:00,899 [INFO] Pass: BasisTranslator - 0.05221 (ms)
2026-07-13 09:08:00,899 [INFO] Pass: UnitarySynthesis - 0.00477 (ms)
2026-07-13 09:08:00,899 [INFO] Pass: HighLevelSynthesis - 0.00453 (ms)
2026-07-13 09:08:00,899 [INFO] Pass: ElidePermutations - 0.00429 (ms)
2026-07-13 09:08:00,899 [INFO] Pass: BasisTranslator - 0.05388 (ms)
2026-07-13 09:08:00,899 [INFO] Pass: BasisTranslator - 0.09441 (ms)
2026-07-13 09:08:00,899 [INFO] Pass: RemoveDiagonalGatesBeforeMeasure - 0.00572 (ms)
2026-07-13 09:08:00,899 [INFO] Pass: ElidePermutations - 0.00381 (ms)
2026-07-13 09:08:00,899 [INFO] Pass: Depth - 0.03839 (ms)
2026-07-13 09:08:00,899 [INFO] Pass: ConsolidateBlocks - 0.05651 (ms)
2026-07-13 09:08:00,899 [INFO] Pass: ConsolidateBlocks - 0.05674 (ms)
2026-07-13 09:08:00,899 [INFO] Pass: RemoveIdentityEquivalent - 0.00763 (ms)
2026-07-13 09:08:00,899 [INFO] Pass: RemoveDiagonalGatesBeforeMeasure - 0.00668 (ms)
2026-07-13 09:08:00,899 [INFO] Pass: BasisTranslator - 0.05245 (ms)
2026-07-13 09:08:00,899 [INFO] Pass: FixedPoint - 0.00453 (ms)
2026-07-13 09:08:00,899 [INFO] Pass: Split2QUnitaries - 0.00262 (ms)
2026-07-13 09:08:00,899 [INFO] Pass: Split2QUnitaries - 0.00286 (ms)
2026-07-13 09:08:00,899 [INFO] Pass: RemoveIdentityEquivalent - 0.00644 (ms)
2026-07-13 09:08:00,899 [INFO] Pass: Size - 0.00310 (ms)
2026-07-13 09:08:00,899 [INFO] Pass: ElidePermutations - 0.00453 (ms)
2026-07-13 09:08:00,899 [INFO] Pass: UnitarySynthesis - 0.00501 (ms)
2026-07-13 09:08:00,899 [INFO] Pass: ConsolidateBlocks - 0.06676 (ms)
2026-07-13 09:08:00,899 [INFO] Pass: UnitarySynthesis - 0.00572 (ms)
2026-07-13 09:08:00,899 [INFO] Pass: InverseCancellation - 0.03028 (ms)
2026-07-13 09:08:00,899 [INFO] Pass: FixedPoint - 0.00310 (ms)
2026-07-13 09:08:00,899 [INFO] Pass: RemoveDiagonalGatesBeforeMeasure - 0.00596 (ms)
2026-07-13 09:08:00,899 [INFO] Pass: UnitarySynthesis - 0.00501 (ms)
2026-07-13 09:08:00,899 [INFO] Pass: ContractIdleWiresInControlFlow - 0.00215 (ms)
2026-07-13 09:08:00,899 [INFO] Pass: InverseCancellation - 0.03076 (ms)
2026-07-13 09:08:00,899 [INFO] Pass: RemoveIdentityEquivalent - 0.00572 (ms)
2026-07-13 09:08:00,899 [INFO] Pass: RemoveIdentityEquivalent - 0.00668 (ms)
2026-07-13 09:08:00,899 [INFO] Pass: ContractIdleWiresInControlFlow - 0.00191 (ms)
2026-07-13 09:08:00,899 [INFO] Pass: HighLevelSynthesis - 0.06223 (ms)
2026-07-13 09:08:00,899 [INFO] Pass: Depth - 0.03672 (ms)
2026-07-13 09:08:00,899 [INFO] Pass: HighLevelSynthesis - 0.06580 (ms)
2026-07-13 09:08:00,899 [INFO] Pass: InverseCancellation - 0.03099 (ms)
2026-07-13 09:08:00,899 [INFO] Pass: FixedPoint - 0.00501 (ms)
2026-07-13 09:08:00,899 [INFO] Pass: ContractIdleWiresInControlFlow - 0.00191 (ms)
2026-07-13 09:08:00,899 [INFO] Pass: Size - 0.00310 (ms)
2026-07-13 09:08:00,899 [INFO] Pass: FixedPoint - 0.00310 (ms)
2026-07-13 09:08:00,899 [INFO] Pass: CommutativeCancellation - 0.11730 (ms)
2026-07-13 09:08:00,899 [INFO] Pass: RemoveIdentityEquivalent - 0.00596 (ms)
2026-07-13 09:08:00,899 [INFO] Pass: BasisTranslator - 0.09823 (ms)
2026-07-13 09:08:00,899 [INFO] Pass: CommutativeCancellation - 0.11897 (ms)
2026-07-13 09:08:00,899 [INFO] Pass: BasisTranslator - 0.09704 (ms)
2026-07-13 09:08:00,899 [INFO] Pass: Optimize1qGatesDecomposition - 0.16093 (ms)
2026-07-13 09:08:00,899 [INFO] Pass: ConsolidateBlocks - 0.05937 (ms)
2026-07-13 09:08:00,899 [INFO] Pass: CommutativeCancellation - 0.12112 (ms)
2026-07-13 09:08:00,899 [INFO] Pass: Split2QUnitaries - 0.00286 (ms)
2026-07-13 09:08:00,899 [INFO] Pass: ContainsInstruction - 0.01168 (ms)
2026-07-13 09:08:00,899 [INFO] Pass: ConsolidateBlocks - 0.05698 (ms)
2026-07-13 09:08:00,899 [INFO] Pass: ConsolidateBlocks - 0.06628 (ms)
2026-07-13 09:08:00,899 [INFO] Pass: ConsolidateBlocks - 0.06437 (ms)
2026-07-13 09:08:00,899 [INFO] Pass: UnitarySynthesis - 0.00548 (ms)
2026-07-13 09:08:00,899 [INFO] Pass: Split2QUnitaries - 0.00286 (ms)
2026-07-13 09:08:00,899 [INFO] Pass: UnitarySynthesis - 0.00477 (ms)
2026-07-13 09:08:00,899 [INFO] Pass: UnitarySynthesis - 0.00501 (ms)
2026-07-13 09:08:00,899 [INFO] Pass: UnitarySynthesis - 0.00691 (ms)
2026-07-13 09:08:00,899 [INFO] Pass: UnitarySynthesis - 0.00501 (ms)
2026-07-13 09:08:00,899 [INFO] Pass: ConsolidateBlocks - 0.06580 (ms)
2026-07-13 09:08:00,899 [INFO] Pass: Optimize1qGatesDecomposition - 0.16809 (ms)
2026-07-13 09:08:00,899 [INFO] Pass: HighLevelSynthesis - 0.00501 (ms)
2026-07-13 09:08:00,899 [INFO] Pass: Depth - 0.04363 (ms)
2026-07-13 09:08:00,899 [INFO] Pass: Depth - 0.03624 (ms)
2026-07-13 09:08:00,899 [INFO] Pass: Split2QUnitaries - 0.00262 (ms)
2026-07-13 09:08:00,899 [INFO] Pass: CommutativeCancellation - 0.14114 (ms)
2026-07-13 09:08:00,899 [INFO] Pass: HighLevelSynthesis - 0.07081 (ms)
2026-07-13 09:08:00,899 [INFO] Pass: FixedPoint - 0.00453 (ms)
2026-07-13 09:08:00,899 [INFO] Pass: FixedPoint - 0.00429 (ms)
2026-07-13 09:08:00,899 [INFO] Pass: UnitarySynthesis - 0.00548 (ms)
2026-07-13 09:08:00,899 [INFO] Pass: ContractIdleWiresInControlFlow - 0.00191 (ms)
2026-07-13 09:08:00,899 [INFO] Pass: HighLevelSynthesis - 0.06270 (ms)
2026-07-13 09:08:00,899 [INFO] Pass: Size - 0.00310 (ms)
2026-07-13 09:08:00,899 [INFO] Pass: Size - 0.00334 (ms)
2026-07-13 09:08:00,899 [INFO] Pass: FixedPoint - 0.00310 (ms)
2026-07-13 09:08:00,899 [INFO] Pass: BasisTranslator - 0.05412 (ms)
2026-07-13 09:08:00,899 [INFO] Pass: FixedPoint - 0.00310 (ms)
2026-07-13 09:08:00,899 [INFO] Pass: RemoveIdentityEquivalent - 0.00548 (ms)
2026-07-13 09:08:00,899 [INFO] Pass: ElidePermutations - 0.00453 (ms)
2026-07-13 09:08:00,899 [INFO] Pass: RemoveIdentityEquivalent - 0.00548 (ms)
2026-07-13 09:08:00,899 [INFO] Pass: GatesInBasis - 0.05746 (ms)
2026-07-13 09:08:00,899 [INFO] Pass: HighLevelSynthesis - 0.06366 (ms)
2026-07-13 09:08:00,899 [INFO] Pass: RemoveDiagonalGatesBeforeMeasure - 0.00668 (ms)
2026-07-13 09:08:00,899 [INFO] Pass: BasisTranslator - 0.09680 (ms)
2026-07-13 09:08:00,899 [INFO] Pass: CommutativeCancellation - 0.13661 (ms)
2026-07-13 09:08:00,899 [INFO] Pass: RemoveIdentityEquivalent - 0.00620 (ms)
2026-07-13 09:08:00,899 [INFO] Pass: BasisTranslator - 0.09608 (ms)
2026-07-13 09:08:00,899 [INFO] Pass: Depth - 0.03672 (ms)
2026-07-13 09:08:00,899 [INFO] Pass: ContractIdleWiresInControlFlow - 0.00238 (ms)
2026-07-13 09:08:00,899 [INFO] Pass: FixedPoint - 0.00429 (ms)
2026-07-13 09:08:00,900 [INFO] Pass: InverseCancellation - 0.03099 (ms)
2026-07-13 09:08:00,900 [INFO] Pass: Size - 0.00238 (ms)
2026-07-13 09:08:00,900 [INFO] Pass: ConsolidateBlocks - 0.06676 (ms)
2026-07-13 09:08:00,900 [INFO] Pass: BasisTranslator - 0.09680 (ms)
2026-07-13 09:08:00,900 [INFO] Pass: ContractIdleWiresInControlFlow - 0.00238 (ms)
2026-07-13 09:08:00,900 [INFO] Pass: FixedPoint - 0.00930 (ms)
2026-07-13 09:08:00,900 [INFO] Pass: ConsolidateBlocks - 0.06676 (ms)
2026-07-13 09:08:00,900 [INFO] Pass: UnitarySynthesis - 0.00525 (ms)
2026-07-13 09:08:00,900 [INFO] Pass: GatesInBasis - 0.05388 (ms)
2026-07-13 09:08:00,900 [INFO] Pass: ContainsInstruction - 0.00501 (ms)
2026-07-13 09:08:00,900 [INFO] Pass: UnitarySynthesis - 0.00501 (ms)
2026-07-13 09:08:00,900 [INFO] Pass: Optimize1qGatesDecomposition - 0.15950 (ms)
2026-07-13 09:08:00,900 [INFO] Pass: Optimize1qGatesDecomposition - 0.16332 (ms)
2026-07-13 09:08:00,900 [INFO] Pass: Depth - 0.03672 (ms)
2026-07-13 09:08:00,900 [INFO] Pass: Depth - 0.03767 (ms)
2026-07-13 09:08:00,900 [INFO] Pass: ConsolidateBlocks - 0.06700 (ms)
2026-07-13 09:08:00,900 [INFO] Pass: Depth - 0.03648 (ms)
2026-07-13 09:08:00,900 [INFO] Pass: FixedPoint - 0.00548 (ms)
2026-07-13 09:08:00,900 [INFO] Pass: FixedPoint - 0.00453 (ms)
2026-07-13 09:08:00,900 [INFO] Pass: UnitarySynthesis - 0.00501 (ms)
2026-07-13 09:08:00,900 [INFO] Pass: Size - 0.00310 (ms)
2026-07-13 09:08:00,900 [INFO] Pass: FixedPoint - 0.00501 (ms)
2026-07-13 09:08:00,900 [INFO] Pass: Size - 0.00215 (ms)
2026-07-13 09:08:00,900 [INFO] Pass: CommutativeCancellation - 0.12255 (ms)
2026-07-13 09:08:00,900 [INFO] Pass: FixedPoint - 0.00334 (ms)
2026-07-13 09:08:00,900 [INFO] Pass: Size - 0.00334 (ms)
2026-07-13 09:08:00,900 [INFO] Pass: FixedPoint - 0.01097 (ms)
2026-07-13 09:08:00,900 [INFO] Pass: Depth - 0.03695 (ms)
2026-07-13 09:08:00,900 [INFO] Pass: FixedPoint - 0.00334 (ms)
2026-07-13 09:08:00,900 [INFO] Pass: RemoveIdentityEquivalent - 0.00548 (ms)
2026-07-13 09:08:00,900 [INFO] Pass: ContainsInstruction - 0.00572 (ms)
2026-07-13 09:08:00,900 [INFO] Pass: FixedPoint - 0.00477 (ms)
2026-07-13 09:08:00,900 [INFO] Pass: RemoveIdentityEquivalent - 0.00596 (ms)
2026-07-13 09:08:00,900 [INFO] Pass: CommutativeCancellation - 0.13566 (ms)
2026-07-13 09:08:00,900 [INFO] Pass: ContainsInstruction - 0.01097 (ms)
2026-07-13 09:08:00,900 [INFO] Pass: CommutativeCancellation - 0.13423 (ms)
2026-07-13 09:08:00,900 [INFO] Pass: Size - 0.00310 (ms)
2026-07-13 09:08:00,900 [INFO] Pass: ConsolidateBlocks - 0.05698 (ms)
2026-07-13 09:08:00,900 [INFO] Pass: ContractIdleWiresInControlFlow - 0.00167 (ms)
2026-07-13 09:08:00,900 [INFO] Pass: FixedPoint - 0.00310 (ms)
2026-07-13 09:08:00,900 [INFO] Pass: ContractIdleWiresInControlFlow - 0.00215 (ms)
2026-07-13 09:08:00,900 [INFO] Pass: Split2QUnitaries - 0.00262 (ms)
2026-07-13 09:08:00,900 [INFO] Pass: UnitarySynthesis - 0.00691 (ms)
2026-07-13 09:08:00,900 [INFO] Pass: RemoveIdentityEquivalent - 0.00525 (ms)
2026-07-13 09:08:00,900 [INFO] Pass: UnitarySynthesis - 0.00548 (ms)
2026-07-13 09:08:00,900 [INFO] Pass: HighLevelSynthesis - 0.00548 (ms)
2026-07-13 09:08:00,900 [INFO] Pass: GatesInBasis - 0.05364 (ms)
2026-07-13 09:08:00,900 [INFO] Pass: GatesInBasis - 0.05341 (ms)
2026-07-13 09:08:00,900 [INFO] Pass: Optimize1qGatesDecomposition - 0.15712 (ms)
2026-07-13 09:08:00,900 [INFO] Pass: HighLevelSynthesis - 0.06461 (ms)
2026-07-13 09:08:00,900 [INFO] Pass: Depth - 0.03529 (ms)
2026-07-13 09:08:00,900 [INFO] Pass: BasisTranslator - 0.05245 (ms)
2026-07-13 09:08:00,900 [INFO] Pass: Depth - 0.03672 (ms)
2026-07-13 09:08:00,900 [INFO] Pass: Optimize1qGatesDecomposition - 0.15926 (ms)
2026-07-13 09:08:00,900 [INFO] Pass: FixedPoint - 0.00429 (ms)
2026-07-13 09:08:00,900 [INFO] Pass: ElidePermutations - 0.00405 (ms)
2026-07-13 09:08:00,900 [INFO] Pass: FixedPoint - 0.00453 (ms)
2026-07-13 09:08:00,900 [INFO] Pass: Size - 0.00286 (ms)
2026-07-13 09:08:00,900 [INFO] Pass: Size - 0.00215 (ms)
2026-07-13 09:08:00,900 [INFO] Pass: RemoveDiagonalGatesBeforeMeasure - 0.00596 (ms)
2026-07-13 09:08:00,900 [INFO] Pass: FixedPoint - 0.00930 (ms)
2026-07-13 09:08:00,900 [INFO] Pass: Optimize1qGatesDecomposition - 0.15926 (ms)
2026-07-13 09:08:00,900 [INFO] Pass: FixedPoint - 0.00882 (ms)
2026-07-13 09:08:00,900 [INFO] Pass: RemoveIdentityEquivalent - 0.00620 (ms)
2026-07-13 09:08:00,900 [INFO] Pass: ContainsInstruction - 0.00572 (ms)
2026-07-13 09:08:00,900 [INFO] Pass: BasisTranslator - 0.09799 (ms)
2026-07-13 09:08:00,900 [INFO] Pass: ContainsInstruction - 0.00548 (ms)
2026-07-13 09:08:00,900 [INFO] Total Transpile Time - 90.28363 (ms)
2026-07-13 09:08:00,900 [INFO] Pass: InverseCancellation - 0.03052 (ms)
2026-07-13 09:08:00,900 [INFO] Pass: CommutativeCancellation - 0.13399 (ms)
2026-07-13 09:08:00,900 [INFO] Pass: ContractIdleWiresInControlFlow - 0.00215 (ms)
2026-07-13 09:08:00,900 [INFO] Pass: CommutativeCancellation - 0.13447 (ms)
2026-07-13 09:08:00,900 [INFO] Pass: ContractIdleWiresInControlFlow - 0.00238 (ms)
2026-07-13 09:08:00,900 [INFO] Pass: ContractIdleWiresInControlFlow - 0.00215 (ms)
2026-07-13 09:08:00,900 [INFO] Pass: ConsolidateBlocks - 0.06795 (ms)
2026-07-13 09:08:00,900 [INFO] Pass: UnitarySynthesis - 0.00525 (ms)
2026-07-13 09:08:00,900 [INFO] Pass: CommutativeCancellation - 0.13494 (ms)
2026-07-13 09:08:00,900 [INFO] Pass: GatesInBasis - 0.05317 (ms)
2026-07-13 09:08:00,900 [INFO] Total Transpile Time - 90.17015 (ms)
2026-07-13 09:08:00,900 [INFO] Pass: ContractIdleWiresInControlFlow - 0.00215 (ms)
2026-07-13 09:08:00,900 [INFO] Pass: GatesInBasis - 0.05364 (ms)
2026-07-13 09:08:00,900 [INFO] Pass: Depth - 0.03624 (ms)
2026-07-13 09:08:00,900 [INFO] Pass: CommutativeCancellation - 0.12112 (ms)
2026-07-13 09:08:00,900 [INFO] Pass: Depth - 0.04339 (ms)
2026-07-13 09:08:00,900 [INFO] Pass: FixedPoint - 0.00548 (ms)
2026-07-13 09:08:00,900 [INFO] Pass: Depth - 0.04101 (ms)
2026-07-13 09:08:00,900 [INFO] Pass: FixedPoint - 0.00453 (ms)
2026-07-13 09:08:00,900 [INFO] Pass: Size - 0.00334 (ms)
2026-07-13 09:08:00,900 [INFO] Pass: GatesInBasis - 0.05913 (ms)
2026-07-13 09:08:00,900 [INFO] Pass: FixedPoint - 0.00501 (ms)
2026-07-13 09:08:00,900 [INFO] Pass: Size - 0.00262 (ms)
2026-07-13 09:08:00,900 [INFO] Pass: FixedPoint - 0.00334 (ms)
2026-07-13 09:08:00,900 [INFO] Pass: Size - 0.00238 (ms)
2026-07-13 09:08:00,900 [INFO] Pass: FixedPoint - 0.00858 (ms)
2026-07-13 09:08:00,900 [INFO] Pass: ConsolidateBlocks - 0.05746 (ms)
2026-07-13 09:08:00,900 [INFO] Pass: RemoveIdentityEquivalent - 0.00572 (ms)
2026-07-13 09:08:00,900 [INFO] Pass: Depth - 0.03839 (ms)
2026-07-13 09:08:00,900 [INFO] Pass: FixedPoint - 0.01144 (ms)
2026-07-13 09:08:00,900 [INFO] Pass: Split2QUnitaries - 0.00286 (ms)
2026-07-13 09:08:00,900 [INFO] Pass: ContainsInstruction - 0.00596 (ms)
2026-07-13 09:08:00,900 [INFO] Pass: FixedPoint - 0.00453 (ms)
2026-07-13 09:08:00,900 [INFO] Pass: ContainsInstruction - 0.00548 (ms)
2026-07-13 09:08:00,900 [INFO] Pass: UnitarySynthesis - 0.00548 (ms)
2026-07-13 09:08:00,900 [INFO] Pass: Size - 0.00262 (ms)
2026-07-13 09:08:00,900 [INFO] Pass: FixedPoint - 0.00930 (ms)
2026-07-13 09:08:00,900 [INFO] Pass: ContainsInstruction - 0.00548 (ms)
2026-07-13 09:08:00,900 [INFO] Pass: HighLevelSynthesis - 0.06247 (ms)
2026-07-13 09:08:00,901 [INFO] Total Transpile Time - 90.71064 (ms)
2026-07-13 09:08:00,901 [INFO] Pass: Optimize1qGatesDecomposition - 0.16141 (ms)
2026-07-13 09:08:00,901 [INFO] Total Transpile Time - 90.35087 (ms)
2026-07-13 09:08:00,901 [INFO] Pass: BasisTranslator - 0.09656 (ms)
2026-07-13 09:08:00,901 [INFO] Pass: ConsolidateBlocks - 0.06747 (ms)
2026-07-13 09:08:00,901 [INFO] Pass: CommutativeCancellation - 0.13781 (ms)
2026-07-13 09:08:00,901 [INFO] Pass: UnitarySynthesis - 0.00501 (ms)
2026-07-13 09:08:00,901 [INFO] Pass: ContractIdleWiresInControlFlow - 0.00238 (ms)
2026-07-13 09:08:00,901 [INFO] Pass: Depth - 0.03624 (ms)
2026-07-13 09:08:00,901 [INFO] Pass: GatesInBasis - 0.05579 (ms)
2026-07-13 09:08:00,901 [INFO] Pass: FixedPoint - 0.00572 (ms)
2026-07-13 09:08:00,901 [INFO] Total Transpile Time - 90.72185 (ms)
2026-07-13 09:08:00,901 [INFO] Pass: Size - 0.00310 (ms)
2026-07-13 09:08:00,901 [INFO] Pass: FixedPoint - 0.00358 (ms)
2026-07-13 09:08:00,901 [INFO] Pass: Depth - 0.03767 (ms)
2026-07-13 09:08:00,901 [INFO] Total Transpile Time - 90.60478 (ms)
2026-07-13 09:08:00,901 [INFO] Pass: RemoveIdentityEquivalent - 0.00596 (ms)
2026-07-13 09:08:00,901 [INFO] Pass: FixedPoint - 0.00453 (ms)
2026-07-13 09:08:00,901 [INFO] Pass: Size - 0.00238 (ms)
2026-07-13 09:08:00,901 [INFO] Total Transpile Time - 91.37058 (ms)
2026-07-13 09:08:00,901 [INFO] Pass: FixedPoint - 0.00978 (ms)
2026-07-13 09:08:00,901 [INFO] Pass: ContainsInstruction - 0.00596 (ms)
2026-07-13 09:08:00,901 [INFO] Pass: Optimize1qGatesDecomposition - 0.15974 (ms)
2026-07-13 09:08:00,901 [INFO] Pass: CommutativeCancellation - 0.14400 (ms)
2026-07-13 09:08:00,901 [INFO] Pass: ContractIdleWiresInControlFlow - 0.00215 (ms)
2026-07-13 09:08:00,901 [INFO] Pass: GatesInBasis - 0.05269 (ms)
2026-07-13 09:08:00,901 [INFO] Pass: Depth - 0.03767 (ms)
2026-07-13 09:08:00,901 [INFO] Pass: FixedPoint - 0.00477 (ms)
2026-07-13 09:08:00,901 [INFO] Total Transpile Time - 91.32552 (ms)
2026-07-13 09:08:00,902 [INFO] Pass: Size - 0.00238 (ms)
2026-07-13 09:08:00,902 [INFO] Pass: FixedPoint - 0.00906 (ms)
2026-07-13 09:08:00,902 [INFO] Pass: ContainsInstruction - 0.00548 (ms)
2026-07-13 09:08:00,902 [INFO] Total Transpile Time - 91.91895 (ms)
2026-07-13 09:08:00,987 [INFO] Pass: ContainsInstruction - 0.01025 (ms)
2026-07-13 09:08:00,987 [INFO] Pass: UnitarySynthesis - 0.00691 (ms)
2026-07-13 09:08:00,987 [INFO] Pass: HighLevelSynthesis - 0.00501 (ms)
2026-07-13 09:08:00,987 [INFO] Pass: BasisTranslator - 0.05245 (ms)
2026-07-13 09:08:00,988 [INFO] Pass: ElidePermutations - 0.00334 (ms)
2026-07-13 09:08:00,987 [INFO] Pass: ContainsInstruction - 0.01073 (ms)
2026-07-13 09:08:00,988 [INFO] Pass: RemoveDiagonalGatesBeforeMeasure - 0.00596 (ms)
2026-07-13 09:08:00,988 [INFO] Pass: RemoveIdentityEquivalent - 0.00715 (ms)
2026-07-13 09:08:00,988 [INFO] Pass: UnitarySynthesis - 0.00691 (ms)
2026-07-13 09:08:00,988 [INFO] Pass: HighLevelSynthesis - 0.00453 (ms)
2026-07-13 09:08:00,988 [INFO] Pass: InverseCancellation - 0.03004 (ms)
2026-07-13 09:08:00,988 [INFO] Pass: ContractIdleWiresInControlFlow - 0.00191 (ms)
2026-07-13 09:08:00,988 [INFO] Pass: BasisTranslator - 0.05221 (ms)
2026-07-13 09:08:00,988 [INFO] Pass: ElidePermutations - 0.00381 (ms)
2026-07-13 09:08:00,988 [INFO] Pass: RemoveDiagonalGatesBeforeMeasure - 0.00596 (ms)
2026-07-13 09:08:00,988 [INFO] Pass: RemoveIdentityEquivalent - 0.00715 (ms)
2026-07-13 09:08:00,988 [INFO] Pass: CommutativeCancellation - 0.12112 (ms)
2026-07-13 09:08:00,988 [INFO] Pass: InverseCancellation - 0.03004 (ms)
2026-07-13 09:08:00,988 [INFO] Pass: ContractIdleWiresInControlFlow - 0.00191 (ms)
2026-07-13 09:08:00,988 [INFO] Pass: ConsolidateBlocks - 0.05794 (ms)
2026-07-13 09:08:00,988 [INFO] Pass: Split2QUnitaries - 0.00262 (ms)
2026-07-13 09:08:00,988 [INFO] Pass: ContainsInstruction - 0.01049 (ms)
2026-07-13 09:08:00,988 [INFO] Pass: UnitarySynthesis - 0.00906 (ms)
2026-07-13 09:08:00,988 [INFO] Pass: UnitarySynthesis - 0.00739 (ms)
2026-07-13 09:08:00,988 [INFO] Pass: CommutativeCancellation - 0.12207 (ms)
2026-07-13 09:08:00,988 [INFO] Pass: HighLevelSynthesis - 0.00477 (ms)
2026-07-13 09:08:00,988 [INFO] Pass: HighLevelSynthesis - 0.06390 (ms)
2026-07-13 09:08:00,988 [INFO] Pass: ConsolidateBlocks - 0.05698 (ms)
2026-07-13 09:08:00,988 [INFO] Pass: BasisTranslator - 0.05245 (ms)
2026-07-13 09:08:00,988 [INFO] Pass: Split2QUnitaries - 0.00238 (ms)
2026-07-13 09:08:00,988 [INFO] Pass: ElidePermutations - 0.00405 (ms)
2026-07-13 09:08:00,988 [INFO] Pass: BasisTranslator - 0.09632 (ms)
2026-07-13 09:08:00,988 [INFO] Pass: UnitarySynthesis - 0.00930 (ms)
2026-07-13 09:08:00,988 [INFO] Pass: RemoveDiagonalGatesBeforeMeasure - 0.00644 (ms)
2026-07-13 09:08:00,988 [INFO] Pass: RemoveIdentityEquivalent - 0.00763 (ms)
2026-07-13 09:08:00,988 [INFO] Pass: HighLevelSynthesis - 0.06461 (ms)
2026-07-13 09:08:00,988 [INFO] Pass: InverseCancellation - 0.03052 (ms)
2026-07-13 09:08:00,988 [INFO] Pass: ConsolidateBlocks - 0.06652 (ms)
2026-07-13 09:08:00,988 [INFO] Pass: ContractIdleWiresInControlFlow - 0.00262 (ms)
2026-07-13 09:08:00,988 [INFO] Pass: ContainsInstruction - 0.01097 (ms)
2026-07-13 09:08:00,988 [INFO] Pass: UnitarySynthesis - 0.00453 (ms)
2026-07-13 09:08:00,988 [INFO] Pass: UnitarySynthesis - 0.00715 (ms)
2026-07-13 09:08:00,988 [INFO] Pass: Depth - 0.03815 (ms)
2026-07-13 09:08:00,988 [INFO] Pass: HighLevelSynthesis - 0.00477 (ms)
2026-07-13 09:08:00,988 [INFO] Pass: BasisTranslator - 0.09608 (ms)
2026-07-13 09:08:00,988 [INFO] Pass: FixedPoint - 0.00501 (ms)
2026-07-13 09:08:00,988 [INFO] Pass: Size - 0.00334 (ms)
2026-07-13 09:08:00,988 [INFO] Pass: FixedPoint - 0.00310 (ms)
2026-07-13 09:08:00,988 [INFO] Pass: CommutativeCancellation - 0.12374 (ms)
2026-07-13 09:08:00,988 [INFO] Pass: BasisTranslator - 0.05150 (ms)
2026-07-13 09:08:00,988 [INFO] Pass: RemoveIdentityEquivalent - 0.00620 (ms)
2026-07-13 09:08:00,988 [INFO] Pass: ConsolidateBlocks - 0.06723 (ms)
2026-07-13 09:08:00,988 [INFO] Pass: ElidePermutations - 0.00358 (ms)
2026-07-13 09:08:00,988 [INFO] Pass: UnitarySynthesis - 0.00501 (ms)
2026-07-13 09:08:00,988 [INFO] Pass: RemoveDiagonalGatesBeforeMeasure - 0.00596 (ms)
2026-07-13 09:08:00,988 [INFO] Pass: ConsolidateBlocks - 0.05746 (ms)
2026-07-13 09:08:00,989 [INFO] Pass: RemoveIdentityEquivalent - 0.00691 (ms)
2026-07-13 09:08:00,989 [INFO] Pass: Split2QUnitaries - 0.00334 (ms)
2026-07-13 09:08:00,989 [INFO] Pass: Depth - 0.03648 (ms)
2026-07-13 09:08:00,989 [INFO] Pass: ContainsInstruction - 0.00978 (ms)
2026-07-13 09:08:00,989 [INFO] Pass: UnitarySynthesis - 0.00978 (ms)
2026-07-13 09:08:00,989 [INFO] Pass: FixedPoint - 0.00501 (ms)
2026-07-13 09:08:00,989 [INFO] Pass: InverseCancellation - 0.03052 (ms)
2026-07-13 09:08:00,989 [INFO] Pass: Size - 0.00310 (ms)
2026-07-13 09:08:00,989 [INFO] Pass: ContractIdleWiresInControlFlow - 0.00238 (ms)
2026-07-13 09:08:00,989 [INFO] Pass: UnitarySynthesis - 0.00715 (ms)
2026-07-13 09:08:00,989 [INFO] Pass: FixedPoint - 0.00286 (ms)
2026-07-13 09:08:00,989 [INFO] Pass: Optimize1qGatesDecomposition - 0.16928 (ms)
2026-07-13 09:08:00,989 [INFO] Pass: RemoveIdentityEquivalent - 0.00620 (ms)
2026-07-13 09:08:00,989 [INFO] Pass: HighLevelSynthesis - 0.00453 (ms)
2026-07-13 09:08:00,989 [INFO] Pass: HighLevelSynthesis - 0.06819 (ms)
2026-07-13 09:08:00,989 [INFO] Pass: BasisTranslator - 0.05269 (ms)
2026-07-13 09:08:00,989 [INFO] Pass: CommutativeCancellation - 0.12064 (ms)
2026-07-13 09:08:00,989 [INFO] Pass: ElidePermutations - 0.00358 (ms)
2026-07-13 09:08:00,989 [INFO] Pass: BasisTranslator - 0.09847 (ms)
2026-07-13 09:08:00,989 [INFO] Pass: RemoveDiagonalGatesBeforeMeasure - 0.00596 (ms)
2026-07-13 09:08:00,989 [INFO] Pass: CommutativeCancellation - 0.13280 (ms)
2026-07-13 09:08:00,989 [INFO] Pass: RemoveIdentityEquivalent - 0.00715 (ms)
2026-07-13 09:08:00,989 [INFO] Pass: ContractIdleWiresInControlFlow - 0.00215 (ms)
2026-07-13 09:08:00,989 [INFO] Pass: ConsolidateBlocks - 0.05770 (ms)
2026-07-13 09:08:00,989 [INFO] Pass: Optimize1qGatesDecomposition - 0.16332 (ms)
2026-07-13 09:08:00,989 [INFO] Pass: Split2QUnitaries - 0.00286 (ms)
2026-07-13 09:08:00,989 [INFO] Pass: ConsolidateBlocks - 0.06509 (ms)
2026-07-13 09:08:00,989 [INFO] Pass: InverseCancellation - 0.03076 (ms)
2026-07-13 09:08:00,989 [INFO] Pass: UnitarySynthesis - 0.00954 (ms)
2026-07-13 09:08:00,989 [INFO] Pass: GatesInBasis - 0.05293 (ms)
2026-07-13 09:08:00,989 [INFO] Pass: ContractIdleWiresInControlFlow - 0.00215 (ms)
2026-07-13 09:08:00,989 [INFO] Pass: UnitarySynthesis - 0.00477 (ms)
2026-07-13 09:08:00,989 [INFO] Pass: ContainsInstruction - 0.01025 (ms)
2026-07-13 09:08:00,989 [INFO] Pass: Depth - 0.03600 (ms)
2026-07-13 09:08:00,989 [INFO] Pass: Depth - 0.03743 (ms)
2026-07-13 09:08:00,989 [INFO] Pass: HighLevelSynthesis - 0.06342 (ms)
2026-07-13 09:08:00,989 [INFO] Pass: FixedPoint - 0.00381 (ms)
2026-07-13 09:08:00,989 [INFO] Pass: FixedPoint - 0.00477 (ms)
2026-07-13 09:08:00,989 [INFO] Pass: CommutativeCancellation - 0.13494 (ms)
2026-07-13 09:08:00,989 [INFO] Pass: Size - 0.00215 (ms)
2026-07-13 09:08:00,989 [INFO] Pass: UnitarySynthesis - 0.00715 (ms)
2026-07-13 09:08:00,989 [INFO] Pass: Size - 0.00334 (ms)
2026-07-13 09:08:00,989 [INFO] Pass: FixedPoint - 0.00334 (ms)
2026-07-13 09:08:00,989 [INFO] Pass: ContractIdleWiresInControlFlow - 0.00238 (ms)
2026-07-13 09:08:00,989 [INFO] Pass: FixedPoint - 0.00262 (ms)
2026-07-13 09:08:00,989 [INFO] Pass: HighLevelSynthesis - 0.00453 (ms)
2026-07-13 09:08:00,989 [INFO] Pass: CommutativeCancellation - 0.12183 (ms)
2026-07-13 09:08:00,989 [INFO] Pass: RemoveIdentityEquivalent - 0.00596 (ms)
2026-07-13 09:08:00,989 [INFO] Pass: RemoveIdentityEquivalent - 0.00644 (ms)
2026-07-13 09:08:00,989 [INFO] Pass: ContainsInstruction - 0.01049 (ms)
2026-07-13 09:08:00,989 [INFO] Pass: BasisTranslator - 0.10014 (ms)
2026-07-13 09:08:00,989 [INFO] Pass: GatesInBasis - 0.05221 (ms)
2026-07-13 09:08:00,989 [INFO] Pass: ContainsInstruction - 0.01025 (ms)
2026-07-13 09:08:00,989 [INFO] Pass: BasisTranslator - 0.05293 (ms)
2026-07-13 09:08:00,989 [INFO] Pass: UnitarySynthesis - 0.00739 (ms)
2026-07-13 09:08:00,989 [INFO] Pass: ConsolidateBlocks - 0.05913 (ms)
2026-07-13 09:08:00,989 [INFO] Pass: ElidePermutations - 0.00381 (ms)
2026-07-13 09:08:00,989 [INFO] Pass: UnitarySynthesis - 0.00787 (ms)
2026-07-13 09:08:00,989 [INFO] Pass: HighLevelSynthesis - 0.00501 (ms)
2026-07-13 09:08:00,989 [INFO] Pass: Split2QUnitaries - 0.00262 (ms)
2026-07-13 09:08:00,989 [INFO] Pass: Depth - 0.03552 (ms)
2026-07-13 09:08:00,989 [INFO] Pass: RemoveDiagonalGatesBeforeMeasure - 0.00572 (ms)
2026-07-13 09:08:00,989 [INFO] Pass: FixedPoint - 0.00358 (ms)
2026-07-13 09:08:00,989 [INFO] Pass: ConsolidateBlocks - 0.06652 (ms)
2026-07-13 09:08:00,989 [INFO] Pass: HighLevelSynthesis - 0.00477 (ms)
2026-07-13 09:08:00,989 [INFO] Pass: UnitarySynthesis - 0.00954 (ms)
2026-07-13 09:08:00,989 [INFO] Pass: RemoveIdentityEquivalent - 0.00691 (ms)
2026-07-13 09:08:00,989 [INFO] Pass: Size - 0.00215 (ms)
2026-07-13 09:08:00,989 [INFO] Pass: UnitarySynthesis - 0.00453 (ms)
2026-07-13 09:08:00,989 [INFO] Pass: Optimize1qGatesDecomposition - 0.14329 (ms)
2026-07-13 09:08:00,989 [INFO] Pass: FixedPoint - 0.00906 (ms)
2026-07-13 09:08:00,989 [INFO] Pass: BasisTranslator - 0.05841 (ms)
2026-07-13 09:08:00,989 [INFO] Pass: Optimize1qGatesDecomposition - 0.17047 (ms)
2026-07-13 09:08:00,989 [INFO] Pass: InverseCancellation - 0.03719 (ms)
2026-07-13 09:08:00,989 [INFO] Pass: RemoveIdentityEquivalent - 0.00644 (ms)
2026-07-13 09:08:00,989 [INFO] Pass: ElidePermutations - 0.00381 (ms)
2026-07-13 09:08:00,989 [INFO] Pass: BasisTranslator - 0.06127 (ms)
2026-07-13 09:08:00,989 [INFO] Pass: Depth - 0.03767 (ms)
2026-07-13 09:08:00,989 [INFO] Pass: HighLevelSynthesis - 0.07010 (ms)
2026-07-13 09:08:00,989 [INFO] Pass: ContractIdleWiresInControlFlow - 0.00215 (ms)
2026-07-13 09:08:00,989 [INFO] Pass: RemoveDiagonalGatesBeforeMeasure - 0.00596 (ms)
2026-07-13 09:08:00,989 [INFO] Pass: ElidePermutations - 0.00405 (ms)
2026-07-13 09:08:00,989 [INFO] Pass: FixedPoint - 0.00477 (ms)
2026-07-13 09:08:00,989 [INFO] Pass: RemoveIdentityEquivalent - 0.00739 (ms)
2026-07-13 09:08:00,989 [INFO] Pass: Size - 0.00310 (ms)
2026-07-13 09:08:00,989 [INFO] Pass: RemoveDiagonalGatesBeforeMeasure - 0.00572 (ms)
2026-07-13 09:08:00,989 [INFO] Pass: FixedPoint - 0.00310 (ms)
2026-07-13 09:08:00,989 [INFO] Pass: RemoveIdentityEquivalent - 0.00763 (ms)
2026-07-13 09:08:00,989 [INFO] Pass: InverseCancellation - 0.03076 (ms)
2026-07-13 09:08:00,989 [INFO] Pass: RemoveIdentityEquivalent - 0.00644 (ms)
2026-07-13 09:08:00,989 [INFO] Pass: CommutativeCancellation - 0.12827 (ms)
2026-07-13 09:08:00,989 [INFO] Pass: BasisTranslator - 0.09632 (ms)
2026-07-13 09:08:00,989 [INFO] Pass: ContractIdleWiresInControlFlow - 0.00215 (ms)
2026-07-13 09:08:00,989 [INFO] Pass: ContractIdleWiresInControlFlow - 0.00167 (ms)
2026-07-13 09:08:00,989 [INFO] Pass: InverseCancellation - 0.03123 (ms)
2026-07-13 09:08:00,989 [INFO] Pass: CommutativeCancellation - 0.13518 (ms)
2026-07-13 09:08:00,989 [INFO] Pass: Optimize1qGatesDecomposition - 0.14305 (ms)
2026-07-13 09:08:00,989 [INFO] Pass: CommutativeCancellation - 0.12994 (ms)
2026-07-13 09:08:00,989 [INFO] Pass: ContractIdleWiresInControlFlow - 0.00238 (ms)
2026-07-13 09:08:00,989 [INFO] Pass: ContractIdleWiresInControlFlow - 0.00238 (ms)
2026-07-13 09:08:00,990 [INFO] Pass: GatesInBasis - 0.05126 (ms)
2026-07-13 09:08:00,990 [INFO] Pass: ConsolidateBlocks - 0.06747 (ms)
2026-07-13 09:08:00,990 [INFO] Pass: ConsolidateBlocks - 0.05889 (ms)
2026-07-13 09:08:00,990 [INFO] Pass: UnitarySynthesis - 0.00477 (ms)
2026-07-13 09:08:00,990 [INFO] Pass: GatesInBasis - 0.05317 (ms)
2026-07-13 09:08:00,990 [INFO] Pass: Depth - 0.03386 (ms)
2026-07-13 09:08:00,990 [INFO] Pass: Split2QUnitaries - 0.00262 (ms)
2026-07-13 09:08:00,990 [INFO] Pass: CommutativeCancellation - 0.12279 (ms)
2026-07-13 09:08:00,990 [INFO] Pass: FixedPoint - 0.00310 (ms)
2026-07-13 09:08:00,990 [INFO] Pass: Optimize1qGatesDecomposition - 0.16212 (ms)
2026-07-13 09:08:00,990 [INFO] Pass: UnitarySynthesis - 0.00954 (ms)
2026-07-13 09:08:00,990 [INFO] Pass: Depth - 0.03672 (ms)
2026-07-13 09:08:00,990 [INFO] Pass: Depth - 0.03481 (ms)
2026-07-13 09:08:00,990 [INFO] Pass: Size - 0.00215 (ms)
2026-07-13 09:08:00,990 [INFO] Pass: CommutativeCancellation - 0.13137 (ms)
2026-07-13 09:08:00,990 [INFO] Pass: CommutativeCancellation - 0.12708 (ms)
2026-07-13 09:08:00,990 [INFO] Pass: FixedPoint - 0.00286 (ms)
2026-07-13 09:08:00,990 [INFO] Pass: FixedPoint - 0.00429 (ms)
2026-07-13 09:08:00,990 [INFO] Pass: FixedPoint - 0.00501 (ms)
2026-07-13 09:08:00,990 [INFO] Pass: ContractIdleWiresInControlFlow - 0.00191 (ms)
2026-07-13 09:08:00,990 [INFO] Pass: Size - 0.00262 (ms)
2026-07-13 09:08:00,990 [INFO] Pass: ContainsInstruction - 0.00548 (ms)
2026-07-13 09:08:00,990 [INFO] Pass: Size - 0.00310 (ms)
2026-07-13 09:08:00,990 [INFO] Pass: ConsolidateBlocks - 0.05841 (ms)
2026-07-13 09:08:00,990 [INFO] Pass: FixedPoint - 0.00334 (ms)
2026-07-13 09:08:00,990 [INFO] Pass: FixedPoint - 0.00286 (ms)
2026-07-13 09:08:00,990 [INFO] Pass: HighLevelSynthesis - 0.06342 (ms)
2026-07-13 09:08:00,990 [INFO] Pass: Split2QUnitaries - 0.00262 (ms)
2026-07-13 09:08:00,990 [INFO] Pass: ConsolidateBlocks - 0.05865 (ms)
2026-07-13 09:08:00,990 [INFO] Pass: RemoveIdentityEquivalent - 0.00620 (ms)
2026-07-13 09:08:00,990 [INFO] Pass: RemoveIdentityEquivalent - 0.00620 (ms)
2026-07-13 09:08:00,990 [INFO] Pass: GatesInBasis - 0.05054 (ms)
2026-07-13 09:08:00,990 [INFO] Pass: UnitarySynthesis - 0.00954 (ms)
2026-07-13 09:08:00,990 [INFO] Pass: Split2QUnitaries - 0.00238 (ms)
2026-07-13 09:08:00,990 [INFO] Pass: CommutativeCancellation - 0.13542 (ms)
2026-07-13 09:08:00,990 [INFO] Pass: UnitarySynthesis - 0.00978 (ms)
2026-07-13 09:08:00,990 [INFO] Pass: Depth - 0.03695 (ms)
2026-07-13 09:08:00,990 [INFO] Pass: ContractIdleWiresInControlFlow - 0.00191 (ms)
2026-07-13 09:08:00,990 [INFO] Pass: FixedPoint - 0.00358 (ms)
2026-07-13 09:08:00,990 [INFO] Pass: HighLevelSynthesis - 0.06366 (ms)
2026-07-13 09:08:00,990 [INFO] Pass: BasisTranslator - 0.09942 (ms)
2026-07-13 09:08:00,990 [INFO] Pass: Size - 0.00215 (ms)
2026-07-13 09:08:00,990 [INFO] Pass: FixedPoint - 0.00334 (ms)
2026-07-13 09:08:00,990 [INFO] Pass: HighLevelSynthesis - 0.06437 (ms)
2026-07-13 09:08:00,990 [INFO] Pass: GatesInBasis - 0.05150 (ms)
2026-07-13 09:08:00,990 [INFO] Pass: ContainsInstruction - 0.00525 (ms)
2026-07-13 09:08:00,990 [INFO] Pass: Optimize1qGatesDecomposition - 0.14234 (ms)
2026-07-13 09:08:00,990 [INFO] Pass: Optimize1qGatesDecomposition - 0.16284 (ms)
2026-07-13 09:08:00,990 [INFO] Pass: ConsolidateBlocks - 0.06700 (ms)
2026-07-13 09:08:00,990 [INFO] Pass: Depth - 0.03648 (ms)
2026-07-13 09:08:00,990 [INFO] Pass: BasisTranslator - 0.09680 (ms)
2026-07-13 09:08:00,990 [INFO] Pass: UnitarySynthesis - 0.00453 (ms)
2026-07-13 09:08:00,990 [INFO] Pass: FixedPoint - 0.00358 (ms)
2026-07-13 09:08:00,990 [INFO] Pass: Size - 0.00238 (ms)
2026-07-13 09:08:00,990 [INFO] Pass: BasisTranslator - 0.09894 (ms)
2026-07-13 09:08:00,990 [INFO] Pass: FixedPoint - 0.00310 (ms)
2026-07-13 09:08:00,990 [INFO] Pass: Depth - 0.03767 (ms)
2026-07-13 09:08:00,990 [INFO] Pass: RemoveIdentityEquivalent - 0.00596 (ms)
2026-07-13 09:08:00,990 [INFO] Pass: FixedPoint - 0.00477 (ms)
2026-07-13 09:08:00,990 [INFO] Pass: ConsolidateBlocks - 0.06580 (ms)
2026-07-13 09:08:00,990 [INFO] Pass: CommutativeCancellation - 0.12898 (ms)
2026-07-13 09:08:00,990 [INFO] Pass: Size - 0.00310 (ms)
2026-07-13 09:08:00,990 [INFO] Pass: UnitarySynthesis - 0.00477 (ms)
2026-07-13 09:08:00,990 [INFO] Pass: ContractIdleWiresInControlFlow - 0.00191 (ms)
2026-07-13 09:08:00,990 [INFO] Pass: FixedPoint - 0.00286 (ms)
2026-07-13 09:08:00,990 [INFO] Pass: ConsolidateBlocks - 0.06700 (ms)
2026-07-13 09:08:00,990 [INFO] Pass: CommutativeCancellation - 0.13709 (ms)
2026-07-13 09:08:00,990 [INFO] Pass: RemoveIdentityEquivalent - 0.00644 (ms)
2026-07-13 09:08:00,990 [INFO] Pass: UnitarySynthesis - 0.00477 (ms)
2026-07-13 09:08:00,990 [INFO] Pass: ContractIdleWiresInControlFlow - 0.00238 (ms)
2026-07-13 09:08:00,990 [INFO] Pass: Depth - 0.03767 (ms)
2026-07-13 09:08:00,990 [INFO] Total Transpile Time - 89.56099 (ms)
2026-07-13 09:08:00,990 [INFO] Pass: GatesInBasis - 0.05221 (ms)
2026-07-13 09:08:00,990 [INFO] Pass: FixedPoint - 0.00477 (ms)
2026-07-13 09:08:00,990 [INFO] Pass: Depth - 0.03791 (ms)
2026-07-13 09:08:00,990 [INFO] Pass: Size - 0.00286 (ms)
2026-07-13 09:08:00,990 [INFO] Pass: GatesInBasis - 0.05198 (ms)
2026-07-13 09:08:00,990 [INFO] Pass: Optimize1qGatesDecomposition - 0.14234 (ms)
2026-07-13 09:08:00,990 [INFO] Pass: FixedPoint - 0.00286 (ms)
2026-07-13 09:08:00,990 [INFO] Pass: FixedPoint - 0.00548 (ms)
2026-07-13 09:08:00,990 [INFO] Pass: Depth - 0.03409 (ms)
2026-07-13 09:08:00,990 [INFO] Pass: Size - 0.00286 (ms)
2026-07-13 09:08:00,990 [INFO] Pass: RemoveIdentityEquivalent - 0.00596 (ms)
2026-07-13 09:08:00,990 [INFO] Pass: FixedPoint - 0.00334 (ms)
2026-07-13 09:08:00,990 [INFO] Pass: FixedPoint - 0.00334 (ms)
2026-07-13 09:08:00,990 [INFO] Pass: Size - 0.00262 (ms)
2026-07-13 09:08:00,990 [INFO] Pass: Depth - 0.04339 (ms)
2026-07-13 09:08:00,990 [INFO] Pass: FixedPoint - 0.00334 (ms)
2026-07-13 09:08:00,990 [INFO] Pass: FixedPoint - 0.00405 (ms)
2026-07-13 09:08:00,990 [INFO] Pass: RemoveIdentityEquivalent - 0.00668 (ms)
2026-07-13 09:08:00,990 [INFO] Pass: Size - 0.00286 (ms)
2026-07-13 09:08:00,990 [INFO] Pass: Optimize1qGatesDecomposition - 0.16904 (ms)
2026-07-13 09:08:00,990 [INFO] Pass: ContainsInstruction - 0.00572 (ms)
2026-07-13 09:08:00,990 [INFO] Pass: FixedPoint - 0.00334 (ms)
2026-07-13 09:08:00,990 [INFO] Total Transpile Time - 89.93411 (ms)
2026-07-13 09:08:00,990 [INFO] Pass: CommutativeCancellation - 0.13375 (ms)
2026-07-13 09:08:00,990 [INFO] Pass: RemoveIdentityEquivalent - 0.00620 (ms)
2026-07-13 09:08:00,990 [INFO] Pass: ContractIdleWiresInControlFlow - 0.00191 (ms)
2026-07-13 09:08:00,990 [INFO] Pass: Optimize1qGatesDecomposition - 0.16522 (ms)
2026-07-13 09:08:00,990 [INFO] Pass: GatesInBasis - 0.05102 (ms)
2026-07-13 09:08:00,990 [INFO] Pass: Optimize1qGatesDecomposition - 0.16427 (ms)
2026-07-13 09:08:00,990 [INFO] Pass: CommutativeCancellation - 0.13924 (ms)
2026-07-13 09:08:00,991 [INFO] Pass: ContractIdleWiresInControlFlow - 0.00191 (ms)
2026-07-13 09:08:00,991 [INFO] Pass: Depth - 0.03552 (ms)
2026-07-13 09:08:00,991 [INFO] Pass: Optimize1qGatesDecomposition - 0.14806 (ms)
2026-07-13 09:08:00,991 [INFO] Pass: FixedPoint - 0.00358 (ms)
2026-07-13 09:08:00,991 [INFO] Pass: Size - 0.00262 (ms)
2026-07-13 09:08:00,991 [INFO] Pass: GatesInBasis - 0.05221 (ms)
2026-07-13 09:08:00,991 [INFO] Pass: FixedPoint - 0.00286 (ms)
2026-07-13 09:08:00,991 [INFO] Pass: CommutativeCancellation - 0.13733 (ms)
2026-07-13 09:08:00,991 [INFO] Pass: ContainsInstruction - 0.00548 (ms)
2026-07-13 09:08:00,991 [INFO] Pass: ContractIdleWiresInControlFlow - 0.00191 (ms)
2026-07-13 09:08:00,991 [INFO] Pass: Depth - 0.03839 (ms)
2026-07-13 09:08:00,991 [INFO] Pass: CommutativeCancellation - 0.13661 (ms)
2026-07-13 09:08:00,991 [INFO] Pass: FixedPoint - 0.00429 (ms)
2026-07-13 09:08:00,991 [INFO] Pass: ContractIdleWiresInControlFlow - 0.00238 (ms)
2026-07-13 09:08:00,991 [INFO] Pass: Size - 0.00238 (ms)
2026-07-13 09:08:00,991 [INFO] Pass: GatesInBasis - 0.05174 (ms)
2026-07-13 09:08:00,991 [INFO] Pass: CommutativeCancellation - 0.12970 (ms)
2026-07-13 09:08:00,991 [INFO] Pass: FixedPoint - 0.00358 (ms)
2026-07-13 09:08:00,991 [INFO] Pass: ContractIdleWiresInControlFlow - 0.00191 (ms)
2026-07-13 09:08:00,991 [INFO] Pass: RemoveIdentityEquivalent - 0.00644 (ms)
2026-07-13 09:08:00,991 [INFO] Pass: GatesInBasis - 0.05245 (ms)
2026-07-13 09:08:00,991 [INFO] Pass: Depth - 0.03552 (ms)
2026-07-13 09:08:00,991 [INFO] Total Transpile Time - 89.88595 (ms)
2026-07-13 09:08:00,991 [INFO] Pass: FixedPoint - 0.00381 (ms)
2026-07-13 09:08:00,991 [INFO] Pass: GatesInBasis - 0.05102 (ms)
2026-07-13 09:08:00,991 [INFO] Pass: Size - 0.00238 (ms)
2026-07-13 09:08:00,991 [INFO] Pass: Depth - 0.03624 (ms)
2026-07-13 09:08:00,991 [INFO] Pass: FixedPoint - 0.00358 (ms)
2026-07-13 09:08:00,991 [INFO] Pass: FixedPoint - 0.00381 (ms)
2026-07-13 09:08:00,991 [INFO] Pass: Size - 0.00238 (ms)
2026-07-13 09:08:00,991 [INFO] Pass: Depth - 0.03624 (ms)
2026-07-13 09:08:00,991 [INFO] Pass: RemoveIdentityEquivalent - 0.00596 (ms)
2026-07-13 09:08:00,991 [INFO] Pass: FixedPoint - 0.00334 (ms)
2026-07-13 09:08:00,991 [INFO] Pass: FixedPoint - 0.00381 (ms)
2026-07-13 09:08:00,991 [INFO] Pass: Size - 0.00215 (ms)
2026-07-13 09:08:00,991 [INFO] Pass: ContainsInstruction - 0.01001 (ms)
2026-07-13 09:08:00,991 [INFO] Pass: RemoveIdentityEquivalent - 0.00596 (ms)
2026-07-13 09:08:00,991 [INFO] Pass: Optimize1qGatesDecomposition - 0.14400 (ms)
2026-07-13 09:08:00,991 [INFO] Pass: FixedPoint - 0.00286 (ms)
2026-07-13 09:08:00,991 [INFO] Pass: ContainsInstruction - 0.00548 (ms)
2026-07-13 09:08:00,991 [INFO] Pass: UnitarySynthesis - 0.00715 (ms)
2026-07-13 09:08:00,991 [INFO] Pass: HighLevelSynthesis - 0.00501 (ms)
2026-07-13 09:08:00,991 [INFO] Pass: Optimize1qGatesDecomposition - 0.14329 (ms)
2026-07-13 09:08:00,991 [INFO] Pass: BasisTranslator - 0.05388 (ms)
2026-07-13 09:08:00,991 [INFO] Pass: CommutativeCancellation - 0.12946 (ms)
2026-07-13 09:08:00,991 [INFO] Pass: Optimize1qGatesDecomposition - 0.14472 (ms)
2026-07-13 09:08:00,991 [INFO] Total Transpile Time - 89.89358 (ms)
2026-07-13 09:08:00,991 [INFO] Pass: ElidePermutations - 0.00381 (ms)
2026-07-13 09:08:00,991 [INFO] Pass: ContractIdleWiresInControlFlow - 0.00167 (ms)
2026-07-13 09:08:00,991 [INFO] Pass: RemoveDiagonalGatesBeforeMeasure - 0.00620 (ms)
2026-07-13 09:08:00,991 [INFO] Pass: RemoveIdentityEquivalent - 0.00715 (ms)
2026-07-13 09:08:00,991 [INFO] Pass: GatesInBasis - 0.05102 (ms)
2026-07-13 09:08:00,991 [INFO] Pass: CommutativeCancellation - 0.13089 (ms)
2026-07-13 09:08:00,991 [INFO] Pass: InverseCancellation - 0.03004 (ms)
2026-07-13 09:08:00,991 [INFO] Pass: ContractIdleWiresInControlFlow - 0.00191 (ms)
2026-07-13 09:08:00,991 [INFO] Pass: Depth - 0.03600 (ms)
2026-07-13 09:08:00,991 [INFO] Pass: ContractIdleWiresInControlFlow - 0.00882 (ms)
2026-07-13 09:08:00,991 [INFO] Pass: CommutativeCancellation - 0.13947 (ms)
2026-07-13 09:08:00,991 [INFO] Pass: FixedPoint - 0.00358 (ms)
2026-07-13 09:08:00,991 [INFO] Pass: Size - 0.00191 (ms)
2026-07-13 09:08:00,991 [INFO] Pass: ContractIdleWiresInControlFlow - 0.00191 (ms)
2026-07-13 09:08:00,991 [INFO] Pass: GatesInBasis - 0.05078 (ms)
2026-07-13 09:08:00,991 [INFO] Pass: FixedPoint - 0.00286 (ms)
2026-07-13 09:08:00,991 [INFO] Pass: ContainsInstruction - 0.00548 (ms)
2026-07-13 09:08:00,991 [INFO] Pass: Depth - 0.03648 (ms)
2026-07-13 09:08:00,991 [INFO] Pass: GatesInBasis - 0.05198 (ms)
2026-07-13 09:08:00,991 [INFO] Pass: FixedPoint - 0.00358 (ms)
2026-07-13 09:08:00,991 [INFO] Pass: CommutativeCancellation - 0.12326 (ms)
2026-07-13 09:08:00,991 [INFO] Pass: Size - 0.00238 (ms)
2026-07-13 09:08:00,991 [INFO] Pass: Depth - 0.03672 (ms)
2026-07-13 09:08:00,991 [INFO] Pass: FixedPoint - 0.00286 (ms)
2026-07-13 09:08:00,991 [INFO] Total Transpile Time - 90.54732 (ms)
2026-07-13 09:08:00,991 [INFO] Pass: FixedPoint - 0.00358 (ms)
2026-07-13 09:08:00,991 [INFO] Pass: ContainsInstruction - 0.00548 (ms)
2026-07-13 09:08:00,991 [INFO] Pass: Size - 0.00238 (ms)
2026-07-13 09:08:00,991 [INFO] Pass: ConsolidateBlocks - 0.05841 (ms)
2026-07-13 09:08:00,992 [INFO] Pass: FixedPoint - 0.00310 (ms)
2026-07-13 09:08:00,992 [INFO] Pass: Split2QUnitaries - 0.00238 (ms)
2026-07-13 09:08:00,992 [INFO] Pass: ContainsInstruction - 0.00548 (ms)
2026-07-13 09:08:00,992 [INFO] Pass: UnitarySynthesis - 0.00906 (ms)
2026-07-13 09:08:00,992 [INFO] Pass: HighLevelSynthesis - 0.06342 (ms)
2026-07-13 09:08:00,992 [INFO] Pass: BasisTranslator - 0.09918 (ms)
2026-07-13 09:08:00,992 [INFO] Total Transpile Time - 90.49034 (ms)
2026-07-13 09:08:00,992 [INFO] Pass: ConsolidateBlocks - 0.06795 (ms)
2026-07-13 09:08:00,992 [INFO] Pass: UnitarySynthesis - 0.00453 (ms)
2026-07-13 09:08:00,992 [INFO] Total Transpile Time - 90.69800 (ms)
2026-07-13 09:08:00,992 [INFO] Pass: Depth - 0.03672 (ms)
2026-07-13 09:08:00,992 [INFO] Pass: FixedPoint - 0.00477 (ms)
2026-07-13 09:08:00,992 [INFO] Pass: Size - 0.00334 (ms)
2026-07-13 09:08:00,992 [INFO] Total Transpile Time - 90.14797 (ms)
2026-07-13 09:08:00,992 [INFO] Pass: FixedPoint - 0.00310 (ms)
2026-07-13 09:08:00,992 [INFO] Pass: RemoveIdentityEquivalent - 0.00596 (ms)
2026-07-13 09:08:00,992 [INFO] Pass: Optimize1qGatesDecomposition - 0.16594 (ms)
2026-07-13 09:08:00,992 [INFO] Pass: CommutativeCancellation - 0.13494 (ms)
2026-07-13 09:08:00,992 [INFO] Pass: ContractIdleWiresInControlFlow - 0.00215 (ms)
2026-07-13 09:08:00,993 [INFO] Pass: GatesInBasis - 0.05269 (ms)
2026-07-13 09:08:00,993 [INFO] Pass: Depth - 0.03600 (ms)
2026-07-13 09:08:00,993 [INFO] Pass: FixedPoint - 0.00381 (ms)
2026-07-13 09:08:00,993 [INFO] Pass: Size - 0.00262 (ms)
2026-07-13 09:08:00,993 [INFO] Pass: FixedPoint - 0.00358 (ms)
2026-07-13 09:08:00,993 [INFO] Pass: RemoveIdentityEquivalent - 0.00620 (ms)
2026-07-13 09:08:00,993 [INFO] Pass: Optimize1qGatesDecomposition - 0.14496 (ms)
2026-07-13 09:08:00,993 [INFO] Pass: CommutativeCancellation - 0.13232 (ms)
2026-07-13 09:08:00,993 [INFO] Pass: ContractIdleWiresInControlFlow - 0.00215 (ms)
2026-07-13 09:08:00,993 [INFO] Pass: GatesInBasis - 0.05054 (ms)
2026-07-13 09:08:00,993 [INFO] Pass: Depth - 0.03719 (ms)
2026-07-13 09:08:00,993 [INFO] Pass: FixedPoint - 0.00358 (ms)
2026-07-13 09:08:00,993 [INFO] Pass: Size - 0.00238 (ms)
2026-07-13 09:08:00,993 [INFO] Pass: FixedPoint - 0.00334 (ms)
2026-07-13 09:08:00,993 [INFO] Pass: ContainsInstruction - 0.00548 (ms)
2026-07-13 09:08:00,994 [INFO] Total Transpile Time - 91.35318 (ms)
2026-07-13 09:08:01,411 [INFO] [PCE] Aer metadata (1ª ejecución de este proceso): device=CPU method=statevector shots=exact fusion_enabled=True
2026-07-13 09:08:01,414 [INFO] [PCE] Aer metadata (1ª ejecución de este proceso): device=CPU method=statevector shots=exact fusion_enabled=True
2026-07-13 09:08:01,416 [INFO] [PCE] Aer metadata (1ª ejecución de este proceso): device=CPU method=statevector shots=exact fusion_enabled=True
2026-07-13 09:08:01,418 [INFO] [PCE] Aer metadata (1ª ejecución de este proceso): device=CPU method=statevector shots=exact fusion_enabled=True
2026-07-13 09:08:01,421 [INFO] [PCE] Aer metadata (1ª ejecución de este proceso): device=CPU method=statevector shots=exact fusion_enabled=True
2026-07-13 09:08:01,423 [INFO] [PCE] Aer metadata (1ª ejecución de este proceso): device=CPU method=statevector shots=exact fusion_enabled=True
2026-07-13 09:08:01,426 [INFO] [PCE] Aer metadata (1ª ejecución de este proceso): device=CPU method=statevector shots=exact fusion_enabled=True
2026-07-13 09:08:01,428 [INFO] [PCE] Aer metadata (1ª ejecución de este proceso): device=CPU method=statevector shots=exact fusion_enabled=True
2026-07-13 09:08:01,430 [INFO] [PCE] Aer metadata (1ª ejecución de este proceso): device=CPU method=statevector shots=exact fusion_enabled=True
2026-07-13 13:29:49,760 [INFO] [PCE] n=350 instancia (idx=79) 1/9 completada (paralelo) — transcurrido=0:04:21:49
2026-07-13 13:30:07,226 [INFO] [PCE] n=350 instancia (idx=57) 2/9 completada (paralelo) — transcurrido=0:04:22:07
2026-07-13 13:30:29,683 [INFO] [PCE] n=350 instancia (idx=2) 3/9 completada (paralelo) — transcurrido=0:04:22:29
2026-07-13 13:30:33,257 [INFO] [PCE] n=350 instancia (idx=13) 4/9 completada (paralelo) — transcurrido=0:04:22:33
2026-07-13 13:30:33,343 [INFO] [PCE] n=350 instancia (idx=90) 5/9 completada (paralelo) — transcurrido=0:04:22:33
2026-07-13 13:30:42,645 [INFO] [PCE] n=350 instancia (idx=68) 6/9 completada (paralelo) — transcurrido=0:04:22:42
2026-07-13 13:30:47,221 [INFO] [PCE] n=350 instancia (idx=35) 7/9 completada (paralelo) — transcurrido=0:04:22:47
2026-07-13 13:30:50,108 [INFO] [PCE] n=350 instancia (idx=24) 8/9 completada (paralelo) — transcurrido=0:04:22:50
2026-07-13 13:30:53,892 [INFO] [PCE] n=350 instancia (idx=46) 9/9 completada (paralelo) — transcurrido=0:04:22:53
2026-07-13 13:30:54,069 [INFO] [PCE] n=350 chunk 3/11 completado — beta_parcial=0.6651 duration=0:04:22:54 shots=exact backend=AER
