slurmstepd: info: Setting TMPDIR to /scratch/512326. Previous errors about TMPDIR can be discarded
==============================
RUN_ID: 20260701-214508
Array ID: 0
num_nodes: 10
num_instances: 75
optimizer: DIFFERENTIALEVOLUTION
==============================

==============================
num_nodes    = 10
num_instances= 75
k            = 2
optimizer    = DIFFERENTIALEVOLUTION
maxiter      = 30
outdir       = Resultados/PCE/20260701-214508
==============================


✔ n=10 beta=0.8581 ± 0.0387 (PASSED)
✔ Resultado guardado en: Resultados/PCE/20260701-214508/n_10.json
Fecha fin: Wed Jul  1 21:51:48 CEST 2026

*****************************************************************************
*                                                                           *
*                    JOB EFFICIENCY REPORT (seff 512326)                   *
*                                                                           *
*****************************************************************************

Job ID: 512326
Array Job ID: 512325_0
Cluster: qmio
User/Group: tec_app6/cesga
State: COMPLETED (exit code 0)
Cores: 1
CPU Utilized: 00:06:35
CPU Efficiency: 98.75% of 00:06:40 core-walltime
Job Wall-clock time: 00:06:40
Memory Utilized: 138.99 MB
Memory Efficiency: 1.70% of 8.00 GB

 +++++++++++++++++++++++++++++++++++++++++++++++++++++++++++++++++++++++++++
 ++   Memory Efficiency is too small. Please review the requested memory. ++
 ++ It seems that you do not need that much memory so we recommend        ++
 ++ requesting less memory in other similar jobs.                         ++
 +++++++++++++++++++++++++++++++++++++++++++++++++++++++++++++++++++++++++++
 
*****************************************************************************

