qmio/hpc unloaded
gcccore/12.3.0 unloaded
binutils/2.40 unloaded
gcc/12.3.0 unloaded
sqlite/3.45.3 unloaded
libffi/3.4.4 unloaded
python/3.11.9 unloaded
rust/1.88.0 unloaded
imkl/2023.2.0 unloaded
ninja/1.9.0 unloaded
meson/1.5.2-python-3.11.9 unloaded
meson-python/0.16.0-python-3.11.9 unloaded
cython/3.0.9-python-3.11.9 unloaded
numpy/1.26.4-python-3.11.9 unloaded
pythran/0.15.0-python-3.11.9 unloaded
pybind11/2.13.6-python-3.11.9 unloaded
xsimd/12.1.1 unloaded
scipy/1.13.0-python-3.11.9 unloaded
llvm/16.0.0 unloaded
gmp/6.3.0 unloaded
mpfr/4.2.1 unloaded
mpc/1.3.1 unloaded
flint/3.1.2 unloaded
symengine/0.11.2 unloaded
symengine-python/0.11.0-python-3.11.9 unloaded
spdlog/1.9.2 unloaded
pylatexenc/2.10-python-3.11.9 unloaded
libgd/2.3.3 unloaded
nasm/2.16.03 unloaded
libjpeg-turbo/3.0.2 unloaded
matplotlib/3.6.3-python-3.11.9 unloaded
pandas/2.2.2-python-3.11.9 unloaded
seaborn/0.12.2-python-3.11.9 unloaded
qiskit/2.2.3-python-3.11.9 unloaded
qmio-run/0.5.1-python-3.11.9 unloaded
qmio-tools/0.2.1-python-3.11.9 unloaded
        Preparing the environment for use of the sistema software stack.
        Please rebuild modules cache: module --ignore-cache avail
     
qmio/hpc loaded
gcccore/12.3.0 loaded
binutils/2.40 loaded
gcc/12.3.0 loaded
sqlite/3.45.3 loaded
libffi/3.4.4 loaded
python/3.11.9 loaded
rust/1.88.0 loaded

imkl/2023.2.0 loaded
ninja/1.9.0 loaded
meson/1.5.2-python-3.11.9 loaded
meson-python/0.16.0-python-3.11.9 loaded
cython/3.0.9-python-3.11.9 loaded
numpy/1.26.4-python-3.11.9 loaded
pythran/0.15.0-python-3.11.9 loaded
pybind11/2.13.6-python-3.11.9 loaded
xsimd/12.1.1 loaded
scipy/1.13.0-python-3.11.9 loaded
llvm/16.0.0 loaded
gmp/6.3.0 loaded
mpfr/4.2.1 loaded
mpc/1.3.1 loaded
flint/3.1.2 loaded
symengine/0.11.2 loaded
symengine-python/0.11.0-python-3.11.9 loaded
spdlog/1.9.2 loaded
pylatexenc/2.10-python-3.11.9 loaded
libgd/2.3.3 loaded
nasm/2.16.03 loaded
libjpeg-turbo/3.0.2 loaded
matplotlib/3.6.3-python-3.11.9 loaded
pandas/2.2.2-python-3.11.9 loaded
seaborn/0.12.2-python-3.11.9 loaded
qiskit/2.2.3-python-3.11.9 loaded
qmio-run/0.5.1-python-3.11.9 loaded
qmio-tools/0.2.1-python-3.11.9 loaded
gcc/12.3.0 unloaded
rust/1.88.0 unloaded
pythran/0.15.0-python-3.11.9 unloaded
scipy/1.13.0-python-3.11.9 unloaded
qiskit/2.2.3-python-3.11.9 unloaded
qmio-run/0.5.1-python-3.11.9 unloaded
qmio-tools/0.2.1-python-3.11.9 unloaded
gcc/12.3.0 loaded
rust/1.88.0 loaded
pythran/0.15.0-python-3.11.9 loaded
scipy/1.13.0-python-3.11.9 loaded
qiskit/2.2.3-python-3.11.9 loaded
qmio-run/0.5.1-python-3.11.9 loaded
qmio-tools/0.2.1-python-3.11.9 loaded
qiskit/2.2.3-python-3.11.9 unloaded
qiskit/2.2.3-python-3.11.9 loaded
qmio-tools/0.2.1-python-3.11.9 unloaded
qmio-tools/0.2.1-python-3.11.9 loaded
2026-07-01 21:45:12,961 [INFO] [PCE] Ejecutando 75 grafos con 350 nodos.
2026-07-01 21:45:12,961 [INFO] [PCE] n=350 usa 16 qubits (k=2).
2026-07-01 21:45:13,183 [INFO] Pass: ContainsInstruction - 0.01645 (ms)
2026-07-01 21:45:13,183 [INFO] Pass: UnitarySynthesis - 0.00715 (ms)
2026-07-01 21:45:13,183 [INFO] Pass: HighLevelSynthesis - 0.00548 (ms)
2026-07-01 21:45:13,183 [INFO] Pass: BasisTranslator - 0.05651 (ms)
2026-07-01 21:45:13,183 [INFO] Pass: ElidePermutations - 0.00525 (ms)
2026-07-01 21:45:13,183 [INFO] Pass: RemoveDiagonalGatesBeforeMeasure - 0.00834 (ms)
2026-07-01 21:45:13,183 [INFO] Pass: RemoveIdentityEquivalent - 0.00715 (ms)
2026-07-01 21:45:13,183 [INFO] Pass: InverseCancellation - 0.00572 (ms)
2026-07-01 21:45:13,183 [INFO] Pass: ContractIdleWiresInControlFlow - 0.00262 (ms)
2026-07-01 21:45:13,183 [INFO] Pass: CommutativeCancellation - 0.08845 (ms)
2026-07-01 21:45:13,184 [INFO] Pass: ConsolidateBlocks - 0.05937 (ms)
2026-07-01 21:45:13,184 [INFO] Pass: Split2QUnitaries - 0.00429 (ms)
2026-07-01 21:45:13,184 [INFO] Pass: UnitarySynthesis - 0.00548 (ms)
2026-07-01 21:45:13,184 [INFO] Pass: HighLevelSynthesis - 0.04005 (ms)
2026-07-01 21:45:13,184 [INFO] Pass: BasisTranslator - 0.07987 (ms)
2026-07-01 21:45:13,184 [INFO] Pass: ConsolidateBlocks - 0.06104 (ms)
2026-07-01 21:45:13,184 [INFO] Pass: UnitarySynthesis - 0.00525 (ms)
2026-07-01 21:45:13,184 [INFO] Pass: Depth - 0.02742 (ms)
2026-07-01 21:45:13,184 [INFO] Pass: FixedPoint - 0.00620 (ms)
2026-07-01 21:45:13,184 [INFO] Pass: Size - 0.00381 (ms)
2026-07-01 21:45:13,184 [INFO] Pass: FixedPoint - 0.00310 (ms)
2026-07-01 21:45:13,184 [INFO] Pass: RemoveIdentityEquivalent - 0.00405 (ms)
2026-07-01 21:45:13,184 [INFO] Pass: Optimize1qGatesDecomposition - 0.04053 (ms)
2026-07-01 21:45:13,184 [INFO] Pass: CommutativeCancellation - 0.10538 (ms)
2026-07-01 21:45:13,184 [INFO] Pass: ContractIdleWiresInControlFlow - 0.00215 (ms)
2026-07-01 21:45:13,184 [INFO] Pass: GatesInBasis - 0.03386 (ms)
2026-07-01 21:45:13,184 [INFO] Pass: Depth - 0.02432 (ms)
2026-07-01 21:45:13,184 [INFO] Pass: FixedPoint - 0.00405 (ms)
2026-07-01 21:45:13,184 [INFO] Pass: Size - 0.00238 (ms)
2026-07-01 21:45:13,184 [INFO] Pass: FixedPoint - 0.00286 (ms)
2026-07-01 21:45:13,184 [INFO] Pass: ContainsInstruction - 0.00596 (ms)
2026-07-01 21:45:13,185 [INFO] Total Transpile Time - 105.33738 (ms)
2026-07-01 21:45:13,275 [INFO] Pass: ContainsInstruction - 0.01287 (ms)
2026-07-01 21:45:13,275 [INFO] Pass: UnitarySynthesis - 0.00691 (ms)
2026-07-01 21:45:13,275 [INFO] Pass: HighLevelSynthesis - 0.00596 (ms)
2026-07-01 21:45:13,275 [INFO] Pass: BasisTranslator - 0.05507 (ms)
2026-07-01 21:45:13,275 [INFO] Pass: ElidePermutations - 0.00477 (ms)
2026-07-01 21:45:13,275 [INFO] Pass: RemoveDiagonalGatesBeforeMeasure - 0.00668 (ms)
2026-07-01 21:45:13,275 [INFO] Pass: RemoveIdentityEquivalent - 0.00644 (ms)
2026-07-01 21:45:13,275 [INFO] Pass: InverseCancellation - 0.02813 (ms)
2026-07-01 21:45:13,275 [INFO] Pass: ContractIdleWiresInControlFlow - 0.00238 (ms)
2026-07-01 21:45:13,275 [INFO] Pass: CommutativeCancellation - 0.09513 (ms)
2026-07-01 21:45:13,275 [INFO] Pass: ConsolidateBlocks - 0.05102 (ms)
2026-07-01 21:45:13,275 [INFO] Pass: Split2QUnitaries - 0.00334 (ms)
2026-07-01 21:45:13,275 [INFO] Pass: UnitarySynthesis - 0.00525 (ms)
2026-07-01 21:45:13,275 [INFO] Pass: HighLevelSynthesis - 0.04172 (ms)
2026-07-01 21:45:13,275 [INFO] Pass: BasisTranslator - 0.08488 (ms)
2026-07-01 21:45:13,276 [INFO] Pass: ConsolidateBlocks - 0.05865 (ms)
2026-07-01 21:45:13,276 [INFO] Pass: UnitarySynthesis - 0.00477 (ms)
2026-07-01 21:45:13,276 [INFO] Pass: Depth - 0.02670 (ms)
2026-07-01 21:45:13,276 [INFO] Pass: FixedPoint - 0.00501 (ms)
2026-07-01 21:45:13,276 [INFO] Pass: Size - 0.00286 (ms)
2026-07-01 21:45:13,276 [INFO] Pass: FixedPoint - 0.00334 (ms)
2026-07-01 21:45:13,276 [INFO] Pass: RemoveIdentityEquivalent - 0.00525 (ms)
2026-07-01 21:45:13,276 [INFO] Pass: Optimize1qGatesDecomposition - 0.21243 (ms)
2026-07-01 21:45:13,276 [INFO] Pass: CommutativeCancellation - 0.11659 (ms)
2026-07-01 21:45:13,276 [INFO] Pass: ContractIdleWiresInControlFlow - 0.00215 (ms)
2026-07-01 21:45:13,276 [INFO] Pass: GatesInBasis - 0.03576 (ms)
2026-07-01 21:45:13,276 [INFO] Pass: Depth - 0.02551 (ms)
2026-07-01 21:45:13,276 [INFO] Pass: FixedPoint - 0.00381 (ms)
2026-07-01 21:45:13,276 [INFO] Pass: Size - 0.00238 (ms)
2026-07-01 21:45:13,276 [INFO] Pass: FixedPoint - 0.00501 (ms)
2026-07-01 21:45:13,276 [INFO] Pass: ContainsInstruction - 0.00525 (ms)
2026-07-01 21:45:13,277 [INFO] Total Transpile Time - 91.43972 (ms)
2026-07-01 21:45:13,366 [INFO] Pass: ContainsInstruction - 0.01264 (ms)
2026-07-01 21:45:13,366 [INFO] Pass: UnitarySynthesis - 0.00811 (ms)
2026-07-01 21:45:13,366 [INFO] Pass: HighLevelSynthesis - 0.00548 (ms)
2026-07-01 21:45:13,366 [INFO] Pass: BasisTranslator - 0.05746 (ms)
2026-07-01 21:45:13,366 [INFO] Pass: ElidePermutations - 0.00501 (ms)
2026-07-01 21:45:13,366 [INFO] Pass: RemoveDiagonalGatesBeforeMeasure - 0.00763 (ms)
2026-07-01 21:45:13,366 [INFO] Pass: RemoveIdentityEquivalent - 0.00882 (ms)
2026-07-01 21:45:13,366 [INFO] Pass: InverseCancellation - 0.02980 (ms)
2026-07-01 21:45:13,366 [INFO] Pass: ContractIdleWiresInControlFlow - 0.00286 (ms)
2026-07-01 21:45:13,366 [INFO] Pass: CommutativeCancellation - 0.09441 (ms)
2026-07-01 21:45:13,366 [INFO] Pass: ConsolidateBlocks - 0.05460 (ms)
2026-07-01 21:45:13,366 [INFO] Pass: Split2QUnitaries - 0.00429 (ms)
2026-07-01 21:45:13,366 [INFO] Pass: UnitarySynthesis - 0.01001 (ms)
2026-07-01 21:45:13,366 [INFO] Pass: HighLevelSynthesis - 0.04458 (ms)
2026-07-01 21:45:13,367 [INFO] Pass: BasisTranslator - 0.09227 (ms)
2026-07-01 21:45:13,367 [INFO] Pass: ConsolidateBlocks - 0.06223 (ms)
2026-07-01 21:45:13,367 [INFO] Pass: UnitarySynthesis - 0.00525 (ms)
2026-07-01 21:45:13,367 [INFO] Pass: Depth - 0.02885 (ms)
2026-07-01 21:45:13,367 [INFO] Pass: FixedPoint - 0.00525 (ms)
2026-07-01 21:45:13,367 [INFO] Pass: Size - 0.00358 (ms)
2026-07-01 21:45:13,367 [INFO] Pass: FixedPoint - 0.00334 (ms)
2026-07-01 21:45:13,367 [INFO] Pass: RemoveIdentityEquivalent - 0.00715 (ms)
2026-07-01 21:45:13,367 [INFO] Pass: Optimize1qGatesDecomposition - 0.22459 (ms)
2026-07-01 21:45:13,367 [INFO] Pass: CommutativeCancellation - 0.10920 (ms)
2026-07-01 21:45:13,367 [INFO] Pass: ContractIdleWiresInControlFlow - 0.00238 (ms)
2026-07-01 21:45:13,367 [INFO] Pass: GatesInBasis - 0.03672 (ms)
2026-07-01 21:45:13,367 [INFO] Pass: Depth - 0.02766 (ms)
2026-07-01 21:45:13,367 [INFO] Pass: FixedPoint - 0.00381 (ms)
2026-07-01 21:45:13,367 [INFO] Pass: Size - 0.00238 (ms)
2026-07-01 21:45:13,367 [INFO] Pass: FixedPoint - 0.00334 (ms)
2026-07-01 21:45:13,367 [INFO] Pass: RemoveIdentityEquivalent - 0.01240 (ms)
2026-07-01 21:45:13,368 [INFO] Pass: Optimize1qGatesDecomposition - 0.19240 (ms)
2026-07-01 21:45:13,368 [INFO] Pass: CommutativeCancellation - 0.09966 (ms)
2026-07-01 21:45:13,368 [INFO] Pass: ContractIdleWiresInControlFlow - 0.00215 (ms)
2026-07-01 21:45:13,368 [INFO] Pass: GatesInBasis - 0.03481 (ms)
2026-07-01 21:45:13,368 [INFO] Pass: Depth - 0.02623 (ms)
2026-07-01 21:45:13,368 [INFO] Pass: FixedPoint - 0.00358 (ms)
2026-07-01 21:45:13,368 [INFO] Pass: Size - 0.00238 (ms)
2026-07-01 21:45:13,368 [INFO] Pass: FixedPoint - 0.00310 (ms)
2026-07-01 21:45:13,368 [INFO] Pass: ContainsInstruction - 0.00572 (ms)
2026-07-01 21:45:13,368 [INFO] Total Transpile Time - 91.31384 (ms)
2026-07-02 00:43:02,042 [INFO] Pass: ContainsInstruction - 0.01335 (ms)
2026-07-02 00:43:02,043 [INFO] Pass: UnitarySynthesis - 0.00930 (ms)
2026-07-02 00:43:02,043 [INFO] Pass: HighLevelSynthesis - 0.00811 (ms)
2026-07-02 00:43:02,043 [INFO] Pass: BasisTranslator - 0.08130 (ms)
2026-07-02 00:43:02,043 [INFO] Pass: ElidePermutations - 0.00572 (ms)
2026-07-02 00:43:02,043 [INFO] Pass: RemoveDiagonalGatesBeforeMeasure - 0.00787 (ms)
2026-07-02 00:43:02,043 [INFO] Pass: RemoveIdentityEquivalent - 0.00787 (ms)
2026-07-02 00:43:02,043 [INFO] Pass: InverseCancellation - 0.00644 (ms)
2026-07-02 00:43:02,043 [INFO] Pass: ContractIdleWiresInControlFlow - 0.00453 (ms)
2026-07-02 00:43:02,043 [INFO] Pass: CommutativeCancellation - 0.10872 (ms)
2026-07-02 00:43:02,043 [INFO] Pass: ConsolidateBlocks - 0.05674 (ms)
2026-07-02 00:43:02,043 [INFO] Pass: Split2QUnitaries - 0.00381 (ms)
2026-07-02 00:43:02,043 [INFO] Pass: UnitarySynthesis - 0.00572 (ms)
2026-07-02 00:43:02,043 [INFO] Pass: HighLevelSynthesis - 0.04363 (ms)
2026-07-02 00:43:02,044 [INFO] Pass: BasisTranslator - 0.08655 (ms)
2026-07-02 00:43:02,044 [INFO] Pass: ConsolidateBlocks - 0.06557 (ms)
2026-07-02 00:43:02,044 [INFO] Pass: UnitarySynthesis - 0.00453 (ms)
2026-07-02 00:43:02,044 [INFO] Pass: Depth - 0.03028 (ms)
2026-07-02 00:43:02,044 [INFO] Pass: FixedPoint - 0.00548 (ms)
2026-07-02 00:43:02,044 [INFO] Pass: Size - 0.00453 (ms)
2026-07-02 00:43:02,044 [INFO] Pass: FixedPoint - 0.00286 (ms)
2026-07-02 00:43:02,044 [INFO] Pass: RemoveIdentityEquivalent - 0.00405 (ms)
2026-07-02 00:43:02,044 [INFO] Pass: Optimize1qGatesDecomposition - 0.04339 (ms)
2026-07-02 00:43:02,044 [INFO] Pass: CommutativeCancellation - 0.10967 (ms)
2026-07-02 00:43:02,044 [INFO] Pass: ContractIdleWiresInControlFlow - 0.00215 (ms)
2026-07-02 00:43:02,044 [INFO] Pass: GatesInBasis - 0.03695 (ms)
2026-07-02 00:43:02,044 [INFO] Pass: Depth - 0.02456 (ms)
2026-07-02 00:43:02,044 [INFO] Pass: FixedPoint - 0.00358 (ms)
2026-07-02 00:43:02,044 [INFO] Pass: Size - 0.00215 (ms)
2026-07-02 00:43:02,044 [INFO] Pass: FixedPoint - 0.00286 (ms)
2026-07-02 00:43:02,044 [INFO] Pass: ContainsInstruction - 0.00572 (ms)
2026-07-02 00:43:02,045 [INFO] Total Transpile Time - 93.08815 (ms)
2026-07-02 00:43:02,133 [INFO] Pass: ContainsInstruction - 0.01335 (ms)
2026-07-02 00:43:02,133 [INFO] Pass: UnitarySynthesis - 0.00739 (ms)
2026-07-02 00:43:02,133 [INFO] Pass: HighLevelSynthesis - 0.00596 (ms)
2026-07-02 00:43:02,133 [INFO] Pass: BasisTranslator - 0.06628 (ms)
2026-07-02 00:43:02,133 [INFO] Pass: ElidePermutations - 0.00525 (ms)
2026-07-02 00:43:02,133 [INFO] Pass: RemoveDiagonalGatesBeforeMeasure - 0.00834 (ms)
2026-07-02 00:43:02,133 [INFO] Pass: RemoveIdentityEquivalent - 0.00882 (ms)
2026-07-02 00:43:02,133 [INFO] Pass: InverseCancellation - 0.03791 (ms)
2026-07-02 00:43:02,133 [INFO] Pass: ContractIdleWiresInControlFlow - 0.00238 (ms)
2026-07-02 00:43:02,134 [INFO] Pass: CommutativeCancellation - 0.10943 (ms)
2026-07-02 00:43:02,134 [INFO] Pass: ConsolidateBlocks - 0.05364 (ms)
2026-07-02 00:43:02,134 [INFO] Pass: Split2QUnitaries - 0.00405 (ms)
2026-07-02 00:43:02,134 [INFO] Pass: UnitarySynthesis - 0.00572 (ms)
2026-07-02 00:43:02,134 [INFO] Pass: HighLevelSynthesis - 0.04339 (ms)
2026-07-02 00:43:02,134 [INFO] Pass: BasisTranslator - 0.08774 (ms)
2026-07-02 00:43:02,134 [INFO] Pass: ConsolidateBlocks - 0.05913 (ms)
2026-07-02 00:43:02,134 [INFO] Pass: UnitarySynthesis - 0.00501 (ms)
2026-07-02 00:43:02,134 [INFO] Pass: Depth - 0.03242 (ms)
2026-07-02 00:43:02,134 [INFO] Pass: FixedPoint - 0.00572 (ms)
2026-07-02 00:43:02,134 [INFO] Pass: Size - 0.00381 (ms)
2026-07-02 00:43:02,134 [INFO] Pass: FixedPoint - 0.00310 (ms)
2026-07-02 00:43:02,134 [INFO] Pass: RemoveIdentityEquivalent - 0.00644 (ms)
2026-07-02 00:43:02,134 [INFO] Pass: Optimize1qGatesDecomposition - 0.21768 (ms)
2026-07-02 00:43:02,135 [INFO] Pass: CommutativeCancellation - 0.11969 (ms)
2026-07-02 00:43:02,135 [INFO] Pass: ContractIdleWiresInControlFlow - 0.00215 (ms)
2026-07-02 00:43:02,135 [INFO] Pass: GatesInBasis - 0.03672 (ms)
2026-07-02 00:43:02,135 [INFO] Pass: Depth - 0.02718 (ms)
2026-07-02 00:43:02,135 [INFO] Pass: FixedPoint - 0.00358 (ms)
2026-07-02 00:43:02,135 [INFO] Pass: Size - 0.00262 (ms)
2026-07-02 00:43:02,135 [INFO] Pass: FixedPoint - 0.00310 (ms)
2026-07-02 00:43:02,135 [INFO] Pass: ContainsInstruction - 0.00548 (ms)
2026-07-02 00:43:02,135 [INFO] Total Transpile Time - 89.88500 (ms)
2026-07-02 00:43:02,223 [INFO] Pass: ContainsInstruction - 0.01240 (ms)
2026-07-02 00:43:02,223 [INFO] Pass: UnitarySynthesis - 0.00715 (ms)
2026-07-02 00:43:02,223 [INFO] Pass: HighLevelSynthesis - 0.00548 (ms)
2026-07-02 00:43:02,223 [INFO] Pass: BasisTranslator - 0.06223 (ms)
2026-07-02 00:43:02,223 [INFO] Pass: ElidePermutations - 0.00501 (ms)
2026-07-02 00:43:02,223 [INFO] Pass: RemoveDiagonalGatesBeforeMeasure - 0.00811 (ms)
2026-07-02 00:43:02,223 [INFO] Pass: RemoveIdentityEquivalent - 0.00954 (ms)
2026-07-02 00:43:02,223 [INFO] Pass: InverseCancellation - 0.02956 (ms)
2026-07-02 00:43:02,223 [INFO] Pass: ContractIdleWiresInControlFlow - 0.00238 (ms)
2026-07-02 00:43:02,223 [INFO] Pass: CommutativeCancellation - 0.10610 (ms)
2026-07-02 00:43:02,223 [INFO] Pass: ConsolidateBlocks - 0.05531 (ms)
2026-07-02 00:43:02,223 [INFO] Pass: Split2QUnitaries - 0.00429 (ms)
2026-07-02 00:43:02,223 [INFO] Pass: UnitarySynthesis - 0.00525 (ms)
2026-07-02 00:43:02,223 [INFO] Pass: HighLevelSynthesis - 0.04578 (ms)
2026-07-02 00:43:02,223 [INFO] Pass: BasisTranslator - 0.08345 (ms)
2026-07-02 00:43:02,224 [INFO] Pass: ConsolidateBlocks - 0.06104 (ms)
2026-07-02 00:43:02,224 [INFO] Pass: UnitarySynthesis - 0.00453 (ms)
2026-07-02 00:43:02,224 [INFO] Pass: Depth - 0.03004 (ms)
2026-07-02 00:43:02,224 [INFO] Pass: FixedPoint - 0.00501 (ms)
2026-07-02 00:43:02,224 [INFO] Pass: Size - 0.00334 (ms)
2026-07-02 00:43:02,224 [INFO] Pass: FixedPoint - 0.00262 (ms)
2026-07-02 00:43:02,224 [INFO] Pass: RemoveIdentityEquivalent - 0.00763 (ms)
2026-07-02 00:43:02,224 [INFO] Pass: Optimize1qGatesDecomposition - 0.22817 (ms)
2026-07-02 00:43:02,224 [INFO] Pass: CommutativeCancellation - 0.11373 (ms)
2026-07-02 00:43:02,224 [INFO] Pass: ContractIdleWiresInControlFlow - 0.00191 (ms)
2026-07-02 00:43:02,224 [INFO] Pass: GatesInBasis - 0.03791 (ms)
2026-07-02 00:43:02,224 [INFO] Pass: Depth - 0.02933 (ms)
2026-07-02 00:43:02,224 [INFO] Pass: FixedPoint - 0.00358 (ms)
2026-07-02 00:43:02,224 [INFO] Pass: Size - 0.00191 (ms)
2026-07-02 00:43:02,224 [INFO] Pass: FixedPoint - 0.00262 (ms)
2026-07-02 00:43:02,224 [INFO] Pass: RemoveIdentityEquivalent - 0.00715 (ms)
2026-07-02 00:43:02,225 [INFO] Pass: Optimize1qGatesDecomposition - 0.20742 (ms)
2026-07-02 00:43:02,225 [INFO] Pass: CommutativeCancellation - 0.10562 (ms)
2026-07-02 00:43:02,225 [INFO] Pass: ContractIdleWiresInControlFlow - 0.00191 (ms)
2026-07-02 00:43:02,225 [INFO] Pass: GatesInBasis - 0.03576 (ms)
2026-07-02 00:43:02,225 [INFO] Pass: Depth - 0.02646 (ms)
2026-07-02 00:43:02,225 [INFO] Pass: FixedPoint - 0.00358 (ms)
2026-07-02 00:43:02,225 [INFO] Pass: Size - 0.00238 (ms)
2026-07-02 00:43:02,225 [INFO] Pass: FixedPoint - 0.00310 (ms)
2026-07-02 00:43:02,225 [INFO] Pass: ContainsInstruction - 0.00620 (ms)
2026-07-02 00:43:02,225 [INFO] Total Transpile Time - 89.64491 (ms)
2026-07-02 03:37:37,776 [INFO] Pass: ContainsInstruction - 0.01311 (ms)
2026-07-02 03:37:37,777 [INFO] Pass: UnitarySynthesis - 0.00882 (ms)
2026-07-02 03:37:37,777 [INFO] Pass: HighLevelSynthesis - 0.00525 (ms)
2026-07-02 03:37:37,777 [INFO] Pass: BasisTranslator - 0.06723 (ms)
2026-07-02 03:37:37,777 [INFO] Pass: ElidePermutations - 0.00644 (ms)
2026-07-02 03:37:37,777 [INFO] Pass: RemoveDiagonalGatesBeforeMeasure - 0.00787 (ms)
2026-07-02 03:37:37,777 [INFO] Pass: RemoveIdentityEquivalent - 0.00644 (ms)
2026-07-02 03:37:37,777 [INFO] Pass: InverseCancellation - 0.00620 (ms)
2026-07-02 03:37:37,777 [INFO] Pass: ContractIdleWiresInControlFlow - 0.00238 (ms)
2026-07-02 03:37:37,777 [INFO] Pass: CommutativeCancellation - 0.10419 (ms)
2026-07-02 03:37:37,777 [INFO] Pass: ConsolidateBlocks - 0.05293 (ms)
2026-07-02 03:37:37,777 [INFO] Pass: Split2QUnitaries - 0.00381 (ms)
2026-07-02 03:37:37,777 [INFO] Pass: UnitarySynthesis - 0.00620 (ms)
2026-07-02 03:37:37,777 [INFO] Pass: HighLevelSynthesis - 0.04125 (ms)
2026-07-02 03:37:37,778 [INFO] Pass: BasisTranslator - 0.08297 (ms)
2026-07-02 03:37:37,778 [INFO] Pass: ConsolidateBlocks - 0.05913 (ms)
2026-07-02 03:37:37,778 [INFO] Pass: UnitarySynthesis - 0.00477 (ms)
2026-07-02 03:37:37,778 [INFO] Pass: Depth - 0.02789 (ms)
2026-07-02 03:37:37,778 [INFO] Pass: FixedPoint - 0.00501 (ms)
2026-07-02 03:37:37,778 [INFO] Pass: Size - 0.00358 (ms)
2026-07-02 03:37:37,778 [INFO] Pass: FixedPoint - 0.00286 (ms)
2026-07-02 03:37:37,778 [INFO] Pass: RemoveIdentityEquivalent - 0.00358 (ms)
2026-07-02 03:37:37,778 [INFO] Pass: Optimize1qGatesDecomposition - 0.04125 (ms)
2026-07-02 03:37:37,778 [INFO] Pass: CommutativeCancellation - 0.10681 (ms)
2026-07-02 03:37:37,778 [INFO] Pass: ContractIdleWiresInControlFlow - 0.00215 (ms)
2026-07-02 03:37:37,778 [INFO] Pass: GatesInBasis - 0.03481 (ms)
2026-07-02 03:37:37,778 [INFO] Pass: Depth - 0.02503 (ms)
2026-07-02 03:37:37,778 [INFO] Pass: FixedPoint - 0.00334 (ms)
2026-07-02 03:37:37,778 [INFO] Pass: Size - 0.00215 (ms)
2026-07-02 03:37:37,778 [INFO] Pass: FixedPoint - 0.00286 (ms)
2026-07-02 03:37:37,778 [INFO] Pass: ContainsInstruction - 0.00548 (ms)
2026-07-02 03:37:37,779 [INFO] Total Transpile Time - 92.36360 (ms)
2026-07-02 03:37:37,867 [INFO] Pass: ContainsInstruction - 0.01359 (ms)
2026-07-02 03:37:37,867 [INFO] Pass: UnitarySynthesis - 0.00787 (ms)
2026-07-02 03:37:37,867 [INFO] Pass: HighLevelSynthesis - 0.00572 (ms)
2026-07-02 03:37:37,867 [INFO] Pass: BasisTranslator - 0.06700 (ms)
2026-07-02 03:37:37,867 [INFO] Pass: ElidePermutations - 0.00691 (ms)
2026-07-02 03:37:37,867 [INFO] Pass: RemoveDiagonalGatesBeforeMeasure - 0.00763 (ms)
2026-07-02 03:37:37,867 [INFO] Pass: RemoveIdentityEquivalent - 0.00954 (ms)
2026-07-02 03:37:37,868 [INFO] Pass: InverseCancellation - 0.03028 (ms)
2026-07-02 03:37:37,868 [INFO] Pass: ContractIdleWiresInControlFlow - 0.00238 (ms)
2026-07-02 03:37:37,868 [INFO] Pass: CommutativeCancellation - 0.11230 (ms)
2026-07-02 03:37:37,868 [INFO] Pass: ConsolidateBlocks - 0.05460 (ms)
2026-07-02 03:37:37,868 [INFO] Pass: Split2QUnitaries - 0.00548 (ms)
2026-07-02 03:37:37,868 [INFO] Pass: UnitarySynthesis - 0.00620 (ms)
2026-07-02 03:37:37,868 [INFO] Pass: HighLevelSynthesis - 0.04458 (ms)
2026-07-02 03:37:37,868 [INFO] Pass: BasisTranslator - 0.08678 (ms)
2026-07-02 03:37:37,868 [INFO] Pass: ConsolidateBlocks - 0.06366 (ms)
2026-07-02 03:37:37,868 [INFO] Pass: UnitarySynthesis - 0.00501 (ms)
2026-07-02 03:37:37,868 [INFO] Pass: Depth - 0.03529 (ms)
2026-07-02 03:37:37,868 [INFO] Pass: FixedPoint - 0.00501 (ms)
2026-07-02 03:37:37,868 [INFO] Pass: Size - 0.00358 (ms)
2026-07-02 03:37:37,868 [INFO] Pass: FixedPoint - 0.00334 (ms)
2026-07-02 03:37:37,868 [INFO] Pass: RemoveIdentityEquivalent - 0.00620 (ms)
2026-07-02 03:37:37,869 [INFO] Pass: Optimize1qGatesDecomposition - 0.22984 (ms)
2026-07-02 03:37:37,869 [INFO] Pass: CommutativeCancellation - 0.12422 (ms)
2026-07-02 03:37:37,869 [INFO] Pass: ContractIdleWiresInControlFlow - 0.00191 (ms)
2026-07-02 03:37:37,869 [INFO] Pass: GatesInBasis - 0.03743 (ms)
2026-07-02 03:37:37,869 [INFO] Pass: Depth - 0.02837 (ms)
2026-07-02 03:37:37,869 [INFO] Pass: FixedPoint - 0.00381 (ms)
2026-07-02 03:37:37,869 [INFO] Pass: Size - 0.00238 (ms)
2026-07-02 03:37:37,869 [INFO] Pass: FixedPoint - 0.00310 (ms)
2026-07-02 03:37:37,869 [INFO] Pass: ContainsInstruction - 0.00596 (ms)
2026-07-02 03:37:37,869 [INFO] Total Transpile Time - 90.21974 (ms)
2026-07-02 03:37:37,958 [INFO] Pass: ContainsInstruction - 0.01526 (ms)
2026-07-02 03:37:37,958 [INFO] Pass: UnitarySynthesis - 0.00811 (ms)
2026-07-02 03:37:37,958 [INFO] Pass: HighLevelSynthesis - 0.00620 (ms)
2026-07-02 03:37:37,958 [INFO] Pass: BasisTranslator - 0.06962 (ms)
2026-07-02 03:37:37,958 [INFO] Pass: ElidePermutations - 0.00596 (ms)
2026-07-02 03:37:37,958 [INFO] Pass: RemoveDiagonalGatesBeforeMeasure - 0.00715 (ms)
2026-07-02 03:37:37,958 [INFO] Pass: RemoveIdentityEquivalent - 0.01073 (ms)
2026-07-02 03:37:37,958 [INFO] Pass: InverseCancellation - 0.03123 (ms)
2026-07-02 03:37:37,958 [INFO] Pass: ContractIdleWiresInControlFlow - 0.00238 (ms)
2026-07-02 03:37:37,959 [INFO] Pass: CommutativeCancellation - 0.12302 (ms)
2026-07-02 03:37:37,959 [INFO] Pass: ConsolidateBlocks - 0.05770 (ms)
2026-07-02 03:37:37,959 [INFO] Pass: Split2QUnitaries - 0.00405 (ms)
2026-07-02 03:37:37,959 [INFO] Pass: UnitarySynthesis - 0.00596 (ms)
2026-07-02 03:37:37,959 [INFO] Pass: HighLevelSynthesis - 0.04983 (ms)
2026-07-02 03:37:37,959 [INFO] Pass: BasisTranslator - 0.08869 (ms)
2026-07-02 03:37:37,959 [INFO] Pass: ConsolidateBlocks - 0.06461 (ms)
2026-07-02 03:37:37,959 [INFO] Pass: UnitarySynthesis - 0.00477 (ms)
2026-07-02 03:37:37,959 [INFO] Pass: Depth - 0.03147 (ms)
2026-07-02 03:37:37,959 [INFO] Pass: FixedPoint - 0.00620 (ms)
2026-07-02 03:37:37,959 [INFO] Pass: Size - 0.00405 (ms)
2026-07-02 03:37:37,959 [INFO] Pass: FixedPoint - 0.00286 (ms)
2026-07-02 03:37:37,959 [INFO] Pass: RemoveIdentityEquivalent - 0.00763 (ms)
2026-07-02 03:37:37,959 [INFO] Pass: Optimize1qGatesDecomposition - 0.23985 (ms)
2026-07-02 03:37:37,960 [INFO] Pass: CommutativeCancellation - 0.11587 (ms)
2026-07-02 03:37:37,960 [INFO] Pass: ContractIdleWiresInControlFlow - 0.00215 (ms)
2026-07-02 03:37:37,960 [INFO] Pass: GatesInBasis - 0.03743 (ms)
2026-07-02 03:37:37,960 [INFO] Pass: Depth - 0.02837 (ms)
2026-07-02 03:37:37,960 [INFO] Pass: FixedPoint - 0.00381 (ms)
2026-07-02 03:37:37,960 [INFO] Pass: Size - 0.00286 (ms)
2026-07-02 03:37:37,960 [INFO] Pass: FixedPoint - 0.00310 (ms)
2026-07-02 03:37:37,960 [INFO] Pass: RemoveIdentityEquivalent - 0.00668 (ms)
2026-07-02 03:37:37,960 [INFO] Pass: Optimize1qGatesDecomposition - 0.20003 (ms)
2026-07-02 03:37:37,960 [INFO] Pass: CommutativeCancellation - 0.10037 (ms)
2026-07-02 03:37:37,960 [INFO] Pass: ContractIdleWiresInControlFlow - 0.00167 (ms)
2026-07-02 03:37:37,960 [INFO] Pass: GatesInBasis - 0.03457 (ms)
2026-07-02 03:37:37,960 [INFO] Pass: Depth - 0.02551 (ms)
2026-07-02 03:37:37,960 [INFO] Pass: FixedPoint - 0.00358 (ms)
2026-07-02 03:37:37,960 [INFO] Pass: Size - 0.00191 (ms)
2026-07-02 03:37:37,960 [INFO] Pass: FixedPoint - 0.00262 (ms)
2026-07-02 03:37:37,960 [INFO] Pass: ContainsInstruction - 0.00668 (ms)
2026-07-02 03:37:37,961 [INFO] Total Transpile Time - 90.92021 (ms)
2026-07-02 06:32:05,508 [INFO] Pass: ContainsInstruction - 0.01287 (ms)
2026-07-02 06:32:05,508 [INFO] Pass: UnitarySynthesis - 0.00834 (ms)
2026-07-02 06:32:05,508 [INFO] Pass: HighLevelSynthesis - 0.00548 (ms)
2026-07-02 06:32:05,508 [INFO] Pass: BasisTranslator - 0.07486 (ms)
2026-07-02 06:32:05,508 [INFO] Pass: ElidePermutations - 0.00525 (ms)
2026-07-02 06:32:05,508 [INFO] Pass: RemoveDiagonalGatesBeforeMeasure - 0.00906 (ms)
2026-07-02 06:32:05,508 [INFO] Pass: RemoveIdentityEquivalent - 0.00691 (ms)
2026-07-02 06:32:05,508 [INFO] Pass: InverseCancellation - 0.00525 (ms)
2026-07-02 06:32:05,508 [INFO] Pass: ContractIdleWiresInControlFlow - 0.00238 (ms)
2026-07-02 06:32:05,509 [INFO] Pass: CommutativeCancellation - 0.10729 (ms)
2026-07-02 06:32:05,509 [INFO] Pass: ConsolidateBlocks - 0.05436 (ms)
2026-07-02 06:32:05,509 [INFO] Pass: Split2QUnitaries - 0.00358 (ms)
2026-07-02 06:32:05,509 [INFO] Pass: UnitarySynthesis - 0.00525 (ms)
2026-07-02 06:32:05,509 [INFO] Pass: HighLevelSynthesis - 0.04196 (ms)
2026-07-02 06:32:05,509 [INFO] Pass: BasisTranslator - 0.08154 (ms)
2026-07-02 06:32:05,509 [INFO] Pass: ConsolidateBlocks - 0.05937 (ms)
2026-07-02 06:32:05,509 [INFO] Pass: UnitarySynthesis - 0.00429 (ms)
2026-07-02 06:32:05,509 [INFO] Pass: Depth - 0.02670 (ms)
2026-07-02 06:32:05,509 [INFO] Pass: FixedPoint - 0.00501 (ms)
2026-07-02 06:32:05,509 [INFO] Pass: Size - 0.00381 (ms)
2026-07-02 06:32:05,509 [INFO] Pass: FixedPoint - 0.00310 (ms)
2026-07-02 06:32:05,509 [INFO] Pass: RemoveIdentityEquivalent - 0.00453 (ms)
2026-07-02 06:32:05,509 [INFO] Pass: Optimize1qGatesDecomposition - 0.04244 (ms)
2026-07-02 06:32:05,509 [INFO] Pass: CommutativeCancellation - 0.11015 (ms)
2026-07-02 06:32:05,509 [INFO] Pass: ContractIdleWiresInControlFlow - 0.00215 (ms)
2026-07-02 06:32:05,509 [INFO] Pass: GatesInBasis - 0.03529 (ms)
2026-07-02 06:32:05,510 [INFO] Pass: Depth - 0.02480 (ms)
2026-07-02 06:32:05,510 [INFO] Pass: FixedPoint - 0.00358 (ms)
2026-07-02 06:32:05,510 [INFO] Pass: Size - 0.00262 (ms)
2026-07-02 06:32:05,510 [INFO] Pass: FixedPoint - 0.00310 (ms)
2026-07-02 06:32:05,510 [INFO] Pass: ContainsInstruction - 0.00501 (ms)
2026-07-02 06:32:05,510 [INFO] Total Transpile Time - 92.22507 (ms)
2026-07-02 06:32:05,598 [INFO] Pass: ContainsInstruction - 0.01264 (ms)
2026-07-02 06:32:05,598 [INFO] Pass: UnitarySynthesis - 0.00834 (ms)
2026-07-02 06:32:05,598 [INFO] Pass: HighLevelSynthesis - 0.00596 (ms)
2026-07-02 06:32:05,599 [INFO] Pass: BasisTranslator - 0.06795 (ms)
2026-07-02 06:32:05,599 [INFO] Pass: ElidePermutations - 0.00453 (ms)
2026-07-02 06:32:05,599 [INFO] Pass: RemoveDiagonalGatesBeforeMeasure - 0.00787 (ms)
2026-07-02 06:32:05,599 [INFO] Pass: RemoveIdentityEquivalent - 0.00834 (ms)
2026-07-02 06:32:05,599 [INFO] Pass: InverseCancellation - 0.03028 (ms)
2026-07-02 06:32:05,599 [INFO] Pass: ContractIdleWiresInControlFlow - 0.00215 (ms)
2026-07-02 06:32:05,599 [INFO] Pass: CommutativeCancellation - 0.11373 (ms)
2026-07-02 06:32:05,599 [INFO] Pass: ConsolidateBlocks - 0.05460 (ms)
2026-07-02 06:32:05,599 [INFO] Pass: Split2QUnitaries - 0.00310 (ms)
2026-07-02 06:32:05,599 [INFO] Pass: UnitarySynthesis - 0.00525 (ms)
2026-07-02 06:32:05,599 [INFO] Pass: HighLevelSynthesis - 0.04435 (ms)
2026-07-02 06:32:05,599 [INFO] Pass: BasisTranslator - 0.08488 (ms)
2026-07-02 06:32:05,599 [INFO] Pass: ConsolidateBlocks - 0.06008 (ms)
2026-07-02 06:32:05,599 [INFO] Pass: UnitarySynthesis - 0.00453 (ms)
2026-07-02 06:32:05,599 [INFO] Pass: Depth - 0.03290 (ms)
2026-07-02 06:32:05,599 [INFO] Pass: FixedPoint - 0.00477 (ms)
2026-07-02 06:32:05,599 [INFO] Pass: Size - 0.00334 (ms)
2026-07-02 06:32:05,599 [INFO] Pass: FixedPoint - 0.00906 (ms)
2026-07-02 06:32:05,599 [INFO] Pass: RemoveIdentityEquivalent - 0.00620 (ms)
2026-07-02 06:32:05,600 [INFO] Pass: Optimize1qGatesDecomposition - 0.21911 (ms)
2026-07-02 06:32:05,600 [INFO] Pass: CommutativeCancellation - 0.12922 (ms)
2026-07-02 06:32:05,600 [INFO] Pass: ContractIdleWiresInControlFlow - 0.00191 (ms)
2026-07-02 06:32:05,600 [INFO] Pass: GatesInBasis - 0.03624 (ms)
2026-07-02 06:32:05,600 [INFO] Pass: Depth - 0.02742 (ms)
2026-07-02 06:32:05,600 [INFO] Pass: FixedPoint - 0.00429 (ms)
2026-07-02 06:32:05,600 [INFO] Pass: Size - 0.00238 (ms)
2026-07-02 06:32:05,600 [INFO] Pass: FixedPoint - 0.00334 (ms)
2026-07-02 06:32:05,600 [INFO] Pass: ContainsInstruction - 0.00644 (ms)
2026-07-02 06:32:05,601 [INFO] Total Transpile Time - 89.92863 (ms)
2026-07-02 06:32:05,689 [INFO] Pass: ContainsInstruction - 0.01311 (ms)
2026-07-02 06:32:05,689 [INFO] Pass: UnitarySynthesis - 0.00763 (ms)
2026-07-02 06:32:05,689 [INFO] Pass: HighLevelSynthesis - 0.00548 (ms)
2026-07-02 06:32:05,689 [INFO] Pass: BasisTranslator - 0.06914 (ms)
2026-07-02 06:32:05,689 [INFO] Pass: ElidePermutations - 0.00525 (ms)
2026-07-02 06:32:05,689 [INFO] Pass: RemoveDiagonalGatesBeforeMeasure - 0.00691 (ms)
2026-07-02 06:32:05,690 [INFO] Pass: RemoveIdentityEquivalent - 0.00978 (ms)
2026-07-02 06:32:05,690 [INFO] Pass: InverseCancellation - 0.03076 (ms)
2026-07-02 06:32:05,690 [INFO] Pass: ContractIdleWiresInControlFlow - 0.00262 (ms)
2026-07-02 06:32:05,690 [INFO] Pass: CommutativeCancellation - 0.11706 (ms)
2026-07-02 06:32:05,690 [INFO] Pass: ConsolidateBlocks - 0.05484 (ms)
2026-07-02 06:32:05,690 [INFO] Pass: Split2QUnitaries - 0.00310 (ms)
2026-07-02 06:32:05,690 [INFO] Pass: UnitarySynthesis - 0.00548 (ms)
2026-07-02 06:32:05,690 [INFO] Pass: HighLevelSynthesis - 0.04721 (ms)
2026-07-02 06:32:05,690 [INFO] Pass: BasisTranslator - 0.08583 (ms)
2026-07-02 06:32:05,690 [INFO] Pass: ConsolidateBlocks - 0.06056 (ms)
2026-07-02 06:32:05,690 [INFO] Pass: UnitarySynthesis - 0.00501 (ms)
2026-07-02 06:32:05,690 [INFO] Pass: Depth - 0.03076 (ms)
2026-07-02 06:32:05,690 [INFO] Pass: FixedPoint - 0.00525 (ms)
2026-07-02 06:32:05,690 [INFO] Pass: Size - 0.00381 (ms)
2026-07-02 06:32:05,690 [INFO] Pass: FixedPoint - 0.00286 (ms)
2026-07-02 06:32:05,690 [INFO] Pass: RemoveIdentityEquivalent - 0.00620 (ms)
2026-07-02 06:32:05,691 [INFO] Pass: Optimize1qGatesDecomposition - 0.23580 (ms)
2026-07-02 06:32:05,691 [INFO] Pass: CommutativeCancellation - 0.11897 (ms)
2026-07-02 06:32:05,691 [INFO] Pass: ContractIdleWiresInControlFlow - 0.00215 (ms)
2026-07-02 06:32:05,691 [INFO] Pass: GatesInBasis - 0.03648 (ms)
2026-07-02 06:32:05,691 [INFO] Pass: Depth - 0.02789 (ms)
2026-07-02 06:32:05,691 [INFO] Pass: FixedPoint - 0.00381 (ms)
2026-07-02 06:32:05,691 [INFO] Pass: Size - 0.00286 (ms)
2026-07-02 06:32:05,691 [INFO] Pass: FixedPoint - 0.00334 (ms)
2026-07-02 06:32:05,691 [INFO] Pass: RemoveIdentityEquivalent - 0.00668 (ms)
2026-07-02 06:32:05,691 [INFO] Pass: Optimize1qGatesDecomposition - 0.19503 (ms)
2026-07-02 06:32:05,691 [INFO] Pass: CommutativeCancellation - 0.10657 (ms)
2026-07-02 06:32:05,691 [INFO] Pass: ContractIdleWiresInControlFlow - 0.00143 (ms)
2026-07-02 06:32:05,691 [INFO] Pass: GatesInBasis - 0.03934 (ms)
2026-07-02 06:32:05,691 [INFO] Pass: Depth - 0.02575 (ms)
2026-07-02 06:32:05,692 [INFO] Pass: FixedPoint - 0.00334 (ms)
2026-07-02 06:32:05,692 [INFO] Pass: Size - 0.00215 (ms)
2026-07-02 06:32:05,692 [INFO] Pass: FixedPoint - 0.00286 (ms)
2026-07-02 06:32:05,692 [INFO] Pass: ContainsInstruction - 0.00596 (ms)
2026-07-02 06:32:05,692 [INFO] Total Transpile Time - 90.98577 (ms)
2026-07-02 09:25:38,487 [INFO] Pass: ContainsInstruction - 0.01311 (ms)
2026-07-02 09:25:38,487 [INFO] Pass: UnitarySynthesis - 0.00858 (ms)
2026-07-02 09:25:38,487 [INFO] Pass: HighLevelSynthesis - 0.00548 (ms)
2026-07-02 09:25:38,487 [INFO] Pass: BasisTranslator - 0.06890 (ms)
2026-07-02 09:25:38,487 [INFO] Pass: ElidePermutations - 0.00525 (ms)
2026-07-02 09:25:38,487 [INFO] Pass: RemoveDiagonalGatesBeforeMeasure - 0.00763 (ms)
2026-07-02 09:25:38,487 [INFO] Pass: RemoveIdentityEquivalent - 0.00763 (ms)
2026-07-02 09:25:38,487 [INFO] Pass: InverseCancellation - 0.00596 (ms)
2026-07-02 09:25:38,487 [INFO] Pass: ContractIdleWiresInControlFlow - 0.00215 (ms)
2026-07-02 09:25:38,488 [INFO] Pass: CommutativeCancellation - 0.10681 (ms)
2026-07-02 09:25:38,488 [INFO] Pass: ConsolidateBlocks - 0.05484 (ms)
2026-07-02 09:25:38,488 [INFO] Pass: Split2QUnitaries - 0.00334 (ms)
2026-07-02 09:25:38,488 [INFO] Pass: UnitarySynthesis - 0.00525 (ms)
2026-07-02 09:25:38,488 [INFO] Pass: HighLevelSynthesis - 0.04172 (ms)
2026-07-02 09:25:38,488 [INFO] Pass: BasisTranslator - 0.08488 (ms)
2026-07-02 09:25:38,488 [INFO] Pass: ConsolidateBlocks - 0.06080 (ms)
2026-07-02 09:25:38,488 [INFO] Pass: UnitarySynthesis - 0.00453 (ms)
2026-07-02 09:25:38,488 [INFO] Pass: Depth - 0.02885 (ms)
2026-07-02 09:25:38,488 [INFO] Pass: FixedPoint - 0.00501 (ms)
2026-07-02 09:25:38,488 [INFO] Pass: Size - 0.00381 (ms)
2026-07-02 09:25:38,488 [INFO] Pass: FixedPoint - 0.00310 (ms)
2026-07-02 09:25:38,488 [INFO] Pass: RemoveIdentityEquivalent - 0.00358 (ms)
2026-07-02 09:25:38,488 [INFO] Pass: Optimize1qGatesDecomposition - 0.04101 (ms)
2026-07-02 09:25:38,488 [INFO] Pass: CommutativeCancellation - 0.12040 (ms)
2026-07-02 09:25:38,488 [INFO] Pass: ContractIdleWiresInControlFlow - 0.00215 (ms)
2026-07-02 09:25:38,489 [INFO] Pass: GatesInBasis - 0.03457 (ms)
2026-07-02 09:25:38,489 [INFO] Pass: Depth - 0.02599 (ms)
2026-07-02 09:25:38,489 [INFO] Pass: FixedPoint - 0.00381 (ms)
2026-07-02 09:25:38,489 [INFO] Pass: Size - 0.00215 (ms)
2026-07-02 09:25:38,489 [INFO] Pass: FixedPoint - 0.00262 (ms)
2026-07-02 09:25:38,489 [INFO] Pass: ContainsInstruction - 0.00477 (ms)
2026-07-02 09:25:38,489 [INFO] Total Transpile Time - 91.42184 (ms)
2026-07-02 09:25:38,578 [INFO] Pass: ContainsInstruction - 0.01335 (ms)
2026-07-02 09:25:38,578 [INFO] Pass: UnitarySynthesis - 0.00787 (ms)
2026-07-02 09:25:38,578 [INFO] Pass: HighLevelSynthesis - 0.00644 (ms)
2026-07-02 09:25:38,578 [INFO] Pass: BasisTranslator - 0.07272 (ms)
2026-07-02 09:25:38,578 [INFO] Pass: ElidePermutations - 0.00548 (ms)
2026-07-02 09:25:38,578 [INFO] Pass: RemoveDiagonalGatesBeforeMeasure - 0.00739 (ms)
2026-07-02 09:25:38,578 [INFO] Pass: RemoveIdentityEquivalent - 0.00834 (ms)
2026-07-02 09:25:38,578 [INFO] Pass: InverseCancellation - 0.03004 (ms)
2026-07-02 09:25:38,578 [INFO] Pass: ContractIdleWiresInControlFlow - 0.00238 (ms)
2026-07-02 09:25:38,578 [INFO] Pass: CommutativeCancellation - 0.11921 (ms)
2026-07-02 09:25:38,578 [INFO] Pass: ConsolidateBlocks - 0.06223 (ms)
2026-07-02 09:25:38,579 [INFO] Pass: Split2QUnitaries - 0.00358 (ms)
2026-07-02 09:25:38,579 [INFO] Pass: UnitarySynthesis - 0.00572 (ms)
2026-07-02 09:25:38,579 [INFO] Pass: HighLevelSynthesis - 0.04435 (ms)
2026-07-02 09:25:38,579 [INFO] Pass: BasisTranslator - 0.08535 (ms)
2026-07-02 09:25:38,579 [INFO] Pass: ConsolidateBlocks - 0.06032 (ms)
2026-07-02 09:25:38,579 [INFO] Pass: UnitarySynthesis - 0.00453 (ms)
2026-07-02 09:25:38,579 [INFO] Pass: Depth - 0.03600 (ms)
2026-07-02 09:25:38,579 [INFO] Pass: FixedPoint - 0.00572 (ms)
2026-07-02 09:25:38,579 [INFO] Pass: Size - 0.00381 (ms)
2026-07-02 09:25:38,579 [INFO] Pass: FixedPoint - 0.00286 (ms)
2026-07-02 09:25:38,579 [INFO] Pass: RemoveIdentityEquivalent - 0.00572 (ms)
2026-07-02 09:25:38,579 [INFO] Pass: Optimize1qGatesDecomposition - 0.21243 (ms)
2026-07-02 09:25:38,579 [INFO] Pass: CommutativeCancellation - 0.12589 (ms)
2026-07-02 09:25:38,579 [INFO] Pass: ContractIdleWiresInControlFlow - 0.00191 (ms)
2026-07-02 09:25:38,580 [INFO] Pass: GatesInBasis - 0.03600 (ms)
2026-07-02 09:25:38,580 [INFO] Pass: Depth - 0.02718 (ms)
2026-07-02 09:25:38,580 [INFO] Pass: FixedPoint - 0.00381 (ms)
2026-07-02 09:25:38,580 [INFO] Pass: Size - 0.00262 (ms)
2026-07-02 09:25:38,580 [INFO] Pass: FixedPoint - 0.00286 (ms)
2026-07-02 09:25:38,580 [INFO] Pass: ContainsInstruction - 0.00548 (ms)
2026-07-02 09:25:38,580 [INFO] Total Transpile Time - 90.54017 (ms)
2026-07-02 09:25:38,669 [INFO] Pass: ContainsInstruction - 0.01216 (ms)
2026-07-02 09:25:38,669 [INFO] Pass: UnitarySynthesis - 0.00739 (ms)
2026-07-02 09:25:38,669 [INFO] Pass: HighLevelSynthesis - 0.00620 (ms)
2026-07-02 09:25:38,669 [INFO] Pass: BasisTranslator - 0.06557 (ms)
2026-07-02 09:25:38,669 [INFO] Pass: ElidePermutations - 0.00548 (ms)
2026-07-02 09:25:38,669 [INFO] Pass: RemoveDiagonalGatesBeforeMeasure - 0.00787 (ms)
2026-07-02 09:25:38,670 [INFO] Pass: RemoveIdentityEquivalent - 0.00906 (ms)
2026-07-02 09:25:38,670 [INFO] Pass: InverseCancellation - 0.03028 (ms)
2026-07-02 09:25:38,670 [INFO] Pass: ContractIdleWiresInControlFlow - 0.00238 (ms)
2026-07-02 09:25:38,670 [INFO] Pass: CommutativeCancellation - 0.10800 (ms)
2026-07-02 09:25:38,670 [INFO] Pass: ConsolidateBlocks - 0.05555 (ms)
2026-07-02 09:25:38,670 [INFO] Pass: Split2QUnitaries - 0.00381 (ms)
2026-07-02 09:25:38,670 [INFO] Pass: UnitarySynthesis - 0.00572 (ms)
2026-07-02 09:25:38,670 [INFO] Pass: HighLevelSynthesis - 0.04673 (ms)
2026-07-02 09:25:38,670 [INFO] Pass: BasisTranslator - 0.08440 (ms)
2026-07-02 09:25:38,670 [INFO] Pass: ConsolidateBlocks - 0.06008 (ms)
2026-07-02 09:25:38,670 [INFO] Pass: UnitarySynthesis - 0.00501 (ms)
2026-07-02 09:25:38,670 [INFO] Pass: Depth - 0.03028 (ms)
2026-07-02 09:25:38,670 [INFO] Pass: FixedPoint - 0.00477 (ms)
2026-07-02 09:25:38,670 [INFO] Pass: Size - 0.00358 (ms)
2026-07-02 09:25:38,670 [INFO] Pass: FixedPoint - 0.00286 (ms)
2026-07-02 09:25:38,670 [INFO] Pass: RemoveIdentityEquivalent - 0.00691 (ms)
2026-07-02 09:25:38,671 [INFO] Pass: Optimize1qGatesDecomposition - 0.22459 (ms)
2026-07-02 09:25:38,671 [INFO] Pass: CommutativeCancellation - 0.11301 (ms)
2026-07-02 09:25:38,671 [INFO] Pass: ContractIdleWiresInControlFlow - 0.00215 (ms)
2026-07-02 09:25:38,671 [INFO] Pass: GatesInBasis - 0.03576 (ms)
2026-07-02 09:25:38,671 [INFO] Pass: Depth - 0.02861 (ms)
2026-07-02 09:25:38,671 [INFO] Pass: FixedPoint - 0.00381 (ms)
2026-07-02 09:25:38,671 [INFO] Pass: Size - 0.00262 (ms)
2026-07-02 09:25:38,671 [INFO] Pass: FixedPoint - 0.00310 (ms)
2026-07-02 09:25:38,671 [INFO] Pass: RemoveIdentityEquivalent - 0.00644 (ms)
2026-07-02 09:25:38,671 [INFO] Pass: Optimize1qGatesDecomposition - 0.19097 (ms)
2026-07-02 09:25:38,671 [INFO] Pass: CommutativeCancellation - 0.09918 (ms)
2026-07-02 09:25:38,671 [INFO] Pass: ContractIdleWiresInControlFlow - 0.00167 (ms)
2026-07-02 09:25:38,671 [INFO] Pass: GatesInBasis - 0.03362 (ms)
2026-07-02 09:25:38,671 [INFO] Pass: Depth - 0.03195 (ms)
2026-07-02 09:25:38,671 [INFO] Pass: FixedPoint - 0.00358 (ms)
2026-07-02 09:25:38,671 [INFO] Pass: Size - 0.00238 (ms)
2026-07-02 09:25:38,672 [INFO] Pass: FixedPoint - 0.00286 (ms)
2026-07-02 09:25:38,672 [INFO] Pass: ContainsInstruction - 0.00525 (ms)
2026-07-02 09:25:38,672 [INFO] Total Transpile Time - 91.26997 (ms)
2026-07-02 12:20:12,172 [INFO] Pass: ContainsInstruction - 0.01240 (ms)
2026-07-02 12:20:12,172 [INFO] Pass: UnitarySynthesis - 0.00930 (ms)
2026-07-02 12:20:12,172 [INFO] Pass: HighLevelSynthesis - 0.00548 (ms)
2026-07-02 12:20:12,172 [INFO] Pass: BasisTranslator - 0.07057 (ms)
2026-07-02 12:20:12,172 [INFO] Pass: ElidePermutations - 0.00572 (ms)
2026-07-02 12:20:12,172 [INFO] Pass: RemoveDiagonalGatesBeforeMeasure - 0.00811 (ms)
2026-07-02 12:20:12,172 [INFO] Pass: RemoveIdentityEquivalent - 0.00787 (ms)
2026-07-02 12:20:12,172 [INFO] Pass: InverseCancellation - 0.00572 (ms)
2026-07-02 12:20:12,172 [INFO] Pass: ContractIdleWiresInControlFlow - 0.00191 (ms)
2026-07-02 12:20:12,172 [INFO] Pass: CommutativeCancellation - 0.11110 (ms)
2026-07-02 12:20:12,172 [INFO] Pass: ConsolidateBlocks - 0.05460 (ms)
2026-07-02 12:20:12,172 [INFO] Pass: Split2QUnitaries - 0.00310 (ms)
2026-07-02 12:20:12,172 [INFO] Pass: UnitarySynthesis - 0.00501 (ms)
2026-07-02 12:20:12,172 [INFO] Pass: HighLevelSynthesis - 0.04172 (ms)
2026-07-02 12:20:12,173 [INFO] Pass: BasisTranslator - 0.08225 (ms)
2026-07-02 12:20:12,173 [INFO] Pass: ConsolidateBlocks - 0.05937 (ms)
2026-07-02 12:20:12,173 [INFO] Pass: UnitarySynthesis - 0.00405 (ms)
2026-07-02 12:20:12,173 [INFO] Pass: Depth - 0.02837 (ms)
2026-07-02 12:20:12,173 [INFO] Pass: FixedPoint - 0.00572 (ms)
2026-07-02 12:20:12,173 [INFO] Pass: Size - 0.00381 (ms)
2026-07-02 12:20:12,173 [INFO] Pass: FixedPoint - 0.00286 (ms)
2026-07-02 12:20:12,173 [INFO] Pass: RemoveIdentityEquivalent - 0.00334 (ms)
2026-07-02 12:20:12,173 [INFO] Pass: Optimize1qGatesDecomposition - 0.04101 (ms)
2026-07-02 12:20:12,173 [INFO] Pass: CommutativeCancellation - 0.11110 (ms)
2026-07-02 12:20:12,173 [INFO] Pass: ContractIdleWiresInControlFlow - 0.00167 (ms)
2026-07-02 12:20:12,173 [INFO] Pass: GatesInBasis - 0.03481 (ms)
2026-07-02 12:20:12,173 [INFO] Pass: Depth - 0.02575 (ms)
2026-07-02 12:20:12,173 [INFO] Pass: FixedPoint - 0.00334 (ms)
2026-07-02 12:20:12,173 [INFO] Pass: Size - 0.00167 (ms)
2026-07-02 12:20:12,173 [INFO] Pass: FixedPoint - 0.00286 (ms)
2026-07-02 12:20:12,173 [INFO] Pass: ContainsInstruction - 0.00453 (ms)
2026-07-02 12:20:12,174 [INFO] Total Transpile Time - 92.36526 (ms)
2026-07-02 12:20:12,264 [INFO] Pass: ContainsInstruction - 0.01335 (ms)
2026-07-02 12:20:12,264 [INFO] Pass: UnitarySynthesis - 0.00763 (ms)
2026-07-02 12:20:12,264 [INFO] Pass: HighLevelSynthesis - 0.00644 (ms)
2026-07-02 12:20:12,264 [INFO] Pass: BasisTranslator - 0.07439 (ms)
2026-07-02 12:20:12,264 [INFO] Pass: ElidePermutations - 0.00525 (ms)
2026-07-02 12:20:12,264 [INFO] Pass: RemoveDiagonalGatesBeforeMeasure - 0.00787 (ms)
2026-07-02 12:20:12,264 [INFO] Pass: RemoveIdentityEquivalent - 0.00882 (ms)
2026-07-02 12:20:12,264 [INFO] Pass: InverseCancellation - 0.03052 (ms)
2026-07-02 12:20:12,264 [INFO] Pass: ContractIdleWiresInControlFlow - 0.00286 (ms)
2026-07-02 12:20:12,264 [INFO] Pass: CommutativeCancellation - 0.11849 (ms)
2026-07-02 12:20:12,264 [INFO] Pass: ConsolidateBlocks - 0.05531 (ms)
2026-07-02 12:20:12,264 [INFO] Pass: Split2QUnitaries - 0.00334 (ms)
2026-07-02 12:20:12,264 [INFO] Pass: UnitarySynthesis - 0.00477 (ms)
2026-07-02 12:20:12,264 [INFO] Pass: HighLevelSynthesis - 0.04387 (ms)
2026-07-02 12:20:12,264 [INFO] Pass: BasisTranslator - 0.08845 (ms)
2026-07-02 12:20:12,265 [INFO] Pass: ConsolidateBlocks - 0.06151 (ms)
2026-07-02 12:20:12,265 [INFO] Pass: UnitarySynthesis - 0.00429 (ms)
2026-07-02 12:20:12,265 [INFO] Pass: Depth - 0.02980 (ms)
2026-07-02 12:20:12,265 [INFO] Pass: FixedPoint - 0.00501 (ms)
2026-07-02 12:20:12,265 [INFO] Pass: Size - 0.00358 (ms)
2026-07-02 12:20:12,265 [INFO] Pass: FixedPoint - 0.00310 (ms)
2026-07-02 12:20:12,265 [INFO] Pass: RemoveIdentityEquivalent - 0.00501 (ms)
2026-07-02 12:20:12,265 [INFO] Pass: Optimize1qGatesDecomposition - 0.21720 (ms)
2026-07-02 12:20:12,265 [INFO] Pass: CommutativeCancellation - 0.12422 (ms)
2026-07-02 12:20:12,265 [INFO] Pass: ContractIdleWiresInControlFlow - 0.00215 (ms)
2026-07-02 12:20:12,265 [INFO] Pass: GatesInBasis - 0.03624 (ms)
2026-07-02 12:20:12,265 [INFO] Pass: Depth - 0.02694 (ms)
2026-07-02 12:20:12,265 [INFO] Pass: FixedPoint - 0.00358 (ms)
2026-07-02 12:20:12,265 [INFO] Pass: Size - 0.00215 (ms)
2026-07-02 12:20:12,265 [INFO] Pass: FixedPoint - 0.00262 (ms)
2026-07-02 12:20:12,265 [INFO] Pass: ContainsInstruction - 0.00548 (ms)
2026-07-02 12:20:12,266 [INFO] Total Transpile Time - 91.57205 (ms)
2026-07-02 12:20:12,355 [INFO] Pass: ContainsInstruction - 0.01311 (ms)
2026-07-02 12:20:12,355 [INFO] Pass: UnitarySynthesis - 0.00811 (ms)
2026-07-02 12:20:12,356 [INFO] Pass: HighLevelSynthesis - 0.00525 (ms)
2026-07-02 12:20:12,356 [INFO] Pass: BasisTranslator - 0.06628 (ms)
2026-07-02 12:20:12,356 [INFO] Pass: ElidePermutations - 0.00429 (ms)
2026-07-02 12:20:12,356 [INFO] Pass: RemoveDiagonalGatesBeforeMeasure - 0.00691 (ms)
2026-07-02 12:20:12,356 [INFO] Pass: RemoveIdentityEquivalent - 0.01001 (ms)
2026-07-02 12:20:12,356 [INFO] Pass: InverseCancellation - 0.02956 (ms)
2026-07-02 12:20:12,356 [INFO] Pass: ContractIdleWiresInControlFlow - 0.00262 (ms)
2026-07-02 12:20:12,356 [INFO] Pass: CommutativeCancellation - 0.11063 (ms)
2026-07-02 12:20:12,356 [INFO] Pass: ConsolidateBlocks - 0.05364 (ms)
2026-07-02 12:20:12,356 [INFO] Pass: Split2QUnitaries - 0.00310 (ms)
2026-07-02 12:20:12,356 [INFO] Pass: UnitarySynthesis - 0.00548 (ms)
2026-07-02 12:20:12,356 [INFO] Pass: HighLevelSynthesis - 0.04625 (ms)
2026-07-02 12:20:12,356 [INFO] Pass: BasisTranslator - 0.08345 (ms)
2026-07-02 12:20:12,356 [INFO] Pass: ConsolidateBlocks - 0.06151 (ms)
2026-07-02 12:20:12,356 [INFO] Pass: UnitarySynthesis - 0.00453 (ms)
2026-07-02 12:20:12,356 [INFO] Pass: Depth - 0.03624 (ms)
2026-07-02 12:20:12,356 [INFO] Pass: FixedPoint - 0.00477 (ms)
2026-07-02 12:20:12,357 [INFO] Pass: Size - 0.00381 (ms)
2026-07-02 12:20:12,357 [INFO] Pass: FixedPoint - 0.00286 (ms)
2026-07-02 12:20:12,357 [INFO] Pass: RemoveIdentityEquivalent - 0.00763 (ms)
2026-07-02 12:20:12,357 [INFO] Pass: Optimize1qGatesDecomposition - 0.22316 (ms)
2026-07-02 12:20:12,357 [INFO] Pass: CommutativeCancellation - 0.11802 (ms)
2026-07-02 12:20:12,357 [INFO] Pass: ContractIdleWiresInControlFlow - 0.00215 (ms)
2026-07-02 12:20:12,357 [INFO] Pass: GatesInBasis - 0.03648 (ms)
2026-07-02 12:20:12,357 [INFO] Pass: Depth - 0.02789 (ms)
2026-07-02 12:20:12,357 [INFO] Pass: FixedPoint - 0.00358 (ms)
2026-07-02 12:20:12,357 [INFO] Pass: Size - 0.00238 (ms)
2026-07-02 12:20:12,357 [INFO] Pass: FixedPoint - 0.00310 (ms)
2026-07-02 12:20:12,357 [INFO] Pass: RemoveIdentityEquivalent - 0.00620 (ms)
2026-07-02 12:20:12,357 [INFO] Pass: Optimize1qGatesDecomposition - 0.19169 (ms)
2026-07-02 12:20:12,358 [INFO] Pass: CommutativeCancellation - 0.10538 (ms)
2026-07-02 12:20:12,358 [INFO] Pass: ContractIdleWiresInControlFlow - 0.00215 (ms)
2026-07-02 12:20:12,358 [INFO] Pass: GatesInBasis - 0.03338 (ms)
2026-07-02 12:20:12,358 [INFO] Pass: Depth - 0.02575 (ms)
2026-07-02 12:20:12,358 [INFO] Pass: FixedPoint - 0.00334 (ms)
2026-07-02 12:20:12,358 [INFO] Pass: Size - 0.00215 (ms)
2026-07-02 12:20:12,358 [INFO] Pass: FixedPoint - 0.00310 (ms)
2026-07-02 12:20:12,358 [INFO] Pass: ContainsInstruction - 0.00548 (ms)
2026-07-02 12:20:12,358 [INFO] Total Transpile Time - 91.78877 (ms)
slurmstepd-c7-3: error: *** JOB 512325 ON c7-3 CANCELLED AT 2026-07-02T13:55:39 ***
