slurmstepd: info: Setting TMPDIR to /scratch/512329. Previous errors about TMPDIR can be discarded
==============================
RUN_ID: 20260701-214508
Array ID: 3
num_nodes: 70
num_instances: 75
optimizer: DIFFERENTIALEVOLUTION
==============================

==============================
num_nodes    = 70
num_instances= 75
k            = 2
optimizer    = DIFFERENTIALEVOLUTION
maxiter      = 30
outdir       = Resultados/PCE/20260701-214508
==============================


✔ n=70 beta=0.8444 ± 0.0172 (PASSED)
✔ Resultado guardado en: Resultados/PCE/20260701-214508/n_70.json
Fecha fin: Thu Jul  2 02:43:18 CEST 2026

*****************************************************************************
*                                                                           *
*                    JOB EFFICIENCY REPORT (seff 512329)                   *
*                                                                           *
*****************************************************************************

Job ID: 512329
Array Job ID: 512325_3
Cluster: qmio
User/Group: tec_app6/cesga
State: COMPLETED (exit code 0)
Cores: 1
CPU Utilized: 04:56:55
CPU Efficiency: 99.59% of 04:58:09 core-walltime
Job Wall-clock time: 04:58:09
Memory Utilized: 336.69 MB
Memory Efficiency: 4.11% of 8.00 GB

 +++++++++++++++++++++++++++++++++++++++++++++++++++++++++++++++++++++++++++
 ++   Memory Efficiency is too small. Please review the requested memory. ++
 ++ It seems that you do not need that much memory so we recommend        ++
 ++ requesting less memory in other similar jobs.                         ++
 +++++++++++++++++++++++++++++++++++++++++++++++++++++++++++++++++++++++++++
 
*****************************************************************************

