slurmstepd: info: Setting TMPDIR to /scratch/512328. Previous errors about TMPDIR can be discarded
==============================
RUN_ID: 20260701-214508
Array ID: 2
num_nodes: 50
num_instances: 75
optimizer: DIFFERENTIALEVOLUTION
==============================

==============================
num_nodes    = 50
num_instances= 75
k            = 2
optimizer    = DIFFERENTIALEVOLUTION
maxiter      = 30
outdir       = Resultados/PCE/20260701-214508
==============================


✔ n=50 beta=0.8717 ± 0.0202 (PASSED)
✔ Resultado guardado en: Resultados/PCE/20260701-214508/n_50.json
Fecha fin: Wed Jul  1 23:59:39 CEST 2026

*****************************************************************************
*                                                                           *
*                    JOB EFFICIENCY REPORT (seff 512328)                   *
*                                                                           *
*****************************************************************************

Job ID: 512328
Array Job ID: 512325_2
Cluster: qmio
User/Group: tec_app6/cesga
State: COMPLETED (exit code 0)
Cores: 1
CPU Utilized: 02:13:52
CPU Efficiency: 99.53% of 02:14:30 core-walltime
Job Wall-clock time: 02:14:30
Memory Utilized: 293.16 MB
Memory Efficiency: 3.58% of 8.00 GB

 +++++++++++++++++++++++++++++++++++++++++++++++++++++++++++++++++++++++++++
 ++   Memory Efficiency is too small. Please review the requested memory. ++
 ++ It seems that you do not need that much memory so we recommend        ++
 ++ requesting less memory in other similar jobs.                         ++
 +++++++++++++++++++++++++++++++++++++++++++++++++++++++++++++++++++++++++++
 
*****************************************************************************

