qmio/hpc unloaded
gcccore/12.3.0 unloaded
binutils/2.40 unloaded
gcc/12.3.0 unloaded
sqlite/3.45.3 unloaded
libffi/3.4.4 unloaded
python/3.11.9 unloaded
rust/1.88.0 unloaded
imkl/2023.2.0 unloaded
ninja/1.9.0 unloaded
meson/1.5.2-python-3.11.9 unloaded
meson-python/0.16.0-python-3.11.9 unloaded
cython/3.0.9-python-3.11.9 unloaded
numpy/1.26.4-python-3.11.9 unloaded
pythran/0.15.0-python-3.11.9 unloaded
pybind11/2.13.6-python-3.11.9 unloaded
xsimd/12.1.1 unloaded
scipy/1.13.0-python-3.11.9 unloaded
llvm/16.0.0 unloaded
gmp/6.3.0 unloaded
mpfr/4.2.1 unloaded
mpc/1.3.1 unloaded
flint/3.1.2 unloaded
symengine/0.11.2 unloaded
symengine-python/0.11.0-python-3.11.9 unloaded
spdlog/1.9.2 unloaded
pylatexenc/2.10-python-3.11.9 unloaded
libgd/2.3.3 unloaded
nasm/2.16.03 unloaded
libjpeg-turbo/3.0.2 unloaded
matplotlib/3.6.3-python-3.11.9 unloaded
pandas/2.2.2-python-3.11.9 unloaded
seaborn/0.12.2-python-3.11.9 unloaded
qiskit/2.2.3-python-3.11.9 unloaded
qmio-run/0.5.1-python-3.11.9 unloaded
qmio-tools/0.2.1-python-3.11.9 unloaded
        Preparing the environment for use of the sistema software stack.
        Please rebuild modules cache: module --ignore-cache avail
     
qmio/hpc loaded
gcccore/12.3.0 loaded
binutils/2.40 loaded
gcc/12.3.0 loaded
sqlite/3.45.3 loaded
libffi/3.4.4 loaded
python/3.11.9 loaded
rust/1.88.0 loaded

imkl/2023.2.0 loaded
ninja/1.9.0 loaded
meson/1.5.2-python-3.11.9 loaded
meson-python/0.16.0-python-3.11.9 loaded
cython/3.0.9-python-3.11.9 loaded
numpy/1.26.4-python-3.11.9 loaded
pythran/0.15.0-python-3.11.9 loaded
pybind11/2.13.6-python-3.11.9 loaded
xsimd/12.1.1 loaded
scipy/1.13.0-python-3.11.9 loaded
llvm/16.0.0 loaded
gmp/6.3.0 loaded
mpfr/4.2.1 loaded
mpc/1.3.1 loaded
flint/3.1.2 loaded
symengine/0.11.2 loaded
symengine-python/0.11.0-python-3.11.9 loaded
spdlog/1.9.2 loaded
pylatexenc/2.10-python-3.11.9 loaded
libgd/2.3.3 loaded
nasm/2.16.03 loaded
libjpeg-turbo/3.0.2 loaded
matplotlib/3.6.3-python-3.11.9 loaded
pandas/2.2.2-python-3.11.9 loaded
seaborn/0.12.2-python-3.11.9 loaded
qiskit/2.2.3-python-3.11.9 loaded
qmio-run/0.5.1-python-3.11.9 loaded
qmio-tools/0.2.1-python-3.11.9 loaded
gcc/12.3.0 unloaded
rust/1.88.0 unloaded
pythran/0.15.0-python-3.11.9 unloaded
scipy/1.13.0-python-3.11.9 unloaded
qiskit/2.2.3-python-3.11.9 unloaded
qmio-run/0.5.1-python-3.11.9 unloaded
qmio-tools/0.2.1-python-3.11.9 unloaded
gcc/12.3.0 loaded
rust/1.88.0 loaded
pythran/0.15.0-python-3.11.9 loaded
scipy/1.13.0-python-3.11.9 loaded
qiskit/2.2.3-python-3.11.9 loaded
qmio-run/0.5.1-python-3.11.9 loaded
qmio-tools/0.2.1-python-3.11.9 loaded
qiskit/2.2.3-python-3.11.9 unloaded
qiskit/2.2.3-python-3.11.9 loaded
qmio-tools/0.2.1-python-3.11.9 unloaded
qmio-tools/0.2.1-python-3.11.9 loaded
2026-07-01 21:45:12,961 [INFO] [PCE] Ejecutando 75 grafos con 290 nodos.
2026-07-01 21:45:12,962 [INFO] [PCE] n=290 usa 15 qubits (k=2).
2026-07-01 21:45:13,159 [INFO] Pass: ContainsInstruction - 0.01359 (ms)
2026-07-01 21:45:13,159 [INFO] Pass: UnitarySynthesis - 0.00787 (ms)
2026-07-01 21:45:13,159 [INFO] Pass: HighLevelSynthesis - 0.00572 (ms)
2026-07-01 21:45:13,159 [INFO] Pass: BasisTranslator - 0.05674 (ms)
2026-07-01 21:45:13,159 [INFO] Pass: ElidePermutations - 0.00548 (ms)
2026-07-01 21:45:13,159 [INFO] Pass: RemoveDiagonalGatesBeforeMeasure - 0.00787 (ms)
2026-07-01 21:45:13,159 [INFO] Pass: RemoveIdentityEquivalent - 0.00668 (ms)
2026-07-01 21:45:13,159 [INFO] Pass: InverseCancellation - 0.02527 (ms)
2026-07-01 21:45:13,159 [INFO] Pass: ContractIdleWiresInControlFlow - 0.00262 (ms)
2026-07-01 21:45:13,160 [INFO] Pass: CommutativeCancellation - 0.08297 (ms)
2026-07-01 21:45:13,160 [INFO] Pass: ConsolidateBlocks - 0.05341 (ms)
2026-07-01 21:45:13,160 [INFO] Pass: Split2QUnitaries - 0.00381 (ms)
2026-07-01 21:45:13,160 [INFO] Pass: UnitarySynthesis - 0.00548 (ms)
2026-07-01 21:45:13,160 [INFO] Pass: HighLevelSynthesis - 0.03600 (ms)
2026-07-01 21:45:13,160 [INFO] Pass: BasisTranslator - 0.07534 (ms)
2026-07-01 21:45:13,160 [INFO] Pass: ConsolidateBlocks - 0.05531 (ms)
2026-07-01 21:45:13,160 [INFO] Pass: UnitarySynthesis - 0.00477 (ms)
2026-07-01 21:45:13,160 [INFO] Pass: Depth - 0.02527 (ms)
2026-07-01 21:45:13,160 [INFO] Pass: FixedPoint - 0.00572 (ms)
2026-07-01 21:45:13,160 [INFO] Pass: Size - 0.00358 (ms)
2026-07-01 21:45:13,160 [INFO] Pass: FixedPoint - 0.00286 (ms)
2026-07-01 21:45:13,160 [INFO] Pass: RemoveIdentityEquivalent - 0.00358 (ms)
2026-07-01 21:45:13,160 [INFO] Pass: Optimize1qGatesDecomposition - 0.03910 (ms)
2026-07-01 21:45:13,160 [INFO] Pass: CommutativeCancellation - 0.09727 (ms)
2026-07-01 21:45:13,160 [INFO] Pass: ContractIdleWiresInControlFlow - 0.00262 (ms)
2026-07-01 21:45:13,160 [INFO] Pass: GatesInBasis - 0.03815 (ms)
2026-07-01 21:45:13,160 [INFO] Pass: Depth - 0.02337 (ms)
2026-07-01 21:45:13,161 [INFO] Pass: FixedPoint - 0.00381 (ms)
2026-07-01 21:45:13,161 [INFO] Pass: Size - 0.00215 (ms)
2026-07-01 21:45:13,161 [INFO] Pass: FixedPoint - 0.00286 (ms)
2026-07-01 21:45:13,161 [INFO] Pass: ContainsInstruction - 0.00572 (ms)
2026-07-01 21:45:13,161 [INFO] Total Transpile Time - 104.41995 (ms)
2026-07-01 21:45:13,250 [INFO] Pass: ContainsInstruction - 0.01264 (ms)
2026-07-01 21:45:13,250 [INFO] Pass: UnitarySynthesis - 0.00715 (ms)
2026-07-01 21:45:13,250 [INFO] Pass: HighLevelSynthesis - 0.00525 (ms)
2026-07-01 21:45:13,250 [INFO] Pass: BasisTranslator - 0.05484 (ms)
2026-07-01 21:45:13,250 [INFO] Pass: ElidePermutations - 0.00477 (ms)
2026-07-01 21:45:13,250 [INFO] Pass: RemoveDiagonalGatesBeforeMeasure - 0.00787 (ms)
2026-07-01 21:45:13,250 [INFO] Pass: RemoveIdentityEquivalent - 0.00691 (ms)
2026-07-01 21:45:13,250 [INFO] Pass: InverseCancellation - 0.02480 (ms)
2026-07-01 21:45:13,250 [INFO] Pass: ContractIdleWiresInControlFlow - 0.00238 (ms)
2026-07-01 21:45:13,250 [INFO] Pass: CommutativeCancellation - 0.08726 (ms)
2026-07-01 21:45:13,250 [INFO] Pass: ConsolidateBlocks - 0.04697 (ms)
2026-07-01 21:45:13,250 [INFO] Pass: Split2QUnitaries - 0.00310 (ms)
2026-07-01 21:45:13,250 [INFO] Pass: UnitarySynthesis - 0.00548 (ms)
2026-07-01 21:45:13,250 [INFO] Pass: HighLevelSynthesis - 0.03648 (ms)
2026-07-01 21:45:13,250 [INFO] Pass: BasisTranslator - 0.08225 (ms)
2026-07-01 21:45:13,251 [INFO] Pass: ConsolidateBlocks - 0.05555 (ms)
2026-07-01 21:45:13,251 [INFO] Pass: UnitarySynthesis - 0.00453 (ms)
2026-07-01 21:45:13,251 [INFO] Pass: Depth - 0.02337 (ms)
2026-07-01 21:45:13,251 [INFO] Pass: FixedPoint - 0.00548 (ms)
2026-07-01 21:45:13,251 [INFO] Pass: Size - 0.00310 (ms)
2026-07-01 21:45:13,251 [INFO] Pass: FixedPoint - 0.00310 (ms)
2026-07-01 21:45:13,251 [INFO] Pass: RemoveIdentityEquivalent - 0.00548 (ms)
2026-07-01 21:45:13,251 [INFO] Pass: Optimize1qGatesDecomposition - 0.20099 (ms)
2026-07-01 21:45:13,251 [INFO] Pass: CommutativeCancellation - 0.10681 (ms)
2026-07-01 21:45:13,251 [INFO] Pass: ContractIdleWiresInControlFlow - 0.00215 (ms)
2026-07-01 21:45:13,251 [INFO] Pass: GatesInBasis - 0.03004 (ms)
2026-07-01 21:45:13,251 [INFO] Pass: Depth - 0.02289 (ms)
2026-07-01 21:45:13,251 [INFO] Pass: FixedPoint - 0.00405 (ms)
2026-07-01 21:45:13,251 [INFO] Pass: Size - 0.00238 (ms)
2026-07-01 21:45:13,251 [INFO] Pass: FixedPoint - 0.00477 (ms)
2026-07-01 21:45:13,251 [INFO] Pass: ContainsInstruction - 0.00501 (ms)
2026-07-01 21:45:13,252 [INFO] Total Transpile Time - 90.31320 (ms)
2026-07-01 21:45:13,340 [INFO] Pass: ContainsInstruction - 0.01192 (ms)
2026-07-01 21:45:13,340 [INFO] Pass: UnitarySynthesis - 0.00858 (ms)
2026-07-01 21:45:13,340 [INFO] Pass: HighLevelSynthesis - 0.00572 (ms)
2026-07-01 21:45:13,340 [INFO] Pass: BasisTranslator - 0.05674 (ms)
2026-07-01 21:45:13,340 [INFO] Pass: ElidePermutations - 0.00525 (ms)
2026-07-01 21:45:13,340 [INFO] Pass: RemoveDiagonalGatesBeforeMeasure - 0.00691 (ms)
2026-07-01 21:45:13,340 [INFO] Pass: RemoveIdentityEquivalent - 0.00882 (ms)
2026-07-01 21:45:13,340 [INFO] Pass: InverseCancellation - 0.02551 (ms)
2026-07-01 21:45:13,340 [INFO] Pass: ContractIdleWiresInControlFlow - 0.00286 (ms)
2026-07-01 21:45:13,340 [INFO] Pass: CommutativeCancellation - 0.08607 (ms)
2026-07-01 21:45:13,340 [INFO] Pass: ConsolidateBlocks - 0.04911 (ms)
2026-07-01 21:45:13,340 [INFO] Pass: Split2QUnitaries - 0.00334 (ms)
2026-07-01 21:45:13,340 [INFO] Pass: UnitarySynthesis - 0.01049 (ms)
2026-07-01 21:45:13,340 [INFO] Pass: HighLevelSynthesis - 0.03839 (ms)
2026-07-01 21:45:13,341 [INFO] Pass: BasisTranslator - 0.08488 (ms)
2026-07-01 21:45:13,341 [INFO] Pass: ConsolidateBlocks - 0.05889 (ms)
2026-07-01 21:45:13,341 [INFO] Pass: UnitarySynthesis - 0.00501 (ms)
2026-07-01 21:45:13,341 [INFO] Pass: Depth - 0.02575 (ms)
2026-07-01 21:45:13,341 [INFO] Pass: FixedPoint - 0.00596 (ms)
2026-07-01 21:45:13,341 [INFO] Pass: Size - 0.00334 (ms)
2026-07-01 21:45:13,341 [INFO] Pass: FixedPoint - 0.00310 (ms)
2026-07-01 21:45:13,341 [INFO] Pass: RemoveIdentityEquivalent - 0.00715 (ms)
2026-07-01 21:45:13,341 [INFO] Pass: Optimize1qGatesDecomposition - 0.21291 (ms)
2026-07-01 21:45:13,341 [INFO] Pass: CommutativeCancellation - 0.10252 (ms)
2026-07-01 21:45:13,341 [INFO] Pass: ContractIdleWiresInControlFlow - 0.00238 (ms)
2026-07-01 21:45:13,341 [INFO] Pass: GatesInBasis - 0.03409 (ms)
2026-07-01 21:45:13,341 [INFO] Pass: Depth - 0.02480 (ms)
2026-07-01 21:45:13,341 [INFO] Pass: FixedPoint - 0.00429 (ms)
2026-07-01 21:45:13,341 [INFO] Pass: Size - 0.00215 (ms)
2026-07-01 21:45:13,341 [INFO] Pass: FixedPoint - 0.00358 (ms)
2026-07-01 21:45:13,341 [INFO] Pass: RemoveIdentityEquivalent - 0.00620 (ms)
2026-07-01 21:45:13,342 [INFO] Pass: Optimize1qGatesDecomposition - 0.18215 (ms)
2026-07-01 21:45:13,342 [INFO] Pass: CommutativeCancellation - 0.09823 (ms)
2026-07-01 21:45:13,342 [INFO] Pass: ContractIdleWiresInControlFlow - 0.00238 (ms)
2026-07-01 21:45:13,342 [INFO] Pass: GatesInBasis - 0.03123 (ms)
2026-07-01 21:45:13,342 [INFO] Pass: Depth - 0.02289 (ms)
2026-07-01 21:45:13,342 [INFO] Pass: FixedPoint - 0.00358 (ms)
2026-07-01 21:45:13,342 [INFO] Pass: Size - 0.00215 (ms)
2026-07-01 21:45:13,342 [INFO] Pass: FixedPoint - 0.00286 (ms)
2026-07-01 21:45:13,342 [INFO] Pass: ContainsInstruction - 0.00620 (ms)
2026-07-01 21:45:13,342 [INFO] Total Transpile Time - 90.30676 (ms)
2026-07-01 23:15:34,765 [INFO] Pass: ContainsInstruction - 0.01431 (ms)
2026-07-01 23:15:34,765 [INFO] Pass: UnitarySynthesis - 0.00858 (ms)
2026-07-01 23:15:34,765 [INFO] Pass: HighLevelSynthesis - 0.00739 (ms)
2026-07-01 23:15:34,765 [INFO] Pass: BasisTranslator - 0.08798 (ms)
2026-07-01 23:15:34,765 [INFO] Pass: ElidePermutations - 0.00668 (ms)
2026-07-01 23:15:34,765 [INFO] Pass: RemoveDiagonalGatesBeforeMeasure - 0.00811 (ms)
2026-07-01 23:15:34,765 [INFO] Pass: RemoveIdentityEquivalent - 0.00787 (ms)
2026-07-01 23:15:34,765 [INFO] Pass: InverseCancellation - 0.00572 (ms)
2026-07-01 23:15:34,765 [INFO] Pass: ContractIdleWiresInControlFlow - 0.00548 (ms)
2026-07-01 23:15:34,765 [INFO] Pass: CommutativeCancellation - 0.12660 (ms)
2026-07-01 23:15:34,766 [INFO] Pass: ConsolidateBlocks - 0.05841 (ms)
2026-07-01 23:15:34,766 [INFO] Pass: Split2QUnitaries - 0.00381 (ms)
2026-07-01 23:15:34,766 [INFO] Pass: UnitarySynthesis - 0.00572 (ms)
2026-07-01 23:15:34,766 [INFO] Pass: HighLevelSynthesis - 0.03958 (ms)
2026-07-01 23:15:34,766 [INFO] Pass: BasisTranslator - 0.08368 (ms)
2026-07-01 23:15:34,766 [INFO] Pass: ConsolidateBlocks - 0.06533 (ms)
2026-07-01 23:15:34,766 [INFO] Pass: UnitarySynthesis - 0.00453 (ms)
2026-07-01 23:15:34,766 [INFO] Pass: Depth - 0.03028 (ms)
2026-07-01 23:15:34,766 [INFO] Pass: FixedPoint - 0.00644 (ms)
2026-07-01 23:15:34,766 [INFO] Pass: Size - 0.00453 (ms)
2026-07-01 23:15:34,766 [INFO] Pass: FixedPoint - 0.00262 (ms)
2026-07-01 23:15:34,766 [INFO] Pass: RemoveIdentityEquivalent - 0.00405 (ms)
2026-07-01 23:15:34,766 [INFO] Pass: Optimize1qGatesDecomposition - 0.04220 (ms)
2026-07-01 23:15:34,766 [INFO] Pass: CommutativeCancellation - 0.11182 (ms)
2026-07-01 23:15:34,766 [INFO] Pass: ContractIdleWiresInControlFlow - 0.00215 (ms)
2026-07-01 23:15:34,766 [INFO] Pass: GatesInBasis - 0.03338 (ms)
2026-07-01 23:15:34,766 [INFO] Pass: Depth - 0.02718 (ms)
2026-07-01 23:15:34,766 [INFO] Pass: FixedPoint - 0.00381 (ms)
2026-07-01 23:15:34,766 [INFO] Pass: Size - 0.00286 (ms)
2026-07-01 23:15:34,767 [INFO] Pass: FixedPoint - 0.00286 (ms)
2026-07-01 23:15:34,767 [INFO] Pass: ContainsInstruction - 0.00596 (ms)
2026-07-01 23:15:34,767 [INFO] Total Transpile Time - 98.25349 (ms)
2026-07-01 23:15:34,857 [INFO] Pass: ContainsInstruction - 0.01264 (ms)
2026-07-01 23:15:34,857 [INFO] Pass: UnitarySynthesis - 0.00811 (ms)
2026-07-01 23:15:34,857 [INFO] Pass: HighLevelSynthesis - 0.00715 (ms)
2026-07-01 23:15:34,858 [INFO] Pass: BasisTranslator - 0.07367 (ms)
2026-07-01 23:15:34,858 [INFO] Pass: ElidePermutations - 0.00572 (ms)
2026-07-01 23:15:34,858 [INFO] Pass: RemoveDiagonalGatesBeforeMeasure - 0.00787 (ms)
2026-07-01 23:15:34,858 [INFO] Pass: RemoveIdentityEquivalent - 0.01025 (ms)
2026-07-01 23:15:34,858 [INFO] Pass: InverseCancellation - 0.02861 (ms)
2026-07-01 23:15:34,858 [INFO] Pass: ContractIdleWiresInControlFlow - 0.00215 (ms)
2026-07-01 23:15:34,858 [INFO] Pass: CommutativeCancellation - 0.10729 (ms)
2026-07-01 23:15:34,858 [INFO] Pass: ConsolidateBlocks - 0.05150 (ms)
2026-07-01 23:15:34,858 [INFO] Pass: Split2QUnitaries - 0.00381 (ms)
2026-07-01 23:15:34,858 [INFO] Pass: UnitarySynthesis - 0.00596 (ms)
2026-07-01 23:15:34,858 [INFO] Pass: HighLevelSynthesis - 0.03982 (ms)
2026-07-01 23:15:34,858 [INFO] Pass: BasisTranslator - 0.08106 (ms)
2026-07-01 23:15:34,858 [INFO] Pass: ConsolidateBlocks - 0.06104 (ms)
2026-07-01 23:15:34,858 [INFO] Pass: UnitarySynthesis - 0.00548 (ms)
2026-07-01 23:15:34,858 [INFO] Pass: Depth - 0.03195 (ms)
2026-07-01 23:15:34,858 [INFO] Pass: FixedPoint - 0.01335 (ms)
2026-07-01 23:15:34,858 [INFO] Pass: Size - 0.00429 (ms)
2026-07-01 23:15:34,858 [INFO] Pass: FixedPoint - 0.00334 (ms)
2026-07-01 23:15:34,859 [INFO] Pass: RemoveIdentityEquivalent - 0.00572 (ms)
2026-07-01 23:15:34,859 [INFO] Pass: Optimize1qGatesDecomposition - 0.21648 (ms)
2026-07-01 23:15:34,859 [INFO] Pass: CommutativeCancellation - 0.12326 (ms)
2026-07-01 23:15:34,859 [INFO] Pass: ContractIdleWiresInControlFlow - 0.00238 (ms)
2026-07-01 23:15:34,859 [INFO] Pass: GatesInBasis - 0.03457 (ms)
2026-07-01 23:15:34,859 [INFO] Pass: Depth - 0.02646 (ms)
2026-07-01 23:15:34,859 [INFO] Pass: FixedPoint - 0.00358 (ms)
2026-07-01 23:15:34,859 [INFO] Pass: Size - 0.00215 (ms)
2026-07-01 23:15:34,859 [INFO] Pass: FixedPoint - 0.00310 (ms)
2026-07-01 23:15:34,859 [INFO] Pass: ContainsInstruction - 0.00572 (ms)
2026-07-01 23:15:34,860 [INFO] Total Transpile Time - 91.99739 (ms)
2026-07-01 23:15:34,949 [INFO] Pass: ContainsInstruction - 0.01407 (ms)
2026-07-01 23:15:34,949 [INFO] Pass: UnitarySynthesis - 0.00906 (ms)
2026-07-01 23:15:34,949 [INFO] Pass: HighLevelSynthesis - 0.00668 (ms)
2026-07-01 23:15:34,949 [INFO] Pass: BasisTranslator - 0.08249 (ms)
2026-07-01 23:15:34,949 [INFO] Pass: ElidePermutations - 0.00596 (ms)
2026-07-01 23:15:34,950 [INFO] Pass: RemoveDiagonalGatesBeforeMeasure - 0.00787 (ms)
2026-07-01 23:15:34,950 [INFO] Pass: RemoveIdentityEquivalent - 0.01073 (ms)
2026-07-01 23:15:34,950 [INFO] Pass: InverseCancellation - 0.03099 (ms)
2026-07-01 23:15:34,950 [INFO] Pass: ContractIdleWiresInControlFlow - 0.00215 (ms)
2026-07-01 23:15:34,950 [INFO] Pass: CommutativeCancellation - 0.10681 (ms)
2026-07-01 23:15:34,950 [INFO] Pass: ConsolidateBlocks - 0.05364 (ms)
2026-07-01 23:15:34,950 [INFO] Pass: Split2QUnitaries - 0.00405 (ms)
2026-07-01 23:15:34,950 [INFO] Pass: UnitarySynthesis - 0.00620 (ms)
2026-07-01 23:15:34,950 [INFO] Pass: HighLevelSynthesis - 0.04387 (ms)
2026-07-01 23:15:34,950 [INFO] Pass: BasisTranslator - 0.08488 (ms)
2026-07-01 23:15:34,950 [INFO] Pass: ConsolidateBlocks - 0.06270 (ms)
2026-07-01 23:15:34,950 [INFO] Pass: UnitarySynthesis - 0.00501 (ms)
2026-07-01 23:15:34,950 [INFO] Pass: Depth - 0.03290 (ms)
2026-07-01 23:15:34,950 [INFO] Pass: FixedPoint - 0.00548 (ms)
2026-07-01 23:15:34,950 [INFO] Pass: Size - 0.00381 (ms)
2026-07-01 23:15:34,950 [INFO] Pass: FixedPoint - 0.00286 (ms)
2026-07-01 23:15:34,950 [INFO] Pass: RemoveIdentityEquivalent - 0.00691 (ms)
2026-07-01 23:15:34,951 [INFO] Pass: Optimize1qGatesDecomposition - 0.24891 (ms)
2026-07-01 23:15:34,951 [INFO] Pass: CommutativeCancellation - 0.11444 (ms)
2026-07-01 23:15:34,951 [INFO] Pass: ContractIdleWiresInControlFlow - 0.00238 (ms)
2026-07-01 23:15:34,951 [INFO] Pass: GatesInBasis - 0.03386 (ms)
2026-07-01 23:15:34,951 [INFO] Pass: Depth - 0.02646 (ms)
2026-07-01 23:15:34,951 [INFO] Pass: FixedPoint - 0.00381 (ms)
2026-07-01 23:15:34,951 [INFO] Pass: Size - 0.00262 (ms)
2026-07-01 23:15:34,951 [INFO] Pass: FixedPoint - 0.00310 (ms)
2026-07-01 23:15:34,951 [INFO] Pass: RemoveIdentityEquivalent - 0.00691 (ms)
2026-07-01 23:15:34,951 [INFO] Pass: Optimize1qGatesDecomposition - 0.19240 (ms)
2026-07-01 23:15:34,951 [INFO] Pass: CommutativeCancellation - 0.09680 (ms)
2026-07-01 23:15:34,951 [INFO] Pass: ContractIdleWiresInControlFlow - 0.00167 (ms)
2026-07-01 23:15:34,951 [INFO] Pass: GatesInBasis - 0.03195 (ms)
2026-07-01 23:15:34,952 [INFO] Pass: Depth - 0.02241 (ms)
2026-07-01 23:15:34,952 [INFO] Pass: FixedPoint - 0.00358 (ms)
2026-07-01 23:15:34,952 [INFO] Pass: Size - 0.00191 (ms)
2026-07-01 23:15:34,952 [INFO] Pass: FixedPoint - 0.00286 (ms)
2026-07-01 23:15:34,952 [INFO] Pass: ContainsInstruction - 0.00715 (ms)
2026-07-01 23:15:34,952 [INFO] Total Transpile Time - 91.87627 (ms)
2026-07-02 00:45:02,396 [INFO] Pass: ContainsInstruction - 0.01192 (ms)
2026-07-02 00:45:02,397 [INFO] Pass: UnitarySynthesis - 0.00882 (ms)
2026-07-02 00:45:02,398 [INFO] Pass: HighLevelSynthesis - 0.00620 (ms)
2026-07-02 00:45:02,398 [INFO] Pass: BasisTranslator - 0.07439 (ms)
2026-07-02 00:45:02,398 [INFO] Pass: ElidePermutations - 0.00620 (ms)
2026-07-02 00:45:02,398 [INFO] Pass: RemoveDiagonalGatesBeforeMeasure - 0.00834 (ms)
2026-07-02 00:45:02,398 [INFO] Pass: RemoveIdentityEquivalent - 0.00763 (ms)
2026-07-02 00:45:02,398 [INFO] Pass: InverseCancellation - 0.00620 (ms)
2026-07-02 00:45:02,398 [INFO] Pass: ContractIdleWiresInControlFlow - 0.00238 (ms)
2026-07-02 00:45:02,398 [INFO] Pass: CommutativeCancellation - 0.10204 (ms)
2026-07-02 00:45:02,398 [INFO] Pass: ConsolidateBlocks - 0.05221 (ms)
2026-07-02 00:45:02,398 [INFO] Pass: Split2QUnitaries - 0.00358 (ms)
2026-07-02 00:45:02,398 [INFO] Pass: UnitarySynthesis - 0.00620 (ms)
2026-07-02 00:45:02,398 [INFO] Pass: HighLevelSynthesis - 0.03505 (ms)
2026-07-02 00:45:02,398 [INFO] Pass: BasisTranslator - 0.07725 (ms)
2026-07-02 00:45:02,398 [INFO] Pass: ConsolidateBlocks - 0.05722 (ms)
2026-07-02 00:45:02,398 [INFO] Pass: UnitarySynthesis - 0.00453 (ms)
2026-07-02 00:45:02,398 [INFO] Pass: Depth - 0.02861 (ms)
2026-07-02 00:45:02,398 [INFO] Pass: FixedPoint - 0.00572 (ms)
2026-07-02 00:45:02,398 [INFO] Pass: Size - 0.00405 (ms)
2026-07-02 00:45:02,398 [INFO] Pass: FixedPoint - 0.00286 (ms)
2026-07-02 00:45:02,399 [INFO] Pass: RemoveIdentityEquivalent - 0.00358 (ms)
2026-07-02 00:45:02,399 [INFO] Pass: Optimize1qGatesDecomposition - 0.04005 (ms)
2026-07-02 00:45:02,399 [INFO] Pass: CommutativeCancellation - 0.10967 (ms)
2026-07-02 00:45:02,399 [INFO] Pass: ContractIdleWiresInControlFlow - 0.00238 (ms)
2026-07-02 00:45:02,399 [INFO] Pass: GatesInBasis - 0.03076 (ms)
2026-07-02 00:45:02,399 [INFO] Pass: Depth - 0.02551 (ms)
2026-07-02 00:45:02,399 [INFO] Pass: FixedPoint - 0.00358 (ms)
2026-07-02 00:45:02,399 [INFO] Pass: Size - 0.00215 (ms)
2026-07-02 00:45:02,399 [INFO] Pass: FixedPoint - 0.00262 (ms)
2026-07-02 00:45:02,399 [INFO] Pass: ContainsInstruction - 0.00572 (ms)
2026-07-02 00:45:02,399 [INFO] Total Transpile Time - 92.37289 (ms)
2026-07-02 00:45:02,488 [INFO] Pass: ContainsInstruction - 0.01240 (ms)
2026-07-02 00:45:02,488 [INFO] Pass: UnitarySynthesis - 0.00858 (ms)
2026-07-02 00:45:02,488 [INFO] Pass: HighLevelSynthesis - 0.00668 (ms)
2026-07-02 00:45:02,488 [INFO] Pass: BasisTranslator - 0.07367 (ms)
2026-07-02 00:45:02,488 [INFO] Pass: ElidePermutations - 0.00691 (ms)
2026-07-02 00:45:02,488 [INFO] Pass: RemoveDiagonalGatesBeforeMeasure - 0.00834 (ms)
2026-07-02 00:45:02,488 [INFO] Pass: RemoveIdentityEquivalent - 0.00906 (ms)
2026-07-02 00:45:02,488 [INFO] Pass: InverseCancellation - 0.02885 (ms)
2026-07-02 00:45:02,488 [INFO] Pass: ContractIdleWiresInControlFlow - 0.00191 (ms)
2026-07-02 00:45:02,488 [INFO] Pass: CommutativeCancellation - 0.11134 (ms)
2026-07-02 00:45:02,488 [INFO] Pass: ConsolidateBlocks - 0.05245 (ms)
2026-07-02 00:45:02,488 [INFO] Pass: Split2QUnitaries - 0.00548 (ms)
2026-07-02 00:45:02,488 [INFO] Pass: UnitarySynthesis - 0.00596 (ms)
2026-07-02 00:45:02,488 [INFO] Pass: HighLevelSynthesis - 0.04649 (ms)
2026-07-02 00:45:02,489 [INFO] Pass: BasisTranslator - 0.08583 (ms)
2026-07-02 00:45:02,489 [INFO] Pass: ConsolidateBlocks - 0.05889 (ms)
2026-07-02 00:45:02,489 [INFO] Pass: UnitarySynthesis - 0.00453 (ms)
2026-07-02 00:45:02,489 [INFO] Pass: Depth - 0.02909 (ms)
2026-07-02 00:45:02,489 [INFO] Pass: FixedPoint - 0.00620 (ms)
2026-07-02 00:45:02,489 [INFO] Pass: Size - 0.00453 (ms)
2026-07-02 00:45:02,489 [INFO] Pass: FixedPoint - 0.00334 (ms)
2026-07-02 00:45:02,489 [INFO] Pass: RemoveIdentityEquivalent - 0.00620 (ms)
2026-07-02 00:45:02,489 [INFO] Pass: Optimize1qGatesDecomposition - 0.21601 (ms)
2026-07-02 00:45:02,489 [INFO] Pass: CommutativeCancellation - 0.12755 (ms)
2026-07-02 00:45:02,489 [INFO] Pass: ContractIdleWiresInControlFlow - 0.00215 (ms)
2026-07-02 00:45:02,489 [INFO] Pass: GatesInBasis - 0.03147 (ms)
2026-07-02 00:45:02,489 [INFO] Pass: Depth - 0.02718 (ms)
2026-07-02 00:45:02,489 [INFO] Pass: FixedPoint - 0.00381 (ms)
2026-07-02 00:45:02,489 [INFO] Pass: Size - 0.00238 (ms)
2026-07-02 00:45:02,489 [INFO] Pass: FixedPoint - 0.00262 (ms)
2026-07-02 00:45:02,489 [INFO] Pass: ContainsInstruction - 0.00596 (ms)
2026-07-02 00:45:02,490 [INFO] Total Transpile Time - 90.01374 (ms)
2026-07-02 00:45:02,579 [INFO] Pass: ContainsInstruction - 0.01287 (ms)
2026-07-02 00:45:02,579 [INFO] Pass: UnitarySynthesis - 0.00811 (ms)
2026-07-02 00:45:02,579 [INFO] Pass: HighLevelSynthesis - 0.00644 (ms)
2026-07-02 00:45:02,579 [INFO] Pass: BasisTranslator - 0.07105 (ms)
2026-07-02 00:45:02,579 [INFO] Pass: ElidePermutations - 0.00477 (ms)
2026-07-02 00:45:02,579 [INFO] Pass: RemoveDiagonalGatesBeforeMeasure - 0.00691 (ms)
2026-07-02 00:45:02,579 [INFO] Pass: RemoveIdentityEquivalent - 0.01025 (ms)
2026-07-02 00:45:02,579 [INFO] Pass: InverseCancellation - 0.02885 (ms)
2026-07-02 00:45:02,579 [INFO] Pass: ContractIdleWiresInControlFlow - 0.00191 (ms)
2026-07-02 00:45:02,579 [INFO] Pass: CommutativeCancellation - 0.11134 (ms)
2026-07-02 00:45:02,579 [INFO] Pass: ConsolidateBlocks - 0.05221 (ms)
2026-07-02 00:45:02,579 [INFO] Pass: Split2QUnitaries - 0.00358 (ms)
2026-07-02 00:45:02,579 [INFO] Pass: UnitarySynthesis - 0.00620 (ms)
2026-07-02 00:45:02,580 [INFO] Pass: HighLevelSynthesis - 0.04125 (ms)
2026-07-02 00:45:02,580 [INFO] Pass: BasisTranslator - 0.08297 (ms)
2026-07-02 00:45:02,580 [INFO] Pass: ConsolidateBlocks - 0.05960 (ms)
2026-07-02 00:45:02,580 [INFO] Pass: UnitarySynthesis - 0.00453 (ms)
2026-07-02 00:45:02,580 [INFO] Pass: Depth - 0.03123 (ms)
2026-07-02 00:45:02,580 [INFO] Pass: FixedPoint - 0.00572 (ms)
2026-07-02 00:45:02,580 [INFO] Pass: Size - 0.00405 (ms)
2026-07-02 00:45:02,580 [INFO] Pass: FixedPoint - 0.00286 (ms)
2026-07-02 00:45:02,580 [INFO] Pass: RemoveIdentityEquivalent - 0.00787 (ms)
2026-07-02 00:45:02,580 [INFO] Pass: Optimize1qGatesDecomposition - 0.22602 (ms)
2026-07-02 00:45:02,580 [INFO] Pass: CommutativeCancellation - 0.11849 (ms)
2026-07-02 00:45:02,580 [INFO] Pass: ContractIdleWiresInControlFlow - 0.00167 (ms)
2026-07-02 00:45:02,580 [INFO] Pass: GatesInBasis - 0.03266 (ms)
2026-07-02 00:45:02,580 [INFO] Pass: Depth - 0.02551 (ms)
2026-07-02 00:45:02,581 [INFO] Pass: FixedPoint - 0.00358 (ms)
2026-07-02 00:45:02,581 [INFO] Pass: Size - 0.00262 (ms)
2026-07-02 00:45:02,581 [INFO] Pass: FixedPoint - 0.00334 (ms)
2026-07-02 00:45:02,581 [INFO] Pass: RemoveIdentityEquivalent - 0.00668 (ms)
2026-07-02 00:45:02,581 [INFO] Pass: Optimize1qGatesDecomposition - 0.18692 (ms)
2026-07-02 00:45:02,581 [INFO] Pass: CommutativeCancellation - 0.10204 (ms)
2026-07-02 00:45:02,581 [INFO] Pass: ContractIdleWiresInControlFlow - 0.00191 (ms)
2026-07-02 00:45:02,581 [INFO] Pass: GatesInBasis - 0.02980 (ms)
2026-07-02 00:45:02,581 [INFO] Pass: Depth - 0.02337 (ms)
2026-07-02 00:45:02,581 [INFO] Pass: FixedPoint - 0.00334 (ms)
2026-07-02 00:45:02,581 [INFO] Pass: Size - 0.00238 (ms)
2026-07-02 00:45:02,581 [INFO] Pass: FixedPoint - 0.00286 (ms)
2026-07-02 00:45:02,581 [INFO] Pass: ContainsInstruction - 0.00668 (ms)
2026-07-02 00:45:02,582 [INFO] Total Transpile Time - 90.98887 (ms)
2026-07-02 02:14:03,985 [INFO] Pass: ContainsInstruction - 0.01287 (ms)
2026-07-02 02:14:03,986 [INFO] Pass: UnitarySynthesis - 0.00811 (ms)
2026-07-02 02:14:03,986 [INFO] Pass: HighLevelSynthesis - 0.00644 (ms)
2026-07-02 02:14:03,986 [INFO] Pass: BasisTranslator - 0.07486 (ms)
2026-07-02 02:14:03,986 [INFO] Pass: ElidePermutations - 0.00525 (ms)
2026-07-02 02:14:03,986 [INFO] Pass: RemoveDiagonalGatesBeforeMeasure - 0.00787 (ms)
2026-07-02 02:14:03,986 [INFO] Pass: RemoveIdentityEquivalent - 0.00620 (ms)
2026-07-02 02:14:03,986 [INFO] Pass: InverseCancellation - 0.00501 (ms)
2026-07-02 02:14:03,986 [INFO] Pass: ContractIdleWiresInControlFlow - 0.00238 (ms)
2026-07-02 02:14:03,986 [INFO] Pass: CommutativeCancellation - 0.09704 (ms)
2026-07-02 02:14:03,986 [INFO] Pass: ConsolidateBlocks - 0.05198 (ms)
2026-07-02 02:14:03,986 [INFO] Pass: Split2QUnitaries - 0.00310 (ms)
2026-07-02 02:14:03,986 [INFO] Pass: UnitarySynthesis - 0.00572 (ms)
2026-07-02 02:14:03,986 [INFO] Pass: HighLevelSynthesis - 0.03552 (ms)
2026-07-02 02:14:03,986 [INFO] Pass: BasisTranslator - 0.07677 (ms)
2026-07-02 02:14:03,986 [INFO] Pass: ConsolidateBlocks - 0.05746 (ms)
2026-07-02 02:14:03,987 [INFO] Pass: UnitarySynthesis - 0.00525 (ms)
2026-07-02 02:14:03,987 [INFO] Pass: Depth - 0.02480 (ms)
2026-07-02 02:14:03,987 [INFO] Pass: FixedPoint - 0.00501 (ms)
2026-07-02 02:14:03,987 [INFO] Pass: Size - 0.00381 (ms)
2026-07-02 02:14:03,987 [INFO] Pass: FixedPoint - 0.00310 (ms)
2026-07-02 02:14:03,987 [INFO] Pass: RemoveIdentityEquivalent - 0.00381 (ms)
2026-07-02 02:14:03,987 [INFO] Pass: Optimize1qGatesDecomposition - 0.03886 (ms)
2026-07-02 02:14:03,987 [INFO] Pass: CommutativeCancellation - 0.10991 (ms)
2026-07-02 02:14:03,987 [INFO] Pass: ContractIdleWiresInControlFlow - 0.00215 (ms)
2026-07-02 02:14:03,987 [INFO] Pass: GatesInBasis - 0.03052 (ms)
2026-07-02 02:14:03,987 [INFO] Pass: Depth - 0.02337 (ms)
2026-07-02 02:14:03,987 [INFO] Pass: FixedPoint - 0.00381 (ms)
2026-07-02 02:14:03,987 [INFO] Pass: Size - 0.00238 (ms)
2026-07-02 02:14:03,987 [INFO] Pass: FixedPoint - 0.00286 (ms)
2026-07-02 02:14:03,987 [INFO] Pass: ContainsInstruction - 0.00525 (ms)
2026-07-02 02:14:03,988 [INFO] Total Transpile Time - 91.68243 (ms)
2026-07-02 02:14:04,075 [INFO] Pass: ContainsInstruction - 0.01287 (ms)
2026-07-02 02:14:04,075 [INFO] Pass: UnitarySynthesis - 0.00763 (ms)
2026-07-02 02:14:04,075 [INFO] Pass: HighLevelSynthesis - 0.00596 (ms)
2026-07-02 02:14:04,075 [INFO] Pass: BasisTranslator - 0.07868 (ms)
2026-07-02 02:14:04,076 [INFO] Pass: ElidePermutations - 0.00501 (ms)
2026-07-02 02:14:04,076 [INFO] Pass: RemoveDiagonalGatesBeforeMeasure - 0.00811 (ms)
2026-07-02 02:14:04,076 [INFO] Pass: RemoveIdentityEquivalent - 0.00858 (ms)
2026-07-02 02:14:04,076 [INFO] Pass: InverseCancellation - 0.02837 (ms)
2026-07-02 02:14:04,076 [INFO] Pass: ContractIdleWiresInControlFlow - 0.00238 (ms)
2026-07-02 02:14:04,076 [INFO] Pass: CommutativeCancellation - 0.10610 (ms)
2026-07-02 02:14:04,076 [INFO] Pass: ConsolidateBlocks - 0.05245 (ms)
2026-07-02 02:14:04,076 [INFO] Pass: Split2QUnitaries - 0.00358 (ms)
2026-07-02 02:14:04,076 [INFO] Pass: UnitarySynthesis - 0.00501 (ms)
2026-07-02 02:14:04,076 [INFO] Pass: HighLevelSynthesis - 0.03767 (ms)
2026-07-02 02:14:04,076 [INFO] Pass: BasisTranslator - 0.07772 (ms)
2026-07-02 02:14:04,076 [INFO] Pass: ConsolidateBlocks - 0.05913 (ms)
2026-07-02 02:14:04,076 [INFO] Pass: UnitarySynthesis - 0.00453 (ms)
2026-07-02 02:14:04,076 [INFO] Pass: Depth - 0.02670 (ms)
2026-07-02 02:14:04,076 [INFO] Pass: FixedPoint - 0.00501 (ms)
2026-07-02 02:14:04,076 [INFO] Pass: Size - 0.00429 (ms)
2026-07-02 02:14:04,076 [INFO] Pass: FixedPoint - 0.00310 (ms)
2026-07-02 02:14:04,076 [INFO] Pass: RemoveIdentityEquivalent - 0.00572 (ms)
2026-07-02 02:14:04,077 [INFO] Pass: Optimize1qGatesDecomposition - 0.22578 (ms)
2026-07-02 02:14:04,077 [INFO] Pass: CommutativeCancellation - 0.11778 (ms)
2026-07-02 02:14:04,077 [INFO] Pass: ContractIdleWiresInControlFlow - 0.00215 (ms)
2026-07-02 02:14:04,077 [INFO] Pass: GatesInBasis - 0.03242 (ms)
2026-07-02 02:14:04,077 [INFO] Pass: Depth - 0.02432 (ms)
2026-07-02 02:14:04,077 [INFO] Pass: FixedPoint - 0.00405 (ms)
2026-07-02 02:14:04,077 [INFO] Pass: Size - 0.00262 (ms)
2026-07-02 02:14:04,077 [INFO] Pass: FixedPoint - 0.00310 (ms)
2026-07-02 02:14:04,077 [INFO] Pass: ContainsInstruction - 0.00572 (ms)
2026-07-02 02:14:04,077 [INFO] Total Transpile Time - 89.39338 (ms)
2026-07-02 02:14:04,167 [INFO] Pass: ContainsInstruction - 0.01335 (ms)
2026-07-02 02:14:04,167 [INFO] Pass: UnitarySynthesis - 0.00787 (ms)
2026-07-02 02:14:04,167 [INFO] Pass: HighLevelSynthesis - 0.00715 (ms)
2026-07-02 02:14:04,167 [INFO] Pass: BasisTranslator - 0.07248 (ms)
2026-07-02 02:14:04,167 [INFO] Pass: ElidePermutations - 0.00572 (ms)
2026-07-02 02:14:04,167 [INFO] Pass: RemoveDiagonalGatesBeforeMeasure - 0.00787 (ms)
2026-07-02 02:14:04,167 [INFO] Pass: RemoveIdentityEquivalent - 0.00954 (ms)
2026-07-02 02:14:04,167 [INFO] Pass: InverseCancellation - 0.02789 (ms)
2026-07-02 02:14:04,167 [INFO] Pass: ContractIdleWiresInControlFlow - 0.00238 (ms)
2026-07-02 02:14:04,167 [INFO] Pass: CommutativeCancellation - 0.10729 (ms)
2026-07-02 02:14:04,168 [INFO] Pass: ConsolidateBlocks - 0.05388 (ms)
2026-07-02 02:14:04,168 [INFO] Pass: Split2QUnitaries - 0.00334 (ms)
2026-07-02 02:14:04,168 [INFO] Pass: UnitarySynthesis - 0.00572 (ms)
2026-07-02 02:14:04,168 [INFO] Pass: HighLevelSynthesis - 0.04077 (ms)
2026-07-02 02:14:04,168 [INFO] Pass: BasisTranslator - 0.08321 (ms)
2026-07-02 02:14:04,168 [INFO] Pass: ConsolidateBlocks - 0.05889 (ms)
2026-07-02 02:14:04,168 [INFO] Pass: UnitarySynthesis - 0.00548 (ms)
2026-07-02 02:14:04,168 [INFO] Pass: Depth - 0.02766 (ms)
2026-07-02 02:14:04,168 [INFO] Pass: FixedPoint - 0.00668 (ms)
2026-07-02 02:14:04,168 [INFO] Pass: Size - 0.00358 (ms)
2026-07-02 02:14:04,168 [INFO] Pass: FixedPoint - 0.00286 (ms)
2026-07-02 02:14:04,168 [INFO] Pass: RemoveIdentityEquivalent - 0.00644 (ms)
2026-07-02 02:14:04,168 [INFO] Pass: Optimize1qGatesDecomposition - 0.23293 (ms)
2026-07-02 02:14:04,168 [INFO] Pass: CommutativeCancellation - 0.12207 (ms)
2026-07-02 02:14:04,168 [INFO] Pass: ContractIdleWiresInControlFlow - 0.00238 (ms)
2026-07-02 02:14:04,169 [INFO] Pass: GatesInBasis - 0.03338 (ms)
2026-07-02 02:14:04,169 [INFO] Pass: Depth - 0.02551 (ms)
2026-07-02 02:14:04,169 [INFO] Pass: FixedPoint - 0.00381 (ms)
2026-07-02 02:14:04,169 [INFO] Pass: Size - 0.00238 (ms)
2026-07-02 02:14:04,169 [INFO] Pass: FixedPoint - 0.00310 (ms)
2026-07-02 02:14:04,169 [INFO] Pass: RemoveIdentityEquivalent - 0.00620 (ms)
2026-07-02 02:14:04,169 [INFO] Pass: Optimize1qGatesDecomposition - 0.19836 (ms)
2026-07-02 02:14:04,169 [INFO] Pass: CommutativeCancellation - 0.09751 (ms)
2026-07-02 02:14:04,169 [INFO] Pass: ContractIdleWiresInControlFlow - 0.00191 (ms)
2026-07-02 02:14:04,169 [INFO] Pass: GatesInBasis - 0.02980 (ms)
2026-07-02 02:14:04,169 [INFO] Pass: Depth - 0.02265 (ms)
2026-07-02 02:14:04,169 [INFO] Pass: FixedPoint - 0.00334 (ms)
2026-07-02 02:14:04,169 [INFO] Pass: Size - 0.00191 (ms)
2026-07-02 02:14:04,169 [INFO] Pass: FixedPoint - 0.00262 (ms)
2026-07-02 02:14:04,169 [INFO] Pass: ContainsInstruction - 0.00691 (ms)
2026-07-02 02:14:04,170 [INFO] Total Transpile Time - 91.71343 (ms)
2026-07-02 03:41:54,807 [INFO] Pass: ContainsInstruction - 0.01216 (ms)
2026-07-02 03:41:54,808 [INFO] Pass: UnitarySynthesis - 0.00834 (ms)
2026-07-02 03:41:54,808 [INFO] Pass: HighLevelSynthesis - 0.00668 (ms)
2026-07-02 03:41:54,808 [INFO] Pass: BasisTranslator - 0.07582 (ms)
2026-07-02 03:41:54,808 [INFO] Pass: ElidePermutations - 0.00572 (ms)
2026-07-02 03:41:54,808 [INFO] Pass: RemoveDiagonalGatesBeforeMeasure - 0.00763 (ms)
2026-07-02 03:41:54,808 [INFO] Pass: RemoveIdentityEquivalent - 0.00715 (ms)
2026-07-02 03:41:54,808 [INFO] Pass: InverseCancellation - 0.00572 (ms)
2026-07-02 03:41:54,808 [INFO] Pass: ContractIdleWiresInControlFlow - 0.00215 (ms)
2026-07-02 03:41:54,808 [INFO] Pass: CommutativeCancellation - 0.10777 (ms)
2026-07-02 03:41:54,808 [INFO] Pass: ConsolidateBlocks - 0.05627 (ms)
2026-07-02 03:41:54,808 [INFO] Pass: Split2QUnitaries - 0.00334 (ms)
2026-07-02 03:41:54,808 [INFO] Pass: UnitarySynthesis - 0.00596 (ms)
2026-07-02 03:41:54,808 [INFO] Pass: HighLevelSynthesis - 0.03576 (ms)
2026-07-02 03:41:54,808 [INFO] Pass: BasisTranslator - 0.08821 (ms)
2026-07-02 03:41:54,809 [INFO] Pass: ConsolidateBlocks - 0.05984 (ms)
2026-07-02 03:41:54,809 [INFO] Pass: UnitarySynthesis - 0.00477 (ms)
2026-07-02 03:41:54,809 [INFO] Pass: Depth - 0.02670 (ms)
2026-07-02 03:41:54,809 [INFO] Pass: FixedPoint - 0.00525 (ms)
2026-07-02 03:41:54,809 [INFO] Pass: Size - 0.00405 (ms)
2026-07-02 03:41:54,809 [INFO] Pass: FixedPoint - 0.00262 (ms)
2026-07-02 03:41:54,809 [INFO] Pass: RemoveIdentityEquivalent - 0.00381 (ms)
2026-07-02 03:41:54,809 [INFO] Pass: Optimize1qGatesDecomposition - 0.04029 (ms)
2026-07-02 03:41:54,809 [INFO] Pass: CommutativeCancellation - 0.11396 (ms)
2026-07-02 03:41:54,809 [INFO] Pass: ContractIdleWiresInControlFlow - 0.00191 (ms)
2026-07-02 03:41:54,809 [INFO] Pass: GatesInBasis - 0.03171 (ms)
2026-07-02 03:41:54,809 [INFO] Pass: Depth - 0.02313 (ms)
2026-07-02 03:41:54,809 [INFO] Pass: FixedPoint - 0.00381 (ms)
2026-07-02 03:41:54,809 [INFO] Pass: Size - 0.00215 (ms)
2026-07-02 03:41:54,809 [INFO] Pass: FixedPoint - 0.00262 (ms)
2026-07-02 03:41:54,809 [INFO] Pass: ContainsInstruction - 0.00501 (ms)
2026-07-02 03:41:54,810 [INFO] Total Transpile Time - 89.67733 (ms)
2026-07-02 03:41:54,898 [INFO] Pass: ContainsInstruction - 0.01264 (ms)
2026-07-02 03:41:54,898 [INFO] Pass: UnitarySynthesis - 0.00763 (ms)
2026-07-02 03:41:54,898 [INFO] Pass: HighLevelSynthesis - 0.00644 (ms)
2026-07-02 03:41:54,898 [INFO] Pass: BasisTranslator - 0.07010 (ms)
2026-07-02 03:41:54,898 [INFO] Pass: ElidePermutations - 0.00477 (ms)
2026-07-02 03:41:54,898 [INFO] Pass: RemoveDiagonalGatesBeforeMeasure - 0.00691 (ms)
2026-07-02 03:41:54,898 [INFO] Pass: RemoveIdentityEquivalent - 0.00882 (ms)
2026-07-02 03:41:54,898 [INFO] Pass: InverseCancellation - 0.03076 (ms)
2026-07-02 03:41:54,898 [INFO] Pass: ContractIdleWiresInControlFlow - 0.00191 (ms)
2026-07-02 03:41:54,898 [INFO] Pass: CommutativeCancellation - 0.11325 (ms)
2026-07-02 03:41:54,898 [INFO] Pass: ConsolidateBlocks - 0.05770 (ms)
2026-07-02 03:41:54,899 [INFO] Pass: Split2QUnitaries - 0.00381 (ms)
2026-07-02 03:41:54,899 [INFO] Pass: UnitarySynthesis - 0.00525 (ms)
2026-07-02 03:41:54,899 [INFO] Pass: HighLevelSynthesis - 0.03767 (ms)
2026-07-02 03:41:54,899 [INFO] Pass: BasisTranslator - 0.08178 (ms)
2026-07-02 03:41:54,899 [INFO] Pass: ConsolidateBlocks - 0.05794 (ms)
2026-07-02 03:41:54,899 [INFO] Pass: UnitarySynthesis - 0.00453 (ms)
2026-07-02 03:41:54,899 [INFO] Pass: Depth - 0.03147 (ms)
2026-07-02 03:41:54,899 [INFO] Pass: FixedPoint - 0.00548 (ms)
2026-07-02 03:41:54,899 [INFO] Pass: Size - 0.00358 (ms)
2026-07-02 03:41:54,899 [INFO] Pass: FixedPoint - 0.00286 (ms)
2026-07-02 03:41:54,899 [INFO] Pass: RemoveIdentityEquivalent - 0.00572 (ms)
2026-07-02 03:41:54,899 [INFO] Pass: Optimize1qGatesDecomposition - 0.21625 (ms)
2026-07-02 03:41:54,899 [INFO] Pass: CommutativeCancellation - 0.12326 (ms)
2026-07-02 03:41:54,899 [INFO] Pass: ContractIdleWiresInControlFlow - 0.00238 (ms)
2026-07-02 03:41:54,899 [INFO] Pass: GatesInBasis - 0.03409 (ms)
2026-07-02 03:41:54,900 [INFO] Pass: Depth - 0.02599 (ms)
2026-07-02 03:41:54,900 [INFO] Pass: FixedPoint - 0.00405 (ms)
2026-07-02 03:41:54,900 [INFO] Pass: Size - 0.00286 (ms)
2026-07-02 03:41:54,900 [INFO] Pass: FixedPoint - 0.00262 (ms)
2026-07-02 03:41:54,900 [INFO] Pass: ContainsInstruction - 0.00596 (ms)
2026-07-02 03:41:54,900 [INFO] Total Transpile Time - 89.88237 (ms)
2026-07-02 03:41:54,989 [INFO] Pass: ContainsInstruction - 0.01335 (ms)
2026-07-02 03:41:54,989 [INFO] Pass: UnitarySynthesis - 0.00763 (ms)
2026-07-02 03:41:54,989 [INFO] Pass: HighLevelSynthesis - 0.00572 (ms)
2026-07-02 03:41:54,989 [INFO] Pass: BasisTranslator - 0.07129 (ms)
2026-07-02 03:41:54,989 [INFO] Pass: ElidePermutations - 0.00572 (ms)
2026-07-02 03:41:54,989 [INFO] Pass: RemoveDiagonalGatesBeforeMeasure - 0.00715 (ms)
2026-07-02 03:41:54,990 [INFO] Pass: RemoveIdentityEquivalent - 0.01025 (ms)
2026-07-02 03:41:54,990 [INFO] Pass: InverseCancellation - 0.02861 (ms)
2026-07-02 03:41:54,990 [INFO] Pass: ContractIdleWiresInControlFlow - 0.00215 (ms)
2026-07-02 03:41:54,990 [INFO] Pass: CommutativeCancellation - 0.11039 (ms)
2026-07-02 03:41:54,990 [INFO] Pass: ConsolidateBlocks - 0.05102 (ms)
2026-07-02 03:41:54,990 [INFO] Pass: Split2QUnitaries - 0.00310 (ms)
2026-07-02 03:41:54,990 [INFO] Pass: UnitarySynthesis - 0.00548 (ms)
2026-07-02 03:41:54,990 [INFO] Pass: HighLevelSynthesis - 0.04029 (ms)
2026-07-02 03:41:54,990 [INFO] Pass: BasisTranslator - 0.08202 (ms)
2026-07-02 03:41:54,990 [INFO] Pass: ConsolidateBlocks - 0.05817 (ms)
2026-07-02 03:41:54,990 [INFO] Pass: UnitarySynthesis - 0.00477 (ms)
2026-07-02 03:41:54,990 [INFO] Pass: Depth - 0.03123 (ms)
2026-07-02 03:41:54,990 [INFO] Pass: FixedPoint - 0.00548 (ms)
2026-07-02 03:41:54,990 [INFO] Pass: Size - 0.00405 (ms)
2026-07-02 03:41:54,990 [INFO] Pass: FixedPoint - 0.00286 (ms)
2026-07-02 03:41:54,990 [INFO] Pass: RemoveIdentityEquivalent - 0.00644 (ms)
2026-07-02 03:41:54,991 [INFO] Pass: Optimize1qGatesDecomposition - 0.23127 (ms)
2026-07-02 03:41:54,991 [INFO] Pass: CommutativeCancellation - 0.11587 (ms)
2026-07-02 03:41:54,991 [INFO] Pass: ContractIdleWiresInControlFlow - 0.00215 (ms)
2026-07-02 03:41:54,991 [INFO] Pass: GatesInBasis - 0.03457 (ms)
2026-07-02 03:41:54,991 [INFO] Pass: Depth - 0.02646 (ms)
2026-07-02 03:41:54,991 [INFO] Pass: FixedPoint - 0.00381 (ms)
2026-07-02 03:41:54,991 [INFO] Pass: Size - 0.00310 (ms)
2026-07-02 03:41:54,991 [INFO] Pass: FixedPoint - 0.00238 (ms)
2026-07-02 03:41:54,991 [INFO] Pass: RemoveIdentityEquivalent - 0.00572 (ms)
2026-07-02 03:41:54,991 [INFO] Pass: Optimize1qGatesDecomposition - 0.18907 (ms)
2026-07-02 03:41:54,991 [INFO] Pass: CommutativeCancellation - 0.10014 (ms)
2026-07-02 03:41:54,991 [INFO] Pass: ContractIdleWiresInControlFlow - 0.00191 (ms)
2026-07-02 03:41:54,991 [INFO] Pass: GatesInBasis - 0.03028 (ms)
2026-07-02 03:41:54,991 [INFO] Pass: Depth - 0.02432 (ms)
2026-07-02 03:41:54,991 [INFO] Pass: FixedPoint - 0.00358 (ms)
2026-07-02 03:41:54,991 [INFO] Pass: Size - 0.00286 (ms)
2026-07-02 03:41:54,991 [INFO] Pass: FixedPoint - 0.00286 (ms)
2026-07-02 03:41:54,992 [INFO] Pass: ContainsInstruction - 0.00644 (ms)
2026-07-02 03:41:54,992 [INFO] Total Transpile Time - 91.22419 (ms)
2026-07-02 05:09:52,624 [INFO] Pass: ContainsInstruction - 0.01287 (ms)
2026-07-02 05:09:52,624 [INFO] Pass: UnitarySynthesis - 0.00811 (ms)
2026-07-02 05:09:52,624 [INFO] Pass: HighLevelSynthesis - 0.00525 (ms)
2026-07-02 05:09:52,624 [INFO] Pass: BasisTranslator - 0.06771 (ms)
2026-07-02 05:09:52,624 [INFO] Pass: ElidePermutations - 0.00525 (ms)
2026-07-02 05:09:52,624 [INFO] Pass: RemoveDiagonalGatesBeforeMeasure - 0.00763 (ms)
2026-07-02 05:09:52,624 [INFO] Pass: RemoveIdentityEquivalent - 0.00620 (ms)
2026-07-02 05:09:52,624 [INFO] Pass: InverseCancellation - 0.00525 (ms)
2026-07-02 05:09:52,624 [INFO] Pass: ContractIdleWiresInControlFlow - 0.00215 (ms)
2026-07-02 05:09:52,625 [INFO] Pass: CommutativeCancellation - 0.10657 (ms)
2026-07-02 05:09:52,625 [INFO] Pass: ConsolidateBlocks - 0.05102 (ms)
2026-07-02 05:09:52,625 [INFO] Pass: Split2QUnitaries - 0.00310 (ms)
2026-07-02 05:09:52,625 [INFO] Pass: UnitarySynthesis - 0.00525 (ms)
2026-07-02 05:09:52,625 [INFO] Pass: HighLevelSynthesis - 0.03505 (ms)
2026-07-02 05:09:52,625 [INFO] Pass: BasisTranslator - 0.07367 (ms)
2026-07-02 05:09:52,625 [INFO] Pass: ConsolidateBlocks - 0.05555 (ms)
2026-07-02 05:09:52,625 [INFO] Pass: UnitarySynthesis - 0.00429 (ms)
2026-07-02 05:09:52,625 [INFO] Pass: Depth - 0.02456 (ms)
2026-07-02 05:09:52,625 [INFO] Pass: FixedPoint - 0.00477 (ms)
2026-07-02 05:09:52,625 [INFO] Pass: Size - 0.00405 (ms)
2026-07-02 05:09:52,625 [INFO] Pass: FixedPoint - 0.00262 (ms)
2026-07-02 05:09:52,625 [INFO] Pass: RemoveIdentityEquivalent - 0.00334 (ms)
2026-07-02 05:09:52,625 [INFO] Pass: Optimize1qGatesDecomposition - 0.03695 (ms)
2026-07-02 05:09:52,625 [INFO] Pass: CommutativeCancellation - 0.10037 (ms)
2026-07-02 05:09:52,625 [INFO] Pass: ContractIdleWiresInControlFlow - 0.00167 (ms)
2026-07-02 05:09:52,625 [INFO] Pass: GatesInBasis - 0.03004 (ms)
2026-07-02 05:09:52,625 [INFO] Pass: Depth - 0.02241 (ms)
2026-07-02 05:09:52,625 [INFO] Pass: FixedPoint - 0.00358 (ms)
2026-07-02 05:09:52,625 [INFO] Pass: Size - 0.00262 (ms)
2026-07-02 05:09:52,625 [INFO] Pass: FixedPoint - 0.00286 (ms)
2026-07-02 05:09:52,626 [INFO] Pass: ContainsInstruction - 0.00548 (ms)
2026-07-02 05:09:52,626 [INFO] Total Transpile Time - 90.69467 (ms)
2026-07-02 05:09:52,713 [INFO] Pass: ContainsInstruction - 0.01168 (ms)
2026-07-02 05:09:52,713 [INFO] Pass: UnitarySynthesis - 0.00763 (ms)
2026-07-02 05:09:52,713 [INFO] Pass: HighLevelSynthesis - 0.00620 (ms)
2026-07-02 05:09:52,713 [INFO] Pass: BasisTranslator - 0.06485 (ms)
2026-07-02 05:09:52,713 [INFO] Pass: ElidePermutations - 0.00477 (ms)
2026-07-02 05:09:52,713 [INFO] Pass: RemoveDiagonalGatesBeforeMeasure - 0.00715 (ms)
2026-07-02 05:09:52,713 [INFO] Pass: RemoveIdentityEquivalent - 0.00882 (ms)
2026-07-02 05:09:52,713 [INFO] Pass: InverseCancellation - 0.02813 (ms)
2026-07-02 05:09:52,713 [INFO] Pass: ContractIdleWiresInControlFlow - 0.00215 (ms)
2026-07-02 05:09:52,713 [INFO] Pass: CommutativeCancellation - 0.10490 (ms)
2026-07-02 05:09:52,713 [INFO] Pass: ConsolidateBlocks - 0.04983 (ms)
2026-07-02 05:09:52,713 [INFO] Pass: Split2QUnitaries - 0.00310 (ms)
2026-07-02 05:09:52,713 [INFO] Pass: UnitarySynthesis - 0.00572 (ms)
2026-07-02 05:09:52,713 [INFO] Pass: HighLevelSynthesis - 0.03719 (ms)
2026-07-02 05:09:52,713 [INFO] Pass: BasisTranslator - 0.07844 (ms)
2026-07-02 05:09:52,713 [INFO] Pass: ConsolidateBlocks - 0.06342 (ms)
2026-07-02 05:09:52,713 [INFO] Pass: UnitarySynthesis - 0.00429 (ms)
2026-07-02 05:09:52,714 [INFO] Pass: Depth - 0.02980 (ms)
2026-07-02 05:09:52,714 [INFO] Pass: FixedPoint - 0.00477 (ms)
2026-07-02 05:09:52,714 [INFO] Pass: Size - 0.00358 (ms)
2026-07-02 05:09:52,714 [INFO] Pass: FixedPoint - 0.00286 (ms)
2026-07-02 05:09:52,714 [INFO] Pass: RemoveIdentityEquivalent - 0.00548 (ms)
2026-07-02 05:09:52,714 [INFO] Pass: Optimize1qGatesDecomposition - 0.19670 (ms)
2026-07-02 05:09:52,714 [INFO] Pass: CommutativeCancellation - 0.11206 (ms)
2026-07-02 05:09:52,714 [INFO] Pass: ContractIdleWiresInControlFlow - 0.00191 (ms)
2026-07-02 05:09:52,714 [INFO] Pass: GatesInBasis - 0.03219 (ms)
2026-07-02 05:09:52,714 [INFO] Pass: Depth - 0.02408 (ms)
2026-07-02 05:09:52,714 [INFO] Pass: FixedPoint - 0.00381 (ms)
2026-07-02 05:09:52,714 [INFO] Pass: Size - 0.00262 (ms)
2026-07-02 05:09:52,714 [INFO] Pass: FixedPoint - 0.00286 (ms)
2026-07-02 05:09:52,714 [INFO] Pass: ContainsInstruction - 0.00525 (ms)
2026-07-02 05:09:52,715 [INFO] Total Transpile Time - 88.24468 (ms)
2026-07-02 05:09:52,803 [INFO] Pass: ContainsInstruction - 0.01311 (ms)
2026-07-02 05:09:52,803 [INFO] Pass: UnitarySynthesis - 0.00787 (ms)
2026-07-02 05:09:52,803 [INFO] Pass: HighLevelSynthesis - 0.00668 (ms)
2026-07-02 05:09:52,803 [INFO] Pass: BasisTranslator - 0.07701 (ms)
2026-07-02 05:09:52,803 [INFO] Pass: ElidePermutations - 0.00501 (ms)
2026-07-02 05:09:52,803 [INFO] Pass: RemoveDiagonalGatesBeforeMeasure - 0.00811 (ms)
2026-07-02 05:09:52,803 [INFO] Pass: RemoveIdentityEquivalent - 0.01025 (ms)
2026-07-02 05:09:52,803 [INFO] Pass: InverseCancellation - 0.03076 (ms)
2026-07-02 05:09:52,803 [INFO] Pass: ContractIdleWiresInControlFlow - 0.00310 (ms)
2026-07-02 05:09:52,803 [INFO] Pass: CommutativeCancellation - 0.11182 (ms)
2026-07-02 05:09:52,803 [INFO] Pass: ConsolidateBlocks - 0.05460 (ms)
2026-07-02 05:09:52,803 [INFO] Pass: Split2QUnitaries - 0.00405 (ms)
2026-07-02 05:09:52,803 [INFO] Pass: UnitarySynthesis - 0.00620 (ms)
2026-07-02 05:09:52,803 [INFO] Pass: HighLevelSynthesis - 0.04005 (ms)
2026-07-02 05:09:52,804 [INFO] Pass: BasisTranslator - 0.08225 (ms)
2026-07-02 05:09:52,804 [INFO] Pass: ConsolidateBlocks - 0.05865 (ms)
2026-07-02 05:09:52,804 [INFO] Pass: UnitarySynthesis - 0.00501 (ms)
2026-07-02 05:09:52,804 [INFO] Pass: Depth - 0.03386 (ms)
2026-07-02 05:09:52,804 [INFO] Pass: FixedPoint - 0.00525 (ms)
2026-07-02 05:09:52,804 [INFO] Pass: Size - 0.00381 (ms)
2026-07-02 05:09:52,804 [INFO] Pass: FixedPoint - 0.00286 (ms)
2026-07-02 05:09:52,804 [INFO] Pass: RemoveIdentityEquivalent - 0.00715 (ms)
2026-07-02 05:09:52,804 [INFO] Pass: Optimize1qGatesDecomposition - 0.22650 (ms)
2026-07-02 05:09:52,804 [INFO] Pass: CommutativeCancellation - 0.11206 (ms)
2026-07-02 05:09:52,804 [INFO] Pass: ContractIdleWiresInControlFlow - 0.00215 (ms)
2026-07-02 05:09:52,804 [INFO] Pass: GatesInBasis - 0.03195 (ms)
2026-07-02 05:09:52,804 [INFO] Pass: Depth - 0.02646 (ms)
2026-07-02 05:09:52,804 [INFO] Pass: FixedPoint - 0.00381 (ms)
2026-07-02 05:09:52,804 [INFO] Pass: Size - 0.00334 (ms)
2026-07-02 05:09:52,804 [INFO] Pass: FixedPoint - 0.00286 (ms)
2026-07-02 05:09:52,804 [INFO] Pass: RemoveIdentityEquivalent - 0.00668 (ms)
2026-07-02 05:09:52,805 [INFO] Pass: Optimize1qGatesDecomposition - 0.18334 (ms)
2026-07-02 05:09:52,805 [INFO] Pass: CommutativeCancellation - 0.09847 (ms)
2026-07-02 05:09:52,805 [INFO] Pass: ContractIdleWiresInControlFlow - 0.00191 (ms)
2026-07-02 05:09:52,805 [INFO] Pass: GatesInBasis - 0.03004 (ms)
2026-07-02 05:09:52,805 [INFO] Pass: Depth - 0.02480 (ms)
2026-07-02 05:09:52,805 [INFO] Pass: FixedPoint - 0.00334 (ms)
2026-07-02 05:09:52,805 [INFO] Pass: Size - 0.00262 (ms)
2026-07-02 05:09:52,805 [INFO] Pass: FixedPoint - 0.00286 (ms)
2026-07-02 05:09:52,805 [INFO] Pass: ContainsInstruction - 0.00644 (ms)
2026-07-02 05:09:52,806 [INFO] Total Transpile Time - 90.43527 (ms)
2026-07-02 06:37:56,339 [INFO] Pass: ContainsInstruction - 0.01240 (ms)
2026-07-02 06:37:56,339 [INFO] Pass: UnitarySynthesis - 0.01121 (ms)
2026-07-02 06:37:56,339 [INFO] Pass: HighLevelSynthesis - 0.00715 (ms)
2026-07-02 06:37:56,339 [INFO] Pass: BasisTranslator - 0.08273 (ms)
2026-07-02 06:37:56,339 [INFO] Pass: ElidePermutations - 0.00525 (ms)
2026-07-02 06:37:56,339 [INFO] Pass: RemoveDiagonalGatesBeforeMeasure - 0.00739 (ms)
2026-07-02 06:37:56,339 [INFO] Pass: RemoveIdentityEquivalent - 0.00715 (ms)
2026-07-02 06:37:56,339 [INFO] Pass: InverseCancellation - 0.00548 (ms)
2026-07-02 06:37:56,339 [INFO] Pass: ContractIdleWiresInControlFlow - 0.00262 (ms)
2026-07-02 06:37:56,340 [INFO] Pass: CommutativeCancellation - 0.12255 (ms)
2026-07-02 06:37:56,340 [INFO] Pass: ConsolidateBlocks - 0.05293 (ms)
2026-07-02 06:37:56,340 [INFO] Pass: Split2QUnitaries - 0.00334 (ms)
2026-07-02 06:37:56,340 [INFO] Pass: UnitarySynthesis - 0.00548 (ms)
2026-07-02 06:37:56,340 [INFO] Pass: HighLevelSynthesis - 0.03886 (ms)
2026-07-02 06:37:56,340 [INFO] Pass: BasisTranslator - 0.07939 (ms)
2026-07-02 06:37:56,340 [INFO] Pass: ConsolidateBlocks - 0.05865 (ms)
2026-07-02 06:37:56,340 [INFO] Pass: UnitarySynthesis - 0.00477 (ms)
2026-07-02 06:37:56,340 [INFO] Pass: Depth - 0.02718 (ms)
2026-07-02 06:37:56,340 [INFO] Pass: FixedPoint - 0.00572 (ms)
2026-07-02 06:37:56,340 [INFO] Pass: Size - 0.00429 (ms)
2026-07-02 06:37:56,340 [INFO] Pass: FixedPoint - 0.00334 (ms)
2026-07-02 06:37:56,340 [INFO] Pass: RemoveIdentityEquivalent - 0.00358 (ms)
2026-07-02 06:37:56,340 [INFO] Pass: Optimize1qGatesDecomposition - 0.04005 (ms)
2026-07-02 06:37:56,340 [INFO] Pass: CommutativeCancellation - 0.10967 (ms)
2026-07-02 06:37:56,340 [INFO] Pass: ContractIdleWiresInControlFlow - 0.00215 (ms)
2026-07-02 06:37:56,340 [INFO] Pass: GatesInBasis - 0.03338 (ms)
2026-07-02 06:37:56,340 [INFO] Pass: Depth - 0.02456 (ms)
2026-07-02 06:37:56,340 [INFO] Pass: FixedPoint - 0.00358 (ms)
2026-07-02 06:37:56,341 [INFO] Pass: Size - 0.00286 (ms)
2026-07-02 06:37:56,341 [INFO] Pass: FixedPoint - 0.00286 (ms)
2026-07-02 06:37:56,341 [INFO] Pass: ContainsInstruction - 0.00572 (ms)
2026-07-02 06:37:56,341 [INFO] Total Transpile Time - 90.49654 (ms)
2026-07-02 06:37:56,429 [INFO] Pass: ContainsInstruction - 0.01264 (ms)
2026-07-02 06:37:56,429 [INFO] Pass: UnitarySynthesis - 0.00739 (ms)
2026-07-02 06:37:56,429 [INFO] Pass: HighLevelSynthesis - 0.00620 (ms)
2026-07-02 06:37:56,429 [INFO] Pass: BasisTranslator - 0.06866 (ms)
2026-07-02 06:37:56,429 [INFO] Pass: ElidePermutations - 0.00501 (ms)
2026-07-02 06:37:56,429 [INFO] Pass: RemoveDiagonalGatesBeforeMeasure - 0.00739 (ms)
2026-07-02 06:37:56,429 [INFO] Pass: RemoveIdentityEquivalent - 0.00834 (ms)
2026-07-02 06:37:56,429 [INFO] Pass: InverseCancellation - 0.02837 (ms)
2026-07-02 06:37:56,429 [INFO] Pass: ContractIdleWiresInControlFlow - 0.00191 (ms)
2026-07-02 06:37:56,429 [INFO] Pass: CommutativeCancellation - 0.10753 (ms)
2026-07-02 06:37:56,429 [INFO] Pass: ConsolidateBlocks - 0.05889 (ms)
2026-07-02 06:37:56,429 [INFO] Pass: Split2QUnitaries - 0.00286 (ms)
2026-07-02 06:37:56,430 [INFO] Pass: UnitarySynthesis - 0.00572 (ms)
2026-07-02 06:37:56,430 [INFO] Pass: HighLevelSynthesis - 0.03886 (ms)
2026-07-02 06:37:56,430 [INFO] Pass: BasisTranslator - 0.08082 (ms)
2026-07-02 06:37:56,430 [INFO] Pass: ConsolidateBlocks - 0.05722 (ms)
2026-07-02 06:37:56,430 [INFO] Pass: UnitarySynthesis - 0.00405 (ms)
2026-07-02 06:37:56,430 [INFO] Pass: Depth - 0.02909 (ms)
2026-07-02 06:37:56,430 [INFO] Pass: FixedPoint - 0.00572 (ms)
2026-07-02 06:37:56,430 [INFO] Pass: Size - 0.00405 (ms)
2026-07-02 06:37:56,430 [INFO] Pass: FixedPoint - 0.00286 (ms)
2026-07-02 06:37:56,430 [INFO] Pass: RemoveIdentityEquivalent - 0.00596 (ms)
2026-07-02 06:37:56,430 [INFO] Pass: Optimize1qGatesDecomposition - 0.20599 (ms)
2026-07-02 06:37:56,430 [INFO] Pass: CommutativeCancellation - 0.12016 (ms)
2026-07-02 06:37:56,430 [INFO] Pass: ContractIdleWiresInControlFlow - 0.00238 (ms)
2026-07-02 06:37:56,430 [INFO] Pass: GatesInBasis - 0.03314 (ms)
2026-07-02 06:37:56,430 [INFO] Pass: Depth - 0.02599 (ms)
2026-07-02 06:37:56,431 [INFO] Pass: FixedPoint - 0.00358 (ms)
2026-07-02 06:37:56,431 [INFO] Pass: Size - 0.00215 (ms)
2026-07-02 06:37:56,431 [INFO] Pass: FixedPoint - 0.00334 (ms)
2026-07-02 06:37:56,431 [INFO] Pass: ContainsInstruction - 0.00548 (ms)
2026-07-02 06:37:56,431 [INFO] Total Transpile Time - 89.32924 (ms)
2026-07-02 06:37:56,518 [INFO] Pass: ContainsInstruction - 0.01311 (ms)
2026-07-02 06:37:56,518 [INFO] Pass: UnitarySynthesis - 0.00787 (ms)
2026-07-02 06:37:56,518 [INFO] Pass: HighLevelSynthesis - 0.00572 (ms)
2026-07-02 06:37:56,518 [INFO] Pass: BasisTranslator - 0.06437 (ms)
2026-07-02 06:37:56,518 [INFO] Pass: ElidePermutations - 0.00501 (ms)
2026-07-02 06:37:56,518 [INFO] Pass: RemoveDiagonalGatesBeforeMeasure - 0.00715 (ms)
2026-07-02 06:37:56,518 [INFO] Pass: RemoveIdentityEquivalent - 0.00930 (ms)
2026-07-02 06:37:56,518 [INFO] Pass: InverseCancellation - 0.02837 (ms)
2026-07-02 06:37:56,519 [INFO] Pass: ContractIdleWiresInControlFlow - 0.00215 (ms)
2026-07-02 06:37:56,519 [INFO] Pass: CommutativeCancellation - 0.10872 (ms)
2026-07-02 06:37:56,519 [INFO] Pass: ConsolidateBlocks - 0.05031 (ms)
2026-07-02 06:37:56,519 [INFO] Pass: Split2QUnitaries - 0.00310 (ms)
2026-07-02 06:37:56,519 [INFO] Pass: UnitarySynthesis - 0.00548 (ms)
2026-07-02 06:37:56,519 [INFO] Pass: HighLevelSynthesis - 0.04196 (ms)
2026-07-02 06:37:56,519 [INFO] Pass: BasisTranslator - 0.08082 (ms)
2026-07-02 06:37:56,519 [INFO] Pass: ConsolidateBlocks - 0.05770 (ms)
2026-07-02 06:37:56,519 [INFO] Pass: UnitarySynthesis - 0.00477 (ms)
2026-07-02 06:37:56,519 [INFO] Pass: Depth - 0.03195 (ms)
2026-07-02 06:37:56,519 [INFO] Pass: FixedPoint - 0.00501 (ms)
2026-07-02 06:37:56,519 [INFO] Pass: Size - 0.00381 (ms)
2026-07-02 06:37:56,519 [INFO] Pass: FixedPoint - 0.00286 (ms)
2026-07-02 06:37:56,519 [INFO] Pass: RemoveIdentityEquivalent - 0.00691 (ms)
2026-07-02 06:37:56,519 [INFO] Pass: Optimize1qGatesDecomposition - 0.22840 (ms)
2026-07-02 06:37:56,520 [INFO] Pass: CommutativeCancellation - 0.11516 (ms)
2026-07-02 06:37:56,520 [INFO] Pass: ContractIdleWiresInControlFlow - 0.00191 (ms)
2026-07-02 06:37:56,520 [INFO] Pass: GatesInBasis - 0.03123 (ms)
2026-07-02 06:37:56,520 [INFO] Pass: Depth - 0.02646 (ms)
2026-07-02 06:37:56,520 [INFO] Pass: FixedPoint - 0.00405 (ms)
2026-07-02 06:37:56,520 [INFO] Pass: Size - 0.00262 (ms)
2026-07-02 06:37:56,520 [INFO] Pass: FixedPoint - 0.00334 (ms)
2026-07-02 06:37:56,520 [INFO] Pass: RemoveIdentityEquivalent - 0.00668 (ms)
2026-07-02 06:37:56,520 [INFO] Pass: Optimize1qGatesDecomposition - 0.18859 (ms)
2026-07-02 06:37:56,520 [INFO] Pass: CommutativeCancellation - 0.09990 (ms)
2026-07-02 06:37:56,520 [INFO] Pass: ContractIdleWiresInControlFlow - 0.00215 (ms)
2026-07-02 06:37:56,520 [INFO] Pass: GatesInBasis - 0.03028 (ms)
2026-07-02 06:37:56,520 [INFO] Pass: Depth - 0.02384 (ms)
2026-07-02 06:37:56,520 [INFO] Pass: FixedPoint - 0.00358 (ms)
2026-07-02 06:37:56,520 [INFO] Pass: Size - 0.00215 (ms)
2026-07-02 06:37:56,520 [INFO] Pass: FixedPoint - 0.00286 (ms)
2026-07-02 06:37:56,520 [INFO] Pass: ContainsInstruction - 0.01311 (ms)
2026-07-02 06:37:56,521 [INFO] Total Transpile Time - 89.31065 (ms)
2026-07-02 08:06:15,145 [INFO] Pass: ContainsInstruction - 0.01979 (ms)
2026-07-02 08:06:15,146 [INFO] Pass: UnitarySynthesis - 0.00834 (ms)
2026-07-02 08:06:15,146 [INFO] Pass: HighLevelSynthesis - 0.00620 (ms)
2026-07-02 08:06:15,146 [INFO] Pass: BasisTranslator - 0.07558 (ms)
2026-07-02 08:06:15,146 [INFO] Pass: ElidePermutations - 0.00548 (ms)
2026-07-02 08:06:15,146 [INFO] Pass: RemoveDiagonalGatesBeforeMeasure - 0.00763 (ms)
2026-07-02 08:06:15,146 [INFO] Pass: RemoveIdentityEquivalent - 0.00620 (ms)
2026-07-02 08:06:15,146 [INFO] Pass: InverseCancellation - 0.00477 (ms)
2026-07-02 08:06:15,146 [INFO] Pass: ContractIdleWiresInControlFlow - 0.00215 (ms)
2026-07-02 08:06:15,146 [INFO] Pass: CommutativeCancellation - 0.10800 (ms)
2026-07-02 08:06:15,147 [INFO] Pass: ConsolidateBlocks - 0.05150 (ms)
2026-07-02 08:06:15,147 [INFO] Pass: Split2QUnitaries - 0.00358 (ms)
2026-07-02 08:06:15,147 [INFO] Pass: UnitarySynthesis - 0.00572 (ms)
2026-07-02 08:06:15,147 [INFO] Pass: HighLevelSynthesis - 0.03672 (ms)
2026-07-02 08:06:15,147 [INFO] Pass: BasisTranslator - 0.07558 (ms)
2026-07-02 08:06:15,147 [INFO] Pass: ConsolidateBlocks - 0.05674 (ms)
2026-07-02 08:06:15,147 [INFO] Pass: UnitarySynthesis - 0.00429 (ms)
2026-07-02 08:06:15,147 [INFO] Pass: Depth - 0.02646 (ms)
2026-07-02 08:06:15,147 [INFO] Pass: FixedPoint - 0.00548 (ms)
2026-07-02 08:06:15,147 [INFO] Pass: Size - 0.00405 (ms)
2026-07-02 08:06:15,147 [INFO] Pass: FixedPoint - 0.00286 (ms)
2026-07-02 08:06:15,147 [INFO] Pass: RemoveIdentityEquivalent - 0.00310 (ms)
2026-07-02 08:06:15,147 [INFO] Pass: Optimize1qGatesDecomposition - 0.04125 (ms)
2026-07-02 08:06:15,147 [INFO] Pass: CommutativeCancellation - 0.10657 (ms)
2026-07-02 08:06:15,147 [INFO] Pass: ContractIdleWiresInControlFlow - 0.00215 (ms)
2026-07-02 08:06:15,147 [INFO] Pass: GatesInBasis - 0.03195 (ms)
2026-07-02 08:06:15,147 [INFO] Pass: Depth - 0.02313 (ms)
2026-07-02 08:06:15,147 [INFO] Pass: FixedPoint - 0.00358 (ms)
2026-07-02 08:06:15,147 [INFO] Pass: Size - 0.00215 (ms)
2026-07-02 08:06:15,147 [INFO] Pass: FixedPoint - 0.00262 (ms)
2026-07-02 08:06:15,147 [INFO] Pass: ContainsInstruction - 0.00525 (ms)
2026-07-02 08:06:15,148 [INFO] Total Transpile Time - 91.01439 (ms)
2026-07-02 08:06:15,236 [INFO] Pass: ContainsInstruction - 0.01287 (ms)
2026-07-02 08:06:15,237 [INFO] Pass: UnitarySynthesis - 0.00834 (ms)
2026-07-02 08:06:15,237 [INFO] Pass: HighLevelSynthesis - 0.00644 (ms)
2026-07-02 08:06:15,237 [INFO] Pass: BasisTranslator - 0.07176 (ms)
2026-07-02 08:06:15,237 [INFO] Pass: ElidePermutations - 0.00477 (ms)
2026-07-02 08:06:15,237 [INFO] Pass: RemoveDiagonalGatesBeforeMeasure - 0.00763 (ms)
2026-07-02 08:06:15,237 [INFO] Pass: RemoveIdentityEquivalent - 0.00930 (ms)
2026-07-02 08:06:15,237 [INFO] Pass: InverseCancellation - 0.02933 (ms)
2026-07-02 08:06:15,237 [INFO] Pass: ContractIdleWiresInControlFlow - 0.00215 (ms)
2026-07-02 08:06:15,237 [INFO] Pass: CommutativeCancellation - 0.10777 (ms)
2026-07-02 08:06:15,237 [INFO] Pass: ConsolidateBlocks - 0.05293 (ms)
2026-07-02 08:06:15,237 [INFO] Pass: Split2QUnitaries - 0.00262 (ms)
2026-07-02 08:06:15,237 [INFO] Pass: UnitarySynthesis - 0.00572 (ms)
2026-07-02 08:06:15,237 [INFO] Pass: HighLevelSynthesis - 0.03791 (ms)
2026-07-02 08:06:15,237 [INFO] Pass: BasisTranslator - 0.08130 (ms)
2026-07-02 08:06:15,237 [INFO] Pass: ConsolidateBlocks - 0.05770 (ms)
2026-07-02 08:06:15,237 [INFO] Pass: UnitarySynthesis - 0.00548 (ms)
2026-07-02 08:06:15,237 [INFO] Pass: Depth - 0.03266 (ms)
2026-07-02 08:06:15,237 [INFO] Pass: FixedPoint - 0.00548 (ms)
2026-07-02 08:06:15,238 [INFO] Pass: Size - 0.00429 (ms)
2026-07-02 08:06:15,238 [INFO] Pass: FixedPoint - 0.00286 (ms)
2026-07-02 08:06:15,238 [INFO] Pass: RemoveIdentityEquivalent - 0.00548 (ms)
2026-07-02 08:06:15,238 [INFO] Pass: Optimize1qGatesDecomposition - 0.21362 (ms)
2026-07-02 08:06:15,238 [INFO] Pass: CommutativeCancellation - 0.12827 (ms)
2026-07-02 08:06:15,238 [INFO] Pass: ContractIdleWiresInControlFlow - 0.00191 (ms)
2026-07-02 08:06:15,238 [INFO] Pass: GatesInBasis - 0.03314 (ms)
2026-07-02 08:06:15,238 [INFO] Pass: Depth - 0.02527 (ms)
2026-07-02 08:06:15,238 [INFO] Pass: FixedPoint - 0.00358 (ms)
2026-07-02 08:06:15,238 [INFO] Pass: Size - 0.00238 (ms)
2026-07-02 08:06:15,238 [INFO] Pass: FixedPoint - 0.00310 (ms)
2026-07-02 08:06:15,238 [INFO] Pass: ContainsInstruction - 0.00548 (ms)
2026-07-02 08:06:15,239 [INFO] Total Transpile Time - 90.18111 (ms)
2026-07-02 08:06:15,327 [INFO] Pass: ContainsInstruction - 0.01216 (ms)
2026-07-02 08:06:15,327 [INFO] Pass: UnitarySynthesis - 0.00739 (ms)
2026-07-02 08:06:15,327 [INFO] Pass: HighLevelSynthesis - 0.00596 (ms)
2026-07-02 08:06:15,327 [INFO] Pass: BasisTranslator - 0.06461 (ms)
2026-07-02 08:06:15,327 [INFO] Pass: ElidePermutations - 0.00453 (ms)
2026-07-02 08:06:15,327 [INFO] Pass: RemoveDiagonalGatesBeforeMeasure - 0.00644 (ms)
2026-07-02 08:06:15,327 [INFO] Pass: RemoveIdentityEquivalent - 0.01001 (ms)
2026-07-02 08:06:15,327 [INFO] Pass: InverseCancellation - 0.02956 (ms)
2026-07-02 08:06:15,327 [INFO] Pass: ContractIdleWiresInControlFlow - 0.00167 (ms)
2026-07-02 08:06:15,327 [INFO] Pass: CommutativeCancellation - 0.10514 (ms)
2026-07-02 08:06:15,327 [INFO] Pass: ConsolidateBlocks - 0.05031 (ms)
2026-07-02 08:06:15,327 [INFO] Pass: Split2QUnitaries - 0.00262 (ms)
2026-07-02 08:06:15,327 [INFO] Pass: UnitarySynthesis - 0.00525 (ms)
2026-07-02 08:06:15,327 [INFO] Pass: HighLevelSynthesis - 0.03862 (ms)
2026-07-02 08:06:15,327 [INFO] Pass: BasisTranslator - 0.08726 (ms)
2026-07-02 08:06:15,328 [INFO] Pass: ConsolidateBlocks - 0.05865 (ms)
2026-07-02 08:06:15,328 [INFO] Pass: UnitarySynthesis - 0.00501 (ms)
2026-07-02 08:06:15,328 [INFO] Pass: Depth - 0.03028 (ms)
2026-07-02 08:06:15,328 [INFO] Pass: FixedPoint - 0.00405 (ms)
2026-07-02 08:06:15,328 [INFO] Pass: Size - 0.00334 (ms)
2026-07-02 08:06:15,328 [INFO] Pass: FixedPoint - 0.00262 (ms)
2026-07-02 08:06:15,328 [INFO] Pass: RemoveIdentityEquivalent - 0.00668 (ms)
2026-07-02 08:06:15,328 [INFO] Pass: Optimize1qGatesDecomposition - 0.21458 (ms)
2026-07-02 08:06:15,328 [INFO] Pass: CommutativeCancellation - 0.10967 (ms)
2026-07-02 08:06:15,328 [INFO] Pass: ContractIdleWiresInControlFlow - 0.00215 (ms)
2026-07-02 08:06:15,328 [INFO] Pass: GatesInBasis - 0.03195 (ms)
2026-07-02 08:06:15,328 [INFO] Pass: Depth - 0.02456 (ms)
2026-07-02 08:06:15,328 [INFO] Pass: FixedPoint - 0.00358 (ms)
2026-07-02 08:06:15,328 [INFO] Pass: Size - 0.00238 (ms)
2026-07-02 08:06:15,328 [INFO] Pass: FixedPoint - 0.00334 (ms)
2026-07-02 08:06:15,328 [INFO] Pass: RemoveIdentityEquivalent - 0.00572 (ms)
2026-07-02 08:06:15,329 [INFO] Pass: Optimize1qGatesDecomposition - 0.19383 (ms)
2026-07-02 08:06:15,329 [INFO] Pass: CommutativeCancellation - 0.09656 (ms)
2026-07-02 08:06:15,329 [INFO] Pass: ContractIdleWiresInControlFlow - 0.00167 (ms)
2026-07-02 08:06:15,329 [INFO] Pass: GatesInBasis - 0.03076 (ms)
2026-07-02 08:06:15,329 [INFO] Pass: Depth - 0.02360 (ms)
2026-07-02 08:06:15,329 [INFO] Pass: FixedPoint - 0.00334 (ms)
2026-07-02 08:06:15,329 [INFO] Pass: Size - 0.00215 (ms)
2026-07-02 08:06:15,329 [INFO] Pass: FixedPoint - 0.00286 (ms)
2026-07-02 08:06:15,329 [INFO] Pass: ContainsInstruction - 0.00596 (ms)
2026-07-02 08:06:15,329 [INFO] Total Transpile Time - 90.04951 (ms)
2026-07-02 09:33:52,695 [INFO] Pass: ContainsInstruction - 0.01931 (ms)
2026-07-02 09:33:52,696 [INFO] Pass: UnitarySynthesis - 0.00906 (ms)
2026-07-02 09:33:52,696 [INFO] Pass: HighLevelSynthesis - 0.00525 (ms)
2026-07-02 09:33:52,696 [INFO] Pass: BasisTranslator - 0.06819 (ms)
2026-07-02 09:33:52,696 [INFO] Pass: ElidePermutations - 0.00501 (ms)
2026-07-02 09:33:52,696 [INFO] Pass: RemoveDiagonalGatesBeforeMeasure - 0.00668 (ms)
2026-07-02 09:33:52,696 [INFO] Pass: RemoveIdentityEquivalent - 0.00548 (ms)
2026-07-02 09:33:52,696 [INFO] Pass: InverseCancellation - 0.00525 (ms)
2026-07-02 09:33:52,696 [INFO] Pass: ContractIdleWiresInControlFlow - 0.00215 (ms)
2026-07-02 09:33:52,696 [INFO] Pass: CommutativeCancellation - 0.09751 (ms)
2026-07-02 09:33:52,696 [INFO] Pass: ConsolidateBlocks - 0.04768 (ms)
2026-07-02 09:33:52,696 [INFO] Pass: Split2QUnitaries - 0.00334 (ms)
2026-07-02 09:33:52,696 [INFO] Pass: UnitarySynthesis - 0.00453 (ms)
2026-07-02 09:33:52,696 [INFO] Pass: HighLevelSynthesis - 0.03552 (ms)
2026-07-02 09:33:52,696 [INFO] Pass: BasisTranslator - 0.08059 (ms)
2026-07-02 09:33:52,697 [INFO] Pass: ConsolidateBlocks - 0.05579 (ms)
2026-07-02 09:33:52,697 [INFO] Pass: UnitarySynthesis - 0.00477 (ms)
2026-07-02 09:33:52,697 [INFO] Pass: Depth - 0.02575 (ms)
2026-07-02 09:33:52,697 [INFO] Pass: FixedPoint - 0.00477 (ms)
2026-07-02 09:33:52,697 [INFO] Pass: Size - 0.00381 (ms)
2026-07-02 09:33:52,697 [INFO] Pass: FixedPoint - 0.00310 (ms)
2026-07-02 09:33:52,697 [INFO] Pass: RemoveIdentityEquivalent - 0.00358 (ms)
2026-07-02 09:33:52,697 [INFO] Pass: Optimize1qGatesDecomposition - 0.03910 (ms)
2026-07-02 09:33:52,697 [INFO] Pass: CommutativeCancellation - 0.10777 (ms)
2026-07-02 09:33:52,697 [INFO] Pass: ContractIdleWiresInControlFlow - 0.00215 (ms)
2026-07-02 09:33:52,697 [INFO] Pass: GatesInBasis - 0.03052 (ms)
2026-07-02 09:33:52,697 [INFO] Pass: Depth - 0.02217 (ms)
2026-07-02 09:33:52,697 [INFO] Pass: FixedPoint - 0.00334 (ms)
2026-07-02 09:33:52,697 [INFO] Pass: Size - 0.00191 (ms)
2026-07-02 09:33:52,697 [INFO] Pass: FixedPoint - 0.00238 (ms)
2026-07-02 09:33:52,697 [INFO] Pass: ContainsInstruction - 0.00572 (ms)
2026-07-02 09:33:52,698 [INFO] Total Transpile Time - 90.46745 (ms)
2026-07-02 09:33:52,785 [INFO] Pass: ContainsInstruction - 0.01264 (ms)
2026-07-02 09:33:52,785 [INFO] Pass: UnitarySynthesis - 0.00739 (ms)
2026-07-02 09:33:52,785 [INFO] Pass: HighLevelSynthesis - 0.00572 (ms)
2026-07-02 09:33:52,785 [INFO] Pass: BasisTranslator - 0.06509 (ms)
2026-07-02 09:33:52,785 [INFO] Pass: ElidePermutations - 0.00525 (ms)
2026-07-02 09:33:52,785 [INFO] Pass: RemoveDiagonalGatesBeforeMeasure - 0.01073 (ms)
2026-07-02 09:33:52,785 [INFO] Pass: RemoveIdentityEquivalent - 0.00882 (ms)
2026-07-02 09:33:52,785 [INFO] Pass: InverseCancellation - 0.02933 (ms)
2026-07-02 09:33:52,785 [INFO] Pass: ContractIdleWiresInControlFlow - 0.00191 (ms)
2026-07-02 09:33:52,786 [INFO] Pass: CommutativeCancellation - 0.11659 (ms)
2026-07-02 09:33:52,786 [INFO] Pass: ConsolidateBlocks - 0.05150 (ms)
2026-07-02 09:33:52,786 [INFO] Pass: Split2QUnitaries - 0.00310 (ms)
2026-07-02 09:33:52,786 [INFO] Pass: UnitarySynthesis - 0.00548 (ms)
2026-07-02 09:33:52,786 [INFO] Pass: HighLevelSynthesis - 0.03648 (ms)
2026-07-02 09:33:52,786 [INFO] Pass: BasisTranslator - 0.07963 (ms)
2026-07-02 09:33:52,786 [INFO] Pass: ConsolidateBlocks - 0.05746 (ms)
2026-07-02 09:33:52,786 [INFO] Pass: UnitarySynthesis - 0.00477 (ms)
2026-07-02 09:33:52,786 [INFO] Pass: Depth - 0.02813 (ms)
2026-07-02 09:33:52,786 [INFO] Pass: FixedPoint - 0.00572 (ms)
2026-07-02 09:33:52,786 [INFO] Pass: Size - 0.00358 (ms)
2026-07-02 09:33:52,786 [INFO] Pass: FixedPoint - 0.00310 (ms)
2026-07-02 09:33:52,786 [INFO] Pass: RemoveIdentityEquivalent - 0.00548 (ms)
2026-07-02 09:33:52,786 [INFO] Pass: Optimize1qGatesDecomposition - 0.20313 (ms)
2026-07-02 09:33:52,786 [INFO] Pass: CommutativeCancellation - 0.12541 (ms)
2026-07-02 09:33:52,787 [INFO] Pass: ContractIdleWiresInControlFlow - 0.00191 (ms)
2026-07-02 09:33:52,787 [INFO] Pass: GatesInBasis - 0.03338 (ms)
2026-07-02 09:33:52,787 [INFO] Pass: Depth - 0.02551 (ms)
2026-07-02 09:33:52,787 [INFO] Pass: FixedPoint - 0.00381 (ms)
2026-07-02 09:33:52,787 [INFO] Pass: Size - 0.00238 (ms)
2026-07-02 09:33:52,787 [INFO] Pass: FixedPoint - 0.00286 (ms)
2026-07-02 09:33:52,787 [INFO] Pass: ContainsInstruction - 0.00572 (ms)
2026-07-02 09:33:52,787 [INFO] Total Transpile Time - 89.13708 (ms)
2026-07-02 09:33:52,876 [INFO] Pass: ContainsInstruction - 0.01454 (ms)
2026-07-02 09:33:52,876 [INFO] Pass: UnitarySynthesis - 0.00787 (ms)
2026-07-02 09:33:52,876 [INFO] Pass: HighLevelSynthesis - 0.00691 (ms)
2026-07-02 09:33:52,876 [INFO] Pass: BasisTranslator - 0.07319 (ms)
2026-07-02 09:33:52,876 [INFO] Pass: ElidePermutations - 0.00525 (ms)
2026-07-02 09:33:52,876 [INFO] Pass: RemoveDiagonalGatesBeforeMeasure - 0.01431 (ms)
2026-07-02 09:33:52,876 [INFO] Pass: RemoveIdentityEquivalent - 0.01001 (ms)
2026-07-02 09:33:52,877 [INFO] Pass: InverseCancellation - 0.02933 (ms)
2026-07-02 09:33:52,877 [INFO] Pass: ContractIdleWiresInControlFlow - 0.00191 (ms)
2026-07-02 09:33:52,877 [INFO] Pass: CommutativeCancellation - 0.10681 (ms)
2026-07-02 09:33:52,877 [INFO] Pass: ConsolidateBlocks - 0.05507 (ms)
2026-07-02 09:33:52,877 [INFO] Pass: Split2QUnitaries - 0.00262 (ms)
2026-07-02 09:33:52,877 [INFO] Pass: UnitarySynthesis - 0.00620 (ms)
2026-07-02 09:33:52,877 [INFO] Pass: HighLevelSynthesis - 0.04053 (ms)
2026-07-02 09:33:52,877 [INFO] Pass: BasisTranslator - 0.08202 (ms)
2026-07-02 09:33:52,877 [INFO] Pass: ConsolidateBlocks - 0.05841 (ms)
2026-07-02 09:33:52,877 [INFO] Pass: UnitarySynthesis - 0.00453 (ms)
2026-07-02 09:33:52,877 [INFO] Pass: Depth - 0.03147 (ms)
2026-07-02 09:33:52,877 [INFO] Pass: FixedPoint - 0.00596 (ms)
2026-07-02 09:33:52,877 [INFO] Pass: Size - 0.00358 (ms)
2026-07-02 09:33:52,877 [INFO] Pass: FixedPoint - 0.00286 (ms)
2026-07-02 09:33:52,877 [INFO] Pass: RemoveIdentityEquivalent - 0.00691 (ms)
2026-07-02 09:33:52,878 [INFO] Pass: Optimize1qGatesDecomposition - 0.23103 (ms)
2026-07-02 09:33:52,878 [INFO] Pass: CommutativeCancellation - 0.11730 (ms)
2026-07-02 09:33:52,878 [INFO] Pass: ContractIdleWiresInControlFlow - 0.00215 (ms)
2026-07-02 09:33:52,878 [INFO] Pass: GatesInBasis - 0.03338 (ms)
2026-07-02 09:33:52,878 [INFO] Pass: Depth - 0.02599 (ms)
2026-07-02 09:33:52,878 [INFO] Pass: FixedPoint - 0.00381 (ms)
2026-07-02 09:33:52,878 [INFO] Pass: Size - 0.00215 (ms)
2026-07-02 09:33:52,878 [INFO] Pass: FixedPoint - 0.00286 (ms)
2026-07-02 09:33:52,878 [INFO] Pass: RemoveIdentityEquivalent - 0.00691 (ms)
2026-07-02 09:33:52,878 [INFO] Pass: Optimize1qGatesDecomposition - 0.18668 (ms)
2026-07-02 09:33:52,878 [INFO] Pass: CommutativeCancellation - 0.09799 (ms)
2026-07-02 09:33:52,878 [INFO] Pass: ContractIdleWiresInControlFlow - 0.00191 (ms)
2026-07-02 09:33:52,878 [INFO] Pass: GatesInBasis - 0.02885 (ms)
2026-07-02 09:33:52,878 [INFO] Pass: Depth - 0.02384 (ms)
2026-07-02 09:33:52,878 [INFO] Pass: FixedPoint - 0.00334 (ms)
2026-07-02 09:33:52,878 [INFO] Pass: Size - 0.00215 (ms)
2026-07-02 09:33:52,878 [INFO] Pass: FixedPoint - 0.00310 (ms)
2026-07-02 09:33:52,878 [INFO] Pass: ContainsInstruction - 0.00644 (ms)
2026-07-02 09:33:52,879 [INFO] Total Transpile Time - 91.29643 (ms)
2026-07-02 11:02:04,916 [INFO] Pass: ContainsInstruction - 0.01240 (ms)
2026-07-02 11:02:04,917 [INFO] Pass: UnitarySynthesis - 0.00811 (ms)
2026-07-02 11:02:04,917 [INFO] Pass: HighLevelSynthesis - 0.00596 (ms)
2026-07-02 11:02:04,917 [INFO] Pass: BasisTranslator - 0.07367 (ms)
2026-07-02 11:02:04,917 [INFO] Pass: ElidePermutations - 0.00501 (ms)
2026-07-02 11:02:04,917 [INFO] Pass: RemoveDiagonalGatesBeforeMeasure - 0.00691 (ms)
2026-07-02 11:02:04,917 [INFO] Pass: RemoveIdentityEquivalent - 0.00596 (ms)
2026-07-02 11:02:04,917 [INFO] Pass: InverseCancellation - 0.00548 (ms)
2026-07-02 11:02:04,917 [INFO] Pass: ContractIdleWiresInControlFlow - 0.00191 (ms)
2026-07-02 11:02:04,917 [INFO] Pass: CommutativeCancellation - 0.09894 (ms)
2026-07-02 11:02:04,917 [INFO] Pass: ConsolidateBlocks - 0.04983 (ms)
2026-07-02 11:02:04,917 [INFO] Pass: Split2QUnitaries - 0.00286 (ms)
2026-07-02 11:02:04,917 [INFO] Pass: UnitarySynthesis - 0.00525 (ms)
2026-07-02 11:02:04,917 [INFO] Pass: HighLevelSynthesis - 0.03672 (ms)
2026-07-02 11:02:04,917 [INFO] Pass: BasisTranslator - 0.07510 (ms)
2026-07-02 11:02:04,917 [INFO] Pass: ConsolidateBlocks - 0.05770 (ms)
2026-07-02 11:02:04,917 [INFO] Pass: UnitarySynthesis - 0.00453 (ms)
2026-07-02 11:02:04,917 [INFO] Pass: Depth - 0.02670 (ms)
2026-07-02 11:02:04,917 [INFO] Pass: FixedPoint - 0.00501 (ms)
2026-07-02 11:02:04,918 [INFO] Pass: Size - 0.00358 (ms)
2026-07-02 11:02:04,918 [INFO] Pass: FixedPoint - 0.00310 (ms)
2026-07-02 11:02:04,918 [INFO] Pass: RemoveIdentityEquivalent - 0.00381 (ms)
2026-07-02 11:02:04,918 [INFO] Pass: Optimize1qGatesDecomposition - 0.03958 (ms)
2026-07-02 11:02:04,918 [INFO] Pass: CommutativeCancellation - 0.11206 (ms)
2026-07-02 11:02:04,918 [INFO] Pass: ContractIdleWiresInControlFlow - 0.00238 (ms)
2026-07-02 11:02:04,918 [INFO] Pass: GatesInBasis - 0.03338 (ms)
2026-07-02 11:02:04,918 [INFO] Pass: Depth - 0.02265 (ms)
2026-07-02 11:02:04,918 [INFO] Pass: FixedPoint - 0.00381 (ms)
2026-07-02 11:02:04,918 [INFO] Pass: Size - 0.00215 (ms)
2026-07-02 11:02:04,918 [INFO] Pass: FixedPoint - 0.00286 (ms)
2026-07-02 11:02:04,918 [INFO] Pass: ContainsInstruction - 0.00453 (ms)
2026-07-02 11:02:04,918 [INFO] Total Transpile Time - 90.32989 (ms)
2026-07-02 11:02:05,007 [INFO] Pass: ContainsInstruction - 0.01264 (ms)
2026-07-02 11:02:05,007 [INFO] Pass: UnitarySynthesis - 0.00763 (ms)
2026-07-02 11:02:05,007 [INFO] Pass: HighLevelSynthesis - 0.00620 (ms)
2026-07-02 11:02:05,007 [INFO] Pass: BasisTranslator - 0.07176 (ms)
2026-07-02 11:02:05,007 [INFO] Pass: ElidePermutations - 0.00453 (ms)
2026-07-02 11:02:05,007 [INFO] Pass: RemoveDiagonalGatesBeforeMeasure - 0.00715 (ms)
2026-07-02 11:02:05,007 [INFO] Pass: RemoveIdentityEquivalent - 0.00834 (ms)
2026-07-02 11:02:05,007 [INFO] Pass: InverseCancellation - 0.02885 (ms)
2026-07-02 11:02:05,007 [INFO] Pass: ContractIdleWiresInControlFlow - 0.00238 (ms)
2026-07-02 11:02:05,007 [INFO] Pass: CommutativeCancellation - 0.10991 (ms)
2026-07-02 11:02:05,008 [INFO] Pass: ConsolidateBlocks - 0.05174 (ms)
2026-07-02 11:02:05,008 [INFO] Pass: Split2QUnitaries - 0.00310 (ms)
2026-07-02 11:02:05,008 [INFO] Pass: UnitarySynthesis - 0.00596 (ms)
2026-07-02 11:02:05,008 [INFO] Pass: HighLevelSynthesis - 0.03767 (ms)
2026-07-02 11:02:05,008 [INFO] Pass: BasisTranslator - 0.07844 (ms)
2026-07-02 11:02:05,008 [INFO] Pass: ConsolidateBlocks - 0.05913 (ms)
2026-07-02 11:02:05,008 [INFO] Pass: UnitarySynthesis - 0.00453 (ms)
2026-07-02 11:02:05,008 [INFO] Pass: Depth - 0.03123 (ms)
2026-07-02 11:02:05,008 [INFO] Pass: FixedPoint - 0.00525 (ms)
2026-07-02 11:02:05,008 [INFO] Pass: Size - 0.00334 (ms)
2026-07-02 11:02:05,008 [INFO] Pass: FixedPoint - 0.00286 (ms)
2026-07-02 11:02:05,008 [INFO] Pass: RemoveIdentityEquivalent - 0.00596 (ms)
2026-07-02 11:02:05,008 [INFO] Pass: Optimize1qGatesDecomposition - 0.20623 (ms)
2026-07-02 11:02:05,008 [INFO] Pass: CommutativeCancellation - 0.12422 (ms)
2026-07-02 11:02:05,008 [INFO] Pass: ContractIdleWiresInControlFlow - 0.00238 (ms)
2026-07-02 11:02:05,008 [INFO] Pass: GatesInBasis - 0.03338 (ms)
2026-07-02 11:02:05,009 [INFO] Pass: Depth - 0.02456 (ms)
2026-07-02 11:02:05,009 [INFO] Pass: FixedPoint - 0.00381 (ms)
2026-07-02 11:02:05,009 [INFO] Pass: Size - 0.00262 (ms)
2026-07-02 11:02:05,009 [INFO] Pass: FixedPoint - 0.00334 (ms)
2026-07-02 11:02:05,009 [INFO] Pass: ContainsInstruction - 0.00548 (ms)
2026-07-02 11:02:05,009 [INFO] Total Transpile Time - 90.09147 (ms)
2026-07-02 11:02:05,097 [INFO] Pass: ContainsInstruction - 0.01240 (ms)
2026-07-02 11:02:05,097 [INFO] Pass: UnitarySynthesis - 0.00763 (ms)
2026-07-02 11:02:05,097 [INFO] Pass: HighLevelSynthesis - 0.00644 (ms)
2026-07-02 11:02:05,097 [INFO] Pass: BasisTranslator - 0.06986 (ms)
2026-07-02 11:02:05,097 [INFO] Pass: ElidePermutations - 0.00477 (ms)
2026-07-02 11:02:05,097 [INFO] Pass: RemoveDiagonalGatesBeforeMeasure - 0.00715 (ms)
2026-07-02 11:02:05,098 [INFO] Pass: RemoveIdentityEquivalent - 0.01025 (ms)
2026-07-02 11:02:05,098 [INFO] Pass: InverseCancellation - 0.02956 (ms)
2026-07-02 11:02:05,098 [INFO] Pass: ContractIdleWiresInControlFlow - 0.00191 (ms)
2026-07-02 11:02:05,098 [INFO] Pass: CommutativeCancellation - 0.10943 (ms)
2026-07-02 11:02:05,098 [INFO] Pass: ConsolidateBlocks - 0.05054 (ms)
2026-07-02 11:02:05,098 [INFO] Pass: Split2QUnitaries - 0.00334 (ms)
2026-07-02 11:02:05,098 [INFO] Pass: UnitarySynthesis - 0.00548 (ms)
2026-07-02 11:02:05,098 [INFO] Pass: HighLevelSynthesis - 0.03982 (ms)
2026-07-02 11:02:05,098 [INFO] Pass: BasisTranslator - 0.08345 (ms)
2026-07-02 11:02:05,098 [INFO] Pass: ConsolidateBlocks - 0.06008 (ms)
2026-07-02 11:02:05,098 [INFO] Pass: UnitarySynthesis - 0.00525 (ms)
2026-07-02 11:02:05,098 [INFO] Pass: Depth - 0.03242 (ms)
2026-07-02 11:02:05,098 [INFO] Pass: FixedPoint - 0.00501 (ms)
2026-07-02 11:02:05,098 [INFO] Pass: Size - 0.00358 (ms)
2026-07-02 11:02:05,098 [INFO] Pass: FixedPoint - 0.00262 (ms)
2026-07-02 11:02:05,098 [INFO] Pass: RemoveIdentityEquivalent - 0.00715 (ms)
2026-07-02 11:02:05,099 [INFO] Pass: Optimize1qGatesDecomposition - 0.23174 (ms)
2026-07-02 11:02:05,099 [INFO] Pass: CommutativeCancellation - 0.11754 (ms)
2026-07-02 11:02:05,099 [INFO] Pass: ContractIdleWiresInControlFlow - 0.00238 (ms)
2026-07-02 11:02:05,099 [INFO] Pass: GatesInBasis - 0.03505 (ms)
2026-07-02 11:02:05,099 [INFO] Pass: Depth - 0.02670 (ms)
2026-07-02 11:02:05,099 [INFO] Pass: FixedPoint - 0.00381 (ms)
2026-07-02 11:02:05,099 [INFO] Pass: Size - 0.00262 (ms)
2026-07-02 11:02:05,099 [INFO] Pass: FixedPoint - 0.00286 (ms)
2026-07-02 11:02:05,099 [INFO] Pass: RemoveIdentityEquivalent - 0.00620 (ms)
2026-07-02 11:02:05,099 [INFO] Pass: Optimize1qGatesDecomposition - 0.19073 (ms)
2026-07-02 11:02:05,099 [INFO] Pass: CommutativeCancellation - 0.09990 (ms)
2026-07-02 11:02:05,099 [INFO] Pass: ContractIdleWiresInControlFlow - 0.00167 (ms)
2026-07-02 11:02:05,099 [INFO] Pass: GatesInBasis - 0.03457 (ms)
2026-07-02 11:02:05,099 [INFO] Pass: Depth - 0.02313 (ms)
2026-07-02 11:02:05,100 [INFO] Pass: FixedPoint - 0.00334 (ms)
2026-07-02 11:02:05,100 [INFO] Pass: Size - 0.00167 (ms)
2026-07-02 11:02:05,100 [INFO] Pass: FixedPoint - 0.00310 (ms)
2026-07-02 11:02:05,100 [INFO] Pass: ContainsInstruction - 0.00668 (ms)
2026-07-02 11:02:05,100 [INFO] Total Transpile Time - 90.35921 (ms)
2026-07-02 12:30:20,229 [INFO] Pass: ContainsInstruction - 0.01264 (ms)
2026-07-02 12:30:20,229 [INFO] Pass: UnitarySynthesis - 0.00787 (ms)
2026-07-02 12:30:20,229 [INFO] Pass: HighLevelSynthesis - 0.00620 (ms)
2026-07-02 12:30:20,229 [INFO] Pass: BasisTranslator - 0.07200 (ms)
2026-07-02 12:30:20,229 [INFO] Pass: ElidePermutations - 0.00525 (ms)
2026-07-02 12:30:20,229 [INFO] Pass: RemoveDiagonalGatesBeforeMeasure - 0.00834 (ms)
2026-07-02 12:30:20,229 [INFO] Pass: RemoveIdentityEquivalent - 0.00691 (ms)
2026-07-02 12:30:20,229 [INFO] Pass: InverseCancellation - 0.00525 (ms)
2026-07-02 12:30:20,229 [INFO] Pass: ContractIdleWiresInControlFlow - 0.00238 (ms)
2026-07-02 12:30:20,229 [INFO] Pass: CommutativeCancellation - 0.09108 (ms)
2026-07-02 12:30:20,229 [INFO] Pass: ConsolidateBlocks - 0.05960 (ms)
2026-07-02 12:30:20,229 [INFO] Pass: Split2QUnitaries - 0.00358 (ms)
2026-07-02 12:30:20,229 [INFO] Pass: UnitarySynthesis - 0.00501 (ms)
2026-07-02 12:30:20,230 [INFO] Pass: HighLevelSynthesis - 0.03600 (ms)
2026-07-02 12:30:20,230 [INFO] Pass: BasisTranslator - 0.07796 (ms)
2026-07-02 12:30:20,230 [INFO] Pass: ConsolidateBlocks - 0.05555 (ms)
2026-07-02 12:30:20,230 [INFO] Pass: UnitarySynthesis - 0.00429 (ms)
2026-07-02 12:30:20,230 [INFO] Pass: Depth - 0.02551 (ms)
2026-07-02 12:30:20,230 [INFO] Pass: FixedPoint - 0.00596 (ms)
2026-07-02 12:30:20,230 [INFO] Pass: Size - 0.00453 (ms)
2026-07-02 12:30:20,230 [INFO] Pass: FixedPoint - 0.00262 (ms)
2026-07-02 12:30:20,230 [INFO] Pass: RemoveIdentityEquivalent - 0.00358 (ms)
2026-07-02 12:30:20,230 [INFO] Pass: Optimize1qGatesDecomposition - 0.03767 (ms)
2026-07-02 12:30:20,230 [INFO] Pass: CommutativeCancellation - 0.10514 (ms)
2026-07-02 12:30:20,230 [INFO] Pass: ContractIdleWiresInControlFlow - 0.00191 (ms)
2026-07-02 12:30:20,230 [INFO] Pass: GatesInBasis - 0.03314 (ms)
2026-07-02 12:30:20,230 [INFO] Pass: Depth - 0.02146 (ms)
2026-07-02 12:30:20,230 [INFO] Pass: FixedPoint - 0.00381 (ms)
2026-07-02 12:30:20,230 [INFO] Pass: Size - 0.00215 (ms)
2026-07-02 12:30:20,230 [INFO] Pass: FixedPoint - 0.00310 (ms)
2026-07-02 12:30:20,230 [INFO] Pass: ContainsInstruction - 0.00477 (ms)
2026-07-02 12:30:20,231 [INFO] Total Transpile Time - 90.78860 (ms)
2026-07-02 12:30:20,318 [INFO] Pass: ContainsInstruction - 0.01192 (ms)
2026-07-02 12:30:20,318 [INFO] Pass: UnitarySynthesis - 0.00691 (ms)
2026-07-02 12:30:20,318 [INFO] Pass: HighLevelSynthesis - 0.00596 (ms)
2026-07-02 12:30:20,318 [INFO] Pass: BasisTranslator - 0.06676 (ms)
2026-07-02 12:30:20,318 [INFO] Pass: ElidePermutations - 0.00453 (ms)
2026-07-02 12:30:20,318 [INFO] Pass: RemoveDiagonalGatesBeforeMeasure - 0.00668 (ms)
2026-07-02 12:30:20,318 [INFO] Pass: RemoveIdentityEquivalent - 0.00882 (ms)
2026-07-02 12:30:20,318 [INFO] Pass: InverseCancellation - 0.03004 (ms)
2026-07-02 12:30:20,318 [INFO] Pass: ContractIdleWiresInControlFlow - 0.00191 (ms)
2026-07-02 12:30:20,318 [INFO] Pass: CommutativeCancellation - 0.09966 (ms)
2026-07-02 12:30:20,318 [INFO] Pass: ConsolidateBlocks - 0.04768 (ms)
2026-07-02 12:30:20,318 [INFO] Pass: Split2QUnitaries - 0.00358 (ms)
2026-07-02 12:30:20,318 [INFO] Pass: UnitarySynthesis - 0.00501 (ms)
2026-07-02 12:30:20,318 [INFO] Pass: HighLevelSynthesis - 0.03743 (ms)
2026-07-02 12:30:20,318 [INFO] Pass: BasisTranslator - 0.08678 (ms)
2026-07-02 12:30:20,319 [INFO] Pass: ConsolidateBlocks - 0.05817 (ms)
2026-07-02 12:30:20,319 [INFO] Pass: UnitarySynthesis - 0.00501 (ms)
2026-07-02 12:30:20,319 [INFO] Pass: Depth - 0.02933 (ms)
2026-07-02 12:30:20,319 [INFO] Pass: FixedPoint - 0.00429 (ms)
2026-07-02 12:30:20,319 [INFO] Pass: Size - 0.00334 (ms)
2026-07-02 12:30:20,319 [INFO] Pass: FixedPoint - 0.00286 (ms)
2026-07-02 12:30:20,319 [INFO] Pass: RemoveIdentityEquivalent - 0.00572 (ms)
2026-07-02 12:30:20,319 [INFO] Pass: Optimize1qGatesDecomposition - 0.19288 (ms)
2026-07-02 12:30:20,319 [INFO] Pass: CommutativeCancellation - 0.11659 (ms)
2026-07-02 12:30:20,319 [INFO] Pass: ContractIdleWiresInControlFlow - 0.00191 (ms)
2026-07-02 12:30:20,319 [INFO] Pass: GatesInBasis - 0.03242 (ms)
2026-07-02 12:30:20,319 [INFO] Pass: Depth - 0.02289 (ms)
2026-07-02 12:30:20,319 [INFO] Pass: FixedPoint - 0.00381 (ms)
2026-07-02 12:30:20,319 [INFO] Pass: Size - 0.00238 (ms)
2026-07-02 12:30:20,319 [INFO] Pass: FixedPoint - 0.00310 (ms)
2026-07-02 12:30:20,319 [INFO] Pass: ContainsInstruction - 0.00572 (ms)
2026-07-02 12:30:20,320 [INFO] Total Transpile Time - 88.43040 (ms)
2026-07-02 12:30:20,408 [INFO] Pass: ContainsInstruction - 0.01383 (ms)
2026-07-02 12:30:20,408 [INFO] Pass: UnitarySynthesis - 0.00739 (ms)
2026-07-02 12:30:20,408 [INFO] Pass: HighLevelSynthesis - 0.00548 (ms)
2026-07-02 12:30:20,408 [INFO] Pass: BasisTranslator - 0.06938 (ms)
2026-07-02 12:30:20,408 [INFO] Pass: ElidePermutations - 0.00501 (ms)
2026-07-02 12:30:20,408 [INFO] Pass: RemoveDiagonalGatesBeforeMeasure - 0.00715 (ms)
2026-07-02 12:30:20,408 [INFO] Pass: RemoveIdentityEquivalent - 0.01097 (ms)
2026-07-02 12:30:20,408 [INFO] Pass: InverseCancellation - 0.02861 (ms)
2026-07-02 12:30:20,408 [INFO] Pass: ContractIdleWiresInControlFlow - 0.00191 (ms)
2026-07-02 12:30:20,408 [INFO] Pass: CommutativeCancellation - 0.10896 (ms)
2026-07-02 12:30:20,408 [INFO] Pass: ConsolidateBlocks - 0.05150 (ms)
2026-07-02 12:30:20,408 [INFO] Pass: Split2QUnitaries - 0.00334 (ms)
2026-07-02 12:30:20,408 [INFO] Pass: UnitarySynthesis - 0.00572 (ms)
2026-07-02 12:30:20,408 [INFO] Pass: HighLevelSynthesis - 0.04005 (ms)
2026-07-02 12:30:20,409 [INFO] Pass: BasisTranslator - 0.09060 (ms)
2026-07-02 12:30:20,409 [INFO] Pass: ConsolidateBlocks - 0.06676 (ms)
2026-07-02 12:30:20,409 [INFO] Pass: UnitarySynthesis - 0.00572 (ms)
2026-07-02 12:30:20,409 [INFO] Pass: Depth - 0.03433 (ms)
2026-07-02 12:30:20,409 [INFO] Pass: FixedPoint - 0.00548 (ms)
2026-07-02 12:30:20,409 [INFO] Pass: Size - 0.00381 (ms)
2026-07-02 12:30:20,409 [INFO] Pass: FixedPoint - 0.00310 (ms)
2026-07-02 12:30:20,409 [INFO] Pass: RemoveIdentityEquivalent - 0.00739 (ms)
2026-07-02 12:30:20,409 [INFO] Pass: Optimize1qGatesDecomposition - 0.22674 (ms)
2026-07-02 12:30:20,409 [INFO] Pass: CommutativeCancellation - 0.11849 (ms)
2026-07-02 12:30:20,409 [INFO] Pass: ContractIdleWiresInControlFlow - 0.00215 (ms)
2026-07-02 12:30:20,409 [INFO] Pass: GatesInBasis - 0.03290 (ms)
2026-07-02 12:30:20,409 [INFO] Pass: Depth - 0.02646 (ms)
2026-07-02 12:30:20,409 [INFO] Pass: FixedPoint - 0.00334 (ms)
2026-07-02 12:30:20,409 [INFO] Pass: Size - 0.00834 (ms)
2026-07-02 12:30:20,409 [INFO] Pass: FixedPoint - 0.00286 (ms)
2026-07-02 12:30:20,409 [INFO] Pass: RemoveIdentityEquivalent - 0.00572 (ms)
2026-07-02 12:30:20,410 [INFO] Pass: Optimize1qGatesDecomposition - 0.19264 (ms)
2026-07-02 12:30:20,410 [INFO] Pass: CommutativeCancellation - 0.10204 (ms)
2026-07-02 12:30:20,410 [INFO] Pass: ContractIdleWiresInControlFlow - 0.00191 (ms)
2026-07-02 12:30:20,410 [INFO] Pass: GatesInBasis - 0.03052 (ms)
2026-07-02 12:30:20,410 [INFO] Pass: Depth - 0.02432 (ms)
2026-07-02 12:30:20,410 [INFO] Pass: FixedPoint - 0.00334 (ms)
2026-07-02 12:30:20,410 [INFO] Pass: Size - 0.00238 (ms)
2026-07-02 12:30:20,410 [INFO] Pass: FixedPoint - 0.00286 (ms)
2026-07-02 12:30:20,410 [INFO] Pass: ContainsInstruction - 0.00596 (ms)
2026-07-02 12:30:20,411 [INFO] Total Transpile Time - 90.33370 (ms)
slurmstepd-c7-3: error: *** JOB 512340 ON c7-3 CANCELLED AT 2026-07-02T13:55:39 ***
