slurmstepd: info: Setting TMPDIR to /scratch/513469. Previous errors about TMPDIR can be discarded
==============================
RUN_ID: 20260708-090056
Array ID: 5
num_nodes: 125
num_instances: 100
optimizer: DIFFERENTIALEVOLUTION
cpus_per_task: 16
sim_device: CPU
sim_method: matrix_product_state
==============================

==============================
num_nodes    = 125
num_instances= 100
k            = 2
optimizer    = DIFFERENTIALEVOLUTION
maxiter      = 25
outdir       = Resultados/PCE/20260708-090056
shots        = exacto (statevector)
==============================


✔ n=125 beta=0.7578 ± 0.0099 (PASSED) shots=exact
✔ Resultado guardado en: Resultados/PCE/20260708-090056/n_125.h5
Fecha fin: Thu Jul  9 10:01:54 CEST 2026

*****************************************************************************
*                                                                           *
*                    JOB EFFICIENCY REPORT (seff 513469)                   *
*                                                                           *
*****************************************************************************

Job ID: 513469
Array Job ID: 513463_5
Cluster: qmio
User/Group: tec_app6/cesga
State: COMPLETED (exit code 0)
Nodes: 1
Cores per node: 16
CPU Utilized: 2-23:39:13
CPU Efficiency: 17.96% of 16-15:02:56 core-walltime
Job Wall-clock time: 1-00:56:26
Memory Utilized: 592.38 MB
Memory Efficiency: 3.62% of 16.00 GB

 +++++++++++++++++++++++++++++++++++++++++++++++++++++++++++++++++++++++++++
 ++   Memory Efficiency is too small. Please review the requested memory. ++
 ++ It seems that you do not need that much memory so we recommend        ++
 ++ requesting less memory in other similar jobs.                         ++
 +++++++++++++++++++++++++++++++++++++++++++++++++++++++++++++++++++++++++++
 
*****************************************************************************

