slurmstepd: info: Setting TMPDIR to /scratch/513464. Previous errors about TMPDIR can be discarded
==============================
RUN_ID: 20260708-090056
Array ID: 0
num_nodes: 10
num_instances: 100
optimizer: DIFFERENTIALEVOLUTION
cpus_per_task: 16
sim_device: CPU
sim_method: matrix_product_state
==============================

==============================
num_nodes    = 10
num_instances= 100
k            = 2
optimizer    = DIFFERENTIALEVOLUTION
maxiter      = 25
outdir       = Resultados/PCE/20260708-090056
shots        = exacto (statevector)
==============================


✔ n=10 beta=0.8723 ± 0.0326 (PASSED) shots=exact
✔ Resultado guardado en: Resultados/PCE/20260708-090056/n_10.h5
Fecha fin: Wed Jul  8 09:08:38 CEST 2026

*****************************************************************************
*                                                                           *
*                    JOB EFFICIENCY REPORT (seff 513464)                   *
*                                                                           *
*****************************************************************************

Job ID: 513464
Array Job ID: 513463_0
Cluster: qmio
User/Group: tec_app6/cesga
State: COMPLETED (exit code 0)
Nodes: 1
Cores per node: 16
CPU Utilized: 00:07:44
CPU Efficiency: 6.28% of 02:03:12 core-walltime
Job Wall-clock time: 00:07:42
Memory Utilized: 149.42 MB
Memory Efficiency: 0.91% of 16.00 GB

 +++++++++++++++++++++++++++++++++++++++++++++++++++++++++++++++++++++++++++
 ++   Memory Efficiency is too small. Please review the requested memory. ++
 ++ It seems that you do not need that much memory so we recommend        ++
 ++ requesting less memory in other similar jobs.                         ++
 +++++++++++++++++++++++++++++++++++++++++++++++++++++++++++++++++++++++++++
 
*****************************************************************************

