gcc/system unloaded
gcccore/system unloaded
cesga/2022 unloaded
rust/1.75.0 unloaded
imkl/2022.0.1 unloaded
numpy/1.26.4 unloaded
scipy/1.13.1 unloaded
flint/2.8.4 unloaded
symengine/0.11.1 unloaded
symengine-python/0.11.0 unloaded
spdlog/1.9.2 unloaded
pylatexenc/2.10 unloaded
qiskit/1.2.4-aer-gpu-cu11 unloaded
        Preparing the environment for use of the CESGA 2022 software stack.
        Please rebuild modules cache: module --ignore-cache avail
     
cesga/2022 loaded
rust/1.75.0 loaded

imkl/2023.2.0 loaded
numpy/1.26.4 loaded
scipy/1.13.1 loaded
imkl/2023.2.0 unloaded

imkl/2022.0.1 loaded
flint/2.8.4 loaded
symengine/0.11.1 loaded
symengine-python/0.11.0 loaded
spdlog/1.9.2 loaded
pylatexenc/2.10 loaded
gcccore/system loaded
gcc/system loaded
qiskit/1.2.4-aer-gpu-cu11 loaded
2026-07-13 15:01:38,305 [INFO] [PCE] n=225 chunk 5/7: 14 instancias [4, 11, 18, 25, 32, 39, 46, 53, 60, 67, 74, 81, 88, 95], num_workers=14, qubits=9
2026-07-13 15:01:38,305 [INFO] [PCE] n=225 paralelizando 14 instancias entre 14 workers (max_parallel_threads=1 fijo, independiente de num_workers)
2026-07-13 15:01:38,449 [INFO] Pass: ContainsInstruction - 0.01836 (ms)
2026-07-13 15:01:38,449 [INFO] Pass: InverseCancellation - 0.01812 (ms)
2026-07-13 15:01:38,449 [INFO] Pass: UnitarySynthesis - 0.00596 (ms)
2026-07-13 15:01:38,450 [INFO] Pass: ContainsInstruction - 0.01693 (ms)
2026-07-13 15:01:38,450 [INFO] Pass: InverseCancellation - 0.01669 (ms)
2026-07-13 15:01:38,450 [INFO] Pass: UnitarySynthesis - 0.00596 (ms)
2026-07-13 15:01:38,451 [INFO] Pass: ContainsInstruction - 0.01717 (ms)
2026-07-13 15:01:38,451 [INFO] Pass: HighLevelSynthesis - 1.56808 (ms)
2026-07-13 15:01:38,451 [INFO] Pass: InverseCancellation - 0.01740 (ms)
2026-07-13 15:01:38,451 [INFO] Pass: UnitarySynthesis - 0.00548 (ms)
2026-07-13 15:01:38,452 [INFO] Pass: HighLevelSynthesis - 1.55544 (ms)
2026-07-13 15:01:38,452 [INFO] Pass: BasisTranslator - 0.85688 (ms)
2026-07-13 15:01:38,452 [INFO] Pass: Depth - 0.20099 (ms)
2026-07-13 15:01:38,452 [INFO] Pass: FixedPoint - 0.01264 (ms)
2026-07-13 15:01:38,452 [INFO] Pass: Size - 0.06080 (ms)
2026-07-13 15:01:38,452 [INFO] Pass: FixedPoint - 0.00477 (ms)
2026-07-13 15:01:38,452 [INFO] Pass: Optimize1qGatesDecomposition - 0.15473 (ms)
2026-07-13 15:01:38,453 [INFO] Pass: InverseCancellation - 0.00811 (ms)
2026-07-13 15:01:38,453 [INFO] Pass: BasisTranslator - 0.83828 (ms)
2026-07-13 15:01:38,453 [INFO] Pass: HighLevelSynthesis - 1.54591 (ms)
2026-07-13 15:01:38,453 [INFO] Pass: Depth - 0.19503 (ms)
2026-07-13 15:01:38,453 [INFO] Pass: FixedPoint - 0.01526 (ms)
2026-07-13 15:01:38,453 [INFO] Pass: Size - 0.06127 (ms)
2026-07-13 15:01:38,453 [INFO] Pass: FixedPoint - 0.00477 (ms)
2026-07-13 15:01:38,453 [INFO] Pass: Optimize1qGatesDecomposition - 0.14210 (ms)
2026-07-13 15:01:38,453 [INFO] Pass: InverseCancellation - 0.00763 (ms)
2026-07-13 15:01:38,453 [INFO] Pass: GatesInBasis - 0.83089 (ms)
2026-07-13 15:01:38,454 [INFO] Pass: BasisTranslator - 0.80156 (ms)
2026-07-13 15:01:38,454 [INFO] Pass: Depth - 0.15950 (ms)
2026-07-13 15:01:38,454 [INFO] Pass: FixedPoint - 0.00477 (ms)
2026-07-13 15:01:38,454 [INFO] Pass: Size - 0.05770 (ms)
2026-07-13 15:01:38,454 [INFO] Pass: FixedPoint - 0.00405 (ms)
2026-07-13 15:01:38,454 [INFO] Pass: Depth - 0.20099 (ms)
2026-07-13 15:01:38,454 [INFO] Pass: ContainsInstruction - 0.00501 (ms)
2026-07-13 15:01:38,454 [INFO] Pass: FixedPoint - 0.01335 (ms)
2026-07-13 15:01:38,454 [INFO] Pass: Size - 0.06247 (ms)
2026-07-13 15:01:38,454 [INFO] Pass: FixedPoint - 0.00453 (ms)
2026-07-13 15:01:38,454 [INFO] Pass: GatesInBasis - 0.83280 (ms)
2026-07-13 15:01:38,454 [INFO] Pass: Optimize1qGatesDecomposition - 0.14210 (ms)
2026-07-13 15:01:38,454 [INFO] Pass: InverseCancellation - 0.01025 (ms)
2026-07-13 15:01:38,454 [INFO] Pass: Depth - 0.15759 (ms)
2026-07-13 15:01:38,454 [INFO] Pass: FixedPoint - 0.00525 (ms)
2026-07-13 15:01:38,454 [INFO] Pass: Size - 0.05698 (ms)
2026-07-13 15:01:38,454 [INFO] Pass: FixedPoint - 0.00429 (ms)
2026-07-13 15:01:38,454 [INFO] Pass: ContainsInstruction - 0.01955 (ms)
2026-07-13 15:01:38,454 [INFO] Pass: ContainsInstruction - 0.00453 (ms)
2026-07-13 15:01:38,455 [INFO] Pass: InverseCancellation - 0.01764 (ms)
2026-07-13 15:01:38,455 [INFO] Pass: UnitarySynthesis - 0.00548 (ms)
2026-07-13 15:01:38,455 [INFO] Pass: GatesInBasis - 0.86594 (ms)
2026-07-13 15:01:38,455 [INFO] Total Transpile Time - 85.37531 (ms)
2026-07-13 15:01:38,455 [INFO] Pass: Depth - 0.15950 (ms)
2026-07-13 15:01:38,455 [INFO] Pass: FixedPoint - 0.00501 (ms)
2026-07-13 15:01:38,455 [INFO] Pass: Size - 0.05722 (ms)
2026-07-13 15:01:38,455 [INFO] Pass: FixedPoint - 0.00429 (ms)
2026-07-13 15:01:38,455 [INFO] Pass: ContainsInstruction - 0.00453 (ms)
2026-07-13 15:01:38,456 [INFO] Total Transpile Time - 83.04119 (ms)
2026-07-13 15:01:38,456 [INFO] Pass: HighLevelSynthesis - 1.56593 (ms)
2026-07-13 15:01:38,457 [INFO] Total Transpile Time - 82.80134 (ms)
2026-07-13 15:01:38,457 [INFO] Pass: BasisTranslator - 0.85521 (ms)
2026-07-13 15:01:38,457 [INFO] Pass: Depth - 0.20099 (ms)
2026-07-13 15:01:38,457 [INFO] Pass: FixedPoint - 0.01287 (ms)
2026-07-13 15:01:38,457 [INFO] Pass: Size - 0.06080 (ms)
2026-07-13 15:01:38,458 [INFO] Pass: FixedPoint - 0.00477 (ms)
2026-07-13 15:01:38,458 [INFO] Pass: Optimize1qGatesDecomposition - 0.14520 (ms)
2026-07-13 15:01:38,458 [INFO] Pass: InverseCancellation - 0.00834 (ms)
2026-07-13 15:01:38,458 [INFO] Pass: ContainsInstruction - 0.01717 (ms)
2026-07-13 15:01:38,458 [INFO] Pass: InverseCancellation - 0.01645 (ms)
2026-07-13 15:01:38,458 [INFO] Pass: UnitarySynthesis - 0.00572 (ms)
2026-07-13 15:01:38,459 [INFO] Pass: GatesInBasis - 0.80156 (ms)
2026-07-13 15:01:38,459 [INFO] Pass: Depth - 0.15783 (ms)
2026-07-13 15:01:38,459 [INFO] Pass: FixedPoint - 0.00525 (ms)
2026-07-13 15:01:38,459 [INFO] Pass: Size - 0.05698 (ms)
2026-07-13 15:01:38,459 [INFO] Pass: FixedPoint - 0.00381 (ms)
2026-07-13 15:01:38,459 [INFO] Pass: ContainsInstruction - 0.00501 (ms)
2026-07-13 15:01:38,460 [INFO] Pass: HighLevelSynthesis - 1.58620 (ms)
2026-07-13 15:01:38,460 [INFO] Total Transpile Time - 82.66711 (ms)
2026-07-13 15:01:38,461 [INFO] Pass: BasisTranslator - 0.83852 (ms)
2026-07-13 15:01:38,461 [INFO] Pass: Depth - 0.19717 (ms)
2026-07-13 15:01:38,461 [INFO] Pass: FixedPoint - 0.01240 (ms)
2026-07-13 15:01:38,461 [INFO] Pass: Size - 0.06056 (ms)
2026-07-13 15:01:38,461 [INFO] Pass: FixedPoint - 0.00453 (ms)
2026-07-13 15:01:38,461 [INFO] Pass: Optimize1qGatesDecomposition - 0.14758 (ms)
2026-07-13 15:01:38,461 [INFO] Pass: InverseCancellation - 0.00811 (ms)
2026-07-13 15:01:38,461 [INFO] Pass: ContainsInstruction - 0.01621 (ms)
2026-07-13 15:01:38,462 [INFO] Pass: InverseCancellation - 0.01621 (ms)
2026-07-13 15:01:38,462 [INFO] Pass: UnitarySynthesis - 0.00548 (ms)
2026-07-13 15:01:38,462 [INFO] Pass: GatesInBasis - 0.83399 (ms)
2026-07-13 15:01:38,462 [INFO] Pass: Depth - 0.16642 (ms)
2026-07-13 15:01:38,462 [INFO] Pass: FixedPoint - 0.00501 (ms)
2026-07-13 15:01:38,463 [INFO] Pass: Size - 0.05746 (ms)
2026-07-13 15:01:38,463 [INFO] Pass: FixedPoint - 0.00405 (ms)
2026-07-13 15:01:38,463 [INFO] Pass: ContainsInstruction - 0.00477 (ms)
2026-07-13 15:01:38,463 [INFO] Pass: HighLevelSynthesis - 1.54567 (ms)
2026-07-13 15:01:38,464 [INFO] Total Transpile Time - 82.22580 (ms)
2026-07-13 15:01:38,464 [INFO] Pass: BasisTranslator - 0.83590 (ms)
2026-07-13 15:01:38,464 [INFO] Pass: Depth - 0.20313 (ms)
2026-07-13 15:01:38,464 [INFO] Pass: FixedPoint - 0.01192 (ms)
2026-07-13 15:01:38,465 [INFO] Pass: Size - 0.05984 (ms)
2026-07-13 15:01:38,465 [INFO] Pass: FixedPoint - 0.00453 (ms)
2026-07-13 15:01:38,465 [INFO] Pass: Optimize1qGatesDecomposition - 0.14043 (ms)
2026-07-13 15:01:38,465 [INFO] Pass: InverseCancellation - 0.00834 (ms)
2026-07-13 15:01:38,466 [INFO] Pass: GatesInBasis - 0.83923 (ms)
2026-07-13 15:01:38,466 [INFO] Pass: Depth - 0.15879 (ms)
2026-07-13 15:01:38,466 [INFO] Pass: FixedPoint - 0.00477 (ms)
2026-07-13 15:01:38,466 [INFO] Pass: Size - 0.05770 (ms)
2026-07-13 15:01:38,466 [INFO] Pass: FixedPoint - 0.00405 (ms)
2026-07-13 15:01:38,466 [INFO] Pass: ContainsInstruction - 0.00453 (ms)
2026-07-13 15:01:38,467 [INFO] Pass: ContainsInstruction - 0.01526 (ms)
2026-07-13 15:01:38,467 [INFO] Pass: InverseCancellation - 0.01645 (ms)
2026-07-13 15:01:38,467 [INFO] Pass: UnitarySynthesis - 0.00572 (ms)
2026-07-13 15:01:38,467 [INFO] Total Transpile Time - 81.76374 (ms)
2026-07-13 15:01:38,469 [INFO] Pass: HighLevelSynthesis - 1.55830 (ms)
2026-07-13 15:01:38,469 [INFO] Pass: BasisTranslator - 0.83327 (ms)
2026-07-13 15:01:38,470 [INFO] Pass: Depth - 0.19908 (ms)
2026-07-13 15:01:38,470 [INFO] Pass: FixedPoint - 0.01168 (ms)
2026-07-13 15:01:38,470 [INFO] Pass: ContainsInstruction - 0.01693 (ms)
2026-07-13 15:01:38,470 [INFO] Pass: Size - 0.06104 (ms)
2026-07-13 15:01:38,470 [INFO] Pass: FixedPoint - 0.00453 (ms)
2026-07-13 15:01:38,470 [INFO] Pass: InverseCancellation - 0.01478 (ms)
2026-07-13 15:01:38,470 [INFO] Pass: UnitarySynthesis - 0.00572 (ms)
2026-07-13 15:01:38,470 [INFO] Pass: Optimize1qGatesDecomposition - 0.14472 (ms)
2026-07-13 15:01:38,470 [INFO] Pass: InverseCancellation - 0.00834 (ms)
2026-07-13 15:01:38,471 [INFO] Pass: GatesInBasis - 0.84066 (ms)
2026-07-13 15:01:38,471 [INFO] Pass: Depth - 0.15831 (ms)
2026-07-13 15:01:38,471 [INFO] Pass: FixedPoint - 0.00525 (ms)
2026-07-13 15:01:38,471 [INFO] Pass: Size - 0.05770 (ms)
2026-07-13 15:01:38,471 [INFO] Pass: FixedPoint - 0.00429 (ms)
2026-07-13 15:01:38,471 [INFO] Pass: ContainsInstruction - 0.00453 (ms)
2026-07-13 15:01:38,472 [INFO] Pass: HighLevelSynthesis - 1.57475 (ms)
2026-07-13 15:01:38,473 [INFO] Pass: BasisTranslator - 0.84925 (ms)
2026-07-13 15:01:38,473 [INFO] Pass: Depth - 0.19765 (ms)
2026-07-13 15:01:38,473 [INFO] Total Transpile Time - 82.64065 (ms)
2026-07-13 15:01:38,473 [INFO] Pass: FixedPoint - 0.01359 (ms)
2026-07-13 15:01:38,473 [INFO] Pass: Size - 0.06056 (ms)
2026-07-13 15:01:38,473 [INFO] Pass: FixedPoint - 0.00429 (ms)
2026-07-13 15:01:38,473 [INFO] Pass: Optimize1qGatesDecomposition - 0.14496 (ms)
2026-07-13 15:01:38,473 [INFO] Pass: InverseCancellation - 0.00763 (ms)
2026-07-13 15:01:38,474 [INFO] Pass: GatesInBasis - 0.83685 (ms)
2026-07-13 15:01:38,474 [INFO] Pass: Depth - 0.16475 (ms)
2026-07-13 15:01:38,474 [INFO] Pass: FixedPoint - 0.00548 (ms)
2026-07-13 15:01:38,474 [INFO] Pass: Size - 0.05651 (ms)
2026-07-13 15:01:38,474 [INFO] Pass: FixedPoint - 0.00405 (ms)
2026-07-13 15:01:38,475 [INFO] Pass: ContainsInstruction - 0.00453 (ms)
2026-07-13 15:01:38,475 [INFO] Pass: ContainsInstruction - 0.01717 (ms)
2026-07-13 15:01:38,475 [INFO] Pass: InverseCancellation - 0.01669 (ms)
2026-07-13 15:01:38,475 [INFO] Pass: UnitarySynthesis - 0.00572 (ms)
2026-07-13 15:01:38,476 [INFO] Total Transpile Time - 81.57635 (ms)
2026-07-13 15:01:38,476 [INFO] Pass: HighLevelSynthesis - 1.56283 (ms)
2026-07-13 15:01:38,477 [INFO] Pass: BasisTranslator - 0.78344 (ms)
2026-07-13 15:01:38,478 [INFO] Pass: Depth - 0.20266 (ms)
2026-07-13 15:01:38,478 [INFO] Pass: FixedPoint - 0.01216 (ms)
2026-07-13 15:01:38,478 [INFO] Pass: Size - 0.06223 (ms)
2026-07-13 15:01:38,478 [INFO] Pass: FixedPoint - 0.00453 (ms)
2026-07-13 15:01:38,478 [INFO] Pass: Optimize1qGatesDecomposition - 0.14329 (ms)
2026-07-13 15:01:38,478 [INFO] Pass: InverseCancellation - 0.00811 (ms)
2026-07-13 15:01:38,479 [INFO] Pass: GatesInBasis - 0.84257 (ms)
2026-07-13 15:01:38,479 [INFO] Pass: Depth - 0.15998 (ms)
2026-07-13 15:01:38,479 [INFO] Pass: FixedPoint - 0.00501 (ms)
2026-07-13 15:01:38,479 [INFO] Pass: Size - 0.05722 (ms)
2026-07-13 15:01:38,479 [INFO] Pass: FixedPoint - 0.00405 (ms)
2026-07-13 15:01:38,479 [INFO] Pass: ContainsInstruction - 0.00453 (ms)
2026-07-13 15:01:38,479 [INFO] Pass: ContainsInstruction - 0.01955 (ms)
2026-07-13 15:01:38,479 [INFO] Pass: InverseCancellation - 0.01526 (ms)
2026-07-13 15:01:38,480 [INFO] Pass: UnitarySynthesis - 0.00525 (ms)
2026-07-13 15:01:38,481 [INFO] Total Transpile Time - 82.48734 (ms)
2026-07-13 15:01:38,481 [INFO] Pass: HighLevelSynthesis - 1.53446 (ms)
2026-07-13 15:01:38,482 [INFO] Pass: BasisTranslator - 0.78487 (ms)
2026-07-13 15:01:38,482 [INFO] Pass: Depth - 0.19813 (ms)
2026-07-13 15:01:38,482 [INFO] Pass: FixedPoint - 0.01144 (ms)
2026-07-13 15:01:38,482 [INFO] Pass: Size - 0.06938 (ms)
2026-07-13 15:01:38,482 [INFO] Pass: FixedPoint - 0.00453 (ms)
2026-07-13 15:01:38,483 [INFO] Pass: Optimize1qGatesDecomposition - 0.14114 (ms)
2026-07-13 15:01:38,483 [INFO] Pass: InverseCancellation - 0.00834 (ms)
2026-07-13 15:01:38,483 [INFO] Pass: ContainsInstruction - 0.01669 (ms)
2026-07-13 15:01:38,483 [INFO] Pass: InverseCancellation - 0.01526 (ms)
2026-07-13 15:01:38,483 [INFO] Pass: UnitarySynthesis - 0.00548 (ms)
2026-07-13 15:01:38,484 [INFO] Pass: GatesInBasis - 0.87643 (ms)
2026-07-13 15:01:38,484 [INFO] Pass: Depth - 0.15903 (ms)
2026-07-13 15:01:38,484 [INFO] Pass: FixedPoint - 0.00501 (ms)
2026-07-13 15:01:38,484 [INFO] Pass: Size - 0.05746 (ms)
2026-07-13 15:01:38,484 [INFO] Pass: FixedPoint - 0.00405 (ms)
2026-07-13 15:01:38,484 [INFO] Pass: ContainsInstruction - 0.00477 (ms)
2026-07-13 15:01:38,485 [INFO] Pass: HighLevelSynthesis - 1.56975 (ms)
2026-07-13 15:01:38,485 [INFO] Total Transpile Time - 82.75199 (ms)
2026-07-13 15:01:38,485 [INFO] Pass: BasisTranslator - 0.83709 (ms)
2026-07-13 15:01:38,486 [INFO] Pass: Depth - 0.19741 (ms)
2026-07-13 15:01:38,486 [INFO] Pass: FixedPoint - 0.01121 (ms)
2026-07-13 15:01:38,486 [INFO] Pass: Size - 0.05984 (ms)
2026-07-13 15:01:38,486 [INFO] Pass: FixedPoint - 0.00429 (ms)
2026-07-13 15:01:38,486 [INFO] Pass: Optimize1qGatesDecomposition - 0.14186 (ms)
2026-07-13 15:01:38,486 [INFO] Pass: InverseCancellation - 0.00811 (ms)
2026-07-13 15:01:38,487 [INFO] Pass: GatesInBasis - 0.83876 (ms)
2026-07-13 15:01:38,487 [INFO] Pass: Depth - 0.15807 (ms)
2026-07-13 15:01:38,487 [INFO] Pass: FixedPoint - 0.00525 (ms)
2026-07-13 15:01:38,487 [INFO] Pass: Size - 0.05698 (ms)
2026-07-13 15:01:38,487 [INFO] Pass: FixedPoint - 0.00954 (ms)
2026-07-13 15:01:38,487 [INFO] Pass: ContainsInstruction - 0.00477 (ms)
2026-07-13 15:01:38,488 [INFO] Pass: ContainsInstruction - 0.01764 (ms)
2026-07-13 15:01:38,488 [INFO] Pass: InverseCancellation - 0.01478 (ms)
2026-07-13 15:01:38,488 [INFO] Pass: UnitarySynthesis - 0.00525 (ms)
2026-07-13 15:01:38,489 [INFO] Total Transpile Time - 82.06439 (ms)
2026-07-13 15:01:38,490 [INFO] Pass: HighLevelSynthesis - 1.54948 (ms)
2026-07-13 15:01:38,491 [INFO] Pass: BasisTranslator - 0.85282 (ms)
2026-07-13 15:01:38,491 [INFO] Pass: Depth - 0.19789 (ms)
2026-07-13 15:01:38,491 [INFO] Pass: FixedPoint - 0.01121 (ms)
2026-07-13 15:01:38,491 [INFO] Pass: Size - 0.05937 (ms)
2026-07-13 15:01:38,491 [INFO] Pass: FixedPoint - 0.00453 (ms)
2026-07-13 15:01:38,491 [INFO] Pass: Optimize1qGatesDecomposition - 0.14353 (ms)
2026-07-13 15:01:38,491 [INFO] Pass: InverseCancellation - 0.00763 (ms)
2026-07-13 15:01:38,492 [INFO] Pass: GatesInBasis - 0.82898 (ms)
2026-07-13 15:01:38,492 [INFO] Pass: Depth - 0.16618 (ms)
2026-07-13 15:01:38,492 [INFO] Pass: FixedPoint - 0.00548 (ms)
2026-07-13 15:01:38,492 [INFO] Pass: Size - 0.05698 (ms)
2026-07-13 15:01:38,493 [INFO] Pass: FixedPoint - 0.00405 (ms)
2026-07-13 15:01:38,493 [INFO] Pass: ContainsInstruction - 0.00477 (ms)
2026-07-13 15:01:38,493 [INFO] Pass: ContainsInstruction - 0.01526 (ms)
2026-07-13 15:01:38,493 [INFO] Pass: InverseCancellation - 0.01621 (ms)
2026-07-13 15:01:38,493 [INFO] Pass: UnitarySynthesis - 0.00501 (ms)
2026-07-13 15:01:38,494 [INFO] Total Transpile Time - 82.59606 (ms)
2026-07-13 15:01:38,494 [INFO] Pass: HighLevelSynthesis - 1.54901 (ms)
2026-07-13 15:01:38,495 [INFO] Pass: BasisTranslator - 0.83971 (ms)
2026-07-13 15:01:38,496 [INFO] Pass: Depth - 0.19407 (ms)
2026-07-13 15:01:38,496 [INFO] Pass: FixedPoint - 0.01216 (ms)
2026-07-13 15:01:38,496 [INFO] Pass: Size - 0.06080 (ms)
2026-07-13 15:01:38,496 [INFO] Pass: FixedPoint - 0.00453 (ms)
2026-07-13 15:01:38,496 [INFO] Pass: Optimize1qGatesDecomposition - 0.14663 (ms)
2026-07-13 15:01:38,496 [INFO] Pass: InverseCancellation - 0.00787 (ms)
2026-07-13 15:01:38,497 [INFO] Pass: GatesInBasis - 0.80895 (ms)
2026-07-13 15:01:38,497 [INFO] Pass: Depth - 0.15759 (ms)
2026-07-13 15:01:38,497 [INFO] Pass: FixedPoint - 0.00548 (ms)
2026-07-13 15:01:38,497 [INFO] Pass: Size - 0.05674 (ms)
2026-07-13 15:01:38,497 [INFO] Pass: FixedPoint - 0.00405 (ms)
2026-07-13 15:01:38,497 [INFO] Pass: ContainsInstruction - 0.00477 (ms)
2026-07-13 15:01:38,499 [INFO] Total Transpile Time - 82.45516 (ms)
2026-07-13 15:01:38,500 [INFO] Pass: ContainsInstruction - 0.02098 (ms)
2026-07-13 15:01:38,501 [INFO] Pass: InverseCancellation - 0.02003 (ms)
2026-07-13 15:01:38,501 [INFO] Pass: UnitarySynthesis - 0.00715 (ms)
2026-07-13 15:01:38,502 [INFO] Pass: HighLevelSynthesis - 1.60623 (ms)
2026-07-13 15:01:38,503 [INFO] Pass: BasisTranslator - 0.80776 (ms)
2026-07-13 15:01:38,504 [INFO] Pass: Depth - 0.22316 (ms)
2026-07-13 15:01:38,504 [INFO] Pass: FixedPoint - 0.01431 (ms)
2026-07-13 15:01:38,504 [INFO] Pass: Size - 0.06509 (ms)
2026-07-13 15:01:38,504 [INFO] Pass: FixedPoint - 0.00477 (ms)
2026-07-13 15:01:38,504 [INFO] Pass: Optimize1qGatesDecomposition - 0.15306 (ms)
2026-07-13 15:01:38,504 [INFO] Pass: InverseCancellation - 0.01025 (ms)
2026-07-13 15:01:38,505 [INFO] Pass: GatesInBasis - 0.85664 (ms)
2026-07-13 15:01:38,505 [INFO] Pass: Depth - 0.16212 (ms)
2026-07-13 15:01:38,505 [INFO] Pass: FixedPoint - 0.00572 (ms)
2026-07-13 15:01:38,505 [INFO] Pass: Size - 0.05746 (ms)
2026-07-13 15:01:38,505 [INFO] Pass: FixedPoint - 0.00405 (ms)
2026-07-13 15:01:38,505 [INFO] Pass: ContainsInstruction - 0.00572 (ms)
2026-07-13 15:01:38,507 [INFO] Total Transpile Time - 84.19037 (ms)
2026-07-13 15:01:38,513 [INFO] Pass: ContainsInstruction - 0.00858 (ms)
2026-07-13 15:01:38,513 [INFO] Pass: InverseCancellation - 0.17285 (ms)
2026-07-13 15:01:38,513 [INFO] Pass: UnitarySynthesis - 0.00453 (ms)
2026-07-13 15:01:38,514 [INFO] Pass: ContainsInstruction - 0.00811 (ms)
2026-07-13 15:01:38,514 [INFO] Pass: InverseCancellation - 0.17023 (ms)
2026-07-13 15:01:38,514 [INFO] Pass: UnitarySynthesis - 0.00501 (ms)
2026-07-13 15:01:38,514 [INFO] Pass: ContainsInstruction - 0.00858 (ms)
2026-07-13 15:01:38,515 [INFO] Pass: InverseCancellation - 0.16999 (ms)
2026-07-13 15:01:38,515 [INFO] Pass: HighLevelSynthesis - 1.47247 (ms)
2026-07-13 15:01:38,515 [INFO] Pass: UnitarySynthesis - 0.00501 (ms)
2026-07-13 15:01:38,515 [INFO] Pass: BasisTranslator - 0.79632 (ms)
2026-07-13 15:01:38,516 [INFO] Pass: HighLevelSynthesis - 1.50061 (ms)
2026-07-13 15:01:38,516 [INFO] Pass: Depth - 0.17500 (ms)
2026-07-13 15:01:38,516 [INFO] Pass: FixedPoint - 0.00763 (ms)
2026-07-13 15:01:38,516 [INFO] Pass: Size - 0.06056 (ms)
2026-07-13 15:01:38,516 [INFO] Pass: FixedPoint - 0.00429 (ms)
2026-07-13 15:01:38,516 [INFO] Pass: HighLevelSynthesis - 1.46699 (ms)
2026-07-13 15:01:38,516 [INFO] Pass: BasisTranslator - 0.80729 (ms)
2026-07-13 15:01:38,517 [INFO] Pass: Depth - 0.17619 (ms)
2026-07-13 15:01:38,517 [INFO] Pass: Optimize1qGatesDecomposition - 0.81134 (ms)
2026-07-13 15:01:38,517 [INFO] Pass: FixedPoint - 0.00739 (ms)
2026-07-13 15:01:38,517 [INFO] Pass: Size - 0.06056 (ms)
2026-07-13 15:01:38,517 [INFO] Pass: FixedPoint - 0.00429 (ms)
2026-07-13 15:01:38,517 [INFO] Pass: InverseCancellation - 0.15116 (ms)
2026-07-13 15:01:38,517 [INFO] Pass: BasisTranslator - 1.24264 (ms)
2026-07-13 15:01:38,518 [INFO] Pass: Depth - 0.17595 (ms)
2026-07-13 15:01:38,518 [INFO] Pass: Optimize1qGatesDecomposition - 0.79131 (ms)
2026-07-13 15:01:38,518 [INFO] Pass: FixedPoint - 0.00811 (ms)
2026-07-13 15:01:38,518 [INFO] Pass: GatesInBasis - 0.83494 (ms)
2026-07-13 15:01:38,518 [INFO] Pass: Size - 0.06056 (ms)
2026-07-13 15:01:38,518 [INFO] Pass: FixedPoint - 0.00453 (ms)
2026-07-13 15:01:38,518 [INFO] Pass: InverseCancellation - 0.15092 (ms)
2026-07-13 15:01:38,518 [INFO] Pass: Depth - 0.16403 (ms)
2026-07-13 15:01:38,518 [INFO] Pass: FixedPoint - 0.00596 (ms)
2026-07-13 15:01:38,518 [INFO] Pass: Size - 0.05865 (ms)
2026-07-13 15:01:38,518 [INFO] Pass: FixedPoint - 0.00429 (ms)
2026-07-13 15:01:38,518 [INFO] Pass: ContainsInstruction - 0.00453 (ms)
2026-07-13 15:01:38,519 [INFO] Pass: ContainsInstruction - 0.00906 (ms)
2026-07-13 15:01:38,519 [INFO] Pass: Optimize1qGatesDecomposition - 0.79441 (ms)
2026-07-13 15:01:38,519 [INFO] Pass: GatesInBasis - 0.81873 (ms)
2026-07-13 15:01:38,519 [INFO] Pass: InverseCancellation - 0.14782 (ms)
2026-07-13 15:01:38,519 [INFO] Pass: InverseCancellation - 0.17071 (ms)
2026-07-13 15:01:38,519 [INFO] Pass: UnitarySynthesis - 0.00453 (ms)
2026-07-13 15:01:38,519 [INFO] Pass: Depth - 0.16642 (ms)
2026-07-13 15:01:38,519 [INFO] Pass: FixedPoint - 0.00572 (ms)
2026-07-13 15:01:38,519 [INFO] Pass: Size - 0.06008 (ms)
2026-07-13 15:01:38,519 [INFO] Pass: FixedPoint - 0.00429 (ms)
2026-07-13 15:01:38,519 [INFO] Pass: ContainsInstruction - 0.00525 (ms)
2026-07-13 15:01:38,520 [INFO] Total Transpile Time - 64.31389 (ms)
2026-07-13 15:01:38,520 [INFO] Pass: GatesInBasis - 0.82541 (ms)
2026-07-13 15:01:38,520 [INFO] Pass: Depth - 0.16546 (ms)
2026-07-13 15:01:38,520 [INFO] Pass: FixedPoint - 0.00572 (ms)
2026-07-13 15:01:38,520 [INFO] Pass: Size - 0.05913 (ms)
2026-07-13 15:01:38,520 [INFO] Pass: FixedPoint - 0.00405 (ms)
2026-07-13 15:01:38,520 [INFO] Pass: ContainsInstruction - 0.00477 (ms)
2026-07-13 15:01:38,521 [INFO] Pass: HighLevelSynthesis - 1.51253 (ms)
2026-07-13 15:01:38,521 [INFO] Total Transpile Time - 64.60190 (ms)
2026-07-13 15:01:38,521 [INFO] Pass: BasisTranslator - 0.80180 (ms)
2026-07-13 15:01:38,521 [INFO] Pass: ContainsInstruction - 0.00882 (ms)
2026-07-13 15:01:38,522 [INFO] Total Transpile Time - 64.60166 (ms)
2026-07-13 15:01:38,522 [INFO] Pass: Depth - 0.17691 (ms)
2026-07-13 15:01:38,522 [INFO] Pass: FixedPoint - 0.00787 (ms)
2026-07-13 15:01:38,522 [INFO] Pass: InverseCancellation - 0.16832 (ms)
2026-07-13 15:01:38,522 [INFO] Pass: UnitarySynthesis - 0.00477 (ms)
2026-07-13 15:01:38,522 [INFO] Pass: Size - 0.06032 (ms)
2026-07-13 15:01:38,522 [INFO] Pass: FixedPoint - 0.00453 (ms)
2026-07-13 15:01:38,523 [INFO] Pass: Optimize1qGatesDecomposition - 0.79846 (ms)
2026-07-13 15:01:38,523 [INFO] Pass: InverseCancellation - 0.15378 (ms)
2026-07-13 15:01:38,523 [INFO] Pass: HighLevelSynthesis - 1.51110 (ms)
2026-07-13 15:01:38,524 [INFO] Pass: GatesInBasis - 0.81992 (ms)
2026-07-13 15:01:38,524 [INFO] Pass: Depth - 0.16451 (ms)
2026-07-13 15:01:38,524 [INFO] Pass: FixedPoint - 0.00548 (ms)
2026-07-13 15:01:38,524 [INFO] Pass: Size - 0.05913 (ms)
2026-07-13 15:01:38,524 [INFO] Pass: FixedPoint - 0.00429 (ms)
2026-07-13 15:01:38,524 [INFO] Pass: ContainsInstruction - 0.00477 (ms)
2026-07-13 15:01:38,524 [INFO] Pass: BasisTranslator - 0.81682 (ms)
2026-07-13 15:01:38,524 [INFO] Pass: Depth - 0.17929 (ms)
2026-07-13 15:01:38,524 [INFO] Pass: FixedPoint - 0.00787 (ms)
2026-07-13 15:01:38,525 [INFO] Pass: Size - 0.06104 (ms)
2026-07-13 15:01:38,525 [INFO] Pass: FixedPoint - 0.00453 (ms)
2026-07-13 15:01:38,525 [INFO] Pass: ContainsInstruction - 0.00906 (ms)
2026-07-13 15:01:38,525 [INFO] Pass: InverseCancellation - 0.17214 (ms)
2026-07-13 15:01:38,525 [INFO] Pass: UnitarySynthesis - 0.00477 (ms)
2026-07-13 15:01:38,525 [INFO] Pass: Optimize1qGatesDecomposition - 0.79703 (ms)
2026-07-13 15:01:38,525 [INFO] Total Transpile Time - 65.01651 (ms)
2026-07-13 15:01:38,526 [INFO] Pass: InverseCancellation - 0.14877 (ms)
2026-07-13 15:01:38,526 [INFO] Pass: GatesInBasis - 0.81444 (ms)
2026-07-13 15:01:38,527 [INFO] Pass: Depth - 0.16475 (ms)
2026-07-13 15:01:38,527 [INFO] Pass: FixedPoint - 0.00572 (ms)
2026-07-13 15:01:38,527 [INFO] Pass: Size - 0.05889 (ms)
2026-07-13 15:01:38,527 [INFO] Pass: FixedPoint - 0.00405 (ms)
2026-07-13 15:01:38,527 [INFO] Pass: ContainsInstruction - 0.00477 (ms)
2026-07-13 15:01:38,527 [INFO] Pass: HighLevelSynthesis - 1.48940 (ms)
2026-07-13 15:01:38,528 [INFO] Pass: BasisTranslator - 0.81658 (ms)
2026-07-13 15:01:38,528 [INFO] Pass: Depth - 0.17262 (ms)
2026-07-13 15:01:38,528 [INFO] Pass: FixedPoint - 0.00787 (ms)
2026-07-13 15:01:38,528 [INFO] Pass: Size - 0.06127 (ms)
2026-07-13 15:01:38,528 [INFO] Pass: FixedPoint - 0.00453 (ms)
2026-07-13 15:01:38,528 [INFO] Total Transpile Time - 64.12625 (ms)
2026-07-13 15:01:38,529 [INFO] Pass: Optimize1qGatesDecomposition - 0.79274 (ms)
2026-07-13 15:01:38,529 [INFO] Pass: InverseCancellation - 0.15140 (ms)
2026-07-13 15:01:38,530 [INFO] Pass: GatesInBasis - 0.82827 (ms)
2026-07-13 15:01:38,530 [INFO] Pass: Depth - 0.16475 (ms)
2026-07-13 15:01:38,530 [INFO] Pass: FixedPoint - 0.00572 (ms)
2026-07-13 15:01:38,530 [INFO] Pass: ContainsInstruction - 0.00811 (ms)
2026-07-13 15:01:38,530 [INFO] Pass: Size - 0.05913 (ms)
2026-07-13 15:01:38,530 [INFO] Pass: FixedPoint - 0.00429 (ms)
2026-07-13 15:01:38,531 [INFO] Pass: ContainsInstruction - 0.00453 (ms)
2026-07-13 15:01:38,531 [INFO] Pass: InverseCancellation - 0.16952 (ms)
2026-07-13 15:01:38,531 [INFO] Pass: UnitarySynthesis - 0.00453 (ms)
2026-07-13 15:01:38,532 [INFO] Total Transpile Time - 64.29386 (ms)
2026-07-13 15:01:38,532 [INFO] Pass: HighLevelSynthesis - 1.47295 (ms)
2026-07-13 15:01:38,533 [INFO] Pass: ContainsInstruction - 0.00834 (ms)
2026-07-13 15:01:38,533 [INFO] Pass: InverseCancellation - 0.17071 (ms)
2026-07-13 15:01:38,533 [INFO] Pass: BasisTranslator - 1.21284 (ms)
2026-07-13 15:01:38,533 [INFO] Pass: UnitarySynthesis - 0.00405 (ms)
2026-07-13 15:01:38,534 [INFO] Pass: Depth - 0.17977 (ms)
2026-07-13 15:01:38,534 [INFO] Pass: FixedPoint - 0.00811 (ms)
2026-07-13 15:01:38,534 [INFO] Pass: Size - 0.06104 (ms)
2026-07-13 15:01:38,534 [INFO] Pass: FixedPoint - 0.00429 (ms)
2026-07-13 15:01:38,535 [INFO] Pass: Optimize1qGatesDecomposition - 0.78988 (ms)
2026-07-13 15:01:38,535 [INFO] Pass: InverseCancellation - 0.14853 (ms)
2026-07-13 15:01:38,535 [INFO] Pass: HighLevelSynthesis - 1.46937 (ms)
2026-07-13 15:01:38,536 [INFO] Pass: GatesInBasis - 0.86522 (ms)
2026-07-13 15:01:38,536 [INFO] Pass: Depth - 0.16499 (ms)
2026-07-13 15:01:38,536 [INFO] Pass: FixedPoint - 0.00572 (ms)
2026-07-13 15:01:38,536 [INFO] Pass: Size - 0.05937 (ms)
2026-07-13 15:01:38,536 [INFO] Pass: FixedPoint - 0.00429 (ms)
2026-07-13 15:01:38,536 [INFO] Pass: ContainsInstruction - 0.00453 (ms)
2026-07-13 15:01:38,536 [INFO] Pass: BasisTranslator - 1.21522 (ms)
2026-07-13 15:01:38,536 [INFO] Pass: Depth - 0.19264 (ms)
2026-07-13 15:01:38,537 [INFO] Pass: FixedPoint - 0.00834 (ms)
2026-07-13 15:01:38,537 [INFO] Pass: Size - 0.06175 (ms)
2026-07-13 15:01:38,537 [INFO] Pass: FixedPoint - 0.00453 (ms)
2026-07-13 15:01:38,537 [INFO] Pass: Optimize1qGatesDecomposition - 0.79608 (ms)
2026-07-13 15:01:38,538 [INFO] Total Transpile Time - 64.64839 (ms)
2026-07-13 15:01:38,538 [INFO] Pass: InverseCancellation - 0.15163 (ms)
2026-07-13 15:01:38,538 [INFO] Pass: ContainsInstruction - 0.00834 (ms)
2026-07-13 15:01:38,538 [INFO] Pass: InverseCancellation - 0.16785 (ms)
2026-07-13 15:01:38,538 [INFO] Pass: UnitarySynthesis - 0.00453 (ms)
2026-07-13 15:01:38,539 [INFO] Pass: GatesInBasis - 0.86141 (ms)
2026-07-13 15:01:38,539 [INFO] Pass: Depth - 0.16904 (ms)
2026-07-13 15:01:38,539 [INFO] Pass: FixedPoint - 0.00572 (ms)
2026-07-13 15:01:38,539 [INFO] Pass: Size - 0.05960 (ms)
2026-07-13 15:01:38,539 [INFO] Pass: FixedPoint - 0.00429 (ms)
2026-07-13 15:01:38,539 [INFO] Pass: ContainsInstruction - 0.00477 (ms)
2026-07-13 15:01:38,540 [INFO] Pass: HighLevelSynthesis - 1.50537 (ms)
2026-07-13 15:01:38,540 [INFO] Total Transpile Time - 64.41784 (ms)
2026-07-13 15:01:38,541 [INFO] Pass: BasisTranslator - 1.23572 (ms)
2026-07-13 15:01:38,541 [INFO] Pass: Depth - 0.18501 (ms)
2026-07-13 15:01:38,541 [INFO] Pass: FixedPoint - 0.00763 (ms)
2026-07-13 15:01:38,542 [INFO] Pass: Size - 0.06175 (ms)
2026-07-13 15:01:38,542 [INFO] Pass: FixedPoint - 0.00429 (ms)
2026-07-13 15:01:38,542 [INFO] Pass: Optimize1qGatesDecomposition - 0.79942 (ms)
2026-07-13 15:01:38,543 [INFO] Pass: InverseCancellation - 0.15020 (ms)
2026-07-13 15:01:38,543 [INFO] Pass: ContainsInstruction - 0.00834 (ms)
2026-07-13 15:01:38,543 [INFO] Pass: InverseCancellation - 0.17524 (ms)
2026-07-13 15:01:38,543 [INFO] Pass: UnitarySynthesis - 0.00453 (ms)
2026-07-13 15:01:38,544 [INFO] Pass: GatesInBasis - 0.81944 (ms)
2026-07-13 15:01:38,544 [INFO] Pass: Depth - 0.16356 (ms)
2026-07-13 15:01:38,544 [INFO] Pass: FixedPoint - 0.00548 (ms)
2026-07-13 15:01:38,544 [INFO] Pass: Size - 0.05937 (ms)
2026-07-13 15:01:38,544 [INFO] Pass: FixedPoint - 0.00429 (ms)
2026-07-13 15:01:38,544 [INFO] Pass: ContainsInstruction - 0.00453 (ms)
2026-07-13 15:01:38,545 [INFO] Pass: HighLevelSynthesis - 1.45102 (ms)
2026-07-13 15:01:38,545 [INFO] Total Transpile Time - 64.57925 (ms)
2026-07-13 15:01:38,546 [INFO] Pass: BasisTranslator - 1.22929 (ms)
2026-07-13 15:01:38,546 [INFO] Pass: ContainsInstruction - 0.00811 (ms)
2026-07-13 15:01:38,546 [INFO] Pass: Depth - 0.18787 (ms)
2026-07-13 15:01:38,546 [INFO] Pass: FixedPoint - 0.00834 (ms)
2026-07-13 15:01:38,547 [INFO] Pass: Size - 0.06056 (ms)
2026-07-13 15:01:38,547 [INFO] Pass: InverseCancellation - 0.17118 (ms)
2026-07-13 15:01:38,547 [INFO] Pass: FixedPoint - 0.00477 (ms)
2026-07-13 15:01:38,547 [INFO] Pass: UnitarySynthesis - 0.00477 (ms)
2026-07-13 15:01:38,547 [INFO] Pass: Optimize1qGatesDecomposition - 0.78464 (ms)
2026-07-13 15:01:38,548 [INFO] Pass: InverseCancellation - 0.15092 (ms)
2026-07-13 15:01:38,548 [INFO] Pass: HighLevelSynthesis - 1.47128 (ms)
2026-07-13 15:01:38,549 [INFO] Pass: GatesInBasis - 0.82707 (ms)
2026-07-13 15:01:38,549 [INFO] Pass: Depth - 0.16546 (ms)
2026-07-13 15:01:38,549 [INFO] Pass: FixedPoint - 0.00596 (ms)
2026-07-13 15:01:38,549 [INFO] Pass: Size - 0.05889 (ms)
2026-07-13 15:01:38,549 [INFO] Pass: FixedPoint - 0.00405 (ms)
2026-07-13 15:01:38,549 [INFO] Pass: ContainsInstruction - 0.00453 (ms)
2026-07-13 15:01:38,549 [INFO] Pass: BasisTranslator - 0.80156 (ms)
2026-07-13 15:01:38,549 [INFO] Pass: Depth - 0.17667 (ms)
2026-07-13 15:01:38,549 [INFO] Pass: FixedPoint - 0.00739 (ms)
2026-07-13 15:01:38,549 [INFO] Pass: Size - 0.06056 (ms)
2026-07-13 15:01:38,549 [INFO] Pass: FixedPoint - 0.00477 (ms)
2026-07-13 15:01:38,550 [INFO] Pass: Optimize1qGatesDecomposition - 0.79656 (ms)
2026-07-13 15:01:38,550 [INFO] Total Transpile Time - 64.88824 (ms)
2026-07-13 15:01:38,550 [INFO] Pass: InverseCancellation - 0.15569 (ms)
2026-07-13 15:01:38,551 [INFO] Pass: GatesInBasis - 0.85473 (ms)
2026-07-13 15:01:38,552 [INFO] Pass: Depth - 0.16403 (ms)
2026-07-13 15:01:38,552 [INFO] Pass: FixedPoint - 0.00548 (ms)
2026-07-13 15:01:38,552 [INFO] Pass: Size - 0.05865 (ms)
2026-07-13 15:01:38,552 [INFO] Pass: FixedPoint - 0.00405 (ms)
2026-07-13 15:01:38,552 [INFO] Pass: ContainsInstruction - 0.00882 (ms)
2026-07-13 15:01:38,552 [INFO] Pass: ContainsInstruction - 0.00501 (ms)
2026-07-13 15:01:38,552 [INFO] Pass: InverseCancellation - 0.16928 (ms)
2026-07-13 15:01:38,552 [INFO] Pass: UnitarySynthesis - 0.00477 (ms)
2026-07-13 15:01:38,553 [INFO] Total Transpile Time - 64.35728 (ms)
2026-07-13 15:01:38,554 [INFO] Pass: HighLevelSynthesis - 1.48368 (ms)
2026-07-13 15:01:38,554 [INFO] Pass: BasisTranslator - 0.80299 (ms)
2026-07-13 15:01:38,555 [INFO] Pass: Depth - 0.17452 (ms)
2026-07-13 15:01:38,555 [INFO] Pass: FixedPoint - 0.00834 (ms)
2026-07-13 15:01:38,555 [INFO] Pass: Size - 0.06080 (ms)
2026-07-13 15:01:38,555 [INFO] Pass: FixedPoint - 0.00429 (ms)
2026-07-13 15:01:38,556 [INFO] Pass: Optimize1qGatesDecomposition - 0.80419 (ms)
2026-07-13 15:01:38,556 [INFO] Pass: InverseCancellation - 0.15140 (ms)
2026-07-13 15:01:38,556 [INFO] Pass: ContainsInstruction - 0.00882 (ms)
2026-07-13 15:01:38,557 [INFO] Pass: InverseCancellation - 0.17142 (ms)
2026-07-13 15:01:38,557 [INFO] Pass: UnitarySynthesis - 0.00453 (ms)
2026-07-13 15:01:38,557 [INFO] Pass: GatesInBasis - 0.84996 (ms)
2026-07-13 15:01:38,557 [INFO] Pass: Depth - 0.16379 (ms)
2026-07-13 15:01:38,557 [INFO] Pass: FixedPoint - 0.00572 (ms)
2026-07-13 15:01:38,557 [INFO] Pass: Size - 0.05960 (ms)
2026-07-13 15:01:38,557 [INFO] Pass: FixedPoint - 0.00405 (ms)
2026-07-13 15:01:38,557 [INFO] Pass: ContainsInstruction - 0.00453 (ms)
2026-07-13 15:01:38,558 [INFO] Pass: HighLevelSynthesis - 1.48940 (ms)
2026-07-13 15:01:38,559 [INFO] Total Transpile Time - 64.53228 (ms)
2026-07-13 15:01:38,559 [INFO] Pass: BasisTranslator - 1.20902 (ms)
2026-07-13 15:01:38,560 [INFO] Pass: Depth - 0.18311 (ms)
2026-07-13 15:01:38,560 [INFO] Pass: FixedPoint - 0.00763 (ms)
2026-07-13 15:01:38,560 [INFO] Pass: Size - 0.06151 (ms)
2026-07-13 15:01:38,560 [INFO] Pass: FixedPoint - 0.00477 (ms)
2026-07-13 15:01:38,561 [INFO] Pass: Optimize1qGatesDecomposition - 0.78940 (ms)
2026-07-13 15:01:38,561 [INFO] Pass: InverseCancellation - 0.15020 (ms)
2026-07-13 15:01:38,562 [INFO] Pass: GatesInBasis - 0.87357 (ms)
2026-07-13 15:01:38,562 [INFO] Pass: Depth - 0.16499 (ms)
2026-07-13 15:01:38,562 [INFO] Pass: FixedPoint - 0.00525 (ms)
2026-07-13 15:01:38,562 [INFO] Pass: Size - 0.05937 (ms)
2026-07-13 15:01:38,562 [INFO] Pass: FixedPoint - 0.00405 (ms)
2026-07-13 15:01:38,562 [INFO] Pass: ContainsInstruction - 0.00501 (ms)
2026-07-13 15:01:38,564 [INFO] Total Transpile Time - 64.94856 (ms)
2026-07-13 15:01:38,566 [INFO] Pass: ContainsInstruction - 0.00954 (ms)
2026-07-13 15:01:38,566 [INFO] Pass: InverseCancellation - 0.17643 (ms)
2026-07-13 15:01:38,566 [INFO] Pass: UnitarySynthesis - 0.00548 (ms)
2026-07-13 15:01:38,567 [INFO] Pass: HighLevelSynthesis - 1.50776 (ms)
2026-07-13 15:01:38,569 [INFO] Pass: BasisTranslator - 1.31941 (ms)
2026-07-13 15:01:38,569 [INFO] Pass: Depth - 0.18406 (ms)
2026-07-13 15:01:38,569 [INFO] Pass: FixedPoint - 0.01049 (ms)
2026-07-13 15:01:38,569 [INFO] Pass: Size - 0.06199 (ms)
2026-07-13 15:01:38,569 [INFO] Pass: FixedPoint - 0.00477 (ms)
2026-07-13 15:01:38,570 [INFO] Pass: Optimize1qGatesDecomposition - 0.83494 (ms)
2026-07-13 15:01:38,570 [INFO] Pass: InverseCancellation - 0.16212 (ms)
2026-07-13 15:01:38,571 [INFO] Pass: GatesInBasis - 0.82064 (ms)
2026-07-13 15:01:38,571 [INFO] Pass: Depth - 0.17738 (ms)
2026-07-13 15:01:38,571 [INFO] Pass: FixedPoint - 0.00596 (ms)
2026-07-13 15:01:38,572 [INFO] Pass: Size - 0.05984 (ms)
2026-07-13 15:01:38,572 [INFO] Pass: FixedPoint - 0.00381 (ms)
2026-07-13 15:01:38,572 [INFO] Pass: ContainsInstruction - 0.00548 (ms)
2026-07-13 15:01:38,573 [INFO] Total Transpile Time - 66.19191 (ms)
2026-07-13 15:01:38,577 [INFO] Pass: ContainsInstruction - 0.01073 (ms)
2026-07-13 15:01:38,578 [INFO] Pass: InverseCancellation - 0.17262 (ms)
2026-07-13 15:01:38,578 [INFO] Pass: UnitarySynthesis - 0.00477 (ms)
2026-07-13 15:01:38,578 [INFO] Pass: ContainsInstruction - 0.00834 (ms)
2026-07-13 15:01:38,578 [INFO] Pass: InverseCancellation - 0.17190 (ms)
2026-07-13 15:01:38,578 [INFO] Pass: UnitarySynthesis - 0.00453 (ms)
2026-07-13 15:01:38,579 [INFO] Pass: ContainsInstruction - 0.00834 (ms)
2026-07-13 15:01:38,579 [INFO] Pass: InverseCancellation - 0.16713 (ms)
2026-07-13 15:01:38,579 [INFO] Pass: UnitarySynthesis - 0.00453 (ms)
2026-07-13 15:01:38,579 [INFO] Pass: HighLevelSynthesis - 1.48058 (ms)
2026-07-13 15:01:38,580 [INFO] Pass: HighLevelSynthesis - 1.51396 (ms)
2026-07-13 15:01:38,580 [INFO] Pass: BasisTranslator - 0.84090 (ms)
2026-07-13 15:01:38,580 [INFO] Pass: Depth - 0.17715 (ms)
2026-07-13 15:01:38,580 [INFO] Pass: FixedPoint - 0.00787 (ms)
2026-07-13 15:01:38,580 [INFO] Pass: Size - 0.06223 (ms)
2026-07-13 15:01:38,580 [INFO] Pass: FixedPoint - 0.00429 (ms)
2026-07-13 15:01:38,580 [INFO] Pass: HighLevelSynthesis - 1.52278 (ms)
2026-07-13 15:01:38,581 [INFO] Pass: BasisTranslator - 0.82254 (ms)
2026-07-13 15:01:38,581 [INFO] Pass: Depth - 0.18024 (ms)
2026-07-13 15:01:38,581 [INFO] Pass: FixedPoint - 0.00715 (ms)
2026-07-13 15:01:38,581 [INFO] Pass: Size - 0.06151 (ms)
2026-07-13 15:01:38,581 [INFO] Pass: FixedPoint - 0.00477 (ms)
2026-07-13 15:01:38,581 [INFO] Pass: Optimize1qGatesDecomposition - 0.86570 (ms)
2026-07-13 15:01:38,581 [INFO] Pass: InverseCancellation - 0.00834 (ms)
2026-07-13 15:01:38,581 [INFO] Pass: BasisTranslator - 0.97537 (ms)
2026-07-13 15:01:38,582 [INFO] Pass: Depth - 0.18263 (ms)
2026-07-13 15:01:38,582 [INFO] Pass: FixedPoint - 0.00787 (ms)
2026-07-13 15:01:38,582 [INFO] Pass: Size - 0.06223 (ms)
2026-07-13 15:01:38,582 [INFO] Pass: FixedPoint - 0.00429 (ms)
2026-07-13 15:01:38,582 [INFO] Pass: Optimize1qGatesDecomposition - 0.85783 (ms)
2026-07-13 15:01:38,582 [INFO] Pass: InverseCancellation - 0.00834 (ms)
2026-07-13 15:01:38,582 [INFO] Pass: GatesInBasis - 0.88811 (ms)
2026-07-13 15:01:38,583 [INFO] Pass: Depth - 0.16832 (ms)
2026-07-13 15:01:38,583 [INFO] Pass: FixedPoint - 0.00596 (ms)
2026-07-13 15:01:38,583 [INFO] Pass: Size - 0.05984 (ms)
2026-07-13 15:01:38,583 [INFO] Pass: FixedPoint - 0.00429 (ms)
2026-07-13 15:01:38,583 [INFO] Pass: Optimize1qGatesDecomposition - 0.85020 (ms)
2026-07-13 15:01:38,583 [INFO] Pass: InverseCancellation - 0.00834 (ms)
2026-07-13 15:01:38,583 [INFO] Pass: ContainsInstruction - 0.00882 (ms)
2026-07-13 15:01:38,583 [INFO] Pass: GatesInBasis - 0.92053 (ms)
2026-07-13 15:01:38,583 [INFO] Pass: InverseCancellation - 0.16570 (ms)
2026-07-13 15:01:38,583 [INFO] Pass: UnitarySynthesis - 0.00453 (ms)
2026-07-13 15:01:38,583 [INFO] Pass: Depth - 0.17333 (ms)
2026-07-13 15:01:38,583 [INFO] Pass: FixedPoint - 0.00572 (ms)
2026-07-13 15:01:38,583 [INFO] Pass: Optimize1qGatesDecomposition - 0.70977 (ms)
2026-07-13 15:01:38,584 [INFO] Pass: InverseCancellation - 0.00763 (ms)
2026-07-13 15:01:38,584 [INFO] Pass: Size - 0.05865 (ms)
2026-07-13 15:01:38,584 [INFO] Pass: FixedPoint - 0.00405 (ms)
2026-07-13 15:01:38,584 [INFO] Pass: GatesInBasis - 0.84138 (ms)
2026-07-13 15:01:38,584 [INFO] Pass: Depth - 0.17071 (ms)
2026-07-13 15:01:38,584 [INFO] Pass: FixedPoint - 0.00548 (ms)
2026-07-13 15:01:38,584 [INFO] Pass: Size - 0.05960 (ms)
2026-07-13 15:01:38,584 [INFO] Pass: FixedPoint - 0.00405 (ms)
2026-07-13 15:01:38,584 [INFO] Pass: Optimize1qGatesDecomposition - 0.71907 (ms)
2026-07-13 15:01:38,584 [INFO] Pass: GatesInBasis - 0.79584 (ms)
2026-07-13 15:01:38,584 [INFO] Pass: InverseCancellation - 0.00787 (ms)
2026-07-13 15:01:38,585 [INFO] Pass: Depth - 0.16117 (ms)
2026-07-13 15:01:38,585 [INFO] Pass: FixedPoint - 0.00501 (ms)
2026-07-13 15:01:38,585 [INFO] Pass: Size - 0.05841 (ms)
2026-07-13 15:01:38,585 [INFO] Pass: FixedPoint - 0.00429 (ms)
2026-07-13 15:01:38,585 [INFO] Pass: ContainsInstruction - 0.00477 (ms)
2026-07-13 15:01:38,585 [INFO] Pass: Optimize1qGatesDecomposition - 0.70167 (ms)
2026-07-13 15:01:38,585 [INFO] Pass: HighLevelSynthesis - 1.51634 (ms)
2026-07-13 15:01:38,585 [INFO] Pass: InverseCancellation - 0.00715 (ms)
2026-07-13 15:01:38,585 [INFO] Pass: GatesInBasis - 0.80633 (ms)
2026-07-13 15:01:38,585 [INFO] Pass: Depth - 0.16832 (ms)
2026-07-13 15:01:38,585 [INFO] Pass: FixedPoint - 0.00501 (ms)
2026-07-13 15:01:38,586 [INFO] Pass: Size - 0.05889 (ms)
2026-07-13 15:01:38,586 [INFO] Pass: ContainsInstruction - 0.00858 (ms)
2026-07-13 15:01:38,586 [INFO] Pass: FixedPoint - 0.00405 (ms)
2026-07-13 15:01:38,586 [INFO] Pass: ContainsInstruction - 0.00453 (ms)
2026-07-13 15:01:38,586 [INFO] Pass: GatesInBasis - 0.78940 (ms)
2026-07-13 15:01:38,586 [INFO] Pass: BasisTranslator - 0.83280 (ms)
2026-07-13 15:01:38,586 [INFO] Pass: InverseCancellation - 0.16665 (ms)
2026-07-13 15:01:38,586 [INFO] Pass: UnitarySynthesis - 0.00453 (ms)
2026-07-13 15:01:38,586 [INFO] Pass: Depth - 0.16117 (ms)
2026-07-13 15:01:38,586 [INFO] Pass: FixedPoint - 0.00525 (ms)
2026-07-13 15:01:38,586 [INFO] Pass: Depth - 0.18048 (ms)
2026-07-13 15:01:38,586 [INFO] Pass: FixedPoint - 0.00763 (ms)
2026-07-13 15:01:38,586 [INFO] Pass: Size - 0.05841 (ms)
2026-07-13 15:01:38,586 [INFO] Pass: FixedPoint - 0.00405 (ms)
2026-07-13 15:01:38,586 [INFO] Pass: ContainsInstruction - 0.00477 (ms)
2026-07-13 15:01:38,586 [INFO] Pass: Size - 0.06127 (ms)
2026-07-13 15:01:38,586 [INFO] Pass: FixedPoint - 0.00453 (ms)
2026-07-13 15:01:38,586 [INFO] Total Transpile Time - 66.41579 (ms)
2026-07-13 15:01:38,587 [INFO] Pass: Optimize1qGatesDecomposition - 0.84591 (ms)
2026-07-13 15:01:38,587 [INFO] Total Transpile Time - 66.33973 (ms)
2026-07-13 15:01:38,587 [INFO] Pass: InverseCancellation - 0.00811 (ms)
2026-07-13 15:01:38,587 [INFO] Pass: HighLevelSynthesis - 1.51396 (ms)
2026-07-13 15:01:38,587 [INFO] Total Transpile Time - 65.81640 (ms)
2026-07-13 15:01:38,588 [INFO] Pass: GatesInBasis - 0.91481 (ms)
2026-07-13 15:01:38,588 [INFO] Pass: Depth - 0.17452 (ms)
2026-07-13 15:01:38,588 [INFO] Pass: FixedPoint - 0.00548 (ms)
2026-07-13 15:01:38,588 [INFO] Pass: BasisTranslator - 0.83447 (ms)
2026-07-13 15:01:38,588 [INFO] Pass: Size - 0.05960 (ms)
2026-07-13 15:01:38,588 [INFO] Pass: FixedPoint - 0.00429 (ms)
2026-07-13 15:01:38,589 [INFO] Pass: Depth - 0.18024 (ms)
2026-07-13 15:01:38,589 [INFO] Pass: FixedPoint - 0.00834 (ms)
2026-07-13 15:01:38,589 [INFO] Pass: Size - 0.06199 (ms)
2026-07-13 15:01:38,589 [INFO] Pass: FixedPoint - 0.00477 (ms)
2026-07-13 15:01:38,589 [INFO] Pass: Optimize1qGatesDecomposition - 0.70930 (ms)
2026-07-13 15:01:38,589 [INFO] Pass: InverseCancellation - 0.00858 (ms)
2026-07-13 15:01:38,589 [INFO] Pass: ContainsInstruction - 0.00882 (ms)
2026-07-13 15:01:38,590 [INFO] Pass: Optimize1qGatesDecomposition - 0.85592 (ms)
2026-07-13 15:01:38,590 [INFO] Pass: InverseCancellation - 0.00858 (ms)
2026-07-13 15:01:38,590 [INFO] Pass: InverseCancellation - 0.16737 (ms)
2026-07-13 15:01:38,590 [INFO] Pass: UnitarySynthesis - 0.00501 (ms)
2026-07-13 15:01:38,590 [INFO] Pass: GatesInBasis - 0.79632 (ms)
2026-07-13 15:01:38,590 [INFO] Pass: Depth - 0.16165 (ms)
2026-07-13 15:01:38,590 [INFO] Pass: FixedPoint - 0.00548 (ms)
2026-07-13 15:01:38,590 [INFO] Pass: Size - 0.05817 (ms)
2026-07-13 15:01:38,590 [INFO] Pass: FixedPoint - 0.00405 (ms)
2026-07-13 15:01:38,590 [INFO] Pass: ContainsInstruction - 0.00501 (ms)
2026-07-13 15:01:38,591 [INFO] Pass: GatesInBasis - 0.88477 (ms)
2026-07-13 15:01:38,591 [INFO] Pass: Depth - 0.16832 (ms)
2026-07-13 15:01:38,591 [INFO] Pass: FixedPoint - 0.00572 (ms)
2026-07-13 15:01:38,591 [INFO] Pass: Size - 0.05889 (ms)
2026-07-13 15:01:38,591 [INFO] Pass: FixedPoint - 0.00429 (ms)
2026-07-13 15:01:38,591 [INFO] Pass: HighLevelSynthesis - 1.50537 (ms)
2026-07-13 15:01:38,592 [INFO] Pass: Optimize1qGatesDecomposition - 0.70643 (ms)
2026-07-13 15:01:38,592 [INFO] Pass: InverseCancellation - 0.00787 (ms)
2026-07-13 15:01:38,592 [INFO] Total Transpile Time - 66.26344 (ms)
2026-07-13 15:01:38,592 [INFO] Pass: BasisTranslator - 0.81944 (ms)
2026-07-13 15:01:38,592 [INFO] Pass: Depth - 0.18573 (ms)
2026-07-13 15:01:38,592 [INFO] Pass: FixedPoint - 0.00787 (ms)
2026-07-13 15:01:38,593 [INFO] Pass: Size - 0.06175 (ms)
2026-07-13 15:01:38,593 [INFO] Pass: FixedPoint - 0.00453 (ms)
2026-07-13 15:01:38,593 [INFO] Pass: GatesInBasis - 0.79274 (ms)
2026-07-13 15:01:38,593 [INFO] Pass: Depth - 0.16284 (ms)
2026-07-13 15:01:38,593 [INFO] Pass: FixedPoint - 0.00477 (ms)
2026-07-13 15:01:38,593 [INFO] Pass: Size - 0.05889 (ms)
2026-07-13 15:01:38,593 [INFO] Pass: FixedPoint - 0.00405 (ms)
2026-07-13 15:01:38,593 [INFO] Pass: ContainsInstruction - 0.00501 (ms)
2026-07-13 15:01:38,593 [INFO] Pass: Optimize1qGatesDecomposition - 0.85497 (ms)
2026-07-13 15:01:38,594 [INFO] Pass: InverseCancellation - 0.00834 (ms)
2026-07-13 15:01:38,594 [INFO] Total Transpile Time - 66.06197 (ms)
2026-07-13 15:01:38,594 [INFO] Pass: GatesInBasis - 0.88596 (ms)
2026-07-13 15:01:38,595 [INFO] Pass: Depth - 0.16713 (ms)
2026-07-13 15:01:38,595 [INFO] Pass: FixedPoint - 0.00572 (ms)
2026-07-13 15:01:38,595 [INFO] Pass: Size - 0.05913 (ms)
2026-07-13 15:01:38,595 [INFO] Pass: FixedPoint - 0.00453 (ms)
2026-07-13 15:01:38,595 [INFO] Pass: ContainsInstruction - 0.00858 (ms)
2026-07-13 15:01:38,595 [INFO] Pass: InverseCancellation - 0.16737 (ms)
2026-07-13 15:01:38,595 [INFO] Pass: UnitarySynthesis - 0.00501 (ms)
2026-07-13 15:01:38,596 [INFO] Pass: Optimize1qGatesDecomposition - 0.70834 (ms)
2026-07-13 15:01:38,596 [INFO] Pass: InverseCancellation - 0.00787 (ms)
2026-07-13 15:01:38,596 [INFO] Pass: GatesInBasis - 0.79012 (ms)
2026-07-13 15:01:38,597 [INFO] Pass: Depth - 0.16236 (ms)
2026-07-13 15:01:38,597 [INFO] Pass: FixedPoint - 0.00525 (ms)
2026-07-13 15:01:38,597 [INFO] Pass: HighLevelSynthesis - 1.51467 (ms)
2026-07-13 15:01:38,597 [INFO] Pass: Size - 0.05865 (ms)
2026-07-13 15:01:38,597 [INFO] Pass: FixedPoint - 0.00429 (ms)
2026-07-13 15:01:38,597 [INFO] Pass: ContainsInstruction - 0.00477 (ms)
2026-07-13 15:01:38,597 [INFO] Pass: ContainsInstruction - 0.00882 (ms)
2026-07-13 15:01:38,598 [INFO] Pass: InverseCancellation - 0.16785 (ms)
2026-07-13 15:01:38,598 [INFO] Pass: BasisTranslator - 0.97871 (ms)
2026-07-13 15:01:38,598 [INFO] Pass: UnitarySynthesis - 0.00501 (ms)
2026-07-13 15:01:38,598 [INFO] Pass: Depth - 0.18072 (ms)
2026-07-13 15:01:38,598 [INFO] Pass: FixedPoint - 0.00882 (ms)
2026-07-13 15:01:38,598 [INFO] Pass: Size - 0.06175 (ms)
2026-07-13 15:01:38,598 [INFO] Pass: FixedPoint - 0.00429 (ms)
2026-07-13 15:01:38,598 [INFO] Total Transpile Time - 66.25676 (ms)
2026-07-13 15:01:38,599 [INFO] Pass: Optimize1qGatesDecomposition - 0.87070 (ms)
2026-07-13 15:01:38,599 [INFO] Pass: InverseCancellation - 0.00882 (ms)
2026-07-13 15:01:38,599 [INFO] Pass: HighLevelSynthesis - 1.49870 (ms)
2026-07-13 15:01:38,600 [INFO] Pass: GatesInBasis - 0.83280 (ms)
2026-07-13 15:01:38,600 [INFO] Pass: Depth - 0.16785 (ms)
2026-07-13 15:01:38,600 [INFO] Pass: FixedPoint - 0.00548 (ms)
2026-07-13 15:01:38,600 [INFO] Pass: Size - 0.06390 (ms)
2026-07-13 15:01:38,600 [INFO] Pass: BasisTranslator - 0.97823 (ms)
2026-07-13 15:01:38,600 [INFO] Pass: FixedPoint - 0.00429 (ms)
2026-07-13 15:01:38,601 [INFO] Pass: Depth - 0.17738 (ms)
2026-07-13 15:01:38,601 [INFO] Pass: FixedPoint - 0.00811 (ms)
2026-07-13 15:01:38,601 [INFO] Pass: Size - 0.06223 (ms)
2026-07-13 15:01:38,601 [INFO] Pass: FixedPoint - 0.00477 (ms)
2026-07-13 15:01:38,601 [INFO] Pass: Optimize1qGatesDecomposition - 0.69809 (ms)
2026-07-13 15:01:38,601 [INFO] Pass: InverseCancellation - 0.00739 (ms)
2026-07-13 15:01:38,602 [INFO] Pass: Optimize1qGatesDecomposition - 0.86284 (ms)
2026-07-13 15:01:38,602 [INFO] Pass: InverseCancellation - 0.00858 (ms)
2026-07-13 15:01:38,602 [INFO] Pass: GatesInBasis - 0.78893 (ms)
2026-07-13 15:01:38,602 [INFO] Pass: Depth - 0.16069 (ms)
2026-07-13 15:01:38,602 [INFO] Pass: FixedPoint - 0.00453 (ms)
2026-07-13 15:01:38,602 [INFO] Pass: Size - 0.05865 (ms)
2026-07-13 15:01:38,602 [INFO] Pass: ContainsInstruction - 0.00811 (ms)
2026-07-13 15:01:38,602 [INFO] Pass: FixedPoint - 0.00405 (ms)
2026-07-13 15:01:38,602 [INFO] Pass: ContainsInstruction - 0.00501 (ms)
2026-07-13 15:01:38,603 [INFO] Pass: GatesInBasis - 0.79322 (ms)
2026-07-13 15:01:38,603 [INFO] Pass: InverseCancellation - 0.16594 (ms)
2026-07-13 15:01:38,603 [INFO] Pass: UnitarySynthesis - 0.00525 (ms)
2026-07-13 15:01:38,603 [INFO] Pass: Depth - 0.16689 (ms)
2026-07-13 15:01:38,603 [INFO] Pass: FixedPoint - 0.00572 (ms)
2026-07-13 15:01:38,603 [INFO] Pass: Size - 0.05937 (ms)
2026-07-13 15:01:38,603 [INFO] Pass: FixedPoint - 0.00405 (ms)
2026-07-13 15:01:38,604 [INFO] Pass: Optimize1qGatesDecomposition - 0.69690 (ms)
2026-07-13 15:01:38,604 [INFO] Pass: InverseCancellation - 0.00739 (ms)
2026-07-13 15:01:38,604 [INFO] Total Transpile Time - 66.07985 (ms)
2026-07-13 15:01:38,604 [INFO] Pass: HighLevelSynthesis - 1.52516 (ms)
2026-07-13 15:01:38,605 [INFO] Pass: GatesInBasis - 0.79465 (ms)
2026-07-13 15:01:38,605 [INFO] Pass: Depth - 0.16141 (ms)
2026-07-13 15:01:38,605 [INFO] Pass: FixedPoint - 0.00477 (ms)
2026-07-13 15:01:38,605 [INFO] Pass: Size - 0.05817 (ms)
2026-07-13 15:01:38,605 [INFO] Pass: FixedPoint - 0.00381 (ms)
2026-07-13 15:01:38,605 [INFO] Pass: ContainsInstruction - 0.00477 (ms)
2026-07-13 15:01:38,605 [INFO] Pass: BasisTranslator - 0.97036 (ms)
2026-07-13 15:01:38,605 [INFO] Pass: Depth - 0.18501 (ms)
2026-07-13 15:01:38,605 [INFO] Pass: FixedPoint - 0.00858 (ms)
2026-07-13 15:01:38,606 [INFO] Pass: Size - 0.06270 (ms)
2026-07-13 15:01:38,606 [INFO] Pass: FixedPoint - 0.00429 (ms)
2026-07-13 15:01:38,606 [INFO] Total Transpile Time - 65.81426 (ms)
2026-07-13 15:01:38,606 [INFO] Pass: Optimize1qGatesDecomposition - 0.86808 (ms)
2026-07-13 15:01:38,607 [INFO] Pass: InverseCancellation - 0.00906 (ms)
2026-07-13 15:01:38,607 [INFO] Pass: GatesInBasis - 0.83470 (ms)
2026-07-13 15:01:38,608 [INFO] Pass: Depth - 0.16809 (ms)
2026-07-13 15:01:38,608 [INFO] Pass: ContainsInstruction - 0.00930 (ms)
2026-07-13 15:01:38,608 [INFO] Pass: FixedPoint - 0.00525 (ms)
2026-07-13 15:01:38,608 [INFO] Pass: Size - 0.05913 (ms)
2026-07-13 15:01:38,608 [INFO] Pass: FixedPoint - 0.00453 (ms)
2026-07-13 15:01:38,608 [INFO] Pass: InverseCancellation - 0.17047 (ms)
2026-07-13 15:01:38,608 [INFO] Pass: UnitarySynthesis - 0.00477 (ms)
2026-07-13 15:01:38,609 [INFO] Pass: Optimize1qGatesDecomposition - 0.71073 (ms)
2026-07-13 15:01:38,609 [INFO] Pass: InverseCancellation - 0.00739 (ms)
2026-07-13 15:01:38,609 [INFO] Pass: GatesInBasis - 0.80180 (ms)
2026-07-13 15:01:38,610 [INFO] Pass: HighLevelSynthesis - 1.52636 (ms)
2026-07-13 15:01:38,610 [INFO] Pass: Depth - 0.16260 (ms)
2026-07-13 15:01:38,610 [INFO] Pass: FixedPoint - 0.00477 (ms)
2026-07-13 15:01:38,610 [INFO] Pass: Size - 0.05865 (ms)
2026-07-13 15:01:38,610 [INFO] Pass: FixedPoint - 0.00405 (ms)
2026-07-13 15:01:38,610 [INFO] Pass: ContainsInstruction - 0.00501 (ms)
2026-07-13 15:01:38,611 [INFO] Pass: BasisTranslator - 0.97275 (ms)
2026-07-13 15:01:38,611 [INFO] Pass: Depth - 0.17905 (ms)
2026-07-13 15:01:38,611 [INFO] Pass: FixedPoint - 0.00811 (ms)
2026-07-13 15:01:38,611 [INFO] Pass: Size - 0.06199 (ms)
2026-07-13 15:01:38,611 [INFO] Pass: FixedPoint - 0.00453 (ms)
2026-07-13 15:01:38,611 [INFO] Pass: ContainsInstruction - 0.00834 (ms)
2026-07-13 15:01:38,611 [INFO] Total Transpile Time - 65.83571 (ms)
2026-07-13 15:01:38,611 [INFO] Pass: InverseCancellation - 0.17428 (ms)
2026-07-13 15:01:38,611 [INFO] Pass: UnitarySynthesis - 0.00477 (ms)
2026-07-13 15:01:38,612 [INFO] Pass: Optimize1qGatesDecomposition - 0.85664 (ms)
2026-07-13 15:01:38,612 [INFO] Pass: InverseCancellation - 0.00906 (ms)
2026-07-13 15:01:38,613 [INFO] Pass: GatesInBasis - 0.79584 (ms)
2026-07-13 15:01:38,613 [INFO] Pass: Depth - 0.16904 (ms)
2026-07-13 15:01:38,613 [INFO] Pass: FixedPoint - 0.00572 (ms)
2026-07-13 15:01:38,613 [INFO] Pass: HighLevelSynthesis - 1.52946 (ms)
2026-07-13 15:01:38,613 [INFO] Pass: Size - 0.05960 (ms)
2026-07-13 15:01:38,613 [INFO] Pass: FixedPoint - 0.00429 (ms)
2026-07-13 15:01:38,614 [INFO] Pass: BasisTranslator - 0.82517 (ms)
2026-07-13 15:01:38,614 [INFO] Pass: Optimize1qGatesDecomposition - 0.70858 (ms)
2026-07-13 15:01:38,614 [INFO] Pass: InverseCancellation - 0.00691 (ms)
2026-07-13 15:01:38,614 [INFO] Pass: Depth - 0.18120 (ms)
2026-07-13 15:01:38,614 [INFO] Pass: FixedPoint - 0.00787 (ms)
2026-07-13 15:01:38,614 [INFO] Pass: Size - 0.06199 (ms)
2026-07-13 15:01:38,614 [INFO] Pass: FixedPoint - 0.00453 (ms)
2026-07-13 15:01:38,615 [INFO] Pass: GatesInBasis - 0.83542 (ms)
2026-07-13 15:01:38,615 [INFO] Pass: Depth - 0.16236 (ms)
2026-07-13 15:01:38,615 [INFO] Pass: FixedPoint - 0.00453 (ms)
2026-07-13 15:01:38,615 [INFO] Pass: Size - 0.05841 (ms)
2026-07-13 15:01:38,615 [INFO] Pass: FixedPoint - 0.00429 (ms)
2026-07-13 15:01:38,615 [INFO] Pass: Optimize1qGatesDecomposition - 0.85831 (ms)
2026-07-13 15:01:38,615 [INFO] Pass: ContainsInstruction - 0.00477 (ms)
2026-07-13 15:01:38,615 [INFO] Pass: InverseCancellation - 0.00858 (ms)
2026-07-13 15:01:38,616 [INFO] Pass: ContainsInstruction - 0.00834 (ms)
2026-07-13 15:01:38,616 [INFO] Pass: InverseCancellation - 0.16689 (ms)
2026-07-13 15:01:38,616 [INFO] Pass: UnitarySynthesis - 0.00501 (ms)
2026-07-13 15:01:38,616 [INFO] Pass: GatesInBasis - 0.92578 (ms)
2026-07-13 15:01:38,616 [INFO] Pass: Depth - 0.17452 (ms)
2026-07-13 15:01:38,616 [INFO] Pass: FixedPoint - 0.00620 (ms)
2026-07-13 15:01:38,617 [INFO] Pass: Size - 0.06032 (ms)
2026-07-13 15:01:38,617 [INFO] Total Transpile Time - 66.19453 (ms)
2026-07-13 15:01:38,617 [INFO] Pass: FixedPoint - 0.00405 (ms)
2026-07-13 15:01:38,617 [INFO] Pass: Optimize1qGatesDecomposition - 0.71859 (ms)
2026-07-13 15:01:38,617 [INFO] Pass: InverseCancellation - 0.00834 (ms)
2026-07-13 15:01:38,618 [INFO] Pass: HighLevelSynthesis - 1.49417 (ms)
2026-07-13 15:01:38,618 [INFO] Pass: GatesInBasis - 0.82064 (ms)
2026-07-13 15:01:38,618 [INFO] Pass: BasisTranslator - 0.81563 (ms)
2026-07-13 15:01:38,618 [INFO] Pass: Depth - 0.16236 (ms)
2026-07-13 15:01:38,619 [INFO] Pass: FixedPoint - 0.00548 (ms)
2026-07-13 15:01:38,619 [INFO] Pass: Size - 0.05794 (ms)
2026-07-13 15:01:38,619 [INFO] Pass: FixedPoint - 0.00405 (ms)
2026-07-13 15:01:38,619 [INFO] Pass: Depth - 0.17786 (ms)
2026-07-13 15:01:38,619 [INFO] Pass: ContainsInstruction - 0.00477 (ms)
2026-07-13 15:01:38,619 [INFO] Pass: FixedPoint - 0.00787 (ms)
2026-07-13 15:01:38,619 [INFO] Pass: Size - 0.06318 (ms)
2026-07-13 15:01:38,619 [INFO] Pass: FixedPoint - 0.00429 (ms)
2026-07-13 15:01:38,620 [INFO] Pass: Optimize1qGatesDecomposition - 0.87595 (ms)
2026-07-13 15:01:38,620 [INFO] Pass: InverseCancellation - 0.00811 (ms)
2026-07-13 15:01:38,620 [INFO] Total Transpile Time - 66.83111 (ms)
2026-07-13 15:01:38,621 [INFO] Pass: GatesInBasis - 0.92959 (ms)
2026-07-13 15:01:38,621 [INFO] Pass: Depth - 0.17118 (ms)
2026-07-13 15:01:38,621 [INFO] Pass: FixedPoint - 0.00572 (ms)
2026-07-13 15:01:38,621 [INFO] Pass: ContainsInstruction - 0.01001 (ms)
2026-07-13 15:01:38,621 [INFO] Pass: Size - 0.06008 (ms)
2026-07-13 15:01:38,621 [INFO] Pass: FixedPoint - 0.00405 (ms)
2026-07-13 15:01:38,621 [INFO] Pass: InverseCancellation - 0.17762 (ms)
2026-07-13 15:01:38,621 [INFO] Pass: UnitarySynthesis - 0.00525 (ms)
2026-07-13 15:01:38,622 [INFO] Pass: Optimize1qGatesDecomposition - 0.72908 (ms)
2026-07-13 15:01:38,622 [INFO] Pass: InverseCancellation - 0.00834 (ms)
2026-07-13 15:01:38,623 [INFO] Pass: GatesInBasis - 0.83256 (ms)
2026-07-13 15:01:38,623 [INFO] Pass: HighLevelSynthesis - 1.51134 (ms)
2026-07-13 15:01:38,623 [INFO] Pass: Depth - 0.16522 (ms)
2026-07-13 15:01:38,623 [INFO] Pass: FixedPoint - 0.00477 (ms)
2026-07-13 15:01:38,623 [INFO] Pass: Size - 0.05865 (ms)
2026-07-13 15:01:38,623 [INFO] Pass: FixedPoint - 0.00381 (ms)
2026-07-13 15:01:38,623 [INFO] Pass: ContainsInstruction - 0.00501 (ms)
2026-07-13 15:01:38,624 [INFO] Pass: BasisTranslator - 0.98467 (ms)
2026-07-13 15:01:38,624 [INFO] Pass: Depth - 0.18144 (ms)
2026-07-13 15:01:38,624 [INFO] Pass: FixedPoint - 0.00834 (ms)
2026-07-13 15:01:38,624 [INFO] Pass: Size - 0.06294 (ms)
2026-07-13 15:01:38,624 [INFO] Pass: FixedPoint - 0.00429 (ms)
2026-07-13 15:01:38,625 [INFO] Total Transpile Time - 66.06054 (ms)
2026-07-13 15:01:38,625 [INFO] Pass: Optimize1qGatesDecomposition - 0.86331 (ms)
2026-07-13 15:01:38,625 [INFO] Pass: InverseCancellation - 0.00882 (ms)
2026-07-13 15:01:38,626 [INFO] Pass: GatesInBasis - 0.83303 (ms)
2026-07-13 15:01:38,626 [INFO] Pass: Depth - 0.16761 (ms)
2026-07-13 15:01:38,627 [INFO] Pass: FixedPoint - 0.00596 (ms)
2026-07-13 15:01:38,627 [INFO] Pass: Size - 0.05937 (ms)
2026-07-13 15:01:38,627 [INFO] Pass: FixedPoint - 0.00405 (ms)
2026-07-13 15:01:38,627 [INFO] Pass: Optimize1qGatesDecomposition - 0.70310 (ms)
2026-07-13 15:01:38,627 [INFO] Pass: InverseCancellation - 0.00763 (ms)
2026-07-13 15:01:38,628 [INFO] Pass: GatesInBasis - 0.82135 (ms)
2026-07-13 15:01:38,629 [INFO] Pass: Depth - 0.16093 (ms)
2026-07-13 15:01:38,629 [INFO] Pass: FixedPoint - 0.00477 (ms)
2026-07-13 15:01:38,629 [INFO] Pass: Size - 0.05865 (ms)
2026-07-13 15:01:38,629 [INFO] Pass: FixedPoint - 0.00405 (ms)
2026-07-13 15:01:38,629 [INFO] Pass: ContainsInstruction - 0.00572 (ms)
2026-07-13 15:01:38,630 [INFO] Total Transpile Time - 66.40172 (ms)
2026-07-13 15:01:38,630 [INFO] Pass: ContainsInstruction - 0.01049 (ms)
2026-07-13 15:01:38,631 [INFO] Pass: InverseCancellation - 0.17524 (ms)
2026-07-13 15:01:38,631 [INFO] Pass: UnitarySynthesis - 0.00501 (ms)
2026-07-13 15:01:38,632 [INFO] Pass: HighLevelSynthesis - 1.49584 (ms)
2026-07-13 15:01:38,633 [INFO] Pass: BasisTranslator - 0.99444 (ms)
2026-07-13 15:01:38,633 [INFO] Pass: Depth - 0.18668 (ms)
2026-07-13 15:01:38,634 [INFO] Pass: FixedPoint - 0.00954 (ms)
2026-07-13 15:01:38,634 [INFO] Pass: Size - 0.06318 (ms)
2026-07-13 15:01:38,634 [INFO] Pass: FixedPoint - 0.00429 (ms)
2026-07-13 15:01:38,635 [INFO] Pass: Optimize1qGatesDecomposition - 0.87094 (ms)
2026-07-13 15:01:38,635 [INFO] Pass: InverseCancellation - 0.01049 (ms)
2026-07-13 15:01:38,635 [INFO] Pass: GatesInBasis - 0.80180 (ms)
2026-07-13 15:01:38,636 [INFO] Pass: Depth - 0.16928 (ms)
2026-07-13 15:01:38,636 [INFO] Pass: FixedPoint - 0.00572 (ms)
2026-07-13 15:01:38,636 [INFO] Pass: Size - 0.05937 (ms)
2026-07-13 15:01:38,636 [INFO] Pass: FixedPoint - 0.00453 (ms)
2026-07-13 15:01:38,637 [INFO] Pass: Optimize1qGatesDecomposition - 0.70405 (ms)
2026-07-13 15:01:38,637 [INFO] Pass: InverseCancellation - 0.00834 (ms)
2026-07-13 15:01:38,637 [INFO] Pass: GatesInBasis - 0.78654 (ms)
2026-07-13 15:01:38,638 [INFO] Pass: Depth - 0.16284 (ms)
2026-07-13 15:01:38,638 [INFO] Pass: FixedPoint - 0.00548 (ms)
2026-07-13 15:01:38,638 [INFO] Pass: Size - 0.05937 (ms)
2026-07-13 15:01:38,638 [INFO] Pass: FixedPoint - 0.00429 (ms)
2026-07-13 15:01:38,638 [INFO] Pass: ContainsInstruction - 0.00572 (ms)
2026-07-13 15:01:38,639 [INFO] Total Transpile Time - 66.16378 (ms)
2026-07-13 15:01:39,000 [INFO] [PCE] Aer metadata (1a ejecucion de este proceso): device=CPU method=statevector shots=2048 fusion_enabled=True
2026-07-13 15:01:39,002 [INFO] [PCE] Aer metadata (1a ejecucion de este proceso): device=CPU method=statevector shots=2048 fusion_enabled=True
2026-07-13 15:01:39,005 [INFO] [PCE] Aer metadata (1a ejecucion de este proceso): device=CPU method=statevector shots=2048 fusion_enabled=True
2026-07-13 15:01:39,008 [INFO] [PCE] Aer metadata (1a ejecucion de este proceso): device=CPU method=statevector shots=2048 fusion_enabled=True
2026-07-13 15:01:39,011 [INFO] [PCE] Aer metadata (1a ejecucion de este proceso): device=CPU method=statevector shots=2048 fusion_enabled=True
2026-07-13 15:01:39,013 [INFO] [PCE] Aer metadata (1a ejecucion de este proceso): device=CPU method=statevector shots=2048 fusion_enabled=True
2026-07-13 15:01:39,016 [INFO] [PCE] Aer metadata (1a ejecucion de este proceso): device=CPU method=statevector shots=2048 fusion_enabled=True
2026-07-13 15:01:39,019 [INFO] [PCE] Aer metadata (1a ejecucion de este proceso): device=CPU method=statevector shots=2048 fusion_enabled=True
2026-07-13 15:01:39,022 [INFO] [PCE] Aer metadata (1a ejecucion de este proceso): device=CPU method=statevector shots=2048 fusion_enabled=True
2026-07-13 15:01:39,025 [INFO] [PCE] Aer metadata (1a ejecucion de este proceso): device=CPU method=statevector shots=2048 fusion_enabled=True
2026-07-13 15:01:39,027 [INFO] [PCE] Aer metadata (1a ejecucion de este proceso): device=CPU method=statevector shots=2048 fusion_enabled=True
2026-07-13 15:01:39,030 [INFO] [PCE] Aer metadata (1a ejecucion de este proceso): device=CPU method=statevector shots=2048 fusion_enabled=True
2026-07-13 15:01:39,033 [INFO] [PCE] Aer metadata (1a ejecucion de este proceso): device=CPU method=statevector shots=2048 fusion_enabled=True
2026-07-13 15:01:39,036 [INFO] [PCE] Aer metadata (1a ejecucion de este proceso): device=CPU method=statevector shots=2048 fusion_enabled=True
2026-07-13 18:43:20,152 [INFO] [PCE] n=225 instancia (idx=53) 1/14 completada (paralelo) - transcurrido=0:03:41:42
2026-07-13 18:43:29,317 [INFO] [PCE] n=225 instancia (idx=39) 2/14 completada (paralelo) - transcurrido=0:03:41:51
2026-07-13 18:43:32,258 [INFO] [PCE] n=225 instancia (idx=46) 3/14 completada (paralelo) - transcurrido=0:03:41:54
2026-07-13 18:43:33,106 [INFO] [PCE] n=225 instancia (idx=88) 4/14 completada (paralelo) - transcurrido=0:03:41:55
2026-07-13 18:43:44,773 [INFO] [PCE] n=225 instancia (idx=4) 5/14 completada (paralelo) - transcurrido=0:03:42:06
2026-07-13 18:50:36,630 [INFO] [PCE] n=225 instancia (idx=60) 6/14 completada (paralelo) - transcurrido=0:03:48:58
2026-07-13 18:52:22,294 [INFO] [PCE] n=225 instancia (idx=18) 7/14 completada (paralelo) - transcurrido=0:03:50:44
2026-07-13 18:53:35,167 [INFO] [PCE] n=225 instancia (idx=11) 8/14 completada (paralelo) - transcurrido=0:03:51:57
2026-07-13 18:54:57,570 [INFO] [PCE] n=225 instancia (idx=74) 9/14 completada (paralelo) - transcurrido=0:03:53:19
2026-07-13 18:55:01,927 [INFO] [PCE] n=225 instancia (idx=95) 10/14 completada (paralelo) - transcurrido=0:03:53:24
2026-07-13 18:57:01,322 [INFO] [PCE] n=225 instancia (idx=32) 11/14 completada (paralelo) - transcurrido=0:03:55:23
2026-07-13 18:57:21,226 [INFO] [PCE] n=225 instancia (idx=67) 12/14 completada (paralelo) - transcurrido=0:03:55:43
2026-07-13 18:57:38,307 [INFO] [PCE] n=225 instancia (idx=25) 13/14 completada (paralelo) - transcurrido=0:03:56:00
2026-07-13 18:59:06,836 [INFO] [PCE] n=225 instancia (idx=81) 14/14 completada (paralelo) - transcurrido=0:03:57:29
2026-07-13 18:59:07,024 [INFO] [PCE] n=225 chunk 5/7 completado - beta_parcial=0.2191 duration=0:03:57:29 shots=2048 backend=AER
