gcc/system unloaded
gcccore/system unloaded
cesga/2022 unloaded
rust/1.75.0 unloaded
imkl/2022.0.1 unloaded
numpy/1.26.4 unloaded
scipy/1.13.1 unloaded
flint/2.8.4 unloaded
symengine/0.11.1 unloaded
symengine-python/0.11.0 unloaded
spdlog/1.9.2 unloaded
pylatexenc/2.10 unloaded
qiskit/1.2.4-aer-gpu-cu11 unloaded
        Preparing the environment for use of the CESGA 2022 software stack.
        Please rebuild modules cache: module --ignore-cache avail
     
cesga/2022 loaded
rust/1.75.0 loaded

imkl/2023.2.0 loaded
numpy/1.26.4 loaded
scipy/1.13.1 loaded
imkl/2023.2.0 unloaded

imkl/2022.0.1 loaded
flint/2.8.4 loaded
symengine/0.11.1 loaded
symengine-python/0.11.0 loaded
spdlog/1.9.2 loaded
pylatexenc/2.10 loaded
gcccore/system loaded
gcc/system loaded
qiskit/1.2.4-aer-gpu-cu11 loaded
2026-07-13 10:44:49,964 [INFO] [PCE] n=200 chunk 2/7: 15 instancias [1, 8, 15, 22, 29, 36, 43, 50, 57, 64, 71, 78, 85, 92, 99], num_workers=15, qubits=9
2026-07-13 10:44:49,964 [INFO] [PCE] n=200 paralelizando 15 instancias entre 15 workers (max_parallel_threads=1 fijo, independiente de num_workers)
2026-07-13 10:44:50,144 [INFO] Pass: ContainsInstruction - 0.01669 (ms)
2026-07-13 10:44:50,144 [INFO] Pass: ContainsInstruction - 0.01502 (ms)
2026-07-13 10:44:50,144 [INFO] Pass: ContainsInstruction - 0.01574 (ms)
2026-07-13 10:44:50,144 [INFO] Pass: ContainsInstruction - 0.01478 (ms)
2026-07-13 10:44:50,144 [INFO] Pass: ContainsInstruction - 0.01860 (ms)
2026-07-13 10:44:50,144 [INFO] Pass: ContainsInstruction - 0.01359 (ms)
2026-07-13 10:44:50,144 [INFO] Pass: ContainsInstruction - 0.01454 (ms)
2026-07-13 10:44:50,144 [INFO] Pass: ContainsInstruction - 0.01454 (ms)
2026-07-13 10:44:50,144 [INFO] Pass: ContainsInstruction - 0.01407 (ms)
2026-07-13 10:44:50,144 [INFO] Pass: ContainsInstruction - 0.01454 (ms)
2026-07-13 10:44:50,144 [INFO] Pass: ContainsInstruction - 0.01407 (ms)
2026-07-13 10:44:50,144 [INFO] Pass: InverseCancellation - 0.02074 (ms)
2026-07-13 10:44:50,144 [INFO] Pass: InverseCancellation - 0.02003 (ms)
2026-07-13 10:44:50,144 [INFO] Pass: InverseCancellation - 0.01907 (ms)
2026-07-13 10:44:50,144 [INFO] Pass: InverseCancellation - 0.02027 (ms)
2026-07-13 10:44:50,144 [INFO] Pass: InverseCancellation - 0.01812 (ms)
2026-07-13 10:44:50,144 [INFO] Pass: InverseCancellation - 0.01979 (ms)
2026-07-13 10:44:50,144 [INFO] Pass: InverseCancellation - 0.02003 (ms)
2026-07-13 10:44:50,144 [INFO] Pass: InverseCancellation - 0.01931 (ms)
2026-07-13 10:44:50,144 [INFO] Pass: InverseCancellation - 0.01884 (ms)
2026-07-13 10:44:50,144 [INFO] Pass: InverseCancellation - 0.02122 (ms)
2026-07-13 10:44:50,144 [INFO] Pass: InverseCancellation - 0.02074 (ms)
2026-07-13 10:44:50,144 [INFO] Pass: UnitarySynthesis - 0.00644 (ms)
2026-07-13 10:44:50,144 [INFO] Pass: UnitarySynthesis - 0.00620 (ms)
2026-07-13 10:44:50,144 [INFO] Pass: UnitarySynthesis - 0.00644 (ms)
2026-07-13 10:44:50,144 [INFO] Pass: UnitarySynthesis - 0.00596 (ms)
2026-07-13 10:44:50,144 [INFO] Pass: UnitarySynthesis - 0.00596 (ms)
2026-07-13 10:44:50,144 [INFO] Pass: UnitarySynthesis - 0.00596 (ms)
2026-07-13 10:44:50,144 [INFO] Pass: UnitarySynthesis - 0.00572 (ms)
2026-07-13 10:44:50,144 [INFO] Pass: UnitarySynthesis - 0.00596 (ms)
2026-07-13 10:44:50,144 [INFO] Pass: UnitarySynthesis - 0.00596 (ms)
2026-07-13 10:44:50,144 [INFO] Pass: UnitarySynthesis - 0.00620 (ms)
2026-07-13 10:44:50,144 [INFO] Pass: UnitarySynthesis - 0.00644 (ms)
2026-07-13 10:44:50,146 [INFO] Pass: HighLevelSynthesis - 1.49751 (ms)
2026-07-13 10:44:50,146 [INFO] Pass: HighLevelSynthesis - 1.48177 (ms)
2026-07-13 10:44:50,146 [INFO] Pass: HighLevelSynthesis - 1.50347 (ms)
2026-07-13 10:44:50,146 [INFO] Pass: HighLevelSynthesis - 1.50895 (ms)
2026-07-13 10:44:50,146 [INFO] Pass: HighLevelSynthesis - 1.49059 (ms)
2026-07-13 10:44:50,146 [INFO] Pass: HighLevelSynthesis - 1.50394 (ms)
2026-07-13 10:44:50,146 [INFO] Pass: HighLevelSynthesis - 1.51825 (ms)
2026-07-13 10:44:50,146 [INFO] Pass: HighLevelSynthesis - 1.55044 (ms)
2026-07-13 10:44:50,146 [INFO] Pass: HighLevelSynthesis - 1.55354 (ms)
2026-07-13 10:44:50,146 [INFO] Pass: HighLevelSynthesis - 1.53661 (ms)
2026-07-13 10:44:50,146 [INFO] Pass: HighLevelSynthesis - 1.54996 (ms)
2026-07-13 10:44:50,146 [INFO] Pass: BasisTranslator - 0.75316 (ms)
2026-07-13 10:44:50,146 [INFO] Pass: BasisTranslator - 0.75817 (ms)
2026-07-13 10:44:50,147 [INFO] Pass: BasisTranslator - 0.75245 (ms)
2026-07-13 10:44:50,147 [INFO] Pass: BasisTranslator - 0.75221 (ms)
2026-07-13 10:44:50,147 [INFO] Pass: BasisTranslator - 0.75674 (ms)
2026-07-13 10:44:50,147 [INFO] Pass: BasisTranslator - 0.75531 (ms)
2026-07-13 10:44:50,147 [INFO] Pass: BasisTranslator - 0.81015 (ms)
2026-07-13 10:44:50,147 [INFO] Pass: BasisTranslator - 0.75793 (ms)
2026-07-13 10:44:50,147 [INFO] Pass: BasisTranslator - 0.75841 (ms)
2026-07-13 10:44:50,147 [INFO] Pass: BasisTranslator - 0.81134 (ms)
2026-07-13 10:44:50,147 [INFO] Pass: BasisTranslator - 0.81158 (ms)
2026-07-13 10:44:50,147 [INFO] Pass: Depth - 0.19097 (ms)
2026-07-13 10:44:50,147 [INFO] Pass: Depth - 0.18597 (ms)
2026-07-13 10:44:50,147 [INFO] Pass: Depth - 0.19526 (ms)
2026-07-13 10:44:50,147 [INFO] Pass: Depth - 0.18716 (ms)
2026-07-13 10:44:50,147 [INFO] Pass: FixedPoint - 0.01335 (ms)
2026-07-13 10:44:50,147 [INFO] Pass: FixedPoint - 0.01216 (ms)
2026-07-13 10:44:50,147 [INFO] Pass: FixedPoint - 0.01359 (ms)
2026-07-13 10:44:50,147 [INFO] Pass: Depth - 0.18430 (ms)
2026-07-13 10:44:50,147 [INFO] Pass: Depth - 0.18978 (ms)
2026-07-13 10:44:50,147 [INFO] Pass: Depth - 0.18477 (ms)
2026-07-13 10:44:50,147 [INFO] Pass: Depth - 0.18811 (ms)
2026-07-13 10:44:50,147 [INFO] Pass: Depth - 0.18907 (ms)
2026-07-13 10:44:50,147 [INFO] Pass: Depth - 0.18430 (ms)
2026-07-13 10:44:50,147 [INFO] Pass: FixedPoint - 0.01383 (ms)
2026-07-13 10:44:50,147 [INFO] Pass: FixedPoint - 0.01264 (ms)
2026-07-13 10:44:50,147 [INFO] Pass: Depth - 0.18907 (ms)
2026-07-13 10:44:50,147 [INFO] Pass: FixedPoint - 0.01335 (ms)
2026-07-13 10:44:50,147 [INFO] Pass: FixedPoint - 0.01478 (ms)
2026-07-13 10:44:50,147 [INFO] Pass: FixedPoint - 0.01240 (ms)
2026-07-13 10:44:50,147 [INFO] Pass: FixedPoint - 0.01335 (ms)
2026-07-13 10:44:50,147 [INFO] Pass: FixedPoint - 0.01216 (ms)
2026-07-13 10:44:50,147 [INFO] Pass: Size - 0.06485 (ms)
2026-07-13 10:44:50,147 [INFO] Pass: Size - 0.06366 (ms)
2026-07-13 10:44:50,147 [INFO] Pass: Size - 0.06700 (ms)
2026-07-13 10:44:50,147 [INFO] Pass: FixedPoint - 0.01192 (ms)
2026-07-13 10:44:50,147 [INFO] Pass: Size - 0.06223 (ms)
2026-07-13 10:44:50,147 [INFO] Pass: FixedPoint - 0.00477 (ms)
2026-07-13 10:44:50,147 [INFO] Pass: FixedPoint - 0.00501 (ms)
2026-07-13 10:44:50,147 [INFO] Pass: FixedPoint - 0.00453 (ms)
2026-07-13 10:44:50,147 [INFO] Pass: Size - 0.06580 (ms)
2026-07-13 10:44:50,147 [INFO] Pass: Size - 0.06652 (ms)
2026-07-13 10:44:50,147 [INFO] Pass: Size - 0.06390 (ms)
2026-07-13 10:44:50,147 [INFO] Pass: FixedPoint - 0.00477 (ms)
2026-07-13 10:44:50,147 [INFO] Pass: Size - 0.06795 (ms)
2026-07-13 10:44:50,147 [INFO] Pass: Size - 0.06485 (ms)
2026-07-13 10:44:50,147 [INFO] Pass: Size - 0.06628 (ms)
2026-07-13 10:44:50,147 [INFO] Pass: FixedPoint - 0.00501 (ms)
2026-07-13 10:44:50,147 [INFO] Pass: FixedPoint - 0.00453 (ms)
2026-07-13 10:44:50,147 [INFO] Pass: Size - 0.06628 (ms)
2026-07-13 10:44:50,147 [INFO] Pass: FixedPoint - 0.00501 (ms)
2026-07-13 10:44:50,147 [INFO] Pass: FixedPoint - 0.00477 (ms)
2026-07-13 10:44:50,147 [INFO] Pass: FixedPoint - 0.00501 (ms)
2026-07-13 10:44:50,147 [INFO] Pass: FixedPoint - 0.00453 (ms)
2026-07-13 10:44:50,147 [INFO] Pass: FixedPoint - 0.00453 (ms)
2026-07-13 10:44:50,147 [INFO] Pass: Optimize1qGatesDecomposition - 0.14210 (ms)
2026-07-13 10:44:50,147 [INFO] Pass: Optimize1qGatesDecomposition - 0.14162 (ms)
2026-07-13 10:44:50,147 [INFO] Pass: Optimize1qGatesDecomposition - 0.13709 (ms)
2026-07-13 10:44:50,147 [INFO] Pass: ContainsInstruction - 0.01216 (ms)
2026-07-13 10:44:50,147 [INFO] Pass: Optimize1qGatesDecomposition - 0.13638 (ms)
2026-07-13 10:44:50,147 [INFO] Pass: Optimize1qGatesDecomposition - 0.13614 (ms)
2026-07-13 10:44:50,147 [INFO] Pass: Optimize1qGatesDecomposition - 0.13280 (ms)
2026-07-13 10:44:50,147 [INFO] Pass: InverseCancellation - 0.00811 (ms)
2026-07-13 10:44:50,147 [INFO] Pass: InverseCancellation - 0.00882 (ms)
2026-07-13 10:44:50,147 [INFO] Pass: InverseCancellation - 0.00882 (ms)
2026-07-13 10:44:50,147 [INFO] Pass: Optimize1qGatesDecomposition - 0.13685 (ms)
2026-07-13 10:44:50,147 [INFO] Pass: Optimize1qGatesDecomposition - 0.13423 (ms)
2026-07-13 10:44:50,147 [INFO] Pass: Optimize1qGatesDecomposition - 0.13804 (ms)
2026-07-13 10:44:50,147 [INFO] Pass: InverseCancellation - 0.00787 (ms)
2026-07-13 10:44:50,147 [INFO] Pass: Optimize1qGatesDecomposition - 0.15378 (ms)
2026-07-13 10:44:50,147 [INFO] Pass: InverseCancellation - 0.00811 (ms)
2026-07-13 10:44:50,147 [INFO] Pass: InverseCancellation - 0.00882 (ms)
2026-07-13 10:44:50,147 [INFO] Pass: Optimize1qGatesDecomposition - 0.13828 (ms)
2026-07-13 10:44:50,147 [INFO] Pass: InverseCancellation - 0.01907 (ms)
2026-07-13 10:44:50,147 [INFO] Pass: InverseCancellation - 0.00906 (ms)
2026-07-13 10:44:50,147 [INFO] Pass: InverseCancellation - 0.00858 (ms)
2026-07-13 10:44:50,147 [INFO] Pass: InverseCancellation - 0.00834 (ms)
2026-07-13 10:44:50,147 [INFO] Pass: InverseCancellation - 0.01073 (ms)
2026-07-13 10:44:50,147 [INFO] Pass: InverseCancellation - 0.00834 (ms)
2026-07-13 10:44:50,147 [INFO] Pass: UnitarySynthesis - 0.00644 (ms)
2026-07-13 10:44:50,148 [INFO] Pass: GatesInBasis - 0.79274 (ms)
2026-07-13 10:44:50,148 [INFO] Pass: GatesInBasis - 0.81396 (ms)
2026-07-13 10:44:50,148 [INFO] Pass: GatesInBasis - 0.76342 (ms)
2026-07-13 10:44:50,148 [INFO] Pass: GatesInBasis - 0.76342 (ms)
2026-07-13 10:44:50,148 [INFO] Pass: GatesInBasis - 0.83184 (ms)
2026-07-13 10:44:50,148 [INFO] Pass: GatesInBasis - 0.80204 (ms)
2026-07-13 10:44:50,148 [INFO] Pass: GatesInBasis - 0.79894 (ms)
2026-07-13 10:44:50,148 [INFO] Pass: GatesInBasis - 0.78988 (ms)
2026-07-13 10:44:50,148 [INFO] Pass: GatesInBasis - 0.76056 (ms)
2026-07-13 10:44:50,148 [INFO] Pass: GatesInBasis - 0.83542 (ms)
2026-07-13 10:44:50,148 [INFO] Pass: GatesInBasis - 0.80204 (ms)
2026-07-13 10:44:50,148 [INFO] Pass: Depth - 0.15521 (ms)
2026-07-13 10:44:50,148 [INFO] Pass: Depth - 0.15068 (ms)
2026-07-13 10:44:50,148 [INFO] Pass: Depth - 0.15068 (ms)
2026-07-13 10:44:50,148 [INFO] Pass: Depth - 0.15092 (ms)
2026-07-13 10:44:50,148 [INFO] Pass: Depth - 0.15259 (ms)
2026-07-13 10:44:50,148 [INFO] Pass: FixedPoint - 0.00525 (ms)
2026-07-13 10:44:50,148 [INFO] Pass: Depth - 0.15163 (ms)
2026-07-13 10:44:50,148 [INFO] Pass: Depth - 0.15521 (ms)
2026-07-13 10:44:50,148 [INFO] Pass: Depth - 0.14949 (ms)
2026-07-13 10:44:50,148 [INFO] Pass: FixedPoint - 0.00548 (ms)
2026-07-13 10:44:50,148 [INFO] Pass: Depth - 0.15187 (ms)
2026-07-13 10:44:50,148 [INFO] Pass: Depth - 0.15092 (ms)
2026-07-13 10:44:50,148 [INFO] Pass: FixedPoint - 0.00477 (ms)
2026-07-13 10:44:50,148 [INFO] Pass: FixedPoint - 0.00525 (ms)
2026-07-13 10:44:50,148 [INFO] Pass: FixedPoint - 0.00548 (ms)
2026-07-13 10:44:50,148 [INFO] Pass: FixedPoint - 0.00525 (ms)
2026-07-13 10:44:50,148 [INFO] Pass: FixedPoint - 0.00501 (ms)
2026-07-13 10:44:50,148 [INFO] Pass: FixedPoint - 0.00525 (ms)
2026-07-13 10:44:50,148 [INFO] Pass: Depth - 0.15259 (ms)
2026-07-13 10:44:50,148 [INFO] Pass: FixedPoint - 0.00501 (ms)
2026-07-13 10:44:50,148 [INFO] Pass: FixedPoint - 0.00548 (ms)
2026-07-13 10:44:50,148 [INFO] Pass: FixedPoint - 0.00501 (ms)
2026-07-13 10:44:50,148 [INFO] Pass: Size - 0.05531 (ms)
2026-07-13 10:44:50,148 [INFO] Pass: Size - 0.05484 (ms)
2026-07-13 10:44:50,148 [INFO] Pass: Size - 0.05531 (ms)
2026-07-13 10:44:50,148 [INFO] Pass: Size - 0.05436 (ms)
2026-07-13 10:44:50,148 [INFO] Pass: Size - 0.05484 (ms)
2026-07-13 10:44:50,148 [INFO] Pass: FixedPoint - 0.00429 (ms)
2026-07-13 10:44:50,148 [INFO] Pass: Size - 0.05460 (ms)
2026-07-13 10:44:50,148 [INFO] Pass: Size - 0.05484 (ms)
2026-07-13 10:44:50,148 [INFO] Pass: Size - 0.05460 (ms)
2026-07-13 10:44:50,148 [INFO] Pass: FixedPoint - 0.00429 (ms)
2026-07-13 10:44:50,148 [INFO] Pass: Size - 0.05460 (ms)
2026-07-13 10:44:50,148 [INFO] Pass: FixedPoint - 0.00477 (ms)
2026-07-13 10:44:50,148 [INFO] Pass: FixedPoint - 0.00429 (ms)
2026-07-13 10:44:50,148 [INFO] Pass: Size - 0.05627 (ms)
2026-07-13 10:44:50,148 [INFO] Pass: FixedPoint - 0.00429 (ms)
2026-07-13 10:44:50,148 [INFO] Pass: FixedPoint - 0.00453 (ms)
2026-07-13 10:44:50,148 [INFO] Pass: ContainsInstruction - 0.00548 (ms)
2026-07-13 10:44:50,148 [INFO] Pass: FixedPoint - 0.00453 (ms)
2026-07-13 10:44:50,148 [INFO] Pass: FixedPoint - 0.00405 (ms)
2026-07-13 10:44:50,148 [INFO] Pass: Size - 0.05484 (ms)
2026-07-13 10:44:50,148 [INFO] Pass: ContainsInstruction - 0.00525 (ms)
2026-07-13 10:44:50,148 [INFO] Pass: FixedPoint - 0.00429 (ms)
2026-07-13 10:44:50,148 [INFO] Pass: ContainsInstruction - 0.00525 (ms)
2026-07-13 10:44:50,148 [INFO] Pass: FixedPoint - 0.00453 (ms)
2026-07-13 10:44:50,148 [INFO] Pass: ContainsInstruction - 0.00548 (ms)
2026-07-13 10:44:50,148 [INFO] Pass: ContainsInstruction - 0.00525 (ms)
2026-07-13 10:44:50,148 [INFO] Pass: ContainsInstruction - 0.00501 (ms)
2026-07-13 10:44:50,148 [INFO] Pass: ContainsInstruction - 0.00525 (ms)
2026-07-13 10:44:50,148 [INFO] Pass: FixedPoint - 0.00405 (ms)
2026-07-13 10:44:50,148 [INFO] Pass: ContainsInstruction - 0.00525 (ms)
2026-07-13 10:44:50,148 [INFO] Pass: ContainsInstruction - 0.00548 (ms)
2026-07-13 10:44:50,148 [INFO] Pass: ContainsInstruction - 0.00525 (ms)
2026-07-13 10:44:50,148 [INFO] Pass: ContainsInstruction - 0.00501 (ms)
2026-07-13 10:44:50,149 [INFO] Pass: HighLevelSynthesis - 1.46151 (ms)
2026-07-13 10:44:50,150 [INFO] Pass: BasisTranslator - 0.75221 (ms)
2026-07-13 10:44:50,150 [INFO] Total Transpile Time - 100.81267 (ms)
2026-07-13 10:44:50,150 [INFO] Total Transpile Time - 120.44120 (ms)
2026-07-13 10:44:50,150 [INFO] Total Transpile Time - 117.58232 (ms)
2026-07-13 10:44:50,150 [INFO] Total Transpile Time - 123.71469 (ms)
2026-07-13 10:44:50,150 [INFO] Total Transpile Time - 107.14865 (ms)
2026-07-13 10:44:50,150 [INFO] Total Transpile Time - 123.68941 (ms)
2026-07-13 10:44:50,150 [INFO] Total Transpile Time - 110.80480 (ms)
2026-07-13 10:44:50,150 [INFO] Total Transpile Time - 128.68333 (ms)
2026-07-13 10:44:50,150 [INFO] Pass: Depth - 0.18597 (ms)
2026-07-13 10:44:50,150 [INFO] Total Transpile Time - 123.76595 (ms)
2026-07-13 10:44:50,150 [INFO] Total Transpile Time - 114.63547 (ms)
2026-07-13 10:44:50,150 [INFO] Total Transpile Time - 104.48837 (ms)
2026-07-13 10:44:50,150 [INFO] Pass: FixedPoint - 0.01407 (ms)
2026-07-13 10:44:50,150 [INFO] Pass: Size - 0.06771 (ms)
2026-07-13 10:44:50,150 [INFO] Pass: FixedPoint - 0.00501 (ms)
2026-07-13 10:44:50,150 [INFO] Pass: Optimize1qGatesDecomposition - 0.13614 (ms)
2026-07-13 10:44:50,150 [INFO] Pass: InverseCancellation - 0.00811 (ms)
2026-07-13 10:44:50,151 [INFO] Pass: GatesInBasis - 0.80180 (ms)
2026-07-13 10:44:50,151 [INFO] Pass: Depth - 0.15163 (ms)
2026-07-13 10:44:50,151 [INFO] Pass: FixedPoint - 0.00548 (ms)
2026-07-13 10:44:50,151 [INFO] Pass: Size - 0.05531 (ms)
2026-07-13 10:44:50,151 [INFO] Pass: FixedPoint - 0.00405 (ms)
2026-07-13 10:44:50,151 [INFO] Pass: ContainsInstruction - 0.00501 (ms)
2026-07-13 10:44:50,152 [INFO] Pass: ContainsInstruction - 0.01311 (ms)
2026-07-13 10:44:50,152 [INFO] Pass: InverseCancellation - 0.02003 (ms)
2026-07-13 10:44:50,152 [INFO] Pass: UnitarySynthesis - 0.00596 (ms)
2026-07-13 10:44:50,152 [INFO] Pass: ContainsInstruction - 0.01335 (ms)
2026-07-13 10:44:50,152 [INFO] Pass: InverseCancellation - 0.01955 (ms)
2026-07-13 10:44:50,153 [INFO] Pass: UnitarySynthesis - 0.00596 (ms)
2026-07-13 10:44:50,153 [INFO] Total Transpile Time - 100.08311 (ms)
2026-07-13 10:44:50,153 [INFO] Pass: HighLevelSynthesis - 1.48129 (ms)
2026-07-13 10:44:50,154 [INFO] Pass: HighLevelSynthesis - 1.47319 (ms)
2026-07-13 10:44:50,154 [INFO] Pass: BasisTranslator - 0.80848 (ms)
2026-07-13 10:44:50,154 [INFO] Pass: Depth - 0.18716 (ms)
2026-07-13 10:44:50,154 [INFO] Pass: FixedPoint - 0.01240 (ms)
2026-07-13 10:44:50,155 [INFO] Pass: Size - 0.06032 (ms)
2026-07-13 10:44:50,155 [INFO] Pass: FixedPoint - 0.00477 (ms)
2026-07-13 10:44:50,155 [INFO] Pass: Optimize1qGatesDecomposition - 0.13208 (ms)
2026-07-13 10:44:50,155 [INFO] Pass: InverseCancellation - 0.00858 (ms)
2026-07-13 10:44:50,155 [INFO] Pass: BasisTranslator - 0.79608 (ms)
2026-07-13 10:44:50,155 [INFO] Pass: Depth - 0.18644 (ms)
2026-07-13 10:44:50,155 [INFO] Pass: FixedPoint - 0.01383 (ms)
2026-07-13 10:44:50,155 [INFO] Pass: Size - 0.05960 (ms)
2026-07-13 10:44:50,155 [INFO] Pass: FixedPoint - 0.00453 (ms)
2026-07-13 10:44:50,155 [INFO] Pass: Optimize1qGatesDecomposition - 0.13256 (ms)
2026-07-13 10:44:50,156 [INFO] Pass: InverseCancellation - 0.00787 (ms)
2026-07-13 10:44:50,156 [INFO] Pass: GatesInBasis - 0.79346 (ms)
2026-07-13 10:44:50,156 [INFO] Pass: Depth - 0.15068 (ms)
2026-07-13 10:44:50,156 [INFO] Pass: FixedPoint - 0.00525 (ms)
2026-07-13 10:44:50,156 [INFO] Pass: Size - 0.05460 (ms)
2026-07-13 10:44:50,156 [INFO] Pass: FixedPoint - 0.00429 (ms)
2026-07-13 10:44:50,156 [INFO] Pass: ContainsInstruction - 0.00477 (ms)
2026-07-13 10:44:50,156 [INFO] Pass: GatesInBasis - 0.75769 (ms)
2026-07-13 10:44:50,156 [INFO] Pass: Depth - 0.15092 (ms)
2026-07-13 10:44:50,157 [INFO] Pass: FixedPoint - 0.00501 (ms)
2026-07-13 10:44:50,157 [INFO] Pass: Size - 0.05436 (ms)
2026-07-13 10:44:50,157 [INFO] Pass: FixedPoint - 0.00429 (ms)
2026-07-13 10:44:50,157 [INFO] Pass: ContainsInstruction - 0.00453 (ms)
2026-07-13 10:44:50,157 [INFO] Total Transpile Time - 100.43406 (ms)
2026-07-13 10:44:50,158 [INFO] Total Transpile Time - 96.83013 (ms)
2026-07-13 10:44:50,159 [INFO] Pass: ContainsInstruction - 0.01788 (ms)
2026-07-13 10:44:50,159 [INFO] Pass: InverseCancellation - 0.01645 (ms)
2026-07-13 10:44:50,159 [INFO] Pass: UnitarySynthesis - 0.00572 (ms)
2026-07-13 10:44:50,160 [INFO] Pass: HighLevelSynthesis - 1.46770 (ms)
2026-07-13 10:44:50,161 [INFO] Pass: BasisTranslator - 0.79083 (ms)
2026-07-13 10:44:50,161 [INFO] Pass: Depth - 0.18215 (ms)
2026-07-13 10:44:50,161 [INFO] Pass: FixedPoint - 0.01168 (ms)
2026-07-13 10:44:50,161 [INFO] Pass: Size - 0.05913 (ms)
2026-07-13 10:44:50,161 [INFO] Pass: FixedPoint - 0.00453 (ms)
2026-07-13 10:44:50,162 [INFO] Pass: Optimize1qGatesDecomposition - 0.13137 (ms)
2026-07-13 10:44:50,162 [INFO] Pass: InverseCancellation - 0.00763 (ms)
2026-07-13 10:44:50,162 [INFO] Pass: GatesInBasis - 0.75865 (ms)
2026-07-13 10:44:50,163 [INFO] Pass: Depth - 0.14997 (ms)
2026-07-13 10:44:50,163 [INFO] Pass: FixedPoint - 0.00525 (ms)
2026-07-13 10:44:50,163 [INFO] Pass: Size - 0.05460 (ms)
2026-07-13 10:44:50,163 [INFO] Pass: FixedPoint - 0.00453 (ms)
2026-07-13 10:44:50,163 [INFO] Pass: ContainsInstruction - 0.00501 (ms)
2026-07-13 10:44:50,164 [INFO] Total Transpile Time - 99.03955 (ms)
2026-07-13 10:44:50,207 [INFO] Pass: ContainsInstruction - 0.00811 (ms)
2026-07-13 10:44:50,207 [INFO] Pass: ContainsInstruction - 0.00858 (ms)
2026-07-13 10:44:50,207 [INFO] Pass: ContainsInstruction - 0.00787 (ms)
2026-07-13 10:44:50,207 [INFO] Pass: InverseCancellation - 0.16785 (ms)
2026-07-13 10:44:50,207 [INFO] Pass: ContainsInstruction - 0.00787 (ms)
2026-07-13 10:44:50,207 [INFO] Pass: UnitarySynthesis - 0.00501 (ms)
2026-07-13 10:44:50,207 [INFO] Pass: ContainsInstruction - 0.01073 (ms)
2026-07-13 10:44:50,207 [INFO] Pass: ContainsInstruction - 0.00787 (ms)
2026-07-13 10:44:50,207 [INFO] Pass: InverseCancellation - 0.16642 (ms)
2026-07-13 10:44:50,207 [INFO] Pass: ContainsInstruction - 0.00834 (ms)
2026-07-13 10:44:50,207 [INFO] Pass: UnitarySynthesis - 0.00501 (ms)
2026-07-13 10:44:50,207 [INFO] Pass: ContainsInstruction - 0.00811 (ms)
2026-07-13 10:44:50,207 [INFO] Pass: InverseCancellation - 0.16379 (ms)
2026-07-13 10:44:50,207 [INFO] Pass: ContainsInstruction - 0.00834 (ms)
2026-07-13 10:44:50,207 [INFO] Pass: UnitarySynthesis - 0.00501 (ms)
2026-07-13 10:44:50,207 [INFO] Pass: InverseCancellation - 0.16212 (ms)
2026-07-13 10:44:50,207 [INFO] Pass: ContainsInstruction - 0.00858 (ms)
2026-07-13 10:44:50,207 [INFO] Pass: InverseCancellation - 0.16379 (ms)
2026-07-13 10:44:50,207 [INFO] Pass: UnitarySynthesis - 0.00525 (ms)
2026-07-13 10:44:50,207 [INFO] Pass: InverseCancellation - 0.16379 (ms)
2026-07-13 10:44:50,207 [INFO] Pass: UnitarySynthesis - 0.00572 (ms)
2026-07-13 10:44:50,207 [INFO] Pass: UnitarySynthesis - 0.00548 (ms)
2026-07-13 10:44:50,207 [INFO] Pass: InverseCancellation - 0.16212 (ms)
2026-07-13 10:44:50,207 [INFO] Pass: InverseCancellation - 0.16522 (ms)
2026-07-13 10:44:50,207 [INFO] Pass: UnitarySynthesis - 0.00453 (ms)
2026-07-13 10:44:50,207 [INFO] Pass: UnitarySynthesis - 0.00525 (ms)
2026-07-13 10:44:50,207 [INFO] Pass: ContainsInstruction - 0.00858 (ms)
2026-07-13 10:44:50,207 [INFO] Pass: InverseCancellation - 0.16332 (ms)
2026-07-13 10:44:50,207 [INFO] Pass: InverseCancellation - 0.16379 (ms)
2026-07-13 10:44:50,207 [INFO] Pass: UnitarySynthesis - 0.00477 (ms)
2026-07-13 10:44:50,207 [INFO] Pass: UnitarySynthesis - 0.00525 (ms)
2026-07-13 10:44:50,208 [INFO] Pass: InverseCancellation - 0.16809 (ms)
2026-07-13 10:44:50,208 [INFO] Pass: UnitarySynthesis - 0.00525 (ms)
2026-07-13 10:44:50,208 [INFO] Pass: HighLevelSynthesis - 1.36018 (ms)
2026-07-13 10:44:50,208 [INFO] Pass: HighLevelSynthesis - 1.37472 (ms)
2026-07-13 10:44:50,209 [INFO] Pass: HighLevelSynthesis - 1.37568 (ms)
2026-07-13 10:44:50,209 [INFO] Pass: HighLevelSynthesis - 1.37281 (ms)
2026-07-13 10:44:50,209 [INFO] Pass: HighLevelSynthesis - 1.37138 (ms)
2026-07-13 10:44:50,209 [INFO] Pass: HighLevelSynthesis - 1.37591 (ms)
2026-07-13 10:44:50,209 [INFO] Pass: HighLevelSynthesis - 1.36542 (ms)
2026-07-13 10:44:50,209 [INFO] Pass: HighLevelSynthesis - 1.39832 (ms)
2026-07-13 10:44:50,209 [INFO] Pass: HighLevelSynthesis - 1.36137 (ms)
2026-07-13 10:44:50,209 [INFO] Pass: HighLevelSynthesis - 1.38807 (ms)
2026-07-13 10:44:50,209 [INFO] Pass: HighLevelSynthesis - 1.40882 (ms)
2026-07-13 10:44:50,209 [INFO] Pass: BasisTranslator - 0.91505 (ms)
2026-07-13 10:44:50,209 [INFO] Pass: BasisTranslator - 0.75793 (ms)
2026-07-13 10:44:50,209 [INFO] Pass: BasisTranslator - 0.91338 (ms)
2026-07-13 10:44:50,210 [INFO] Pass: BasisTranslator - 0.75531 (ms)
2026-07-13 10:44:50,210 [INFO] Pass: BasisTranslator - 0.75388 (ms)
2026-07-13 10:44:50,210 [INFO] Pass: Depth - 0.17309 (ms)
2026-07-13 10:44:50,210 [INFO] Pass: FixedPoint - 0.00763 (ms)
2026-07-13 10:44:50,210 [INFO] Pass: BasisTranslator - 0.90265 (ms)
2026-07-13 10:44:50,210 [INFO] Pass: Depth - 0.17309 (ms)
2026-07-13 10:44:50,210 [INFO] Pass: BasisTranslator - 0.89955 (ms)
2026-07-13 10:44:50,210 [INFO] Pass: BasisTranslator - 0.75722 (ms)
2026-07-13 10:44:50,210 [INFO] Pass: BasisTranslator - 0.75436 (ms)
2026-07-13 10:44:50,210 [INFO] Pass: FixedPoint - 0.00834 (ms)
2026-07-13 10:44:50,210 [INFO] Pass: Depth - 0.17548 (ms)
2026-07-13 10:44:50,210 [INFO] Pass: Size - 0.05889 (ms)
2026-07-13 10:44:50,210 [INFO] Pass: BasisTranslator - 0.74792 (ms)
2026-07-13 10:44:50,210 [INFO] Pass: Depth - 0.17214 (ms)
2026-07-13 10:44:50,210 [INFO] Pass: FixedPoint - 0.00787 (ms)
2026-07-13 10:44:50,210 [INFO] Pass: FixedPoint - 0.00477 (ms)
2026-07-13 10:44:50,210 [INFO] Pass: Size - 0.05770 (ms)
2026-07-13 10:44:50,210 [INFO] Pass: FixedPoint - 0.00763 (ms)
2026-07-13 10:44:50,210 [INFO] Pass: Depth - 0.17214 (ms)
2026-07-13 10:44:50,210 [INFO] Pass: FixedPoint - 0.00453 (ms)
2026-07-13 10:44:50,210 [INFO] Pass: FixedPoint - 0.00811 (ms)
2026-07-13 10:44:50,210 [INFO] Pass: Size - 0.05937 (ms)
2026-07-13 10:44:50,210 [INFO] Pass: Depth - 0.17452 (ms)
2026-07-13 10:44:50,210 [INFO] Pass: Depth - 0.17285 (ms)
2026-07-13 10:44:50,210 [INFO] Pass: Depth - 0.17643 (ms)
2026-07-13 10:44:50,210 [INFO] Pass: FixedPoint - 0.00429 (ms)
2026-07-13 10:44:50,210 [INFO] Pass: Size - 0.05770 (ms)
2026-07-13 10:44:50,210 [INFO] Pass: Depth - 0.17262 (ms)
2026-07-13 10:44:50,210 [INFO] Pass: FixedPoint - 0.00787 (ms)
2026-07-13 10:44:50,210 [INFO] Pass: FixedPoint - 0.00739 (ms)
2026-07-13 10:44:50,210 [INFO] Pass: FixedPoint - 0.00453 (ms)
2026-07-13 10:44:50,210 [INFO] Pass: FixedPoint - 0.00787 (ms)
2026-07-13 10:44:50,210 [INFO] Pass: Size - 0.05841 (ms)
2026-07-13 10:44:50,210 [INFO] Pass: FixedPoint - 0.00739 (ms)
2026-07-13 10:44:50,210 [INFO] Pass: Depth - 0.17023 (ms)
2026-07-13 10:44:50,210 [INFO] Pass: BasisTranslator - 0.75412 (ms)
2026-07-13 10:44:50,210 [INFO] Pass: FixedPoint - 0.00501 (ms)
2026-07-13 10:44:50,210 [INFO] Pass: FixedPoint - 0.00739 (ms)
2026-07-13 10:44:50,210 [INFO] Pass: Size - 0.06151 (ms)
2026-07-13 10:44:50,210 [INFO] Pass: Size - 0.06104 (ms)
2026-07-13 10:44:50,210 [INFO] Pass: Size - 0.05937 (ms)
2026-07-13 10:44:50,210 [INFO] Pass: Size - 0.05817 (ms)
2026-07-13 10:44:50,210 [INFO] Pass: FixedPoint - 0.00453 (ms)
2026-07-13 10:44:50,210 [INFO] Pass: FixedPoint - 0.00429 (ms)
2026-07-13 10:44:50,210 [INFO] Pass: FixedPoint - 0.00477 (ms)
2026-07-13 10:44:50,210 [INFO] Pass: FixedPoint - 0.00477 (ms)
2026-07-13 10:44:50,210 [INFO] Pass: Size - 0.05817 (ms)
2026-07-13 10:44:50,210 [INFO] Pass: FixedPoint - 0.00477 (ms)
2026-07-13 10:44:50,210 [INFO] Pass: Depth - 0.17285 (ms)
2026-07-13 10:44:50,210 [INFO] Pass: FixedPoint - 0.00834 (ms)
2026-07-13 10:44:50,210 [INFO] Pass: Size - 0.05841 (ms)
2026-07-13 10:44:50,210 [INFO] Pass: FixedPoint - 0.00453 (ms)
2026-07-13 10:44:50,211 [INFO] Pass: ContainsInstruction - 0.00811 (ms)
2026-07-13 10:44:50,211 [INFO] Pass: InverseCancellation - 0.17071 (ms)
2026-07-13 10:44:50,211 [INFO] Pass: UnitarySynthesis - 0.00525 (ms)
2026-07-13 10:44:50,211 [INFO] Pass: Optimize1qGatesDecomposition - 1.53732 (ms)
2026-07-13 10:44:50,211 [INFO] Pass: Optimize1qGatesDecomposition - 1.60670 (ms)
2026-07-13 10:44:50,211 [INFO] Pass: Optimize1qGatesDecomposition - 1.07980 (ms)
2026-07-13 10:44:50,211 [INFO] Pass: Optimize1qGatesDecomposition - 1.38092 (ms)
2026-07-13 10:44:50,211 [INFO] Pass: Optimize1qGatesDecomposition - 1.50776 (ms)
2026-07-13 10:44:50,211 [INFO] Pass: Optimize1qGatesDecomposition - 1.38044 (ms)
2026-07-13 10:44:50,211 [INFO] Pass: Optimize1qGatesDecomposition - 1.67060 (ms)
2026-07-13 10:44:50,211 [INFO] Pass: Optimize1qGatesDecomposition - 1.45793 (ms)
2026-07-13 10:44:50,211 [INFO] Pass: Optimize1qGatesDecomposition - 1.32251 (ms)
2026-07-13 10:44:50,211 [INFO] Pass: Optimize1qGatesDecomposition - 1.40142 (ms)
2026-07-13 10:44:50,211 [INFO] Pass: Optimize1qGatesDecomposition - 1.37377 (ms)
2026-07-13 10:44:50,212 [INFO] Pass: InverseCancellation - 0.14687 (ms)
2026-07-13 10:44:50,212 [INFO] Pass: InverseCancellation - 0.14710 (ms)
2026-07-13 10:44:50,212 [INFO] Pass: InverseCancellation - 0.14758 (ms)
2026-07-13 10:44:50,212 [INFO] Pass: InverseCancellation - 0.14877 (ms)
2026-07-13 10:44:50,212 [INFO] Pass: InverseCancellation - 0.14853 (ms)
2026-07-13 10:44:50,212 [INFO] Pass: InverseCancellation - 0.14901 (ms)
2026-07-13 10:44:50,212 [INFO] Pass: InverseCancellation - 0.14782 (ms)
2026-07-13 10:44:50,212 [INFO] Pass: InverseCancellation - 0.14615 (ms)
2026-07-13 10:44:50,212 [INFO] Pass: InverseCancellation - 0.15283 (ms)
2026-07-13 10:44:50,212 [INFO] Pass: InverseCancellation - 0.14949 (ms)
2026-07-13 10:44:50,212 [INFO] Pass: InverseCancellation - 0.15140 (ms)
2026-07-13 10:44:50,212 [INFO] Pass: GatesInBasis - 0.78464 (ms)
2026-07-13 10:44:50,212 [INFO] Pass: GatesInBasis - 0.79393 (ms)
2026-07-13 10:44:50,212 [INFO] Pass: GatesInBasis - 0.78821 (ms)
2026-07-13 10:44:50,212 [INFO] Pass: GatesInBasis - 0.78177 (ms)
2026-07-13 10:44:50,212 [INFO] Pass: GatesInBasis - 0.79274 (ms)
2026-07-13 10:44:50,212 [INFO] Pass: GatesInBasis - 0.79465 (ms)
2026-07-13 10:44:50,213 [INFO] Pass: HighLevelSynthesis - 1.38021 (ms)
2026-07-13 10:44:50,213 [INFO] Pass: GatesInBasis - 0.81635 (ms)
2026-07-13 10:44:50,213 [INFO] Pass: GatesInBasis - 0.82493 (ms)
2026-07-13 10:44:50,213 [INFO] Pass: GatesInBasis - 0.81992 (ms)
2026-07-13 10:44:50,213 [INFO] Pass: GatesInBasis - 0.82207 (ms)
2026-07-13 10:44:50,213 [INFO] Pass: GatesInBasis - 0.82350 (ms)
2026-07-13 10:44:50,213 [INFO] Pass: Depth - 0.15974 (ms)
2026-07-13 10:44:50,213 [INFO] Pass: Depth - 0.15855 (ms)
2026-07-13 10:44:50,213 [INFO] Pass: Depth - 0.15950 (ms)
2026-07-13 10:44:50,213 [INFO] Pass: Depth - 0.15664 (ms)
2026-07-13 10:44:50,213 [INFO] Pass: Depth - 0.15831 (ms)
2026-07-13 10:44:50,213 [INFO] Pass: Depth - 0.16069 (ms)
2026-07-13 10:44:50,213 [INFO] Pass: Depth - 0.15903 (ms)
2026-07-13 10:44:50,213 [INFO] Pass: FixedPoint - 0.00548 (ms)
2026-07-13 10:44:50,213 [INFO] Pass: Depth - 0.15712 (ms)
2026-07-13 10:44:50,213 [INFO] Pass: FixedPoint - 0.00596 (ms)
2026-07-13 10:44:50,213 [INFO] Pass: Depth - 0.15831 (ms)
2026-07-13 10:44:50,213 [INFO] Pass: FixedPoint - 0.00572 (ms)
2026-07-13 10:44:50,213 [INFO] Pass: FixedPoint - 0.00572 (ms)
2026-07-13 10:44:50,213 [INFO] Pass: Depth - 0.15926 (ms)
2026-07-13 10:44:50,213 [INFO] Pass: FixedPoint - 0.00525 (ms)
2026-07-13 10:44:50,213 [INFO] Pass: FixedPoint - 0.00596 (ms)
2026-07-13 10:44:50,213 [INFO] Pass: Depth - 0.16046 (ms)
2026-07-13 10:44:50,213 [INFO] Pass: FixedPoint - 0.00572 (ms)
2026-07-13 10:44:50,213 [INFO] Pass: FixedPoint - 0.00572 (ms)
2026-07-13 10:44:50,213 [INFO] Pass: FixedPoint - 0.00596 (ms)
2026-07-13 10:44:50,213 [INFO] Pass: FixedPoint - 0.00572 (ms)
2026-07-13 10:44:50,213 [INFO] Pass: FixedPoint - 0.00572 (ms)
2026-07-13 10:44:50,213 [INFO] Pass: Size - 0.05746 (ms)
2026-07-13 10:44:50,213 [INFO] Pass: Size - 0.05698 (ms)
2026-07-13 10:44:50,213 [INFO] Pass: Size - 0.05746 (ms)
2026-07-13 10:44:50,213 [INFO] Pass: Size - 0.05698 (ms)
2026-07-13 10:44:50,213 [INFO] Pass: Size - 0.05746 (ms)
2026-07-13 10:44:50,213 [INFO] Pass: Size - 0.05746 (ms)
2026-07-13 10:44:50,213 [INFO] Pass: Size - 0.05674 (ms)
2026-07-13 10:44:50,213 [INFO] Pass: FixedPoint - 0.00429 (ms)
2026-07-13 10:44:50,213 [INFO] Pass: FixedPoint - 0.00477 (ms)
2026-07-13 10:44:50,213 [INFO] Pass: Size - 0.05698 (ms)
2026-07-13 10:44:50,213 [INFO] Pass: FixedPoint - 0.00429 (ms)
2026-07-13 10:44:50,213 [INFO] Pass: Size - 0.05627 (ms)
2026-07-13 10:44:50,213 [INFO] Pass: FixedPoint - 0.00429 (ms)
2026-07-13 10:44:50,213 [INFO] Pass: FixedPoint - 0.00429 (ms)
2026-07-13 10:44:50,213 [INFO] Pass: Size - 0.05651 (ms)
2026-07-13 10:44:50,213 [INFO] Pass: FixedPoint - 0.00429 (ms)
2026-07-13 10:44:50,213 [INFO] Pass: Size - 0.05770 (ms)
2026-07-13 10:44:50,213 [INFO] Pass: FixedPoint - 0.00453 (ms)
2026-07-13 10:44:50,213 [INFO] Pass: ContainsInstruction - 0.00477 (ms)
2026-07-13 10:44:50,213 [INFO] Pass: FixedPoint - 0.00453 (ms)
2026-07-13 10:44:50,213 [INFO] Pass: FixedPoint - 0.00453 (ms)
2026-07-13 10:44:50,213 [INFO] Pass: ContainsInstruction - 0.00525 (ms)
2026-07-13 10:44:50,213 [INFO] Pass: ContainsInstruction - 0.00596 (ms)
2026-07-13 10:44:50,213 [INFO] Pass: FixedPoint - 0.00453 (ms)
2026-07-13 10:44:50,213 [INFO] Pass: ContainsInstruction - 0.00477 (ms)
2026-07-13 10:44:50,213 [INFO] Pass: ContainsInstruction - 0.00477 (ms)
2026-07-13 10:44:50,213 [INFO] Pass: ContainsInstruction - 0.00477 (ms)
2026-07-13 10:44:50,213 [INFO] Pass: FixedPoint - 0.00477 (ms)
2026-07-13 10:44:50,213 [INFO] Pass: ContainsInstruction - 0.00501 (ms)
2026-07-13 10:44:50,213 [INFO] Pass: ContainsInstruction - 0.00954 (ms)
2026-07-13 10:44:50,213 [INFO] Pass: ContainsInstruction - 0.00525 (ms)
2026-07-13 10:44:50,213 [INFO] Pass: ContainsInstruction - 0.00596 (ms)
2026-07-13 10:44:50,213 [INFO] Pass: ContainsInstruction - 0.00548 (ms)
2026-07-13 10:44:50,213 [INFO] Pass: BasisTranslator - 0.91505 (ms)
2026-07-13 10:44:50,214 [INFO] Pass: Depth - 0.18120 (ms)
2026-07-13 10:44:50,214 [INFO] Pass: FixedPoint - 0.00906 (ms)
2026-07-13 10:44:50,214 [INFO] Pass: Size - 0.05841 (ms)
2026-07-13 10:44:50,214 [INFO] Pass: FixedPoint - 0.00453 (ms)
2026-07-13 10:44:50,214 [INFO] Total Transpile Time - 64.30840 (ms)
2026-07-13 10:44:50,214 [INFO] Total Transpile Time - 64.33392 (ms)
2026-07-13 10:44:50,214 [INFO] Total Transpile Time - 64.23950 (ms)
2026-07-13 10:44:50,214 [INFO] Total Transpile Time - 64.31675 (ms)
2026-07-13 10:44:50,214 [INFO] Total Transpile Time - 64.26167 (ms)
2026-07-13 10:44:50,214 [INFO] Total Transpile Time - 64.32700 (ms)
2026-07-13 10:44:50,214 [INFO] Total Transpile Time - 64.32009 (ms)
2026-07-13 10:44:50,214 [INFO] Total Transpile Time - 64.35490 (ms)
2026-07-13 10:44:50,214 [INFO] Total Transpile Time - 64.33868 (ms)
2026-07-13 10:44:50,214 [INFO] Total Transpile Time - 64.29672 (ms)
2026-07-13 10:44:50,214 [INFO] Total Transpile Time - 64.34560 (ms)
2026-07-13 10:44:50,215 [INFO] Pass: Optimize1qGatesDecomposition - 0.79226 (ms)
2026-07-13 10:44:50,215 [INFO] Pass: InverseCancellation - 0.15521 (ms)
2026-07-13 10:44:50,215 [INFO] Pass: ContainsInstruction - 0.00834 (ms)
2026-07-13 10:44:50,215 [INFO] Pass: InverseCancellation - 0.16046 (ms)
2026-07-13 10:44:50,215 [INFO] Pass: UnitarySynthesis - 0.00501 (ms)
2026-07-13 10:44:50,215 [INFO] Pass: ContainsInstruction - 0.00811 (ms)
2026-07-13 10:44:50,216 [INFO] Pass: InverseCancellation - 0.16379 (ms)
2026-07-13 10:44:50,216 [INFO] Pass: GatesInBasis - 0.77510 (ms)
2026-07-13 10:44:50,216 [INFO] Pass: UnitarySynthesis - 0.00525 (ms)
2026-07-13 10:44:50,216 [INFO] Pass: Depth - 0.16546 (ms)
2026-07-13 10:44:50,216 [INFO] Pass: FixedPoint - 0.00620 (ms)
2026-07-13 10:44:50,216 [INFO] Pass: Size - 0.05651 (ms)
2026-07-13 10:44:50,216 [INFO] Pass: FixedPoint - 0.00429 (ms)
2026-07-13 10:44:50,216 [INFO] Pass: ContainsInstruction - 0.00525 (ms)
2026-07-13 10:44:50,217 [INFO] Pass: HighLevelSynthesis - 1.40810 (ms)
2026-07-13 10:44:50,217 [INFO] Pass: HighLevelSynthesis - 1.37806 (ms)
2026-07-13 10:44:50,217 [INFO] Total Transpile Time - 64.63361 (ms)
2026-07-13 10:44:50,218 [INFO] Pass: BasisTranslator - 0.75173 (ms)
2026-07-13 10:44:50,218 [INFO] Pass: Depth - 0.16880 (ms)
2026-07-13 10:44:50,218 [INFO] Pass: FixedPoint - 0.00739 (ms)
2026-07-13 10:44:50,218 [INFO] Pass: BasisTranslator - 0.75746 (ms)
2026-07-13 10:44:50,218 [INFO] Pass: Size - 0.05794 (ms)
2026-07-13 10:44:50,218 [INFO] Pass: FixedPoint - 0.00501 (ms)
2026-07-13 10:44:50,218 [INFO] Pass: Depth - 0.17095 (ms)
2026-07-13 10:44:50,218 [INFO] Pass: FixedPoint - 0.00787 (ms)
2026-07-13 10:44:50,218 [INFO] Pass: Size - 0.05722 (ms)
2026-07-13 10:44:50,218 [INFO] Pass: FixedPoint - 0.00453 (ms)
2026-07-13 10:44:50,219 [INFO] Pass: Optimize1qGatesDecomposition - 0.76890 (ms)
2026-07-13 10:44:50,219 [INFO] Pass: InverseCancellation - 0.14377 (ms)
2026-07-13 10:44:50,219 [INFO] Pass: Optimize1qGatesDecomposition - 0.77558 (ms)
2026-07-13 10:44:50,219 [INFO] Pass: InverseCancellation - 0.14448 (ms)
2026-07-13 10:44:50,220 [INFO] Pass: GatesInBasis - 0.77415 (ms)
2026-07-13 10:44:50,220 [INFO] Pass: Depth - 0.15593 (ms)
2026-07-13 10:44:50,220 [INFO] Pass: FixedPoint - 0.00548 (ms)
2026-07-13 10:44:50,220 [INFO] Pass: Size - 0.05651 (ms)
2026-07-13 10:44:50,220 [INFO] Pass: GatesInBasis - 0.81778 (ms)
2026-07-13 10:44:50,220 [INFO] Pass: FixedPoint - 0.00405 (ms)
2026-07-13 10:44:50,220 [INFO] Pass: ContainsInstruction - 0.00453 (ms)
2026-07-13 10:44:50,220 [INFO] Pass: Depth - 0.15593 (ms)
2026-07-13 10:44:50,220 [INFO] Pass: FixedPoint - 0.00596 (ms)
2026-07-13 10:44:50,221 [INFO] Pass: Size - 0.05627 (ms)
2026-07-13 10:44:50,221 [INFO] Pass: FixedPoint - 0.00405 (ms)
2026-07-13 10:44:50,221 [INFO] Pass: ContainsInstruction - 0.00477 (ms)
2026-07-13 10:44:50,221 [INFO] Pass: ContainsInstruction - 0.01049 (ms)
2026-07-13 10:44:50,221 [INFO] Pass: InverseCancellation - 0.15545 (ms)
2026-07-13 10:44:50,221 [INFO] Pass: UnitarySynthesis - 0.00453 (ms)
2026-07-13 10:44:50,222 [INFO] Total Transpile Time - 63.47942 (ms)
2026-07-13 10:44:50,222 [INFO] Total Transpile Time - 64.52417 (ms)
2026-07-13 10:44:50,223 [INFO] Pass: HighLevelSynthesis - 1.38545 (ms)
2026-07-13 10:44:50,224 [INFO] Pass: BasisTranslator - 0.75722 (ms)
2026-07-13 10:44:50,224 [INFO] Pass: Depth - 0.16785 (ms)
2026-07-13 10:44:50,224 [INFO] Pass: FixedPoint - 0.00668 (ms)
2026-07-13 10:44:50,224 [INFO] Pass: Size - 0.05722 (ms)
2026-07-13 10:44:50,224 [INFO] Pass: FixedPoint - 0.00453 (ms)
2026-07-13 10:44:50,225 [INFO] Pass: Optimize1qGatesDecomposition - 0.76818 (ms)
2026-07-13 10:44:50,225 [INFO] Pass: InverseCancellation - 0.14853 (ms)
2026-07-13 10:44:50,226 [INFO] Pass: GatesInBasis - 0.80872 (ms)
2026-07-13 10:44:50,226 [INFO] Pass: Depth - 0.15616 (ms)
2026-07-13 10:44:50,226 [INFO] Pass: FixedPoint - 0.00548 (ms)
2026-07-13 10:44:50,226 [INFO] Pass: Size - 0.05579 (ms)
2026-07-13 10:44:50,226 [INFO] Pass: FixedPoint - 0.00429 (ms)
2026-07-13 10:44:50,226 [INFO] Pass: ContainsInstruction - 0.00501 (ms)
2026-07-13 10:44:50,227 [INFO] Total Transpile Time - 63.29012 (ms)
2026-07-13 10:44:50,271 [INFO] Pass: ContainsInstruction - 0.00811 (ms)
2026-07-13 10:44:50,271 [INFO] Pass: ContainsInstruction - 0.00763 (ms)
2026-07-13 10:44:50,271 [INFO] Pass: ContainsInstruction - 0.00858 (ms)
2026-07-13 10:44:50,271 [INFO] Pass: InverseCancellation - 0.16165 (ms)
2026-07-13 10:44:50,271 [INFO] Pass: ContainsInstruction - 0.00787 (ms)
2026-07-13 10:44:50,271 [INFO] Pass: ContainsInstruction - 0.00739 (ms)
2026-07-13 10:44:50,271 [INFO] Pass: UnitarySynthesis - 0.00572 (ms)
2026-07-13 10:44:50,271 [INFO] Pass: ContainsInstruction - 0.00906 (ms)
2026-07-13 10:44:50,271 [INFO] Pass: ContainsInstruction - 0.00787 (ms)
2026-07-13 10:44:50,271 [INFO] Pass: InverseCancellation - 0.16785 (ms)
2026-07-13 10:44:50,271 [INFO] Pass: ContainsInstruction - 0.01025 (ms)
2026-07-13 10:44:50,271 [INFO] Pass: UnitarySynthesis - 0.00572 (ms)
2026-07-13 10:44:50,271 [INFO] Pass: InverseCancellation - 0.16928 (ms)
2026-07-13 10:44:50,271 [INFO] Pass: ContainsInstruction - 0.00787 (ms)
2026-07-13 10:44:50,271 [INFO] Pass: ContainsInstruction - 0.00739 (ms)
2026-07-13 10:44:50,271 [INFO] Pass: UnitarySynthesis - 0.00477 (ms)
2026-07-13 10:44:50,271 [INFO] Pass: InverseCancellation - 0.16785 (ms)
2026-07-13 10:44:50,271 [INFO] Pass: ContainsInstruction - 0.00787 (ms)
2026-07-13 10:44:50,271 [INFO] Pass: InverseCancellation - 0.16737 (ms)
2026-07-13 10:44:50,271 [INFO] Pass: UnitarySynthesis - 0.00501 (ms)
2026-07-13 10:44:50,271 [INFO] Pass: UnitarySynthesis - 0.00548 (ms)
2026-07-13 10:44:50,271 [INFO] Pass: InverseCancellation - 0.15926 (ms)
2026-07-13 10:44:50,271 [INFO] Pass: InverseCancellation - 0.16069 (ms)
2026-07-13 10:44:50,271 [INFO] Pass: InverseCancellation - 0.16379 (ms)
2026-07-13 10:44:50,271 [INFO] Pass: UnitarySynthesis - 0.00572 (ms)
2026-07-13 10:44:50,271 [INFO] Pass: UnitarySynthesis - 0.00477 (ms)
2026-07-13 10:44:50,271 [INFO] Pass: UnitarySynthesis - 0.00477 (ms)
2026-07-13 10:44:50,271 [INFO] Pass: InverseCancellation - 0.16785 (ms)
2026-07-13 10:44:50,271 [INFO] Pass: InverseCancellation - 0.16189 (ms)
2026-07-13 10:44:50,271 [INFO] Pass: UnitarySynthesis - 0.00501 (ms)
2026-07-13 10:44:50,271 [INFO] Pass: InverseCancellation - 0.16403 (ms)
2026-07-13 10:44:50,271 [INFO] Pass: UnitarySynthesis - 0.00525 (ms)
2026-07-13 10:44:50,271 [INFO] Pass: UnitarySynthesis - 0.00572 (ms)
2026-07-13 10:44:50,272 [INFO] Pass: HighLevelSynthesis - 1.42550 (ms)
2026-07-13 10:44:50,272 [INFO] Pass: HighLevelSynthesis - 1.41835 (ms)
2026-07-13 10:44:50,273 [INFO] Pass: HighLevelSynthesis - 1.42670 (ms)
2026-07-13 10:44:50,273 [INFO] Pass: HighLevelSynthesis - 1.40715 (ms)
2026-07-13 10:44:50,273 [INFO] Pass: HighLevelSynthesis - 1.42097 (ms)
2026-07-13 10:44:50,273 [INFO] Pass: HighLevelSynthesis - 1.41644 (ms)
2026-07-13 10:44:50,273 [INFO] Pass: HighLevelSynthesis - 1.42670 (ms)
2026-07-13 10:44:50,273 [INFO] Pass: HighLevelSynthesis - 1.42336 (ms)
2026-07-13 10:44:50,273 [INFO] Pass: HighLevelSynthesis - 1.40572 (ms)
2026-07-13 10:44:50,273 [INFO] Pass: HighLevelSynthesis - 1.40166 (ms)
2026-07-13 10:44:50,273 [INFO] Pass: HighLevelSynthesis - 1.43099 (ms)
2026-07-13 10:44:50,273 [INFO] Pass: BasisTranslator - 0.93102 (ms)
2026-07-13 10:44:50,273 [INFO] Pass: BasisTranslator - 0.78773 (ms)
2026-07-13 10:44:50,273 [INFO] Pass: BasisTranslator - 0.77987 (ms)
2026-07-13 10:44:50,273 [INFO] Pass: BasisTranslator - 0.94342 (ms)
2026-07-13 10:44:50,273 [INFO] Pass: BasisTranslator - 0.78845 (ms)
2026-07-13 10:44:50,273 [INFO] Pass: BasisTranslator - 0.93746 (ms)
2026-07-13 10:44:50,274 [INFO] Pass: BasisTranslator - 0.77510 (ms)
2026-07-13 10:44:50,274 [INFO] Pass: Depth - 0.17834 (ms)
2026-07-13 10:44:50,274 [INFO] Pass: BasisTranslator - 0.77748 (ms)
2026-07-13 10:44:50,274 [INFO] Pass: FixedPoint - 0.00763 (ms)
2026-07-13 10:44:50,274 [INFO] Pass: BasisTranslator - 0.78154 (ms)
2026-07-13 10:44:50,274 [INFO] Pass: Depth - 0.17452 (ms)
2026-07-13 10:44:50,274 [INFO] Pass: Depth - 0.17595 (ms)
2026-07-13 10:44:50,274 [INFO] Pass: BasisTranslator - 0.93365 (ms)
2026-07-13 10:44:50,274 [INFO] Pass: FixedPoint - 0.00739 (ms)
2026-07-13 10:44:50,274 [INFO] Pass: BasisTranslator - 0.78821 (ms)
2026-07-13 10:44:50,274 [INFO] Pass: Size - 0.05865 (ms)
2026-07-13 10:44:50,274 [INFO] Pass: Depth - 0.17834 (ms)
2026-07-13 10:44:50,274 [INFO] Pass: FixedPoint - 0.00763 (ms)
2026-07-13 10:44:50,274 [INFO] Pass: FixedPoint - 0.00453 (ms)
2026-07-13 10:44:50,274 [INFO] Pass: Depth - 0.17786 (ms)
2026-07-13 10:44:50,274 [INFO] Pass: FixedPoint - 0.00739 (ms)
2026-07-13 10:44:50,274 [INFO] Pass: Depth - 0.17738 (ms)
2026-07-13 10:44:50,274 [INFO] Pass: Size - 0.05960 (ms)
2026-07-13 10:44:50,274 [INFO] Pass: Depth - 0.18573 (ms)
2026-07-13 10:44:50,274 [INFO] Pass: FixedPoint - 0.00834 (ms)
2026-07-13 10:44:50,274 [INFO] Pass: Depth - 0.17214 (ms)
2026-07-13 10:44:50,274 [INFO] Pass: Size - 0.05937 (ms)
2026-07-13 10:44:50,274 [INFO] Pass: FixedPoint - 0.00763 (ms)
2026-07-13 10:44:50,274 [INFO] Pass: FixedPoint - 0.00477 (ms)
2026-07-13 10:44:50,274 [INFO] Pass: FixedPoint - 0.00787 (ms)
2026-07-13 10:44:50,274 [INFO] Pass: Depth - 0.17262 (ms)
2026-07-13 10:44:50,274 [INFO] Pass: Size - 0.05889 (ms)
2026-07-13 10:44:50,274 [INFO] Pass: FixedPoint - 0.00477 (ms)
2026-07-13 10:44:50,274 [INFO] Pass: FixedPoint - 0.00739 (ms)
2026-07-13 10:44:50,274 [INFO] Pass: FixedPoint - 0.00715 (ms)
2026-07-13 10:44:50,274 [INFO] Pass: FixedPoint - 0.00453 (ms)
2026-07-13 10:44:50,274 [INFO] Pass: Size - 0.05960 (ms)
2026-07-13 10:44:50,274 [INFO] Pass: Depth - 0.17810 (ms)
2026-07-13 10:44:50,274 [INFO] Pass: Size - 0.05937 (ms)
2026-07-13 10:44:50,274 [INFO] Pass: Depth - 0.17691 (ms)
2026-07-13 10:44:50,274 [INFO] Pass: FixedPoint - 0.00477 (ms)
2026-07-13 10:44:50,274 [INFO] Pass: Size - 0.05960 (ms)
2026-07-13 10:44:50,274 [INFO] Pass: Size - 0.05960 (ms)
2026-07-13 10:44:50,274 [INFO] Pass: FixedPoint - 0.00453 (ms)
2026-07-13 10:44:50,274 [INFO] Pass: FixedPoint - 0.00763 (ms)
2026-07-13 10:44:50,274 [INFO] Pass: FixedPoint - 0.00477 (ms)
2026-07-13 10:44:50,274 [INFO] Pass: FixedPoint - 0.00715 (ms)
2026-07-13 10:44:50,274 [INFO] Pass: Size - 0.05913 (ms)
2026-07-13 10:44:50,274 [INFO] Pass: FixedPoint - 0.00858 (ms)
2026-07-13 10:44:50,274 [INFO] Pass: FixedPoint - 0.00477 (ms)
2026-07-13 10:44:50,274 [INFO] Pass: Size - 0.05960 (ms)
2026-07-13 10:44:50,274 [INFO] Pass: Size - 0.06008 (ms)
2026-07-13 10:44:50,274 [INFO] Pass: FixedPoint - 0.00477 (ms)
2026-07-13 10:44:50,274 [INFO] Pass: FixedPoint - 0.00453 (ms)
2026-07-13 10:44:50,274 [INFO] Pass: ContainsInstruction - 0.00834 (ms)
2026-07-13 10:44:50,274 [INFO] Pass: InverseCancellation - 0.16642 (ms)
2026-07-13 10:44:50,275 [INFO] Pass: UnitarySynthesis - 0.00548 (ms)
2026-07-13 10:44:50,275 [INFO] Pass: Optimize1qGatesDecomposition - 0.85473 (ms)
2026-07-13 10:44:50,275 [INFO] Pass: InverseCancellation - 0.00858 (ms)
2026-07-13 10:44:50,275 [INFO] Pass: Optimize1qGatesDecomposition - 0.84352 (ms)
2026-07-13 10:44:50,275 [INFO] Pass: Optimize1qGatesDecomposition - 0.84686 (ms)
2026-07-13 10:44:50,275 [INFO] Pass: InverseCancellation - 0.00858 (ms)
2026-07-13 10:44:50,275 [INFO] Pass: Optimize1qGatesDecomposition - 0.84782 (ms)
2026-07-13 10:44:50,275 [INFO] Pass: InverseCancellation - 0.00978 (ms)
2026-07-13 10:44:50,275 [INFO] Pass: Optimize1qGatesDecomposition - 0.84233 (ms)
2026-07-13 10:44:50,275 [INFO] Pass: Optimize1qGatesDecomposition - 0.83065 (ms)
2026-07-13 10:44:50,275 [INFO] Pass: InverseCancellation - 0.00906 (ms)
2026-07-13 10:44:50,275 [INFO] Pass: Optimize1qGatesDecomposition - 0.83375 (ms)
2026-07-13 10:44:50,275 [INFO] Pass: InverseCancellation - 0.00930 (ms)
2026-07-13 10:44:50,275 [INFO] Pass: Optimize1qGatesDecomposition - 0.84329 (ms)
2026-07-13 10:44:50,275 [INFO] Pass: InverseCancellation - 0.00834 (ms)
2026-07-13 10:44:50,275 [INFO] Pass: InverseCancellation - 0.00906 (ms)
2026-07-13 10:44:50,275 [INFO] Pass: Optimize1qGatesDecomposition - 0.83637 (ms)
2026-07-13 10:44:50,275 [INFO] Pass: InverseCancellation - 0.00834 (ms)
2026-07-13 10:44:50,275 [INFO] Pass: InverseCancellation - 0.00858 (ms)
2026-07-13 10:44:50,275 [INFO] Pass: Optimize1qGatesDecomposition - 0.83804 (ms)
2026-07-13 10:44:50,275 [INFO] Pass: Optimize1qGatesDecomposition - 0.84066 (ms)
2026-07-13 10:44:50,275 [INFO] Pass: InverseCancellation - 0.00834 (ms)
2026-07-13 10:44:50,275 [INFO] Pass: InverseCancellation - 0.00906 (ms)
2026-07-13 10:44:50,275 [INFO] Pass: GatesInBasis - 0.74792 (ms)
2026-07-13 10:44:50,276 [INFO] Pass: GatesInBasis - 0.75197 (ms)
2026-07-13 10:44:50,276 [INFO] Pass: GatesInBasis - 0.76318 (ms)
2026-07-13 10:44:50,276 [INFO] Pass: GatesInBasis - 0.79226 (ms)
2026-07-13 10:44:50,276 [INFO] Pass: GatesInBasis - 0.76318 (ms)
2026-07-13 10:44:50,276 [INFO] Pass: GatesInBasis - 0.75221 (ms)
2026-07-13 10:44:50,276 [INFO] Pass: Depth - 0.16332 (ms)
2026-07-13 10:44:50,276 [INFO] Pass: GatesInBasis - 0.79584 (ms)
2026-07-13 10:44:50,276 [INFO] Pass: FixedPoint - 0.00501 (ms)
2026-07-13 10:44:50,276 [INFO] Pass: GatesInBasis - 0.79155 (ms)
2026-07-13 10:44:50,276 [INFO] Pass: Depth - 0.16189 (ms)
2026-07-13 10:44:50,276 [INFO] Pass: GatesInBasis - 0.77701 (ms)
2026-07-13 10:44:50,276 [INFO] Pass: FixedPoint - 0.00525 (ms)
2026-07-13 10:44:50,276 [INFO] Pass: Depth - 0.16117 (ms)
2026-07-13 10:44:50,276 [INFO] Pass: Size - 0.05722 (ms)
2026-07-13 10:44:50,276 [INFO] Pass: FixedPoint - 0.00429 (ms)
2026-07-13 10:44:50,276 [INFO] Pass: FixedPoint - 0.00572 (ms)
2026-07-13 10:44:50,276 [INFO] Pass: GatesInBasis - 0.78583 (ms)
2026-07-13 10:44:50,276 [INFO] Pass: GatesInBasis - 0.78559 (ms)
2026-07-13 10:44:50,276 [INFO] Pass: Depth - 0.16212 (ms)
2026-07-13 10:44:50,276 [INFO] Pass: Depth - 0.15736 (ms)
2026-07-13 10:44:50,276 [INFO] Pass: Size - 0.05722 (ms)
2026-07-13 10:44:50,276 [INFO] Pass: Depth - 0.16069 (ms)
2026-07-13 10:44:50,276 [INFO] Pass: FixedPoint - 0.00548 (ms)
2026-07-13 10:44:50,276 [INFO] Pass: Depth - 0.16189 (ms)
2026-07-13 10:44:50,276 [INFO] Pass: FixedPoint - 0.00548 (ms)
2026-07-13 10:44:50,276 [INFO] Pass: FixedPoint - 0.00429 (ms)
2026-07-13 10:44:50,276 [INFO] Pass: FixedPoint - 0.00572 (ms)
2026-07-13 10:44:50,276 [INFO] Pass: Size - 0.05674 (ms)
2026-07-13 10:44:50,276 [INFO] Pass: FixedPoint - 0.00572 (ms)
2026-07-13 10:44:50,276 [INFO] Pass: Depth - 0.15926 (ms)
2026-07-13 10:44:50,276 [INFO] Pass: Depth - 0.15759 (ms)
2026-07-13 10:44:50,276 [INFO] Pass: FixedPoint - 0.00787 (ms)
2026-07-13 10:44:50,276 [INFO] Pass: Size - 0.06127 (ms)
2026-07-13 10:44:50,276 [INFO] Pass: FixedPoint - 0.00572 (ms)
2026-07-13 10:44:50,276 [INFO] Pass: FixedPoint - 0.00596 (ms)
2026-07-13 10:44:50,276 [INFO] Pass: Size - 0.06032 (ms)
2026-07-13 10:44:50,276 [INFO] Pass: Size - 0.06008 (ms)
2026-07-13 10:44:50,276 [INFO] Pass: FixedPoint - 0.00429 (ms)
2026-07-13 10:44:50,276 [INFO] Pass: Size - 0.05674 (ms)
2026-07-13 10:44:50,276 [INFO] Pass: FixedPoint - 0.00453 (ms)
2026-07-13 10:44:50,276 [INFO] Pass: HighLevelSynthesis - 1.42336 (ms)
2026-07-13 10:44:50,276 [INFO] Pass: FixedPoint - 0.00405 (ms)
2026-07-13 10:44:50,276 [INFO] Pass: Depth - 0.16260 (ms)
2026-07-13 10:44:50,276 [INFO] Pass: Depth - 0.16451 (ms)
2026-07-13 10:44:50,276 [INFO] Pass: FixedPoint - 0.00477 (ms)
2026-07-13 10:44:50,276 [INFO] Pass: Size - 0.05770 (ms)
2026-07-13 10:44:50,276 [INFO] Pass: Size - 0.05674 (ms)
2026-07-13 10:44:50,276 [INFO] Pass: FixedPoint - 0.00596 (ms)
2026-07-13 10:44:50,276 [INFO] Pass: FixedPoint - 0.00548 (ms)
2026-07-13 10:44:50,276 [INFO] Pass: FixedPoint - 0.00429 (ms)
2026-07-13 10:44:50,276 [INFO] Pass: FixedPoint - 0.00453 (ms)
2026-07-13 10:44:50,276 [INFO] Pass: Size - 0.05674 (ms)
2026-07-13 10:44:50,276 [INFO] Pass: Size - 0.05722 (ms)
2026-07-13 10:44:50,276 [INFO] Pass: FixedPoint - 0.00429 (ms)
2026-07-13 10:44:50,276 [INFO] Pass: FixedPoint - 0.00453 (ms)
2026-07-13 10:44:50,277 [INFO] Pass: Optimize1qGatesDecomposition - 0.68617 (ms)
2026-07-13 10:44:50,277 [INFO] Pass: InverseCancellation - 0.00811 (ms)
2026-07-13 10:44:50,277 [INFO] Pass: Optimize1qGatesDecomposition - 0.68402 (ms)
2026-07-13 10:44:50,277 [INFO] Pass: InverseCancellation - 0.00739 (ms)
2026-07-13 10:44:50,277 [INFO] Pass: Optimize1qGatesDecomposition - 0.68259 (ms)
2026-07-13 10:44:50,277 [INFO] Pass: InverseCancellation - 0.00739 (ms)
2026-07-13 10:44:50,277 [INFO] Pass: Optimize1qGatesDecomposition - 0.68021 (ms)
2026-07-13 10:44:50,277 [INFO] Pass: Optimize1qGatesDecomposition - 0.68045 (ms)
2026-07-13 10:44:50,277 [INFO] Pass: Optimize1qGatesDecomposition - 0.67925 (ms)
2026-07-13 10:44:50,277 [INFO] Pass: Optimize1qGatesDecomposition - 0.68402 (ms)
2026-07-13 10:44:50,277 [INFO] Pass: InverseCancellation - 0.00715 (ms)
2026-07-13 10:44:50,277 [INFO] Pass: InverseCancellation - 0.00763 (ms)
2026-07-13 10:44:50,277 [INFO] Pass: InverseCancellation - 0.00739 (ms)
2026-07-13 10:44:50,277 [INFO] Pass: Optimize1qGatesDecomposition - 0.68426 (ms)
2026-07-13 10:44:50,277 [INFO] Pass: InverseCancellation - 0.00715 (ms)
2026-07-13 10:44:50,277 [INFO] Pass: Optimize1qGatesDecomposition - 0.68307 (ms)
2026-07-13 10:44:50,277 [INFO] Pass: InverseCancellation - 0.00858 (ms)
2026-07-13 10:44:50,277 [INFO] Pass: InverseCancellation - 0.00739 (ms)
2026-07-13 10:44:50,277 [INFO] Pass: Optimize1qGatesDecomposition - 0.68259 (ms)
2026-07-13 10:44:50,277 [INFO] Pass: Optimize1qGatesDecomposition - 0.68426 (ms)
2026-07-13 10:44:50,277 [INFO] Pass: InverseCancellation - 0.00763 (ms)
2026-07-13 10:44:50,277 [INFO] Pass: InverseCancellation - 0.00763 (ms)
2026-07-13 10:44:50,277 [INFO] Pass: BasisTranslator - 0.93222 (ms)
2026-07-13 10:44:50,277 [INFO] Pass: Depth - 0.17500 (ms)
2026-07-13 10:44:50,277 [INFO] Pass: FixedPoint - 0.00858 (ms)
2026-07-13 10:44:50,277 [INFO] Pass: Size - 0.06032 (ms)
2026-07-13 10:44:50,277 [INFO] Pass: FixedPoint - 0.00453 (ms)
2026-07-13 10:44:50,277 [INFO] Pass: GatesInBasis - 0.78011 (ms)
2026-07-13 10:44:50,278 [INFO] Pass: GatesInBasis - 0.82207 (ms)
2026-07-13 10:44:50,278 [INFO] Pass: GatesInBasis - 0.75412 (ms)
2026-07-13 10:44:50,278 [INFO] Pass: GatesInBasis - 0.74077 (ms)
2026-07-13 10:44:50,278 [INFO] Pass: GatesInBasis - 0.82469 (ms)
2026-07-13 10:44:50,278 [INFO] Pass: Depth - 0.15569 (ms)
2026-07-13 10:44:50,278 [INFO] Pass: FixedPoint - 0.00501 (ms)
2026-07-13 10:44:50,278 [INFO] Pass: GatesInBasis - 0.82302 (ms)
2026-07-13 10:44:50,278 [INFO] Pass: Depth - 0.15593 (ms)
2026-07-13 10:44:50,278 [INFO] Pass: GatesInBasis - 0.86451 (ms)
2026-07-13 10:44:50,278 [INFO] Pass: Size - 0.05698 (ms)
2026-07-13 10:44:50,278 [INFO] Pass: FixedPoint - 0.00501 (ms)
2026-07-13 10:44:50,278 [INFO] Pass: Depth - 0.15569 (ms)
2026-07-13 10:44:50,278 [INFO] Pass: Depth - 0.15378 (ms)
2026-07-13 10:44:50,278 [INFO] Pass: FixedPoint - 0.00429 (ms)
2026-07-13 10:44:50,278 [INFO] Pass: GatesInBasis - 0.75030 (ms)
2026-07-13 10:44:50,278 [INFO] Pass: GatesInBasis - 0.85449 (ms)
2026-07-13 10:44:50,278 [INFO] Pass: GatesInBasis - 0.86117 (ms)
2026-07-13 10:44:50,278 [INFO] Pass: Depth - 0.15521 (ms)
2026-07-13 10:44:50,278 [INFO] Pass: FixedPoint - 0.00501 (ms)
2026-07-13 10:44:50,278 [INFO] Pass: FixedPoint - 0.00525 (ms)
2026-07-13 10:44:50,278 [INFO] Pass: ContainsInstruction - 0.00501 (ms)
2026-07-13 10:44:50,278 [INFO] Pass: FixedPoint - 0.00548 (ms)
2026-07-13 10:44:50,278 [INFO] Pass: GatesInBasis - 0.81801 (ms)
2026-07-13 10:44:50,278 [INFO] Pass: Size - 0.05555 (ms)
2026-07-13 10:44:50,278 [INFO] Pass: Depth - 0.15712 (ms)
2026-07-13 10:44:50,278 [INFO] Pass: FixedPoint - 0.00453 (ms)
2026-07-13 10:44:50,278 [INFO] Pass: Size - 0.05651 (ms)
2026-07-13 10:44:50,278 [INFO] Pass: Size - 0.05579 (ms)
2026-07-13 10:44:50,278 [INFO] Pass: FixedPoint - 0.00572 (ms)
2026-07-13 10:44:50,278 [INFO] Pass: Size - 0.05603 (ms)
2026-07-13 10:44:50,278 [INFO] Pass: ContainsInstruction - 0.00525 (ms)
2026-07-13 10:44:50,278 [INFO] Pass: FixedPoint - 0.00429 (ms)
2026-07-13 10:44:50,278 [INFO] Pass: FixedPoint - 0.00405 (ms)
2026-07-13 10:44:50,278 [INFO] Pass: Depth - 0.15593 (ms)
2026-07-13 10:44:50,278 [INFO] Pass: FixedPoint - 0.00429 (ms)
2026-07-13 10:44:50,278 [INFO] Pass: ContainsInstruction - 0.00572 (ms)
2026-07-13 10:44:50,278 [INFO] Pass: FixedPoint - 0.00501 (ms)
2026-07-13 10:44:50,278 [INFO] Pass: ContainsInstruction - 0.00548 (ms)
2026-07-13 10:44:50,278 [INFO] Pass: Depth - 0.15903 (ms)
2026-07-13 10:44:50,278 [INFO] Pass: Depth - 0.16022 (ms)
2026-07-13 10:44:50,278 [INFO] Pass: Depth - 0.16141 (ms)
2026-07-13 10:44:50,278 [INFO] Pass: Size - 0.06104 (ms)
2026-07-13 10:44:50,278 [INFO] Pass: ContainsInstruction - 0.00548 (ms)
2026-07-13 10:44:50,278 [INFO] Pass: FixedPoint - 0.00548 (ms)
2026-07-13 10:44:50,278 [INFO] Pass: FixedPoint - 0.00548 (ms)
2026-07-13 10:44:50,278 [INFO] Pass: FixedPoint - 0.00453 (ms)
2026-07-13 10:44:50,278 [INFO] Pass: FixedPoint - 0.00548 (ms)
2026-07-13 10:44:50,278 [INFO] Pass: Depth - 0.16308 (ms)
2026-07-13 10:44:50,278 [INFO] Pass: Size - 0.05722 (ms)
2026-07-13 10:44:50,278 [INFO] Pass: ContainsInstruction - 0.00525 (ms)
2026-07-13 10:44:50,278 [INFO] Pass: FixedPoint - 0.00572 (ms)
2026-07-13 10:44:50,278 [INFO] Pass: FixedPoint - 0.00405 (ms)
2026-07-13 10:44:50,278 [INFO] Pass: Size - 0.05627 (ms)
2026-07-13 10:44:50,278 [INFO] Pass: Size - 0.05603 (ms)
2026-07-13 10:44:50,278 [INFO] Pass: Size - 0.05722 (ms)
2026-07-13 10:44:50,278 [INFO] Pass: ContainsInstruction - 0.00525 (ms)
2026-07-13 10:44:50,278 [INFO] Pass: FixedPoint - 0.00405 (ms)
2026-07-13 10:44:50,278 [INFO] Pass: FixedPoint - 0.00405 (ms)
2026-07-13 10:44:50,278 [INFO] Pass: FixedPoint - 0.00429 (ms)
2026-07-13 10:44:50,278 [INFO] Pass: Size - 0.05746 (ms)
2026-07-13 10:44:50,278 [INFO] Pass: ContainsInstruction - 0.00501 (ms)
2026-07-13 10:44:50,278 [INFO] Pass: ContainsInstruction - 0.00525 (ms)
2026-07-13 10:44:50,278 [INFO] Pass: ContainsInstruction - 0.00548 (ms)
2026-07-13 10:44:50,278 [INFO] Pass: FixedPoint - 0.00429 (ms)
2026-07-13 10:44:50,278 [INFO] Pass: ContainsInstruction - 0.00548 (ms)
2026-07-13 10:44:50,278 [INFO] Pass: Optimize1qGatesDecomposition - 0.84805 (ms)
2026-07-13 10:44:50,278 [INFO] Pass: InverseCancellation - 0.00954 (ms)
2026-07-13 10:44:50,279 [INFO] Pass: ContainsInstruction - 0.00787 (ms)
2026-07-13 10:44:50,279 [INFO] Pass: ContainsInstruction - 0.00930 (ms)
2026-07-13 10:44:50,279 [INFO] Pass: InverseCancellation - 0.15926 (ms)
2026-07-13 10:44:50,279 [INFO] Pass: InverseCancellation - 0.16236 (ms)
2026-07-13 10:44:50,279 [INFO] Pass: UnitarySynthesis - 0.00525 (ms)
2026-07-13 10:44:50,279 [INFO] Pass: UnitarySynthesis - 0.00501 (ms)
2026-07-13 10:44:50,279 [INFO] Total Transpile Time - 64.84461 (ms)
2026-07-13 10:44:50,279 [INFO] Pass: GatesInBasis - 0.75245 (ms)
2026-07-13 10:44:50,279 [INFO] Total Transpile Time - 64.94069 (ms)
2026-07-13 10:44:50,279 [INFO] Total Transpile Time - 64.99791 (ms)
2026-07-13 10:44:50,279 [INFO] Total Transpile Time - 64.99887 (ms)
2026-07-13 10:44:50,279 [INFO] Total Transpile Time - 65.00244 (ms)
2026-07-13 10:44:50,279 [INFO] Pass: Depth - 0.15974 (ms)
2026-07-13 10:44:50,279 [INFO] Pass: FixedPoint - 0.00572 (ms)
2026-07-13 10:44:50,279 [INFO] Total Transpile Time - 65.04321 (ms)
2026-07-13 10:44:50,279 [INFO] Total Transpile Time - 65.15574 (ms)
2026-07-13 10:44:50,279 [INFO] Pass: Size - 0.05722 (ms)
2026-07-13 10:44:50,279 [INFO] Total Transpile Time - 65.18006 (ms)
2026-07-13 10:44:50,279 [INFO] Total Transpile Time - 65.14096 (ms)
2026-07-13 10:44:50,279 [INFO] Total Transpile Time - 65.17935 (ms)
2026-07-13 10:44:50,279 [INFO] Pass: FixedPoint - 0.00429 (ms)
2026-07-13 10:44:50,280 [INFO] Total Transpile Time - 65.20867 (ms)
2026-07-13 10:44:50,280 [INFO] Pass: Optimize1qGatesDecomposition - 0.69666 (ms)
2026-07-13 10:44:50,280 [INFO] Pass: InverseCancellation - 0.00811 (ms)
2026-07-13 10:44:50,280 [INFO] Pass: HighLevelSynthesis - 1.40572 (ms)
2026-07-13 10:44:50,280 [INFO] Pass: HighLevelSynthesis - 1.43528 (ms)
2026-07-13 10:44:50,281 [INFO] Pass: GatesInBasis - 0.79203 (ms)
2026-07-13 10:44:50,281 [INFO] Pass: BasisTranslator - 0.78368 (ms)
2026-07-13 10:44:50,281 [INFO] Pass: BasisTranslator - 0.77987 (ms)
2026-07-13 10:44:50,281 [INFO] Pass: Depth - 0.15473 (ms)
2026-07-13 10:44:50,281 [INFO] Pass: FixedPoint - 0.00501 (ms)
2026-07-13 10:44:50,281 [INFO] Pass: Depth - 0.17548 (ms)
2026-07-13 10:44:50,281 [INFO] Pass: Depth - 0.17619 (ms)
2026-07-13 10:44:50,281 [INFO] Pass: Size - 0.05555 (ms)
2026-07-13 10:44:50,281 [INFO] Pass: FixedPoint - 0.00763 (ms)
2026-07-13 10:44:50,281 [INFO] Pass: FixedPoint - 0.00739 (ms)
2026-07-13 10:44:50,281 [INFO] Pass: FixedPoint - 0.00405 (ms)
2026-07-13 10:44:50,282 [INFO] Pass: ContainsInstruction - 0.00477 (ms)
2026-07-13 10:44:50,282 [INFO] Pass: Size - 0.05913 (ms)
2026-07-13 10:44:50,282 [INFO] Pass: Size - 0.05865 (ms)
2026-07-13 10:44:50,282 [INFO] Pass: FixedPoint - 0.00477 (ms)
2026-07-13 10:44:50,282 [INFO] Pass: FixedPoint - 0.00453 (ms)
2026-07-13 10:44:50,282 [INFO] Pass: Optimize1qGatesDecomposition - 0.86045 (ms)
2026-07-13 10:44:50,282 [INFO] Pass: Optimize1qGatesDecomposition - 0.85878 (ms)
2026-07-13 10:44:50,283 [INFO] Pass: InverseCancellation - 0.00930 (ms)
2026-07-13 10:44:50,283 [INFO] Pass: InverseCancellation - 0.00930 (ms)
2026-07-13 10:44:50,283 [INFO] Total Transpile Time - 65.26828 (ms)
2026-07-13 10:44:50,283 [INFO] Pass: GatesInBasis - 0.75889 (ms)
2026-07-13 10:44:50,283 [INFO] Pass: GatesInBasis - 0.81396 (ms)
2026-07-13 10:44:50,284 [INFO] Pass: Depth - 0.16379 (ms)
2026-07-13 10:44:50,284 [INFO] Pass: FixedPoint - 0.00858 (ms)
2026-07-13 10:44:50,284 [INFO] Pass: Depth - 0.16522 (ms)
2026-07-13 10:44:50,284 [INFO] Pass: FixedPoint - 0.00548 (ms)
2026-07-13 10:44:50,284 [INFO] Pass: Size - 0.05674 (ms)
2026-07-13 10:44:50,284 [INFO] Pass: FixedPoint - 0.00429 (ms)
2026-07-13 10:44:50,284 [INFO] Pass: Size - 0.05746 (ms)
2026-07-13 10:44:50,284 [INFO] Pass: FixedPoint - 0.00429 (ms)
2026-07-13 10:44:50,284 [INFO] Pass: ContainsInstruction - 0.00644 (ms)
2026-07-13 10:44:50,284 [INFO] Pass: InverseCancellation - 0.16451 (ms)
2026-07-13 10:44:50,284 [INFO] Pass: UnitarySynthesis - 0.00501 (ms)
2026-07-13 10:44:50,284 [INFO] Pass: Optimize1qGatesDecomposition - 0.69380 (ms)
2026-07-13 10:44:50,285 [INFO] Pass: InverseCancellation - 0.00787 (ms)
2026-07-13 10:44:50,285 [INFO] Pass: Optimize1qGatesDecomposition - 0.69404 (ms)
2026-07-13 10:44:50,285 [INFO] Pass: InverseCancellation - 0.00763 (ms)
2026-07-13 10:44:50,285 [INFO] Pass: GatesInBasis - 0.83399 (ms)
2026-07-13 10:44:50,285 [INFO] Pass: GatesInBasis - 0.87500 (ms)
2026-07-13 10:44:50,286 [INFO] Pass: HighLevelSynthesis - 1.41048 (ms)
2026-07-13 10:44:50,286 [INFO] Pass: Depth - 0.15903 (ms)
2026-07-13 10:44:50,286 [INFO] Pass: FixedPoint - 0.00525 (ms)
2026-07-13 10:44:50,286 [INFO] Pass: Depth - 0.15783 (ms)
2026-07-13 10:44:50,286 [INFO] Pass: Size - 0.05674 (ms)
2026-07-13 10:44:50,286 [INFO] Pass: FixedPoint - 0.00501 (ms)
2026-07-13 10:44:50,286 [INFO] Pass: FixedPoint - 0.00429 (ms)
2026-07-13 10:44:50,286 [INFO] Pass: ContainsInstruction - 0.00620 (ms)
2026-07-13 10:44:50,286 [INFO] Pass: Size - 0.05674 (ms)
2026-07-13 10:44:50,286 [INFO] Pass: FixedPoint - 0.00381 (ms)
2026-07-13 10:44:50,286 [INFO] Pass: ContainsInstruction - 0.00548 (ms)
2026-07-13 10:44:50,286 [INFO] Pass: BasisTranslator - 0.77605 (ms)
2026-07-13 10:44:50,287 [INFO] Pass: Depth - 0.17619 (ms)
2026-07-13 10:44:50,287 [INFO] Pass: FixedPoint - 0.00691 (ms)
2026-07-13 10:44:50,287 [INFO] Pass: Size - 0.05865 (ms)
2026-07-13 10:44:50,287 [INFO] Pass: FixedPoint - 0.00453 (ms)
2026-07-13 10:44:50,287 [INFO] Total Transpile Time - 65.46783 (ms)
2026-07-13 10:44:50,287 [INFO] Total Transpile Time - 65.20915 (ms)
2026-07-13 10:44:50,288 [INFO] Pass: Optimize1qGatesDecomposition - 0.82970 (ms)
2026-07-13 10:44:50,288 [INFO] Pass: InverseCancellation - 0.00787 (ms)
2026-07-13 10:44:50,289 [INFO] Pass: GatesInBasis - 0.78678 (ms)
2026-07-13 10:44:50,289 [INFO] Pass: Depth - 0.15926 (ms)
2026-07-13 10:44:50,289 [INFO] Pass: FixedPoint - 0.00572 (ms)
2026-07-13 10:44:50,289 [INFO] Pass: Size - 0.05674 (ms)
2026-07-13 10:44:50,289 [INFO] Pass: FixedPoint - 0.00429 (ms)
2026-07-13 10:44:50,290 [INFO] Pass: Optimize1qGatesDecomposition - 0.68235 (ms)
2026-07-13 10:44:50,290 [INFO] Pass: InverseCancellation - 0.00739 (ms)
2026-07-13 10:44:50,291 [INFO] Pass: GatesInBasis - 0.85902 (ms)
2026-07-13 10:44:50,291 [INFO] Pass: Depth - 0.15879 (ms)
2026-07-13 10:44:50,291 [INFO] Pass: FixedPoint - 0.00548 (ms)
2026-07-13 10:44:50,291 [INFO] Pass: Size - 0.05674 (ms)
2026-07-13 10:44:50,291 [INFO] Pass: FixedPoint - 0.00429 (ms)
2026-07-13 10:44:50,291 [INFO] Pass: ContainsInstruction - 0.00548 (ms)
2026-07-13 10:44:50,292 [INFO] Total Transpile Time - 64.65220 (ms)
2026-07-13 10:44:50,753 [INFO] [PCE] Aer metadata (1a ejecucion de este proceso): device=CPU method=statevector shots=2048 fusion_enabled=True
2026-07-13 10:44:50,756 [INFO] [PCE] Aer metadata (1a ejecucion de este proceso): device=CPU method=statevector shots=2048 fusion_enabled=True
2026-07-13 10:44:50,759 [INFO] [PCE] Aer metadata (1a ejecucion de este proceso): device=CPU method=statevector shots=2048 fusion_enabled=True
2026-07-13 10:44:50,762 [INFO] [PCE] Aer metadata (1a ejecucion de este proceso): device=CPU method=statevector shots=2048 fusion_enabled=True
2026-07-13 10:44:50,765 [INFO] [PCE] Aer metadata (1a ejecucion de este proceso): device=CPU method=statevector shots=2048 fusion_enabled=True
2026-07-13 10:44:50,767 [INFO] [PCE] Aer metadata (1a ejecucion de este proceso): device=CPU method=statevector shots=2048 fusion_enabled=True
2026-07-13 10:44:50,770 [INFO] [PCE] Aer metadata (1a ejecucion de este proceso): device=CPU method=statevector shots=2048 fusion_enabled=True
2026-07-13 10:44:50,773 [INFO] [PCE] Aer metadata (1a ejecucion de este proceso): device=CPU method=statevector shots=2048 fusion_enabled=True
2026-07-13 10:44:50,775 [INFO] [PCE] Aer metadata (1a ejecucion de este proceso): device=CPU method=statevector shots=2048 fusion_enabled=True
2026-07-13 10:44:50,778 [INFO] [PCE] Aer metadata (1a ejecucion de este proceso): device=CPU method=statevector shots=2048 fusion_enabled=True
2026-07-13 10:44:50,781 [INFO] [PCE] Aer metadata (1a ejecucion de este proceso): device=CPU method=statevector shots=2048 fusion_enabled=True
2026-07-13 10:44:50,783 [INFO] [PCE] Aer metadata (1a ejecucion de este proceso): device=CPU method=statevector shots=2048 fusion_enabled=True
2026-07-13 10:44:50,786 [INFO] [PCE] Aer metadata (1a ejecucion de este proceso): device=CPU method=statevector shots=2048 fusion_enabled=True
2026-07-13 10:44:50,788 [INFO] [PCE] Aer metadata (1a ejecucion de este proceso): device=CPU method=statevector shots=2048 fusion_enabled=True
2026-07-13 10:44:50,811 [INFO] [PCE] Aer metadata (1a ejecucion de este proceso): device=CPU method=statevector shots=2048 fusion_enabled=True
2026-07-13 14:17:16,652 [INFO] [PCE] n=200 instancia (idx=8) 1/15 completada (paralelo) - transcurrido=0:03:32:27
2026-07-13 14:17:51,800 [INFO] [PCE] n=200 instancia (idx=22) 2/15 completada (paralelo) - transcurrido=0:03:33:02
2026-07-13 14:17:53,359 [INFO] [PCE] n=200 instancia (idx=36) 3/15 completada (paralelo) - transcurrido=0:03:33:03
2026-07-13 14:17:54,849 [INFO] [PCE] n=200 instancia (idx=15) 4/15 completada (paralelo) - transcurrido=0:03:33:05
2026-07-13 14:17:57,412 [INFO] [PCE] n=200 instancia (idx=1) 5/15 completada (paralelo) - transcurrido=0:03:33:07
2026-07-13 14:25:58,355 [INFO] [PCE] n=200 instancia (idx=50) 6/15 completada (paralelo) - transcurrido=0:03:41:08
2026-07-13 14:26:08,913 [INFO] [PCE] n=200 instancia (idx=29) 7/15 completada (paralelo) - transcurrido=0:03:41:19
2026-07-13 14:26:39,947 [INFO] [PCE] n=200 instancia (idx=57) 8/15 completada (paralelo) - transcurrido=0:03:41:50
2026-07-13 14:27:07,902 [INFO] [PCE] n=200 instancia (idx=64) 9/15 completada (paralelo) - transcurrido=0:03:42:18
2026-07-13 14:31:04,019 [INFO] [PCE] n=200 instancia (idx=78) 10/15 completada (paralelo) - transcurrido=0:03:46:14
2026-07-13 14:31:18,566 [INFO] [PCE] n=200 instancia (idx=99) 11/15 completada (paralelo) - transcurrido=0:03:46:29
2026-07-13 14:32:12,406 [INFO] [PCE] n=200 instancia (idx=71) 12/15 completada (paralelo) - transcurrido=0:03:47:22
2026-07-13 14:33:47,499 [INFO] [PCE] n=200 instancia (idx=85) 13/15 completada (paralelo) - transcurrido=0:03:48:58
2026-07-13 14:34:29,384 [INFO] [PCE] n=200 instancia (idx=92) 14/15 completada (paralelo) - transcurrido=0:03:49:39
2026-07-13 14:36:29,904 [INFO] [PCE] n=200 instancia (idx=43) 15/15 completada (paralelo) - transcurrido=0:03:51:40
2026-07-13 14:36:30,162 [INFO] [PCE] n=200 chunk 2/7 completado - beta_parcial=0.2595 duration=0:03:51:40 shots=2048 backend=AER
