slurmstepd: info: Setting TMPDIR to /scratch/8436486. Previous errors about TMPDIR can be discarded
==============================
RUN_ID: 20260713-104338
Array ID: 13  (entrada: 225:6:7)
num_nodes: 225   chunk: 7/7
num_instances (total del n): 100
num_workers: 16   cpus-per-task: 32
OMP_NUM_THREADS=1 OPENBLAS_NUM_THREADS=1 MKL_NUM_THREADS=1
device: CPU   optimizer: DIFFERENTIALEVOLUTION   maxiter: 25   k: 3
backend: AER   shots: 2048
==============================

==============================
num_nodes     = 225
num_instances = 100 (total del n)
chunk         = 7/7
num_workers   = 16
k             = 3
optimizer     = DIFFERENTIALEVOLUTION
maxiter       = 25
backend       = AER
outdir        = Resultados/PCE/20260713-104338/chunks
==============================

(num_workers ajustado de 16 a 14: este chunk solo tiene 14 instancias)
[TIMING] pid=3349296 idx=27 t0=38050818.932 grafo=0.039s init_bench=0.000s run_pce=12947.165s total=12947.204s
[TIMING] pid=3349301 idx=62 t0=38050818.949 grafo=0.043s init_bench=0.000s run_pce=12956.386s total=12956.430s
[TIMING] pid=3349297 idx=34 t0=38050818.935 grafo=0.040s init_bench=0.000s run_pce=12964.648s total=12964.687s
[TIMING] pid=3349298 idx=41 t0=38050818.938 grafo=0.039s init_bench=0.000s run_pce=13806.318s total=13806.357s
[TIMING] pid=3349303 idx=76 t0=38050818.956 grafo=0.039s init_bench=0.000s run_pce=13995.512s total=13995.551s
[TIMING] pid=3349294 idx=13 t0=38050818.928 grafo=0.039s init_bench=0.000s run_pce=14011.728s total=14011.767s
[TIMING] pid=3349304 idx=83 t0=38050818.959 grafo=0.038s init_bench=0.000s run_pce=14014.603s total=14014.642s
[TIMING] pid=3349300 idx=55 t0=38050818.945 grafo=0.039s init_bench=0.000s run_pce=14135.009s total=14135.048s
[TIMING] pid=3349299 idx=48 t0=38050818.941 grafo=0.039s init_bench=0.000s run_pce=14142.463s total=14142.502s
[TIMING] pid=3349306 idx=97 t0=38050818.967 grafo=0.039s init_bench=0.000s run_pce=14147.764s total=14147.803s
[TIMING] pid=3349305 idx=90 t0=38050818.963 grafo=0.039s init_bench=0.000s run_pce=14195.229s total=14195.268s
[TIMING] pid=3349291 idx=6 t0=38050818.925 grafo=0.039s init_bench=0.000s run_pce=14224.876s total=14224.915s
[TIMING] pid=3349295 idx=20 t0=38050818.931 grafo=0.038s init_bench=0.000s run_pce=14225.317s total=14225.356s
[TIMING] pid=3349302 idx=69 t0=38050818.952 grafo=0.038s init_bench=0.000s run_pce=14235.096s total=14235.135s

✔ n=225 chunk 7/7 (14 instancias) beta_parcial=0.2360 ± 0.0208
✔ Resultado del chunk guardado en: Resultados/PCE/20260713-104338/chunks/n_225_chunk_6_of_7.h5
  (recuerda: esto es PARCIAL — hace falta merge_chunks_qscore_PCE.py para combinar todos los chunks de este n antes de agregar)
Fecha fin: Mon Jul 13 07:06:21 PM CEST 2026

*****************************************************************************
*                                                                           *
*                    JOB EFFICIENCY REPORT (seff 8436486)                   *
*                                                                           *
*****************************************************************************

Job ID: 8436486
Array Job ID: 8427004_13
Cluster: finisterrae3
User/Group: tec_app6/cesga
State: COMPLETED (exit code 0)
Nodes: 1
Cores per node: 32
CPU Utilized: 08:35:29
CPU Efficiency: 6.78% of 5-06:38:56 core-walltime
Job Wall-clock time: 03:57:28
Memory Utilized: 7.80 GB
Memory Efficiency: 24.39% of 32.00 GB

 +++++++++++++++++++++++++++++++++++++++++++++++++++++++++++++++++++++++++++
 ++   Memory Efficiency is too small. Please review the requested memory. ++
 ++ It seems that you do not need that much memory so we recommend        ++
 ++ requesting less memory in other similar jobs.                         ++
 +++++++++++++++++++++++++++++++++++++++++++++++++++++++++++++++++++++++++++
 
*****************************************************************************

