slurmstepd: info: Setting TMPDIR to /scratch/8444010. Previous errors about TMPDIR can be discarded
==============================
RUN_ID: 20260713-104338
Array ID: 19  (entrada: 250:5:7)
num_nodes: 250   chunk: 6/7
num_instances (total del n): 100
num_workers: 16   cpus-per-task: 32
OMP_NUM_THREADS=1 OPENBLAS_NUM_THREADS=1 MKL_NUM_THREADS=1
device: CPU   optimizer: DIFFERENTIALEVOLUTION   maxiter: 25   k: 3
backend: AER   shots: 2048
==============================

==============================
num_nodes     = 250
num_instances = 100 (total del n)
chunk         = 6/7
num_workers   = 16
k             = 3
optimizer     = DIFFERENTIALEVOLUTION
maxiter       = 25
backend       = AER
outdir        = Resultados/PCE/20260713-104338/chunks
==============================

(num_workers ajustado de 16 a 14: este chunk solo tiene 14 instancias)
[TIMING] pid=3379348 idx=26 t0=38064446.195 grafo=0.047s init_bench=0.000s run_pce=14665.390s total=14665.437s
[TIMING] pid=3379347 idx=19 t0=38064446.192 grafo=0.048s init_bench=0.000s run_pce=14666.099s total=14666.147s
[TIMING] pid=3379357 idx=89 t0=38064446.226 grafo=0.047s init_bench=0.000s run_pce=14667.004s total=14667.051s
[TIMING] pid=3379352 idx=54 t0=38064446.208 grafo=0.048s init_bench=0.000s run_pce=14667.383s total=14667.431s
[TIMING] pid=3379354 idx=68 t0=38064446.215 grafo=0.047s init_bench=0.000s run_pce=14667.894s total=14667.941s
[TIMING] pid=3379351 idx=47 t0=38064446.205 grafo=0.047s init_bench=0.000s run_pce=15258.795s total=15258.842s
[TIMING] pid=3379350 idx=40 t0=38064446.201 grafo=0.048s init_bench=0.000s run_pce=15348.280s total=15348.328s
[TIMING] pid=3379343 idx=5 t0=38064446.188 grafo=0.047s init_bench=0.000s run_pce=15425.794s total=15425.842s
[TIMING] pid=3379358 idx=96 t0=38064446.230 grafo=0.047s init_bench=0.000s run_pce=15426.872s total=15426.919s
[TIMING] pid=3379346 idx=12 t0=38064446.189 grafo=0.048s init_bench=0.000s run_pce=15543.403s total=15543.451s
[TIMING] pid=3379353 idx=61 t0=38064446.211 grafo=0.047s init_bench=0.000s run_pce=15644.866s total=15644.913s
[TIMING] pid=3379356 idx=82 t0=38064446.223 grafo=0.047s init_bench=0.000s run_pce=15683.309s total=15683.357s
[TIMING] pid=3379355 idx=75 t0=38064446.219 grafo=0.047s init_bench=0.000s run_pce=15683.749s total=15683.796s
[TIMING] pid=3379349 idx=33 t0=38064446.198 grafo=0.047s init_bench=0.000s run_pce=15802.042s total=15802.089s

✔ n=250 chunk 6/7 (14 instancias) beta_parcial=0.2261 ± 0.0134
✔ Resultado del chunk guardado en: Resultados/PCE/20260713-104338/chunks/n_250_chunk_5_of_7.h5
  (recuerda: esto es PARCIAL — hace falta merge_chunks_qscore_PCE.py para combinar todos los chunks de este n antes de agregar)
Fecha fin: Mon Jul 13 11:19:26 PM CEST 2026

*****************************************************************************
*                                                                           *
*                    JOB EFFICIENCY REPORT (seff 8444010)                   *
*                                                                           *
*****************************************************************************

Job ID: 8444010
Array Job ID: 8427004_19
Cluster: finisterrae3
User/Group: tec_app6/cesga
State: COMPLETED (exit code 0)
Nodes: 1
Cores per node: 32
CPU Utilized: 10:09:26
CPU Efficiency: 7.23% of 5-20:30:56 core-walltime
Job Wall-clock time: 04:23:28
Memory Utilized: 8.41 GB
Memory Efficiency: 26.29% of 32.00 GB

 +++++++++++++++++++++++++++++++++++++++++++++++++++++++++++++++++++++++++++
 ++   Memory Efficiency is too small. Please review the requested memory. ++
 ++ It seems that you do not need that much memory so we recommend        ++
 ++ requesting less memory in other similar jobs.                         ++
 +++++++++++++++++++++++++++++++++++++++++++++++++++++++++++++++++++++++++++
 
*****************************************************************************

