gcc/system unloaded
gcccore/system unloaded
cesga/2022 unloaded
rust/1.75.0 unloaded
imkl/2022.0.1 unloaded
numpy/1.26.4 unloaded
scipy/1.13.1 unloaded
flint/2.8.4 unloaded
symengine/0.11.1 unloaded
symengine-python/0.11.0 unloaded
spdlog/1.9.2 unloaded
pylatexenc/2.10 unloaded
qiskit/1.2.4-aer-gpu-cu11 unloaded
        Preparing the environment for use of the CESGA 2022 software stack.
        Please rebuild modules cache: module --ignore-cache avail
     
cesga/2022 loaded
rust/1.75.0 loaded

imkl/2023.2.0 loaded
numpy/1.26.4 loaded
scipy/1.13.1 loaded
imkl/2023.2.0 unloaded

imkl/2022.0.1 loaded
flint/2.8.4 loaded
symengine/0.11.1 loaded
symengine-python/0.11.0 loaded
spdlog/1.9.2 loaded
pylatexenc/2.10 loaded
gcccore/system loaded
gcc/system loaded
qiskit/1.2.4-aer-gpu-cu11 loaded
2026-07-13 15:09:04,851 [INFO] [PCE] n=225 chunk 7/7: 14 instancias [6, 13, 20, 27, 34, 41, 48, 55, 62, 69, 76, 83, 90, 97], num_workers=14, qubits=9
2026-07-13 15:09:04,851 [INFO] [PCE] n=225 paralelizando 14 instancias entre 14 workers (max_parallel_threads=1 fijo, independiente de num_workers)
2026-07-13 15:09:04,996 [INFO] Pass: ContainsInstruction - 0.01240 (ms)
2026-07-13 15:09:04,996 [INFO] Pass: ContainsInstruction - 0.01383 (ms)
2026-07-13 15:09:04,996 [INFO] Pass: InverseCancellation - 0.02170 (ms)
2026-07-13 15:09:04,996 [INFO] Pass: InverseCancellation - 0.01836 (ms)
2026-07-13 15:09:04,996 [INFO] Pass: UnitarySynthesis - 0.00525 (ms)
2026-07-13 15:09:04,996 [INFO] Pass: UnitarySynthesis - 0.00548 (ms)
2026-07-13 15:09:04,997 [INFO] Pass: ContainsInstruction - 0.01192 (ms)
2026-07-13 15:09:04,997 [INFO] Pass: InverseCancellation - 0.01860 (ms)
2026-07-13 15:09:04,997 [INFO] Pass: UnitarySynthesis - 0.00572 (ms)
2026-07-13 15:09:04,998 [INFO] Pass: HighLevelSynthesis - 1.52826 (ms)
2026-07-13 15:09:04,998 [INFO] Pass: HighLevelSynthesis - 1.54638 (ms)
2026-07-13 15:09:04,998 [INFO] Pass: ContainsInstruction - 0.01311 (ms)
2026-07-13 15:09:04,998 [INFO] Pass: InverseCancellation - 0.01979 (ms)
2026-07-13 15:09:04,998 [INFO] Pass: UnitarySynthesis - 0.00572 (ms)
2026-07-13 15:09:04,998 [INFO] Pass: BasisTranslator - 0.78821 (ms)
2026-07-13 15:09:04,999 [INFO] Pass: BasisTranslator - 0.85115 (ms)
2026-07-13 15:09:04,999 [INFO] Pass: HighLevelSynthesis - 1.49179 (ms)
2026-07-13 15:09:04,999 [INFO] Pass: Depth - 0.19169 (ms)
2026-07-13 15:09:04,999 [INFO] Pass: FixedPoint - 0.01240 (ms)
2026-07-13 15:09:04,999 [INFO] Pass: Depth - 0.18644 (ms)
2026-07-13 15:09:04,999 [INFO] Pass: FixedPoint - 0.01168 (ms)
2026-07-13 15:09:04,999 [INFO] Pass: Size - 0.06318 (ms)
2026-07-13 15:09:04,999 [INFO] Pass: FixedPoint - 0.00501 (ms)
2026-07-13 15:09:04,999 [INFO] Pass: Size - 0.05841 (ms)
2026-07-13 15:09:04,999 [INFO] Pass: FixedPoint - 0.00501 (ms)
2026-07-13 15:09:04,999 [INFO] Pass: Optimize1qGatesDecomposition - 0.14138 (ms)
2026-07-13 15:09:04,999 [INFO] Pass: Optimize1qGatesDecomposition - 0.13638 (ms)
2026-07-13 15:09:04,999 [INFO] Pass: InverseCancellation - 0.00715 (ms)
2026-07-13 15:09:04,999 [INFO] Pass: InverseCancellation - 0.00715 (ms)
2026-07-13 15:09:04,999 [INFO] Pass: BasisTranslator - 0.83852 (ms)
2026-07-13 15:09:05,000 [INFO] Pass: Depth - 0.18954 (ms)
2026-07-13 15:09:05,000 [INFO] Pass: FixedPoint - 0.01264 (ms)
2026-07-13 15:09:05,000 [INFO] Pass: Size - 0.05889 (ms)
2026-07-13 15:09:05,000 [INFO] Pass: FixedPoint - 0.00477 (ms)
2026-07-13 15:09:05,000 [INFO] Pass: HighLevelSynthesis - 1.53184 (ms)
2026-07-13 15:09:05,000 [INFO] Pass: GatesInBasis - 0.83566 (ms)
2026-07-13 15:09:05,000 [INFO] Pass: GatesInBasis - 0.79823 (ms)
2026-07-13 15:09:05,000 [INFO] Pass: Optimize1qGatesDecomposition - 0.13566 (ms)
2026-07-13 15:09:05,000 [INFO] Pass: InverseCancellation - 0.00858 (ms)
2026-07-13 15:09:05,000 [INFO] Pass: Depth - 0.16332 (ms)
2026-07-13 15:09:05,000 [INFO] Pass: Depth - 0.16069 (ms)
2026-07-13 15:09:05,000 [INFO] Pass: FixedPoint - 0.00572 (ms)
2026-07-13 15:09:05,000 [INFO] Pass: FixedPoint - 0.00525 (ms)
2026-07-13 15:09:05,000 [INFO] Pass: Size - 0.05627 (ms)
2026-07-13 15:09:05,000 [INFO] Pass: Size - 0.05627 (ms)
2026-07-13 15:09:05,000 [INFO] Pass: FixedPoint - 0.00429 (ms)
2026-07-13 15:09:05,000 [INFO] Pass: FixedPoint - 0.00453 (ms)
2026-07-13 15:09:05,000 [INFO] Pass: ContainsInstruction - 0.00477 (ms)
2026-07-13 15:09:05,000 [INFO] Pass: ContainsInstruction - 0.00501 (ms)
2026-07-13 15:09:05,001 [INFO] Pass: BasisTranslator - 0.86951 (ms)
2026-07-13 15:09:05,001 [INFO] Pass: GatesInBasis - 0.80109 (ms)
2026-07-13 15:09:05,001 [INFO] Pass: Depth - 0.15783 (ms)
2026-07-13 15:09:05,001 [INFO] Pass: Depth - 0.18978 (ms)
2026-07-13 15:09:05,001 [INFO] Pass: FixedPoint - 0.00525 (ms)
2026-07-13 15:09:05,001 [INFO] Pass: FixedPoint - 0.01407 (ms)
2026-07-13 15:09:05,001 [INFO] Pass: Size - 0.05698 (ms)
2026-07-13 15:09:05,001 [INFO] Pass: FixedPoint - 0.00453 (ms)
2026-07-13 15:09:05,001 [INFO] Pass: Size - 0.06247 (ms)
2026-07-13 15:09:05,001 [INFO] Pass: ContainsInstruction - 0.00477 (ms)
2026-07-13 15:09:05,001 [INFO] Pass: FixedPoint - 0.00477 (ms)
2026-07-13 15:09:05,001 [INFO] Pass: Optimize1qGatesDecomposition - 0.13256 (ms)
2026-07-13 15:09:05,002 [INFO] Pass: InverseCancellation - 0.00811 (ms)
2026-07-13 15:09:05,002 [INFO] Total Transpile Time - 83.68444 (ms)
2026-07-13 15:09:05,002 [INFO] Total Transpile Time - 86.03573 (ms)
2026-07-13 15:09:05,002 [INFO] Pass: GatesInBasis - 0.80442 (ms)
2026-07-13 15:09:05,003 [INFO] Pass: Depth - 0.15712 (ms)
2026-07-13 15:09:05,003 [INFO] Pass: FixedPoint - 0.00501 (ms)
2026-07-13 15:09:05,003 [INFO] Total Transpile Time - 81.98905 (ms)
2026-07-13 15:09:05,003 [INFO] Pass: Size - 0.05651 (ms)
2026-07-13 15:09:05,003 [INFO] Pass: FixedPoint - 0.00477 (ms)
2026-07-13 15:09:05,003 [INFO] Pass: ContainsInstruction - 0.00548 (ms)
2026-07-13 15:09:05,004 [INFO] Total Transpile Time - 82.78394 (ms)
2026-07-13 15:09:05,005 [INFO] Pass: ContainsInstruction - 0.01311 (ms)
2026-07-13 15:09:05,005 [INFO] Pass: InverseCancellation - 0.01621 (ms)
2026-07-13 15:09:05,005 [INFO] Pass: UnitarySynthesis - 0.00572 (ms)
2026-07-13 15:09:05,007 [INFO] Pass: HighLevelSynthesis - 1.58477 (ms)
2026-07-13 15:09:05,007 [INFO] Pass: BasisTranslator - 0.78964 (ms)
2026-07-13 15:09:05,007 [INFO] Pass: ContainsInstruction - 0.01311 (ms)
2026-07-13 15:09:05,008 [INFO] Pass: InverseCancellation - 0.01645 (ms)
2026-07-13 15:09:05,008 [INFO] Pass: UnitarySynthesis - 0.00548 (ms)
2026-07-13 15:09:05,008 [INFO] Pass: Depth - 0.20075 (ms)
2026-07-13 15:09:05,008 [INFO] Pass: FixedPoint - 0.01192 (ms)
2026-07-13 15:09:05,008 [INFO] Pass: Size - 0.06151 (ms)
2026-07-13 15:09:05,008 [INFO] Pass: FixedPoint - 0.00453 (ms)
2026-07-13 15:09:05,008 [INFO] Pass: Optimize1qGatesDecomposition - 0.13638 (ms)
2026-07-13 15:09:05,008 [INFO] Pass: InverseCancellation - 0.00858 (ms)
2026-07-13 15:09:05,009 [INFO] Pass: GatesInBasis - 0.84281 (ms)
2026-07-13 15:09:05,009 [INFO] Pass: HighLevelSynthesis - 1.53995 (ms)
2026-07-13 15:09:05,009 [INFO] Pass: Depth - 0.16332 (ms)
2026-07-13 15:09:05,009 [INFO] Pass: FixedPoint - 0.00501 (ms)
2026-07-13 15:09:05,009 [INFO] Pass: Size - 0.05698 (ms)
2026-07-13 15:09:05,009 [INFO] Pass: FixedPoint - 0.00429 (ms)
2026-07-13 15:09:05,009 [INFO] Pass: ContainsInstruction - 0.00572 (ms)
2026-07-13 15:09:05,010 [INFO] Pass: BasisTranslator - 0.80347 (ms)
2026-07-13 15:09:05,010 [INFO] Pass: Depth - 0.20170 (ms)
2026-07-13 15:09:05,010 [INFO] Pass: FixedPoint - 0.01192 (ms)
2026-07-13 15:09:05,010 [INFO] Pass: Size - 0.06151 (ms)
2026-07-13 15:09:05,010 [INFO] Pass: FixedPoint - 0.00477 (ms)
2026-07-13 15:09:05,011 [INFO] Pass: Optimize1qGatesDecomposition - 0.13804 (ms)
2026-07-13 15:09:05,011 [INFO] Pass: InverseCancellation - 0.00787 (ms)
2026-07-13 15:09:05,011 [INFO] Total Transpile Time - 82.98755 (ms)
2026-07-13 15:09:05,012 [INFO] Pass: GatesInBasis - 0.84972 (ms)
2026-07-13 15:09:05,012 [INFO] Pass: Depth - 0.16427 (ms)
2026-07-13 15:09:05,012 [INFO] Pass: FixedPoint - 0.00548 (ms)
2026-07-13 15:09:05,012 [INFO] Pass: Size - 0.05674 (ms)
2026-07-13 15:09:05,012 [INFO] Pass: FixedPoint - 0.00453 (ms)
2026-07-13 15:09:05,012 [INFO] Pass: ContainsInstruction - 0.00548 (ms)
2026-07-13 15:09:05,012 [INFO] Pass: ContainsInstruction - 0.01383 (ms)
2026-07-13 15:09:05,012 [INFO] Pass: InverseCancellation - 0.01764 (ms)
2026-07-13 15:09:05,012 [INFO] Pass: UnitarySynthesis - 0.00548 (ms)
2026-07-13 15:09:05,013 [INFO] Pass: ContainsInstruction - 0.01287 (ms)
2026-07-13 15:09:05,013 [INFO] Pass: InverseCancellation - 0.01669 (ms)
2026-07-13 15:09:05,013 [INFO] Pass: UnitarySynthesis - 0.00620 (ms)
2026-07-13 15:09:05,013 [INFO] Total Transpile Time - 86.50708 (ms)
2026-07-13 15:09:05,014 [INFO] Pass: HighLevelSynthesis - 1.56450 (ms)
2026-07-13 15:09:05,015 [INFO] Pass: BasisTranslator - 0.79536 (ms)
2026-07-13 15:09:05,015 [INFO] Pass: Depth - 0.19836 (ms)
2026-07-13 15:09:05,015 [INFO] Pass: FixedPoint - 0.01478 (ms)
2026-07-13 15:09:05,015 [INFO] Pass: Size - 0.06270 (ms)
2026-07-13 15:09:05,015 [INFO] Pass: FixedPoint - 0.00501 (ms)
2026-07-13 15:09:05,015 [INFO] Pass: HighLevelSynthesis - 2.01607 (ms)
2026-07-13 15:09:05,015 [INFO] Pass: Optimize1qGatesDecomposition - 0.13590 (ms)
2026-07-13 15:09:05,015 [INFO] Pass: InverseCancellation - 0.00811 (ms)
2026-07-13 15:09:05,016 [INFO] Pass: GatesInBasis - 0.83685 (ms)
2026-07-13 15:09:05,016 [INFO] Pass: Depth - 0.16093 (ms)
2026-07-13 15:09:05,017 [INFO] Pass: FixedPoint - 0.00572 (ms)
2026-07-13 15:09:05,017 [INFO] Pass: BasisTranslator - 1.21284 (ms)
2026-07-13 15:09:05,017 [INFO] Pass: Size - 0.05651 (ms)
2026-07-13 15:09:05,017 [INFO] Pass: FixedPoint - 0.00477 (ms)
2026-07-13 15:09:05,017 [INFO] Pass: ContainsInstruction - 0.00548 (ms)
2026-07-13 15:09:05,017 [INFO] Pass: Depth - 0.20003 (ms)
2026-07-13 15:09:05,017 [INFO] Pass: FixedPoint - 0.01264 (ms)
2026-07-13 15:09:05,017 [INFO] Pass: Size - 0.06104 (ms)
2026-07-13 15:09:05,017 [INFO] Pass: FixedPoint - 0.00477 (ms)
2026-07-13 15:09:05,017 [INFO] Pass: Optimize1qGatesDecomposition - 0.14210 (ms)
2026-07-13 15:09:05,017 [INFO] Pass: InverseCancellation - 0.00834 (ms)
2026-07-13 15:09:05,017 [INFO] Pass: ContainsInstruction - 0.01407 (ms)
2026-07-13 15:09:05,018 [INFO] Pass: InverseCancellation - 0.01764 (ms)
2026-07-13 15:09:05,018 [INFO] Pass: UnitarySynthesis - 0.00572 (ms)
2026-07-13 15:09:05,018 [INFO] Total Transpile Time - 83.33850 (ms)
2026-07-13 15:09:05,018 [INFO] Pass: GatesInBasis - 0.88310 (ms)
2026-07-13 15:09:05,018 [INFO] Pass: Depth - 0.15736 (ms)
2026-07-13 15:09:05,018 [INFO] Pass: FixedPoint - 0.00548 (ms)
2026-07-13 15:09:05,018 [INFO] Pass: Size - 0.05627 (ms)
2026-07-13 15:09:05,019 [INFO] Pass: FixedPoint - 0.00477 (ms)
2026-07-13 15:09:05,019 [INFO] Pass: ContainsInstruction - 0.00620 (ms)
2026-07-13 15:09:05,019 [INFO] Pass: HighLevelSynthesis - 1.59049 (ms)
2026-07-13 15:09:05,020 [INFO] Pass: BasisTranslator - 0.84496 (ms)
2026-07-13 15:09:05,020 [INFO] Pass: Depth - 0.19431 (ms)
2026-07-13 15:09:05,020 [INFO] Pass: FixedPoint - 0.01168 (ms)
2026-07-13 15:09:05,021 [INFO] Pass: Size - 0.05889 (ms)
2026-07-13 15:09:05,021 [INFO] Pass: FixedPoint - 0.00501 (ms)
2026-07-13 15:09:05,021 [INFO] Pass: Optimize1qGatesDecomposition - 0.13256 (ms)
2026-07-13 15:09:05,021 [INFO] Pass: InverseCancellation - 0.00739 (ms)
2026-07-13 15:09:05,021 [INFO] Total Transpile Time - 89.55216 (ms)
2026-07-13 15:09:05,022 [INFO] Pass: GatesInBasis - 0.81635 (ms)
2026-07-13 15:09:05,022 [INFO] Pass: Depth - 0.15926 (ms)
2026-07-13 15:09:05,022 [INFO] Pass: FixedPoint - 0.00501 (ms)
2026-07-13 15:09:05,022 [INFO] Pass: Size - 0.05674 (ms)
2026-07-13 15:09:05,022 [INFO] Pass: FixedPoint - 0.00429 (ms)
2026-07-13 15:09:05,022 [INFO] Pass: ContainsInstruction - 0.00548 (ms)
2026-07-13 15:09:05,022 [INFO] Pass: ContainsInstruction - 0.01168 (ms)
2026-07-13 15:09:05,022 [INFO] Pass: InverseCancellation - 0.01645 (ms)
2026-07-13 15:09:05,022 [INFO] Pass: UnitarySynthesis - 0.00596 (ms)
2026-07-13 15:09:05,023 [INFO] Total Transpile Time - 82.03483 (ms)
2026-07-13 15:09:05,024 [INFO] Pass: HighLevelSynthesis - 1.54662 (ms)
2026-07-13 15:09:05,025 [INFO] Pass: BasisTranslator - 0.88835 (ms)
2026-07-13 15:09:05,025 [INFO] Pass: Depth - 0.19646 (ms)
2026-07-13 15:09:05,025 [INFO] Pass: FixedPoint - 0.01144 (ms)
2026-07-13 15:09:05,025 [INFO] Pass: Size - 0.06366 (ms)
2026-07-13 15:09:05,025 [INFO] Pass: FixedPoint - 0.00525 (ms)
2026-07-13 15:09:05,025 [INFO] Pass: Optimize1qGatesDecomposition - 0.14424 (ms)
2026-07-13 15:09:05,025 [INFO] Pass: InverseCancellation - 0.00834 (ms)
2026-07-13 15:09:05,026 [INFO] Pass: ContainsInstruction - 0.01216 (ms)
2026-07-13 15:09:05,026 [INFO] Pass: InverseCancellation - 0.01693 (ms)
2026-07-13 15:09:05,026 [INFO] Pass: UnitarySynthesis - 0.00572 (ms)
2026-07-13 15:09:05,026 [INFO] Pass: GatesInBasis - 0.82755 (ms)
2026-07-13 15:09:05,027 [INFO] Pass: Depth - 0.15950 (ms)
2026-07-13 15:09:05,027 [INFO] Pass: FixedPoint - 0.00572 (ms)
2026-07-13 15:09:05,027 [INFO] Pass: Size - 0.05698 (ms)
2026-07-13 15:09:05,027 [INFO] Pass: FixedPoint - 0.00477 (ms)
2026-07-13 15:09:05,027 [INFO] Pass: ContainsInstruction - 0.00501 (ms)
2026-07-13 15:09:05,028 [INFO] Pass: HighLevelSynthesis - 1.61004 (ms)
2026-07-13 15:09:05,028 [INFO] Total Transpile Time - 82.30138 (ms)
2026-07-13 15:09:05,028 [INFO] Pass: BasisTranslator - 0.78773 (ms)
2026-07-13 15:09:05,029 [INFO] Pass: Depth - 0.19360 (ms)
2026-07-13 15:09:05,029 [INFO] Pass: FixedPoint - 0.01073 (ms)
2026-07-13 15:09:05,029 [INFO] Pass: Size - 0.05913 (ms)
2026-07-13 15:09:05,029 [INFO] Pass: FixedPoint - 0.00525 (ms)
2026-07-13 15:09:05,029 [INFO] Pass: Optimize1qGatesDecomposition - 0.13137 (ms)
2026-07-13 15:09:05,029 [INFO] Pass: InverseCancellation - 0.00739 (ms)
2026-07-13 15:09:05,030 [INFO] Pass: GatesInBasis - 0.81468 (ms)
2026-07-13 15:09:05,030 [INFO] Pass: Depth - 0.16570 (ms)
2026-07-13 15:09:05,030 [INFO] Pass: FixedPoint - 0.00477 (ms)
2026-07-13 15:09:05,030 [INFO] Pass: Size - 0.05746 (ms)
2026-07-13 15:09:05,030 [INFO] Pass: FixedPoint - 0.00477 (ms)
2026-07-13 15:09:05,030 [INFO] Pass: ContainsInstruction - 0.00548 (ms)
2026-07-13 15:09:05,032 [INFO] Total Transpile Time - 82.93247 (ms)
2026-07-13 15:09:05,032 [INFO] Pass: ContainsInstruction - 0.01192 (ms)
2026-07-13 15:09:05,032 [INFO] Pass: InverseCancellation - 0.01717 (ms)
2026-07-13 15:09:05,032 [INFO] Pass: UnitarySynthesis - 0.00572 (ms)
2026-07-13 15:09:05,033 [INFO] Pass: ContainsInstruction - 0.01359 (ms)
2026-07-13 15:09:05,033 [INFO] Pass: InverseCancellation - 0.01645 (ms)
2026-07-13 15:09:05,033 [INFO] Pass: UnitarySynthesis - 0.00525 (ms)
2026-07-13 15:09:05,034 [INFO] Pass: HighLevelSynthesis - 1.55449 (ms)
2026-07-13 15:09:05,035 [INFO] Pass: BasisTranslator - 0.79775 (ms)
2026-07-13 15:09:05,035 [INFO] Pass: Depth - 0.19550 (ms)
2026-07-13 15:09:05,035 [INFO] Pass: FixedPoint - 0.01168 (ms)
2026-07-13 15:09:05,035 [INFO] Pass: Size - 0.06175 (ms)
2026-07-13 15:09:05,035 [INFO] Pass: FixedPoint - 0.00453 (ms)
2026-07-13 15:09:05,035 [INFO] Pass: Optimize1qGatesDecomposition - 0.14067 (ms)
2026-07-13 15:09:05,035 [INFO] Pass: InverseCancellation - 0.01717 (ms)
2026-07-13 15:09:05,035 [INFO] Pass: HighLevelSynthesis - 1.97649 (ms)
2026-07-13 15:09:05,036 [INFO] Pass: ContainsInstruction - 0.01192 (ms)
2026-07-13 15:09:05,036 [INFO] Pass: InverseCancellation - 0.01502 (ms)
2026-07-13 15:09:05,036 [INFO] Pass: UnitarySynthesis - 0.00525 (ms)
2026-07-13 15:09:05,036 [INFO] Pass: GatesInBasis - 0.85187 (ms)
2026-07-13 15:09:05,036 [INFO] Pass: Depth - 0.16975 (ms)
2026-07-13 15:09:05,036 [INFO] Pass: FixedPoint - 0.00572 (ms)
2026-07-13 15:09:05,036 [INFO] Pass: BasisTranslator - 1.09601 (ms)
2026-07-13 15:09:05,037 [INFO] Pass: Size - 0.05674 (ms)
2026-07-13 15:09:05,037 [INFO] Pass: FixedPoint - 0.00453 (ms)
2026-07-13 15:09:05,037 [INFO] Pass: ContainsInstruction - 0.00501 (ms)
2026-07-13 15:09:05,037 [INFO] Pass: Depth - 0.29135 (ms)
2026-07-13 15:09:05,037 [INFO] Pass: FixedPoint - 0.01168 (ms)
2026-07-13 15:09:05,037 [INFO] Pass: Size - 0.06223 (ms)
2026-07-13 15:09:05,037 [INFO] Pass: FixedPoint - 0.00477 (ms)
2026-07-13 15:09:05,037 [INFO] Pass: Optimize1qGatesDecomposition - 0.14043 (ms)
2026-07-13 15:09:05,037 [INFO] Pass: InverseCancellation - 0.00811 (ms)
2026-07-13 15:09:05,037 [INFO] Pass: HighLevelSynthesis - 1.53685 (ms)
2026-07-13 15:09:05,038 [INFO] Total Transpile Time - 83.98342 (ms)
2026-07-13 15:09:05,038 [INFO] Pass: GatesInBasis - 0.86045 (ms)
2026-07-13 15:09:05,038 [INFO] Pass: BasisTranslator - 0.85187 (ms)
2026-07-13 15:09:05,038 [INFO] Pass: Depth - 0.15783 (ms)
2026-07-13 15:09:05,038 [INFO] Pass: FixedPoint - 0.00501 (ms)
2026-07-13 15:09:05,038 [INFO] Pass: Depth - 0.19217 (ms)
2026-07-13 15:09:05,039 [INFO] Pass: FixedPoint - 0.01168 (ms)
2026-07-13 15:09:05,039 [INFO] Pass: Size - 0.05698 (ms)
2026-07-13 15:09:05,039 [INFO] Pass: FixedPoint - 0.00477 (ms)
2026-07-13 15:09:05,039 [INFO] Pass: ContainsInstruction - 0.00525 (ms)
2026-07-13 15:09:05,039 [INFO] Pass: Size - 0.05889 (ms)
2026-07-13 15:09:05,039 [INFO] Pass: FixedPoint - 0.00453 (ms)
2026-07-13 15:09:05,039 [INFO] Pass: Optimize1qGatesDecomposition - 0.13399 (ms)
2026-07-13 15:09:05,039 [INFO] Pass: InverseCancellation - 0.00715 (ms)
2026-07-13 15:09:05,040 [INFO] Pass: GatesInBasis - 0.82898 (ms)
2026-07-13 15:09:05,040 [INFO] Pass: Depth - 0.15759 (ms)
2026-07-13 15:09:05,040 [INFO] Pass: FixedPoint - 0.00548 (ms)
2026-07-13 15:09:05,040 [INFO] Pass: Size - 0.05722 (ms)
2026-07-13 15:09:05,040 [INFO] Pass: FixedPoint - 0.00453 (ms)
2026-07-13 15:09:05,040 [INFO] Pass: ContainsInstruction - 0.00477 (ms)
2026-07-13 15:09:05,040 [INFO] Total Transpile Time - 94.44618 (ms)
2026-07-13 15:09:05,042 [INFO] Total Transpile Time - 83.86636 (ms)
2026-07-13 15:09:05,058 [INFO] Pass: ContainsInstruction - 0.00811 (ms)
2026-07-13 15:09:05,059 [INFO] Pass: ContainsInstruction - 0.01025 (ms)
2026-07-13 15:09:05,059 [INFO] Pass: InverseCancellation - 0.16880 (ms)
2026-07-13 15:09:05,059 [INFO] Pass: UnitarySynthesis - 0.00548 (ms)
2026-07-13 15:09:05,059 [INFO] Pass: InverseCancellation - 0.16785 (ms)
2026-07-13 15:09:05,059 [INFO] Pass: UnitarySynthesis - 0.00525 (ms)
2026-07-13 15:09:05,060 [INFO] Pass: ContainsInstruction - 0.00906 (ms)
2026-07-13 15:09:05,060 [INFO] Pass: InverseCancellation - 0.16737 (ms)
2026-07-13 15:09:05,060 [INFO] Pass: UnitarySynthesis - 0.00477 (ms)
2026-07-13 15:09:05,060 [INFO] Pass: HighLevelSynthesis - 1.45674 (ms)
2026-07-13 15:09:05,060 [INFO] Pass: HighLevelSynthesis - 1.45197 (ms)
2026-07-13 15:09:05,061 [INFO] Pass: BasisTranslator - 0.80180 (ms)
2026-07-13 15:09:05,061 [INFO] Pass: Depth - 0.17500 (ms)
2026-07-13 15:09:05,061 [INFO] Pass: FixedPoint - 0.00715 (ms)
2026-07-13 15:09:05,061 [INFO] Pass: HighLevelSynthesis - 1.43194 (ms)
2026-07-13 15:09:05,061 [INFO] Pass: Size - 0.05841 (ms)
2026-07-13 15:09:05,062 [INFO] Pass: FixedPoint - 0.00501 (ms)
2026-07-13 15:09:05,061 [INFO] Pass: ContainsInstruction - 0.00882 (ms)
2026-07-13 15:09:05,062 [INFO] Pass: BasisTranslator - 1.19281 (ms)
2026-07-13 15:09:05,062 [INFO] Pass: InverseCancellation - 0.16975 (ms)
2026-07-13 15:09:05,062 [INFO] Pass: UnitarySynthesis - 0.00501 (ms)
2026-07-13 15:09:05,062 [INFO] Pass: Depth - 0.17428 (ms)
2026-07-13 15:09:05,062 [INFO] Pass: FixedPoint - 0.00715 (ms)
2026-07-13 15:09:05,062 [INFO] Pass: Size - 0.05960 (ms)
2026-07-13 15:09:05,062 [INFO] Pass: FixedPoint - 0.00501 (ms)
2026-07-13 15:09:05,062 [INFO] Pass: BasisTranslator - 0.80562 (ms)
2026-07-13 15:09:05,062 [INFO] Pass: Depth - 0.17476 (ms)
2026-07-13 15:09:05,063 [INFO] Pass: FixedPoint - 0.00739 (ms)
2026-07-13 15:09:05,063 [INFO] Pass: Size - 0.05889 (ms)
2026-07-13 15:09:05,063 [INFO] Pass: FixedPoint - 0.00477 (ms)
2026-07-13 15:09:05,063 [INFO] Pass: Optimize1qGatesDecomposition - 1.08862 (ms)
2026-07-13 15:09:05,063 [INFO] Pass: Optimize1qGatesDecomposition - 0.78845 (ms)
2026-07-13 15:09:05,063 [INFO] Pass: InverseCancellation - 0.15163 (ms)
2026-07-13 15:09:05,063 [INFO] Pass: InverseCancellation - 0.14877 (ms)
2026-07-13 15:09:05,063 [INFO] Pass: HighLevelSynthesis - 1.47843 (ms)
2026-07-13 15:09:05,063 [INFO] Pass: Optimize1qGatesDecomposition - 0.78630 (ms)
2026-07-13 15:09:05,064 [INFO] Pass: InverseCancellation - 0.15020 (ms)
2026-07-13 15:09:05,064 [INFO] Pass: GatesInBasis - 0.79966 (ms)
2026-07-13 15:09:05,064 [INFO] Pass: GatesInBasis - 0.81706 (ms)
2026-07-13 15:09:05,064 [INFO] Pass: Depth - 0.16427 (ms)
2026-07-13 15:09:05,064 [INFO] Pass: FixedPoint - 0.00548 (ms)
2026-07-13 15:09:05,064 [INFO] Pass: Size - 0.05865 (ms)
2026-07-13 15:09:05,064 [INFO] Pass: FixedPoint - 0.00453 (ms)
2026-07-13 15:09:05,064 [INFO] Pass: Depth - 0.16427 (ms)
2026-07-13 15:09:05,064 [INFO] Pass: ContainsInstruction - 0.00453 (ms)
2026-07-13 15:09:05,064 [INFO] Pass: FixedPoint - 0.00548 (ms)
2026-07-13 15:09:05,064 [INFO] Pass: BasisTranslator - 0.80490 (ms)
2026-07-13 15:09:05,064 [INFO] Pass: Size - 0.05889 (ms)
2026-07-13 15:09:05,064 [INFO] Pass: FixedPoint - 0.00453 (ms)
2026-07-13 15:09:05,064 [INFO] Pass: ContainsInstruction - 0.00501 (ms)
2026-07-13 15:09:05,064 [INFO] Pass: Depth - 0.17691 (ms)
2026-07-13 15:09:05,064 [INFO] Pass: FixedPoint - 0.00763 (ms)
2026-07-13 15:09:05,065 [INFO] Pass: Size - 0.05913 (ms)
2026-07-13 15:09:05,065 [INFO] Pass: FixedPoint - 0.00477 (ms)
2026-07-13 15:09:05,065 [INFO] Pass: GatesInBasis - 0.86617 (ms)
2026-07-13 15:09:05,065 [INFO] Pass: Depth - 0.16737 (ms)
2026-07-13 15:09:05,065 [INFO] Pass: FixedPoint - 0.00548 (ms)
2026-07-13 15:09:05,065 [INFO] Pass: Size - 0.05770 (ms)
2026-07-13 15:09:05,065 [INFO] Pass: FixedPoint - 0.00477 (ms)
2026-07-13 15:09:05,065 [INFO] Pass: ContainsInstruction - 0.00477 (ms)
2026-07-13 15:09:05,065 [INFO] Pass: Optimize1qGatesDecomposition - 0.80347 (ms)
2026-07-13 15:09:05,065 [INFO] Total Transpile Time - 63.63034 (ms)
2026-07-13 15:09:05,066 [INFO] Pass: InverseCancellation - 0.15187 (ms)
2026-07-13 15:09:05,066 [INFO] Total Transpile Time - 63.80200 (ms)
2026-07-13 15:09:05,066 [INFO] Total Transpile Time - 63.57956 (ms)
2026-07-13 15:09:05,066 [INFO] Pass: GatesInBasis - 0.83613 (ms)
2026-07-13 15:09:05,067 [INFO] Pass: Depth - 0.16332 (ms)
2026-07-13 15:09:05,067 [INFO] Pass: FixedPoint - 0.00548 (ms)
2026-07-13 15:09:05,067 [INFO] Pass: Size - 0.05960 (ms)
2026-07-13 15:09:05,067 [INFO] Pass: FixedPoint - 0.00429 (ms)
2026-07-13 15:09:05,067 [INFO] Pass: ContainsInstruction - 0.00477 (ms)
2026-07-13 15:09:05,068 [INFO] Pass: ContainsInstruction - 0.00930 (ms)
2026-07-13 15:09:05,068 [INFO] Total Transpile Time - 63.98845 (ms)
2026-07-13 15:09:05,068 [INFO] Pass: InverseCancellation - 0.17118 (ms)
2026-07-13 15:09:05,069 [INFO] Pass: UnitarySynthesis - 0.00501 (ms)
2026-07-13 15:09:05,070 [INFO] Pass: HighLevelSynthesis - 1.47629 (ms)
2026-07-13 15:09:05,071 [INFO] Pass: BasisTranslator - 1.26696 (ms)
2026-07-13 15:09:05,071 [INFO] Pass: ContainsInstruction - 0.00882 (ms)
2026-07-13 15:09:05,072 [INFO] Pass: Depth - 0.18144 (ms)
2026-07-13 15:09:05,072 [INFO] Pass: FixedPoint - 0.00834 (ms)
2026-07-13 15:09:05,072 [INFO] Pass: InverseCancellation - 0.17929 (ms)
2026-07-13 15:09:05,072 [INFO] Pass: Size - 0.05984 (ms)
2026-07-13 15:09:05,072 [INFO] Pass: UnitarySynthesis - 0.00572 (ms)
2026-07-13 15:09:05,072 [INFO] Pass: FixedPoint - 0.00477 (ms)
2026-07-13 15:09:05,073 [INFO] Pass: Optimize1qGatesDecomposition - 0.79250 (ms)
2026-07-13 15:09:05,073 [INFO] Pass: InverseCancellation - 0.14997 (ms)
2026-07-13 15:09:05,073 [INFO] Pass: HighLevelSynthesis - 1.46532 (ms)
2026-07-13 15:09:05,074 [INFO] Pass: GatesInBasis - 0.85521 (ms)
2026-07-13 15:09:05,074 [INFO] Pass: Depth - 0.16594 (ms)
2026-07-13 15:09:05,074 [INFO] Pass: FixedPoint - 0.00525 (ms)
2026-07-13 15:09:05,074 [INFO] Pass: Size - 0.05889 (ms)
2026-07-13 15:09:05,074 [INFO] Pass: FixedPoint - 0.00453 (ms)
2026-07-13 15:09:05,074 [INFO] Pass: ContainsInstruction - 0.00525 (ms)
2026-07-13 15:09:05,075 [INFO] Pass: BasisTranslator - 1.25051 (ms)
2026-07-13 15:09:05,075 [INFO] Pass: Depth - 0.18311 (ms)
2026-07-13 15:09:05,075 [INFO] Pass: FixedPoint - 0.00834 (ms)
2026-07-13 15:09:05,075 [INFO] Pass: Size - 0.06104 (ms)
2026-07-13 15:09:05,075 [INFO] Pass: ContainsInstruction - 0.00882 (ms)
2026-07-13 15:09:05,075 [INFO] Pass: FixedPoint - 0.00477 (ms)
2026-07-13 15:09:05,075 [INFO] Pass: InverseCancellation - 0.17524 (ms)
2026-07-13 15:09:05,075 [INFO] Pass: UnitarySynthesis - 0.00548 (ms)
2026-07-13 15:09:05,076 [INFO] Total Transpile Time - 64.63146 (ms)
2026-07-13 15:09:05,076 [INFO] Pass: Optimize1qGatesDecomposition - 0.79131 (ms)
2026-07-13 15:09:05,076 [INFO] Pass: InverseCancellation - 0.15330 (ms)
2026-07-13 15:09:05,077 [INFO] Pass: HighLevelSynthesis - 1.45340 (ms)
2026-07-13 15:09:05,077 [INFO] Pass: GatesInBasis - 0.84352 (ms)
2026-07-13 15:09:05,077 [INFO] Pass: Depth - 0.17071 (ms)
2026-07-13 15:09:05,077 [INFO] Pass: FixedPoint - 0.00596 (ms)
2026-07-13 15:09:05,077 [INFO] Pass: Size - 0.05865 (ms)
2026-07-13 15:09:05,077 [INFO] Pass: FixedPoint - 0.00453 (ms)
2026-07-13 15:09:05,077 [INFO] Pass: ContainsInstruction - 0.00501 (ms)
2026-07-13 15:09:05,078 [INFO] Pass: BasisTranslator - 1.24454 (ms)
2026-07-13 15:09:05,078 [INFO] Pass: Depth - 0.18525 (ms)
2026-07-13 15:09:05,078 [INFO] Pass: FixedPoint - 0.00763 (ms)
2026-07-13 15:09:05,078 [INFO] Pass: Size - 0.06080 (ms)
2026-07-13 15:09:05,078 [INFO] Pass: FixedPoint - 0.00501 (ms)
2026-07-13 15:09:05,079 [INFO] Total Transpile Time - 65.26637 (ms)
2026-07-13 15:09:05,079 [INFO] Pass: Optimize1qGatesDecomposition - 0.78392 (ms)
2026-07-13 15:09:05,080 [INFO] Pass: InverseCancellation - 0.14949 (ms)
2026-07-13 15:09:05,080 [INFO] Pass: GatesInBasis - 0.81778 (ms)
2026-07-13 15:09:05,080 [INFO] Pass: ContainsInstruction - 0.00858 (ms)
2026-07-13 15:09:05,081 [INFO] Pass: Depth - 0.16570 (ms)
2026-07-13 15:09:05,081 [INFO] Pass: FixedPoint - 0.00572 (ms)
2026-07-13 15:09:05,081 [INFO] Pass: Size - 0.05960 (ms)
2026-07-13 15:09:05,081 [INFO] Pass: FixedPoint - 0.00453 (ms)
2026-07-13 15:09:05,081 [INFO] Pass: InverseCancellation - 0.16642 (ms)
2026-07-13 15:09:05,081 [INFO] Pass: ContainsInstruction - 0.00477 (ms)
2026-07-13 15:09:05,081 [INFO] Pass: UnitarySynthesis - 0.00477 (ms)
2026-07-13 15:09:05,082 [INFO] Total Transpile Time - 63.97057 (ms)
2026-07-13 15:09:05,082 [INFO] Pass: HighLevelSynthesis - 1.45698 (ms)
2026-07-13 15:09:05,083 [INFO] Pass: BasisTranslator - 0.80967 (ms)
2026-07-13 15:09:05,083 [INFO] Pass: Depth - 0.17428 (ms)
2026-07-13 15:09:05,083 [INFO] Pass: FixedPoint - 0.00739 (ms)
2026-07-13 15:09:05,084 [INFO] Pass: Size - 0.05937 (ms)
2026-07-13 15:09:05,084 [INFO] Pass: FixedPoint - 0.00477 (ms)
2026-07-13 15:09:05,084 [INFO] Pass: Optimize1qGatesDecomposition - 0.78940 (ms)
2026-07-13 15:09:05,085 [INFO] Pass: InverseCancellation - 0.14901 (ms)
2026-07-13 15:09:05,085 [INFO] Pass: GatesInBasis - 0.83852 (ms)
2026-07-13 15:09:05,086 [INFO] Pass: Depth - 0.16379 (ms)
2026-07-13 15:09:05,086 [INFO] Pass: FixedPoint - 0.00572 (ms)
2026-07-13 15:09:05,086 [INFO] Pass: Size - 0.05889 (ms)
2026-07-13 15:09:05,086 [INFO] Pass: FixedPoint - 0.00453 (ms)
2026-07-13 15:09:05,086 [INFO] Pass: ContainsInstruction - 0.00525 (ms)
2026-07-13 15:09:05,086 [INFO] Pass: ContainsInstruction - 0.00882 (ms)
2026-07-13 15:09:05,087 [INFO] Pass: InverseCancellation - 0.17762 (ms)
2026-07-13 15:09:05,087 [INFO] Pass: UnitarySynthesis - 0.00548 (ms)
2026-07-13 15:09:05,087 [INFO] Total Transpile Time - 63.74407 (ms)
2026-07-13 15:09:05,088 [INFO] Pass: HighLevelSynthesis - 1.47796 (ms)
2026-07-13 15:09:05,089 [INFO] Pass: BasisTranslator - 0.81444 (ms)
2026-07-13 15:09:05,089 [INFO] Pass: Depth - 0.17858 (ms)
2026-07-13 15:09:05,089 [INFO] Pass: FixedPoint - 0.00739 (ms)
2026-07-13 15:09:05,090 [INFO] Pass: Size - 0.06080 (ms)
2026-07-13 15:09:05,090 [INFO] Pass: FixedPoint - 0.00525 (ms)
2026-07-13 15:09:05,090 [INFO] Pass: ContainsInstruction - 0.00811 (ms)
2026-07-13 15:09:05,090 [INFO] Pass: InverseCancellation - 0.17142 (ms)
2026-07-13 15:09:05,090 [INFO] Pass: UnitarySynthesis - 0.00501 (ms)
2026-07-13 15:09:05,090 [INFO] Pass: Optimize1qGatesDecomposition - 0.78082 (ms)
2026-07-13 15:09:05,091 [INFO] Pass: InverseCancellation - 0.15306 (ms)
2026-07-13 15:09:05,092 [INFO] Pass: HighLevelSynthesis - 1.49322 (ms)
2026-07-13 15:09:05,092 [INFO] Pass: GatesInBasis - 0.83280 (ms)
2026-07-13 15:09:05,092 [INFO] Pass: Depth - 0.16522 (ms)
2026-07-13 15:09:05,092 [INFO] Pass: FixedPoint - 0.00596 (ms)
2026-07-13 15:09:05,092 [INFO] Pass: Size - 0.05889 (ms)
2026-07-13 15:09:05,092 [INFO] Pass: FixedPoint - 0.00453 (ms)
2026-07-13 15:09:05,092 [INFO] Pass: ContainsInstruction - 0.00501 (ms)
2026-07-13 15:09:05,092 [INFO] Pass: BasisTranslator - 0.80299 (ms)
2026-07-13 15:09:05,093 [INFO] Pass: Depth - 0.17500 (ms)
2026-07-13 15:09:05,093 [INFO] Pass: FixedPoint - 0.00811 (ms)
2026-07-13 15:09:05,093 [INFO] Pass: Size - 0.05984 (ms)
2026-07-13 15:09:05,093 [INFO] Pass: FixedPoint - 0.00501 (ms)
2026-07-13 15:09:05,093 [INFO] Total Transpile Time - 65.11283 (ms)
2026-07-13 15:09:05,094 [INFO] Pass: Optimize1qGatesDecomposition - 0.79823 (ms)
2026-07-13 15:09:05,094 [INFO] Pass: InverseCancellation - 0.15259 (ms)
2026-07-13 15:09:05,095 [INFO] Pass: ContainsInstruction - 0.01049 (ms)
2026-07-13 15:09:05,095 [INFO] Pass: GatesInBasis - 0.83756 (ms)
2026-07-13 15:09:05,095 [INFO] Pass: Depth - 0.16546 (ms)
2026-07-13 15:09:05,095 [INFO] Pass: InverseCancellation - 0.17333 (ms)
2026-07-13 15:09:05,095 [INFO] Pass: FixedPoint - 0.00548 (ms)
2026-07-13 15:09:05,095 [INFO] Pass: UnitarySynthesis - 0.00501 (ms)
2026-07-13 15:09:05,095 [INFO] Pass: Size - 0.05913 (ms)
2026-07-13 15:09:05,095 [INFO] Pass: FixedPoint - 0.00429 (ms)
2026-07-13 15:09:05,095 [INFO] Pass: ContainsInstruction - 0.00525 (ms)
2026-07-13 15:09:05,096 [INFO] Pass: ContainsInstruction - 0.00858 (ms)
2026-07-13 15:09:05,096 [INFO] Pass: InverseCancellation - 0.17118 (ms)
2026-07-13 15:09:05,096 [INFO] Pass: UnitarySynthesis - 0.00525 (ms)
2026-07-13 15:09:05,097 [INFO] Total Transpile Time - 64.58259 (ms)
2026-07-13 15:09:05,097 [INFO] Pass: HighLevelSynthesis - 1.89400 (ms)
2026-07-13 15:09:05,098 [INFO] Pass: HighLevelSynthesis - 1.47343 (ms)
2026-07-13 15:09:05,099 [INFO] Pass: BasisTranslator - 1.71328 (ms)
2026-07-13 15:09:05,099 [INFO] Pass: Depth - 0.31662 (ms)
2026-07-13 15:09:05,099 [INFO] Pass: BasisTranslator - 1.26553 (ms)
2026-07-13 15:09:05,099 [INFO] Pass: FixedPoint - 0.24319 (ms)
2026-07-13 15:09:05,099 [INFO] Pass: Size - 0.06533 (ms)
2026-07-13 15:09:05,100 [INFO] Pass: FixedPoint - 0.00572 (ms)
2026-07-13 15:09:05,100 [INFO] Pass: Depth - 0.19765 (ms)
2026-07-13 15:09:05,100 [INFO] Pass: FixedPoint - 0.00858 (ms)
2026-07-13 15:09:05,100 [INFO] Pass: Size - 0.06032 (ms)
2026-07-13 15:09:05,100 [INFO] Pass: FixedPoint - 0.00501 (ms)
2026-07-13 15:09:05,100 [INFO] Pass: ContainsInstruction - 0.00930 (ms)
2026-07-13 15:09:05,100 [INFO] Pass: InverseCancellation - 0.16999 (ms)
2026-07-13 15:09:05,100 [INFO] Pass: UnitarySynthesis - 0.00477 (ms)
2026-07-13 15:09:05,100 [INFO] Pass: Optimize1qGatesDecomposition - 0.79632 (ms)
2026-07-13 15:09:05,101 [INFO] Pass: InverseCancellation - 0.15569 (ms)
2026-07-13 15:09:05,101 [INFO] Pass: Optimize1qGatesDecomposition - 0.80824 (ms)
2026-07-13 15:09:05,101 [INFO] Pass: InverseCancellation - 0.15640 (ms)
2026-07-13 15:09:05,101 [INFO] Pass: GatesInBasis - 0.84448 (ms)
2026-07-13 15:09:05,102 [INFO] Pass: HighLevelSynthesis - 1.46627 (ms)
2026-07-13 15:09:05,102 [INFO] Pass: Depth - 0.18167 (ms)
2026-07-13 15:09:05,102 [INFO] Pass: GatesInBasis - 0.82397 (ms)
2026-07-13 15:09:05,102 [INFO] Pass: Depth - 0.16737 (ms)
2026-07-13 15:09:05,102 [INFO] Pass: FixedPoint - 0.00596 (ms)
2026-07-13 15:09:05,102 [INFO] Pass: Size - 0.05937 (ms)
2026-07-13 15:09:05,102 [INFO] Pass: FixedPoint - 0.00429 (ms)
2026-07-13 15:09:05,102 [INFO] Pass: ContainsInstruction - 0.00525 (ms)
2026-07-13 15:09:05,102 [INFO] Pass: FixedPoint - 0.00763 (ms)
2026-07-13 15:09:05,102 [INFO] Pass: Size - 0.06843 (ms)
2026-07-13 15:09:05,102 [INFO] Pass: FixedPoint - 0.00501 (ms)
2026-07-13 15:09:05,102 [INFO] Pass: ContainsInstruction - 0.00596 (ms)
2026-07-13 15:09:05,102 [INFO] Pass: BasisTranslator - 0.81158 (ms)
2026-07-13 15:09:05,103 [INFO] Pass: Depth - 0.17619 (ms)
2026-07-13 15:09:05,103 [INFO] Pass: FixedPoint - 0.00811 (ms)
2026-07-13 15:09:05,103 [INFO] Pass: Size - 0.06032 (ms)
2026-07-13 15:09:05,103 [INFO] Pass: FixedPoint - 0.00477 (ms)
2026-07-13 15:09:05,104 [INFO] Total Transpile Time - 65.40942 (ms)
2026-07-13 15:09:05,104 [INFO] Total Transpile Time - 82.78012 (ms)
2026-07-13 15:09:05,104 [INFO] Pass: Optimize1qGatesDecomposition - 0.80824 (ms)
2026-07-13 15:09:05,104 [INFO] Pass: InverseCancellation - 0.15402 (ms)
2026-07-13 15:09:05,105 [INFO] Pass: GatesInBasis - 0.83709 (ms)
2026-07-13 15:09:05,105 [INFO] Pass: Depth - 0.16665 (ms)
2026-07-13 15:09:05,105 [INFO] Pass: ContainsInstruction - 0.00882 (ms)
2026-07-13 15:09:05,105 [INFO] Pass: FixedPoint - 0.00596 (ms)
2026-07-13 15:09:05,105 [INFO] Pass: Size - 0.05841 (ms)
2026-07-13 15:09:05,105 [INFO] Pass: FixedPoint - 0.00477 (ms)
2026-07-13 15:09:05,105 [INFO] Pass: ContainsInstruction - 0.00501 (ms)
2026-07-13 15:09:05,105 [INFO] Pass: InverseCancellation - 0.17738 (ms)
2026-07-13 15:09:05,105 [INFO] Pass: UnitarySynthesis - 0.00525 (ms)
2026-07-13 15:09:05,107 [INFO] Total Transpile Time - 65.03797 (ms)
2026-07-13 15:09:05,107 [INFO] Pass: HighLevelSynthesis - 1.84894 (ms)
2026-07-13 15:09:05,109 [INFO] Pass: BasisTranslator - 1.25408 (ms)
2026-07-13 15:09:05,109 [INFO] Pass: Depth - 0.17953 (ms)
2026-07-13 15:09:05,109 [INFO] Pass: FixedPoint - 0.00834 (ms)
2026-07-13 15:09:05,109 [INFO] Pass: Size - 0.06032 (ms)
2026-07-13 15:09:05,109 [INFO] Pass: FixedPoint - 0.00501 (ms)
2026-07-13 15:09:05,110 [INFO] Pass: Optimize1qGatesDecomposition - 0.78559 (ms)
2026-07-13 15:09:05,110 [INFO] Pass: InverseCancellation - 0.14830 (ms)
2026-07-13 15:09:05,111 [INFO] Pass: GatesInBasis - 0.84066 (ms)
2026-07-13 15:09:05,111 [INFO] Pass: Depth - 0.16952 (ms)
2026-07-13 15:09:05,111 [INFO] Pass: FixedPoint - 0.00596 (ms)
2026-07-13 15:09:05,111 [INFO] Pass: Size - 0.08273 (ms)
2026-07-13 15:09:05,111 [INFO] Pass: FixedPoint - 0.00501 (ms)
2026-07-13 15:09:05,111 [INFO] Pass: ContainsInstruction - 0.00548 (ms)
2026-07-13 15:09:05,113 [INFO] Total Transpile Time - 72.61729 (ms)
2026-07-13 15:09:05,122 [INFO] Pass: ContainsInstruction - 0.00763 (ms)
2026-07-13 15:09:05,122 [INFO] Pass: ContainsInstruction - 0.00954 (ms)
2026-07-13 15:09:05,122 [INFO] Pass: InverseCancellation - 0.17118 (ms)
2026-07-13 15:09:05,122 [INFO] Pass: UnitarySynthesis - 0.00453 (ms)
2026-07-13 15:09:05,122 [INFO] Pass: InverseCancellation - 0.16880 (ms)
2026-07-13 15:09:05,123 [INFO] Pass: UnitarySynthesis - 0.00501 (ms)
2026-07-13 15:09:05,123 [INFO] Pass: ContainsInstruction - 0.00858 (ms)
2026-07-13 15:09:05,123 [INFO] Pass: InverseCancellation - 0.16594 (ms)
2026-07-13 15:09:05,124 [INFO] Pass: UnitarySynthesis - 0.00477 (ms)
2026-07-13 15:09:05,124 [INFO] Pass: HighLevelSynthesis - 1.46723 (ms)
2026-07-13 15:09:05,124 [INFO] Pass: HighLevelSynthesis - 1.46580 (ms)
2026-07-13 15:09:05,125 [INFO] Pass: BasisTranslator - 0.97847 (ms)
2026-07-13 15:09:05,125 [INFO] Pass: BasisTranslator - 0.82374 (ms)
2026-07-13 15:09:05,125 [INFO] Pass: HighLevelSynthesis - 1.48368 (ms)
2026-07-13 15:09:05,125 [INFO] Pass: Depth - 0.17595 (ms)
2026-07-13 15:09:05,125 [INFO] Pass: Depth - 0.17238 (ms)
2026-07-13 15:09:05,125 [INFO] Pass: FixedPoint - 0.00763 (ms)
2026-07-13 15:09:05,125 [INFO] Pass: FixedPoint - 0.00715 (ms)
2026-07-13 15:09:05,125 [INFO] Pass: Size - 0.06104 (ms)
2026-07-13 15:09:05,125 [INFO] Pass: Size - 0.06056 (ms)
2026-07-13 15:09:05,125 [INFO] Pass: FixedPoint - 0.00477 (ms)
2026-07-13 15:09:05,125 [INFO] Pass: FixedPoint - 0.00477 (ms)
2026-07-13 15:09:05,125 [INFO] Pass: ContainsInstruction - 0.00834 (ms)
2026-07-13 15:09:05,126 [INFO] Pass: InverseCancellation - 0.16928 (ms)
2026-07-13 15:09:05,126 [INFO] Pass: UnitarySynthesis - 0.00477 (ms)
2026-07-13 15:09:05,126 [INFO] Pass: BasisTranslator - 0.82898 (ms)
2026-07-13 15:09:05,126 [INFO] Pass: Depth - 0.17810 (ms)
2026-07-13 15:09:05,126 [INFO] Pass: FixedPoint - 0.00811 (ms)
2026-07-13 15:09:05,126 [INFO] Pass: Optimize1qGatesDecomposition - 0.83399 (ms)
2026-07-13 15:09:05,126 [INFO] Pass: Optimize1qGatesDecomposition - 0.84257 (ms)
2026-07-13 15:09:05,126 [INFO] Pass: InverseCancellation - 0.00787 (ms)
2026-07-13 15:09:05,126 [INFO] Pass: InverseCancellation - 0.00739 (ms)
2026-07-13 15:09:05,126 [INFO] Pass: Size - 0.06199 (ms)
2026-07-13 15:09:05,126 [INFO] Pass: FixedPoint - 0.00477 (ms)
2026-07-13 15:09:05,127 [INFO] Pass: GatesInBasis - 0.79489 (ms)
2026-07-13 15:09:05,127 [INFO] Pass: GatesInBasis - 0.87547 (ms)
2026-07-13 15:09:05,127 [INFO] Pass: Optimize1qGatesDecomposition - 0.85592 (ms)
2026-07-13 15:09:05,127 [INFO] Pass: InverseCancellation - 0.00763 (ms)
2026-07-13 15:09:05,127 [INFO] Pass: Depth - 0.16904 (ms)
2026-07-13 15:09:05,127 [INFO] Pass: HighLevelSynthesis - 1.49250 (ms)
2026-07-13 15:09:05,127 [INFO] Pass: FixedPoint - 0.00572 (ms)
2026-07-13 15:09:05,127 [INFO] Pass: Depth - 0.16761 (ms)
2026-07-13 15:09:05,127 [INFO] Pass: Size - 0.05865 (ms)
2026-07-13 15:09:05,127 [INFO] Pass: FixedPoint - 0.00572 (ms)
2026-07-13 15:09:05,127 [INFO] Pass: FixedPoint - 0.00429 (ms)
2026-07-13 15:09:05,128 [INFO] Pass: Size - 0.05841 (ms)
2026-07-13 15:09:05,128 [INFO] Pass: FixedPoint - 0.00477 (ms)
2026-07-13 15:09:05,128 [INFO] Pass: BasisTranslator - 0.82135 (ms)
2026-07-13 15:09:05,128 [INFO] Pass: GatesInBasis - 0.88167 (ms)
2026-07-13 15:09:05,128 [INFO] Pass: Optimize1qGatesDecomposition - 0.70453 (ms)
2026-07-13 15:09:05,128 [INFO] Pass: InverseCancellation - 0.00715 (ms)
2026-07-13 15:09:05,128 [INFO] Pass: Optimize1qGatesDecomposition - 0.70143 (ms)
2026-07-13 15:09:05,128 [INFO] Pass: InverseCancellation - 0.00787 (ms)
2026-07-13 15:09:05,128 [INFO] Pass: Depth - 0.16665 (ms)
2026-07-13 15:09:05,128 [INFO] Pass: Depth - 0.17762 (ms)
2026-07-13 15:09:05,128 [INFO] Pass: FixedPoint - 0.00572 (ms)
2026-07-13 15:09:05,128 [INFO] Pass: FixedPoint - 0.00715 (ms)
2026-07-13 15:09:05,129 [INFO] Pass: Size - 0.05794 (ms)
2026-07-13 15:09:05,129 [INFO] Pass: Size - 0.06104 (ms)
2026-07-13 15:09:05,129 [INFO] Pass: FixedPoint - 0.00477 (ms)
2026-07-13 15:09:05,129 [INFO] Pass: FixedPoint - 0.00477 (ms)
2026-07-13 15:09:05,129 [INFO] Pass: GatesInBasis - 0.79441 (ms)
2026-07-13 15:09:05,129 [INFO] Pass: GatesInBasis - 0.79203 (ms)
2026-07-13 15:09:05,129 [INFO] Pass: Depth - 0.16832 (ms)
2026-07-13 15:09:05,129 [INFO] Pass: Optimize1qGatesDecomposition - 0.69928 (ms)
2026-07-13 15:09:05,129 [INFO] Pass: FixedPoint - 0.00501 (ms)
2026-07-13 15:09:05,129 [INFO] Pass: InverseCancellation - 0.00715 (ms)
2026-07-13 15:09:05,129 [INFO] Pass: Depth - 0.16260 (ms)
2026-07-13 15:09:05,129 [INFO] Pass: FixedPoint - 0.00572 (ms)
2026-07-13 15:09:05,129 [INFO] Pass: Size - 0.05889 (ms)
2026-07-13 15:09:05,129 [INFO] Pass: FixedPoint - 0.00453 (ms)
2026-07-13 15:09:05,129 [INFO] Pass: Optimize1qGatesDecomposition - 0.84662 (ms)
2026-07-13 15:09:05,130 [INFO] Pass: ContainsInstruction - 0.00477 (ms)
2026-07-13 15:09:05,130 [INFO] Pass: Size - 0.05770 (ms)
2026-07-13 15:09:05,130 [INFO] Pass: InverseCancellation - 0.00834 (ms)
2026-07-13 15:09:05,130 [INFO] Pass: FixedPoint - 0.00453 (ms)
2026-07-13 15:09:05,130 [INFO] Pass: ContainsInstruction - 0.00501 (ms)
2026-07-13 15:09:05,130 [INFO] Pass: GatesInBasis - 0.79036 (ms)
2026-07-13 15:09:05,130 [INFO] Pass: Depth - 0.16189 (ms)
2026-07-13 15:09:05,130 [INFO] Pass: FixedPoint - 0.00477 (ms)
2026-07-13 15:09:05,130 [INFO] Pass: GatesInBasis - 0.89359 (ms)
2026-07-13 15:09:05,131 [INFO] Pass: Size - 0.05746 (ms)
2026-07-13 15:09:05,131 [INFO] Pass: FixedPoint - 0.00405 (ms)
2026-07-13 15:09:05,131 [INFO] Pass: ContainsInstruction - 0.00501 (ms)
2026-07-13 15:09:05,131 [INFO] Pass: Depth - 0.16952 (ms)
2026-07-13 15:09:05,131 [INFO] Pass: FixedPoint - 0.00620 (ms)
2026-07-13 15:09:05,131 [INFO] Pass: Size - 0.06032 (ms)
2026-07-13 15:09:05,131 [INFO] Total Transpile Time - 65.12189 (ms)
2026-07-13 15:09:05,131 [INFO] Pass: FixedPoint - 0.00453 (ms)
2026-07-13 15:09:05,131 [INFO] Total Transpile Time - 65.35912 (ms)
2026-07-13 15:09:05,132 [INFO] Pass: Optimize1qGatesDecomposition - 0.71120 (ms)
2026-07-13 15:09:05,132 [INFO] Pass: InverseCancellation - 0.00739 (ms)
2026-07-13 15:09:05,132 [INFO] Total Transpile Time - 65.47809 (ms)
2026-07-13 15:09:05,132 [INFO] Pass: ContainsInstruction - 0.00882 (ms)
2026-07-13 15:09:05,132 [INFO] Pass: GatesInBasis - 0.79322 (ms)
2026-07-13 15:09:05,133 [INFO] Pass: Depth - 0.16284 (ms)
2026-07-13 15:09:05,133 [INFO] Pass: InverseCancellation - 0.16594 (ms)
2026-07-13 15:09:05,133 [INFO] Pass: FixedPoint - 0.00477 (ms)
2026-07-13 15:09:05,133 [INFO] Pass: UnitarySynthesis - 0.00501 (ms)
2026-07-13 15:09:05,133 [INFO] Pass: Size - 0.05794 (ms)
2026-07-13 15:09:05,133 [INFO] Pass: FixedPoint - 0.00405 (ms)
2026-07-13 15:09:05,133 [INFO] Pass: ContainsInstruction - 0.00525 (ms)
2026-07-13 15:09:05,134 [INFO] Total Transpile Time - 65.89055 (ms)
2026-07-13 15:09:05,134 [INFO] Pass: HighLevelSynthesis - 1.52040 (ms)
2026-07-13 15:09:05,135 [INFO] Pass: BasisTranslator - 0.99444 (ms)
2026-07-13 15:09:05,136 [INFO] Pass: Depth - 0.17667 (ms)
2026-07-13 15:09:05,136 [INFO] Pass: FixedPoint - 0.00763 (ms)
2026-07-13 15:09:05,136 [INFO] Pass: Size - 0.06151 (ms)
2026-07-13 15:09:05,136 [INFO] Pass: FixedPoint - 0.00477 (ms)
2026-07-13 15:09:05,136 [INFO] Pass: ContainsInstruction - 0.00882 (ms)
2026-07-13 15:09:05,137 [INFO] Pass: Optimize1qGatesDecomposition - 0.85807 (ms)
2026-07-13 15:09:05,137 [INFO] Pass: InverseCancellation - 0.17834 (ms)
2026-07-13 15:09:05,137 [INFO] Pass: InverseCancellation - 0.00811 (ms)
2026-07-13 15:09:05,137 [INFO] Pass: UnitarySynthesis - 0.00477 (ms)
2026-07-13 15:09:05,138 [INFO] Pass: GatesInBasis - 0.80609 (ms)
2026-07-13 15:09:05,138 [INFO] Pass: Depth - 0.16832 (ms)
2026-07-13 15:09:05,138 [INFO] Pass: FixedPoint - 0.00572 (ms)
2026-07-13 15:09:05,138 [INFO] Pass: Size - 0.05865 (ms)
2026-07-13 15:09:05,138 [INFO] Pass: FixedPoint - 0.00477 (ms)
2026-07-13 15:09:05,138 [INFO] Pass: HighLevelSynthesis - 1.54352 (ms)
2026-07-13 15:09:05,139 [INFO] Pass: Optimize1qGatesDecomposition - 0.70262 (ms)
2026-07-13 15:09:05,139 [INFO] Pass: InverseCancellation - 0.00715 (ms)
2026-07-13 15:09:05,139 [INFO] Pass: ContainsInstruction - 0.00930 (ms)
2026-07-13 15:09:05,139 [INFO] Pass: InverseCancellation - 0.16546 (ms)
2026-07-13 15:09:05,139 [INFO] Pass: UnitarySynthesis - 0.00525 (ms)
2026-07-13 15:09:05,139 [INFO] Pass: BasisTranslator - 0.99587 (ms)
2026-07-13 15:09:05,140 [INFO] Pass: GatesInBasis - 0.79370 (ms)
2026-07-13 15:09:05,140 [INFO] Pass: Depth - 0.19073 (ms)
2026-07-13 15:09:05,140 [INFO] Pass: FixedPoint - 0.00763 (ms)
2026-07-13 15:09:05,140 [INFO] Pass: Size - 0.06604 (ms)
2026-07-13 15:09:05,140 [INFO] Pass: Depth - 0.16093 (ms)
2026-07-13 15:09:05,140 [INFO] Pass: FixedPoint - 0.00477 (ms)
2026-07-13 15:09:05,140 [INFO] Pass: FixedPoint - 0.00501 (ms)
2026-07-13 15:09:05,140 [INFO] Pass: Size - 0.05889 (ms)
2026-07-13 15:09:05,140 [INFO] Pass: FixedPoint - 0.00453 (ms)
2026-07-13 15:09:05,140 [INFO] Pass: ContainsInstruction - 0.00596 (ms)
2026-07-13 15:09:05,141 [INFO] Pass: HighLevelSynthesis - 1.53136 (ms)
2026-07-13 15:09:05,141 [INFO] Pass: Optimize1qGatesDecomposition - 0.87261 (ms)
2026-07-13 15:09:05,141 [INFO] Pass: InverseCancellation - 0.00834 (ms)
2026-07-13 15:09:05,141 [INFO] Total Transpile Time - 65.78302 (ms)
2026-07-13 15:09:05,142 [INFO] Pass: GatesInBasis - 0.81825 (ms)
2026-07-13 15:09:05,142 [INFO] Pass: BasisTranslator - 0.98705 (ms)
2026-07-13 15:09:05,142 [INFO] Pass: Depth - 0.17309 (ms)
2026-07-13 15:09:05,142 [INFO] Pass: Depth - 0.18477 (ms)
2026-07-13 15:09:05,142 [INFO] Pass: FixedPoint - 0.00572 (ms)
2026-07-13 15:09:05,142 [INFO] Pass: FixedPoint - 0.00811 (ms)
2026-07-13 15:09:05,142 [INFO] Pass: Size - 0.06032 (ms)
2026-07-13 15:09:05,142 [INFO] Pass: FixedPoint - 0.00477 (ms)
2026-07-13 15:09:05,142 [INFO] Pass: Size - 0.06175 (ms)
2026-07-13 15:09:05,142 [INFO] Pass: FixedPoint - 0.00477 (ms)
2026-07-13 15:09:05,143 [INFO] Pass: Optimize1qGatesDecomposition - 0.72885 (ms)
2026-07-13 15:09:05,143 [INFO] Pass: InverseCancellation - 0.00763 (ms)
2026-07-13 15:09:05,143 [INFO] Pass: Optimize1qGatesDecomposition - 0.84543 (ms)
2026-07-13 15:09:05,143 [INFO] Pass: InverseCancellation - 0.00858 (ms)
2026-07-13 15:09:05,144 [INFO] Pass: GatesInBasis - 0.79823 (ms)
2026-07-13 15:09:05,144 [INFO] Pass: GatesInBasis - 0.79322 (ms)
2026-07-13 15:09:05,144 [INFO] Pass: Depth - 0.16665 (ms)
2026-07-13 15:09:05,144 [INFO] Pass: FixedPoint - 0.00548 (ms)
2026-07-13 15:09:05,144 [INFO] Pass: Size - 0.05817 (ms)
2026-07-13 15:09:05,144 [INFO] Pass: Depth - 0.16665 (ms)
2026-07-13 15:09:05,144 [INFO] Pass: FixedPoint - 0.00429 (ms)
2026-07-13 15:09:05,144 [INFO] Pass: FixedPoint - 0.00525 (ms)
2026-07-13 15:09:05,144 [INFO] Pass: ContainsInstruction - 0.00548 (ms)
2026-07-13 15:09:05,144 [INFO] Pass: Size - 0.06294 (ms)
2026-07-13 15:09:05,144 [INFO] Pass: FixedPoint - 0.00453 (ms)
2026-07-13 15:09:05,144 [INFO] Pass: ContainsInstruction - 0.00882 (ms)
2026-07-13 15:09:05,145 [INFO] Pass: InverseCancellation - 0.17166 (ms)
2026-07-13 15:09:05,145 [INFO] Pass: UnitarySynthesis - 0.00477 (ms)
2026-07-13 15:09:05,145 [INFO] Pass: Optimize1qGatesDecomposition - 0.69976 (ms)
2026-07-13 15:09:05,145 [INFO] Pass: InverseCancellation - 0.00691 (ms)
2026-07-13 15:09:05,146 [INFO] Total Transpile Time - 66.70237 (ms)
2026-07-13 15:09:05,146 [INFO] Pass: GatesInBasis - 0.80633 (ms)
2026-07-13 15:09:05,146 [INFO] Pass: Depth - 0.16475 (ms)
2026-07-13 15:09:05,146 [INFO] Pass: FixedPoint - 0.00548 (ms)
2026-07-13 15:09:05,146 [INFO] Pass: Size - 0.05960 (ms)
2026-07-13 15:09:05,146 [INFO] Pass: FixedPoint - 0.00453 (ms)
2026-07-13 15:09:05,146 [INFO] Pass: ContainsInstruction - 0.00525 (ms)
2026-07-13 15:09:05,146 [INFO] Pass: HighLevelSynthesis - 1.52135 (ms)
2026-07-13 15:09:05,147 [INFO] Pass: BasisTranslator - 0.82064 (ms)
2026-07-13 15:09:05,147 [INFO] Pass: Depth - 0.17881 (ms)
2026-07-13 15:09:05,147 [INFO] Pass: FixedPoint - 0.00811 (ms)
2026-07-13 15:09:05,148 [INFO] Pass: Size - 0.06104 (ms)
2026-07-13 15:09:05,148 [INFO] Pass: FixedPoint - 0.00477 (ms)
2026-07-13 15:09:05,148 [INFO] Total Transpile Time - 65.44948 (ms)
2026-07-13 15:09:05,149 [INFO] Pass: Optimize1qGatesDecomposition - 0.87762 (ms)
2026-07-13 15:09:05,149 [INFO] Pass: InverseCancellation - 0.00834 (ms)
2026-07-13 15:09:05,150 [INFO] Pass: GatesInBasis - 0.90551 (ms)
2026-07-13 15:09:05,150 [INFO] Pass: Depth - 0.17095 (ms)
2026-07-13 15:09:05,150 [INFO] Pass: FixedPoint - 0.00596 (ms)
2026-07-13 15:09:05,150 [INFO] Pass: Size - 0.05937 (ms)
2026-07-13 15:09:05,150 [INFO] Pass: FixedPoint - 0.00453 (ms)
2026-07-13 15:09:05,151 [INFO] Pass: Optimize1qGatesDecomposition - 0.71692 (ms)
2026-07-13 15:09:05,151 [INFO] Pass: InverseCancellation - 0.01049 (ms)
2026-07-13 15:09:05,151 [INFO] Pass: ContainsInstruction - 0.00906 (ms)
2026-07-13 15:09:05,151 [INFO] Pass: InverseCancellation - 0.17405 (ms)
2026-07-13 15:09:05,151 [INFO] Pass: UnitarySynthesis - 0.00477 (ms)
2026-07-13 15:09:05,152 [INFO] Pass: GatesInBasis - 0.80347 (ms)
2026-07-13 15:09:05,152 [INFO] Pass: Depth - 0.16785 (ms)
2026-07-13 15:09:05,152 [INFO] Pass: FixedPoint - 0.00525 (ms)
2026-07-13 15:09:05,152 [INFO] Pass: Size - 0.05865 (ms)
2026-07-13 15:09:05,152 [INFO] Pass: FixedPoint - 0.00453 (ms)
2026-07-13 15:09:05,152 [INFO] Pass: ContainsInstruction - 0.00620 (ms)
2026-07-13 15:09:05,153 [INFO] Pass: HighLevelSynthesis - 1.52397 (ms)
2026-07-13 15:09:05,153 [INFO] Total Transpile Time - 66.05434 (ms)
2026-07-13 15:09:05,154 [INFO] Pass: BasisTranslator - 0.84162 (ms)
2026-07-13 15:09:05,154 [INFO] Pass: Depth - 0.18072 (ms)
2026-07-13 15:09:05,154 [INFO] Pass: FixedPoint - 0.00858 (ms)
2026-07-13 15:09:05,154 [INFO] Pass: Size - 0.06390 (ms)
2026-07-13 15:09:05,154 [INFO] Pass: FixedPoint - 0.00453 (ms)
2026-07-13 15:09:05,154 [INFO] Pass: ContainsInstruction - 0.01049 (ms)
2026-07-13 15:09:05,155 [INFO] Pass: InverseCancellation - 0.17333 (ms)
2026-07-13 15:09:05,155 [INFO] Pass: UnitarySynthesis - 0.00501 (ms)
2026-07-13 15:09:05,155 [INFO] Pass: Optimize1qGatesDecomposition - 0.88334 (ms)
2026-07-13 15:09:05,155 [INFO] Pass: InverseCancellation - 0.00858 (ms)
2026-07-13 15:09:05,156 [INFO] Pass: GatesInBasis - 0.90718 (ms)
2026-07-13 15:09:05,156 [INFO] Pass: HighLevelSynthesis - 1.50037 (ms)
2026-07-13 15:09:05,156 [INFO] Pass: Depth - 0.17214 (ms)
2026-07-13 15:09:05,156 [INFO] Pass: FixedPoint - 0.00644 (ms)
2026-07-13 15:09:05,157 [INFO] Pass: Size - 0.05913 (ms)
2026-07-13 15:09:05,157 [INFO] Pass: FixedPoint - 0.00453 (ms)
2026-07-13 15:09:05,157 [INFO] Pass: BasisTranslator - 0.81873 (ms)
2026-07-13 15:09:05,157 [INFO] Pass: Optimize1qGatesDecomposition - 0.71096 (ms)
2026-07-13 15:09:05,157 [INFO] Pass: Depth - 0.18191 (ms)
2026-07-13 15:09:05,157 [INFO] Pass: InverseCancellation - 0.01049 (ms)
2026-07-13 15:09:05,157 [INFO] Pass: FixedPoint - 0.00834 (ms)
2026-07-13 15:09:05,158 [INFO] Pass: Size - 0.06104 (ms)
2026-07-13 15:09:05,158 [INFO] Pass: FixedPoint - 0.00477 (ms)
2026-07-13 15:09:05,158 [INFO] Pass: GatesInBasis - 0.79966 (ms)
2026-07-13 15:09:05,158 [INFO] Pass: Depth - 0.16260 (ms)
2026-07-13 15:09:05,158 [INFO] Pass: Optimize1qGatesDecomposition - 0.85497 (ms)
2026-07-13 15:09:05,159 [INFO] Pass: FixedPoint - 0.00525 (ms)
2026-07-13 15:09:05,159 [INFO] Pass: InverseCancellation - 0.00834 (ms)
2026-07-13 15:09:05,159 [INFO] Pass: Size - 0.05913 (ms)
2026-07-13 15:09:05,159 [INFO] Pass: FixedPoint - 0.00453 (ms)
2026-07-13 15:09:05,159 [INFO] Pass: ContainsInstruction - 0.00548 (ms)
2026-07-13 15:09:05,159 [INFO] Pass: GatesInBasis - 0.90861 (ms)
2026-07-13 15:09:05,160 [INFO] Pass: Depth - 0.17190 (ms)
2026-07-13 15:09:05,160 [INFO] Pass: FixedPoint - 0.00596 (ms)
2026-07-13 15:09:05,160 [INFO] Pass: Size - 0.05937 (ms)
2026-07-13 15:09:05,160 [INFO] Pass: FixedPoint - 0.00477 (ms)
2026-07-13 15:09:05,160 [INFO] Total Transpile Time - 66.63585 (ms)
2026-07-13 15:09:05,161 [INFO] Pass: Optimize1qGatesDecomposition - 0.71764 (ms)
2026-07-13 15:09:05,161 [INFO] Pass: InverseCancellation - 0.00691 (ms)
2026-07-13 15:09:05,162 [INFO] Pass: GatesInBasis - 0.80299 (ms)
2026-07-13 15:09:05,162 [INFO] Pass: ContainsInstruction - 0.01216 (ms)
2026-07-13 15:09:05,162 [INFO] Pass: Depth - 0.16713 (ms)
2026-07-13 15:09:05,162 [INFO] Pass: FixedPoint - 0.00477 (ms)
2026-07-13 15:09:05,162 [INFO] Pass: InverseCancellation - 0.19217 (ms)
2026-07-13 15:09:05,162 [INFO] Pass: Size - 0.05794 (ms)
2026-07-13 15:09:05,162 [INFO] Pass: UnitarySynthesis - 0.00525 (ms)
2026-07-13 15:09:05,162 [INFO] Pass: FixedPoint - 0.00453 (ms)
2026-07-13 15:09:05,162 [INFO] Pass: ContainsInstruction - 0.00548 (ms)
2026-07-13 15:09:05,163 [INFO] Total Transpile Time - 66.72215 (ms)
2026-07-13 15:09:05,163 [INFO] Pass: HighLevelSynthesis - 1.52946 (ms)
2026-07-13 15:09:05,164 [INFO] Pass: ContainsInstruction - 0.00930 (ms)
2026-07-13 15:09:05,165 [INFO] Pass: BasisTranslator - 1.03068 (ms)
2026-07-13 15:09:05,165 [INFO] Pass: InverseCancellation - 0.17262 (ms)
2026-07-13 15:09:05,165 [INFO] Pass: UnitarySynthesis - 0.00501 (ms)
2026-07-13 15:09:05,165 [INFO] Pass: Depth - 0.18716 (ms)
2026-07-13 15:09:05,165 [INFO] Pass: FixedPoint - 0.00882 (ms)
2026-07-13 15:09:05,165 [INFO] Pass: Size - 0.06151 (ms)
2026-07-13 15:09:05,165 [INFO] Pass: FixedPoint - 0.00501 (ms)
2026-07-13 15:09:05,166 [INFO] Pass: Optimize1qGatesDecomposition - 0.91958 (ms)
2026-07-13 15:09:05,166 [INFO] Pass: InverseCancellation - 0.00930 (ms)
2026-07-13 15:09:05,166 [INFO] Pass: HighLevelSynthesis - 1.51420 (ms)
2026-07-13 15:09:05,167 [INFO] Pass: GatesInBasis - 0.81706 (ms)
2026-07-13 15:09:05,167 [INFO] Pass: Depth - 0.18072 (ms)
2026-07-13 15:09:05,167 [INFO] Pass: FixedPoint - 0.00596 (ms)
2026-07-13 15:09:05,167 [INFO] Pass: BasisTranslator - 0.82493 (ms)
2026-07-13 15:09:05,167 [INFO] Pass: Size - 0.06294 (ms)
2026-07-13 15:09:05,167 [INFO] Pass: FixedPoint - 0.00501 (ms)
2026-07-13 15:09:05,167 [INFO] Pass: Depth - 0.18215 (ms)
2026-07-13 15:09:05,167 [INFO] Pass: FixedPoint - 0.00858 (ms)
2026-07-13 15:09:05,168 [INFO] Pass: Size - 0.06223 (ms)
2026-07-13 15:09:05,168 [INFO] Pass: FixedPoint - 0.00453 (ms)
2026-07-13 15:09:05,168 [INFO] Pass: Optimize1qGatesDecomposition - 0.71764 (ms)
2026-07-13 15:09:05,168 [INFO] Pass: InverseCancellation - 0.00834 (ms)
2026-07-13 15:09:05,169 [INFO] Pass: Optimize1qGatesDecomposition - 0.88096 (ms)
2026-07-13 15:09:05,169 [INFO] Pass: InverseCancellation - 0.00858 (ms)
2026-07-13 15:09:05,169 [INFO] Pass: GatesInBasis - 0.82159 (ms)
2026-07-13 15:09:05,169 [INFO] Pass: Depth - 0.17023 (ms)
2026-07-13 15:09:05,169 [INFO] Pass: FixedPoint - 0.00501 (ms)
2026-07-13 15:09:05,169 [INFO] Pass: Size - 0.06247 (ms)
2026-07-13 15:09:05,169 [INFO] Pass: FixedPoint - 0.00429 (ms)
2026-07-13 15:09:05,169 [INFO] Pass: ContainsInstruction - 0.00548 (ms)
2026-07-13 15:09:05,170 [INFO] Pass: GatesInBasis - 0.90384 (ms)
2026-07-13 15:09:05,170 [INFO] Pass: Depth - 0.16928 (ms)
2026-07-13 15:09:05,170 [INFO] Pass: FixedPoint - 0.00572 (ms)
2026-07-13 15:09:05,170 [INFO] Pass: Size - 0.05960 (ms)
2026-07-13 15:09:05,170 [INFO] Pass: FixedPoint - 0.00453 (ms)
2026-07-13 15:09:05,171 [INFO] Pass: Optimize1qGatesDecomposition - 0.71287 (ms)
2026-07-13 15:09:05,171 [INFO] Pass: InverseCancellation - 0.00834 (ms)
2026-07-13 15:09:05,171 [INFO] Total Transpile Time - 67.19208 (ms)
2026-07-13 15:09:05,172 [INFO] Pass: GatesInBasis - 0.84019 (ms)
2026-07-13 15:09:05,172 [INFO] Pass: Depth - 0.16475 (ms)
2026-07-13 15:09:05,172 [INFO] Pass: FixedPoint - 0.00811 (ms)
2026-07-13 15:09:05,172 [INFO] Pass: Size - 0.07558 (ms)
2026-07-13 15:09:05,172 [INFO] Pass: FixedPoint - 0.00453 (ms)
2026-07-13 15:09:05,172 [INFO] Pass: ContainsInstruction - 0.00620 (ms)
2026-07-13 15:09:05,173 [INFO] Total Transpile Time - 66.75696 (ms)
2026-07-13 15:09:05,175 [INFO] Pass: ContainsInstruction - 0.01025 (ms)
2026-07-13 15:09:05,176 [INFO] Pass: InverseCancellation - 0.17595 (ms)
2026-07-13 15:09:05,176 [INFO] Pass: UnitarySynthesis - 0.00525 (ms)
2026-07-13 15:09:05,178 [INFO] Pass: HighLevelSynthesis - 1.91331 (ms)
2026-07-13 15:09:05,178 [INFO] Pass: ContainsInstruction - 0.00882 (ms)
2026-07-13 15:09:05,178 [INFO] Pass: InverseCancellation - 0.18811 (ms)
2026-07-13 15:09:05,179 [INFO] Pass: UnitarySynthesis - 0.40984 (ms)
2026-07-13 15:09:05,179 [INFO] Pass: BasisTranslator - 1.01733 (ms)
2026-07-13 15:09:05,179 [INFO] Pass: Depth - 0.18215 (ms)
2026-07-13 15:09:05,179 [INFO] Pass: FixedPoint - 0.00834 (ms)
2026-07-13 15:09:05,179 [INFO] Pass: Size - 0.06270 (ms)
2026-07-13 15:09:05,179 [INFO] Pass: FixedPoint - 0.00501 (ms)
2026-07-13 15:09:05,180 [INFO] Pass: HighLevelSynthesis - 1.52779 (ms)
2026-07-13 15:09:05,181 [INFO] Pass: Optimize1qGatesDecomposition - 1.28913 (ms)
2026-07-13 15:09:05,181 [INFO] Pass: InverseCancellation - 0.00858 (ms)
2026-07-13 15:09:05,182 [INFO] Pass: GatesInBasis - 0.80538 (ms)
2026-07-13 15:09:05,182 [INFO] Pass: Depth - 0.17285 (ms)
2026-07-13 15:09:05,182 [INFO] Pass: FixedPoint - 0.00620 (ms)
2026-07-13 15:09:05,182 [INFO] Pass: BasisTranslator - 1.42550 (ms)
2026-07-13 15:09:05,182 [INFO] Pass: Size - 0.05865 (ms)
2026-07-13 15:09:05,182 [INFO] Pass: FixedPoint - 0.00477 (ms)
2026-07-13 15:09:05,182 [INFO] Pass: Depth - 0.18930 (ms)
2026-07-13 15:09:05,182 [INFO] Pass: FixedPoint - 0.00834 (ms)
2026-07-13 15:09:05,182 [INFO] Pass: Size - 0.06723 (ms)
2026-07-13 15:09:05,182 [INFO] Pass: FixedPoint - 0.00501 (ms)
2026-07-13 15:09:05,183 [INFO] Pass: Optimize1qGatesDecomposition - 1.11628 (ms)
2026-07-13 15:09:05,183 [INFO] Pass: Optimize1qGatesDecomposition - 0.85306 (ms)
2026-07-13 15:09:05,183 [INFO] Pass: InverseCancellation - 0.01574 (ms)
2026-07-13 15:09:05,183 [INFO] Pass: InverseCancellation - 0.00930 (ms)
2026-07-13 15:09:05,184 [INFO] Pass: GatesInBasis - 0.79823 (ms)
2026-07-13 15:09:05,184 [INFO] Pass: Depth - 0.17309 (ms)
2026-07-13 15:09:05,184 [INFO] Pass: FixedPoint - 0.00525 (ms)
2026-07-13 15:09:05,184 [INFO] Pass: Size - 0.05889 (ms)
2026-07-13 15:09:05,184 [INFO] Pass: FixedPoint - 0.00453 (ms)
2026-07-13 15:09:05,184 [INFO] Pass: GatesInBasis - 1.19758 (ms)
2026-07-13 15:09:05,185 [INFO] Pass: Depth - 0.17381 (ms)
2026-07-13 15:09:05,185 [INFO] Pass: FixedPoint - 0.00620 (ms)
2026-07-13 15:09:05,185 [INFO] Pass: Size - 0.05937 (ms)
2026-07-13 15:09:05,185 [INFO] Pass: FixedPoint - 0.00477 (ms)
2026-07-13 15:09:05,185 [INFO] Pass: ContainsInstruction - 0.00668 (ms)
2026-07-13 15:09:05,185 [INFO] Pass: Optimize1qGatesDecomposition - 0.69714 (ms)
2026-07-13 15:09:05,185 [INFO] Pass: InverseCancellation - 0.00739 (ms)
2026-07-13 15:09:05,186 [INFO] Pass: GatesInBasis - 0.79608 (ms)
2026-07-13 15:09:05,187 [INFO] Total Transpile Time - 82.86977 (ms)
2026-07-13 15:09:05,187 [INFO] Pass: Depth - 0.56696 (ms)
2026-07-13 15:09:05,187 [INFO] Pass: FixedPoint - 0.00596 (ms)
2026-07-13 15:09:05,187 [INFO] Pass: Size - 0.06557 (ms)
2026-07-13 15:09:05,187 [INFO] Pass: FixedPoint - 0.00501 (ms)
2026-07-13 15:09:05,187 [INFO] Pass: ContainsInstruction - 0.00620 (ms)
2026-07-13 15:09:05,188 [INFO] Total Transpile Time - 75.12951 (ms)
2026-07-13 15:09:05,799 [INFO] [PCE] Aer metadata (1a ejecucion de este proceso): device=CPU method=statevector shots=2048 fusion_enabled=True
2026-07-13 15:09:05,801 [INFO] [PCE] Aer metadata (1a ejecucion de este proceso): device=CPU method=statevector shots=2048 fusion_enabled=True
2026-07-13 15:09:05,804 [INFO] [PCE] Aer metadata (1a ejecucion de este proceso): device=CPU method=statevector shots=2048 fusion_enabled=True
2026-07-13 15:09:05,806 [INFO] [PCE] Aer metadata (1a ejecucion de este proceso): device=CPU method=statevector shots=2048 fusion_enabled=True
2026-07-13 15:09:05,809 [INFO] [PCE] Aer metadata (1a ejecucion de este proceso): device=CPU method=statevector shots=2048 fusion_enabled=True
2026-07-13 15:09:05,811 [INFO] [PCE] Aer metadata (1a ejecucion de este proceso): device=CPU method=statevector shots=2048 fusion_enabled=True
2026-07-13 15:09:05,814 [INFO] [PCE] Aer metadata (1a ejecucion de este proceso): device=CPU method=statevector shots=2048 fusion_enabled=True
2026-07-13 15:09:05,816 [INFO] [PCE] Aer metadata (1a ejecucion de este proceso): device=CPU method=statevector shots=2048 fusion_enabled=True
2026-07-13 15:09:05,819 [INFO] [PCE] Aer metadata (1a ejecucion de este proceso): device=CPU method=statevector shots=2048 fusion_enabled=True
2026-07-13 15:09:05,821 [INFO] [PCE] Aer metadata (1a ejecucion de este proceso): device=CPU method=statevector shots=2048 fusion_enabled=True
2026-07-13 15:09:05,824 [INFO] [PCE] Aer metadata (1a ejecucion de este proceso): device=CPU method=statevector shots=2048 fusion_enabled=True
2026-07-13 15:09:05,826 [INFO] [PCE] Aer metadata (1a ejecucion de este proceso): device=CPU method=statevector shots=2048 fusion_enabled=True
2026-07-13 15:09:05,828 [INFO] [PCE] Aer metadata (1a ejecucion de este proceso): device=CPU method=statevector shots=2048 fusion_enabled=True
2026-07-13 15:09:05,831 [INFO] [PCE] Aer metadata (1a ejecucion de este proceso): device=CPU method=statevector shots=2048 fusion_enabled=True
2026-07-13 18:44:52,075 [INFO] [PCE] n=225 instancia (idx=27) 1/14 completada (paralelo) - transcurrido=0:03:35:47
2026-07-13 18:45:01,318 [INFO] [PCE] n=225 instancia (idx=62) 2/14 completada (paralelo) - transcurrido=0:03:35:56
2026-07-13 18:45:09,561 [INFO] [PCE] n=225 instancia (idx=34) 3/14 completada (paralelo) - transcurrido=0:03:36:05
2026-07-13 18:59:11,234 [INFO] [PCE] n=225 instancia (idx=41) 4/14 completada (paralelo) - transcurrido=0:03:50:06
2026-07-13 19:02:20,446 [INFO] [PCE] n=225 instancia (idx=76) 5/14 completada (paralelo) - transcurrido=0:03:53:16
2026-07-13 19:02:36,633 [INFO] [PCE] n=225 instancia (idx=13) 6/14 completada (paralelo) - transcurrido=0:03:53:32
2026-07-13 19:02:39,540 [INFO] [PCE] n=225 instancia (idx=83) 7/14 completada (paralelo) - transcurrido=0:03:53:35
2026-07-13 19:04:39,931 [INFO] [PCE] n=225 instancia (idx=55) 8/14 completada (paralelo) - transcurrido=0:03:55:35
2026-07-13 19:04:47,381 [INFO] [PCE] n=225 instancia (idx=48) 9/14 completada (paralelo) - transcurrido=0:03:55:43
2026-07-13 19:04:52,709 [INFO] [PCE] n=225 instancia (idx=97) 10/14 completada (paralelo) - transcurrido=0:03:55:48
2026-07-13 19:05:40,170 [INFO] [PCE] n=225 instancia (idx=90) 11/14 completada (paralelo) - transcurrido=0:03:56:35
2026-07-13 19:06:09,778 [INFO] [PCE] n=225 instancia (idx=6) 12/14 completada (paralelo) - transcurrido=0:03:57:05
2026-07-13 19:06:10,225 [INFO] [PCE] n=225 instancia (idx=20) 13/14 completada (paralelo) - transcurrido=0:03:57:05
2026-07-13 19:06:20,025 [INFO] [PCE] n=225 instancia (idx=69) 14/14 completada (paralelo) - transcurrido=0:03:57:15
2026-07-13 19:06:20,299 [INFO] [PCE] n=225 chunk 7/7 completado - beta_parcial=0.2360 duration=0:03:57:15 shots=2048 backend=AER
