gcc/system unloaded
gcccore/system unloaded
cesga/2022 unloaded
rust/1.75.0 unloaded
imkl/2022.0.1 unloaded
numpy/1.26.4 unloaded
scipy/1.13.1 unloaded
flint/2.8.4 unloaded
symengine/0.11.1 unloaded
symengine-python/0.11.0 unloaded
spdlog/1.9.2 unloaded
pylatexenc/2.10 unloaded
qiskit/1.2.4-aer-gpu-cu11 unloaded
        Preparing the environment for use of the CESGA 2022 software stack.
        Please rebuild modules cache: module --ignore-cache avail
     
cesga/2022 loaded
rust/1.75.0 loaded

imkl/2023.2.0 loaded
numpy/1.26.4 loaded
scipy/1.13.1 loaded
imkl/2023.2.0 unloaded

imkl/2022.0.1 loaded
flint/2.8.4 loaded
symengine/0.11.1 loaded
symengine-python/0.11.0 loaded
spdlog/1.9.2 loaded
pylatexenc/2.10 loaded
gcccore/system loaded
gcc/system loaded
qiskit/1.2.4-aer-gpu-cu11 loaded
2026-07-13 10:44:49,769 [INFO] [PCE] n=200 chunk 3/7: 14 instancias [2, 9, 16, 23, 30, 37, 44, 51, 58, 65, 72, 79, 86, 93], num_workers=14, qubits=9
2026-07-13 10:44:49,769 [INFO] [PCE] n=200 paralelizando 14 instancias entre 14 workers (max_parallel_threads=1 fijo, independiente de num_workers)
2026-07-13 10:44:49,907 [INFO] Pass: ContainsInstruction - 0.01669 (ms)
2026-07-13 10:44:49,907 [INFO] Pass: InverseCancellation - 0.01669 (ms)
2026-07-13 10:44:49,907 [INFO] Pass: UnitarySynthesis - 0.00525 (ms)
2026-07-13 10:44:49,909 [INFO] Pass: HighLevelSynthesis - 1.49846 (ms)
2026-07-13 10:44:49,909 [INFO] Pass: ContainsInstruction - 0.01788 (ms)
2026-07-13 10:44:49,909 [INFO] Pass: InverseCancellation - 0.01574 (ms)
2026-07-13 10:44:49,909 [INFO] Pass: ContainsInstruction - 0.01884 (ms)
2026-07-13 10:44:49,910 [INFO] Pass: UnitarySynthesis - 0.00572 (ms)
2026-07-13 10:44:49,910 [INFO] Pass: InverseCancellation - 0.01669 (ms)
2026-07-13 10:44:49,910 [INFO] Pass: BasisTranslator - 0.83256 (ms)
2026-07-13 10:44:49,910 [INFO] Pass: UnitarySynthesis - 0.00525 (ms)
2026-07-13 10:44:49,910 [INFO] Pass: Depth - 0.19217 (ms)
2026-07-13 10:44:49,910 [INFO] Pass: FixedPoint - 0.01550 (ms)
2026-07-13 10:44:49,910 [INFO] Pass: Size - 0.05984 (ms)
2026-07-13 10:44:49,910 [INFO] Pass: FixedPoint - 0.00453 (ms)
2026-07-13 10:44:49,910 [INFO] Pass: Optimize1qGatesDecomposition - 0.14067 (ms)
2026-07-13 10:44:49,910 [INFO] Pass: InverseCancellation - 0.00763 (ms)
2026-07-13 10:44:49,911 [INFO] Pass: GatesInBasis - 0.75459 (ms)
2026-07-13 10:44:49,911 [INFO] Pass: HighLevelSynthesis - 1.50061 (ms)
2026-07-13 10:44:49,911 [INFO] Pass: HighLevelSynthesis - 1.47820 (ms)
2026-07-13 10:44:49,911 [INFO] Pass: Depth - 0.15068 (ms)
2026-07-13 10:44:49,911 [INFO] Pass: FixedPoint - 0.00501 (ms)
2026-07-13 10:44:49,911 [INFO] Pass: Size - 0.05460 (ms)
2026-07-13 10:44:49,911 [INFO] Pass: FixedPoint - 0.00429 (ms)
2026-07-13 10:44:49,911 [INFO] Pass: ContainsInstruction - 0.00525 (ms)
2026-07-13 10:44:49,912 [INFO] Pass: ContainsInstruction - 0.01478 (ms)
2026-07-13 10:44:49,912 [INFO] Pass: InverseCancellation - 0.01788 (ms)
2026-07-13 10:44:49,912 [INFO] Pass: BasisTranslator - 0.82469 (ms)
2026-07-13 10:44:49,912 [INFO] Pass: UnitarySynthesis - 0.00501 (ms)
2026-07-13 10:44:49,912 [INFO] Pass: BasisTranslator - 0.83518 (ms)
2026-07-13 10:44:49,912 [INFO] Pass: ContainsInstruction - 0.01478 (ms)
2026-07-13 10:44:49,912 [INFO] Pass: Depth - 0.19407 (ms)
2026-07-13 10:44:49,912 [INFO] Pass: FixedPoint - 0.01669 (ms)
2026-07-13 10:44:49,912 [INFO] Pass: InverseCancellation - 0.01621 (ms)
2026-07-13 10:44:49,912 [INFO] Pass: Depth - 0.19002 (ms)
2026-07-13 10:44:49,912 [INFO] Pass: UnitarySynthesis - 0.00525 (ms)
2026-07-13 10:44:49,912 [INFO] Pass: FixedPoint - 0.01645 (ms)
2026-07-13 10:44:49,912 [INFO] Pass: Size - 0.06151 (ms)
2026-07-13 10:44:49,912 [INFO] Pass: FixedPoint - 0.00453 (ms)
2026-07-13 10:44:49,912 [INFO] Pass: Size - 0.06580 (ms)
2026-07-13 10:44:49,912 [INFO] Pass: FixedPoint - 0.00477 (ms)
2026-07-13 10:44:49,913 [INFO] Pass: Optimize1qGatesDecomposition - 0.13804 (ms)
2026-07-13 10:44:49,913 [INFO] Pass: ContainsInstruction - 0.01502 (ms)
2026-07-13 10:44:49,913 [INFO] Pass: InverseCancellation - 0.01001 (ms)
2026-07-13 10:44:49,913 [INFO] Pass: Optimize1qGatesDecomposition - 0.13518 (ms)
2026-07-13 10:44:49,913 [INFO] Pass: InverseCancellation - 0.01884 (ms)
2026-07-13 10:44:49,913 [INFO] Pass: InverseCancellation - 0.00834 (ms)
2026-07-13 10:44:49,913 [INFO] Pass: UnitarySynthesis - 0.00596 (ms)
2026-07-13 10:44:49,913 [INFO] Total Transpile Time - 85.57153 (ms)
2026-07-13 10:44:49,913 [INFO] Pass: GatesInBasis - 0.78034 (ms)
2026-07-13 10:44:49,914 [INFO] Pass: GatesInBasis - 0.75340 (ms)
2026-07-13 10:44:49,914 [INFO] Pass: HighLevelSynthesis - 1.51467 (ms)
2026-07-13 10:44:49,914 [INFO] Pass: Depth - 0.15020 (ms)
2026-07-13 10:44:49,914 [INFO] Pass: FixedPoint - 0.00501 (ms)
2026-07-13 10:44:49,914 [INFO] Pass: Depth - 0.15187 (ms)
2026-07-13 10:44:49,914 [INFO] Pass: FixedPoint - 0.00501 (ms)
2026-07-13 10:44:49,914 [INFO] Pass: Size - 0.05436 (ms)
2026-07-13 10:44:49,914 [INFO] Pass: FixedPoint - 0.00429 (ms)
2026-07-13 10:44:49,914 [INFO] Pass: Size - 0.05484 (ms)
2026-07-13 10:44:49,914 [INFO] Pass: HighLevelSynthesis - 1.46532 (ms)
2026-07-13 10:44:49,914 [INFO] Pass: ContainsInstruction - 0.00525 (ms)
2026-07-13 10:44:49,914 [INFO] Pass: FixedPoint - 0.00453 (ms)
2026-07-13 10:44:49,914 [INFO] Pass: ContainsInstruction - 0.00501 (ms)
2026-07-13 10:44:49,914 [INFO] Pass: HighLevelSynthesis - 1.51825 (ms)
2026-07-13 10:44:49,914 [INFO] Pass: BasisTranslator - 0.74720 (ms)
2026-07-13 10:44:49,915 [INFO] Pass: Depth - 0.19288 (ms)
2026-07-13 10:44:49,915 [INFO] Pass: FixedPoint - 0.01550 (ms)
2026-07-13 10:44:49,915 [INFO] Pass: BasisTranslator - 0.75436 (ms)
2026-07-13 10:44:49,915 [INFO] Pass: Size - 0.06223 (ms)
2026-07-13 10:44:49,915 [INFO] Pass: FixedPoint - 0.00477 (ms)
2026-07-13 10:44:49,915 [INFO] Pass: Depth - 0.18978 (ms)
2026-07-13 10:44:49,915 [INFO] Pass: FixedPoint - 0.01669 (ms)
2026-07-13 10:44:49,915 [INFO] Pass: Optimize1qGatesDecomposition - 0.13542 (ms)
2026-07-13 10:44:49,915 [INFO] Pass: InverseCancellation - 0.00739 (ms)
2026-07-13 10:44:49,915 [INFO] Pass: Size - 0.06366 (ms)
2026-07-13 10:44:49,915 [INFO] Pass: FixedPoint - 0.00453 (ms)
2026-07-13 10:44:49,915 [INFO] Pass: BasisTranslator - 0.76056 (ms)
2026-07-13 10:44:49,915 [INFO] Total Transpile Time - 83.51302 (ms)
2026-07-13 10:44:49,915 [INFO] Pass: ContainsInstruction - 0.01597 (ms)
2026-07-13 10:44:49,915 [INFO] Total Transpile Time - 83.59122 (ms)
2026-07-13 10:44:49,915 [INFO] Pass: Optimize1qGatesDecomposition - 0.13709 (ms)
2026-07-13 10:44:49,915 [INFO] Pass: InverseCancellation - 0.01669 (ms)
2026-07-13 10:44:49,915 [INFO] Pass: InverseCancellation - 0.00787 (ms)
2026-07-13 10:44:49,915 [INFO] Pass: UnitarySynthesis - 0.00548 (ms)
2026-07-13 10:44:49,915 [INFO] Pass: Depth - 0.19002 (ms)
2026-07-13 10:44:49,915 [INFO] Pass: FixedPoint - 0.01574 (ms)
2026-07-13 10:44:49,916 [INFO] Pass: Size - 0.06199 (ms)
2026-07-13 10:44:49,916 [INFO] Pass: FixedPoint - 0.00477 (ms)
2026-07-13 10:44:49,916 [INFO] Pass: Optimize1qGatesDecomposition - 0.13089 (ms)
2026-07-13 10:44:49,916 [INFO] Pass: InverseCancellation - 0.00739 (ms)
2026-07-13 10:44:49,916 [INFO] Pass: GatesInBasis - 0.75388 (ms)
2026-07-13 10:44:49,916 [INFO] Pass: Depth - 0.15092 (ms)
2026-07-13 10:44:49,916 [INFO] Pass: FixedPoint - 0.00548 (ms)
2026-07-13 10:44:49,916 [INFO] Pass: Size - 0.05531 (ms)
2026-07-13 10:44:49,916 [INFO] Pass: FixedPoint - 0.00429 (ms)
2026-07-13 10:44:49,916 [INFO] Pass: GatesInBasis - 0.81658 (ms)
2026-07-13 10:44:49,916 [INFO] Pass: ContainsInstruction - 0.00501 (ms)
2026-07-13 10:44:49,916 [INFO] Pass: Depth - 0.15116 (ms)
2026-07-13 10:44:49,916 [INFO] Pass: FixedPoint - 0.00501 (ms)
2026-07-13 10:44:49,916 [INFO] Pass: Size - 0.05507 (ms)
2026-07-13 10:44:49,917 [INFO] Pass: FixedPoint - 0.00429 (ms)
2026-07-13 10:44:49,917 [INFO] Pass: ContainsInstruction - 0.00501 (ms)
2026-07-13 10:44:49,917 [INFO] Pass: GatesInBasis - 0.77558 (ms)
2026-07-13 10:44:49,917 [INFO] Pass: Depth - 0.15235 (ms)
2026-07-13 10:44:49,917 [INFO] Pass: FixedPoint - 0.00548 (ms)
2026-07-13 10:44:49,917 [INFO] Pass: HighLevelSynthesis - 1.52826 (ms)
2026-07-13 10:44:49,917 [INFO] Pass: Size - 0.05531 (ms)
2026-07-13 10:44:49,917 [INFO] Pass: FixedPoint - 0.00429 (ms)
2026-07-13 10:44:49,917 [INFO] Pass: ContainsInstruction - 0.00525 (ms)
2026-07-13 10:44:49,917 [INFO] Pass: ContainsInstruction - 0.01526 (ms)
2026-07-13 10:44:49,917 [INFO] Pass: InverseCancellation - 0.01645 (ms)
2026-07-13 10:44:49,917 [INFO] Pass: UnitarySynthesis - 0.00572 (ms)
2026-07-13 10:44:49,917 [INFO] Total Transpile Time - 82.72886 (ms)
2026-07-13 10:44:49,918 [INFO] Pass: BasisTranslator - 0.75221 (ms)
2026-07-13 10:44:49,918 [INFO] Total Transpile Time - 83.10008 (ms)
2026-07-13 10:44:49,918 [INFO] Pass: Depth - 0.18907 (ms)
2026-07-13 10:44:49,918 [INFO] Pass: FixedPoint - 0.01383 (ms)
2026-07-13 10:44:49,918 [INFO] Pass: Size - 0.05937 (ms)
2026-07-13 10:44:49,918 [INFO] Pass: FixedPoint - 0.00501 (ms)
2026-07-13 10:44:49,918 [INFO] Pass: Optimize1qGatesDecomposition - 0.13137 (ms)
2026-07-13 10:44:49,918 [INFO] Total Transpile Time - 83.09221 (ms)
2026-07-13 10:44:49,918 [INFO] Pass: InverseCancellation - 0.00787 (ms)
2026-07-13 10:44:49,919 [INFO] Pass: HighLevelSynthesis - 1.56260 (ms)
2026-07-13 10:44:49,919 [INFO] Pass: GatesInBasis - 0.76962 (ms)
2026-07-13 10:44:49,919 [INFO] Pass: Depth - 0.15140 (ms)
2026-07-13 10:44:49,919 [INFO] Pass: FixedPoint - 0.00501 (ms)
2026-07-13 10:44:49,919 [INFO] Pass: Size - 0.05555 (ms)
2026-07-13 10:44:49,920 [INFO] Pass: FixedPoint - 0.00453 (ms)
2026-07-13 10:44:49,920 [INFO] Pass: ContainsInstruction - 0.00501 (ms)
2026-07-13 10:44:49,920 [INFO] Pass: BasisTranslator - 0.75912 (ms)
2026-07-13 10:44:49,920 [INFO] Pass: Depth - 0.18811 (ms)
2026-07-13 10:44:49,920 [INFO] Pass: FixedPoint - 0.01407 (ms)
2026-07-13 10:44:49,920 [INFO] Pass: Size - 0.05960 (ms)
2026-07-13 10:44:49,920 [INFO] Pass: FixedPoint - 0.00501 (ms)
2026-07-13 10:44:49,920 [INFO] Pass: Optimize1qGatesDecomposition - 0.13351 (ms)
2026-07-13 10:44:49,920 [INFO] Pass: InverseCancellation - 0.00763 (ms)
2026-07-13 10:44:49,921 [INFO] Pass: ContainsInstruction - 0.01454 (ms)
2026-07-13 10:44:49,921 [INFO] Total Transpile Time - 82.68857 (ms)
2026-07-13 10:44:49,921 [INFO] Pass: InverseCancellation - 0.01550 (ms)
2026-07-13 10:44:49,921 [INFO] Pass: UnitarySynthesis - 0.00572 (ms)
2026-07-13 10:44:49,921 [INFO] Pass: GatesInBasis - 0.74983 (ms)
2026-07-13 10:44:49,921 [INFO] Pass: Depth - 0.15068 (ms)
2026-07-13 10:44:49,921 [INFO] Pass: FixedPoint - 0.01001 (ms)
2026-07-13 10:44:49,922 [INFO] Pass: Size - 0.05484 (ms)
2026-07-13 10:44:49,922 [INFO] Pass: FixedPoint - 0.00405 (ms)
2026-07-13 10:44:49,922 [INFO] Pass: ContainsInstruction - 0.00501 (ms)
2026-07-13 10:44:49,922 [INFO] Pass: HighLevelSynthesis - 1.48058 (ms)
2026-07-13 10:44:49,923 [INFO] Total Transpile Time - 82.13687 (ms)
2026-07-13 10:44:49,923 [INFO] Pass: BasisTranslator - 0.80156 (ms)
2026-07-13 10:44:49,924 [INFO] Pass: Depth - 0.18907 (ms)
2026-07-13 10:44:49,924 [INFO] Pass: FixedPoint - 0.01431 (ms)
2026-07-13 10:44:49,924 [INFO] Pass: Size - 0.06080 (ms)
2026-07-13 10:44:49,924 [INFO] Pass: FixedPoint - 0.00453 (ms)
2026-07-13 10:44:49,924 [INFO] Pass: ContainsInstruction - 0.01550 (ms)
2026-07-13 10:44:49,924 [INFO] Pass: InverseCancellation - 0.01550 (ms)
2026-07-13 10:44:49,924 [INFO] Pass: Optimize1qGatesDecomposition - 0.13137 (ms)
2026-07-13 10:44:49,924 [INFO] Pass: UnitarySynthesis - 0.00548 (ms)
2026-07-13 10:44:49,924 [INFO] Pass: InverseCancellation - 0.00858 (ms)
2026-07-13 10:44:49,925 [INFO] Pass: GatesInBasis - 0.75626 (ms)
2026-07-13 10:44:49,925 [INFO] Pass: Depth - 0.15020 (ms)
2026-07-13 10:44:49,925 [INFO] Pass: FixedPoint - 0.00501 (ms)
2026-07-13 10:44:49,925 [INFO] Pass: Size - 0.05388 (ms)
2026-07-13 10:44:49,925 [INFO] Pass: FixedPoint - 0.00453 (ms)
2026-07-13 10:44:49,925 [INFO] Pass: ContainsInstruction - 0.00501 (ms)
2026-07-13 10:44:49,925 [INFO] Pass: HighLevelSynthesis - 1.44649 (ms)
2026-07-13 10:44:49,926 [INFO] Pass: BasisTranslator - 0.80276 (ms)
2026-07-13 10:44:49,926 [INFO] Total Transpile Time - 81.88987 (ms)
2026-07-13 10:44:49,927 [INFO] Pass: Depth - 0.19288 (ms)
2026-07-13 10:44:49,927 [INFO] Pass: FixedPoint - 0.01478 (ms)
2026-07-13 10:44:49,927 [INFO] Pass: Size - 0.06032 (ms)
2026-07-13 10:44:49,927 [INFO] Pass: FixedPoint - 0.00501 (ms)
2026-07-13 10:44:49,927 [INFO] Pass: Optimize1qGatesDecomposition - 0.12898 (ms)
2026-07-13 10:44:49,927 [INFO] Pass: InverseCancellation - 0.00763 (ms)
2026-07-13 10:44:49,928 [INFO] Pass: GatesInBasis - 0.75078 (ms)
2026-07-13 10:44:49,928 [INFO] Pass: Depth - 0.15068 (ms)
2026-07-13 10:44:49,928 [INFO] Pass: FixedPoint - 0.00477 (ms)
2026-07-13 10:44:49,928 [INFO] Pass: Size - 0.05460 (ms)
2026-07-13 10:44:49,928 [INFO] Pass: FixedPoint - 0.00429 (ms)
2026-07-13 10:44:49,928 [INFO] Pass: ContainsInstruction - 0.00501 (ms)
2026-07-13 10:44:49,929 [INFO] Pass: ContainsInstruction - 0.01431 (ms)
2026-07-13 10:44:49,929 [INFO] Pass: InverseCancellation - 0.01597 (ms)
2026-07-13 10:44:49,929 [INFO] Pass: UnitarySynthesis - 0.00548 (ms)
2026-07-13 10:44:49,929 [INFO] Total Transpile Time - 81.72512 (ms)
2026-07-13 10:44:49,930 [INFO] Pass: ContainsInstruction - 0.01574 (ms)
2026-07-13 10:44:49,930 [INFO] Pass: InverseCancellation - 0.01693 (ms)
2026-07-13 10:44:49,930 [INFO] Pass: UnitarySynthesis - 0.00620 (ms)
2026-07-13 10:44:49,930 [INFO] Pass: HighLevelSynthesis - 1.48487 (ms)
2026-07-13 10:44:49,931 [INFO] Pass: BasisTranslator - 0.74816 (ms)
2026-07-13 10:44:49,931 [INFO] Pass: Depth - 0.18716 (ms)
2026-07-13 10:44:49,931 [INFO] Pass: FixedPoint - 0.01407 (ms)
2026-07-13 10:44:49,932 [INFO] Pass: Size - 0.06175 (ms)
2026-07-13 10:44:49,932 [INFO] Pass: FixedPoint - 0.00501 (ms)
2026-07-13 10:44:49,932 [INFO] Pass: HighLevelSynthesis - 1.45531 (ms)
2026-07-13 10:44:49,932 [INFO] Pass: Optimize1qGatesDecomposition - 0.13280 (ms)
2026-07-13 10:44:49,932 [INFO] Pass: InverseCancellation - 0.00811 (ms)
2026-07-13 10:44:49,933 [INFO] Pass: BasisTranslator - 0.74768 (ms)
2026-07-13 10:44:49,933 [INFO] Pass: GatesInBasis - 0.80228 (ms)
2026-07-13 10:44:49,933 [INFO] Pass: Depth - 0.18215 (ms)
2026-07-13 10:44:49,933 [INFO] Pass: FixedPoint - 0.01502 (ms)
2026-07-13 10:44:49,933 [INFO] Pass: Depth - 0.15187 (ms)
2026-07-13 10:44:49,933 [INFO] Pass: FixedPoint - 0.00548 (ms)
2026-07-13 10:44:49,933 [INFO] Pass: Size - 0.06366 (ms)
2026-07-13 10:44:49,933 [INFO] Pass: FixedPoint - 0.00453 (ms)
2026-07-13 10:44:49,933 [INFO] Pass: Size - 0.05555 (ms)
2026-07-13 10:44:49,933 [INFO] Pass: FixedPoint - 0.00405 (ms)
2026-07-13 10:44:49,933 [INFO] Pass: ContainsInstruction - 0.00501 (ms)
2026-07-13 10:44:49,933 [INFO] Pass: Optimize1qGatesDecomposition - 0.13185 (ms)
2026-07-13 10:44:49,933 [INFO] Pass: InverseCancellation - 0.00715 (ms)
2026-07-13 10:44:49,934 [INFO] Pass: ContainsInstruction - 0.01454 (ms)
2026-07-13 10:44:49,934 [INFO] Pass: InverseCancellation - 0.01645 (ms)
2026-07-13 10:44:49,934 [INFO] Pass: UnitarySynthesis - 0.00548 (ms)
2026-07-13 10:44:49,934 [INFO] Pass: GatesInBasis - 0.78964 (ms)
2026-07-13 10:44:49,934 [INFO] Pass: Depth - 0.15044 (ms)
2026-07-13 10:44:49,934 [INFO] Pass: FixedPoint - 0.00548 (ms)
2026-07-13 10:44:49,934 [INFO] Pass: Size - 0.05507 (ms)
2026-07-13 10:44:49,934 [INFO] Total Transpile Time - 83.41646 (ms)
2026-07-13 10:44:49,934 [INFO] Pass: FixedPoint - 0.00405 (ms)
2026-07-13 10:44:49,934 [INFO] Pass: ContainsInstruction - 0.00501 (ms)
2026-07-13 10:44:49,935 [INFO] Pass: HighLevelSynthesis - 1.48082 (ms)
2026-07-13 10:44:49,936 [INFO] Total Transpile Time - 81.43926 (ms)
2026-07-13 10:44:49,936 [INFO] Pass: BasisTranslator - 0.80323 (ms)
2026-07-13 10:44:49,937 [INFO] Pass: Depth - 0.19193 (ms)
2026-07-13 10:44:49,937 [INFO] Pass: FixedPoint - 0.01574 (ms)
2026-07-13 10:44:49,937 [INFO] Pass: Size - 0.05937 (ms)
2026-07-13 10:44:49,937 [INFO] Pass: FixedPoint - 0.00453 (ms)
2026-07-13 10:44:49,937 [INFO] Pass: Optimize1qGatesDecomposition - 0.13018 (ms)
2026-07-13 10:44:49,937 [INFO] Pass: InverseCancellation - 0.00691 (ms)
2026-07-13 10:44:49,937 [INFO] Pass: ContainsInstruction - 0.01383 (ms)
2026-07-13 10:44:49,937 [INFO] Pass: InverseCancellation - 0.01550 (ms)
2026-07-13 10:44:49,937 [INFO] Pass: UnitarySynthesis - 0.00572 (ms)
2026-07-13 10:44:49,938 [INFO] Pass: GatesInBasis - 0.76509 (ms)
2026-07-13 10:44:49,938 [INFO] Pass: Depth - 0.15020 (ms)
2026-07-13 10:44:49,938 [INFO] Pass: FixedPoint - 0.00525 (ms)
2026-07-13 10:44:49,938 [INFO] Pass: Size - 0.05436 (ms)
2026-07-13 10:44:49,938 [INFO] Pass: FixedPoint - 0.00429 (ms)
2026-07-13 10:44:49,938 [INFO] Pass: ContainsInstruction - 0.00501 (ms)
2026-07-13 10:44:49,939 [INFO] Pass: HighLevelSynthesis - 1.48964 (ms)
2026-07-13 10:44:49,939 [INFO] Total Transpile Time - 81.29215 (ms)
2026-07-13 10:44:49,940 [INFO] Pass: BasisTranslator - 0.80109 (ms)
2026-07-13 10:44:49,940 [INFO] Pass: Depth - 0.18454 (ms)
2026-07-13 10:44:49,940 [INFO] Pass: FixedPoint - 0.01287 (ms)
2026-07-13 10:44:49,940 [INFO] Pass: Size - 0.05937 (ms)
2026-07-13 10:44:49,940 [INFO] Pass: FixedPoint - 0.00501 (ms)
2026-07-13 10:44:49,940 [INFO] Pass: Optimize1qGatesDecomposition - 0.13804 (ms)
2026-07-13 10:44:49,940 [INFO] Pass: InverseCancellation - 0.00668 (ms)
2026-07-13 10:44:49,941 [INFO] Pass: GatesInBasis - 0.77462 (ms)
2026-07-13 10:44:49,941 [INFO] Pass: Depth - 0.15330 (ms)
2026-07-13 10:44:49,942 [INFO] Pass: FixedPoint - 0.00501 (ms)
2026-07-13 10:44:49,942 [INFO] Pass: Size - 0.05603 (ms)
2026-07-13 10:44:49,942 [INFO] Pass: FixedPoint - 0.00453 (ms)
2026-07-13 10:44:49,942 [INFO] Pass: ContainsInstruction - 0.00477 (ms)
2026-07-13 10:44:49,943 [INFO] Total Transpile Time - 81.09117 (ms)
2026-07-13 10:44:49,971 [INFO] Pass: ContainsInstruction - 0.00787 (ms)
2026-07-13 10:44:49,971 [INFO] Pass: InverseCancellation - 0.16332 (ms)
2026-07-13 10:44:49,971 [INFO] Pass: UnitarySynthesis - 0.00501 (ms)
2026-07-13 10:44:49,972 [INFO] Pass: HighLevelSynthesis - 1.38211 (ms)
2026-07-13 10:44:49,973 [INFO] Pass: ContainsInstruction - 0.00763 (ms)
2026-07-13 10:44:49,973 [INFO] Pass: BasisTranslator - 0.75102 (ms)
2026-07-13 10:44:49,973 [INFO] Pass: InverseCancellation - 0.16069 (ms)
2026-07-13 10:44:49,973 [INFO] Pass: ContainsInstruction - 0.00954 (ms)
2026-07-13 10:44:49,973 [INFO] Pass: UnitarySynthesis - 0.00477 (ms)
2026-07-13 10:44:49,973 [INFO] Pass: Depth - 0.16546 (ms)
2026-07-13 10:44:49,973 [INFO] Pass: FixedPoint - 0.00763 (ms)
2026-07-13 10:44:49,973 [INFO] Pass: InverseCancellation - 0.16403 (ms)
2026-07-13 10:44:49,974 [INFO] Pass: UnitarySynthesis - 0.00477 (ms)
2026-07-13 10:44:49,974 [INFO] Pass: Size - 0.05794 (ms)
2026-07-13 10:44:49,974 [INFO] Pass: FixedPoint - 0.00477 (ms)
2026-07-13 10:44:49,975 [INFO] Pass: Optimize1qGatesDecomposition - 1.01638 (ms)
2026-07-13 10:44:49,975 [INFO] Pass: HighLevelSynthesis - 1.39809 (ms)
2026-07-13 10:44:49,975 [INFO] Pass: InverseCancellation - 0.14496 (ms)
2026-07-13 10:44:49,975 [INFO] Pass: HighLevelSynthesis - 1.38783 (ms)
2026-07-13 10:44:49,975 [INFO] Pass: ContainsInstruction - 0.00811 (ms)
2026-07-13 10:44:49,976 [INFO] Pass: BasisTranslator - 0.76270 (ms)
2026-07-13 10:44:49,976 [INFO] Pass: InverseCancellation - 0.16022 (ms)
2026-07-13 10:44:49,976 [INFO] Pass: UnitarySynthesis - 0.00429 (ms)
2026-07-13 10:44:49,976 [INFO] Pass: GatesInBasis - 0.77176 (ms)
2026-07-13 10:44:49,976 [INFO] Pass: ContainsInstruction - 0.00811 (ms)
2026-07-13 10:44:49,976 [INFO] Pass: Depth - 0.16522 (ms)
2026-07-13 10:44:49,976 [INFO] Pass: BasisTranslator - 0.75698 (ms)
2026-07-13 10:44:49,976 [INFO] Pass: FixedPoint - 0.00763 (ms)
2026-07-13 10:44:49,976 [INFO] Pass: Size - 0.05770 (ms)
2026-07-13 10:44:49,976 [INFO] Pass: Depth - 0.15879 (ms)
2026-07-13 10:44:49,976 [INFO] Pass: FixedPoint - 0.00429 (ms)
2026-07-13 10:44:49,976 [INFO] Pass: FixedPoint - 0.00572 (ms)
2026-07-13 10:44:49,976 [INFO] Pass: InverseCancellation - 0.15974 (ms)
2026-07-13 10:44:49,976 [INFO] Pass: Depth - 0.16737 (ms)
2026-07-13 10:44:49,976 [INFO] Pass: UnitarySynthesis - 0.00453 (ms)
2026-07-13 10:44:49,976 [INFO] Pass: FixedPoint - 0.00739 (ms)
2026-07-13 10:44:49,976 [INFO] Pass: Size - 0.05770 (ms)
2026-07-13 10:44:49,976 [INFO] Pass: FixedPoint - 0.00429 (ms)
2026-07-13 10:44:49,976 [INFO] Pass: ContainsInstruction - 0.00525 (ms)
2026-07-13 10:44:49,976 [INFO] Pass: Size - 0.05698 (ms)
2026-07-13 10:44:49,976 [INFO] Pass: FixedPoint - 0.00453 (ms)
2026-07-13 10:44:49,976 [INFO] Pass: ContainsInstruction - 0.00834 (ms)
2026-07-13 10:44:49,977 [INFO] Pass: InverseCancellation - 0.16141 (ms)
2026-07-13 10:44:49,977 [INFO] Pass: UnitarySynthesis - 0.00453 (ms)
2026-07-13 10:44:49,977 [INFO] Pass: Optimize1qGatesDecomposition - 0.78082 (ms)
2026-07-13 10:44:49,977 [INFO] Pass: InverseCancellation - 0.14234 (ms)
2026-07-13 10:44:49,977 [INFO] Pass: Optimize1qGatesDecomposition - 0.78249 (ms)
2026-07-13 10:44:49,977 [INFO] Pass: HighLevelSynthesis - 1.39165 (ms)
2026-07-13 10:44:49,977 [INFO] Pass: InverseCancellation - 0.14234 (ms)
2026-07-13 10:44:49,977 [INFO] Total Transpile Time - 64.41855 (ms)
2026-07-13 10:44:49,977 [INFO] Pass: HighLevelSynthesis - 1.38092 (ms)
2026-07-13 10:44:49,978 [INFO] Pass: GatesInBasis - 0.77200 (ms)
2026-07-13 10:44:49,978 [INFO] Pass: BasisTranslator - 0.75293 (ms)
2026-07-13 10:44:49,978 [INFO] Pass: Depth - 0.16046 (ms)
2026-07-13 10:44:49,978 [INFO] Pass: FixedPoint - 0.00572 (ms)
2026-07-13 10:44:49,978 [INFO] Pass: GatesInBasis - 0.77724 (ms)
2026-07-13 10:44:49,978 [INFO] Pass: Size - 0.05722 (ms)
2026-07-13 10:44:49,978 [INFO] Pass: Depth - 0.16594 (ms)
2026-07-13 10:44:49,978 [INFO] Pass: FixedPoint - 0.00429 (ms)
2026-07-13 10:44:49,978 [INFO] Pass: FixedPoint - 0.00787 (ms)
2026-07-13 10:44:49,978 [INFO] Pass: ContainsInstruction - 0.00501 (ms)
2026-07-13 10:44:49,978 [INFO] Pass: HighLevelSynthesis - 1.39976 (ms)
2026-07-13 10:44:49,978 [INFO] Pass: Depth - 0.15879 (ms)
2026-07-13 10:44:49,978 [INFO] Pass: FixedPoint - 0.00548 (ms)
2026-07-13 10:44:49,978 [INFO] Pass: Size - 0.05770 (ms)
2026-07-13 10:44:49,978 [INFO] Pass: FixedPoint - 0.00453 (ms)
2026-07-13 10:44:49,978 [INFO] Pass: Size - 0.05674 (ms)
2026-07-13 10:44:49,978 [INFO] Pass: FixedPoint - 0.00429 (ms)
2026-07-13 10:44:49,978 [INFO] Pass: BasisTranslator - 0.88716 (ms)
2026-07-13 10:44:49,978 [INFO] Pass: ContainsInstruction - 0.00477 (ms)
2026-07-13 10:44:49,979 [INFO] Pass: Depth - 0.17381 (ms)
2026-07-13 10:44:49,979 [INFO] Pass: FixedPoint - 0.00763 (ms)
2026-07-13 10:44:49,979 [INFO] Pass: Size - 0.05746 (ms)
2026-07-13 10:44:49,979 [INFO] Pass: FixedPoint - 0.00477 (ms)
2026-07-13 10:44:49,979 [INFO] Pass: ContainsInstruction - 0.00882 (ms)
2026-07-13 10:44:49,979 [INFO] Pass: BasisTranslator - 0.75078 (ms)
2026-07-13 10:44:49,979 [INFO] Pass: InverseCancellation - 0.15998 (ms)
2026-07-13 10:44:49,979 [INFO] Pass: Optimize1qGatesDecomposition - 0.77581 (ms)
2026-07-13 10:44:49,979 [INFO] Pass: UnitarySynthesis - 0.00525 (ms)
2026-07-13 10:44:49,979 [INFO] Pass: Depth - 0.16499 (ms)
2026-07-13 10:44:49,979 [INFO] Pass: FixedPoint - 0.00787 (ms)
2026-07-13 10:44:49,979 [INFO] Pass: InverseCancellation - 0.14257 (ms)
2026-07-13 10:44:49,979 [INFO] Pass: Size - 0.05770 (ms)
2026-07-13 10:44:49,979 [INFO] Pass: FixedPoint - 0.00429 (ms)
2026-07-13 10:44:49,979 [INFO] Total Transpile Time - 64.13126 (ms)
2026-07-13 10:44:49,980 [INFO] Pass: Optimize1qGatesDecomposition - 0.77939 (ms)
2026-07-13 10:44:49,980 [INFO] Total Transpile Time - 64.32748 (ms)
2026-07-13 10:44:49,980 [INFO] Pass: InverseCancellation - 0.14257 (ms)
2026-07-13 10:44:49,980 [INFO] Pass: GatesInBasis - 0.78130 (ms)
2026-07-13 10:44:49,980 [INFO] Pass: Optimize1qGatesDecomposition - 0.78869 (ms)
2026-07-13 10:44:49,980 [INFO] Pass: Depth - 0.15736 (ms)
2026-07-13 10:44:49,980 [INFO] Pass: FixedPoint - 0.00572 (ms)
2026-07-13 10:44:49,980 [INFO] Pass: InverseCancellation - 0.14257 (ms)
2026-07-13 10:44:49,980 [INFO] Pass: Size - 0.06127 (ms)
2026-07-13 10:44:49,980 [INFO] Pass: FixedPoint - 0.00453 (ms)
2026-07-13 10:44:49,981 [INFO] Pass: ContainsInstruction - 0.00477 (ms)
2026-07-13 10:44:49,981 [INFO] Pass: HighLevelSynthesis - 1.40023 (ms)
2026-07-13 10:44:49,981 [INFO] Pass: GatesInBasis - 0.77248 (ms)
2026-07-13 10:44:49,981 [INFO] Pass: Depth - 0.15593 (ms)
2026-07-13 10:44:49,981 [INFO] Pass: FixedPoint - 0.00572 (ms)
2026-07-13 10:44:49,981 [INFO] Pass: Size - 0.05579 (ms)
2026-07-13 10:44:49,981 [INFO] Pass: FixedPoint - 0.00405 (ms)
2026-07-13 10:44:49,981 [INFO] Pass: ContainsInstruction - 0.00501 (ms)
2026-07-13 10:44:49,981 [INFO] Pass: GatesInBasis - 0.77724 (ms)
2026-07-13 10:44:49,981 [INFO] Pass: BasisTranslator - 0.73981 (ms)
2026-07-13 10:44:49,981 [INFO] Pass: Depth - 0.15807 (ms)
2026-07-13 10:44:49,981 [INFO] Pass: ContainsInstruction - 0.00834 (ms)
2026-07-13 10:44:49,981 [INFO] Pass: FixedPoint - 0.00572 (ms)
2026-07-13 10:44:49,982 [INFO] Pass: Size - 0.05746 (ms)
2026-07-13 10:44:49,982 [INFO] Pass: Depth - 0.17166 (ms)
2026-07-13 10:44:49,982 [INFO] Pass: FixedPoint - 0.00429 (ms)
2026-07-13 10:44:49,982 [INFO] Pass: FixedPoint - 0.00787 (ms)
2026-07-13 10:44:49,982 [INFO] Pass: ContainsInstruction - 0.00477 (ms)
2026-07-13 10:44:49,982 [INFO] Pass: InverseCancellation - 0.16117 (ms)
2026-07-13 10:44:49,982 [INFO] Pass: Size - 0.05770 (ms)
2026-07-13 10:44:49,982 [INFO] Pass: UnitarySynthesis - 0.00501 (ms)
2026-07-13 10:44:49,982 [INFO] Pass: FixedPoint - 0.00453 (ms)
2026-07-13 10:44:49,982 [INFO] Total Transpile Time - 64.18777 (ms)
2026-07-13 10:44:49,982 [INFO] Total Transpile Time - 64.24904 (ms)
2026-07-13 10:44:49,983 [INFO] Pass: Optimize1qGatesDecomposition - 0.77558 (ms)
2026-07-13 10:44:49,983 [INFO] Pass: InverseCancellation - 0.14353 (ms)
2026-07-13 10:44:49,983 [INFO] Total Transpile Time - 64.44812 (ms)
2026-07-13 10:44:49,983 [INFO] Pass: HighLevelSynthesis - 1.38664 (ms)
2026-07-13 10:44:49,984 [INFO] Pass: GatesInBasis - 0.77796 (ms)
2026-07-13 10:44:49,984 [INFO] Pass: Depth - 0.15831 (ms)
2026-07-13 10:44:49,984 [INFO] Pass: FixedPoint - 0.00548 (ms)
2026-07-13 10:44:49,984 [INFO] Pass: Size - 0.05651 (ms)
2026-07-13 10:44:49,984 [INFO] Pass: FixedPoint - 0.00429 (ms)
2026-07-13 10:44:49,984 [INFO] Pass: BasisTranslator - 0.75889 (ms)
2026-07-13 10:44:49,984 [INFO] Pass: ContainsInstruction - 0.00477 (ms)
2026-07-13 10:44:49,984 [INFO] Pass: Depth - 0.16737 (ms)
2026-07-13 10:44:49,984 [INFO] Pass: FixedPoint - 0.00763 (ms)
2026-07-13 10:44:49,984 [INFO] Pass: ContainsInstruction - 0.00787 (ms)
2026-07-13 10:44:49,984 [INFO] Pass: Size - 0.05746 (ms)
2026-07-13 10:44:49,984 [INFO] Pass: FixedPoint - 0.00453 (ms)
2026-07-13 10:44:49,984 [INFO] Pass: InverseCancellation - 0.15807 (ms)
2026-07-13 10:44:49,984 [INFO] Pass: UnitarySynthesis - 0.00525 (ms)
2026-07-13 10:44:49,985 [INFO] Pass: Optimize1qGatesDecomposition - 0.79179 (ms)
2026-07-13 10:44:49,985 [INFO] Total Transpile Time - 64.24022 (ms)
2026-07-13 10:44:49,985 [INFO] Pass: InverseCancellation - 0.14329 (ms)
2026-07-13 10:44:49,986 [INFO] Pass: HighLevelSynthesis - 1.39594 (ms)
2026-07-13 10:44:49,986 [INFO] Pass: GatesInBasis - 0.78583 (ms)
2026-07-13 10:44:49,986 [INFO] Pass: Depth - 0.15712 (ms)
2026-07-13 10:44:49,986 [INFO] Pass: FixedPoint - 0.00596 (ms)
2026-07-13 10:44:49,986 [INFO] Pass: Size - 0.05722 (ms)
2026-07-13 10:44:49,987 [INFO] Pass: FixedPoint - 0.00405 (ms)
2026-07-13 10:44:49,987 [INFO] Pass: ContainsInstruction - 0.00525 (ms)
2026-07-13 10:44:49,987 [INFO] Pass: BasisTranslator - 0.74935 (ms)
2026-07-13 10:44:49,987 [INFO] Pass: Depth - 0.16594 (ms)
2026-07-13 10:44:49,987 [INFO] Pass: FixedPoint - 0.00811 (ms)
2026-07-13 10:44:49,987 [INFO] Pass: Size - 0.05841 (ms)
2026-07-13 10:44:49,987 [INFO] Pass: FixedPoint - 0.00429 (ms)
2026-07-13 10:44:49,987 [INFO] Pass: ContainsInstruction - 0.00834 (ms)
2026-07-13 10:44:49,987 [INFO] Pass: InverseCancellation - 0.16284 (ms)
2026-07-13 10:44:49,988 [INFO] Pass: UnitarySynthesis - 0.00501 (ms)
2026-07-13 10:44:49,988 [INFO] Total Transpile Time - 64.85081 (ms)
2026-07-13 10:44:49,988 [INFO] Pass: Optimize1qGatesDecomposition - 0.78416 (ms)
2026-07-13 10:44:49,988 [INFO] Pass: InverseCancellation - 0.14639 (ms)
2026-07-13 10:44:49,989 [INFO] Pass: GatesInBasis - 0.77009 (ms)
2026-07-13 10:44:49,989 [INFO] Pass: HighLevelSynthesis - 1.39546 (ms)
2026-07-13 10:44:49,989 [INFO] Pass: Depth - 0.15879 (ms)
2026-07-13 10:44:49,989 [INFO] Pass: FixedPoint - 0.00572 (ms)
2026-07-13 10:44:49,989 [INFO] Pass: Size - 0.05674 (ms)
2026-07-13 10:44:49,989 [INFO] Pass: FixedPoint - 0.00453 (ms)
2026-07-13 10:44:49,989 [INFO] Pass: ContainsInstruction - 0.00501 (ms)
2026-07-13 10:44:49,990 [INFO] Pass: BasisTranslator - 0.75030 (ms)
2026-07-13 10:44:49,990 [INFO] Pass: Depth - 0.16761 (ms)
2026-07-13 10:44:49,990 [INFO] Pass: FixedPoint - 0.00763 (ms)
2026-07-13 10:44:49,990 [INFO] Pass: Size - 0.05746 (ms)
2026-07-13 10:44:49,990 [INFO] Pass: FixedPoint - 0.00453 (ms)
2026-07-13 10:44:49,991 [INFO] Total Transpile Time - 64.01229 (ms)
2026-07-13 10:44:49,991 [INFO] Pass: Optimize1qGatesDecomposition - 0.77438 (ms)
2026-07-13 10:44:49,991 [INFO] Pass: InverseCancellation - 0.14281 (ms)
2026-07-13 10:44:49,992 [INFO] Pass: GatesInBasis - 0.77748 (ms)
2026-07-13 10:44:49,992 [INFO] Pass: Depth - 0.15736 (ms)
2026-07-13 10:44:49,992 [INFO] Pass: FixedPoint - 0.00572 (ms)
2026-07-13 10:44:49,992 [INFO] Pass: ContainsInstruction - 0.00739 (ms)
2026-07-13 10:44:49,992 [INFO] Pass: Size - 0.05674 (ms)
2026-07-13 10:44:49,992 [INFO] Pass: FixedPoint - 0.00405 (ms)
2026-07-13 10:44:49,992 [INFO] Pass: ContainsInstruction - 0.00477 (ms)
2026-07-13 10:44:49,992 [INFO] Pass: InverseCancellation - 0.16713 (ms)
2026-07-13 10:44:49,993 [INFO] Pass: UnitarySynthesis - 0.00453 (ms)
2026-07-13 10:44:49,993 [INFO] Pass: ContainsInstruction - 0.00739 (ms)
2026-07-13 10:44:49,993 [INFO] Pass: InverseCancellation - 0.16737 (ms)
2026-07-13 10:44:49,994 [INFO] Pass: UnitarySynthesis - 0.00477 (ms)
2026-07-13 10:44:49,994 [INFO] Total Transpile Time - 64.13317 (ms)
2026-07-13 10:44:49,994 [INFO] Pass: HighLevelSynthesis - 1.38617 (ms)
2026-07-13 10:44:49,995 [INFO] Pass: BasisTranslator - 0.89264 (ms)
2026-07-13 10:44:49,995 [INFO] Pass: HighLevelSynthesis - 1.40667 (ms)
2026-07-13 10:44:49,995 [INFO] Pass: Depth - 0.16880 (ms)
2026-07-13 10:44:49,995 [INFO] Pass: FixedPoint - 0.00763 (ms)
2026-07-13 10:44:49,995 [INFO] Pass: Size - 0.05794 (ms)
2026-07-13 10:44:49,995 [INFO] Pass: FixedPoint - 0.00501 (ms)
2026-07-13 10:44:49,996 [INFO] Pass: BasisTranslator - 0.89693 (ms)
2026-07-13 10:44:49,996 [INFO] Pass: Optimize1qGatesDecomposition - 0.78034 (ms)
2026-07-13 10:44:49,996 [INFO] Pass: Depth - 0.16713 (ms)
2026-07-13 10:44:49,996 [INFO] Pass: FixedPoint - 0.00763 (ms)
2026-07-13 10:44:49,996 [INFO] Pass: Size - 0.05770 (ms)
2026-07-13 10:44:49,996 [INFO] Pass: FixedPoint - 0.00429 (ms)
2026-07-13 10:44:49,996 [INFO] Pass: InverseCancellation - 0.14329 (ms)
2026-07-13 10:44:49,997 [INFO] Pass: ContainsInstruction - 0.00763 (ms)
2026-07-13 10:44:49,997 [INFO] Pass: Optimize1qGatesDecomposition - 0.77271 (ms)
2026-07-13 10:44:49,997 [INFO] Pass: GatesInBasis - 0.77605 (ms)
2026-07-13 10:44:49,997 [INFO] Pass: InverseCancellation - 0.15831 (ms)
2026-07-13 10:44:49,997 [INFO] Pass: UnitarySynthesis - 0.00501 (ms)
2026-07-13 10:44:49,997 [INFO] Pass: InverseCancellation - 0.14353 (ms)
2026-07-13 10:44:49,997 [INFO] Pass: Depth - 0.15688 (ms)
2026-07-13 10:44:49,997 [INFO] Pass: FixedPoint - 0.00596 (ms)
2026-07-13 10:44:49,997 [INFO] Pass: Size - 0.06199 (ms)
2026-07-13 10:44:49,997 [INFO] Pass: FixedPoint - 0.00453 (ms)
2026-07-13 10:44:49,998 [INFO] Pass: ContainsInstruction - 0.00477 (ms)
2026-07-13 10:44:49,998 [INFO] Pass: GatesInBasis - 0.76556 (ms)
2026-07-13 10:44:49,998 [INFO] Pass: Depth - 0.15545 (ms)
2026-07-13 10:44:49,998 [INFO] Pass: FixedPoint - 0.00548 (ms)
2026-07-13 10:44:49,998 [INFO] Pass: Size - 0.06342 (ms)
2026-07-13 10:44:49,998 [INFO] Pass: FixedPoint - 0.00429 (ms)
2026-07-13 10:44:49,999 [INFO] Pass: ContainsInstruction - 0.00501 (ms)
2026-07-13 10:44:49,999 [INFO] Pass: HighLevelSynthesis - 1.40929 (ms)
2026-07-13 10:44:49,999 [INFO] Total Transpile Time - 64.37135 (ms)
2026-07-13 10:44:50,000 [INFO] Pass: BasisTranslator - 0.90051 (ms)
2026-07-13 10:44:50,000 [INFO] Total Transpile Time - 63.97271 (ms)
2026-07-13 10:44:50,000 [INFO] Pass: Depth - 0.16642 (ms)
2026-07-13 10:44:50,000 [INFO] Pass: FixedPoint - 0.00811 (ms)
2026-07-13 10:44:50,000 [INFO] Pass: Size - 0.05770 (ms)
2026-07-13 10:44:50,000 [INFO] Pass: FixedPoint - 0.00453 (ms)
2026-07-13 10:44:50,001 [INFO] Pass: ContainsInstruction - 0.00834 (ms)
2026-07-13 10:44:50,001 [INFO] Pass: InverseCancellation - 0.15950 (ms)
2026-07-13 10:44:50,001 [INFO] Pass: UnitarySynthesis - 0.00477 (ms)
2026-07-13 10:44:50,001 [INFO] Pass: Optimize1qGatesDecomposition - 0.77343 (ms)
2026-07-13 10:44:50,001 [INFO] Pass: InverseCancellation - 0.14281 (ms)
2026-07-13 10:44:50,002 [INFO] Pass: GatesInBasis - 0.78797 (ms)
2026-07-13 10:44:50,002 [INFO] Pass: Depth - 0.15593 (ms)
2026-07-13 10:44:50,002 [INFO] Pass: FixedPoint - 0.00548 (ms)
2026-07-13 10:44:50,002 [INFO] Pass: Size - 0.05674 (ms)
2026-07-13 10:44:50,002 [INFO] Pass: FixedPoint - 0.00429 (ms)
2026-07-13 10:44:50,002 [INFO] Pass: HighLevelSynthesis - 1.38903 (ms)
2026-07-13 10:44:50,002 [INFO] Pass: ContainsInstruction - 0.00501 (ms)
2026-07-13 10:44:50,003 [INFO] Pass: BasisTranslator - 0.75340 (ms)
2026-07-13 10:44:50,003 [INFO] Pass: Depth - 0.16475 (ms)
2026-07-13 10:44:50,003 [INFO] Pass: FixedPoint - 0.00763 (ms)
2026-07-13 10:44:50,003 [INFO] Pass: Size - 0.05722 (ms)
2026-07-13 10:44:50,004 [INFO] Pass: FixedPoint - 0.00453 (ms)
2026-07-13 10:44:50,004 [INFO] Total Transpile Time - 64.09931 (ms)
2026-07-13 10:44:50,004 [INFO] Pass: Optimize1qGatesDecomposition - 0.76818 (ms)
2026-07-13 10:44:50,005 [INFO] Pass: InverseCancellation - 0.14758 (ms)
2026-07-13 10:44:50,005 [INFO] Pass: GatesInBasis - 0.76628 (ms)
2026-07-13 10:44:50,006 [INFO] Pass: Depth - 0.16141 (ms)
2026-07-13 10:44:50,006 [INFO] Pass: FixedPoint - 0.00548 (ms)
2026-07-13 10:44:50,006 [INFO] Pass: Size - 0.05651 (ms)
2026-07-13 10:44:50,006 [INFO] Pass: FixedPoint - 0.00453 (ms)
2026-07-13 10:44:50,006 [INFO] Pass: ContainsInstruction - 0.00453 (ms)
2026-07-13 10:44:50,007 [INFO] Total Transpile Time - 63.93194 (ms)
2026-07-13 10:44:50,035 [INFO] Pass: ContainsInstruction - 0.00978 (ms)
2026-07-13 10:44:50,035 [INFO] Pass: InverseCancellation - 0.16475 (ms)
2026-07-13 10:44:50,035 [INFO] Pass: UnitarySynthesis - 0.00477 (ms)
2026-07-13 10:44:50,036 [INFO] Pass: HighLevelSynthesis - 1.44267 (ms)
2026-07-13 10:44:50,037 [INFO] Pass: ContainsInstruction - 0.00715 (ms)
2026-07-13 10:44:50,037 [INFO] Pass: InverseCancellation - 0.16022 (ms)
2026-07-13 10:44:50,037 [INFO] Pass: ContainsInstruction - 0.00763 (ms)
2026-07-13 10:44:50,037 [INFO] Pass: UnitarySynthesis - 0.00453 (ms)
2026-07-13 10:44:50,037 [INFO] Pass: BasisTranslator - 0.78058 (ms)
2026-07-13 10:44:50,037 [INFO] Pass: InverseCancellation - 0.16618 (ms)
2026-07-13 10:44:50,037 [INFO] Pass: Depth - 0.17428 (ms)
2026-07-13 10:44:50,037 [INFO] Pass: UnitarySynthesis - 0.00501 (ms)
2026-07-13 10:44:50,037 [INFO] Pass: FixedPoint - 0.00834 (ms)
2026-07-13 10:44:50,038 [INFO] Pass: Size - 0.06008 (ms)
2026-07-13 10:44:50,038 [INFO] Pass: FixedPoint - 0.00453 (ms)
2026-07-13 10:44:50,038 [INFO] Pass: Optimize1qGatesDecomposition - 0.83899 (ms)
2026-07-13 10:44:50,039 [INFO] Pass: InverseCancellation - 0.00811 (ms)
2026-07-13 10:44:50,039 [INFO] Pass: HighLevelSynthesis - 1.44124 (ms)
2026-07-13 10:44:50,039 [INFO] Pass: HighLevelSynthesis - 1.43337 (ms)
2026-07-13 10:44:50,039 [INFO] Pass: ContainsInstruction - 0.00763 (ms)
2026-07-13 10:44:50,039 [INFO] Pass: InverseCancellation - 0.16427 (ms)
2026-07-13 10:44:50,039 [INFO] Pass: ContainsInstruction - 0.00739 (ms)
2026-07-13 10:44:50,039 [INFO] Pass: GatesInBasis - 0.75865 (ms)
2026-07-13 10:44:50,039 [INFO] Pass: UnitarySynthesis - 0.00477 (ms)
2026-07-13 10:44:50,039 [INFO] Pass: BasisTranslator - 0.77796 (ms)
2026-07-13 10:44:50,040 [INFO] Pass: Depth - 0.16713 (ms)
2026-07-13 10:44:50,040 [INFO] Pass: InverseCancellation - 0.16761 (ms)
2026-07-13 10:44:50,040 [INFO] Pass: FixedPoint - 0.00572 (ms)
2026-07-13 10:44:50,040 [INFO] Pass: UnitarySynthesis - 0.00453 (ms)
2026-07-13 10:44:50,040 [INFO] Pass: Size - 0.05698 (ms)
2026-07-13 10:44:50,040 [INFO] Pass: Depth - 0.17524 (ms)
2026-07-13 10:44:50,040 [INFO] Pass: FixedPoint - 0.00405 (ms)
2026-07-13 10:44:50,040 [INFO] Pass: FixedPoint - 0.00763 (ms)
2026-07-13 10:44:50,040 [INFO] Pass: BasisTranslator - 0.77701 (ms)
2026-07-13 10:44:50,040 [INFO] Pass: Size - 0.05960 (ms)
2026-07-13 10:44:50,040 [INFO] Pass: FixedPoint - 0.00453 (ms)
2026-07-13 10:44:50,040 [INFO] Pass: Depth - 0.17118 (ms)
2026-07-13 10:44:50,040 [INFO] Pass: FixedPoint - 0.00787 (ms)
2026-07-13 10:44:50,040 [INFO] Pass: ContainsInstruction - 0.00811 (ms)
2026-07-13 10:44:50,040 [INFO] Pass: Size - 0.05960 (ms)
2026-07-13 10:44:50,040 [INFO] Pass: FixedPoint - 0.00453 (ms)
2026-07-13 10:44:50,040 [INFO] Pass: InverseCancellation - 0.16594 (ms)
2026-07-13 10:44:50,040 [INFO] Pass: UnitarySynthesis - 0.00453 (ms)
2026-07-13 10:44:50,040 [INFO] Pass: Optimize1qGatesDecomposition - 0.68426 (ms)
2026-07-13 10:44:50,040 [INFO] Pass: InverseCancellation - 0.00763 (ms)
2026-07-13 10:44:50,041 [INFO] Pass: Optimize1qGatesDecomposition - 0.84090 (ms)
2026-07-13 10:44:50,041 [INFO] Pass: InverseCancellation - 0.00811 (ms)
2026-07-13 10:44:50,041 [INFO] Pass: HighLevelSynthesis - 1.42741 (ms)
2026-07-13 10:44:50,041 [INFO] Pass: Optimize1qGatesDecomposition - 0.83971 (ms)
2026-07-13 10:44:50,041 [INFO] Pass: InverseCancellation - 0.00787 (ms)
2026-07-13 10:44:50,041 [INFO] Pass: HighLevelSynthesis - 1.42431 (ms)
2026-07-13 10:44:50,041 [INFO] Pass: GatesInBasis - 0.82088 (ms)
2026-07-13 10:44:50,042 [INFO] Pass: Depth - 0.16046 (ms)
2026-07-13 10:44:50,042 [INFO] Pass: FixedPoint - 0.00548 (ms)
2026-07-13 10:44:50,042 [INFO] Pass: GatesInBasis - 0.74553 (ms)
2026-07-13 10:44:50,042 [INFO] Pass: BasisTranslator - 0.77248 (ms)
2026-07-13 10:44:50,042 [INFO] Pass: Size - 0.05579 (ms)
2026-07-13 10:44:50,042 [INFO] Pass: FixedPoint - 0.00405 (ms)
2026-07-13 10:44:50,042 [INFO] Pass: ContainsInstruction - 0.00548 (ms)
2026-07-13 10:44:50,042 [INFO] Pass: HighLevelSynthesis - 1.42503 (ms)
2026-07-13 10:44:50,042 [INFO] Pass: Depth - 0.16165 (ms)
2026-07-13 10:44:50,042 [INFO] Pass: FixedPoint - 0.00548 (ms)
2026-07-13 10:44:50,042 [INFO] Pass: Depth - 0.16880 (ms)
2026-07-13 10:44:50,042 [INFO] Pass: GatesInBasis - 0.74172 (ms)
2026-07-13 10:44:50,042 [INFO] Pass: FixedPoint - 0.00787 (ms)
2026-07-13 10:44:50,042 [INFO] Pass: Size - 0.05651 (ms)
2026-07-13 10:44:50,042 [INFO] Pass: FixedPoint - 0.00453 (ms)
2026-07-13 10:44:50,042 [INFO] Pass: Size - 0.05817 (ms)
2026-07-13 10:44:50,042 [INFO] Pass: FixedPoint - 0.00429 (ms)
2026-07-13 10:44:50,042 [INFO] Pass: Depth - 0.15807 (ms)
2026-07-13 10:44:50,042 [INFO] Pass: BasisTranslator - 0.93031 (ms)
2026-07-13 10:44:50,042 [INFO] Pass: FixedPoint - 0.00548 (ms)
2026-07-13 10:44:50,042 [INFO] Pass: Size - 0.05651 (ms)
2026-07-13 10:44:50,042 [INFO] Pass: FixedPoint - 0.00453 (ms)
2026-07-13 10:44:50,042 [INFO] Pass: Depth - 0.17428 (ms)
2026-07-13 10:44:50,042 [INFO] Pass: FixedPoint - 0.00811 (ms)
2026-07-13 10:44:50,042 [INFO] Pass: ContainsInstruction - 0.00787 (ms)
2026-07-13 10:44:50,042 [INFO] Pass: Size - 0.05889 (ms)
2026-07-13 10:44:50,042 [INFO] Pass: FixedPoint - 0.00453 (ms)
2026-07-13 10:44:50,043 [INFO] Pass: InverseCancellation - 0.16642 (ms)
2026-07-13 10:44:50,043 [INFO] Pass: UnitarySynthesis - 0.00501 (ms)
2026-07-13 10:44:50,043 [INFO] Pass: BasisTranslator - 0.78154 (ms)
2026-07-13 10:44:50,043 [INFO] Pass: Optimize1qGatesDecomposition - 0.68474 (ms)
2026-07-13 10:44:50,043 [INFO] Pass: InverseCancellation - 0.00691 (ms)
2026-07-13 10:44:50,043 [INFO] Pass: Depth - 0.16999 (ms)
2026-07-13 10:44:50,043 [INFO] Pass: FixedPoint - 0.00763 (ms)
2026-07-13 10:44:50,043 [INFO] Pass: Optimize1qGatesDecomposition - 0.83637 (ms)
2026-07-13 10:44:50,043 [INFO] Pass: Optimize1qGatesDecomposition - 0.68212 (ms)
2026-07-13 10:44:50,043 [INFO] Pass: InverseCancellation - 0.00811 (ms)
2026-07-13 10:44:50,043 [INFO] Pass: Size - 0.05889 (ms)
2026-07-13 10:44:50,043 [INFO] Pass: InverseCancellation - 0.00668 (ms)
2026-07-13 10:44:50,043 [INFO] Pass: FixedPoint - 0.00453 (ms)
2026-07-13 10:44:50,043 [INFO] Total Transpile Time - 65.62161 (ms)
2026-07-13 10:44:50,043 [INFO] Pass: Optimize1qGatesDecomposition - 0.83637 (ms)
2026-07-13 10:44:50,043 [INFO] Pass: InverseCancellation - 0.00811 (ms)
2026-07-13 10:44:50,044 [INFO] Pass: GatesInBasis - 0.80776 (ms)
2026-07-13 10:44:50,044 [INFO] Pass: GatesInBasis - 0.74530 (ms)
2026-07-13 10:44:50,044 [INFO] Pass: Depth - 0.15759 (ms)
2026-07-13 10:44:50,044 [INFO] Pass: FixedPoint - 0.00548 (ms)
2026-07-13 10:44:50,044 [INFO] Pass: GatesInBasis - 0.81372 (ms)
2026-07-13 10:44:50,044 [INFO] Pass: Optimize1qGatesDecomposition - 0.84472 (ms)
2026-07-13 10:44:50,044 [INFO] Pass: Size - 0.05698 (ms)
2026-07-13 10:44:50,044 [INFO] Pass: Depth - 0.15688 (ms)
2026-07-13 10:44:50,044 [INFO] Pass: InverseCancellation - 0.00858 (ms)
2026-07-13 10:44:50,044 [INFO] Pass: FixedPoint - 0.00429 (ms)
2026-07-13 10:44:50,044 [INFO] Pass: FixedPoint - 0.00620 (ms)
2026-07-13 10:44:50,044 [INFO] Pass: ContainsInstruction - 0.00572 (ms)
2026-07-13 10:44:50,044 [INFO] Pass: Depth - 0.15998 (ms)
2026-07-13 10:44:50,044 [INFO] Pass: Size - 0.05674 (ms)
2026-07-13 10:44:50,044 [INFO] Pass: HighLevelSynthesis - 1.43266 (ms)
2026-07-13 10:44:50,044 [INFO] Pass: FixedPoint - 0.00525 (ms)
2026-07-13 10:44:50,044 [INFO] Pass: FixedPoint - 0.00429 (ms)
2026-07-13 10:44:50,044 [INFO] Pass: Size - 0.05651 (ms)
2026-07-13 10:44:50,044 [INFO] Pass: GatesInBasis - 0.75316 (ms)
2026-07-13 10:44:50,044 [INFO] Pass: FixedPoint - 0.00429 (ms)
2026-07-13 10:44:50,044 [INFO] Pass: ContainsInstruction - 0.00572 (ms)
2026-07-13 10:44:50,044 [INFO] Pass: Depth - 0.16069 (ms)
2026-07-13 10:44:50,044 [INFO] Pass: FixedPoint - 0.00548 (ms)
2026-07-13 10:44:50,045 [INFO] Pass: Size - 0.05698 (ms)
2026-07-13 10:44:50,045 [INFO] Pass: FixedPoint - 0.00429 (ms)
2026-07-13 10:44:50,045 [INFO] Pass: GatesInBasis - 0.76556 (ms)
2026-07-13 10:44:50,045 [INFO] Pass: Optimize1qGatesDecomposition - 0.68808 (ms)
2026-07-13 10:44:50,045 [INFO] Pass: InverseCancellation - 0.00691 (ms)
2026-07-13 10:44:50,045 [INFO] Pass: BasisTranslator - 0.77963 (ms)
2026-07-13 10:44:50,045 [INFO] Pass: Depth - 0.15926 (ms)
2026-07-13 10:44:50,045 [INFO] Pass: FixedPoint - 0.00572 (ms)
2026-07-13 10:44:50,045 [INFO] Pass: Size - 0.05698 (ms)
2026-07-13 10:44:50,045 [INFO] Pass: Depth - 0.16928 (ms)
2026-07-13 10:44:50,045 [INFO] Pass: FixedPoint - 0.00453 (ms)
2026-07-13 10:44:50,045 [INFO] Pass: FixedPoint - 0.00787 (ms)
2026-07-13 10:44:50,045 [INFO] Pass: Size - 0.05865 (ms)
2026-07-13 10:44:50,045 [INFO] Pass: ContainsInstruction - 0.00811 (ms)
2026-07-13 10:44:50,045 [INFO] Pass: Optimize1qGatesDecomposition - 0.68498 (ms)
2026-07-13 10:44:50,045 [INFO] Pass: FixedPoint - 0.00429 (ms)
2026-07-13 10:44:50,045 [INFO] Total Transpile Time - 65.79590 (ms)
2026-07-13 10:44:50,045 [INFO] Pass: InverseCancellation - 0.00691 (ms)
2026-07-13 10:44:50,045 [INFO] Pass: InverseCancellation - 0.16904 (ms)
2026-07-13 10:44:50,046 [INFO] Pass: UnitarySynthesis - 0.00501 (ms)
2026-07-13 10:44:50,046 [INFO] Total Transpile Time - 65.79518 (ms)
2026-07-13 10:44:50,046 [INFO] Pass: GatesInBasis - 0.81730 (ms)
2026-07-13 10:44:50,046 [INFO] Pass: Optimize1qGatesDecomposition - 0.70262 (ms)
2026-07-13 10:44:50,046 [INFO] Pass: InverseCancellation - 0.00739 (ms)
2026-07-13 10:44:50,046 [INFO] Pass: Depth - 0.15807 (ms)
2026-07-13 10:44:50,046 [INFO] Pass: FixedPoint - 0.00525 (ms)
2026-07-13 10:44:50,046 [INFO] Pass: Size - 0.05627 (ms)
2026-07-13 10:44:50,046 [INFO] Pass: FixedPoint - 0.00405 (ms)
2026-07-13 10:44:50,046 [INFO] Pass: GatesInBasis - 0.74363 (ms)
2026-07-13 10:44:50,046 [INFO] Pass: ContainsInstruction - 0.00572 (ms)
2026-07-13 10:44:50,046 [INFO] Pass: Optimize1qGatesDecomposition - 0.85115 (ms)
2026-07-13 10:44:50,046 [INFO] Pass: InverseCancellation - 0.00811 (ms)
2026-07-13 10:44:50,046 [INFO] Pass: Depth - 0.15450 (ms)
2026-07-13 10:44:50,046 [INFO] Pass: FixedPoint - 0.00501 (ms)
2026-07-13 10:44:50,046 [INFO] Pass: Size - 0.06032 (ms)
2026-07-13 10:44:50,046 [INFO] Pass: FixedPoint - 0.00405 (ms)
2026-07-13 10:44:50,046 [INFO] Pass: ContainsInstruction - 0.00501 (ms)
2026-07-13 10:44:50,047 [INFO] Pass: GatesInBasis - 0.81730 (ms)
2026-07-13 10:44:50,047 [INFO] Pass: Depth - 0.15664 (ms)
2026-07-13 10:44:50,047 [INFO] Pass: HighLevelSynthesis - 1.42837 (ms)
2026-07-13 10:44:50,047 [INFO] Pass: FixedPoint - 0.00548 (ms)
2026-07-13 10:44:50,047 [INFO] Pass: GatesInBasis - 0.74697 (ms)
2026-07-13 10:44:50,047 [INFO] Pass: Size - 0.05674 (ms)
2026-07-13 10:44:50,047 [INFO] Pass: FixedPoint - 0.00405 (ms)
2026-07-13 10:44:50,047 [INFO] Pass: ContainsInstruction - 0.00525 (ms)
2026-07-13 10:44:50,047 [INFO] Pass: Depth - 0.16236 (ms)
2026-07-13 10:44:50,047 [INFO] Pass: FixedPoint - 0.00572 (ms)
2026-07-13 10:44:50,047 [INFO] Pass: Size - 0.05722 (ms)
2026-07-13 10:44:50,047 [INFO] Pass: FixedPoint - 0.00429 (ms)
2026-07-13 10:44:50,047 [INFO] Total Transpile Time - 65.57703 (ms)
2026-07-13 10:44:50,048 [INFO] Pass: ContainsInstruction - 0.00930 (ms)
2026-07-13 10:44:50,048 [INFO] Total Transpile Time - 65.47379 (ms)
2026-07-13 10:44:50,048 [INFO] Pass: BasisTranslator - 0.77105 (ms)
2026-07-13 10:44:50,048 [INFO] Pass: InverseCancellation - 0.17118 (ms)
2026-07-13 10:44:50,048 [INFO] Pass: UnitarySynthesis - 0.00501 (ms)
2026-07-13 10:44:50,048 [INFO] Pass: Depth - 0.17595 (ms)
2026-07-13 10:44:50,048 [INFO] Pass: FixedPoint - 0.00787 (ms)
2026-07-13 10:44:50,048 [INFO] Pass: Optimize1qGatesDecomposition - 0.68331 (ms)
2026-07-13 10:44:50,048 [INFO] Pass: Size - 0.05984 (ms)
2026-07-13 10:44:50,048 [INFO] Pass: InverseCancellation - 0.00715 (ms)
2026-07-13 10:44:50,048 [INFO] Pass: FixedPoint - 0.00429 (ms)
2026-07-13 10:44:50,048 [INFO] Total Transpile Time - 65.52410 (ms)
2026-07-13 10:44:50,049 [INFO] Pass: GatesInBasis - 0.81730 (ms)
2026-07-13 10:44:50,049 [INFO] Pass: Optimize1qGatesDecomposition - 0.85258 (ms)
2026-07-13 10:44:50,049 [INFO] Pass: InverseCancellation - 0.00811 (ms)
2026-07-13 10:44:50,049 [INFO] Pass: Depth - 0.16046 (ms)
2026-07-13 10:44:50,049 [INFO] Pass: FixedPoint - 0.00572 (ms)
2026-07-13 10:44:50,049 [INFO] Pass: Size - 0.05651 (ms)
2026-07-13 10:44:50,049 [INFO] Pass: FixedPoint - 0.00453 (ms)
2026-07-13 10:44:50,049 [INFO] Pass: ContainsInstruction - 0.00572 (ms)
2026-07-13 10:44:50,049 [INFO] Pass: HighLevelSynthesis - 1.44386 (ms)
2026-07-13 10:44:50,050 [INFO] Pass: GatesInBasis - 0.74506 (ms)
2026-07-13 10:44:50,050 [INFO] Pass: Depth - 0.15903 (ms)
2026-07-13 10:44:50,050 [INFO] Pass: FixedPoint - 0.00572 (ms)
2026-07-13 10:44:50,050 [INFO] Pass: BasisTranslator - 0.77224 (ms)
2026-07-13 10:44:50,050 [INFO] Pass: Size - 0.05746 (ms)
2026-07-13 10:44:50,050 [INFO] Pass: FixedPoint - 0.00429 (ms)
2026-07-13 10:44:50,050 [INFO] Pass: Depth - 0.17738 (ms)
2026-07-13 10:44:50,051 [INFO] Pass: FixedPoint - 0.00763 (ms)
2026-07-13 10:44:50,051 [INFO] Pass: Size - 0.05913 (ms)
2026-07-13 10:44:50,051 [INFO] Pass: FixedPoint - 0.00453 (ms)
2026-07-13 10:44:50,051 [INFO] Total Transpile Time - 65.44733 (ms)
2026-07-13 10:44:50,051 [INFO] Pass: ContainsInstruction - 0.00858 (ms)
2026-07-13 10:44:50,051 [INFO] Pass: InverseCancellation - 0.16189 (ms)
2026-07-13 10:44:50,051 [INFO] Pass: Optimize1qGatesDecomposition - 0.70214 (ms)
2026-07-13 10:44:50,051 [INFO] Pass: UnitarySynthesis - 0.00501 (ms)
2026-07-13 10:44:50,051 [INFO] Pass: InverseCancellation - 0.00787 (ms)
2026-07-13 10:44:50,052 [INFO] Pass: Optimize1qGatesDecomposition - 0.86045 (ms)
2026-07-13 10:44:50,052 [INFO] Pass: InverseCancellation - 0.00858 (ms)
2026-07-13 10:44:50,052 [INFO] Pass: GatesInBasis - 0.81706 (ms)
2026-07-13 10:44:50,052 [INFO] Pass: Depth - 0.15616 (ms)
2026-07-13 10:44:50,052 [INFO] Pass: FixedPoint - 0.00501 (ms)
2026-07-13 10:44:50,052 [INFO] Pass: Size - 0.05698 (ms)
2026-07-13 10:44:50,052 [INFO] Pass: FixedPoint - 0.00429 (ms)
2026-07-13 10:44:50,052 [INFO] Pass: ContainsInstruction - 0.00525 (ms)
2026-07-13 10:44:50,052 [INFO] Pass: GatesInBasis - 0.74244 (ms)
2026-07-13 10:44:50,053 [INFO] Pass: HighLevelSynthesis - 1.44935 (ms)
2026-07-13 10:44:50,053 [INFO] Pass: Depth - 0.16141 (ms)
2026-07-13 10:44:50,053 [INFO] Pass: FixedPoint - 0.00548 (ms)
2026-07-13 10:44:50,053 [INFO] Pass: Size - 0.05698 (ms)
2026-07-13 10:44:50,053 [INFO] Pass: FixedPoint - 0.00405 (ms)
2026-07-13 10:44:50,053 [INFO] Pass: BasisTranslator - 0.76818 (ms)
2026-07-13 10:44:50,054 [INFO] Pass: Optimize1qGatesDecomposition - 0.69928 (ms)
2026-07-13 10:44:50,054 [INFO] Pass: InverseCancellation - 0.00691 (ms)
2026-07-13 10:44:50,054 [INFO] Pass: Depth - 0.17786 (ms)
2026-07-13 10:44:50,054 [INFO] Pass: FixedPoint - 0.00739 (ms)
2026-07-13 10:44:50,054 [INFO] Total Transpile Time - 65.76133 (ms)
2026-07-13 10:44:50,054 [INFO] Pass: Size - 0.05913 (ms)
2026-07-13 10:44:50,054 [INFO] Pass: FixedPoint - 0.00429 (ms)
2026-07-13 10:44:50,054 [INFO] Pass: GatesInBasis - 0.81778 (ms)
2026-07-13 10:44:50,055 [INFO] Pass: Depth - 0.15879 (ms)
2026-07-13 10:44:50,055 [INFO] Pass: FixedPoint - 0.00548 (ms)
2026-07-13 10:44:50,055 [INFO] Pass: Optimize1qGatesDecomposition - 0.84567 (ms)
2026-07-13 10:44:50,055 [INFO] Pass: InverseCancellation - 0.00811 (ms)
2026-07-13 10:44:50,055 [INFO] Pass: Size - 0.05817 (ms)
2026-07-13 10:44:50,055 [INFO] Pass: FixedPoint - 0.00429 (ms)
2026-07-13 10:44:50,055 [INFO] Pass: ContainsInstruction - 0.00596 (ms)
2026-07-13 10:44:50,056 [INFO] Pass: GatesInBasis - 0.74267 (ms)
2026-07-13 10:44:50,056 [INFO] Pass: Depth - 0.15950 (ms)
2026-07-13 10:44:50,056 [INFO] Pass: FixedPoint - 0.00548 (ms)
2026-07-13 10:44:50,056 [INFO] Pass: Size - 0.05770 (ms)
2026-07-13 10:44:50,056 [INFO] Pass: FixedPoint - 0.00429 (ms)
2026-07-13 10:44:50,056 [INFO] Total Transpile Time - 65.50169 (ms)
2026-07-13 10:44:50,056 [INFO] Pass: ContainsInstruction - 0.00906 (ms)
2026-07-13 10:44:50,057 [INFO] Pass: InverseCancellation - 0.16737 (ms)
2026-07-13 10:44:50,057 [INFO] Pass: Optimize1qGatesDecomposition - 0.68879 (ms)
2026-07-13 10:44:50,057 [INFO] Pass: UnitarySynthesis - 0.00572 (ms)
2026-07-13 10:44:50,057 [INFO] Pass: InverseCancellation - 0.00715 (ms)
2026-07-13 10:44:50,057 [INFO] Pass: ContainsInstruction - 0.00834 (ms)
2026-07-13 10:44:50,057 [INFO] Pass: InverseCancellation - 0.16379 (ms)
2026-07-13 10:44:50,057 [INFO] Pass: UnitarySynthesis - 0.00453 (ms)
2026-07-13 10:44:50,058 [INFO] Pass: GatesInBasis - 0.83613 (ms)
2026-07-13 10:44:50,058 [INFO] Pass: Depth - 0.15807 (ms)
2026-07-13 10:44:50,058 [INFO] Pass: FixedPoint - 0.00572 (ms)
2026-07-13 10:44:50,058 [INFO] Pass: Size - 0.05746 (ms)
2026-07-13 10:44:50,058 [INFO] Pass: FixedPoint - 0.00405 (ms)
2026-07-13 10:44:50,058 [INFO] Pass: ContainsInstruction - 0.00572 (ms)
2026-07-13 10:44:50,058 [INFO] Pass: HighLevelSynthesis - 1.42622 (ms)
2026-07-13 10:44:50,059 [INFO] Pass: HighLevelSynthesis - 1.44911 (ms)
2026-07-13 10:44:50,059 [INFO] Pass: BasisTranslator - 0.96631 (ms)
2026-07-13 10:44:50,059 [INFO] Total Transpile Time - 65.49883 (ms)
2026-07-13 10:44:50,059 [INFO] Pass: Depth - 0.17357 (ms)
2026-07-13 10:44:50,059 [INFO] Pass: FixedPoint - 0.00834 (ms)
2026-07-13 10:44:50,060 [INFO] Pass: Size - 0.06008 (ms)
2026-07-13 10:44:50,060 [INFO] Pass: FixedPoint - 0.00429 (ms)
2026-07-13 10:44:50,060 [INFO] Pass: BasisTranslator - 0.93889 (ms)
2026-07-13 10:44:50,060 [INFO] Pass: Depth - 0.17786 (ms)
2026-07-13 10:44:50,060 [INFO] Pass: FixedPoint - 0.00834 (ms)
2026-07-13 10:44:50,060 [INFO] Pass: Size - 0.05960 (ms)
2026-07-13 10:44:50,060 [INFO] Pass: FixedPoint - 0.00477 (ms)
2026-07-13 10:44:50,060 [INFO] Pass: Optimize1qGatesDecomposition - 0.85211 (ms)
2026-07-13 10:44:50,061 [INFO] Pass: InverseCancellation - 0.00906 (ms)
2026-07-13 10:44:50,061 [INFO] Pass: ContainsInstruction - 0.01001 (ms)
2026-07-13 10:44:50,061 [INFO] Pass: InverseCancellation - 0.16332 (ms)
2026-07-13 10:44:50,061 [INFO] Pass: Optimize1qGatesDecomposition - 0.84472 (ms)
2026-07-13 10:44:50,061 [INFO] Pass: UnitarySynthesis - 0.00501 (ms)
2026-07-13 10:44:50,061 [INFO] Pass: InverseCancellation - 0.00930 (ms)
2026-07-13 10:44:50,061 [INFO] Pass: GatesInBasis - 0.74220 (ms)
2026-07-13 10:44:50,062 [INFO] Pass: Depth - 0.17023 (ms)
2026-07-13 10:44:50,062 [INFO] Pass: FixedPoint - 0.00668 (ms)
2026-07-13 10:44:50,062 [INFO] Pass: Size - 0.05746 (ms)
2026-07-13 10:44:50,062 [INFO] Pass: FixedPoint - 0.00453 (ms)
2026-07-13 10:44:50,062 [INFO] Pass: GatesInBasis - 0.74601 (ms)
2026-07-13 10:44:50,062 [INFO] Pass: Depth - 0.16189 (ms)
2026-07-13 10:44:50,062 [INFO] Pass: FixedPoint - 0.00525 (ms)
2026-07-13 10:44:50,062 [INFO] Pass: Size - 0.05722 (ms)
2026-07-13 10:44:50,062 [INFO] Pass: FixedPoint - 0.00429 (ms)
2026-07-13 10:44:50,062 [INFO] Pass: Optimize1qGatesDecomposition - 0.69189 (ms)
2026-07-13 10:44:50,062 [INFO] Pass: InverseCancellation - 0.00739 (ms)
2026-07-13 10:44:50,062 [INFO] Pass: HighLevelSynthesis - 1.46675 (ms)
2026-07-13 10:44:50,063 [INFO] Pass: Optimize1qGatesDecomposition - 0.69690 (ms)
2026-07-13 10:44:50,063 [INFO] Pass: InverseCancellation - 0.00715 (ms)
2026-07-13 10:44:50,063 [INFO] Pass: GatesInBasis - 0.75340 (ms)
2026-07-13 10:44:50,063 [INFO] Pass: Depth - 0.16093 (ms)
2026-07-13 10:44:50,063 [INFO] Pass: BasisTranslator - 0.94008 (ms)
2026-07-13 10:44:50,064 [INFO] Pass: FixedPoint - 0.00525 (ms)
2026-07-13 10:44:50,064 [INFO] Pass: Size - 0.05579 (ms)
2026-07-13 10:44:50,064 [INFO] Pass: FixedPoint - 0.00405 (ms)
2026-07-13 10:44:50,064 [INFO] Pass: ContainsInstruction - 0.00596 (ms)
2026-07-13 10:44:50,064 [INFO] Pass: Depth - 0.17214 (ms)
2026-07-13 10:44:50,064 [INFO] Pass: FixedPoint - 0.00858 (ms)
2026-07-13 10:44:50,064 [INFO] Pass: GatesInBasis - 0.74434 (ms)
2026-07-13 10:44:50,064 [INFO] Pass: Size - 0.05937 (ms)
2026-07-13 10:44:50,064 [INFO] Pass: FixedPoint - 0.00477 (ms)
2026-07-13 10:44:50,064 [INFO] Pass: Depth - 0.15378 (ms)
2026-07-13 10:44:50,064 [INFO] Pass: FixedPoint - 0.00501 (ms)
2026-07-13 10:44:50,064 [INFO] Pass: ContainsInstruction - 0.00858 (ms)
2026-07-13 10:44:50,064 [INFO] Pass: Size - 0.05579 (ms)
2026-07-13 10:44:50,064 [INFO] Pass: FixedPoint - 0.00405 (ms)
2026-07-13 10:44:50,064 [INFO] Pass: ContainsInstruction - 0.00525 (ms)
2026-07-13 10:44:50,064 [INFO] Pass: InverseCancellation - 0.17095 (ms)
2026-07-13 10:44:50,064 [INFO] Pass: UnitarySynthesis - 0.00477 (ms)
2026-07-13 10:44:50,065 [INFO] Pass: Optimize1qGatesDecomposition - 0.84209 (ms)
2026-07-13 10:44:50,065 [INFO] Pass: InverseCancellation - 0.00763 (ms)
2026-07-13 10:44:50,065 [INFO] Total Transpile Time - 66.11633 (ms)
2026-07-13 10:44:50,065 [INFO] Total Transpile Time - 65.63663 (ms)
2026-07-13 10:44:50,066 [INFO] Pass: GatesInBasis - 0.74768 (ms)
2026-07-13 10:44:50,066 [INFO] Pass: HighLevelSynthesis - 1.42384 (ms)
2026-07-13 10:44:50,066 [INFO] Pass: Depth - 0.15903 (ms)
2026-07-13 10:44:50,066 [INFO] Pass: FixedPoint - 0.00548 (ms)
2026-07-13 10:44:50,066 [INFO] Pass: Size - 0.05722 (ms)
2026-07-13 10:44:50,066 [INFO] Pass: FixedPoint - 0.00429 (ms)
2026-07-13 10:44:50,067 [INFO] Pass: BasisTranslator - 0.77772 (ms)
2026-07-13 10:44:50,067 [INFO] Pass: Optimize1qGatesDecomposition - 0.68426 (ms)
2026-07-13 10:44:50,067 [INFO] Pass: InverseCancellation - 0.00691 (ms)
2026-07-13 10:44:50,067 [INFO] Pass: Depth - 0.17142 (ms)
2026-07-13 10:44:50,067 [INFO] Pass: FixedPoint - 0.00787 (ms)
2026-07-13 10:44:50,067 [INFO] Pass: Size - 0.05937 (ms)
2026-07-13 10:44:50,067 [INFO] Pass: FixedPoint - 0.00429 (ms)
2026-07-13 10:44:50,068 [INFO] Pass: GatesInBasis - 0.73767 (ms)
2026-07-13 10:44:50,068 [INFO] Pass: Depth - 0.15497 (ms)
2026-07-13 10:44:50,068 [INFO] Pass: FixedPoint - 0.00525 (ms)
2026-07-13 10:44:50,068 [INFO] Pass: Size - 0.05651 (ms)
2026-07-13 10:44:50,068 [INFO] Pass: FixedPoint - 0.00405 (ms)
2026-07-13 10:44:50,068 [INFO] Pass: Optimize1qGatesDecomposition - 0.84782 (ms)
2026-07-13 10:44:50,068 [INFO] Pass: ContainsInstruction - 0.00548 (ms)
2026-07-13 10:44:50,068 [INFO] Pass: InverseCancellation - 0.00834 (ms)
2026-07-13 10:44:50,069 [INFO] Pass: GatesInBasis - 0.74673 (ms)
2026-07-13 10:44:50,069 [INFO] Pass: Depth - 0.16141 (ms)
2026-07-13 10:44:50,069 [INFO] Pass: FixedPoint - 0.00548 (ms)
2026-07-13 10:44:50,069 [INFO] Pass: Size - 0.05674 (ms)
2026-07-13 10:44:50,069 [INFO] Pass: FixedPoint - 0.00453 (ms)
2026-07-13 10:44:50,069 [INFO] Total Transpile Time - 65.52339 (ms)
2026-07-13 10:44:50,070 [INFO] Pass: Optimize1qGatesDecomposition - 0.68617 (ms)
2026-07-13 10:44:50,070 [INFO] Pass: InverseCancellation - 0.00715 (ms)
2026-07-13 10:44:50,071 [INFO] Pass: GatesInBasis - 0.81182 (ms)
2026-07-13 10:44:50,071 [INFO] Pass: Depth - 0.15926 (ms)
2026-07-13 10:44:50,071 [INFO] Pass: FixedPoint - 0.00525 (ms)
2026-07-13 10:44:50,071 [INFO] Pass: Size - 0.05627 (ms)
2026-07-13 10:44:50,071 [INFO] Pass: FixedPoint - 0.00429 (ms)
2026-07-13 10:44:50,071 [INFO] Pass: ContainsInstruction - 0.00548 (ms)
2026-07-13 10:44:50,072 [INFO] Total Transpile Time - 65.39083 (ms)
2026-07-13 10:44:50,675 [INFO] [PCE] Aer metadata (1a ejecucion de este proceso): device=CPU method=statevector shots=2048 fusion_enabled=True
2026-07-13 10:44:50,681 [INFO] [PCE] Aer metadata (1a ejecucion de este proceso): device=CPU method=statevector shots=2048 fusion_enabled=True
2026-07-13 10:44:50,684 [INFO] [PCE] Aer metadata (1a ejecucion de este proceso): device=CPU method=statevector shots=2048 fusion_enabled=True
2026-07-13 10:44:50,686 [INFO] [PCE] Aer metadata (1a ejecucion de este proceso): device=CPU method=statevector shots=2048 fusion_enabled=True
2026-07-13 10:44:50,689 [INFO] [PCE] Aer metadata (1a ejecucion de este proceso): device=CPU method=statevector shots=2048 fusion_enabled=True
2026-07-13 10:44:50,691 [INFO] [PCE] Aer metadata (1a ejecucion de este proceso): device=CPU method=statevector shots=2048 fusion_enabled=True
2026-07-13 10:44:50,694 [INFO] [PCE] Aer metadata (1a ejecucion de este proceso): device=CPU method=statevector shots=2048 fusion_enabled=True
2026-07-13 10:44:50,697 [INFO] [PCE] Aer metadata (1a ejecucion de este proceso): device=CPU method=statevector shots=2048 fusion_enabled=True
2026-07-13 10:44:50,699 [INFO] [PCE] Aer metadata (1a ejecucion de este proceso): device=CPU method=statevector shots=2048 fusion_enabled=True
2026-07-13 10:44:50,702 [INFO] [PCE] Aer metadata (1a ejecucion de este proceso): device=CPU method=statevector shots=2048 fusion_enabled=True
2026-07-13 10:44:50,704 [INFO] [PCE] Aer metadata (1a ejecucion de este proceso): device=CPU method=statevector shots=2048 fusion_enabled=True
2026-07-13 10:44:50,707 [INFO] [PCE] Aer metadata (1a ejecucion de este proceso): device=CPU method=statevector shots=2048 fusion_enabled=True
2026-07-13 10:44:50,710 [INFO] [PCE] Aer metadata (1a ejecucion de este proceso): device=CPU method=statevector shots=2048 fusion_enabled=True
2026-07-13 10:44:50,713 [INFO] [PCE] Aer metadata (1a ejecucion de este proceso): device=CPU method=statevector shots=2048 fusion_enabled=True
2026-07-13 14:11:57,524 [INFO] [PCE] n=200 instancia (idx=51) 1/14 completada (paralelo) - transcurrido=0:03:27:08
2026-07-13 14:12:01,871 [INFO] [PCE] n=200 instancia (idx=23) 2/14 completada (paralelo) - transcurrido=0:03:27:12
2026-07-13 14:12:10,036 [INFO] [PCE] n=200 instancia (idx=9) 3/14 completada (paralelo) - transcurrido=0:03:27:20
2026-07-13 14:12:29,139 [INFO] [PCE] n=200 instancia (idx=2) 4/14 completada (paralelo) - transcurrido=0:03:27:39
2026-07-13 14:21:58,112 [INFO] [PCE] n=200 instancia (idx=79) 5/14 completada (paralelo) - transcurrido=0:03:37:08
2026-07-13 14:21:58,944 [INFO] [PCE] n=200 instancia (idx=58) 6/14 completada (paralelo) - transcurrido=0:03:37:09
2026-07-13 14:22:03,132 [INFO] [PCE] n=200 instancia (idx=30) 7/14 completada (paralelo) - transcurrido=0:03:37:13
2026-07-13 14:23:44,040 [INFO] [PCE] n=200 instancia (idx=93) 8/14 completada (paralelo) - transcurrido=0:03:38:54
2026-07-13 14:24:03,652 [INFO] [PCE] n=200 instancia (idx=16) 9/14 completada (paralelo) - transcurrido=0:03:39:14
2026-07-13 14:26:28,790 [INFO] [PCE] n=200 instancia (idx=37) 10/14 completada (paralelo) - transcurrido=0:03:41:39
2026-07-13 14:27:43,664 [INFO] [PCE] n=200 instancia (idx=72) 11/14 completada (paralelo) - transcurrido=0:03:42:54
2026-07-13 14:28:34,464 [INFO] [PCE] n=200 instancia (idx=86) 12/14 completada (paralelo) - transcurrido=0:03:43:45
2026-07-13 14:28:55,401 [INFO] [PCE] n=200 instancia (idx=65) 13/14 completada (paralelo) - transcurrido=0:03:44:06
2026-07-13 14:29:26,771 [INFO] [PCE] n=200 instancia (idx=44) 14/14 completada (paralelo) - transcurrido=0:03:44:37
2026-07-13 14:29:26,912 [INFO] [PCE] n=200 chunk 3/7 completado - beta_parcial=0.2697 duration=0:03:44:37 shots=2048 backend=AER
