gcc/system unloaded
gcccore/system unloaded
cesga/2022 unloaded
rust/1.75.0 unloaded
imkl/2022.0.1 unloaded
numpy/1.26.4 unloaded
scipy/1.13.1 unloaded
flint/2.8.4 unloaded
symengine/0.11.1 unloaded
symengine-python/0.11.0 unloaded
spdlog/1.9.2 unloaded
pylatexenc/2.10 unloaded
qiskit/1.2.4-aer-gpu-cu11 unloaded
        Preparing the environment for use of the CESGA 2022 software stack.
        Please rebuild modules cache: module --ignore-cache avail
     
cesga/2022 loaded
rust/1.75.0 loaded

imkl/2023.2.0 loaded
numpy/1.26.4 loaded
scipy/1.13.1 loaded
imkl/2023.2.0 unloaded

imkl/2022.0.1 loaded
flint/2.8.4 loaded
symengine/0.11.1 loaded
symengine-python/0.11.0 loaded
spdlog/1.9.2 loaded
pylatexenc/2.10 loaded
gcccore/system loaded
gcc/system loaded
qiskit/1.2.4-aer-gpu-cu11 loaded
2026-07-13 16:41:04,884 [INFO] [PCE] n=250 chunk 2/7: 15 instancias [1, 8, 15, 22, 29, 36, 43, 50, 57, 64, 71, 78, 85, 92, 99], num_workers=15, qubits=9
2026-07-13 16:41:04,884 [INFO] [PCE] n=250 paralelizando 15 instancias entre 15 workers (max_parallel_threads=1 fijo, independiente de num_workers)
2026-07-13 16:41:05,042 [INFO] Pass: ContainsInstruction - 0.01311 (ms)
2026-07-13 16:41:05,042 [INFO] Pass: InverseCancellation - 0.02050 (ms)
2026-07-13 16:41:05,042 [INFO] Pass: UnitarySynthesis - 0.00572 (ms)
2026-07-13 16:41:05,042 [INFO] Pass: ContainsInstruction - 0.01431 (ms)
2026-07-13 16:41:05,043 [INFO] Pass: InverseCancellation - 0.01955 (ms)
2026-07-13 16:41:05,043 [INFO] Pass: UnitarySynthesis - 0.00572 (ms)
2026-07-13 16:41:05,043 [INFO] Pass: ContainsInstruction - 0.01359 (ms)
2026-07-13 16:41:05,043 [INFO] Pass: InverseCancellation - 0.02098 (ms)
2026-07-13 16:41:05,043 [INFO] Pass: UnitarySynthesis - 0.00572 (ms)
2026-07-13 16:41:05,044 [INFO] Pass: HighLevelSynthesis - 1.64104 (ms)
2026-07-13 16:41:05,044 [INFO] Pass: HighLevelSynthesis - 1.64175 (ms)
2026-07-13 16:41:05,045 [INFO] Pass: HighLevelSynthesis - 1.65677 (ms)
2026-07-13 16:41:05,045 [INFO] Pass: BasisTranslator - 0.92220 (ms)
2026-07-13 16:41:05,045 [INFO] Pass: BasisTranslator - 0.89240 (ms)
2026-07-13 16:41:05,045 [INFO] Pass: ContainsInstruction - 0.01502 (ms)
2026-07-13 16:41:05,045 [INFO] Pass: Depth - 0.21529 (ms)
2026-07-13 16:41:05,045 [INFO] Pass: FixedPoint - 0.01192 (ms)
2026-07-13 16:41:05,045 [INFO] Pass: InverseCancellation - 0.01931 (ms)
2026-07-13 16:41:05,045 [INFO] Pass: ContainsInstruction - 0.01431 (ms)
2026-07-13 16:41:05,045 [INFO] Pass: UnitarySynthesis - 0.00525 (ms)
2026-07-13 16:41:05,046 [INFO] Pass: Size - 0.06247 (ms)
2026-07-13 16:41:05,046 [INFO] Pass: Depth - 0.21029 (ms)
2026-07-13 16:41:05,046 [INFO] Pass: FixedPoint - 0.00453 (ms)
2026-07-13 16:41:05,046 [INFO] Pass: InverseCancellation - 0.02193 (ms)
2026-07-13 16:41:05,046 [INFO] Pass: FixedPoint - 0.01240 (ms)
2026-07-13 16:41:05,046 [INFO] Pass: BasisTranslator - 0.90551 (ms)
2026-07-13 16:41:05,046 [INFO] Pass: UnitarySynthesis - 0.00548 (ms)
2026-07-13 16:41:05,046 [INFO] Pass: Size - 0.06485 (ms)
2026-07-13 16:41:05,046 [INFO] Pass: FixedPoint - 0.00453 (ms)
2026-07-13 16:41:05,046 [INFO] Pass: Optimize1qGatesDecomposition - 0.14997 (ms)
2026-07-13 16:41:05,046 [INFO] Pass: InverseCancellation - 0.00763 (ms)
2026-07-13 16:41:05,046 [INFO] Pass: Depth - 0.20790 (ms)
2026-07-13 16:41:05,046 [INFO] Pass: Optimize1qGatesDecomposition - 0.14639 (ms)
2026-07-13 16:41:05,046 [INFO] Pass: FixedPoint - 0.01168 (ms)
2026-07-13 16:41:05,046 [INFO] Pass: InverseCancellation - 0.00978 (ms)
2026-07-13 16:41:05,046 [INFO] Pass: Size - 0.06390 (ms)
2026-07-13 16:41:05,046 [INFO] Pass: FixedPoint - 0.00453 (ms)
2026-07-13 16:41:05,046 [INFO] Pass: Optimize1qGatesDecomposition - 0.14830 (ms)
2026-07-13 16:41:05,046 [INFO] Pass: InverseCancellation - 0.00811 (ms)
2026-07-13 16:41:05,047 [INFO] Pass: GatesInBasis - 0.89812 (ms)
2026-07-13 16:41:05,047 [INFO] Pass: GatesInBasis - 0.90313 (ms)
2026-07-13 16:41:05,047 [INFO] Pass: Depth - 0.16999 (ms)
2026-07-13 16:41:05,047 [INFO] Pass: FixedPoint - 0.00525 (ms)
2026-07-13 16:41:05,047 [INFO] Pass: Size - 0.05913 (ms)
2026-07-13 16:41:05,047 [INFO] Pass: FixedPoint - 0.00405 (ms)
2026-07-13 16:41:05,047 [INFO] Pass: Depth - 0.17071 (ms)
2026-07-13 16:41:05,047 [INFO] Pass: FixedPoint - 0.00525 (ms)
2026-07-13 16:41:05,047 [INFO] Pass: ContainsInstruction - 0.00525 (ms)
2026-07-13 16:41:05,047 [INFO] Pass: HighLevelSynthesis - 1.65987 (ms)
2026-07-13 16:41:05,047 [INFO] Pass: Size - 0.06080 (ms)
2026-07-13 16:41:05,047 [INFO] Pass: GatesInBasis - 0.89765 (ms)
2026-07-13 16:41:05,047 [INFO] Pass: FixedPoint - 0.00429 (ms)
2026-07-13 16:41:05,047 [INFO] Pass: HighLevelSynthesis - 1.62530 (ms)
2026-07-13 16:41:05,047 [INFO] Pass: ContainsInstruction - 0.00548 (ms)
2026-07-13 16:41:05,047 [INFO] Pass: Depth - 0.17619 (ms)
2026-07-13 16:41:05,047 [INFO] Pass: FixedPoint - 0.00525 (ms)
2026-07-13 16:41:05,048 [INFO] Pass: Size - 0.06008 (ms)
2026-07-13 16:41:05,048 [INFO] Pass: FixedPoint - 0.00381 (ms)
2026-07-13 16:41:05,048 [INFO] Pass: ContainsInstruction - 0.00501 (ms)
2026-07-13 16:41:05,048 [INFO] Pass: BasisTranslator - 0.90528 (ms)
2026-07-13 16:41:05,048 [INFO] Pass: BasisTranslator - 0.90003 (ms)
2026-07-13 16:41:05,048 [INFO] Pass: Depth - 0.21386 (ms)
2026-07-13 16:41:05,048 [INFO] Pass: FixedPoint - 0.01168 (ms)
2026-07-13 16:41:05,048 [INFO] Pass: Depth - 0.20981 (ms)
2026-07-13 16:41:05,048 [INFO] Pass: ContainsInstruction - 0.01144 (ms)
2026-07-13 16:41:05,049 [INFO] Pass: FixedPoint - 0.01264 (ms)
2026-07-13 16:41:05,049 [INFO] Pass: Size - 0.06390 (ms)
2026-07-13 16:41:05,049 [INFO] Pass: FixedPoint - 0.00453 (ms)
2026-07-13 16:41:05,049 [INFO] Total Transpile Time - 86.90286 (ms)
2026-07-13 16:41:05,049 [INFO] Pass: InverseCancellation - 0.01931 (ms)
2026-07-13 16:41:05,049 [INFO] Pass: Size - 0.06723 (ms)
2026-07-13 16:41:05,049 [INFO] Pass: UnitarySynthesis - 0.00548 (ms)
2026-07-13 16:41:05,049 [INFO] Pass: FixedPoint - 0.00477 (ms)
2026-07-13 16:41:05,049 [INFO] Total Transpile Time - 84.49054 (ms)
2026-07-13 16:41:05,049 [INFO] Pass: Optimize1qGatesDecomposition - 0.14663 (ms)
2026-07-13 16:41:05,049 [INFO] Pass: InverseCancellation - 0.00787 (ms)
2026-07-13 16:41:05,049 [INFO] Pass: Optimize1qGatesDecomposition - 0.14663 (ms)
2026-07-13 16:41:05,049 [INFO] Pass: InverseCancellation - 0.00834 (ms)
2026-07-13 16:41:05,049 [INFO] Total Transpile Time - 84.88393 (ms)
2026-07-13 16:41:05,050 [INFO] Pass: GatesInBasis - 0.91004 (ms)
2026-07-13 16:41:05,050 [INFO] Pass: GatesInBasis - 0.90265 (ms)
2026-07-13 16:41:05,050 [INFO] Pass: Depth - 0.16904 (ms)
2026-07-13 16:41:05,050 [INFO] Pass: FixedPoint - 0.00501 (ms)
2026-07-13 16:41:05,050 [INFO] Pass: Depth - 0.17118 (ms)
2026-07-13 16:41:05,050 [INFO] Pass: FixedPoint - 0.00501 (ms)
2026-07-13 16:41:05,050 [INFO] Pass: Size - 0.05865 (ms)
2026-07-13 16:41:05,050 [INFO] Pass: FixedPoint - 0.00405 (ms)
2026-07-13 16:41:05,050 [INFO] Pass: ContainsInstruction - 0.00525 (ms)
2026-07-13 16:41:05,050 [INFO] Pass: Size - 0.05937 (ms)
2026-07-13 16:41:05,050 [INFO] Pass: FixedPoint - 0.00429 (ms)
2026-07-13 16:41:05,050 [INFO] Pass: ContainsInstruction - 0.00477 (ms)
2026-07-13 16:41:05,050 [INFO] Pass: ContainsInstruction - 0.01168 (ms)
2026-07-13 16:41:05,050 [INFO] Pass: HighLevelSynthesis - 1.65248 (ms)
2026-07-13 16:41:05,050 [INFO] Pass: InverseCancellation - 0.01931 (ms)
2026-07-13 16:41:05,050 [INFO] Pass: UnitarySynthesis - 0.00501 (ms)
2026-07-13 16:41:05,051 [INFO] Pass: BasisTranslator - 0.91434 (ms)
2026-07-13 16:41:05,052 [INFO] Pass: Depth - 0.20742 (ms)
2026-07-13 16:41:05,052 [INFO] Pass: FixedPoint - 0.01240 (ms)
2026-07-13 16:41:05,052 [INFO] Total Transpile Time - 84.86009 (ms)
2026-07-13 16:41:05,052 [INFO] Total Transpile Time - 84.70464 (ms)
2026-07-13 16:41:05,052 [INFO] Pass: Size - 0.06151 (ms)
2026-07-13 16:41:05,052 [INFO] Pass: FixedPoint - 0.00477 (ms)
2026-07-13 16:41:05,052 [INFO] Pass: Optimize1qGatesDecomposition - 0.14472 (ms)
2026-07-13 16:41:05,052 [INFO] Pass: InverseCancellation - 0.00811 (ms)
2026-07-13 16:41:05,052 [INFO] Pass: HighLevelSynthesis - 1.69230 (ms)
2026-07-13 16:41:05,053 [INFO] Pass: GatesInBasis - 0.91767 (ms)
2026-07-13 16:41:05,053 [INFO] Pass: BasisTranslator - 0.85926 (ms)
2026-07-13 16:41:05,053 [INFO] Pass: Depth - 0.16880 (ms)
2026-07-13 16:41:05,053 [INFO] Pass: FixedPoint - 0.00525 (ms)
2026-07-13 16:41:05,053 [INFO] Pass: Size - 0.06652 (ms)
2026-07-13 16:41:05,053 [INFO] Pass: FixedPoint - 0.00453 (ms)
2026-07-13 16:41:05,053 [INFO] Pass: Depth - 0.21219 (ms)
2026-07-13 16:41:05,053 [INFO] Pass: ContainsInstruction - 0.01359 (ms)
2026-07-13 16:41:05,053 [INFO] Pass: ContainsInstruction - 0.00501 (ms)
2026-07-13 16:41:05,053 [INFO] Pass: FixedPoint - 0.01216 (ms)
2026-07-13 16:41:05,053 [INFO] Pass: InverseCancellation - 0.01860 (ms)
2026-07-13 16:41:05,053 [INFO] Pass: UnitarySynthesis - 0.00548 (ms)
2026-07-13 16:41:05,053 [INFO] Pass: Size - 0.06223 (ms)
2026-07-13 16:41:05,054 [INFO] Pass: FixedPoint - 0.00429 (ms)
2026-07-13 16:41:05,054 [INFO] Pass: Optimize1qGatesDecomposition - 0.14567 (ms)
2026-07-13 16:41:05,054 [INFO] Pass: InverseCancellation - 0.00739 (ms)
2026-07-13 16:41:05,055 [INFO] Pass: GatesInBasis - 0.91028 (ms)
2026-07-13 16:41:05,055 [INFO] Total Transpile Time - 83.81510 (ms)
2026-07-13 16:41:05,055 [INFO] Pass: Depth - 0.17405 (ms)
2026-07-13 16:41:05,055 [INFO] Pass: FixedPoint - 0.00525 (ms)
2026-07-13 16:41:05,055 [INFO] Pass: Size - 0.05937 (ms)
2026-07-13 16:41:05,055 [INFO] Pass: FixedPoint - 0.00405 (ms)
2026-07-13 16:41:05,055 [INFO] Pass: ContainsInstruction - 0.00620 (ms)
2026-07-13 16:41:05,055 [INFO] Pass: HighLevelSynthesis - 1.68705 (ms)
2026-07-13 16:41:05,056 [INFO] Pass: BasisTranslator - 0.85330 (ms)
2026-07-13 16:41:05,056 [INFO] Pass: Depth - 0.20814 (ms)
2026-07-13 16:41:05,056 [INFO] Pass: FixedPoint - 0.01240 (ms)
2026-07-13 16:41:05,057 [INFO] Pass: Size - 0.06247 (ms)
2026-07-13 16:41:05,056 [INFO] Pass: ContainsInstruction - 0.01335 (ms)
2026-07-13 16:41:05,057 [INFO] Pass: FixedPoint - 0.00429 (ms)
2026-07-13 16:41:05,057 [INFO] Total Transpile Time - 83.22024 (ms)
2026-07-13 16:41:05,057 [INFO] Pass: InverseCancellation - 0.01884 (ms)
2026-07-13 16:41:05,057 [INFO] Pass: UnitarySynthesis - 0.00572 (ms)
2026-07-13 16:41:05,057 [INFO] Pass: Optimize1qGatesDecomposition - 0.14520 (ms)
2026-07-13 16:41:05,057 [INFO] Pass: InverseCancellation - 0.00834 (ms)
2026-07-13 16:41:05,058 [INFO] Pass: GatesInBasis - 0.89693 (ms)
2026-07-13 16:41:05,058 [INFO] Pass: Depth - 0.16856 (ms)
2026-07-13 16:41:05,058 [INFO] Pass: FixedPoint - 0.00477 (ms)
2026-07-13 16:41:05,058 [INFO] Pass: Size - 0.05913 (ms)
2026-07-13 16:41:05,058 [INFO] Pass: FixedPoint - 0.00429 (ms)
2026-07-13 16:41:05,058 [INFO] Pass: ContainsInstruction - 0.00501 (ms)
2026-07-13 16:41:05,058 [INFO] Pass: HighLevelSynthesis - 1.65176 (ms)
2026-07-13 16:41:05,059 [INFO] Pass: BasisTranslator - 0.90313 (ms)
2026-07-13 16:41:05,060 [INFO] Pass: Depth - 0.21243 (ms)
2026-07-13 16:41:05,060 [INFO] Total Transpile Time - 82.91554 (ms)
2026-07-13 16:41:05,060 [INFO] Pass: FixedPoint - 0.01335 (ms)
2026-07-13 16:41:05,060 [INFO] Pass: Size - 0.06318 (ms)
2026-07-13 16:41:05,060 [INFO] Pass: FixedPoint - 0.00453 (ms)
2026-07-13 16:41:05,060 [INFO] Pass: Optimize1qGatesDecomposition - 0.14186 (ms)
2026-07-13 16:41:05,060 [INFO] Pass: InverseCancellation - 0.00858 (ms)
2026-07-13 16:41:05,060 [INFO] Pass: ContainsInstruction - 0.01049 (ms)
2026-07-13 16:41:05,060 [INFO] Pass: InverseCancellation - 0.01979 (ms)
2026-07-13 16:41:05,060 [INFO] Pass: UnitarySynthesis - 0.00596 (ms)
2026-07-13 16:41:05,061 [INFO] Pass: GatesInBasis - 0.89765 (ms)
2026-07-13 16:41:05,061 [INFO] Pass: Depth - 0.16880 (ms)
2026-07-13 16:41:05,061 [INFO] Pass: FixedPoint - 0.00501 (ms)
2026-07-13 16:41:05,061 [INFO] Pass: Size - 0.05937 (ms)
2026-07-13 16:41:05,061 [INFO] Pass: FixedPoint - 0.00453 (ms)
2026-07-13 16:41:05,061 [INFO] Pass: ContainsInstruction - 0.00477 (ms)
2026-07-13 16:41:05,062 [INFO] Pass: HighLevelSynthesis - 1.62292 (ms)
2026-07-13 16:41:05,063 [INFO] Total Transpile Time - 83.31704 (ms)
2026-07-13 16:41:05,063 [INFO] Pass: BasisTranslator - 0.85473 (ms)
2026-07-13 16:41:05,063 [INFO] Pass: Depth - 0.20909 (ms)
2026-07-13 16:41:05,063 [INFO] Pass: FixedPoint - 0.01168 (ms)
2026-07-13 16:41:05,063 [INFO] Pass: ContainsInstruction - 0.01287 (ms)
2026-07-13 16:41:05,063 [INFO] Pass: Size - 0.06318 (ms)
2026-07-13 16:41:05,063 [INFO] Pass: InverseCancellation - 0.02003 (ms)
2026-07-13 16:41:05,063 [INFO] Pass: FixedPoint - 0.00453 (ms)
2026-07-13 16:41:05,063 [INFO] Pass: UnitarySynthesis - 0.00501 (ms)
2026-07-13 16:41:05,064 [INFO] Pass: Optimize1qGatesDecomposition - 0.14329 (ms)
2026-07-13 16:41:05,064 [INFO] Pass: InverseCancellation - 0.00787 (ms)
2026-07-13 16:41:05,065 [INFO] Pass: GatesInBasis - 0.92721 (ms)
2026-07-13 16:41:05,065 [INFO] Pass: Depth - 0.17047 (ms)
2026-07-13 16:41:05,065 [INFO] Pass: FixedPoint - 0.00548 (ms)
2026-07-13 16:41:05,065 [INFO] Pass: Size - 0.05937 (ms)
2026-07-13 16:41:05,065 [INFO] Pass: FixedPoint - 0.00405 (ms)
2026-07-13 16:41:05,065 [INFO] Pass: ContainsInstruction - 0.00525 (ms)
2026-07-13 16:41:05,065 [INFO] Pass: HighLevelSynthesis - 1.66631 (ms)
2026-07-13 16:41:05,066 [INFO] Pass: BasisTranslator - 0.85092 (ms)
2026-07-13 16:41:05,066 [INFO] Pass: Depth - 0.20933 (ms)
2026-07-13 16:41:05,066 [INFO] Pass: FixedPoint - 0.01168 (ms)
2026-07-13 16:41:05,066 [INFO] Pass: Size - 0.06366 (ms)
2026-07-13 16:41:05,066 [INFO] Total Transpile Time - 83.29725 (ms)
2026-07-13 16:41:05,067 [INFO] Pass: FixedPoint - 0.00453 (ms)
2026-07-13 16:41:05,067 [INFO] Pass: Optimize1qGatesDecomposition - 0.14305 (ms)
2026-07-13 16:41:05,067 [INFO] Pass: InverseCancellation - 0.00739 (ms)
2026-07-13 16:41:05,067 [INFO] Pass: ContainsInstruction - 0.01192 (ms)
2026-07-13 16:41:05,067 [INFO] Pass: InverseCancellation - 0.01979 (ms)
2026-07-13 16:41:05,067 [INFO] Pass: UnitarySynthesis - 0.00525 (ms)
2026-07-13 16:41:05,068 [INFO] Pass: GatesInBasis - 0.91243 (ms)
2026-07-13 16:41:05,068 [INFO] Pass: Depth - 0.16856 (ms)
2026-07-13 16:41:05,068 [INFO] Pass: FixedPoint - 0.00501 (ms)
2026-07-13 16:41:05,068 [INFO] Pass: Size - 0.05937 (ms)
2026-07-13 16:41:05,068 [INFO] Pass: FixedPoint - 0.00453 (ms)
2026-07-13 16:41:05,068 [INFO] Pass: ContainsInstruction - 0.00477 (ms)
2026-07-13 16:41:05,069 [INFO] Pass: HighLevelSynthesis - 1.62649 (ms)
2026-07-13 16:41:05,070 [INFO] Total Transpile Time - 83.18162 (ms)
2026-07-13 16:41:05,070 [INFO] Pass: BasisTranslator - 0.90051 (ms)
2026-07-13 16:41:05,070 [INFO] Pass: Depth - 0.20671 (ms)
2026-07-13 16:41:05,070 [INFO] Pass: FixedPoint - 0.01168 (ms)
2026-07-13 16:41:05,071 [INFO] Pass: Size - 0.06151 (ms)
2026-07-13 16:41:05,071 [INFO] Pass: FixedPoint - 0.00429 (ms)
2026-07-13 16:41:05,071 [INFO] Pass: Optimize1qGatesDecomposition - 0.14520 (ms)
2026-07-13 16:41:05,071 [INFO] Pass: InverseCancellation - 0.00739 (ms)
2026-07-13 16:41:05,071 [INFO] Pass: ContainsInstruction - 0.01073 (ms)
2026-07-13 16:41:05,072 [INFO] Pass: InverseCancellation - 0.01955 (ms)
2026-07-13 16:41:05,072 [INFO] Pass: UnitarySynthesis - 0.00548 (ms)
2026-07-13 16:41:05,072 [INFO] Pass: GatesInBasis - 0.90194 (ms)
2026-07-13 16:41:05,072 [INFO] Pass: Depth - 0.16856 (ms)
2026-07-13 16:41:05,072 [INFO] Pass: FixedPoint - 0.00525 (ms)
2026-07-13 16:41:05,072 [INFO] Pass: Size - 0.05984 (ms)
2026-07-13 16:41:05,072 [INFO] Pass: FixedPoint - 0.00453 (ms)
2026-07-13 16:41:05,072 [INFO] Pass: ContainsInstruction - 0.00501 (ms)
2026-07-13 16:41:05,073 [INFO] Pass: HighLevelSynthesis - 1.65081 (ms)
2026-07-13 16:41:05,074 [INFO] Total Transpile Time - 83.66680 (ms)
2026-07-13 16:41:05,074 [INFO] Pass: BasisTranslator - 0.89645 (ms)
2026-07-13 16:41:05,075 [INFO] Pass: Depth - 0.20361 (ms)
2026-07-13 16:41:05,075 [INFO] Pass: FixedPoint - 0.01144 (ms)
2026-07-13 16:41:05,075 [INFO] Pass: Size - 0.06151 (ms)
2026-07-13 16:41:05,075 [INFO] Pass: FixedPoint - 0.00453 (ms)
2026-07-13 16:41:05,075 [INFO] Pass: Optimize1qGatesDecomposition - 0.14257 (ms)
2026-07-13 16:41:05,075 [INFO] Pass: InverseCancellation - 0.00763 (ms)
2026-07-13 16:41:05,076 [INFO] Pass: GatesInBasis - 0.90480 (ms)
2026-07-13 16:41:05,076 [INFO] Pass: ContainsInstruction - 0.01121 (ms)
2026-07-13 16:41:05,076 [INFO] Pass: InverseCancellation - 0.01884 (ms)
2026-07-13 16:41:05,076 [INFO] Pass: UnitarySynthesis - 0.00501 (ms)
2026-07-13 16:41:05,076 [INFO] Pass: Depth - 0.16856 (ms)
2026-07-13 16:41:05,076 [INFO] Pass: FixedPoint - 0.00548 (ms)
2026-07-13 16:41:05,076 [INFO] Pass: Size - 0.05960 (ms)
2026-07-13 16:41:05,076 [INFO] Pass: FixedPoint - 0.00405 (ms)
2026-07-13 16:41:05,076 [INFO] Pass: ContainsInstruction - 0.00501 (ms)
2026-07-13 16:41:05,078 [INFO] Total Transpile Time - 84.29503 (ms)
2026-07-13 16:41:05,078 [INFO] Pass: HighLevelSynthesis - 1.65844 (ms)
2026-07-13 16:41:05,079 [INFO] Pass: BasisTranslator - 0.89550 (ms)
2026-07-13 16:41:05,079 [INFO] Pass: Depth - 0.20623 (ms)
2026-07-13 16:41:05,079 [INFO] Pass: ContainsInstruction - 0.01121 (ms)
2026-07-13 16:41:05,079 [INFO] Pass: FixedPoint - 0.01168 (ms)
2026-07-13 16:41:05,079 [INFO] Pass: InverseCancellation - 0.01836 (ms)
2026-07-13 16:41:05,079 [INFO] Pass: Size - 0.06223 (ms)
2026-07-13 16:41:05,079 [INFO] Pass: UnitarySynthesis - 0.00501 (ms)
2026-07-13 16:41:05,079 [INFO] Pass: FixedPoint - 0.00453 (ms)
2026-07-13 16:41:05,079 [INFO] Pass: Optimize1qGatesDecomposition - 0.14710 (ms)
2026-07-13 16:41:05,079 [INFO] Pass: InverseCancellation - 0.00739 (ms)
2026-07-13 16:41:05,080 [INFO] Pass: GatesInBasis - 0.90885 (ms)
2026-07-13 16:41:05,081 [INFO] Pass: Depth - 0.16928 (ms)
2026-07-13 16:41:05,081 [INFO] Pass: FixedPoint - 0.00548 (ms)
2026-07-13 16:41:05,081 [INFO] Pass: Size - 0.05913 (ms)
2026-07-13 16:41:05,081 [INFO] Pass: FixedPoint - 0.00405 (ms)
2026-07-13 16:41:05,081 [INFO] Pass: ContainsInstruction - 0.00477 (ms)
2026-07-13 16:41:05,081 [INFO] Pass: HighLevelSynthesis - 1.61457 (ms)
2026-07-13 16:41:05,082 [INFO] Pass: BasisTranslator - 0.90289 (ms)
2026-07-13 16:41:05,082 [INFO] Pass: Depth - 0.20599 (ms)
2026-07-13 16:41:05,082 [INFO] Pass: FixedPoint - 0.01073 (ms)
2026-07-13 16:41:05,082 [INFO] Pass: Size - 0.06151 (ms)
2026-07-13 16:41:05,082 [INFO] Total Transpile Time - 85.04176 (ms)
2026-07-13 16:41:05,082 [INFO] Pass: FixedPoint - 0.00477 (ms)
2026-07-13 16:41:05,082 [INFO] Pass: Optimize1qGatesDecomposition - 0.14734 (ms)
2026-07-13 16:41:05,082 [INFO] Pass: InverseCancellation - 0.00739 (ms)
2026-07-13 16:41:05,083 [INFO] Pass: GatesInBasis - 0.89955 (ms)
2026-07-13 16:41:05,084 [INFO] Pass: Depth - 0.16904 (ms)
2026-07-13 16:41:05,084 [INFO] Pass: FixedPoint - 0.00477 (ms)
2026-07-13 16:41:05,084 [INFO] Pass: Size - 0.05960 (ms)
2026-07-13 16:41:05,084 [INFO] Pass: FixedPoint - 0.00429 (ms)
2026-07-13 16:41:05,084 [INFO] Pass: ContainsInstruction - 0.00477 (ms)
2026-07-13 16:41:05,085 [INFO] Total Transpile Time - 84.01394 (ms)
2026-07-13 16:41:05,105 [INFO] Pass: ContainsInstruction - 0.00715 (ms)
2026-07-13 16:41:05,106 [INFO] Pass: InverseCancellation - 0.17071 (ms)
2026-07-13 16:41:05,106 [INFO] Pass: ContainsInstruction - 0.00811 (ms)
2026-07-13 16:41:05,106 [INFO] Pass: UnitarySynthesis - 0.00501 (ms)
2026-07-13 16:41:05,106 [INFO] Pass: InverseCancellation - 0.16952 (ms)
2026-07-13 16:41:05,106 [INFO] Pass: UnitarySynthesis - 0.00429 (ms)
2026-07-13 16:41:05,106 [INFO] Pass: ContainsInstruction - 0.01049 (ms)
2026-07-13 16:41:05,106 [INFO] Pass: InverseCancellation - 0.17190 (ms)
2026-07-13 16:41:05,106 [INFO] Pass: UnitarySynthesis - 0.00453 (ms)
2026-07-13 16:41:05,107 [INFO] Pass: HighLevelSynthesis - 1.57499 (ms)
2026-07-13 16:41:05,107 [INFO] Pass: HighLevelSynthesis - 1.58262 (ms)
2026-07-13 16:41:05,108 [INFO] Pass: HighLevelSynthesis - 1.57046 (ms)
2026-07-13 16:41:05,108 [INFO] Pass: BasisTranslator - 0.87857 (ms)
2026-07-13 16:41:05,108 [INFO] Pass: Depth - 0.18239 (ms)
2026-07-13 16:41:05,108 [INFO] Pass: BasisTranslator - 0.86355 (ms)
2026-07-13 16:41:05,108 [INFO] Pass: FixedPoint - 0.00739 (ms)
2026-07-13 16:41:05,108 [INFO] Pass: Size - 0.06223 (ms)
2026-07-13 16:41:05,109 [INFO] Pass: FixedPoint - 0.00405 (ms)
2026-07-13 16:41:05,109 [INFO] Pass: ContainsInstruction - 0.00834 (ms)
2026-07-13 16:41:05,109 [INFO] Pass: Depth - 0.18644 (ms)
2026-07-13 16:41:05,109 [INFO] Pass: FixedPoint - 0.00739 (ms)
2026-07-13 16:41:05,109 [INFO] Pass: ContainsInstruction - 0.00811 (ms)
2026-07-13 16:41:05,109 [INFO] Pass: Size - 0.06199 (ms)
2026-07-13 16:41:05,109 [INFO] Pass: FixedPoint - 0.00429 (ms)
2026-07-13 16:41:05,109 [INFO] Pass: InverseCancellation - 0.17548 (ms)
2026-07-13 16:41:05,109 [INFO] Pass: UnitarySynthesis - 0.00429 (ms)
2026-07-13 16:41:05,109 [INFO] Pass: BasisTranslator - 0.85330 (ms)
2026-07-13 16:41:05,109 [INFO] Pass: InverseCancellation - 0.17095 (ms)
2026-07-13 16:41:05,109 [INFO] Pass: UnitarySynthesis - 0.00405 (ms)
2026-07-13 16:41:05,109 [INFO] Pass: Depth - 0.18477 (ms)
2026-07-13 16:41:05,109 [INFO] Pass: FixedPoint - 0.00811 (ms)
2026-07-13 16:41:05,109 [INFO] Pass: Size - 0.06199 (ms)
2026-07-13 16:41:05,109 [INFO] Pass: FixedPoint - 0.00453 (ms)
2026-07-13 16:41:05,109 [INFO] Pass: Optimize1qGatesDecomposition - 0.80919 (ms)
2026-07-13 16:41:05,110 [INFO] Pass: InverseCancellation - 0.15545 (ms)
2026-07-13 16:41:05,110 [INFO] Pass: Optimize1qGatesDecomposition - 0.79989 (ms)
2026-07-13 16:41:05,110 [INFO] Pass: InverseCancellation - 0.15497 (ms)
2026-07-13 16:41:05,110 [INFO] Pass: Optimize1qGatesDecomposition - 0.79823 (ms)
2026-07-13 16:41:05,110 [INFO] Pass: InverseCancellation - 0.15426 (ms)
2026-07-13 16:41:05,110 [INFO] Pass: HighLevelSynthesis - 1.53947 (ms)
2026-07-13 16:41:05,111 [INFO] Pass: GatesInBasis - 0.91672 (ms)
2026-07-13 16:41:05,111 [INFO] Pass: HighLevelSynthesis - 1.56641 (ms)
2026-07-13 16:41:05,111 [INFO] Pass: Depth - 0.17333 (ms)
2026-07-13 16:41:05,111 [INFO] Pass: FixedPoint - 0.00548 (ms)
2026-07-13 16:41:05,111 [INFO] Pass: GatesInBasis - 0.92769 (ms)
2026-07-13 16:41:05,111 [INFO] Pass: Size - 0.06080 (ms)
2026-07-13 16:41:05,111 [INFO] Pass: FixedPoint - 0.00453 (ms)
2026-07-13 16:41:05,111 [INFO] Pass: ContainsInstruction - 0.00501 (ms)
2026-07-13 16:41:05,111 [INFO] Pass: Depth - 0.17500 (ms)
2026-07-13 16:41:05,111 [INFO] Pass: FixedPoint - 0.00525 (ms)
2026-07-13 16:41:05,111 [INFO] Pass: Size - 0.06127 (ms)
2026-07-13 16:41:05,111 [INFO] Pass: FixedPoint - 0.00453 (ms)
2026-07-13 16:41:05,111 [INFO] Pass: ContainsInstruction - 0.00501 (ms)
2026-07-13 16:41:05,111 [INFO] Pass: GatesInBasis - 0.91982 (ms)
2026-07-13 16:41:05,111 [INFO] Pass: Depth - 0.18072 (ms)
2026-07-13 16:41:05,111 [INFO] Pass: BasisTranslator - 1.00923 (ms)
2026-07-13 16:41:05,111 [INFO] Pass: BasisTranslator - 0.85449 (ms)
2026-07-13 16:41:05,112 [INFO] Pass: FixedPoint - 0.00525 (ms)
2026-07-13 16:41:05,112 [INFO] Pass: Size - 0.06080 (ms)
2026-07-13 16:41:05,112 [INFO] Pass: FixedPoint - 0.00453 (ms)
2026-07-13 16:41:05,112 [INFO] Pass: ContainsInstruction - 0.00477 (ms)
2026-07-13 16:41:05,112 [INFO] Pass: Depth - 0.18573 (ms)
2026-07-13 16:41:05,112 [INFO] Pass: Depth - 0.18454 (ms)
2026-07-13 16:41:05,112 [INFO] Pass: FixedPoint - 0.00787 (ms)
2026-07-13 16:41:05,112 [INFO] Pass: FixedPoint - 0.00763 (ms)
2026-07-13 16:41:05,112 [INFO] Pass: Size - 0.06247 (ms)
2026-07-13 16:41:05,112 [INFO] Pass: Size - 0.06199 (ms)
2026-07-13 16:41:05,112 [INFO] Pass: FixedPoint - 0.00453 (ms)
2026-07-13 16:41:05,112 [INFO] Pass: ContainsInstruction - 0.00787 (ms)
2026-07-13 16:41:05,112 [INFO] Pass: FixedPoint - 0.00429 (ms)
2026-07-13 16:41:05,112 [INFO] Pass: InverseCancellation - 0.17071 (ms)
2026-07-13 16:41:05,112 [INFO] Pass: UnitarySynthesis - 0.00429 (ms)
2026-07-13 16:41:05,112 [INFO] Total Transpile Time - 63.70831 (ms)
2026-07-13 16:41:05,113 [INFO] Total Transpile Time - 63.77935 (ms)
2026-07-13 16:41:05,113 [INFO] Pass: Optimize1qGatesDecomposition - 0.80132 (ms)
2026-07-13 16:41:05,113 [INFO] Pass: Optimize1qGatesDecomposition - 0.79560 (ms)
2026-07-13 16:41:05,113 [INFO] Pass: InverseCancellation - 0.15545 (ms)
2026-07-13 16:41:05,113 [INFO] Pass: InverseCancellation - 0.15712 (ms)
2026-07-13 16:41:05,113 [INFO] Total Transpile Time - 63.91025 (ms)
2026-07-13 16:41:05,113 [INFO] Pass: ContainsInstruction - 0.00834 (ms)
2026-07-13 16:41:05,114 [INFO] Pass: InverseCancellation - 0.17095 (ms)
2026-07-13 16:41:05,114 [INFO] Pass: UnitarySynthesis - 0.00453 (ms)
2026-07-13 16:41:05,114 [INFO] Pass: HighLevelSynthesis - 1.55711 (ms)
2026-07-13 16:41:05,114 [INFO] Pass: GatesInBasis - 0.91696 (ms)
2026-07-13 16:41:05,114 [INFO] Pass: GatesInBasis - 0.91743 (ms)
2026-07-13 16:41:05,114 [INFO] Pass: Depth - 0.17524 (ms)
2026-07-13 16:41:05,114 [INFO] Pass: Depth - 0.17595 (ms)
2026-07-13 16:41:05,114 [INFO] Pass: FixedPoint - 0.00525 (ms)
2026-07-13 16:41:05,114 [INFO] Pass: FixedPoint - 0.00548 (ms)
2026-07-13 16:41:05,114 [INFO] Pass: Size - 0.06175 (ms)
2026-07-13 16:41:05,114 [INFO] Pass: Size - 0.06151 (ms)
2026-07-13 16:41:05,114 [INFO] Pass: FixedPoint - 0.00429 (ms)
2026-07-13 16:41:05,114 [INFO] Pass: FixedPoint - 0.00453 (ms)
2026-07-13 16:41:05,114 [INFO] Pass: ContainsInstruction - 0.00525 (ms)
2026-07-13 16:41:05,114 [INFO] Pass: ContainsInstruction - 0.00548 (ms)
2026-07-13 16:41:05,115 [INFO] Pass: BasisTranslator - 0.84996 (ms)
2026-07-13 16:41:05,115 [INFO] Pass: Depth - 0.18239 (ms)
2026-07-13 16:41:05,115 [INFO] Pass: FixedPoint - 0.00763 (ms)
2026-07-13 16:41:05,115 [INFO] Pass: Size - 0.06223 (ms)
2026-07-13 16:41:05,115 [INFO] Pass: FixedPoint - 0.00429 (ms)
2026-07-13 16:41:05,115 [INFO] Pass: HighLevelSynthesis - 1.55449 (ms)
2026-07-13 16:41:05,116 [INFO] Total Transpile Time - 63.93361 (ms)
2026-07-13 16:41:05,116 [INFO] Total Transpile Time - 64.01205 (ms)
2026-07-13 16:41:05,116 [INFO] Pass: Optimize1qGatesDecomposition - 0.79703 (ms)
2026-07-13 16:41:05,116 [INFO] Pass: BasisTranslator - 0.86188 (ms)
2026-07-13 16:41:05,116 [INFO] Pass: InverseCancellation - 0.15569 (ms)
2026-07-13 16:41:05,116 [INFO] Pass: Depth - 0.18644 (ms)
2026-07-13 16:41:05,116 [INFO] Pass: FixedPoint - 0.00811 (ms)
2026-07-13 16:41:05,116 [INFO] Pass: Size - 0.06199 (ms)
2026-07-13 16:41:05,116 [INFO] Pass: FixedPoint - 0.00429 (ms)
2026-07-13 16:41:05,116 [INFO] Pass: ContainsInstruction - 0.00811 (ms)
2026-07-13 16:41:05,117 [INFO] Pass: InverseCancellation - 0.16975 (ms)
2026-07-13 16:41:05,117 [INFO] Pass: UnitarySynthesis - 0.00405 (ms)
2026-07-13 16:41:05,117 [INFO] Pass: GatesInBasis - 0.92769 (ms)
2026-07-13 16:41:05,117 [INFO] Pass: Depth - 0.17405 (ms)
2026-07-13 16:41:05,117 [INFO] Pass: FixedPoint - 0.00525 (ms)
2026-07-13 16:41:05,117 [INFO] Pass: Optimize1qGatesDecomposition - 0.80156 (ms)
2026-07-13 16:41:05,117 [INFO] Pass: Size - 0.06080 (ms)
2026-07-13 16:41:05,117 [INFO] Pass: FixedPoint - 0.00453 (ms)
2026-07-13 16:41:05,117 [INFO] Pass: ContainsInstruction - 0.00501 (ms)
2026-07-13 16:41:05,118 [INFO] Pass: InverseCancellation - 0.15354 (ms)
2026-07-13 16:41:05,118 [INFO] Pass: HighLevelSynthesis - 1.56260 (ms)
2026-07-13 16:41:05,119 [INFO] Pass: GatesInBasis - 1.00303 (ms)
2026-07-13 16:41:05,119 [INFO] Pass: Depth - 0.17786 (ms)
2026-07-13 16:41:05,119 [INFO] Pass: FixedPoint - 0.00572 (ms)
2026-07-13 16:41:05,119 [INFO] Total Transpile Time - 64.00752 (ms)
2026-07-13 16:41:05,119 [INFO] Pass: Size - 0.06080 (ms)
2026-07-13 16:41:05,119 [INFO] Pass: FixedPoint - 0.00429 (ms)
2026-07-13 16:41:05,119 [INFO] Pass: ContainsInstruction - 0.00501 (ms)
2026-07-13 16:41:05,119 [INFO] Pass: BasisTranslator - 0.85545 (ms)
2026-07-13 16:41:05,120 [INFO] Pass: Depth - 0.18215 (ms)
2026-07-13 16:41:05,120 [INFO] Pass: FixedPoint - 0.00834 (ms)
2026-07-13 16:41:05,120 [INFO] Pass: Size - 0.06270 (ms)
2026-07-13 16:41:05,120 [INFO] Pass: ContainsInstruction - 0.00811 (ms)
2026-07-13 16:41:05,120 [INFO] Pass: FixedPoint - 0.00429 (ms)
2026-07-13 16:41:05,120 [INFO] Pass: InverseCancellation - 0.17214 (ms)
2026-07-13 16:41:05,120 [INFO] Pass: UnitarySynthesis - 0.00405 (ms)
2026-07-13 16:41:05,120 [INFO] Total Transpile Time - 63.74049 (ms)
2026-07-13 16:41:05,121 [INFO] Pass: Optimize1qGatesDecomposition - 0.79489 (ms)
2026-07-13 16:41:05,121 [INFO] Pass: InverseCancellation - 0.15402 (ms)
2026-07-13 16:41:05,122 [INFO] Pass: HighLevelSynthesis - 1.54161 (ms)
2026-07-13 16:41:05,122 [INFO] Pass: GatesInBasis - 0.92649 (ms)
2026-07-13 16:41:05,122 [INFO] Pass: Depth - 0.17476 (ms)
2026-07-13 16:41:05,122 [INFO] Pass: FixedPoint - 0.00572 (ms)
2026-07-13 16:41:05,122 [INFO] Pass: Size - 0.06056 (ms)
2026-07-13 16:41:05,122 [INFO] Pass: FixedPoint - 0.00405 (ms)
2026-07-13 16:41:05,122 [INFO] Pass: ContainsInstruction - 0.00501 (ms)
2026-07-13 16:41:05,122 [INFO] Pass: BasisTranslator - 0.85330 (ms)
2026-07-13 16:41:05,123 [INFO] Pass: Depth - 0.18358 (ms)
2026-07-13 16:41:05,123 [INFO] Pass: FixedPoint - 0.00763 (ms)
2026-07-13 16:41:05,123 [INFO] Pass: Size - 0.06175 (ms)
2026-07-13 16:41:05,123 [INFO] Pass: FixedPoint - 0.00453 (ms)
2026-07-13 16:41:05,123 [INFO] Pass: ContainsInstruction - 0.00834 (ms)
2026-07-13 16:41:05,123 [INFO] Pass: InverseCancellation - 0.17071 (ms)
2026-07-13 16:41:05,123 [INFO] Pass: UnitarySynthesis - 0.00954 (ms)
2026-07-13 16:41:05,124 [INFO] Total Transpile Time - 63.84015 (ms)
2026-07-13 16:41:05,124 [INFO] Pass: Optimize1qGatesDecomposition - 0.79536 (ms)
2026-07-13 16:41:05,124 [INFO] Pass: InverseCancellation - 0.15450 (ms)
2026-07-13 16:41:05,125 [INFO] Pass: GatesInBasis - 0.92530 (ms)
2026-07-13 16:41:05,125 [INFO] Pass: HighLevelSynthesis - 1.58834 (ms)
2026-07-13 16:41:05,125 [INFO] Pass: Depth - 0.17524 (ms)
2026-07-13 16:41:05,125 [INFO] Pass: FixedPoint - 0.00548 (ms)
2026-07-13 16:41:05,125 [INFO] Pass: Size - 0.06151 (ms)
2026-07-13 16:41:05,125 [INFO] Pass: FixedPoint - 0.00429 (ms)
2026-07-13 16:41:05,125 [INFO] Pass: ContainsInstruction - 0.00477 (ms)
2026-07-13 16:41:05,126 [INFO] Pass: BasisTranslator - 1.00160 (ms)
2026-07-13 16:41:05,126 [INFO] Pass: ContainsInstruction - 0.00811 (ms)
2026-07-13 16:41:05,126 [INFO] Pass: Depth - 0.18406 (ms)
2026-07-13 16:41:05,126 [INFO] Pass: FixedPoint - 0.00811 (ms)
2026-07-13 16:41:05,126 [INFO] Pass: Size - 0.06723 (ms)
2026-07-13 16:41:05,126 [INFO] Pass: FixedPoint - 0.00429 (ms)
2026-07-13 16:41:05,126 [INFO] Pass: InverseCancellation - 0.17524 (ms)
2026-07-13 16:41:05,126 [INFO] Pass: UnitarySynthesis - 0.00453 (ms)
2026-07-13 16:41:05,127 [INFO] Total Transpile Time - 63.80272 (ms)
2026-07-13 16:41:05,127 [INFO] Pass: Optimize1qGatesDecomposition - 0.79393 (ms)
2026-07-13 16:41:05,127 [INFO] Pass: InverseCancellation - 0.16212 (ms)
2026-07-13 16:41:05,128 [INFO] Pass: HighLevelSynthesis - 1.57046 (ms)
2026-07-13 16:41:05,128 [INFO] Pass: GatesInBasis - 0.92459 (ms)
2026-07-13 16:41:05,129 [INFO] Pass: Depth - 0.17548 (ms)
2026-07-13 16:41:05,129 [INFO] Pass: FixedPoint - 0.00548 (ms)
2026-07-13 16:41:05,129 [INFO] Pass: Size - 0.06080 (ms)
2026-07-13 16:41:05,129 [INFO] Pass: FixedPoint - 0.00429 (ms)
2026-07-13 16:41:05,129 [INFO] Pass: ContainsInstruction - 0.00453 (ms)
2026-07-13 16:41:05,129 [INFO] Pass: BasisTranslator - 0.86069 (ms)
2026-07-13 16:41:05,129 [INFO] Pass: Depth - 0.18120 (ms)
2026-07-13 16:41:05,129 [INFO] Pass: FixedPoint - 0.00763 (ms)
2026-07-13 16:41:05,129 [INFO] Pass: Size - 0.06247 (ms)
2026-07-13 16:41:05,129 [INFO] Pass: FixedPoint - 0.00453 (ms)
2026-07-13 16:41:05,130 [INFO] Pass: Optimize1qGatesDecomposition - 0.78702 (ms)
2026-07-13 16:41:05,130 [INFO] Total Transpile Time - 63.70854 (ms)
2026-07-13 16:41:05,130 [INFO] Pass: InverseCancellation - 0.16117 (ms)
2026-07-13 16:41:05,130 [INFO] Pass: ContainsInstruction - 0.00882 (ms)
2026-07-13 16:41:05,131 [INFO] Pass: InverseCancellation - 0.17071 (ms)
2026-07-13 16:41:05,131 [INFO] Pass: UnitarySynthesis - 0.00429 (ms)
2026-07-13 16:41:05,132 [INFO] Pass: GatesInBasis - 1.00923 (ms)
2026-07-13 16:41:05,132 [INFO] Pass: Depth - 0.17667 (ms)
2026-07-13 16:41:05,132 [INFO] Pass: FixedPoint - 0.00620 (ms)
2026-07-13 16:41:05,132 [INFO] Pass: Size - 0.06199 (ms)
2026-07-13 16:41:05,132 [INFO] Pass: FixedPoint - 0.00429 (ms)
2026-07-13 16:41:05,132 [INFO] Pass: ContainsInstruction - 0.00501 (ms)
2026-07-13 16:41:05,132 [INFO] Pass: HighLevelSynthesis - 1.56045 (ms)
2026-07-13 16:41:05,133 [INFO] Pass: BasisTranslator - 0.85163 (ms)
2026-07-13 16:41:05,133 [INFO] Total Transpile Time - 63.72809 (ms)
2026-07-13 16:41:05,134 [INFO] Pass: Depth - 0.18501 (ms)
2026-07-13 16:41:05,134 [INFO] Pass: FixedPoint - 0.00763 (ms)
2026-07-13 16:41:05,134 [INFO] Pass: Size - 0.06199 (ms)
2026-07-13 16:41:05,134 [INFO] Pass: FixedPoint - 0.00453 (ms)
2026-07-13 16:41:05,134 [INFO] Pass: ContainsInstruction - 0.00715 (ms)
2026-07-13 16:41:05,135 [INFO] Pass: InverseCancellation - 0.16952 (ms)
2026-07-13 16:41:05,135 [INFO] Pass: Optimize1qGatesDecomposition - 0.79846 (ms)
2026-07-13 16:41:05,135 [INFO] Pass: UnitarySynthesis - 0.00429 (ms)
2026-07-13 16:41:05,135 [INFO] Pass: InverseCancellation - 0.15426 (ms)
2026-07-13 16:41:05,136 [INFO] Pass: GatesInBasis - 0.92506 (ms)
2026-07-13 16:41:05,136 [INFO] Pass: Depth - 0.17405 (ms)
2026-07-13 16:41:05,136 [INFO] Pass: FixedPoint - 0.00548 (ms)
2026-07-13 16:41:05,136 [INFO] Pass: Size - 0.06127 (ms)
2026-07-13 16:41:05,136 [INFO] Pass: FixedPoint - 0.00429 (ms)
2026-07-13 16:41:05,136 [INFO] Pass: ContainsInstruction - 0.00525 (ms)
2026-07-13 16:41:05,136 [INFO] Pass: HighLevelSynthesis - 1.54996 (ms)
2026-07-13 16:41:05,137 [INFO] Pass: BasisTranslator - 0.86975 (ms)
2026-07-13 16:41:05,137 [INFO] Pass: Depth - 0.18191 (ms)
2026-07-13 16:41:05,137 [INFO] Pass: FixedPoint - 0.00739 (ms)
2026-07-13 16:41:05,137 [INFO] Pass: Size - 0.06175 (ms)
2026-07-13 16:41:05,138 [INFO] Pass: FixedPoint - 0.00429 (ms)
2026-07-13 16:41:05,138 [INFO] Total Transpile Time - 63.91811 (ms)
2026-07-13 16:41:05,138 [INFO] Pass: Optimize1qGatesDecomposition - 0.79751 (ms)
2026-07-13 16:41:05,139 [INFO] Pass: InverseCancellation - 0.15402 (ms)
2026-07-13 16:41:05,139 [INFO] Pass: ContainsInstruction - 0.00787 (ms)
2026-07-13 16:41:05,139 [INFO] Pass: InverseCancellation - 0.16832 (ms)
2026-07-13 16:41:05,139 [INFO] Pass: UnitarySynthesis - 0.00429 (ms)
2026-07-13 16:41:05,140 [INFO] Pass: GatesInBasis - 0.92268 (ms)
2026-07-13 16:41:05,140 [INFO] Pass: Depth - 0.17667 (ms)
2026-07-13 16:41:05,140 [INFO] Pass: FixedPoint - 0.00572 (ms)
2026-07-13 16:41:05,140 [INFO] Pass: Size - 0.06151 (ms)
2026-07-13 16:41:05,140 [INFO] Pass: FixedPoint - 0.00405 (ms)
2026-07-13 16:41:05,140 [INFO] Pass: ContainsInstruction - 0.00453 (ms)
2026-07-13 16:41:05,141 [INFO] Pass: HighLevelSynthesis - 1.58167 (ms)
2026-07-13 16:41:05,141 [INFO] Total Transpile Time - 63.50923 (ms)
2026-07-13 16:41:05,142 [INFO] Pass: BasisTranslator - 1.00160 (ms)
2026-07-13 16:41:05,142 [INFO] Pass: Depth - 0.18454 (ms)
2026-07-13 16:41:05,142 [INFO] Pass: FixedPoint - 0.00787 (ms)
2026-07-13 16:41:05,142 [INFO] Pass: ContainsInstruction - 0.01025 (ms)
2026-07-13 16:41:05,142 [INFO] Pass: Size - 0.06247 (ms)
2026-07-13 16:41:05,142 [INFO] Pass: FixedPoint - 0.00477 (ms)
2026-07-13 16:41:05,142 [INFO] Pass: InverseCancellation - 0.17047 (ms)
2026-07-13 16:41:05,142 [INFO] Pass: UnitarySynthesis - 0.00405 (ms)
2026-07-13 16:41:05,143 [INFO] Pass: Optimize1qGatesDecomposition - 0.79155 (ms)
2026-07-13 16:41:05,143 [INFO] Pass: InverseCancellation - 0.15354 (ms)
2026-07-13 16:41:05,144 [INFO] Pass: HighLevelSynthesis - 1.55401 (ms)
2026-07-13 16:41:05,144 [INFO] Pass: GatesInBasis - 0.92649 (ms)
2026-07-13 16:41:05,144 [INFO] Pass: Depth - 0.17810 (ms)
2026-07-13 16:41:05,144 [INFO] Pass: FixedPoint - 0.00620 (ms)
2026-07-13 16:41:05,144 [INFO] Pass: Size - 0.06151 (ms)
2026-07-13 16:41:05,145 [INFO] Pass: FixedPoint - 0.00429 (ms)
2026-07-13 16:41:05,145 [INFO] Pass: ContainsInstruction - 0.00501 (ms)
2026-07-13 16:41:05,145 [INFO] Pass: BasisTranslator - 0.84996 (ms)
2026-07-13 16:41:05,145 [INFO] Pass: Depth - 0.18167 (ms)
2026-07-13 16:41:05,145 [INFO] Pass: FixedPoint - 0.00739 (ms)
2026-07-13 16:41:05,145 [INFO] Pass: Size - 0.06199 (ms)
2026-07-13 16:41:05,145 [INFO] Pass: FixedPoint - 0.00477 (ms)
2026-07-13 16:41:05,146 [INFO] Total Transpile Time - 63.73930 (ms)
2026-07-13 16:41:05,146 [INFO] Pass: Optimize1qGatesDecomposition - 0.79679 (ms)
2026-07-13 16:41:05,146 [INFO] Pass: InverseCancellation - 0.15306 (ms)
2026-07-13 16:41:05,147 [INFO] Pass: GatesInBasis - 0.92411 (ms)
2026-07-13 16:41:05,147 [INFO] Pass: Depth - 0.17786 (ms)
2026-07-13 16:41:05,147 [INFO] Pass: FixedPoint - 0.00572 (ms)
2026-07-13 16:41:05,148 [INFO] Pass: Size - 0.06080 (ms)
2026-07-13 16:41:05,148 [INFO] Pass: FixedPoint - 0.00429 (ms)
2026-07-13 16:41:05,148 [INFO] Pass: ContainsInstruction - 0.00548 (ms)
2026-07-13 16:41:05,149 [INFO] Total Transpile Time - 63.83157 (ms)
2026-07-13 16:41:05,169 [INFO] Pass: ContainsInstruction - 0.00954 (ms)
2026-07-13 16:41:05,169 [INFO] Pass: ContainsInstruction - 0.00834 (ms)
2026-07-13 16:41:05,169 [INFO] Pass: InverseCancellation - 0.18740 (ms)
2026-07-13 16:41:05,169 [INFO] Pass: UnitarySynthesis - 0.00453 (ms)
2026-07-13 16:41:05,170 [INFO] Pass: InverseCancellation - 0.16856 (ms)
2026-07-13 16:41:05,170 [INFO] Pass: UnitarySynthesis - 0.00429 (ms)
2026-07-13 16:41:05,170 [INFO] Pass: ContainsInstruction - 0.00763 (ms)
2026-07-13 16:41:05,170 [INFO] Pass: InverseCancellation - 0.17095 (ms)
2026-07-13 16:41:05,170 [INFO] Pass: UnitarySynthesis - 0.00525 (ms)
2026-07-13 16:41:05,171 [INFO] Pass: HighLevelSynthesis - 1.57213 (ms)
2026-07-13 16:41:05,171 [INFO] Pass: HighLevelSynthesis - 1.59454 (ms)
2026-07-13 16:41:05,172 [INFO] Pass: HighLevelSynthesis - 1.59645 (ms)
2026-07-13 16:41:05,172 [INFO] Pass: BasisTranslator - 0.87810 (ms)
2026-07-13 16:41:05,172 [INFO] Pass: BasisTranslator - 0.87261 (ms)
2026-07-13 16:41:05,172 [INFO] Pass: Depth - 0.18287 (ms)
2026-07-13 16:41:05,172 [INFO] Pass: FixedPoint - 0.00691 (ms)
2026-07-13 16:41:05,172 [INFO] Pass: Size - 0.06700 (ms)
2026-07-13 16:41:05,172 [INFO] Pass: FixedPoint - 0.00477 (ms)
2026-07-13 16:41:05,172 [INFO] Pass: Depth - 0.19121 (ms)
2026-07-13 16:41:05,172 [INFO] Pass: FixedPoint - 0.00763 (ms)
2026-07-13 16:41:05,173 [INFO] Pass: Size - 0.06366 (ms)
2026-07-13 16:41:05,173 [INFO] Pass: FixedPoint - 0.00453 (ms)
2026-07-13 16:41:05,173 [INFO] Pass: ContainsInstruction - 0.00811 (ms)
2026-07-13 16:41:05,173 [INFO] Pass: BasisTranslator - 0.87833 (ms)
2026-07-13 16:41:05,173 [INFO] Pass: ContainsInstruction - 0.00882 (ms)
2026-07-13 16:41:05,173 [INFO] Pass: InverseCancellation - 0.17071 (ms)
2026-07-13 16:41:05,173 [INFO] Pass: Depth - 0.19026 (ms)
2026-07-13 16:41:05,173 [INFO] Pass: UnitarySynthesis - 0.00429 (ms)
2026-07-13 16:41:05,173 [INFO] Pass: FixedPoint - 0.00715 (ms)
2026-07-13 16:41:05,173 [INFO] Pass: InverseCancellation - 0.17095 (ms)
2026-07-13 16:41:05,173 [INFO] Pass: UnitarySynthesis - 0.00429 (ms)
2026-07-13 16:41:05,173 [INFO] Pass: Size - 0.06342 (ms)
2026-07-13 16:41:05,173 [INFO] Pass: FixedPoint - 0.00429 (ms)
2026-07-13 16:41:05,173 [INFO] Pass: Optimize1qGatesDecomposition - 0.87428 (ms)
2026-07-13 16:41:05,173 [INFO] Pass: InverseCancellation - 0.00811 (ms)
2026-07-13 16:41:05,174 [INFO] Pass: Optimize1qGatesDecomposition - 0.87619 (ms)
2026-07-13 16:41:05,174 [INFO] Pass: InverseCancellation - 0.00763 (ms)
2026-07-13 16:41:05,174 [INFO] Pass: Optimize1qGatesDecomposition - 0.86284 (ms)
2026-07-13 16:41:05,174 [INFO] Pass: InverseCancellation - 0.00763 (ms)
2026-07-13 16:41:05,174 [INFO] Pass: GatesInBasis - 0.99587 (ms)
2026-07-13 16:41:05,175 [INFO] Pass: HighLevelSynthesis - 1.59144 (ms)
2026-07-13 16:41:05,175 [INFO] Pass: GatesInBasis - 0.98157 (ms)
2026-07-13 16:41:05,175 [INFO] Pass: Depth - 0.17476 (ms)
2026-07-13 16:41:05,175 [INFO] Pass: HighLevelSynthesis - 1.59240 (ms)
2026-07-13 16:41:05,175 [INFO] Pass: FixedPoint - 0.00572 (ms)
2026-07-13 16:41:05,175 [INFO] Pass: Size - 0.06151 (ms)
2026-07-13 16:41:05,175 [INFO] Pass: FixedPoint - 0.00405 (ms)
2026-07-13 16:41:05,175 [INFO] Pass: Depth - 0.17953 (ms)
2026-07-13 16:41:05,175 [INFO] Pass: FixedPoint - 0.00572 (ms)
2026-07-13 16:41:05,175 [INFO] Pass: Size - 0.06223 (ms)
2026-07-13 16:41:05,175 [INFO] Pass: FixedPoint - 0.00429 (ms)
2026-07-13 16:41:05,175 [INFO] Pass: GatesInBasis - 0.98038 (ms)
2026-07-13 16:41:05,175 [INFO] Pass: Depth - 0.17738 (ms)
2026-07-13 16:41:05,175 [INFO] Pass: FixedPoint - 0.00596 (ms)
2026-07-13 16:41:05,175 [INFO] Pass: Size - 0.06247 (ms)
2026-07-13 16:41:05,175 [INFO] Pass: FixedPoint - 0.00429 (ms)
2026-07-13 16:41:05,175 [INFO] Pass: BasisTranslator - 0.87047 (ms)
2026-07-13 16:41:05,176 [INFO] Pass: Optimize1qGatesDecomposition - 0.71287 (ms)
2026-07-13 16:41:05,176 [INFO] Pass: BasisTranslator - 0.88120 (ms)
2026-07-13 16:41:05,176 [INFO] Pass: InverseCancellation - 0.00787 (ms)
2026-07-13 16:41:05,176 [INFO] Pass: Depth - 0.18883 (ms)
2026-07-13 16:41:05,176 [INFO] Pass: Optimize1qGatesDecomposition - 0.72193 (ms)
2026-07-13 16:41:05,176 [INFO] Pass: FixedPoint - 0.00763 (ms)
2026-07-13 16:41:05,176 [INFO] Pass: Depth - 0.18907 (ms)
2026-07-13 16:41:05,176 [INFO] Pass: InverseCancellation - 0.00787 (ms)
2026-07-13 16:41:05,176 [INFO] Pass: ContainsInstruction - 0.00834 (ms)
2026-07-13 16:41:05,176 [INFO] Pass: FixedPoint - 0.00715 (ms)
2026-07-13 16:41:05,176 [INFO] Pass: Size - 0.06342 (ms)
2026-07-13 16:41:05,176 [INFO] Pass: FixedPoint - 0.00453 (ms)
2026-07-13 16:41:05,176 [INFO] Pass: Size - 0.06342 (ms)
2026-07-13 16:41:05,176 [INFO] Pass: FixedPoint - 0.00477 (ms)
2026-07-13 16:41:05,176 [INFO] Pass: InverseCancellation - 0.16856 (ms)
2026-07-13 16:41:05,176 [INFO] Pass: UnitarySynthesis - 0.00405 (ms)
2026-07-13 16:41:05,176 [INFO] Pass: Optimize1qGatesDecomposition - 0.71692 (ms)
2026-07-13 16:41:05,176 [INFO] Pass: InverseCancellation - 0.00787 (ms)
2026-07-13 16:41:05,177 [INFO] Pass: GatesInBasis - 0.89073 (ms)
2026-07-13 16:41:05,177 [INFO] Pass: Depth - 0.16975 (ms)
2026-07-13 16:41:05,177 [INFO] Pass: GatesInBasis - 0.89002 (ms)
2026-07-13 16:41:05,177 [INFO] Pass: FixedPoint - 0.00501 (ms)
2026-07-13 16:41:05,177 [INFO] Pass: Optimize1qGatesDecomposition - 0.86474 (ms)
2026-07-13 16:41:05,177 [INFO] Pass: InverseCancellation - 0.00834 (ms)
2026-07-13 16:41:05,177 [INFO] Pass: Size - 0.06080 (ms)
2026-07-13 16:41:05,177 [INFO] Pass: Optimize1qGatesDecomposition - 0.87023 (ms)
2026-07-13 16:41:05,177 [INFO] Pass: FixedPoint - 0.00429 (ms)
2026-07-13 16:41:05,177 [INFO] Pass: ContainsInstruction - 0.00501 (ms)
2026-07-13 16:41:05,177 [INFO] Pass: InverseCancellation - 0.00787 (ms)
2026-07-13 16:41:05,177 [INFO] Pass: Depth - 0.17262 (ms)
2026-07-13 16:41:05,177 [INFO] Pass: FixedPoint - 0.00501 (ms)
2026-07-13 16:41:05,177 [INFO] Pass: Size - 0.06104 (ms)
2026-07-13 16:41:05,177 [INFO] Pass: FixedPoint - 0.00405 (ms)
2026-07-13 16:41:05,177 [INFO] Pass: ContainsInstruction - 0.00477 (ms)
2026-07-13 16:41:05,177 [INFO] Pass: GatesInBasis - 0.88286 (ms)
2026-07-13 16:41:05,177 [INFO] Pass: ContainsInstruction - 0.00858 (ms)
2026-07-13 16:41:05,177 [INFO] Pass: Depth - 0.17548 (ms)
2026-07-13 16:41:05,177 [INFO] Pass: FixedPoint - 0.00477 (ms)
2026-07-13 16:41:05,178 [INFO] Pass: Size - 0.06056 (ms)
2026-07-13 16:41:05,178 [INFO] Pass: FixedPoint - 0.00429 (ms)
2026-07-13 16:41:05,178 [INFO] Pass: ContainsInstruction - 0.00548 (ms)
2026-07-13 16:41:05,178 [INFO] Pass: InverseCancellation - 0.17262 (ms)
2026-07-13 16:41:05,178 [INFO] Pass: UnitarySynthesis - 0.00429 (ms)
2026-07-13 16:41:05,178 [INFO] Pass: HighLevelSynthesis - 1.59097 (ms)
2026-07-13 16:41:05,178 [INFO] Pass: GatesInBasis - 0.89145 (ms)
2026-07-13 16:41:05,178 [INFO] Pass: GatesInBasis - 0.97132 (ms)
2026-07-13 16:41:05,178 [INFO] Pass: Depth - 0.17667 (ms)
2026-07-13 16:41:05,178 [INFO] Pass: FixedPoint - 0.00548 (ms)
2026-07-13 16:41:05,178 [INFO] Pass: Size - 0.06080 (ms)
2026-07-13 16:41:05,178 [INFO] Pass: FixedPoint - 0.00405 (ms)
2026-07-13 16:41:05,178 [INFO] Pass: Depth - 0.17738 (ms)
2026-07-13 16:41:05,178 [INFO] Pass: FixedPoint - 0.00548 (ms)
2026-07-13 16:41:05,178 [INFO] Pass: Size - 0.06509 (ms)
2026-07-13 16:41:05,178 [INFO] Pass: FixedPoint - 0.00453 (ms)
2026-07-13 16:41:05,178 [INFO] Total Transpile Time - 65.86838 (ms)
2026-07-13 16:41:05,179 [INFO] Total Transpile Time - 65.87005 (ms)
2026-07-13 16:41:05,179 [INFO] Pass: BasisTranslator - 0.86641 (ms)
2026-07-13 16:41:05,179 [INFO] Pass: Depth - 0.19002 (ms)
2026-07-13 16:41:05,179 [INFO] Pass: FixedPoint - 0.00787 (ms)
2026-07-13 16:41:05,179 [INFO] Pass: Optimize1qGatesDecomposition - 0.70977 (ms)
2026-07-13 16:41:05,179 [INFO] Pass: InverseCancellation - 0.00668 (ms)
2026-07-13 16:41:05,179 [INFO] Pass: Size - 0.06461 (ms)
2026-07-13 16:41:05,179 [INFO] Pass: FixedPoint - 0.00477 (ms)
2026-07-13 16:41:05,179 [INFO] Total Transpile Time - 65.85097 (ms)
2026-07-13 16:41:05,179 [INFO] Pass: Optimize1qGatesDecomposition - 0.71192 (ms)
2026-07-13 16:41:05,179 [INFO] Pass: InverseCancellation - 0.00763 (ms)
2026-07-13 16:41:05,179 [INFO] Pass: HighLevelSynthesis - 1.59883 (ms)
2026-07-13 16:41:05,180 [INFO] Pass: Optimize1qGatesDecomposition - 0.87118 (ms)
2026-07-13 16:41:05,180 [INFO] Pass: GatesInBasis - 0.94247 (ms)
2026-07-13 16:41:05,180 [INFO] Pass: InverseCancellation - 0.00787 (ms)
2026-07-13 16:41:05,180 [INFO] Pass: GatesInBasis - 0.88573 (ms)
2026-07-13 16:41:05,180 [INFO] Pass: Depth - 0.17190 (ms)
2026-07-13 16:41:05,180 [INFO] Pass: FixedPoint - 0.00525 (ms)
2026-07-13 16:41:05,180 [INFO] Pass: Depth - 0.17190 (ms)
2026-07-13 16:41:05,180 [INFO] Pass: Size - 0.06461 (ms)
2026-07-13 16:41:05,180 [INFO] Pass: FixedPoint - 0.00501 (ms)
2026-07-13 16:41:05,180 [INFO] Pass: FixedPoint - 0.00429 (ms)
2026-07-13 16:41:05,180 [INFO] Pass: ContainsInstruction - 0.00525 (ms)
2026-07-13 16:41:05,180 [INFO] Pass: BasisTranslator - 1.01876 (ms)
2026-07-13 16:41:05,180 [INFO] Pass: Size - 0.06080 (ms)
2026-07-13 16:41:05,180 [INFO] Pass: FixedPoint - 0.00405 (ms)
2026-07-13 16:41:05,180 [INFO] Pass: ContainsInstruction - 0.00525 (ms)
2026-07-13 16:41:05,181 [INFO] Pass: Depth - 0.18978 (ms)
2026-07-13 16:41:05,181 [INFO] Pass: FixedPoint - 0.00787 (ms)
2026-07-13 16:41:05,181 [INFO] Pass: Size - 0.06437 (ms)
2026-07-13 16:41:05,181 [INFO] Pass: FixedPoint - 0.00453 (ms)
2026-07-13 16:41:05,181 [INFO] Pass: ContainsInstruction - 0.00882 (ms)
2026-07-13 16:41:05,181 [INFO] Pass: GatesInBasis - 0.98038 (ms)
2026-07-13 16:41:05,181 [INFO] Pass: InverseCancellation - 0.17142 (ms)
2026-07-13 16:41:05,181 [INFO] Pass: UnitarySynthesis - 0.00429 (ms)
2026-07-13 16:41:05,181 [INFO] Pass: Depth - 0.17738 (ms)
2026-07-13 16:41:05,181 [INFO] Pass: FixedPoint - 0.00548 (ms)
2026-07-13 16:41:05,181 [INFO] Pass: Size - 0.06223 (ms)
2026-07-13 16:41:05,181 [INFO] Pass: FixedPoint - 0.00405 (ms)
2026-07-13 16:41:05,182 [INFO] Pass: Optimize1qGatesDecomposition - 0.88310 (ms)
2026-07-13 16:41:05,182 [INFO] Pass: InverseCancellation - 0.00787 (ms)
2026-07-13 16:41:05,182 [INFO] Total Transpile Time - 65.97376 (ms)
2026-07-13 16:41:05,182 [INFO] Total Transpile Time - 66.07151 (ms)
2026-07-13 16:41:05,182 [INFO] Pass: Optimize1qGatesDecomposition - 0.71263 (ms)
2026-07-13 16:41:05,182 [INFO] Pass: InverseCancellation - 0.00739 (ms)
2026-07-13 16:41:05,183 [INFO] Pass: GatesInBasis - 0.89073 (ms)
2026-07-13 16:41:05,183 [INFO] Pass: HighLevelSynthesis - 1.58215 (ms)
2026-07-13 16:41:05,183 [INFO] Pass: Depth - 0.18001 (ms)
2026-07-13 16:41:05,183 [INFO] Pass: FixedPoint - 0.00548 (ms)
2026-07-13 16:41:05,183 [INFO] Pass: Size - 0.06223 (ms)
2026-07-13 16:41:05,183 [INFO] Pass: FixedPoint - 0.00405 (ms)
2026-07-13 16:41:05,183 [INFO] Pass: GatesInBasis - 0.88191 (ms)
2026-07-13 16:41:05,183 [INFO] Pass: Depth - 0.17715 (ms)
2026-07-13 16:41:05,183 [INFO] Pass: FixedPoint - 0.00501 (ms)
2026-07-13 16:41:05,183 [INFO] Pass: ContainsInstruction - 0.00834 (ms)
2026-07-13 16:41:05,183 [INFO] Pass: Size - 0.06151 (ms)
2026-07-13 16:41:05,184 [INFO] Pass: FixedPoint - 0.00405 (ms)
2026-07-13 16:41:05,184 [INFO] Pass: ContainsInstruction - 0.00501 (ms)
2026-07-13 16:41:05,184 [INFO] Pass: BasisTranslator - 0.87309 (ms)
2026-07-13 16:41:05,184 [INFO] Pass: InverseCancellation - 0.16952 (ms)
2026-07-13 16:41:05,184 [INFO] Pass: UnitarySynthesis - 0.00453 (ms)
2026-07-13 16:41:05,184 [INFO] Pass: Optimize1qGatesDecomposition - 0.71383 (ms)
2026-07-13 16:41:05,184 [INFO] Pass: InverseCancellation - 0.00739 (ms)
2026-07-13 16:41:05,184 [INFO] Pass: Depth - 0.18740 (ms)
2026-07-13 16:41:05,184 [INFO] Pass: FixedPoint - 0.00811 (ms)
2026-07-13 16:41:05,184 [INFO] Pass: Size - 0.06366 (ms)
2026-07-13 16:41:05,184 [INFO] Pass: FixedPoint - 0.00453 (ms)
2026-07-13 16:41:05,185 [INFO] Pass: GatesInBasis - 0.87667 (ms)
2026-07-13 16:41:05,185 [INFO] Total Transpile Time - 65.96899 (ms)
2026-07-13 16:41:05,185 [INFO] Pass: Optimize1qGatesDecomposition - 0.87547 (ms)
2026-07-13 16:41:05,185 [INFO] Pass: Depth - 0.17214 (ms)
2026-07-13 16:41:05,185 [INFO] Pass: FixedPoint - 0.00501 (ms)
2026-07-13 16:41:05,185 [INFO] Pass: InverseCancellation - 0.00787 (ms)
2026-07-13 16:41:05,185 [INFO] Pass: Size - 0.06151 (ms)
2026-07-13 16:41:05,185 [INFO] Pass: FixedPoint - 0.00405 (ms)
2026-07-13 16:41:05,185 [INFO] Pass: ContainsInstruction - 0.00501 (ms)
2026-07-13 16:41:05,185 [INFO] Pass: HighLevelSynthesis - 1.59025 (ms)
2026-07-13 16:41:05,186 [INFO] Pass: GatesInBasis - 0.97680 (ms)
2026-07-13 16:41:05,186 [INFO] Pass: BasisTranslator - 0.87428 (ms)
2026-07-13 16:41:05,186 [INFO] Pass: Depth - 0.18573 (ms)
2026-07-13 16:41:05,186 [INFO] Pass: FixedPoint - 0.00596 (ms)
2026-07-13 16:41:05,186 [INFO] Pass: Size - 0.06104 (ms)
2026-07-13 16:41:05,186 [INFO] Pass: FixedPoint - 0.00429 (ms)
2026-07-13 16:41:05,187 [INFO] Pass: Depth - 0.18740 (ms)
2026-07-13 16:41:05,187 [INFO] Pass: FixedPoint - 0.00787 (ms)
2026-07-13 16:41:05,187 [INFO] Pass: Size - 0.06461 (ms)
2026-07-13 16:41:05,187 [INFO] Total Transpile Time - 66.18333 (ms)
2026-07-13 16:41:05,187 [INFO] Pass: FixedPoint - 0.00453 (ms)
2026-07-13 16:41:05,187 [INFO] Pass: ContainsInstruction - 0.00882 (ms)
2026-07-13 16:41:05,187 [INFO] Pass: Optimize1qGatesDecomposition - 0.71692 (ms)
2026-07-13 16:41:05,187 [INFO] Pass: InverseCancellation - 0.00787 (ms)
2026-07-13 16:41:05,187 [INFO] Pass: InverseCancellation - 0.17500 (ms)
2026-07-13 16:41:05,188 [INFO] Pass: UnitarySynthesis - 0.00429 (ms)
2026-07-13 16:41:05,188 [INFO] Pass: Optimize1qGatesDecomposition - 0.87905 (ms)
2026-07-13 16:41:05,188 [INFO] Pass: InverseCancellation - 0.00834 (ms)
2026-07-13 16:41:05,188 [INFO] Pass: GatesInBasis - 0.88406 (ms)
2026-07-13 16:41:05,188 [INFO] Pass: Depth - 0.17881 (ms)
2026-07-13 16:41:05,188 [INFO] Pass: FixedPoint - 0.00501 (ms)
2026-07-13 16:41:05,189 [INFO] Pass: Size - 0.06080 (ms)
2026-07-13 16:41:05,189 [INFO] Pass: FixedPoint - 0.00405 (ms)
2026-07-13 16:41:05,189 [INFO] Pass: ContainsInstruction - 0.00525 (ms)
2026-07-13 16:41:05,189 [INFO] Pass: GatesInBasis - 0.98395 (ms)
2026-07-13 16:41:05,189 [INFO] Pass: Depth - 0.18120 (ms)
2026-07-13 16:41:05,189 [INFO] Pass: FixedPoint - 0.00596 (ms)
2026-07-13 16:41:05,189 [INFO] Pass: Size - 0.06151 (ms)
2026-07-13 16:41:05,189 [INFO] Pass: FixedPoint - 0.00405 (ms)
2026-07-13 16:41:05,189 [INFO] Pass: HighLevelSynthesis - 1.58572 (ms)
2026-07-13 16:41:05,190 [INFO] Pass: Optimize1qGatesDecomposition - 0.72670 (ms)
2026-07-13 16:41:05,190 [INFO] Pass: InverseCancellation - 0.00763 (ms)
2026-07-13 16:41:05,190 [INFO] Pass: BasisTranslator - 0.89240 (ms)
2026-07-13 16:41:05,190 [INFO] Pass: ContainsInstruction - 0.00858 (ms)
2026-07-13 16:41:05,190 [INFO] Total Transpile Time - 66.49351 (ms)
2026-07-13 16:41:05,190 [INFO] Pass: Depth - 0.19312 (ms)
2026-07-13 16:41:05,190 [INFO] Pass: InverseCancellation - 0.17905 (ms)
2026-07-13 16:41:05,190 [INFO] Pass: FixedPoint - 0.00882 (ms)
2026-07-13 16:41:05,190 [INFO] Pass: UnitarySynthesis - 0.00477 (ms)
2026-07-13 16:41:05,190 [INFO] Pass: Size - 0.06485 (ms)
2026-07-13 16:41:05,191 [INFO] Pass: FixedPoint - 0.00429 (ms)
2026-07-13 16:41:05,191 [INFO] Pass: GatesInBasis - 0.89264 (ms)
2026-07-13 16:41:05,191 [INFO] Pass: Depth - 0.17285 (ms)
2026-07-13 16:41:05,191 [INFO] Pass: FixedPoint - 0.00477 (ms)
2026-07-13 16:41:05,191 [INFO] Pass: Size - 0.06080 (ms)
2026-07-13 16:41:05,191 [INFO] Pass: FixedPoint - 0.00405 (ms)
2026-07-13 16:41:05,191 [INFO] Pass: ContainsInstruction - 0.00548 (ms)
2026-07-13 16:41:05,191 [INFO] Pass: Optimize1qGatesDecomposition - 0.88048 (ms)
2026-07-13 16:41:05,191 [INFO] Pass: InverseCancellation - 0.00811 (ms)
2026-07-13 16:41:05,192 [INFO] Pass: HighLevelSynthesis - 1.59335 (ms)
2026-07-13 16:41:05,192 [INFO] Pass: GatesInBasis - 0.88477 (ms)
2026-07-13 16:41:05,193 [INFO] Pass: Depth - 0.17929 (ms)
2026-07-13 16:41:05,193 [INFO] Pass: FixedPoint - 0.00548 (ms)
2026-07-13 16:41:05,193 [INFO] Total Transpile Time - 65.96661 (ms)
2026-07-13 16:41:05,193 [INFO] Pass: Size - 0.06151 (ms)
2026-07-13 16:41:05,193 [INFO] Pass: FixedPoint - 0.00429 (ms)
2026-07-13 16:41:05,193 [INFO] Pass: BasisTranslator - 1.02997 (ms)
2026-07-13 16:41:05,193 [INFO] Pass: Depth - 0.19121 (ms)
2026-07-13 16:41:05,193 [INFO] Pass: FixedPoint - 0.00882 (ms)
2026-07-13 16:41:05,193 [INFO] Pass: Size - 0.06485 (ms)
2026-07-13 16:41:05,194 [INFO] Pass: FixedPoint - 0.00453 (ms)
2026-07-13 16:41:05,194 [INFO] Pass: Optimize1qGatesDecomposition - 0.71216 (ms)
2026-07-13 16:41:05,194 [INFO] Pass: InverseCancellation - 0.00787 (ms)
2026-07-13 16:41:05,194 [INFO] Pass: Optimize1qGatesDecomposition - 0.87690 (ms)
2026-07-13 16:41:05,195 [INFO] Pass: InverseCancellation - 0.00906 (ms)
2026-07-13 16:41:05,195 [INFO] Pass: ContainsInstruction - 0.00834 (ms)
2026-07-13 16:41:05,195 [INFO] Pass: GatesInBasis - 0.94557 (ms)
2026-07-13 16:41:05,195 [INFO] Pass: InverseCancellation - 0.17500 (ms)
2026-07-13 16:41:05,195 [INFO] Pass: Depth - 0.17285 (ms)
2026-07-13 16:41:05,195 [INFO] Pass: FixedPoint - 0.00525 (ms)
2026-07-13 16:41:05,195 [INFO] Pass: UnitarySynthesis - 0.00405 (ms)
2026-07-13 16:41:05,195 [INFO] Pass: Size - 0.06008 (ms)
2026-07-13 16:41:05,195 [INFO] Pass: FixedPoint - 0.00405 (ms)
2026-07-13 16:41:05,195 [INFO] Pass: ContainsInstruction - 0.00501 (ms)
2026-07-13 16:41:05,195 [INFO] Pass: GatesInBasis - 0.89312 (ms)
2026-07-13 16:41:05,196 [INFO] Pass: Depth - 0.17858 (ms)
2026-07-13 16:41:05,196 [INFO] Pass: FixedPoint - 0.00596 (ms)
2026-07-13 16:41:05,196 [INFO] Pass: Size - 0.06270 (ms)
2026-07-13 16:41:05,196 [INFO] Pass: FixedPoint - 0.00405 (ms)
2026-07-13 16:41:05,196 [INFO] Total Transpile Time - 66.07604 (ms)
2026-07-13 16:41:05,196 [INFO] Pass: HighLevelSynthesis - 1.59049 (ms)
2026-07-13 16:41:05,197 [INFO] Pass: Optimize1qGatesDecomposition - 0.71406 (ms)
2026-07-13 16:41:05,197 [INFO] Pass: InverseCancellation - 0.00715 (ms)
2026-07-13 16:41:05,197 [INFO] Pass: BasisTranslator - 0.87500 (ms)
2026-07-13 16:41:05,198 [INFO] Pass: GatesInBasis - 0.88453 (ms)
2026-07-13 16:41:05,198 [INFO] Pass: Depth - 0.18907 (ms)
2026-07-13 16:41:05,198 [INFO] Pass: FixedPoint - 0.00834 (ms)
2026-07-13 16:41:05,198 [INFO] Pass: Size - 0.06437 (ms)
2026-07-13 16:41:05,198 [INFO] Pass: Depth - 0.17357 (ms)
2026-07-13 16:41:05,198 [INFO] Pass: FixedPoint - 0.00477 (ms)
2026-07-13 16:41:05,198 [INFO] Pass: FixedPoint - 0.00477 (ms)
2026-07-13 16:41:05,198 [INFO] Pass: Size - 0.06104 (ms)
2026-07-13 16:41:05,198 [INFO] Pass: FixedPoint - 0.00405 (ms)
2026-07-13 16:41:05,198 [INFO] Pass: ContainsInstruction - 0.00525 (ms)
2026-07-13 16:41:05,198 [INFO] Pass: ContainsInstruction - 0.01073 (ms)
2026-07-13 16:41:05,198 [INFO] Pass: InverseCancellation - 0.17071 (ms)
2026-07-13 16:41:05,198 [INFO] Pass: UnitarySynthesis - 0.00429 (ms)
2026-07-13 16:41:05,199 [INFO] Pass: Optimize1qGatesDecomposition - 0.88811 (ms)
2026-07-13 16:41:05,199 [INFO] Pass: InverseCancellation - 0.00906 (ms)
2026-07-13 16:41:05,199 [INFO] Total Transpile Time - 65.99379 (ms)
2026-07-13 16:41:05,200 [INFO] Pass: GatesInBasis - 0.98157 (ms)
2026-07-13 16:41:05,200 [INFO] Pass: HighLevelSynthesis - 1.59669 (ms)
2026-07-13 16:41:05,200 [INFO] Pass: Depth - 0.17977 (ms)
2026-07-13 16:41:05,200 [INFO] Pass: FixedPoint - 0.00620 (ms)
2026-07-13 16:41:05,200 [INFO] Pass: Size - 0.06127 (ms)
2026-07-13 16:41:05,200 [INFO] Pass: FixedPoint - 0.00453 (ms)
2026-07-13 16:41:05,201 [INFO] Pass: BasisTranslator - 0.87667 (ms)
2026-07-13 16:41:05,201 [INFO] Pass: Optimize1qGatesDecomposition - 0.72312 (ms)
2026-07-13 16:41:05,201 [INFO] Pass: InverseCancellation - 0.00739 (ms)
2026-07-13 16:41:05,201 [INFO] Pass: Depth - 0.18573 (ms)
2026-07-13 16:41:05,201 [INFO] Pass: FixedPoint - 0.00763 (ms)
2026-07-13 16:41:05,201 [INFO] Pass: Size - 0.06461 (ms)
2026-07-13 16:41:05,201 [INFO] Pass: FixedPoint - 0.00429 (ms)
2026-07-13 16:41:05,202 [INFO] Pass: GatesInBasis - 0.89383 (ms)
2026-07-13 16:41:05,202 [INFO] Pass: Depth - 0.17405 (ms)
2026-07-13 16:41:05,202 [INFO] Pass: FixedPoint - 0.00501 (ms)
2026-07-13 16:41:05,202 [INFO] Pass: Optimize1qGatesDecomposition - 0.87070 (ms)
2026-07-13 16:41:05,202 [INFO] Pass: InverseCancellation - 0.00787 (ms)
2026-07-13 16:41:05,202 [INFO] Pass: Size - 0.06127 (ms)
2026-07-13 16:41:05,202 [INFO] Pass: FixedPoint - 0.00429 (ms)
2026-07-13 16:41:05,202 [INFO] Pass: ContainsInstruction - 0.00572 (ms)
2026-07-13 16:41:05,203 [INFO] Pass: ContainsInstruction - 0.00834 (ms)
2026-07-13 16:41:05,203 [INFO] Pass: GatesInBasis - 0.96893 (ms)
2026-07-13 16:41:05,203 [INFO] Pass: InverseCancellation - 0.18120 (ms)
2026-07-13 16:41:05,204 [INFO] Pass: Depth - 0.17738 (ms)
2026-07-13 16:41:05,204 [INFO] Pass: UnitarySynthesis - 0.00525 (ms)
2026-07-13 16:41:05,204 [INFO] Pass: FixedPoint - 0.00548 (ms)
2026-07-13 16:41:05,204 [INFO] Pass: Size - 0.06104 (ms)
2026-07-13 16:41:05,204 [INFO] Pass: FixedPoint - 0.00429 (ms)
2026-07-13 16:41:05,204 [INFO] Total Transpile Time - 66.16783 (ms)
2026-07-13 16:41:05,204 [INFO] Pass: Optimize1qGatesDecomposition - 0.71716 (ms)
2026-07-13 16:41:05,204 [INFO] Pass: InverseCancellation - 0.00715 (ms)
2026-07-13 16:41:05,205 [INFO] Pass: HighLevelSynthesis - 1.59979 (ms)
2026-07-13 16:41:05,205 [INFO] Pass: GatesInBasis - 0.88549 (ms)
2026-07-13 16:41:05,206 [INFO] Pass: Depth - 0.17357 (ms)
2026-07-13 16:41:05,206 [INFO] Pass: FixedPoint - 0.00525 (ms)
2026-07-13 16:41:05,206 [INFO] Pass: Size - 0.06008 (ms)
2026-07-13 16:41:05,206 [INFO] Pass: FixedPoint - 0.00405 (ms)
2026-07-13 16:41:05,206 [INFO] Pass: ContainsInstruction - 0.00501 (ms)
2026-07-13 16:41:05,206 [INFO] Pass: ContainsInstruction - 0.00811 (ms)
2026-07-13 16:41:05,206 [INFO] Pass: BasisTranslator - 0.88000 (ms)
2026-07-13 16:41:05,206 [INFO] Pass: InverseCancellation - 0.17071 (ms)
2026-07-13 16:41:05,206 [INFO] Pass: UnitarySynthesis - 0.00477 (ms)
2026-07-13 16:41:05,206 [INFO] Pass: Depth - 0.19121 (ms)
2026-07-13 16:41:05,206 [INFO] Pass: FixedPoint - 0.00834 (ms)
2026-07-13 16:41:05,206 [INFO] Pass: Size - 0.06437 (ms)
2026-07-13 16:41:05,206 [INFO] Pass: FixedPoint - 0.00453 (ms)
2026-07-13 16:41:05,207 [INFO] Total Transpile Time - 65.84263 (ms)
2026-07-13 16:41:05,207 [INFO] Pass: Optimize1qGatesDecomposition - 0.87953 (ms)
2026-07-13 16:41:05,207 [INFO] Pass: InverseCancellation - 0.00763 (ms)
2026-07-13 16:41:05,208 [INFO] Pass: HighLevelSynthesis - 1.57189 (ms)
2026-07-13 16:41:05,208 [INFO] Pass: GatesInBasis - 0.89169 (ms)
2026-07-13 16:41:05,209 [INFO] Pass: Depth - 0.17810 (ms)
2026-07-13 16:41:05,209 [INFO] Pass: FixedPoint - 0.00572 (ms)
2026-07-13 16:41:05,209 [INFO] Pass: Size - 0.06127 (ms)
2026-07-13 16:41:05,209 [INFO] Pass: BasisTranslator - 0.88286 (ms)
2026-07-13 16:41:05,209 [INFO] Pass: FixedPoint - 0.00405 (ms)
2026-07-13 16:41:05,209 [INFO] Pass: Depth - 0.18859 (ms)
2026-07-13 16:41:05,209 [INFO] Pass: FixedPoint - 0.00882 (ms)
2026-07-13 16:41:05,209 [INFO] Pass: Size - 0.06461 (ms)
2026-07-13 16:41:05,209 [INFO] Pass: FixedPoint - 0.00453 (ms)
2026-07-13 16:41:05,210 [INFO] Pass: Optimize1qGatesDecomposition - 0.71263 (ms)
2026-07-13 16:41:05,210 [INFO] Pass: InverseCancellation - 0.00715 (ms)
2026-07-13 16:41:05,210 [INFO] Pass: Optimize1qGatesDecomposition - 0.88859 (ms)
2026-07-13 16:41:05,210 [INFO] Pass: InverseCancellation - 0.00787 (ms)
2026-07-13 16:41:05,211 [INFO] Pass: GatesInBasis - 0.95415 (ms)
2026-07-13 16:41:05,211 [INFO] Pass: Depth - 0.17405 (ms)
2026-07-13 16:41:05,211 [INFO] Pass: FixedPoint - 0.00525 (ms)
2026-07-13 16:41:05,211 [INFO] Pass: Size - 0.06032 (ms)
2026-07-13 16:41:05,211 [INFO] Pass: FixedPoint - 0.00405 (ms)
2026-07-13 16:41:05,211 [INFO] Pass: ContainsInstruction - 0.00572 (ms)
2026-07-13 16:41:05,211 [INFO] Pass: GatesInBasis - 0.98014 (ms)
2026-07-13 16:41:05,211 [INFO] Pass: Depth - 0.18406 (ms)
2026-07-13 16:41:05,211 [INFO] Pass: FixedPoint - 0.00596 (ms)
2026-07-13 16:41:05,212 [INFO] Pass: Size - 0.06151 (ms)
2026-07-13 16:41:05,212 [INFO] Pass: FixedPoint - 0.00453 (ms)
2026-07-13 16:41:05,212 [INFO] Pass: Optimize1qGatesDecomposition - 0.72098 (ms)
2026-07-13 16:41:05,212 [INFO] Pass: InverseCancellation - 0.00763 (ms)
2026-07-13 16:41:05,212 [INFO] Total Transpile Time - 66.41126 (ms)
2026-07-13 16:41:05,213 [INFO] Pass: GatesInBasis - 0.88525 (ms)
2026-07-13 16:41:05,214 [INFO] Pass: Depth - 0.17238 (ms)
2026-07-13 16:41:05,214 [INFO] Pass: FixedPoint - 0.00477 (ms)
2026-07-13 16:41:05,214 [INFO] Pass: Size - 0.06080 (ms)
2026-07-13 16:41:05,214 [INFO] Pass: FixedPoint - 0.00381 (ms)
2026-07-13 16:41:05,214 [INFO] Pass: ContainsInstruction - 0.00525 (ms)
2026-07-13 16:41:05,215 [INFO] Total Transpile Time - 66.07723 (ms)
2026-07-13 16:41:05,669 [INFO] [PCE] Aer metadata (1a ejecucion de este proceso): device=CPU method=statevector shots=2048 fusion_enabled=True
2026-07-13 16:41:05,672 [INFO] [PCE] Aer metadata (1a ejecucion de este proceso): device=CPU method=statevector shots=2048 fusion_enabled=True
2026-07-13 16:41:05,675 [INFO] [PCE] Aer metadata (1a ejecucion de este proceso): device=CPU method=statevector shots=2048 fusion_enabled=True
2026-07-13 16:41:05,677 [INFO] [PCE] Aer metadata (1a ejecucion de este proceso): device=CPU method=statevector shots=2048 fusion_enabled=True
2026-07-13 16:41:05,680 [INFO] [PCE] Aer metadata (1a ejecucion de este proceso): device=CPU method=statevector shots=2048 fusion_enabled=True
2026-07-13 16:41:05,683 [INFO] [PCE] Aer metadata (1a ejecucion de este proceso): device=CPU method=statevector shots=2048 fusion_enabled=True
2026-07-13 16:41:05,685 [INFO] [PCE] Aer metadata (1a ejecucion de este proceso): device=CPU method=statevector shots=2048 fusion_enabled=True
2026-07-13 16:41:05,688 [INFO] [PCE] Aer metadata (1a ejecucion de este proceso): device=CPU method=statevector shots=2048 fusion_enabled=True
2026-07-13 16:41:05,691 [INFO] [PCE] Aer metadata (1a ejecucion de este proceso): device=CPU method=statevector shots=2048 fusion_enabled=True
2026-07-13 16:41:05,693 [INFO] [PCE] Aer metadata (1a ejecucion de este proceso): device=CPU method=statevector shots=2048 fusion_enabled=True
2026-07-13 16:41:05,696 [INFO] [PCE] Aer metadata (1a ejecucion de este proceso): device=CPU method=statevector shots=2048 fusion_enabled=True
2026-07-13 16:41:05,699 [INFO] [PCE] Aer metadata (1a ejecucion de este proceso): device=CPU method=statevector shots=2048 fusion_enabled=True
2026-07-13 16:41:05,701 [INFO] [PCE] Aer metadata (1a ejecucion de este proceso): device=CPU method=statevector shots=2048 fusion_enabled=True
2026-07-13 16:41:05,704 [INFO] [PCE] Aer metadata (1a ejecucion de este proceso): device=CPU method=statevector shots=2048 fusion_enabled=True
2026-07-13 16:41:05,707 [INFO] [PCE] Aer metadata (1a ejecucion de este proceso): device=CPU method=statevector shots=2048 fusion_enabled=True
2026-07-13 20:59:11,928 [INFO] [PCE] n=250 instancia (idx=22) 1/15 completada (paralelo) - transcurrido=0:04:18:07
2026-07-13 20:59:27,529 [INFO] [PCE] n=250 instancia (idx=99) 2/15 completada (paralelo) - transcurrido=0:04:18:23
2026-07-13 20:59:39,307 [INFO] [PCE] n=250 instancia (idx=15) 3/15 completada (paralelo) - transcurrido=0:04:18:34
2026-07-13 20:59:39,694 [INFO] [PCE] n=250 instancia (idx=36) 4/15 completada (paralelo) - transcurrido=0:04:18:35
2026-07-13 20:59:43,863 [INFO] [PCE] n=250 instancia (idx=64) 5/15 completada (paralelo) - transcurrido=0:04:18:39
2026-07-13 20:59:44,499 [INFO] [PCE] n=250 instancia (idx=29) 6/15 completada (paralelo) - transcurrido=0:04:18:40
2026-07-13 21:08:36,120 [INFO] [PCE] n=250 instancia (idx=1) 7/15 completada (paralelo) - transcurrido=0:04:27:31
2026-07-13 21:10:36,509 [INFO] [PCE] n=250 instancia (idx=50) 8/15 completada (paralelo) - transcurrido=0:04:29:32
2026-07-13 21:11:39,437 [INFO] [PCE] n=250 instancia (idx=57) 9/15 completada (paralelo) - transcurrido=0:04:30:35
2026-07-13 21:13:02,891 [INFO] [PCE] n=250 instancia (idx=71) 10/15 completada (paralelo) - transcurrido=0:04:31:58
2026-07-13 21:13:40,649 [INFO] [PCE] n=250 instancia (idx=85) 11/15 completada (paralelo) - transcurrido=0:04:32:36
2026-07-13 21:15:27,315 [INFO] [PCE] n=250 instancia (idx=78) 12/15 completada (paralelo) - transcurrido=0:04:34:22
2026-07-13 21:15:30,956 [INFO] [PCE] n=250 instancia (idx=43) 13/15 completada (paralelo) - transcurrido=0:04:34:26
2026-07-13 21:21:38,038 [INFO] [PCE] n=250 instancia (idx=92) 14/15 completada (paralelo) - transcurrido=0:04:40:33
2026-07-13 21:22:20,511 [INFO] [PCE] n=250 instancia (idx=8) 15/15 completada (paralelo) - transcurrido=0:04:41:16
2026-07-13 21:22:20,645 [INFO] [PCE] n=250 chunk 2/7 completado - beta_parcial=0.2510 duration=0:04:41:16 shots=2048 backend=AER
