slurmstepd: info: Setting TMPDIR to /scratch/8436221. Previous errors about TMPDIR can be discarded
==============================
RUN_ID: 20260713-104338
Array ID: 12  (entrada: 225:5:7)
num_nodes: 225   chunk: 6/7
num_instances (total del n): 100
num_workers: 16   cpus-per-task: 32
OMP_NUM_THREADS=1 OPENBLAS_NUM_THREADS=1 MKL_NUM_THREADS=1
device: CPU   optimizer: DIFFERENTIALEVOLUTION   maxiter: 25   k: 3
backend: AER   shots: 2048
==============================

==============================
num_nodes     = 225
num_instances = 100 (total del n)
chunk         = 6/7
num_workers   = 16
k             = 3
optimizer     = DIFFERENTIALEVOLUTION
maxiter       = 25
backend       = AER
outdir        = Resultados/PCE/20260713-104338/chunks
==============================

(num_workers ajustado de 16 a 14: este chunk solo tiene 14 instancias)
[TIMING] pid=2749910 idx=26 t0=6404433.275 grafo=0.040s init_bench=0.000s run_pce=13002.929s total=13002.969s
[TIMING] pid=2749908 idx=12 t0=6404433.266 grafo=0.050s init_bench=0.000s run_pce=13021.230s total=13021.280s
[TIMING] pid=2749905 idx=5 t0=6404433.271 grafo=0.051s init_bench=0.000s run_pce=13029.614s total=13029.665s
[TIMING] pid=2749912 idx=40 t0=6404433.294 grafo=0.040s init_bench=0.000s run_pce=13063.763s total=13063.803s
[TIMING] pid=2749917 idx=75 t0=6404433.306 grafo=0.039s init_bench=0.000s run_pce=13597.320s total=13597.359s
[TIMING] pid=2749911 idx=33 t0=6404433.275 grafo=0.039s init_bench=0.000s run_pce=13737.583s total=13737.623s
[TIMING] pid=2749918 idx=82 t0=6404433.311 grafo=0.040s init_bench=0.000s run_pce=13749.312s total=13749.352s
[TIMING] pid=2749920 idx=96 t0=6404433.321 grafo=0.039s init_bench=0.000s run_pce=13893.636s total=13893.676s
[TIMING] pid=2749916 idx=68 t0=6404433.304 grafo=0.040s init_bench=0.000s run_pce=14015.356s total=14015.395s
[TIMING] pid=2749913 idx=47 t0=6404433.295 grafo=0.039s init_bench=0.000s run_pce=14040.884s total=14040.923s
[TIMING] pid=2749915 idx=61 t0=6404433.295 grafo=0.039s init_bench=0.000s run_pce=14057.372s total=14057.411s
[TIMING] pid=2749919 idx=89 t0=6404433.316 grafo=0.039s init_bench=0.000s run_pce=14115.656s total=14115.695s
[TIMING] pid=2749909 idx=19 t0=6404433.274 grafo=0.040s init_bench=0.000s run_pce=14180.873s total=14180.913s
[TIMING] pid=2749914 idx=54 t0=6404433.295 grafo=0.039s init_bench=0.000s run_pce=14187.567s total=14187.607s

✔ n=225 chunk 6/7 (14 instancias) beta_parcial=0.2257 ± 0.0211
✔ Resultado del chunk guardado en: Resultados/PCE/20260713-104338/chunks/n_225_chunk_5_of_7.h5
  (recuerda: esto es PARCIAL — hace falta merge_chunks_qscore_PCE.py para combinar todos los chunks de este n antes de agregar)
Fecha fin: Mon Jul 13 07:01:43 PM CEST 2026

*****************************************************************************
*                                                                           *
*                    JOB EFFICIENCY REPORT (seff 8436221)                   *
*                                                                           *
*****************************************************************************

Job ID: 8436221
Array Job ID: 8427004_12
Cluster: finisterrae3
User/Group: tec_app6/cesga
State: COMPLETED (exit code 0)
Nodes: 1
Cores per node: 32
CPU Utilized: 08:32:06
CPU Efficiency: 6.76% of 5-06:10:08 core-walltime
Job Wall-clock time: 03:56:34
Memory Utilized: 7.75 GB
Memory Efficiency: 24.21% of 32.00 GB

 +++++++++++++++++++++++++++++++++++++++++++++++++++++++++++++++++++++++++++
 ++   Memory Efficiency is too small. Please review the requested memory. ++
 ++ It seems that you do not need that much memory so we recommend        ++
 ++ requesting less memory in other similar jobs.                         ++
 +++++++++++++++++++++++++++++++++++++++++++++++++++++++++++++++++++++++++++
 
*****************************************************************************

