slurmstepd: info: Setting TMPDIR to /scratch/8427032. Previous errors about TMPDIR can be discarded
==============================
RUN_ID: 20260713-104338
Array ID: 2  (entrada: 200:2:7)
num_nodes: 200   chunk: 3/7
num_instances (total del n): 100
num_workers: 16   cpus-per-task: 32
OMP_NUM_THREADS=1 OPENBLAS_NUM_THREADS=1 MKL_NUM_THREADS=1
device: CPU   optimizer: DIFFERENTIALEVOLUTION   maxiter: 25   k: 3
backend: AER   shots: 2048
==============================

==============================
num_nodes     = 200
num_instances = 100 (total del n)
chunk         = 3/7
num_workers   = 16
k             = 3
optimizer     = DIFFERENTIALEVOLUTION
maxiter       = 25
backend       = AER
outdir        = Resultados/PCE/20260713-104338/chunks
==============================

(num_workers ajustado de 16 a 14: este chunk solo tiene 14 instancias)
[TIMING] pid=1401789 idx=51 t0=10277520.005 grafo=0.032s init_bench=0.000s run_pce=12427.695s total=12427.727s
[TIMING] pid=1401785 idx=23 t0=10277519.999 grafo=0.032s init_bench=0.000s run_pce=12432.048s total=12432.080s
[TIMING] pid=1401783 idx=9 t0=10277519.996 grafo=0.032s init_bench=0.000s run_pce=12440.217s total=12440.248s
[TIMING] pid=1401780 idx=2 t0=10277519.991 grafo=0.032s init_bench=0.000s run_pce=12459.325s total=12459.357s
[TIMING] pid=1401793 idx=79 t0=10277520.019 grafo=0.032s init_bench=0.000s run_pce=13028.270s total=13028.301s
[TIMING] pid=1401790 idx=58 t0=10277520.009 grafo=0.032s init_bench=0.000s run_pce=13029.112s total=13029.144s
[TIMING] pid=1401786 idx=30 t0=10277519.999 grafo=0.032s init_bench=0.000s run_pce=13033.309s total=13033.341s
[TIMING] pid=1401795 idx=93 t0=10277520.027 grafo=0.032s init_bench=0.000s run_pce=13134.190s total=13134.222s
[TIMING] pid=1401784 idx=16 t0=10277519.996 grafo=0.032s init_bench=0.000s run_pce=13153.833s total=13153.865s
[TIMING] pid=1401787 idx=37 t0=10277519.999 grafo=0.032s init_bench=0.000s run_pce=13298.967s total=13298.999s
[TIMING] pid=1401792 idx=72 t0=10277520.015 grafo=0.032s init_bench=0.000s run_pce=13373.825s total=13373.857s
[TIMING] pid=1401794 idx=86 t0=10277520.023 grafo=0.032s init_bench=0.000s run_pce=13424.617s total=13424.649s
[TIMING] pid=1401791 idx=65 t0=10277520.012 grafo=0.032s init_bench=0.000s run_pce=13445.565s total=13445.597s
[TIMING] pid=1401788 idx=44 t0=10277520.003 grafo=0.032s init_bench=0.000s run_pce=13476.945s total=13476.976s

✔ n=200 chunk 3/7 (14 instancias) beta_parcial=0.2697 ± 0.0234
✔ Resultado del chunk guardado en: Resultados/PCE/20260713-104338/chunks/n_200_chunk_2_of_7.h5
  (recuerda: esto es PARCIAL — hace falta merge_chunks_qscore_PCE.py para combinar todos los chunks de este n antes de agregar)
Fecha fin: Mon Jul 13 02:29:28 PM CEST 2026

*****************************************************************************
*                                                                           *
*                    JOB EFFICIENCY REPORT (seff 8427032)                   *
*                                                                           *
*****************************************************************************

Job ID: 8427032
Array Job ID: 8427004_2
Cluster: finisterrae3
User/Group: tec_app6/cesga
State: COMPLETED (exit code 0)
Nodes: 1
Cores per node: 32
CPU Utilized: 07:26:59
CPU Efficiency: 6.21% of 4-23:53:36 core-walltime
Job Wall-clock time: 03:44:48
Memory Utilized: 7.03 GB
Memory Efficiency: 21.96% of 32.00 GB

 +++++++++++++++++++++++++++++++++++++++++++++++++++++++++++++++++++++++++++
 ++   Memory Efficiency is too small. Please review the requested memory. ++
 ++ It seems that you do not need that much memory so we recommend        ++
 ++ requesting less memory in other similar jobs.                         ++
 +++++++++++++++++++++++++++++++++++++++++++++++++++++++++++++++++++++++++++
 
*****************************************************************************

