slurmstepd: info: Setting TMPDIR to /scratch/8428313. Previous errors about TMPDIR can be discarded
==============================
RUN_ID: 20260713-104338
Array ID: 3  (entrada: 200:3:7)
num_nodes: 200   chunk: 4/7
num_instances (total del n): 100
num_workers: 16   cpus-per-task: 32
OMP_NUM_THREADS=1 OPENBLAS_NUM_THREADS=1 MKL_NUM_THREADS=1
device: CPU   optimizer: DIFFERENTIALEVOLUTION   maxiter: 25   k: 3
backend: AER   shots: 2048
==============================

==============================
num_nodes     = 200
num_instances = 100 (total del n)
chunk         = 4/7
num_workers   = 16
k             = 3
optimizer     = DIFFERENTIALEVOLUTION
maxiter       = 25
backend       = AER
outdir        = Resultados/PCE/20260713-104338/chunks
==============================

(num_workers ajustado de 16 a 14: este chunk solo tiene 14 instancias)
[TIMING] pid=122383 idx=73 t0=10280870.063 grafo=0.032s init_bench=0.000s run_pce=12062.262s total=12062.293s
[TIMING] pid=122374 idx=45 t0=10280870.051 grafo=0.032s init_bench=0.000s run_pce=12088.662s total=12088.694s
[TIMING] pid=122370 idx=24 t0=10280870.046 grafo=0.032s init_bench=0.000s run_pce=12110.968s total=12111.000s
[TIMING] pid=122371 idx=31 t0=10280870.047 grafo=0.032s init_bench=0.000s run_pce=12112.769s total=12112.801s
[TIMING] pid=122387 idx=87 t0=10280870.071 grafo=0.032s init_bench=0.000s run_pce=12129.550s total=12129.582s
[TIMING] pid=122368 idx=10 t0=10280870.033 grafo=0.032s init_bench=0.000s run_pce=12225.491s total=12225.523s
[TIMING] pid=122377 idx=59 t0=10280870.055 grafo=0.032s init_bench=0.000s run_pce=12680.336s total=12680.368s
[TIMING] pid=122381 idx=66 t0=10280870.059 grafo=0.032s init_bench=0.000s run_pce=12692.136s total=12692.168s
[TIMING] pid=122369 idx=17 t0=10280870.043 grafo=0.032s init_bench=0.000s run_pce=12709.481s total=12709.512s
[TIMING] pid=122365 idx=3 t0=10280870.029 grafo=0.032s init_bench=0.000s run_pce=12713.703s total=12713.735s
[TIMING] pid=122389 idx=94 t0=10280870.076 grafo=0.033s init_bench=0.000s run_pce=12779.093s total=12779.126s
[TIMING] pid=122376 idx=52 t0=10280870.051 grafo=0.031s init_bench=0.000s run_pce=12974.609s total=12974.641s
[TIMING] pid=122385 idx=80 t0=10280870.067 grafo=0.032s init_bench=0.000s run_pce=13024.085s total=13024.116s
[TIMING] pid=122373 idx=38 t0=10280870.050 grafo=0.032s init_bench=0.000s run_pce=13084.139s total=13084.170s

✔ n=200 chunk 4/7 (14 instancias) beta_parcial=0.2524 ± 0.0255
✔ Resultado del chunk guardado en: Resultados/PCE/20260713-104338/chunks/n_200_chunk_3_of_7.h5
  (recuerda: esto es PARCIAL — hace falta merge_chunks_qscore_PCE.py para combinar todos los chunks de este n antes de agregar)
Fecha fin: Mon Jul 13 03:00:55 PM CEST 2026

*****************************************************************************
*                                                                           *
*                    JOB EFFICIENCY REPORT (seff 8428313)                   *
*                                                                           *
*****************************************************************************

Job ID: 8428313
Array Job ID: 8427004_3
Cluster: finisterrae3
User/Group: tec_app6/cesga
State: COMPLETED (exit code 0)
Nodes: 1
Cores per node: 32
CPU Utilized: 07:13:39
CPU Efficiency: 6.21% of 4-20:22:56 core-walltime
Job Wall-clock time: 03:38:13
Memory Utilized: 6.90 GB
Memory Efficiency: 21.56% of 32.00 GB

 +++++++++++++++++++++++++++++++++++++++++++++++++++++++++++++++++++++++++++
 ++   Memory Efficiency is too small. Please review the requested memory. ++
 ++ It seems that you do not need that much memory so we recommend        ++
 ++ requesting less memory in other similar jobs.                         ++
 +++++++++++++++++++++++++++++++++++++++++++++++++++++++++++++++++++++++++++
 
*****************************************************************************

