slurmstepd: info: Setting TMPDIR to /scratch/8437329. Previous errors about TMPDIR can be discarded
==============================
RUN_ID: 20260713-104338
Array ID: 14  (entrada: 250:0:7)
num_nodes: 250   chunk: 1/7
num_instances (total del n): 100
num_workers: 16   cpus-per-task: 32
OMP_NUM_THREADS=1 OPENBLAS_NUM_THREADS=1 MKL_NUM_THREADS=1
device: CPU   optimizer: DIFFERENTIALEVOLUTION   maxiter: 25   k: 3
backend: AER   shots: 2048
==============================

==============================
num_nodes     = 250
num_instances = 100 (total del n)
chunk         = 1/7
num_workers   = 16
k             = 3
optimizer     = DIFFERENTIALEVOLUTION
maxiter       = 25
backend       = AER
outdir        = Resultados/PCE/20260713-104338/chunks
==============================

(num_workers ajustado de 16 a 15: este chunk solo tiene 15 instancias)
[TIMING] pid=3062311 idx=77 t0=6400568.477 grafo=0.048s init_bench=0.000s run_pce=15610.288s total=15610.336s
[TIMING] pid=3062298 idx=0 t0=6400568.443 grafo=0.048s init_bench=0.000s run_pce=16221.665s total=16221.713s
[TIMING] pid=3062314 idx=98 t0=6400568.489 grafo=0.047s init_bench=0.000s run_pce=16739.371s total=16739.417s
[TIMING] pid=3062312 idx=84 t0=6400568.481 grafo=0.047s init_bench=0.000s run_pce=16743.735s total=16743.783s
[TIMING] pid=3062302 idx=14 t0=6400568.447 grafo=0.048s init_bench=0.000s run_pce=16750.031s total=16750.079s
[TIMING] pid=3062303 idx=21 t0=6400568.450 grafo=0.047s init_bench=0.000s run_pce=16752.426s total=16752.473s
[TIMING] pid=3062309 idx=63 t0=6400568.469 grafo=0.047s init_bench=0.000s run_pce=16766.644s total=16766.691s
[TIMING] pid=3062308 idx=56 t0=6400568.466 grafo=0.048s init_bench=0.000s run_pce=16859.184s total=16859.232s
[TIMING] pid=3062306 idx=42 t0=6400568.459 grafo=0.048s init_bench=0.000s run_pce=16912.584s total=16912.631s
[TIMING] pid=3062301 idx=7 t0=6400568.443 grafo=0.048s init_bench=0.000s run_pce=16916.736s total=16916.784s
[TIMING] pid=3062313 idx=91 t0=6400568.485 grafo=0.047s init_bench=0.000s run_pce=16916.980s total=16917.027s
[TIMING] pid=3062310 idx=70 t0=6400568.473 grafo=0.047s init_bench=0.000s run_pce=16920.975s total=16921.022s
[TIMING] pid=3062304 idx=28 t0=6400568.453 grafo=0.048s init_bench=0.000s run_pce=16923.403s total=16923.451s
[TIMING] pid=3062305 idx=35 t0=6400568.456 grafo=0.048s init_bench=0.000s run_pce=16932.999s total=16933.047s
[TIMING] pid=3062307 idx=49 t0=6400568.462 grafo=0.047s init_bench=0.000s run_pce=17040.975s total=17041.022s

✔ n=250 chunk 1/7 (15 instancias) beta_parcial=0.2541 ± 0.0205
✔ Resultado del chunk guardado en: Resultados/PCE/20260713-104338/chunks/n_250_chunk_0_of_7.h5
  (recuerda: esto es PARCIAL — hace falta merge_chunks_qscore_PCE.py para combinar todos los chunks de este n antes de agregar)
Fecha fin: Mon Jul 13 08:01:34 PM CEST 2026

*****************************************************************************
*                                                                           *
*                    JOB EFFICIENCY REPORT (seff 8437329)                   *
*                                                                           *
*****************************************************************************

Job ID: 8437329
Array Job ID: 8427004_14
Cluster: finisterrae3
User/Group: tec_app6/cesga
State: COMPLETED (exit code 0)
Nodes: 1
Cores per node: 32
CPU Utilized: 11:11:30
CPU Efficiency: 7.38% of 6-07:33:52 core-walltime
Job Wall-clock time: 04:44:11
Memory Utilized: 9.06 GB
Memory Efficiency: 28.31% of 32.00 GB

 +++++++++++++++++++++++++++++++++++++++++++++++++++++++++++++++++++++++++++
 ++   Memory Efficiency is too small. Please review the requested memory. ++
 ++ It seems that you do not need that much memory so we recommend        ++
 ++ requesting less memory in other similar jobs.                         ++
 +++++++++++++++++++++++++++++++++++++++++++++++++++++++++++++++++++++++++++
 
*****************************************************************************

