gcc/system unloaded
gcccore/system unloaded
cesga/2022 unloaded
rust/1.75.0 unloaded
imkl/2022.0.1 unloaded
numpy/1.26.4 unloaded
scipy/1.13.1 unloaded
flint/2.8.4 unloaded
symengine/0.11.1 unloaded
symengine-python/0.11.0 unloaded
spdlog/1.9.2 unloaded
pylatexenc/2.10 unloaded
qiskit/1.2.4-aer-gpu-cu11 unloaded
        Preparing the environment for use of the CESGA 2022 software stack.
        Please rebuild modules cache: module --ignore-cache avail
     
cesga/2022 loaded
rust/1.75.0 loaded

imkl/2023.2.0 loaded
numpy/1.26.4 loaded
scipy/1.13.1 loaded
imkl/2023.2.0 unloaded

imkl/2022.0.1 loaded
flint/2.8.4 loaded
symengine/0.11.1 loaded
symengine-python/0.11.0 loaded
spdlog/1.9.2 loaded
pylatexenc/2.10 loaded
gcccore/system loaded
gcc/system loaded
qiskit/1.2.4-aer-gpu-cu11 loaded
2026-07-13 18:56:03,717 [INFO] [PCE] n=250 chunk 6/7: 14 instancias [5, 12, 19, 26, 33, 40, 47, 54, 61, 68, 75, 82, 89, 96], num_workers=14, qubits=9
2026-07-13 18:56:03,717 [INFO] [PCE] n=250 paralelizando 14 instancias entre 14 workers (max_parallel_threads=1 fijo, independiente de num_workers)
2026-07-13 18:56:03,868 [INFO] Pass: ContainsInstruction - 0.01478 (ms)
2026-07-13 18:56:03,868 [INFO] Pass: ContainsInstruction - 0.01264 (ms)
2026-07-13 18:56:03,868 [INFO] Pass: InverseCancellation - 0.01645 (ms)
2026-07-13 18:56:03,868 [INFO] Pass: InverseCancellation - 0.01669 (ms)
2026-07-13 18:56:03,868 [INFO] Pass: UnitarySynthesis - 0.00644 (ms)
2026-07-13 18:56:03,868 [INFO] Pass: UnitarySynthesis - 0.00644 (ms)
2026-07-13 18:56:03,870 [INFO] Pass: ContainsInstruction - 0.01240 (ms)
2026-07-13 18:56:03,870 [INFO] Pass: InverseCancellation - 0.01884 (ms)
2026-07-13 18:56:03,870 [INFO] Pass: UnitarySynthesis - 0.00596 (ms)
2026-07-13 18:56:03,870 [INFO] Pass: HighLevelSynthesis - 1.70183 (ms)
2026-07-13 18:56:03,870 [INFO] Pass: HighLevelSynthesis - 1.71185 (ms)
2026-07-13 18:56:03,871 [INFO] Pass: BasisTranslator - 0.90480 (ms)
2026-07-13 18:56:03,871 [INFO] Pass: BasisTranslator - 0.90265 (ms)
2026-07-13 18:56:03,871 [INFO] Pass: Depth - 0.22125 (ms)
2026-07-13 18:56:03,871 [INFO] Pass: Depth - 0.21935 (ms)
2026-07-13 18:56:03,871 [INFO] Pass: FixedPoint - 0.01264 (ms)
2026-07-13 18:56:03,871 [INFO] Pass: FixedPoint - 0.01240 (ms)
2026-07-13 18:56:03,871 [INFO] Pass: Size - 0.06509 (ms)
2026-07-13 18:56:03,871 [INFO] Pass: Size - 0.06247 (ms)
2026-07-13 18:56:03,871 [INFO] Pass: FixedPoint - 0.00501 (ms)
2026-07-13 18:56:03,871 [INFO] Pass: FixedPoint - 0.00477 (ms)
2026-07-13 18:56:03,872 [INFO] Pass: Optimize1qGatesDecomposition - 0.14806 (ms)
2026-07-13 18:56:03,872 [INFO] Pass: Optimize1qGatesDecomposition - 0.14663 (ms)
2026-07-13 18:56:03,872 [INFO] Pass: HighLevelSynthesis - 1.69945 (ms)
2026-07-13 18:56:03,872 [INFO] Pass: InverseCancellation - 0.00882 (ms)
2026-07-13 18:56:03,872 [INFO] Pass: InverseCancellation - 0.00834 (ms)
2026-07-13 18:56:03,872 [INFO] Pass: ContainsInstruction - 0.01216 (ms)
2026-07-13 18:56:03,872 [INFO] Pass: InverseCancellation - 0.01717 (ms)
2026-07-13 18:56:03,872 [INFO] Pass: UnitarySynthesis - 0.00596 (ms)
2026-07-13 18:56:03,873 [INFO] Pass: GatesInBasis - 0.91004 (ms)
2026-07-13 18:56:03,873 [INFO] Pass: BasisTranslator - 0.93365 (ms)
2026-07-13 18:56:03,873 [INFO] Pass: GatesInBasis - 0.90957 (ms)
2026-07-13 18:56:03,873 [INFO] Pass: Depth - 0.17238 (ms)
2026-07-13 18:56:03,873 [INFO] Pass: Depth - 0.16785 (ms)
2026-07-13 18:56:03,873 [INFO] Pass: FixedPoint - 0.00525 (ms)
2026-07-13 18:56:03,873 [INFO] Pass: FixedPoint - 0.00572 (ms)
2026-07-13 18:56:03,873 [INFO] Pass: Depth - 0.21505 (ms)
2026-07-13 18:56:03,873 [INFO] Pass: FixedPoint - 0.01240 (ms)
2026-07-13 18:56:03,873 [INFO] Pass: Size - 0.06056 (ms)
2026-07-13 18:56:03,873 [INFO] Pass: Size - 0.05960 (ms)
2026-07-13 18:56:03,873 [INFO] Pass: FixedPoint - 0.00453 (ms)
2026-07-13 18:56:03,873 [INFO] Pass: FixedPoint - 0.00429 (ms)
2026-07-13 18:56:03,873 [INFO] Pass: ContainsInstruction - 0.00572 (ms)
2026-07-13 18:56:03,873 [INFO] Pass: Size - 0.06223 (ms)
2026-07-13 18:56:03,873 [INFO] Pass: ContainsInstruction - 0.00548 (ms)
2026-07-13 18:56:03,873 [INFO] Pass: FixedPoint - 0.00429 (ms)
2026-07-13 18:56:03,873 [INFO] Pass: Optimize1qGatesDecomposition - 0.14925 (ms)
2026-07-13 18:56:03,873 [INFO] Pass: InverseCancellation - 0.01144 (ms)
2026-07-13 18:56:03,874 [INFO] Pass: HighLevelSynthesis - 1.74046 (ms)
2026-07-13 18:56:03,874 [INFO] Pass: ContainsInstruction - 0.01144 (ms)
2026-07-13 18:56:03,874 [INFO] Pass: InverseCancellation - 0.01717 (ms)
2026-07-13 18:56:03,874 [INFO] Pass: UnitarySynthesis - 0.00620 (ms)
2026-07-13 18:56:03,874 [INFO] Pass: GatesInBasis - 0.91720 (ms)
2026-07-13 18:56:03,875 [INFO] Pass: Depth - 0.16952 (ms)
2026-07-13 18:56:03,875 [INFO] Pass: FixedPoint - 0.00548 (ms)
2026-07-13 18:56:03,875 [INFO] Total Transpile Time - 85.24203 (ms)
2026-07-13 18:56:03,875 [INFO] Total Transpile Time - 85.55722 (ms)
2026-07-13 18:56:03,875 [INFO] Pass: Size - 0.05960 (ms)
2026-07-13 18:56:03,875 [INFO] Pass: FixedPoint - 0.00429 (ms)
2026-07-13 18:56:03,875 [INFO] Pass: ContainsInstruction - 0.00525 (ms)
2026-07-13 18:56:03,875 [INFO] Pass: BasisTranslator - 0.91219 (ms)
2026-07-13 18:56:03,875 [INFO] Pass: Depth - 0.21029 (ms)
2026-07-13 18:56:03,875 [INFO] Pass: FixedPoint - 0.01383 (ms)
2026-07-13 18:56:03,875 [INFO] Pass: Size - 0.06294 (ms)
2026-07-13 18:56:03,875 [INFO] Pass: FixedPoint - 0.00787 (ms)
2026-07-13 18:56:03,875 [INFO] Pass: Optimize1qGatesDecomposition - 0.14353 (ms)
2026-07-13 18:56:03,875 [INFO] Pass: InverseCancellation - 0.00739 (ms)
2026-07-13 18:56:03,876 [INFO] Pass: HighLevelSynthesis - 1.74665 (ms)
2026-07-13 18:56:03,876 [INFO] Total Transpile Time - 83.18949 (ms)
2026-07-13 18:56:03,876 [INFO] Pass: GatesInBasis - 0.91529 (ms)
2026-07-13 18:56:03,877 [INFO] Pass: Depth - 0.16952 (ms)
2026-07-13 18:56:03,877 [INFO] Pass: FixedPoint - 0.00501 (ms)
2026-07-13 18:56:03,877 [INFO] Pass: Size - 0.06032 (ms)
2026-07-13 18:56:03,877 [INFO] Pass: FixedPoint - 0.00453 (ms)
2026-07-13 18:56:03,877 [INFO] Pass: ContainsInstruction - 0.00525 (ms)
2026-07-13 18:56:03,877 [INFO] Pass: BasisTranslator - 0.90623 (ms)
2026-07-13 18:56:03,877 [INFO] Pass: Depth - 0.21505 (ms)
2026-07-13 18:56:03,877 [INFO] Pass: FixedPoint - 0.01383 (ms)
2026-07-13 18:56:03,877 [INFO] Pass: Size - 0.06342 (ms)
2026-07-13 18:56:03,877 [INFO] Pass: FixedPoint - 0.00453 (ms)
2026-07-13 18:56:03,878 [INFO] Pass: Optimize1qGatesDecomposition - 0.13995 (ms)
2026-07-13 18:56:03,878 [INFO] Pass: InverseCancellation - 0.00811 (ms)
2026-07-13 18:56:03,878 [INFO] Total Transpile Time - 83.33731 (ms)
2026-07-13 18:56:03,879 [INFO] Pass: GatesInBasis - 0.89955 (ms)
2026-07-13 18:56:03,879 [INFO] Pass: Depth - 0.16713 (ms)
2026-07-13 18:56:03,879 [INFO] Pass: FixedPoint - 0.00525 (ms)
2026-07-13 18:56:03,879 [INFO] Pass: Size - 0.05913 (ms)
2026-07-13 18:56:03,879 [INFO] Pass: FixedPoint - 0.00453 (ms)
2026-07-13 18:56:03,879 [INFO] Pass: ContainsInstruction - 0.00548 (ms)
2026-07-13 18:56:03,879 [INFO] Pass: ContainsInstruction - 0.01240 (ms)
2026-07-13 18:56:03,879 [INFO] Pass: InverseCancellation - 0.01550 (ms)
2026-07-13 18:56:03,879 [INFO] Pass: UnitarySynthesis - 0.00644 (ms)
2026-07-13 18:56:03,880 [INFO] Total Transpile Time - 82.42965 (ms)
2026-07-13 18:56:03,881 [INFO] Pass: ContainsInstruction - 0.01097 (ms)
2026-07-13 18:56:03,881 [INFO] Pass: InverseCancellation - 0.01526 (ms)
2026-07-13 18:56:03,881 [INFO] Pass: HighLevelSynthesis - 1.73116 (ms)
2026-07-13 18:56:03,881 [INFO] Pass: UnitarySynthesis - 0.00644 (ms)
2026-07-13 18:56:03,882 [INFO] Pass: BasisTranslator - 0.91147 (ms)
2026-07-13 18:56:03,882 [INFO] Pass: Depth - 0.21935 (ms)
2026-07-13 18:56:03,882 [INFO] Pass: FixedPoint - 0.01216 (ms)
2026-07-13 18:56:03,883 [INFO] Pass: Size - 0.06485 (ms)
2026-07-13 18:56:03,883 [INFO] Pass: FixedPoint - 0.00453 (ms)
2026-07-13 18:56:03,883 [INFO] Pass: Optimize1qGatesDecomposition - 0.14114 (ms)
2026-07-13 18:56:03,883 [INFO] Pass: InverseCancellation - 0.00763 (ms)
2026-07-13 18:56:03,883 [INFO] Pass: HighLevelSynthesis - 1.70779 (ms)
2026-07-13 18:56:03,884 [INFO] Pass: GatesInBasis - 0.92340 (ms)
2026-07-13 18:56:03,884 [INFO] Pass: BasisTranslator - 0.90885 (ms)
2026-07-13 18:56:03,884 [INFO] Pass: Depth - 0.16904 (ms)
2026-07-13 18:56:03,884 [INFO] Pass: FixedPoint - 0.00525 (ms)
2026-07-13 18:56:03,884 [INFO] Pass: Size - 0.05984 (ms)
2026-07-13 18:56:03,884 [INFO] Pass: FixedPoint - 0.00429 (ms)
2026-07-13 18:56:03,884 [INFO] Pass: Depth - 0.20862 (ms)
2026-07-13 18:56:03,884 [INFO] Pass: ContainsInstruction - 0.00620 (ms)
2026-07-13 18:56:03,884 [INFO] Pass: FixedPoint - 0.01168 (ms)
2026-07-13 18:56:03,884 [INFO] Pass: Size - 0.06247 (ms)
2026-07-13 18:56:03,884 [INFO] Pass: FixedPoint - 0.00453 (ms)
2026-07-13 18:56:03,884 [INFO] Pass: ContainsInstruction - 0.01192 (ms)
2026-07-13 18:56:03,885 [INFO] Pass: Optimize1qGatesDecomposition - 0.14257 (ms)
2026-07-13 18:56:03,885 [INFO] Pass: InverseCancellation - 0.01836 (ms)
2026-07-13 18:56:03,885 [INFO] Pass: InverseCancellation - 0.00787 (ms)
2026-07-13 18:56:03,885 [INFO] Pass: UnitarySynthesis - 0.00644 (ms)
2026-07-13 18:56:03,886 [INFO] Pass: GatesInBasis - 0.91290 (ms)
2026-07-13 18:56:03,886 [INFO] Total Transpile Time - 83.71782 (ms)
2026-07-13 18:56:03,886 [INFO] Pass: Depth - 0.16856 (ms)
2026-07-13 18:56:03,886 [INFO] Pass: FixedPoint - 0.00525 (ms)
2026-07-13 18:56:03,886 [INFO] Pass: Size - 0.05984 (ms)
2026-07-13 18:56:03,886 [INFO] Pass: FixedPoint - 0.00453 (ms)
2026-07-13 18:56:03,886 [INFO] Pass: ContainsInstruction - 0.00572 (ms)
2026-07-13 18:56:03,886 [INFO] Pass: HighLevelSynthesis - 1.75166 (ms)
2026-07-13 18:56:03,887 [INFO] Pass: BasisTranslator - 0.85020 (ms)
2026-07-13 18:56:03,887 [INFO] Total Transpile Time - 82.77512 (ms)
2026-07-13 18:56:03,887 [INFO] Pass: ContainsInstruction - 0.01240 (ms)
2026-07-13 18:56:03,888 [INFO] Pass: InverseCancellation - 0.01645 (ms)
2026-07-13 18:56:03,888 [INFO] Pass: UnitarySynthesis - 0.00644 (ms)
2026-07-13 18:56:03,888 [INFO] Pass: Depth - 0.21315 (ms)
2026-07-13 18:56:03,888 [INFO] Pass: FixedPoint - 0.01216 (ms)
2026-07-13 18:56:03,888 [INFO] Pass: Size - 0.06151 (ms)
2026-07-13 18:56:03,888 [INFO] Pass: FixedPoint - 0.00501 (ms)
2026-07-13 18:56:03,888 [INFO] Pass: Optimize1qGatesDecomposition - 0.13995 (ms)
2026-07-13 18:56:03,888 [INFO] Pass: InverseCancellation - 0.00763 (ms)
2026-07-13 18:56:03,889 [INFO] Pass: GatesInBasis - 0.91219 (ms)
2026-07-13 18:56:03,889 [INFO] Pass: Depth - 0.16856 (ms)
2026-07-13 18:56:03,889 [INFO] Pass: FixedPoint - 0.00525 (ms)
2026-07-13 18:56:03,889 [INFO] Pass: Size - 0.06032 (ms)
2026-07-13 18:56:03,889 [INFO] Pass: HighLevelSynthesis - 1.69969 (ms)
2026-07-13 18:56:03,889 [INFO] Pass: FixedPoint - 0.00405 (ms)
2026-07-13 18:56:03,889 [INFO] Pass: ContainsInstruction - 0.00548 (ms)
2026-07-13 18:56:03,890 [INFO] Pass: BasisTranslator - 0.89788 (ms)
2026-07-13 18:56:03,891 [INFO] Pass: Depth - 0.21267 (ms)
2026-07-13 18:56:03,891 [INFO] Pass: FixedPoint - 0.01216 (ms)
2026-07-13 18:56:03,891 [INFO] Pass: Size - 0.06223 (ms)
2026-07-13 18:56:03,891 [INFO] Pass: FixedPoint - 0.00525 (ms)
2026-07-13 18:56:03,891 [INFO] Pass: ContainsInstruction - 0.01097 (ms)
2026-07-13 18:56:03,891 [INFO] Total Transpile Time - 82.35574 (ms)
2026-07-13 18:56:03,891 [INFO] Pass: InverseCancellation - 0.01621 (ms)
2026-07-13 18:56:03,891 [INFO] Pass: UnitarySynthesis - 0.00620 (ms)
2026-07-13 18:56:03,891 [INFO] Pass: Optimize1qGatesDecomposition - 0.14043 (ms)
2026-07-13 18:56:03,891 [INFO] Pass: InverseCancellation - 0.00834 (ms)
2026-07-13 18:56:03,892 [INFO] Pass: GatesInBasis - 0.91386 (ms)
2026-07-13 18:56:03,892 [INFO] Pass: Depth - 0.16809 (ms)
2026-07-13 18:56:03,892 [INFO] Pass: FixedPoint - 0.00525 (ms)
2026-07-13 18:56:03,892 [INFO] Pass: Size - 0.06294 (ms)
2026-07-13 18:56:03,892 [INFO] Pass: FixedPoint - 0.00405 (ms)
2026-07-13 18:56:03,892 [INFO] Pass: ContainsInstruction - 0.00548 (ms)
2026-07-13 18:56:03,893 [INFO] Pass: HighLevelSynthesis - 1.73330 (ms)
2026-07-13 18:56:03,894 [INFO] Pass: BasisTranslator - 0.90384 (ms)
2026-07-13 18:56:03,894 [INFO] Total Transpile Time - 82.34859 (ms)
2026-07-13 18:56:03,894 [INFO] Pass: Depth - 0.20981 (ms)
2026-07-13 18:56:03,894 [INFO] Pass: ContainsInstruction - 0.01144 (ms)
2026-07-13 18:56:03,894 [INFO] Pass: FixedPoint - 0.01168 (ms)
2026-07-13 18:56:03,894 [INFO] Pass: InverseCancellation - 0.01550 (ms)
2026-07-13 18:56:03,894 [INFO] Pass: Size - 0.06223 (ms)
2026-07-13 18:56:03,894 [INFO] Pass: UnitarySynthesis - 0.00572 (ms)
2026-07-13 18:56:03,894 [INFO] Pass: FixedPoint - 0.00501 (ms)
2026-07-13 18:56:03,894 [INFO] Pass: Optimize1qGatesDecomposition - 0.14186 (ms)
2026-07-13 18:56:03,894 [INFO] Pass: InverseCancellation - 0.00739 (ms)
2026-07-13 18:56:03,895 [INFO] Pass: GatesInBasis - 0.91124 (ms)
2026-07-13 18:56:03,895 [INFO] Pass: Depth - 0.16809 (ms)
2026-07-13 18:56:03,896 [INFO] Pass: FixedPoint - 0.00525 (ms)
2026-07-13 18:56:03,896 [INFO] Pass: Size - 0.05960 (ms)
2026-07-13 18:56:03,896 [INFO] Pass: FixedPoint - 0.00429 (ms)
2026-07-13 18:56:03,896 [INFO] Pass: ContainsInstruction - 0.00501 (ms)
2026-07-13 18:56:03,896 [INFO] Pass: HighLevelSynthesis - 1.69754 (ms)
2026-07-13 18:56:03,897 [INFO] Pass: BasisTranslator - 0.91124 (ms)
2026-07-13 18:56:03,897 [INFO] Pass: Depth - 0.21052 (ms)
2026-07-13 18:56:03,897 [INFO] Pass: FixedPoint - 0.01144 (ms)
2026-07-13 18:56:03,897 [INFO] Total Transpile Time - 82.10158 (ms)
2026-07-13 18:56:03,897 [INFO] Pass: Size - 0.06104 (ms)
2026-07-13 18:56:03,897 [INFO] Pass: FixedPoint - 0.00453 (ms)
2026-07-13 18:56:03,897 [INFO] Pass: Optimize1qGatesDecomposition - 0.13733 (ms)
2026-07-13 18:56:03,897 [INFO] Pass: InverseCancellation - 0.00715 (ms)
2026-07-13 18:56:03,898 [INFO] Pass: ContainsInstruction - 0.01073 (ms)
2026-07-13 18:56:03,898 [INFO] Pass: InverseCancellation - 0.01359 (ms)
2026-07-13 18:56:03,898 [INFO] Pass: UnitarySynthesis - 0.00548 (ms)
2026-07-13 18:56:03,898 [INFO] Pass: GatesInBasis - 0.90837 (ms)
2026-07-13 18:56:03,899 [INFO] Pass: Depth - 0.16689 (ms)
2026-07-13 18:56:03,899 [INFO] Pass: FixedPoint - 0.00548 (ms)
2026-07-13 18:56:03,899 [INFO] Pass: Size - 0.05937 (ms)
2026-07-13 18:56:03,899 [INFO] Pass: FixedPoint - 0.00429 (ms)
2026-07-13 18:56:03,899 [INFO] Pass: ContainsInstruction - 0.00501 (ms)
2026-07-13 18:56:03,900 [INFO] Pass: HighLevelSynthesis - 1.68061 (ms)
2026-07-13 18:56:03,900 [INFO] Total Transpile Time - 81.91276 (ms)
2026-07-13 18:56:03,901 [INFO] Pass: BasisTranslator - 0.89860 (ms)
2026-07-13 18:56:03,901 [INFO] Pass: ContainsInstruction - 0.01097 (ms)
2026-07-13 18:56:03,901 [INFO] Pass: InverseCancellation - 0.01526 (ms)
2026-07-13 18:56:03,901 [INFO] Pass: UnitarySynthesis - 0.00620 (ms)
2026-07-13 18:56:03,901 [INFO] Pass: Depth - 0.20957 (ms)
2026-07-13 18:56:03,901 [INFO] Pass: FixedPoint - 0.01192 (ms)
2026-07-13 18:56:03,901 [INFO] Pass: Size - 0.06175 (ms)
2026-07-13 18:56:03,901 [INFO] Pass: FixedPoint - 0.00477 (ms)
2026-07-13 18:56:03,901 [INFO] Pass: Optimize1qGatesDecomposition - 0.14019 (ms)
2026-07-13 18:56:03,901 [INFO] Pass: InverseCancellation - 0.00691 (ms)
2026-07-13 18:56:03,902 [INFO] Pass: GatesInBasis - 0.90814 (ms)
2026-07-13 18:56:03,902 [INFO] Pass: Depth - 0.16642 (ms)
2026-07-13 18:56:03,903 [INFO] Pass: FixedPoint - 0.00501 (ms)
2026-07-13 18:56:03,903 [INFO] Pass: Size - 0.05937 (ms)
2026-07-13 18:56:03,903 [INFO] Pass: HighLevelSynthesis - 1.72043 (ms)
2026-07-13 18:56:03,903 [INFO] Pass: FixedPoint - 0.00477 (ms)
2026-07-13 18:56:03,903 [INFO] Pass: ContainsInstruction - 0.00501 (ms)
2026-07-13 18:56:03,904 [INFO] Pass: BasisTranslator - 0.84662 (ms)
2026-07-13 18:56:03,904 [INFO] Pass: Depth - 0.20814 (ms)
2026-07-13 18:56:03,904 [INFO] Pass: FixedPoint - 0.01121 (ms)
2026-07-13 18:56:03,904 [INFO] Pass: ContainsInstruction - 0.01168 (ms)
2026-07-13 18:56:03,904 [INFO] Pass: Size - 0.06104 (ms)
2026-07-13 18:56:03,904 [INFO] Pass: InverseCancellation - 0.01526 (ms)
2026-07-13 18:56:03,904 [INFO] Pass: FixedPoint - 0.00453 (ms)
2026-07-13 18:56:03,904 [INFO] Pass: UnitarySynthesis - 0.00572 (ms)
2026-07-13 18:56:03,904 [INFO] Total Transpile Time - 81.90918 (ms)
2026-07-13 18:56:03,904 [INFO] Pass: Optimize1qGatesDecomposition - 0.13685 (ms)
2026-07-13 18:56:03,904 [INFO] Pass: InverseCancellation - 0.00715 (ms)
2026-07-13 18:56:03,905 [INFO] Pass: GatesInBasis - 0.89192 (ms)
2026-07-13 18:56:03,905 [INFO] Pass: Depth - 0.17166 (ms)
2026-07-13 18:56:03,905 [INFO] Pass: FixedPoint - 0.00548 (ms)
2026-07-13 18:56:03,905 [INFO] Pass: Size - 0.05984 (ms)
2026-07-13 18:56:03,906 [INFO] Pass: FixedPoint - 0.00429 (ms)
2026-07-13 18:56:03,906 [INFO] Pass: ContainsInstruction - 0.00501 (ms)
2026-07-13 18:56:03,906 [INFO] Pass: HighLevelSynthesis - 1.71161 (ms)
2026-07-13 18:56:03,907 [INFO] Pass: BasisTranslator - 0.89550 (ms)
2026-07-13 18:56:03,907 [INFO] Total Transpile Time - 81.27213 (ms)
2026-07-13 18:56:03,907 [INFO] Pass: Depth - 0.20432 (ms)
2026-07-13 18:56:03,907 [INFO] Pass: FixedPoint - 0.01049 (ms)
2026-07-13 18:56:03,907 [INFO] Pass: Size - 0.06223 (ms)
2026-07-13 18:56:03,907 [INFO] Pass: FixedPoint - 0.00477 (ms)
2026-07-13 18:56:03,907 [INFO] Pass: Optimize1qGatesDecomposition - 0.14257 (ms)
2026-07-13 18:56:03,907 [INFO] Pass: InverseCancellation - 0.00739 (ms)
2026-07-13 18:56:03,908 [INFO] Pass: GatesInBasis - 0.90885 (ms)
2026-07-13 18:56:03,909 [INFO] Pass: Depth - 0.16832 (ms)
2026-07-13 18:56:03,909 [INFO] Pass: FixedPoint - 0.00548 (ms)
2026-07-13 18:56:03,909 [INFO] Pass: Size - 0.05984 (ms)
2026-07-13 18:56:03,909 [INFO] Pass: FixedPoint - 0.00453 (ms)
2026-07-13 18:56:03,909 [INFO] Pass: ContainsInstruction - 0.00477 (ms)
2026-07-13 18:56:03,910 [INFO] Total Transpile Time - 80.91831 (ms)
2026-07-13 18:56:03,932 [INFO] Pass: ContainsInstruction - 0.00811 (ms)
2026-07-13 18:56:03,932 [INFO] Pass: ContainsInstruction - 0.01049 (ms)
2026-07-13 18:56:03,932 [INFO] Pass: InverseCancellation - 0.18191 (ms)
2026-07-13 18:56:03,932 [INFO] Pass: UnitarySynthesis - 0.00477 (ms)
2026-07-13 18:56:03,932 [INFO] Pass: InverseCancellation - 0.17643 (ms)
2026-07-13 18:56:03,932 [INFO] Pass: UnitarySynthesis - 0.00477 (ms)
2026-07-13 18:56:03,933 [INFO] Pass: ContainsInstruction - 0.00787 (ms)
2026-07-13 18:56:03,934 [INFO] Pass: HighLevelSynthesis - 1.61099 (ms)
2026-07-13 18:56:03,934 [INFO] Pass: InverseCancellation - 0.17309 (ms)
2026-07-13 18:56:03,934 [INFO] Pass: UnitarySynthesis - 0.00405 (ms)
2026-07-13 18:56:03,934 [INFO] Pass: HighLevelSynthesis - 1.62148 (ms)
2026-07-13 18:56:03,935 [INFO] Pass: BasisTranslator - 1.00255 (ms)
2026-07-13 18:56:03,935 [INFO] Pass: BasisTranslator - 0.85807 (ms)
2026-07-13 18:56:03,935 [INFO] Pass: Depth - 0.18549 (ms)
2026-07-13 18:56:03,935 [INFO] Pass: Depth - 0.18501 (ms)
2026-07-13 18:56:03,935 [INFO] Pass: FixedPoint - 0.00739 (ms)
2026-07-13 18:56:03,935 [INFO] Pass: FixedPoint - 0.00739 (ms)
2026-07-13 18:56:03,935 [INFO] Pass: Size - 0.06223 (ms)
2026-07-13 18:56:03,935 [INFO] Pass: FixedPoint - 0.00429 (ms)
2026-07-13 18:56:03,935 [INFO] Pass: Size - 0.06318 (ms)
2026-07-13 18:56:03,935 [INFO] Pass: FixedPoint - 0.00429 (ms)
2026-07-13 18:56:03,936 [INFO] Pass: HighLevelSynthesis - 1.64223 (ms)
2026-07-13 18:56:03,936 [INFO] Pass: ContainsInstruction - 0.00811 (ms)
2026-07-13 18:56:03,936 [INFO] Pass: InverseCancellation - 0.16928 (ms)
2026-07-13 18:56:03,936 [INFO] Pass: UnitarySynthesis - 0.00429 (ms)
2026-07-13 18:56:03,936 [INFO] Pass: Optimize1qGatesDecomposition - 0.80490 (ms)
2026-07-13 18:56:03,936 [INFO] Pass: Optimize1qGatesDecomposition - 0.79513 (ms)
2026-07-13 18:56:03,936 [INFO] Pass: InverseCancellation - 0.15950 (ms)
2026-07-13 18:56:03,936 [INFO] Pass: InverseCancellation - 0.15926 (ms)
2026-07-13 18:56:03,936 [INFO] Pass: BasisTranslator - 0.87166 (ms)
2026-07-13 18:56:03,937 [INFO] Pass: Depth - 0.18406 (ms)
2026-07-13 18:56:03,937 [INFO] Pass: FixedPoint - 0.00787 (ms)
2026-07-13 18:56:03,937 [INFO] Pass: Size - 0.06294 (ms)
2026-07-13 18:56:03,937 [INFO] Pass: FixedPoint - 0.00453 (ms)
2026-07-13 18:56:03,937 [INFO] Pass: GatesInBasis - 0.92745 (ms)
2026-07-13 18:56:03,937 [INFO] Pass: GatesInBasis - 0.93174 (ms)
2026-07-13 18:56:03,937 [INFO] Pass: Depth - 0.17405 (ms)
2026-07-13 18:56:03,937 [INFO] Pass: Depth - 0.17357 (ms)
2026-07-13 18:56:03,937 [INFO] Pass: FixedPoint - 0.00548 (ms)
2026-07-13 18:56:03,938 [INFO] Pass: HighLevelSynthesis - 1.61457 (ms)
2026-07-13 18:56:03,938 [INFO] Pass: FixedPoint - 0.00572 (ms)
2026-07-13 18:56:03,938 [INFO] Pass: Size - 0.06223 (ms)
2026-07-13 18:56:03,938 [INFO] Pass: FixedPoint - 0.00477 (ms)
2026-07-13 18:56:03,938 [INFO] Pass: Size - 0.06127 (ms)
2026-07-13 18:56:03,938 [INFO] Pass: FixedPoint - 0.00477 (ms)
2026-07-13 18:56:03,938 [INFO] Pass: ContainsInstruction - 0.00548 (ms)
2026-07-13 18:56:03,938 [INFO] Pass: Optimize1qGatesDecomposition - 0.79417 (ms)
2026-07-13 18:56:03,938 [INFO] Pass: ContainsInstruction - 0.00548 (ms)
2026-07-13 18:56:03,938 [INFO] Pass: ContainsInstruction - 0.00834 (ms)
2026-07-13 18:56:03,938 [INFO] Pass: InverseCancellation - 0.15473 (ms)
2026-07-13 18:56:03,938 [INFO] Pass: InverseCancellation - 0.17548 (ms)
2026-07-13 18:56:03,938 [INFO] Pass: UnitarySynthesis - 0.00429 (ms)
2026-07-13 18:56:03,938 [INFO] Pass: BasisTranslator - 0.85378 (ms)
2026-07-13 18:56:03,939 [INFO] Pass: Depth - 0.18430 (ms)
2026-07-13 18:56:03,939 [INFO] Pass: FixedPoint - 0.00811 (ms)
2026-07-13 18:56:03,939 [INFO] Pass: Size - 0.06270 (ms)
2026-07-13 18:56:03,939 [INFO] Pass: FixedPoint - 0.00429 (ms)
2026-07-13 18:56:03,939 [INFO] Pass: GatesInBasis - 0.93555 (ms)
2026-07-13 18:56:03,939 [INFO] Pass: Depth - 0.17643 (ms)
2026-07-13 18:56:03,939 [INFO] Total Transpile Time - 64.43024 (ms)
2026-07-13 18:56:03,939 [INFO] Pass: FixedPoint - 0.00525 (ms)
2026-07-13 18:56:03,939 [INFO] Total Transpile Time - 64.48793 (ms)
2026-07-13 18:56:03,939 [INFO] Pass: Size - 0.06151 (ms)
2026-07-13 18:56:03,939 [INFO] Pass: FixedPoint - 0.00429 (ms)
2026-07-13 18:56:03,939 [INFO] Pass: ContainsInstruction - 0.00548 (ms)
2026-07-13 18:56:03,940 [INFO] Pass: Optimize1qGatesDecomposition - 0.79322 (ms)
2026-07-13 18:56:03,940 [INFO] Pass: HighLevelSynthesis - 1.62005 (ms)
2026-07-13 18:56:03,940 [INFO] Pass: InverseCancellation - 0.15283 (ms)
2026-07-13 18:56:03,941 [INFO] Pass: BasisTranslator - 0.85306 (ms)
2026-07-13 18:56:03,941 [INFO] Total Transpile Time - 64.41379 (ms)
2026-07-13 18:56:03,941 [INFO] Pass: GatesInBasis - 0.93055 (ms)
2026-07-13 18:56:03,941 [INFO] Pass: Depth - 0.18287 (ms)
2026-07-13 18:56:03,941 [INFO] Pass: FixedPoint - 0.00787 (ms)
2026-07-13 18:56:03,941 [INFO] Pass: Depth - 0.17428 (ms)
2026-07-13 18:56:03,941 [INFO] Pass: Size - 0.06270 (ms)
2026-07-13 18:56:03,941 [INFO] Pass: FixedPoint - 0.00525 (ms)
2026-07-13 18:56:03,941 [INFO] Pass: FixedPoint - 0.00453 (ms)
2026-07-13 18:56:03,941 [INFO] Pass: Size - 0.06127 (ms)
2026-07-13 18:56:03,941 [INFO] Pass: FixedPoint - 0.00429 (ms)
2026-07-13 18:56:03,941 [INFO] Pass: ContainsInstruction - 0.00501 (ms)
2026-07-13 18:56:03,942 [INFO] Pass: Optimize1qGatesDecomposition - 0.79155 (ms)
2026-07-13 18:56:03,942 [INFO] Pass: InverseCancellation - 0.15211 (ms)
2026-07-13 18:56:03,943 [INFO] Total Transpile Time - 64.29482 (ms)
2026-07-13 18:56:03,943 [INFO] Pass: ContainsInstruction - 0.00739 (ms)
2026-07-13 18:56:03,943 [INFO] Pass: InverseCancellation - 0.17190 (ms)
2026-07-13 18:56:03,943 [INFO] Pass: GatesInBasis - 0.93031 (ms)
2026-07-13 18:56:03,943 [INFO] Pass: UnitarySynthesis - 0.00477 (ms)
2026-07-13 18:56:03,943 [INFO] Pass: Depth - 0.17571 (ms)
2026-07-13 18:56:03,943 [INFO] Pass: FixedPoint - 0.00596 (ms)
2026-07-13 18:56:03,943 [INFO] Pass: Size - 0.06175 (ms)
2026-07-13 18:56:03,943 [INFO] Pass: FixedPoint - 0.00453 (ms)
2026-07-13 18:56:03,944 [INFO] Pass: ContainsInstruction - 0.00525 (ms)
2026-07-13 18:56:03,945 [INFO] Pass: ContainsInstruction - 0.00739 (ms)
2026-07-13 18:56:03,945 [INFO] Pass: HighLevelSynthesis - 1.62053 (ms)
2026-07-13 18:56:03,945 [INFO] Pass: InverseCancellation - 0.17619 (ms)
2026-07-13 18:56:03,945 [INFO] Pass: UnitarySynthesis - 0.00429 (ms)
2026-07-13 18:56:03,945 [INFO] Total Transpile Time - 64.39757 (ms)
2026-07-13 18:56:03,946 [INFO] Pass: BasisTranslator - 0.85568 (ms)
2026-07-13 18:56:03,946 [INFO] Pass: Depth - 0.18430 (ms)
2026-07-13 18:56:03,946 [INFO] Pass: FixedPoint - 0.00763 (ms)
2026-07-13 18:56:03,946 [INFO] Pass: Size - 0.06247 (ms)
2026-07-13 18:56:03,946 [INFO] Pass: FixedPoint - 0.00453 (ms)
2026-07-13 18:56:03,947 [INFO] Pass: HighLevelSynthesis - 1.60742 (ms)
2026-07-13 18:56:03,947 [INFO] Pass: Optimize1qGatesDecomposition - 0.81635 (ms)
2026-07-13 18:56:03,947 [INFO] Pass: InverseCancellation - 0.15402 (ms)
2026-07-13 18:56:03,947 [INFO] Pass: BasisTranslator - 0.86021 (ms)
2026-07-13 18:56:03,948 [INFO] Pass: Depth - 0.18501 (ms)
2026-07-13 18:56:03,948 [INFO] Pass: FixedPoint - 0.00763 (ms)
2026-07-13 18:56:03,948 [INFO] Pass: Size - 0.06247 (ms)
2026-07-13 18:56:03,948 [INFO] Pass: FixedPoint - 0.00477 (ms)
2026-07-13 18:56:03,948 [INFO] Pass: ContainsInstruction - 0.00763 (ms)
2026-07-13 18:56:03,948 [INFO] Pass: InverseCancellation - 0.17643 (ms)
2026-07-13 18:56:03,948 [INFO] Pass: GatesInBasis - 0.93269 (ms)
2026-07-13 18:56:03,948 [INFO] Pass: UnitarySynthesis - 0.00429 (ms)
2026-07-13 18:56:03,948 [INFO] Pass: Depth - 0.17786 (ms)
2026-07-13 18:56:03,948 [INFO] Pass: FixedPoint - 0.00572 (ms)
2026-07-13 18:56:03,949 [INFO] Pass: Size - 0.06151 (ms)
2026-07-13 18:56:03,949 [INFO] Pass: FixedPoint - 0.00477 (ms)
2026-07-13 18:56:03,949 [INFO] Pass: ContainsInstruction - 0.00525 (ms)
2026-07-13 18:56:03,949 [INFO] Pass: Optimize1qGatesDecomposition - 0.79012 (ms)
2026-07-13 18:56:03,949 [INFO] Pass: InverseCancellation - 0.15140 (ms)
2026-07-13 18:56:03,950 [INFO] Pass: HighLevelSynthesis - 1.61338 (ms)
2026-07-13 18:56:03,950 [INFO] Pass: GatesInBasis - 0.93317 (ms)
2026-07-13 18:56:03,950 [INFO] Total Transpile Time - 64.24236 (ms)
2026-07-13 18:56:03,950 [INFO] Pass: Depth - 0.17357 (ms)
2026-07-13 18:56:03,950 [INFO] Pass: FixedPoint - 0.00548 (ms)
2026-07-13 18:56:03,950 [INFO] Pass: Size - 0.06199 (ms)
2026-07-13 18:56:03,950 [INFO] Pass: FixedPoint - 0.00453 (ms)
2026-07-13 18:56:03,950 [INFO] Pass: ContainsInstruction - 0.00477 (ms)
2026-07-13 18:56:03,951 [INFO] Pass: BasisTranslator - 0.86188 (ms)
2026-07-13 18:56:03,951 [INFO] Pass: ContainsInstruction - 0.00763 (ms)
2026-07-13 18:56:03,951 [INFO] Pass: Depth - 0.18334 (ms)
2026-07-13 18:56:03,951 [INFO] Pass: FixedPoint - 0.00787 (ms)
2026-07-13 18:56:03,951 [INFO] Pass: Size - 0.06247 (ms)
2026-07-13 18:56:03,951 [INFO] Pass: InverseCancellation - 0.17452 (ms)
2026-07-13 18:56:03,951 [INFO] Pass: FixedPoint - 0.00453 (ms)
2026-07-13 18:56:03,951 [INFO] Pass: UnitarySynthesis - 0.00405 (ms)
2026-07-13 18:56:03,952 [INFO] Total Transpile Time - 64.20279 (ms)
2026-07-13 18:56:03,952 [INFO] Pass: Optimize1qGatesDecomposition - 0.78845 (ms)
2026-07-13 18:56:03,952 [INFO] Pass: InverseCancellation - 0.15163 (ms)
2026-07-13 18:56:03,953 [INFO] Pass: HighLevelSynthesis - 1.61171 (ms)
2026-07-13 18:56:03,953 [INFO] Pass: GatesInBasis - 0.93079 (ms)
2026-07-13 18:56:03,953 [INFO] Pass: Depth - 0.17452 (ms)
2026-07-13 18:56:03,953 [INFO] Pass: FixedPoint - 0.00525 (ms)
2026-07-13 18:56:03,954 [INFO] Pass: Size - 0.06151 (ms)
2026-07-13 18:56:03,954 [INFO] Pass: FixedPoint - 0.00429 (ms)
2026-07-13 18:56:03,954 [INFO] Pass: ContainsInstruction - 0.00548 (ms)
2026-07-13 18:56:03,954 [INFO] Pass: BasisTranslator - 0.85926 (ms)
2026-07-13 18:56:03,954 [INFO] Pass: Depth - 0.18477 (ms)
2026-07-13 18:56:03,954 [INFO] Pass: FixedPoint - 0.00787 (ms)
2026-07-13 18:56:03,954 [INFO] Pass: Size - 0.06318 (ms)
2026-07-13 18:56:03,954 [INFO] Pass: FixedPoint - 0.00429 (ms)
2026-07-13 18:56:03,954 [INFO] Pass: ContainsInstruction - 0.00858 (ms)
2026-07-13 18:56:03,955 [INFO] Pass: InverseCancellation - 0.17166 (ms)
2026-07-13 18:56:03,955 [INFO] Pass: UnitarySynthesis - 0.00429 (ms)
2026-07-13 18:56:03,955 [INFO] Total Transpile Time - 64.09311 (ms)
2026-07-13 18:56:03,955 [INFO] Pass: Optimize1qGatesDecomposition - 0.82040 (ms)
2026-07-13 18:56:03,955 [INFO] Pass: InverseCancellation - 0.16046 (ms)
2026-07-13 18:56:03,956 [INFO] Pass: GatesInBasis - 0.93842 (ms)
2026-07-13 18:56:03,956 [INFO] Pass: HighLevelSynthesis - 1.60861 (ms)
2026-07-13 18:56:03,956 [INFO] Pass: Depth - 0.17428 (ms)
2026-07-13 18:56:03,956 [INFO] Pass: FixedPoint - 0.00572 (ms)
2026-07-13 18:56:03,957 [INFO] Pass: Size - 0.06151 (ms)
2026-07-13 18:56:03,957 [INFO] Pass: FixedPoint - 0.00429 (ms)
2026-07-13 18:56:03,957 [INFO] Pass: ContainsInstruction - 0.00548 (ms)
2026-07-13 18:56:03,957 [INFO] Pass: BasisTranslator - 0.85664 (ms)
2026-07-13 18:56:03,957 [INFO] Pass: Depth - 0.18764 (ms)
2026-07-13 18:56:03,957 [INFO] Pass: ContainsInstruction - 0.00787 (ms)
2026-07-13 18:56:03,957 [INFO] Pass: FixedPoint - 0.00763 (ms)
2026-07-13 18:56:03,958 [INFO] Pass: Size - 0.06318 (ms)
2026-07-13 18:56:03,958 [INFO] Pass: FixedPoint - 0.00453 (ms)
2026-07-13 18:56:03,958 [INFO] Pass: InverseCancellation - 0.17452 (ms)
2026-07-13 18:56:03,958 [INFO] Pass: UnitarySynthesis - 0.00453 (ms)
2026-07-13 18:56:03,958 [INFO] Total Transpile Time - 64.21804 (ms)
2026-07-13 18:56:03,958 [INFO] Pass: Optimize1qGatesDecomposition - 0.78440 (ms)
2026-07-13 18:56:03,959 [INFO] Pass: InverseCancellation - 0.15402 (ms)
2026-07-13 18:56:03,959 [INFO] Pass: HighLevelSynthesis - 1.60670 (ms)
2026-07-13 18:56:03,960 [INFO] Pass: GatesInBasis - 0.94008 (ms)
2026-07-13 18:56:03,960 [INFO] Pass: Depth - 0.17405 (ms)
2026-07-13 18:56:03,960 [INFO] Pass: FixedPoint - 0.00596 (ms)
2026-07-13 18:56:03,960 [INFO] Pass: Size - 0.06223 (ms)
2026-07-13 18:56:03,960 [INFO] Pass: FixedPoint - 0.00453 (ms)
2026-07-13 18:56:03,960 [INFO] Pass: ContainsInstruction - 0.00548 (ms)
2026-07-13 18:56:03,960 [INFO] Pass: BasisTranslator - 0.86689 (ms)
2026-07-13 18:56:03,960 [INFO] Pass: Depth - 0.18406 (ms)
2026-07-13 18:56:03,961 [INFO] Pass: FixedPoint - 0.00811 (ms)
2026-07-13 18:56:03,961 [INFO] Pass: Size - 0.06318 (ms)
2026-07-13 18:56:03,961 [INFO] Pass: FixedPoint - 0.00429 (ms)
2026-07-13 18:56:03,961 [INFO] Pass: ContainsInstruction - 0.00763 (ms)
2026-07-13 18:56:03,961 [INFO] Pass: InverseCancellation - 0.17357 (ms)
2026-07-13 18:56:03,961 [INFO] Pass: UnitarySynthesis - 0.00429 (ms)
2026-07-13 18:56:03,961 [INFO] Total Transpile Time - 64.25452 (ms)
2026-07-13 18:56:03,961 [INFO] Pass: Optimize1qGatesDecomposition - 0.78440 (ms)
2026-07-13 18:56:03,962 [INFO] Pass: InverseCancellation - 0.15426 (ms)
2026-07-13 18:56:03,963 [INFO] Pass: GatesInBasis - 0.93842 (ms)
2026-07-13 18:56:03,963 [INFO] Pass: Depth - 0.17452 (ms)
2026-07-13 18:56:03,963 [INFO] Pass: HighLevelSynthesis - 1.63150 (ms)
2026-07-13 18:56:03,963 [INFO] Pass: FixedPoint - 0.00572 (ms)
2026-07-13 18:56:03,963 [INFO] Pass: Size - 0.06175 (ms)
2026-07-13 18:56:03,963 [INFO] Pass: FixedPoint - 0.00453 (ms)
2026-07-13 18:56:03,963 [INFO] Pass: ContainsInstruction - 0.00525 (ms)
2026-07-13 18:56:03,964 [INFO] Pass: BasisTranslator - 0.85950 (ms)
2026-07-13 18:56:03,964 [INFO] Pass: ContainsInstruction - 0.00644 (ms)
2026-07-13 18:56:03,964 [INFO] Pass: Depth - 0.18287 (ms)
2026-07-13 18:56:03,964 [INFO] Pass: FixedPoint - 0.00715 (ms)
2026-07-13 18:56:03,964 [INFO] Pass: InverseCancellation - 0.17214 (ms)
2026-07-13 18:56:03,964 [INFO] Pass: UnitarySynthesis - 0.00405 (ms)
2026-07-13 18:56:03,964 [INFO] Pass: Size - 0.06223 (ms)
2026-07-13 18:56:03,964 [INFO] Pass: FixedPoint - 0.00453 (ms)
2026-07-13 18:56:03,965 [INFO] Total Transpile Time - 64.23450 (ms)
2026-07-13 18:56:03,965 [INFO] Pass: Optimize1qGatesDecomposition - 0.79656 (ms)
2026-07-13 18:56:03,965 [INFO] Pass: InverseCancellation - 0.16379 (ms)
2026-07-13 18:56:03,966 [INFO] Pass: HighLevelSynthesis - 1.61195 (ms)
2026-07-13 18:56:03,966 [INFO] Pass: GatesInBasis - 0.95606 (ms)
2026-07-13 18:56:03,967 [INFO] Pass: Depth - 0.17548 (ms)
2026-07-13 18:56:03,967 [INFO] Pass: FixedPoint - 0.00596 (ms)
2026-07-13 18:56:03,967 [INFO] Pass: Size - 0.06223 (ms)
2026-07-13 18:56:03,967 [INFO] Pass: FixedPoint - 0.00477 (ms)
2026-07-13 18:56:03,967 [INFO] Pass: BasisTranslator - 0.85425 (ms)
2026-07-13 18:56:03,967 [INFO] Pass: ContainsInstruction - 0.00548 (ms)
2026-07-13 18:56:03,967 [INFO] Pass: Depth - 0.17762 (ms)
2026-07-13 18:56:03,967 [INFO] Pass: FixedPoint - 0.00739 (ms)
2026-07-13 18:56:03,967 [INFO] Pass: Size - 0.06247 (ms)
2026-07-13 18:56:03,967 [INFO] Pass: FixedPoint - 0.00453 (ms)
2026-07-13 18:56:03,967 [INFO] Pass: ContainsInstruction - 0.00644 (ms)
2026-07-13 18:56:03,967 [INFO] Pass: InverseCancellation - 0.17405 (ms)
2026-07-13 18:56:03,967 [INFO] Pass: UnitarySynthesis - 0.00405 (ms)
2026-07-13 18:56:03,968 [INFO] Pass: Optimize1qGatesDecomposition - 0.81062 (ms)
2026-07-13 18:56:03,968 [INFO] Total Transpile Time - 64.00728 (ms)
2026-07-13 18:56:03,968 [INFO] Pass: InverseCancellation - 0.15998 (ms)
2026-07-13 18:56:03,969 [INFO] Pass: HighLevelSynthesis - 1.63627 (ms)
2026-07-13 18:56:03,969 [INFO] Pass: GatesInBasis - 1.03736 (ms)
2026-07-13 18:56:03,970 [INFO] Pass: Depth - 0.17595 (ms)
2026-07-13 18:56:03,970 [INFO] Pass: FixedPoint - 0.00620 (ms)
2026-07-13 18:56:03,970 [INFO] Pass: Size - 0.06199 (ms)
2026-07-13 18:56:03,970 [INFO] Pass: FixedPoint - 0.00453 (ms)
2026-07-13 18:56:03,970 [INFO] Pass: ContainsInstruction - 0.00548 (ms)
2026-07-13 18:56:03,970 [INFO] Pass: BasisTranslator - 0.86570 (ms)
2026-07-13 18:56:03,970 [INFO] Pass: Depth - 0.18096 (ms)
2026-07-13 18:56:03,970 [INFO] Pass: FixedPoint - 0.00691 (ms)
2026-07-13 18:56:03,970 [INFO] Pass: Size - 0.06247 (ms)
2026-07-13 18:56:03,970 [INFO] Pass: FixedPoint - 0.00429 (ms)
2026-07-13 18:56:03,971 [INFO] Total Transpile Time - 64.10074 (ms)
2026-07-13 18:56:03,971 [INFO] Pass: Optimize1qGatesDecomposition - 0.77987 (ms)
2026-07-13 18:56:03,972 [INFO] Pass: InverseCancellation - 0.15283 (ms)
2026-07-13 18:56:03,972 [INFO] Pass: GatesInBasis - 0.94342 (ms)
2026-07-13 18:56:03,973 [INFO] Pass: Depth - 0.17166 (ms)
2026-07-13 18:56:03,973 [INFO] Pass: FixedPoint - 0.00596 (ms)
2026-07-13 18:56:03,973 [INFO] Pass: Size - 0.06127 (ms)
2026-07-13 18:56:03,973 [INFO] Pass: FixedPoint - 0.00453 (ms)
2026-07-13 18:56:03,973 [INFO] Pass: ContainsInstruction - 0.00525 (ms)
2026-07-13 18:56:03,974 [INFO] Total Transpile Time - 64.09860 (ms)
2026-07-13 18:56:03,996 [INFO] Pass: ContainsInstruction - 0.00954 (ms)
2026-07-13 18:56:03,996 [INFO] Pass: ContainsInstruction - 0.00811 (ms)
2026-07-13 18:56:03,997 [INFO] Pass: InverseCancellation - 0.17357 (ms)
2026-07-13 18:56:03,997 [INFO] Pass: UnitarySynthesis - 0.00477 (ms)
2026-07-13 18:56:03,997 [INFO] Pass: InverseCancellation - 0.17118 (ms)
2026-07-13 18:56:03,997 [INFO] Pass: UnitarySynthesis - 0.00429 (ms)
2026-07-13 18:56:03,998 [INFO] Pass: ContainsInstruction - 0.00739 (ms)
2026-07-13 18:56:03,998 [INFO] Pass: InverseCancellation - 0.17810 (ms)
2026-07-13 18:56:03,998 [INFO] Pass: HighLevelSynthesis - 1.66678 (ms)
2026-07-13 18:56:03,998 [INFO] Pass: UnitarySynthesis - 0.00429 (ms)
2026-07-13 18:56:03,998 [INFO] Pass: HighLevelSynthesis - 1.63078 (ms)
2026-07-13 18:56:03,999 [INFO] Pass: BasisTranslator - 0.89455 (ms)
2026-07-13 18:56:03,999 [INFO] Pass: BasisTranslator - 0.87142 (ms)
2026-07-13 18:56:03,999 [INFO] Pass: Depth - 0.18692 (ms)
2026-07-13 18:56:04,000 [INFO] Pass: FixedPoint - 0.00691 (ms)
2026-07-13 18:56:04,000 [INFO] Pass: ContainsInstruction - 0.00834 (ms)
2026-07-13 18:56:04,000 [INFO] Pass: Depth - 0.18835 (ms)
2026-07-13 18:56:04,000 [INFO] Pass: Size - 0.06366 (ms)
2026-07-13 18:56:04,000 [INFO] Pass: FixedPoint - 0.00477 (ms)
2026-07-13 18:56:04,000 [INFO] Pass: FixedPoint - 0.00763 (ms)
2026-07-13 18:56:04,000 [INFO] Pass: Size - 0.06485 (ms)
2026-07-13 18:56:04,000 [INFO] Pass: FixedPoint - 0.00429 (ms)
2026-07-13 18:56:04,000 [INFO] Pass: InverseCancellation - 0.17118 (ms)
2026-07-13 18:56:04,000 [INFO] Pass: UnitarySynthesis - 0.00429 (ms)
2026-07-13 18:56:04,000 [INFO] Pass: HighLevelSynthesis - 1.64461 (ms)
2026-07-13 18:56:04,001 [INFO] Pass: Optimize1qGatesDecomposition - 0.86021 (ms)
2026-07-13 18:56:04,001 [INFO] Pass: InverseCancellation - 0.00811 (ms)
2026-07-13 18:56:04,001 [INFO] Pass: Optimize1qGatesDecomposition - 0.86474 (ms)
2026-07-13 18:56:04,001 [INFO] Pass: InverseCancellation - 0.00739 (ms)
2026-07-13 18:56:04,001 [INFO] Pass: BasisTranslator - 0.87500 (ms)
2026-07-13 18:56:04,001 [INFO] Pass: Depth - 0.18907 (ms)
2026-07-13 18:56:04,001 [INFO] Pass: FixedPoint - 0.00715 (ms)
2026-07-13 18:56:04,001 [INFO] Pass: Size - 0.06557 (ms)
2026-07-13 18:56:04,001 [INFO] Pass: FixedPoint - 0.00453 (ms)
2026-07-13 18:56:04,002 [INFO] Pass: HighLevelSynthesis - 1.65510 (ms)
2026-07-13 18:56:04,002 [INFO] Pass: GatesInBasis - 0.90599 (ms)
2026-07-13 18:56:04,002 [INFO] Pass: Depth - 0.17738 (ms)
2026-07-13 18:56:04,002 [INFO] Pass: GatesInBasis - 1.00017 (ms)
2026-07-13 18:56:04,002 [INFO] Pass: FixedPoint - 0.00572 (ms)
2026-07-13 18:56:04,002 [INFO] Pass: Size - 0.06247 (ms)
2026-07-13 18:56:04,002 [INFO] Pass: FixedPoint - 0.00429 (ms)
2026-07-13 18:56:04,002 [INFO] Pass: Depth - 0.17667 (ms)
2026-07-13 18:56:04,002 [INFO] Pass: FixedPoint - 0.00548 (ms)
2026-07-13 18:56:04,002 [INFO] Pass: Size - 0.06175 (ms)
2026-07-13 18:56:04,002 [INFO] Pass: ContainsInstruction - 0.00739 (ms)
2026-07-13 18:56:04,002 [INFO] Pass: FixedPoint - 0.00882 (ms)
2026-07-13 18:56:04,002 [INFO] Pass: Optimize1qGatesDecomposition - 0.86999 (ms)
2026-07-13 18:56:04,002 [INFO] Pass: InverseCancellation - 0.00811 (ms)
2026-07-13 18:56:04,002 [INFO] Pass: InverseCancellation - 0.17452 (ms)
2026-07-13 18:56:04,002 [INFO] Pass: UnitarySynthesis - 0.00429 (ms)
2026-07-13 18:56:04,002 [INFO] Pass: BasisTranslator - 0.88215 (ms)
2026-07-13 18:56:04,003 [INFO] Pass: Optimize1qGatesDecomposition - 0.70262 (ms)
2026-07-13 18:56:04,003 [INFO] Pass: Depth - 0.18787 (ms)
2026-07-13 18:56:04,003 [INFO] Pass: InverseCancellation - 0.00739 (ms)
2026-07-13 18:56:04,003 [INFO] Pass: FixedPoint - 0.00739 (ms)
2026-07-13 18:56:04,003 [INFO] Pass: Size - 0.06390 (ms)
2026-07-13 18:56:04,003 [INFO] Pass: FixedPoint - 0.00453 (ms)
2026-07-13 18:56:04,003 [INFO] Pass: Optimize1qGatesDecomposition - 0.69976 (ms)
2026-07-13 18:56:04,003 [INFO] Pass: InverseCancellation - 0.00739 (ms)
2026-07-13 18:56:04,003 [INFO] Pass: GatesInBasis - 0.98467 (ms)
2026-07-13 18:56:04,004 [INFO] Pass: Depth - 0.17691 (ms)
2026-07-13 18:56:04,004 [INFO] Pass: FixedPoint - 0.00572 (ms)
2026-07-13 18:56:04,004 [INFO] Pass: Size - 0.06175 (ms)
2026-07-13 18:56:04,004 [INFO] Pass: GatesInBasis - 0.95940 (ms)
2026-07-13 18:56:04,004 [INFO] Pass: FixedPoint - 0.00429 (ms)
2026-07-13 18:56:04,004 [INFO] Pass: Optimize1qGatesDecomposition - 0.85592 (ms)
2026-07-13 18:56:04,004 [INFO] Pass: InverseCancellation - 0.00763 (ms)
2026-07-13 18:56:04,004 [INFO] Pass: GatesInBasis - 0.91553 (ms)
2026-07-13 18:56:04,004 [INFO] Pass: Depth - 0.17381 (ms)
2026-07-13 18:56:04,004 [INFO] Pass: FixedPoint - 0.00501 (ms)
2026-07-13 18:56:04,004 [INFO] Pass: Size - 0.06151 (ms)
2026-07-13 18:56:04,004 [INFO] Pass: FixedPoint - 0.00429 (ms)
2026-07-13 18:56:04,004 [INFO] Pass: HighLevelSynthesis - 1.65868 (ms)
2026-07-13 18:56:04,004 [INFO] Pass: Depth - 0.17071 (ms)
2026-07-13 18:56:04,004 [INFO] Pass: ContainsInstruction - 0.00596 (ms)
2026-07-13 18:56:04,004 [INFO] Pass: FixedPoint - 0.00787 (ms)
2026-07-13 18:56:04,004 [INFO] Pass: Size - 0.06175 (ms)
2026-07-13 18:56:04,004 [INFO] Pass: FixedPoint - 0.00429 (ms)
2026-07-13 18:56:04,004 [INFO] Pass: ContainsInstruction - 0.00525 (ms)
2026-07-13 18:56:04,005 [INFO] Pass: Optimize1qGatesDecomposition - 0.69904 (ms)
2026-07-13 18:56:04,005 [INFO] Pass: InverseCancellation - 0.00739 (ms)
2026-07-13 18:56:04,005 [INFO] Pass: GatesInBasis - 0.99397 (ms)
2026-07-13 18:56:04,005 [INFO] Pass: BasisTranslator - 0.89216 (ms)
2026-07-13 18:56:04,005 [INFO] Pass: Depth - 0.17691 (ms)
2026-07-13 18:56:04,005 [INFO] Pass: FixedPoint - 0.00572 (ms)
2026-07-13 18:56:04,005 [INFO] Pass: Size - 0.06557 (ms)
2026-07-13 18:56:04,005 [INFO] Pass: FixedPoint - 0.00453 (ms)
2026-07-13 18:56:04,005 [INFO] Pass: Depth - 0.18954 (ms)
2026-07-13 18:56:04,005 [INFO] Pass: FixedPoint - 0.00763 (ms)
2026-07-13 18:56:04,005 [INFO] Pass: Size - 0.06390 (ms)
2026-07-13 18:56:04,006 [INFO] Pass: FixedPoint - 0.00453 (ms)
2026-07-13 18:56:04,006 [INFO] Pass: GatesInBasis - 0.90623 (ms)
2026-07-13 18:56:04,006 [INFO] Total Transpile Time - 66.45894 (ms)
2026-07-13 18:56:04,006 [INFO] Pass: Depth - 0.17333 (ms)
2026-07-13 18:56:04,006 [INFO] Pass: FixedPoint - 0.00525 (ms)
2026-07-13 18:56:04,006 [INFO] Total Transpile Time - 66.54406 (ms)
2026-07-13 18:56:04,006 [INFO] Pass: Size - 0.06127 (ms)
2026-07-13 18:56:04,006 [INFO] Pass: FixedPoint - 0.00429 (ms)
2026-07-13 18:56:04,006 [INFO] Pass: ContainsInstruction - 0.00525 (ms)
2026-07-13 18:56:04,006 [INFO] Pass: Optimize1qGatesDecomposition - 0.69642 (ms)
2026-07-13 18:56:04,006 [INFO] Pass: InverseCancellation - 0.00739 (ms)
2026-07-13 18:56:04,006 [INFO] Pass: Optimize1qGatesDecomposition - 0.86117 (ms)
2026-07-13 18:56:04,006 [INFO] Pass: InverseCancellation - 0.00811 (ms)
2026-07-13 18:56:04,007 [INFO] Pass: ContainsInstruction - 0.00739 (ms)
2026-07-13 18:56:04,007 [INFO] Pass: GatesInBasis - 0.89979 (ms)
2026-07-13 18:56:04,007 [INFO] Pass: InverseCancellation - 0.17381 (ms)
2026-07-13 18:56:04,007 [INFO] Pass: Depth - 0.17691 (ms)
2026-07-13 18:56:04,007 [INFO] Pass: UnitarySynthesis - 0.00453 (ms)
2026-07-13 18:56:04,007 [INFO] Pass: FixedPoint - 0.00548 (ms)
2026-07-13 18:56:04,007 [INFO] Pass: Size - 0.06175 (ms)
2026-07-13 18:56:04,007 [INFO] Total Transpile Time - 66.58816 (ms)
2026-07-13 18:56:04,007 [INFO] Pass: FixedPoint - 0.00453 (ms)
2026-07-13 18:56:04,007 [INFO] Pass: ContainsInstruction - 0.00572 (ms)
2026-07-13 18:56:04,007 [INFO] Pass: GatesInBasis - 0.97919 (ms)
2026-07-13 18:56:04,008 [INFO] Pass: Depth - 0.18072 (ms)
2026-07-13 18:56:04,008 [INFO] Pass: FixedPoint - 0.00620 (ms)
2026-07-13 18:56:04,008 [INFO] Pass: Size - 0.06223 (ms)
2026-07-13 18:56:04,008 [INFO] Pass: FixedPoint - 0.00429 (ms)
2026-07-13 18:56:04,009 [INFO] Pass: Optimize1qGatesDecomposition - 0.70739 (ms)
2026-07-13 18:56:04,009 [INFO] Pass: InverseCancellation - 0.00811 (ms)
2026-07-13 18:56:04,009 [INFO] Pass: ContainsInstruction - 0.00739 (ms)
2026-07-13 18:56:04,009 [INFO] Total Transpile Time - 66.11776 (ms)
2026-07-13 18:56:04,009 [INFO] Pass: HighLevelSynthesis - 1.65987 (ms)
2026-07-13 18:56:04,009 [INFO] Pass: InverseCancellation - 0.17405 (ms)
2026-07-13 18:56:04,009 [INFO] Pass: UnitarySynthesis - 0.00429 (ms)
2026-07-13 18:56:04,010 [INFO] Pass: GatesInBasis - 0.89908 (ms)
2026-07-13 18:56:04,010 [INFO] Pass: Depth - 0.17214 (ms)
2026-07-13 18:56:04,010 [INFO] Pass: FixedPoint - 0.00525 (ms)
2026-07-13 18:56:04,010 [INFO] Pass: BasisTranslator - 0.87619 (ms)
2026-07-13 18:56:04,010 [INFO] Pass: Size - 0.06104 (ms)
2026-07-13 18:56:04,010 [INFO] Pass: FixedPoint - 0.00453 (ms)
2026-07-13 18:56:04,010 [INFO] Pass: ContainsInstruction - 0.00572 (ms)
2026-07-13 18:56:04,010 [INFO] Pass: Depth - 0.18907 (ms)
2026-07-13 18:56:04,010 [INFO] Pass: FixedPoint - 0.00763 (ms)
2026-07-13 18:56:04,010 [INFO] Pass: Size - 0.06652 (ms)
2026-07-13 18:56:04,010 [INFO] Pass: FixedPoint - 0.00477 (ms)
2026-07-13 18:56:04,011 [INFO] Pass: HighLevelSynthesis - 1.64938 (ms)
2026-07-13 18:56:04,011 [INFO] Pass: Optimize1qGatesDecomposition - 0.85568 (ms)
2026-07-13 18:56:04,011 [INFO] Pass: InverseCancellation - 0.00811 (ms)
2026-07-13 18:56:04,011 [INFO] Total Transpile Time - 66.44225 (ms)
2026-07-13 18:56:04,012 [INFO] Pass: BasisTranslator - 0.88239 (ms)
2026-07-13 18:56:04,012 [INFO] Pass: Depth - 0.18954 (ms)
2026-07-13 18:56:04,012 [INFO] Pass: FixedPoint - 0.00787 (ms)
2026-07-13 18:56:04,012 [INFO] Pass: Size - 0.06437 (ms)
2026-07-13 18:56:04,012 [INFO] Pass: FixedPoint - 0.00453 (ms)
2026-07-13 18:56:04,012 [INFO] Pass: GatesInBasis - 1.00589 (ms)
2026-07-13 18:56:04,012 [INFO] Pass: ContainsInstruction - 0.00763 (ms)
2026-07-13 18:56:04,013 [INFO] Pass: Depth - 0.18120 (ms)
2026-07-13 18:56:04,013 [INFO] Pass: FixedPoint - 0.00644 (ms)
2026-07-13 18:56:04,013 [INFO] Pass: Size - 0.06247 (ms)
2026-07-13 18:56:04,013 [INFO] Pass: InverseCancellation - 0.17381 (ms)
2026-07-13 18:56:04,013 [INFO] Pass: FixedPoint - 0.00453 (ms)
2026-07-13 18:56:04,013 [INFO] Pass: UnitarySynthesis - 0.00429 (ms)
2026-07-13 18:56:04,013 [INFO] Pass: Optimize1qGatesDecomposition - 0.89049 (ms)
2026-07-13 18:56:04,013 [INFO] Pass: InverseCancellation - 0.00834 (ms)
2026-07-13 18:56:04,013 [INFO] Pass: Optimize1qGatesDecomposition - 0.70930 (ms)
2026-07-13 18:56:04,014 [INFO] Pass: InverseCancellation - 0.00787 (ms)
2026-07-13 18:56:04,014 [INFO] Pass: GatesInBasis - 0.99301 (ms)
2026-07-13 18:56:04,014 [INFO] Pass: Depth - 0.18668 (ms)
2026-07-13 18:56:04,014 [INFO] Pass: FixedPoint - 0.00596 (ms)
2026-07-13 18:56:04,014 [INFO] Pass: HighLevelSynthesis - 1.63960 (ms)
2026-07-13 18:56:04,014 [INFO] Pass: GatesInBasis - 0.91052 (ms)
2026-07-13 18:56:04,014 [INFO] Pass: Size - 0.06270 (ms)
2026-07-13 18:56:04,015 [INFO] Pass: FixedPoint - 0.00453 (ms)
2026-07-13 18:56:04,015 [INFO] Pass: Depth - 0.17118 (ms)
2026-07-13 18:56:04,015 [INFO] Pass: FixedPoint - 0.00525 (ms)
2026-07-13 18:56:04,015 [INFO] Pass: Size - 0.06127 (ms)
2026-07-13 18:56:04,015 [INFO] Pass: FixedPoint - 0.00453 (ms)
2026-07-13 18:56:04,015 [INFO] Pass: ContainsInstruction - 0.00525 (ms)
2026-07-13 18:56:04,015 [INFO] Pass: Optimize1qGatesDecomposition - 0.72861 (ms)
2026-07-13 18:56:04,015 [INFO] Pass: BasisTranslator - 0.87237 (ms)
2026-07-13 18:56:04,015 [INFO] Pass: InverseCancellation - 0.00787 (ms)
2026-07-13 18:56:04,015 [INFO] Pass: ContainsInstruction - 0.00834 (ms)
2026-07-13 18:56:04,016 [INFO] Pass: Depth - 0.18740 (ms)
2026-07-13 18:56:04,016 [INFO] Pass: FixedPoint - 0.00858 (ms)
2026-07-13 18:56:04,016 [INFO] Pass: InverseCancellation - 0.17428 (ms)
2026-07-13 18:56:04,016 [INFO] Pass: UnitarySynthesis - 0.00429 (ms)
2026-07-13 18:56:04,016 [INFO] Pass: Size - 0.06437 (ms)
2026-07-13 18:56:04,016 [INFO] Pass: FixedPoint - 0.00477 (ms)
2026-07-13 18:56:04,016 [INFO] Pass: GatesInBasis - 0.91362 (ms)
2026-07-13 18:56:04,016 [INFO] Total Transpile Time - 66.21361 (ms)
2026-07-13 18:56:04,017 [INFO] Pass: Depth - 0.17333 (ms)
2026-07-13 18:56:04,017 [INFO] Pass: FixedPoint - 0.00548 (ms)
2026-07-13 18:56:04,017 [INFO] Pass: Size - 0.06175 (ms)
2026-07-13 18:56:04,017 [INFO] Pass: Optimize1qGatesDecomposition - 0.86284 (ms)
2026-07-13 18:56:04,017 [INFO] Pass: FixedPoint - 0.00453 (ms)
2026-07-13 18:56:04,017 [INFO] Pass: InverseCancellation - 0.00787 (ms)
2026-07-13 18:56:04,017 [INFO] Pass: ContainsInstruction - 0.00596 (ms)
2026-07-13 18:56:04,017 [INFO] Pass: HighLevelSynthesis - 1.65486 (ms)
2026-07-13 18:56:04,018 [INFO] Pass: GatesInBasis - 0.98038 (ms)
2026-07-13 18:56:04,018 [INFO] Pass: Depth - 0.17810 (ms)
2026-07-13 18:56:04,018 [INFO] Pass: FixedPoint - 0.00596 (ms)
2026-07-13 18:56:04,018 [INFO] Pass: Size - 0.06175 (ms)
2026-07-13 18:56:04,018 [INFO] Pass: FixedPoint - 0.00429 (ms)
2026-07-13 18:56:04,018 [INFO] Total Transpile Time - 66.39123 (ms)
2026-07-13 18:56:04,018 [INFO] Pass: BasisTranslator - 0.87523 (ms)
2026-07-13 18:56:04,018 [INFO] Pass: ContainsInstruction - 0.00834 (ms)
2026-07-13 18:56:04,019 [INFO] Pass: Depth - 0.18907 (ms)
2026-07-13 18:56:04,019 [INFO] Pass: FixedPoint - 0.00787 (ms)
2026-07-13 18:56:04,019 [INFO] Pass: Size - 0.06366 (ms)
2026-07-13 18:56:04,019 [INFO] Pass: FixedPoint - 0.00453 (ms)
2026-07-13 18:56:04,019 [INFO] Pass: InverseCancellation - 0.17333 (ms)
2026-07-13 18:56:04,019 [INFO] Pass: UnitarySynthesis - 0.00477 (ms)
2026-07-13 18:56:04,019 [INFO] Pass: Optimize1qGatesDecomposition - 0.70786 (ms)
2026-07-13 18:56:04,019 [INFO] Pass: InverseCancellation - 0.00811 (ms)
2026-07-13 18:56:04,020 [INFO] Pass: Optimize1qGatesDecomposition - 0.87190 (ms)
2026-07-13 18:56:04,020 [INFO] Pass: InverseCancellation - 0.00882 (ms)
2026-07-13 18:56:04,020 [INFO] Pass: GatesInBasis - 0.89025 (ms)
2026-07-13 18:56:04,020 [INFO] Pass: Depth - 0.17238 (ms)
2026-07-13 18:56:04,020 [INFO] Pass: FixedPoint - 0.00525 (ms)
2026-07-13 18:56:04,020 [INFO] Pass: Size - 0.06533 (ms)
2026-07-13 18:56:04,020 [INFO] Pass: FixedPoint - 0.00453 (ms)
2026-07-13 18:56:04,020 [INFO] Pass: ContainsInstruction - 0.00572 (ms)
2026-07-13 18:56:04,021 [INFO] Pass: HighLevelSynthesis - 1.67799 (ms)
2026-07-13 18:56:04,021 [INFO] Pass: GatesInBasis - 1.00040 (ms)
2026-07-13 18:56:04,021 [INFO] Pass: Depth - 0.18239 (ms)
2026-07-13 18:56:04,021 [INFO] Pass: FixedPoint - 0.00572 (ms)
2026-07-13 18:56:04,021 [INFO] Pass: Size - 0.06199 (ms)
2026-07-13 18:56:04,021 [INFO] Pass: FixedPoint - 0.00453 (ms)
2026-07-13 18:56:04,021 [INFO] Pass: BasisTranslator - 0.90098 (ms)
2026-07-13 18:56:04,022 [INFO] Pass: Depth - 0.19145 (ms)
2026-07-13 18:56:04,022 [INFO] Pass: ContainsInstruction - 0.00787 (ms)
2026-07-13 18:56:04,022 [INFO] Pass: FixedPoint - 0.00811 (ms)
2026-07-13 18:56:04,022 [INFO] Total Transpile Time - 66.64538 (ms)
2026-07-13 18:56:04,022 [INFO] Pass: Size - 0.06509 (ms)
2026-07-13 18:56:04,022 [INFO] Pass: Optimize1qGatesDecomposition - 0.70739 (ms)
2026-07-13 18:56:04,022 [INFO] Pass: FixedPoint - 0.00477 (ms)
2026-07-13 18:56:04,022 [INFO] Pass: InverseCancellation - 0.00787 (ms)
2026-07-13 18:56:04,022 [INFO] Pass: InverseCancellation - 0.17929 (ms)
2026-07-13 18:56:04,022 [INFO] Pass: UnitarySynthesis - 0.00453 (ms)
2026-07-13 18:56:04,023 [INFO] Pass: Optimize1qGatesDecomposition - 0.86594 (ms)
2026-07-13 18:56:04,023 [INFO] Pass: InverseCancellation - 0.00858 (ms)
2026-07-13 18:56:04,023 [INFO] Pass: GatesInBasis - 0.91577 (ms)
2026-07-13 18:56:04,023 [INFO] Pass: Depth - 0.17214 (ms)
2026-07-13 18:56:04,023 [INFO] Pass: FixedPoint - 0.00525 (ms)
2026-07-13 18:56:04,023 [INFO] Pass: Size - 0.06485 (ms)
2026-07-13 18:56:04,023 [INFO] Pass: FixedPoint - 0.00453 (ms)
2026-07-13 18:56:04,023 [INFO] Pass: ContainsInstruction - 0.00572 (ms)
2026-07-13 18:56:04,024 [INFO] Pass: HighLevelSynthesis - 1.65629 (ms)
2026-07-13 18:56:04,024 [INFO] Pass: GatesInBasis - 1.00374 (ms)
2026-07-13 18:56:04,024 [INFO] Pass: Depth - 0.18454 (ms)
2026-07-13 18:56:04,024 [INFO] Pass: FixedPoint - 0.00644 (ms)
2026-07-13 18:56:04,024 [INFO] Pass: Size - 0.06318 (ms)
2026-07-13 18:56:04,024 [INFO] Pass: FixedPoint - 0.00453 (ms)
2026-07-13 18:56:04,025 [INFO] Pass: BasisTranslator - 0.87333 (ms)
2026-07-13 18:56:04,025 [INFO] Total Transpile Time - 66.63036 (ms)
2026-07-13 18:56:04,025 [INFO] Pass: Depth - 0.19002 (ms)
2026-07-13 18:56:04,025 [INFO] Pass: FixedPoint - 0.00834 (ms)
2026-07-13 18:56:04,025 [INFO] Pass: Size - 0.06390 (ms)
2026-07-13 18:56:04,025 [INFO] Pass: FixedPoint - 0.00453 (ms)
2026-07-13 18:56:04,025 [INFO] Pass: Optimize1qGatesDecomposition - 0.71025 (ms)
2026-07-13 18:56:04,025 [INFO] Pass: InverseCancellation - 0.00858 (ms)
2026-07-13 18:56:04,025 [INFO] Pass: ContainsInstruction - 0.01121 (ms)
2026-07-13 18:56:04,025 [INFO] Pass: InverseCancellation - 0.17476 (ms)
2026-07-13 18:56:04,026 [INFO] Pass: UnitarySynthesis - 0.00501 (ms)
2026-07-13 18:56:04,026 [INFO] Pass: Optimize1qGatesDecomposition - 0.86117 (ms)
2026-07-13 18:56:04,026 [INFO] Pass: InverseCancellation - 0.00906 (ms)
2026-07-13 18:56:04,026 [INFO] Pass: GatesInBasis - 0.89121 (ms)
2026-07-13 18:56:04,026 [INFO] Pass: Depth - 0.17571 (ms)
2026-07-13 18:56:04,026 [INFO] Pass: FixedPoint - 0.00525 (ms)
2026-07-13 18:56:04,026 [INFO] Pass: Size - 0.06175 (ms)
2026-07-13 18:56:04,026 [INFO] Pass: FixedPoint - 0.00453 (ms)
2026-07-13 18:56:04,027 [INFO] Pass: ContainsInstruction - 0.00548 (ms)
2026-07-13 18:56:04,027 [INFO] Pass: GatesInBasis - 1.00684 (ms)
2026-07-13 18:56:04,027 [INFO] Pass: HighLevelSynthesis - 1.67179 (ms)
2026-07-13 18:56:04,027 [INFO] Pass: Depth - 0.18334 (ms)
2026-07-13 18:56:04,027 [INFO] Pass: FixedPoint - 0.00620 (ms)
2026-07-13 18:56:04,027 [INFO] Pass: Size - 0.06270 (ms)
2026-07-13 18:56:04,027 [INFO] Pass: FixedPoint - 0.00453 (ms)
2026-07-13 18:56:04,028 [INFO] Total Transpile Time - 66.45775 (ms)
2026-07-13 18:56:04,028 [INFO] Pass: ContainsInstruction - 0.00858 (ms)
2026-07-13 18:56:04,028 [INFO] Pass: BasisTranslator - 0.87094 (ms)
2026-07-13 18:56:04,028 [INFO] Pass: Optimize1qGatesDecomposition - 0.71549 (ms)
2026-07-13 18:56:04,028 [INFO] Pass: InverseCancellation - 0.00811 (ms)
2026-07-13 18:56:04,028 [INFO] Pass: InverseCancellation - 0.17381 (ms)
2026-07-13 18:56:04,028 [INFO] Pass: UnitarySynthesis - 0.00453 (ms)
2026-07-13 18:56:04,028 [INFO] Pass: Depth - 0.18835 (ms)
2026-07-13 18:56:04,028 [INFO] Pass: FixedPoint - 0.00811 (ms)
2026-07-13 18:56:04,029 [INFO] Pass: Size - 0.06366 (ms)
2026-07-13 18:56:04,029 [INFO] Pass: FixedPoint - 0.00453 (ms)
2026-07-13 18:56:04,029 [INFO] Pass: GatesInBasis - 0.90170 (ms)
2026-07-13 18:56:04,029 [INFO] Pass: Depth - 0.17357 (ms)
2026-07-13 18:56:04,030 [INFO] Pass: FixedPoint - 0.00501 (ms)
2026-07-13 18:56:04,030 [INFO] Pass: Optimize1qGatesDecomposition - 0.86737 (ms)
2026-07-13 18:56:04,030 [INFO] Pass: InverseCancellation - 0.00906 (ms)
2026-07-13 18:56:04,030 [INFO] Pass: Size - 0.06127 (ms)
2026-07-13 18:56:04,030 [INFO] Pass: FixedPoint - 0.00429 (ms)
2026-07-13 18:56:04,030 [INFO] Pass: ContainsInstruction - 0.00572 (ms)
2026-07-13 18:56:04,030 [INFO] Pass: HighLevelSynthesis - 1.63412 (ms)
2026-07-13 18:56:04,031 [INFO] Pass: GatesInBasis - 1.00112 (ms)
2026-07-13 18:56:04,031 [INFO] Pass: Depth - 0.18215 (ms)
2026-07-13 18:56:04,031 [INFO] Pass: FixedPoint - 0.00620 (ms)
2026-07-13 18:56:04,031 [INFO] Pass: Size - 0.06270 (ms)
2026-07-13 18:56:04,031 [INFO] Pass: BasisTranslator - 0.87810 (ms)
2026-07-13 18:56:04,031 [INFO] Pass: FixedPoint - 0.00429 (ms)
2026-07-13 18:56:04,031 [INFO] Total Transpile Time - 66.52594 (ms)
2026-07-13 18:56:04,031 [INFO] Pass: Depth - 0.18692 (ms)
2026-07-13 18:56:04,031 [INFO] Pass: FixedPoint - 0.00715 (ms)
2026-07-13 18:56:04,031 [INFO] Pass: ContainsInstruction - 0.00691 (ms)
2026-07-13 18:56:04,031 [INFO] Pass: Size - 0.06366 (ms)
2026-07-13 18:56:04,031 [INFO] Pass: FixedPoint - 0.00453 (ms)
2026-07-13 18:56:04,032 [INFO] Pass: InverseCancellation - 0.17190 (ms)
2026-07-13 18:56:04,032 [INFO] Pass: UnitarySynthesis - 0.00453 (ms)
2026-07-13 18:56:04,032 [INFO] Pass: Optimize1qGatesDecomposition - 0.73051 (ms)
2026-07-13 18:56:04,032 [INFO] Pass: InverseCancellation - 0.00811 (ms)
2026-07-13 18:56:04,032 [INFO] Pass: Optimize1qGatesDecomposition - 0.85807 (ms)
2026-07-13 18:56:04,032 [INFO] Pass: InverseCancellation - 0.00763 (ms)
2026-07-13 18:56:04,033 [INFO] Pass: GatesInBasis - 0.89788 (ms)
2026-07-13 18:56:04,033 [INFO] Pass: Depth - 0.17428 (ms)
2026-07-13 18:56:04,033 [INFO] Pass: FixedPoint - 0.00477 (ms)
2026-07-13 18:56:04,033 [INFO] Pass: Size - 0.06223 (ms)
2026-07-13 18:56:04,033 [INFO] Pass: FixedPoint - 0.00429 (ms)
2026-07-13 18:56:04,033 [INFO] Pass: ContainsInstruction - 0.00525 (ms)
2026-07-13 18:56:04,033 [INFO] Pass: HighLevelSynthesis - 1.70469 (ms)
2026-07-13 18:56:04,033 [INFO] Pass: GatesInBasis - 1.01352 (ms)
2026-07-13 18:56:04,034 [INFO] Pass: Depth - 0.17667 (ms)
2026-07-13 18:56:04,034 [INFO] Pass: FixedPoint - 0.00572 (ms)
2026-07-13 18:56:04,034 [INFO] Pass: Size - 0.06104 (ms)
2026-07-13 18:56:04,034 [INFO] Pass: FixedPoint - 0.00429 (ms)
2026-07-13 18:56:04,034 [INFO] Pass: BasisTranslator - 0.88000 (ms)
2026-07-13 18:56:04,035 [INFO] Pass: Depth - 0.18191 (ms)
2026-07-13 18:56:04,035 [INFO] Pass: Optimize1qGatesDecomposition - 0.70238 (ms)
2026-07-13 18:56:04,035 [INFO] Pass: FixedPoint - 0.00691 (ms)
2026-07-13 18:56:04,035 [INFO] Pass: InverseCancellation - 0.00763 (ms)
2026-07-13 18:56:04,035 [INFO] Pass: Size - 0.06390 (ms)
2026-07-13 18:56:04,035 [INFO] Total Transpile Time - 66.42294 (ms)
2026-07-13 18:56:04,035 [INFO] Pass: FixedPoint - 0.00453 (ms)
2026-07-13 18:56:04,036 [INFO] Pass: GatesInBasis - 0.90289 (ms)
2026-07-13 18:56:04,036 [INFO] Pass: Optimize1qGatesDecomposition - 0.85616 (ms)
2026-07-13 18:56:04,036 [INFO] Pass: InverseCancellation - 0.00739 (ms)
2026-07-13 18:56:04,036 [INFO] Pass: Depth - 0.17214 (ms)
2026-07-13 18:56:04,036 [INFO] Pass: FixedPoint - 0.00501 (ms)
2026-07-13 18:56:04,036 [INFO] Pass: Size - 0.06127 (ms)
2026-07-13 18:56:04,036 [INFO] Pass: FixedPoint - 0.00453 (ms)
2026-07-13 18:56:04,036 [INFO] Pass: ContainsInstruction - 0.00548 (ms)
2026-07-13 18:56:04,037 [INFO] Pass: GatesInBasis - 0.99230 (ms)
2026-07-13 18:56:04,037 [INFO] Pass: Depth - 0.17762 (ms)
2026-07-13 18:56:04,037 [INFO] Pass: FixedPoint - 0.00596 (ms)
2026-07-13 18:56:04,037 [INFO] Pass: Size - 0.06175 (ms)
2026-07-13 18:56:04,037 [INFO] Pass: FixedPoint - 0.00453 (ms)
2026-07-13 18:56:04,037 [INFO] Total Transpile Time - 66.15376 (ms)
2026-07-13 18:56:04,038 [INFO] Pass: Optimize1qGatesDecomposition - 0.71096 (ms)
2026-07-13 18:56:04,038 [INFO] Pass: InverseCancellation - 0.00739 (ms)
2026-07-13 18:56:04,039 [INFO] Pass: GatesInBasis - 0.90361 (ms)
2026-07-13 18:56:04,039 [INFO] Pass: Depth - 0.17381 (ms)
2026-07-13 18:56:04,039 [INFO] Pass: FixedPoint - 0.00501 (ms)
2026-07-13 18:56:04,039 [INFO] Pass: Size - 0.06580 (ms)
2026-07-13 18:56:04,039 [INFO] Pass: FixedPoint - 0.00477 (ms)
2026-07-13 18:56:04,039 [INFO] Pass: ContainsInstruction - 0.00525 (ms)
2026-07-13 18:56:04,041 [INFO] Total Transpile Time - 66.30182 (ms)
2026-07-13 18:56:04,522 [INFO] [PCE] Aer metadata (1a ejecucion de este proceso): device=CPU method=statevector shots=2048 fusion_enabled=True
2026-07-13 18:56:04,524 [INFO] [PCE] Aer metadata (1a ejecucion de este proceso): device=CPU method=statevector shots=2048 fusion_enabled=True
2026-07-13 18:56:04,527 [INFO] [PCE] Aer metadata (1a ejecucion de este proceso): device=CPU method=statevector shots=2048 fusion_enabled=True
2026-07-13 18:56:04,530 [INFO] [PCE] Aer metadata (1a ejecucion de este proceso): device=CPU method=statevector shots=2048 fusion_enabled=True
2026-07-13 18:56:04,533 [INFO] [PCE] Aer metadata (1a ejecucion de este proceso): device=CPU method=statevector shots=2048 fusion_enabled=True
2026-07-13 18:56:04,535 [INFO] [PCE] Aer metadata (1a ejecucion de este proceso): device=CPU method=statevector shots=2048 fusion_enabled=True
2026-07-13 18:56:04,538 [INFO] [PCE] Aer metadata (1a ejecucion de este proceso): device=CPU method=statevector shots=2048 fusion_enabled=True
2026-07-13 18:56:04,541 [INFO] [PCE] Aer metadata (1a ejecucion de este proceso): device=CPU method=statevector shots=2048 fusion_enabled=True
2026-07-13 18:56:04,543 [INFO] [PCE] Aer metadata (1a ejecucion de este proceso): device=CPU method=statevector shots=2048 fusion_enabled=True
2026-07-13 18:56:04,546 [INFO] [PCE] Aer metadata (1a ejecucion de este proceso): device=CPU method=statevector shots=2048 fusion_enabled=True
2026-07-13 18:56:04,549 [INFO] [PCE] Aer metadata (1a ejecucion de este proceso): device=CPU method=statevector shots=2048 fusion_enabled=True
2026-07-13 18:56:04,552 [INFO] [PCE] Aer metadata (1a ejecucion de este proceso): device=CPU method=statevector shots=2048 fusion_enabled=True
2026-07-13 18:56:04,554 [INFO] [PCE] Aer metadata (1a ejecucion de este proceso): device=CPU method=statevector shots=2048 fusion_enabled=True
2026-07-13 18:56:04,557 [INFO] [PCE] Aer metadata (1a ejecucion de este proceso): device=CPU method=statevector shots=2048 fusion_enabled=True
2026-07-13 23:00:29,172 [INFO] [PCE] n=250 instancia (idx=26) 1/14 completada (paralelo) - transcurrido=0:04:04:25
2026-07-13 23:00:29,879 [INFO] [PCE] n=250 instancia (idx=19) 2/14 completada (paralelo) - transcurrido=0:04:04:26
2026-07-13 23:00:30,817 [INFO] [PCE] n=250 instancia (idx=89) 3/14 completada (paralelo) - transcurrido=0:04:04:27
2026-07-13 23:00:31,179 [INFO] [PCE] n=250 instancia (idx=54) 4/14 completada (paralelo) - transcurrido=0:04:04:27
2026-07-13 23:00:31,696 [INFO] [PCE] n=250 instancia (idx=68) 5/14 completada (paralelo) - transcurrido=0:04:04:28
2026-07-13 23:10:22,587 [INFO] [PCE] n=250 instancia (idx=47) 6/14 completada (paralelo) - transcurrido=0:04:14:19
2026-07-13 23:11:52,070 [INFO] [PCE] n=250 instancia (idx=40) 7/14 completada (paralelo) - transcurrido=0:04:15:48
2026-07-13 23:13:09,570 [INFO] [PCE] n=250 instancia (idx=5) 8/14 completada (paralelo) - transcurrido=0:04:17:06
2026-07-13 23:13:10,689 [INFO] [PCE] n=250 instancia (idx=96) 9/14 completada (paralelo) - transcurrido=0:04:17:07
2026-07-13 23:15:07,180 [INFO] [PCE] n=250 instancia (idx=12) 10/14 completada (paralelo) - transcurrido=0:04:19:03
2026-07-13 23:16:48,665 [INFO] [PCE] n=250 instancia (idx=61) 11/14 completada (paralelo) - transcurrido=0:04:20:45
2026-07-13 23:17:27,119 [INFO] [PCE] n=250 instancia (idx=82) 12/14 completada (paralelo) - transcurrido=0:04:21:23
2026-07-13 23:17:27,554 [INFO] [PCE] n=250 instancia (idx=75) 13/14 completada (paralelo) - transcurrido=0:04:21:24
2026-07-13 23:19:25,827 [INFO] [PCE] n=250 instancia (idx=33) 14/14 completada (paralelo) - transcurrido=0:04:23:22
2026-07-13 23:19:25,881 [INFO] [PCE] n=250 chunk 6/7 completado - beta_parcial=0.2261 duration=0:04:23:22 shots=2048 backend=AER
