gcc/system unloaded
gcccore/system unloaded
cesga/2022 unloaded
rust/1.75.0 unloaded
imkl/2022.0.1 unloaded
numpy/1.26.4 unloaded
scipy/1.13.1 unloaded
flint/2.8.4 unloaded
symengine/0.11.1 unloaded
symengine-python/0.11.0 unloaded
spdlog/1.9.2 unloaded
pylatexenc/2.10 unloaded
qiskit/1.2.4-aer-gpu-cu11 unloaded
        Preparing the environment for use of the CESGA 2022 software stack.
        Please rebuild modules cache: module --ignore-cache avail
     
cesga/2022 loaded
rust/1.75.0 loaded

imkl/2023.2.0 loaded
numpy/1.26.4 loaded
scipy/1.13.1 loaded
imkl/2023.2.0 unloaded

imkl/2022.0.1 loaded
flint/2.8.4 loaded
symengine/0.11.1 loaded
symengine-python/0.11.0 loaded
spdlog/1.9.2 loaded
pylatexenc/2.10 loaded
gcccore/system loaded
gcc/system loaded
qiskit/1.2.4-aer-gpu-cu11 loaded
2026-07-13 18:59:27,060 [INFO] [PCE] n=250 chunk 7/7: 14 instancias [6, 13, 20, 27, 34, 41, 48, 55, 62, 69, 76, 83, 90, 97], num_workers=14, qubits=9
2026-07-13 18:59:27,061 [INFO] [PCE] n=250 paralelizando 14 instancias entre 14 workers (max_parallel_threads=1 fijo, independiente de num_workers)
2026-07-13 18:59:27,213 [INFO] Pass: ContainsInstruction - 0.01192 (ms)
2026-07-13 18:59:27,213 [INFO] Pass: ContainsInstruction - 0.01407 (ms)
2026-07-13 18:59:27,213 [INFO] Pass: InverseCancellation - 0.01645 (ms)
2026-07-13 18:59:27,213 [INFO] Pass: InverseCancellation - 0.01597 (ms)
2026-07-13 18:59:27,213 [INFO] Pass: UnitarySynthesis - 0.00525 (ms)
2026-07-13 18:59:27,213 [INFO] Pass: UnitarySynthesis - 0.00501 (ms)
2026-07-13 18:59:27,214 [INFO] Pass: ContainsInstruction - 0.01144 (ms)
2026-07-13 18:59:27,214 [INFO] Pass: InverseCancellation - 0.01884 (ms)
2026-07-13 18:59:27,214 [INFO] Pass: UnitarySynthesis - 0.00548 (ms)
2026-07-13 18:59:27,215 [INFO] Pass: HighLevelSynthesis - 1.63436 (ms)
2026-07-13 18:59:27,215 [INFO] Pass: HighLevelSynthesis - 1.68777 (ms)
2026-07-13 18:59:27,216 [INFO] Pass: BasisTranslator - 0.83756 (ms)
2026-07-13 18:59:27,216 [INFO] Pass: BasisTranslator - 0.85807 (ms)
2026-07-13 18:59:27,216 [INFO] Pass: Depth - 0.22268 (ms)
2026-07-13 18:59:27,216 [INFO] Pass: HighLevelSynthesis - 1.61028 (ms)
2026-07-13 18:59:27,216 [INFO] Pass: Depth - 0.21553 (ms)
2026-07-13 18:59:27,216 [INFO] Pass: FixedPoint - 0.01287 (ms)
2026-07-13 18:59:27,216 [INFO] Pass: FixedPoint - 0.01287 (ms)
2026-07-13 18:59:27,216 [INFO] Pass: Size - 0.06461 (ms)
2026-07-13 18:59:27,216 [INFO] Pass: Size - 0.06223 (ms)
2026-07-13 18:59:27,216 [INFO] Pass: FixedPoint - 0.00501 (ms)
2026-07-13 18:59:27,216 [INFO] Pass: FixedPoint - 0.00501 (ms)
2026-07-13 18:59:27,217 [INFO] Pass: Optimize1qGatesDecomposition - 0.14520 (ms)
2026-07-13 18:59:27,217 [INFO] Pass: Optimize1qGatesDecomposition - 0.14544 (ms)
2026-07-13 18:59:27,217 [INFO] Pass: InverseCancellation - 0.00906 (ms)
2026-07-13 18:59:27,217 [INFO] Pass: InverseCancellation - 0.00787 (ms)
2026-07-13 18:59:27,217 [INFO] Pass: ContainsInstruction - 0.01168 (ms)
2026-07-13 18:59:27,217 [INFO] Pass: InverseCancellation - 0.01788 (ms)
2026-07-13 18:59:27,217 [INFO] Pass: UnitarySynthesis - 0.00501 (ms)
2026-07-13 18:59:27,217 [INFO] Pass: BasisTranslator - 0.90146 (ms)
2026-07-13 18:59:27,217 [INFO] Pass: Depth - 0.21982 (ms)
2026-07-13 18:59:27,217 [INFO] Pass: FixedPoint - 0.01407 (ms)
2026-07-13 18:59:27,217 [INFO] Pass: GatesInBasis - 0.86141 (ms)
2026-07-13 18:59:27,217 [INFO] Pass: Size - 0.06151 (ms)
2026-07-13 18:59:27,217 [INFO] Pass: GatesInBasis - 0.89979 (ms)
2026-07-13 18:59:27,218 [INFO] Pass: FixedPoint - 0.00477 (ms)
2026-07-13 18:59:27,218 [INFO] Pass: Depth - 0.16999 (ms)
2026-07-13 18:59:27,218 [INFO] Pass: Depth - 0.16952 (ms)
2026-07-13 18:59:27,218 [INFO] Pass: Optimize1qGatesDecomposition - 0.14353 (ms)
2026-07-13 18:59:27,218 [INFO] Pass: FixedPoint - 0.00525 (ms)
2026-07-13 18:59:27,218 [INFO] Pass: FixedPoint - 0.00501 (ms)
2026-07-13 18:59:27,218 [INFO] Pass: InverseCancellation - 0.01025 (ms)
2026-07-13 18:59:27,218 [INFO] Pass: Size - 0.05889 (ms)
2026-07-13 18:59:27,218 [INFO] Pass: Size - 0.05913 (ms)
2026-07-13 18:59:27,218 [INFO] Pass: FixedPoint - 0.00429 (ms)
2026-07-13 18:59:27,218 [INFO] Pass: FixedPoint - 0.00453 (ms)
2026-07-13 18:59:27,218 [INFO] Pass: ContainsInstruction - 0.00525 (ms)
2026-07-13 18:59:27,218 [INFO] Pass: ContainsInstruction - 0.00644 (ms)
2026-07-13 18:59:27,219 [INFO] Pass: HighLevelSynthesis - 1.61886 (ms)
2026-07-13 18:59:27,219 [INFO] Pass: GatesInBasis - 0.89550 (ms)
2026-07-13 18:59:27,219 [INFO] Pass: Depth - 0.17071 (ms)
2026-07-13 18:59:27,219 [INFO] Pass: FixedPoint - 0.00548 (ms)
2026-07-13 18:59:27,219 [INFO] Pass: Size - 0.05937 (ms)
2026-07-13 18:59:27,219 [INFO] Pass: FixedPoint - 0.00477 (ms)
2026-07-13 18:59:27,219 [INFO] Pass: ContainsInstruction - 0.00525 (ms)
2026-07-13 18:59:27,219 [INFO] Total Transpile Time - 86.33327 (ms)
2026-07-13 18:59:27,219 [INFO] Total Transpile Time - 83.63295 (ms)
2026-07-13 18:59:27,220 [INFO] Pass: BasisTranslator - 0.88859 (ms)
2026-07-13 18:59:27,220 [INFO] Pass: Depth - 0.21386 (ms)
2026-07-13 18:59:27,220 [INFO] Pass: FixedPoint - 0.01240 (ms)
2026-07-13 18:59:27,220 [INFO] Pass: Size - 0.06175 (ms)
2026-07-13 18:59:27,220 [INFO] Pass: FixedPoint - 0.00477 (ms)
2026-07-13 18:59:27,220 [INFO] Pass: Optimize1qGatesDecomposition - 0.14234 (ms)
2026-07-13 18:59:27,220 [INFO] Pass: InverseCancellation - 0.00882 (ms)
2026-07-13 18:59:27,220 [INFO] Pass: ContainsInstruction - 0.01240 (ms)
2026-07-13 18:59:27,221 [INFO] Pass: InverseCancellation - 0.01669 (ms)
2026-07-13 18:59:27,221 [INFO] Pass: UnitarySynthesis - 0.00501 (ms)
2026-07-13 18:59:27,221 [INFO] Total Transpile Time - 83.94527 (ms)
2026-07-13 18:59:27,221 [INFO] Pass: GatesInBasis - 0.89383 (ms)
2026-07-13 18:59:27,221 [INFO] Pass: Depth - 0.17214 (ms)
2026-07-13 18:59:27,221 [INFO] Pass: FixedPoint - 0.00548 (ms)
2026-07-13 18:59:27,222 [INFO] Pass: Size - 0.05960 (ms)
2026-07-13 18:59:27,222 [INFO] Pass: FixedPoint - 0.00429 (ms)
2026-07-13 18:59:27,222 [INFO] Pass: ContainsInstruction - 0.00572 (ms)
2026-07-13 18:59:27,222 [INFO] Pass: HighLevelSynthesis - 1.71876 (ms)
2026-07-13 18:59:27,223 [INFO] Pass: ContainsInstruction - 0.01073 (ms)
2026-07-13 18:59:27,223 [INFO] Pass: InverseCancellation - 0.01645 (ms)
2026-07-13 18:59:27,223 [INFO] Total Transpile Time - 82.88741 (ms)
2026-07-13 18:59:27,223 [INFO] Pass: UnitarySynthesis - 0.00596 (ms)
2026-07-13 18:59:27,223 [INFO] Pass: BasisTranslator - 0.84829 (ms)
2026-07-13 18:59:27,224 [INFO] Pass: Depth - 0.21958 (ms)
2026-07-13 18:59:27,224 [INFO] Pass: FixedPoint - 0.01311 (ms)
2026-07-13 18:59:27,224 [INFO] Pass: Size - 0.06151 (ms)
2026-07-13 18:59:27,224 [INFO] Pass: FixedPoint - 0.00453 (ms)
2026-07-13 18:59:27,224 [INFO] Pass: Optimize1qGatesDecomposition - 0.14210 (ms)
2026-07-13 18:59:27,224 [INFO] Pass: InverseCancellation - 0.00858 (ms)
2026-07-13 18:59:27,225 [INFO] Pass: HighLevelSynthesis - 1.62673 (ms)
2026-07-13 18:59:27,225 [INFO] Pass: GatesInBasis - 0.91743 (ms)
2026-07-13 18:59:27,225 [INFO] Pass: Depth - 0.16904 (ms)
2026-07-13 18:59:27,225 [INFO] Pass: FixedPoint - 0.00501 (ms)
2026-07-13 18:59:27,225 [INFO] Pass: Size - 0.05937 (ms)
2026-07-13 18:59:27,225 [INFO] Pass: FixedPoint - 0.00978 (ms)
2026-07-13 18:59:27,225 [INFO] Pass: ContainsInstruction - 0.00572 (ms)
2026-07-13 18:59:27,226 [INFO] Pass: BasisTranslator - 0.91243 (ms)
2026-07-13 18:59:27,226 [INFO] Pass: Depth - 0.21434 (ms)
2026-07-13 18:59:27,226 [INFO] Pass: FixedPoint - 0.01335 (ms)
2026-07-13 18:59:27,226 [INFO] Pass: Size - 0.06199 (ms)
2026-07-13 18:59:27,226 [INFO] Pass: FixedPoint - 0.00429 (ms)
2026-07-13 18:59:27,226 [INFO] Pass: Optimize1qGatesDecomposition - 0.14758 (ms)
2026-07-13 18:59:27,226 [INFO] Pass: InverseCancellation - 0.00906 (ms)
2026-07-13 18:59:27,226 [INFO] Pass: ContainsInstruction - 0.01240 (ms)
2026-07-13 18:59:27,227 [INFO] Pass: InverseCancellation - 0.01621 (ms)
2026-07-13 18:59:27,227 [INFO] Pass: UnitarySynthesis - 0.00572 (ms)
2026-07-13 18:59:27,227 [INFO] Total Transpile Time - 83.72664 (ms)
2026-07-13 18:59:27,227 [INFO] Pass: GatesInBasis - 0.84376 (ms)
2026-07-13 18:59:27,228 [INFO] Pass: Depth - 0.17166 (ms)
2026-07-13 18:59:27,228 [INFO] Pass: FixedPoint - 0.00525 (ms)
2026-07-13 18:59:27,228 [INFO] Pass: Size - 0.05889 (ms)
2026-07-13 18:59:27,228 [INFO] Pass: FixedPoint - 0.00453 (ms)
2026-07-13 18:59:27,228 [INFO] Pass: ContainsInstruction - 0.00501 (ms)
2026-07-13 18:59:27,228 [INFO] Pass: HighLevelSynthesis - 1.60646 (ms)
2026-07-13 18:59:27,229 [INFO] Total Transpile Time - 82.66687 (ms)
2026-07-13 18:59:27,229 [INFO] Pass: BasisTranslator - 0.90909 (ms)
2026-07-13 18:59:27,230 [INFO] Pass: Depth - 0.22125 (ms)
2026-07-13 18:59:27,230 [INFO] Pass: FixedPoint - 0.01216 (ms)
2026-07-13 18:59:27,230 [INFO] Pass: ContainsInstruction - 0.01121 (ms)
2026-07-13 18:59:27,230 [INFO] Pass: Size - 0.06247 (ms)
2026-07-13 18:59:27,230 [INFO] Pass: InverseCancellation - 0.01526 (ms)
2026-07-13 18:59:27,230 [INFO] Pass: FixedPoint - 0.00453 (ms)
2026-07-13 18:59:27,230 [INFO] Pass: UnitarySynthesis - 0.00525 (ms)
2026-07-13 18:59:27,230 [INFO] Pass: Optimize1qGatesDecomposition - 0.14353 (ms)
2026-07-13 18:59:27,230 [INFO] Pass: InverseCancellation - 0.00811 (ms)
2026-07-13 18:59:27,231 [INFO] Pass: GatesInBasis - 0.89622 (ms)
2026-07-13 18:59:27,231 [INFO] Pass: Depth - 0.16975 (ms)
2026-07-13 18:59:27,231 [INFO] Pass: FixedPoint - 0.00501 (ms)
2026-07-13 18:59:27,231 [INFO] Pass: Size - 0.05984 (ms)
2026-07-13 18:59:27,231 [INFO] Pass: FixedPoint - 0.00429 (ms)
2026-07-13 18:59:27,231 [INFO] Pass: ContainsInstruction - 0.00525 (ms)
2026-07-13 18:59:27,231 [INFO] Pass: HighLevelSynthesis - 1.66917 (ms)
2026-07-13 18:59:27,232 [INFO] Pass: BasisTranslator - 0.84090 (ms)
2026-07-13 18:59:27,233 [INFO] Pass: Depth - 0.21386 (ms)
2026-07-13 18:59:27,233 [INFO] Pass: FixedPoint - 0.01216 (ms)
2026-07-13 18:59:27,233 [INFO] Total Transpile Time - 82.60465 (ms)
2026-07-13 18:59:27,233 [INFO] Pass: ContainsInstruction - 0.01311 (ms)
2026-07-13 18:59:27,233 [INFO] Pass: Size - 0.06199 (ms)
2026-07-13 18:59:27,233 [INFO] Pass: FixedPoint - 0.00477 (ms)
2026-07-13 18:59:27,233 [INFO] Pass: InverseCancellation - 0.01645 (ms)
2026-07-13 18:59:27,233 [INFO] Pass: UnitarySynthesis - 0.00501 (ms)
2026-07-13 18:59:27,233 [INFO] Pass: Optimize1qGatesDecomposition - 0.13947 (ms)
2026-07-13 18:59:27,233 [INFO] Pass: InverseCancellation - 0.00787 (ms)
2026-07-13 18:59:27,234 [INFO] Pass: GatesInBasis - 0.89669 (ms)
2026-07-13 18:59:27,234 [INFO] Pass: Depth - 0.17047 (ms)
2026-07-13 18:59:27,234 [INFO] Pass: FixedPoint - 0.00501 (ms)
2026-07-13 18:59:27,234 [INFO] Pass: Size - 0.05984 (ms)
2026-07-13 18:59:27,234 [INFO] Pass: FixedPoint - 0.00501 (ms)
2026-07-13 18:59:27,234 [INFO] Pass: ContainsInstruction - 0.00572 (ms)
2026-07-13 18:59:27,235 [INFO] Pass: HighLevelSynthesis - 1.66845 (ms)
2026-07-13 18:59:27,235 [INFO] Pass: BasisTranslator - 0.84639 (ms)
2026-07-13 18:59:27,236 [INFO] Pass: Depth - 0.21148 (ms)
2026-07-13 18:59:27,236 [INFO] Total Transpile Time - 82.71194 (ms)
2026-07-13 18:59:27,236 [INFO] Pass: FixedPoint - 0.01144 (ms)
2026-07-13 18:59:27,236 [INFO] Pass: Size - 0.06151 (ms)
2026-07-13 18:59:27,236 [INFO] Pass: FixedPoint - 0.00453 (ms)
2026-07-13 18:59:27,236 [INFO] Pass: ContainsInstruction - 0.01216 (ms)
2026-07-13 18:59:27,236 [INFO] Pass: Optimize1qGatesDecomposition - 0.14019 (ms)
2026-07-13 18:59:27,236 [INFO] Pass: InverseCancellation - 0.01478 (ms)
2026-07-13 18:59:27,236 [INFO] Pass: InverseCancellation - 0.00787 (ms)
2026-07-13 18:59:27,236 [INFO] Pass: UnitarySynthesis - 0.00525 (ms)
2026-07-13 18:59:27,237 [INFO] Pass: GatesInBasis - 0.88835 (ms)
2026-07-13 18:59:27,237 [INFO] Pass: Depth - 0.16809 (ms)
2026-07-13 18:59:27,237 [INFO] Pass: FixedPoint - 0.00572 (ms)
2026-07-13 18:59:27,237 [INFO] Pass: Size - 0.05913 (ms)
2026-07-13 18:59:27,237 [INFO] Pass: FixedPoint - 0.00453 (ms)
2026-07-13 18:59:27,238 [INFO] Pass: ContainsInstruction - 0.00525 (ms)
2026-07-13 18:59:27,238 [INFO] Pass: HighLevelSynthesis - 1.68037 (ms)
2026-07-13 18:59:27,239 [INFO] Pass: BasisTranslator - 0.85282 (ms)
2026-07-13 18:59:27,239 [INFO] Total Transpile Time - 82.72862 (ms)
2026-07-13 18:59:27,239 [INFO] Pass: Depth - 0.21410 (ms)
2026-07-13 18:59:27,239 [INFO] Pass: FixedPoint - 0.01144 (ms)
2026-07-13 18:59:27,239 [INFO] Pass: Size - 0.06127 (ms)
2026-07-13 18:59:27,239 [INFO] Pass: FixedPoint - 0.00477 (ms)
2026-07-13 18:59:27,239 [INFO] Pass: Optimize1qGatesDecomposition - 0.14639 (ms)
2026-07-13 18:59:27,239 [INFO] Pass: InverseCancellation - 0.00763 (ms)
2026-07-13 18:59:27,240 [INFO] Pass: GatesInBasis - 0.89002 (ms)
2026-07-13 18:59:27,241 [INFO] Pass: Depth - 0.16785 (ms)
2026-07-13 18:59:27,241 [INFO] Pass: FixedPoint - 0.00525 (ms)
2026-07-13 18:59:27,241 [INFO] Pass: Size - 0.05913 (ms)
2026-07-13 18:59:27,241 [INFO] Pass: FixedPoint - 0.00453 (ms)
2026-07-13 18:59:27,241 [INFO] Pass: ContainsInstruction - 0.00501 (ms)
2026-07-13 18:59:27,242 [INFO] Total Transpile Time - 82.15380 (ms)
2026-07-13 18:59:27,243 [INFO] Pass: ContainsInstruction - 0.01049 (ms)
2026-07-13 18:59:27,243 [INFO] Pass: InverseCancellation - 0.01788 (ms)
2026-07-13 18:59:27,243 [INFO] Pass: UnitarySynthesis - 0.00548 (ms)
2026-07-13 18:59:27,244 [INFO] Pass: HighLevelSynthesis - 1.61386 (ms)
2026-07-13 18:59:27,245 [INFO] Pass: BasisTranslator - 0.85282 (ms)
2026-07-13 18:59:27,246 [INFO] Pass: Depth - 0.21315 (ms)
2026-07-13 18:59:27,246 [INFO] Pass: FixedPoint - 0.01144 (ms)
2026-07-13 18:59:27,246 [INFO] Pass: Size - 0.06151 (ms)
2026-07-13 18:59:27,246 [INFO] Pass: FixedPoint - 0.00453 (ms)
2026-07-13 18:59:27,246 [INFO] Pass: Optimize1qGatesDecomposition - 0.14138 (ms)
2026-07-13 18:59:27,246 [INFO] Pass: InverseCancellation - 0.00811 (ms)
2026-07-13 18:59:27,247 [INFO] Pass: GatesInBasis - 0.87476 (ms)
2026-07-13 18:59:27,247 [INFO] Pass: Depth - 0.16785 (ms)
2026-07-13 18:59:27,247 [INFO] Pass: FixedPoint - 0.00525 (ms)
2026-07-13 18:59:27,247 [INFO] Pass: Size - 0.06342 (ms)
2026-07-13 18:59:27,247 [INFO] Pass: FixedPoint - 0.00429 (ms)
2026-07-13 18:59:27,247 [INFO] Pass: ContainsInstruction - 0.00501 (ms)
2026-07-13 18:59:27,249 [INFO] Total Transpile Time - 83.17733 (ms)
2026-07-13 18:59:27,250 [INFO] Pass: ContainsInstruction - 0.01049 (ms)
2026-07-13 18:59:27,250 [INFO] Pass: InverseCancellation - 0.01574 (ms)
2026-07-13 18:59:27,250 [INFO] Pass: UnitarySynthesis - 0.00572 (ms)
2026-07-13 18:59:27,250 [INFO] Pass: ContainsInstruction - 0.01121 (ms)
2026-07-13 18:59:27,250 [INFO] Pass: InverseCancellation - 0.01478 (ms)
2026-07-13 18:59:27,250 [INFO] Pass: UnitarySynthesis - 0.00525 (ms)
2026-07-13 18:59:27,250 [INFO] Pass: ContainsInstruction - 0.01049 (ms)
2026-07-13 18:59:27,250 [INFO] Pass: InverseCancellation - 0.01574 (ms)
2026-07-13 18:59:27,250 [INFO] Pass: UnitarySynthesis - 0.00453 (ms)
2026-07-13 18:59:27,251 [INFO] Pass: HighLevelSynthesis - 1.59740 (ms)
2026-07-13 18:59:27,252 [INFO] Pass: HighLevelSynthesis - 1.63031 (ms)
2026-07-13 18:59:27,252 [INFO] Pass: HighLevelSynthesis - 1.58358 (ms)
2026-07-13 18:59:27,252 [INFO] Pass: BasisTranslator - 0.88453 (ms)
2026-07-13 18:59:27,253 [INFO] Pass: BasisTranslator - 0.83423 (ms)
2026-07-13 18:59:27,253 [INFO] Pass: Depth - 0.21195 (ms)
2026-07-13 18:59:27,253 [INFO] Pass: FixedPoint - 0.01073 (ms)
2026-07-13 18:59:27,253 [INFO] Pass: Size - 0.06127 (ms)
2026-07-13 18:59:27,253 [INFO] Pass: FixedPoint - 0.00477 (ms)
2026-07-13 18:59:27,253 [INFO] Pass: Depth - 0.20742 (ms)
2026-07-13 18:59:27,253 [INFO] Pass: FixedPoint - 0.01192 (ms)
2026-07-13 18:59:27,253 [INFO] Pass: BasisTranslator - 0.91076 (ms)
2026-07-13 18:59:27,253 [INFO] Pass: Size - 0.06127 (ms)
2026-07-13 18:59:27,253 [INFO] Pass: FixedPoint - 0.00477 (ms)
2026-07-13 18:59:27,253 [INFO] Pass: Optimize1qGatesDecomposition - 0.14138 (ms)
2026-07-13 18:59:27,253 [INFO] Pass: InverseCancellation - 0.00739 (ms)
2026-07-13 18:59:27,253 [INFO] Pass: Depth - 0.21148 (ms)
2026-07-13 18:59:27,253 [INFO] Pass: Optimize1qGatesDecomposition - 0.13971 (ms)
2026-07-13 18:59:27,253 [INFO] Pass: FixedPoint - 0.01025 (ms)
2026-07-13 18:59:27,253 [INFO] Pass: InverseCancellation - 0.00763 (ms)
2026-07-13 18:59:27,253 [INFO] Pass: Size - 0.06175 (ms)
2026-07-13 18:59:27,253 [INFO] Pass: FixedPoint - 0.00477 (ms)
2026-07-13 18:59:27,253 [INFO] Pass: Optimize1qGatesDecomposition - 0.14424 (ms)
2026-07-13 18:59:27,253 [INFO] Pass: InverseCancellation - 0.00763 (ms)
2026-07-13 18:59:27,254 [INFO] Pass: GatesInBasis - 0.88429 (ms)
2026-07-13 18:59:27,254 [INFO] Pass: GatesInBasis - 0.90861 (ms)
2026-07-13 18:59:27,254 [INFO] Pass: Depth - 0.16809 (ms)
2026-07-13 18:59:27,254 [INFO] Pass: FixedPoint - 0.00525 (ms)
2026-07-13 18:59:27,254 [INFO] Pass: Size - 0.05913 (ms)
2026-07-13 18:59:27,254 [INFO] Pass: FixedPoint - 0.00453 (ms)
2026-07-13 18:59:27,254 [INFO] Pass: ContainsInstruction - 0.00501 (ms)
2026-07-13 18:59:27,254 [INFO] Pass: Depth - 0.17262 (ms)
2026-07-13 18:59:27,254 [INFO] Pass: FixedPoint - 0.00572 (ms)
2026-07-13 18:59:27,254 [INFO] Pass: GatesInBasis - 0.88835 (ms)
2026-07-13 18:59:27,254 [INFO] Pass: Size - 0.05889 (ms)
2026-07-13 18:59:27,254 [INFO] Pass: FixedPoint - 0.00477 (ms)
2026-07-13 18:59:27,255 [INFO] Pass: ContainsInstruction - 0.00477 (ms)
2026-07-13 18:59:27,255 [INFO] Pass: Depth - 0.16761 (ms)
2026-07-13 18:59:27,255 [INFO] Pass: FixedPoint - 0.00548 (ms)
2026-07-13 18:59:27,255 [INFO] Pass: Size - 0.05913 (ms)
2026-07-13 18:59:27,255 [INFO] Pass: FixedPoint - 0.00429 (ms)
2026-07-13 18:59:27,255 [INFO] Pass: ContainsInstruction - 0.00501 (ms)
2026-07-13 18:59:27,256 [INFO] Total Transpile Time - 85.91104 (ms)
2026-07-13 18:59:27,256 [INFO] Total Transpile Time - 84.54013 (ms)
2026-07-13 18:59:27,256 [INFO] Total Transpile Time - 82.40199 (ms)
2026-07-13 18:59:27,277 [INFO] Pass: ContainsInstruction - 0.00787 (ms)
2026-07-13 18:59:27,277 [INFO] Pass: InverseCancellation - 0.17309 (ms)
2026-07-13 18:59:27,277 [INFO] Pass: ContainsInstruction - 0.00906 (ms)
2026-07-13 18:59:27,277 [INFO] Pass: UnitarySynthesis - 0.00477 (ms)
2026-07-13 18:59:27,277 [INFO] Pass: InverseCancellation - 0.17977 (ms)
2026-07-13 18:59:27,277 [INFO] Pass: UnitarySynthesis - 0.00453 (ms)
2026-07-13 18:59:27,278 [INFO] Pass: ContainsInstruction - 0.00882 (ms)
2026-07-13 18:59:27,279 [INFO] Pass: InverseCancellation - 0.17047 (ms)
2026-07-13 18:59:27,279 [INFO] Pass: UnitarySynthesis - 0.00477 (ms)
2026-07-13 18:59:27,279 [INFO] Pass: HighLevelSynthesis - 1.53923 (ms)
2026-07-13 18:59:27,279 [INFO] Pass: HighLevelSynthesis - 1.54901 (ms)
2026-07-13 18:59:27,280 [INFO] Pass: BasisTranslator - 0.84448 (ms)
2026-07-13 18:59:27,280 [INFO] Pass: Depth - 0.18191 (ms)
2026-07-13 18:59:27,280 [INFO] Pass: FixedPoint - 0.00763 (ms)
2026-07-13 18:59:27,280 [INFO] Pass: Size - 0.06247 (ms)
2026-07-13 18:59:27,280 [INFO] Pass: FixedPoint - 0.00453 (ms)
2026-07-13 18:59:27,280 [INFO] Pass: BasisTranslator - 0.99730 (ms)
2026-07-13 18:59:27,280 [INFO] Pass: HighLevelSynthesis - 1.54018 (ms)
2026-07-13 18:59:27,280 [INFO] Pass: Depth - 0.18883 (ms)
2026-07-13 18:59:27,280 [INFO] Pass: FixedPoint - 0.00834 (ms)
2026-07-13 18:59:27,280 [INFO] Pass: Size - 0.06199 (ms)
2026-07-13 18:59:27,280 [INFO] Pass: FixedPoint - 0.00453 (ms)
2026-07-13 18:59:27,281 [INFO] Pass: ContainsInstruction - 0.00906 (ms)
2026-07-13 18:59:27,281 [INFO] Pass: Optimize1qGatesDecomposition - 0.80848 (ms)
2026-07-13 18:59:27,281 [INFO] Pass: InverseCancellation - 0.17238 (ms)
2026-07-13 18:59:27,281 [INFO] Pass: UnitarySynthesis - 0.00453 (ms)
2026-07-13 18:59:27,281 [INFO] Pass: BasisTranslator - 0.84662 (ms)
2026-07-13 18:59:27,281 [INFO] Pass: InverseCancellation - 0.15831 (ms)
2026-07-13 18:59:27,281 [INFO] Pass: Optimize1qGatesDecomposition - 0.79679 (ms)
2026-07-13 18:59:27,281 [INFO] Pass: Depth - 0.18764 (ms)
2026-07-13 18:59:27,281 [INFO] Pass: FixedPoint - 0.00739 (ms)
2026-07-13 18:59:27,281 [INFO] Pass: Size - 0.06270 (ms)
2026-07-13 18:59:27,282 [INFO] Pass: FixedPoint - 0.00501 (ms)
2026-07-13 18:59:27,282 [INFO] Pass: InverseCancellation - 0.15736 (ms)
2026-07-13 18:59:27,282 [INFO] Pass: GatesInBasis - 0.99850 (ms)
2026-07-13 18:59:27,282 [INFO] Pass: Optimize1qGatesDecomposition - 0.80013 (ms)
2026-07-13 18:59:27,282 [INFO] Pass: Depth - 0.18120 (ms)
2026-07-13 18:59:27,282 [INFO] Pass: FixedPoint - 0.00572 (ms)
2026-07-13 18:59:27,283 [INFO] Pass: GatesInBasis - 0.92268 (ms)
2026-07-13 18:59:27,283 [INFO] Pass: Size - 0.06199 (ms)
2026-07-13 18:59:27,283 [INFO] Pass: FixedPoint - 0.00453 (ms)
2026-07-13 18:59:27,283 [INFO] Pass: InverseCancellation - 0.15759 (ms)
2026-07-13 18:59:27,283 [INFO] Pass: ContainsInstruction - 0.00525 (ms)
2026-07-13 18:59:27,283 [INFO] Pass: HighLevelSynthesis - 1.55115 (ms)
2026-07-13 18:59:27,283 [INFO] Pass: Depth - 0.17524 (ms)
2026-07-13 18:59:27,283 [INFO] Pass: FixedPoint - 0.00572 (ms)
2026-07-13 18:59:27,283 [INFO] Pass: Size - 0.06127 (ms)
2026-07-13 18:59:27,283 [INFO] Pass: FixedPoint - 0.00501 (ms)
2026-07-13 18:59:27,283 [INFO] Pass: ContainsInstruction - 0.00501 (ms)
2026-07-13 18:59:27,284 [INFO] Pass: GatesInBasis - 0.92006 (ms)
2026-07-13 18:59:27,284 [INFO] Pass: BasisTranslator - 0.84376 (ms)
2026-07-13 18:59:27,284 [INFO] Pass: Depth - 0.17524 (ms)
2026-07-13 18:59:27,284 [INFO] Pass: FixedPoint - 0.00596 (ms)
2026-07-13 18:59:27,284 [INFO] Pass: Depth - 0.18549 (ms)
2026-07-13 18:59:27,284 [INFO] Pass: FixedPoint - 0.00811 (ms)
2026-07-13 18:59:27,284 [INFO] Pass: Size - 0.06127 (ms)
2026-07-13 18:59:27,284 [INFO] Pass: FixedPoint - 0.00453 (ms)
2026-07-13 18:59:27,284 [INFO] Pass: Size - 0.06223 (ms)
2026-07-13 18:59:27,284 [INFO] Pass: ContainsInstruction - 0.00525 (ms)
2026-07-13 18:59:27,284 [INFO] Pass: FixedPoint - 0.00429 (ms)
2026-07-13 18:59:27,284 [INFO] Total Transpile Time - 64.58998 (ms)
2026-07-13 18:59:27,284 [INFO] Total Transpile Time - 64.86511 (ms)
2026-07-13 18:59:27,285 [INFO] Pass: ContainsInstruction - 0.00858 (ms)
2026-07-13 18:59:27,285 [INFO] Pass: InverseCancellation - 0.17405 (ms)
2026-07-13 18:59:27,285 [INFO] Pass: UnitarySynthesis - 0.00453 (ms)
2026-07-13 18:59:27,285 [INFO] Pass: Optimize1qGatesDecomposition - 0.80037 (ms)
2026-07-13 18:59:27,285 [INFO] Pass: InverseCancellation - 0.15473 (ms)
2026-07-13 18:59:27,285 [INFO] Total Transpile Time - 64.68201 (ms)
2026-07-13 18:59:27,286 [INFO] Pass: GatesInBasis - 0.90027 (ms)
2026-07-13 18:59:27,286 [INFO] Pass: Depth - 0.17548 (ms)
2026-07-13 18:59:27,286 [INFO] Pass: FixedPoint - 0.00596 (ms)
2026-07-13 18:59:27,286 [INFO] Pass: Size - 0.06700 (ms)
2026-07-13 18:59:27,286 [INFO] Pass: FixedPoint - 0.00477 (ms)
2026-07-13 18:59:27,286 [INFO] Pass: HighLevelSynthesis - 1.53518 (ms)
2026-07-13 18:59:27,286 [INFO] Pass: ContainsInstruction - 0.00525 (ms)
2026-07-13 18:59:27,287 [INFO] Pass: ContainsInstruction - 0.00930 (ms)
2026-07-13 18:59:27,287 [INFO] Pass: InverseCancellation - 0.17190 (ms)
2026-07-13 18:59:27,287 [INFO] Pass: UnitarySynthesis - 0.00477 (ms)
2026-07-13 18:59:27,287 [INFO] Pass: BasisTranslator - 0.84138 (ms)
2026-07-13 18:59:27,288 [INFO] Pass: Depth - 0.18287 (ms)
2026-07-13 18:59:27,288 [INFO] Pass: FixedPoint - 0.00739 (ms)
2026-07-13 18:59:27,288 [INFO] Pass: Size - 0.06294 (ms)
2026-07-13 18:59:27,288 [INFO] Pass: FixedPoint - 0.00525 (ms)
2026-07-13 18:59:27,288 [INFO] Total Transpile Time - 64.67795 (ms)
2026-07-13 18:59:27,289 [INFO] Pass: Optimize1qGatesDecomposition - 0.79894 (ms)
2026-07-13 18:59:27,289 [INFO] Pass: HighLevelSynthesis - 1.53804 (ms)
2026-07-13 18:59:27,289 [INFO] Pass: InverseCancellation - 0.15545 (ms)
2026-07-13 18:59:27,290 [INFO] Pass: BasisTranslator - 0.85783 (ms)
2026-07-13 18:59:27,290 [INFO] Pass: GatesInBasis - 0.88787 (ms)
2026-07-13 18:59:27,290 [INFO] Pass: Depth - 0.18454 (ms)
2026-07-13 18:59:27,290 [INFO] Pass: FixedPoint - 0.00834 (ms)
2026-07-13 18:59:27,290 [INFO] Pass: Depth - 0.17548 (ms)
2026-07-13 18:59:27,290 [INFO] Pass: FixedPoint - 0.00596 (ms)
2026-07-13 18:59:27,290 [INFO] Pass: Size - 0.06223 (ms)
2026-07-13 18:59:27,290 [INFO] Pass: FixedPoint - 0.00501 (ms)
2026-07-13 18:59:27,290 [INFO] Pass: Size - 0.06151 (ms)
2026-07-13 18:59:27,290 [INFO] Pass: FixedPoint - 0.00453 (ms)
2026-07-13 18:59:27,290 [INFO] Pass: ContainsInstruction - 0.00501 (ms)
2026-07-13 18:59:27,290 [INFO] Pass: ContainsInstruction - 0.00882 (ms)
2026-07-13 18:59:27,291 [INFO] Pass: InverseCancellation - 0.17428 (ms)
2026-07-13 18:59:27,291 [INFO] Pass: UnitarySynthesis - 0.00453 (ms)
2026-07-13 18:59:27,291 [INFO] Pass: Optimize1qGatesDecomposition - 0.82040 (ms)
2026-07-13 18:59:27,291 [INFO] Pass: InverseCancellation - 0.16212 (ms)
2026-07-13 18:59:27,292 [INFO] Total Transpile Time - 64.62193 (ms)
2026-07-13 18:59:27,292 [INFO] Pass: GatesInBasis - 0.99421 (ms)
2026-07-13 18:59:27,292 [INFO] Pass: HighLevelSynthesis - 1.56307 (ms)
2026-07-13 18:59:27,292 [INFO] Pass: Depth - 0.17881 (ms)
2026-07-13 18:59:27,292 [INFO] Pass: FixedPoint - 0.00596 (ms)
2026-07-13 18:59:27,293 [INFO] Pass: Size - 0.06199 (ms)
2026-07-13 18:59:27,293 [INFO] Pass: FixedPoint - 0.00501 (ms)
2026-07-13 18:59:27,293 [INFO] Pass: ContainsInstruction - 0.00525 (ms)
2026-07-13 18:59:27,293 [INFO] Pass: BasisTranslator - 0.84376 (ms)
2026-07-13 18:59:27,293 [INFO] Pass: Depth - 0.18644 (ms)
2026-07-13 18:59:27,293 [INFO] Pass: ContainsInstruction - 0.00811 (ms)
2026-07-13 18:59:27,293 [INFO] Pass: FixedPoint - 0.00763 (ms)
2026-07-13 18:59:27,293 [INFO] Pass: Size - 0.06318 (ms)
2026-07-13 18:59:27,293 [INFO] Pass: FixedPoint - 0.00453 (ms)
2026-07-13 18:59:27,294 [INFO] Pass: InverseCancellation - 0.17047 (ms)
2026-07-13 18:59:27,294 [INFO] Pass: UnitarySynthesis - 0.00477 (ms)
2026-07-13 18:59:27,294 [INFO] Total Transpile Time - 64.75663 (ms)
2026-07-13 18:59:27,294 [INFO] Pass: Optimize1qGatesDecomposition - 0.79441 (ms)
2026-07-13 18:59:27,295 [INFO] Pass: InverseCancellation - 0.15259 (ms)
2026-07-13 18:59:27,295 [INFO] Pass: HighLevelSynthesis - 1.53565 (ms)
2026-07-13 18:59:27,295 [INFO] Pass: GatesInBasis - 0.87500 (ms)
2026-07-13 18:59:27,296 [INFO] Pass: Depth - 0.17357 (ms)
2026-07-13 18:59:27,296 [INFO] Pass: FixedPoint - 0.00596 (ms)
2026-07-13 18:59:27,296 [INFO] Pass: Size - 0.06056 (ms)
2026-07-13 18:59:27,296 [INFO] Pass: FixedPoint - 0.00501 (ms)
2026-07-13 18:59:27,296 [INFO] Pass: ContainsInstruction - 0.00501 (ms)
2026-07-13 18:59:27,296 [INFO] Pass: BasisTranslator - 0.86808 (ms)
2026-07-13 18:59:27,296 [INFO] Pass: ContainsInstruction - 0.00834 (ms)
2026-07-13 18:59:27,296 [INFO] Pass: Depth - 0.18787 (ms)
2026-07-13 18:59:27,296 [INFO] Pass: FixedPoint - 0.00763 (ms)
2026-07-13 18:59:27,296 [INFO] Pass: Size - 0.06223 (ms)
2026-07-13 18:59:27,297 [INFO] Pass: FixedPoint - 0.00477 (ms)
2026-07-13 18:59:27,297 [INFO] Pass: InverseCancellation - 0.17214 (ms)
2026-07-13 18:59:27,297 [INFO] Pass: UnitarySynthesis - 0.00453 (ms)
2026-07-13 18:59:27,297 [INFO] Total Transpile Time - 64.46385 (ms)
2026-07-13 18:59:27,297 [INFO] Pass: Optimize1qGatesDecomposition - 0.79274 (ms)
2026-07-13 18:59:27,298 [INFO] Pass: InverseCancellation - 0.15497 (ms)
2026-07-13 18:59:27,298 [INFO] Pass: HighLevelSynthesis - 1.53852 (ms)
2026-07-13 18:59:27,299 [INFO] Pass: GatesInBasis - 0.96369 (ms)
2026-07-13 18:59:27,299 [INFO] Pass: Depth - 0.17667 (ms)
2026-07-13 18:59:27,299 [INFO] Pass: FixedPoint - 0.00572 (ms)
2026-07-13 18:59:27,299 [INFO] Pass: Size - 0.06199 (ms)
2026-07-13 18:59:27,299 [INFO] Pass: FixedPoint - 0.00453 (ms)
2026-07-13 18:59:27,299 [INFO] Pass: ContainsInstruction - 0.00525 (ms)
2026-07-13 18:59:27,299 [INFO] Pass: BasisTranslator - 0.84472 (ms)
2026-07-13 18:59:27,299 [INFO] Pass: Depth - 0.18311 (ms)
2026-07-13 18:59:27,299 [INFO] Pass: FixedPoint - 0.00787 (ms)
2026-07-13 18:59:27,299 [INFO] Pass: Size - 0.06247 (ms)
2026-07-13 18:59:27,299 [INFO] Pass: FixedPoint - 0.00453 (ms)
2026-07-13 18:59:27,300 [INFO] Pass: ContainsInstruction - 0.00811 (ms)
2026-07-13 18:59:27,300 [INFO] Pass: InverseCancellation - 0.17238 (ms)
2026-07-13 18:59:27,300 [INFO] Pass: UnitarySynthesis - 0.00477 (ms)
2026-07-13 18:59:27,300 [INFO] Pass: Optimize1qGatesDecomposition - 0.79155 (ms)
2026-07-13 18:59:27,300 [INFO] Total Transpile Time - 64.54945 (ms)
2026-07-13 18:59:27,300 [INFO] Pass: InverseCancellation - 0.15306 (ms)
2026-07-13 18:59:27,301 [INFO] Pass: GatesInBasis - 0.95892 (ms)
2026-07-13 18:59:27,302 [INFO] Pass: HighLevelSynthesis - 1.53160 (ms)
2026-07-13 18:59:27,302 [INFO] Pass: Depth - 0.17357 (ms)
2026-07-13 18:59:27,302 [INFO] Pass: FixedPoint - 0.00596 (ms)
2026-07-13 18:59:27,302 [INFO] Pass: Size - 0.06175 (ms)
2026-07-13 18:59:27,302 [INFO] Pass: FixedPoint - 0.00477 (ms)
2026-07-13 18:59:27,302 [INFO] Pass: ContainsInstruction - 0.00477 (ms)
2026-07-13 18:59:27,302 [INFO] Pass: BasisTranslator - 0.84949 (ms)
2026-07-13 18:59:27,303 [INFO] Pass: Depth - 0.18334 (ms)
2026-07-13 18:59:27,303 [INFO] Pass: FixedPoint - 0.00691 (ms)
2026-07-13 18:59:27,303 [INFO] Pass: Size - 0.06199 (ms)
2026-07-13 18:59:27,303 [INFO] Pass: FixedPoint - 0.00501 (ms)
2026-07-13 18:59:27,303 [INFO] Total Transpile Time - 64.34917 (ms)
2026-07-13 18:59:27,304 [INFO] Pass: Optimize1qGatesDecomposition - 0.79441 (ms)
2026-07-13 18:59:27,304 [INFO] Pass: InverseCancellation - 0.15473 (ms)
2026-07-13 18:59:27,305 [INFO] Pass: GatesInBasis - 0.87261 (ms)
2026-07-13 18:59:27,305 [INFO] Pass: Depth - 0.17381 (ms)
2026-07-13 18:59:27,305 [INFO] Pass: FixedPoint - 0.00572 (ms)
2026-07-13 18:59:27,305 [INFO] Pass: Size - 0.06127 (ms)
2026-07-13 18:59:27,305 [INFO] Pass: FixedPoint - 0.00453 (ms)
2026-07-13 18:59:27,305 [INFO] Pass: ContainsInstruction - 0.00477 (ms)
2026-07-13 18:59:27,307 [INFO] Pass: ContainsInstruction - 0.00715 (ms)
2026-07-13 18:59:27,307 [INFO] Total Transpile Time - 64.32295 (ms)
2026-07-13 18:59:27,307 [INFO] Pass: InverseCancellation - 0.17405 (ms)
2026-07-13 18:59:27,307 [INFO] Pass: UnitarySynthesis - 0.00501 (ms)
2026-07-13 18:59:27,308 [INFO] Pass: HighLevelSynthesis - 1.54424 (ms)
2026-07-13 18:59:27,309 [INFO] Pass: BasisTranslator - 0.99254 (ms)
2026-07-13 18:59:27,310 [INFO] Pass: Depth - 0.17929 (ms)
2026-07-13 18:59:27,310 [INFO] Pass: FixedPoint - 0.00763 (ms)
2026-07-13 18:59:27,310 [INFO] Pass: Size - 0.06247 (ms)
2026-07-13 18:59:27,310 [INFO] Pass: FixedPoint - 0.00453 (ms)
2026-07-13 18:59:27,311 [INFO] Pass: Optimize1qGatesDecomposition - 0.79560 (ms)
2026-07-13 18:59:27,311 [INFO] Pass: InverseCancellation - 0.15688 (ms)
2026-07-13 18:59:27,312 [INFO] Pass: GatesInBasis - 0.91267 (ms)
2026-07-13 18:59:27,312 [INFO] Pass: Depth - 0.17333 (ms)
2026-07-13 18:59:27,312 [INFO] Pass: FixedPoint - 0.00596 (ms)
2026-07-13 18:59:27,312 [INFO] Pass: Size - 0.06104 (ms)
2026-07-13 18:59:27,312 [INFO] Pass: FixedPoint - 0.00429 (ms)
2026-07-13 18:59:27,312 [INFO] Pass: ContainsInstruction - 0.00477 (ms)
2026-07-13 18:59:27,313 [INFO] Pass: ContainsInstruction - 0.00715 (ms)
2026-07-13 18:59:27,313 [INFO] Pass: ContainsInstruction - 0.00763 (ms)
2026-07-13 18:59:27,313 [INFO] Pass: InverseCancellation - 0.17619 (ms)
2026-07-13 18:59:27,313 [INFO] Pass: UnitarySynthesis - 0.00405 (ms)
2026-07-13 18:59:27,314 [INFO] Pass: InverseCancellation - 0.17357 (ms)
2026-07-13 18:59:27,314 [INFO] Pass: UnitarySynthesis - 0.00477 (ms)
2026-07-13 18:59:27,314 [INFO] Pass: ContainsInstruction - 0.00739 (ms)
2026-07-13 18:59:27,314 [INFO] Total Transpile Time - 64.86225 (ms)
2026-07-13 18:59:27,314 [INFO] Pass: InverseCancellation - 0.16999 (ms)
2026-07-13 18:59:27,314 [INFO] Pass: UnitarySynthesis - 0.00453 (ms)
2026-07-13 18:59:27,315 [INFO] Pass: HighLevelSynthesis - 1.61266 (ms)
2026-07-13 18:59:27,315 [INFO] Pass: HighLevelSynthesis - 1.52588 (ms)
2026-07-13 18:59:27,315 [INFO] Pass: HighLevelSynthesis - 1.52946 (ms)
2026-07-13 18:59:27,316 [INFO] Pass: BasisTranslator - 0.84329 (ms)
2026-07-13 18:59:27,316 [INFO] Pass: BasisTranslator - 0.98062 (ms)
2026-07-13 18:59:27,316 [INFO] Pass: Depth - 0.17786 (ms)
2026-07-13 18:59:27,316 [INFO] Pass: FixedPoint - 0.00715 (ms)
2026-07-13 18:59:27,316 [INFO] Pass: BasisTranslator - 0.84949 (ms)
2026-07-13 18:59:27,316 [INFO] Pass: Size - 0.06199 (ms)
2026-07-13 18:59:27,316 [INFO] Pass: Depth - 0.18239 (ms)
2026-07-13 18:59:27,316 [INFO] Pass: FixedPoint - 0.00453 (ms)
2026-07-13 18:59:27,316 [INFO] Pass: FixedPoint - 0.00739 (ms)
2026-07-13 18:59:27,317 [INFO] Pass: Size - 0.06223 (ms)
2026-07-13 18:59:27,317 [INFO] Pass: Depth - 0.17977 (ms)
2026-07-13 18:59:27,317 [INFO] Pass: FixedPoint - 0.00477 (ms)
2026-07-13 18:59:27,317 [INFO] Pass: FixedPoint - 0.00715 (ms)
2026-07-13 18:59:27,317 [INFO] Pass: Size - 0.06104 (ms)
2026-07-13 18:59:27,317 [INFO] Pass: FixedPoint - 0.00453 (ms)
2026-07-13 18:59:27,317 [INFO] Pass: Optimize1qGatesDecomposition - 0.79012 (ms)
2026-07-13 18:59:27,317 [INFO] Pass: Optimize1qGatesDecomposition - 0.79250 (ms)
2026-07-13 18:59:27,317 [INFO] Pass: InverseCancellation - 0.15354 (ms)
2026-07-13 18:59:27,318 [INFO] Pass: Optimize1qGatesDecomposition - 0.79346 (ms)
2026-07-13 18:59:27,318 [INFO] Pass: InverseCancellation - 0.15712 (ms)
2026-07-13 18:59:27,318 [INFO] Pass: InverseCancellation - 0.15378 (ms)
2026-07-13 18:59:27,318 [INFO] Pass: GatesInBasis - 0.87476 (ms)
2026-07-13 18:59:27,319 [INFO] Pass: GatesInBasis - 0.92053 (ms)
2026-07-13 18:59:27,319 [INFO] Pass: Depth - 0.17834 (ms)
2026-07-13 18:59:27,319 [INFO] Pass: FixedPoint - 0.00596 (ms)
2026-07-13 18:59:27,319 [INFO] Pass: GatesInBasis - 0.87810 (ms)
2026-07-13 18:59:27,319 [INFO] Pass: Size - 0.06127 (ms)
2026-07-13 18:59:27,319 [INFO] Pass: FixedPoint - 0.00453 (ms)
2026-07-13 18:59:27,319 [INFO] Pass: Depth - 0.17452 (ms)
2026-07-13 18:59:27,319 [INFO] Pass: ContainsInstruction - 0.00477 (ms)
2026-07-13 18:59:27,319 [INFO] Pass: FixedPoint - 0.00572 (ms)
2026-07-13 18:59:27,319 [INFO] Pass: Depth - 0.17262 (ms)
2026-07-13 18:59:27,319 [INFO] Pass: FixedPoint - 0.00572 (ms)
2026-07-13 18:59:27,319 [INFO] Pass: Size - 0.06127 (ms)
2026-07-13 18:59:27,319 [INFO] Pass: FixedPoint - 0.00477 (ms)
2026-07-13 18:59:27,319 [INFO] Pass: ContainsInstruction - 0.00501 (ms)
2026-07-13 18:59:27,319 [INFO] Pass: Size - 0.06080 (ms)
2026-07-13 18:59:27,319 [INFO] Pass: FixedPoint - 0.00453 (ms)
2026-07-13 18:59:27,319 [INFO] Pass: ContainsInstruction - 0.00453 (ms)
2026-07-13 18:59:27,320 [INFO] Total Transpile Time - 64.44478 (ms)
2026-07-13 18:59:27,320 [INFO] Total Transpile Time - 64.43191 (ms)
2026-07-13 18:59:27,320 [INFO] Total Transpile Time - 64.20255 (ms)
2026-07-13 18:59:27,342 [INFO] Pass: ContainsInstruction - 0.01335 (ms)
2026-07-13 18:59:27,342 [INFO] Pass: InverseCancellation - 0.17595 (ms)
2026-07-13 18:59:27,342 [INFO] Pass: UnitarySynthesis - 0.00501 (ms)
2026-07-13 18:59:27,342 [INFO] Pass: ContainsInstruction - 0.00834 (ms)
2026-07-13 18:59:27,342 [INFO] Pass: InverseCancellation - 0.17524 (ms)
2026-07-13 18:59:27,342 [INFO] Pass: UnitarySynthesis - 0.00453 (ms)
2026-07-13 18:59:27,343 [INFO] Pass: ContainsInstruction - 0.00882 (ms)
2026-07-13 18:59:27,343 [INFO] Pass: InverseCancellation - 0.17524 (ms)
2026-07-13 18:59:27,343 [INFO] Pass: UnitarySynthesis - 0.00525 (ms)
2026-07-13 18:59:27,344 [INFO] Pass: HighLevelSynthesis - 1.57070 (ms)
2026-07-13 18:59:27,344 [INFO] Pass: HighLevelSynthesis - 1.56856 (ms)
2026-07-13 18:59:27,345 [INFO] Pass: BasisTranslator - 1.02186 (ms)
2026-07-13 18:59:27,345 [INFO] Pass: BasisTranslator - 0.85688 (ms)
2026-07-13 18:59:27,345 [INFO] Pass: HighLevelSynthesis - 1.57738 (ms)
2026-07-13 18:59:27,345 [INFO] Pass: Depth - 0.19765 (ms)
2026-07-13 18:59:27,345 [INFO] Pass: FixedPoint - 0.00811 (ms)
2026-07-13 18:59:27,345 [INFO] Pass: Depth - 0.19336 (ms)
2026-07-13 18:59:27,345 [INFO] Pass: Size - 0.06390 (ms)
2026-07-13 18:59:27,345 [INFO] Pass: FixedPoint - 0.00811 (ms)
2026-07-13 18:59:27,345 [INFO] Pass: FixedPoint - 0.00453 (ms)
2026-07-13 18:59:27,345 [INFO] Pass: Size - 0.06390 (ms)
2026-07-13 18:59:27,345 [INFO] Pass: FixedPoint - 0.00477 (ms)
2026-07-13 18:59:27,346 [INFO] Pass: ContainsInstruction - 0.00858 (ms)
2026-07-13 18:59:27,346 [INFO] Pass: BasisTranslator - 0.87619 (ms)
2026-07-13 18:59:27,346 [INFO] Pass: InverseCancellation - 0.17619 (ms)
2026-07-13 18:59:27,346 [INFO] Pass: UnitarySynthesis - 0.00477 (ms)
2026-07-13 18:59:27,346 [INFO] Pass: Depth - 0.19550 (ms)
2026-07-13 18:59:27,346 [INFO] Pass: Optimize1qGatesDecomposition - 0.86761 (ms)
2026-07-13 18:59:27,346 [INFO] Pass: FixedPoint - 0.00787 (ms)
2026-07-13 18:59:27,346 [INFO] Pass: InverseCancellation - 0.00906 (ms)
2026-07-13 18:59:27,346 [INFO] Pass: Size - 0.06437 (ms)
2026-07-13 18:59:27,346 [INFO] Pass: Optimize1qGatesDecomposition - 0.86308 (ms)
2026-07-13 18:59:27,346 [INFO] Pass: FixedPoint - 0.00453 (ms)
2026-07-13 18:59:27,346 [INFO] Pass: InverseCancellation - 0.00811 (ms)
2026-07-13 18:59:27,347 [INFO] Pass: GatesInBasis - 0.89741 (ms)
2026-07-13 18:59:27,347 [INFO] Pass: Optimize1qGatesDecomposition - 0.86737 (ms)
2026-07-13 18:59:27,347 [INFO] Pass: GatesInBasis - 0.88835 (ms)
2026-07-13 18:59:27,347 [INFO] Pass: InverseCancellation - 0.00906 (ms)
2026-07-13 18:59:27,347 [INFO] Pass: Depth - 0.17858 (ms)
2026-07-13 18:59:27,347 [INFO] Pass: FixedPoint - 0.00572 (ms)
2026-07-13 18:59:27,347 [INFO] Pass: Depth - 0.18072 (ms)
2026-07-13 18:59:27,347 [INFO] Pass: Size - 0.06104 (ms)
2026-07-13 18:59:27,347 [INFO] Pass: FixedPoint - 0.00572 (ms)
2026-07-13 18:59:27,347 [INFO] Pass: FixedPoint - 0.00453 (ms)
2026-07-13 18:59:27,348 [INFO] Pass: Size - 0.06104 (ms)
2026-07-13 18:59:27,348 [INFO] Pass: FixedPoint - 0.00429 (ms)
2026-07-13 18:59:27,348 [INFO] Pass: HighLevelSynthesis - 1.66225 (ms)
2026-07-13 18:59:27,348 [INFO] Pass: GatesInBasis - 0.92554 (ms)
2026-07-13 18:59:27,348 [INFO] Pass: Optimize1qGatesDecomposition - 0.71359 (ms)
2026-07-13 18:59:27,348 [INFO] Pass: InverseCancellation - 0.00739 (ms)
2026-07-13 18:59:27,348 [INFO] Pass: Optimize1qGatesDecomposition - 0.71692 (ms)
2026-07-13 18:59:27,348 [INFO] Pass: InverseCancellation - 0.00739 (ms)
2026-07-13 18:59:27,348 [INFO] Pass: Depth - 0.18215 (ms)
2026-07-13 18:59:27,348 [INFO] Pass: FixedPoint - 0.00572 (ms)
2026-07-13 18:59:27,349 [INFO] Pass: Size - 0.06175 (ms)
2026-07-13 18:59:27,349 [INFO] Pass: FixedPoint - 0.00453 (ms)
2026-07-13 18:59:27,349 [INFO] Pass: BasisTranslator - 0.90337 (ms)
2026-07-13 18:59:27,349 [INFO] Pass: Depth - 0.20099 (ms)
2026-07-13 18:59:27,349 [INFO] Pass: FixedPoint - 0.00858 (ms)
2026-07-13 18:59:27,349 [INFO] Pass: Size - 0.06557 (ms)
2026-07-13 18:59:27,349 [INFO] Pass: FixedPoint - 0.00477 (ms)
2026-07-13 18:59:27,349 [INFO] Pass: GatesInBasis - 0.84448 (ms)
2026-07-13 18:59:27,349 [INFO] Pass: ContainsInstruction - 0.00858 (ms)
2026-07-13 18:59:27,349 [INFO] Pass: Optimize1qGatesDecomposition - 0.71812 (ms)
2026-07-13 18:59:27,349 [INFO] Pass: GatesInBasis - 0.94151 (ms)
2026-07-13 18:59:27,349 [INFO] Pass: Depth - 0.17738 (ms)
2026-07-13 18:59:27,349 [INFO] Pass: InverseCancellation - 0.00811 (ms)
2026-07-13 18:59:27,349 [INFO] Pass: FixedPoint - 0.00477 (ms)
2026-07-13 18:59:27,349 [INFO] Pass: InverseCancellation - 0.17858 (ms)
2026-07-13 18:59:27,349 [INFO] Pass: Size - 0.06104 (ms)
2026-07-13 18:59:27,350 [INFO] Pass: UnitarySynthesis - 0.00501 (ms)
2026-07-13 18:59:27,350 [INFO] Pass: FixedPoint - 0.00429 (ms)
2026-07-13 18:59:27,350 [INFO] Pass: ContainsInstruction - 0.00501 (ms)
2026-07-13 18:59:27,350 [INFO] Pass: Depth - 0.17667 (ms)
2026-07-13 18:59:27,350 [INFO] Pass: FixedPoint - 0.00596 (ms)
2026-07-13 18:59:27,350 [INFO] Pass: Size - 0.06104 (ms)
2026-07-13 18:59:27,350 [INFO] Pass: FixedPoint - 0.00453 (ms)
2026-07-13 18:59:27,350 [INFO] Pass: ContainsInstruction - 0.00548 (ms)
2026-07-13 18:59:27,350 [INFO] Pass: Optimize1qGatesDecomposition - 0.89502 (ms)
2026-07-13 18:59:27,350 [INFO] Pass: InverseCancellation - 0.01073 (ms)
2026-07-13 18:59:27,350 [INFO] Pass: GatesInBasis - 0.86927 (ms)
2026-07-13 18:59:27,350 [INFO] Pass: Depth - 0.17238 (ms)
2026-07-13 18:59:27,351 [INFO] Pass: FixedPoint - 0.00525 (ms)
2026-07-13 18:59:27,351 [INFO] Pass: Size - 0.06056 (ms)
2026-07-13 18:59:27,351 [INFO] Pass: FixedPoint - 0.00429 (ms)
2026-07-13 18:59:27,351 [INFO] Pass: ContainsInstruction - 0.00477 (ms)
2026-07-13 18:59:27,351 [INFO] Total Transpile Time - 66.91074 (ms)
2026-07-13 18:59:27,351 [INFO] Pass: GatesInBasis - 0.98038 (ms)
2026-07-13 18:59:27,351 [INFO] Pass: HighLevelSynthesis - 1.58286 (ms)
2026-07-13 18:59:27,351 [INFO] Total Transpile Time - 66.78677 (ms)
2026-07-13 18:59:27,351 [INFO] Pass: Depth - 0.18787 (ms)
2026-07-13 18:59:27,351 [INFO] Pass: FixedPoint - 0.00644 (ms)
2026-07-13 18:59:27,351 [INFO] Pass: Size - 0.06461 (ms)
2026-07-13 18:59:27,352 [INFO] Pass: FixedPoint - 0.00453 (ms)
2026-07-13 18:59:27,352 [INFO] Pass: ContainsInstruction - 0.00882 (ms)
2026-07-13 18:59:27,352 [INFO] Pass: InverseCancellation - 0.17428 (ms)
2026-07-13 18:59:27,352 [INFO] Pass: UnitarySynthesis - 0.00429 (ms)
2026-07-13 18:59:27,352 [INFO] Pass: BasisTranslator - 0.86713 (ms)
2026-07-13 18:59:27,352 [INFO] Total Transpile Time - 66.68615 (ms)
2026-07-13 18:59:27,352 [INFO] Pass: Depth - 0.19431 (ms)
2026-07-13 18:59:27,352 [INFO] Pass: Optimize1qGatesDecomposition - 0.73218 (ms)
2026-07-13 18:59:27,352 [INFO] Pass: FixedPoint - 0.00787 (ms)
2026-07-13 18:59:27,352 [INFO] Pass: InverseCancellation - 0.00954 (ms)
2026-07-13 18:59:27,352 [INFO] Pass: Size - 0.06461 (ms)
2026-07-13 18:59:27,352 [INFO] Pass: FixedPoint - 0.00453 (ms)
2026-07-13 18:59:27,353 [INFO] Pass: GatesInBasis - 0.84257 (ms)
2026-07-13 18:59:27,353 [INFO] Pass: Optimize1qGatesDecomposition - 0.87070 (ms)
2026-07-13 18:59:27,353 [INFO] Pass: InverseCancellation - 0.00906 (ms)
2026-07-13 18:59:27,353 [INFO] Pass: Depth - 0.17953 (ms)
2026-07-13 18:59:27,354 [INFO] Pass: FixedPoint - 0.00525 (ms)
2026-07-13 18:59:27,354 [INFO] Pass: Size - 0.06199 (ms)
2026-07-13 18:59:27,354 [INFO] Pass: HighLevelSynthesis - 1.58143 (ms)
2026-07-13 18:59:27,354 [INFO] Pass: FixedPoint - 0.00429 (ms)
2026-07-13 18:59:27,354 [INFO] Pass: ContainsInstruction - 0.00620 (ms)
2026-07-13 18:59:27,354 [INFO] Pass: GatesInBasis - 0.93770 (ms)
2026-07-13 18:59:27,355 [INFO] Pass: BasisTranslator - 0.86451 (ms)
2026-07-13 18:59:27,355 [INFO] Pass: Depth - 0.18811 (ms)
2026-07-13 18:59:27,355 [INFO] Pass: FixedPoint - 0.00596 (ms)
2026-07-13 18:59:27,355 [INFO] Pass: ContainsInstruction - 0.00954 (ms)
2026-07-13 18:59:27,355 [INFO] Pass: Depth - 0.19670 (ms)
2026-07-13 18:59:27,355 [INFO] Pass: Size - 0.06104 (ms)
2026-07-13 18:59:27,355 [INFO] Pass: FixedPoint - 0.00834 (ms)
2026-07-13 18:59:27,355 [INFO] Pass: FixedPoint - 0.00453 (ms)
2026-07-13 18:59:27,355 [INFO] Pass: Size - 0.06413 (ms)
2026-07-13 18:59:27,355 [INFO] Pass: FixedPoint - 0.00429 (ms)
2026-07-13 18:59:27,355 [INFO] Pass: InverseCancellation - 0.18072 (ms)
2026-07-13 18:59:27,355 [INFO] Pass: UnitarySynthesis - 0.00453 (ms)
2026-07-13 18:59:27,355 [INFO] Total Transpile Time - 67.24238 (ms)
2026-07-13 18:59:27,356 [INFO] Pass: Optimize1qGatesDecomposition - 0.72455 (ms)
2026-07-13 18:59:27,356 [INFO] Pass: InverseCancellation - 0.01287 (ms)
2026-07-13 18:59:27,356 [INFO] Pass: Optimize1qGatesDecomposition - 0.89025 (ms)
2026-07-13 18:59:27,356 [INFO] Pass: InverseCancellation - 0.00858 (ms)
2026-07-13 18:59:27,357 [INFO] Pass: GatesInBasis - 0.89216 (ms)
2026-07-13 18:59:27,357 [INFO] Pass: HighLevelSynthesis - 1.56713 (ms)
2026-07-13 18:59:27,357 [INFO] Pass: Depth - 0.18692 (ms)
2026-07-13 18:59:27,357 [INFO] Pass: FixedPoint - 0.00596 (ms)
2026-07-13 18:59:27,357 [INFO] Pass: GatesInBasis - 0.93532 (ms)
2026-07-13 18:59:27,357 [INFO] Pass: Size - 0.06199 (ms)
2026-07-13 18:59:27,357 [INFO] Pass: FixedPoint - 0.00453 (ms)
2026-07-13 18:59:27,357 [INFO] Pass: ContainsInstruction - 0.00548 (ms)
2026-07-13 18:59:27,357 [INFO] Pass: Depth - 0.18382 (ms)
2026-07-13 18:59:27,357 [INFO] Pass: FixedPoint - 0.00572 (ms)
2026-07-13 18:59:27,357 [INFO] Pass: Size - 0.06247 (ms)
2026-07-13 18:59:27,357 [INFO] Pass: FixedPoint - 0.00453 (ms)
2026-07-13 18:59:27,358 [INFO] Pass: BasisTranslator - 0.87762 (ms)
2026-07-13 18:59:27,358 [INFO] Pass: Depth - 0.19526 (ms)
2026-07-13 18:59:27,358 [INFO] Pass: FixedPoint - 0.00811 (ms)
2026-07-13 18:59:27,358 [INFO] Pass: Size - 0.06413 (ms)
2026-07-13 18:59:27,358 [INFO] Pass: FixedPoint - 0.00477 (ms)
2026-07-13 18:59:27,358 [INFO] Pass: ContainsInstruction - 0.00834 (ms)
2026-07-13 18:59:27,358 [INFO] Pass: Optimize1qGatesDecomposition - 0.72265 (ms)
2026-07-13 18:59:27,358 [INFO] Pass: InverseCancellation - 0.00858 (ms)
2026-07-13 18:59:27,358 [INFO] Pass: InverseCancellation - 0.18120 (ms)
2026-07-13 18:59:27,358 [INFO] Pass: UnitarySynthesis - 0.00453 (ms)
2026-07-13 18:59:27,358 [INFO] Total Transpile Time - 66.85495 (ms)
2026-07-13 18:59:27,359 [INFO] Pass: Optimize1qGatesDecomposition - 0.89240 (ms)
2026-07-13 18:59:27,359 [INFO] Pass: InverseCancellation - 0.00811 (ms)
2026-07-13 18:59:27,359 [INFO] Pass: GatesInBasis - 0.83899 (ms)
2026-07-13 18:59:27,359 [INFO] Pass: Depth - 0.17381 (ms)
2026-07-13 18:59:27,359 [INFO] Pass: FixedPoint - 0.00548 (ms)
2026-07-13 18:59:27,359 [INFO] Pass: Size - 0.06056 (ms)
2026-07-13 18:59:27,359 [INFO] Pass: FixedPoint - 0.00429 (ms)
2026-07-13 18:59:27,359 [INFO] Pass: ContainsInstruction - 0.00548 (ms)
2026-07-13 18:59:27,360 [INFO] Pass: GatesInBasis - 0.93985 (ms)
2026-07-13 18:59:27,360 [INFO] Pass: HighLevelSynthesis - 1.57046 (ms)
2026-07-13 18:59:27,360 [INFO] Pass: Depth - 0.18024 (ms)
2026-07-13 18:59:27,360 [INFO] Pass: FixedPoint - 0.00596 (ms)
2026-07-13 18:59:27,360 [INFO] Pass: Size - 0.06676 (ms)
2026-07-13 18:59:27,360 [INFO] Pass: FixedPoint - 0.00429 (ms)
2026-07-13 18:59:27,361 [INFO] Pass: ContainsInstruction - 0.00906 (ms)
2026-07-13 18:59:27,361 [INFO] Total Transpile Time - 66.79416 (ms)
2026-07-13 18:59:27,361 [INFO] Pass: BasisTranslator - 1.01805 (ms)
2026-07-13 18:59:27,361 [INFO] Pass: InverseCancellation - 0.17667 (ms)
2026-07-13 18:59:27,361 [INFO] Pass: UnitarySynthesis - 0.00477 (ms)
2026-07-13 18:59:27,361 [INFO] Pass: Optimize1qGatesDecomposition - 0.71621 (ms)
2026-07-13 18:59:27,361 [INFO] Pass: InverseCancellation - 0.00787 (ms)
2026-07-13 18:59:27,361 [INFO] Pass: Depth - 0.19479 (ms)
2026-07-13 18:59:27,361 [INFO] Pass: FixedPoint - 0.00787 (ms)
2026-07-13 18:59:27,361 [INFO] Pass: Size - 0.06485 (ms)
2026-07-13 18:59:27,361 [INFO] Pass: FixedPoint - 0.00453 (ms)
2026-07-13 18:59:27,362 [INFO] Pass: GatesInBasis - 0.84066 (ms)
2026-07-13 18:59:27,362 [INFO] Pass: Depth - 0.17214 (ms)
2026-07-13 18:59:27,362 [INFO] Pass: FixedPoint - 0.00501 (ms)
2026-07-13 18:59:27,362 [INFO] Pass: Optimize1qGatesDecomposition - 0.86498 (ms)
2026-07-13 18:59:27,362 [INFO] Pass: Size - 0.06104 (ms)
2026-07-13 18:59:27,362 [INFO] Pass: InverseCancellation - 0.00882 (ms)
2026-07-13 18:59:27,362 [INFO] Pass: FixedPoint - 0.00453 (ms)
2026-07-13 18:59:27,362 [INFO] Pass: ContainsInstruction - 0.00572 (ms)
2026-07-13 18:59:27,363 [INFO] Pass: HighLevelSynthesis - 1.58358 (ms)
2026-07-13 18:59:27,363 [INFO] Pass: GatesInBasis - 0.88525 (ms)
2026-07-13 18:59:27,364 [INFO] Pass: Depth - 0.18191 (ms)
2026-07-13 18:59:27,364 [INFO] Pass: FixedPoint - 0.00548 (ms)
2026-07-13 18:59:27,364 [INFO] Pass: Size - 0.06175 (ms)
2026-07-13 18:59:27,364 [INFO] Pass: FixedPoint - 0.00453 (ms)
2026-07-13 18:59:27,364 [INFO] Pass: BasisTranslator - 1.08910 (ms)
2026-07-13 18:59:27,364 [INFO] Total Transpile Time - 66.59079 (ms)
2026-07-13 18:59:27,364 [INFO] Pass: Depth - 0.21362 (ms)
2026-07-13 18:59:27,364 [INFO] Pass: FixedPoint - 0.00858 (ms)
2026-07-13 18:59:27,364 [INFO] Pass: Size - 0.06533 (ms)
2026-07-13 18:59:27,364 [INFO] Pass: FixedPoint - 0.00453 (ms)
2026-07-13 18:59:27,365 [INFO] Pass: Optimize1qGatesDecomposition - 0.71502 (ms)
2026-07-13 18:59:27,365 [INFO] Pass: InverseCancellation - 0.00787 (ms)
2026-07-13 18:59:27,365 [INFO] Pass: Optimize1qGatesDecomposition - 0.90861 (ms)
2026-07-13 18:59:27,365 [INFO] Pass: InverseCancellation - 0.01144 (ms)
2026-07-13 18:59:27,365 [INFO] Pass: GatesInBasis - 0.83995 (ms)
2026-07-13 18:59:27,365 [INFO] Pass: ContainsInstruction - 0.00954 (ms)
2026-07-13 18:59:27,366 [INFO] Pass: Depth - 0.17381 (ms)
2026-07-13 18:59:27,366 [INFO] Pass: FixedPoint - 0.00525 (ms)
2026-07-13 18:59:27,366 [INFO] Pass: InverseCancellation - 0.17881 (ms)
2026-07-13 18:59:27,366 [INFO] Pass: UnitarySynthesis - 0.00525 (ms)
2026-07-13 18:59:27,366 [INFO] Pass: Size - 0.06127 (ms)
2026-07-13 18:59:27,366 [INFO] Pass: FixedPoint - 0.00429 (ms)
2026-07-13 18:59:27,366 [INFO] Pass: ContainsInstruction - 0.00525 (ms)
2026-07-13 18:59:27,366 [INFO] Pass: GatesInBasis - 0.84925 (ms)
2026-07-13 18:59:27,366 [INFO] Pass: Depth - 0.18740 (ms)
2026-07-13 18:59:27,367 [INFO] Pass: FixedPoint - 0.00572 (ms)
2026-07-13 18:59:27,367 [INFO] Pass: Size - 0.06127 (ms)
2026-07-13 18:59:27,367 [INFO] Pass: FixedPoint - 0.00429 (ms)
2026-07-13 18:59:27,367 [INFO] Total Transpile Time - 66.80894 (ms)
2026-07-13 18:59:27,367 [INFO] Pass: HighLevelSynthesis - 1.57881 (ms)
2026-07-13 18:59:27,367 [INFO] Pass: Optimize1qGatesDecomposition - 0.72956 (ms)
2026-07-13 18:59:27,367 [INFO] Pass: InverseCancellation - 0.00834 (ms)
2026-07-13 18:59:27,368 [INFO] Pass: BasisTranslator - 0.88263 (ms)
2026-07-13 18:59:27,368 [INFO] Pass: GatesInBasis - 0.88906 (ms)
2026-07-13 18:59:27,369 [INFO] Pass: Depth - 0.19169 (ms)
2026-07-13 18:59:27,369 [INFO] Pass: FixedPoint - 0.00834 (ms)
2026-07-13 18:59:27,369 [INFO] Pass: Depth - 0.17357 (ms)
2026-07-13 18:59:27,369 [INFO] Pass: FixedPoint - 0.00501 (ms)
2026-07-13 18:59:27,369 [INFO] Pass: Size - 0.06485 (ms)
2026-07-13 18:59:27,369 [INFO] Pass: FixedPoint - 0.00453 (ms)
2026-07-13 18:59:27,369 [INFO] Pass: Size - 0.06104 (ms)
2026-07-13 18:59:27,369 [INFO] Pass: FixedPoint - 0.00453 (ms)
2026-07-13 18:59:27,369 [INFO] Pass: ContainsInstruction - 0.00572 (ms)
2026-07-13 18:59:27,370 [INFO] Pass: Optimize1qGatesDecomposition - 0.87476 (ms)
2026-07-13 18:59:27,370 [INFO] Pass: InverseCancellation - 0.00858 (ms)
2026-07-13 18:59:27,370 [INFO] Total Transpile Time - 66.86258 (ms)
2026-07-13 18:59:27,371 [INFO] Pass: GatesInBasis - 0.98515 (ms)
2026-07-13 18:59:27,371 [INFO] Pass: Depth - 0.18835 (ms)
2026-07-13 18:59:27,371 [INFO] Pass: FixedPoint - 0.00596 (ms)
2026-07-13 18:59:27,371 [INFO] Pass: Size - 0.06247 (ms)
2026-07-13 18:59:27,371 [INFO] Pass: FixedPoint - 0.00429 (ms)
2026-07-13 18:59:27,371 [INFO] Pass: ContainsInstruction - 0.00787 (ms)
2026-07-13 18:59:27,372 [INFO] Pass: InverseCancellation - 0.17262 (ms)
2026-07-13 18:59:27,372 [INFO] Pass: UnitarySynthesis - 0.00453 (ms)
2026-07-13 18:59:27,372 [INFO] Pass: Optimize1qGatesDecomposition - 0.72694 (ms)
2026-07-13 18:59:27,372 [INFO] Pass: InverseCancellation - 0.00811 (ms)
2026-07-13 18:59:27,373 [INFO] Pass: GatesInBasis - 0.84686 (ms)
2026-07-13 18:59:27,373 [INFO] Pass: Depth - 0.17285 (ms)
2026-07-13 18:59:27,373 [INFO] Pass: FixedPoint - 0.00548 (ms)
2026-07-13 18:59:27,373 [INFO] Pass: HighLevelSynthesis - 1.55473 (ms)
2026-07-13 18:59:27,373 [INFO] Pass: Size - 0.06175 (ms)
2026-07-13 18:59:27,373 [INFO] Pass: FixedPoint - 0.00429 (ms)
2026-07-13 18:59:27,373 [INFO] Pass: ContainsInstruction - 0.00620 (ms)
2026-07-13 18:59:27,374 [INFO] Pass: BasisTranslator - 0.86379 (ms)
2026-07-13 18:59:27,374 [INFO] Pass: Depth - 0.19288 (ms)
2026-07-13 18:59:27,374 [INFO] Pass: FixedPoint - 0.00739 (ms)
2026-07-13 18:59:27,374 [INFO] Pass: Size - 0.06366 (ms)
2026-07-13 18:59:27,375 [INFO] Pass: FixedPoint - 0.00453 (ms)
2026-07-13 18:59:27,375 [INFO] Total Transpile Time - 68.07947 (ms)
2026-07-13 18:59:27,375 [INFO] Pass: Optimize1qGatesDecomposition - 0.86832 (ms)
2026-07-13 18:59:27,375 [INFO] Pass: InverseCancellation - 0.00834 (ms)
2026-07-13 18:59:27,376 [INFO] Pass: GatesInBasis - 0.88882 (ms)
2026-07-13 18:59:27,377 [INFO] Pass: Depth - 0.17548 (ms)
2026-07-13 18:59:27,377 [INFO] Pass: FixedPoint - 0.00572 (ms)
2026-07-13 18:59:27,377 [INFO] Pass: Size - 0.06104 (ms)
2026-07-13 18:59:27,377 [INFO] Pass: FixedPoint - 0.00453 (ms)
2026-07-13 18:59:27,378 [INFO] Pass: Optimize1qGatesDecomposition - 0.71216 (ms)
2026-07-13 18:59:27,378 [INFO] Pass: InverseCancellation - 0.00739 (ms)
2026-07-13 18:59:27,378 [INFO] Pass: ContainsInstruction - 0.00739 (ms)
2026-07-13 18:59:27,378 [INFO] Pass: ContainsInstruction - 0.01264 (ms)
2026-07-13 18:59:27,378 [INFO] Pass: InverseCancellation - 0.16952 (ms)
2026-07-13 18:59:27,378 [INFO] Pass: UnitarySynthesis - 0.00429 (ms)
2026-07-13 18:59:27,378 [INFO] Pass: ContainsInstruction - 0.00763 (ms)
2026-07-13 18:59:27,378 [INFO] Pass: InverseCancellation - 0.17142 (ms)
2026-07-13 18:59:27,378 [INFO] Pass: UnitarySynthesis - 0.00453 (ms)
2026-07-13 18:59:27,378 [INFO] Pass: InverseCancellation - 0.17095 (ms)
2026-07-13 18:59:27,378 [INFO] Pass: UnitarySynthesis - 0.00477 (ms)
2026-07-13 18:59:27,379 [INFO] Pass: GatesInBasis - 0.91815 (ms)
2026-07-13 18:59:27,379 [INFO] Pass: Depth - 0.17524 (ms)
2026-07-13 18:59:27,379 [INFO] Pass: FixedPoint - 0.00572 (ms)
2026-07-13 18:59:27,379 [INFO] Pass: Size - 0.06175 (ms)
2026-07-13 18:59:27,379 [INFO] Pass: FixedPoint - 0.00477 (ms)
2026-07-13 18:59:27,379 [INFO] Pass: ContainsInstruction - 0.00548 (ms)
2026-07-13 18:59:27,380 [INFO] Pass: HighLevelSynthesis - 1.58262 (ms)
2026-07-13 18:59:27,380 [INFO] Pass: HighLevelSynthesis - 1.57380 (ms)
2026-07-13 18:59:27,380 [INFO] Pass: HighLevelSynthesis - 1.56212 (ms)
2026-07-13 18:59:27,380 [INFO] Total Transpile Time - 66.58244 (ms)
2026-07-13 18:59:27,381 [INFO] Pass: BasisTranslator - 0.86880 (ms)
2026-07-13 18:59:27,381 [INFO] Pass: BasisTranslator - 0.85783 (ms)
2026-07-13 18:59:27,381 [INFO] Pass: Depth - 0.19145 (ms)
2026-07-13 18:59:27,381 [INFO] Pass: FixedPoint - 0.00668 (ms)
2026-07-13 18:59:27,381 [INFO] Pass: BasisTranslator - 0.86665 (ms)
2026-07-13 18:59:27,381 [INFO] Pass: Size - 0.06342 (ms)
2026-07-13 18:59:27,381 [INFO] Pass: Depth - 0.18859 (ms)
2026-07-13 18:59:27,381 [INFO] Pass: FixedPoint - 0.00453 (ms)
2026-07-13 18:59:27,381 [INFO] Pass: FixedPoint - 0.00715 (ms)
2026-07-13 18:59:27,381 [INFO] Pass: Depth - 0.19526 (ms)
2026-07-13 18:59:27,381 [INFO] Pass: Size - 0.06342 (ms)
2026-07-13 18:59:27,381 [INFO] Pass: FixedPoint - 0.00739 (ms)
2026-07-13 18:59:27,381 [INFO] Pass: FixedPoint - 0.00453 (ms)
2026-07-13 18:59:27,381 [INFO] Pass: Size - 0.06437 (ms)
2026-07-13 18:59:27,381 [INFO] Pass: FixedPoint - 0.00429 (ms)
2026-07-13 18:59:27,382 [INFO] Pass: Optimize1qGatesDecomposition - 0.86308 (ms)
2026-07-13 18:59:27,382 [INFO] Pass: InverseCancellation - 0.00858 (ms)
2026-07-13 18:59:27,382 [INFO] Pass: Optimize1qGatesDecomposition - 0.86021 (ms)
2026-07-13 18:59:27,382 [INFO] Pass: InverseCancellation - 0.00834 (ms)
2026-07-13 18:59:27,382 [INFO] Pass: Optimize1qGatesDecomposition - 0.86641 (ms)
2026-07-13 18:59:27,382 [INFO] Pass: InverseCancellation - 0.00834 (ms)
2026-07-13 18:59:27,383 [INFO] Pass: GatesInBasis - 0.96607 (ms)
2026-07-13 18:59:27,383 [INFO] Pass: GatesInBasis - 0.87953 (ms)
2026-07-13 18:59:27,383 [INFO] Pass: Depth - 0.17905 (ms)
2026-07-13 18:59:27,383 [INFO] Pass: GatesInBasis - 0.93222 (ms)
2026-07-13 18:59:27,383 [INFO] Pass: FixedPoint - 0.00596 (ms)
2026-07-13 18:59:27,383 [INFO] Pass: Depth - 0.17619 (ms)
2026-07-13 18:59:27,383 [INFO] Pass: FixedPoint - 0.00548 (ms)
2026-07-13 18:59:27,383 [INFO] Pass: Size - 0.06175 (ms)
2026-07-13 18:59:27,383 [INFO] Pass: FixedPoint - 0.00477 (ms)
2026-07-13 18:59:27,383 [INFO] Pass: Size - 0.06485 (ms)
2026-07-13 18:59:27,383 [INFO] Pass: FixedPoint - 0.00453 (ms)
2026-07-13 18:59:27,383 [INFO] Pass: Depth - 0.18358 (ms)
2026-07-13 18:59:27,383 [INFO] Pass: FixedPoint - 0.00525 (ms)
2026-07-13 18:59:27,384 [INFO] Pass: Size - 0.06151 (ms)
2026-07-13 18:59:27,384 [INFO] Pass: FixedPoint - 0.00429 (ms)
2026-07-13 18:59:27,384 [INFO] Pass: Optimize1qGatesDecomposition - 0.71192 (ms)
2026-07-13 18:59:27,384 [INFO] Pass: Optimize1qGatesDecomposition - 0.69928 (ms)
2026-07-13 18:59:27,384 [INFO] Pass: InverseCancellation - 0.00811 (ms)
2026-07-13 18:59:27,384 [INFO] Pass: InverseCancellation - 0.00739 (ms)
2026-07-13 18:59:27,384 [INFO] Pass: Optimize1qGatesDecomposition - 0.72217 (ms)
2026-07-13 18:59:27,384 [INFO] Pass: InverseCancellation - 0.00834 (ms)
2026-07-13 18:59:27,385 [INFO] Pass: GatesInBasis - 0.87905 (ms)
2026-07-13 18:59:27,385 [INFO] Pass: GatesInBasis - 0.90384 (ms)
2026-07-13 18:59:27,385 [INFO] Pass: GatesInBasis - 0.83303 (ms)
2026-07-13 18:59:27,385 [INFO] Pass: Depth - 0.17405 (ms)
2026-07-13 18:59:27,385 [INFO] Pass: FixedPoint - 0.00882 (ms)
2026-07-13 18:59:27,385 [INFO] Pass: Depth - 0.17858 (ms)
2026-07-13 18:59:27,385 [INFO] Pass: FixedPoint - 0.00572 (ms)
2026-07-13 18:59:27,385 [INFO] Pass: Size - 0.06080 (ms)
2026-07-13 18:59:27,385 [INFO] Pass: FixedPoint - 0.00429 (ms)
2026-07-13 18:59:27,385 [INFO] Pass: Size - 0.06127 (ms)
2026-07-13 18:59:27,385 [INFO] Pass: ContainsInstruction - 0.00501 (ms)
2026-07-13 18:59:27,385 [INFO] Pass: Depth - 0.17738 (ms)
2026-07-13 18:59:27,386 [INFO] Pass: FixedPoint - 0.00429 (ms)
2026-07-13 18:59:27,386 [INFO] Pass: FixedPoint - 0.00548 (ms)
2026-07-13 18:59:27,386 [INFO] Pass: ContainsInstruction - 0.00548 (ms)
2026-07-13 18:59:27,386 [INFO] Pass: Size - 0.06104 (ms)
2026-07-13 18:59:27,386 [INFO] Pass: FixedPoint - 0.00453 (ms)
2026-07-13 18:59:27,386 [INFO] Pass: ContainsInstruction - 0.00501 (ms)
2026-07-13 18:59:27,387 [INFO] Total Transpile Time - 66.27798 (ms)
2026-07-13 18:59:27,387 [INFO] Total Transpile Time - 66.46347 (ms)
2026-07-13 18:59:27,387 [INFO] Total Transpile Time - 66.78152 (ms)
2026-07-13 18:59:27,759 [INFO] [PCE] Aer metadata (1a ejecucion de este proceso): device=CPU method=statevector shots=2048 fusion_enabled=True
2026-07-13 18:59:27,761 [INFO] [PCE] Aer metadata (1a ejecucion de este proceso): device=CPU method=statevector shots=2048 fusion_enabled=True
2026-07-13 18:59:27,764 [INFO] [PCE] Aer metadata (1a ejecucion de este proceso): device=CPU method=statevector shots=2048 fusion_enabled=True
2026-07-13 18:59:27,767 [INFO] [PCE] Aer metadata (1a ejecucion de este proceso): device=CPU method=statevector shots=2048 fusion_enabled=True
2026-07-13 18:59:27,770 [INFO] [PCE] Aer metadata (1a ejecucion de este proceso): device=CPU method=statevector shots=2048 fusion_enabled=True
2026-07-13 18:59:27,773 [INFO] [PCE] Aer metadata (1a ejecucion de este proceso): device=CPU method=statevector shots=2048 fusion_enabled=True
2026-07-13 18:59:27,775 [INFO] [PCE] Aer metadata (1a ejecucion de este proceso): device=CPU method=statevector shots=2048 fusion_enabled=True
2026-07-13 18:59:27,778 [INFO] [PCE] Aer metadata (1a ejecucion de este proceso): device=CPU method=statevector shots=2048 fusion_enabled=True
2026-07-13 18:59:27,781 [INFO] [PCE] Aer metadata (1a ejecucion de este proceso): device=CPU method=statevector shots=2048 fusion_enabled=True
2026-07-13 18:59:27,783 [INFO] [PCE] Aer metadata (1a ejecucion de este proceso): device=CPU method=statevector shots=2048 fusion_enabled=True
2026-07-13 18:59:27,786 [INFO] [PCE] Aer metadata (1a ejecucion de este proceso): device=CPU method=statevector shots=2048 fusion_enabled=True
2026-07-13 18:59:27,789 [INFO] [PCE] Aer metadata (1a ejecucion de este proceso): device=CPU method=statevector shots=2048 fusion_enabled=True
2026-07-13 18:59:27,791 [INFO] [PCE] Aer metadata (1a ejecucion de este proceso): device=CPU method=statevector shots=2048 fusion_enabled=True
2026-07-13 18:59:27,794 [INFO] [PCE] Aer metadata (1a ejecucion de este proceso): device=CPU method=statevector shots=2048 fusion_enabled=True
2026-07-13 23:00:45,172 [INFO] [PCE] n=250 instancia (idx=97) 1/14 completada (paralelo) - transcurrido=0:04:01:18
2026-07-13 23:02:05,175 [INFO] [PCE] n=250 instancia (idx=27) 2/14 completada (paralelo) - transcurrido=0:04:02:38
2026-07-13 23:02:10,244 [INFO] [PCE] n=250 instancia (idx=69) 3/14 completada (paralelo) - transcurrido=0:04:02:43
2026-07-13 23:02:17,184 [INFO] [PCE] n=250 instancia (idx=62) 4/14 completada (paralelo) - transcurrido=0:04:02:50
2026-07-13 23:02:28,942 [INFO] [PCE] n=250 instancia (idx=83) 5/14 completada (paralelo) - transcurrido=0:04:03:02
2026-07-13 23:11:08,469 [INFO] [PCE] n=250 instancia (idx=13) 6/14 completada (paralelo) - transcurrido=0:04:11:41
2026-07-13 23:13:29,083 [INFO] [PCE] n=250 instancia (idx=90) 7/14 completada (paralelo) - transcurrido=0:04:14:02
2026-07-13 23:15:42,535 [INFO] [PCE] n=250 instancia (idx=6) 8/14 completada (paralelo) - transcurrido=0:04:16:15
2026-07-13 23:17:02,010 [INFO] [PCE] n=250 instancia (idx=41) 9/14 completada (paralelo) - transcurrido=0:04:17:35
2026-07-13 23:18:53,100 [INFO] [PCE] n=250 instancia (idx=34) 10/14 completada (paralelo) - transcurrido=0:04:19:26
2026-07-13 23:19:02,284 [INFO] [PCE] n=250 instancia (idx=20) 11/14 completada (paralelo) - transcurrido=0:04:19:35
2026-07-13 23:19:31,853 [INFO] [PCE] n=250 instancia (idx=48) 12/14 completada (paralelo) - transcurrido=0:04:20:05
2026-07-13 23:19:38,302 [INFO] [PCE] n=250 instancia (idx=76) 13/14 completada (paralelo) - transcurrido=0:04:20:11
2026-07-13 23:20:24,416 [INFO] [PCE] n=250 instancia (idx=55) 14/14 completada (paralelo) - transcurrido=0:04:20:57
2026-07-13 23:20:24,742 [INFO] [PCE] n=250 chunk 7/7 completado - beta_parcial=0.2419 duration=0:04:20:58 shots=2048 backend=AER
