slurmstepd: info: Setting TMPDIR to /scratch/8435261. Previous errors about TMPDIR can be discarded
==============================
RUN_ID: 20260713-104338
Array ID: 10  (entrada: 225:3:7)
num_nodes: 225   chunk: 4/7
num_instances (total del n): 100
num_workers: 16   cpus-per-task: 32
OMP_NUM_THREADS=1 OPENBLAS_NUM_THREADS=1 MKL_NUM_THREADS=1
device: CPU   optimizer: DIFFERENTIALEVOLUTION   maxiter: 25   k: 3
backend: AER   shots: 2048
==============================

==============================
num_nodes     = 225
num_instances = 100 (total del n)
chunk         = 4/7
num_workers   = 16
k             = 3
optimizer     = DIFFERENTIALEVOLUTION
maxiter       = 25
backend       = AER
outdir        = Resultados/PCE/20260713-104338/chunks
==============================

(num_workers ajustado de 16 a 14: este chunk solo tiene 14 instancias)
[TIMING] pid=113954 idx=94 t0=38048859.343 grafo=0.039s init_bench=0.000s run_pce=13083.055s total=13083.093s
[TIMING] pid=113953 idx=87 t0=38048859.339 grafo=0.039s init_bench=0.000s run_pce=13110.649s total=13110.688s
[TIMING] pid=113952 idx=80 t0=38048859.336 grafo=0.039s init_bench=0.000s run_pce=13123.709s total=13123.748s
[TIMING] pid=113943 idx=17 t0=38048859.309 grafo=0.039s init_bench=0.000s run_pce=13124.191s total=13124.230s
[TIMING] pid=113951 idx=73 t0=38048859.332 grafo=0.039s init_bench=0.000s run_pce=13126.317s total=13126.356s
[TIMING] pid=113942 idx=10 t0=38048859.309 grafo=0.039s init_bench=0.000s run_pce=13653.345s total=13653.384s
[TIMING] pid=113939 idx=3 t0=38048859.303 grafo=0.039s init_bench=0.000s run_pce=13774.293s total=13774.332s
[TIMING] pid=113950 idx=66 t0=38048859.329 grafo=0.039s init_bench=0.000s run_pce=13784.511s total=13784.550s
[TIMING] pid=113947 idx=45 t0=38048859.319 grafo=0.039s init_bench=0.000s run_pce=13795.914s total=13795.953s
[TIMING] pid=113948 idx=52 t0=38048859.322 grafo=0.039s init_bench=0.000s run_pce=13795.914s total=13795.953s
[TIMING] pid=113944 idx=24 t0=38048859.309 grafo=0.039s init_bench=0.000s run_pce=13839.964s total=13840.003s
[TIMING] pid=113949 idx=59 t0=38048859.325 grafo=0.040s init_bench=0.000s run_pce=14215.492s total=14215.532s
[TIMING] pid=113946 idx=38 t0=38048859.315 grafo=0.039s init_bench=0.000s run_pce=14267.273s total=14267.313s
[TIMING] pid=113945 idx=31 t0=38048859.313 grafo=0.039s init_bench=0.000s run_pce=14307.313s total=14307.352s

✔ n=225 chunk 4/7 (14 instancias) beta_parcial=0.2483 ± 0.0317
✔ Resultado del chunk guardado en: Resultados/PCE/20260713-104338/chunks/n_225_chunk_3_of_7.h5
  (recuerda: esto es PARCIAL — hace falta merge_chunks_qscore_PCE.py para combinar todos los chunks de este n antes de agregar)
Fecha fin: Mon Jul 13 06:36:29 PM CEST 2026

*****************************************************************************
*                                                                           *
*                    JOB EFFICIENCY REPORT (seff 8435261)                   *
*                                                                           *
*****************************************************************************

Job ID: 8435261
Array Job ID: 8427004_10
Cluster: finisterrae3
User/Group: tec_app6/cesga
State: COMPLETED (exit code 0)
Nodes: 1
Cores per node: 32
CPU Utilized: 08:32:45
CPU Efficiency: 6.72% of 5-07:15:12 core-walltime
Job Wall-clock time: 03:58:36
Memory Utilized: 7.72 GB
Memory Efficiency: 24.13% of 32.00 GB

 +++++++++++++++++++++++++++++++++++++++++++++++++++++++++++++++++++++++++++
 ++   Memory Efficiency is too small. Please review the requested memory. ++
 ++ It seems that you do not need that much memory so we recommend        ++
 ++ requesting less memory in other similar jobs.                         ++
 +++++++++++++++++++++++++++++++++++++++++++++++++++++++++++++++++++++++++++
 
*****************************************************************************

