slurmstepd: info: Setting TMPDIR to /scratch/8435038. Previous errors about TMPDIR can be discarded
==============================
RUN_ID: 20260713-104338
Array ID: 9  (entrada: 225:2:7)
num_nodes: 225   chunk: 3/7
num_instances (total del n): 100
num_workers: 16   cpus-per-task: 32
OMP_NUM_THREADS=1 OPENBLAS_NUM_THREADS=1 MKL_NUM_THREADS=1
device: CPU   optimizer: DIFFERENTIALEVOLUTION   maxiter: 25   k: 3
backend: AER   shots: 2048
==============================

==============================
num_nodes     = 225
num_instances = 100 (total del n)
chunk         = 3/7
num_workers   = 16
k             = 3
optimizer     = DIFFERENTIALEVOLUTION
maxiter       = 25
backend       = AER
outdir        = Resultados/PCE/20260713-104338/chunks
==============================

(num_workers ajustado de 16 a 14: este chunk solo tiene 14 instancias)
[TIMING] pid=40740 idx=51 t0=10292038.595 grafo=0.040s init_bench=0.000s run_pce=12990.414s total=12990.454s
[TIMING] pid=40741 idx=58 t0=10292038.599 grafo=0.041s init_bench=0.000s run_pce=13010.919s total=13010.960s
[TIMING] pid=40738 idx=44 t0=10292038.592 grafo=0.041s init_bench=0.000s run_pce=13026.956s total=13026.997s
[TIMING] pid=40737 idx=23 t0=10292038.586 grafo=0.041s init_bench=0.000s run_pce=13047.664s total=13047.704s
[TIMING] pid=40736 idx=30 t0=10292038.586 grafo=0.040s init_bench=0.000s run_pce=13051.755s total=13051.796s
[TIMING] pid=40739 idx=37 t0=10292038.592 grafo=0.040s init_bench=0.000s run_pce=13056.875s total=13056.915s
[TIMING] pid=40746 idx=93 t0=10292038.619 grafo=0.041s init_bench=0.000s run_pce=13558.439s total=13558.480s
[TIMING] pid=40742 idx=65 t0=10292038.603 grafo=0.041s init_bench=0.000s run_pce=13594.756s total=13594.797s
[TIMING] pid=40744 idx=79 t0=10292038.611 grafo=0.041s init_bench=0.000s run_pce=13617.285s total=13617.325s
[TIMING] pid=40734 idx=9 t0=10292038.575 grafo=0.040s init_bench=0.000s run_pce=13636.647s total=13636.688s
[TIMING] pid=40731 idx=2 t0=10292038.574 grafo=0.040s init_bench=0.000s run_pce=13676.497s total=13676.537s
[TIMING] pid=40745 idx=86 t0=10292038.615 grafo=0.041s init_bench=0.000s run_pce=13767.250s total=13767.291s
[TIMING] pid=40735 idx=16 t0=10292038.580 grafo=0.041s init_bench=0.000s run_pce=13767.847s total=13767.888s
[TIMING] pid=40743 idx=72 t0=10292038.607 grafo=0.041s init_bench=0.000s run_pce=13770.438s total=13770.479s

✔ n=225 chunk 3/7 (14 instancias) beta_parcial=0.2330 ± 0.0263
✔ Resultado del chunk guardado en: Resultados/PCE/20260713-104338/chunks/n_225_chunk_2_of_7.h5
  (recuerda: esto es PARCIAL — hace falta merge_chunks_qscore_PCE.py para combinar todos los chunks de este n antes de agregar)
Fecha fin: Mon Jul 13 06:21:34 PM CEST 2026

*****************************************************************************
*                                                                           *
*                    JOB EFFICIENCY REPORT (seff 8435038)                   *
*                                                                           *
*****************************************************************************

Job ID: 8435038
Array Job ID: 8427004_9
Cluster: finisterrae3
User/Group: tec_app6/cesga
State: COMPLETED (exit code 0)
Nodes: 1
Cores per node: 32
CPU Utilized: 08:19:10
CPU Efficiency: 6.79% of 5-02:29:20 core-walltime
Job Wall-clock time: 03:49:40
Memory Utilized: 7.64 GB
Memory Efficiency: 23.89% of 32.00 GB

 +++++++++++++++++++++++++++++++++++++++++++++++++++++++++++++++++++++++++++
 ++   Memory Efficiency is too small. Please review the requested memory. ++
 ++ It seems that you do not need that much memory so we recommend        ++
 ++ requesting less memory in other similar jobs.                         ++
 +++++++++++++++++++++++++++++++++++++++++++++++++++++++++++++++++++++++++++
 
*****************************************************************************

