gcc/system unloaded
gcccore/system unloaded
cesga/2022 unloaded
rust/1.75.0 unloaded
imkl/2022.0.1 unloaded
numpy/1.26.4 unloaded
scipy/1.13.1 unloaded
flint/2.8.4 unloaded
symengine/0.11.1 unloaded
symengine-python/0.11.0 unloaded
spdlog/1.9.2 unloaded
pylatexenc/2.10 unloaded
qiskit/1.2.4-aer-gpu-cu11 unloaded
        Preparing the environment for use of the CESGA 2022 software stack.
        Please rebuild modules cache: module --ignore-cache avail
     
cesga/2022 loaded
rust/1.75.0 loaded

imkl/2023.2.0 loaded
numpy/1.26.4 loaded
scipy/1.13.1 loaded
imkl/2023.2.0 unloaded

imkl/2022.0.1 loaded
flint/2.8.4 loaded
symengine/0.11.1 loaded
symengine-python/0.11.0 loaded
spdlog/1.9.2 loaded
pylatexenc/2.10 loaded
gcccore/system loaded
gcc/system loaded
qiskit/1.2.4-aer-gpu-cu11 loaded
2026-07-13 15:05:15,040 [INFO] [PCE] n=225 chunk 6/7: 14 instancias [5, 12, 19, 26, 33, 40, 47, 54, 61, 68, 75, 82, 89, 96], num_workers=14, qubits=9
2026-07-13 15:05:15,040 [INFO] [PCE] n=225 paralelizando 14 instancias entre 14 workers (max_parallel_threads=1 fijo, independiente de num_workers)
2026-07-13 15:05:15,191 [INFO] Pass: ContainsInstruction - 0.01407 (ms)
2026-07-13 15:05:15,191 [INFO] Pass: ContainsInstruction - 0.01407 (ms)
2026-07-13 15:05:15,191 [INFO] Pass: ContainsInstruction - 0.01192 (ms)
2026-07-13 15:05:15,191 [INFO] Pass: InverseCancellation - 0.01836 (ms)
2026-07-13 15:05:15,191 [INFO] Pass: InverseCancellation - 0.01574 (ms)
2026-07-13 15:05:15,191 [INFO] Pass: InverseCancellation - 0.01669 (ms)
2026-07-13 15:05:15,191 [INFO] Pass: UnitarySynthesis - 0.00572 (ms)
2026-07-13 15:05:15,191 [INFO] Pass: UnitarySynthesis - 0.00525 (ms)
2026-07-13 15:05:15,191 [INFO] Pass: UnitarySynthesis - 0.00525 (ms)
2026-07-13 15:05:15,192 [INFO] Pass: ContainsInstruction - 0.01216 (ms)
2026-07-13 15:05:15,192 [INFO] Pass: InverseCancellation - 0.01836 (ms)
2026-07-13 15:05:15,192 [INFO] Pass: UnitarySynthesis - 0.00548 (ms)
2026-07-13 15:05:15,192 [INFO] Pass: HighLevelSynthesis - 1.56164 (ms)
2026-07-13 15:05:15,192 [INFO] Pass: HighLevelSynthesis - 1.63126 (ms)
2026-07-13 15:05:15,192 [INFO] Pass: HighLevelSynthesis - 1.64270 (ms)
2026-07-13 15:05:15,193 [INFO] Pass: BasisTranslator - 0.83494 (ms)
2026-07-13 15:05:15,193 [INFO] Pass: BasisTranslator - 0.77915 (ms)
2026-07-13 15:05:15,193 [INFO] Pass: BasisTranslator - 0.79417 (ms)
2026-07-13 15:05:15,194 [INFO] Pass: Depth - 0.20218 (ms)
2026-07-13 15:05:15,194 [INFO] Pass: Depth - 0.19908 (ms)
2026-07-13 15:05:15,194 [INFO] Pass: Depth - 0.19908 (ms)
2026-07-13 15:05:15,194 [INFO] Pass: FixedPoint - 0.01264 (ms)
2026-07-13 15:05:15,194 [INFO] Pass: FixedPoint - 0.01097 (ms)
2026-07-13 15:05:15,194 [INFO] Pass: FixedPoint - 0.01407 (ms)
2026-07-13 15:05:15,194 [INFO] Pass: Size - 0.06008 (ms)
2026-07-13 15:05:15,194 [INFO] Pass: Size - 0.06032 (ms)
2026-07-13 15:05:15,194 [INFO] Pass: Size - 0.05960 (ms)
2026-07-13 15:05:15,194 [INFO] Pass: FixedPoint - 0.00477 (ms)
2026-07-13 15:05:15,194 [INFO] Pass: FixedPoint - 0.00477 (ms)
2026-07-13 15:05:15,194 [INFO] Pass: FixedPoint - 0.00453 (ms)
2026-07-13 15:05:15,194 [INFO] Pass: Optimize1qGatesDecomposition - 0.14234 (ms)
2026-07-13 15:05:15,194 [INFO] Pass: Optimize1qGatesDecomposition - 0.13995 (ms)
2026-07-13 15:05:15,194 [INFO] Pass: Optimize1qGatesDecomposition - 0.14234 (ms)
2026-07-13 15:05:15,194 [INFO] Pass: InverseCancellation - 0.00715 (ms)
2026-07-13 15:05:15,194 [INFO] Pass: InverseCancellation - 0.00739 (ms)
2026-07-13 15:05:15,194 [INFO] Pass: InverseCancellation - 0.00715 (ms)
2026-07-13 15:05:15,194 [INFO] Pass: HighLevelSynthesis - 1.60027 (ms)
2026-07-13 15:05:15,195 [INFO] Pass: GatesInBasis - 0.83065 (ms)
2026-07-13 15:05:15,195 [INFO] Pass: GatesInBasis - 0.82636 (ms)
2026-07-13 15:05:15,195 [INFO] Pass: GatesInBasis - 0.83971 (ms)
2026-07-13 15:05:15,195 [INFO] Pass: BasisTranslator - 0.85402 (ms)
2026-07-13 15:05:15,195 [INFO] Pass: Depth - 0.15759 (ms)
2026-07-13 15:05:15,195 [INFO] Pass: Depth - 0.15831 (ms)
2026-07-13 15:05:15,195 [INFO] Pass: Depth - 0.15807 (ms)
2026-07-13 15:05:15,195 [INFO] Pass: FixedPoint - 0.00453 (ms)
2026-07-13 15:05:15,195 [INFO] Pass: FixedPoint - 0.00525 (ms)
2026-07-13 15:05:15,195 [INFO] Pass: FixedPoint - 0.00477 (ms)
2026-07-13 15:05:15,195 [INFO] Pass: Depth - 0.19646 (ms)
2026-07-13 15:05:15,195 [INFO] Pass: Size - 0.05651 (ms)
2026-07-13 15:05:15,195 [INFO] Pass: Size - 0.05651 (ms)
2026-07-13 15:05:15,195 [INFO] Pass: Size - 0.05674 (ms)
2026-07-13 15:05:15,195 [INFO] Pass: FixedPoint - 0.01216 (ms)
2026-07-13 15:05:15,195 [INFO] Pass: FixedPoint - 0.00429 (ms)
2026-07-13 15:05:15,195 [INFO] Pass: FixedPoint - 0.00453 (ms)
2026-07-13 15:05:15,195 [INFO] Pass: FixedPoint - 0.00429 (ms)
2026-07-13 15:05:15,195 [INFO] Pass: ContainsInstruction - 0.00501 (ms)
2026-07-13 15:05:15,195 [INFO] Pass: ContainsInstruction - 0.00501 (ms)
2026-07-13 15:05:15,195 [INFO] Pass: ContainsInstruction - 0.00501 (ms)
2026-07-13 15:05:15,195 [INFO] Pass: Size - 0.05984 (ms)
2026-07-13 15:05:15,195 [INFO] Pass: FixedPoint - 0.00477 (ms)
2026-07-13 15:05:15,195 [INFO] Pass: Optimize1qGatesDecomposition - 0.15903 (ms)
2026-07-13 15:05:15,196 [INFO] Pass: InverseCancellation - 0.00715 (ms)
2026-07-13 15:05:15,196 [INFO] Pass: ContainsInstruction - 0.01025 (ms)
2026-07-13 15:05:15,196 [INFO] Pass: InverseCancellation - 0.01550 (ms)
2026-07-13 15:05:15,196 [INFO] Pass: GatesInBasis - 0.83780 (ms)
2026-07-13 15:05:15,196 [INFO] Pass: UnitarySynthesis - 0.02146 (ms)
2026-07-13 15:05:15,197 [INFO] Total Transpile Time - 82.75771 (ms)
2026-07-13 15:05:15,197 [INFO] Total Transpile Time - 82.69906 (ms)
2026-07-13 15:05:15,197 [INFO] Pass: Depth - 0.15783 (ms)
2026-07-13 15:05:15,197 [INFO] Total Transpile Time - 82.72862 (ms)
2026-07-13 15:05:15,197 [INFO] Pass: FixedPoint - 0.00525 (ms)
2026-07-13 15:05:15,197 [INFO] Pass: Size - 0.05722 (ms)
2026-07-13 15:05:15,197 [INFO] Pass: FixedPoint - 0.00429 (ms)
2026-07-13 15:05:15,197 [INFO] Pass: ContainsInstruction - 0.00525 (ms)
2026-07-13 15:05:15,198 [INFO] Pass: HighLevelSynthesis - 1.58238 (ms)
2026-07-13 15:05:15,198 [INFO] Total Transpile Time - 82.07035 (ms)
2026-07-13 15:05:15,199 [INFO] Pass: BasisTranslator - 0.85330 (ms)
2026-07-13 15:05:15,199 [INFO] Pass: Depth - 0.19383 (ms)
2026-07-13 15:05:15,199 [INFO] Pass: FixedPoint - 0.01121 (ms)
2026-07-13 15:05:15,199 [INFO] Pass: Size - 0.05937 (ms)
2026-07-13 15:05:15,199 [INFO] Pass: FixedPoint - 0.00453 (ms)
2026-07-13 15:05:15,200 [INFO] Pass: Optimize1qGatesDecomposition - 0.13542 (ms)
2026-07-13 15:05:15,200 [INFO] Pass: InverseCancellation - 0.00739 (ms)
2026-07-13 15:05:15,200 [INFO] Pass: GatesInBasis - 0.83423 (ms)
2026-07-13 15:05:15,201 [INFO] Pass: Depth - 0.15712 (ms)
2026-07-13 15:05:15,201 [INFO] Pass: FixedPoint - 0.00525 (ms)
2026-07-13 15:05:15,201 [INFO] Pass: Size - 0.05627 (ms)
2026-07-13 15:05:15,201 [INFO] Pass: FixedPoint - 0.00405 (ms)
2026-07-13 15:05:15,201 [INFO] Pass: ContainsInstruction - 0.00548 (ms)
2026-07-13 15:05:15,202 [INFO] Total Transpile Time - 80.99174 (ms)
2026-07-13 15:05:15,209 [INFO] Pass: ContainsInstruction - 0.01454 (ms)
2026-07-13 15:05:15,210 [INFO] Pass: InverseCancellation - 0.01526 (ms)
2026-07-13 15:05:15,210 [INFO] Pass: UnitarySynthesis - 0.00525 (ms)
2026-07-13 15:05:15,210 [INFO] Pass: ContainsInstruction - 0.01216 (ms)
2026-07-13 15:05:15,210 [INFO] Pass: ContainsInstruction - 0.01335 (ms)
2026-07-13 15:05:15,210 [INFO] Pass: InverseCancellation - 0.01550 (ms)
2026-07-13 15:05:15,210 [INFO] Pass: ContainsInstruction - 0.01121 (ms)
2026-07-13 15:05:15,210 [INFO] Pass: InverseCancellation - 0.01550 (ms)
2026-07-13 15:05:15,210 [INFO] Pass: UnitarySynthesis - 0.00525 (ms)
2026-07-13 15:05:15,210 [INFO] Pass: UnitarySynthesis - 0.00572 (ms)
2026-07-13 15:05:15,210 [INFO] Pass: InverseCancellation - 0.01645 (ms)
2026-07-13 15:05:15,210 [INFO] Pass: UnitarySynthesis - 0.00525 (ms)
2026-07-13 15:05:15,211 [INFO] Pass: HighLevelSynthesis - 1.64580 (ms)
2026-07-13 15:05:15,211 [INFO] Pass: HighLevelSynthesis - 1.59669 (ms)
2026-07-13 15:05:15,212 [INFO] Pass: HighLevelSynthesis - 1.61338 (ms)
2026-07-13 15:05:15,212 [INFO] Pass: HighLevelSynthesis - 1.65343 (ms)
2026-07-13 15:05:15,212 [INFO] Pass: BasisTranslator - 0.78654 (ms)
2026-07-13 15:05:15,212 [INFO] Pass: BasisTranslator - 0.83494 (ms)
2026-07-13 15:05:15,212 [INFO] Pass: BasisTranslator - 0.84329 (ms)
2026-07-13 15:05:15,212 [INFO] Pass: BasisTranslator - 0.79083 (ms)
2026-07-13 15:05:15,212 [INFO] Pass: Depth - 0.20361 (ms)
2026-07-13 15:05:15,213 [INFO] Pass: FixedPoint - 0.01121 (ms)
2026-07-13 15:05:15,213 [INFO] Pass: Depth - 0.19574 (ms)
2026-07-13 15:05:15,213 [INFO] Pass: Size - 0.05960 (ms)
2026-07-13 15:05:15,213 [INFO] Pass: FixedPoint - 0.00477 (ms)
2026-07-13 15:05:15,213 [INFO] Pass: FixedPoint - 0.01121 (ms)
2026-07-13 15:05:15,213 [INFO] Pass: Depth - 0.20027 (ms)
2026-07-13 15:05:15,213 [INFO] Pass: Depth - 0.19479 (ms)
2026-07-13 15:05:15,213 [INFO] Pass: FixedPoint - 0.01240 (ms)
2026-07-13 15:05:15,213 [INFO] Pass: FixedPoint - 0.01168 (ms)
2026-07-13 15:05:15,213 [INFO] Pass: Size - 0.06008 (ms)
2026-07-13 15:05:15,213 [INFO] Pass: FixedPoint - 0.00477 (ms)
2026-07-13 15:05:15,213 [INFO] Pass: Size - 0.05960 (ms)
2026-07-13 15:05:15,213 [INFO] Pass: Optimize1qGatesDecomposition - 0.14138 (ms)
2026-07-13 15:05:15,213 [INFO] Pass: FixedPoint - 0.00453 (ms)
2026-07-13 15:05:15,213 [INFO] Pass: Size - 0.05913 (ms)
2026-07-13 15:05:15,213 [INFO] Pass: FixedPoint - 0.00429 (ms)
2026-07-13 15:05:15,213 [INFO] Pass: InverseCancellation - 0.00739 (ms)
2026-07-13 15:05:15,213 [INFO] Pass: Optimize1qGatesDecomposition - 0.13828 (ms)
2026-07-13 15:05:15,213 [INFO] Pass: InverseCancellation - 0.00763 (ms)
2026-07-13 15:05:15,213 [INFO] Pass: Optimize1qGatesDecomposition - 0.13781 (ms)
2026-07-13 15:05:15,213 [INFO] Pass: Optimize1qGatesDecomposition - 0.13900 (ms)
2026-07-13 15:05:15,213 [INFO] Pass: InverseCancellation - 0.00739 (ms)
2026-07-13 15:05:15,213 [INFO] Pass: InverseCancellation - 0.00715 (ms)
2026-07-13 15:05:15,214 [INFO] Pass: GatesInBasis - 0.83613 (ms)
2026-07-13 15:05:15,214 [INFO] Pass: GatesInBasis - 0.84686 (ms)
2026-07-13 15:05:15,214 [INFO] Pass: GatesInBasis - 0.84448 (ms)
2026-07-13 15:05:15,214 [INFO] Pass: Depth - 0.15831 (ms)
2026-07-13 15:05:15,214 [INFO] Pass: GatesInBasis - 0.83208 (ms)
2026-07-13 15:05:15,214 [INFO] Pass: FixedPoint - 0.00501 (ms)
2026-07-13 15:05:15,214 [INFO] Pass: Size - 0.05627 (ms)
2026-07-13 15:05:15,214 [INFO] Pass: Depth - 0.15807 (ms)
2026-07-13 15:05:15,214 [INFO] Pass: FixedPoint - 0.00429 (ms)
2026-07-13 15:05:15,214 [INFO] Pass: FixedPoint - 0.00525 (ms)
2026-07-13 15:05:15,214 [INFO] Pass: Depth - 0.15926 (ms)
2026-07-13 15:05:15,214 [INFO] Pass: ContainsInstruction - 0.00501 (ms)
2026-07-13 15:05:15,214 [INFO] Pass: Depth - 0.15879 (ms)
2026-07-13 15:05:15,214 [INFO] Pass: FixedPoint - 0.00525 (ms)
2026-07-13 15:05:15,214 [INFO] Pass: FixedPoint - 0.00548 (ms)
2026-07-13 15:05:15,214 [INFO] Pass: Size - 0.05603 (ms)
2026-07-13 15:05:15,214 [INFO] Pass: FixedPoint - 0.00405 (ms)
2026-07-13 15:05:15,214 [INFO] Pass: Size - 0.05674 (ms)
2026-07-13 15:05:15,214 [INFO] Pass: Size - 0.05674 (ms)
2026-07-13 15:05:15,214 [INFO] Pass: ContainsInstruction - 0.00477 (ms)
2026-07-13 15:05:15,214 [INFO] Pass: FixedPoint - 0.00429 (ms)
2026-07-13 15:05:15,214 [INFO] Pass: FixedPoint - 0.00429 (ms)
2026-07-13 15:05:15,214 [INFO] Pass: ContainsInstruction - 0.00501 (ms)
2026-07-13 15:05:15,214 [INFO] Pass: ContainsInstruction - 0.00548 (ms)
2026-07-13 15:05:15,216 [INFO] Total Transpile Time - 82.08036 (ms)
2026-07-13 15:05:15,216 [INFO] Total Transpile Time - 82.25989 (ms)
2026-07-13 15:05:15,216 [INFO] Total Transpile Time - 82.14903 (ms)
2026-07-13 15:05:15,216 [INFO] Total Transpile Time - 81.74062 (ms)
2026-07-13 15:05:15,218 [INFO] Pass: ContainsInstruction - 0.01192 (ms)
2026-07-13 15:05:15,219 [INFO] Pass: InverseCancellation - 0.01502 (ms)
2026-07-13 15:05:15,219 [INFO] Pass: UnitarySynthesis - 0.00501 (ms)
2026-07-13 15:05:15,220 [INFO] Pass: ContainsInstruction - 0.01144 (ms)
2026-07-13 15:05:15,220 [INFO] Pass: InverseCancellation - 0.01526 (ms)
2026-07-13 15:05:15,220 [INFO] Pass: UnitarySynthesis - 0.00548 (ms)
2026-07-13 15:05:15,220 [INFO] Pass: HighLevelSynthesis - 1.62864 (ms)
2026-07-13 15:05:15,221 [INFO] Pass: BasisTranslator - 0.78368 (ms)
2026-07-13 15:05:15,221 [INFO] Pass: Depth - 0.20003 (ms)
2026-07-13 15:05:15,221 [INFO] Pass: FixedPoint - 0.01192 (ms)
2026-07-13 15:05:15,222 [INFO] Pass: Size - 0.05937 (ms)
2026-07-13 15:05:15,222 [INFO] Pass: FixedPoint - 0.00477 (ms)
2026-07-13 15:05:15,222 [INFO] Pass: HighLevelSynthesis - 1.64247 (ms)
2026-07-13 15:05:15,222 [INFO] Pass: Optimize1qGatesDecomposition - 0.13661 (ms)
2026-07-13 15:05:15,222 [INFO] Pass: InverseCancellation - 0.00763 (ms)
2026-07-13 15:05:15,223 [INFO] Pass: BasisTranslator - 0.79274 (ms)
2026-07-13 15:05:15,223 [INFO] Pass: GatesInBasis - 0.83137 (ms)
2026-07-13 15:05:15,223 [INFO] Pass: Depth - 0.19670 (ms)
2026-07-13 15:05:15,223 [INFO] Pass: FixedPoint - 0.01144 (ms)
2026-07-13 15:05:15,223 [INFO] Pass: Depth - 0.15831 (ms)
2026-07-13 15:05:15,223 [INFO] Pass: Size - 0.05865 (ms)
2026-07-13 15:05:15,223 [INFO] Pass: FixedPoint - 0.00501 (ms)
2026-07-13 15:05:15,223 [INFO] Pass: FixedPoint - 0.00429 (ms)
2026-07-13 15:05:15,223 [INFO] Pass: Size - 0.05698 (ms)
2026-07-13 15:05:15,223 [INFO] Pass: FixedPoint - 0.00405 (ms)
2026-07-13 15:05:15,223 [INFO] Pass: ContainsInstruction - 0.00525 (ms)
2026-07-13 15:05:15,223 [INFO] Pass: Optimize1qGatesDecomposition - 0.13542 (ms)
2026-07-13 15:05:15,223 [INFO] Pass: InverseCancellation - 0.00811 (ms)
2026-07-13 15:05:15,224 [INFO] Pass: GatesInBasis - 0.83423 (ms)
2026-07-13 15:05:15,224 [INFO] Pass: Depth - 0.15879 (ms)
2026-07-13 15:05:15,224 [INFO] Pass: FixedPoint - 0.00525 (ms)
2026-07-13 15:05:15,224 [INFO] Pass: Size - 0.05627 (ms)
2026-07-13 15:05:15,224 [INFO] Pass: FixedPoint - 0.00405 (ms)
2026-07-13 15:05:15,224 [INFO] Total Transpile Time - 81.56466 (ms)
2026-07-13 15:05:15,224 [INFO] Pass: ContainsInstruction - 0.00525 (ms)
2026-07-13 15:05:15,225 [INFO] Pass: ContainsInstruction - 0.01144 (ms)
2026-07-13 15:05:15,225 [INFO] Pass: InverseCancellation - 0.01645 (ms)
2026-07-13 15:05:15,225 [INFO] Pass: UnitarySynthesis - 0.00525 (ms)
2026-07-13 15:05:15,226 [INFO] Total Transpile Time - 81.34842 (ms)
2026-07-13 15:05:15,227 [INFO] Pass: HighLevelSynthesis - 1.65057 (ms)
2026-07-13 15:05:15,227 [INFO] Pass: BasisTranslator - 0.79322 (ms)
2026-07-13 15:05:15,228 [INFO] Pass: Depth - 0.19217 (ms)
2026-07-13 15:05:15,228 [INFO] Pass: FixedPoint - 0.01097 (ms)
2026-07-13 15:05:15,228 [INFO] Pass: Size - 0.05937 (ms)
2026-07-13 15:05:15,228 [INFO] Pass: FixedPoint - 0.00477 (ms)
2026-07-13 15:05:15,228 [INFO] Pass: Optimize1qGatesDecomposition - 0.13638 (ms)
2026-07-13 15:05:15,228 [INFO] Pass: InverseCancellation - 0.00739 (ms)
2026-07-13 15:05:15,229 [INFO] Pass: ContainsInstruction - 0.01073 (ms)
2026-07-13 15:05:15,229 [INFO] Pass: InverseCancellation - 0.01621 (ms)
2026-07-13 15:05:15,229 [INFO] Pass: UnitarySynthesis - 0.00525 (ms)
2026-07-13 15:05:15,229 [INFO] Pass: GatesInBasis - 0.83303 (ms)
2026-07-13 15:05:15,229 [INFO] Pass: Depth - 0.15926 (ms)
2026-07-13 15:05:15,229 [INFO] Pass: FixedPoint - 0.00525 (ms)
2026-07-13 15:05:15,229 [INFO] Pass: Size - 0.05722 (ms)
2026-07-13 15:05:15,229 [INFO] Pass: FixedPoint - 0.00453 (ms)
2026-07-13 15:05:15,229 [INFO] Pass: ContainsInstruction - 0.00525 (ms)
2026-07-13 15:05:15,231 [INFO] Pass: HighLevelSynthesis - 1.62268 (ms)
2026-07-13 15:05:15,231 [INFO] Total Transpile Time - 80.83487 (ms)
2026-07-13 15:05:15,231 [INFO] Pass: BasisTranslator - 0.77820 (ms)
2026-07-13 15:05:15,232 [INFO] Pass: Depth - 0.19288 (ms)
2026-07-13 15:05:15,232 [INFO] Pass: FixedPoint - 0.01168 (ms)
2026-07-13 15:05:15,232 [INFO] Pass: Size - 0.05889 (ms)
2026-07-13 15:05:15,232 [INFO] Pass: FixedPoint - 0.00429 (ms)
2026-07-13 15:05:15,232 [INFO] Pass: Optimize1qGatesDecomposition - 0.13447 (ms)
2026-07-13 15:05:15,232 [INFO] Pass: InverseCancellation - 0.00811 (ms)
2026-07-13 15:05:15,232 [INFO] Pass: ContainsInstruction - 0.01097 (ms)
2026-07-13 15:05:15,233 [INFO] Pass: InverseCancellation - 0.01502 (ms)
2026-07-13 15:05:15,233 [INFO] Pass: UnitarySynthesis - 0.00525 (ms)
2026-07-13 15:05:15,233 [INFO] Pass: GatesInBasis - 0.83375 (ms)
2026-07-13 15:05:15,233 [INFO] Pass: Depth - 0.15759 (ms)
2026-07-13 15:05:15,233 [INFO] Pass: FixedPoint - 0.00525 (ms)
2026-07-13 15:05:15,233 [INFO] Pass: Size - 0.05674 (ms)
2026-07-13 15:05:15,233 [INFO] Pass: FixedPoint - 0.00405 (ms)
2026-07-13 15:05:15,233 [INFO] Pass: ContainsInstruction - 0.00477 (ms)
2026-07-13 15:05:15,234 [INFO] Pass: HighLevelSynthesis - 1.61886 (ms)
2026-07-13 15:05:15,235 [INFO] Total Transpile Time - 80.59788 (ms)
2026-07-13 15:05:15,235 [INFO] Pass: BasisTranslator - 0.79489 (ms)
2026-07-13 15:05:15,235 [INFO] Pass: Depth - 0.19217 (ms)
2026-07-13 15:05:15,235 [INFO] Pass: FixedPoint - 0.01073 (ms)
2026-07-13 15:05:15,236 [INFO] Pass: Size - 0.05841 (ms)
2026-07-13 15:05:15,236 [INFO] Pass: FixedPoint - 0.00453 (ms)
2026-07-13 15:05:15,236 [INFO] Pass: Optimize1qGatesDecomposition - 0.13185 (ms)
2026-07-13 15:05:15,236 [INFO] Pass: InverseCancellation - 0.00715 (ms)
2026-07-13 15:05:15,237 [INFO] Pass: GatesInBasis - 0.83303 (ms)
2026-07-13 15:05:15,237 [INFO] Pass: Depth - 0.15783 (ms)
2026-07-13 15:05:15,237 [INFO] Pass: FixedPoint - 0.00501 (ms)
2026-07-13 15:05:15,237 [INFO] Pass: Size - 0.05674 (ms)
2026-07-13 15:05:15,237 [INFO] Pass: FixedPoint - 0.00429 (ms)
2026-07-13 15:05:15,237 [INFO] Pass: ContainsInstruction - 0.00501 (ms)
2026-07-13 15:05:15,238 [INFO] Total Transpile Time - 79.78225 (ms)
2026-07-13 15:05:15,253 [INFO] Pass: ContainsInstruction - 0.00763 (ms)
2026-07-13 15:05:15,253 [INFO] Pass: ContainsInstruction - 0.00739 (ms)
2026-07-13 15:05:15,253 [INFO] Pass: ContainsInstruction - 0.00763 (ms)
2026-07-13 15:05:15,254 [INFO] Pass: InverseCancellation - 0.16713 (ms)
2026-07-13 15:05:15,254 [INFO] Pass: UnitarySynthesis - 0.00453 (ms)
2026-07-13 15:05:15,254 [INFO] Pass: InverseCancellation - 0.16594 (ms)
2026-07-13 15:05:15,254 [INFO] Pass: UnitarySynthesis - 0.00429 (ms)
2026-07-13 15:05:15,254 [INFO] Pass: InverseCancellation - 0.16761 (ms)
2026-07-13 15:05:15,254 [INFO] Pass: UnitarySynthesis - 0.00453 (ms)
2026-07-13 15:05:15,255 [INFO] Pass: HighLevelSynthesis - 1.48940 (ms)
2026-07-13 15:05:15,255 [INFO] Pass: ContainsInstruction - 0.00739 (ms)
2026-07-13 15:05:15,255 [INFO] Pass: HighLevelSynthesis - 1.51539 (ms)
2026-07-13 15:05:15,255 [INFO] Pass: HighLevelSynthesis - 1.49512 (ms)
2026-07-13 15:05:15,255 [INFO] Pass: InverseCancellation - 0.17238 (ms)
2026-07-13 15:05:15,256 [INFO] Pass: UnitarySynthesis - 0.00477 (ms)
2026-07-13 15:05:15,256 [INFO] Pass: BasisTranslator - 0.80538 (ms)
2026-07-13 15:05:15,256 [INFO] Pass: BasisTranslator - 0.82564 (ms)
2026-07-13 15:05:15,256 [INFO] Pass: BasisTranslator - 0.80514 (ms)
2026-07-13 15:05:15,256 [INFO] Pass: Depth - 0.17428 (ms)
2026-07-13 15:05:15,256 [INFO] Pass: FixedPoint - 0.00715 (ms)
2026-07-13 15:05:15,256 [INFO] Pass: Depth - 0.17357 (ms)
2026-07-13 15:05:15,256 [INFO] Pass: Size - 0.06032 (ms)
2026-07-13 15:05:15,256 [INFO] Pass: Depth - 0.17333 (ms)
2026-07-13 15:05:15,256 [INFO] Pass: FixedPoint - 0.00477 (ms)
2026-07-13 15:05:15,256 [INFO] Pass: FixedPoint - 0.00739 (ms)
2026-07-13 15:05:15,256 [INFO] Pass: FixedPoint - 0.00715 (ms)
2026-07-13 15:05:15,257 [INFO] Pass: Size - 0.05984 (ms)
2026-07-13 15:05:15,257 [INFO] Pass: Size - 0.06056 (ms)
2026-07-13 15:05:15,257 [INFO] Pass: FixedPoint - 0.00453 (ms)
2026-07-13 15:05:15,257 [INFO] Pass: FixedPoint - 0.00477 (ms)
2026-07-13 15:05:15,257 [INFO] Pass: HighLevelSynthesis - 1.51062 (ms)
2026-07-13 15:05:15,257 [INFO] Pass: Optimize1qGatesDecomposition - 0.79179 (ms)
2026-07-13 15:05:15,257 [INFO] Pass: Optimize1qGatesDecomposition - 0.78011 (ms)
2026-07-13 15:05:15,257 [INFO] Pass: Optimize1qGatesDecomposition - 0.78249 (ms)
2026-07-13 15:05:15,257 [INFO] Pass: InverseCancellation - 0.15140 (ms)
2026-07-13 15:05:15,258 [INFO] Pass: InverseCancellation - 0.14997 (ms)
2026-07-13 15:05:15,258 [INFO] Pass: InverseCancellation - 0.14901 (ms)
2026-07-13 15:05:15,258 [INFO] Pass: BasisTranslator - 0.81658 (ms)
2026-07-13 15:05:15,258 [INFO] Pass: Depth - 0.17166 (ms)
2026-07-13 15:05:15,258 [INFO] Pass: FixedPoint - 0.00739 (ms)
2026-07-13 15:05:15,258 [INFO] Pass: Size - 0.05960 (ms)
2026-07-13 15:05:15,258 [INFO] Pass: GatesInBasis - 0.84639 (ms)
2026-07-13 15:05:15,258 [INFO] Pass: FixedPoint - 0.00477 (ms)
2026-07-13 15:05:15,258 [INFO] Pass: GatesInBasis - 0.85402 (ms)
2026-07-13 15:05:15,258 [INFO] Pass: GatesInBasis - 0.85163 (ms)
2026-07-13 15:05:15,259 [INFO] Pass: Depth - 0.17047 (ms)
2026-07-13 15:05:15,259 [INFO] Pass: FixedPoint - 0.00548 (ms)
2026-07-13 15:05:15,259 [INFO] Pass: Size - 0.05889 (ms)
2026-07-13 15:05:15,259 [INFO] Pass: Depth - 0.16475 (ms)
2026-07-13 15:05:15,259 [INFO] Pass: Depth - 0.16403 (ms)
2026-07-13 15:05:15,259 [INFO] Pass: FixedPoint - 0.00405 (ms)
2026-07-13 15:05:15,259 [INFO] Pass: FixedPoint - 0.00572 (ms)
2026-07-13 15:05:15,259 [INFO] Pass: FixedPoint - 0.00548 (ms)
2026-07-13 15:05:15,259 [INFO] Pass: ContainsInstruction - 0.00525 (ms)
2026-07-13 15:05:15,259 [INFO] Pass: Size - 0.05889 (ms)
2026-07-13 15:05:15,259 [INFO] Pass: Size - 0.05841 (ms)
2026-07-13 15:05:15,259 [INFO] Pass: FixedPoint - 0.00429 (ms)
2026-07-13 15:05:15,259 [INFO] Pass: FixedPoint - 0.00429 (ms)
2026-07-13 15:05:15,259 [INFO] Pass: ContainsInstruction - 0.00501 (ms)
2026-07-13 15:05:15,259 [INFO] Pass: ContainsInstruction - 0.00525 (ms)
2026-07-13 15:05:15,259 [INFO] Pass: Optimize1qGatesDecomposition - 0.79536 (ms)
2026-07-13 15:05:15,259 [INFO] Pass: ContainsInstruction - 0.00691 (ms)
2026-07-13 15:05:15,259 [INFO] Pass: InverseCancellation - 0.14615 (ms)
2026-07-13 15:05:15,260 [INFO] Pass: InverseCancellation - 0.16689 (ms)
2026-07-13 15:05:15,260 [INFO] Pass: UnitarySynthesis - 0.00477 (ms)
2026-07-13 15:05:15,260 [INFO] Total Transpile Time - 63.41028 (ms)
2026-07-13 15:05:15,260 [INFO] Total Transpile Time - 63.58099 (ms)
2026-07-13 15:05:15,260 [INFO] Total Transpile Time - 63.60221 (ms)
2026-07-13 15:05:15,260 [INFO] Pass: GatesInBasis - 0.85711 (ms)
2026-07-13 15:05:15,261 [INFO] Pass: Depth - 0.16785 (ms)
2026-07-13 15:05:15,261 [INFO] Pass: FixedPoint - 0.00525 (ms)
2026-07-13 15:05:15,261 [INFO] Pass: Size - 0.05865 (ms)
2026-07-13 15:05:15,261 [INFO] Pass: FixedPoint - 0.00429 (ms)
2026-07-13 15:05:15,261 [INFO] Pass: ContainsInstruction - 0.00572 (ms)
2026-07-13 15:05:15,261 [INFO] Pass: HighLevelSynthesis - 1.50061 (ms)
2026-07-13 15:05:15,262 [INFO] Total Transpile Time - 63.82680 (ms)
2026-07-13 15:05:15,262 [INFO] Pass: BasisTranslator - 0.82254 (ms)
2026-07-13 15:05:15,262 [INFO] Pass: Depth - 0.17166 (ms)
2026-07-13 15:05:15,262 [INFO] Pass: FixedPoint - 0.00691 (ms)
2026-07-13 15:05:15,262 [INFO] Pass: Size - 0.06413 (ms)
2026-07-13 15:05:15,262 [INFO] Pass: FixedPoint - 0.00453 (ms)
2026-07-13 15:05:15,263 [INFO] Pass: Optimize1qGatesDecomposition - 0.77391 (ms)
2026-07-13 15:05:15,263 [INFO] Pass: InverseCancellation - 0.15593 (ms)
2026-07-13 15:05:15,264 [INFO] Pass: GatesInBasis - 0.84496 (ms)
2026-07-13 15:05:15,265 [INFO] Pass: Depth - 0.16379 (ms)
2026-07-13 15:05:15,265 [INFO] Pass: FixedPoint - 0.00548 (ms)
2026-07-13 15:05:15,265 [INFO] Pass: Size - 0.05841 (ms)
2026-07-13 15:05:15,265 [INFO] Pass: FixedPoint - 0.00429 (ms)
2026-07-13 15:05:15,265 [INFO] Pass: ContainsInstruction - 0.00525 (ms)
2026-07-13 15:05:15,266 [INFO] Total Transpile Time - 63.83348 (ms)
2026-07-13 15:05:15,272 [INFO] Pass: ContainsInstruction - 0.00811 (ms)
2026-07-13 15:05:15,272 [INFO] Pass: ContainsInstruction - 0.00715 (ms)
2026-07-13 15:05:15,272 [INFO] Pass: ContainsInstruction - 0.00787 (ms)
2026-07-13 15:05:15,272 [INFO] Pass: InverseCancellation - 0.17333 (ms)
2026-07-13 15:05:15,273 [INFO] Pass: UnitarySynthesis - 0.00453 (ms)
2026-07-13 15:05:15,273 [INFO] Pass: ContainsInstruction - 0.00787 (ms)
2026-07-13 15:05:15,273 [INFO] Pass: InverseCancellation - 0.16356 (ms)
2026-07-13 15:05:15,273 [INFO] Pass: InverseCancellation - 0.16475 (ms)
2026-07-13 15:05:15,273 [INFO] Pass: UnitarySynthesis - 0.00429 (ms)
2026-07-13 15:05:15,273 [INFO] Pass: UnitarySynthesis - 0.00453 (ms)
2026-07-13 15:05:15,273 [INFO] Pass: InverseCancellation - 0.16522 (ms)
2026-07-13 15:05:15,273 [INFO] Pass: UnitarySynthesis - 0.00429 (ms)
2026-07-13 15:05:15,274 [INFO] Pass: HighLevelSynthesis - 1.51110 (ms)
2026-07-13 15:05:15,274 [INFO] Pass: HighLevelSynthesis - 1.49488 (ms)
2026-07-13 15:05:15,274 [INFO] Pass: HighLevelSynthesis - 1.52421 (ms)
2026-07-13 15:05:15,274 [INFO] Pass: HighLevelSynthesis - 1.52588 (ms)
2026-07-13 15:05:15,275 [INFO] Pass: BasisTranslator - 0.80776 (ms)
2026-07-13 15:05:15,275 [INFO] Pass: BasisTranslator - 0.82016 (ms)
2026-07-13 15:05:15,275 [INFO] Pass: BasisTranslator - 0.82183 (ms)
2026-07-13 15:05:15,275 [INFO] Pass: Depth - 0.17428 (ms)
2026-07-13 15:05:15,275 [INFO] Pass: FixedPoint - 0.00739 (ms)
2026-07-13 15:05:15,275 [INFO] Pass: Depth - 0.16832 (ms)
2026-07-13 15:05:15,275 [INFO] Pass: Size - 0.06056 (ms)
2026-07-13 15:05:15,275 [INFO] Pass: BasisTranslator - 0.80419 (ms)
2026-07-13 15:05:15,275 [INFO] Pass: FixedPoint - 0.00668 (ms)
2026-07-13 15:05:15,275 [INFO] Pass: Depth - 0.17619 (ms)
2026-07-13 15:05:15,275 [INFO] Pass: FixedPoint - 0.00477 (ms)
2026-07-13 15:05:15,275 [INFO] Pass: FixedPoint - 0.00691 (ms)
2026-07-13 15:05:15,275 [INFO] Pass: Size - 0.06413 (ms)
2026-07-13 15:05:15,275 [INFO] Pass: FixedPoint - 0.00477 (ms)
2026-07-13 15:05:15,275 [INFO] Pass: Size - 0.06008 (ms)
2026-07-13 15:05:15,276 [INFO] Pass: FixedPoint - 0.00453 (ms)
2026-07-13 15:05:15,276 [INFO] Pass: Depth - 0.18358 (ms)
2026-07-13 15:05:15,276 [INFO] Pass: FixedPoint - 0.00739 (ms)
2026-07-13 15:05:15,276 [INFO] Pass: Size - 0.06032 (ms)
2026-07-13 15:05:15,276 [INFO] Pass: FixedPoint - 0.00477 (ms)
2026-07-13 15:05:15,276 [INFO] Pass: Optimize1qGatesDecomposition - 0.79322 (ms)
2026-07-13 15:05:15,276 [INFO] Pass: Optimize1qGatesDecomposition - 0.78225 (ms)
2026-07-13 15:05:15,276 [INFO] Pass: Optimize1qGatesDecomposition - 0.78177 (ms)
2026-07-13 15:05:15,276 [INFO] Pass: InverseCancellation - 0.14877 (ms)
2026-07-13 15:05:15,276 [INFO] Pass: InverseCancellation - 0.15545 (ms)
2026-07-13 15:05:15,277 [INFO] Pass: InverseCancellation - 0.15807 (ms)
2026-07-13 15:05:15,277 [INFO] Pass: Optimize1qGatesDecomposition - 0.78034 (ms)
2026-07-13 15:05:15,277 [INFO] Pass: InverseCancellation - 0.14830 (ms)
2026-07-13 15:05:15,277 [INFO] Pass: GatesInBasis - 0.84829 (ms)
2026-07-13 15:05:15,277 [INFO] Pass: GatesInBasis - 0.84949 (ms)
2026-07-13 15:05:15,277 [INFO] Pass: GatesInBasis - 0.86021 (ms)
2026-07-13 15:05:15,277 [INFO] Pass: Depth - 0.17118 (ms)
2026-07-13 15:05:15,278 [INFO] Pass: FixedPoint - 0.00548 (ms)
2026-07-13 15:05:15,278 [INFO] Pass: Depth - 0.16236 (ms)
2026-07-13 15:05:15,278 [INFO] Pass: Size - 0.05865 (ms)
2026-07-13 15:05:15,278 [INFO] Pass: FixedPoint - 0.00525 (ms)
2026-07-13 15:05:15,278 [INFO] Pass: GatesInBasis - 0.86188 (ms)
2026-07-13 15:05:15,278 [INFO] Pass: FixedPoint - 0.00405 (ms)
2026-07-13 15:05:15,278 [INFO] Pass: Depth - 0.16546 (ms)
2026-07-13 15:05:15,278 [INFO] Pass: ContainsInstruction - 0.00525 (ms)
2026-07-13 15:05:15,278 [INFO] Pass: FixedPoint - 0.00572 (ms)
2026-07-13 15:05:15,278 [INFO] Pass: Size - 0.05794 (ms)
2026-07-13 15:05:15,278 [INFO] Pass: FixedPoint - 0.00405 (ms)
2026-07-13 15:05:15,278 [INFO] Pass: Size - 0.05794 (ms)
2026-07-13 15:05:15,278 [INFO] Pass: ContainsInstruction - 0.00548 (ms)
2026-07-13 15:05:15,278 [INFO] Pass: FixedPoint - 0.00453 (ms)
2026-07-13 15:05:15,278 [INFO] Pass: ContainsInstruction - 0.00525 (ms)
2026-07-13 15:05:15,278 [INFO] Pass: Depth - 0.16427 (ms)
2026-07-13 15:05:15,278 [INFO] Pass: FixedPoint - 0.00548 (ms)
2026-07-13 15:05:15,278 [INFO] Pass: Size - 0.05817 (ms)
2026-07-13 15:05:15,278 [INFO] Pass: FixedPoint - 0.00453 (ms)
2026-07-13 15:05:15,278 [INFO] Pass: ContainsInstruction - 0.00572 (ms)
2026-07-13 15:05:15,279 [INFO] Total Transpile Time - 63.38930 (ms)
2026-07-13 15:05:15,279 [INFO] Total Transpile Time - 63.35449 (ms)
2026-07-13 15:05:15,279 [INFO] Total Transpile Time - 63.37142 (ms)
2026-07-13 15:05:15,279 [INFO] Total Transpile Time - 63.55000 (ms)
2026-07-13 15:05:15,281 [INFO] Pass: ContainsInstruction - 0.00739 (ms)
2026-07-13 15:05:15,281 [INFO] Pass: InverseCancellation - 0.16642 (ms)
2026-07-13 15:05:15,281 [INFO] Pass: UnitarySynthesis - 0.00477 (ms)
2026-07-13 15:05:15,282 [INFO] Pass: ContainsInstruction - 0.00787 (ms)
2026-07-13 15:05:15,283 [INFO] Pass: InverseCancellation - 0.17095 (ms)
2026-07-13 15:05:15,283 [INFO] Pass: UnitarySynthesis - 0.00477 (ms)
2026-07-13 15:05:15,283 [INFO] Pass: HighLevelSynthesis - 1.52397 (ms)
2026-07-13 15:05:15,284 [INFO] Pass: BasisTranslator - 0.81635 (ms)
2026-07-13 15:05:15,284 [INFO] Pass: Depth - 0.17285 (ms)
2026-07-13 15:05:15,284 [INFO] Pass: FixedPoint - 0.00691 (ms)
2026-07-13 15:05:15,284 [INFO] Pass: Size - 0.06032 (ms)
2026-07-13 15:05:15,284 [INFO] Pass: FixedPoint - 0.00453 (ms)
2026-07-13 15:05:15,284 [INFO] Pass: HighLevelSynthesis - 1.49679 (ms)
2026-07-13 15:05:15,285 [INFO] Pass: Optimize1qGatesDecomposition - 0.78678 (ms)
2026-07-13 15:05:15,285 [INFO] Pass: BasisTranslator - 0.80800 (ms)
2026-07-13 15:05:15,285 [INFO] Pass: InverseCancellation - 0.14615 (ms)
2026-07-13 15:05:15,285 [INFO] Pass: Depth - 0.17524 (ms)
2026-07-13 15:05:15,285 [INFO] Pass: FixedPoint - 0.00787 (ms)
2026-07-13 15:05:15,285 [INFO] Pass: Size - 0.06080 (ms)
2026-07-13 15:05:15,285 [INFO] Pass: FixedPoint - 0.00453 (ms)
2026-07-13 15:05:15,286 [INFO] Pass: GatesInBasis - 0.85640 (ms)
2026-07-13 15:05:15,286 [INFO] Pass: Depth - 0.16332 (ms)
2026-07-13 15:05:15,286 [INFO] Pass: Optimize1qGatesDecomposition - 0.77367 (ms)
2026-07-13 15:05:15,286 [INFO] Pass: FixedPoint - 0.00572 (ms)
2026-07-13 15:05:15,286 [INFO] Pass: Size - 0.05865 (ms)
2026-07-13 15:05:15,286 [INFO] Pass: FixedPoint - 0.00429 (ms)
2026-07-13 15:05:15,286 [INFO] Pass: ContainsInstruction - 0.00548 (ms)
2026-07-13 15:05:15,286 [INFO] Pass: InverseCancellation - 0.14901 (ms)
2026-07-13 15:05:15,287 [INFO] Pass: GatesInBasis - 0.85068 (ms)
2026-07-13 15:05:15,287 [INFO] Pass: ContainsInstruction - 0.00739 (ms)
2026-07-13 15:05:15,288 [INFO] Pass: Depth - 0.17333 (ms)
2026-07-13 15:05:15,288 [INFO] Pass: FixedPoint - 0.00596 (ms)
2026-07-13 15:05:15,288 [INFO] Pass: Size - 0.05913 (ms)
2026-07-13 15:05:15,288 [INFO] Pass: InverseCancellation - 0.16356 (ms)
2026-07-13 15:05:15,288 [INFO] Pass: FixedPoint - 0.00429 (ms)
2026-07-13 15:05:15,288 [INFO] Pass: UnitarySynthesis - 0.00453 (ms)
2026-07-13 15:05:15,288 [INFO] Pass: ContainsInstruction - 0.00572 (ms)
2026-07-13 15:05:15,288 [INFO] Total Transpile Time - 63.20524 (ms)
2026-07-13 15:05:15,289 [INFO] Total Transpile Time - 63.16757 (ms)
2026-07-13 15:05:15,289 [INFO] Pass: HighLevelSynthesis - 1.52421 (ms)
2026-07-13 15:05:15,290 [INFO] Pass: BasisTranslator - 0.82302 (ms)
2026-07-13 15:05:15,290 [INFO] Pass: Depth - 0.17548 (ms)
2026-07-13 15:05:15,290 [INFO] Pass: FixedPoint - 0.00739 (ms)
2026-07-13 15:05:15,291 [INFO] Pass: Size - 0.05960 (ms)
2026-07-13 15:05:15,291 [INFO] Pass: FixedPoint - 0.00477 (ms)
2026-07-13 15:05:15,291 [INFO] Pass: Optimize1qGatesDecomposition - 0.77367 (ms)
2026-07-13 15:05:15,292 [INFO] Pass: InverseCancellation - 0.14853 (ms)
2026-07-13 15:05:15,292 [INFO] Pass: ContainsInstruction - 0.00715 (ms)
2026-07-13 15:05:15,292 [INFO] Pass: InverseCancellation - 0.16475 (ms)
2026-07-13 15:05:15,292 [INFO] Pass: UnitarySynthesis - 0.00429 (ms)
2026-07-13 15:05:15,292 [INFO] Pass: GatesInBasis - 0.85187 (ms)
2026-07-13 15:05:15,293 [INFO] Pass: Depth - 0.16546 (ms)
2026-07-13 15:05:15,293 [INFO] Pass: FixedPoint - 0.00548 (ms)
2026-07-13 15:05:15,293 [INFO] Pass: Size - 0.05889 (ms)
2026-07-13 15:05:15,293 [INFO] Pass: FixedPoint - 0.00429 (ms)
2026-07-13 15:05:15,293 [INFO] Pass: ContainsInstruction - 0.00525 (ms)
2026-07-13 15:05:15,293 [INFO] Pass: HighLevelSynthesis - 1.50943 (ms)
2026-07-13 15:05:15,294 [INFO] Total Transpile Time - 63.41028 (ms)
2026-07-13 15:05:15,294 [INFO] Pass: BasisTranslator - 0.80752 (ms)
2026-07-13 15:05:15,295 [INFO] Pass: Depth - 0.17452 (ms)
2026-07-13 15:05:15,295 [INFO] Pass: FixedPoint - 0.00668 (ms)
2026-07-13 15:05:15,295 [INFO] Pass: Size - 0.05937 (ms)
2026-07-13 15:05:15,295 [INFO] Pass: FixedPoint - 0.00453 (ms)
2026-07-13 15:05:15,295 [INFO] Pass: ContainsInstruction - 0.00739 (ms)
2026-07-13 15:05:15,295 [INFO] Pass: InverseCancellation - 0.16236 (ms)
2026-07-13 15:05:15,295 [INFO] Pass: UnitarySynthesis - 0.00453 (ms)
2026-07-13 15:05:15,295 [INFO] Pass: Optimize1qGatesDecomposition - 0.78034 (ms)
2026-07-13 15:05:15,296 [INFO] Pass: InverseCancellation - 0.14710 (ms)
2026-07-13 15:05:15,297 [INFO] Pass: GatesInBasis - 0.85616 (ms)
2026-07-13 15:05:15,297 [INFO] Pass: HighLevelSynthesis - 1.50800 (ms)
2026-07-13 15:05:15,297 [INFO] Pass: Depth - 0.16308 (ms)
2026-07-13 15:05:15,297 [INFO] Pass: FixedPoint - 0.00548 (ms)
2026-07-13 15:05:15,297 [INFO] Pass: Size - 0.05841 (ms)
2026-07-13 15:05:15,297 [INFO] Pass: FixedPoint - 0.00429 (ms)
2026-07-13 15:05:15,297 [INFO] Pass: ContainsInstruction - 0.00548 (ms)
2026-07-13 15:05:15,298 [INFO] Pass: BasisTranslator - 0.81754 (ms)
2026-07-13 15:05:15,298 [INFO] Pass: Depth - 0.17381 (ms)
2026-07-13 15:05:15,298 [INFO] Pass: FixedPoint - 0.00668 (ms)
2026-07-13 15:05:15,298 [INFO] Pass: Size - 0.05984 (ms)
2026-07-13 15:05:15,298 [INFO] Pass: FixedPoint - 0.00429 (ms)
2026-07-13 15:05:15,298 [INFO] Total Transpile Time - 63.59792 (ms)
2026-07-13 15:05:15,299 [INFO] Pass: Optimize1qGatesDecomposition - 0.77128 (ms)
2026-07-13 15:05:15,299 [INFO] Pass: InverseCancellation - 0.14710 (ms)
2026-07-13 15:05:15,300 [INFO] Pass: GatesInBasis - 0.86021 (ms)
2026-07-13 15:05:15,300 [INFO] Pass: Depth - 0.16427 (ms)
2026-07-13 15:05:15,300 [INFO] Pass: FixedPoint - 0.00548 (ms)
2026-07-13 15:05:15,300 [INFO] Pass: Size - 0.05889 (ms)
2026-07-13 15:05:15,300 [INFO] Pass: FixedPoint - 0.00429 (ms)
2026-07-13 15:05:15,300 [INFO] Pass: ContainsInstruction - 0.00525 (ms)
2026-07-13 15:05:15,302 [INFO] Total Transpile Time - 63.19427 (ms)
2026-07-13 15:05:15,317 [INFO] Pass: ContainsInstruction - 0.00691 (ms)
2026-07-13 15:05:15,317 [INFO] Pass: ContainsInstruction - 0.00691 (ms)
2026-07-13 15:05:15,317 [INFO] Pass: ContainsInstruction - 0.00691 (ms)
2026-07-13 15:05:15,317 [INFO] Pass: InverseCancellation - 0.16570 (ms)
2026-07-13 15:05:15,317 [INFO] Pass: UnitarySynthesis - 0.00477 (ms)
2026-07-13 15:05:15,317 [INFO] Pass: InverseCancellation - 0.16689 (ms)
2026-07-13 15:05:15,317 [INFO] Pass: InverseCancellation - 0.16785 (ms)
2026-07-13 15:05:15,317 [INFO] Pass: UnitarySynthesis - 0.00477 (ms)
2026-07-13 15:05:15,317 [INFO] Pass: UnitarySynthesis - 0.00501 (ms)
2026-07-13 15:05:15,319 [INFO] Pass: HighLevelSynthesis - 1.52612 (ms)
2026-07-13 15:05:15,319 [INFO] Pass: HighLevelSynthesis - 1.53160 (ms)
2026-07-13 15:05:15,319 [INFO] Pass: HighLevelSynthesis - 1.52063 (ms)
2026-07-13 15:05:15,319 [INFO] Pass: ContainsInstruction - 0.00691 (ms)
2026-07-13 15:05:15,319 [INFO] Pass: InverseCancellation - 0.16665 (ms)
2026-07-13 15:05:15,319 [INFO] Pass: UnitarySynthesis - 0.00477 (ms)
2026-07-13 15:05:15,319 [INFO] Pass: BasisTranslator - 0.81134 (ms)
2026-07-13 15:05:15,320 [INFO] Pass: BasisTranslator - 0.81658 (ms)
2026-07-13 15:05:15,320 [INFO] Pass: BasisTranslator - 0.82326 (ms)
2026-07-13 15:05:15,320 [INFO] Pass: Depth - 0.17977 (ms)
2026-07-13 15:05:15,320 [INFO] Pass: FixedPoint - 0.00739 (ms)
2026-07-13 15:05:15,320 [INFO] Pass: Size - 0.06199 (ms)
2026-07-13 15:05:15,320 [INFO] Pass: Depth - 0.17786 (ms)
2026-07-13 15:05:15,320 [INFO] Pass: FixedPoint - 0.00429 (ms)
2026-07-13 15:05:15,320 [INFO] Pass: Depth - 0.17834 (ms)
2026-07-13 15:05:15,320 [INFO] Pass: FixedPoint - 0.00715 (ms)
2026-07-13 15:05:15,320 [INFO] Pass: FixedPoint - 0.00691 (ms)
2026-07-13 15:05:15,320 [INFO] Pass: Size - 0.06127 (ms)
2026-07-13 15:05:15,320 [INFO] Pass: Size - 0.06175 (ms)
2026-07-13 15:05:15,320 [INFO] Pass: FixedPoint - 0.00453 (ms)
2026-07-13 15:05:15,320 [INFO] Pass: FixedPoint - 0.00429 (ms)
2026-07-13 15:05:15,321 [INFO] Pass: Optimize1qGatesDecomposition - 0.85711 (ms)
2026-07-13 15:05:15,321 [INFO] Pass: InverseCancellation - 0.00834 (ms)
2026-07-13 15:05:15,321 [INFO] Pass: HighLevelSynthesis - 1.53446 (ms)
2026-07-13 15:05:15,321 [INFO] Pass: Optimize1qGatesDecomposition - 0.84805 (ms)
2026-07-13 15:05:15,321 [INFO] Pass: Optimize1qGatesDecomposition - 0.85330 (ms)
2026-07-13 15:05:15,321 [INFO] Pass: InverseCancellation - 0.00906 (ms)
2026-07-13 15:05:15,321 [INFO] Pass: InverseCancellation - 0.00930 (ms)
2026-07-13 15:05:15,322 [INFO] Pass: BasisTranslator - 0.81897 (ms)
2026-07-13 15:05:15,322 [INFO] Pass: GatesInBasis - 0.91505 (ms)
2026-07-13 15:05:15,322 [INFO] Pass: Depth - 0.17571 (ms)
2026-07-13 15:05:15,322 [INFO] Pass: GatesInBasis - 0.91577 (ms)
2026-07-13 15:05:15,322 [INFO] Pass: GatesInBasis - 0.92173 (ms)
2026-07-13 15:05:15,322 [INFO] Pass: FixedPoint - 0.00715 (ms)
2026-07-13 15:05:15,322 [INFO] Pass: Depth - 0.16761 (ms)
2026-07-13 15:05:15,322 [INFO] Pass: FixedPoint - 0.00620 (ms)
2026-07-13 15:05:15,322 [INFO] Pass: Size - 0.06104 (ms)
2026-07-13 15:05:15,322 [INFO] Pass: FixedPoint - 0.00429 (ms)
2026-07-13 15:05:15,322 [INFO] Pass: Size - 0.05865 (ms)
2026-07-13 15:05:15,322 [INFO] Pass: FixedPoint - 0.00405 (ms)
2026-07-13 15:05:15,322 [INFO] Pass: Depth - 0.16642 (ms)
2026-07-13 15:05:15,322 [INFO] Pass: Depth - 0.16618 (ms)
2026-07-13 15:05:15,322 [INFO] Pass: FixedPoint - 0.00548 (ms)
2026-07-13 15:05:15,322 [INFO] Pass: FixedPoint - 0.00572 (ms)
2026-07-13 15:05:15,322 [INFO] Pass: Size - 0.05817 (ms)
2026-07-13 15:05:15,322 [INFO] Pass: Size - 0.05889 (ms)
2026-07-13 15:05:15,322 [INFO] Pass: FixedPoint - 0.00405 (ms)
2026-07-13 15:05:15,322 [INFO] Pass: FixedPoint - 0.00405 (ms)
2026-07-13 15:05:15,323 [INFO] Pass: ContainsInstruction - 0.00882 (ms)
2026-07-13 15:05:15,323 [INFO] Pass: Optimize1qGatesDecomposition - 0.71049 (ms)
2026-07-13 15:05:15,323 [INFO] Pass: InverseCancellation - 0.00787 (ms)
2026-07-13 15:05:15,323 [INFO] Pass: Optimize1qGatesDecomposition - 0.86117 (ms)
2026-07-13 15:05:15,323 [INFO] Pass: InverseCancellation - 0.00834 (ms)
2026-07-13 15:05:15,323 [INFO] Pass: Optimize1qGatesDecomposition - 0.69523 (ms)
2026-07-13 15:05:15,323 [INFO] Pass: Optimize1qGatesDecomposition - 0.69737 (ms)
2026-07-13 15:05:15,323 [INFO] Pass: InverseCancellation - 0.16689 (ms)
2026-07-13 15:05:15,323 [INFO] Pass: InverseCancellation - 0.00834 (ms)
2026-07-13 15:05:15,323 [INFO] Pass: InverseCancellation - 0.00763 (ms)
2026-07-13 15:05:15,323 [INFO] Pass: UnitarySynthesis - 0.00429 (ms)
2026-07-13 15:05:15,324 [INFO] Pass: GatesInBasis - 0.83590 (ms)
2026-07-13 15:05:15,324 [INFO] Pass: GatesInBasis - 0.82994 (ms)
2026-07-13 15:05:15,324 [INFO] Pass: GatesInBasis - 0.84758 (ms)
2026-07-13 15:05:15,324 [INFO] Pass: GatesInBasis - 0.92220 (ms)
2026-07-13 15:05:15,324 [INFO] Pass: Depth - 0.16260 (ms)
2026-07-13 15:05:15,324 [INFO] Pass: FixedPoint - 0.00501 (ms)
2026-07-13 15:05:15,324 [INFO] Pass: Size - 0.05865 (ms)
2026-07-13 15:05:15,324 [INFO] Pass: Depth - 0.16141 (ms)
2026-07-13 15:05:15,324 [INFO] Pass: Depth - 0.16165 (ms)
2026-07-13 15:05:15,324 [INFO] Pass: FixedPoint - 0.00429 (ms)
2026-07-13 15:05:15,324 [INFO] Pass: FixedPoint - 0.00525 (ms)
2026-07-13 15:05:15,324 [INFO] Pass: FixedPoint - 0.00525 (ms)
2026-07-13 15:05:15,324 [INFO] Pass: ContainsInstruction - 0.00548 (ms)
2026-07-13 15:05:15,324 [INFO] Pass: Depth - 0.16880 (ms)
2026-07-13 15:05:15,324 [INFO] Pass: FixedPoint - 0.00596 (ms)
2026-07-13 15:05:15,324 [INFO] Pass: Size - 0.05770 (ms)
2026-07-13 15:05:15,324 [INFO] Pass: Size - 0.05817 (ms)
2026-07-13 15:05:15,324 [INFO] Pass: FixedPoint - 0.00429 (ms)
2026-07-13 15:05:15,324 [INFO] Pass: FixedPoint - 0.00405 (ms)
2026-07-13 15:05:15,324 [INFO] Pass: Size - 0.05865 (ms)
2026-07-13 15:05:15,324 [INFO] Pass: ContainsInstruction - 0.00548 (ms)
2026-07-13 15:05:15,324 [INFO] Pass: ContainsInstruction - 0.00525 (ms)
2026-07-13 15:05:15,324 [INFO] Pass: FixedPoint - 0.00429 (ms)
2026-07-13 15:05:15,325 [INFO] Pass: HighLevelSynthesis - 1.57428 (ms)
2026-07-13 15:05:15,325 [INFO] Pass: Optimize1qGatesDecomposition - 0.70143 (ms)
2026-07-13 15:05:15,325 [INFO] Pass: InverseCancellation - 0.00882 (ms)
2026-07-13 15:05:15,326 [INFO] Total Transpile Time - 65.22226 (ms)
2026-07-13 15:05:15,326 [INFO] Pass: BasisTranslator - 0.82779 (ms)
2026-07-13 15:05:15,326 [INFO] Total Transpile Time - 65.49692 (ms)
2026-07-13 15:05:15,326 [INFO] Total Transpile Time - 65.37700 (ms)
2026-07-13 15:05:15,326 [INFO] Pass: Depth - 0.17333 (ms)
2026-07-13 15:05:15,326 [INFO] Pass: FixedPoint - 0.00715 (ms)
2026-07-13 15:05:15,326 [INFO] Pass: Size - 0.06151 (ms)
2026-07-13 15:05:15,326 [INFO] Pass: FixedPoint - 0.00477 (ms)
2026-07-13 15:05:15,326 [INFO] Pass: GatesInBasis - 0.83447 (ms)
2026-07-13 15:05:15,326 [INFO] Pass: Depth - 0.16260 (ms)
2026-07-13 15:05:15,326 [INFO] Pass: FixedPoint - 0.00501 (ms)
2026-07-13 15:05:15,326 [INFO] Pass: Size - 0.05841 (ms)
2026-07-13 15:05:15,326 [INFO] Pass: FixedPoint - 0.00405 (ms)
2026-07-13 15:05:15,326 [INFO] Pass: ContainsInstruction - 0.00501 (ms)
2026-07-13 15:05:15,327 [INFO] Pass: Optimize1qGatesDecomposition - 0.85258 (ms)
2026-07-13 15:05:15,327 [INFO] Pass: InverseCancellation - 0.00834 (ms)
2026-07-13 15:05:15,328 [INFO] Total Transpile Time - 65.64689 (ms)
2026-07-13 15:05:15,328 [INFO] Pass: GatesInBasis - 0.92316 (ms)
2026-07-13 15:05:15,328 [INFO] Pass: Depth - 0.16832 (ms)
2026-07-13 15:05:15,328 [INFO] Pass: FixedPoint - 0.00596 (ms)
2026-07-13 15:05:15,328 [INFO] Pass: Size - 0.05937 (ms)
2026-07-13 15:05:15,328 [INFO] Pass: FixedPoint - 0.00453 (ms)
2026-07-13 15:05:15,329 [INFO] Pass: Optimize1qGatesDecomposition - 0.70882 (ms)
2026-07-13 15:05:15,329 [INFO] Pass: InverseCancellation - 0.00763 (ms)
2026-07-13 15:05:15,330 [INFO] Pass: GatesInBasis - 0.83590 (ms)
2026-07-13 15:05:15,330 [INFO] Pass: Depth - 0.16284 (ms)
2026-07-13 15:05:15,330 [INFO] Pass: FixedPoint - 0.00525 (ms)
2026-07-13 15:05:15,330 [INFO] Pass: Size - 0.05841 (ms)
2026-07-13 15:05:15,330 [INFO] Pass: FixedPoint - 0.00453 (ms)
2026-07-13 15:05:15,330 [INFO] Pass: ContainsInstruction - 0.00548 (ms)
2026-07-13 15:05:15,332 [INFO] Total Transpile Time - 65.51266 (ms)
2026-07-13 15:05:15,336 [INFO] Pass: ContainsInstruction - 0.00834 (ms)
2026-07-13 15:05:15,336 [INFO] Pass: ContainsInstruction - 0.00715 (ms)
2026-07-13 15:05:15,336 [INFO] Pass: ContainsInstruction - 0.00763 (ms)
2026-07-13 15:05:15,336 [INFO] Pass: ContainsInstruction - 0.00858 (ms)
2026-07-13 15:05:15,336 [INFO] Pass: InverseCancellation - 0.16737 (ms)
2026-07-13 15:05:15,336 [INFO] Pass: InverseCancellation - 0.16689 (ms)
2026-07-13 15:05:15,336 [INFO] Pass: InverseCancellation - 0.16594 (ms)
2026-07-13 15:05:15,336 [INFO] Pass: UnitarySynthesis - 0.00501 (ms)
2026-07-13 15:05:15,336 [INFO] Pass: UnitarySynthesis - 0.00453 (ms)
2026-07-13 15:05:15,336 [INFO] Pass: UnitarySynthesis - 0.00477 (ms)
2026-07-13 15:05:15,336 [INFO] Pass: InverseCancellation - 0.16522 (ms)
2026-07-13 15:05:15,336 [INFO] Pass: UnitarySynthesis - 0.00453 (ms)
2026-07-13 15:05:15,338 [INFO] Pass: HighLevelSynthesis - 1.54066 (ms)
2026-07-13 15:05:15,338 [INFO] Pass: HighLevelSynthesis - 1.53089 (ms)
2026-07-13 15:05:15,338 [INFO] Pass: HighLevelSynthesis - 1.54090 (ms)
2026-07-13 15:05:15,338 [INFO] Pass: HighLevelSynthesis - 1.51014 (ms)
2026-07-13 15:05:15,339 [INFO] Pass: BasisTranslator - 0.81801 (ms)
2026-07-13 15:05:15,339 [INFO] Pass: BasisTranslator - 0.81754 (ms)
2026-07-13 15:05:15,339 [INFO] Pass: BasisTranslator - 0.82731 (ms)
2026-07-13 15:05:15,339 [INFO] Pass: BasisTranslator - 0.83375 (ms)
2026-07-13 15:05:15,339 [INFO] Pass: Depth - 0.17977 (ms)
2026-07-13 15:05:15,339 [INFO] Pass: Depth - 0.17214 (ms)
2026-07-13 15:05:15,339 [INFO] Pass: Depth - 0.17810 (ms)
2026-07-13 15:05:15,339 [INFO] Pass: FixedPoint - 0.00715 (ms)
2026-07-13 15:05:15,339 [INFO] Pass: FixedPoint - 0.00668 (ms)
2026-07-13 15:05:15,339 [INFO] Pass: FixedPoint - 0.00715 (ms)
2026-07-13 15:05:15,339 [INFO] Pass: Size - 0.06199 (ms)
2026-07-13 15:05:15,339 [INFO] Pass: Size - 0.06080 (ms)
2026-07-13 15:05:15,339 [INFO] Pass: Size - 0.06127 (ms)
2026-07-13 15:05:15,339 [INFO] Pass: FixedPoint - 0.00477 (ms)
2026-07-13 15:05:15,339 [INFO] Pass: Depth - 0.18024 (ms)
2026-07-13 15:05:15,339 [INFO] Pass: FixedPoint - 0.00453 (ms)
2026-07-13 15:05:15,339 [INFO] Pass: FixedPoint - 0.00477 (ms)
2026-07-13 15:05:15,339 [INFO] Pass: FixedPoint - 0.00715 (ms)
2026-07-13 15:05:15,339 [INFO] Pass: Size - 0.06247 (ms)
2026-07-13 15:05:15,339 [INFO] Pass: FixedPoint - 0.00429 (ms)
2026-07-13 15:05:15,340 [INFO] Pass: Optimize1qGatesDecomposition - 0.85831 (ms)
2026-07-13 15:05:15,340 [INFO] Pass: Optimize1qGatesDecomposition - 0.84805 (ms)
2026-07-13 15:05:15,340 [INFO] Pass: Optimize1qGatesDecomposition - 0.85282 (ms)
2026-07-13 15:05:15,340 [INFO] Pass: InverseCancellation - 0.00834 (ms)
2026-07-13 15:05:15,340 [INFO] Pass: InverseCancellation - 0.00834 (ms)
2026-07-13 15:05:15,340 [INFO] Pass: InverseCancellation - 0.00811 (ms)
2026-07-13 15:05:15,340 [INFO] Pass: Optimize1qGatesDecomposition - 0.85735 (ms)
2026-07-13 15:05:15,340 [INFO] Pass: InverseCancellation - 0.00930 (ms)
2026-07-13 15:05:15,341 [INFO] Pass: GatesInBasis - 0.91171 (ms)
2026-07-13 15:05:15,341 [INFO] Pass: GatesInBasis - 0.92292 (ms)
2026-07-13 15:05:15,341 [INFO] Pass: GatesInBasis - 0.92101 (ms)
2026-07-13 15:05:15,341 [INFO] Pass: GatesInBasis - 0.92244 (ms)
2026-07-13 15:05:15,341 [INFO] Pass: Depth - 0.16761 (ms)
2026-07-13 15:05:15,341 [INFO] Pass: Depth - 0.16999 (ms)
2026-07-13 15:05:15,341 [INFO] Pass: Depth - 0.16785 (ms)
2026-07-13 15:05:15,341 [INFO] Pass: FixedPoint - 0.00596 (ms)
2026-07-13 15:05:15,341 [INFO] Pass: FixedPoint - 0.00596 (ms)
2026-07-13 15:05:15,341 [INFO] Pass: FixedPoint - 0.00572 (ms)
2026-07-13 15:05:15,341 [INFO] Pass: Size - 0.05913 (ms)
2026-07-13 15:05:15,341 [INFO] Pass: Size - 0.05913 (ms)
2026-07-13 15:05:15,341 [INFO] Pass: Size - 0.05865 (ms)
2026-07-13 15:05:15,341 [INFO] Pass: FixedPoint - 0.00429 (ms)
2026-07-13 15:05:15,341 [INFO] Pass: FixedPoint - 0.00453 (ms)
2026-07-13 15:05:15,341 [INFO] Pass: Depth - 0.16713 (ms)
2026-07-13 15:05:15,341 [INFO] Pass: FixedPoint - 0.00429 (ms)
2026-07-13 15:05:15,341 [INFO] Pass: FixedPoint - 0.00572 (ms)
2026-07-13 15:05:15,341 [INFO] Pass: Size - 0.06223 (ms)
2026-07-13 15:05:15,341 [INFO] Pass: FixedPoint - 0.00429 (ms)
2026-07-13 15:05:15,342 [INFO] Pass: Optimize1qGatesDecomposition - 0.71311 (ms)
2026-07-13 15:05:15,342 [INFO] Pass: Optimize1qGatesDecomposition - 0.69737 (ms)
2026-07-13 15:05:15,342 [INFO] Pass: Optimize1qGatesDecomposition - 0.70739 (ms)
2026-07-13 15:05:15,342 [INFO] Pass: InverseCancellation - 0.00811 (ms)
2026-07-13 15:05:15,342 [INFO] Pass: InverseCancellation - 0.00787 (ms)
2026-07-13 15:05:15,342 [INFO] Pass: InverseCancellation - 0.00811 (ms)
2026-07-13 15:05:15,342 [INFO] Pass: Optimize1qGatesDecomposition - 0.69261 (ms)
2026-07-13 15:05:15,342 [INFO] Pass: InverseCancellation - 0.00811 (ms)
2026-07-13 15:05:15,343 [INFO] Pass: GatesInBasis - 0.83375 (ms)
2026-07-13 15:05:15,343 [INFO] Pass: GatesInBasis - 0.83542 (ms)
2026-07-13 15:05:15,343 [INFO] Pass: GatesInBasis - 0.84162 (ms)
2026-07-13 15:05:15,343 [INFO] Pass: GatesInBasis - 0.83423 (ms)
2026-07-13 15:05:15,343 [INFO] Pass: Depth - 0.16212 (ms)
2026-07-13 15:05:15,343 [INFO] Pass: Depth - 0.16212 (ms)
2026-07-13 15:05:15,343 [INFO] Pass: Depth - 0.16308 (ms)
2026-07-13 15:05:15,343 [INFO] Pass: FixedPoint - 0.00501 (ms)
2026-07-13 15:05:15,343 [INFO] Pass: FixedPoint - 0.00477 (ms)
2026-07-13 15:05:15,343 [INFO] Pass: FixedPoint - 0.00501 (ms)
2026-07-13 15:05:15,343 [INFO] Pass: Size - 0.05841 (ms)
2026-07-13 15:05:15,343 [INFO] Pass: Size - 0.05770 (ms)
2026-07-13 15:05:15,343 [INFO] Pass: Size - 0.05770 (ms)
2026-07-13 15:05:15,343 [INFO] Pass: FixedPoint - 0.00429 (ms)
2026-07-13 15:05:15,343 [INFO] Pass: FixedPoint - 0.00453 (ms)
2026-07-13 15:05:15,343 [INFO] Pass: Depth - 0.16260 (ms)
2026-07-13 15:05:15,343 [INFO] Pass: FixedPoint - 0.00429 (ms)
2026-07-13 15:05:15,343 [INFO] Pass: ContainsInstruction - 0.00548 (ms)
2026-07-13 15:05:15,343 [INFO] Pass: ContainsInstruction - 0.00572 (ms)
2026-07-13 15:05:15,343 [INFO] Pass: FixedPoint - 0.00548 (ms)
2026-07-13 15:05:15,343 [INFO] Pass: ContainsInstruction - 0.00548 (ms)
2026-07-13 15:05:15,343 [INFO] Pass: Size - 0.06342 (ms)
2026-07-13 15:05:15,343 [INFO] Pass: FixedPoint - 0.00453 (ms)
2026-07-13 15:05:15,344 [INFO] Pass: ContainsInstruction - 0.00548 (ms)
2026-07-13 15:05:15,344 [INFO] Pass: ContainsInstruction - 0.00787 (ms)
2026-07-13 15:05:15,344 [INFO] Pass: InverseCancellation - 0.17262 (ms)
2026-07-13 15:05:15,345 [INFO] Pass: UnitarySynthesis - 0.00477 (ms)
2026-07-13 15:05:15,345 [INFO] Total Transpile Time - 65.46950 (ms)
2026-07-13 15:05:15,345 [INFO] Total Transpile Time - 65.56773 (ms)
2026-07-13 15:05:15,345 [INFO] Total Transpile Time - 65.43446 (ms)
2026-07-13 15:05:15,345 [INFO] Total Transpile Time - 65.37747 (ms)
2026-07-13 15:05:15,346 [INFO] Pass: ContainsInstruction - 0.00811 (ms)
2026-07-13 15:05:15,346 [INFO] Pass: InverseCancellation - 0.16713 (ms)
2026-07-13 15:05:15,346 [INFO] Pass: UnitarySynthesis - 0.00548 (ms)
2026-07-13 15:05:15,346 [INFO] Pass: HighLevelSynthesis - 1.53327 (ms)
2026-07-13 15:05:15,347 [INFO] Pass: BasisTranslator - 0.81134 (ms)
2026-07-13 15:05:15,347 [INFO] Pass: Depth - 0.18001 (ms)
2026-07-13 15:05:15,347 [INFO] Pass: FixedPoint - 0.00787 (ms)
2026-07-13 15:05:15,347 [INFO] Pass: Size - 0.06199 (ms)
2026-07-13 15:05:15,347 [INFO] Pass: FixedPoint - 0.00477 (ms)
2026-07-13 15:05:15,348 [INFO] Pass: HighLevelSynthesis - 1.55258 (ms)
2026-07-13 15:05:15,348 [INFO] Pass: Optimize1qGatesDecomposition - 0.85831 (ms)
2026-07-13 15:05:15,348 [INFO] Pass: InverseCancellation - 0.00882 (ms)
2026-07-13 15:05:15,348 [INFO] Pass: BasisTranslator - 0.81682 (ms)
2026-07-13 15:05:15,349 [INFO] Pass: Depth - 0.18144 (ms)
2026-07-13 15:05:15,349 [INFO] Pass: FixedPoint - 0.00763 (ms)
2026-07-13 15:05:15,349 [INFO] Pass: Size - 0.06151 (ms)
2026-07-13 15:05:15,349 [INFO] Pass: FixedPoint - 0.00453 (ms)
2026-07-13 15:05:15,349 [INFO] Pass: GatesInBasis - 0.92459 (ms)
2026-07-13 15:05:15,350 [INFO] Pass: Depth - 0.17571 (ms)
2026-07-13 15:05:15,350 [INFO] Pass: FixedPoint - 0.00572 (ms)
2026-07-13 15:05:15,350 [INFO] Pass: Size - 0.05960 (ms)
2026-07-13 15:05:15,350 [INFO] Pass: FixedPoint - 0.00405 (ms)
2026-07-13 15:05:15,350 [INFO] Pass: Optimize1qGatesDecomposition - 0.86451 (ms)
2026-07-13 15:05:15,350 [INFO] Pass: InverseCancellation - 0.00978 (ms)
2026-07-13 15:05:15,350 [INFO] Pass: Optimize1qGatesDecomposition - 0.70763 (ms)
2026-07-13 15:05:15,351 [INFO] Pass: InverseCancellation - 0.00834 (ms)
2026-07-13 15:05:15,351 [INFO] Pass: GatesInBasis - 0.92196 (ms)
2026-07-13 15:05:15,351 [INFO] Pass: ContainsInstruction - 0.00834 (ms)
2026-07-13 15:05:15,351 [INFO] Pass: Depth - 0.16952 (ms)
2026-07-13 15:05:15,351 [INFO] Pass: FixedPoint - 0.00572 (ms)
2026-07-13 15:05:15,351 [INFO] Pass: InverseCancellation - 0.16737 (ms)
2026-07-13 15:05:15,351 [INFO] Pass: UnitarySynthesis - 0.00477 (ms)
2026-07-13 15:05:15,351 [INFO] Pass: Size - 0.05865 (ms)
2026-07-13 15:05:15,351 [INFO] Pass: FixedPoint - 0.00453 (ms)
2026-07-13 15:05:15,351 [INFO] Pass: GatesInBasis - 0.83065 (ms)
2026-07-13 15:05:15,352 [INFO] Pass: Depth - 0.16403 (ms)
2026-07-13 15:05:15,352 [INFO] Pass: FixedPoint - 0.00525 (ms)
2026-07-13 15:05:15,352 [INFO] Pass: Size - 0.05817 (ms)
2026-07-13 15:05:15,352 [INFO] Pass: FixedPoint - 0.00405 (ms)
2026-07-13 15:05:15,352 [INFO] Pass: ContainsInstruction - 0.00548 (ms)
2026-07-13 15:05:15,352 [INFO] Pass: Optimize1qGatesDecomposition - 0.70167 (ms)
2026-07-13 15:05:15,352 [INFO] Pass: InverseCancellation - 0.00787 (ms)
2026-07-13 15:05:15,353 [INFO] Pass: HighLevelSynthesis - 1.56164 (ms)
2026-07-13 15:05:15,353 [INFO] Pass: GatesInBasis - 0.83113 (ms)
2026-07-13 15:05:15,353 [INFO] Pass: Depth - 0.16284 (ms)
2026-07-13 15:05:15,353 [INFO] Pass: FixedPoint - 0.00525 (ms)
2026-07-13 15:05:15,353 [INFO] Total Transpile Time - 65.34195 (ms)
2026-07-13 15:05:15,353 [INFO] Pass: Size - 0.05794 (ms)
2026-07-13 15:05:15,353 [INFO] Pass: FixedPoint - 0.00405 (ms)
2026-07-13 15:05:15,353 [INFO] Pass: ContainsInstruction - 0.00596 (ms)
2026-07-13 15:05:15,354 [INFO] Pass: BasisTranslator - 0.82159 (ms)
2026-07-13 15:05:15,354 [INFO] Pass: Depth - 0.18024 (ms)
2026-07-13 15:05:15,354 [INFO] Pass: FixedPoint - 0.00787 (ms)
2026-07-13 15:05:15,354 [INFO] Pass: Size - 0.06151 (ms)
2026-07-13 15:05:15,354 [INFO] Pass: FixedPoint - 0.00477 (ms)
2026-07-13 15:05:15,355 [INFO] Total Transpile Time - 65.46712 (ms)
2026-07-13 15:05:15,355 [INFO] Pass: Optimize1qGatesDecomposition - 0.86117 (ms)
2026-07-13 15:05:15,355 [INFO] Pass: InverseCancellation - 0.00978 (ms)
2026-07-13 15:05:15,355 [INFO] Pass: ContainsInstruction - 0.00882 (ms)
2026-07-13 15:05:15,356 [INFO] Pass: InverseCancellation - 0.16570 (ms)
2026-07-13 15:05:15,356 [INFO] Pass: UnitarySynthesis - 0.00477 (ms)
2026-07-13 15:05:15,356 [INFO] Pass: GatesInBasis - 0.92125 (ms)
2026-07-13 15:05:15,356 [INFO] Pass: Depth - 0.16880 (ms)
2026-07-13 15:05:15,356 [INFO] Pass: FixedPoint - 0.00572 (ms)
2026-07-13 15:05:15,356 [INFO] Pass: Size - 0.05913 (ms)
2026-07-13 15:05:15,356 [INFO] Pass: FixedPoint - 0.00405 (ms)
2026-07-13 15:05:15,357 [INFO] Pass: Optimize1qGatesDecomposition - 0.70524 (ms)
2026-07-13 15:05:15,357 [INFO] Pass: InverseCancellation - 0.00811 (ms)
2026-07-13 15:05:15,357 [INFO] Pass: HighLevelSynthesis - 1.57285 (ms)
2026-07-13 15:05:15,358 [INFO] Pass: GatesInBasis - 0.83709 (ms)
2026-07-13 15:05:15,358 [INFO] Pass: BasisTranslator - 0.82803 (ms)
2026-07-13 15:05:15,358 [INFO] Pass: Depth - 0.16212 (ms)
2026-07-13 15:05:15,358 [INFO] Pass: FixedPoint - 0.00525 (ms)
2026-07-13 15:05:15,358 [INFO] Pass: ContainsInstruction - 0.00834 (ms)
2026-07-13 15:05:15,358 [INFO] Pass: Size - 0.05889 (ms)
2026-07-13 15:05:15,358 [INFO] Pass: FixedPoint - 0.00381 (ms)
2026-07-13 15:05:15,358 [INFO] Pass: Depth - 0.18215 (ms)
2026-07-13 15:05:15,358 [INFO] Pass: ContainsInstruction - 0.00620 (ms)
2026-07-13 15:05:15,358 [INFO] Pass: FixedPoint - 0.00739 (ms)
2026-07-13 15:05:15,359 [INFO] Pass: InverseCancellation - 0.17333 (ms)
2026-07-13 15:05:15,359 [INFO] Pass: Size - 0.06127 (ms)
2026-07-13 15:05:15,359 [INFO] Pass: FixedPoint - 0.00429 (ms)
2026-07-13 15:05:15,359 [INFO] Pass: UnitarySynthesis - 0.00453 (ms)
2026-07-13 15:05:15,359 [INFO] Pass: Optimize1qGatesDecomposition - 0.87285 (ms)
2026-07-13 15:05:15,360 [INFO] Pass: InverseCancellation - 0.00954 (ms)
2026-07-13 15:05:15,360 [INFO] Total Transpile Time - 65.48333 (ms)
2026-07-13 15:05:15,360 [INFO] Pass: HighLevelSynthesis - 1.51896 (ms)
2026-07-13 15:05:15,361 [INFO] Pass: GatesInBasis - 0.94485 (ms)
2026-07-13 15:05:15,361 [INFO] Pass: Depth - 0.17357 (ms)
2026-07-13 15:05:15,361 [INFO] Pass: FixedPoint - 0.00572 (ms)
2026-07-13 15:05:15,361 [INFO] Pass: Size - 0.05913 (ms)
2026-07-13 15:05:15,361 [INFO] Pass: FixedPoint - 0.00405 (ms)
2026-07-13 15:05:15,361 [INFO] Pass: BasisTranslator - 0.81849 (ms)
2026-07-13 15:05:15,361 [INFO] Pass: Depth - 0.18048 (ms)
2026-07-13 15:05:15,361 [INFO] Pass: FixedPoint - 0.00715 (ms)
2026-07-13 15:05:15,361 [INFO] Pass: Size - 0.06175 (ms)
2026-07-13 15:05:15,361 [INFO] Pass: FixedPoint - 0.00453 (ms)
2026-07-13 15:05:15,362 [INFO] Pass: Optimize1qGatesDecomposition - 0.70500 (ms)
2026-07-13 15:05:15,362 [INFO] Pass: InverseCancellation - 0.00763 (ms)
2026-07-13 15:05:15,362 [INFO] Pass: Optimize1qGatesDecomposition - 0.85711 (ms)
2026-07-13 15:05:15,362 [INFO] Pass: InverseCancellation - 0.00906 (ms)
2026-07-13 15:05:15,363 [INFO] Pass: GatesInBasis - 0.84496 (ms)
2026-07-13 15:05:15,363 [INFO] Pass: Depth - 0.16427 (ms)
2026-07-13 15:05:15,363 [INFO] Pass: FixedPoint - 0.00525 (ms)
2026-07-13 15:05:15,363 [INFO] Pass: Size - 0.05841 (ms)
2026-07-13 15:05:15,363 [INFO] Pass: FixedPoint - 0.00429 (ms)
2026-07-13 15:05:15,363 [INFO] Pass: ContainsInstruction - 0.00572 (ms)
2026-07-13 15:05:15,363 [INFO] Pass: GatesInBasis - 0.92292 (ms)
2026-07-13 15:05:15,364 [INFO] Pass: Depth - 0.17238 (ms)
2026-07-13 15:05:15,364 [INFO] Pass: FixedPoint - 0.00596 (ms)
2026-07-13 15:05:15,364 [INFO] Pass: Size - 0.05865 (ms)
2026-07-13 15:05:15,364 [INFO] Pass: FixedPoint - 0.00453 (ms)
2026-07-13 15:05:15,364 [INFO] Total Transpile Time - 65.96065 (ms)
2026-07-13 15:05:15,364 [INFO] Pass: Optimize1qGatesDecomposition - 0.69833 (ms)
2026-07-13 15:05:15,364 [INFO] Pass: InverseCancellation - 0.00811 (ms)
2026-07-13 15:05:15,365 [INFO] Pass: GatesInBasis - 0.83280 (ms)
2026-07-13 15:05:15,366 [INFO] Pass: Depth - 0.16308 (ms)
2026-07-13 15:05:15,366 [INFO] Pass: FixedPoint - 0.00525 (ms)
2026-07-13 15:05:15,366 [INFO] Pass: Size - 0.05794 (ms)
2026-07-13 15:05:15,366 [INFO] Pass: FixedPoint - 0.00453 (ms)
2026-07-13 15:05:15,366 [INFO] Pass: ContainsInstruction - 0.00572 (ms)
2026-07-13 15:05:15,367 [INFO] Total Transpile Time - 65.40585 (ms)
2026-07-13 15:05:15,691 [INFO] [PCE] Aer metadata (1a ejecucion de este proceso): device=CPU method=statevector shots=2048 fusion_enabled=True
2026-07-13 15:05:15,693 [INFO] [PCE] Aer metadata (1a ejecucion de este proceso): device=CPU method=statevector shots=2048 fusion_enabled=True
2026-07-13 15:05:15,696 [INFO] [PCE] Aer metadata (1a ejecucion de este proceso): device=CPU method=statevector shots=2048 fusion_enabled=True
2026-07-13 15:05:15,698 [INFO] [PCE] Aer metadata (1a ejecucion de este proceso): device=CPU method=statevector shots=2048 fusion_enabled=True
2026-07-13 15:05:15,701 [INFO] [PCE] Aer metadata (1a ejecucion de este proceso): device=CPU method=statevector shots=2048 fusion_enabled=True
2026-07-13 15:05:15,704 [INFO] [PCE] Aer metadata (1a ejecucion de este proceso): device=CPU method=statevector shots=2048 fusion_enabled=True
2026-07-13 15:05:15,706 [INFO] [PCE] Aer metadata (1a ejecucion de este proceso): device=CPU method=statevector shots=2048 fusion_enabled=True
2026-07-13 15:05:15,709 [INFO] [PCE] Aer metadata (1a ejecucion de este proceso): device=CPU method=statevector shots=2048 fusion_enabled=True
2026-07-13 15:05:15,711 [INFO] [PCE] Aer metadata (1a ejecucion de este proceso): device=CPU method=statevector shots=2048 fusion_enabled=True
2026-07-13 15:05:15,714 [INFO] [PCE] Aer metadata (1a ejecucion de este proceso): device=CPU method=statevector shots=2048 fusion_enabled=True
2026-07-13 15:05:15,717 [INFO] [PCE] Aer metadata (1a ejecucion de este proceso): device=CPU method=statevector shots=2048 fusion_enabled=True
2026-07-13 15:05:15,719 [INFO] [PCE] Aer metadata (1a ejecucion de este proceso): device=CPU method=statevector shots=2048 fusion_enabled=True
2026-07-13 15:05:15,722 [INFO] [PCE] Aer metadata (1a ejecucion de este proceso): device=CPU method=statevector shots=2048 fusion_enabled=True
2026-07-13 15:05:15,725 [INFO] [PCE] Aer metadata (1a ejecucion de este proceso): device=CPU method=statevector shots=2048 fusion_enabled=True
2026-07-13 18:41:58,031 [INFO] [PCE] n=225 instancia (idx=26) 1/14 completada (paralelo) - transcurrido=0:03:36:43
2026-07-13 18:42:16,334 [INFO] [PCE] n=225 instancia (idx=12) 2/14 completada (paralelo) - transcurrido=0:03:37:01
2026-07-13 18:42:24,723 [INFO] [PCE] n=225 instancia (idx=5) 3/14 completada (paralelo) - transcurrido=0:03:37:10
2026-07-13 18:42:58,884 [INFO] [PCE] n=225 instancia (idx=40) 4/14 completada (paralelo) - transcurrido=0:03:37:44
2026-07-13 18:51:52,453 [INFO] [PCE] n=225 instancia (idx=75) 5/14 completada (paralelo) - transcurrido=0:03:46:37
2026-07-13 18:54:12,685 [INFO] [PCE] n=225 instancia (idx=33) 6/14 completada (paralelo) - transcurrido=0:03:48:58
2026-07-13 18:54:24,450 [INFO] [PCE] n=225 instancia (idx=82) 7/14 completada (paralelo) - transcurrido=0:03:49:09
2026-07-13 18:56:48,784 [INFO] [PCE] n=225 instancia (idx=96) 8/14 completada (paralelo) - transcurrido=0:03:51:34
2026-07-13 18:58:50,486 [INFO] [PCE] n=225 instancia (idx=68) 9/14 completada (paralelo) - transcurrido=0:03:53:35
2026-07-13 18:59:16,005 [INFO] [PCE] n=225 instancia (idx=47) 10/14 completada (paralelo) - transcurrido=0:03:54:01
2026-07-13 18:59:32,493 [INFO] [PCE] n=225 instancia (idx=61) 11/14 completada (paralelo) - transcurrido=0:03:54:17
2026-07-13 19:00:30,798 [INFO] [PCE] n=225 instancia (idx=89) 12/14 completada (paralelo) - transcurrido=0:03:55:16
2026-07-13 19:01:35,974 [INFO] [PCE] n=225 instancia (idx=19) 13/14 completada (paralelo) - transcurrido=0:03:56:21
2026-07-13 19:01:42,689 [INFO] [PCE] n=225 instancia (idx=54) 14/14 completada (paralelo) - transcurrido=0:03:56:28
2026-07-13 19:01:42,905 [INFO] [PCE] n=225 chunk 6/7 completado - beta_parcial=0.2257 duration=0:03:56:28 shots=2048 backend=AER
