gcc/system unloaded
gcccore/system unloaded
cesga/2022 unloaded
rust/1.75.0 unloaded
imkl/2022.0.1 unloaded
numpy/1.26.4 unloaded
scipy/1.13.1 unloaded
flint/2.8.4 unloaded
symengine/0.11.1 unloaded
symengine-python/0.11.0 unloaded
spdlog/1.9.2 unloaded
pylatexenc/2.10 unloaded
qiskit/1.2.4-aer-gpu-cu11 unloaded
        Preparing the environment for use of the CESGA 2022 software stack.
        Please rebuild modules cache: module --ignore-cache avail
     
cesga/2022 loaded
rust/1.75.0 loaded

imkl/2023.2.0 loaded
numpy/1.26.4 loaded
scipy/1.13.1 loaded
imkl/2023.2.0 unloaded

imkl/2022.0.1 loaded
flint/2.8.4 loaded
symengine/0.11.1 loaded
symengine-python/0.11.0 loaded
spdlog/1.9.2 loaded
pylatexenc/2.10 loaded
gcccore/system loaded
gcc/system loaded
qiskit/1.2.4-aer-gpu-cu11 loaded
2026-07-13 14:38:00,808 [INFO] [PCE] n=225 chunk 4/7: 14 instancias [3, 10, 17, 24, 31, 38, 45, 52, 59, 66, 73, 80, 87, 94], num_workers=14, qubits=9
2026-07-13 14:38:00,808 [INFO] [PCE] n=225 paralelizando 14 instancias entre 14 workers (max_parallel_threads=1 fijo, independiente de num_workers)
2026-07-13 14:38:00,952 [INFO] Pass: ContainsInstruction - 0.01216 (ms)
2026-07-13 14:38:00,953 [INFO] Pass: InverseCancellation - 0.01550 (ms)
2026-07-13 14:38:00,953 [INFO] Pass: UnitarySynthesis - 0.00501 (ms)
2026-07-13 14:38:00,954 [INFO] Pass: HighLevelSynthesis - 1.57666 (ms)
2026-07-13 14:38:00,955 [INFO] Pass: BasisTranslator - 0.80156 (ms)
2026-07-13 14:38:00,955 [INFO] Pass: Depth - 0.20123 (ms)
2026-07-13 14:38:00,955 [INFO] Pass: FixedPoint - 0.01192 (ms)
2026-07-13 14:38:00,956 [INFO] Pass: Size - 0.06413 (ms)
2026-07-13 14:38:00,955 [INFO] Pass: ContainsInstruction - 0.01216 (ms)
2026-07-13 14:38:00,956 [INFO] Pass: FixedPoint - 0.00453 (ms)
2026-07-13 14:38:00,956 [INFO] Pass: InverseCancellation - 0.01502 (ms)
2026-07-13 14:38:00,956 [INFO] Pass: UnitarySynthesis - 0.00525 (ms)
2026-07-13 14:38:00,956 [INFO] Pass: ContainsInstruction - 0.01311 (ms)
2026-07-13 14:38:00,956 [INFO] Pass: ContainsInstruction - 0.01383 (ms)
2026-07-13 14:38:00,956 [INFO] Pass: Optimize1qGatesDecomposition - 0.14353 (ms)
2026-07-13 14:38:00,956 [INFO] Pass: InverseCancellation - 0.01597 (ms)
2026-07-13 14:38:00,956 [INFO] Pass: InverseCancellation - 0.00763 (ms)
2026-07-13 14:38:00,956 [INFO] Pass: InverseCancellation - 0.01645 (ms)
2026-07-13 14:38:00,956 [INFO] Pass: UnitarySynthesis - 0.00501 (ms)
2026-07-13 14:38:00,956 [INFO] Pass: UnitarySynthesis - 0.00501 (ms)
2026-07-13 14:38:00,957 [INFO] Pass: GatesInBasis - 0.80633 (ms)
2026-07-13 14:38:00,957 [INFO] Pass: Depth - 0.15950 (ms)
2026-07-13 14:38:00,957 [INFO] Pass: FixedPoint - 0.00548 (ms)
2026-07-13 14:38:00,957 [INFO] Pass: Size - 0.05698 (ms)
2026-07-13 14:38:00,957 [INFO] Pass: FixedPoint - 0.00429 (ms)
2026-07-13 14:38:00,957 [INFO] Pass: ContainsInstruction - 0.00572 (ms)
2026-07-13 14:38:00,957 [INFO] Pass: HighLevelSynthesis - 1.59216 (ms)
2026-07-13 14:38:00,957 [INFO] Pass: HighLevelSynthesis - 1.53136 (ms)
2026-07-13 14:38:00,957 [INFO] Pass: HighLevelSynthesis - 1.58334 (ms)
2026-07-13 14:38:00,958 [INFO] Pass: BasisTranslator - 0.80919 (ms)
2026-07-13 14:38:00,958 [INFO] Pass: BasisTranslator - 0.79536 (ms)
2026-07-13 14:38:00,958 [INFO] Pass: BasisTranslator - 0.79346 (ms)
2026-07-13 14:38:00,958 [INFO] Pass: Depth - 0.19813 (ms)
2026-07-13 14:38:00,958 [INFO] Pass: FixedPoint - 0.01407 (ms)
2026-07-13 14:38:00,958 [INFO] Total Transpile Time - 85.05535 (ms)
2026-07-13 14:38:00,959 [INFO] Pass: Depth - 0.20361 (ms)
2026-07-13 14:38:00,959 [INFO] Pass: Size - 0.05937 (ms)
2026-07-13 14:38:00,959 [INFO] Pass: Depth - 0.20194 (ms)
2026-07-13 14:38:00,959 [INFO] Pass: FixedPoint - 0.01383 (ms)
2026-07-13 14:38:00,959 [INFO] Pass: FixedPoint - 0.00453 (ms)
2026-07-13 14:38:00,959 [INFO] Pass: ContainsInstruction - 0.01240 (ms)
2026-07-13 14:38:00,959 [INFO] Pass: FixedPoint - 0.01454 (ms)
2026-07-13 14:38:00,959 [INFO] Pass: Size - 0.06604 (ms)
2026-07-13 14:38:00,959 [INFO] Pass: InverseCancellation - 0.01478 (ms)
2026-07-13 14:38:00,959 [INFO] Pass: Size - 0.06223 (ms)
2026-07-13 14:38:00,959 [INFO] Pass: FixedPoint - 0.00477 (ms)
2026-07-13 14:38:00,959 [INFO] Pass: UnitarySynthesis - 0.00548 (ms)
2026-07-13 14:38:00,959 [INFO] Pass: FixedPoint - 0.00477 (ms)
2026-07-13 14:38:00,959 [INFO] Pass: Optimize1qGatesDecomposition - 0.14114 (ms)
2026-07-13 14:38:00,959 [INFO] Pass: InverseCancellation - 0.00954 (ms)
2026-07-13 14:38:00,959 [INFO] Pass: Optimize1qGatesDecomposition - 0.14353 (ms)
2026-07-13 14:38:00,959 [INFO] Pass: Optimize1qGatesDecomposition - 0.13709 (ms)
2026-07-13 14:38:00,959 [INFO] Pass: InverseCancellation - 0.00834 (ms)
2026-07-13 14:38:00,959 [INFO] Pass: InverseCancellation - 0.00787 (ms)
2026-07-13 14:38:00,960 [INFO] Pass: GatesInBasis - 0.81539 (ms)
2026-07-13 14:38:00,960 [INFO] Pass: GatesInBasis - 0.80800 (ms)
2026-07-13 14:38:00,960 [INFO] Pass: GatesInBasis - 0.84925 (ms)
2026-07-13 14:38:00,960 [INFO] Pass: Depth - 0.15831 (ms)
2026-07-13 14:38:00,960 [INFO] Pass: FixedPoint - 0.00548 (ms)
2026-07-13 14:38:00,960 [INFO] Pass: Size - 0.05627 (ms)
2026-07-13 14:38:00,960 [INFO] Pass: Depth - 0.15950 (ms)
2026-07-13 14:38:00,960 [INFO] Pass: FixedPoint - 0.00453 (ms)
2026-07-13 14:38:00,960 [INFO] Pass: Depth - 0.15998 (ms)
2026-07-13 14:38:00,960 [INFO] Pass: FixedPoint - 0.00548 (ms)
2026-07-13 14:38:00,960 [INFO] Pass: ContainsInstruction - 0.00548 (ms)
2026-07-13 14:38:00,960 [INFO] Pass: FixedPoint - 0.00596 (ms)
2026-07-13 14:38:00,960 [INFO] Pass: Size - 0.05651 (ms)
2026-07-13 14:38:00,960 [INFO] Pass: Size - 0.05698 (ms)
2026-07-13 14:38:00,960 [INFO] Pass: FixedPoint - 0.00429 (ms)
2026-07-13 14:38:00,960 [INFO] Pass: FixedPoint - 0.00429 (ms)
2026-07-13 14:38:00,960 [INFO] Pass: ContainsInstruction - 0.00525 (ms)
2026-07-13 14:38:00,960 [INFO] Pass: ContainsInstruction - 0.00596 (ms)
2026-07-13 14:38:00,960 [INFO] Pass: HighLevelSynthesis - 1.58238 (ms)
2026-07-13 14:38:00,961 [INFO] Pass: BasisTranslator - 0.79918 (ms)
2026-07-13 14:38:00,961 [INFO] Pass: ContainsInstruction - 0.01240 (ms)
2026-07-13 14:38:00,961 [INFO] Pass: Depth - 0.19550 (ms)
2026-07-13 14:38:00,961 [INFO] Total Transpile Time - 82.55672 (ms)
2026-07-13 14:38:00,961 [INFO] Pass: InverseCancellation - 0.02146 (ms)
2026-07-13 14:38:00,962 [INFO] Pass: FixedPoint - 0.01168 (ms)
2026-07-13 14:38:00,962 [INFO] Pass: UnitarySynthesis - 0.00501 (ms)
2026-07-13 14:38:00,962 [INFO] Pass: Size - 0.05984 (ms)
2026-07-13 14:38:00,962 [INFO] Total Transpile Time - 82.31378 (ms)
2026-07-13 14:38:00,962 [INFO] Pass: FixedPoint - 0.00477 (ms)
2026-07-13 14:38:00,962 [INFO] Total Transpile Time - 83.37426 (ms)
2026-07-13 14:38:00,962 [INFO] Pass: Optimize1qGatesDecomposition - 0.13876 (ms)
2026-07-13 14:38:00,962 [INFO] Pass: InverseCancellation - 0.00763 (ms)
2026-07-13 14:38:00,963 [INFO] Pass: GatesInBasis - 0.82374 (ms)
2026-07-13 14:38:00,963 [INFO] Pass: Depth - 0.16022 (ms)
2026-07-13 14:38:00,963 [INFO] Pass: FixedPoint - 0.00525 (ms)
2026-07-13 14:38:00,963 [INFO] Pass: Size - 0.05651 (ms)
2026-07-13 14:38:00,963 [INFO] Pass: FixedPoint - 0.00429 (ms)
2026-07-13 14:38:00,963 [INFO] Pass: ContainsInstruction - 0.00548 (ms)
2026-07-13 14:38:00,963 [INFO] Pass: HighLevelSynthesis - 1.58930 (ms)
2026-07-13 14:38:00,964 [INFO] Pass: BasisTranslator - 0.79894 (ms)
2026-07-13 14:38:00,964 [INFO] Pass: Depth - 0.19312 (ms)
2026-07-13 14:38:00,964 [INFO] Pass: FixedPoint - 0.01240 (ms)
2026-07-13 14:38:00,964 [INFO] Pass: Size - 0.05913 (ms)
2026-07-13 14:38:00,964 [INFO] Pass: FixedPoint - 0.00453 (ms)
2026-07-13 14:38:00,964 [INFO] Total Transpile Time - 82.13687 (ms)
2026-07-13 14:38:00,965 [INFO] Pass: Optimize1qGatesDecomposition - 0.14019 (ms)
2026-07-13 14:38:00,965 [INFO] Pass: InverseCancellation - 0.00811 (ms)
2026-07-13 14:38:00,965 [INFO] Pass: ContainsInstruction - 0.01144 (ms)
2026-07-13 14:38:00,965 [INFO] Pass: InverseCancellation - 0.01526 (ms)
2026-07-13 14:38:00,965 [INFO] Pass: UnitarySynthesis - 0.00525 (ms)
2026-07-13 14:38:00,966 [INFO] Pass: GatesInBasis - 0.81539 (ms)
2026-07-13 14:38:00,966 [INFO] Pass: Depth - 0.15759 (ms)
2026-07-13 14:38:00,966 [INFO] Pass: FixedPoint - 0.00525 (ms)
2026-07-13 14:38:00,966 [INFO] Pass: Size - 0.05674 (ms)
2026-07-13 14:38:00,966 [INFO] Pass: FixedPoint - 0.00477 (ms)
2026-07-13 14:38:00,966 [INFO] Pass: ContainsInstruction - 0.00525 (ms)
2026-07-13 14:38:00,967 [INFO] Pass: HighLevelSynthesis - 1.59240 (ms)
2026-07-13 14:38:00,967 [INFO] Pass: ContainsInstruction - 0.01287 (ms)
2026-07-13 14:38:00,967 [INFO] Total Transpile Time - 82.02815 (ms)
2026-07-13 14:38:00,967 [INFO] Pass: InverseCancellation - 0.01574 (ms)
2026-07-13 14:38:00,967 [INFO] Pass: UnitarySynthesis - 0.00501 (ms)
2026-07-13 14:38:00,968 [INFO] Pass: BasisTranslator - 0.80061 (ms)
2026-07-13 14:38:00,968 [INFO] Pass: Depth - 0.19217 (ms)
2026-07-13 14:38:00,968 [INFO] Pass: FixedPoint - 0.01192 (ms)
2026-07-13 14:38:00,968 [INFO] Pass: Size - 0.05960 (ms)
2026-07-13 14:38:00,968 [INFO] Pass: FixedPoint - 0.00477 (ms)
2026-07-13 14:38:00,968 [INFO] Pass: Optimize1qGatesDecomposition - 0.13852 (ms)
2026-07-13 14:38:00,968 [INFO] Pass: InverseCancellation - 0.00739 (ms)
2026-07-13 14:38:00,969 [INFO] Pass: HighLevelSynthesis - 1.52493 (ms)
2026-07-13 14:38:00,969 [INFO] Pass: GatesInBasis - 0.80895 (ms)
2026-07-13 14:38:00,969 [INFO] Pass: Depth - 0.16022 (ms)
2026-07-13 14:38:00,969 [INFO] Pass: FixedPoint - 0.00596 (ms)
2026-07-13 14:38:00,969 [INFO] Pass: Size - 0.05674 (ms)
2026-07-13 14:38:00,969 [INFO] Pass: FixedPoint - 0.00405 (ms)
2026-07-13 14:38:00,969 [INFO] Pass: ContainsInstruction - 0.00548 (ms)
2026-07-13 14:38:00,970 [INFO] Pass: BasisTranslator - 0.85711 (ms)
2026-07-13 14:38:00,970 [INFO] Pass: Depth - 0.19598 (ms)
2026-07-13 14:38:00,970 [INFO] Pass: FixedPoint - 0.01287 (ms)
2026-07-13 14:38:00,970 [INFO] Pass: Size - 0.05913 (ms)
2026-07-13 14:38:00,970 [INFO] Pass: FixedPoint - 0.00501 (ms)
2026-07-13 14:38:00,971 [INFO] Pass: Optimize1qGatesDecomposition - 0.13924 (ms)
2026-07-13 14:38:00,971 [INFO] Pass: InverseCancellation - 0.00715 (ms)
2026-07-13 14:38:00,971 [INFO] Total Transpile Time - 82.64875 (ms)
2026-07-13 14:38:00,971 [INFO] Pass: GatesInBasis - 0.79775 (ms)
2026-07-13 14:38:00,972 [INFO] Pass: Depth - 0.15759 (ms)
2026-07-13 14:38:00,972 [INFO] Pass: FixedPoint - 0.00525 (ms)
2026-07-13 14:38:00,972 [INFO] Pass: Size - 0.05698 (ms)
2026-07-13 14:38:00,972 [INFO] Pass: FixedPoint - 0.00453 (ms)
2026-07-13 14:38:00,972 [INFO] Pass: ContainsInstruction - 0.00501 (ms)
2026-07-13 14:38:00,972 [INFO] Pass: ContainsInstruction - 0.01287 (ms)
2026-07-13 14:38:00,972 [INFO] Pass: InverseCancellation - 0.01669 (ms)
2026-07-13 14:38:00,972 [INFO] Pass: UnitarySynthesis - 0.00548 (ms)
2026-07-13 14:38:00,973 [INFO] Total Transpile Time - 81.95353 (ms)
2026-07-13 14:38:00,974 [INFO] Pass: HighLevelSynthesis - 1.53518 (ms)
2026-07-13 14:38:00,974 [INFO] Pass: ContainsInstruction - 0.01287 (ms)
2026-07-13 14:38:00,974 [INFO] Pass: InverseCancellation - 0.01454 (ms)
2026-07-13 14:38:00,974 [INFO] Pass: UnitarySynthesis - 0.00501 (ms)
2026-07-13 14:38:00,975 [INFO] Pass: BasisTranslator - 0.85521 (ms)
2026-07-13 14:38:00,975 [INFO] Pass: Depth - 0.18978 (ms)
2026-07-13 14:38:00,975 [INFO] Pass: FixedPoint - 0.01192 (ms)
2026-07-13 14:38:00,975 [INFO] Pass: Size - 0.05960 (ms)
2026-07-13 14:38:00,975 [INFO] Pass: FixedPoint - 0.00453 (ms)
2026-07-13 14:38:00,975 [INFO] Pass: Optimize1qGatesDecomposition - 0.14114 (ms)
2026-07-13 14:38:00,975 [INFO] Pass: InverseCancellation - 0.00787 (ms)
2026-07-13 14:38:00,976 [INFO] Pass: HighLevelSynthesis - 1.52802 (ms)
2026-07-13 14:38:00,976 [INFO] Pass: GatesInBasis - 0.80252 (ms)
2026-07-13 14:38:00,976 [INFO] Pass: Depth - 0.15664 (ms)
2026-07-13 14:38:00,976 [INFO] Pass: FixedPoint - 0.00525 (ms)
2026-07-13 14:38:00,976 [INFO] Pass: Size - 0.05674 (ms)
2026-07-13 14:38:00,976 [INFO] Pass: FixedPoint - 0.00453 (ms)
2026-07-13 14:38:00,976 [INFO] Pass: ContainsInstruction - 0.00548 (ms)
2026-07-13 14:38:00,977 [INFO] Pass: BasisTranslator - 0.85187 (ms)
2026-07-13 14:38:00,977 [INFO] Pass: Depth - 0.19503 (ms)
2026-07-13 14:38:00,977 [INFO] Pass: FixedPoint - 0.01240 (ms)
2026-07-13 14:38:00,977 [INFO] Pass: Size - 0.05913 (ms)
2026-07-13 14:38:00,977 [INFO] Pass: FixedPoint - 0.00501 (ms)
2026-07-13 14:38:00,977 [INFO] Pass: Optimize1qGatesDecomposition - 0.13542 (ms)
2026-07-13 14:38:00,977 [INFO] Pass: InverseCancellation - 0.00739 (ms)
2026-07-13 14:38:00,977 [INFO] Pass: ContainsInstruction - 0.01192 (ms)
2026-07-13 14:38:00,977 [INFO] Pass: InverseCancellation - 0.01478 (ms)
2026-07-13 14:38:00,977 [INFO] Pass: UnitarySynthesis - 0.00501 (ms)
2026-07-13 14:38:00,978 [INFO] Total Transpile Time - 82.45111 (ms)
2026-07-13 14:38:00,978 [INFO] Pass: GatesInBasis - 0.81348 (ms)
2026-07-13 14:38:00,978 [INFO] Pass: Depth - 0.15807 (ms)
2026-07-13 14:38:00,978 [INFO] Pass: FixedPoint - 0.00572 (ms)
2026-07-13 14:38:00,978 [INFO] Pass: Size - 0.05627 (ms)
2026-07-13 14:38:00,978 [INFO] Pass: FixedPoint - 0.00429 (ms)
2026-07-13 14:38:00,978 [INFO] Pass: ContainsInstruction - 0.00572 (ms)
2026-07-13 14:38:00,979 [INFO] Pass: HighLevelSynthesis - 1.57833 (ms)
2026-07-13 14:38:00,980 [INFO] Total Transpile Time - 81.89559 (ms)
2026-07-13 14:38:00,980 [INFO] Pass: BasisTranslator - 0.80132 (ms)
2026-07-13 14:38:00,980 [INFO] Pass: Depth - 0.19288 (ms)
2026-07-13 14:38:00,980 [INFO] Pass: FixedPoint - 0.01121 (ms)
2026-07-13 14:38:00,980 [INFO] Pass: Size - 0.05889 (ms)
2026-07-13 14:38:00,980 [INFO] Pass: FixedPoint - 0.00501 (ms)
2026-07-13 14:38:00,980 [INFO] Pass: Optimize1qGatesDecomposition - 0.14138 (ms)
2026-07-13 14:38:00,981 [INFO] Pass: InverseCancellation - 0.00739 (ms)
2026-07-13 14:38:00,981 [INFO] Pass: ContainsInstruction - 0.01240 (ms)
2026-07-13 14:38:00,981 [INFO] Pass: InverseCancellation - 0.01502 (ms)
2026-07-13 14:38:00,981 [INFO] Pass: UnitarySynthesis - 0.00548 (ms)
2026-07-13 14:38:00,981 [INFO] Pass: GatesInBasis - 0.80323 (ms)
2026-07-13 14:38:00,982 [INFO] Pass: Depth - 0.17214 (ms)
2026-07-13 14:38:00,982 [INFO] Pass: FixedPoint - 0.00572 (ms)
2026-07-13 14:38:00,982 [INFO] Pass: Size - 0.05722 (ms)
2026-07-13 14:38:00,982 [INFO] Pass: FixedPoint - 0.00453 (ms)
2026-07-13 14:38:00,982 [INFO] Pass: ContainsInstruction - 0.00525 (ms)
2026-07-13 14:38:00,983 [INFO] Pass: HighLevelSynthesis - 1.52993 (ms)
2026-07-13 14:38:00,983 [INFO] Total Transpile Time - 81.59828 (ms)
2026-07-13 14:38:00,983 [INFO] Pass: BasisTranslator - 0.78821 (ms)
2026-07-13 14:38:00,984 [INFO] Pass: Depth - 0.19836 (ms)
2026-07-13 14:38:00,984 [INFO] Pass: FixedPoint - 0.01264 (ms)
2026-07-13 14:38:00,984 [INFO] Pass: Size - 0.06223 (ms)
2026-07-13 14:38:00,984 [INFO] Pass: FixedPoint - 0.00477 (ms)
2026-07-13 14:38:00,984 [INFO] Pass: Optimize1qGatesDecomposition - 0.13328 (ms)
2026-07-13 14:38:00,984 [INFO] Pass: InverseCancellation - 0.00787 (ms)
2026-07-13 14:38:00,984 [INFO] Pass: ContainsInstruction - 0.01168 (ms)
2026-07-13 14:38:00,984 [INFO] Pass: InverseCancellation - 0.01431 (ms)
2026-07-13 14:38:00,985 [INFO] Pass: UnitarySynthesis - 0.00453 (ms)
2026-07-13 14:38:00,985 [INFO] Pass: GatesInBasis - 0.84829 (ms)
2026-07-13 14:38:00,985 [INFO] Pass: Depth - 0.15759 (ms)
2026-07-13 14:38:00,985 [INFO] Pass: FixedPoint - 0.00596 (ms)
2026-07-13 14:38:00,985 [INFO] Pass: Size - 0.05627 (ms)
2026-07-13 14:38:00,985 [INFO] Pass: FixedPoint - 0.00429 (ms)
2026-07-13 14:38:00,985 [INFO] Pass: ContainsInstruction - 0.00525 (ms)
2026-07-13 14:38:00,986 [INFO] Pass: HighLevelSynthesis - 1.53136 (ms)
2026-07-13 14:38:00,987 [INFO] Pass: ContainsInstruction - 0.01121 (ms)
2026-07-13 14:38:00,987 [INFO] Total Transpile Time - 81.67362 (ms)
2026-07-13 14:38:00,987 [INFO] Pass: InverseCancellation - 0.01431 (ms)
2026-07-13 14:38:00,987 [INFO] Pass: UnitarySynthesis - 0.00453 (ms)
2026-07-13 14:38:00,987 [INFO] Pass: BasisTranslator - 0.85163 (ms)
2026-07-13 14:38:00,987 [INFO] Pass: Depth - 0.19145 (ms)
2026-07-13 14:38:00,987 [INFO] Pass: FixedPoint - 0.01073 (ms)
2026-07-13 14:38:00,987 [INFO] Pass: Size - 0.05937 (ms)
2026-07-13 14:38:00,987 [INFO] Pass: FixedPoint - 0.00453 (ms)
2026-07-13 14:38:00,988 [INFO] Pass: Optimize1qGatesDecomposition - 0.14710 (ms)
2026-07-13 14:38:00,988 [INFO] Pass: InverseCancellation - 0.00739 (ms)
2026-07-13 14:38:00,988 [INFO] Pass: HighLevelSynthesis - 1.55711 (ms)
2026-07-13 14:38:00,989 [INFO] Pass: GatesInBasis - 0.80848 (ms)
2026-07-13 14:38:00,989 [INFO] Pass: Depth - 0.15807 (ms)
2026-07-13 14:38:00,989 [INFO] Pass: FixedPoint - 0.00525 (ms)
2026-07-13 14:38:00,989 [INFO] Pass: Size - 0.05722 (ms)
2026-07-13 14:38:00,989 [INFO] Pass: FixedPoint - 0.00429 (ms)
2026-07-13 14:38:00,989 [INFO] Pass: ContainsInstruction - 0.00525 (ms)
2026-07-13 14:38:00,989 [INFO] Pass: BasisTranslator - 0.84305 (ms)
2026-07-13 14:38:00,990 [INFO] Pass: Depth - 0.19360 (ms)
2026-07-13 14:38:00,990 [INFO] Pass: FixedPoint - 0.01311 (ms)
2026-07-13 14:38:00,990 [INFO] Pass: Size - 0.05984 (ms)
2026-07-13 14:38:00,990 [INFO] Pass: FixedPoint - 0.00477 (ms)
2026-07-13 14:38:00,990 [INFO] Pass: Optimize1qGatesDecomposition - 0.13423 (ms)
2026-07-13 14:38:00,990 [INFO] Pass: InverseCancellation - 0.00763 (ms)
2026-07-13 14:38:00,990 [INFO] Total Transpile Time - 81.45428 (ms)
2026-07-13 14:38:00,991 [INFO] Pass: GatesInBasis - 0.80466 (ms)
2026-07-13 14:38:00,991 [INFO] Pass: Depth - 0.15616 (ms)
2026-07-13 14:38:00,991 [INFO] Pass: FixedPoint - 0.00572 (ms)
2026-07-13 14:38:00,991 [INFO] Pass: Size - 0.05698 (ms)
2026-07-13 14:38:00,991 [INFO] Pass: FixedPoint - 0.00429 (ms)
2026-07-13 14:38:00,991 [INFO] Pass: ContainsInstruction - 0.00477 (ms)
2026-07-13 14:38:00,993 [INFO] Total Transpile Time - 80.94049 (ms)
2026-07-13 14:38:01,015 [INFO] Pass: ContainsInstruction - 0.00787 (ms)
2026-07-13 14:38:01,016 [INFO] Pass: InverseCancellation - 0.16761 (ms)
2026-07-13 14:38:01,016 [INFO] Pass: UnitarySynthesis - 0.00429 (ms)
2026-07-13 14:38:01,017 [INFO] Pass: HighLevelSynthesis - 1.45483 (ms)
2026-07-13 14:38:01,018 [INFO] Pass: BasisTranslator - 0.79751 (ms)
2026-07-13 14:38:01,018 [INFO] Pass: Depth - 0.17595 (ms)
2026-07-13 14:38:01,018 [INFO] Pass: FixedPoint - 0.00763 (ms)
2026-07-13 14:38:01,018 [INFO] Pass: Size - 0.06390 (ms)
2026-07-13 14:38:01,019 [INFO] Pass: FixedPoint - 0.00477 (ms)
2026-07-13 14:38:01,019 [INFO] Pass: ContainsInstruction - 0.00930 (ms)
2026-07-13 14:38:01,019 [INFO] Pass: ContainsInstruction - 0.00906 (ms)
2026-07-13 14:38:01,019 [INFO] Pass: InverseCancellation - 0.16594 (ms)
2026-07-13 14:38:01,019 [INFO] Pass: UnitarySynthesis - 0.00453 (ms)
2026-07-13 14:38:01,019 [INFO] Pass: InverseCancellation - 0.16952 (ms)
2026-07-13 14:38:01,019 [INFO] Pass: UnitarySynthesis - 0.00453 (ms)
2026-07-13 14:38:01,020 [INFO] Pass: ContainsInstruction - 0.00978 (ms)
2026-07-13 14:38:01,020 [INFO] Pass: Optimize1qGatesDecomposition - 1.18017 (ms)
2026-07-13 14:38:01,020 [INFO] Pass: InverseCancellation - 0.16761 (ms)
2026-07-13 14:38:01,020 [INFO] Pass: UnitarySynthesis - 0.00477 (ms)
2026-07-13 14:38:01,020 [INFO] Pass: InverseCancellation - 0.14877 (ms)
2026-07-13 14:38:01,021 [INFO] Pass: HighLevelSynthesis - 1.47653 (ms)
2026-07-13 14:38:01,021 [INFO] Pass: HighLevelSynthesis - 1.46174 (ms)
2026-07-13 14:38:01,021 [INFO] Pass: GatesInBasis - 0.81849 (ms)
2026-07-13 14:38:01,021 [INFO] Pass: Depth - 0.16785 (ms)
2026-07-13 14:38:01,021 [INFO] Pass: FixedPoint - 0.00620 (ms)
2026-07-13 14:38:01,021 [INFO] Pass: Size - 0.05889 (ms)
2026-07-13 14:38:01,021 [INFO] Pass: FixedPoint - 0.00453 (ms)
2026-07-13 14:38:01,021 [INFO] Pass: ContainsInstruction - 0.00572 (ms)
2026-07-13 14:38:01,021 [INFO] Pass: HighLevelSynthesis - 1.43933 (ms)
2026-07-13 14:38:01,022 [INFO] Pass: BasisTranslator - 0.80585 (ms)
2026-07-13 14:38:01,022 [INFO] Pass: BasisTranslator - 0.81062 (ms)
2026-07-13 14:38:01,022 [INFO] Pass: Depth - 0.17381 (ms)
2026-07-13 14:38:01,022 [INFO] Pass: FixedPoint - 0.00811 (ms)
2026-07-13 14:38:01,022 [INFO] Pass: Depth - 0.17500 (ms)
2026-07-13 14:38:01,022 [INFO] Pass: ContainsInstruction - 0.00858 (ms)
2026-07-13 14:38:01,022 [INFO] Pass: FixedPoint - 0.00834 (ms)
2026-07-13 14:38:01,022 [INFO] Pass: Size - 0.05984 (ms)
2026-07-13 14:38:01,022 [INFO] Pass: FixedPoint - 0.00453 (ms)
2026-07-13 14:38:01,022 [INFO] Pass: Size - 0.06032 (ms)
2026-07-13 14:38:01,022 [INFO] Pass: FixedPoint - 0.00477 (ms)
2026-07-13 14:38:01,022 [INFO] Pass: InverseCancellation - 0.16809 (ms)
2026-07-13 14:38:01,022 [INFO] Pass: UnitarySynthesis - 0.00429 (ms)
2026-07-13 14:38:01,022 [INFO] Pass: BasisTranslator - 0.95725 (ms)
2026-07-13 14:38:01,023 [INFO] Total Transpile Time - 64.06689 (ms)
2026-07-13 14:38:01,023 [INFO] Pass: Depth - 0.17595 (ms)
2026-07-13 14:38:01,023 [INFO] Pass: FixedPoint - 0.00811 (ms)
2026-07-13 14:38:01,023 [INFO] Pass: Optimize1qGatesDecomposition - 0.78416 (ms)
2026-07-13 14:38:01,023 [INFO] Pass: Size - 0.06080 (ms)
2026-07-13 14:38:01,023 [INFO] Pass: Optimize1qGatesDecomposition - 0.78249 (ms)
2026-07-13 14:38:01,023 [INFO] Pass: FixedPoint - 0.00501 (ms)
2026-07-13 14:38:01,023 [INFO] Pass: InverseCancellation - 0.14567 (ms)
2026-07-13 14:38:01,023 [INFO] Pass: InverseCancellation - 0.14663 (ms)
2026-07-13 14:38:01,024 [INFO] Pass: HighLevelSynthesis - 1.47462 (ms)
2026-07-13 14:38:01,024 [INFO] Pass: Optimize1qGatesDecomposition - 0.78773 (ms)
2026-07-13 14:38:01,024 [INFO] Pass: GatesInBasis - 0.83208 (ms)
2026-07-13 14:38:01,024 [INFO] Pass: InverseCancellation - 0.15187 (ms)
2026-07-13 14:38:01,024 [INFO] Pass: GatesInBasis - 0.82731 (ms)
2026-07-13 14:38:01,024 [INFO] Pass: Depth - 0.16427 (ms)
2026-07-13 14:38:01,024 [INFO] Pass: FixedPoint - 0.00572 (ms)
2026-07-13 14:38:01,024 [INFO] Pass: Depth - 0.16451 (ms)
2026-07-13 14:38:01,024 [INFO] Pass: FixedPoint - 0.00572 (ms)
2026-07-13 14:38:01,024 [INFO] Pass: Size - 0.05984 (ms)
2026-07-13 14:38:01,024 [INFO] Pass: FixedPoint - 0.00453 (ms)
2026-07-13 14:38:01,024 [INFO] Pass: ContainsInstruction - 0.00525 (ms)
2026-07-13 14:38:01,024 [INFO] Pass: Size - 0.05984 (ms)
2026-07-13 14:38:01,024 [INFO] Pass: FixedPoint - 0.00453 (ms)
2026-07-13 14:38:01,024 [INFO] Pass: ContainsInstruction - 0.00525 (ms)
2026-07-13 14:38:01,024 [INFO] Pass: BasisTranslator - 0.81372 (ms)
2026-07-13 14:38:01,025 [INFO] Pass: ContainsInstruction - 0.00954 (ms)
2026-07-13 14:38:01,025 [INFO] Pass: Depth - 0.17595 (ms)
2026-07-13 14:38:01,025 [INFO] Pass: GatesInBasis - 0.82302 (ms)
2026-07-13 14:38:01,025 [INFO] Pass: FixedPoint - 0.00811 (ms)
2026-07-13 14:38:01,025 [INFO] Pass: InverseCancellation - 0.16451 (ms)
2026-07-13 14:38:01,025 [INFO] Pass: UnitarySynthesis - 0.00477 (ms)
2026-07-13 14:38:01,025 [INFO] Pass: Size - 0.06008 (ms)
2026-07-13 14:38:01,025 [INFO] Pass: FixedPoint - 0.00453 (ms)
2026-07-13 14:38:01,025 [INFO] Pass: Depth - 0.16403 (ms)
2026-07-13 14:38:01,025 [INFO] Pass: FixedPoint - 0.00596 (ms)
2026-07-13 14:38:01,025 [INFO] Pass: Size - 0.05913 (ms)
2026-07-13 14:38:01,025 [INFO] Pass: FixedPoint - 0.00453 (ms)
2026-07-13 14:38:01,025 [INFO] Pass: ContainsInstruction - 0.00525 (ms)
2026-07-13 14:38:01,026 [INFO] Total Transpile Time - 64.03780 (ms)
2026-07-13 14:38:01,026 [INFO] Total Transpile Time - 63.99083 (ms)
2026-07-13 14:38:01,026 [INFO] Pass: Optimize1qGatesDecomposition - 0.78034 (ms)
2026-07-13 14:38:01,026 [INFO] Pass: InverseCancellation - 0.14758 (ms)
2026-07-13 14:38:01,026 [INFO] Pass: HighLevelSynthesis - 1.46270 (ms)
2026-07-13 14:38:01,027 [INFO] Total Transpile Time - 64.77618 (ms)
2026-07-13 14:38:01,027 [INFO] Pass: GatesInBasis - 0.83065 (ms)
2026-07-13 14:38:01,027 [INFO] Pass: Depth - 0.16618 (ms)
2026-07-13 14:38:01,027 [INFO] Pass: FixedPoint - 0.00620 (ms)
2026-07-13 14:38:01,027 [INFO] Pass: Size - 0.05937 (ms)
2026-07-13 14:38:01,027 [INFO] Pass: FixedPoint - 0.00429 (ms)
2026-07-13 14:38:01,027 [INFO] Pass: ContainsInstruction - 0.00525 (ms)
2026-07-13 14:38:01,027 [INFO] Pass: BasisTranslator - 0.80705 (ms)
2026-07-13 14:38:01,027 [INFO] Pass: Depth - 0.17285 (ms)
2026-07-13 14:38:01,027 [INFO] Pass: FixedPoint - 0.00763 (ms)
2026-07-13 14:38:01,028 [INFO] Pass: Size - 0.06032 (ms)
2026-07-13 14:38:01,028 [INFO] Pass: FixedPoint - 0.00477 (ms)
2026-07-13 14:38:01,028 [INFO] Pass: ContainsInstruction - 0.00858 (ms)
2026-07-13 14:38:01,028 [INFO] Pass: InverseCancellation - 0.16522 (ms)
2026-07-13 14:38:01,028 [INFO] Pass: UnitarySynthesis - 0.00453 (ms)
2026-07-13 14:38:01,028 [INFO] Pass: Optimize1qGatesDecomposition - 0.77510 (ms)
2026-07-13 14:38:01,029 [INFO] Total Transpile Time - 63.96937 (ms)
2026-07-13 14:38:01,029 [INFO] Pass: InverseCancellation - 0.15020 (ms)
2026-07-13 14:38:01,029 [INFO] Pass: GatesInBasis - 0.84066 (ms)
2026-07-13 14:38:01,030 [INFO] Pass: Depth - 0.16379 (ms)
2026-07-13 14:38:01,030 [INFO] Pass: FixedPoint - 0.00596 (ms)
2026-07-13 14:38:01,030 [INFO] Pass: Size - 0.05960 (ms)
2026-07-13 14:38:01,030 [INFO] Pass: FixedPoint - 0.00453 (ms)
2026-07-13 14:38:01,030 [INFO] Pass: ContainsInstruction - 0.00525 (ms)
2026-07-13 14:38:01,030 [INFO] Pass: HighLevelSynthesis - 1.45388 (ms)
2026-07-13 14:38:01,031 [INFO] Pass: ContainsInstruction - 0.00858 (ms)
2026-07-13 14:38:01,031 [INFO] Pass: BasisTranslator - 0.81015 (ms)
2026-07-13 14:38:01,031 [INFO] Pass: InverseCancellation - 0.16952 (ms)
2026-07-13 14:38:01,031 [INFO] Pass: UnitarySynthesis - 0.00429 (ms)
2026-07-13 14:38:01,031 [INFO] Pass: Depth - 0.17524 (ms)
2026-07-13 14:38:01,031 [INFO] Pass: FixedPoint - 0.00858 (ms)
2026-07-13 14:38:01,031 [INFO] Pass: Size - 0.06127 (ms)
2026-07-13 14:38:01,031 [INFO] Pass: FixedPoint - 0.00477 (ms)
2026-07-13 14:38:01,031 [INFO] Total Transpile Time - 63.86685 (ms)
2026-07-13 14:38:01,032 [INFO] Pass: Optimize1qGatesDecomposition - 0.77248 (ms)
2026-07-13 14:38:01,032 [INFO] Pass: InverseCancellation - 0.14663 (ms)
2026-07-13 14:38:01,032 [INFO] Pass: HighLevelSynthesis - 1.47438 (ms)
2026-07-13 14:38:01,033 [INFO] Pass: GatesInBasis - 0.82731 (ms)
2026-07-13 14:38:01,033 [INFO] Pass: Depth - 0.16284 (ms)
2026-07-13 14:38:01,033 [INFO] Pass: BasisTranslator - 0.83137 (ms)
2026-07-13 14:38:01,033 [INFO] Pass: FixedPoint - 0.00596 (ms)
2026-07-13 14:38:01,033 [INFO] Pass: Size - 0.05865 (ms)
2026-07-13 14:38:01,033 [INFO] Pass: FixedPoint - 0.00429 (ms)
2026-07-13 14:38:01,033 [INFO] Pass: ContainsInstruction - 0.00525 (ms)
2026-07-13 14:38:01,033 [INFO] Pass: Depth - 0.17715 (ms)
2026-07-13 14:38:01,034 [INFO] Pass: FixedPoint - 0.00858 (ms)
2026-07-13 14:38:01,034 [INFO] Pass: Size - 0.06056 (ms)
2026-07-13 14:38:01,034 [INFO] Pass: FixedPoint - 0.00477 (ms)
2026-07-13 14:38:01,034 [INFO] Pass: Optimize1qGatesDecomposition - 0.77915 (ms)
2026-07-13 14:38:01,035 [INFO] Pass: InverseCancellation - 0.14615 (ms)
2026-07-13 14:38:01,035 [INFO] Total Transpile Time - 63.89165 (ms)
2026-07-13 14:38:01,035 [INFO] Pass: ContainsInstruction - 0.00858 (ms)
2026-07-13 14:38:01,035 [INFO] Pass: InverseCancellation - 0.16809 (ms)
2026-07-13 14:38:01,035 [INFO] Pass: UnitarySynthesis - 0.00501 (ms)
2026-07-13 14:38:01,036 [INFO] Pass: GatesInBasis - 0.82374 (ms)
2026-07-13 14:38:01,036 [INFO] Pass: Depth - 0.16284 (ms)
2026-07-13 14:38:01,036 [INFO] Pass: FixedPoint - 0.00620 (ms)
2026-07-13 14:38:01,036 [INFO] Pass: Size - 0.05865 (ms)
2026-07-13 14:38:01,036 [INFO] Pass: FixedPoint - 0.00429 (ms)
2026-07-13 14:38:01,036 [INFO] Pass: ContainsInstruction - 0.00548 (ms)
2026-07-13 14:38:01,037 [INFO] Pass: HighLevelSynthesis - 1.48535 (ms)
2026-07-13 14:38:01,037 [INFO] Pass: ContainsInstruction - 0.00834 (ms)
2026-07-13 14:38:01,037 [INFO] Pass: InverseCancellation - 0.16665 (ms)
2026-07-13 14:38:01,037 [INFO] Total Transpile Time - 63.99703 (ms)
2026-07-13 14:38:01,037 [INFO] Pass: UnitarySynthesis - 0.00429 (ms)
2026-07-13 14:38:01,038 [INFO] Pass: BasisTranslator - 1.29366 (ms)
2026-07-13 14:38:01,038 [INFO] Pass: Depth - 0.18430 (ms)
2026-07-13 14:38:01,038 [INFO] Pass: FixedPoint - 0.00834 (ms)
2026-07-13 14:38:01,039 [INFO] Pass: Size - 0.06270 (ms)
2026-07-13 14:38:01,039 [INFO] Pass: FixedPoint - 0.00548 (ms)
2026-07-13 14:38:01,039 [INFO] Pass: HighLevelSynthesis - 1.45793 (ms)
2026-07-13 14:38:01,039 [INFO] Pass: Optimize1qGatesDecomposition - 0.78511 (ms)
2026-07-13 14:38:01,040 [INFO] Pass: InverseCancellation - 0.15283 (ms)
2026-07-13 14:38:01,040 [INFO] Pass: BasisTranslator - 0.81348 (ms)
2026-07-13 14:38:01,040 [INFO] Pass: Depth - 0.17357 (ms)
2026-07-13 14:38:01,040 [INFO] Pass: FixedPoint - 0.00811 (ms)
2026-07-13 14:38:01,040 [INFO] Pass: Size - 0.06032 (ms)
2026-07-13 14:38:01,040 [INFO] Pass: FixedPoint - 0.00453 (ms)
2026-07-13 14:38:01,040 [INFO] Pass: ContainsInstruction - 0.00882 (ms)
2026-07-13 14:38:01,040 [INFO] Pass: InverseCancellation - 0.16594 (ms)
2026-07-13 14:38:01,040 [INFO] Pass: UnitarySynthesis - 0.00930 (ms)
2026-07-13 14:38:01,040 [INFO] Pass: GatesInBasis - 0.81849 (ms)
2026-07-13 14:38:01,041 [INFO] Pass: Depth - 0.16570 (ms)
2026-07-13 14:38:01,041 [INFO] Pass: FixedPoint - 0.00620 (ms)
2026-07-13 14:38:01,041 [INFO] Pass: Size - 0.05889 (ms)
2026-07-13 14:38:01,041 [INFO] Pass: FixedPoint - 0.00453 (ms)
2026-07-13 14:38:01,041 [INFO] Pass: ContainsInstruction - 0.00548 (ms)
2026-07-13 14:38:01,041 [INFO] Pass: Optimize1qGatesDecomposition - 0.78321 (ms)
2026-07-13 14:38:01,041 [INFO] Pass: InverseCancellation - 0.14615 (ms)
2026-07-13 14:38:01,042 [INFO] Pass: HighLevelSynthesis - 1.46389 (ms)
2026-07-13 14:38:01,042 [INFO] Pass: GatesInBasis - 0.82755 (ms)
2026-07-13 14:38:01,042 [INFO] Pass: Depth - 0.16522 (ms)
2026-07-13 14:38:01,042 [INFO] Pass: FixedPoint - 0.00620 (ms)
2026-07-13 14:38:01,042 [INFO] Total Transpile Time - 64.39209 (ms)
2026-07-13 14:38:01,042 [INFO] Pass: Size - 0.05937 (ms)
2026-07-13 14:38:01,042 [INFO] Pass: FixedPoint - 0.00453 (ms)
2026-07-13 14:38:01,042 [INFO] Pass: ContainsInstruction - 0.00525 (ms)
2026-07-13 14:38:01,043 [INFO] Pass: BasisTranslator - 0.81825 (ms)
2026-07-13 14:38:01,043 [INFO] Pass: Depth - 0.17643 (ms)
2026-07-13 14:38:01,043 [INFO] Pass: FixedPoint - 0.00811 (ms)
2026-07-13 14:38:01,043 [INFO] Pass: Size - 0.06008 (ms)
2026-07-13 14:38:01,043 [INFO] Pass: FixedPoint - 0.00477 (ms)
2026-07-13 14:38:01,044 [INFO] Pass: ContainsInstruction - 0.00787 (ms)
2026-07-13 14:38:01,044 [INFO] Total Transpile Time - 63.91382 (ms)
2026-07-13 14:38:01,044 [INFO] Pass: InverseCancellation - 0.16832 (ms)
2026-07-13 14:38:01,044 [INFO] Pass: UnitarySynthesis - 0.00453 (ms)
2026-07-13 14:38:01,044 [INFO] Pass: Optimize1qGatesDecomposition - 0.78392 (ms)
2026-07-13 14:38:01,044 [INFO] Pass: InverseCancellation - 0.15044 (ms)
2026-07-13 14:38:01,045 [INFO] Pass: GatesInBasis - 0.82445 (ms)
2026-07-13 14:38:01,045 [INFO] Pass: Depth - 0.16499 (ms)
2026-07-13 14:38:01,045 [INFO] Pass: FixedPoint - 0.00596 (ms)
2026-07-13 14:38:01,045 [INFO] Pass: HighLevelSynthesis - 1.46174 (ms)
2026-07-13 14:38:01,045 [INFO] Pass: Size - 0.06366 (ms)
2026-07-13 14:38:01,046 [INFO] Pass: FixedPoint - 0.00429 (ms)
2026-07-13 14:38:01,046 [INFO] Pass: ContainsInstruction - 0.00548 (ms)
2026-07-13 14:38:01,047 [INFO] Pass: BasisTranslator - 1.24264 (ms)
2026-07-13 14:38:01,047 [INFO] Pass: Depth - 0.17810 (ms)
2026-07-13 14:38:01,047 [INFO] Total Transpile Time - 63.71355 (ms)
2026-07-13 14:38:01,047 [INFO] Pass: FixedPoint - 0.00858 (ms)
2026-07-13 14:38:01,047 [INFO] Pass: Size - 0.06032 (ms)
2026-07-13 14:38:01,047 [INFO] Pass: FixedPoint - 0.00477 (ms)
2026-07-13 14:38:01,048 [INFO] Pass: ContainsInstruction - 0.00858 (ms)
2026-07-13 14:38:01,048 [INFO] Pass: Optimize1qGatesDecomposition - 0.78583 (ms)
2026-07-13 14:38:01,048 [INFO] Pass: InverseCancellation - 0.15020 (ms)
2026-07-13 14:38:01,048 [INFO] Pass: InverseCancellation - 0.16665 (ms)
2026-07-13 14:38:01,048 [INFO] Pass: UnitarySynthesis - 0.00453 (ms)
2026-07-13 14:38:01,049 [INFO] Pass: GatesInBasis - 0.82564 (ms)
2026-07-13 14:38:01,049 [INFO] Pass: Depth - 0.16427 (ms)
2026-07-13 14:38:01,049 [INFO] Pass: FixedPoint - 0.00644 (ms)
2026-07-13 14:38:01,049 [INFO] Pass: Size - 0.05889 (ms)
2026-07-13 14:38:01,049 [INFO] Pass: FixedPoint - 0.00429 (ms)
2026-07-13 14:38:01,049 [INFO] Pass: ContainsInstruction - 0.00930 (ms)
2026-07-13 14:38:01,050 [INFO] Pass: HighLevelSynthesis - 1.46246 (ms)
2026-07-13 14:38:01,050 [INFO] Pass: ContainsInstruction - 0.00739 (ms)
2026-07-13 14:38:01,050 [INFO] Pass: InverseCancellation - 0.16308 (ms)
2026-07-13 14:38:01,050 [INFO] Pass: UnitarySynthesis - 0.00429 (ms)
2026-07-13 14:38:01,051 [INFO] Pass: BasisTranslator - 0.82707 (ms)
2026-07-13 14:38:01,051 [INFO] Pass: Depth - 0.17715 (ms)
2026-07-13 14:38:01,051 [INFO] Total Transpile Time - 64.06736 (ms)
2026-07-13 14:38:01,051 [INFO] Pass: FixedPoint - 0.00811 (ms)
2026-07-13 14:38:01,051 [INFO] Pass: Size - 0.06127 (ms)
2026-07-13 14:38:01,051 [INFO] Pass: FixedPoint - 0.00501 (ms)
2026-07-13 14:38:01,052 [INFO] Pass: HighLevelSynthesis - 1.49560 (ms)
2026-07-13 14:38:01,052 [INFO] Pass: Optimize1qGatesDecomposition - 0.78154 (ms)
2026-07-13 14:38:01,052 [INFO] Pass: InverseCancellation - 0.14853 (ms)
2026-07-13 14:38:01,052 [INFO] Pass: BasisTranslator - 0.79894 (ms)
2026-07-13 14:38:01,053 [INFO] Pass: Depth - 0.17047 (ms)
2026-07-13 14:38:01,053 [INFO] Pass: FixedPoint - 0.00787 (ms)
2026-07-13 14:38:01,053 [INFO] Pass: Size - 0.06056 (ms)
2026-07-13 14:38:01,053 [INFO] Pass: FixedPoint - 0.00429 (ms)
2026-07-13 14:38:01,053 [INFO] Pass: GatesInBasis - 0.82278 (ms)
2026-07-13 14:38:01,053 [INFO] Pass: Depth - 0.16522 (ms)
2026-07-13 14:38:01,053 [INFO] Pass: FixedPoint - 0.00620 (ms)
2026-07-13 14:38:01,053 [INFO] Pass: Size - 0.05841 (ms)
2026-07-13 14:38:01,053 [INFO] Pass: FixedPoint - 0.00429 (ms)
2026-07-13 14:38:01,053 [INFO] Pass: ContainsInstruction - 0.00501 (ms)
2026-07-13 14:38:01,054 [INFO] Pass: Optimize1qGatesDecomposition - 0.77653 (ms)
2026-07-13 14:38:01,054 [INFO] Pass: InverseCancellation - 0.14615 (ms)
2026-07-13 14:38:01,055 [INFO] Pass: GatesInBasis - 0.82421 (ms)
2026-07-13 14:38:01,055 [INFO] Total Transpile Time - 64.34751 (ms)
2026-07-13 14:38:01,055 [INFO] Pass: Depth - 0.16069 (ms)
2026-07-13 14:38:01,055 [INFO] Pass: FixedPoint - 0.00596 (ms)
2026-07-13 14:38:01,055 [INFO] Pass: Size - 0.05865 (ms)
2026-07-13 14:38:01,055 [INFO] Pass: FixedPoint - 0.00405 (ms)
2026-07-13 14:38:01,055 [INFO] Pass: ContainsInstruction - 0.00501 (ms)
2026-07-13 14:38:01,056 [INFO] Total Transpile Time - 63.82990 (ms)
2026-07-13 14:38:01,080 [INFO] Pass: ContainsInstruction - 0.01001 (ms)
2026-07-13 14:38:01,080 [INFO] Pass: InverseCancellation - 0.16761 (ms)
2026-07-13 14:38:01,080 [INFO] Pass: UnitarySynthesis - 0.00429 (ms)
2026-07-13 14:38:01,082 [INFO] Pass: HighLevelSynthesis - 1.49846 (ms)
2026-07-13 14:38:01,082 [INFO] Pass: BasisTranslator - 0.82326 (ms)
2026-07-13 14:38:01,083 [INFO] Pass: Depth - 0.17619 (ms)
2026-07-13 14:38:01,083 [INFO] Pass: FixedPoint - 0.00763 (ms)
2026-07-13 14:38:01,083 [INFO] Pass: ContainsInstruction - 0.00882 (ms)
2026-07-13 14:38:01,083 [INFO] Pass: Size - 0.06127 (ms)
2026-07-13 14:38:01,083 [INFO] Pass: FixedPoint - 0.00453 (ms)
2026-07-13 14:38:01,083 [INFO] Pass: ContainsInstruction - 0.00834 (ms)
2026-07-13 14:38:01,083 [INFO] Pass: InverseCancellation - 0.16832 (ms)
2026-07-13 14:38:01,083 [INFO] Pass: UnitarySynthesis - 0.00429 (ms)
2026-07-13 14:38:01,083 [INFO] Pass: InverseCancellation - 0.16475 (ms)
2026-07-13 14:38:01,083 [INFO] Pass: UnitarySynthesis - 0.00429 (ms)
2026-07-13 14:38:01,084 [INFO] Pass: Optimize1qGatesDecomposition - 0.83899 (ms)
2026-07-13 14:38:01,084 [INFO] Pass: InverseCancellation - 0.00787 (ms)
2026-07-13 14:38:01,084 [INFO] Pass: ContainsInstruction - 0.00882 (ms)
2026-07-13 14:38:01,085 [INFO] Pass: InverseCancellation - 0.17071 (ms)
2026-07-13 14:38:01,085 [INFO] Pass: HighLevelSynthesis - 1.51563 (ms)
2026-07-13 14:38:01,085 [INFO] Pass: UnitarySynthesis - 0.00453 (ms)
2026-07-13 14:38:01,085 [INFO] Pass: GatesInBasis - 0.89049 (ms)
2026-07-13 14:38:01,085 [INFO] Pass: HighLevelSynthesis - 1.51825 (ms)
2026-07-13 14:38:01,085 [INFO] Pass: Depth - 0.16904 (ms)
2026-07-13 14:38:01,085 [INFO] Pass: FixedPoint - 0.00596 (ms)
2026-07-13 14:38:01,085 [INFO] Pass: Size - 0.05913 (ms)
2026-07-13 14:38:01,085 [INFO] Pass: FixedPoint - 0.00429 (ms)
2026-07-13 14:38:01,085 [INFO] Pass: BasisTranslator - 0.82088 (ms)
2026-07-13 14:38:01,086 [INFO] Pass: BasisTranslator - 0.83303 (ms)
2026-07-13 14:38:01,086 [INFO] Pass: Depth - 0.17786 (ms)
2026-07-13 14:38:01,086 [INFO] Pass: FixedPoint - 0.00763 (ms)
2026-07-13 14:38:01,086 [INFO] Pass: ContainsInstruction - 0.00834 (ms)
2026-07-13 14:38:01,086 [INFO] Pass: Size - 0.06127 (ms)
2026-07-13 14:38:01,086 [INFO] Pass: FixedPoint - 0.00477 (ms)
2026-07-13 14:38:01,086 [INFO] Pass: Optimize1qGatesDecomposition - 0.70858 (ms)
2026-07-13 14:38:01,086 [INFO] Pass: Depth - 0.18024 (ms)
2026-07-13 14:38:01,086 [INFO] Pass: InverseCancellation - 0.00739 (ms)
2026-07-13 14:38:01,086 [INFO] Pass: FixedPoint - 0.00763 (ms)
2026-07-13 14:38:01,086 [INFO] Pass: InverseCancellation - 0.16546 (ms)
2026-07-13 14:38:01,086 [INFO] Pass: UnitarySynthesis - 0.00453 (ms)
2026-07-13 14:38:01,086 [INFO] Pass: Size - 0.06199 (ms)
2026-07-13 14:38:01,086 [INFO] Pass: FixedPoint - 0.00477 (ms)
2026-07-13 14:38:01,086 [INFO] Pass: HighLevelSynthesis - 1.48392 (ms)
2026-07-13 14:38:01,087 [INFO] Pass: Optimize1qGatesDecomposition - 0.84400 (ms)
2026-07-13 14:38:01,087 [INFO] Pass: GatesInBasis - 0.80204 (ms)
2026-07-13 14:38:01,087 [INFO] Pass: InverseCancellation - 0.00763 (ms)
2026-07-13 14:38:01,087 [INFO] Pass: Depth - 0.16308 (ms)
2026-07-13 14:38:01,087 [INFO] Pass: Optimize1qGatesDecomposition - 0.84376 (ms)
2026-07-13 14:38:01,087 [INFO] Pass: FixedPoint - 0.00572 (ms)
2026-07-13 14:38:01,087 [INFO] Pass: InverseCancellation - 0.00787 (ms)
2026-07-13 14:38:01,087 [INFO] Pass: BasisTranslator - 0.81849 (ms)
2026-07-13 14:38:01,087 [INFO] Pass: Size - 0.05913 (ms)
2026-07-13 14:38:01,087 [INFO] Pass: FixedPoint - 0.00405 (ms)
2026-07-13 14:38:01,087 [INFO] Pass: ContainsInstruction - 0.00572 (ms)
2026-07-13 14:38:01,087 [INFO] Pass: Depth - 0.18072 (ms)
2026-07-13 14:38:01,087 [INFO] Pass: FixedPoint - 0.00811 (ms)
2026-07-13 14:38:01,087 [INFO] Pass: Size - 0.06223 (ms)
2026-07-13 14:38:01,087 [INFO] Pass: FixedPoint - 0.00501 (ms)
2026-07-13 14:38:01,088 [INFO] Pass: HighLevelSynthesis - 1.49059 (ms)
2026-07-13 14:38:01,088 [INFO] Pass: GatesInBasis - 0.88549 (ms)
2026-07-13 14:38:01,088 [INFO] Pass: Depth - 0.16713 (ms)
2026-07-13 14:38:01,088 [INFO] Pass: GatesInBasis - 0.88644 (ms)
2026-07-13 14:38:01,088 [INFO] Pass: FixedPoint - 0.00596 (ms)
2026-07-13 14:38:01,088 [INFO] Pass: Size - 0.06056 (ms)
2026-07-13 14:38:01,088 [INFO] Pass: FixedPoint - 0.00429 (ms)
2026-07-13 14:38:01,088 [INFO] Pass: Depth - 0.16499 (ms)
2026-07-13 14:38:01,088 [INFO] Pass: FixedPoint - 0.00620 (ms)
2026-07-13 14:38:01,088 [INFO] Pass: Size - 0.05937 (ms)
2026-07-13 14:38:01,088 [INFO] Pass: Optimize1qGatesDecomposition - 0.84829 (ms)
2026-07-13 14:38:01,088 [INFO] Pass: FixedPoint - 0.00477 (ms)
2026-07-13 14:38:01,088 [INFO] Pass: ContainsInstruction - 0.00787 (ms)
2026-07-13 14:38:01,088 [INFO] Pass: InverseCancellation - 0.00811 (ms)
2026-07-13 14:38:01,088 [INFO] Pass: BasisTranslator - 0.81921 (ms)
2026-07-13 14:38:01,089 [INFO] Total Transpile Time - 65.84644 (ms)
2026-07-13 14:38:01,089 [INFO] Pass: InverseCancellation - 0.17190 (ms)
2026-07-13 14:38:01,089 [INFO] Pass: UnitarySynthesis - 0.00429 (ms)
2026-07-13 14:38:01,089 [INFO] Pass: Depth - 0.17738 (ms)
2026-07-13 14:38:01,089 [INFO] Pass: FixedPoint - 0.00787 (ms)
2026-07-13 14:38:01,089 [INFO] Pass: Size - 0.06175 (ms)
2026-07-13 14:38:01,089 [INFO] Pass: FixedPoint - 0.00453 (ms)
2026-07-13 14:38:01,089 [INFO] Pass: Optimize1qGatesDecomposition - 0.71049 (ms)
2026-07-13 14:38:01,089 [INFO] Pass: InverseCancellation - 0.00739 (ms)
2026-07-13 14:38:01,089 [INFO] Pass: Optimize1qGatesDecomposition - 0.70548 (ms)
2026-07-13 14:38:01,089 [INFO] Pass: InverseCancellation - 0.00811 (ms)
2026-07-13 14:38:01,089 [INFO] Pass: GatesInBasis - 0.81253 (ms)
2026-07-13 14:38:01,089 [INFO] Pass: Depth - 0.16546 (ms)
2026-07-13 14:38:01,090 [INFO] Pass: FixedPoint - 0.00620 (ms)
2026-07-13 14:38:01,090 [INFO] Pass: Size - 0.05913 (ms)
2026-07-13 14:38:01,090 [INFO] Pass: FixedPoint - 0.00429 (ms)
2026-07-13 14:38:01,090 [INFO] Pass: Optimize1qGatesDecomposition - 0.84519 (ms)
2026-07-13 14:38:01,090 [INFO] Pass: GatesInBasis - 0.79775 (ms)
2026-07-13 14:38:01,090 [INFO] Pass: InverseCancellation - 0.00811 (ms)
2026-07-13 14:38:01,090 [INFO] Pass: Depth - 0.16093 (ms)
2026-07-13 14:38:01,090 [INFO] Pass: GatesInBasis - 0.81468 (ms)
2026-07-13 14:38:01,090 [INFO] Pass: FixedPoint - 0.00548 (ms)
2026-07-13 14:38:01,090 [INFO] Pass: Size - 0.05913 (ms)
2026-07-13 14:38:01,090 [INFO] Pass: FixedPoint - 0.00429 (ms)
2026-07-13 14:38:01,090 [INFO] Pass: HighLevelSynthesis - 1.47390 (ms)
2026-07-13 14:38:01,090 [INFO] Pass: ContainsInstruction - 0.00572 (ms)
2026-07-13 14:38:01,090 [INFO] Pass: Depth - 0.16332 (ms)
2026-07-13 14:38:01,090 [INFO] Pass: FixedPoint - 0.00572 (ms)
2026-07-13 14:38:01,090 [INFO] Pass: Size - 0.05960 (ms)
2026-07-13 14:38:01,090 [INFO] Pass: Optimize1qGatesDecomposition - 0.69857 (ms)
2026-07-13 14:38:01,090 [INFO] Pass: FixedPoint - 0.00405 (ms)
2026-07-13 14:38:01,090 [INFO] Pass: ContainsInstruction - 0.00548 (ms)
2026-07-13 14:38:01,090 [INFO] Pass: InverseCancellation - 0.00691 (ms)
2026-07-13 14:38:01,091 [INFO] Pass: GatesInBasis - 0.89264 (ms)
2026-07-13 14:38:01,091 [INFO] Pass: Depth - 0.16832 (ms)
2026-07-13 14:38:01,091 [INFO] Pass: FixedPoint - 0.00620 (ms)
2026-07-13 14:38:01,091 [INFO] Pass: BasisTranslator - 0.83065 (ms)
2026-07-13 14:38:01,091 [INFO] Pass: Size - 0.06008 (ms)
2026-07-13 14:38:01,091 [INFO] Pass: FixedPoint - 0.00429 (ms)
2026-07-13 14:38:01,091 [INFO] Pass: Depth - 0.17881 (ms)
2026-07-13 14:38:01,091 [INFO] Pass: FixedPoint - 0.00811 (ms)
2026-07-13 14:38:01,091 [INFO] Pass: GatesInBasis - 0.87285 (ms)
2026-07-13 14:38:01,091 [INFO] Pass: Size - 0.06175 (ms)
2026-07-13 14:38:01,091 [INFO] Pass: FixedPoint - 0.00811 (ms)
2026-07-13 14:38:01,092 [INFO] Pass: Depth - 0.17118 (ms)
2026-07-13 14:38:01,092 [INFO] Pass: FixedPoint - 0.00620 (ms)
2026-07-13 14:38:01,092 [INFO] Total Transpile Time - 65.89746 (ms)
2026-07-13 14:38:01,092 [INFO] Pass: Size - 0.05865 (ms)
2026-07-13 14:38:01,092 [INFO] Pass: FixedPoint - 0.00429 (ms)
2026-07-13 14:38:01,092 [INFO] Pass: ContainsInstruction - 0.00620 (ms)
2026-07-13 14:38:01,092 [INFO] Total Transpile Time - 66.02240 (ms)
2026-07-13 14:38:01,092 [INFO] Pass: Optimize1qGatesDecomposition - 0.70953 (ms)
2026-07-13 14:38:01,092 [INFO] Pass: InverseCancellation - 0.00739 (ms)
2026-07-13 14:38:01,092 [INFO] Pass: ContainsInstruction - 0.00787 (ms)
2026-07-13 14:38:01,092 [INFO] Pass: InverseCancellation - 0.16642 (ms)
2026-07-13 14:38:01,092 [INFO] Pass: UnitarySynthesis - 0.00429 (ms)
2026-07-13 14:38:01,092 [INFO] Pass: Optimize1qGatesDecomposition - 0.84901 (ms)
2026-07-13 14:38:01,092 [INFO] Pass: InverseCancellation - 0.00811 (ms)
2026-07-13 14:38:01,093 [INFO] Pass: GatesInBasis - 0.80562 (ms)
2026-07-13 14:38:01,093 [INFO] Pass: Depth - 0.16141 (ms)
2026-07-13 14:38:01,093 [INFO] Pass: FixedPoint - 0.00572 (ms)
2026-07-13 14:38:01,093 [INFO] Pass: Size - 0.05960 (ms)
2026-07-13 14:38:01,093 [INFO] Pass: FixedPoint - 0.00453 (ms)
2026-07-13 14:38:01,093 [INFO] Pass: ContainsInstruction - 0.00572 (ms)
2026-07-13 14:38:01,093 [INFO] Total Transpile Time - 66.54167 (ms)
2026-07-13 14:38:01,093 [INFO] Pass: GatesInBasis - 0.88906 (ms)
2026-07-13 14:38:01,094 [INFO] Pass: Depth - 0.17381 (ms)
2026-07-13 14:38:01,094 [INFO] Pass: FixedPoint - 0.00596 (ms)
2026-07-13 14:38:01,094 [INFO] Pass: Size - 0.05937 (ms)
2026-07-13 14:38:01,094 [INFO] Pass: FixedPoint - 0.00429 (ms)
2026-07-13 14:38:01,094 [INFO] Pass: HighLevelSynthesis - 1.48392 (ms)
2026-07-13 14:38:01,094 [INFO] Pass: ContainsInstruction - 0.00787 (ms)
2026-07-13 14:38:01,094 [INFO] Pass: Optimize1qGatesDecomposition - 0.71144 (ms)
2026-07-13 14:38:01,095 [INFO] Pass: InverseCancellation - 0.00739 (ms)
2026-07-13 14:38:01,095 [INFO] Total Transpile Time - 65.88173 (ms)
2026-07-13 14:38:01,095 [INFO] Pass: InverseCancellation - 0.17142 (ms)
2026-07-13 14:38:01,095 [INFO] Pass: UnitarySynthesis - 0.00405 (ms)
2026-07-13 14:38:01,095 [INFO] Pass: BasisTranslator - 0.83303 (ms)
2026-07-13 14:38:01,095 [INFO] Pass: Depth - 0.18263 (ms)
2026-07-13 14:38:01,095 [INFO] Pass: FixedPoint - 0.00834 (ms)
2026-07-13 14:38:01,095 [INFO] Pass: Size - 0.06175 (ms)
2026-07-13 14:38:01,095 [INFO] Pass: FixedPoint - 0.00429 (ms)
2026-07-13 14:38:01,095 [INFO] Pass: GatesInBasis - 0.80228 (ms)
2026-07-13 14:38:01,096 [INFO] Pass: Depth - 0.16665 (ms)
2026-07-13 14:38:01,096 [INFO] Pass: FixedPoint - 0.00548 (ms)
2026-07-13 14:38:01,096 [INFO] Pass: Size - 0.05889 (ms)
2026-07-13 14:38:01,096 [INFO] Pass: FixedPoint - 0.00405 (ms)
2026-07-13 14:38:01,096 [INFO] Pass: ContainsInstruction - 0.00620 (ms)
2026-07-13 14:38:01,096 [INFO] Pass: Optimize1qGatesDecomposition - 0.84567 (ms)
2026-07-13 14:38:01,096 [INFO] Pass: InverseCancellation - 0.00858 (ms)
2026-07-13 14:38:01,096 [INFO] Pass: HighLevelSynthesis - 1.47939 (ms)
2026-07-13 14:38:01,097 [INFO] Pass: GatesInBasis - 0.88286 (ms)
2026-07-13 14:38:01,097 [INFO] Pass: BasisTranslator - 0.83733 (ms)
2026-07-13 14:38:01,097 [INFO] Pass: Depth - 0.16904 (ms)
2026-07-13 14:38:01,097 [INFO] Total Transpile Time - 65.81235 (ms)
2026-07-13 14:38:01,097 [INFO] Pass: FixedPoint - 0.00620 (ms)
2026-07-13 14:38:01,097 [INFO] Pass: Depth - 0.17881 (ms)
2026-07-13 14:38:01,097 [INFO] Pass: FixedPoint - 0.00763 (ms)
2026-07-13 14:38:01,097 [INFO] Pass: Size - 0.05937 (ms)
2026-07-13 14:38:01,097 [INFO] Pass: FixedPoint - 0.00453 (ms)
2026-07-13 14:38:01,097 [INFO] Pass: Size - 0.06223 (ms)
2026-07-13 14:38:01,097 [INFO] Pass: FixedPoint - 0.00477 (ms)
2026-07-13 14:38:01,098 [INFO] Pass: Optimize1qGatesDecomposition - 0.70190 (ms)
2026-07-13 14:38:01,098 [INFO] Pass: InverseCancellation - 0.00668 (ms)
2026-07-13 14:38:01,098 [INFO] Pass: Optimize1qGatesDecomposition - 0.84209 (ms)
2026-07-13 14:38:01,098 [INFO] Pass: InverseCancellation - 0.00882 (ms)
2026-07-13 14:38:01,099 [INFO] Pass: GatesInBasis - 0.79727 (ms)
2026-07-13 14:38:01,099 [INFO] Pass: Depth - 0.16189 (ms)
2026-07-13 14:38:01,099 [INFO] Pass: FixedPoint - 0.00548 (ms)
2026-07-13 14:38:01,099 [INFO] Pass: Size - 0.05865 (ms)
2026-07-13 14:38:01,099 [INFO] Pass: ContainsInstruction - 0.00834 (ms)
2026-07-13 14:38:01,099 [INFO] Pass: GatesInBasis - 0.88477 (ms)
2026-07-13 14:38:01,099 [INFO] Pass: FixedPoint - 0.00405 (ms)
2026-07-13 14:38:01,099 [INFO] Pass: ContainsInstruction - 0.00572 (ms)
2026-07-13 14:38:01,100 [INFO] Pass: Depth - 0.17428 (ms)
2026-07-13 14:38:01,100 [INFO] Pass: InverseCancellation - 0.17190 (ms)
2026-07-13 14:38:01,100 [INFO] Pass: FixedPoint - 0.00644 (ms)
2026-07-13 14:38:01,100 [INFO] Pass: UnitarySynthesis - 0.00429 (ms)
2026-07-13 14:38:01,100 [INFO] Pass: Size - 0.06008 (ms)
2026-07-13 14:38:01,100 [INFO] Pass: FixedPoint - 0.00453 (ms)
2026-07-13 14:38:01,100 [INFO] Pass: Optimize1qGatesDecomposition - 0.71049 (ms)
2026-07-13 14:38:01,101 [INFO] Pass: InverseCancellation - 0.00763 (ms)
2026-07-13 14:38:01,101 [INFO] Total Transpile Time - 65.90748 (ms)
2026-07-13 14:38:01,101 [INFO] Pass: ContainsInstruction - 0.00882 (ms)
2026-07-13 14:38:01,101 [INFO] Pass: HighLevelSynthesis - 1.50466 (ms)
2026-07-13 14:38:01,101 [INFO] Pass: InverseCancellation - 0.16856 (ms)
2026-07-13 14:38:01,101 [INFO] Pass: UnitarySynthesis - 0.00429 (ms)
2026-07-13 14:38:01,101 [INFO] Pass: GatesInBasis - 0.79679 (ms)
2026-07-13 14:38:01,102 [INFO] Pass: Depth - 0.16642 (ms)
2026-07-13 14:38:01,102 [INFO] Pass: FixedPoint - 0.00548 (ms)
2026-07-13 14:38:01,102 [INFO] Pass: Size - 0.05960 (ms)
2026-07-13 14:38:01,102 [INFO] Pass: FixedPoint - 0.00429 (ms)
2026-07-13 14:38:01,102 [INFO] Pass: ContainsInstruction - 0.00572 (ms)
2026-07-13 14:38:01,102 [INFO] Pass: BasisTranslator - 0.82183 (ms)
2026-07-13 14:38:01,102 [INFO] Pass: Depth - 0.17977 (ms)
2026-07-13 14:38:01,102 [INFO] Pass: FixedPoint - 0.00834 (ms)
2026-07-13 14:38:01,102 [INFO] Pass: Size - 0.06247 (ms)
2026-07-13 14:38:01,102 [INFO] Pass: FixedPoint - 0.00429 (ms)
2026-07-13 14:38:01,103 [INFO] Pass: HighLevelSynthesis - 1.48249 (ms)
2026-07-13 14:38:01,103 [INFO] Total Transpile Time - 65.76276 (ms)
2026-07-13 14:38:01,103 [INFO] Pass: Optimize1qGatesDecomposition - 0.86331 (ms)
2026-07-13 14:38:01,103 [INFO] Pass: InverseCancellation - 0.00858 (ms)
2026-07-13 14:38:01,104 [INFO] Pass: BasisTranslator - 0.82946 (ms)
2026-07-13 14:38:01,104 [INFO] Pass: Depth - 0.17929 (ms)
2026-07-13 14:38:01,104 [INFO] Pass: FixedPoint - 0.00834 (ms)
2026-07-13 14:38:01,104 [INFO] Pass: Size - 0.06223 (ms)
2026-07-13 14:38:01,104 [INFO] Pass: FixedPoint - 0.00429 (ms)
2026-07-13 14:38:01,104 [INFO] Pass: GatesInBasis - 0.80824 (ms)
2026-07-13 14:38:01,104 [INFO] Pass: ContainsInstruction - 0.00906 (ms)
2026-07-13 14:38:01,104 [INFO] Pass: Depth - 0.16761 (ms)
2026-07-13 14:38:01,104 [INFO] Pass: InverseCancellation - 0.17595 (ms)
2026-07-13 14:38:01,104 [INFO] Pass: FixedPoint - 0.00620 (ms)
2026-07-13 14:38:01,105 [INFO] Pass: UnitarySynthesis - 0.00429 (ms)
2026-07-13 14:38:01,105 [INFO] Pass: Size - 0.05913 (ms)
2026-07-13 14:38:01,105 [INFO] Pass: FixedPoint - 0.00453 (ms)
2026-07-13 14:38:01,105 [INFO] Pass: Optimize1qGatesDecomposition - 0.86212 (ms)
2026-07-13 14:38:01,105 [INFO] Pass: InverseCancellation - 0.00882 (ms)
2026-07-13 14:38:01,105 [INFO] Pass: Optimize1qGatesDecomposition - 0.70381 (ms)
2026-07-13 14:38:01,105 [INFO] Pass: InverseCancellation - 0.00715 (ms)
2026-07-13 14:38:01,106 [INFO] Pass: GatesInBasis - 0.90575 (ms)
2026-07-13 14:38:01,106 [INFO] Pass: HighLevelSynthesis - 1.51873 (ms)
2026-07-13 14:38:01,106 [INFO] Pass: Depth - 0.16761 (ms)
2026-07-13 14:38:01,106 [INFO] Pass: GatesInBasis - 0.85568 (ms)
2026-07-13 14:38:01,106 [INFO] Pass: FixedPoint - 0.00620 (ms)
2026-07-13 14:38:01,106 [INFO] Pass: Size - 0.05937 (ms)
2026-07-13 14:38:01,106 [INFO] Pass: FixedPoint - 0.00453 (ms)
2026-07-13 14:38:01,107 [INFO] Pass: Depth - 0.16952 (ms)
2026-07-13 14:38:01,107 [INFO] Pass: FixedPoint - 0.00620 (ms)
2026-07-13 14:38:01,107 [INFO] Pass: Size - 0.05913 (ms)
2026-07-13 14:38:01,107 [INFO] Pass: FixedPoint - 0.00453 (ms)
2026-07-13 14:38:01,107 [INFO] Pass: ContainsInstruction - 0.00572 (ms)
2026-07-13 14:38:01,107 [INFO] Pass: BasisTranslator - 0.84281 (ms)
2026-07-13 14:38:01,107 [INFO] Pass: Optimize1qGatesDecomposition - 0.71025 (ms)
2026-07-13 14:38:01,107 [INFO] Pass: Depth - 0.18287 (ms)
2026-07-13 14:38:01,107 [INFO] Pass: FixedPoint - 0.00858 (ms)
2026-07-13 14:38:01,107 [INFO] Pass: InverseCancellation - 0.00763 (ms)
2026-07-13 14:38:01,107 [INFO] Pass: Size - 0.06318 (ms)
2026-07-13 14:38:01,107 [INFO] Pass: FixedPoint - 0.00453 (ms)
2026-07-13 14:38:01,108 [INFO] Pass: ContainsInstruction - 0.00858 (ms)
2026-07-13 14:38:01,108 [INFO] Pass: InverseCancellation - 0.16451 (ms)
2026-07-13 14:38:01,108 [INFO] Pass: UnitarySynthesis - 0.00429 (ms)
2026-07-13 14:38:01,108 [INFO] Pass: GatesInBasis - 0.80037 (ms)
2026-07-13 14:38:01,108 [INFO] Total Transpile Time - 65.79185 (ms)
2026-07-13 14:38:01,108 [INFO] Pass: Depth - 0.16165 (ms)
2026-07-13 14:38:01,108 [INFO] Pass: Optimize1qGatesDecomposition - 0.86069 (ms)
2026-07-13 14:38:01,108 [INFO] Pass: FixedPoint - 0.00548 (ms)
2026-07-13 14:38:01,108 [INFO] Pass: InverseCancellation - 0.00834 (ms)
2026-07-13 14:38:01,108 [INFO] Pass: Size - 0.05865 (ms)
2026-07-13 14:38:01,108 [INFO] Pass: FixedPoint - 0.00429 (ms)
2026-07-13 14:38:01,109 [INFO] Pass: ContainsInstruction - 0.00620 (ms)
2026-07-13 14:38:01,109 [INFO] Pass: GatesInBasis - 0.89741 (ms)
2026-07-13 14:38:01,109 [INFO] Pass: HighLevelSynthesis - 1.51825 (ms)
2026-07-13 14:38:01,110 [INFO] Pass: Depth - 0.17476 (ms)
2026-07-13 14:38:01,110 [INFO] Pass: FixedPoint - 0.00620 (ms)
2026-07-13 14:38:01,110 [INFO] Pass: Size - 0.06008 (ms)
2026-07-13 14:38:01,110 [INFO] Pass: FixedPoint - 0.00429 (ms)
2026-07-13 14:38:01,110 [INFO] Total Transpile Time - 66.01548 (ms)
2026-07-13 14:38:01,110 [INFO] Pass: BasisTranslator - 0.81658 (ms)
2026-07-13 14:38:01,110 [INFO] Pass: Optimize1qGatesDecomposition - 0.70643 (ms)
2026-07-13 14:38:01,111 [INFO] Pass: InverseCancellation - 0.00763 (ms)
2026-07-13 14:38:01,111 [INFO] Pass: Depth - 0.18525 (ms)
2026-07-13 14:38:01,111 [INFO] Pass: FixedPoint - 0.00834 (ms)
2026-07-13 14:38:01,111 [INFO] Pass: Size - 0.06199 (ms)
2026-07-13 14:38:01,111 [INFO] Pass: FixedPoint - 0.00453 (ms)
2026-07-13 14:38:01,111 [INFO] Pass: GatesInBasis - 0.79393 (ms)
2026-07-13 14:38:01,112 [INFO] Pass: Depth - 0.16546 (ms)
2026-07-13 14:38:01,112 [INFO] Pass: FixedPoint - 0.00572 (ms)
2026-07-13 14:38:01,112 [INFO] Pass: Optimize1qGatesDecomposition - 0.85068 (ms)
2026-07-13 14:38:01,112 [INFO] Pass: ContainsInstruction - 0.01073 (ms)
2026-07-13 14:38:01,112 [INFO] Pass: Size - 0.05865 (ms)
2026-07-13 14:38:01,112 [INFO] Pass: InverseCancellation - 0.00811 (ms)
2026-07-13 14:38:01,112 [INFO] Pass: FixedPoint - 0.00405 (ms)
2026-07-13 14:38:01,112 [INFO] Pass: ContainsInstruction - 0.00596 (ms)
2026-07-13 14:38:01,112 [INFO] Pass: InverseCancellation - 0.16856 (ms)
2026-07-13 14:38:01,112 [INFO] Pass: UnitarySynthesis - 0.00429 (ms)
2026-07-13 14:38:01,113 [INFO] Pass: GatesInBasis - 0.80395 (ms)
2026-07-13 14:38:01,113 [INFO] Pass: Depth - 0.16665 (ms)
2026-07-13 14:38:01,113 [INFO] Pass: FixedPoint - 0.00596 (ms)
2026-07-13 14:38:01,113 [INFO] Pass: Size - 0.05889 (ms)
2026-07-13 14:38:01,113 [INFO] Pass: FixedPoint - 0.00429 (ms)
2026-07-13 14:38:01,113 [INFO] Pass: ContainsInstruction - 0.00715 (ms)
2026-07-13 14:38:01,113 [INFO] Total Transpile Time - 66.12468 (ms)
2026-07-13 14:38:01,113 [INFO] Pass: InverseCancellation - 0.16236 (ms)
2026-07-13 14:38:01,113 [INFO] Pass: UnitarySynthesis - 0.00405 (ms)
2026-07-13 14:38:01,113 [INFO] Pass: HighLevelSynthesis - 1.50180 (ms)
2026-07-13 14:38:01,114 [INFO] Pass: Optimize1qGatesDecomposition - 0.70834 (ms)
2026-07-13 14:38:01,114 [INFO] Pass: InverseCancellation - 0.00739 (ms)
2026-07-13 14:38:01,114 [INFO] Pass: BasisTranslator - 0.81825 (ms)
2026-07-13 14:38:01,115 [INFO] Pass: Depth - 0.18477 (ms)
2026-07-13 14:38:01,115 [INFO] Pass: FixedPoint - 0.00787 (ms)
2026-07-13 14:38:01,115 [INFO] Pass: GatesInBasis - 0.86117 (ms)
2026-07-13 14:38:01,115 [INFO] Pass: Size - 0.06294 (ms)
2026-07-13 14:38:01,115 [INFO] Pass: FixedPoint - 0.00501 (ms)
2026-07-13 14:38:01,115 [INFO] Pass: Depth - 0.16284 (ms)
2026-07-13 14:38:01,115 [INFO] Pass: FixedPoint - 0.00572 (ms)
2026-07-13 14:38:01,115 [INFO] Pass: HighLevelSynthesis - 1.53995 (ms)
2026-07-13 14:38:01,115 [INFO] Pass: Size - 0.05841 (ms)
2026-07-13 14:38:01,115 [INFO] Pass: FixedPoint - 0.00429 (ms)
2026-07-13 14:38:01,115 [INFO] Pass: ContainsInstruction - 0.00548 (ms)
2026-07-13 14:38:01,116 [INFO] Pass: Optimize1qGatesDecomposition - 0.85068 (ms)
2026-07-13 14:38:01,116 [INFO] Pass: InverseCancellation - 0.00763 (ms)
2026-07-13 14:38:01,116 [INFO] Pass: BasisTranslator - 0.82612 (ms)
2026-07-13 14:38:01,116 [INFO] Pass: Depth - 0.17643 (ms)
2026-07-13 14:38:01,116 [INFO] Pass: FixedPoint - 0.00739 (ms)
2026-07-13 14:38:01,116 [INFO] Pass: Size - 0.06175 (ms)
2026-07-13 14:38:01,116 [INFO] Pass: FixedPoint - 0.00477 (ms)
2026-07-13 14:38:01,116 [INFO] Total Transpile Time - 65.49263 (ms)
2026-07-13 14:38:01,117 [INFO] Pass: GatesInBasis - 0.88525 (ms)
2026-07-13 14:38:01,117 [INFO] Pass: Depth - 0.16880 (ms)
2026-07-13 14:38:01,117 [INFO] Pass: FixedPoint - 0.00572 (ms)
2026-07-13 14:38:01,117 [INFO] Pass: Size - 0.05984 (ms)
2026-07-13 14:38:01,117 [INFO] Pass: FixedPoint - 0.00429 (ms)
2026-07-13 14:38:01,117 [INFO] Pass: Optimize1qGatesDecomposition - 0.83280 (ms)
2026-07-13 14:38:01,117 [INFO] Pass: InverseCancellation - 0.00787 (ms)
2026-07-13 14:38:01,118 [INFO] Pass: Optimize1qGatesDecomposition - 0.70906 (ms)
2026-07-13 14:38:01,118 [INFO] Pass: InverseCancellation - 0.00787 (ms)
2026-07-13 14:38:01,118 [INFO] Pass: GatesInBasis - 0.88644 (ms)
2026-07-13 14:38:01,118 [INFO] Pass: Depth - 0.16642 (ms)
2026-07-13 14:38:01,118 [INFO] Pass: FixedPoint - 0.00620 (ms)
2026-07-13 14:38:01,118 [INFO] Pass: Size - 0.05984 (ms)
2026-07-13 14:38:01,118 [INFO] Pass: FixedPoint - 0.00429 (ms)
2026-07-13 14:38:01,119 [INFO] Pass: GatesInBasis - 0.80204 (ms)
2026-07-13 14:38:01,119 [INFO] Pass: Depth - 0.16260 (ms)
2026-07-13 14:38:01,119 [INFO] Pass: FixedPoint - 0.00548 (ms)
2026-07-13 14:38:01,119 [INFO] Pass: Size - 0.05841 (ms)
2026-07-13 14:38:01,119 [INFO] Pass: FixedPoint - 0.00405 (ms)
2026-07-13 14:38:01,119 [INFO] Pass: ContainsInstruction - 0.00572 (ms)
2026-07-13 14:38:01,119 [INFO] Pass: Optimize1qGatesDecomposition - 0.71359 (ms)
2026-07-13 14:38:01,119 [INFO] Pass: InverseCancellation - 0.00739 (ms)
2026-07-13 14:38:01,120 [INFO] Pass: GatesInBasis - 0.79703 (ms)
2026-07-13 14:38:01,120 [INFO] Pass: Depth - 0.16093 (ms)
2026-07-13 14:38:01,120 [INFO] Pass: FixedPoint - 0.00596 (ms)
2026-07-13 14:38:01,120 [INFO] Pass: Size - 0.05817 (ms)
2026-07-13 14:38:01,120 [INFO] Pass: FixedPoint - 0.00429 (ms)
2026-07-13 14:38:01,120 [INFO] Pass: ContainsInstruction - 0.00930 (ms)
2026-07-13 14:38:01,120 [INFO] Total Transpile Time - 65.65785 (ms)
2026-07-13 14:38:01,122 [INFO] Total Transpile Time - 65.24467 (ms)
2026-07-13 14:38:01,677 [INFO] [PCE] Aer metadata (1a ejecucion de este proceso): device=CPU method=statevector shots=2048 fusion_enabled=True
2026-07-13 14:38:01,680 [INFO] [PCE] Aer metadata (1a ejecucion de este proceso): device=CPU method=statevector shots=2048 fusion_enabled=True
2026-07-13 14:38:01,682 [INFO] [PCE] Aer metadata (1a ejecucion de este proceso): device=CPU method=statevector shots=2048 fusion_enabled=True
2026-07-13 14:38:01,685 [INFO] [PCE] Aer metadata (1a ejecucion de este proceso): device=CPU method=statevector shots=2048 fusion_enabled=True
2026-07-13 14:38:01,687 [INFO] [PCE] Aer metadata (1a ejecucion de este proceso): device=CPU method=statevector shots=2048 fusion_enabled=True
2026-07-13 14:38:01,690 [INFO] [PCE] Aer metadata (1a ejecucion de este proceso): device=CPU method=statevector shots=2048 fusion_enabled=True
2026-07-13 14:38:01,692 [INFO] [PCE] Aer metadata (1a ejecucion de este proceso): device=CPU method=statevector shots=2048 fusion_enabled=True
2026-07-13 14:38:01,695 [INFO] [PCE] Aer metadata (1a ejecucion de este proceso): device=CPU method=statevector shots=2048 fusion_enabled=True
2026-07-13 14:38:01,697 [INFO] [PCE] Aer metadata (1a ejecucion de este proceso): device=CPU method=statevector shots=2048 fusion_enabled=True
2026-07-13 14:38:01,700 [INFO] [PCE] Aer metadata (1a ejecucion de este proceso): device=CPU method=statevector shots=2048 fusion_enabled=True
2026-07-13 14:38:01,702 [INFO] [PCE] Aer metadata (1a ejecucion de este proceso): device=CPU method=statevector shots=2048 fusion_enabled=True
2026-07-13 14:38:01,704 [INFO] [PCE] Aer metadata (1a ejecucion de este proceso): device=CPU method=statevector shots=2048 fusion_enabled=True
2026-07-13 14:38:01,707 [INFO] [PCE] Aer metadata (1a ejecucion de este proceso): device=CPU method=statevector shots=2048 fusion_enabled=True
2026-07-13 14:38:01,709 [INFO] [PCE] Aer metadata (1a ejecucion de este proceso): device=CPU method=statevector shots=2048 fusion_enabled=True
2026-07-13 18:16:03,955 [INFO] [PCE] n=225 instancia (idx=94) 1/14 completada (paralelo) - transcurrido=0:03:38:03
2026-07-13 18:16:31,546 [INFO] [PCE] n=225 instancia (idx=87) 2/14 completada (paralelo) - transcurrido=0:03:38:31
2026-07-13 18:16:44,601 [INFO] [PCE] n=225 instancia (idx=80) 3/14 completada (paralelo) - transcurrido=0:03:38:44
2026-07-13 18:16:45,057 [INFO] [PCE] n=225 instancia (idx=17) 4/14 completada (paralelo) - transcurrido=0:03:38:44
2026-07-13 18:16:47,206 [INFO] [PCE] n=225 instancia (idx=73) 5/14 completada (paralelo) - transcurrido=0:03:38:46
2026-07-13 18:25:34,211 [INFO] [PCE] n=225 instancia (idx=10) 6/14 completada (paralelo) - transcurrido=0:03:47:33
2026-07-13 18:27:35,154 [INFO] [PCE] n=225 instancia (idx=3) 7/14 completada (paralelo) - transcurrido=0:03:49:34
2026-07-13 18:27:45,397 [INFO] [PCE] n=225 instancia (idx=66) 8/14 completada (paralelo) - transcurrido=0:03:49:45
2026-07-13 18:27:56,789 [INFO] [PCE] n=225 instancia (idx=45) 9/14 completada (paralelo) - transcurrido=0:03:49:56
2026-07-13 18:27:56,793 [INFO] [PCE] n=225 instancia (idx=52) 10/14 completada (paralelo) - transcurrido=0:03:49:56
2026-07-13 18:28:40,831 [INFO] [PCE] n=225 instancia (idx=24) 11/14 completada (paralelo) - transcurrido=0:03:50:40
2026-07-13 18:34:56,376 [INFO] [PCE] n=225 instancia (idx=59) 12/14 completada (paralelo) - transcurrido=0:03:56:56
2026-07-13 18:35:48,146 [INFO] [PCE] n=225 instancia (idx=38) 13/14 completada (paralelo) - transcurrido=0:03:57:47
2026-07-13 18:36:28,183 [INFO] [PCE] n=225 instancia (idx=31) 14/14 completada (paralelo) - transcurrido=0:03:58:27
2026-07-13 18:36:28,446 [INFO] [PCE] n=225 chunk 4/7 completado - beta_parcial=0.2483 duration=0:03:58:28 shots=2048 backend=AER
