gcc/system unloaded
gcccore/system unloaded
cesga/2022 unloaded
rust/1.75.0 unloaded
imkl/2022.0.1 unloaded
numpy/1.26.4 unloaded
scipy/1.13.1 unloaded
flint/2.8.4 unloaded
symengine/0.11.1 unloaded
symengine-python/0.11.0 unloaded
spdlog/1.9.2 unloaded
pylatexenc/2.10 unloaded
qiskit/1.2.4-aer-gpu-cu11 unloaded
        Preparing the environment for use of the CESGA 2022 software stack.
        Please rebuild modules cache: module --ignore-cache avail
     
cesga/2022 loaded
rust/1.75.0 loaded

imkl/2023.2.0 loaded
numpy/1.26.4 loaded
scipy/1.13.1 loaded
imkl/2023.2.0 unloaded

imkl/2022.0.1 loaded
flint/2.8.4 loaded
symengine/0.11.1 loaded
symengine-python/0.11.0 loaded
spdlog/1.9.2 loaded
pylatexenc/2.10 loaded
gcccore/system loaded
gcc/system loaded
qiskit/1.2.4-aer-gpu-cu11 loaded
2026-07-13 11:39:50,134 [INFO] [PCE] n=200 chunk 7/7: 14 instancias [6, 13, 20, 27, 34, 41, 48, 55, 62, 69, 76, 83, 90, 97], num_workers=14, qubits=9
2026-07-13 11:39:50,134 [INFO] [PCE] n=200 paralelizando 14 instancias entre 14 workers (max_parallel_threads=1 fijo, independiente de num_workers)
2026-07-13 11:39:50,270 [INFO] Pass: ContainsInstruction - 0.01454 (ms)
2026-07-13 11:39:50,270 [INFO] Pass: InverseCancellation - 0.02050 (ms)
2026-07-13 11:39:50,270 [INFO] Pass: UnitarySynthesis - 0.00596 (ms)
2026-07-13 11:39:50,272 [INFO] Pass: HighLevelSynthesis - 1.57714 (ms)
2026-07-13 11:39:50,272 [INFO] Pass: BasisTranslator - 0.76580 (ms)
2026-07-13 11:39:50,273 [INFO] Pass: Depth - 0.19431 (ms)
2026-07-13 11:39:50,273 [INFO] Pass: FixedPoint - 0.01287 (ms)
2026-07-13 11:39:50,273 [INFO] Pass: Size - 0.06533 (ms)
2026-07-13 11:39:50,273 [INFO] Pass: FixedPoint - 0.00477 (ms)
2026-07-13 11:39:50,273 [INFO] Pass: Optimize1qGatesDecomposition - 0.14257 (ms)
2026-07-13 11:39:50,273 [INFO] Pass: InverseCancellation - 0.00787 (ms)
2026-07-13 11:39:50,274 [INFO] Pass: GatesInBasis - 0.80919 (ms)
2026-07-13 11:39:50,274 [INFO] Pass: Depth - 0.15211 (ms)
2026-07-13 11:39:50,274 [INFO] Pass: FixedPoint - 0.00525 (ms)
2026-07-13 11:39:50,274 [INFO] Pass: Size - 0.05603 (ms)
2026-07-13 11:39:50,274 [INFO] Pass: FixedPoint - 0.00453 (ms)
2026-07-13 11:39:50,274 [INFO] Pass: ContainsInstruction - 0.00548 (ms)
2026-07-13 11:39:50,275 [INFO] Pass: ContainsInstruction - 0.01597 (ms)
2026-07-13 11:39:50,275 [INFO] Pass: ContainsInstruction - 0.01478 (ms)
2026-07-13 11:39:50,275 [INFO] Pass: InverseCancellation - 0.01812 (ms)
2026-07-13 11:39:50,276 [INFO] Pass: UnitarySynthesis - 0.00620 (ms)
2026-07-13 11:39:50,276 [INFO] Pass: InverseCancellation - 0.01669 (ms)
2026-07-13 11:39:50,276 [INFO] Pass: UnitarySynthesis - 0.00572 (ms)
2026-07-13 11:39:50,276 [INFO] Total Transpile Time - 83.50515 (ms)
2026-07-13 11:39:50,277 [INFO] Pass: HighLevelSynthesis - 1.52659 (ms)
2026-07-13 11:39:50,277 [INFO] Pass: HighLevelSynthesis - 1.54757 (ms)
2026-07-13 11:39:50,278 [INFO] Pass: BasisTranslator - 0.84186 (ms)
2026-07-13 11:39:50,278 [INFO] Pass: BasisTranslator - 0.82064 (ms)
2026-07-13 11:39:50,278 [INFO] Pass: Depth - 0.20432 (ms)
2026-07-13 11:39:50,278 [INFO] Pass: FixedPoint - 0.01359 (ms)
2026-07-13 11:39:50,278 [INFO] Pass: Depth - 0.19145 (ms)
2026-07-13 11:39:50,278 [INFO] Pass: FixedPoint - 0.01478 (ms)
2026-07-13 11:39:50,278 [INFO] Pass: Size - 0.06437 (ms)
2026-07-13 11:39:50,278 [INFO] Pass: FixedPoint - 0.00453 (ms)
2026-07-13 11:39:50,278 [INFO] Pass: ContainsInstruction - 0.01359 (ms)
2026-07-13 11:39:50,278 [INFO] Pass: Size - 0.06294 (ms)
2026-07-13 11:39:50,278 [INFO] Pass: FixedPoint - 0.00477 (ms)
2026-07-13 11:39:50,279 [INFO] Pass: InverseCancellation - 0.01693 (ms)
2026-07-13 11:39:50,279 [INFO] Pass: UnitarySynthesis - 0.00596 (ms)
2026-07-13 11:39:50,279 [INFO] Pass: Optimize1qGatesDecomposition - 0.15235 (ms)
2026-07-13 11:39:50,279 [INFO] Pass: Optimize1qGatesDecomposition - 0.14329 (ms)
2026-07-13 11:39:50,279 [INFO] Pass: InverseCancellation - 0.01025 (ms)
2026-07-13 11:39:50,279 [INFO] Pass: InverseCancellation - 0.00763 (ms)
2026-07-13 11:39:50,280 [INFO] Pass: GatesInBasis - 0.79703 (ms)
2026-07-13 11:39:50,280 [INFO] Pass: GatesInBasis - 0.79536 (ms)
2026-07-13 11:39:50,280 [INFO] Pass: Depth - 0.15187 (ms)
2026-07-13 11:39:50,280 [INFO] Pass: FixedPoint - 0.00525 (ms)
2026-07-13 11:39:50,280 [INFO] Pass: Depth - 0.15259 (ms)
2026-07-13 11:39:50,280 [INFO] Pass: FixedPoint - 0.00548 (ms)
2026-07-13 11:39:50,280 [INFO] Pass: Size - 0.05555 (ms)
2026-07-13 11:39:50,280 [INFO] Pass: FixedPoint - 0.00429 (ms)
2026-07-13 11:39:50,280 [INFO] Pass: Size - 0.05507 (ms)
2026-07-13 11:39:50,280 [INFO] Pass: ContainsInstruction - 0.00477 (ms)
2026-07-13 11:39:50,280 [INFO] Pass: FixedPoint - 0.00405 (ms)
2026-07-13 11:39:50,280 [INFO] Pass: ContainsInstruction - 0.00548 (ms)
2026-07-13 11:39:50,280 [INFO] Pass: ContainsInstruction - 0.01502 (ms)
2026-07-13 11:39:50,280 [INFO] Pass: InverseCancellation - 0.01693 (ms)
2026-07-13 11:39:50,280 [INFO] Pass: UnitarySynthesis - 0.00572 (ms)
2026-07-13 11:39:50,280 [INFO] Pass: HighLevelSynthesis - 1.56784 (ms)
2026-07-13 11:39:50,281 [INFO] Pass: BasisTranslator - 0.76556 (ms)
2026-07-13 11:39:50,281 [INFO] Pass: Depth - 0.19193 (ms)
2026-07-13 11:39:50,281 [INFO] Total Transpile Time - 82.74293 (ms)
2026-07-13 11:39:50,281 [INFO] Total Transpile Time - 85.23035 (ms)
2026-07-13 11:39:50,281 [INFO] Pass: FixedPoint - 0.01454 (ms)
2026-07-13 11:39:50,281 [INFO] Pass: Size - 0.06723 (ms)
2026-07-13 11:39:50,281 [INFO] Pass: FixedPoint - 0.00477 (ms)
2026-07-13 11:39:50,282 [INFO] Pass: Optimize1qGatesDecomposition - 0.15044 (ms)
2026-07-13 11:39:50,282 [INFO] Pass: InverseCancellation - 0.00739 (ms)
2026-07-13 11:39:50,282 [INFO] Pass: HighLevelSynthesis - 1.55592 (ms)
2026-07-13 11:39:50,283 [INFO] Pass: GatesInBasis - 0.80442 (ms)
2026-07-13 11:39:50,283 [INFO] Pass: BasisTranslator - 0.78392 (ms)
2026-07-13 11:39:50,283 [INFO] Pass: Depth - 0.15187 (ms)
2026-07-13 11:39:50,283 [INFO] Pass: FixedPoint - 0.00477 (ms)
2026-07-13 11:39:50,283 [INFO] Pass: Size - 0.05484 (ms)
2026-07-13 11:39:50,283 [INFO] Pass: Depth - 0.19312 (ms)
2026-07-13 11:39:50,283 [INFO] Pass: FixedPoint - 0.00429 (ms)
2026-07-13 11:39:50,283 [INFO] Pass: FixedPoint - 0.01407 (ms)
2026-07-13 11:39:50,283 [INFO] Pass: ContainsInstruction - 0.00501 (ms)
2026-07-13 11:39:50,283 [INFO] Pass: Size - 0.06628 (ms)
2026-07-13 11:39:50,283 [INFO] Pass: FixedPoint - 0.00477 (ms)
2026-07-13 11:39:50,283 [INFO] Pass: Optimize1qGatesDecomposition - 0.13995 (ms)
2026-07-13 11:39:50,283 [INFO] Pass: InverseCancellation - 0.00787 (ms)
2026-07-13 11:39:50,284 [INFO] Pass: GatesInBasis - 0.84424 (ms)
2026-07-13 11:39:50,284 [INFO] Total Transpile Time - 82.92341 (ms)
2026-07-13 11:39:50,284 [INFO] Pass: Depth - 0.15330 (ms)
2026-07-13 11:39:50,284 [INFO] Pass: FixedPoint - 0.00501 (ms)
2026-07-13 11:39:50,284 [INFO] Pass: Size - 0.05531 (ms)
2026-07-13 11:39:50,285 [INFO] Pass: FixedPoint - 0.00405 (ms)
2026-07-13 11:39:50,285 [INFO] Pass: ContainsInstruction - 0.00525 (ms)
2026-07-13 11:39:50,286 [INFO] Pass: ContainsInstruction - 0.01597 (ms)
2026-07-13 11:39:50,286 [INFO] Pass: InverseCancellation - 0.01621 (ms)
2026-07-13 11:39:50,286 [INFO] Pass: UnitarySynthesis - 0.00572 (ms)
2026-07-13 11:39:50,286 [INFO] Total Transpile Time - 81.82812 (ms)
2026-07-13 11:39:50,286 [INFO] Pass: ContainsInstruction - 0.01335 (ms)
2026-07-13 11:39:50,287 [INFO] Pass: InverseCancellation - 0.01621 (ms)
2026-07-13 11:39:50,287 [INFO] Pass: UnitarySynthesis - 0.00620 (ms)
2026-07-13 11:39:50,287 [INFO] Pass: HighLevelSynthesis - 1.52922 (ms)
2026-07-13 11:39:50,288 [INFO] Pass: HighLevelSynthesis - 1.52397 (ms)
2026-07-13 11:39:50,288 [INFO] Pass: BasisTranslator - 0.77152 (ms)
2026-07-13 11:39:50,289 [INFO] Pass: Depth - 0.20218 (ms)
2026-07-13 11:39:50,289 [INFO] Pass: FixedPoint - 0.01311 (ms)
2026-07-13 11:39:50,289 [INFO] Pass: Size - 0.06604 (ms)
2026-07-13 11:39:50,289 [INFO] Pass: FixedPoint - 0.00501 (ms)
2026-07-13 11:39:50,289 [INFO] Pass: Optimize1qGatesDecomposition - 0.13947 (ms)
2026-07-13 11:39:50,289 [INFO] Pass: BasisTranslator - 0.76365 (ms)
2026-07-13 11:39:50,289 [INFO] Pass: InverseCancellation - 0.00811 (ms)
2026-07-13 11:39:50,289 [INFO] Pass: Depth - 0.19264 (ms)
2026-07-13 11:39:50,289 [INFO] Pass: FixedPoint - 0.01240 (ms)
2026-07-13 11:39:50,289 [INFO] Pass: Size - 0.06557 (ms)
2026-07-13 11:39:50,289 [INFO] Pass: FixedPoint - 0.00429 (ms)
2026-07-13 11:39:50,290 [INFO] Pass: Optimize1qGatesDecomposition - 0.14496 (ms)
2026-07-13 11:39:50,290 [INFO] Pass: InverseCancellation - 0.00834 (ms)
2026-07-13 11:39:50,290 [INFO] Pass: GatesInBasis - 0.87214 (ms)
2026-07-13 11:39:50,290 [INFO] Pass: ContainsInstruction - 0.01454 (ms)
2026-07-13 11:39:50,290 [INFO] Pass: InverseCancellation - 0.01621 (ms)
2026-07-13 11:39:50,290 [INFO] Pass: UnitarySynthesis - 0.00596 (ms)
2026-07-13 11:39:50,290 [INFO] Pass: Depth - 0.15807 (ms)
2026-07-13 11:39:50,290 [INFO] Pass: FixedPoint - 0.00620 (ms)
2026-07-13 11:39:50,290 [INFO] Pass: Size - 0.05627 (ms)
2026-07-13 11:39:50,290 [INFO] Pass: FixedPoint - 0.00429 (ms)
2026-07-13 11:39:50,290 [INFO] Pass: ContainsInstruction - 0.00572 (ms)
2026-07-13 11:39:50,291 [INFO] Pass: GatesInBasis - 0.83756 (ms)
2026-07-13 11:39:50,291 [INFO] Pass: Depth - 0.15593 (ms)
2026-07-13 11:39:50,291 [INFO] Pass: FixedPoint - 0.00501 (ms)
2026-07-13 11:39:50,291 [INFO] Pass: Size - 0.05507 (ms)
2026-07-13 11:39:50,291 [INFO] Pass: FixedPoint - 0.00405 (ms)
2026-07-13 11:39:50,291 [INFO] Pass: ContainsInstruction - 0.00572 (ms)
2026-07-13 11:39:50,292 [INFO] Pass: HighLevelSynthesis - 1.54734 (ms)
2026-07-13 11:39:50,292 [INFO] Total Transpile Time - 84.77664 (ms)
2026-07-13 11:39:50,292 [INFO] Total Transpile Time - 81.53009 (ms)
2026-07-13 11:39:50,293 [INFO] Pass: BasisTranslator - 0.80752 (ms)
2026-07-13 11:39:50,293 [INFO] Pass: Depth - 0.19240 (ms)
2026-07-13 11:39:50,293 [INFO] Pass: FixedPoint - 0.01287 (ms)
2026-07-13 11:39:50,293 [INFO] Pass: Size - 0.06223 (ms)
2026-07-13 11:39:50,293 [INFO] Pass: FixedPoint - 0.00453 (ms)
2026-07-13 11:39:50,293 [INFO] Pass: Optimize1qGatesDecomposition - 0.13351 (ms)
2026-07-13 11:39:50,293 [INFO] Pass: InverseCancellation - 0.00811 (ms)
2026-07-13 11:39:50,294 [INFO] Pass: GatesInBasis - 0.81849 (ms)
2026-07-13 11:39:50,294 [INFO] Pass: Depth - 0.15497 (ms)
2026-07-13 11:39:50,294 [INFO] Pass: FixedPoint - 0.00525 (ms)
2026-07-13 11:39:50,294 [INFO] Pass: Size - 0.05603 (ms)
2026-07-13 11:39:50,294 [INFO] Pass: FixedPoint - 0.00405 (ms)
2026-07-13 11:39:50,294 [INFO] Pass: ContainsInstruction - 0.00525 (ms)
2026-07-13 11:39:50,294 [INFO] Pass: ContainsInstruction - 0.01359 (ms)
2026-07-13 11:39:50,295 [INFO] Pass: InverseCancellation - 0.01669 (ms)
2026-07-13 11:39:50,295 [INFO] Pass: UnitarySynthesis - 0.00620 (ms)
2026-07-13 11:39:50,296 [INFO] Total Transpile Time - 81.31742 (ms)
2026-07-13 11:39:50,296 [INFO] Pass: HighLevelSynthesis - 1.55282 (ms)
2026-07-13 11:39:50,297 [INFO] Pass: BasisTranslator - 0.76294 (ms)
2026-07-13 11:39:50,297 [INFO] Pass: Depth - 0.19670 (ms)
2026-07-13 11:39:50,297 [INFO] Pass: FixedPoint - 0.01287 (ms)
2026-07-13 11:39:50,297 [INFO] Pass: Size - 0.06461 (ms)
2026-07-13 11:39:50,297 [INFO] Pass: FixedPoint - 0.00453 (ms)
2026-07-13 11:39:50,298 [INFO] Pass: Optimize1qGatesDecomposition - 0.14067 (ms)
2026-07-13 11:39:50,298 [INFO] Pass: InverseCancellation - 0.00834 (ms)
2026-07-13 11:39:50,299 [INFO] Pass: GatesInBasis - 0.84758 (ms)
2026-07-13 11:39:50,299 [INFO] Pass: Depth - 0.15330 (ms)
2026-07-13 11:39:50,299 [INFO] Pass: FixedPoint - 0.00525 (ms)
2026-07-13 11:39:50,299 [INFO] Pass: Size - 0.05555 (ms)
2026-07-13 11:39:50,299 [INFO] Pass: FixedPoint - 0.00429 (ms)
2026-07-13 11:39:50,299 [INFO] Pass: ContainsInstruction - 0.00572 (ms)
2026-07-13 11:39:50,299 [INFO] Pass: ContainsInstruction - 0.01383 (ms)
2026-07-13 11:39:50,299 [INFO] Pass: InverseCancellation - 0.01693 (ms)
2026-07-13 11:39:50,299 [INFO] Pass: UnitarySynthesis - 0.00644 (ms)
2026-07-13 11:39:50,300 [INFO] Total Transpile Time - 82.12876 (ms)
2026-07-13 11:39:50,301 [INFO] Pass: HighLevelSynthesis - 1.53565 (ms)
2026-07-13 11:39:50,302 [INFO] Pass: BasisTranslator - 0.75936 (ms)
2026-07-13 11:39:50,302 [INFO] Pass: Depth - 0.19431 (ms)
2026-07-13 11:39:50,302 [INFO] Pass: FixedPoint - 0.01192 (ms)
2026-07-13 11:39:50,302 [INFO] Pass: Size - 0.06557 (ms)
2026-07-13 11:39:50,302 [INFO] Pass: FixedPoint - 0.00453 (ms)
2026-07-13 11:39:50,302 [INFO] Pass: Optimize1qGatesDecomposition - 0.13304 (ms)
2026-07-13 11:39:50,302 [INFO] Pass: InverseCancellation - 0.00858 (ms)
2026-07-13 11:39:50,303 [INFO] Pass: GatesInBasis - 0.85139 (ms)
2026-07-13 11:39:50,303 [INFO] Pass: ContainsInstruction - 0.01383 (ms)
2026-07-13 11:39:50,303 [INFO] Pass: InverseCancellation - 0.01645 (ms)
2026-07-13 11:39:50,303 [INFO] Pass: Depth - 0.15306 (ms)
2026-07-13 11:39:50,303 [INFO] Pass: UnitarySynthesis - 0.00596 (ms)
2026-07-13 11:39:50,303 [INFO] Pass: FixedPoint - 0.00548 (ms)
2026-07-13 11:39:50,304 [INFO] Pass: Size - 0.06199 (ms)
2026-07-13 11:39:50,304 [INFO] Pass: FixedPoint - 0.00453 (ms)
2026-07-13 11:39:50,304 [INFO] Pass: ContainsInstruction - 0.00501 (ms)
2026-07-13 11:39:50,305 [INFO] Total Transpile Time - 82.51262 (ms)
2026-07-13 11:39:50,305 [INFO] Pass: HighLevelSynthesis - 1.52874 (ms)
2026-07-13 11:39:50,306 [INFO] Pass: BasisTranslator - 0.80776 (ms)
2026-07-13 11:39:50,306 [INFO] Pass: Depth - 0.19169 (ms)
2026-07-13 11:39:50,306 [INFO] Pass: FixedPoint - 0.01168 (ms)
2026-07-13 11:39:50,306 [INFO] Pass: Size - 0.06199 (ms)
2026-07-13 11:39:50,306 [INFO] Pass: FixedPoint - 0.00477 (ms)
2026-07-13 11:39:50,306 [INFO] Pass: Optimize1qGatesDecomposition - 0.13351 (ms)
2026-07-13 11:39:50,307 [INFO] Pass: InverseCancellation - 0.00834 (ms)
2026-07-13 11:39:50,307 [INFO] Pass: GatesInBasis - 0.79584 (ms)
2026-07-13 11:39:50,307 [INFO] Pass: ContainsInstruction - 0.01478 (ms)
2026-07-13 11:39:50,308 [INFO] Pass: Depth - 0.15998 (ms)
2026-07-13 11:39:50,308 [INFO] Pass: FixedPoint - 0.00477 (ms)
2026-07-13 11:39:50,308 [INFO] Pass: InverseCancellation - 0.01812 (ms)
2026-07-13 11:39:50,308 [INFO] Pass: UnitarySynthesis - 0.00596 (ms)
2026-07-13 11:39:50,308 [INFO] Pass: Size - 0.05507 (ms)
2026-07-13 11:39:50,308 [INFO] Pass: FixedPoint - 0.00405 (ms)
2026-07-13 11:39:50,308 [INFO] Pass: ContainsInstruction - 0.00501 (ms)
2026-07-13 11:39:50,309 [INFO] Total Transpile Time - 82.74794 (ms)
2026-07-13 11:39:50,309 [INFO] Pass: HighLevelSynthesis - 1.52087 (ms)
2026-07-13 11:39:50,310 [INFO] Pass: BasisTranslator - 0.83113 (ms)
2026-07-13 11:39:50,310 [INFO] Pass: Depth - 0.18644 (ms)
2026-07-13 11:39:50,310 [INFO] Pass: FixedPoint - 0.01216 (ms)
2026-07-13 11:39:50,311 [INFO] Pass: Size - 0.06318 (ms)
2026-07-13 11:39:50,311 [INFO] Pass: FixedPoint - 0.00477 (ms)
2026-07-13 11:39:50,311 [INFO] Pass: Optimize1qGatesDecomposition - 0.13304 (ms)
2026-07-13 11:39:50,311 [INFO] Pass: InverseCancellation - 0.00739 (ms)
2026-07-13 11:39:50,312 [INFO] Pass: GatesInBasis - 0.79918 (ms)
2026-07-13 11:39:50,312 [INFO] Pass: Depth - 0.15092 (ms)
2026-07-13 11:39:50,312 [INFO] Pass: ContainsInstruction - 0.01597 (ms)
2026-07-13 11:39:50,312 [INFO] Pass: FixedPoint - 0.00525 (ms)
2026-07-13 11:39:50,312 [INFO] Pass: InverseCancellation - 0.01550 (ms)
2026-07-13 11:39:50,312 [INFO] Pass: Size - 0.05555 (ms)
2026-07-13 11:39:50,312 [INFO] Pass: UnitarySynthesis - 0.00596 (ms)
2026-07-13 11:39:50,312 [INFO] Pass: FixedPoint - 0.00453 (ms)
2026-07-13 11:39:50,312 [INFO] Pass: ContainsInstruction - 0.00548 (ms)
2026-07-13 11:39:50,313 [INFO] Total Transpile Time - 82.29351 (ms)
2026-07-13 11:39:50,314 [INFO] Pass: HighLevelSynthesis - 1.57022 (ms)
2026-07-13 11:39:50,314 [INFO] Pass: BasisTranslator - 0.75531 (ms)
2026-07-13 11:39:50,315 [INFO] Pass: Depth - 0.19765 (ms)
2026-07-13 11:39:50,315 [INFO] Pass: FixedPoint - 0.01311 (ms)
2026-07-13 11:39:50,315 [INFO] Pass: Size - 0.06366 (ms)
2026-07-13 11:39:50,315 [INFO] Pass: FixedPoint - 0.00501 (ms)
2026-07-13 11:39:50,315 [INFO] Pass: ContainsInstruction - 0.01359 (ms)
2026-07-13 11:39:50,315 [INFO] Pass: InverseCancellation - 0.01621 (ms)
2026-07-13 11:39:50,315 [INFO] Pass: Optimize1qGatesDecomposition - 0.13041 (ms)
2026-07-13 11:39:50,315 [INFO] Pass: UnitarySynthesis - 0.00572 (ms)
2026-07-13 11:39:50,315 [INFO] Pass: InverseCancellation - 0.00811 (ms)
2026-07-13 11:39:50,316 [INFO] Pass: GatesInBasis - 0.80657 (ms)
2026-07-13 11:39:50,316 [INFO] Pass: Depth - 0.15163 (ms)
2026-07-13 11:39:50,316 [INFO] Pass: FixedPoint - 0.00501 (ms)
2026-07-13 11:39:50,316 [INFO] Pass: Size - 0.05531 (ms)
2026-07-13 11:39:50,316 [INFO] Pass: FixedPoint - 0.00405 (ms)
2026-07-13 11:39:50,316 [INFO] Pass: ContainsInstruction - 0.00501 (ms)
2026-07-13 11:39:50,317 [INFO] Pass: HighLevelSynthesis - 1.51753 (ms)
2026-07-13 11:39:50,317 [INFO] Pass: BasisTranslator - 0.75889 (ms)
2026-07-13 11:39:50,318 [INFO] Total Transpile Time - 82.13449 (ms)
2026-07-13 11:39:50,318 [INFO] Pass: Depth - 0.20432 (ms)
2026-07-13 11:39:50,318 [INFO] Pass: FixedPoint - 0.01144 (ms)
2026-07-13 11:39:50,318 [INFO] Pass: Size - 0.06700 (ms)
2026-07-13 11:39:50,318 [INFO] Pass: FixedPoint - 0.00453 (ms)
2026-07-13 11:39:50,318 [INFO] Pass: Optimize1qGatesDecomposition - 0.12970 (ms)
2026-07-13 11:39:50,318 [INFO] Pass: InverseCancellation - 0.00787 (ms)
2026-07-13 11:39:50,319 [INFO] Pass: GatesInBasis - 0.84186 (ms)
2026-07-13 11:39:50,319 [INFO] Pass: Depth - 0.15378 (ms)
2026-07-13 11:39:50,319 [INFO] Pass: FixedPoint - 0.00572 (ms)
2026-07-13 11:39:50,319 [INFO] Pass: Size - 0.05603 (ms)
2026-07-13 11:39:50,319 [INFO] Pass: FixedPoint - 0.00429 (ms)
2026-07-13 11:39:50,319 [INFO] Pass: ContainsInstruction - 0.00596 (ms)
2026-07-13 11:39:50,321 [INFO] Total Transpile Time - 80.86610 (ms)
2026-07-13 11:39:50,333 [INFO] Pass: ContainsInstruction - 0.00787 (ms)
2026-07-13 11:39:50,333 [INFO] Pass: InverseCancellation - 0.17238 (ms)
2026-07-13 11:39:50,333 [INFO] Pass: UnitarySynthesis - 0.00525 (ms)
2026-07-13 11:39:50,335 [INFO] Pass: HighLevelSynthesis - 1.44601 (ms)
2026-07-13 11:39:50,336 [INFO] Pass: BasisTranslator - 0.77891 (ms)
2026-07-13 11:39:50,336 [INFO] Pass: Depth - 0.17881 (ms)
2026-07-13 11:39:50,336 [INFO] Pass: FixedPoint - 0.00763 (ms)
2026-07-13 11:39:50,336 [INFO] Pass: Size - 0.05960 (ms)
2026-07-13 11:39:50,336 [INFO] Pass: FixedPoint - 0.00477 (ms)
2026-07-13 11:39:50,337 [INFO] Pass: Optimize1qGatesDecomposition - 0.78821 (ms)
2026-07-13 11:39:50,337 [INFO] Pass: InverseCancellation - 0.14853 (ms)
2026-07-13 11:39:50,338 [INFO] Pass: GatesInBasis - 0.83065 (ms)
2026-07-13 11:39:50,338 [INFO] Pass: Depth - 0.15783 (ms)
2026-07-13 11:39:50,338 [INFO] Pass: FixedPoint - 0.00572 (ms)
2026-07-13 11:39:50,338 [INFO] Pass: Size - 0.05674 (ms)
2026-07-13 11:39:50,338 [INFO] Pass: FixedPoint - 0.00405 (ms)
2026-07-13 11:39:50,339 [INFO] Pass: ContainsInstruction - 0.00548 (ms)
2026-07-13 11:39:50,338 [INFO] Pass: ContainsInstruction - 0.01073 (ms)
2026-07-13 11:39:50,339 [INFO] Pass: ContainsInstruction - 0.00787 (ms)
2026-07-13 11:39:50,339 [INFO] Pass: InverseCancellation - 0.16499 (ms)
2026-07-13 11:39:50,339 [INFO] Pass: UnitarySynthesis - 0.00525 (ms)
2026-07-13 11:39:50,339 [INFO] Pass: InverseCancellation - 0.16308 (ms)
2026-07-13 11:39:50,339 [INFO] Pass: UnitarySynthesis - 0.00501 (ms)
2026-07-13 11:39:50,340 [INFO] Total Transpile Time - 64.05687 (ms)
2026-07-13 11:39:50,340 [INFO] Pass: HighLevelSynthesis - 1.45578 (ms)
2026-07-13 11:39:50,340 [INFO] Pass: HighLevelSynthesis - 1.41072 (ms)
2026-07-13 11:39:50,341 [INFO] Pass: BasisTranslator - 0.77915 (ms)
2026-07-13 11:39:50,341 [INFO] Pass: BasisTranslator - 0.90861 (ms)
2026-07-13 11:39:50,341 [INFO] Pass: Depth - 0.17619 (ms)
2026-07-13 11:39:50,341 [INFO] Pass: FixedPoint - 0.00763 (ms)
2026-07-13 11:39:50,341 [INFO] Pass: Depth - 0.17524 (ms)
2026-07-13 11:39:50,342 [INFO] Pass: FixedPoint - 0.00763 (ms)
2026-07-13 11:39:50,342 [INFO] Pass: Size - 0.06199 (ms)
2026-07-13 11:39:50,342 [INFO] Pass: FixedPoint - 0.00477 (ms)
2026-07-13 11:39:50,342 [INFO] Pass: Size - 0.05937 (ms)
2026-07-13 11:39:50,342 [INFO] Pass: FixedPoint - 0.00477 (ms)
2026-07-13 11:39:50,342 [INFO] Pass: ContainsInstruction - 0.00906 (ms)
2026-07-13 11:39:50,342 [INFO] Pass: InverseCancellation - 0.16952 (ms)
2026-07-13 11:39:50,342 [INFO] Pass: UnitarySynthesis - 0.00548 (ms)
2026-07-13 11:39:50,342 [INFO] Pass: Optimize1qGatesDecomposition - 0.78249 (ms)
2026-07-13 11:39:50,343 [INFO] Pass: Optimize1qGatesDecomposition - 0.80276 (ms)
2026-07-13 11:39:50,343 [INFO] Pass: InverseCancellation - 0.15163 (ms)
2026-07-13 11:39:50,343 [INFO] Pass: InverseCancellation - 0.15402 (ms)
2026-07-13 11:39:50,343 [INFO] Pass: ContainsInstruction - 0.00811 (ms)
2026-07-13 11:39:50,343 [INFO] Pass: InverseCancellation - 0.17071 (ms)
2026-07-13 11:39:50,343 [INFO] Pass: HighLevelSynthesis - 1.45769 (ms)
2026-07-13 11:39:50,344 [INFO] Pass: GatesInBasis - 0.83041 (ms)
2026-07-13 11:39:50,344 [INFO] Pass: UnitarySynthesis - 0.00501 (ms)
2026-07-13 11:39:50,344 [INFO] Pass: GatesInBasis - 0.89908 (ms)
2026-07-13 11:39:50,344 [INFO] Pass: Depth - 0.15879 (ms)
2026-07-13 11:39:50,344 [INFO] Pass: FixedPoint - 0.00525 (ms)
2026-07-13 11:39:50,344 [INFO] Pass: Size - 0.05746 (ms)
2026-07-13 11:39:50,344 [INFO] Pass: FixedPoint - 0.00429 (ms)
2026-07-13 11:39:50,344 [INFO] Pass: Depth - 0.16356 (ms)
2026-07-13 11:39:50,344 [INFO] Pass: ContainsInstruction - 0.00477 (ms)
2026-07-13 11:39:50,344 [INFO] Pass: FixedPoint - 0.00596 (ms)
2026-07-13 11:39:50,344 [INFO] Pass: Size - 0.05889 (ms)
2026-07-13 11:39:50,344 [INFO] Pass: FixedPoint - 0.00501 (ms)
2026-07-13 11:39:50,344 [INFO] Pass: ContainsInstruction - 0.00525 (ms)
2026-07-13 11:39:50,344 [INFO] Pass: BasisTranslator - 0.79179 (ms)
2026-07-13 11:39:50,345 [INFO] Pass: Depth - 0.19574 (ms)
2026-07-13 11:39:50,345 [INFO] Pass: FixedPoint - 0.00811 (ms)
2026-07-13 11:39:50,345 [INFO] Pass: Size - 0.05841 (ms)
2026-07-13 11:39:50,345 [INFO] Pass: FixedPoint - 0.00453 (ms)
2026-07-13 11:39:50,345 [INFO] Pass: HighLevelSynthesis - 1.45388 (ms)
2026-07-13 11:39:50,345 [INFO] Total Transpile Time - 63.84444 (ms)
2026-07-13 11:39:50,345 [INFO] Total Transpile Time - 64.02135 (ms)
2026-07-13 11:39:50,346 [INFO] Pass: Optimize1qGatesDecomposition - 0.80824 (ms)
2026-07-13 11:39:50,346 [INFO] Pass: InverseCancellation - 0.15092 (ms)
2026-07-13 11:39:50,346 [INFO] Pass: BasisTranslator - 0.92173 (ms)
2026-07-13 11:39:50,346 [INFO] Pass: Depth - 0.17691 (ms)
2026-07-13 11:39:50,346 [INFO] Pass: FixedPoint - 0.00787 (ms)
2026-07-13 11:39:50,346 [INFO] Pass: Size - 0.05913 (ms)
2026-07-13 11:39:50,346 [INFO] Pass: FixedPoint - 0.00453 (ms)
2026-07-13 11:39:50,347 [INFO] Pass: GatesInBasis - 0.83327 (ms)
2026-07-13 11:39:50,347 [INFO] Pass: Depth - 0.16475 (ms)
2026-07-13 11:39:50,347 [INFO] Pass: FixedPoint - 0.00644 (ms)
2026-07-13 11:39:50,347 [INFO] Pass: Size - 0.05794 (ms)
2026-07-13 11:39:50,347 [INFO] Pass: FixedPoint - 0.00429 (ms)
2026-07-13 11:39:50,347 [INFO] Pass: ContainsInstruction - 0.00525 (ms)
2026-07-13 11:39:50,347 [INFO] Pass: Optimize1qGatesDecomposition - 0.79441 (ms)
2026-07-13 11:39:50,347 [INFO] Pass: InverseCancellation - 0.14591 (ms)
2026-07-13 11:39:50,348 [INFO] Pass: GatesInBasis - 0.82493 (ms)
2026-07-13 11:39:50,348 [INFO] Total Transpile Time - 64.10813 (ms)
2026-07-13 11:39:50,349 [INFO] Pass: Depth - 0.15903 (ms)
2026-07-13 11:39:50,349 [INFO] Pass: FixedPoint - 0.00620 (ms)
2026-07-13 11:39:50,349 [INFO] Pass: Size - 0.05770 (ms)
2026-07-13 11:39:50,349 [INFO] Pass: FixedPoint - 0.00429 (ms)
2026-07-13 11:39:50,349 [INFO] Pass: ContainsInstruction - 0.00501 (ms)
2026-07-13 11:39:50,349 [INFO] Pass: ContainsInstruction - 0.00858 (ms)
2026-07-13 11:39:50,349 [INFO] Pass: InverseCancellation - 0.16809 (ms)
2026-07-13 11:39:50,349 [INFO] Pass: ContainsInstruction - 0.00811 (ms)
2026-07-13 11:39:50,349 [INFO] Pass: UnitarySynthesis - 0.00453 (ms)
2026-07-13 11:39:50,350 [INFO] Pass: InverseCancellation - 0.17476 (ms)
2026-07-13 11:39:50,350 [INFO] Pass: UnitarySynthesis - 0.00501 (ms)
2026-07-13 11:39:50,350 [INFO] Total Transpile Time - 63.98606 (ms)
2026-07-13 11:39:50,351 [INFO] Pass: HighLevelSynthesis - 1.43695 (ms)
2026-07-13 11:39:50,351 [INFO] Pass: HighLevelSynthesis - 1.44935 (ms)
2026-07-13 11:39:50,352 [INFO] Pass: BasisTranslator - 0.90814 (ms)
2026-07-13 11:39:50,352 [INFO] Pass: Depth - 0.17715 (ms)
2026-07-13 11:39:50,352 [INFO] Pass: FixedPoint - 0.00763 (ms)
2026-07-13 11:39:50,352 [INFO] Pass: BasisTranslator - 0.91767 (ms)
2026-07-13 11:39:50,352 [INFO] Pass: Size - 0.05984 (ms)
2026-07-13 11:39:50,352 [INFO] Pass: FixedPoint - 0.00477 (ms)
2026-07-13 11:39:50,352 [INFO] Pass: Depth - 0.18072 (ms)
2026-07-13 11:39:50,352 [INFO] Pass: FixedPoint - 0.00787 (ms)
2026-07-13 11:39:50,353 [INFO] Pass: Size - 0.06604 (ms)
2026-07-13 11:39:50,353 [INFO] Pass: FixedPoint - 0.00429 (ms)
2026-07-13 11:39:50,353 [INFO] Pass: Optimize1qGatesDecomposition - 0.78583 (ms)
2026-07-13 11:39:50,353 [INFO] Pass: ContainsInstruction - 0.00787 (ms)
2026-07-13 11:39:50,353 [INFO] Pass: InverseCancellation - 0.14520 (ms)
2026-07-13 11:39:50,353 [INFO] Pass: Optimize1qGatesDecomposition - 0.77486 (ms)
2026-07-13 11:39:50,353 [INFO] Pass: InverseCancellation - 0.16642 (ms)
2026-07-13 11:39:50,354 [INFO] Pass: UnitarySynthesis - 0.00501 (ms)
2026-07-13 11:39:50,354 [INFO] Pass: InverseCancellation - 0.15163 (ms)
2026-07-13 11:39:50,354 [INFO] Pass: GatesInBasis - 0.82493 (ms)
2026-07-13 11:39:50,354 [INFO] Pass: Depth - 0.15950 (ms)
2026-07-13 11:39:50,354 [INFO] Pass: FixedPoint - 0.00548 (ms)
2026-07-13 11:39:50,354 [INFO] Pass: GatesInBasis - 0.81849 (ms)
2026-07-13 11:39:50,355 [INFO] Pass: Size - 0.06390 (ms)
2026-07-13 11:39:50,355 [INFO] Pass: FixedPoint - 0.00453 (ms)
2026-07-13 11:39:50,355 [INFO] Pass: ContainsInstruction - 0.00620 (ms)
2026-07-13 11:39:50,355 [INFO] Pass: Depth - 0.16475 (ms)
2026-07-13 11:39:50,355 [INFO] Pass: FixedPoint - 0.00572 (ms)
2026-07-13 11:39:50,355 [INFO] Pass: Size - 0.05746 (ms)
2026-07-13 11:39:50,355 [INFO] Pass: FixedPoint - 0.00453 (ms)
2026-07-13 11:39:50,355 [INFO] Pass: ContainsInstruction - 0.00525 (ms)
2026-07-13 11:39:50,355 [INFO] Pass: HighLevelSynthesis - 1.45006 (ms)
2026-07-13 11:39:50,356 [INFO] Total Transpile Time - 64.12077 (ms)
2026-07-13 11:39:50,356 [INFO] Pass: BasisTranslator - 0.91529 (ms)
2026-07-13 11:39:50,356 [INFO] Total Transpile Time - 63.82060 (ms)
2026-07-13 11:39:50,356 [INFO] Pass: Depth - 0.17619 (ms)
2026-07-13 11:39:50,356 [INFO] Pass: FixedPoint - 0.00763 (ms)
2026-07-13 11:39:50,356 [INFO] Pass: Size - 0.05913 (ms)
2026-07-13 11:39:50,356 [INFO] Pass: FixedPoint - 0.00429 (ms)
2026-07-13 11:39:50,357 [INFO] Pass: Optimize1qGatesDecomposition - 0.78440 (ms)
2026-07-13 11:39:50,357 [INFO] Pass: InverseCancellation - 0.14687 (ms)
2026-07-13 11:39:50,358 [INFO] Pass: ContainsInstruction - 0.00811 (ms)
2026-07-13 11:39:50,358 [INFO] Pass: InverseCancellation - 0.16475 (ms)
2026-07-13 11:39:50,358 [INFO] Pass: GatesInBasis - 0.82779 (ms)
2026-07-13 11:39:50,358 [INFO] Pass: UnitarySynthesis - 0.00477 (ms)
2026-07-13 11:39:50,358 [INFO] Pass: Depth - 0.15712 (ms)
2026-07-13 11:39:50,358 [INFO] Pass: FixedPoint - 0.00525 (ms)
2026-07-13 11:39:50,359 [INFO] Pass: Size - 0.06342 (ms)
2026-07-13 11:39:50,359 [INFO] Pass: FixedPoint - 0.00405 (ms)
2026-07-13 11:39:50,359 [INFO] Pass: ContainsInstruction - 0.00477 (ms)
2026-07-13 11:39:50,360 [INFO] Pass: HighLevelSynthesis - 1.46937 (ms)
2026-07-13 11:39:50,360 [INFO] Total Transpile Time - 64.05997 (ms)
2026-07-13 11:39:50,361 [INFO] Pass: BasisTranslator - 0.93198 (ms)
2026-07-13 11:39:50,361 [INFO] Pass: Depth - 0.17929 (ms)
2026-07-13 11:39:50,361 [INFO] Pass: FixedPoint - 0.00763 (ms)
2026-07-13 11:39:50,361 [INFO] Pass: Size - 0.05937 (ms)
2026-07-13 11:39:50,361 [INFO] Pass: FixedPoint - 0.00453 (ms)
2026-07-13 11:39:50,362 [INFO] Pass: Optimize1qGatesDecomposition - 0.78893 (ms)
2026-07-13 11:39:50,362 [INFO] Pass: InverseCancellation - 0.14710 (ms)
2026-07-13 11:39:50,362 [INFO] Pass: ContainsInstruction - 0.00763 (ms)
2026-07-13 11:39:50,363 [INFO] Pass: InverseCancellation - 0.16618 (ms)
2026-07-13 11:39:50,363 [INFO] Pass: UnitarySynthesis - 0.00501 (ms)
2026-07-13 11:39:50,363 [INFO] Pass: GatesInBasis - 0.83137 (ms)
2026-07-13 11:39:50,363 [INFO] Pass: Depth - 0.15807 (ms)
2026-07-13 11:39:50,363 [INFO] Pass: FixedPoint - 0.00572 (ms)
2026-07-13 11:39:50,363 [INFO] Pass: Size - 0.05746 (ms)
2026-07-13 11:39:50,363 [INFO] Pass: FixedPoint - 0.00405 (ms)
2026-07-13 11:39:50,363 [INFO] Pass: ContainsInstruction - 0.00525 (ms)
2026-07-13 11:39:50,364 [INFO] Pass: HighLevelSynthesis - 1.44005 (ms)
2026-07-13 11:39:50,365 [INFO] Total Transpile Time - 64.31890 (ms)
2026-07-13 11:39:50,365 [INFO] Pass: BasisTranslator - 0.92053 (ms)
2026-07-13 11:39:50,365 [INFO] Pass: Depth - 0.17619 (ms)
2026-07-13 11:39:50,365 [INFO] Pass: FixedPoint - 0.00834 (ms)
2026-07-13 11:39:50,365 [INFO] Pass: Size - 0.05889 (ms)
2026-07-13 11:39:50,365 [INFO] Pass: FixedPoint - 0.00453 (ms)
2026-07-13 11:39:50,366 [INFO] Pass: Optimize1qGatesDecomposition - 0.77844 (ms)
2026-07-13 11:39:50,366 [INFO] Pass: ContainsInstruction - 0.00787 (ms)
2026-07-13 11:39:50,366 [INFO] Pass: InverseCancellation - 0.14710 (ms)
2026-07-13 11:39:50,367 [INFO] Pass: InverseCancellation - 0.17118 (ms)
2026-07-13 11:39:50,367 [INFO] Pass: UnitarySynthesis - 0.00501 (ms)
2026-07-13 11:39:50,367 [INFO] Pass: GatesInBasis - 0.83590 (ms)
2026-07-13 11:39:50,368 [INFO] Pass: Depth - 0.16403 (ms)
2026-07-13 11:39:50,368 [INFO] Pass: FixedPoint - 0.00525 (ms)
2026-07-13 11:39:50,368 [INFO] Pass: Size - 0.05770 (ms)
2026-07-13 11:39:50,368 [INFO] Pass: FixedPoint - 0.00429 (ms)
2026-07-13 11:39:50,368 [INFO] Pass: ContainsInstruction - 0.00525 (ms)
2026-07-13 11:39:50,368 [INFO] Pass: HighLevelSynthesis - 1.43981 (ms)
2026-07-13 11:39:50,369 [INFO] Total Transpile Time - 63.96461 (ms)
2026-07-13 11:39:50,369 [INFO] Pass: BasisTranslator - 0.91934 (ms)
2026-07-13 11:39:50,369 [INFO] Pass: Depth - 0.17881 (ms)
2026-07-13 11:39:50,369 [INFO] Pass: FixedPoint - 0.00787 (ms)
2026-07-13 11:39:50,369 [INFO] Pass: Size - 0.05913 (ms)
2026-07-13 11:39:50,370 [INFO] Pass: FixedPoint - 0.00429 (ms)
2026-07-13 11:39:50,370 [INFO] Pass: Optimize1qGatesDecomposition - 0.78917 (ms)
2026-07-13 11:39:50,371 [INFO] Pass: InverseCancellation - 0.14639 (ms)
2026-07-13 11:39:50,371 [INFO] Pass: ContainsInstruction - 0.00787 (ms)
2026-07-13 11:39:50,371 [INFO] Pass: InverseCancellation - 0.16880 (ms)
2026-07-13 11:39:50,371 [INFO] Pass: UnitarySynthesis - 0.00525 (ms)
2026-07-13 11:39:50,371 [INFO] Pass: GatesInBasis - 0.81849 (ms)
2026-07-13 11:39:50,372 [INFO] Pass: Depth - 0.16308 (ms)
2026-07-13 11:39:50,372 [INFO] Pass: FixedPoint - 0.00572 (ms)
2026-07-13 11:39:50,372 [INFO] Pass: Size - 0.05698 (ms)
2026-07-13 11:39:50,372 [INFO] Pass: FixedPoint - 0.00405 (ms)
2026-07-13 11:39:50,372 [INFO] Pass: ContainsInstruction - 0.00501 (ms)
2026-07-13 11:39:50,372 [INFO] Pass: HighLevelSynthesis - 1.45340 (ms)
2026-07-13 11:39:50,373 [INFO] Total Transpile Time - 63.89046 (ms)
2026-07-13 11:39:50,373 [INFO] Pass: BasisTranslator - 0.77629 (ms)
2026-07-13 11:39:50,373 [INFO] Pass: Depth - 0.17715 (ms)
2026-07-13 11:39:50,374 [INFO] Pass: FixedPoint - 0.00739 (ms)
2026-07-13 11:39:50,374 [INFO] Pass: Size - 0.05889 (ms)
2026-07-13 11:39:50,374 [INFO] Pass: FixedPoint - 0.00453 (ms)
2026-07-13 11:39:50,374 [INFO] Pass: Optimize1qGatesDecomposition - 0.78368 (ms)
2026-07-13 11:39:50,375 [INFO] Pass: InverseCancellation - 0.15211 (ms)
2026-07-13 11:39:50,375 [INFO] Pass: ContainsInstruction - 0.00811 (ms)
2026-07-13 11:39:50,375 [INFO] Pass: InverseCancellation - 0.16594 (ms)
2026-07-13 11:39:50,375 [INFO] Pass: UnitarySynthesis - 0.00477 (ms)
2026-07-13 11:39:50,376 [INFO] Pass: GatesInBasis - 0.82231 (ms)
2026-07-13 11:39:50,376 [INFO] Pass: Depth - 0.15926 (ms)
2026-07-13 11:39:50,376 [INFO] Pass: FixedPoint - 0.00596 (ms)
2026-07-13 11:39:50,376 [INFO] Pass: Size - 0.05698 (ms)
2026-07-13 11:39:50,376 [INFO] Pass: FixedPoint - 0.00405 (ms)
2026-07-13 11:39:50,376 [INFO] Pass: ContainsInstruction - 0.00525 (ms)
2026-07-13 11:39:50,377 [INFO] Pass: HighLevelSynthesis - 1.44696 (ms)
2026-07-13 11:39:50,377 [INFO] Total Transpile Time - 63.82537 (ms)
2026-07-13 11:39:50,378 [INFO] Pass: BasisTranslator - 0.78464 (ms)
2026-07-13 11:39:50,378 [INFO] Pass: Depth - 0.17405 (ms)
2026-07-13 11:39:50,378 [INFO] Pass: FixedPoint - 0.00739 (ms)
2026-07-13 11:39:50,378 [INFO] Pass: Size - 0.05889 (ms)
2026-07-13 11:39:50,378 [INFO] Pass: FixedPoint - 0.00429 (ms)
2026-07-13 11:39:50,379 [INFO] Pass: Optimize1qGatesDecomposition - 0.77939 (ms)
2026-07-13 11:39:50,379 [INFO] Pass: ContainsInstruction - 0.01049 (ms)
2026-07-13 11:39:50,379 [INFO] Pass: InverseCancellation - 0.14877 (ms)
2026-07-13 11:39:50,379 [INFO] Pass: InverseCancellation - 0.17858 (ms)
2026-07-13 11:39:50,379 [INFO] Pass: UnitarySynthesis - 0.00596 (ms)
2026-07-13 11:39:50,380 [INFO] Pass: GatesInBasis - 0.82588 (ms)
2026-07-13 11:39:50,380 [INFO] Pass: Depth - 0.15759 (ms)
2026-07-13 11:39:50,380 [INFO] Pass: FixedPoint - 0.00572 (ms)
2026-07-13 11:39:50,380 [INFO] Pass: Size - 0.05722 (ms)
2026-07-13 11:39:50,380 [INFO] Pass: FixedPoint - 0.00429 (ms)
2026-07-13 11:39:50,380 [INFO] Pass: ContainsInstruction - 0.00548 (ms)
2026-07-13 11:39:50,381 [INFO] Pass: HighLevelSynthesis - 1.46127 (ms)
2026-07-13 11:39:50,382 [INFO] Total Transpile Time - 63.84778 (ms)
2026-07-13 11:39:50,382 [INFO] Pass: BasisTranslator - 0.95773 (ms)
2026-07-13 11:39:50,382 [INFO] Pass: Depth - 0.17929 (ms)
2026-07-13 11:39:50,382 [INFO] Pass: FixedPoint - 0.00882 (ms)
2026-07-13 11:39:50,382 [INFO] Pass: Size - 0.05913 (ms)
2026-07-13 11:39:50,382 [INFO] Pass: FixedPoint - 0.00429 (ms)
2026-07-13 11:39:50,383 [INFO] Pass: Optimize1qGatesDecomposition - 0.79131 (ms)
2026-07-13 11:39:50,383 [INFO] Pass: InverseCancellation - 0.14877 (ms)
2026-07-13 11:39:50,384 [INFO] Pass: GatesInBasis - 0.83756 (ms)
2026-07-13 11:39:50,384 [INFO] Pass: Depth - 0.16069 (ms)
2026-07-13 11:39:50,384 [INFO] Pass: FixedPoint - 0.00596 (ms)
2026-07-13 11:39:50,384 [INFO] Pass: Size - 0.05746 (ms)
2026-07-13 11:39:50,384 [INFO] Pass: FixedPoint - 0.00429 (ms)
2026-07-13 11:39:50,384 [INFO] Pass: ContainsInstruction - 0.00596 (ms)
2026-07-13 11:39:50,386 [INFO] Total Transpile Time - 64.94427 (ms)
2026-07-13 11:39:50,396 [INFO] Pass: ContainsInstruction - 0.01025 (ms)
2026-07-13 11:39:50,397 [INFO] Pass: InverseCancellation - 0.17834 (ms)
2026-07-13 11:39:50,397 [INFO] Pass: UnitarySynthesis - 0.00501 (ms)
2026-07-13 11:39:50,398 [INFO] Pass: HighLevelSynthesis - 1.49083 (ms)
2026-07-13 11:39:50,399 [INFO] Pass: BasisTranslator - 0.79656 (ms)
2026-07-13 11:39:50,399 [INFO] Pass: Depth - 0.17762 (ms)
2026-07-13 11:39:50,399 [INFO] Pass: FixedPoint - 0.00787 (ms)
2026-07-13 11:39:50,399 [INFO] Pass: Size - 0.06008 (ms)
2026-07-13 11:39:50,400 [INFO] Pass: FixedPoint - 0.00477 (ms)
2026-07-13 11:39:50,400 [INFO] Pass: Optimize1qGatesDecomposition - 0.84734 (ms)
2026-07-13 11:39:50,400 [INFO] Pass: InverseCancellation - 0.00906 (ms)
2026-07-13 11:39:50,401 [INFO] Pass: GatesInBasis - 0.80895 (ms)
2026-07-13 11:39:50,402 [INFO] Pass: Depth - 0.15783 (ms)
2026-07-13 11:39:50,402 [INFO] Pass: FixedPoint - 0.00596 (ms)
2026-07-13 11:39:50,402 [INFO] Pass: Size - 0.05770 (ms)
2026-07-13 11:39:50,402 [INFO] Pass: FixedPoint - 0.00429 (ms)
2026-07-13 11:39:50,402 [INFO] Pass: ContainsInstruction - 0.00811 (ms)
2026-07-13 11:39:50,402 [INFO] Pass: InverseCancellation - 0.17071 (ms)
2026-07-13 11:39:50,402 [INFO] Pass: UnitarySynthesis - 0.00501 (ms)
2026-07-13 11:39:50,402 [INFO] Pass: ContainsInstruction - 0.00811 (ms)
2026-07-13 11:39:50,402 [INFO] Pass: Optimize1qGatesDecomposition - 0.69952 (ms)
2026-07-13 11:39:50,402 [INFO] Pass: InverseCancellation - 0.16570 (ms)
2026-07-13 11:39:50,402 [INFO] Pass: InverseCancellation - 0.00739 (ms)
2026-07-13 11:39:50,403 [INFO] Pass: UnitarySynthesis - 0.00548 (ms)
2026-07-13 11:39:50,403 [INFO] Pass: GatesInBasis - 0.87452 (ms)
2026-07-13 11:39:50,404 [INFO] Pass: Depth - 0.16069 (ms)
2026-07-13 11:39:50,404 [INFO] Pass: FixedPoint - 0.00548 (ms)
2026-07-13 11:39:50,404 [INFO] Pass: Size - 0.05651 (ms)
2026-07-13 11:39:50,404 [INFO] Pass: HighLevelSynthesis - 1.47653 (ms)
2026-07-13 11:39:50,404 [INFO] Pass: FixedPoint - 0.00429 (ms)
2026-07-13 11:39:50,404 [INFO] Pass: ContainsInstruction - 0.00572 (ms)
2026-07-13 11:39:50,404 [INFO] Pass: HighLevelSynthesis - 1.49584 (ms)
2026-07-13 11:39:50,405 [INFO] Pass: BasisTranslator - 0.79846 (ms)
2026-07-13 11:39:50,405 [INFO] Pass: Depth - 0.17428 (ms)
2026-07-13 11:39:50,405 [INFO] Pass: FixedPoint - 0.00763 (ms)
2026-07-13 11:39:50,405 [INFO] Pass: BasisTranslator - 0.78583 (ms)
2026-07-13 11:39:50,405 [INFO] Pass: Size - 0.06032 (ms)
2026-07-13 11:39:50,405 [INFO] Pass: FixedPoint - 0.00429 (ms)
2026-07-13 11:39:50,405 [INFO] Pass: Depth - 0.17643 (ms)
2026-07-13 11:39:50,405 [INFO] Total Transpile Time - 65.28091 (ms)
2026-07-13 11:39:50,405 [INFO] Pass: FixedPoint - 0.00715 (ms)
2026-07-13 11:39:50,405 [INFO] Pass: Size - 0.06056 (ms)
2026-07-13 11:39:50,405 [INFO] Pass: FixedPoint - 0.00477 (ms)
2026-07-13 11:39:50,406 [INFO] Pass: ContainsInstruction - 0.00978 (ms)
2026-07-13 11:39:50,406 [INFO] Pass: Optimize1qGatesDecomposition - 0.84996 (ms)
2026-07-13 11:39:50,406 [INFO] Pass: InverseCancellation - 0.00834 (ms)
2026-07-13 11:39:50,406 [INFO] Pass: InverseCancellation - 0.17285 (ms)
2026-07-13 11:39:50,406 [INFO] Pass: UnitarySynthesis - 0.00548 (ms)
2026-07-13 11:39:50,406 [INFO] Pass: Optimize1qGatesDecomposition - 0.85402 (ms)
2026-07-13 11:39:50,406 [INFO] Pass: InverseCancellation - 0.00882 (ms)
2026-07-13 11:39:50,407 [INFO] Pass: GatesInBasis - 0.79608 (ms)
2026-07-13 11:39:50,407 [INFO] Pass: ContainsInstruction - 0.00787 (ms)
2026-07-13 11:39:50,407 [INFO] Pass: Depth - 0.15974 (ms)
2026-07-13 11:39:50,407 [INFO] Pass: FixedPoint - 0.00548 (ms)
2026-07-13 11:39:50,407 [INFO] Pass: Size - 0.05698 (ms)
2026-07-13 11:39:50,407 [INFO] Pass: GatesInBasis - 0.80156 (ms)
2026-07-13 11:39:50,407 [INFO] Pass: InverseCancellation - 0.16809 (ms)
2026-07-13 11:39:50,407 [INFO] Pass: FixedPoint - 0.00405 (ms)
2026-07-13 11:39:50,407 [INFO] Pass: UnitarySynthesis - 0.00525 (ms)
2026-07-13 11:39:50,407 [INFO] Pass: Depth - 0.15998 (ms)
2026-07-13 11:39:50,407 [INFO] Pass: FixedPoint - 0.00620 (ms)
2026-07-13 11:39:50,407 [INFO] Pass: Size - 0.05674 (ms)
2026-07-13 11:39:50,407 [INFO] Pass: FixedPoint - 0.00405 (ms)
2026-07-13 11:39:50,408 [INFO] Pass: HighLevelSynthesis - 1.51610 (ms)
2026-07-13 11:39:50,408 [INFO] Pass: Optimize1qGatesDecomposition - 0.69642 (ms)
2026-07-13 11:39:50,408 [INFO] Pass: InverseCancellation - 0.00715 (ms)
2026-07-13 11:39:50,408 [INFO] Pass: Optimize1qGatesDecomposition - 0.70071 (ms)
2026-07-13 11:39:50,408 [INFO] Pass: InverseCancellation - 0.00715 (ms)
2026-07-13 11:39:50,409 [INFO] Pass: BasisTranslator - 0.79298 (ms)
2026-07-13 11:39:50,409 [INFO] Pass: HighLevelSynthesis - 1.51277 (ms)
2026-07-13 11:39:50,409 [INFO] Pass: Depth - 0.18668 (ms)
2026-07-13 11:39:50,409 [INFO] Pass: FixedPoint - 0.00978 (ms)
2026-07-13 11:39:50,409 [INFO] Pass: GatesInBasis - 0.87047 (ms)
2026-07-13 11:39:50,409 [INFO] Pass: Size - 0.06080 (ms)
2026-07-13 11:39:50,409 [INFO] Pass: FixedPoint - 0.00429 (ms)
2026-07-13 11:39:50,409 [INFO] Pass: Depth - 0.16022 (ms)
2026-07-13 11:39:50,409 [INFO] Pass: FixedPoint - 0.00596 (ms)
2026-07-13 11:39:50,409 [INFO] Pass: GatesInBasis - 0.84472 (ms)
2026-07-13 11:39:50,409 [INFO] Pass: Size - 0.05770 (ms)
2026-07-13 11:39:50,409 [INFO] Pass: FixedPoint - 0.00405 (ms)
2026-07-13 11:39:50,409 [INFO] Pass: ContainsInstruction - 0.00572 (ms)
2026-07-13 11:39:50,409 [INFO] Pass: Depth - 0.15593 (ms)
2026-07-13 11:39:50,409 [INFO] Pass: FixedPoint - 0.00548 (ms)
2026-07-13 11:39:50,409 [INFO] Pass: Size - 0.05651 (ms)
2026-07-13 11:39:50,410 [INFO] Pass: FixedPoint - 0.00429 (ms)
2026-07-13 11:39:50,410 [INFO] Pass: ContainsInstruction - 0.00572 (ms)
2026-07-13 11:39:50,410 [INFO] Pass: BasisTranslator - 0.78392 (ms)
2026-07-13 11:39:50,410 [INFO] Pass: Depth - 0.17500 (ms)
2026-07-13 11:39:50,410 [INFO] Pass: FixedPoint - 0.00763 (ms)
2026-07-13 11:39:50,410 [INFO] Pass: Optimize1qGatesDecomposition - 0.89002 (ms)
2026-07-13 11:39:50,410 [INFO] Pass: Size - 0.06032 (ms)
2026-07-13 11:39:50,410 [INFO] Pass: InverseCancellation - 0.00882 (ms)
2026-07-13 11:39:50,410 [INFO] Pass: FixedPoint - 0.00453 (ms)
2026-07-13 11:39:50,411 [INFO] Total Transpile Time - 65.28926 (ms)
2026-07-13 11:39:50,411 [INFO] Pass: GatesInBasis - 0.80514 (ms)
2026-07-13 11:39:50,411 [INFO] Pass: Optimize1qGatesDecomposition - 0.87261 (ms)
2026-07-13 11:39:50,411 [INFO] Total Transpile Time - 65.37700 (ms)
2026-07-13 11:39:50,411 [INFO] Pass: InverseCancellation - 0.00858 (ms)
2026-07-13 11:39:50,411 [INFO] Pass: Depth - 0.16785 (ms)
2026-07-13 11:39:50,411 [INFO] Pass: FixedPoint - 0.00644 (ms)
2026-07-13 11:39:50,411 [INFO] Pass: Size - 0.05794 (ms)
2026-07-13 11:39:50,411 [INFO] Pass: FixedPoint - 0.00429 (ms)
2026-07-13 11:39:50,412 [INFO] Pass: GatesInBasis - 0.80132 (ms)
2026-07-13 11:39:50,412 [INFO] Pass: Optimize1qGatesDecomposition - 0.71621 (ms)
2026-07-13 11:39:50,412 [INFO] Pass: InverseCancellation - 0.00739 (ms)
2026-07-13 11:39:50,412 [INFO] Pass: Depth - 0.16308 (ms)
2026-07-13 11:39:50,412 [INFO] Pass: FixedPoint - 0.00525 (ms)
2026-07-13 11:39:50,412 [INFO] Pass: Size - 0.05746 (ms)
2026-07-13 11:39:50,412 [INFO] Pass: FixedPoint - 0.00429 (ms)
2026-07-13 11:39:50,413 [INFO] Pass: ContainsInstruction - 0.00834 (ms)
2026-07-13 11:39:50,413 [INFO] Pass: GatesInBasis - 0.87214 (ms)
2026-07-13 11:39:50,413 [INFO] Pass: Optimize1qGatesDecomposition - 0.71216 (ms)
2026-07-13 11:39:50,413 [INFO] Pass: InverseCancellation - 0.17476 (ms)
2026-07-13 11:39:50,413 [INFO] Pass: InverseCancellation - 0.00715 (ms)
2026-07-13 11:39:50,413 [INFO] Pass: UnitarySynthesis - 0.00548 (ms)
2026-07-13 11:39:50,413 [INFO] Pass: ContainsInstruction - 0.00882 (ms)
2026-07-13 11:39:50,413 [INFO] Pass: Depth - 0.16570 (ms)
2026-07-13 11:39:50,413 [INFO] Pass: FixedPoint - 0.00644 (ms)
2026-07-13 11:39:50,413 [INFO] Pass: InverseCancellation - 0.17762 (ms)
2026-07-13 11:39:50,413 [INFO] Pass: Size - 0.05770 (ms)
2026-07-13 11:39:50,413 [INFO] Pass: FixedPoint - 0.00405 (ms)
2026-07-13 11:39:50,413 [INFO] Pass: UnitarySynthesis - 0.00525 (ms)
2026-07-13 11:39:50,413 [INFO] Pass: ContainsInstruction - 0.00668 (ms)
2026-07-13 11:39:50,414 [INFO] Pass: GatesInBasis - 0.83804 (ms)
2026-07-13 11:39:50,414 [INFO] Pass: Depth - 0.15926 (ms)
2026-07-13 11:39:50,414 [INFO] Pass: FixedPoint - 0.00548 (ms)
2026-07-13 11:39:50,414 [INFO] Pass: Size - 0.05722 (ms)
2026-07-13 11:39:50,414 [INFO] Pass: FixedPoint - 0.00429 (ms)
2026-07-13 11:39:50,414 [INFO] Pass: ContainsInstruction - 0.00620 (ms)
2026-07-13 11:39:50,415 [INFO] Pass: HighLevelSynthesis - 1.51062 (ms)
2026-07-13 11:39:50,415 [INFO] Total Transpile Time - 66.16902 (ms)
2026-07-13 11:39:50,415 [INFO] Pass: HighLevelSynthesis - 1.48463 (ms)
2026-07-13 11:39:50,415 [INFO] Pass: BasisTranslator - 0.80776 (ms)
2026-07-13 11:39:50,416 [INFO] Total Transpile Time - 65.51719 (ms)
2026-07-13 11:39:50,416 [INFO] Pass: Depth - 0.18859 (ms)
2026-07-13 11:39:50,416 [INFO] Pass: BasisTranslator - 0.80395 (ms)
2026-07-13 11:39:50,416 [INFO] Pass: FixedPoint - 0.00834 (ms)
2026-07-13 11:39:50,416 [INFO] Pass: Size - 0.06127 (ms)
2026-07-13 11:39:50,416 [INFO] Pass: FixedPoint - 0.00429 (ms)
2026-07-13 11:39:50,416 [INFO] Pass: Depth - 0.17643 (ms)
2026-07-13 11:39:50,416 [INFO] Pass: FixedPoint - 0.00787 (ms)
2026-07-13 11:39:50,416 [INFO] Pass: Size - 0.06032 (ms)
2026-07-13 11:39:50,416 [INFO] Pass: FixedPoint - 0.00453 (ms)
2026-07-13 11:39:50,417 [INFO] Pass: Optimize1qGatesDecomposition - 0.87070 (ms)
2026-07-13 11:39:50,417 [INFO] Pass: InverseCancellation - 0.00930 (ms)
2026-07-13 11:39:50,417 [INFO] Pass: ContainsInstruction - 0.00858 (ms)
2026-07-13 11:39:50,417 [INFO] Pass: Optimize1qGatesDecomposition - 0.86141 (ms)
2026-07-13 11:39:50,417 [INFO] Pass: InverseCancellation - 0.00906 (ms)
2026-07-13 11:39:50,417 [INFO] Pass: InverseCancellation - 0.16761 (ms)
2026-07-13 11:39:50,417 [INFO] Pass: UnitarySynthesis - 0.00548 (ms)
2026-07-13 11:39:50,418 [INFO] Pass: GatesInBasis - 0.80299 (ms)
2026-07-13 11:39:50,418 [INFO] Pass: Depth - 0.16475 (ms)
2026-07-13 11:39:50,418 [INFO] Pass: GatesInBasis - 0.79846 (ms)
2026-07-13 11:39:50,418 [INFO] Pass: FixedPoint - 0.00548 (ms)
2026-07-13 11:39:50,418 [INFO] Pass: Size - 0.06008 (ms)
2026-07-13 11:39:50,418 [INFO] Pass: FixedPoint - 0.00429 (ms)
2026-07-13 11:39:50,418 [INFO] Pass: Depth - 0.16356 (ms)
2026-07-13 11:39:50,418 [INFO] Pass: FixedPoint - 0.00548 (ms)
2026-07-13 11:39:50,418 [INFO] Pass: Size - 0.05746 (ms)
2026-07-13 11:39:50,418 [INFO] Pass: FixedPoint - 0.00405 (ms)
2026-07-13 11:39:50,419 [INFO] Pass: HighLevelSynthesis - 1.49226 (ms)
2026-07-13 11:39:50,419 [INFO] Pass: Optimize1qGatesDecomposition - 0.70906 (ms)
2026-07-13 11:39:50,419 [INFO] Pass: InverseCancellation - 0.00739 (ms)
2026-07-13 11:39:50,419 [INFO] Pass: Optimize1qGatesDecomposition - 0.70572 (ms)
2026-07-13 11:39:50,419 [INFO] Pass: InverseCancellation - 0.00763 (ms)
2026-07-13 11:39:50,420 [INFO] Pass: BasisTranslator - 0.78607 (ms)
2026-07-13 11:39:50,420 [INFO] Pass: GatesInBasis - 0.84782 (ms)
2026-07-13 11:39:50,420 [INFO] Pass: Depth - 0.17786 (ms)
2026-07-13 11:39:50,420 [INFO] Pass: FixedPoint - 0.00787 (ms)
2026-07-13 11:39:50,420 [INFO] Pass: Size - 0.06056 (ms)
2026-07-13 11:39:50,420 [INFO] Pass: Depth - 0.15712 (ms)
2026-07-13 11:39:50,420 [INFO] Pass: GatesInBasis - 0.84329 (ms)
2026-07-13 11:39:50,420 [INFO] Pass: FixedPoint - 0.00477 (ms)
2026-07-13 11:39:50,420 [INFO] Pass: FixedPoint - 0.00525 (ms)
2026-07-13 11:39:50,420 [INFO] Pass: Size - 0.05674 (ms)
2026-07-13 11:39:50,420 [INFO] Pass: FixedPoint - 0.00405 (ms)
2026-07-13 11:39:50,420 [INFO] Pass: ContainsInstruction - 0.00572 (ms)
2026-07-13 11:39:50,420 [INFO] Pass: Depth - 0.15759 (ms)
2026-07-13 11:39:50,420 [INFO] Pass: FixedPoint - 0.00501 (ms)
2026-07-13 11:39:50,420 [INFO] Pass: Size - 0.05674 (ms)
2026-07-13 11:39:50,420 [INFO] Pass: FixedPoint - 0.00405 (ms)
2026-07-13 11:39:50,420 [INFO] Pass: ContainsInstruction - 0.00620 (ms)
2026-07-13 11:39:50,421 [INFO] Pass: Optimize1qGatesDecomposition - 0.85926 (ms)
2026-07-13 11:39:50,421 [INFO] Pass: InverseCancellation - 0.00954 (ms)
2026-07-13 11:39:50,421 [INFO] Total Transpile Time - 65.46974 (ms)
2026-07-13 11:39:50,422 [INFO] Total Transpile Time - 65.42301 (ms)
2026-07-13 11:39:50,422 [INFO] Pass: GatesInBasis - 0.79823 (ms)
2026-07-13 11:39:50,422 [INFO] Pass: ContainsInstruction - 0.00811 (ms)
2026-07-13 11:39:50,422 [INFO] Pass: Depth - 0.17047 (ms)
2026-07-13 11:39:50,422 [INFO] Pass: FixedPoint - 0.00572 (ms)
2026-07-13 11:39:50,422 [INFO] Pass: Size - 0.05722 (ms)
2026-07-13 11:39:50,422 [INFO] Pass: FixedPoint - 0.00429 (ms)
2026-07-13 11:39:50,422 [INFO] Pass: InverseCancellation - 0.16904 (ms)
2026-07-13 11:39:50,422 [INFO] Pass: UnitarySynthesis - 0.00477 (ms)
2026-07-13 11:39:50,423 [INFO] Pass: Optimize1qGatesDecomposition - 0.70524 (ms)
2026-07-13 11:39:50,423 [INFO] Pass: InverseCancellation - 0.00739 (ms)
2026-07-13 11:39:50,424 [INFO] Pass: HighLevelSynthesis - 1.50895 (ms)
2026-07-13 11:39:50,424 [INFO] Pass: GatesInBasis - 0.84329 (ms)
2026-07-13 11:39:50,424 [INFO] Pass: Depth - 0.15759 (ms)
2026-07-13 11:39:50,424 [INFO] Pass: FixedPoint - 0.00501 (ms)
2026-07-13 11:39:50,424 [INFO] Pass: Size - 0.05651 (ms)
2026-07-13 11:39:50,424 [INFO] Pass: FixedPoint - 0.00405 (ms)
2026-07-13 11:39:50,424 [INFO] Pass: ContainsInstruction - 0.00548 (ms)
2026-07-13 11:39:50,425 [INFO] Pass: BasisTranslator - 0.79012 (ms)
2026-07-13 11:39:50,425 [INFO] Pass: Depth - 0.17309 (ms)
2026-07-13 11:39:50,425 [INFO] Pass: FixedPoint - 0.00811 (ms)
2026-07-13 11:39:50,425 [INFO] Pass: Size - 0.05984 (ms)
2026-07-13 11:39:50,425 [INFO] Pass: FixedPoint - 0.00453 (ms)
2026-07-13 11:39:50,426 [INFO] Total Transpile Time - 65.49692 (ms)
2026-07-13 11:39:50,426 [INFO] Pass: Optimize1qGatesDecomposition - 0.85974 (ms)
2026-07-13 11:39:50,426 [INFO] Pass: InverseCancellation - 0.00834 (ms)
2026-07-13 11:39:50,426 [INFO] Pass: ContainsInstruction - 0.00858 (ms)
2026-07-13 11:39:50,426 [INFO] Pass: InverseCancellation - 0.17118 (ms)
2026-07-13 11:39:50,426 [INFO] Pass: UnitarySynthesis - 0.00548 (ms)
2026-07-13 11:39:50,427 [INFO] Pass: GatesInBasis - 0.79703 (ms)
2026-07-13 11:39:50,427 [INFO] Pass: Depth - 0.16212 (ms)
2026-07-13 11:39:50,427 [INFO] Pass: FixedPoint - 0.00572 (ms)
2026-07-13 11:39:50,427 [INFO] Pass: Size - 0.05722 (ms)
2026-07-13 11:39:50,427 [INFO] Pass: FixedPoint - 0.00405 (ms)
2026-07-13 11:39:50,428 [INFO] Pass: Optimize1qGatesDecomposition - 0.70477 (ms)
2026-07-13 11:39:50,428 [INFO] Pass: HighLevelSynthesis - 1.50037 (ms)
2026-07-13 11:39:50,428 [INFO] Pass: InverseCancellation - 0.00739 (ms)
2026-07-13 11:39:50,429 [INFO] Pass: BasisTranslator - 0.80204 (ms)
2026-07-13 11:39:50,429 [INFO] Pass: GatesInBasis - 0.84448 (ms)
2026-07-13 11:39:50,429 [INFO] Pass: Depth - 0.17691 (ms)
2026-07-13 11:39:50,429 [INFO] Pass: Depth - 0.15903 (ms)
2026-07-13 11:39:50,429 [INFO] Pass: FixedPoint - 0.00811 (ms)
2026-07-13 11:39:50,429 [INFO] Pass: FixedPoint - 0.00525 (ms)
2026-07-13 11:39:50,429 [INFO] Pass: Size - 0.05984 (ms)
2026-07-13 11:39:50,429 [INFO] Pass: Size - 0.05770 (ms)
2026-07-13 11:39:50,429 [INFO] Pass: FixedPoint - 0.00429 (ms)
2026-07-13 11:39:50,429 [INFO] Pass: FixedPoint - 0.00405 (ms)
2026-07-13 11:39:50,429 [INFO] Pass: ContainsInstruction - 0.00572 (ms)
2026-07-13 11:39:50,430 [INFO] Pass: ContainsInstruction - 0.00787 (ms)
2026-07-13 11:39:50,430 [INFO] Pass: Optimize1qGatesDecomposition - 0.87142 (ms)
2026-07-13 11:39:50,430 [INFO] Pass: InverseCancellation - 0.00978 (ms)
2026-07-13 11:39:50,430 [INFO] Pass: InverseCancellation - 0.16999 (ms)
2026-07-13 11:39:50,430 [INFO] Pass: UnitarySynthesis - 0.00525 (ms)
2026-07-13 11:39:50,431 [INFO] Total Transpile Time - 65.71388 (ms)
2026-07-13 11:39:50,431 [INFO] Pass: GatesInBasis - 0.80252 (ms)
2026-07-13 11:39:50,431 [INFO] Pass: Depth - 0.16332 (ms)
2026-07-13 11:39:50,431 [INFO] Pass: FixedPoint - 0.00572 (ms)
2026-07-13 11:39:50,431 [INFO] Pass: Size - 0.05722 (ms)
2026-07-13 11:39:50,431 [INFO] Pass: FixedPoint - 0.00429 (ms)
2026-07-13 11:39:50,432 [INFO] Pass: HighLevelSynthesis - 1.50418 (ms)
2026-07-13 11:39:50,432 [INFO] Pass: Optimize1qGatesDecomposition - 0.71025 (ms)
2026-07-13 11:39:50,432 [INFO] Pass: InverseCancellation - 0.00715 (ms)
2026-07-13 11:39:50,433 [INFO] Pass: BasisTranslator - 0.82493 (ms)
2026-07-13 11:39:50,433 [INFO] Pass: Depth - 0.17953 (ms)
2026-07-13 11:39:50,433 [INFO] Pass: GatesInBasis - 0.83876 (ms)
2026-07-13 11:39:50,433 [INFO] Pass: FixedPoint - 0.00787 (ms)
2026-07-13 11:39:50,433 [INFO] Pass: Size - 0.06008 (ms)
2026-07-13 11:39:50,433 [INFO] Pass: FixedPoint - 0.00453 (ms)
2026-07-13 11:39:50,433 [INFO] Pass: Depth - 0.15664 (ms)
2026-07-13 11:39:50,433 [INFO] Pass: FixedPoint - 0.00525 (ms)
2026-07-13 11:39:50,433 [INFO] Pass: Size - 0.05627 (ms)
2026-07-13 11:39:50,433 [INFO] Pass: FixedPoint - 0.00405 (ms)
2026-07-13 11:39:50,433 [INFO] Pass: ContainsInstruction - 0.00548 (ms)
2026-07-13 11:39:50,434 [INFO] Pass: Optimize1qGatesDecomposition - 0.86808 (ms)
2026-07-13 11:39:50,434 [INFO] Pass: InverseCancellation - 0.00811 (ms)
2026-07-13 11:39:50,434 [INFO] Pass: ContainsInstruction - 0.00811 (ms)
2026-07-13 11:39:50,435 [INFO] Pass: InverseCancellation - 0.16999 (ms)
2026-07-13 11:39:50,435 [INFO] Pass: UnitarySynthesis - 0.00548 (ms)
2026-07-13 11:39:50,435 [INFO] Total Transpile Time - 65.64808 (ms)
2026-07-13 11:39:50,435 [INFO] Pass: GatesInBasis - 0.79918 (ms)
2026-07-13 11:39:50,435 [INFO] Pass: Depth - 0.16427 (ms)
2026-07-13 11:39:50,435 [INFO] Pass: FixedPoint - 0.00548 (ms)
2026-07-13 11:39:50,435 [INFO] Pass: Size - 0.06080 (ms)
2026-07-13 11:39:50,435 [INFO] Pass: FixedPoint - 0.00429 (ms)
2026-07-13 11:39:50,436 [INFO] Pass: HighLevelSynthesis - 1.46627 (ms)
2026-07-13 11:39:50,436 [INFO] Pass: Optimize1qGatesDecomposition - 0.71001 (ms)
2026-07-13 11:39:50,436 [INFO] Pass: InverseCancellation - 0.00763 (ms)
2026-07-13 11:39:50,437 [INFO] Pass: BasisTranslator - 0.78940 (ms)
2026-07-13 11:39:50,437 [INFO] Pass: GatesInBasis - 0.84472 (ms)
2026-07-13 11:39:50,437 [INFO] Pass: Depth - 0.17548 (ms)
2026-07-13 11:39:50,437 [INFO] Pass: FixedPoint - 0.00834 (ms)
2026-07-13 11:39:50,437 [INFO] Pass: Size - 0.06032 (ms)
2026-07-13 11:39:50,437 [INFO] Pass: Depth - 0.16069 (ms)
2026-07-13 11:39:50,437 [INFO] Pass: FixedPoint - 0.00429 (ms)
2026-07-13 11:39:50,437 [INFO] Pass: FixedPoint - 0.00548 (ms)
2026-07-13 11:39:50,437 [INFO] Pass: Size - 0.05746 (ms)
2026-07-13 11:39:50,437 [INFO] Pass: FixedPoint - 0.00405 (ms)
2026-07-13 11:39:50,437 [INFO] Pass: ContainsInstruction - 0.00572 (ms)
2026-07-13 11:39:50,438 [INFO] Pass: Optimize1qGatesDecomposition - 0.86999 (ms)
2026-07-13 11:39:50,438 [INFO] Pass: InverseCancellation - 0.00906 (ms)
2026-07-13 11:39:50,439 [INFO] Pass: ContainsInstruction - 0.01121 (ms)
2026-07-13 11:39:50,439 [INFO] Total Transpile Time - 65.65738 (ms)
2026-07-13 11:39:50,439 [INFO] Pass: InverseCancellation - 0.16880 (ms)
2026-07-13 11:39:50,439 [INFO] Pass: UnitarySynthesis - 0.00525 (ms)
2026-07-13 11:39:50,439 [INFO] Pass: GatesInBasis - 0.79656 (ms)
2026-07-13 11:39:50,439 [INFO] Pass: Depth - 0.16141 (ms)
2026-07-13 11:39:50,439 [INFO] Pass: FixedPoint - 0.00572 (ms)
2026-07-13 11:39:50,439 [INFO] Pass: Size - 0.05746 (ms)
2026-07-13 11:39:50,440 [INFO] Pass: FixedPoint - 0.00429 (ms)
2026-07-13 11:39:50,440 [INFO] Pass: Optimize1qGatesDecomposition - 0.69928 (ms)
2026-07-13 11:39:50,440 [INFO] Pass: InverseCancellation - 0.00787 (ms)
2026-07-13 11:39:50,440 [INFO] Pass: HighLevelSynthesis - 1.49632 (ms)
2026-07-13 11:39:50,441 [INFO] Pass: GatesInBasis - 0.86784 (ms)
2026-07-13 11:39:50,441 [INFO] Pass: BasisTranslator - 0.78654 (ms)
2026-07-13 11:39:50,441 [INFO] Pass: Depth - 0.15950 (ms)
2026-07-13 11:39:50,441 [INFO] Pass: FixedPoint - 0.00548 (ms)
2026-07-13 11:39:50,442 [INFO] Pass: Depth - 0.17977 (ms)
2026-07-13 11:39:50,442 [INFO] Pass: FixedPoint - 0.00811 (ms)
2026-07-13 11:39:50,442 [INFO] Pass: Size - 0.06533 (ms)
2026-07-13 11:39:50,442 [INFO] Pass: FixedPoint - 0.00429 (ms)
2026-07-13 11:39:50,442 [INFO] Pass: ContainsInstruction - 0.00620 (ms)
2026-07-13 11:39:50,442 [INFO] Pass: Size - 0.06104 (ms)
2026-07-13 11:39:50,442 [INFO] Pass: FixedPoint - 0.00429 (ms)
2026-07-13 11:39:50,443 [INFO] Pass: Optimize1qGatesDecomposition - 0.86713 (ms)
2026-07-13 11:39:50,443 [INFO] Pass: InverseCancellation - 0.00882 (ms)
2026-07-13 11:39:50,443 [INFO] Total Transpile Time - 65.63425 (ms)
2026-07-13 11:39:50,443 [INFO] Pass: ContainsInstruction - 0.00882 (ms)
2026-07-13 11:39:50,443 [INFO] Pass: GatesInBasis - 0.78869 (ms)
2026-07-13 11:39:50,444 [INFO] Pass: InverseCancellation - 0.17071 (ms)
2026-07-13 11:39:50,444 [INFO] Pass: UnitarySynthesis - 0.00596 (ms)
2026-07-13 11:39:50,444 [INFO] Pass: Depth - 0.17047 (ms)
2026-07-13 11:39:50,444 [INFO] Pass: FixedPoint - 0.00596 (ms)
2026-07-13 11:39:50,444 [INFO] Pass: Size - 0.05770 (ms)
2026-07-13 11:39:50,444 [INFO] Pass: FixedPoint - 0.00429 (ms)
2026-07-13 11:39:50,445 [INFO] Pass: Optimize1qGatesDecomposition - 0.70119 (ms)
2026-07-13 11:39:50,445 [INFO] Pass: InverseCancellation - 0.00739 (ms)
2026-07-13 11:39:50,445 [INFO] Pass: HighLevelSynthesis - 1.50394 (ms)
2026-07-13 11:39:50,446 [INFO] Pass: GatesInBasis - 0.87309 (ms)
2026-07-13 11:39:50,446 [INFO] Pass: Depth - 0.16093 (ms)
2026-07-13 11:39:50,446 [INFO] Pass: FixedPoint - 0.00596 (ms)
2026-07-13 11:39:50,446 [INFO] Pass: Size - 0.05698 (ms)
2026-07-13 11:39:50,446 [INFO] Pass: FixedPoint - 0.00429 (ms)
2026-07-13 11:39:50,446 [INFO] Pass: BasisTranslator - 0.79799 (ms)
2026-07-13 11:39:50,446 [INFO] Pass: ContainsInstruction - 0.00596 (ms)
2026-07-13 11:39:50,446 [INFO] Pass: Depth - 0.17881 (ms)
2026-07-13 11:39:50,446 [INFO] Pass: FixedPoint - 0.00906 (ms)
2026-07-13 11:39:50,446 [INFO] Pass: Size - 0.06032 (ms)
2026-07-13 11:39:50,446 [INFO] Pass: FixedPoint - 0.00429 (ms)
2026-07-13 11:39:50,447 [INFO] Pass: Optimize1qGatesDecomposition - 0.88239 (ms)
2026-07-13 11:39:50,447 [INFO] Pass: InverseCancellation - 0.00954 (ms)
2026-07-13 11:39:50,447 [INFO] Total Transpile Time - 65.72199 (ms)
2026-07-13 11:39:50,448 [INFO] Pass: GatesInBasis - 0.80943 (ms)
2026-07-13 11:39:50,448 [INFO] Pass: Depth - 0.16546 (ms)
2026-07-13 11:39:50,448 [INFO] Pass: FixedPoint - 0.00668 (ms)
2026-07-13 11:39:50,449 [INFO] Pass: Size - 0.06485 (ms)
2026-07-13 11:39:50,449 [INFO] Pass: FixedPoint - 0.00453 (ms)
2026-07-13 11:39:50,449 [INFO] Pass: Optimize1qGatesDecomposition - 0.71931 (ms)
2026-07-13 11:39:50,449 [INFO] Pass: InverseCancellation - 0.00882 (ms)
2026-07-13 11:39:50,450 [INFO] Pass: GatesInBasis - 0.85974 (ms)
2026-07-13 11:39:50,451 [INFO] Pass: Depth - 0.15998 (ms)
2026-07-13 11:39:50,451 [INFO] Pass: FixedPoint - 0.00620 (ms)
2026-07-13 11:39:50,451 [INFO] Pass: Size - 0.05746 (ms)
2026-07-13 11:39:50,451 [INFO] Pass: FixedPoint - 0.00405 (ms)
2026-07-13 11:39:50,451 [INFO] Pass: ContainsInstruction - 0.00620 (ms)
2026-07-13 11:39:50,452 [INFO] Total Transpile Time - 66.41936 (ms)
2026-07-13 11:39:50,881 [INFO] [PCE] Aer metadata (1a ejecucion de este proceso): device=CPU method=statevector shots=2048 fusion_enabled=True
2026-07-13 11:39:50,884 [INFO] [PCE] Aer metadata (1a ejecucion de este proceso): device=CPU method=statevector shots=2048 fusion_enabled=True
2026-07-13 11:39:50,886 [INFO] [PCE] Aer metadata (1a ejecucion de este proceso): device=CPU method=statevector shots=2048 fusion_enabled=True
2026-07-13 11:39:50,889 [INFO] [PCE] Aer metadata (1a ejecucion de este proceso): device=CPU method=statevector shots=2048 fusion_enabled=True
2026-07-13 11:39:50,892 [INFO] [PCE] Aer metadata (1a ejecucion de este proceso): device=CPU method=statevector shots=2048 fusion_enabled=True
2026-07-13 11:39:50,895 [INFO] [PCE] Aer metadata (1a ejecucion de este proceso): device=CPU method=statevector shots=2048 fusion_enabled=True
2026-07-13 11:39:50,898 [INFO] [PCE] Aer metadata (1a ejecucion de este proceso): device=CPU method=statevector shots=2048 fusion_enabled=True
2026-07-13 11:39:50,903 [INFO] [PCE] Aer metadata (1a ejecucion de este proceso): device=CPU method=statevector shots=2048 fusion_enabled=True
2026-07-13 11:39:50,906 [INFO] [PCE] Aer metadata (1a ejecucion de este proceso): device=CPU method=statevector shots=2048 fusion_enabled=True
2026-07-13 11:39:50,909 [INFO] [PCE] Aer metadata (1a ejecucion de este proceso): device=CPU method=statevector shots=2048 fusion_enabled=True
2026-07-13 11:39:50,912 [INFO] [PCE] Aer metadata (1a ejecucion de este proceso): device=CPU method=statevector shots=2048 fusion_enabled=True
2026-07-13 11:39:50,914 [INFO] [PCE] Aer metadata (1a ejecucion de este proceso): device=CPU method=statevector shots=2048 fusion_enabled=True
2026-07-13 11:39:50,917 [INFO] [PCE] Aer metadata (1a ejecucion de este proceso): device=CPU method=statevector shots=2048 fusion_enabled=True
2026-07-13 11:39:50,918 [INFO] [PCE] Aer metadata (1a ejecucion de este proceso): device=CPU method=statevector shots=2048 fusion_enabled=True
2026-07-13 15:02:00,940 [INFO] [PCE] n=200 instancia (idx=76) 1/14 completada (paralelo) - transcurrido=0:03:22:11
2026-07-13 15:02:13,068 [INFO] [PCE] n=200 instancia (idx=41) 2/14 completada (paralelo) - transcurrido=0:03:22:23
2026-07-13 15:02:37,767 [INFO] [PCE] n=200 instancia (idx=90) 3/14 completada (paralelo) - transcurrido=0:03:22:48
2026-07-13 15:02:41,391 [INFO] [PCE] n=200 instancia (idx=34) 4/14 completada (paralelo) - transcurrido=0:03:22:51
2026-07-13 15:02:50,743 [INFO] [PCE] n=200 instancia (idx=13) 5/14 completada (paralelo) - transcurrido=0:03:23:01
2026-07-13 15:02:54,035 [INFO] [PCE] n=200 instancia (idx=55) 6/14 completada (paralelo) - transcurrido=0:03:23:04
2026-07-13 15:09:47,442 [INFO] [PCE] n=200 instancia (idx=69) 7/14 completada (paralelo) - transcurrido=0:03:29:57
2026-07-13 15:10:09,166 [INFO] [PCE] n=200 instancia (idx=27) 8/14 completada (paralelo) - transcurrido=0:03:30:19
2026-07-13 15:10:39,433 [INFO] [PCE] n=200 instancia (idx=6) 9/14 completada (paralelo) - transcurrido=0:03:30:49
2026-07-13 15:11:22,641 [INFO] [PCE] n=200 instancia (idx=20) 10/14 completada (paralelo) - transcurrido=0:03:31:33
2026-07-13 15:11:24,111 [INFO] [PCE] n=200 instancia (idx=62) 11/14 completada (paralelo) - transcurrido=0:03:31:34
2026-07-13 15:13:18,482 [INFO] [PCE] n=200 instancia (idx=48) 12/14 completada (paralelo) - transcurrido=0:03:33:28
2026-07-13 15:13:32,737 [INFO] [PCE] n=200 instancia (idx=83) 13/14 completada (paralelo) - transcurrido=0:03:33:43
2026-07-13 15:16:09,481 [INFO] [PCE] n=200 instancia (idx=97) 14/14 completada (paralelo) - transcurrido=0:03:36:19
2026-07-13 15:16:09,567 [INFO] [PCE] n=200 chunk 7/7 completado - beta_parcial=0.2525 duration=0:03:36:19 shots=2048 backend=AER
