slurmstepd: info: Setting TMPDIR to /scratch/512950. Previous errors about TMPDIR can be discarded
==============================
RUN_ID: 20260706-092044
Array ID: 6
num_nodes: 200
num_instances: 50
optimizer: DIFFERENTIALEVOLUTION
cpus_per_task: 16
sim_device: CPU
sim_method: statevector
==============================

==============================
num_nodes    = 200
num_instances= 50
k            = 3
optimizer    = DIFFERENTIALEVOLUTION
maxiter      = 20
outdir       = Resultados/PCE/20260706-092044
==============================


✔ n=200 beta=0.7925 ± 0.0112 (PASSED)
✔ Resultado guardado en: Resultados/PCE/20260706-092044/n_200.h5
Fecha fin: Tue Jul  7 05:47:39 CEST 2026

*****************************************************************************
*                                                                           *
*                    JOB EFFICIENCY REPORT (seff 512950)                   *
*                                                                           *
*****************************************************************************

Job ID: 512950
Array Job ID: 512943_6
Cluster: qmio
User/Group: tec_app6/cesga
State: COMPLETED (exit code 0)
Nodes: 1
Cores per node: 16
CPU Utilized: 2-00:31:13
CPU Efficiency: 14.89% of 13-13:57:52 core-walltime
Job Wall-clock time: 20:22:22
Memory Utilized: 1003.54 MB
Memory Efficiency: 6.13% of 16.00 GB

 +++++++++++++++++++++++++++++++++++++++++++++++++++++++++++++++++++++++++++
 ++   Memory Efficiency is too small. Please review the requested memory. ++
 ++ It seems that you do not need that much memory so we recommend        ++
 ++ requesting less memory in other similar jobs.                         ++
 +++++++++++++++++++++++++++++++++++++++++++++++++++++++++++++++++++++++++++
 
*****************************************************************************

