slurmstepd: info: Setting TMPDIR to /scratch/512949. Previous errors about TMPDIR can be discarded
==============================
RUN_ID: 20260706-092044
Array ID: 5
num_nodes: 250
num_instances: 50
optimizer: DIFFERENTIALEVOLUTION
cpus_per_task: 16
sim_device: CPU
sim_method: statevector
==============================

==============================
num_nodes    = 250
num_instances= 50
k            = 3
optimizer    = DIFFERENTIALEVOLUTION
maxiter      = 20
outdir       = Resultados/PCE/20260706-092044
==============================


✔ n=250 beta=0.7514 ± 0.0095 (PASSED)
✔ Resultado guardado en: Resultados/PCE/20260706-092044/n_250.h5
Fecha fin: Tue Jul  7 15:25:12 CEST 2026

*****************************************************************************
*                                                                           *
*                    JOB EFFICIENCY REPORT (seff 512949)                   *
*                                                                           *
*****************************************************************************

Job ID: 512949
Array Job ID: 512943_5
Cluster: qmio
User/Group: tec_app6/cesga
State: COMPLETED (exit code 0)
Nodes: 1
Cores per node: 16
CPU Utilized: 2-11:38:08
CPU Efficiency: 12.42% of 19-23:58:40 core-walltime
Job Wall-clock time: 1-05:59:55
Memory Utilized: 1.14 GB
Memory Efficiency: 7.11% of 16.00 GB

 +++++++++++++++++++++++++++++++++++++++++++++++++++++++++++++++++++++++++++
 ++   Memory Efficiency is too small. Please review the requested memory. ++
 ++ It seems that you do not need that much memory so we recommend        ++
 ++ requesting less memory in other similar jobs.                         ++
 +++++++++++++++++++++++++++++++++++++++++++++++++++++++++++++++++++++++++++
 
*****************************************************************************

