gcc/system unloaded
gcccore/system unloaded
cesga/2022 unloaded
rust/1.75.0 unloaded
imkl/2022.0.1 unloaded
numpy/1.26.4 unloaded
scipy/1.13.1 unloaded
flint/2.8.4 unloaded
symengine/0.11.1 unloaded
symengine-python/0.11.0 unloaded
spdlog/1.9.2 unloaded
pylatexenc/2.10 unloaded
qiskit/1.2.4-aer-gpu-cu11 unloaded
        Preparing the environment for use of the CESGA 2022 software stack.
        Please rebuild modules cache: module --ignore-cache avail
     
cesga/2022 loaded
rust/1.75.0 loaded

imkl/2023.2.0 loaded
numpy/1.26.4 loaded
scipy/1.13.1 loaded
imkl/2023.2.0 unloaded

imkl/2022.0.1 loaded
flint/2.8.4 loaded
symengine/0.11.1 loaded
symengine-python/0.11.0 loaded
spdlog/1.9.2 loaded
pylatexenc/2.10 loaded
gcccore/system loaded
gcc/system loaded
qiskit/1.2.4-aer-gpu-cu11 loaded
2026-07-13 09:38:10,972 [INFO] [PCE] n=200 chunk 2/4: 25 instancias [1, 5, 9, 13, 17, 21, 25, 29, 33, 37, 41, 45, 49, 53, 57, 61, 65, 69, 73, 77, 81, 85, 89, 93, 97], num_workers=16, qubits=13
2026-07-13 09:38:10,972 [INFO] [PCE] n=200 paralelizando 25 instancias entre 16 workers (max_parallel_threads=1 fijo, independiente de num_workers)
2026-07-13 09:38:11,095 [INFO] Pass: ContainsInstruction - 0.01526 (ms)
2026-07-13 09:38:11,095 [INFO] Pass: ContainsInstruction - 0.01526 (ms)
2026-07-13 09:38:11,096 [INFO] Pass: InverseCancellation - 0.01597 (ms)
2026-07-13 09:38:11,096 [INFO] Pass: InverseCancellation - 0.01526 (ms)
2026-07-13 09:38:11,096 [INFO] Pass: UnitarySynthesis - 0.00525 (ms)
2026-07-13 09:38:11,096 [INFO] Pass: UnitarySynthesis - 0.00548 (ms)
2026-07-13 09:38:11,097 [INFO] Pass: HighLevelSynthesis - 1.08695 (ms)
2026-07-13 09:38:11,097 [INFO] Pass: HighLevelSynthesis - 1.09410 (ms)
2026-07-13 09:38:11,097 [INFO] Pass: BasisTranslator - 0.53835 (ms)
2026-07-13 09:38:11,097 [INFO] Pass: BasisTranslator - 0.54550 (ms)
2026-07-13 09:38:11,097 [INFO] Pass: ContainsInstruction - 0.01526 (ms)
2026-07-13 09:38:11,098 [INFO] Pass: Depth - 0.16141 (ms)
2026-07-13 09:38:11,098 [INFO] Pass: Depth - 0.15998 (ms)
2026-07-13 09:38:11,098 [INFO] Pass: InverseCancellation - 0.01550 (ms)
2026-07-13 09:38:11,098 [INFO] Pass: FixedPoint - 0.01168 (ms)
2026-07-13 09:38:11,098 [INFO] Pass: FixedPoint - 0.01097 (ms)
2026-07-13 09:38:11,098 [INFO] Pass: UnitarySynthesis - 0.00548 (ms)
2026-07-13 09:38:11,098 [INFO] Pass: Size - 0.05460 (ms)
2026-07-13 09:38:11,098 [INFO] Pass: Size - 0.04792 (ms)
2026-07-13 09:38:11,098 [INFO] Pass: FixedPoint - 0.00453 (ms)
2026-07-13 09:38:11,098 [INFO] Pass: FixedPoint - 0.00501 (ms)
2026-07-13 09:38:11,098 [INFO] Pass: Optimize1qGatesDecomposition - 0.11683 (ms)
2026-07-13 09:38:11,098 [INFO] Pass: Optimize1qGatesDecomposition - 0.12326 (ms)
2026-07-13 09:38:11,098 [INFO] Pass: InverseCancellation - 0.00739 (ms)
2026-07-13 09:38:11,098 [INFO] Pass: InverseCancellation - 0.00763 (ms)
2026-07-13 09:38:11,099 [INFO] Pass: GatesInBasis - 0.56744 (ms)
2026-07-13 09:38:11,099 [INFO] Pass: GatesInBasis - 0.60892 (ms)
2026-07-13 09:38:11,099 [INFO] Pass: Depth - 0.12136 (ms)
2026-07-13 09:38:11,099 [INFO] Pass: FixedPoint - 0.00525 (ms)
2026-07-13 09:38:11,099 [INFO] Pass: Depth - 0.12565 (ms)
2026-07-13 09:38:11,099 [INFO] Pass: HighLevelSynthesis - 1.08600 (ms)
2026-07-13 09:38:11,099 [INFO] Pass: FixedPoint - 0.00548 (ms)
2026-07-13 09:38:11,099 [INFO] Pass: Size - 0.04554 (ms)
2026-07-13 09:38:11,099 [INFO] Pass: FixedPoint - 0.00405 (ms)
2026-07-13 09:38:11,099 [INFO] Pass: Size - 0.04649 (ms)
2026-07-13 09:38:11,099 [INFO] Pass: ContainsInstruction - 0.00525 (ms)
2026-07-13 09:38:11,099 [INFO] Pass: FixedPoint - 0.00405 (ms)
2026-07-13 09:38:11,099 [INFO] Pass: ContainsInstruction - 0.00525 (ms)
2026-07-13 09:38:11,099 [INFO] Pass: BasisTranslator - 0.53811 (ms)
2026-07-13 09:38:11,100 [INFO] Pass: Depth - 0.15831 (ms)
2026-07-13 09:38:11,100 [INFO] Pass: FixedPoint - 0.01097 (ms)
2026-07-13 09:38:11,100 [INFO] Pass: Size - 0.05102 (ms)
2026-07-13 09:38:11,100 [INFO] Pass: FixedPoint - 0.00429 (ms)
2026-07-13 09:38:11,100 [INFO] Pass: Optimize1qGatesDecomposition - 0.11563 (ms)
2026-07-13 09:38:11,100 [INFO] Pass: InverseCancellation - 0.00715 (ms)
2026-07-13 09:38:11,100 [INFO] Total Transpile Time - 72.95561 (ms)
2026-07-13 09:38:11,100 [INFO] Total Transpile Time - 72.82877 (ms)
2026-07-13 09:38:11,101 [INFO] Pass: GatesInBasis - 0.58317 (ms)
2026-07-13 09:38:11,101 [INFO] Pass: Depth - 0.11992 (ms)
2026-07-13 09:38:11,101 [INFO] Pass: FixedPoint - 0.00501 (ms)
2026-07-13 09:38:11,101 [INFO] Pass: Size - 0.04578 (ms)
2026-07-13 09:38:11,101 [INFO] Pass: FixedPoint - 0.00429 (ms)
2026-07-13 09:38:11,101 [INFO] Pass: ContainsInstruction - 0.00477 (ms)
2026-07-13 09:38:11,102 [INFO] Pass: ContainsInstruction - 0.01693 (ms)
2026-07-13 09:38:11,102 [INFO] Pass: InverseCancellation - 0.01550 (ms)
2026-07-13 09:38:11,102 [INFO] Pass: UnitarySynthesis - 0.01144 (ms)
2026-07-13 09:38:11,102 [INFO] Total Transpile Time - 70.88304 (ms)
2026-07-13 09:38:11,103 [INFO] Pass: HighLevelSynthesis - 1.10626 (ms)
2026-07-13 09:38:11,104 [INFO] Pass: BasisTranslator - 0.58031 (ms)
2026-07-13 09:38:11,104 [INFO] Pass: Depth - 0.16308 (ms)
2026-07-13 09:38:11,104 [INFO] Pass: FixedPoint - 0.01216 (ms)
2026-07-13 09:38:11,104 [INFO] Pass: Size - 0.04816 (ms)
2026-07-13 09:38:11,104 [INFO] Pass: FixedPoint - 0.00429 (ms)
2026-07-13 09:38:11,104 [INFO] Pass: Optimize1qGatesDecomposition - 0.12016 (ms)
2026-07-13 09:38:11,104 [INFO] Pass: InverseCancellation - 0.00763 (ms)
2026-07-13 09:38:11,105 [INFO] Pass: ContainsInstruction - 0.01407 (ms)
2026-07-13 09:38:11,105 [INFO] Pass: InverseCancellation - 0.01669 (ms)
2026-07-13 09:38:11,105 [INFO] Pass: UnitarySynthesis - 0.00501 (ms)
2026-07-13 09:38:11,105 [INFO] Pass: GatesInBasis - 0.53930 (ms)
2026-07-13 09:38:11,105 [INFO] Pass: Depth - 0.12064 (ms)
2026-07-13 09:38:11,105 [INFO] Pass: FixedPoint - 0.00525 (ms)
2026-07-13 09:38:11,105 [INFO] Pass: Size - 0.04578 (ms)
2026-07-13 09:38:11,105 [INFO] Pass: FixedPoint - 0.00405 (ms)
2026-07-13 09:38:11,105 [INFO] Pass: ContainsInstruction - 0.00501 (ms)
2026-07-13 09:38:11,106 [INFO] Pass: HighLevelSynthesis - 1.09601 (ms)
2026-07-13 09:38:11,107 [INFO] Total Transpile Time - 72.13521 (ms)
2026-07-13 09:38:11,107 [INFO] Pass: BasisTranslator - 0.54455 (ms)
2026-07-13 09:38:11,107 [INFO] Pass: Depth - 0.15664 (ms)
2026-07-13 09:38:11,107 [INFO] Pass: FixedPoint - 0.01144 (ms)
2026-07-13 09:38:11,107 [INFO] Pass: Size - 0.05102 (ms)
2026-07-13 09:38:11,107 [INFO] Pass: FixedPoint - 0.00429 (ms)
2026-07-13 09:38:11,107 [INFO] Pass: Optimize1qGatesDecomposition - 0.12875 (ms)
2026-07-13 09:38:11,107 [INFO] Pass: InverseCancellation - 0.00715 (ms)
2026-07-13 09:38:11,108 [INFO] Pass: GatesInBasis - 0.54717 (ms)
2026-07-13 09:38:11,108 [INFO] Pass: Depth - 0.12088 (ms)
2026-07-13 09:38:11,108 [INFO] Pass: FixedPoint - 0.00548 (ms)
2026-07-13 09:38:11,108 [INFO] Pass: Size - 0.04697 (ms)
2026-07-13 09:38:11,108 [INFO] Pass: FixedPoint - 0.00429 (ms)
2026-07-13 09:38:11,108 [INFO] Pass: ContainsInstruction - 0.00501 (ms)
2026-07-13 09:38:11,109 [INFO] Total Transpile Time - 72.07179 (ms)
2026-07-13 09:38:11,110 [INFO] Pass: ContainsInstruction - 0.01335 (ms)
2026-07-13 09:38:11,110 [INFO] Pass: InverseCancellation - 0.01979 (ms)
2026-07-13 09:38:11,110 [INFO] Pass: UnitarySynthesis - 0.00548 (ms)
2026-07-13 09:38:11,111 [INFO] Pass: HighLevelSynthesis - 1.07718 (ms)
2026-07-13 09:38:11,112 [INFO] Pass: ContainsInstruction - 0.01454 (ms)
2026-07-13 09:38:11,112 [INFO] Pass: InverseCancellation - 0.01645 (ms)
2026-07-13 09:38:11,112 [INFO] Pass: BasisTranslator - 0.53096 (ms)
2026-07-13 09:38:11,112 [INFO] Pass: UnitarySynthesis - 0.00501 (ms)
2026-07-13 09:38:11,112 [INFO] Pass: Depth - 0.15974 (ms)
2026-07-13 09:38:11,112 [INFO] Pass: FixedPoint - 0.01073 (ms)
2026-07-13 09:38:11,112 [INFO] Pass: Size - 0.05245 (ms)
2026-07-13 09:38:11,112 [INFO] Pass: FixedPoint - 0.00429 (ms)
2026-07-13 09:38:11,112 [INFO] Pass: Optimize1qGatesDecomposition - 0.12159 (ms)
2026-07-13 09:38:11,112 [INFO] Pass: InverseCancellation - 0.00739 (ms)
2026-07-13 09:38:11,113 [INFO] Pass: HighLevelSynthesis - 1.07718 (ms)
2026-07-13 09:38:11,113 [INFO] Pass: GatesInBasis - 0.54002 (ms)
2026-07-13 09:38:11,113 [INFO] Pass: Depth - 0.12779 (ms)
2026-07-13 09:38:11,113 [INFO] Pass: FixedPoint - 0.00548 (ms)
2026-07-13 09:38:11,113 [INFO] Pass: Size - 0.04601 (ms)
2026-07-13 09:38:11,113 [INFO] Pass: FixedPoint - 0.00405 (ms)
2026-07-13 09:38:11,113 [INFO] Pass: ContainsInstruction - 0.00501 (ms)
2026-07-13 09:38:11,113 [INFO] Pass: ContainsInstruction - 0.01287 (ms)
2026-07-13 09:38:11,113 [INFO] Pass: InverseCancellation - 0.02050 (ms)
2026-07-13 09:38:11,114 [INFO] Pass: UnitarySynthesis - 0.00525 (ms)
2026-07-13 09:38:11,114 [INFO] Pass: BasisTranslator - 0.59128 (ms)
2026-07-13 09:38:11,114 [INFO] Pass: Depth - 0.15330 (ms)
2026-07-13 09:38:11,114 [INFO] Pass: FixedPoint - 0.01025 (ms)
2026-07-13 09:38:11,114 [INFO] Pass: Size - 0.04721 (ms)
2026-07-13 09:38:11,114 [INFO] Pass: FixedPoint - 0.00429 (ms)
2026-07-13 09:38:11,114 [INFO] Pass: Optimize1qGatesDecomposition - 0.12088 (ms)
2026-07-13 09:38:11,114 [INFO] Pass: InverseCancellation - 0.00691 (ms)
2026-07-13 09:38:11,115 [INFO] Total Transpile Time - 73.54236 (ms)
2026-07-13 09:38:11,115 [INFO] Pass: HighLevelSynthesis - 1.09029 (ms)
2026-07-13 09:38:11,115 [INFO] Pass: GatesInBasis - 0.54431 (ms)
2026-07-13 09:38:11,115 [INFO] Pass: Depth - 0.12016 (ms)
2026-07-13 09:38:11,115 [INFO] Pass: FixedPoint - 0.00501 (ms)
2026-07-13 09:38:11,115 [INFO] Pass: Size - 0.04554 (ms)
2026-07-13 09:38:11,115 [INFO] Pass: FixedPoint - 0.00405 (ms)
2026-07-13 09:38:11,115 [INFO] Pass: ContainsInstruction - 0.00453 (ms)
2026-07-13 09:38:11,115 [INFO] Pass: BasisTranslator - 0.59009 (ms)
2026-07-13 09:38:11,116 [INFO] Pass: Depth - 0.15378 (ms)
2026-07-13 09:38:11,116 [INFO] Pass: FixedPoint - 0.01097 (ms)
2026-07-13 09:38:11,116 [INFO] Pass: Size - 0.04840 (ms)
2026-07-13 09:38:11,116 [INFO] Pass: FixedPoint - 0.00477 (ms)
2026-07-13 09:38:11,116 [INFO] Pass: Optimize1qGatesDecomposition - 0.11897 (ms)
2026-07-13 09:38:11,116 [INFO] Pass: InverseCancellation - 0.00715 (ms)
2026-07-13 09:38:11,116 [INFO] Total Transpile Time - 71.51651 (ms)
2026-07-13 09:38:11,116 [INFO] Pass: GatesInBasis - 0.54741 (ms)
2026-07-13 09:38:11,117 [INFO] Pass: Depth - 0.12016 (ms)
2026-07-13 09:38:11,117 [INFO] Pass: FixedPoint - 0.00501 (ms)
2026-07-13 09:38:11,117 [INFO] Pass: Size - 0.04554 (ms)
2026-07-13 09:38:11,117 [INFO] Pass: FixedPoint - 0.00429 (ms)
2026-07-13 09:38:11,117 [INFO] Pass: ContainsInstruction - 0.00501 (ms)
2026-07-13 09:38:11,117 [INFO] Pass: ContainsInstruction - 0.01454 (ms)
2026-07-13 09:38:11,117 [INFO] Pass: InverseCancellation - 0.01621 (ms)
2026-07-13 09:38:11,117 [INFO] Pass: UnitarySynthesis - 0.00525 (ms)
2026-07-13 09:38:11,118 [INFO] Total Transpile Time - 69.93365 (ms)
2026-07-13 09:38:11,118 [INFO] Pass: HighLevelSynthesis - 1.08767 (ms)
2026-07-13 09:38:11,119 [INFO] Pass: BasisTranslator - 0.59295 (ms)
2026-07-13 09:38:11,119 [INFO] Pass: Depth - 0.15616 (ms)
2026-07-13 09:38:11,119 [INFO] Pass: FixedPoint - 0.01049 (ms)
2026-07-13 09:38:11,119 [INFO] Pass: Size - 0.04864 (ms)
2026-07-13 09:38:11,119 [INFO] Pass: FixedPoint - 0.00429 (ms)
2026-07-13 09:38:11,119 [INFO] Pass: Optimize1qGatesDecomposition - 0.11730 (ms)
2026-07-13 09:38:11,119 [INFO] Pass: InverseCancellation - 0.00906 (ms)
2026-07-13 09:38:11,120 [INFO] Pass: GatesInBasis - 0.53859 (ms)
2026-07-13 09:38:11,120 [INFO] Pass: Depth - 0.12016 (ms)
2026-07-13 09:38:11,120 [INFO] Pass: FixedPoint - 0.00525 (ms)
2026-07-13 09:38:11,120 [INFO] Pass: Size - 0.04530 (ms)
2026-07-13 09:38:11,120 [INFO] Pass: FixedPoint - 0.00429 (ms)
2026-07-13 09:38:11,120 [INFO] Pass: ContainsInstruction - 0.00429 (ms)
2026-07-13 09:38:11,122 [INFO] Total Transpile Time - 70.13249 (ms)
2026-07-13 09:38:11,125 [INFO] Pass: ContainsInstruction - 0.01359 (ms)
2026-07-13 09:38:11,125 [INFO] Pass: InverseCancellation - 0.01717 (ms)
2026-07-13 09:38:11,125 [INFO] Pass: ContainsInstruction - 0.01407 (ms)
2026-07-13 09:38:11,125 [INFO] Pass: UnitarySynthesis - 0.00477 (ms)
2026-07-13 09:38:11,125 [INFO] Pass: InverseCancellation - 0.01717 (ms)
2026-07-13 09:38:11,125 [INFO] Pass: UnitarySynthesis - 0.00525 (ms)
2026-07-13 09:38:11,126 [INFO] Pass: HighLevelSynthesis - 1.11580 (ms)
2026-07-13 09:38:11,126 [INFO] Pass: HighLevelSynthesis - 1.08814 (ms)
2026-07-13 09:38:11,127 [INFO] Pass: BasisTranslator - 0.61631 (ms)
2026-07-13 09:38:11,127 [INFO] Pass: BasisTranslator - 0.59271 (ms)
2026-07-13 09:38:11,127 [INFO] Pass: Depth - 0.17095 (ms)
2026-07-13 09:38:11,127 [INFO] Pass: Depth - 0.15807 (ms)
2026-07-13 09:38:11,127 [INFO] Pass: FixedPoint - 0.01097 (ms)
2026-07-13 09:38:11,127 [INFO] Pass: FixedPoint - 0.01049 (ms)
2026-07-13 09:38:11,127 [INFO] Pass: Size - 0.06080 (ms)
2026-07-13 09:38:11,127 [INFO] Pass: Size - 0.04840 (ms)
2026-07-13 09:38:11,127 [INFO] Pass: FixedPoint - 0.00477 (ms)
2026-07-13 09:38:11,127 [INFO] Pass: FixedPoint - 0.00453 (ms)
2026-07-13 09:38:11,127 [INFO] Pass: Optimize1qGatesDecomposition - 0.12684 (ms)
2026-07-13 09:38:11,127 [INFO] Pass: Optimize1qGatesDecomposition - 0.11468 (ms)
2026-07-13 09:38:11,127 [INFO] Pass: InverseCancellation - 0.00763 (ms)
2026-07-13 09:38:11,127 [INFO] Pass: InverseCancellation - 0.00691 (ms)
2026-07-13 09:38:11,128 [INFO] Pass: GatesInBasis - 0.54097 (ms)
2026-07-13 09:38:11,128 [INFO] Pass: GatesInBasis - 0.58270 (ms)
2026-07-13 09:38:11,128 [INFO] Pass: Depth - 0.12565 (ms)
2026-07-13 09:38:11,128 [INFO] Pass: FixedPoint - 0.00525 (ms)
2026-07-13 09:38:11,128 [INFO] Pass: Depth - 0.13447 (ms)
2026-07-13 09:38:11,128 [INFO] Pass: FixedPoint - 0.00525 (ms)
2026-07-13 09:38:11,128 [INFO] Pass: Size - 0.04554 (ms)
2026-07-13 09:38:11,128 [INFO] Pass: FixedPoint - 0.00405 (ms)
2026-07-13 09:38:11,128 [INFO] Pass: Size - 0.04554 (ms)
2026-07-13 09:38:11,128 [INFO] Pass: ContainsInstruction - 0.00477 (ms)
2026-07-13 09:38:11,128 [INFO] Pass: FixedPoint - 0.00405 (ms)
2026-07-13 09:38:11,128 [INFO] Pass: ContainsInstruction - 0.00525 (ms)
2026-07-13 09:38:11,129 [INFO] Pass: ContainsInstruction - 0.01287 (ms)
2026-07-13 09:38:11,129 [INFO] Pass: InverseCancellation - 0.01669 (ms)
2026-07-13 09:38:11,129 [INFO] Pass: UnitarySynthesis - 0.00548 (ms)
2026-07-13 09:38:11,129 [INFO] Total Transpile Time - 70.02902 (ms)
2026-07-13 09:38:11,130 [INFO] Total Transpile Time - 73.64440 (ms)
2026-07-13 09:38:11,130 [INFO] Pass: HighLevelSynthesis - 1.10388 (ms)
2026-07-13 09:38:11,131 [INFO] Pass: BasisTranslator - 0.58293 (ms)
2026-07-13 09:38:11,131 [INFO] Pass: Depth - 0.15640 (ms)
2026-07-13 09:38:11,131 [INFO] Pass: FixedPoint - 0.01121 (ms)
2026-07-13 09:38:11,131 [INFO] Pass: Size - 0.04792 (ms)
2026-07-13 09:38:11,131 [INFO] Pass: FixedPoint - 0.00477 (ms)
2026-07-13 09:38:11,131 [INFO] Pass: Optimize1qGatesDecomposition - 0.12064 (ms)
2026-07-13 09:38:11,131 [INFO] Pass: InverseCancellation - 0.00739 (ms)
2026-07-13 09:38:11,132 [INFO] Pass: GatesInBasis - 0.54407 (ms)
2026-07-13 09:38:11,132 [INFO] Pass: Depth - 0.12660 (ms)
2026-07-13 09:38:11,132 [INFO] Pass: FixedPoint - 0.00572 (ms)
2026-07-13 09:38:11,132 [INFO] Pass: Size - 0.04554 (ms)
2026-07-13 09:38:11,132 [INFO] Pass: FixedPoint - 0.00405 (ms)
2026-07-13 09:38:11,132 [INFO] Pass: ContainsInstruction - 0.00477 (ms)
2026-07-13 09:38:11,133 [INFO] Pass: ContainsInstruction - 0.01335 (ms)
2026-07-13 09:38:11,133 [INFO] Pass: InverseCancellation - 0.01836 (ms)
2026-07-13 09:38:11,133 [INFO] Pass: UnitarySynthesis - 0.00525 (ms)
2026-07-13 09:38:11,133 [INFO] Total Transpile Time - 69.90051 (ms)
2026-07-13 09:38:11,134 [INFO] Pass: HighLevelSynthesis - 1.11938 (ms)
2026-07-13 09:38:11,135 [INFO] Pass: BasisTranslator - 0.54693 (ms)
2026-07-13 09:38:11,135 [INFO] Pass: Depth - 0.15283 (ms)
2026-07-13 09:38:11,135 [INFO] Pass: FixedPoint - 0.01264 (ms)
2026-07-13 09:38:11,135 [INFO] Pass: Size - 0.04721 (ms)
2026-07-13 09:38:11,135 [INFO] Pass: FixedPoint - 0.00453 (ms)
2026-07-13 09:38:11,135 [INFO] Pass: Optimize1qGatesDecomposition - 0.12422 (ms)
2026-07-13 09:38:11,135 [INFO] Pass: InverseCancellation - 0.00739 (ms)
2026-07-13 09:38:11,136 [INFO] Pass: GatesInBasis - 0.54407 (ms)
2026-07-13 09:38:11,136 [INFO] Pass: Depth - 0.11897 (ms)
2026-07-13 09:38:11,136 [INFO] Pass: FixedPoint - 0.00525 (ms)
2026-07-13 09:38:11,136 [INFO] Pass: Size - 0.05221 (ms)
2026-07-13 09:38:11,136 [INFO] Pass: FixedPoint - 0.00429 (ms)
2026-07-13 09:38:11,136 [INFO] Pass: ContainsInstruction - 0.00477 (ms)
2026-07-13 09:38:11,137 [INFO] Total Transpile Time - 69.55981 (ms)
2026-07-13 09:38:11,138 [INFO] Pass: ContainsInstruction - 0.01240 (ms)
2026-07-13 09:38:11,139 [INFO] Pass: InverseCancellation - 0.01764 (ms)
2026-07-13 09:38:11,139 [INFO] Pass: UnitarySynthesis - 0.00525 (ms)
2026-07-13 09:38:11,140 [INFO] Pass: HighLevelSynthesis - 1.07574 (ms)
2026-07-13 09:38:11,140 [INFO] Pass: BasisTranslator - 0.59080 (ms)
2026-07-13 09:38:11,141 [INFO] Pass: Depth - 0.15402 (ms)
2026-07-13 09:38:11,141 [INFO] Pass: FixedPoint - 0.01144 (ms)
2026-07-13 09:38:11,141 [INFO] Pass: Size - 0.04816 (ms)
2026-07-13 09:38:11,141 [INFO] Pass: FixedPoint - 0.00429 (ms)
2026-07-13 09:38:11,141 [INFO] Pass: Optimize1qGatesDecomposition - 0.11611 (ms)
2026-07-13 09:38:11,141 [INFO] Pass: InverseCancellation - 0.00644 (ms)
2026-07-13 09:38:11,142 [INFO] Pass: GatesInBasis - 0.54121 (ms)
2026-07-13 09:38:11,142 [INFO] Pass: Depth - 0.11897 (ms)
2026-07-13 09:38:11,142 [INFO] Pass: FixedPoint - 0.00477 (ms)
2026-07-13 09:38:11,142 [INFO] Pass: Size - 0.04506 (ms)
2026-07-13 09:38:11,142 [INFO] Pass: FixedPoint - 0.00405 (ms)
2026-07-13 09:38:11,142 [INFO] Pass: ContainsInstruction - 0.00429 (ms)
2026-07-13 09:38:11,143 [INFO] Total Transpile Time - 70.57738 (ms)
2026-07-13 09:38:11,146 [INFO] Pass: ContainsInstruction - 0.00811 (ms)
2026-07-13 09:38:11,146 [INFO] Pass: InverseCancellation - 0.15378 (ms)
2026-07-13 09:38:11,146 [INFO] Pass: UnitarySynthesis - 0.00429 (ms)
2026-07-13 09:38:11,146 [INFO] Pass: ContainsInstruction - 0.00763 (ms)
2026-07-13 09:38:11,147 [INFO] Pass: InverseCancellation - 0.15831 (ms)
2026-07-13 09:38:11,147 [INFO] Pass: ContainsInstruction - 0.01335 (ms)
2026-07-13 09:38:11,147 [INFO] Pass: UnitarySynthesis - 0.00453 (ms)
2026-07-13 09:38:11,147 [INFO] Pass: InverseCancellation - 0.01740 (ms)
2026-07-13 09:38:11,147 [INFO] Pass: UnitarySynthesis - 0.00548 (ms)
2026-07-13 09:38:11,147 [INFO] Pass: HighLevelSynthesis - 1.00303 (ms)
2026-07-13 09:38:11,148 [INFO] Pass: HighLevelSynthesis - 1.01924 (ms)
2026-07-13 09:38:11,148 [INFO] Pass: HighLevelSynthesis - 1.09792 (ms)
2026-07-13 09:38:11,148 [INFO] Pass: ContainsInstruction - 0.00787 (ms)
2026-07-13 09:38:11,148 [INFO] Pass: BasisTranslator - 0.68521 (ms)
2026-07-13 09:38:11,148 [INFO] Pass: InverseCancellation - 0.15283 (ms)
2026-07-13 09:38:11,148 [INFO] Pass: Depth - 0.14424 (ms)
2026-07-13 09:38:11,148 [INFO] Pass: UnitarySynthesis - 0.00453 (ms)
2026-07-13 09:38:11,148 [INFO] Pass: FixedPoint - 0.00763 (ms)
2026-07-13 09:38:11,149 [INFO] Pass: Size - 0.04959 (ms)
2026-07-13 09:38:11,149 [INFO] Pass: BasisTranslator - 0.68188 (ms)
2026-07-13 09:38:11,149 [INFO] Pass: FixedPoint - 0.00429 (ms)
2026-07-13 09:38:11,149 [INFO] Pass: BasisTranslator - 0.54002 (ms)
2026-07-13 09:38:11,149 [INFO] Pass: Depth - 0.13638 (ms)
2026-07-13 09:38:11,149 [INFO] Pass: FixedPoint - 0.00811 (ms)
2026-07-13 09:38:11,149 [INFO] Pass: Depth - 0.15616 (ms)
2026-07-13 09:38:11,149 [INFO] Pass: FixedPoint - 0.01025 (ms)
2026-07-13 09:38:11,149 [INFO] Pass: Size - 0.05078 (ms)
2026-07-13 09:38:11,149 [INFO] Pass: FixedPoint - 0.00453 (ms)
2026-07-13 09:38:11,149 [INFO] Pass: Size - 0.05198 (ms)
2026-07-13 09:38:11,149 [INFO] Pass: FixedPoint - 0.00477 (ms)
2026-07-13 09:38:11,149 [INFO] Pass: Optimize1qGatesDecomposition - 0.12445 (ms)
2026-07-13 09:38:11,149 [INFO] Pass: InverseCancellation - 0.00715 (ms)
2026-07-13 09:38:11,149 [INFO] Pass: HighLevelSynthesis - 1.01948 (ms)
2026-07-13 09:38:11,149 [INFO] Pass: Optimize1qGatesDecomposition - 0.86951 (ms)
2026-07-13 09:38:11,150 [INFO] Pass: InverseCancellation - 0.13423 (ms)
2026-07-13 09:38:11,150 [INFO] Pass: Optimize1qGatesDecomposition - 0.85616 (ms)
2026-07-13 09:38:11,150 [INFO] Pass: GatesInBasis - 0.58985 (ms)
2026-07-13 09:38:11,150 [INFO] Pass: Depth - 0.12159 (ms)
2026-07-13 09:38:11,150 [INFO] Pass: InverseCancellation - 0.13256 (ms)
2026-07-13 09:38:11,150 [INFO] Pass: FixedPoint - 0.00525 (ms)
2026-07-13 09:38:11,150 [INFO] Pass: Size - 0.05198 (ms)
2026-07-13 09:38:11,150 [INFO] Pass: FixedPoint - 0.00453 (ms)
2026-07-13 09:38:11,150 [INFO] Pass: ContainsInstruction - 0.00453 (ms)
2026-07-13 09:38:11,150 [INFO] Pass: BasisTranslator - 0.68998 (ms)
2026-07-13 09:38:11,150 [INFO] Pass: GatesInBasis - 0.58103 (ms)
2026-07-13 09:38:11,150 [INFO] Pass: Depth - 0.13518 (ms)
2026-07-13 09:38:11,150 [INFO] Pass: FixedPoint - 0.00787 (ms)
2026-07-13 09:38:11,150 [INFO] Pass: Depth - 0.12779 (ms)
2026-07-13 09:38:11,150 [INFO] Pass: FixedPoint - 0.00548 (ms)
2026-07-13 09:38:11,151 [INFO] Pass: Size - 0.04983 (ms)
2026-07-13 09:38:11,151 [INFO] Pass: FixedPoint - 0.00453 (ms)
2026-07-13 09:38:11,151 [INFO] Pass: Size - 0.04768 (ms)
2026-07-13 09:38:11,151 [INFO] Pass: GatesInBasis - 0.58150 (ms)
2026-07-13 09:38:11,151 [INFO] Pass: FixedPoint - 0.00429 (ms)
2026-07-13 09:38:11,151 [INFO] Pass: ContainsInstruction - 0.00525 (ms)
2026-07-13 09:38:11,151 [INFO] Pass: Depth - 0.12684 (ms)
2026-07-13 09:38:11,151 [INFO] Pass: FixedPoint - 0.00525 (ms)
2026-07-13 09:38:11,151 [INFO] Pass: Size - 0.04745 (ms)
2026-07-13 09:38:11,151 [INFO] Pass: FixedPoint - 0.00429 (ms)
2026-07-13 09:38:11,151 [INFO] Pass: ContainsInstruction - 0.00477 (ms)
2026-07-13 09:38:11,151 [INFO] Total Transpile Time - 69.00048 (ms)
2026-07-13 09:38:11,151 [INFO] Pass: Optimize1qGatesDecomposition - 0.86451 (ms)
2026-07-13 09:38:11,152 [INFO] Pass: InverseCancellation - 0.12994 (ms)
2026-07-13 09:38:11,152 [INFO] Total Transpile Time - 51.38326 (ms)
2026-07-13 09:38:11,152 [INFO] Total Transpile Time - 51.68748 (ms)
2026-07-13 09:38:11,152 [INFO] Pass: GatesInBasis - 0.57697 (ms)
2026-07-13 09:38:11,152 [INFO] Pass: Depth - 0.12636 (ms)
2026-07-13 09:38:11,152 [INFO] Pass: FixedPoint - 0.00548 (ms)
2026-07-13 09:38:11,153 [INFO] Pass: Size - 0.04792 (ms)
2026-07-13 09:38:11,153 [INFO] Pass: FixedPoint - 0.00405 (ms)
2026-07-13 09:38:11,153 [INFO] Pass: ContainsInstruction - 0.00525 (ms)
2026-07-13 09:38:11,153 [INFO] Pass: ContainsInstruction - 0.00858 (ms)
2026-07-13 09:38:11,153 [INFO] Pass: InverseCancellation - 0.15330 (ms)
2026-07-13 09:38:11,153 [INFO] Pass: UnitarySynthesis - 0.00429 (ms)
2026-07-13 09:38:11,154 [INFO] Total Transpile Time - 51.44262 (ms)
2026-07-13 09:38:11,154 [INFO] Pass: HighLevelSynthesis - 1.01018 (ms)
2026-07-13 09:38:11,155 [INFO] Pass: BasisTranslator - 0.68831 (ms)
2026-07-13 09:38:11,155 [INFO] Pass: Depth - 0.13566 (ms)
2026-07-13 09:38:11,155 [INFO] Pass: FixedPoint - 0.00811 (ms)
2026-07-13 09:38:11,155 [INFO] Pass: Size - 0.04983 (ms)
2026-07-13 09:38:11,155 [INFO] Pass: FixedPoint - 0.00453 (ms)
2026-07-13 09:38:11,155 [INFO] Pass: ContainsInstruction - 0.00811 (ms)
2026-07-13 09:38:11,155 [INFO] Pass: InverseCancellation - 0.15187 (ms)
2026-07-13 09:38:11,155 [INFO] Pass: UnitarySynthesis - 0.00453 (ms)
2026-07-13 09:38:11,156 [INFO] Pass: Optimize1qGatesDecomposition - 0.85545 (ms)
2026-07-13 09:38:11,156 [INFO] Pass: InverseCancellation - 0.13685 (ms)
2026-07-13 09:38:11,156 [INFO] Pass: HighLevelSynthesis - 1.01447 (ms)
2026-07-13 09:38:11,157 [INFO] Pass: GatesInBasis - 0.57292 (ms)
2026-07-13 09:38:11,157 [INFO] Pass: Depth - 0.12636 (ms)
2026-07-13 09:38:11,157 [INFO] Pass: FixedPoint - 0.00572 (ms)
2026-07-13 09:38:11,157 [INFO] Pass: Size - 0.05436 (ms)
2026-07-13 09:38:11,157 [INFO] Pass: FixedPoint - 0.00405 (ms)
2026-07-13 09:38:11,157 [INFO] Pass: ContainsInstruction - 0.00501 (ms)
2026-07-13 09:38:11,157 [INFO] Pass: BasisTranslator - 0.69189 (ms)
2026-07-13 09:38:11,157 [INFO] Pass: Depth - 0.13304 (ms)
2026-07-13 09:38:11,157 [INFO] Pass: FixedPoint - 0.00763 (ms)
2026-07-13 09:38:11,157 [INFO] Pass: Size - 0.05031 (ms)
2026-07-13 09:38:11,158 [INFO] Pass: FixedPoint - 0.00429 (ms)
2026-07-13 09:38:11,158 [INFO] Total Transpile Time - 51.55492 (ms)
2026-07-13 09:38:11,158 [INFO] Pass: Optimize1qGatesDecomposition - 0.85378 (ms)
2026-07-13 09:38:11,158 [INFO] Pass: ContainsInstruction - 0.01502 (ms)
2026-07-13 09:38:11,159 [INFO] Pass: InverseCancellation - 0.01621 (ms)
2026-07-13 09:38:11,159 [INFO] Pass: InverseCancellation - 0.13208 (ms)
2026-07-13 09:38:11,159 [INFO] Pass: UnitarySynthesis - 0.00525 (ms)
2026-07-13 09:38:11,159 [INFO] Pass: GatesInBasis - 0.58150 (ms)
2026-07-13 09:38:11,159 [INFO] Pass: Depth - 0.12851 (ms)
2026-07-13 09:38:11,159 [INFO] Pass: FixedPoint - 0.00572 (ms)
2026-07-13 09:38:11,160 [INFO] Pass: Size - 0.04840 (ms)
2026-07-13 09:38:11,160 [INFO] Pass: FixedPoint - 0.00429 (ms)
2026-07-13 09:38:11,160 [INFO] Pass: ContainsInstruction - 0.00501 (ms)
2026-07-13 09:38:11,160 [INFO] Pass: HighLevelSynthesis - 1.05882 (ms)
2026-07-13 09:38:11,160 [INFO] Pass: ContainsInstruction - 0.00715 (ms)
2026-07-13 09:38:11,160 [INFO] Pass: BasisTranslator - 0.59009 (ms)
2026-07-13 09:38:11,161 [INFO] Pass: InverseCancellation - 0.15450 (ms)
2026-07-13 09:38:11,161 [INFO] Pass: UnitarySynthesis - 0.00429 (ms)
2026-07-13 09:38:11,161 [INFO] Pass: Depth - 0.15569 (ms)
2026-07-13 09:38:11,161 [INFO] Pass: FixedPoint - 0.01073 (ms)
2026-07-13 09:38:11,161 [INFO] Total Transpile Time - 51.25737 (ms)
2026-07-13 09:38:11,161 [INFO] Pass: Size - 0.04840 (ms)
2026-07-13 09:38:11,161 [INFO] Pass: FixedPoint - 0.00429 (ms)
2026-07-13 09:38:11,161 [INFO] Pass: Optimize1qGatesDecomposition - 0.11921 (ms)
2026-07-13 09:38:11,161 [INFO] Pass: InverseCancellation - 0.00691 (ms)
2026-07-13 09:38:11,162 [INFO] Pass: GatesInBasis - 0.54288 (ms)
2026-07-13 09:38:11,162 [INFO] Pass: HighLevelSynthesis - 1.01757 (ms)
2026-07-13 09:38:11,162 [INFO] Pass: Depth - 0.11992 (ms)
2026-07-13 09:38:11,162 [INFO] Pass: FixedPoint - 0.00477 (ms)
2026-07-13 09:38:11,162 [INFO] Pass: Size - 0.04578 (ms)
2026-07-13 09:38:11,162 [INFO] Pass: FixedPoint - 0.00453 (ms)
2026-07-13 09:38:11,162 [INFO] Pass: ContainsInstruction - 0.00477 (ms)
2026-07-13 09:38:11,162 [INFO] Pass: ContainsInstruction - 0.00787 (ms)
2026-07-13 09:38:11,162 [INFO] Pass: InverseCancellation - 0.15545 (ms)
2026-07-13 09:38:11,162 [INFO] Pass: UnitarySynthesis - 0.00453 (ms)
2026-07-13 09:38:11,162 [INFO] Pass: BasisTranslator - 0.68760 (ms)
2026-07-13 09:38:11,163 [INFO] Pass: Depth - 0.13542 (ms)
2026-07-13 09:38:11,163 [INFO] Pass: FixedPoint - 0.00763 (ms)
2026-07-13 09:38:11,163 [INFO] Pass: Size - 0.04911 (ms)
2026-07-13 09:38:11,163 [INFO] Pass: FixedPoint - 0.00429 (ms)
2026-07-13 09:38:11,163 [INFO] Total Transpile Time - 69.27919 (ms)
2026-07-13 09:38:11,163 [INFO] Pass: HighLevelSynthesis - 1.01614 (ms)
2026-07-13 09:38:11,164 [INFO] Pass: Optimize1qGatesDecomposition - 0.89502 (ms)
2026-07-13 09:38:11,164 [INFO] Pass: ContainsInstruction - 0.00811 (ms)
2026-07-13 09:38:11,164 [INFO] Pass: InverseCancellation - 0.13494 (ms)
2026-07-13 09:38:11,164 [INFO] Pass: InverseCancellation - 0.15426 (ms)
2026-07-13 09:38:11,164 [INFO] Pass: UnitarySynthesis - 0.00453 (ms)
2026-07-13 09:38:11,164 [INFO] Pass: BasisTranslator - 0.68069 (ms)
2026-07-13 09:38:11,164 [INFO] Pass: Depth - 0.13614 (ms)
2026-07-13 09:38:11,164 [INFO] Pass: FixedPoint - 0.00834 (ms)
2026-07-13 09:38:11,164 [INFO] Pass: Size - 0.04959 (ms)
2026-07-13 09:38:11,164 [INFO] Pass: FixedPoint - 0.00453 (ms)
2026-07-13 09:38:11,164 [INFO] Pass: GatesInBasis - 0.57602 (ms)
2026-07-13 09:38:11,165 [INFO] Pass: Depth - 0.12875 (ms)
2026-07-13 09:38:11,165 [INFO] Pass: FixedPoint - 0.00572 (ms)
2026-07-13 09:38:11,165 [INFO] Pass: Size - 0.04840 (ms)
2026-07-13 09:38:11,165 [INFO] Pass: FixedPoint - 0.00405 (ms)
2026-07-13 09:38:11,165 [INFO] Pass: ContainsInstruction - 0.00453 (ms)
2026-07-13 09:38:11,165 [INFO] Pass: HighLevelSynthesis - 1.00470 (ms)
2026-07-13 09:38:11,165 [INFO] Pass: Optimize1qGatesDecomposition - 0.85616 (ms)
2026-07-13 09:38:11,166 [INFO] Pass: InverseCancellation - 0.13232 (ms)
2026-07-13 09:38:11,166 [INFO] Pass: BasisTranslator - 0.68235 (ms)
2026-07-13 09:38:11,166 [INFO] Total Transpile Time - 51.25976 (ms)
2026-07-13 09:38:11,166 [INFO] Pass: Depth - 0.14019 (ms)
2026-07-13 09:38:11,166 [INFO] Pass: FixedPoint - 0.00787 (ms)
2026-07-13 09:38:11,166 [INFO] Pass: Size - 0.05054 (ms)
2026-07-13 09:38:11,166 [INFO] Pass: GatesInBasis - 0.58198 (ms)
2026-07-13 09:38:11,166 [INFO] Pass: FixedPoint - 0.00429 (ms)
2026-07-13 09:38:11,166 [INFO] Pass: Depth - 0.12875 (ms)
2026-07-13 09:38:11,166 [INFO] Pass: FixedPoint - 0.00596 (ms)
2026-07-13 09:38:11,167 [INFO] Pass: Size - 0.04816 (ms)
2026-07-13 09:38:11,167 [INFO] Pass: FixedPoint - 0.00429 (ms)
2026-07-13 09:38:11,167 [INFO] Pass: ContainsInstruction - 0.00525 (ms)
2026-07-13 09:38:11,167 [INFO] Pass: Optimize1qGatesDecomposition - 0.86641 (ms)
2026-07-13 09:38:11,167 [INFO] Pass: ContainsInstruction - 0.00715 (ms)
2026-07-13 09:38:11,167 [INFO] Pass: InverseCancellation - 0.13208 (ms)
2026-07-13 09:38:11,167 [INFO] Pass: InverseCancellation - 0.15497 (ms)
2026-07-13 09:38:11,168 [INFO] Pass: UnitarySynthesis - 0.00453 (ms)
2026-07-13 09:38:11,168 [INFO] Total Transpile Time - 51.29457 (ms)
2026-07-13 09:38:11,168 [INFO] Pass: GatesInBasis - 0.57626 (ms)
2026-07-13 09:38:11,168 [INFO] Pass: Depth - 0.13208 (ms)
2026-07-13 09:38:11,168 [INFO] Pass: FixedPoint - 0.00572 (ms)
2026-07-13 09:38:11,168 [INFO] Pass: Size - 0.04792 (ms)
2026-07-13 09:38:11,168 [INFO] Pass: FixedPoint - 0.00405 (ms)
2026-07-13 09:38:11,168 [INFO] Pass: ContainsInstruction - 0.00453 (ms)
2026-07-13 09:38:11,169 [INFO] Pass: HighLevelSynthesis - 1.16253 (ms)
2026-07-13 09:38:11,169 [INFO] Total Transpile Time - 51.22781 (ms)
2026-07-13 09:38:11,169 [INFO] Pass: BasisTranslator - 0.67806 (ms)
2026-07-13 09:38:11,170 [INFO] Pass: Depth - 0.13137 (ms)
2026-07-13 09:38:11,170 [INFO] Pass: FixedPoint - 0.00715 (ms)
2026-07-13 09:38:11,170 [INFO] Pass: Size - 0.04888 (ms)
2026-07-13 09:38:11,170 [INFO] Pass: FixedPoint - 0.00453 (ms)
2026-07-13 09:38:11,171 [INFO] Pass: Optimize1qGatesDecomposition - 0.84996 (ms)
2026-07-13 09:38:11,171 [INFO] Pass: InverseCancellation - 0.13280 (ms)
2026-07-13 09:38:11,172 [INFO] Pass: GatesInBasis - 0.57912 (ms)
2026-07-13 09:38:11,172 [INFO] Pass: Depth - 0.12612 (ms)
2026-07-13 09:38:11,172 [INFO] Pass: FixedPoint - 0.00525 (ms)
2026-07-13 09:38:11,172 [INFO] Pass: Size - 0.04768 (ms)
2026-07-13 09:38:11,172 [INFO] Pass: FixedPoint - 0.00405 (ms)
2026-07-13 09:38:11,172 [INFO] Pass: ContainsInstruction - 0.00525 (ms)
2026-07-13 09:38:11,173 [INFO] Total Transpile Time - 51.30315 (ms)
2026-07-13 09:38:11,176 [INFO] Pass: ContainsInstruction - 0.01049 (ms)
2026-07-13 09:38:11,176 [INFO] Pass: ContainsInstruction - 0.01001 (ms)
2026-07-13 09:38:11,176 [INFO] Pass: InverseCancellation - 0.15402 (ms)
2026-07-13 09:38:11,176 [INFO] Pass: UnitarySynthesis - 0.00429 (ms)
2026-07-13 09:38:11,176 [INFO] Pass: InverseCancellation - 0.15974 (ms)
2026-07-13 09:38:11,176 [INFO] Pass: UnitarySynthesis - 0.00429 (ms)
2026-07-13 09:38:11,177 [INFO] Pass: HighLevelSynthesis - 1.02425 (ms)
2026-07-13 09:38:11,177 [INFO] Pass: HighLevelSynthesis - 1.00589 (ms)
2026-07-13 09:38:11,178 [INFO] Pass: BasisTranslator - 0.68092 (ms)
2026-07-13 09:38:11,178 [INFO] Pass: Depth - 0.13399 (ms)
2026-07-13 09:38:11,178 [INFO] Pass: BasisTranslator - 0.67806 (ms)
2026-07-13 09:38:11,178 [INFO] Pass: FixedPoint - 0.01264 (ms)
2026-07-13 09:38:11,178 [INFO] Pass: Size - 0.04935 (ms)
2026-07-13 09:38:11,178 [INFO] Pass: FixedPoint - 0.00429 (ms)
2026-07-13 09:38:11,178 [INFO] Pass: Depth - 0.14186 (ms)
2026-07-13 09:38:11,178 [INFO] Pass: FixedPoint - 0.01025 (ms)
2026-07-13 09:38:11,178 [INFO] Pass: Size - 0.04935 (ms)
2026-07-13 09:38:11,178 [INFO] Pass: FixedPoint - 0.00429 (ms)
2026-07-13 09:38:11,179 [INFO] Pass: Optimize1qGatesDecomposition - 0.84901 (ms)
2026-07-13 09:38:11,179 [INFO] Pass: InverseCancellation - 0.13542 (ms)
2026-07-13 09:38:11,179 [INFO] Pass: Optimize1qGatesDecomposition - 0.84782 (ms)
2026-07-13 09:38:11,179 [INFO] Pass: InverseCancellation - 0.13065 (ms)
2026-07-13 09:38:11,179 [INFO] Pass: ContainsInstruction - 0.00763 (ms)
2026-07-13 09:38:11,180 [INFO] Pass: InverseCancellation - 0.15235 (ms)
2026-07-13 09:38:11,180 [INFO] Pass: UnitarySynthesis - 0.00453 (ms)
2026-07-13 09:38:11,180 [INFO] Pass: GatesInBasis - 0.57769 (ms)
2026-07-13 09:38:11,180 [INFO] Pass: Depth - 0.12732 (ms)
2026-07-13 09:38:11,180 [INFO] Pass: GatesInBasis - 0.58055 (ms)
2026-07-13 09:38:11,180 [INFO] Pass: FixedPoint - 0.00548 (ms)
2026-07-13 09:38:11,180 [INFO] Pass: Size - 0.04792 (ms)
2026-07-13 09:38:11,180 [INFO] Pass: FixedPoint - 0.00405 (ms)
2026-07-13 09:38:11,180 [INFO] Pass: ContainsInstruction - 0.00787 (ms)
2026-07-13 09:38:11,180 [INFO] Pass: Depth - 0.13304 (ms)
2026-07-13 09:38:11,180 [INFO] Pass: FixedPoint - 0.00548 (ms)
2026-07-13 09:38:11,180 [INFO] Pass: Size - 0.04840 (ms)
2026-07-13 09:38:11,180 [INFO] Pass: FixedPoint - 0.00405 (ms)
2026-07-13 09:38:11,180 [INFO] Pass: ContainsInstruction - 0.00811 (ms)
2026-07-13 09:38:11,181 [INFO] Pass: HighLevelSynthesis - 1.01924 (ms)
2026-07-13 09:38:11,181 [INFO] Total Transpile Time - 51.60666 (ms)
2026-07-13 09:38:11,181 [INFO] Total Transpile Time - 51.72324 (ms)
2026-07-13 09:38:11,181 [INFO] Pass: BasisTranslator - 0.68450 (ms)
2026-07-13 09:38:11,182 [INFO] Pass: Depth - 0.13471 (ms)
2026-07-13 09:38:11,182 [INFO] Pass: FixedPoint - 0.00763 (ms)
2026-07-13 09:38:11,182 [INFO] Pass: Size - 0.04935 (ms)
2026-07-13 09:38:11,182 [INFO] Pass: FixedPoint - 0.00453 (ms)
2026-07-13 09:38:11,183 [INFO] Pass: Optimize1qGatesDecomposition - 0.85878 (ms)
2026-07-13 09:38:11,183 [INFO] Pass: InverseCancellation - 0.13161 (ms)
2026-07-13 09:38:11,183 [INFO] Pass: ContainsInstruction - 0.00834 (ms)
2026-07-13 09:38:11,183 [INFO] Pass: InverseCancellation - 0.16046 (ms)
2026-07-13 09:38:11,183 [INFO] Pass: UnitarySynthesis - 0.00477 (ms)
2026-07-13 09:38:11,184 [INFO] Pass: GatesInBasis - 0.58794 (ms)
2026-07-13 09:38:11,184 [INFO] Pass: Depth - 0.12636 (ms)
2026-07-13 09:38:11,184 [INFO] Pass: FixedPoint - 0.00525 (ms)
2026-07-13 09:38:11,184 [INFO] Pass: Size - 0.04745 (ms)
2026-07-13 09:38:11,184 [INFO] Pass: FixedPoint - 0.00405 (ms)
2026-07-13 09:38:11,184 [INFO] Pass: ContainsInstruction - 0.00691 (ms)
2026-07-13 09:38:11,184 [INFO] Pass: HighLevelSynthesis - 0.99969 (ms)
2026-07-13 09:38:11,185 [INFO] Total Transpile Time - 51.36728 (ms)
2026-07-13 09:38:11,185 [INFO] Pass: BasisTranslator - 0.68903 (ms)
2026-07-13 09:38:11,185 [INFO] Pass: Depth - 0.13471 (ms)
2026-07-13 09:38:11,185 [INFO] Pass: FixedPoint - 0.00763 (ms)
2026-07-13 09:38:11,185 [INFO] Pass: Size - 0.04911 (ms)
2026-07-13 09:38:11,185 [INFO] Pass: FixedPoint - 0.00453 (ms)
2026-07-13 09:38:11,186 [INFO] Pass: Optimize1qGatesDecomposition - 0.85831 (ms)
2026-07-13 09:38:11,186 [INFO] Pass: InverseCancellation - 0.13137 (ms)
2026-07-13 09:38:11,187 [INFO] Pass: GatesInBasis - 0.57840 (ms)
2026-07-13 09:38:11,187 [INFO] Pass: Depth - 0.12755 (ms)
2026-07-13 09:38:11,187 [INFO] Pass: FixedPoint - 0.00548 (ms)
2026-07-13 09:38:11,187 [INFO] Pass: Size - 0.04816 (ms)
2026-07-13 09:38:11,187 [INFO] Pass: FixedPoint - 0.00453 (ms)
2026-07-13 09:38:11,187 [INFO] Pass: ContainsInstruction - 0.00477 (ms)
2026-07-13 09:38:11,188 [INFO] Total Transpile Time - 51.11575 (ms)
2026-07-13 09:38:11,189 [INFO] Pass: ContainsInstruction - 0.00739 (ms)
2026-07-13 09:38:11,189 [INFO] Pass: InverseCancellation - 0.15235 (ms)
2026-07-13 09:38:11,190 [INFO] Pass: UnitarySynthesis - 0.00405 (ms)
2026-07-13 09:38:11,191 [INFO] Pass: HighLevelSynthesis - 1.01757 (ms)
2026-07-13 09:38:11,191 [INFO] Pass: BasisTranslator - 0.68593 (ms)
2026-07-13 09:38:11,191 [INFO] Pass: Depth - 0.13542 (ms)
2026-07-13 09:38:11,192 [INFO] Pass: FixedPoint - 0.00834 (ms)
2026-07-13 09:38:11,192 [INFO] Pass: Size - 0.04935 (ms)
2026-07-13 09:38:11,192 [INFO] Pass: FixedPoint - 0.00429 (ms)
2026-07-13 09:38:11,193 [INFO] Pass: Optimize1qGatesDecomposition - 0.85807 (ms)
2026-07-13 09:38:11,193 [INFO] Pass: InverseCancellation - 0.13280 (ms)
2026-07-13 09:38:11,193 [INFO] Pass: GatesInBasis - 0.58460 (ms)
2026-07-13 09:38:11,194 [INFO] Pass: Depth - 0.13113 (ms)
2026-07-13 09:38:11,194 [INFO] Pass: FixedPoint - 0.00596 (ms)
2026-07-13 09:38:11,194 [INFO] Pass: Size - 0.04816 (ms)
2026-07-13 09:38:11,194 [INFO] Pass: FixedPoint - 0.00429 (ms)
2026-07-13 09:38:11,194 [INFO] Pass: ContainsInstruction - 0.00501 (ms)
2026-07-13 09:38:11,195 [INFO] Total Transpile Time - 51.59068 (ms)
2026-07-13 09:38:11,197 [INFO] Pass: ContainsInstruction - 0.00763 (ms)
2026-07-13 09:38:11,197 [INFO] Pass: InverseCancellation - 0.14997 (ms)
2026-07-13 09:38:11,197 [INFO] Pass: UnitarySynthesis - 0.00453 (ms)
2026-07-13 09:38:11,197 [INFO] Pass: ContainsInstruction - 0.00811 (ms)
2026-07-13 09:38:11,197 [INFO] Pass: InverseCancellation - 0.15140 (ms)
2026-07-13 09:38:11,197 [INFO] Pass: ContainsInstruction - 0.00787 (ms)
2026-07-13 09:38:11,197 [INFO] Pass: UnitarySynthesis - 0.00453 (ms)
2026-07-13 09:38:11,198 [INFO] Pass: InverseCancellation - 0.15163 (ms)
2026-07-13 09:38:11,198 [INFO] Pass: UnitarySynthesis - 0.00429 (ms)
2026-07-13 09:38:11,198 [INFO] Pass: HighLevelSynthesis - 1.07980 (ms)
2026-07-13 09:38:11,198 [INFO] Pass: HighLevelSynthesis - 1.09100 (ms)
2026-07-13 09:38:11,199 [INFO] Pass: HighLevelSynthesis - 1.00780 (ms)
2026-07-13 09:38:11,199 [INFO] Pass: ContainsInstruction - 0.00882 (ms)
2026-07-13 09:38:11,199 [INFO] Pass: BasisTranslator - 0.71597 (ms)
2026-07-13 09:38:11,199 [INFO] Pass: InverseCancellation - 0.14901 (ms)
2026-07-13 09:38:11,199 [INFO] Pass: UnitarySynthesis - 0.00453 (ms)
2026-07-13 09:38:11,199 [INFO] Pass: Depth - 0.14615 (ms)
2026-07-13 09:38:11,199 [INFO] Pass: FixedPoint - 0.00739 (ms)
2026-07-13 09:38:11,199 [INFO] Pass: Size - 0.05174 (ms)
2026-07-13 09:38:11,199 [INFO] Pass: FixedPoint - 0.00453 (ms)
2026-07-13 09:38:11,199 [INFO] Pass: BasisTranslator - 0.71740 (ms)
2026-07-13 09:38:11,199 [INFO] Pass: BasisTranslator - 0.68879 (ms)
2026-07-13 09:38:11,199 [INFO] Pass: Depth - 0.14210 (ms)
2026-07-13 09:38:11,199 [INFO] Pass: FixedPoint - 0.00787 (ms)
2026-07-13 09:38:11,200 [INFO] Pass: Depth - 0.13542 (ms)
2026-07-13 09:38:11,200 [INFO] Pass: Size - 0.05174 (ms)
2026-07-13 09:38:11,200 [INFO] Pass: FixedPoint - 0.00787 (ms)
2026-07-13 09:38:11,200 [INFO] Pass: FixedPoint - 0.00429 (ms)
2026-07-13 09:38:11,200 [INFO] Pass: Size - 0.04888 (ms)
2026-07-13 09:38:11,200 [INFO] Pass: FixedPoint - 0.00429 (ms)
2026-07-13 09:38:11,200 [INFO] Pass: HighLevelSynthesis - 1.08480 (ms)
2026-07-13 09:38:11,200 [INFO] Pass: Optimize1qGatesDecomposition - 0.95177 (ms)
2026-07-13 09:38:11,200 [INFO] Pass: InverseCancellation - 0.00787 (ms)
2026-07-13 09:38:11,201 [INFO] Pass: Optimize1qGatesDecomposition - 0.96011 (ms)
2026-07-13 09:38:11,201 [INFO] Pass: Optimize1qGatesDecomposition - 0.86212 (ms)
2026-07-13 09:38:11,201 [INFO] Pass: InverseCancellation - 0.00811 (ms)
2026-07-13 09:38:11,201 [INFO] Pass: InverseCancellation - 0.13256 (ms)
2026-07-13 09:38:11,201 [INFO] Pass: BasisTranslator - 0.72336 (ms)
2026-07-13 09:38:11,201 [INFO] Pass: GatesInBasis - 0.57912 (ms)
2026-07-13 09:38:11,201 [INFO] Pass: Depth - 0.14830 (ms)
2026-07-13 09:38:11,201 [INFO] Pass: Depth - 0.13542 (ms)
2026-07-13 09:38:11,201 [INFO] Pass: FixedPoint - 0.00739 (ms)
2026-07-13 09:38:11,201 [INFO] Pass: FixedPoint - 0.00572 (ms)
2026-07-13 09:38:11,201 [INFO] Pass: Size - 0.04864 (ms)
2026-07-13 09:38:11,201 [INFO] Pass: Size - 0.05174 (ms)
2026-07-13 09:38:11,201 [INFO] Pass: FixedPoint - 0.00429 (ms)
2026-07-13 09:38:11,201 [INFO] Pass: FixedPoint - 0.00429 (ms)
2026-07-13 09:38:11,201 [INFO] Pass: GatesInBasis - 0.58246 (ms)
2026-07-13 09:38:11,201 [INFO] Pass: GatesInBasis - 0.58675 (ms)
2026-07-13 09:38:11,201 [INFO] Pass: Depth - 0.13018 (ms)
2026-07-13 09:38:11,201 [INFO] Pass: FixedPoint - 0.00572 (ms)
2026-07-13 09:38:11,202 [INFO] Pass: Size - 0.04888 (ms)
2026-07-13 09:38:11,202 [INFO] Pass: Depth - 0.12803 (ms)
2026-07-13 09:38:11,202 [INFO] Pass: FixedPoint - 0.00453 (ms)
2026-07-13 09:38:11,202 [INFO] Pass: FixedPoint - 0.00572 (ms)
2026-07-13 09:38:11,202 [INFO] Pass: Size - 0.04816 (ms)
2026-07-13 09:38:11,202 [INFO] Pass: FixedPoint - 0.00429 (ms)
2026-07-13 09:38:11,202 [INFO] Pass: ContainsInstruction - 0.00477 (ms)
2026-07-13 09:38:11,202 [INFO] Pass: Optimize1qGatesDecomposition - 0.76151 (ms)
2026-07-13 09:38:11,202 [INFO] Pass: InverseCancellation - 0.00668 (ms)
2026-07-13 09:38:11,202 [INFO] Pass: Optimize1qGatesDecomposition - 0.94318 (ms)
2026-07-13 09:38:11,202 [INFO] Pass: InverseCancellation - 0.00739 (ms)
2026-07-13 09:38:11,202 [INFO] Pass: Optimize1qGatesDecomposition - 0.76580 (ms)
2026-07-13 09:38:11,202 [INFO] Pass: InverseCancellation - 0.00691 (ms)
2026-07-13 09:38:11,203 [INFO] Pass: GatesInBasis - 0.56362 (ms)
2026-07-13 09:38:11,203 [INFO] Pass: Depth - 0.12541 (ms)
2026-07-13 09:38:11,203 [INFO] Total Transpile Time - 51.46170 (ms)
2026-07-13 09:38:11,203 [INFO] Pass: FixedPoint - 0.00501 (ms)
2026-07-13 09:38:11,203 [INFO] Pass: GatesInBasis - 0.57459 (ms)
2026-07-13 09:38:11,203 [INFO] Pass: Size - 0.04768 (ms)
2026-07-13 09:38:11,203 [INFO] Pass: FixedPoint - 0.00429 (ms)
2026-07-13 09:38:11,203 [INFO] Pass: ContainsInstruction - 0.00477 (ms)
2026-07-13 09:38:11,203 [INFO] Pass: Depth - 0.13423 (ms)
2026-07-13 09:38:11,203 [INFO] Pass: GatesInBasis - 0.56744 (ms)
2026-07-13 09:38:11,203 [INFO] Pass: FixedPoint - 0.00596 (ms)
2026-07-13 09:38:11,203 [INFO] Pass: Size - 0.04840 (ms)
2026-07-13 09:38:11,203 [INFO] Pass: FixedPoint - 0.00405 (ms)
2026-07-13 09:38:11,203 [INFO] Pass: Depth - 0.12517 (ms)
2026-07-13 09:38:11,203 [INFO] Pass: FixedPoint - 0.00501 (ms)
2026-07-13 09:38:11,203 [INFO] Pass: ContainsInstruction - 0.00763 (ms)
2026-07-13 09:38:11,203 [INFO] Pass: Size - 0.04816 (ms)
2026-07-13 09:38:11,203 [INFO] Pass: FixedPoint - 0.00405 (ms)
2026-07-13 09:38:11,203 [INFO] Pass: ContainsInstruction - 0.00525 (ms)
2026-07-13 09:38:11,204 [INFO] Pass: InverseCancellation - 0.15020 (ms)
2026-07-13 09:38:11,204 [INFO] Pass: UnitarySynthesis - 0.00429 (ms)
2026-07-13 09:38:11,204 [INFO] Pass: Optimize1qGatesDecomposition - 0.75555 (ms)
2026-07-13 09:38:11,204 [INFO] Total Transpile Time - 52.30331 (ms)
2026-07-13 09:38:11,204 [INFO] Pass: InverseCancellation - 0.00691 (ms)
2026-07-13 09:38:11,204 [INFO] Total Transpile Time - 52.38581 (ms)
2026-07-13 09:38:11,205 [INFO] Pass: GatesInBasis - 0.56458 (ms)
2026-07-13 09:38:11,205 [INFO] Pass: HighLevelSynthesis - 1.07622 (ms)
2026-07-13 09:38:11,205 [INFO] Pass: Depth - 0.12612 (ms)
2026-07-13 09:38:11,205 [INFO] Pass: FixedPoint - 0.00501 (ms)
2026-07-13 09:38:11,205 [INFO] Pass: Size - 0.04911 (ms)
2026-07-13 09:38:11,205 [INFO] Pass: FixedPoint - 0.00405 (ms)
2026-07-13 09:38:11,205 [INFO] Pass: ContainsInstruction - 0.00501 (ms)
2026-07-13 09:38:11,205 [INFO] Pass: BasisTranslator - 0.72694 (ms)
2026-07-13 09:38:11,206 [INFO] Pass: Depth - 0.14544 (ms)
2026-07-13 09:38:11,206 [INFO] Pass: ContainsInstruction - 0.00787 (ms)
2026-07-13 09:38:11,206 [INFO] Pass: FixedPoint - 0.00906 (ms)
2026-07-13 09:38:11,206 [INFO] Pass: Size - 0.05198 (ms)
2026-07-13 09:38:11,206 [INFO] Pass: FixedPoint - 0.00429 (ms)
2026-07-13 09:38:11,206 [INFO] Pass: InverseCancellation - 0.15283 (ms)
2026-07-13 09:38:11,206 [INFO] Pass: UnitarySynthesis - 0.00477 (ms)
2026-07-13 09:38:11,206 [INFO] Total Transpile Time - 52.33765 (ms)
2026-07-13 09:38:11,207 [INFO] Pass: Optimize1qGatesDecomposition - 0.96655 (ms)
2026-07-13 09:38:11,207 [INFO] Pass: InverseCancellation - 0.00930 (ms)
2026-07-13 09:38:11,207 [INFO] Pass: HighLevelSynthesis - 1.08981 (ms)
2026-07-13 09:38:11,208 [INFO] Pass: GatesInBasis - 0.58150 (ms)
2026-07-13 09:38:11,208 [INFO] Pass: Depth - 0.13161 (ms)
2026-07-13 09:38:11,208 [INFO] Pass: FixedPoint - 0.00596 (ms)
2026-07-13 09:38:11,208 [INFO] Pass: Size - 0.04840 (ms)
2026-07-13 09:38:11,208 [INFO] Pass: BasisTranslator - 0.72956 (ms)
2026-07-13 09:38:11,208 [INFO] Pass: FixedPoint - 0.00405 (ms)
2026-07-13 09:38:11,208 [INFO] Pass: Depth - 0.14377 (ms)
2026-07-13 09:38:11,208 [INFO] Pass: FixedPoint - 0.00858 (ms)
2026-07-13 09:38:11,208 [INFO] Pass: Size - 0.05293 (ms)
2026-07-13 09:38:11,208 [INFO] Pass: FixedPoint - 0.00477 (ms)
2026-07-13 09:38:11,209 [INFO] Pass: Optimize1qGatesDecomposition - 0.76103 (ms)
2026-07-13 09:38:11,209 [INFO] Pass: InverseCancellation - 0.00739 (ms)
2026-07-13 09:38:11,209 [INFO] Pass: ContainsInstruction - 0.00811 (ms)
2026-07-13 09:38:11,209 [INFO] Pass: InverseCancellation - 0.15497 (ms)
2026-07-13 09:38:11,209 [INFO] Pass: UnitarySynthesis - 0.00429 (ms)
2026-07-13 09:38:11,209 [INFO] Pass: Optimize1qGatesDecomposition - 0.94843 (ms)
2026-07-13 09:38:11,209 [INFO] Pass: InverseCancellation - 0.00834 (ms)
2026-07-13 09:38:11,209 [INFO] Pass: GatesInBasis - 0.56720 (ms)
2026-07-13 09:38:11,209 [INFO] Pass: Depth - 0.12517 (ms)
2026-07-13 09:38:11,210 [INFO] Pass: FixedPoint - 0.00525 (ms)
2026-07-13 09:38:11,210 [INFO] Pass: Size - 0.04792 (ms)
2026-07-13 09:38:11,210 [INFO] Pass: FixedPoint - 0.00405 (ms)
2026-07-13 09:38:11,210 [INFO] Pass: ContainsInstruction - 0.00501 (ms)
2026-07-13 09:38:11,210 [INFO] Pass: GatesInBasis - 0.58413 (ms)
2026-07-13 09:38:11,210 [INFO] Pass: Depth - 0.13399 (ms)
2026-07-13 09:38:11,210 [INFO] Pass: FixedPoint - 0.00596 (ms)
2026-07-13 09:38:11,210 [INFO] Pass: Size - 0.04864 (ms)
2026-07-13 09:38:11,210 [INFO] Pass: FixedPoint - 0.00429 (ms)
2026-07-13 09:38:11,210 [INFO] Pass: HighLevelSynthesis - 1.01900 (ms)
2026-07-13 09:38:11,211 [INFO] Total Transpile Time - 52.44470 (ms)
2026-07-13 09:38:11,211 [INFO] Pass: BasisTranslator - 0.67854 (ms)
2026-07-13 09:38:11,211 [INFO] Pass: Optimize1qGatesDecomposition - 0.75889 (ms)
2026-07-13 09:38:11,211 [INFO] Pass: InverseCancellation - 0.00691 (ms)
2026-07-13 09:38:11,211 [INFO] Pass: Depth - 0.14091 (ms)
2026-07-13 09:38:11,211 [INFO] Pass: FixedPoint - 0.00811 (ms)
2026-07-13 09:38:11,211 [INFO] Pass: ContainsInstruction - 0.00763 (ms)
2026-07-13 09:38:11,211 [INFO] Pass: Size - 0.04983 (ms)
2026-07-13 09:38:11,211 [INFO] Pass: FixedPoint - 0.00429 (ms)
2026-07-13 09:38:11,211 [INFO] Pass: InverseCancellation - 0.15426 (ms)
2026-07-13 09:38:11,212 [INFO] Pass: UnitarySynthesis - 0.00429 (ms)
2026-07-13 09:38:11,212 [INFO] Pass: GatesInBasis - 0.57292 (ms)
2026-07-13 09:38:11,212 [INFO] Pass: Depth - 0.12398 (ms)
2026-07-13 09:38:11,212 [INFO] Pass: FixedPoint - 0.00525 (ms)
2026-07-13 09:38:11,212 [INFO] Pass: Size - 0.04697 (ms)
2026-07-13 09:38:11,212 [INFO] Pass: FixedPoint - 0.00405 (ms)
2026-07-13 09:38:11,212 [INFO] Pass: ContainsInstruction - 0.00501 (ms)
2026-07-13 09:38:11,212 [INFO] Pass: Optimize1qGatesDecomposition - 0.86880 (ms)
2026-07-13 09:38:11,212 [INFO] Pass: InverseCancellation - 0.13280 (ms)
2026-07-13 09:38:11,213 [INFO] Pass: HighLevelSynthesis - 1.08027 (ms)
2026-07-13 09:38:11,213 [INFO] Pass: ContainsInstruction - 0.00787 (ms)
2026-07-13 09:38:11,213 [INFO] Pass: InverseCancellation - 0.15235 (ms)
2026-07-13 09:38:11,213 [INFO] Pass: GatesInBasis - 0.57697 (ms)
2026-07-13 09:38:11,213 [INFO] Pass: UnitarySynthesis - 0.00548 (ms)
2026-07-13 09:38:11,213 [INFO] Total Transpile Time - 52.34218 (ms)
2026-07-13 09:38:11,213 [INFO] Pass: Depth - 0.12803 (ms)
2026-07-13 09:38:11,213 [INFO] Pass: FixedPoint - 0.00548 (ms)
2026-07-13 09:38:11,213 [INFO] Pass: Size - 0.04864 (ms)
2026-07-13 09:38:11,213 [INFO] Pass: FixedPoint - 0.00429 (ms)
2026-07-13 09:38:11,213 [INFO] Pass: ContainsInstruction - 0.00477 (ms)
2026-07-13 09:38:11,213 [INFO] Pass: BasisTranslator - 0.73266 (ms)
2026-07-13 09:38:11,214 [INFO] Pass: Depth - 0.13876 (ms)
2026-07-13 09:38:11,214 [INFO] Pass: FixedPoint - 0.00811 (ms)
2026-07-13 09:38:11,214 [INFO] Pass: Size - 0.05150 (ms)
2026-07-13 09:38:11,214 [INFO] Pass: FixedPoint - 0.00453 (ms)
2026-07-13 09:38:11,214 [INFO] Pass: HighLevelSynthesis - 1.08123 (ms)
2026-07-13 09:38:11,214 [INFO] Pass: ContainsInstruction - 0.01073 (ms)
2026-07-13 09:38:11,214 [INFO] Total Transpile Time - 51.30315 (ms)
2026-07-13 09:38:11,215 [INFO] Pass: InverseCancellation - 0.15259 (ms)
2026-07-13 09:38:11,215 [INFO] Pass: UnitarySynthesis - 0.00477 (ms)
2026-07-13 09:38:11,215 [INFO] Pass: Optimize1qGatesDecomposition - 0.95391 (ms)
2026-07-13 09:38:11,215 [INFO] Pass: InverseCancellation - 0.00739 (ms)
2026-07-13 09:38:11,215 [INFO] Pass: BasisTranslator - 0.72742 (ms)
2026-07-13 09:38:11,215 [INFO] Pass: Depth - 0.14663 (ms)
2026-07-13 09:38:11,215 [INFO] Pass: FixedPoint - 0.00811 (ms)
2026-07-13 09:38:11,215 [INFO] Pass: Size - 0.05198 (ms)
2026-07-13 09:38:11,215 [INFO] Pass: FixedPoint - 0.00453 (ms)
2026-07-13 09:38:11,215 [INFO] Pass: GatesInBasis - 0.57864 (ms)
2026-07-13 09:38:11,216 [INFO] Pass: Depth - 0.13375 (ms)
2026-07-13 09:38:11,216 [INFO] Pass: FixedPoint - 0.00596 (ms)
2026-07-13 09:38:11,216 [INFO] Pass: Size - 0.04816 (ms)
2026-07-13 09:38:11,216 [INFO] Pass: HighLevelSynthesis - 1.08337 (ms)
2026-07-13 09:38:11,216 [INFO] Pass: FixedPoint - 0.00453 (ms)
2026-07-13 09:38:11,216 [INFO] Pass: Optimize1qGatesDecomposition - 0.95248 (ms)
2026-07-13 09:38:11,216 [INFO] Pass: InverseCancellation - 0.00715 (ms)
2026-07-13 09:38:11,217 [INFO] Pass: BasisTranslator - 0.73862 (ms)
2026-07-13 09:38:11,217 [INFO] Pass: Optimize1qGatesDecomposition - 0.76699 (ms)
2026-07-13 09:38:11,217 [INFO] Pass: InverseCancellation - 0.00691 (ms)
2026-07-13 09:38:11,217 [INFO] Pass: Depth - 0.14281 (ms)
2026-07-13 09:38:11,217 [INFO] Pass: FixedPoint - 0.00787 (ms)
2026-07-13 09:38:11,217 [INFO] Pass: Size - 0.05174 (ms)
2026-07-13 09:38:11,217 [INFO] Pass: FixedPoint - 0.00429 (ms)
2026-07-13 09:38:11,217 [INFO] Pass: GatesInBasis - 0.58031 (ms)
2026-07-13 09:38:11,217 [INFO] Pass: Depth - 0.13447 (ms)
2026-07-13 09:38:11,217 [INFO] Pass: FixedPoint - 0.00572 (ms)
2026-07-13 09:38:11,217 [INFO] Pass: GatesInBasis - 0.56815 (ms)
2026-07-13 09:38:11,217 [INFO] Pass: Size - 0.04816 (ms)
2026-07-13 09:38:11,217 [INFO] Pass: FixedPoint - 0.00453 (ms)
2026-07-13 09:38:11,217 [INFO] Pass: Depth - 0.12732 (ms)
2026-07-13 09:38:11,217 [INFO] Pass: FixedPoint - 0.00525 (ms)
2026-07-13 09:38:11,218 [INFO] Pass: Size - 0.04768 (ms)
2026-07-13 09:38:11,218 [INFO] Pass: FixedPoint - 0.00453 (ms)
2026-07-13 09:38:11,218 [INFO] Pass: ContainsInstruction - 0.00477 (ms)
2026-07-13 09:38:11,218 [INFO] Pass: Optimize1qGatesDecomposition - 0.95582 (ms)
2026-07-13 09:38:11,218 [INFO] Pass: ContainsInstruction - 0.00691 (ms)
2026-07-13 09:38:11,218 [INFO] Pass: InverseCancellation - 0.00763 (ms)
2026-07-13 09:38:11,218 [INFO] Pass: Optimize1qGatesDecomposition - 0.76652 (ms)
2026-07-13 09:38:11,218 [INFO] Pass: InverseCancellation - 0.15759 (ms)
2026-07-13 09:38:11,218 [INFO] Pass: InverseCancellation - 0.00691 (ms)
2026-07-13 09:38:11,218 [INFO] Pass: UnitarySynthesis - 0.00429 (ms)
2026-07-13 09:38:11,219 [INFO] Pass: GatesInBasis - 0.58722 (ms)
2026-07-13 09:38:11,219 [INFO] Total Transpile Time - 52.67930 (ms)
2026-07-13 09:38:11,219 [INFO] Pass: Depth - 0.13137 (ms)
2026-07-13 09:38:11,219 [INFO] Pass: GatesInBasis - 0.56076 (ms)
2026-07-13 09:38:11,219 [INFO] Pass: FixedPoint - 0.00572 (ms)
2026-07-13 09:38:11,219 [INFO] Pass: Size - 0.04840 (ms)
2026-07-13 09:38:11,219 [INFO] Pass: FixedPoint - 0.00405 (ms)
2026-07-13 09:38:11,219 [INFO] Pass: Depth - 0.12398 (ms)
2026-07-13 09:38:11,219 [INFO] Pass: FixedPoint - 0.00501 (ms)
2026-07-13 09:38:11,219 [INFO] Pass: Size - 0.05126 (ms)
2026-07-13 09:38:11,219 [INFO] Pass: FixedPoint - 0.00405 (ms)
2026-07-13 09:38:11,219 [INFO] Pass: ContainsInstruction - 0.00477 (ms)
2026-07-13 09:38:11,219 [INFO] Pass: HighLevelSynthesis - 1.07694 (ms)
2026-07-13 09:38:11,220 [INFO] Pass: Optimize1qGatesDecomposition - 0.76485 (ms)
2026-07-13 09:38:11,220 [INFO] Pass: InverseCancellation - 0.00644 (ms)
2026-07-13 09:38:11,220 [INFO] Pass: BasisTranslator - 0.73767 (ms)
2026-07-13 09:38:11,220 [INFO] Total Transpile Time - 52.47569 (ms)
2026-07-13 09:38:11,220 [INFO] Pass: Depth - 0.13924 (ms)
2026-07-13 09:38:11,220 [INFO] Pass: FixedPoint - 0.00763 (ms)
2026-07-13 09:38:11,220 [INFO] Pass: GatesInBasis - 0.56458 (ms)
2026-07-13 09:38:11,220 [INFO] Pass: Size - 0.05150 (ms)
2026-07-13 09:38:11,220 [INFO] Pass: FixedPoint - 0.00453 (ms)
2026-07-13 09:38:11,221 [INFO] Pass: Depth - 0.12541 (ms)
2026-07-13 09:38:11,221 [INFO] Pass: FixedPoint - 0.00501 (ms)
2026-07-13 09:38:11,221 [INFO] Pass: Size - 0.04745 (ms)
2026-07-13 09:38:11,221 [INFO] Pass: FixedPoint - 0.00405 (ms)
2026-07-13 09:38:11,221 [INFO] Pass: ContainsInstruction - 0.00572 (ms)
2026-07-13 09:38:11,221 [INFO] Pass: Optimize1qGatesDecomposition - 0.94700 (ms)
2026-07-13 09:38:11,222 [INFO] Pass: InverseCancellation - 0.00763 (ms)
2026-07-13 09:38:11,222 [INFO] Total Transpile Time - 52.40560 (ms)
2026-07-13 09:38:11,222 [INFO] Pass: GatesInBasis - 0.58699 (ms)
2026-07-13 09:38:11,222 [INFO] Pass: Depth - 0.13041 (ms)
2026-07-13 09:38:11,222 [INFO] Pass: FixedPoint - 0.00596 (ms)
2026-07-13 09:38:11,222 [INFO] Pass: Size - 0.04840 (ms)
2026-07-13 09:38:11,222 [INFO] Pass: FixedPoint - 0.00429 (ms)
2026-07-13 09:38:11,223 [INFO] Pass: Optimize1qGatesDecomposition - 0.76699 (ms)
2026-07-13 09:38:11,223 [INFO] Pass: InverseCancellation - 0.00668 (ms)
2026-07-13 09:38:11,224 [INFO] Pass: GatesInBasis - 0.57077 (ms)
2026-07-13 09:38:11,224 [INFO] Pass: Depth - 0.12851 (ms)
2026-07-13 09:38:11,224 [INFO] Pass: FixedPoint - 0.00548 (ms)
2026-07-13 09:38:11,224 [INFO] Pass: Size - 0.04792 (ms)
2026-07-13 09:38:11,224 [INFO] Pass: FixedPoint - 0.00429 (ms)
2026-07-13 09:38:11,224 [INFO] Pass: ContainsInstruction - 0.00477 (ms)
2026-07-13 09:38:11,225 [INFO] Total Transpile Time - 52.37961 (ms)
2026-07-13 09:38:11,226 [INFO] Pass: ContainsInstruction - 0.01025 (ms)
2026-07-13 09:38:11,226 [INFO] Pass: ContainsInstruction - 0.00954 (ms)
2026-07-13 09:38:11,226 [INFO] Pass: InverseCancellation - 0.14901 (ms)
2026-07-13 09:38:11,227 [INFO] Pass: UnitarySynthesis - 0.00453 (ms)
2026-07-13 09:38:11,227 [INFO] Pass: InverseCancellation - 0.15450 (ms)
2026-07-13 09:38:11,227 [INFO] Pass: UnitarySynthesis - 0.00453 (ms)
2026-07-13 09:38:11,228 [INFO] Pass: HighLevelSynthesis - 1.08838 (ms)
2026-07-13 09:38:11,228 [INFO] Pass: HighLevelSynthesis - 1.07837 (ms)
2026-07-13 09:38:11,228 [INFO] Pass: BasisTranslator - 0.72980 (ms)
2026-07-13 09:38:11,229 [INFO] Pass: BasisTranslator - 0.73218 (ms)
2026-07-13 09:38:11,229 [INFO] Pass: Depth - 0.14496 (ms)
2026-07-13 09:38:11,229 [INFO] Pass: FixedPoint - 0.01097 (ms)
2026-07-13 09:38:11,229 [INFO] Pass: Size - 0.05221 (ms)
2026-07-13 09:38:11,229 [INFO] Pass: FixedPoint - 0.00429 (ms)
2026-07-13 09:38:11,229 [INFO] Pass: Depth - 0.14472 (ms)
2026-07-13 09:38:11,229 [INFO] Pass: FixedPoint - 0.01049 (ms)
2026-07-13 09:38:11,229 [INFO] Pass: Size - 0.05150 (ms)
2026-07-13 09:38:11,229 [INFO] Pass: FixedPoint - 0.00477 (ms)
2026-07-13 09:38:11,230 [INFO] Pass: Optimize1qGatesDecomposition - 0.95272 (ms)
2026-07-13 09:38:11,230 [INFO] Pass: InverseCancellation - 0.00834 (ms)
2026-07-13 09:38:11,230 [INFO] Pass: Optimize1qGatesDecomposition - 0.94843 (ms)
2026-07-13 09:38:11,230 [INFO] Pass: InverseCancellation - 0.00834 (ms)
2026-07-13 09:38:11,230 [INFO] Pass: ContainsInstruction - 0.01168 (ms)
2026-07-13 09:38:11,230 [INFO] Pass: InverseCancellation - 0.15497 (ms)
2026-07-13 09:38:11,230 [INFO] Pass: UnitarySynthesis - 0.00429 (ms)
2026-07-13 09:38:11,230 [INFO] Pass: GatesInBasis - 0.57483 (ms)
2026-07-13 09:38:11,231 [INFO] Pass: Depth - 0.13089 (ms)
2026-07-13 09:38:11,231 [INFO] Pass: GatesInBasis - 0.57530 (ms)
2026-07-13 09:38:11,231 [INFO] Pass: FixedPoint - 0.00572 (ms)
2026-07-13 09:38:11,231 [INFO] Pass: Size - 0.04840 (ms)
2026-07-13 09:38:11,231 [INFO] Pass: FixedPoint - 0.00429 (ms)
2026-07-13 09:38:11,231 [INFO] Pass: Depth - 0.12994 (ms)
2026-07-13 09:38:11,231 [INFO] Pass: FixedPoint - 0.00572 (ms)
2026-07-13 09:38:11,231 [INFO] Pass: Size - 0.04983 (ms)
2026-07-13 09:38:11,231 [INFO] Pass: FixedPoint - 0.00429 (ms)
2026-07-13 09:38:11,232 [INFO] Pass: HighLevelSynthesis - 1.10579 (ms)
2026-07-13 09:38:11,232 [INFO] Pass: Optimize1qGatesDecomposition - 0.75936 (ms)
2026-07-13 09:38:11,232 [INFO] Pass: InverseCancellation - 0.00644 (ms)
2026-07-13 09:38:11,232 [INFO] Pass: Optimize1qGatesDecomposition - 0.75579 (ms)
2026-07-13 09:38:11,232 [INFO] Pass: InverseCancellation - 0.00644 (ms)
2026-07-13 09:38:11,232 [INFO] Pass: GatesInBasis - 0.56624 (ms)
2026-07-13 09:38:11,232 [INFO] Pass: BasisTranslator - 0.72122 (ms)
2026-07-13 09:38:11,232 [INFO] Pass: Depth - 0.12517 (ms)
2026-07-13 09:38:11,232 [INFO] Pass: GatesInBasis - 0.56863 (ms)
2026-07-13 09:38:11,232 [INFO] Pass: FixedPoint - 0.00477 (ms)
2026-07-13 09:38:11,233 [INFO] Pass: Size - 0.04792 (ms)
2026-07-13 09:38:11,233 [INFO] Pass: Depth - 0.14377 (ms)
2026-07-13 09:38:11,233 [INFO] Pass: FixedPoint - 0.00405 (ms)
2026-07-13 09:38:11,233 [INFO] Pass: FixedPoint - 0.01216 (ms)
2026-07-13 09:38:11,233 [INFO] Pass: Depth - 0.12493 (ms)
2026-07-13 09:38:11,233 [INFO] Pass: ContainsInstruction - 0.00548 (ms)
2026-07-13 09:38:11,233 [INFO] Pass: FixedPoint - 0.00525 (ms)
2026-07-13 09:38:11,233 [INFO] Pass: Size - 0.05269 (ms)
2026-07-13 09:38:11,233 [INFO] Pass: Size - 0.04792 (ms)
2026-07-13 09:38:11,233 [INFO] Pass: FixedPoint - 0.00405 (ms)
2026-07-13 09:38:11,233 [INFO] Pass: FixedPoint - 0.00405 (ms)
2026-07-13 09:38:11,233 [INFO] Pass: ContainsInstruction - 0.00477 (ms)
2026-07-13 09:38:11,233 [INFO] Pass: ContainsInstruction - 0.00787 (ms)
2026-07-13 09:38:11,234 [INFO] Pass: InverseCancellation - 0.15235 (ms)
2026-07-13 09:38:11,234 [INFO] Pass: UnitarySynthesis - 0.00453 (ms)
2026-07-13 09:38:11,234 [INFO] Total Transpile Time - 52.50025 (ms)
2026-07-13 09:38:11,234 [INFO] Pass: Optimize1qGatesDecomposition - 0.95987 (ms)
2026-07-13 09:38:11,234 [INFO] Pass: InverseCancellation - 0.00763 (ms)
2026-07-13 09:38:11,234 [INFO] Total Transpile Time - 52.45709 (ms)
2026-07-13 09:38:11,234 [INFO] Pass: GatesInBasis - 0.58079 (ms)
2026-07-13 09:38:11,235 [INFO] Pass: Depth - 0.12851 (ms)
2026-07-13 09:38:11,235 [INFO] Pass: FixedPoint - 0.00525 (ms)
2026-07-13 09:38:11,235 [INFO] Pass: Size - 0.04840 (ms)
2026-07-13 09:38:11,235 [INFO] Pass: FixedPoint - 0.00453 (ms)
2026-07-13 09:38:11,235 [INFO] Pass: HighLevelSynthesis - 1.09649 (ms)
2026-07-13 09:38:11,236 [INFO] Pass: Optimize1qGatesDecomposition - 0.76389 (ms)
2026-07-13 09:38:11,236 [INFO] Pass: InverseCancellation - 0.00668 (ms)
2026-07-13 09:38:11,236 [INFO] Pass: BasisTranslator - 0.81229 (ms)
2026-07-13 09:38:11,236 [INFO] Pass: Depth - 0.15593 (ms)
2026-07-13 09:38:11,236 [INFO] Pass: FixedPoint - 0.01121 (ms)
2026-07-13 09:38:11,236 [INFO] Pass: Size - 0.05555 (ms)
2026-07-13 09:38:11,236 [INFO] Pass: FixedPoint - 0.00477 (ms)
2026-07-13 09:38:11,236 [INFO] Pass: GatesInBasis - 0.56744 (ms)
2026-07-13 09:38:11,236 [INFO] Pass: Depth - 0.12589 (ms)
2026-07-13 09:38:11,236 [INFO] Pass: FixedPoint - 0.00525 (ms)
2026-07-13 09:38:11,237 [INFO] Pass: Size - 0.04816 (ms)
2026-07-13 09:38:11,237 [INFO] Pass: FixedPoint - 0.00405 (ms)
2026-07-13 09:38:11,237 [INFO] Pass: ContainsInstruction - 0.00620 (ms)
2026-07-13 09:38:11,237 [INFO] Pass: Optimize1qGatesDecomposition - 0.98705 (ms)
2026-07-13 09:38:11,237 [INFO] Pass: InverseCancellation - 0.00978 (ms)
2026-07-13 09:38:11,238 [INFO] Total Transpile Time - 52.62780 (ms)
2026-07-13 09:38:11,238 [INFO] Pass: GatesInBasis - 0.58699 (ms)
2026-07-13 09:38:11,238 [INFO] Pass: Depth - 0.14210 (ms)
2026-07-13 09:38:11,238 [INFO] Pass: FixedPoint - 0.00644 (ms)
2026-07-13 09:38:11,238 [INFO] Pass: Size - 0.05007 (ms)
2026-07-13 09:38:11,238 [INFO] Pass: FixedPoint - 0.00405 (ms)
2026-07-13 09:38:11,239 [INFO] Pass: Optimize1qGatesDecomposition - 0.78464 (ms)
2026-07-13 09:38:11,239 [INFO] Pass: InverseCancellation - 0.00787 (ms)
2026-07-13 09:38:11,240 [INFO] Pass: GatesInBasis - 0.56672 (ms)
2026-07-13 09:38:11,240 [INFO] Pass: Depth - 0.12851 (ms)
2026-07-13 09:38:11,240 [INFO] Pass: FixedPoint - 0.00548 (ms)
2026-07-13 09:38:11,240 [INFO] Pass: Size - 0.05412 (ms)
2026-07-13 09:38:11,240 [INFO] Pass: FixedPoint - 0.00405 (ms)
2026-07-13 09:38:11,240 [INFO] Pass: ContainsInstruction - 0.00811 (ms)
2026-07-13 09:38:11,240 [INFO] Pass: ContainsInstruction - 0.00620 (ms)
2026-07-13 09:38:11,240 [INFO] Pass: InverseCancellation - 0.15450 (ms)
2026-07-13 09:38:11,240 [INFO] Pass: UnitarySynthesis - 0.00501 (ms)
2026-07-13 09:38:11,241 [INFO] Total Transpile Time - 52.68049 (ms)
2026-07-13 09:38:11,242 [INFO] Pass: HighLevelSynthesis - 1.07646 (ms)
2026-07-13 09:38:11,242 [INFO] Pass: BasisTranslator - 0.72980 (ms)
2026-07-13 09:38:11,243 [INFO] Pass: Depth - 0.14400 (ms)
2026-07-13 09:38:11,243 [INFO] Pass: FixedPoint - 0.00930 (ms)
2026-07-13 09:38:11,243 [INFO] Pass: Size - 0.05269 (ms)
2026-07-13 09:38:11,243 [INFO] Pass: FixedPoint - 0.00453 (ms)
2026-07-13 09:38:11,244 [INFO] Pass: Optimize1qGatesDecomposition - 0.96750 (ms)
2026-07-13 09:38:11,244 [INFO] Pass: InverseCancellation - 0.00858 (ms)
2026-07-13 09:38:11,244 [INFO] Pass: GatesInBasis - 0.58842 (ms)
2026-07-13 09:38:11,245 [INFO] Pass: Depth - 0.13375 (ms)
2026-07-13 09:38:11,245 [INFO] Pass: FixedPoint - 0.00572 (ms)
2026-07-13 09:38:11,245 [INFO] Pass: Size - 0.04935 (ms)
2026-07-13 09:38:11,245 [INFO] Pass: FixedPoint - 0.00429 (ms)
2026-07-13 09:38:11,246 [INFO] Pass: Optimize1qGatesDecomposition - 0.78201 (ms)
2026-07-13 09:38:11,246 [INFO] Pass: InverseCancellation - 0.00691 (ms)
2026-07-13 09:38:11,246 [INFO] Pass: GatesInBasis - 0.57983 (ms)
2026-07-13 09:38:11,246 [INFO] Pass: Depth - 0.12779 (ms)
2026-07-13 09:38:11,246 [INFO] Pass: FixedPoint - 0.00525 (ms)
2026-07-13 09:38:11,247 [INFO] Pass: Size - 0.04840 (ms)
2026-07-13 09:38:11,247 [INFO] Pass: FixedPoint - 0.00405 (ms)
2026-07-13 09:38:11,247 [INFO] Pass: ContainsInstruction - 0.00596 (ms)
2026-07-13 09:38:11,248 [INFO] Total Transpile Time - 52.85382 (ms)
2026-07-13 09:38:11,248 [INFO] Pass: ContainsInstruction - 0.00787 (ms)
2026-07-13 09:38:11,248 [INFO] Pass: InverseCancellation - 0.15330 (ms)
2026-07-13 09:38:11,248 [INFO] Pass: UnitarySynthesis - 0.00501 (ms)
2026-07-13 09:38:11,250 [INFO] Pass: HighLevelSynthesis - 1.09172 (ms)
2026-07-13 09:38:11,250 [INFO] Pass: BasisTranslator - 0.73528 (ms)
2026-07-13 09:38:11,251 [INFO] Pass: Depth - 0.14448 (ms)
2026-07-13 09:38:11,251 [INFO] Pass: FixedPoint - 0.00811 (ms)
2026-07-13 09:38:11,251 [INFO] Pass: Size - 0.05126 (ms)
2026-07-13 09:38:11,251 [INFO] Pass: FixedPoint - 0.00429 (ms)
2026-07-13 09:38:11,252 [INFO] Pass: Optimize1qGatesDecomposition - 0.95773 (ms)
2026-07-13 09:38:11,252 [INFO] Pass: InverseCancellation - 0.00763 (ms)
2026-07-13 09:38:11,252 [INFO] Pass: GatesInBasis - 0.59891 (ms)
2026-07-13 09:38:11,253 [INFO] Pass: Depth - 0.13089 (ms)
2026-07-13 09:38:11,253 [INFO] Pass: FixedPoint - 0.00548 (ms)
2026-07-13 09:38:11,253 [INFO] Pass: Size - 0.04816 (ms)
2026-07-13 09:38:11,253 [INFO] Pass: FixedPoint - 0.00429 (ms)
2026-07-13 09:38:11,254 [INFO] Pass: Optimize1qGatesDecomposition - 0.76604 (ms)
2026-07-13 09:38:11,254 [INFO] Pass: InverseCancellation - 0.00644 (ms)
2026-07-13 09:38:11,254 [INFO] Pass: GatesInBasis - 0.56839 (ms)
2026-07-13 09:38:11,254 [INFO] Pass: Depth - 0.12565 (ms)
2026-07-13 09:38:11,254 [INFO] Pass: FixedPoint - 0.00525 (ms)
2026-07-13 09:38:11,255 [INFO] Pass: Size - 0.04816 (ms)
2026-07-13 09:38:11,255 [INFO] Pass: FixedPoint - 0.00405 (ms)
2026-07-13 09:38:11,255 [INFO] Pass: ContainsInstruction - 0.00477 (ms)
2026-07-13 09:38:11,256 [INFO] Total Transpile Time - 52.77109 (ms)
2026-07-13 09:38:11,260 [INFO] Pass: ContainsInstruction - 0.00858 (ms)
2026-07-13 09:38:11,260 [INFO] Pass: InverseCancellation - 0.15616 (ms)
2026-07-13 09:38:11,260 [INFO] Pass: UnitarySynthesis - 0.00453 (ms)
2026-07-13 09:38:11,261 [INFO] Pass: HighLevelSynthesis - 1.10054 (ms)
2026-07-13 09:38:11,262 [INFO] Pass: BasisTranslator - 0.71812 (ms)
2026-07-13 09:38:11,262 [INFO] Pass: Depth - 0.14281 (ms)
2026-07-13 09:38:11,262 [INFO] Pass: FixedPoint - 0.00858 (ms)
2026-07-13 09:38:11,262 [INFO] Pass: Size - 0.05198 (ms)
2026-07-13 09:38:11,262 [INFO] Pass: FixedPoint - 0.00477 (ms)
2026-07-13 09:38:11,263 [INFO] Pass: Optimize1qGatesDecomposition - 0.97919 (ms)
2026-07-13 09:38:11,263 [INFO] Pass: InverseCancellation - 0.00811 (ms)
2026-07-13 09:38:11,264 [INFO] Pass: GatesInBasis - 0.58675 (ms)
2026-07-13 09:38:11,264 [INFO] Pass: Depth - 0.13375 (ms)
2026-07-13 09:38:11,264 [INFO] Pass: FixedPoint - 0.00572 (ms)
2026-07-13 09:38:11,264 [INFO] Pass: Size - 0.04888 (ms)
2026-07-13 09:38:11,264 [INFO] Pass: FixedPoint - 0.00429 (ms)
2026-07-13 09:38:11,265 [INFO] Pass: Optimize1qGatesDecomposition - 0.76890 (ms)
2026-07-13 09:38:11,265 [INFO] Pass: InverseCancellation - 0.00644 (ms)
2026-07-13 09:38:11,266 [INFO] Pass: GatesInBasis - 0.56052 (ms)
2026-07-13 09:38:11,266 [INFO] Pass: Depth - 0.13280 (ms)
2026-07-13 09:38:11,266 [INFO] Pass: FixedPoint - 0.00453 (ms)
2026-07-13 09:38:11,266 [INFO] Pass: Size - 0.04816 (ms)
2026-07-13 09:38:11,266 [INFO] Pass: FixedPoint - 0.00405 (ms)
2026-07-13 09:38:11,266 [INFO] Pass: ContainsInstruction - 0.00548 (ms)
2026-07-13 09:38:11,267 [INFO] Total Transpile Time - 52.82760 (ms)
2026-07-13 09:38:55,861 [INFO] [PCE] Aer metadata (1a ejecucion de este proceso): device=CPU method=matrix_product_state shots=8192 fusion_enabled=False
2026-07-13 09:38:55,865 [INFO] [PCE] Aer metadata (1a ejecucion de este proceso): device=CPU method=matrix_product_state shots=8192 fusion_enabled=False
2026-07-13 09:38:55,932 [INFO] [PCE] Aer metadata (1a ejecucion de este proceso): device=CPU method=matrix_product_state shots=8192 fusion_enabled=False
2026-07-13 09:38:55,953 [INFO] [PCE] Aer metadata (1a ejecucion de este proceso): device=CPU method=matrix_product_state shots=8192 fusion_enabled=False
2026-07-13 09:38:55,972 [INFO] [PCE] Aer metadata (1a ejecucion de este proceso): device=CPU method=matrix_product_state shots=8192 fusion_enabled=False
2026-07-13 09:38:55,989 [INFO] [PCE] Aer metadata (1a ejecucion de este proceso): device=CPU method=matrix_product_state shots=8192 fusion_enabled=False
2026-07-13 09:38:56,024 [INFO] [PCE] Aer metadata (1a ejecucion de este proceso): device=CPU method=matrix_product_state shots=8192 fusion_enabled=False
2026-07-13 09:38:56,049 [INFO] [PCE] Aer metadata (1a ejecucion de este proceso): device=CPU method=matrix_product_state shots=8192 fusion_enabled=False
2026-07-13 09:38:56,049 [INFO] [PCE] Aer metadata (1a ejecucion de este proceso): device=CPU method=matrix_product_state shots=8192 fusion_enabled=False
2026-07-13 09:38:56,053 [INFO] [PCE] Aer metadata (1a ejecucion de este proceso): device=CPU method=matrix_product_state shots=8192 fusion_enabled=False
2026-07-13 09:38:56,055 [INFO] [PCE] Aer metadata (1a ejecucion de este proceso): device=CPU method=matrix_product_state shots=8192 fusion_enabled=False
2026-07-13 09:38:56,076 [INFO] [PCE] Aer metadata (1a ejecucion de este proceso): device=CPU method=matrix_product_state shots=8192 fusion_enabled=False
2026-07-13 09:38:56,086 [INFO] [PCE] Aer metadata (1a ejecucion de este proceso): device=CPU method=matrix_product_state shots=8192 fusion_enabled=False
2026-07-13 09:38:56,104 [INFO] [PCE] Aer metadata (1a ejecucion de este proceso): device=CPU method=matrix_product_state shots=8192 fusion_enabled=False
2026-07-13 09:38:56,145 [INFO] [PCE] Aer metadata (1a ejecucion de este proceso): device=CPU method=matrix_product_state shots=8192 fusion_enabled=False
2026-07-13 09:38:56,210 [INFO] [PCE] Aer metadata (1a ejecucion de este proceso): device=CPU method=matrix_product_state shots=8192 fusion_enabled=False
slurmstepd: error: *** JOB 8424856 ON ilk-199 CANCELLED AT 2026-07-14T09:38:23 DUE TO TIME LIMIT ***
