gcc/system unloaded
gcccore/system unloaded
cesga/2022 unloaded
rust/1.75.0 unloaded
imkl/2022.0.1 unloaded
numpy/1.26.4 unloaded
scipy/1.13.1 unloaded
flint/2.8.4 unloaded
symengine/0.11.1 unloaded
symengine-python/0.11.0 unloaded
spdlog/1.9.2 unloaded
pylatexenc/2.10 unloaded
qiskit/1.2.4-aer-gpu-cu11 unloaded
        Preparing the environment for use of the CESGA 2022 software stack.
        Please rebuild modules cache: module --ignore-cache avail
     
cesga/2022 loaded
rust/1.75.0 loaded

imkl/2023.2.0 loaded
numpy/1.26.4 loaded
scipy/1.13.1 loaded
imkl/2023.2.0 unloaded

imkl/2022.0.1 loaded
flint/2.8.4 loaded
symengine/0.11.1 loaded
symengine-python/0.11.0 loaded
spdlog/1.9.2 loaded
pylatexenc/2.10 loaded
gcccore/system loaded
gcc/system loaded
qiskit/1.2.4-aer-gpu-cu11 loaded
2026-07-13 09:38:02,292 [INFO] [PCE] n=225 chunk 1/4: 25 instancias [0, 4, 8, 12, 16, 20, 24, 28, 32, 36, 40, 44, 48, 52, 56, 60, 64, 68, 72, 76, 80, 84, 88, 92, 96], num_workers=16, qubits=13
2026-07-13 09:38:02,292 [INFO] [PCE] n=225 paralelizando 25 instancias entre 16 workers (max_parallel_threads=1 fijo, independiente de num_workers)
2026-07-13 09:38:02,416 [INFO] Pass: ContainsInstruction - 0.01121 (ms)
2026-07-13 09:38:02,416 [INFO] Pass: InverseCancellation - 0.01526 (ms)
2026-07-13 09:38:02,416 [INFO] Pass: UnitarySynthesis - 0.00525 (ms)
2026-07-13 09:38:02,418 [INFO] Pass: HighLevelSynthesis - 1.08361 (ms)
2026-07-13 09:38:02,418 [INFO] Pass: BasisTranslator - 0.58222 (ms)
2026-07-13 09:38:02,418 [INFO] Pass: Depth - 0.15998 (ms)
2026-07-13 09:38:02,419 [INFO] Pass: FixedPoint - 0.01073 (ms)
2026-07-13 09:38:02,419 [INFO] Pass: Size - 0.05054 (ms)
2026-07-13 09:38:02,419 [INFO] Pass: FixedPoint - 0.00525 (ms)
2026-07-13 09:38:02,419 [INFO] Pass: Optimize1qGatesDecomposition - 0.12779 (ms)
2026-07-13 09:38:02,419 [INFO] Pass: InverseCancellation - 0.00691 (ms)
2026-07-13 09:38:02,419 [INFO] Pass: GatesInBasis - 0.53263 (ms)
2026-07-13 09:38:02,420 [INFO] Pass: Depth - 0.11754 (ms)
2026-07-13 09:38:02,420 [INFO] Pass: FixedPoint - 0.00501 (ms)
2026-07-13 09:38:02,420 [INFO] Pass: Size - 0.04482 (ms)
2026-07-13 09:38:02,420 [INFO] Pass: FixedPoint - 0.00429 (ms)
2026-07-13 09:38:02,420 [INFO] Pass: ContainsInstruction - 0.00477 (ms)
2026-07-13 09:38:02,421 [INFO] Total Transpile Time - 69.41938 (ms)
2026-07-13 09:38:02,421 [INFO] Pass: ContainsInstruction - 0.01264 (ms)
2026-07-13 09:38:02,422 [INFO] Pass: ContainsInstruction - 0.01144 (ms)
2026-07-13 09:38:02,422 [INFO] Pass: ContainsInstruction - 0.01049 (ms)
2026-07-13 09:38:02,422 [INFO] Pass: InverseCancellation - 0.01526 (ms)
2026-07-13 09:38:02,422 [INFO] Pass: InverseCancellation - 0.01597 (ms)
2026-07-13 09:38:02,422 [INFO] Pass: UnitarySynthesis - 0.00525 (ms)
2026-07-13 09:38:02,422 [INFO] Pass: InverseCancellation - 0.01860 (ms)
2026-07-13 09:38:02,422 [INFO] Pass: UnitarySynthesis - 0.00548 (ms)
2026-07-13 09:38:02,422 [INFO] Pass: UnitarySynthesis - 0.00548 (ms)
2026-07-13 09:38:02,423 [INFO] Pass: HighLevelSynthesis - 1.10340 (ms)
2026-07-13 09:38:02,423 [INFO] Pass: HighLevelSynthesis - 1.07503 (ms)
2026-07-13 09:38:02,423 [INFO] Pass: HighLevelSynthesis - 1.08218 (ms)
2026-07-13 09:38:02,423 [INFO] Pass: BasisTranslator - 0.52476 (ms)
2026-07-13 09:38:02,423 [INFO] Pass: BasisTranslator - 0.57292 (ms)
2026-07-13 09:38:02,424 [INFO] Pass: BasisTranslator - 0.58198 (ms)
2026-07-13 09:38:02,424 [INFO] Pass: Depth - 0.15521 (ms)
2026-07-13 09:38:02,424 [INFO] Pass: Depth - 0.15140 (ms)
2026-07-13 09:38:02,424 [INFO] Pass: FixedPoint - 0.01121 (ms)
2026-07-13 09:38:02,424 [INFO] Pass: Depth - 0.14853 (ms)
2026-07-13 09:38:02,424 [INFO] Pass: FixedPoint - 0.01121 (ms)
2026-07-13 09:38:02,424 [INFO] Pass: FixedPoint - 0.01121 (ms)
2026-07-13 09:38:02,424 [INFO] Pass: Size - 0.05555 (ms)
2026-07-13 09:38:02,424 [INFO] Pass: Size - 0.05412 (ms)
2026-07-13 09:38:02,424 [INFO] Pass: FixedPoint - 0.00477 (ms)
2026-07-13 09:38:02,424 [INFO] Pass: Size - 0.04745 (ms)
2026-07-13 09:38:02,424 [INFO] Pass: FixedPoint - 0.00501 (ms)
2026-07-13 09:38:02,424 [INFO] Pass: FixedPoint - 0.00501 (ms)
2026-07-13 09:38:02,424 [INFO] Pass: Optimize1qGatesDecomposition - 0.11396 (ms)
2026-07-13 09:38:02,424 [INFO] Pass: Optimize1qGatesDecomposition - 0.11587 (ms)
2026-07-13 09:38:02,424 [INFO] Pass: Optimize1qGatesDecomposition - 0.10896 (ms)
2026-07-13 09:38:02,424 [INFO] Pass: InverseCancellation - 0.00739 (ms)
2026-07-13 09:38:02,424 [INFO] Pass: InverseCancellation - 0.00668 (ms)
2026-07-13 09:38:02,424 [INFO] Pass: InverseCancellation - 0.00691 (ms)
2026-07-13 09:38:02,425 [INFO] Pass: GatesInBasis - 0.53859 (ms)
2026-07-13 09:38:02,425 [INFO] Pass: GatesInBasis - 0.52905 (ms)
2026-07-13 09:38:02,425 [INFO] Pass: GatesInBasis - 0.57626 (ms)
2026-07-13 09:38:02,425 [INFO] Pass: ContainsInstruction - 0.01121 (ms)
2026-07-13 09:38:02,425 [INFO] Pass: InverseCancellation - 0.01740 (ms)
2026-07-13 09:38:02,425 [INFO] Pass: Depth - 0.12517 (ms)
2026-07-13 09:38:02,425 [INFO] Pass: UnitarySynthesis - 0.00572 (ms)
2026-07-13 09:38:02,425 [INFO] Pass: Depth - 0.12136 (ms)
2026-07-13 09:38:02,425 [INFO] Pass: Depth - 0.12350 (ms)
2026-07-13 09:38:02,425 [INFO] Pass: FixedPoint - 0.00501 (ms)
2026-07-13 09:38:02,425 [INFO] Pass: FixedPoint - 0.00477 (ms)
2026-07-13 09:38:02,425 [INFO] Pass: FixedPoint - 0.00501 (ms)
2026-07-13 09:38:02,425 [INFO] Pass: Size - 0.04506 (ms)
2026-07-13 09:38:02,425 [INFO] Pass: Size - 0.04578 (ms)
2026-07-13 09:38:02,425 [INFO] Pass: Size - 0.04625 (ms)
2026-07-13 09:38:02,425 [INFO] Pass: FixedPoint - 0.00429 (ms)
2026-07-13 09:38:02,425 [INFO] Pass: FixedPoint - 0.00429 (ms)
2026-07-13 09:38:02,425 [INFO] Pass: FixedPoint - 0.00429 (ms)
2026-07-13 09:38:02,425 [INFO] Pass: ContainsInstruction - 0.00501 (ms)
2026-07-13 09:38:02,425 [INFO] Pass: ContainsInstruction - 0.00548 (ms)
2026-07-13 09:38:02,425 [INFO] Pass: ContainsInstruction - 0.00453 (ms)
2026-07-13 09:38:02,426 [INFO] Pass: HighLevelSynthesis - 1.07193 (ms)
2026-07-13 09:38:02,426 [INFO] Total Transpile Time - 69.63634 (ms)
2026-07-13 09:38:02,426 [INFO] Total Transpile Time - 68.81595 (ms)
2026-07-13 09:38:02,426 [INFO] Total Transpile Time - 69.21291 (ms)
2026-07-13 09:38:02,427 [INFO] Pass: BasisTranslator - 0.57864 (ms)
2026-07-13 09:38:02,427 [INFO] Pass: Depth - 0.15211 (ms)
2026-07-13 09:38:02,427 [INFO] Pass: FixedPoint - 0.01121 (ms)
2026-07-13 09:38:02,427 [INFO] Pass: Size - 0.04745 (ms)
2026-07-13 09:38:02,427 [INFO] Pass: ContainsInstruction - 0.01121 (ms)
2026-07-13 09:38:02,427 [INFO] Pass: FixedPoint - 0.00501 (ms)
2026-07-13 09:38:02,427 [INFO] Pass: InverseCancellation - 0.01907 (ms)
2026-07-13 09:38:02,427 [INFO] Pass: UnitarySynthesis - 0.00525 (ms)
2026-07-13 09:38:02,427 [INFO] Pass: Optimize1qGatesDecomposition - 0.10991 (ms)
2026-07-13 09:38:02,427 [INFO] Pass: InverseCancellation - 0.00668 (ms)
2026-07-13 09:38:02,428 [INFO] Pass: GatesInBasis - 0.54646 (ms)
2026-07-13 09:38:02,428 [INFO] Pass: Depth - 0.12136 (ms)
2026-07-13 09:38:02,428 [INFO] Pass: FixedPoint - 0.00548 (ms)
2026-07-13 09:38:02,428 [INFO] Pass: Size - 0.04530 (ms)
2026-07-13 09:38:02,428 [INFO] Pass: FixedPoint - 0.00453 (ms)
2026-07-13 09:38:02,428 [INFO] Pass: ContainsInstruction - 0.00501 (ms)
2026-07-13 09:38:02,428 [INFO] Pass: HighLevelSynthesis - 1.06549 (ms)
2026-07-13 09:38:02,429 [INFO] Pass: BasisTranslator - 0.58842 (ms)
2026-07-13 09:38:02,429 [INFO] Pass: Depth - 0.14877 (ms)
2026-07-13 09:38:02,429 [INFO] Pass: FixedPoint - 0.01025 (ms)
2026-07-13 09:38:02,429 [INFO] Pass: Size - 0.04697 (ms)
2026-07-13 09:38:02,429 [INFO] Pass: FixedPoint - 0.00477 (ms)
2026-07-13 09:38:02,429 [INFO] Total Transpile Time - 68.46714 (ms)
2026-07-13 09:38:02,429 [INFO] Pass: Optimize1qGatesDecomposition - 0.10991 (ms)
2026-07-13 09:38:02,429 [INFO] Pass: InverseCancellation - 0.00715 (ms)
2026-07-13 09:38:02,430 [INFO] Pass: ContainsInstruction - 0.01121 (ms)
2026-07-13 09:38:02,430 [INFO] Pass: InverseCancellation - 0.01717 (ms)
2026-07-13 09:38:02,430 [INFO] Pass: UnitarySynthesis - 0.00548 (ms)
2026-07-13 09:38:02,430 [INFO] Pass: GatesInBasis - 0.54932 (ms)
2026-07-13 09:38:02,430 [INFO] Pass: Depth - 0.11992 (ms)
2026-07-13 09:38:02,430 [INFO] Pass: FixedPoint - 0.00525 (ms)
2026-07-13 09:38:02,430 [INFO] Pass: Size - 0.04554 (ms)
2026-07-13 09:38:02,430 [INFO] Pass: FixedPoint - 0.00429 (ms)
2026-07-13 09:38:02,430 [INFO] Pass: ContainsInstruction - 0.00501 (ms)
2026-07-13 09:38:02,431 [INFO] Pass: HighLevelSynthesis - 1.06859 (ms)
2026-07-13 09:38:02,431 [INFO] Total Transpile Time - 68.02583 (ms)
2026-07-13 09:38:02,432 [INFO] Pass: BasisTranslator - 0.57197 (ms)
2026-07-13 09:38:02,432 [INFO] Pass: Depth - 0.15354 (ms)
2026-07-13 09:38:02,432 [INFO] Pass: FixedPoint - 0.01097 (ms)
2026-07-13 09:38:02,432 [INFO] Pass: Size - 0.04721 (ms)
2026-07-13 09:38:02,432 [INFO] Pass: FixedPoint - 0.00477 (ms)
2026-07-13 09:38:02,432 [INFO] Pass: Optimize1qGatesDecomposition - 0.10943 (ms)
2026-07-13 09:38:02,432 [INFO] Pass: InverseCancellation - 0.00644 (ms)
2026-07-13 09:38:02,433 [INFO] Pass: GatesInBasis - 0.54026 (ms)
2026-07-13 09:38:02,433 [INFO] Pass: Depth - 0.11826 (ms)
2026-07-13 09:38:02,433 [INFO] Pass: FixedPoint - 0.00501 (ms)
2026-07-13 09:38:02,433 [INFO] Pass: Size - 0.04506 (ms)
2026-07-13 09:38:02,433 [INFO] Pass: FixedPoint - 0.00429 (ms)
2026-07-13 09:38:02,433 [INFO] Pass: ContainsInstruction - 0.00453 (ms)
2026-07-13 09:38:02,434 [INFO] Total Transpile Time - 67.59572 (ms)
2026-07-13 09:38:02,438 [INFO] Pass: ContainsInstruction - 0.01192 (ms)
2026-07-13 09:38:02,438 [INFO] Pass: InverseCancellation - 0.01931 (ms)
2026-07-13 09:38:02,438 [INFO] Pass: ContainsInstruction - 0.01121 (ms)
2026-07-13 09:38:02,438 [INFO] Pass: UnitarySynthesis - 0.00525 (ms)
2026-07-13 09:38:02,438 [INFO] Pass: InverseCancellation - 0.01764 (ms)
2026-07-13 09:38:02,438 [INFO] Pass: UnitarySynthesis - 0.00548 (ms)
2026-07-13 09:38:02,439 [INFO] Pass: HighLevelSynthesis - 1.08218 (ms)
2026-07-13 09:38:02,439 [INFO] Pass: HighLevelSynthesis - 1.07694 (ms)
2026-07-13 09:38:02,440 [INFO] Pass: BasisTranslator - 0.57960 (ms)
2026-07-13 09:38:02,440 [INFO] Pass: BasisTranslator - 0.53024 (ms)
2026-07-13 09:38:02,440 [INFO] Pass: Depth - 0.14877 (ms)
2026-07-13 09:38:02,440 [INFO] Pass: Depth - 0.15116 (ms)
2026-07-13 09:38:02,440 [INFO] Pass: FixedPoint - 0.01216 (ms)
2026-07-13 09:38:02,440 [INFO] Pass: FixedPoint - 0.01025 (ms)
2026-07-13 09:38:02,440 [INFO] Pass: Size - 0.04697 (ms)
2026-07-13 09:38:02,440 [INFO] Pass: FixedPoint - 0.00501 (ms)
2026-07-13 09:38:02,440 [INFO] Pass: Size - 0.04959 (ms)
2026-07-13 09:38:02,440 [INFO] Pass: FixedPoint - 0.00477 (ms)
2026-07-13 09:38:02,440 [INFO] Pass: Optimize1qGatesDecomposition - 0.10633 (ms)
2026-07-13 09:38:02,440 [INFO] Pass: Optimize1qGatesDecomposition - 0.10753 (ms)
2026-07-13 09:38:02,440 [INFO] Pass: InverseCancellation - 0.00668 (ms)
2026-07-13 09:38:02,440 [INFO] Pass: InverseCancellation - 0.00834 (ms)
2026-07-13 09:38:02,441 [INFO] Pass: GatesInBasis - 0.53954 (ms)
2026-07-13 09:38:02,441 [INFO] Pass: GatesInBasis - 0.58007 (ms)
2026-07-13 09:38:02,441 [INFO] Pass: Depth - 0.11778 (ms)
2026-07-13 09:38:02,441 [INFO] Pass: FixedPoint - 0.00501 (ms)
2026-07-13 09:38:02,441 [INFO] Pass: Depth - 0.11945 (ms)
2026-07-13 09:38:02,441 [INFO] Pass: Size - 0.04458 (ms)
2026-07-13 09:38:02,441 [INFO] Pass: FixedPoint - 0.00501 (ms)
2026-07-13 09:38:02,441 [INFO] Pass: FixedPoint - 0.00405 (ms)
2026-07-13 09:38:02,441 [INFO] Pass: ContainsInstruction - 0.00501 (ms)
2026-07-13 09:38:02,441 [INFO] Pass: Size - 0.04506 (ms)
2026-07-13 09:38:02,441 [INFO] Pass: FixedPoint - 0.00405 (ms)
2026-07-13 09:38:02,441 [INFO] Pass: ContainsInstruction - 0.00501 (ms)
2026-07-13 09:38:02,442 [INFO] Total Transpile Time - 68.94445 (ms)
2026-07-13 09:38:02,442 [INFO] Total Transpile Time - 68.91251 (ms)
2026-07-13 09:38:02,448 [INFO] Pass: ContainsInstruction - 0.01287 (ms)
2026-07-13 09:38:02,448 [INFO] Pass: InverseCancellation - 0.01836 (ms)
2026-07-13 09:38:02,448 [INFO] Pass: UnitarySynthesis - 0.00548 (ms)
2026-07-13 09:38:02,449 [INFO] Pass: ContainsInstruction - 0.01121 (ms)
2026-07-13 09:38:02,449 [INFO] Pass: InverseCancellation - 0.01979 (ms)
2026-07-13 09:38:02,449 [INFO] Pass: UnitarySynthesis - 0.00525 (ms)
2026-07-13 09:38:02,450 [INFO] Pass: HighLevelSynthesis - 1.10531 (ms)
2026-07-13 09:38:02,450 [INFO] Pass: HighLevelSynthesis - 1.07360 (ms)
2026-07-13 09:38:02,450 [INFO] Pass: BasisTranslator - 0.60010 (ms)
2026-07-13 09:38:02,450 [INFO] Pass: Depth - 0.15092 (ms)
2026-07-13 09:38:02,450 [INFO] Pass: FixedPoint - 0.01049 (ms)
2026-07-13 09:38:02,451 [INFO] Pass: Size - 0.04792 (ms)
2026-07-13 09:38:02,451 [INFO] Pass: FixedPoint - 0.00477 (ms)
2026-07-13 09:38:02,451 [INFO] Pass: BasisTranslator - 0.57387 (ms)
2026-07-13 09:38:02,451 [INFO] Pass: Optimize1qGatesDecomposition - 0.10991 (ms)
2026-07-13 09:38:02,451 [INFO] Pass: InverseCancellation - 0.00739 (ms)
2026-07-13 09:38:02,451 [INFO] Pass: Depth - 0.15211 (ms)
2026-07-13 09:38:02,451 [INFO] Pass: FixedPoint - 0.01264 (ms)
2026-07-13 09:38:02,451 [INFO] Pass: Size - 0.04840 (ms)
2026-07-13 09:38:02,451 [INFO] Pass: FixedPoint - 0.00501 (ms)
2026-07-13 09:38:02,451 [INFO] Pass: Optimize1qGatesDecomposition - 0.10991 (ms)
2026-07-13 09:38:02,451 [INFO] Pass: InverseCancellation - 0.00691 (ms)
2026-07-13 09:38:02,451 [INFO] Pass: GatesInBasis - 0.53906 (ms)
2026-07-13 09:38:02,451 [INFO] Pass: Depth - 0.11921 (ms)
2026-07-13 09:38:02,452 [INFO] Pass: FixedPoint - 0.00501 (ms)
2026-07-13 09:38:02,452 [INFO] Pass: Size - 0.04530 (ms)
2026-07-13 09:38:02,452 [INFO] Pass: FixedPoint - 0.00405 (ms)
2026-07-13 09:38:02,452 [INFO] Pass: ContainsInstruction - 0.00501 (ms)
2026-07-13 09:38:02,452 [INFO] Pass: GatesInBasis - 0.53787 (ms)
2026-07-13 09:38:02,452 [INFO] Pass: Depth - 0.13137 (ms)
2026-07-13 09:38:02,452 [INFO] Pass: FixedPoint - 0.00525 (ms)
2026-07-13 09:38:02,452 [INFO] Pass: Size - 0.04506 (ms)
2026-07-13 09:38:02,452 [INFO] Pass: FixedPoint - 0.00405 (ms)
2026-07-13 09:38:02,452 [INFO] Pass: ContainsInstruction - 0.00477 (ms)
2026-07-13 09:38:02,453 [INFO] Total Transpile Time - 69.14616 (ms)
2026-07-13 09:38:02,453 [INFO] Total Transpile Time - 69.19813 (ms)
2026-07-13 09:38:02,455 [INFO] Pass: ContainsInstruction - 0.01049 (ms)
2026-07-13 09:38:02,455 [INFO] Pass: InverseCancellation - 0.01955 (ms)
2026-07-13 09:38:02,455 [INFO] Pass: UnitarySynthesis - 0.00477 (ms)
2026-07-13 09:38:02,455 [INFO] Pass: ContainsInstruction - 0.01168 (ms)
2026-07-13 09:38:02,455 [INFO] Pass: InverseCancellation - 0.01884 (ms)
2026-07-13 09:38:02,456 [INFO] Pass: UnitarySynthesis - 0.00548 (ms)
2026-07-13 09:38:02,456 [INFO] Pass: HighLevelSynthesis - 1.09363 (ms)
2026-07-13 09:38:02,457 [INFO] Pass: HighLevelSynthesis - 1.07980 (ms)
2026-07-13 09:38:02,457 [INFO] Pass: BasisTranslator - 0.59986 (ms)
2026-07-13 09:38:02,457 [INFO] Pass: Depth - 0.14830 (ms)
2026-07-13 09:38:02,457 [INFO] Pass: FixedPoint - 0.01216 (ms)
2026-07-13 09:38:02,457 [INFO] Pass: BasisTranslator - 0.57530 (ms)
2026-07-13 09:38:02,457 [INFO] Pass: Size - 0.04673 (ms)
2026-07-13 09:38:02,457 [INFO] Pass: FixedPoint - 0.00501 (ms)
2026-07-13 09:38:02,457 [INFO] Pass: Depth - 0.14901 (ms)
2026-07-13 09:38:02,458 [INFO] Pass: FixedPoint - 0.01073 (ms)
2026-07-13 09:38:02,458 [INFO] Pass: Optimize1qGatesDecomposition - 0.10991 (ms)
2026-07-13 09:38:02,458 [INFO] Pass: InverseCancellation - 0.00691 (ms)
2026-07-13 09:38:02,458 [INFO] Pass: Size - 0.04745 (ms)
2026-07-13 09:38:02,458 [INFO] Pass: FixedPoint - 0.00477 (ms)
2026-07-13 09:38:02,458 [INFO] Pass: Optimize1qGatesDecomposition - 0.11349 (ms)
2026-07-13 09:38:02,458 [INFO] Pass: InverseCancellation - 0.00715 (ms)
2026-07-13 09:38:02,458 [INFO] Pass: ContainsInstruction - 0.01097 (ms)
2026-07-13 09:38:02,458 [INFO] Pass: GatesInBasis - 0.54049 (ms)
2026-07-13 09:38:02,458 [INFO] Pass: InverseCancellation - 0.01836 (ms)
2026-07-13 09:38:02,458 [INFO] Pass: UnitarySynthesis - 0.00477 (ms)
2026-07-13 09:38:02,458 [INFO] Pass: Depth - 0.11849 (ms)
2026-07-13 09:38:02,458 [INFO] Pass: FixedPoint - 0.00501 (ms)
2026-07-13 09:38:02,458 [INFO] Pass: GatesInBasis - 0.53573 (ms)
2026-07-13 09:38:02,458 [INFO] Pass: Size - 0.04435 (ms)
2026-07-13 09:38:02,458 [INFO] Pass: FixedPoint - 0.00429 (ms)
2026-07-13 09:38:02,459 [INFO] Pass: ContainsInstruction - 0.00477 (ms)
2026-07-13 09:38:02,459 [INFO] Pass: Depth - 0.11873 (ms)
2026-07-13 09:38:02,459 [INFO] Pass: FixedPoint - 0.00525 (ms)
2026-07-13 09:38:02,459 [INFO] Pass: Size - 0.04506 (ms)
2026-07-13 09:38:02,459 [INFO] Pass: FixedPoint - 0.00429 (ms)
2026-07-13 09:38:02,459 [INFO] Pass: ContainsInstruction - 0.00501 (ms)
2026-07-13 09:38:02,459 [INFO] Pass: ContainsInstruction - 0.01144 (ms)
2026-07-13 09:38:02,459 [INFO] Pass: InverseCancellation - 0.01788 (ms)
2026-07-13 09:38:02,459 [INFO] Pass: UnitarySynthesis - 0.00477 (ms)
2026-07-13 09:38:02,459 [INFO] Pass: HighLevelSynthesis - 1.06001 (ms)
2026-07-13 09:38:02,460 [INFO] Total Transpile Time - 69.79346 (ms)
2026-07-13 09:38:02,460 [INFO] Total Transpile Time - 69.18073 (ms)
2026-07-13 09:38:02,460 [INFO] Pass: BasisTranslator - 0.58842 (ms)
2026-07-13 09:38:02,460 [INFO] Pass: HighLevelSynthesis - 1.08671 (ms)
2026-07-13 09:38:02,460 [INFO] Pass: Depth - 0.14615 (ms)
2026-07-13 09:38:02,460 [INFO] Pass: FixedPoint - 0.01049 (ms)
2026-07-13 09:38:02,460 [INFO] Pass: Size - 0.04721 (ms)
2026-07-13 09:38:02,460 [INFO] Pass: FixedPoint - 0.00525 (ms)
2026-07-13 09:38:02,460 [INFO] Pass: Optimize1qGatesDecomposition - 0.10753 (ms)
2026-07-13 09:38:02,461 [INFO] Pass: InverseCancellation - 0.00644 (ms)
2026-07-13 09:38:02,461 [INFO] Pass: BasisTranslator - 0.57960 (ms)
2026-07-13 09:38:02,461 [INFO] Pass: Depth - 0.15330 (ms)
2026-07-13 09:38:02,461 [INFO] Pass: FixedPoint - 0.01049 (ms)
2026-07-13 09:38:02,461 [INFO] Pass: Size - 0.04673 (ms)
2026-07-13 09:38:02,461 [INFO] Pass: FixedPoint - 0.00477 (ms)
2026-07-13 09:38:02,461 [INFO] Pass: GatesInBasis - 0.54145 (ms)
2026-07-13 09:38:02,461 [INFO] Pass: Optimize1qGatesDecomposition - 0.10848 (ms)
2026-07-13 09:38:02,461 [INFO] Pass: InverseCancellation - 0.00668 (ms)
2026-07-13 09:38:02,461 [INFO] Pass: Depth - 0.11754 (ms)
2026-07-13 09:38:02,461 [INFO] Pass: FixedPoint - 0.00477 (ms)
2026-07-13 09:38:02,461 [INFO] Pass: Size - 0.04530 (ms)
2026-07-13 09:38:02,461 [INFO] Pass: FixedPoint - 0.00453 (ms)
2026-07-13 09:38:02,461 [INFO] Pass: ContainsInstruction - 0.00501 (ms)
2026-07-13 09:38:02,462 [INFO] Pass: ContainsInstruction - 0.01025 (ms)
2026-07-13 09:38:02,462 [INFO] Pass: GatesInBasis - 0.54193 (ms)
2026-07-13 09:38:02,462 [INFO] Pass: InverseCancellation - 0.02098 (ms)
2026-07-13 09:38:02,462 [INFO] Pass: UnitarySynthesis - 0.00501 (ms)
2026-07-13 09:38:02,462 [INFO] Pass: Depth - 0.11778 (ms)
2026-07-13 09:38:02,462 [INFO] Pass: FixedPoint - 0.00525 (ms)
2026-07-13 09:38:02,462 [INFO] Pass: Size - 0.04482 (ms)
2026-07-13 09:38:02,462 [INFO] Pass: FixedPoint - 0.00429 (ms)
2026-07-13 09:38:02,462 [INFO] Pass: ContainsInstruction - 0.00477 (ms)
2026-07-13 09:38:02,463 [INFO] Total Transpile Time - 69.23461 (ms)
2026-07-13 09:38:02,463 [INFO] Pass: HighLevelSynthesis - 1.06812 (ms)
2026-07-13 09:38:02,463 [INFO] Total Transpile Time - 68.86458 (ms)
2026-07-13 09:38:02,464 [INFO] Pass: BasisTranslator - 0.58103 (ms)
2026-07-13 09:38:02,464 [INFO] Pass: Depth - 0.14853 (ms)
2026-07-13 09:38:02,464 [INFO] Pass: FixedPoint - 0.01049 (ms)
2026-07-13 09:38:02,464 [INFO] Pass: Size - 0.04721 (ms)
2026-07-13 09:38:02,464 [INFO] Pass: FixedPoint - 0.00453 (ms)
2026-07-13 09:38:02,464 [INFO] Pass: Optimize1qGatesDecomposition - 0.10872 (ms)
2026-07-13 09:38:02,464 [INFO] Pass: InverseCancellation - 0.00715 (ms)
2026-07-13 09:38:02,465 [INFO] Pass: GatesInBasis - 0.54002 (ms)
2026-07-13 09:38:02,465 [INFO] Pass: Depth - 0.11730 (ms)
2026-07-13 09:38:02,465 [INFO] Pass: FixedPoint - 0.00525 (ms)
2026-07-13 09:38:02,465 [INFO] Pass: Size - 0.04506 (ms)
2026-07-13 09:38:02,465 [INFO] Pass: FixedPoint - 0.00429 (ms)
2026-07-13 09:38:02,465 [INFO] Pass: ContainsInstruction - 0.00477 (ms)
2026-07-13 09:38:02,466 [INFO] Pass: ContainsInstruction - 0.00882 (ms)
2026-07-13 09:38:02,466 [INFO] Pass: InverseCancellation - 0.15116 (ms)
2026-07-13 09:38:02,466 [INFO] Pass: UnitarySynthesis - 0.00477 (ms)
2026-07-13 09:38:02,466 [INFO] Total Transpile Time - 68.20798 (ms)
2026-07-13 09:38:02,467 [INFO] Pass: HighLevelSynthesis - 1.01805 (ms)
2026-07-13 09:38:02,468 [INFO] Pass: BasisTranslator - 0.66423 (ms)
2026-07-13 09:38:02,468 [INFO] Pass: Depth - 0.13280 (ms)
2026-07-13 09:38:02,468 [INFO] Pass: FixedPoint - 0.00811 (ms)
2026-07-13 09:38:02,468 [INFO] Pass: Size - 0.04983 (ms)
2026-07-13 09:38:02,468 [INFO] Pass: FixedPoint - 0.00453 (ms)
2026-07-13 09:38:02,469 [INFO] Pass: Optimize1qGatesDecomposition - 0.86164 (ms)
2026-07-13 09:38:02,469 [INFO] Pass: InverseCancellation - 0.13041 (ms)
2026-07-13 09:38:02,470 [INFO] Pass: GatesInBasis - 0.56720 (ms)
2026-07-13 09:38:02,470 [INFO] Pass: Depth - 0.12565 (ms)
2026-07-13 09:38:02,470 [INFO] Pass: FixedPoint - 0.00548 (ms)
2026-07-13 09:38:02,470 [INFO] Pass: Size - 0.04768 (ms)
2026-07-13 09:38:02,470 [INFO] Pass: FixedPoint - 0.00405 (ms)
2026-07-13 09:38:02,470 [INFO] Pass: ContainsInstruction - 0.00477 (ms)
2026-07-13 09:38:02,471 [INFO] Pass: ContainsInstruction - 0.00763 (ms)
2026-07-13 09:38:02,471 [INFO] Pass: ContainsInstruction - 0.00739 (ms)
2026-07-13 09:38:02,471 [INFO] Pass: InverseCancellation - 0.14877 (ms)
2026-07-13 09:38:02,471 [INFO] Pass: UnitarySynthesis - 0.00405 (ms)
2026-07-13 09:38:02,471 [INFO] Pass: InverseCancellation - 0.14877 (ms)
2026-07-13 09:38:02,471 [INFO] Pass: UnitarySynthesis - 0.00429 (ms)
2026-07-13 09:38:02,471 [INFO] Total Transpile Time - 50.47226 (ms)
2026-07-13 09:38:02,472 [INFO] Pass: ContainsInstruction - 0.00858 (ms)
2026-07-13 09:38:02,472 [INFO] Pass: InverseCancellation - 0.15116 (ms)
2026-07-13 09:38:02,472 [INFO] Pass: UnitarySynthesis - 0.00477 (ms)
2026-07-13 09:38:02,472 [INFO] Pass: HighLevelSynthesis - 1.01209 (ms)
2026-07-13 09:38:02,472 [INFO] Pass: HighLevelSynthesis - 1.03807 (ms)
2026-07-13 09:38:02,473 [INFO] Pass: HighLevelSynthesis - 1.02496 (ms)
2026-07-13 09:38:02,473 [INFO] Pass: BasisTranslator - 0.66996 (ms)
2026-07-13 09:38:02,473 [INFO] Pass: BasisTranslator - 0.69141 (ms)
2026-07-13 09:38:02,473 [INFO] Pass: Depth - 0.13375 (ms)
2026-07-13 09:38:02,473 [INFO] Pass: FixedPoint - 0.00763 (ms)
2026-07-13 09:38:02,473 [INFO] Pass: Depth - 0.13351 (ms)
2026-07-13 09:38:02,473 [INFO] Pass: Size - 0.04864 (ms)
2026-07-13 09:38:02,473 [INFO] Pass: FixedPoint - 0.00858 (ms)
2026-07-13 09:38:02,473 [INFO] Pass: FixedPoint - 0.00453 (ms)
2026-07-13 09:38:02,474 [INFO] Pass: Size - 0.04888 (ms)
2026-07-13 09:38:02,474 [INFO] Pass: FixedPoint - 0.00453 (ms)
2026-07-13 09:38:02,474 [INFO] Pass: BasisTranslator - 0.66495 (ms)
2026-07-13 09:38:02,474 [INFO] Pass: Depth - 0.13471 (ms)
2026-07-13 09:38:02,474 [INFO] Pass: FixedPoint - 0.00763 (ms)
2026-07-13 09:38:02,474 [INFO] Pass: Size - 0.04888 (ms)
2026-07-13 09:38:02,474 [INFO] Pass: FixedPoint - 0.00477 (ms)
2026-07-13 09:38:02,474 [INFO] Pass: ContainsInstruction - 0.00763 (ms)
2026-07-13 09:38:02,474 [INFO] Pass: Optimize1qGatesDecomposition - 0.84782 (ms)
2026-07-13 09:38:02,474 [INFO] Pass: InverseCancellation - 0.15116 (ms)
2026-07-13 09:38:02,474 [INFO] Pass: Optimize1qGatesDecomposition - 0.84567 (ms)
2026-07-13 09:38:02,475 [INFO] Pass: UnitarySynthesis - 0.00477 (ms)
2026-07-13 09:38:02,475 [INFO] Pass: InverseCancellation - 0.12708 (ms)
2026-07-13 09:38:02,475 [INFO] Pass: InverseCancellation - 0.12851 (ms)
2026-07-13 09:38:02,475 [INFO] Pass: Optimize1qGatesDecomposition - 0.84043 (ms)
2026-07-13 09:38:02,475 [INFO] Pass: InverseCancellation - 0.12851 (ms)
2026-07-13 09:38:02,475 [INFO] Pass: GatesInBasis - 0.57673 (ms)
2026-07-13 09:38:02,475 [INFO] Pass: GatesInBasis - 0.56767 (ms)
2026-07-13 09:38:02,475 [INFO] Pass: Depth - 0.12612 (ms)
2026-07-13 09:38:02,475 [INFO] Pass: FixedPoint - 0.00525 (ms)
2026-07-13 09:38:02,475 [INFO] Pass: Depth - 0.12565 (ms)
2026-07-13 09:38:02,475 [INFO] Pass: Size - 0.04745 (ms)
2026-07-13 09:38:02,475 [INFO] Pass: FixedPoint - 0.00572 (ms)
2026-07-13 09:38:02,475 [INFO] Pass: FixedPoint - 0.00453 (ms)
2026-07-13 09:38:02,476 [INFO] Pass: ContainsInstruction - 0.00525 (ms)
2026-07-13 09:38:02,476 [INFO] Pass: Size - 0.04816 (ms)
2026-07-13 09:38:02,476 [INFO] Pass: HighLevelSynthesis - 0.99897 (ms)
2026-07-13 09:38:02,476 [INFO] Pass: FixedPoint - 0.00405 (ms)
2026-07-13 09:38:02,476 [INFO] Pass: ContainsInstruction - 0.00477 (ms)
2026-07-13 09:38:02,476 [INFO] Pass: GatesInBasis - 0.56624 (ms)
2026-07-13 09:38:02,476 [INFO] Pass: Depth - 0.12970 (ms)
2026-07-13 09:38:02,476 [INFO] Pass: FixedPoint - 0.00572 (ms)
2026-07-13 09:38:02,476 [INFO] Pass: Size - 0.04816 (ms)
2026-07-13 09:38:02,476 [INFO] Pass: FixedPoint - 0.00429 (ms)
2026-07-13 09:38:02,476 [INFO] Pass: ContainsInstruction - 0.00477 (ms)
2026-07-13 09:38:02,476 [INFO] Pass: BasisTranslator - 0.67997 (ms)
2026-07-13 09:38:02,476 [INFO] Pass: ContainsInstruction - 0.00739 (ms)
2026-07-13 09:38:02,476 [INFO] Pass: Depth - 0.13518 (ms)
2026-07-13 09:38:02,476 [INFO] Pass: FixedPoint - 0.00739 (ms)
2026-07-13 09:38:02,476 [INFO] Pass: InverseCancellation - 0.15092 (ms)
2026-07-13 09:38:02,477 [INFO] Pass: UnitarySynthesis - 0.00429 (ms)
2026-07-13 09:38:02,477 [INFO] Pass: Size - 0.04745 (ms)
2026-07-13 09:38:02,477 [INFO] Total Transpile Time - 50.31753 (ms)
2026-07-13 09:38:02,477 [INFO] Pass: FixedPoint - 0.00453 (ms)
2026-07-13 09:38:02,477 [INFO] Total Transpile Time - 50.40812 (ms)
2026-07-13 09:38:02,477 [INFO] Total Transpile Time - 50.78721 (ms)
2026-07-13 09:38:02,477 [INFO] Pass: Optimize1qGatesDecomposition - 0.84281 (ms)
2026-07-13 09:38:02,478 [INFO] Pass: HighLevelSynthesis - 1.01328 (ms)
2026-07-13 09:38:02,478 [INFO] Pass: InverseCancellation - 0.12565 (ms)
2026-07-13 09:38:02,478 [INFO] Pass: GatesInBasis - 0.56672 (ms)
2026-07-13 09:38:02,478 [INFO] Pass: BasisTranslator - 0.68521 (ms)
2026-07-13 09:38:02,478 [INFO] Pass: Depth - 0.12517 (ms)
2026-07-13 09:38:02,478 [INFO] Pass: FixedPoint - 0.00525 (ms)
2026-07-13 09:38:02,479 [INFO] Pass: Depth - 0.13328 (ms)
2026-07-13 09:38:02,479 [INFO] Pass: FixedPoint - 0.00787 (ms)
2026-07-13 09:38:02,479 [INFO] Pass: Size - 0.04768 (ms)
2026-07-13 09:38:02,479 [INFO] Pass: FixedPoint - 0.00405 (ms)
2026-07-13 09:38:02,479 [INFO] Pass: Size - 0.04816 (ms)
2026-07-13 09:38:02,479 [INFO] Pass: ContainsInstruction - 0.00477 (ms)
2026-07-13 09:38:02,479 [INFO] Pass: FixedPoint - 0.00477 (ms)
2026-07-13 09:38:02,479 [INFO] Pass: ContainsInstruction - 0.00739 (ms)
2026-07-13 09:38:02,479 [INFO] Pass: InverseCancellation - 0.14830 (ms)
2026-07-13 09:38:02,479 [INFO] Pass: UnitarySynthesis - 0.00477 (ms)
2026-07-13 09:38:02,480 [INFO] Pass: Optimize1qGatesDecomposition - 0.84829 (ms)
2026-07-13 09:38:02,480 [INFO] Total Transpile Time - 50.33302 (ms)
2026-07-13 09:38:02,480 [INFO] Pass: InverseCancellation - 0.12875 (ms)
2026-07-13 09:38:02,480 [INFO] Pass: GatesInBasis - 0.56624 (ms)
2026-07-13 09:38:02,480 [INFO] Pass: HighLevelSynthesis - 1.00946 (ms)
2026-07-13 09:38:02,481 [INFO] Pass: Depth - 0.12732 (ms)
2026-07-13 09:38:02,481 [INFO] Pass: FixedPoint - 0.00548 (ms)
2026-07-13 09:38:02,481 [INFO] Pass: Size - 0.04840 (ms)
2026-07-13 09:38:02,481 [INFO] Pass: FixedPoint - 0.00453 (ms)
2026-07-13 09:38:02,481 [INFO] Pass: ContainsInstruction - 0.00525 (ms)
2026-07-13 09:38:02,481 [INFO] Pass: BasisTranslator - 0.67210 (ms)
2026-07-13 09:38:02,481 [INFO] Pass: Depth - 0.13280 (ms)
2026-07-13 09:38:02,481 [INFO] Pass: FixedPoint - 0.00811 (ms)
2026-07-13 09:38:02,481 [INFO] Pass: Size - 0.04888 (ms)
2026-07-13 09:38:02,481 [INFO] Pass: FixedPoint - 0.00477 (ms)
2026-07-13 09:38:02,482 [INFO] Total Transpile Time - 50.23956 (ms)
2026-07-13 09:38:02,482 [INFO] Pass: Optimize1qGatesDecomposition - 0.87070 (ms)
2026-07-13 09:38:02,483 [INFO] Pass: InverseCancellation - 0.12755 (ms)
2026-07-13 09:38:02,483 [INFO] Pass: GatesInBasis - 0.57077 (ms)
2026-07-13 09:38:02,483 [INFO] Pass: Depth - 0.12565 (ms)
2026-07-13 09:38:02,483 [INFO] Pass: FixedPoint - 0.00525 (ms)
2026-07-13 09:38:02,483 [INFO] Pass: Size - 0.04697 (ms)
2026-07-13 09:38:02,483 [INFO] Pass: FixedPoint - 0.00429 (ms)
2026-07-13 09:38:02,484 [INFO] Pass: ContainsInstruction - 0.00501 (ms)
2026-07-13 09:38:02,485 [INFO] Total Transpile Time - 50.15063 (ms)
2026-07-13 09:38:02,487 [INFO] Pass: ContainsInstruction - 0.00763 (ms)
2026-07-13 09:38:02,487 [INFO] Pass: InverseCancellation - 0.15020 (ms)
2026-07-13 09:38:02,487 [INFO] Pass: ContainsInstruction - 0.00787 (ms)
2026-07-13 09:38:02,487 [INFO] Pass: UnitarySynthesis - 0.00453 (ms)
2026-07-13 09:38:02,488 [INFO] Pass: InverseCancellation - 0.14758 (ms)
2026-07-13 09:38:02,488 [INFO] Pass: UnitarySynthesis - 0.00453 (ms)
2026-07-13 09:38:02,488 [INFO] Pass: HighLevelSynthesis - 1.00350 (ms)
2026-07-13 09:38:02,489 [INFO] Pass: HighLevelSynthesis - 1.02329 (ms)
2026-07-13 09:38:02,489 [INFO] Pass: BasisTranslator - 0.66900 (ms)
2026-07-13 09:38:02,489 [INFO] Pass: Depth - 0.13351 (ms)
2026-07-13 09:38:02,489 [INFO] Pass: FixedPoint - 0.00739 (ms)
2026-07-13 09:38:02,489 [INFO] Pass: BasisTranslator - 0.67353 (ms)
2026-07-13 09:38:02,489 [INFO] Pass: Size - 0.04816 (ms)
2026-07-13 09:38:02,489 [INFO] Pass: FixedPoint - 0.00453 (ms)
2026-07-13 09:38:02,490 [INFO] Pass: Depth - 0.13518 (ms)
2026-07-13 09:38:02,490 [INFO] Pass: FixedPoint - 0.00763 (ms)
2026-07-13 09:38:02,490 [INFO] Pass: Size - 0.04816 (ms)
2026-07-13 09:38:02,490 [INFO] Pass: FixedPoint - 0.00453 (ms)
2026-07-13 09:38:02,490 [INFO] Pass: Optimize1qGatesDecomposition - 0.84090 (ms)
2026-07-13 09:38:02,491 [INFO] Pass: InverseCancellation - 0.12875 (ms)
2026-07-13 09:38:02,491 [INFO] Pass: Optimize1qGatesDecomposition - 0.84114 (ms)
2026-07-13 09:38:02,491 [INFO] Pass: InverseCancellation - 0.13304 (ms)
2026-07-13 09:38:02,491 [INFO] Pass: GatesInBasis - 0.56863 (ms)
2026-07-13 09:38:02,491 [INFO] Pass: Depth - 0.12422 (ms)
2026-07-13 09:38:02,491 [INFO] Pass: FixedPoint - 0.00548 (ms)
2026-07-13 09:38:02,491 [INFO] Pass: GatesInBasis - 0.55909 (ms)
2026-07-13 09:38:02,491 [INFO] Pass: Size - 0.04768 (ms)
2026-07-13 09:38:02,491 [INFO] Pass: FixedPoint - 0.00429 (ms)
2026-07-13 09:38:02,492 [INFO] Pass: ContainsInstruction - 0.00477 (ms)
2026-07-13 09:38:02,492 [INFO] Pass: Depth - 0.12469 (ms)
2026-07-13 09:38:02,492 [INFO] Pass: FixedPoint - 0.00596 (ms)
2026-07-13 09:38:02,492 [INFO] Pass: Size - 0.04697 (ms)
2026-07-13 09:38:02,492 [INFO] Pass: FixedPoint - 0.00453 (ms)
2026-07-13 09:38:02,492 [INFO] Pass: ContainsInstruction - 0.00501 (ms)
2026-07-13 09:38:02,493 [INFO] Total Transpile Time - 50.09604 (ms)
2026-07-13 09:38:02,493 [INFO] Total Transpile Time - 50.25363 (ms)
2026-07-13 09:38:02,498 [INFO] Pass: ContainsInstruction - 0.00858 (ms)
2026-07-13 09:38:02,498 [INFO] Pass: InverseCancellation - 0.15044 (ms)
2026-07-13 09:38:02,498 [INFO] Pass: ContainsInstruction - 0.01001 (ms)
2026-07-13 09:38:02,498 [INFO] Pass: UnitarySynthesis - 0.00453 (ms)
2026-07-13 09:38:02,498 [INFO] Pass: InverseCancellation - 0.15330 (ms)
2026-07-13 09:38:02,498 [INFO] Pass: UnitarySynthesis - 0.00429 (ms)
2026-07-13 09:38:02,499 [INFO] Pass: HighLevelSynthesis - 1.02162 (ms)
2026-07-13 09:38:02,499 [INFO] Pass: HighLevelSynthesis - 1.03092 (ms)
2026-07-13 09:38:02,500 [INFO] Pass: BasisTranslator - 0.69499 (ms)
2026-07-13 09:38:02,500 [INFO] Pass: Depth - 0.13018 (ms)
2026-07-13 09:38:02,500 [INFO] Pass: BasisTranslator - 0.68641 (ms)
2026-07-13 09:38:02,500 [INFO] Pass: FixedPoint - 0.01335 (ms)
2026-07-13 09:38:02,500 [INFO] Pass: Size - 0.04935 (ms)
2026-07-13 09:38:02,500 [INFO] Pass: FixedPoint - 0.00477 (ms)
2026-07-13 09:38:02,500 [INFO] Pass: Depth - 0.13041 (ms)
2026-07-13 09:38:02,500 [INFO] Pass: FixedPoint - 0.01144 (ms)
2026-07-13 09:38:02,500 [INFO] Pass: Size - 0.04888 (ms)
2026-07-13 09:38:02,500 [INFO] Pass: FixedPoint - 0.00453 (ms)
2026-07-13 09:38:02,501 [INFO] Pass: Optimize1qGatesDecomposition - 0.84186 (ms)
2026-07-13 09:38:02,501 [INFO] Pass: InverseCancellation - 0.12803 (ms)
2026-07-13 09:38:02,501 [INFO] Pass: Optimize1qGatesDecomposition - 0.84829 (ms)
2026-07-13 09:38:02,502 [INFO] Pass: InverseCancellation - 0.12803 (ms)
2026-07-13 09:38:02,502 [INFO] Pass: GatesInBasis - 0.57125 (ms)
2026-07-13 09:38:02,502 [INFO] Pass: Depth - 0.12445 (ms)
2026-07-13 09:38:02,502 [INFO] Pass: FixedPoint - 0.00596 (ms)
2026-07-13 09:38:02,502 [INFO] Pass: GatesInBasis - 0.57340 (ms)
2026-07-13 09:38:02,502 [INFO] Pass: Size - 0.04745 (ms)
2026-07-13 09:38:02,502 [INFO] Pass: FixedPoint - 0.00429 (ms)
2026-07-13 09:38:02,502 [INFO] Pass: ContainsInstruction - 0.00525 (ms)
2026-07-13 09:38:02,502 [INFO] Pass: Depth - 0.12541 (ms)
2026-07-13 09:38:02,502 [INFO] Pass: FixedPoint - 0.00572 (ms)
2026-07-13 09:38:02,502 [INFO] Pass: Size - 0.04792 (ms)
2026-07-13 09:38:02,503 [INFO] Pass: FixedPoint - 0.00429 (ms)
2026-07-13 09:38:02,503 [INFO] Pass: ContainsInstruction - 0.00501 (ms)
2026-07-13 09:38:02,503 [INFO] Total Transpile Time - 50.47059 (ms)
2026-07-13 09:38:02,504 [INFO] Total Transpile Time - 50.26507 (ms)
2026-07-13 09:38:02,505 [INFO] Pass: ContainsInstruction - 0.00715 (ms)
2026-07-13 09:38:02,505 [INFO] Pass: ContainsInstruction - 0.00858 (ms)
2026-07-13 09:38:02,505 [INFO] Pass: InverseCancellation - 0.15187 (ms)
2026-07-13 09:38:02,505 [INFO] Pass: UnitarySynthesis - 0.00429 (ms)
2026-07-13 09:38:02,505 [INFO] Pass: InverseCancellation - 0.15306 (ms)
2026-07-13 09:38:02,505 [INFO] Pass: UnitarySynthesis - 0.00429 (ms)
2026-07-13 09:38:02,506 [INFO] Pass: HighLevelSynthesis - 1.01757 (ms)
2026-07-13 09:38:02,506 [INFO] Pass: HighLevelSynthesis - 1.01233 (ms)
2026-07-13 09:38:02,507 [INFO] Pass: BasisTranslator - 0.66829 (ms)
2026-07-13 09:38:02,507 [INFO] Pass: BasisTranslator - 0.67329 (ms)
2026-07-13 09:38:02,507 [INFO] Pass: Depth - 0.13447 (ms)
2026-07-13 09:38:02,507 [INFO] Pass: FixedPoint - 0.00811 (ms)
2026-07-13 09:38:02,507 [INFO] Pass: Depth - 0.13399 (ms)
2026-07-13 09:38:02,507 [INFO] Pass: Size - 0.04888 (ms)
2026-07-13 09:38:02,507 [INFO] Pass: FixedPoint - 0.01097 (ms)
2026-07-13 09:38:02,507 [INFO] Pass: FixedPoint - 0.00453 (ms)
2026-07-13 09:38:02,507 [INFO] Pass: Size - 0.04888 (ms)
2026-07-13 09:38:02,507 [INFO] Pass: FixedPoint - 0.00477 (ms)
2026-07-13 09:38:02,507 [INFO] Pass: ContainsInstruction - 0.00691 (ms)
2026-07-13 09:38:02,507 [INFO] Pass: InverseCancellation - 0.14496 (ms)
2026-07-13 09:38:02,508 [INFO] Pass: UnitarySynthesis - 0.00429 (ms)
2026-07-13 09:38:02,508 [INFO] Pass: Optimize1qGatesDecomposition - 0.84639 (ms)
2026-07-13 09:38:02,508 [INFO] Pass: ContainsInstruction - 0.00691 (ms)
2026-07-13 09:38:02,508 [INFO] Pass: Optimize1qGatesDecomposition - 0.88024 (ms)
2026-07-13 09:38:02,508 [INFO] Pass: InverseCancellation - 0.12946 (ms)
2026-07-13 09:38:02,508 [INFO] Pass: InverseCancellation - 0.14687 (ms)
2026-07-13 09:38:02,508 [INFO] Pass: InverseCancellation - 0.12922 (ms)
2026-07-13 09:38:02,508 [INFO] Pass: UnitarySynthesis - 0.00453 (ms)
2026-07-13 09:38:02,509 [INFO] Pass: HighLevelSynthesis - 1.01066 (ms)
2026-07-13 09:38:02,509 [INFO] Pass: GatesInBasis - 0.56744 (ms)
2026-07-13 09:38:02,509 [INFO] Pass: GatesInBasis - 0.57483 (ms)
2026-07-13 09:38:02,509 [INFO] Pass: Depth - 0.12898 (ms)
2026-07-13 09:38:02,509 [INFO] Pass: FixedPoint - 0.00572 (ms)
2026-07-13 09:38:02,509 [INFO] Pass: Size - 0.04816 (ms)
2026-07-13 09:38:02,509 [INFO] Pass: Depth - 0.12589 (ms)
2026-07-13 09:38:02,509 [INFO] Pass: FixedPoint - 0.00429 (ms)
2026-07-13 09:38:02,509 [INFO] Pass: FixedPoint - 0.00525 (ms)
2026-07-13 09:38:02,509 [INFO] Pass: ContainsInstruction - 0.00477 (ms)
2026-07-13 09:38:02,509 [INFO] Pass: Size - 0.04721 (ms)
2026-07-13 09:38:02,509 [INFO] Pass: FixedPoint - 0.00429 (ms)
2026-07-13 09:38:02,509 [INFO] Pass: ContainsInstruction - 0.00525 (ms)
2026-07-13 09:38:02,509 [INFO] Pass: BasisTranslator - 0.67353 (ms)
2026-07-13 09:38:02,509 [INFO] Pass: HighLevelSynthesis - 1.02162 (ms)
2026-07-13 09:38:02,509 [INFO] Pass: Depth - 0.13208 (ms)
2026-07-13 09:38:02,510 [INFO] Pass: FixedPoint - 0.00763 (ms)
2026-07-13 09:38:02,510 [INFO] Pass: Size - 0.04864 (ms)
2026-07-13 09:38:02,510 [INFO] Pass: FixedPoint - 0.00453 (ms)
2026-07-13 09:38:02,510 [INFO] Pass: BasisTranslator - 0.66924 (ms)
2026-07-13 09:38:02,510 [INFO] Total Transpile Time - 50.36998 (ms)
2026-07-13 09:38:02,510 [INFO] Pass: Depth - 0.13304 (ms)
2026-07-13 09:38:02,510 [INFO] Total Transpile Time - 50.24695 (ms)
2026-07-13 09:38:02,510 [INFO] Pass: FixedPoint - 0.00763 (ms)
2026-07-13 09:38:02,510 [INFO] Pass: Size - 0.04816 (ms)
2026-07-13 09:38:02,510 [INFO] Pass: FixedPoint - 0.00477 (ms)
2026-07-13 09:38:02,511 [INFO] Pass: Optimize1qGatesDecomposition - 0.84281 (ms)
2026-07-13 09:38:02,511 [INFO] Pass: InverseCancellation - 0.12827 (ms)
2026-07-13 09:38:02,511 [INFO] Pass: ContainsInstruction - 0.00787 (ms)
2026-07-13 09:38:02,511 [INFO] Pass: InverseCancellation - 0.14734 (ms)
2026-07-13 09:38:02,511 [INFO] Pass: UnitarySynthesis - 0.00429 (ms)
2026-07-13 09:38:02,511 [INFO] Pass: Optimize1qGatesDecomposition - 0.84639 (ms)
2026-07-13 09:38:02,511 [INFO] Pass: GatesInBasis - 0.56958 (ms)
2026-07-13 09:38:02,511 [INFO] Pass: InverseCancellation - 0.12779 (ms)
2026-07-13 09:38:02,511 [INFO] Pass: Depth - 0.12517 (ms)
2026-07-13 09:38:02,512 [INFO] Pass: FixedPoint - 0.00548 (ms)
2026-07-13 09:38:02,512 [INFO] Pass: Size - 0.04721 (ms)
2026-07-13 09:38:02,512 [INFO] Pass: FixedPoint - 0.00429 (ms)
2026-07-13 09:38:02,512 [INFO] Pass: ContainsInstruction - 0.00477 (ms)
2026-07-13 09:38:02,512 [INFO] Pass: GatesInBasis - 0.56744 (ms)
2026-07-13 09:38:02,512 [INFO] Pass: Depth - 0.12541 (ms)
2026-07-13 09:38:02,512 [INFO] Pass: FixedPoint - 0.00572 (ms)
2026-07-13 09:38:02,512 [INFO] Pass: HighLevelSynthesis - 1.02258 (ms)
2026-07-13 09:38:02,512 [INFO] Pass: Size - 0.04697 (ms)
2026-07-13 09:38:02,512 [INFO] Pass: FixedPoint - 0.00429 (ms)
2026-07-13 09:38:02,512 [INFO] Pass: ContainsInstruction - 0.00477 (ms)
2026-07-13 09:38:02,513 [INFO] Total Transpile Time - 50.02236 (ms)
2026-07-13 09:38:02,513 [INFO] Pass: BasisTranslator - 0.66614 (ms)
2026-07-13 09:38:02,513 [INFO] Pass: Depth - 0.13232 (ms)
2026-07-13 09:38:02,513 [INFO] Pass: FixedPoint - 0.00739 (ms)
2026-07-13 09:38:02,513 [INFO] Pass: Size - 0.04768 (ms)
2026-07-13 09:38:02,513 [INFO] Pass: FixedPoint - 0.00501 (ms)
2026-07-13 09:38:02,513 [INFO] Total Transpile Time - 50.07148 (ms)
2026-07-13 09:38:02,514 [INFO] Pass: Optimize1qGatesDecomposition - 0.84138 (ms)
2026-07-13 09:38:02,514 [INFO] Pass: InverseCancellation - 0.12898 (ms)
2026-07-13 09:38:02,515 [INFO] Pass: GatesInBasis - 0.56934 (ms)
2026-07-13 09:38:02,515 [INFO] Pass: Depth - 0.12589 (ms)
2026-07-13 09:38:02,515 [INFO] Pass: FixedPoint - 0.00572 (ms)
2026-07-13 09:38:02,515 [INFO] Pass: Size - 0.04745 (ms)
2026-07-13 09:38:02,515 [INFO] Pass: FixedPoint - 0.00405 (ms)
2026-07-13 09:38:02,515 [INFO] Pass: ContainsInstruction - 0.00477 (ms)
2026-07-13 09:38:02,516 [INFO] Pass: ContainsInstruction - 0.00715 (ms)
2026-07-13 09:38:02,516 [INFO] Total Transpile Time - 49.99113 (ms)
2026-07-13 09:38:02,517 [INFO] Pass: InverseCancellation - 0.14544 (ms)
2026-07-13 09:38:02,517 [INFO] Pass: UnitarySynthesis - 0.00429 (ms)
2026-07-13 09:38:02,518 [INFO] Pass: HighLevelSynthesis - 1.09529 (ms)
2026-07-13 09:38:02,519 [INFO] Pass: BasisTranslator - 0.90647 (ms)
2026-07-13 09:38:02,519 [INFO] Pass: Depth - 0.15163 (ms)
2026-07-13 09:38:02,519 [INFO] Pass: FixedPoint - 0.00739 (ms)
2026-07-13 09:38:02,519 [INFO] Pass: Size - 0.05078 (ms)
2026-07-13 09:38:02,519 [INFO] Pass: FixedPoint - 0.00477 (ms)
2026-07-13 09:38:02,520 [INFO] Pass: Optimize1qGatesDecomposition - 0.93937 (ms)
2026-07-13 09:38:02,520 [INFO] Pass: InverseCancellation - 0.00787 (ms)
2026-07-13 09:38:02,521 [INFO] Pass: GatesInBasis - 0.56505 (ms)
2026-07-13 09:38:02,521 [INFO] Pass: Depth - 0.13113 (ms)
2026-07-13 09:38:02,521 [INFO] Pass: FixedPoint - 0.00572 (ms)
2026-07-13 09:38:02,521 [INFO] Pass: Size - 0.04673 (ms)
2026-07-13 09:38:02,521 [INFO] Pass: FixedPoint - 0.00405 (ms)
2026-07-13 09:38:02,521 [INFO] Pass: ContainsInstruction - 0.00739 (ms)
2026-07-13 09:38:02,521 [INFO] Pass: ContainsInstruction - 0.00691 (ms)
2026-07-13 09:38:02,521 [INFO] Pass: InverseCancellation - 0.14448 (ms)
2026-07-13 09:38:02,521 [INFO] Pass: InverseCancellation - 0.14687 (ms)
2026-07-13 09:38:02,521 [INFO] Pass: UnitarySynthesis - 0.00429 (ms)
2026-07-13 09:38:02,521 [INFO] Pass: UnitarySynthesis - 0.00477 (ms)
2026-07-13 09:38:02,522 [INFO] Pass: Optimize1qGatesDecomposition - 0.74434 (ms)
2026-07-13 09:38:02,522 [INFO] Pass: InverseCancellation - 0.00620 (ms)
2026-07-13 09:38:02,522 [INFO] Pass: ContainsInstruction - 0.00715 (ms)
2026-07-13 09:38:02,522 [INFO] Pass: InverseCancellation - 0.14305 (ms)
2026-07-13 09:38:02,522 [INFO] Pass: UnitarySynthesis - 0.00453 (ms)
2026-07-13 09:38:02,522 [INFO] Pass: GatesInBasis - 0.55361 (ms)
2026-07-13 09:38:02,522 [INFO] Pass: HighLevelSynthesis - 1.08671 (ms)
2026-07-13 09:38:02,523 [INFO] Pass: HighLevelSynthesis - 1.09720 (ms)
2026-07-13 09:38:02,523 [INFO] Pass: Depth - 0.12422 (ms)
2026-07-13 09:38:02,523 [INFO] Pass: FixedPoint - 0.00548 (ms)
2026-07-13 09:38:02,523 [INFO] Pass: Size - 0.04768 (ms)
2026-07-13 09:38:02,523 [INFO] Pass: FixedPoint - 0.00453 (ms)
2026-07-13 09:38:02,523 [INFO] Pass: ContainsInstruction - 0.00882 (ms)
2026-07-13 09:38:02,523 [INFO] Pass: HighLevelSynthesis - 1.08624 (ms)
2026-07-13 09:38:02,523 [INFO] Pass: BasisTranslator - 0.90051 (ms)
2026-07-13 09:38:02,523 [INFO] Pass: BasisTranslator - 0.90432 (ms)
2026-07-13 09:38:02,524 [INFO] Pass: Depth - 0.14329 (ms)
2026-07-13 09:38:02,524 [INFO] Pass: Depth - 0.14305 (ms)
2026-07-13 09:38:02,524 [INFO] Pass: FixedPoint - 0.00739 (ms)
2026-07-13 09:38:02,524 [INFO] Pass: FixedPoint - 0.00787 (ms)
2026-07-13 09:38:02,524 [INFO] Pass: Size - 0.05674 (ms)
2026-07-13 09:38:02,524 [INFO] Total Transpile Time - 52.21009 (ms)
2026-07-13 09:38:02,524 [INFO] Pass: FixedPoint - 0.00453 (ms)
2026-07-13 09:38:02,524 [INFO] Pass: Size - 0.05603 (ms)
2026-07-13 09:38:02,524 [INFO] Pass: FixedPoint - 0.00477 (ms)
2026-07-13 09:38:02,524 [INFO] Pass: BasisTranslator - 0.70953 (ms)
2026-07-13 09:38:02,524 [INFO] Pass: Depth - 0.14138 (ms)
2026-07-13 09:38:02,524 [INFO] Pass: ContainsInstruction - 0.00739 (ms)
2026-07-13 09:38:02,524 [INFO] Pass: FixedPoint - 0.00763 (ms)
2026-07-13 09:38:02,524 [INFO] Pass: Size - 0.05102 (ms)
2026-07-13 09:38:02,524 [INFO] Pass: FixedPoint - 0.00501 (ms)
2026-07-13 09:38:02,524 [INFO] Pass: InverseCancellation - 0.14639 (ms)
2026-07-13 09:38:02,524 [INFO] Pass: UnitarySynthesis - 0.00429 (ms)
2026-07-13 09:38:02,525 [INFO] Pass: Optimize1qGatesDecomposition - 0.94032 (ms)
2026-07-13 09:38:02,525 [INFO] Pass: Optimize1qGatesDecomposition - 0.93532 (ms)
2026-07-13 09:38:02,525 [INFO] Pass: InverseCancellation - 0.00787 (ms)
2026-07-13 09:38:02,525 [INFO] Pass: InverseCancellation - 0.00739 (ms)
2026-07-13 09:38:02,525 [INFO] Pass: Optimize1qGatesDecomposition - 0.93627 (ms)
2026-07-13 09:38:02,525 [INFO] Pass: InverseCancellation - 0.00787 (ms)
2026-07-13 09:38:02,525 [INFO] Pass: GatesInBasis - 0.57173 (ms)
2026-07-13 09:38:02,526 [INFO] Pass: GatesInBasis - 0.56744 (ms)
2026-07-13 09:38:02,526 [INFO] Pass: HighLevelSynthesis - 1.07622 (ms)
2026-07-13 09:38:02,526 [INFO] Pass: Depth - 0.12827 (ms)
2026-07-13 09:38:02,526 [INFO] Pass: Depth - 0.12684 (ms)
2026-07-13 09:38:02,526 [INFO] Pass: FixedPoint - 0.00548 (ms)
2026-07-13 09:38:02,526 [INFO] Pass: FixedPoint - 0.00572 (ms)
2026-07-13 09:38:02,526 [INFO] Pass: Size - 0.04768 (ms)
2026-07-13 09:38:02,526 [INFO] Pass: Size - 0.05364 (ms)
2026-07-13 09:38:02,526 [INFO] Pass: FixedPoint - 0.00429 (ms)
2026-07-13 09:38:02,526 [INFO] Pass: FixedPoint - 0.00429 (ms)
2026-07-13 09:38:02,526 [INFO] Pass: GatesInBasis - 0.57197 (ms)
2026-07-13 09:38:02,526 [INFO] Pass: Depth - 0.12684 (ms)
2026-07-13 09:38:02,526 [INFO] Pass: ContainsInstruction - 0.00691 (ms)
2026-07-13 09:38:02,526 [INFO] Pass: FixedPoint - 0.00548 (ms)
2026-07-13 09:38:02,526 [INFO] Pass: Size - 0.04768 (ms)
2026-07-13 09:38:02,526 [INFO] Pass: FixedPoint - 0.00429 (ms)
2026-07-13 09:38:02,526 [INFO] Pass: InverseCancellation - 0.14448 (ms)
2026-07-13 09:38:02,526 [INFO] Pass: UnitarySynthesis - 0.00453 (ms)
2026-07-13 09:38:02,527 [INFO] Pass: BasisTranslator - 0.91791 (ms)
2026-07-13 09:38:02,527 [INFO] Pass: Optimize1qGatesDecomposition - 0.74339 (ms)
2026-07-13 09:38:02,527 [INFO] Pass: Optimize1qGatesDecomposition - 0.74983 (ms)
2026-07-13 09:38:02,527 [INFO] Pass: InverseCancellation - 0.00668 (ms)
2026-07-13 09:38:02,527 [INFO] Pass: InverseCancellation - 0.00691 (ms)
2026-07-13 09:38:02,527 [INFO] Pass: Depth - 0.14353 (ms)
2026-07-13 09:38:02,527 [INFO] Pass: FixedPoint - 0.00763 (ms)
2026-07-13 09:38:02,527 [INFO] Pass: Size - 0.05150 (ms)
2026-07-13 09:38:02,527 [INFO] Pass: FixedPoint - 0.00477 (ms)
2026-07-13 09:38:02,527 [INFO] Pass: Optimize1qGatesDecomposition - 0.75531 (ms)
2026-07-13 09:38:02,527 [INFO] Pass: InverseCancellation - 0.00668 (ms)
2026-07-13 09:38:02,527 [INFO] Pass: GatesInBasis - 0.56505 (ms)
2026-07-13 09:38:02,527 [INFO] Pass: GatesInBasis - 0.55957 (ms)
2026-07-13 09:38:02,527 [INFO] Pass: Depth - 0.12279 (ms)
2026-07-13 09:38:02,527 [INFO] Pass: Depth - 0.12517 (ms)
2026-07-13 09:38:02,527 [INFO] Pass: FixedPoint - 0.00525 (ms)
2026-07-13 09:38:02,527 [INFO] Pass: FixedPoint - 0.00525 (ms)
2026-07-13 09:38:02,528 [INFO] Pass: Size - 0.04697 (ms)
2026-07-13 09:38:02,528 [INFO] Pass: Size - 0.04721 (ms)
2026-07-13 09:38:02,528 [INFO] Pass: FixedPoint - 0.00405 (ms)
2026-07-13 09:38:02,528 [INFO] Pass: HighLevelSynthesis - 1.08933 (ms)
2026-07-13 09:38:02,528 [INFO] Pass: FixedPoint - 0.00429 (ms)
2026-07-13 09:38:02,528 [INFO] Pass: ContainsInstruction - 0.00501 (ms)
2026-07-13 09:38:02,528 [INFO] Pass: ContainsInstruction - 0.00525 (ms)
2026-07-13 09:38:02,528 [INFO] Pass: GatesInBasis - 0.56219 (ms)
2026-07-13 09:38:02,528 [INFO] Pass: Optimize1qGatesDecomposition - 0.93269 (ms)
2026-07-13 09:38:02,528 [INFO] Pass: Depth - 0.12279 (ms)
2026-07-13 09:38:02,528 [INFO] Pass: InverseCancellation - 0.00739 (ms)
2026-07-13 09:38:02,528 [INFO] Pass: FixedPoint - 0.00477 (ms)
2026-07-13 09:38:02,528 [INFO] Pass: Size - 0.04721 (ms)
2026-07-13 09:38:02,528 [INFO] Pass: FixedPoint - 0.00405 (ms)
2026-07-13 09:38:02,528 [INFO] Pass: ContainsInstruction - 0.00477 (ms)
2026-07-13 09:38:02,529 [INFO] Pass: BasisTranslator - 0.92030 (ms)
2026-07-13 09:38:02,529 [INFO] Pass: GatesInBasis - 0.56553 (ms)
2026-07-13 09:38:02,529 [INFO] Total Transpile Time - 51.93639 (ms)
2026-07-13 09:38:02,529 [INFO] Total Transpile Time - 51.89276 (ms)
2026-07-13 09:38:02,529 [INFO] Pass: Depth - 0.12660 (ms)
2026-07-13 09:38:02,529 [INFO] Pass: Depth - 0.14329 (ms)
2026-07-13 09:38:02,529 [INFO] Pass: FixedPoint - 0.00572 (ms)
2026-07-13 09:38:02,529 [INFO] Pass: FixedPoint - 0.00811 (ms)
2026-07-13 09:38:02,529 [INFO] Pass: Size - 0.04864 (ms)
2026-07-13 09:38:02,529 [INFO] Pass: Size - 0.05078 (ms)
2026-07-13 09:38:02,529 [INFO] Pass: FixedPoint - 0.00429 (ms)
2026-07-13 09:38:02,529 [INFO] Pass: FixedPoint - 0.00453 (ms)
2026-07-13 09:38:02,529 [INFO] Pass: ContainsInstruction - 0.00691 (ms)
2026-07-13 09:38:02,529 [INFO] Total Transpile Time - 52.02246 (ms)
2026-07-13 09:38:02,529 [INFO] Pass: InverseCancellation - 0.14544 (ms)
2026-07-13 09:38:02,529 [INFO] Pass: UnitarySynthesis - 0.00429 (ms)
2026-07-13 09:38:02,530 [INFO] Pass: Optimize1qGatesDecomposition - 0.75388 (ms)
2026-07-13 09:38:02,530 [INFO] Pass: InverseCancellation - 0.00691 (ms)
2026-07-13 09:38:02,530 [INFO] Pass: Optimize1qGatesDecomposition - 0.93627 (ms)
2026-07-13 09:38:02,530 [INFO] Pass: InverseCancellation - 0.00834 (ms)
2026-07-13 09:38:02,530 [INFO] Pass: GatesInBasis - 0.55528 (ms)
2026-07-13 09:38:02,530 [INFO] Pass: HighLevelSynthesis - 1.09577 (ms)
2026-07-13 09:38:02,531 [INFO] Pass: Depth - 0.12517 (ms)
2026-07-13 09:38:02,531 [INFO] Pass: FixedPoint - 0.00525 (ms)
2026-07-13 09:38:02,531 [INFO] Pass: GatesInBasis - 0.56863 (ms)
2026-07-13 09:38:02,531 [INFO] Pass: Size - 0.04768 (ms)
2026-07-13 09:38:02,531 [INFO] Pass: FixedPoint - 0.00429 (ms)
2026-07-13 09:38:02,531 [INFO] Pass: ContainsInstruction - 0.00501 (ms)
2026-07-13 09:38:02,531 [INFO] Pass: Depth - 0.12898 (ms)
2026-07-13 09:38:02,531 [INFO] Pass: FixedPoint - 0.00572 (ms)
2026-07-13 09:38:02,531 [INFO] Pass: Size - 0.04792 (ms)
2026-07-13 09:38:02,531 [INFO] Pass: FixedPoint - 0.00429 (ms)
2026-07-13 09:38:02,531 [INFO] Pass: BasisTranslator - 0.71120 (ms)
2026-07-13 09:38:02,531 [INFO] Pass: Depth - 0.13947 (ms)
2026-07-13 09:38:02,531 [INFO] Pass: FixedPoint - 0.00739 (ms)
2026-07-13 09:38:02,532 [INFO] Pass: Size - 0.05078 (ms)
2026-07-13 09:38:02,532 [INFO] Pass: FixedPoint - 0.00477 (ms)
2026-07-13 09:38:02,532 [INFO] Pass: Optimize1qGatesDecomposition - 0.75245 (ms)
2026-07-13 09:38:02,532 [INFO] Total Transpile Time - 51.99504 (ms)
2026-07-13 09:38:02,532 [INFO] Pass: InverseCancellation - 0.00691 (ms)
2026-07-13 09:38:02,532 [INFO] Pass: GatesInBasis - 0.55671 (ms)
2026-07-13 09:38:02,533 [INFO] Pass: Depth - 0.12422 (ms)
2026-07-13 09:38:02,533 [INFO] Pass: Optimize1qGatesDecomposition - 0.93460 (ms)
2026-07-13 09:38:02,533 [INFO] Pass: FixedPoint - 0.00501 (ms)
2026-07-13 09:38:02,533 [INFO] Pass: InverseCancellation - 0.00691 (ms)
2026-07-13 09:38:02,533 [INFO] Pass: Size - 0.04745 (ms)
2026-07-13 09:38:02,533 [INFO] Pass: FixedPoint - 0.00429 (ms)
2026-07-13 09:38:02,533 [INFO] Pass: ContainsInstruction - 0.00548 (ms)
2026-07-13 09:38:02,533 [INFO] Pass: GatesInBasis - 0.57483 (ms)
2026-07-13 09:38:02,533 [INFO] Pass: Depth - 0.12803 (ms)
2026-07-13 09:38:02,533 [INFO] Pass: FixedPoint - 0.00572 (ms)
2026-07-13 09:38:02,533 [INFO] Pass: Size - 0.04768 (ms)
2026-07-13 09:38:02,534 [INFO] Pass: FixedPoint - 0.00453 (ms)
2026-07-13 09:38:02,534 [INFO] Total Transpile Time - 51.87130 (ms)
2026-07-13 09:38:02,534 [INFO] Pass: Optimize1qGatesDecomposition - 0.76008 (ms)
2026-07-13 09:38:02,534 [INFO] Pass: InverseCancellation - 0.00620 (ms)
2026-07-13 09:38:02,535 [INFO] Pass: GatesInBasis - 0.56243 (ms)
2026-07-13 09:38:02,535 [INFO] Pass: Depth - 0.12279 (ms)
2026-07-13 09:38:02,535 [INFO] Pass: FixedPoint - 0.00501 (ms)
2026-07-13 09:38:02,535 [INFO] Pass: Size - 0.04768 (ms)
2026-07-13 09:38:02,535 [INFO] Pass: FixedPoint - 0.00405 (ms)
2026-07-13 09:38:02,535 [INFO] Pass: ContainsInstruction - 0.00477 (ms)
2026-07-13 09:38:02,536 [INFO] Total Transpile Time - 51.70727 (ms)
2026-07-13 09:38:02,537 [INFO] Pass: ContainsInstruction - 0.00691 (ms)
2026-07-13 09:38:02,537 [INFO] Pass: InverseCancellation - 0.14400 (ms)
2026-07-13 09:38:02,537 [INFO] Pass: UnitarySynthesis - 0.00429 (ms)
2026-07-13 09:38:02,538 [INFO] Pass: ContainsInstruction - 0.00715 (ms)
2026-07-13 09:38:02,538 [INFO] Pass: InverseCancellation - 0.14305 (ms)
2026-07-13 09:38:02,538 [INFO] Pass: UnitarySynthesis - 0.00453 (ms)
2026-07-13 09:38:02,539 [INFO] Pass: HighLevelSynthesis - 1.10054 (ms)
2026-07-13 09:38:02,539 [INFO] Pass: HighLevelSynthesis - 1.07884 (ms)
2026-07-13 09:38:02,539 [INFO] Pass: BasisTranslator - 0.71216 (ms)
2026-07-13 09:38:02,540 [INFO] Pass: Depth - 0.14186 (ms)
2026-07-13 09:38:02,540 [INFO] Pass: FixedPoint - 0.00715 (ms)
2026-07-13 09:38:02,540 [INFO] Pass: Size - 0.05126 (ms)
2026-07-13 09:38:02,540 [INFO] Pass: BasisTranslator - 0.70071 (ms)
2026-07-13 09:38:02,540 [INFO] Pass: FixedPoint - 0.00477 (ms)
2026-07-13 09:38:02,540 [INFO] Pass: Depth - 0.14544 (ms)
2026-07-13 09:38:02,540 [INFO] Pass: FixedPoint - 0.00739 (ms)
2026-07-13 09:38:02,540 [INFO] Pass: Size - 0.05078 (ms)
2026-07-13 09:38:02,540 [INFO] Pass: FixedPoint - 0.00453 (ms)
2026-07-13 09:38:02,541 [INFO] Pass: Optimize1qGatesDecomposition - 0.92864 (ms)
2026-07-13 09:38:02,541 [INFO] Pass: InverseCancellation - 0.00763 (ms)
2026-07-13 09:38:02,541 [INFO] Pass: Optimize1qGatesDecomposition - 0.93341 (ms)
2026-07-13 09:38:02,541 [INFO] Pass: InverseCancellation - 0.00715 (ms)
2026-07-13 09:38:02,541 [INFO] Pass: GatesInBasis - 0.56744 (ms)
2026-07-13 09:38:02,542 [INFO] Pass: Depth - 0.12636 (ms)
2026-07-13 09:38:02,542 [INFO] Pass: FixedPoint - 0.00548 (ms)
2026-07-13 09:38:02,542 [INFO] Pass: Size - 0.04745 (ms)
2026-07-13 09:38:02,542 [INFO] Pass: FixedPoint - 0.00453 (ms)
2026-07-13 09:38:02,542 [INFO] Pass: GatesInBasis - 0.56934 (ms)
2026-07-13 09:38:02,542 [INFO] Pass: Depth - 0.13137 (ms)
2026-07-13 09:38:02,542 [INFO] Pass: FixedPoint - 0.00525 (ms)
2026-07-13 09:38:02,542 [INFO] Pass: Size - 0.04745 (ms)
2026-07-13 09:38:02,542 [INFO] Pass: FixedPoint - 0.00477 (ms)
2026-07-13 09:38:02,542 [INFO] Pass: Optimize1qGatesDecomposition - 0.75459 (ms)
2026-07-13 09:38:02,543 [INFO] Pass: InverseCancellation - 0.00691 (ms)
2026-07-13 09:38:02,543 [INFO] Pass: Optimize1qGatesDecomposition - 0.75006 (ms)
2026-07-13 09:38:02,543 [INFO] Pass: InverseCancellation - 0.00691 (ms)
2026-07-13 09:38:02,543 [INFO] Pass: GatesInBasis - 0.56291 (ms)
2026-07-13 09:38:02,543 [INFO] Pass: Depth - 0.12350 (ms)
2026-07-13 09:38:02,543 [INFO] Pass: FixedPoint - 0.00525 (ms)
2026-07-13 09:38:02,543 [INFO] Pass: Size - 0.04697 (ms)
2026-07-13 09:38:02,543 [INFO] Pass: FixedPoint - 0.00405 (ms)
2026-07-13 09:38:02,543 [INFO] Pass: GatesInBasis - 0.55861 (ms)
2026-07-13 09:38:02,544 [INFO] Pass: ContainsInstruction - 0.00572 (ms)
2026-07-13 09:38:02,544 [INFO] Pass: Depth - 0.12350 (ms)
2026-07-13 09:38:02,544 [INFO] Pass: FixedPoint - 0.00477 (ms)
2026-07-13 09:38:02,544 [INFO] Pass: Size - 0.04697 (ms)
2026-07-13 09:38:02,544 [INFO] Pass: FixedPoint - 0.00405 (ms)
2026-07-13 09:38:02,544 [INFO] Pass: ContainsInstruction - 0.00477 (ms)
2026-07-13 09:38:02,545 [INFO] Total Transpile Time - 51.89228 (ms)
2026-07-13 09:38:02,545 [INFO] Total Transpile Time - 51.95403 (ms)
2026-07-13 09:38:02,548 [INFO] Pass: ContainsInstruction - 0.01073 (ms)
2026-07-13 09:38:02,548 [INFO] Pass: InverseCancellation - 0.14615 (ms)
2026-07-13 09:38:02,548 [INFO] Pass: UnitarySynthesis - 0.00477 (ms)
2026-07-13 09:38:02,548 [INFO] Pass: ContainsInstruction - 0.00739 (ms)
2026-07-13 09:38:02,549 [INFO] Pass: InverseCancellation - 0.14687 (ms)
2026-07-13 09:38:02,549 [INFO] Pass: UnitarySynthesis - 0.00453 (ms)
2026-07-13 09:38:02,549 [INFO] Pass: HighLevelSynthesis - 1.08957 (ms)
2026-07-13 09:38:02,550 [INFO] Pass: HighLevelSynthesis - 1.10531 (ms)
2026-07-13 09:38:02,550 [INFO] Pass: BasisTranslator - 0.90289 (ms)
2026-07-13 09:38:02,550 [INFO] Pass: Depth - 0.14210 (ms)
2026-07-13 09:38:02,551 [INFO] Pass: FixedPoint - 0.00834 (ms)
2026-07-13 09:38:02,551 [INFO] Pass: BasisTranslator - 0.69880 (ms)
2026-07-13 09:38:02,551 [INFO] Pass: Size - 0.05102 (ms)
2026-07-13 09:38:02,551 [INFO] Pass: FixedPoint - 0.00453 (ms)
2026-07-13 09:38:02,551 [INFO] Pass: Depth - 0.14281 (ms)
2026-07-13 09:38:02,551 [INFO] Pass: FixedPoint - 0.00811 (ms)
2026-07-13 09:38:02,551 [INFO] Pass: Size - 0.05126 (ms)
2026-07-13 09:38:02,551 [INFO] Pass: FixedPoint - 0.00477 (ms)
2026-07-13 09:38:02,552 [INFO] Pass: Optimize1qGatesDecomposition - 0.94581 (ms)
2026-07-13 09:38:02,552 [INFO] Pass: InverseCancellation - 0.00763 (ms)
2026-07-13 09:38:02,552 [INFO] Pass: Optimize1qGatesDecomposition - 0.93818 (ms)
2026-07-13 09:38:02,552 [INFO] Pass: InverseCancellation - 0.00787 (ms)
2026-07-13 09:38:02,552 [INFO] Pass: GatesInBasis - 0.57292 (ms)
2026-07-13 09:38:02,552 [INFO] Pass: Depth - 0.12612 (ms)
2026-07-13 09:38:02,553 [INFO] Pass: FixedPoint - 0.00548 (ms)
2026-07-13 09:38:02,553 [INFO] Pass: GatesInBasis - 0.57387 (ms)
2026-07-13 09:38:02,553 [INFO] Pass: Size - 0.04745 (ms)
2026-07-13 09:38:02,553 [INFO] Pass: FixedPoint - 0.00429 (ms)
2026-07-13 09:38:02,553 [INFO] Pass: Depth - 0.12851 (ms)
2026-07-13 09:38:02,553 [INFO] Pass: FixedPoint - 0.00596 (ms)
2026-07-13 09:38:02,553 [INFO] Pass: Size - 0.04768 (ms)
2026-07-13 09:38:02,553 [INFO] Pass: FixedPoint - 0.00429 (ms)
2026-07-13 09:38:02,553 [INFO] Pass: Optimize1qGatesDecomposition - 0.74744 (ms)
2026-07-13 09:38:02,553 [INFO] Pass: InverseCancellation - 0.00644 (ms)
2026-07-13 09:38:02,554 [INFO] Pass: Optimize1qGatesDecomposition - 0.75293 (ms)
2026-07-13 09:38:02,554 [INFO] Pass: InverseCancellation - 0.00644 (ms)
2026-07-13 09:38:02,554 [INFO] Pass: GatesInBasis - 0.55814 (ms)
2026-07-13 09:38:02,554 [INFO] Pass: Depth - 0.12445 (ms)
2026-07-13 09:38:02,554 [INFO] Pass: FixedPoint - 0.00501 (ms)
2026-07-13 09:38:02,554 [INFO] Pass: Size - 0.04697 (ms)
2026-07-13 09:38:02,554 [INFO] Pass: GatesInBasis - 0.55790 (ms)
2026-07-13 09:38:02,554 [INFO] Pass: FixedPoint - 0.00453 (ms)
2026-07-13 09:38:02,554 [INFO] Pass: ContainsInstruction - 0.00572 (ms)
2026-07-13 09:38:02,555 [INFO] Pass: Depth - 0.12422 (ms)
2026-07-13 09:38:02,555 [INFO] Pass: FixedPoint - 0.00525 (ms)
2026-07-13 09:38:02,555 [INFO] Pass: Size - 0.04649 (ms)
2026-07-13 09:38:02,555 [INFO] Pass: FixedPoint - 0.00405 (ms)
2026-07-13 09:38:02,555 [INFO] Pass: ContainsInstruction - 0.00525 (ms)
2026-07-13 09:38:02,555 [INFO] Pass: ContainsInstruction - 0.00763 (ms)
2026-07-13 09:38:02,555 [INFO] Pass: ContainsInstruction - 0.00739 (ms)
2026-07-13 09:38:02,555 [INFO] Pass: InverseCancellation - 0.14901 (ms)
2026-07-13 09:38:02,555 [INFO] Pass: UnitarySynthesis - 0.00477 (ms)
2026-07-13 09:38:02,555 [INFO] Pass: InverseCancellation - 0.14734 (ms)
2026-07-13 09:38:02,555 [INFO] Pass: UnitarySynthesis - 0.00501 (ms)
2026-07-13 09:38:02,555 [INFO] Total Transpile Time - 51.99289 (ms)
2026-07-13 09:38:02,556 [INFO] Total Transpile Time - 52.06394 (ms)
2026-07-13 09:38:02,556 [INFO] Pass: HighLevelSynthesis - 1.09100 (ms)
2026-07-13 09:38:02,556 [INFO] Pass: HighLevelSynthesis - 1.07503 (ms)
2026-07-13 09:38:02,557 [INFO] Pass: BasisTranslator - 0.70333 (ms)
2026-07-13 09:38:02,557 [INFO] Pass: BasisTranslator - 0.70643 (ms)
2026-07-13 09:38:02,557 [INFO] Pass: ContainsInstruction - 0.00739 (ms)
2026-07-13 09:38:02,557 [INFO] Pass: Depth - 0.14162 (ms)
2026-07-13 09:38:02,557 [INFO] Pass: Depth - 0.14377 (ms)
2026-07-13 09:38:02,557 [INFO] Pass: FixedPoint - 0.00787 (ms)
2026-07-13 09:38:02,557 [INFO] Pass: FixedPoint - 0.00763 (ms)
2026-07-13 09:38:02,557 [INFO] Pass: Size - 0.05007 (ms)
2026-07-13 09:38:02,557 [INFO] Pass: InverseCancellation - 0.14567 (ms)
2026-07-13 09:38:02,557 [INFO] Pass: FixedPoint - 0.00477 (ms)
2026-07-13 09:38:02,557 [INFO] Pass: Size - 0.05174 (ms)
2026-07-13 09:38:02,557 [INFO] Pass: UnitarySynthesis - 0.00477 (ms)
2026-07-13 09:38:02,557 [INFO] Pass: FixedPoint - 0.00453 (ms)
2026-07-13 09:38:02,558 [INFO] Pass: ContainsInstruction - 0.00763 (ms)
2026-07-13 09:38:02,558 [INFO] Pass: InverseCancellation - 0.14925 (ms)
2026-07-13 09:38:02,558 [INFO] Pass: UnitarySynthesis - 0.00429 (ms)
2026-07-13 09:38:02,558 [INFO] Pass: Optimize1qGatesDecomposition - 0.94700 (ms)
2026-07-13 09:38:02,558 [INFO] Pass: Optimize1qGatesDecomposition - 0.93985 (ms)
2026-07-13 09:38:02,558 [INFO] Pass: InverseCancellation - 0.00858 (ms)
2026-07-13 09:38:02,559 [INFO] Pass: InverseCancellation - 0.00787 (ms)
2026-07-13 09:38:02,559 [INFO] Pass: HighLevelSynthesis - 1.07384 (ms)
2026-07-13 09:38:02,559 [INFO] Pass: GatesInBasis - 0.57578 (ms)
2026-07-13 09:38:02,559 [INFO] Pass: GatesInBasis - 0.57888 (ms)
2026-07-13 09:38:02,559 [INFO] Pass: Depth - 0.12922 (ms)
2026-07-13 09:38:02,559 [INFO] Pass: Depth - 0.12898 (ms)
2026-07-13 09:38:02,559 [INFO] Pass: FixedPoint - 0.00548 (ms)
2026-07-13 09:38:02,559 [INFO] Pass: BasisTranslator - 0.70047 (ms)
2026-07-13 09:38:02,559 [INFO] Pass: FixedPoint - 0.00572 (ms)
2026-07-13 09:38:02,559 [INFO] Pass: Size - 0.04745 (ms)
2026-07-13 09:38:02,559 [INFO] Pass: Size - 0.04816 (ms)
2026-07-13 09:38:02,559 [INFO] Pass: FixedPoint - 0.00429 (ms)
2026-07-13 09:38:02,559 [INFO] Pass: FixedPoint - 0.00429 (ms)
2026-07-13 09:38:02,559 [INFO] Pass: Depth - 0.14043 (ms)
2026-07-13 09:38:02,560 [INFO] Pass: HighLevelSynthesis - 1.09959 (ms)
2026-07-13 09:38:02,560 [INFO] Pass: FixedPoint - 0.00811 (ms)
2026-07-13 09:38:02,560 [INFO] Pass: Size - 0.05078 (ms)
2026-07-13 09:38:02,560 [INFO] Pass: FixedPoint - 0.00477 (ms)
2026-07-13 09:38:02,560 [INFO] Pass: Optimize1qGatesDecomposition - 0.76056 (ms)
2026-07-13 09:38:02,560 [INFO] Pass: Optimize1qGatesDecomposition - 0.75817 (ms)
2026-07-13 09:38:02,560 [INFO] Pass: InverseCancellation - 0.00668 (ms)
2026-07-13 09:38:02,560 [INFO] Pass: BasisTranslator - 0.70095 (ms)
2026-07-13 09:38:02,560 [INFO] Pass: InverseCancellation - 0.00620 (ms)
2026-07-13 09:38:02,560 [INFO] Pass: Depth - 0.14114 (ms)
2026-07-13 09:38:02,561 [INFO] Pass: FixedPoint - 0.00763 (ms)
2026-07-13 09:38:02,561 [INFO] Pass: Size - 0.05102 (ms)
2026-07-13 09:38:02,561 [INFO] Pass: FixedPoint - 0.00453 (ms)
2026-07-13 09:38:02,561 [INFO] Pass: Optimize1qGatesDecomposition - 0.93818 (ms)
2026-07-13 09:38:02,561 [INFO] Pass: InverseCancellation - 0.00739 (ms)
2026-07-13 09:38:02,561 [INFO] Pass: GatesInBasis - 0.56648 (ms)
2026-07-13 09:38:02,561 [INFO] Pass: GatesInBasis - 0.56291 (ms)
2026-07-13 09:38:02,561 [INFO] Pass: Depth - 0.12541 (ms)
2026-07-13 09:38:02,561 [INFO] Pass: Depth - 0.12374 (ms)
2026-07-13 09:38:02,561 [INFO] Pass: FixedPoint - 0.00501 (ms)
2026-07-13 09:38:02,561 [INFO] Pass: FixedPoint - 0.00501 (ms)
2026-07-13 09:38:02,561 [INFO] Pass: ContainsInstruction - 0.00787 (ms)
2026-07-13 09:38:02,561 [INFO] Pass: Size - 0.04792 (ms)
2026-07-13 09:38:02,561 [INFO] Pass: Size - 0.04792 (ms)
2026-07-13 09:38:02,561 [INFO] Pass: FixedPoint - 0.00405 (ms)
2026-07-13 09:38:02,561 [INFO] Pass: FixedPoint - 0.00429 (ms)
2026-07-13 09:38:02,561 [INFO] Pass: ContainsInstruction - 0.00477 (ms)
2026-07-13 09:38:02,561 [INFO] Pass: ContainsInstruction - 0.00477 (ms)
2026-07-13 09:38:02,561 [INFO] Pass: GatesInBasis - 0.57697 (ms)
2026-07-13 09:38:02,561 [INFO] Pass: InverseCancellation - 0.14782 (ms)
2026-07-13 09:38:02,561 [INFO] Pass: UnitarySynthesis - 0.00525 (ms)
2026-07-13 09:38:02,561 [INFO] Pass: Depth - 0.12732 (ms)
2026-07-13 09:38:02,562 [INFO] Pass: FixedPoint - 0.00548 (ms)
2026-07-13 09:38:02,562 [INFO] Pass: Size - 0.04768 (ms)
2026-07-13 09:38:02,562 [INFO] Pass: Optimize1qGatesDecomposition - 0.94271 (ms)
2026-07-13 09:38:02,562 [INFO] Pass: FixedPoint - 0.00405 (ms)
2026-07-13 09:38:02,562 [INFO] Pass: InverseCancellation - 0.00811 (ms)
2026-07-13 09:38:02,562 [INFO] Total Transpile Time - 51.94044 (ms)
2026-07-13 09:38:02,562 [INFO] Pass: GatesInBasis - 0.57745 (ms)
2026-07-13 09:38:02,562 [INFO] Total Transpile Time - 52.10400 (ms)
2026-07-13 09:38:02,562 [INFO] Pass: Optimize1qGatesDecomposition - 0.75006 (ms)
2026-07-13 09:38:02,562 [INFO] Pass: Depth - 0.12970 (ms)
2026-07-13 09:38:02,562 [INFO] Pass: InverseCancellation - 0.00644 (ms)
2026-07-13 09:38:02,562 [INFO] Pass: HighLevelSynthesis - 1.07956 (ms)
2026-07-13 09:38:02,563 [INFO] Pass: FixedPoint - 0.00572 (ms)
2026-07-13 09:38:02,563 [INFO] Pass: Size - 0.04792 (ms)
2026-07-13 09:38:02,563 [INFO] Pass: FixedPoint - 0.00429 (ms)
2026-07-13 09:38:02,563 [INFO] Pass: GatesInBasis - 0.56267 (ms)
2026-07-13 09:38:02,563 [INFO] Pass: Depth - 0.12445 (ms)
2026-07-13 09:38:02,563 [INFO] Pass: BasisTranslator - 0.71335 (ms)
2026-07-13 09:38:02,563 [INFO] Pass: FixedPoint - 0.00501 (ms)
2026-07-13 09:38:02,563 [INFO] Pass: Size - 0.04745 (ms)
2026-07-13 09:38:02,563 [INFO] Pass: FixedPoint - 0.00429 (ms)
2026-07-13 09:38:02,563 [INFO] Pass: Optimize1qGatesDecomposition - 0.76747 (ms)
2026-07-13 09:38:02,563 [INFO] Pass: ContainsInstruction - 0.00477 (ms)
2026-07-13 09:38:02,563 [INFO] Pass: Depth - 0.14329 (ms)
2026-07-13 09:38:02,563 [INFO] Pass: InverseCancellation - 0.00668 (ms)
2026-07-13 09:38:02,563 [INFO] Pass: FixedPoint - 0.00787 (ms)
2026-07-13 09:38:02,564 [INFO] Pass: Size - 0.05102 (ms)
2026-07-13 09:38:02,564 [INFO] Pass: FixedPoint - 0.00453 (ms)
2026-07-13 09:38:02,564 [INFO] Pass: GatesInBasis - 0.56195 (ms)
2026-07-13 09:38:02,564 [INFO] Pass: Depth - 0.12445 (ms)
2026-07-13 09:38:02,564 [INFO] Pass: FixedPoint - 0.00525 (ms)
2026-07-13 09:38:02,564 [INFO] Pass: Size - 0.04745 (ms)
2026-07-13 09:38:02,564 [INFO] Pass: FixedPoint - 0.00405 (ms)
2026-07-13 09:38:02,564 [INFO] Pass: ContainsInstruction - 0.00548 (ms)
2026-07-13 09:38:02,564 [INFO] Total Transpile Time - 51.69630 (ms)
2026-07-13 09:38:02,565 [INFO] Pass: Optimize1qGatesDecomposition - 0.94533 (ms)
2026-07-13 09:38:02,565 [INFO] Pass: InverseCancellation - 0.00763 (ms)
2026-07-13 09:38:02,565 [INFO] Pass: GatesInBasis - 0.57435 (ms)
2026-07-13 09:38:02,565 [INFO] Pass: Depth - 0.12827 (ms)
2026-07-13 09:38:02,565 [INFO] Pass: FixedPoint - 0.00548 (ms)
2026-07-13 09:38:02,565 [INFO] Total Transpile Time - 51.95308 (ms)
2026-07-13 09:38:02,566 [INFO] Pass: Size - 0.04816 (ms)
2026-07-13 09:38:02,566 [INFO] Pass: FixedPoint - 0.00453 (ms)
2026-07-13 09:38:02,566 [INFO] Pass: Optimize1qGatesDecomposition - 0.75078 (ms)
2026-07-13 09:38:02,566 [INFO] Pass: InverseCancellation - 0.00668 (ms)
2026-07-13 09:38:02,567 [INFO] Pass: GatesInBasis - 0.56100 (ms)
2026-07-13 09:38:02,567 [INFO] Pass: Depth - 0.12565 (ms)
2026-07-13 09:38:02,567 [INFO] Pass: FixedPoint - 0.00548 (ms)
2026-07-13 09:38:02,567 [INFO] Pass: Size - 0.04816 (ms)
2026-07-13 09:38:02,567 [INFO] Pass: FixedPoint - 0.00429 (ms)
2026-07-13 09:38:02,567 [INFO] Pass: ContainsInstruction - 0.00548 (ms)
2026-07-13 09:38:02,568 [INFO] Total Transpile Time - 51.96691 (ms)
2026-07-13 09:38:47,794 [INFO] [PCE] Aer metadata (1a ejecucion de este proceso): device=CPU method=matrix_product_state shots=8192 fusion_enabled=False
2026-07-13 09:38:47,811 [INFO] [PCE] Aer metadata (1a ejecucion de este proceso): device=CPU method=matrix_product_state shots=8192 fusion_enabled=False
2026-07-13 09:38:47,844 [INFO] [PCE] Aer metadata (1a ejecucion de este proceso): device=CPU method=matrix_product_state shots=8192 fusion_enabled=False
2026-07-13 09:38:47,874 [INFO] [PCE] Aer metadata (1a ejecucion de este proceso): device=CPU method=matrix_product_state shots=8192 fusion_enabled=False
2026-07-13 09:38:47,899 [INFO] [PCE] Aer metadata (1a ejecucion de este proceso): device=CPU method=matrix_product_state shots=8192 fusion_enabled=False
2026-07-13 09:38:47,931 [INFO] [PCE] Aer metadata (1a ejecucion de este proceso): device=CPU method=matrix_product_state shots=8192 fusion_enabled=False
2026-07-13 09:38:47,939 [INFO] [PCE] Aer metadata (1a ejecucion de este proceso): device=CPU method=matrix_product_state shots=8192 fusion_enabled=False
2026-07-13 09:38:47,939 [INFO] [PCE] Aer metadata (1a ejecucion de este proceso): device=CPU method=matrix_product_state shots=8192 fusion_enabled=False
2026-07-13 09:38:47,978 [INFO] [PCE] Aer metadata (1a ejecucion de este proceso): device=CPU method=matrix_product_state shots=8192 fusion_enabled=False
2026-07-13 09:38:47,985 [INFO] [PCE] Aer metadata (1a ejecucion de este proceso): device=CPU method=matrix_product_state shots=8192 fusion_enabled=False
2026-07-13 09:38:48,025 [INFO] [PCE] Aer metadata (1a ejecucion de este proceso): device=CPU method=matrix_product_state shots=8192 fusion_enabled=False
2026-07-13 09:38:48,045 [INFO] [PCE] Aer metadata (1a ejecucion de este proceso): device=CPU method=matrix_product_state shots=8192 fusion_enabled=False
2026-07-13 09:38:48,046 [INFO] [PCE] Aer metadata (1a ejecucion de este proceso): device=CPU method=matrix_product_state shots=8192 fusion_enabled=False
2026-07-13 09:38:48,110 [INFO] [PCE] Aer metadata (1a ejecucion de este proceso): device=CPU method=matrix_product_state shots=8192 fusion_enabled=False
2026-07-13 09:38:48,121 [INFO] [PCE] Aer metadata (1a ejecucion de este proceso): device=CPU method=matrix_product_state shots=8192 fusion_enabled=False
2026-07-13 09:38:48,284 [INFO] [PCE] Aer metadata (1a ejecucion de este proceso): device=CPU method=matrix_product_state shots=8192 fusion_enabled=False
slurmstepd: error: *** JOB 8424859 ON ilk-202 CANCELLED AT 2026-07-14T09:38:23 DUE TO TIME LIMIT ***
