gcc/system unloaded
gcccore/system unloaded
cesga/2022 unloaded
rust/1.75.0 unloaded
imkl/2022.0.1 unloaded
numpy/1.26.4 unloaded
scipy/1.13.1 unloaded
flint/2.8.4 unloaded
symengine/0.11.1 unloaded
symengine-python/0.11.0 unloaded
spdlog/1.9.2 unloaded
pylatexenc/2.10 unloaded
qiskit/1.2.4-aer-gpu-cu11 unloaded
        Preparing the environment for use of the CESGA 2022 software stack.
        Please rebuild modules cache: module --ignore-cache avail
     
cesga/2022 loaded
rust/1.75.0 loaded

imkl/2023.2.0 loaded
numpy/1.26.4 loaded
scipy/1.13.1 loaded
imkl/2023.2.0 unloaded

imkl/2022.0.1 loaded
flint/2.8.4 loaded
symengine/0.11.1 loaded
symengine-python/0.11.0 loaded
spdlog/1.9.2 loaded
pylatexenc/2.10 loaded
gcccore/system loaded
gcc/system loaded
qiskit/1.2.4-aer-gpu-cu11 loaded
2026-07-13 09:41:15,705 [INFO] [PCE] n=250 chunk 2/5: 20 instancias [1, 6, 11, 16, 21, 26, 31, 36, 41, 46, 51, 56, 61, 66, 71, 76, 81, 86, 91, 96], num_workers=16, qubits=14
2026-07-13 09:41:15,705 [INFO] [PCE] n=250 paralelizando 20 instancias entre 16 workers (max_parallel_threads=1 fijo, independiente de num_workers)
2026-07-13 09:41:15,847 [INFO] Pass: ContainsInstruction - 0.01240 (ms)
2026-07-13 09:41:15,847 [INFO] Pass: ContainsInstruction - 0.01168 (ms)
2026-07-13 09:41:15,848 [INFO] Pass: InverseCancellation - 0.01621 (ms)
2026-07-13 09:41:15,848 [INFO] Pass: InverseCancellation - 0.01645 (ms)
2026-07-13 09:41:15,848 [INFO] Pass: UnitarySynthesis - 0.00525 (ms)
2026-07-13 09:41:15,848 [INFO] Pass: UnitarySynthesis - 0.00525 (ms)
2026-07-13 09:41:15,849 [INFO] Pass: HighLevelSynthesis - 1.24192 (ms)
2026-07-13 09:41:15,849 [INFO] Pass: HighLevelSynthesis - 1.30081 (ms)
2026-07-13 09:41:15,850 [INFO] Pass: BasisTranslator - 0.69404 (ms)
2026-07-13 09:41:15,850 [INFO] Pass: BasisTranslator - 0.64063 (ms)
2026-07-13 09:41:15,850 [INFO] Pass: Depth - 0.17786 (ms)
2026-07-13 09:41:15,850 [INFO] Pass: Depth - 0.17858 (ms)
2026-07-13 09:41:15,850 [INFO] Pass: FixedPoint - 0.01240 (ms)
2026-07-13 09:41:15,850 [INFO] Pass: FixedPoint - 0.01216 (ms)
2026-07-13 09:41:15,850 [INFO] Pass: Size - 0.05651 (ms)
2026-07-13 09:41:15,850 [INFO] Pass: Size - 0.05746 (ms)
2026-07-13 09:41:15,850 [INFO] Pass: FixedPoint - 0.00477 (ms)
2026-07-13 09:41:15,850 [INFO] Pass: FixedPoint - 0.00501 (ms)
2026-07-13 09:41:15,850 [INFO] Pass: Optimize1qGatesDecomposition - 0.14520 (ms)
2026-07-13 09:41:15,850 [INFO] Pass: Optimize1qGatesDecomposition - 0.13185 (ms)
2026-07-13 09:41:15,850 [INFO] Pass: InverseCancellation - 0.00858 (ms)
2026-07-13 09:41:15,850 [INFO] Pass: InverseCancellation - 0.00763 (ms)
2026-07-13 09:41:15,851 [INFO] Pass: GatesInBasis - 0.61822 (ms)
2026-07-13 09:41:15,851 [INFO] Pass: GatesInBasis - 0.64683 (ms)
2026-07-13 09:41:15,851 [INFO] Pass: Depth - 0.14853 (ms)
2026-07-13 09:41:15,851 [INFO] Pass: Depth - 0.14520 (ms)
2026-07-13 09:41:15,851 [INFO] Pass: FixedPoint - 0.00572 (ms)
2026-07-13 09:41:15,851 [INFO] Pass: FixedPoint - 0.00572 (ms)
2026-07-13 09:41:15,851 [INFO] Pass: Size - 0.05317 (ms)
2026-07-13 09:41:15,851 [INFO] Pass: Size - 0.05078 (ms)
2026-07-13 09:41:15,851 [INFO] Pass: FixedPoint - 0.00429 (ms)
2026-07-13 09:41:15,851 [INFO] Pass: FixedPoint - 0.00453 (ms)
2026-07-13 09:41:15,851 [INFO] Pass: ContainsInstruction - 0.00501 (ms)
2026-07-13 09:41:15,851 [INFO] Pass: ContainsInstruction - 0.00501 (ms)
2026-07-13 09:41:15,852 [INFO] Pass: ContainsInstruction - 0.01478 (ms)
2026-07-13 09:41:15,852 [INFO] Pass: InverseCancellation - 0.01717 (ms)
2026-07-13 09:41:15,852 [INFO] Pass: UnitarySynthesis - 0.00525 (ms)
2026-07-13 09:41:15,853 [INFO] Total Transpile Time - 73.76099 (ms)
2026-07-13 09:41:15,853 [INFO] Total Transpile Time - 72.34359 (ms)
2026-07-13 09:41:15,853 [INFO] Pass: ContainsInstruction - 0.01121 (ms)
2026-07-13 09:41:15,853 [INFO] Pass: ContainsInstruction - 0.01097 (ms)
2026-07-13 09:41:15,853 [INFO] Pass: InverseCancellation - 0.01550 (ms)
2026-07-13 09:41:15,853 [INFO] Pass: InverseCancellation - 0.01740 (ms)
2026-07-13 09:41:15,853 [INFO] Pass: UnitarySynthesis - 0.00501 (ms)
2026-07-13 09:41:15,853 [INFO] Pass: UnitarySynthesis - 0.00525 (ms)
2026-07-13 09:41:15,853 [INFO] Pass: HighLevelSynthesis - 1.29414 (ms)
2026-07-13 09:41:15,854 [INFO] Pass: BasisTranslator - 0.63229 (ms)
2026-07-13 09:41:15,854 [INFO] Pass: Depth - 0.18072 (ms)
2026-07-13 09:41:15,854 [INFO] Pass: FixedPoint - 0.01216 (ms)
2026-07-13 09:41:15,854 [INFO] Pass: Size - 0.05531 (ms)
2026-07-13 09:41:15,854 [INFO] Pass: FixedPoint - 0.00501 (ms)
2026-07-13 09:41:15,855 [INFO] Pass: HighLevelSynthesis - 1.27125 (ms)
2026-07-13 09:41:15,855 [INFO] Pass: Optimize1qGatesDecomposition - 0.12851 (ms)
2026-07-13 09:41:15,855 [INFO] Pass: InverseCancellation - 0.00787 (ms)
2026-07-13 09:41:15,855 [INFO] Pass: HighLevelSynthesis - 1.29151 (ms)
2026-07-13 09:41:15,855 [INFO] Pass: BasisTranslator - 0.64278 (ms)
2026-07-13 09:41:15,855 [INFO] Pass: GatesInBasis - 0.62394 (ms)
2026-07-13 09:41:15,855 [INFO] Pass: BasisTranslator - 0.63848 (ms)
2026-07-13 09:41:15,856 [INFO] Pass: Depth - 0.13876 (ms)
2026-07-13 09:41:15,856 [INFO] Pass: Depth - 0.17929 (ms)
2026-07-13 09:41:15,856 [INFO] Pass: FixedPoint - 0.00525 (ms)
2026-07-13 09:41:15,856 [INFO] Pass: FixedPoint - 0.01168 (ms)
2026-07-13 09:41:15,856 [INFO] Pass: Depth - 0.17619 (ms)
2026-07-13 09:41:15,856 [INFO] Pass: Size - 0.05126 (ms)
2026-07-13 09:41:15,856 [INFO] Pass: FixedPoint - 0.01216 (ms)
2026-07-13 09:41:15,856 [INFO] Pass: Size - 0.05317 (ms)
2026-07-13 09:41:15,856 [INFO] Pass: FixedPoint - 0.00453 (ms)
2026-07-13 09:41:15,856 [INFO] Pass: FixedPoint - 0.00477 (ms)
2026-07-13 09:41:15,856 [INFO] Pass: ContainsInstruction - 0.00477 (ms)
2026-07-13 09:41:15,856 [INFO] Pass: Size - 0.05770 (ms)
2026-07-13 09:41:15,856 [INFO] Pass: FixedPoint - 0.00477 (ms)
2026-07-13 09:41:15,856 [INFO] Pass: Optimize1qGatesDecomposition - 0.12422 (ms)
2026-07-13 09:41:15,856 [INFO] Pass: InverseCancellation - 0.00739 (ms)
2026-07-13 09:41:15,856 [INFO] Pass: Optimize1qGatesDecomposition - 0.12326 (ms)
2026-07-13 09:41:15,856 [INFO] Pass: InverseCancellation - 0.00763 (ms)
2026-07-13 09:41:15,856 [INFO] Pass: ContainsInstruction - 0.01454 (ms)
2026-07-13 09:41:15,857 [INFO] Pass: InverseCancellation - 0.01955 (ms)
2026-07-13 09:41:15,857 [INFO] Pass: UnitarySynthesis - 0.00548 (ms)
2026-07-13 09:41:15,857 [INFO] Pass: GatesInBasis - 0.64635 (ms)
2026-07-13 09:41:15,857 [INFO] Pass: GatesInBasis - 0.62966 (ms)
2026-07-13 09:41:15,857 [INFO] Pass: Depth - 0.13757 (ms)
2026-07-13 09:41:15,857 [INFO] Pass: FixedPoint - 0.00525 (ms)
2026-07-13 09:41:15,857 [INFO] Pass: Depth - 0.13971 (ms)
2026-07-13 09:41:15,857 [INFO] Pass: FixedPoint - 0.00548 (ms)
2026-07-13 09:41:15,857 [INFO] Pass: Size - 0.05293 (ms)
2026-07-13 09:41:15,857 [INFO] Pass: FixedPoint - 0.00429 (ms)
2026-07-13 09:41:15,857 [INFO] Pass: Size - 0.05174 (ms)
2026-07-13 09:41:15,857 [INFO] Pass: ContainsInstruction - 0.00501 (ms)
2026-07-13 09:41:15,857 [INFO] Total Transpile Time - 71.16318 (ms)
2026-07-13 09:41:15,857 [INFO] Pass: FixedPoint - 0.00429 (ms)
2026-07-13 09:41:15,857 [INFO] Pass: ContainsInstruction - 0.00453 (ms)
2026-07-13 09:41:15,858 [INFO] Pass: HighLevelSynthesis - 1.29223 (ms)
2026-07-13 09:41:15,858 [INFO] Pass: ContainsInstruction - 0.01287 (ms)
2026-07-13 09:41:15,858 [INFO] Total Transpile Time - 71.89226 (ms)
2026-07-13 09:41:15,858 [INFO] Total Transpile Time - 71.58828 (ms)
2026-07-13 09:41:15,858 [INFO] Pass: InverseCancellation - 0.01931 (ms)
2026-07-13 09:41:15,858 [INFO] Pass: UnitarySynthesis - 0.00525 (ms)
2026-07-13 09:41:15,859 [INFO] Pass: BasisTranslator - 0.63324 (ms)
2026-07-13 09:41:15,859 [INFO] Pass: Depth - 0.17571 (ms)
2026-07-13 09:41:15,859 [INFO] Pass: FixedPoint - 0.01168 (ms)
2026-07-13 09:41:15,859 [INFO] Pass: Size - 0.05412 (ms)
2026-07-13 09:41:15,859 [INFO] Pass: FixedPoint - 0.00477 (ms)
2026-07-13 09:41:15,859 [INFO] Pass: Optimize1qGatesDecomposition - 0.13781 (ms)
2026-07-13 09:41:15,859 [INFO] Pass: InverseCancellation - 0.00834 (ms)
2026-07-13 09:41:15,860 [INFO] Pass: HighLevelSynthesis - 1.24073 (ms)
2026-07-13 09:41:15,860 [INFO] Pass: GatesInBasis - 0.64158 (ms)
2026-07-13 09:41:15,860 [INFO] Pass: Depth - 0.14544 (ms)
2026-07-13 09:41:15,860 [INFO] Pass: FixedPoint - 0.00501 (ms)
2026-07-13 09:41:15,860 [INFO] Pass: Size - 0.05150 (ms)
2026-07-13 09:41:15,860 [INFO] Pass: FixedPoint - 0.00429 (ms)
2026-07-13 09:41:15,860 [INFO] Pass: ContainsInstruction - 0.00477 (ms)
2026-07-13 09:41:15,860 [INFO] Pass: BasisTranslator - 0.63181 (ms)
2026-07-13 09:41:15,861 [INFO] Pass: Depth - 0.17595 (ms)
2026-07-13 09:41:15,861 [INFO] Pass: FixedPoint - 0.01073 (ms)
2026-07-13 09:41:15,861 [INFO] Pass: ContainsInstruction - 0.01383 (ms)
2026-07-13 09:41:15,861 [INFO] Pass: Size - 0.05674 (ms)
2026-07-13 09:41:15,861 [INFO] Pass: InverseCancellation - 0.01764 (ms)
2026-07-13 09:41:15,861 [INFO] Pass: FixedPoint - 0.00477 (ms)
2026-07-13 09:41:15,861 [INFO] Pass: UnitarySynthesis - 0.00525 (ms)
2026-07-13 09:41:15,861 [INFO] Pass: Optimize1qGatesDecomposition - 0.12398 (ms)
2026-07-13 09:41:15,861 [INFO] Pass: InverseCancellation - 0.00715 (ms)
2026-07-13 09:41:15,862 [INFO] Total Transpile Time - 70.92381 (ms)
2026-07-13 09:41:15,862 [INFO] Pass: GatesInBasis - 0.70143 (ms)
2026-07-13 09:41:15,862 [INFO] Pass: Depth - 0.13947 (ms)
2026-07-13 09:41:15,862 [INFO] Pass: FixedPoint - 0.00572 (ms)
2026-07-13 09:41:15,862 [INFO] Pass: Size - 0.05102 (ms)
2026-07-13 09:41:15,862 [INFO] Pass: FixedPoint - 0.00429 (ms)
2026-07-13 09:41:15,862 [INFO] Pass: ContainsInstruction - 0.00453 (ms)
2026-07-13 09:41:15,862 [INFO] Pass: HighLevelSynthesis - 1.31941 (ms)
2026-07-13 09:41:15,863 [INFO] Pass: BasisTranslator - 0.63825 (ms)
2026-07-13 09:41:15,863 [INFO] Pass: Depth - 0.17452 (ms)
2026-07-13 09:41:15,863 [INFO] Pass: FixedPoint - 0.01144 (ms)
2026-07-13 09:41:15,863 [INFO] Pass: Size - 0.05436 (ms)
2026-07-13 09:41:15,863 [INFO] Pass: FixedPoint - 0.00477 (ms)
2026-07-13 09:41:15,863 [INFO] Total Transpile Time - 70.73808 (ms)
2026-07-13 09:41:15,863 [INFO] Pass: Optimize1qGatesDecomposition - 0.12898 (ms)
2026-07-13 09:41:15,863 [INFO] Pass: InverseCancellation - 0.00763 (ms)
2026-07-13 09:41:15,864 [INFO] Pass: ContainsInstruction - 0.01216 (ms)
2026-07-13 09:41:15,864 [INFO] Pass: InverseCancellation - 0.01931 (ms)
2026-07-13 09:41:15,864 [INFO] Pass: UnitarySynthesis - 0.00548 (ms)
2026-07-13 09:41:15,864 [INFO] Pass: GatesInBasis - 0.64111 (ms)
2026-07-13 09:41:15,864 [INFO] Pass: Depth - 0.14091 (ms)
2026-07-13 09:41:15,864 [INFO] Pass: FixedPoint - 0.00548 (ms)
2026-07-13 09:41:15,864 [INFO] Pass: Size - 0.05293 (ms)
2026-07-13 09:41:15,865 [INFO] Pass: FixedPoint - 0.00429 (ms)
2026-07-13 09:41:15,865 [INFO] Pass: ContainsInstruction - 0.00453 (ms)
2026-07-13 09:41:15,865 [INFO] Pass: HighLevelSynthesis - 1.28078 (ms)
2026-07-13 09:41:15,866 [INFO] Total Transpile Time - 70.26768 (ms)
2026-07-13 09:41:15,866 [INFO] Pass: BasisTranslator - 0.63729 (ms)
2026-07-13 09:41:15,866 [INFO] Pass: Depth - 0.17428 (ms)
2026-07-13 09:41:15,866 [INFO] Pass: FixedPoint - 0.01144 (ms)
2026-07-13 09:41:15,867 [INFO] Pass: Size - 0.05507 (ms)
2026-07-13 09:41:15,867 [INFO] Pass: FixedPoint - 0.00477 (ms)
2026-07-13 09:41:15,867 [INFO] Pass: Optimize1qGatesDecomposition - 0.13018 (ms)
2026-07-13 09:41:15,867 [INFO] Pass: InverseCancellation - 0.00811 (ms)
2026-07-13 09:41:15,868 [INFO] Pass: GatesInBasis - 0.65303 (ms)
2026-07-13 09:41:15,868 [INFO] Pass: Depth - 0.13876 (ms)
2026-07-13 09:41:15,868 [INFO] Pass: FixedPoint - 0.00548 (ms)
2026-07-13 09:41:15,868 [INFO] Pass: ContainsInstruction - 0.01144 (ms)
2026-07-13 09:41:15,868 [INFO] Pass: Size - 0.05174 (ms)
2026-07-13 09:41:15,868 [INFO] Pass: FixedPoint - 0.00429 (ms)
2026-07-13 09:41:15,868 [INFO] Pass: InverseCancellation - 0.01669 (ms)
2026-07-13 09:41:15,868 [INFO] Pass: ContainsInstruction - 0.00477 (ms)
2026-07-13 09:41:15,868 [INFO] Pass: UnitarySynthesis - 0.00525 (ms)
2026-07-13 09:41:15,869 [INFO] Total Transpile Time - 70.17136 (ms)
2026-07-13 09:41:15,869 [INFO] Pass: HighLevelSynthesis - 1.23119 (ms)
2026-07-13 09:41:15,870 [INFO] Pass: BasisTranslator - 0.62871 (ms)
2026-07-13 09:41:15,870 [INFO] Pass: Depth - 0.17738 (ms)
2026-07-13 09:41:15,870 [INFO] Pass: FixedPoint - 0.01192 (ms)
2026-07-13 09:41:15,870 [INFO] Pass: Size - 0.05913 (ms)
2026-07-13 09:41:15,870 [INFO] Pass: FixedPoint - 0.00477 (ms)
2026-07-13 09:41:15,870 [INFO] Pass: Optimize1qGatesDecomposition - 0.12684 (ms)
2026-07-13 09:41:15,871 [INFO] Pass: InverseCancellation - 0.00763 (ms)
2026-07-13 09:41:15,871 [INFO] Pass: GatesInBasis - 0.67401 (ms)
2026-07-13 09:41:15,871 [INFO] Pass: Depth - 0.13971 (ms)
2026-07-13 09:41:15,871 [INFO] Pass: FixedPoint - 0.00548 (ms)
2026-07-13 09:41:15,872 [INFO] Pass: Size - 0.05150 (ms)
2026-07-13 09:41:15,872 [INFO] Pass: FixedPoint - 0.00429 (ms)
2026-07-13 09:41:15,872 [INFO] Pass: ContainsInstruction - 0.00453 (ms)
2026-07-13 09:41:15,872 [INFO] Pass: ContainsInstruction - 0.01121 (ms)
2026-07-13 09:41:15,872 [INFO] Pass: InverseCancellation - 0.02551 (ms)
2026-07-13 09:41:15,872 [INFO] Pass: UnitarySynthesis - 0.00548 (ms)
2026-07-13 09:41:15,873 [INFO] Total Transpile Time - 70.43362 (ms)
2026-07-13 09:41:15,873 [INFO] Pass: HighLevelSynthesis - 1.22905 (ms)
2026-07-13 09:41:15,874 [INFO] Pass: BasisTranslator - 0.63372 (ms)
2026-07-13 09:41:15,874 [INFO] Pass: Depth - 0.18001 (ms)
2026-07-13 09:41:15,874 [INFO] Pass: FixedPoint - 0.01121 (ms)
2026-07-13 09:41:15,875 [INFO] Pass: Size - 0.05865 (ms)
2026-07-13 09:41:15,875 [INFO] Pass: FixedPoint - 0.00453 (ms)
2026-07-13 09:41:15,875 [INFO] Pass: Optimize1qGatesDecomposition - 0.12708 (ms)
2026-07-13 09:41:15,875 [INFO] Pass: InverseCancellation - 0.00787 (ms)
2026-07-13 09:41:15,875 [INFO] Pass: ContainsInstruction - 0.01168 (ms)
2026-07-13 09:41:15,875 [INFO] Pass: InverseCancellation - 0.02599 (ms)
2026-07-13 09:41:15,875 [INFO] Pass: UnitarySynthesis - 0.00525 (ms)
2026-07-13 09:41:15,875 [INFO] Pass: GatesInBasis - 0.67949 (ms)
2026-07-13 09:41:15,876 [INFO] Pass: Depth - 0.14043 (ms)
2026-07-13 09:41:15,876 [INFO] Pass: FixedPoint - 0.00525 (ms)
2026-07-13 09:41:15,876 [INFO] Pass: Size - 0.05126 (ms)
2026-07-13 09:41:15,876 [INFO] Pass: FixedPoint - 0.00429 (ms)
2026-07-13 09:41:15,876 [INFO] Pass: ContainsInstruction - 0.00477 (ms)
2026-07-13 09:41:15,876 [INFO] Pass: HighLevelSynthesis - 1.21570 (ms)
2026-07-13 09:41:15,877 [INFO] Total Transpile Time - 71.20132 (ms)
2026-07-13 09:41:15,877 [INFO] Pass: BasisTranslator - 0.63539 (ms)
2026-07-13 09:41:15,877 [INFO] Pass: Depth - 0.17667 (ms)
2026-07-13 09:41:15,877 [INFO] Pass: FixedPoint - 0.01144 (ms)
2026-07-13 09:41:15,878 [INFO] Pass: Size - 0.05603 (ms)
2026-07-13 09:41:15,878 [INFO] Pass: FixedPoint - 0.00477 (ms)
2026-07-13 09:41:15,878 [INFO] Pass: ContainsInstruction - 0.01168 (ms)
2026-07-13 09:41:15,878 [INFO] Pass: Optimize1qGatesDecomposition - 0.13018 (ms)
2026-07-13 09:41:15,878 [INFO] Pass: InverseCancellation - 0.00715 (ms)
2026-07-13 09:41:15,878 [INFO] Pass: InverseCancellation - 0.01812 (ms)
2026-07-13 09:41:15,878 [INFO] Pass: UnitarySynthesis - 0.00548 (ms)
2026-07-13 09:41:15,878 [INFO] Pass: GatesInBasis - 0.67234 (ms)
2026-07-13 09:41:15,879 [INFO] Pass: Depth - 0.14114 (ms)
2026-07-13 09:41:15,879 [INFO] Pass: FixedPoint - 0.00501 (ms)
2026-07-13 09:41:15,879 [INFO] Pass: Size - 0.05126 (ms)
2026-07-13 09:41:15,879 [INFO] Pass: FixedPoint - 0.00429 (ms)
2026-07-13 09:41:15,879 [INFO] Pass: ContainsInstruction - 0.00501 (ms)
2026-07-13 09:41:15,879 [INFO] Pass: HighLevelSynthesis - 1.22285 (ms)
2026-07-13 09:41:15,880 [INFO] Pass: BasisTranslator - 0.68259 (ms)
2026-07-13 09:41:15,880 [INFO] Pass: Depth - 0.17405 (ms)
2026-07-13 09:41:15,880 [INFO] Total Transpile Time - 70.92571 (ms)
2026-07-13 09:41:15,880 [INFO] Pass: FixedPoint - 0.01717 (ms)
2026-07-13 09:41:15,880 [INFO] Pass: Size - 0.05412 (ms)
2026-07-13 09:41:15,880 [INFO] Pass: FixedPoint - 0.00477 (ms)
2026-07-13 09:41:15,880 [INFO] Pass: Optimize1qGatesDecomposition - 0.12612 (ms)
2026-07-13 09:41:15,880 [INFO] Pass: InverseCancellation - 0.00763 (ms)
2026-07-13 09:41:15,881 [INFO] Pass: GatesInBasis - 0.63038 (ms)
2026-07-13 09:41:15,881 [INFO] Pass: Depth - 0.13876 (ms)
2026-07-13 09:41:15,881 [INFO] Pass: FixedPoint - 0.00548 (ms)
2026-07-13 09:41:15,881 [INFO] Pass: Size - 0.05150 (ms)
2026-07-13 09:41:15,881 [INFO] Pass: FixedPoint - 0.00453 (ms)
2026-07-13 09:41:15,882 [INFO] Pass: ContainsInstruction - 0.00501 (ms)
2026-07-13 09:41:15,882 [INFO] Pass: ContainsInstruction - 0.01025 (ms)
2026-07-13 09:41:15,882 [INFO] Pass: InverseCancellation - 0.01693 (ms)
2026-07-13 09:41:15,882 [INFO] Pass: UnitarySynthesis - 0.00525 (ms)
2026-07-13 09:41:15,883 [INFO] Total Transpile Time - 70.52112 (ms)
2026-07-13 09:41:15,883 [INFO] Pass: HighLevelSynthesis - 1.21355 (ms)
2026-07-13 09:41:15,884 [INFO] Pass: BasisTranslator - 0.67592 (ms)
2026-07-13 09:41:15,884 [INFO] Pass: Depth - 0.17285 (ms)
2026-07-13 09:41:15,884 [INFO] Pass: FixedPoint - 0.01121 (ms)
2026-07-13 09:41:15,884 [INFO] Pass: Size - 0.05436 (ms)
2026-07-13 09:41:15,885 [INFO] Pass: FixedPoint - 0.00477 (ms)
2026-07-13 09:41:15,885 [INFO] Pass: Optimize1qGatesDecomposition - 0.12708 (ms)
2026-07-13 09:41:15,885 [INFO] Pass: InverseCancellation - 0.00739 (ms)
2026-07-13 09:41:15,885 [INFO] Pass: GatesInBasis - 0.62799 (ms)
2026-07-13 09:41:15,886 [INFO] Pass: Depth - 0.13876 (ms)
2026-07-13 09:41:15,886 [INFO] Pass: FixedPoint - 0.00525 (ms)
2026-07-13 09:41:15,886 [INFO] Pass: Size - 0.05078 (ms)
2026-07-13 09:41:15,886 [INFO] Pass: FixedPoint - 0.00477 (ms)
2026-07-13 09:41:15,886 [INFO] Pass: ContainsInstruction - 0.00477 (ms)
2026-07-13 09:41:15,887 [INFO] Total Transpile Time - 70.21427 (ms)
2026-07-13 09:41:15,889 [INFO] Pass: ContainsInstruction - 0.01407 (ms)
2026-07-13 09:41:15,889 [INFO] Pass: InverseCancellation - 0.01693 (ms)
2026-07-13 09:41:15,889 [INFO] Pass: UnitarySynthesis - 0.00548 (ms)
2026-07-13 09:41:15,890 [INFO] Pass: HighLevelSynthesis - 1.21093 (ms)
2026-07-13 09:41:15,891 [INFO] Pass: BasisTranslator - 0.67592 (ms)
2026-07-13 09:41:15,891 [INFO] Pass: Depth - 0.17309 (ms)
2026-07-13 09:41:15,891 [INFO] Pass: FixedPoint - 0.01097 (ms)
2026-07-13 09:41:15,892 [INFO] Pass: Size - 0.05388 (ms)
2026-07-13 09:41:15,892 [INFO] Pass: FixedPoint - 0.00477 (ms)
2026-07-13 09:41:15,892 [INFO] Pass: Optimize1qGatesDecomposition - 0.12684 (ms)
2026-07-13 09:41:15,892 [INFO] Pass: InverseCancellation - 0.00739 (ms)
2026-07-13 09:41:15,892 [INFO] Pass: GatesInBasis - 0.63205 (ms)
2026-07-13 09:41:15,893 [INFO] Pass: Depth - 0.14091 (ms)
2026-07-13 09:41:15,893 [INFO] Pass: FixedPoint - 0.00525 (ms)
2026-07-13 09:41:15,893 [INFO] Pass: Size - 0.05150 (ms)
2026-07-13 09:41:15,893 [INFO] Pass: FixedPoint - 0.00405 (ms)
2026-07-13 09:41:15,893 [INFO] Pass: ContainsInstruction - 0.00453 (ms)
2026-07-13 09:41:15,894 [INFO] Total Transpile Time - 69.97895 (ms)
2026-07-13 09:41:15,898 [INFO] Pass: ContainsInstruction - 0.00763 (ms)
2026-07-13 09:41:15,898 [INFO] Pass: ContainsInstruction - 0.00834 (ms)
2026-07-13 09:41:15,898 [INFO] Pass: ContainsInstruction - 0.01121 (ms)
2026-07-13 09:41:15,898 [INFO] Pass: InverseCancellation - 0.01645 (ms)
2026-07-13 09:41:15,898 [INFO] Pass: InverseCancellation - 0.16880 (ms)
2026-07-13 09:41:15,898 [INFO] Pass: UnitarySynthesis - 0.00525 (ms)
2026-07-13 09:41:15,898 [INFO] Pass: UnitarySynthesis - 0.00429 (ms)
2026-07-13 09:41:15,898 [INFO] Pass: InverseCancellation - 0.17762 (ms)
2026-07-13 09:41:15,898 [INFO] Pass: UnitarySynthesis - 0.00453 (ms)
2026-07-13 09:41:15,899 [INFO] Pass: HighLevelSynthesis - 1.18423 (ms)
2026-07-13 09:41:15,899 [INFO] Pass: HighLevelSynthesis - 1.20759 (ms)
2026-07-13 09:41:15,900 [INFO] Pass: HighLevelSynthesis - 1.18160 (ms)
2026-07-13 09:41:15,900 [INFO] Pass: BasisTranslator - 0.69237 (ms)
2026-07-13 09:41:15,900 [INFO] Pass: BasisTranslator - 0.65041 (ms)
2026-07-13 09:41:15,900 [INFO] Pass: BasisTranslator - 0.79107 (ms)
2026-07-13 09:41:15,900 [INFO] Pass: Depth - 0.17619 (ms)
2026-07-13 09:41:15,900 [INFO] Pass: Depth - 0.15640 (ms)
2026-07-13 09:41:15,900 [INFO] Pass: FixedPoint - 0.01097 (ms)
2026-07-13 09:41:15,900 [INFO] Pass: Depth - 0.16093 (ms)
2026-07-13 09:41:15,900 [INFO] Pass: FixedPoint - 0.00811 (ms)
2026-07-13 09:41:15,900 [INFO] Pass: FixedPoint - 0.00834 (ms)
2026-07-13 09:41:15,901 [INFO] Pass: Size - 0.05436 (ms)
2026-07-13 09:41:15,901 [INFO] Pass: FixedPoint - 0.00477 (ms)
2026-07-13 09:41:15,901 [INFO] Pass: Size - 0.05484 (ms)
2026-07-13 09:41:15,901 [INFO] Pass: Size - 0.05651 (ms)
2026-07-13 09:41:15,901 [INFO] Pass: FixedPoint - 0.00453 (ms)
2026-07-13 09:41:15,901 [INFO] Pass: FixedPoint - 0.00453 (ms)
2026-07-13 09:41:15,901 [INFO] Pass: Optimize1qGatesDecomposition - 0.12851 (ms)
2026-07-13 09:41:15,901 [INFO] Pass: InverseCancellation - 0.00739 (ms)
2026-07-13 09:41:15,901 [INFO] Pass: GatesInBasis - 0.62943 (ms)
2026-07-13 09:41:15,902 [INFO] Pass: Depth - 0.14162 (ms)
2026-07-13 09:41:15,902 [INFO] Pass: FixedPoint - 0.00572 (ms)
2026-07-13 09:41:15,902 [INFO] Pass: Size - 0.05293 (ms)
2026-07-13 09:41:15,902 [INFO] Pass: FixedPoint - 0.00429 (ms)
2026-07-13 09:41:15,902 [INFO] Pass: ContainsInstruction - 0.00477 (ms)
2026-07-13 09:41:15,902 [INFO] Pass: Optimize1qGatesDecomposition - 1.64437 (ms)
2026-07-13 09:41:15,902 [INFO] Pass: Optimize1qGatesDecomposition - 1.66440 (ms)
2026-07-13 09:41:15,902 [INFO] Pass: ContainsInstruction - 0.00763 (ms)
2026-07-13 09:41:15,903 [INFO] Pass: InverseCancellation - 0.15569 (ms)
2026-07-13 09:41:15,903 [INFO] Pass: InverseCancellation - 0.15521 (ms)
2026-07-13 09:41:15,903 [INFO] Pass: InverseCancellation - 0.16642 (ms)
2026-07-13 09:41:15,903 [INFO] Pass: UnitarySynthesis - 0.00405 (ms)
2026-07-13 09:41:15,903 [INFO] Total Transpile Time - 70.48869 (ms)
2026-07-13 09:41:15,903 [INFO] Pass: GatesInBasis - 0.66280 (ms)
2026-07-13 09:41:15,903 [INFO] Pass: GatesInBasis - 0.69666 (ms)
2026-07-13 09:41:15,903 [INFO] Pass: Depth - 0.14997 (ms)
2026-07-13 09:41:15,903 [INFO] Pass: Depth - 0.15116 (ms)
2026-07-13 09:41:15,903 [INFO] Pass: FixedPoint - 0.00668 (ms)
2026-07-13 09:41:15,903 [INFO] Pass: FixedPoint - 0.00644 (ms)
2026-07-13 09:41:15,904 [INFO] Pass: Size - 0.05507 (ms)
2026-07-13 09:41:15,904 [INFO] Pass: Size - 0.05603 (ms)
2026-07-13 09:41:15,904 [INFO] Pass: FixedPoint - 0.00453 (ms)
2026-07-13 09:41:15,904 [INFO] Pass: FixedPoint - 0.00477 (ms)
2026-07-13 09:41:15,904 [INFO] Pass: ContainsInstruction - 0.00501 (ms)
2026-07-13 09:41:15,904 [INFO] Pass: ContainsInstruction - 0.00501 (ms)
2026-07-13 09:41:15,904 [INFO] Pass: ContainsInstruction - 0.00739 (ms)
2026-07-13 09:41:15,904 [INFO] Pass: ContainsInstruction - 0.00834 (ms)
2026-07-13 09:41:15,904 [INFO] Pass: InverseCancellation - 0.16880 (ms)
2026-07-13 09:41:15,904 [INFO] Pass: UnitarySynthesis - 0.00429 (ms)
2026-07-13 09:41:15,904 [INFO] Pass: InverseCancellation - 0.16403 (ms)
2026-07-13 09:41:15,904 [INFO] Pass: HighLevelSynthesis - 1.17970 (ms)
2026-07-13 09:41:15,904 [INFO] Pass: UnitarySynthesis - 0.00477 (ms)
2026-07-13 09:41:15,905 [INFO] Pass: BasisTranslator - 0.65351 (ms)
2026-07-13 09:41:15,905 [INFO] Total Transpile Time - 52.05631 (ms)
2026-07-13 09:41:15,905 [INFO] Total Transpile Time - 52.05202 (ms)
2026-07-13 09:41:15,905 [INFO] Pass: Depth - 0.15569 (ms)
2026-07-13 09:41:15,905 [INFO] Pass: FixedPoint - 0.00739 (ms)
2026-07-13 09:41:15,905 [INFO] Pass: Size - 0.05603 (ms)
2026-07-13 09:41:15,905 [INFO] Pass: FixedPoint - 0.00477 (ms)
2026-07-13 09:41:15,905 [INFO] Pass: HighLevelSynthesis - 1.18113 (ms)
2026-07-13 09:41:15,905 [INFO] Pass: HighLevelSynthesis - 1.17302 (ms)
2026-07-13 09:41:15,906 [INFO] Pass: BasisTranslator - 0.64421 (ms)
2026-07-13 09:41:15,906 [INFO] Pass: BasisTranslator - 0.64135 (ms)
2026-07-13 09:41:15,906 [INFO] Pass: Optimize1qGatesDecomposition - 0.91624 (ms)
2026-07-13 09:41:15,906 [INFO] Pass: Depth - 0.15831 (ms)
2026-07-13 09:41:15,906 [INFO] Pass: FixedPoint - 0.00811 (ms)
2026-07-13 09:41:15,906 [INFO] Pass: Depth - 0.16141 (ms)
2026-07-13 09:41:15,906 [INFO] Pass: FixedPoint - 0.00763 (ms)
2026-07-13 09:41:15,906 [INFO] Pass: InverseCancellation - 0.15450 (ms)
2026-07-13 09:41:15,906 [INFO] Pass: Size - 0.05746 (ms)
2026-07-13 09:41:15,906 [INFO] Pass: FixedPoint - 0.00477 (ms)
2026-07-13 09:41:15,906 [INFO] Pass: Size - 0.05555 (ms)
2026-07-13 09:41:15,906 [INFO] Pass: FixedPoint - 0.00453 (ms)
2026-07-13 09:41:15,907 [INFO] Pass: GatesInBasis - 0.65947 (ms)
2026-07-13 09:41:15,907 [INFO] Pass: ContainsInstruction - 0.00811 (ms)
2026-07-13 09:41:15,907 [INFO] Pass: Depth - 0.14710 (ms)
2026-07-13 09:41:15,907 [INFO] Pass: FixedPoint - 0.00596 (ms)
2026-07-13 09:41:15,907 [INFO] Pass: Optimize1qGatesDecomposition - 0.90027 (ms)
2026-07-13 09:41:15,907 [INFO] Pass: Size - 0.05412 (ms)
2026-07-13 09:41:15,907 [INFO] Pass: InverseCancellation - 0.17214 (ms)
2026-07-13 09:41:15,907 [INFO] Pass: Optimize1qGatesDecomposition - 0.91195 (ms)
2026-07-13 09:41:15,907 [INFO] Pass: FixedPoint - 0.00429 (ms)
2026-07-13 09:41:15,907 [INFO] Pass: UnitarySynthesis - 0.00501 (ms)
2026-07-13 09:41:15,907 [INFO] Pass: ContainsInstruction - 0.00477 (ms)
2026-07-13 09:41:15,907 [INFO] Pass: InverseCancellation - 0.15163 (ms)
2026-07-13 09:41:15,907 [INFO] Pass: InverseCancellation - 0.14377 (ms)
2026-07-13 09:41:15,908 [INFO] Pass: GatesInBasis - 0.66638 (ms)
2026-07-13 09:41:15,908 [INFO] Pass: GatesInBasis - 0.66280 (ms)
2026-07-13 09:41:15,908 [INFO] Pass: Depth - 0.14710 (ms)
2026-07-13 09:41:15,908 [INFO] Pass: FixedPoint - 0.00596 (ms)
2026-07-13 09:41:15,908 [INFO] Pass: Depth - 0.14591 (ms)
2026-07-13 09:41:15,908 [INFO] Pass: FixedPoint - 0.00620 (ms)
2026-07-13 09:41:15,908 [INFO] Pass: Size - 0.05531 (ms)
2026-07-13 09:41:15,908 [INFO] Pass: FixedPoint - 0.00453 (ms)
2026-07-13 09:41:15,908 [INFO] Pass: Size - 0.05388 (ms)
2026-07-13 09:41:15,908 [INFO] Total Transpile Time - 51.37444 (ms)
2026-07-13 09:41:15,909 [INFO] Pass: FixedPoint - 0.00477 (ms)
2026-07-13 09:41:15,909 [INFO] Pass: ContainsInstruction - 0.00525 (ms)
2026-07-13 09:41:15,909 [INFO] Pass: HighLevelSynthesis - 1.17278 (ms)
2026-07-13 09:41:15,909 [INFO] Pass: ContainsInstruction - 0.00453 (ms)
2026-07-13 09:41:15,909 [INFO] Pass: ContainsInstruction - 0.00739 (ms)
2026-07-13 09:41:15,909 [INFO] Pass: InverseCancellation - 0.16499 (ms)
2026-07-13 09:41:15,909 [INFO] Pass: UnitarySynthesis - 0.00453 (ms)
2026-07-13 09:41:15,909 [INFO] Pass: BasisTranslator - 0.64778 (ms)
2026-07-13 09:41:15,909 [INFO] Pass: Depth - 0.15497 (ms)
2026-07-13 09:41:15,909 [INFO] Pass: FixedPoint - 0.00787 (ms)
2026-07-13 09:41:15,910 [INFO] Pass: Size - 0.05531 (ms)
2026-07-13 09:41:15,910 [INFO] Pass: FixedPoint - 0.00477 (ms)
2026-07-13 09:41:15,910 [INFO] Total Transpile Time - 51.32079 (ms)
2026-07-13 09:41:15,910 [INFO] Total Transpile Time - 51.30696 (ms)
2026-07-13 09:41:15,910 [INFO] Pass: HighLevelSynthesis - 1.17850 (ms)
2026-07-13 09:41:15,911 [INFO] Pass: Optimize1qGatesDecomposition - 0.91195 (ms)
2026-07-13 09:41:15,911 [INFO] Pass: InverseCancellation - 0.14281 (ms)
2026-07-13 09:41:15,911 [INFO] Pass: BasisTranslator - 0.78416 (ms)
2026-07-13 09:41:15,911 [INFO] Pass: Depth - 0.16403 (ms)
2026-07-13 09:41:15,911 [INFO] Pass: FixedPoint - 0.00811 (ms)
2026-07-13 09:41:15,911 [INFO] Pass: ContainsInstruction - 0.00763 (ms)
2026-07-13 09:41:15,911 [INFO] Pass: Size - 0.05507 (ms)
2026-07-13 09:41:15,911 [INFO] Pass: FixedPoint - 0.00453 (ms)
2026-07-13 09:41:15,911 [INFO] Pass: InverseCancellation - 0.16713 (ms)
2026-07-13 09:41:15,911 [INFO] Pass: GatesInBasis - 0.68879 (ms)
2026-07-13 09:41:15,912 [INFO] Pass: UnitarySynthesis - 0.00429 (ms)
2026-07-13 09:41:15,912 [INFO] Pass: Depth - 0.14710 (ms)
2026-07-13 09:41:15,912 [INFO] Pass: FixedPoint - 0.00572 (ms)
2026-07-13 09:41:15,912 [INFO] Pass: Size - 0.05412 (ms)
2026-07-13 09:41:15,912 [INFO] Pass: FixedPoint - 0.00405 (ms)
2026-07-13 09:41:15,912 [INFO] Pass: ContainsInstruction - 0.00453 (ms)
2026-07-13 09:41:15,912 [INFO] Pass: Optimize1qGatesDecomposition - 0.90456 (ms)
2026-07-13 09:41:15,912 [INFO] Pass: InverseCancellation - 0.14758 (ms)
2026-07-13 09:41:15,913 [INFO] Pass: HighLevelSynthesis - 1.20378 (ms)
2026-07-13 09:41:15,913 [INFO] Total Transpile Time - 51.32365 (ms)
2026-07-13 09:41:15,913 [INFO] Pass: GatesInBasis - 0.68855 (ms)
2026-07-13 09:41:15,913 [INFO] Pass: Depth - 0.14734 (ms)
2026-07-13 09:41:15,913 [INFO] Pass: FixedPoint - 0.00644 (ms)
2026-07-13 09:41:15,913 [INFO] Pass: BasisTranslator - 0.65470 (ms)
2026-07-13 09:41:15,914 [INFO] Pass: Size - 0.05555 (ms)
2026-07-13 09:41:15,914 [INFO] Pass: FixedPoint - 0.00429 (ms)
2026-07-13 09:41:15,914 [INFO] Pass: ContainsInstruction - 0.00501 (ms)
2026-07-13 09:41:15,914 [INFO] Pass: Depth - 0.15688 (ms)
2026-07-13 09:41:15,914 [INFO] Pass: FixedPoint - 0.00811 (ms)
2026-07-13 09:41:15,914 [INFO] Pass: Size - 0.05770 (ms)
2026-07-13 09:41:15,914 [INFO] Pass: FixedPoint - 0.00477 (ms)
2026-07-13 09:41:15,914 [INFO] Pass: ContainsInstruction - 0.00834 (ms)
2026-07-13 09:41:15,915 [INFO] Pass: InverseCancellation - 0.16975 (ms)
2026-07-13 09:41:15,915 [INFO] Total Transpile Time - 51.31149 (ms)
2026-07-13 09:41:15,915 [INFO] Pass: Optimize1qGatesDecomposition - 0.90551 (ms)
2026-07-13 09:41:15,915 [INFO] Pass: UnitarySynthesis - 0.00453 (ms)
2026-07-13 09:41:15,915 [INFO] Pass: InverseCancellation - 0.14353 (ms)
2026-07-13 09:41:15,916 [INFO] Pass: GatesInBasis - 0.65994 (ms)
2026-07-13 09:41:15,916 [INFO] Pass: Depth - 0.14734 (ms)
2026-07-13 09:41:15,916 [INFO] Pass: FixedPoint - 0.00572 (ms)
2026-07-13 09:41:15,916 [INFO] Pass: Size - 0.05364 (ms)
2026-07-13 09:41:15,916 [INFO] Pass: FixedPoint - 0.00429 (ms)
2026-07-13 09:41:15,916 [INFO] Pass: HighLevelSynthesis - 1.19066 (ms)
2026-07-13 09:41:15,916 [INFO] Pass: ContainsInstruction - 0.00477 (ms)
2026-07-13 09:41:15,917 [INFO] Pass: BasisTranslator - 0.65613 (ms)
2026-07-13 09:41:15,917 [INFO] Pass: Depth - 0.15616 (ms)
2026-07-13 09:41:15,917 [INFO] Pass: FixedPoint - 0.00763 (ms)
2026-07-13 09:41:15,917 [INFO] Pass: Size - 0.05651 (ms)
2026-07-13 09:41:15,917 [INFO] Pass: FixedPoint - 0.00477 (ms)
2026-07-13 09:41:15,917 [INFO] Total Transpile Time - 51.31626 (ms)
2026-07-13 09:41:15,918 [INFO] Pass: Optimize1qGatesDecomposition - 0.90957 (ms)
2026-07-13 09:41:15,918 [INFO] Pass: ContainsInstruction - 0.00930 (ms)
2026-07-13 09:41:15,918 [INFO] Pass: InverseCancellation - 0.15044 (ms)
2026-07-13 09:41:15,918 [INFO] Pass: InverseCancellation - 0.17166 (ms)
2026-07-13 09:41:15,918 [INFO] Pass: UnitarySynthesis - 0.00405 (ms)
2026-07-13 09:41:15,919 [INFO] Pass: GatesInBasis - 0.68259 (ms)
2026-07-13 09:41:15,919 [INFO] Pass: Depth - 0.15736 (ms)
2026-07-13 09:41:15,919 [INFO] Pass: FixedPoint - 0.00620 (ms)
2026-07-13 09:41:15,919 [INFO] Pass: Size - 0.05627 (ms)
2026-07-13 09:41:15,919 [INFO] Pass: FixedPoint - 0.00429 (ms)
2026-07-13 09:41:15,919 [INFO] Pass: ContainsInstruction - 0.00477 (ms)
2026-07-13 09:41:15,920 [INFO] Pass: HighLevelSynthesis - 1.17636 (ms)
2026-07-13 09:41:15,920 [INFO] Pass: BasisTranslator - 0.78487 (ms)
2026-07-13 09:41:15,921 [INFO] Total Transpile Time - 51.34821 (ms)
2026-07-13 09:41:15,921 [INFO] Pass: Depth - 0.15783 (ms)
2026-07-13 09:41:15,921 [INFO] Pass: FixedPoint - 0.00906 (ms)
2026-07-13 09:41:15,921 [INFO] Pass: Size - 0.05555 (ms)
2026-07-13 09:41:15,921 [INFO] Pass: FixedPoint - 0.00429 (ms)
2026-07-13 09:41:15,922 [INFO] Pass: Optimize1qGatesDecomposition - 0.90218 (ms)
2026-07-13 09:41:15,922 [INFO] Pass: InverseCancellation - 0.14687 (ms)
2026-07-13 09:41:15,923 [INFO] Pass: ContainsInstruction - 0.00954 (ms)
2026-07-13 09:41:15,923 [INFO] Pass: GatesInBasis - 0.66519 (ms)
2026-07-13 09:41:15,923 [INFO] Pass: InverseCancellation - 0.17071 (ms)
2026-07-13 09:41:15,923 [INFO] Pass: UnitarySynthesis - 0.00453 (ms)
2026-07-13 09:41:15,923 [INFO] Pass: Depth - 0.14830 (ms)
2026-07-13 09:41:15,923 [INFO] Pass: FixedPoint - 0.00572 (ms)
2026-07-13 09:41:15,923 [INFO] Pass: Size - 0.05531 (ms)
2026-07-13 09:41:15,923 [INFO] Pass: FixedPoint - 0.00429 (ms)
2026-07-13 09:41:15,923 [INFO] Pass: ContainsInstruction - 0.00691 (ms)
2026-07-13 09:41:15,924 [INFO] Pass: HighLevelSynthesis - 1.18279 (ms)
2026-07-13 09:41:15,924 [INFO] Total Transpile Time - 51.36561 (ms)
2026-07-13 09:41:15,925 [INFO] Pass: BasisTranslator - 0.79250 (ms)
2026-07-13 09:41:15,925 [INFO] Pass: Depth - 0.15807 (ms)
2026-07-13 09:41:15,925 [INFO] Pass: FixedPoint - 0.00882 (ms)
2026-07-13 09:41:15,925 [INFO] Pass: Size - 0.05507 (ms)
2026-07-13 09:41:15,925 [INFO] Pass: FixedPoint - 0.00429 (ms)
2026-07-13 09:41:15,925 [INFO] Pass: ContainsInstruction - 0.01025 (ms)
2026-07-13 09:41:15,926 [INFO] Pass: InverseCancellation - 0.16832 (ms)
2026-07-13 09:41:15,926 [INFO] Pass: UnitarySynthesis - 0.00429 (ms)
2026-07-13 09:41:15,926 [INFO] Pass: Optimize1qGatesDecomposition - 0.91195 (ms)
2026-07-13 09:41:15,926 [INFO] Pass: InverseCancellation - 0.14591 (ms)
2026-07-13 09:41:15,927 [INFO] Pass: HighLevelSynthesis - 1.16014 (ms)
2026-07-13 09:41:15,927 [INFO] Pass: GatesInBasis - 0.66757 (ms)
2026-07-13 09:41:15,927 [INFO] Pass: Depth - 0.14782 (ms)
2026-07-13 09:41:15,927 [INFO] Pass: FixedPoint - 0.00596 (ms)
2026-07-13 09:41:15,927 [INFO] Pass: Size - 0.05579 (ms)
2026-07-13 09:41:15,928 [INFO] Pass: FixedPoint - 0.00453 (ms)
2026-07-13 09:41:15,928 [INFO] Pass: ContainsInstruction - 0.00644 (ms)
2026-07-13 09:41:15,928 [INFO] Pass: BasisTranslator - 0.78297 (ms)
2026-07-13 09:41:15,928 [INFO] Pass: Depth - 0.15903 (ms)
2026-07-13 09:41:15,928 [INFO] Pass: FixedPoint - 0.01121 (ms)
2026-07-13 09:41:15,928 [INFO] Pass: Size - 0.05746 (ms)
2026-07-13 09:41:15,928 [INFO] Pass: ContainsInstruction - 0.00739 (ms)
2026-07-13 09:41:15,928 [INFO] Pass: FixedPoint - 0.00453 (ms)
2026-07-13 09:41:15,928 [INFO] Pass: InverseCancellation - 0.16546 (ms)
2026-07-13 09:41:15,928 [INFO] Pass: UnitarySynthesis - 0.00429 (ms)
2026-07-13 09:41:15,929 [INFO] Total Transpile Time - 51.48625 (ms)
2026-07-13 09:41:15,929 [INFO] Pass: Optimize1qGatesDecomposition - 0.90313 (ms)
2026-07-13 09:41:15,929 [INFO] Pass: InverseCancellation - 0.14925 (ms)
2026-07-13 09:41:15,930 [INFO] Pass: HighLevelSynthesis - 1.18971 (ms)
2026-07-13 09:41:15,930 [INFO] Pass: GatesInBasis - 0.65422 (ms)
2026-07-13 09:41:15,930 [INFO] Pass: Depth - 0.15044 (ms)
2026-07-13 09:41:15,930 [INFO] Pass: FixedPoint - 0.00620 (ms)
2026-07-13 09:41:15,930 [INFO] Pass: Size - 0.05412 (ms)
2026-07-13 09:41:15,930 [INFO] Pass: FixedPoint - 0.00453 (ms)
2026-07-13 09:41:15,930 [INFO] Pass: ContainsInstruction - 0.00787 (ms)
2026-07-13 09:41:15,930 [INFO] Pass: BasisTranslator - 0.78249 (ms)
2026-07-13 09:41:15,931 [INFO] Pass: Depth - 0.15855 (ms)
2026-07-13 09:41:15,931 [INFO] Pass: FixedPoint - 0.00739 (ms)
2026-07-13 09:41:15,931 [INFO] Pass: Size - 0.05746 (ms)
2026-07-13 09:41:15,931 [INFO] Pass: FixedPoint - 0.00453 (ms)
2026-07-13 09:41:15,931 [INFO] Total Transpile Time - 51.32461 (ms)
2026-07-13 09:41:15,932 [INFO] Pass: Optimize1qGatesDecomposition - 0.91577 (ms)
2026-07-13 09:41:15,932 [INFO] Pass: InverseCancellation - 0.14639 (ms)
2026-07-13 09:41:15,932 [INFO] Pass: ContainsInstruction - 0.00763 (ms)
2026-07-13 09:41:15,933 [INFO] Pass: GatesInBasis - 0.66113 (ms)
2026-07-13 09:41:15,933 [INFO] Pass: InverseCancellation - 0.16856 (ms)
2026-07-13 09:41:15,933 [INFO] Pass: UnitarySynthesis - 0.00405 (ms)
2026-07-13 09:41:15,933 [INFO] Pass: Depth - 0.14877 (ms)
2026-07-13 09:41:15,933 [INFO] Pass: FixedPoint - 0.00596 (ms)
2026-07-13 09:41:15,933 [INFO] Pass: Size - 0.05388 (ms)
2026-07-13 09:41:15,933 [INFO] Pass: FixedPoint - 0.00429 (ms)
2026-07-13 09:41:15,933 [INFO] Pass: ContainsInstruction - 0.00477 (ms)
2026-07-13 09:41:15,934 [INFO] Pass: HighLevelSynthesis - 1.17970 (ms)
2026-07-13 09:41:15,934 [INFO] Total Transpile Time - 51.36395 (ms)
2026-07-13 09:41:15,935 [INFO] Pass: BasisTranslator - 0.78154 (ms)
2026-07-13 09:41:15,935 [INFO] Pass: Depth - 0.15688 (ms)
2026-07-13 09:41:15,935 [INFO] Pass: FixedPoint - 0.00787 (ms)
2026-07-13 09:41:15,935 [INFO] Pass: Size - 0.05460 (ms)
2026-07-13 09:41:15,935 [INFO] Pass: FixedPoint - 0.00477 (ms)
2026-07-13 09:41:15,936 [INFO] Pass: Optimize1qGatesDecomposition - 0.89741 (ms)
2026-07-13 09:41:15,936 [INFO] Pass: InverseCancellation - 0.15116 (ms)
2026-07-13 09:41:15,937 [INFO] Pass: GatesInBasis - 0.65589 (ms)
2026-07-13 09:41:15,937 [INFO] Pass: Depth - 0.15283 (ms)
2026-07-13 09:41:15,937 [INFO] Pass: FixedPoint - 0.00572 (ms)
2026-07-13 09:41:15,937 [INFO] Pass: Size - 0.05436 (ms)
2026-07-13 09:41:15,937 [INFO] Pass: FixedPoint - 0.00429 (ms)
2026-07-13 09:41:15,937 [INFO] Pass: ContainsInstruction - 0.00501 (ms)
2026-07-13 09:41:15,939 [INFO] Total Transpile Time - 51.48149 (ms)
2026-07-13 09:41:15,939 [INFO] Pass: ContainsInstruction - 0.00763 (ms)
2026-07-13 09:41:15,940 [INFO] Pass: InverseCancellation - 0.16570 (ms)
2026-07-13 09:41:15,940 [INFO] Pass: UnitarySynthesis - 0.00453 (ms)
2026-07-13 09:41:15,941 [INFO] Pass: HighLevelSynthesis - 1.16706 (ms)
2026-07-13 09:41:15,942 [INFO] Pass: BasisTranslator - 0.78583 (ms)
2026-07-13 09:41:15,942 [INFO] Pass: Depth - 0.15640 (ms)
2026-07-13 09:41:15,942 [INFO] Pass: FixedPoint - 0.00858 (ms)
2026-07-13 09:41:15,942 [INFO] Pass: Size - 0.06175 (ms)
2026-07-13 09:41:15,942 [INFO] Pass: FixedPoint - 0.00477 (ms)
2026-07-13 09:41:15,943 [INFO] Pass: Optimize1qGatesDecomposition - 0.90718 (ms)
2026-07-13 09:41:15,943 [INFO] Pass: InverseCancellation - 0.14663 (ms)
2026-07-13 09:41:15,944 [INFO] Pass: GatesInBasis - 0.65637 (ms)
2026-07-13 09:41:15,944 [INFO] Pass: Depth - 0.15283 (ms)
2026-07-13 09:41:15,944 [INFO] Pass: FixedPoint - 0.00620 (ms)
2026-07-13 09:41:15,944 [INFO] Pass: Size - 0.05651 (ms)
2026-07-13 09:41:15,944 [INFO] Pass: FixedPoint - 0.00429 (ms)
2026-07-13 09:41:15,944 [INFO] Pass: ContainsInstruction - 0.00477 (ms)
2026-07-13 09:41:15,946 [INFO] Total Transpile Time - 51.42617 (ms)
2026-07-13 09:41:15,948 [INFO] Pass: ContainsInstruction - 0.00691 (ms)
2026-07-13 09:41:15,949 [INFO] Pass: InverseCancellation - 0.16928 (ms)
2026-07-13 09:41:15,949 [INFO] Pass: UnitarySynthesis - 0.00453 (ms)
2026-07-13 09:41:15,950 [INFO] Pass: ContainsInstruction - 0.00739 (ms)
2026-07-13 09:41:15,950 [INFO] Pass: HighLevelSynthesis - 1.19209 (ms)
2026-07-13 09:41:15,950 [INFO] Pass: InverseCancellation - 0.16880 (ms)
2026-07-13 09:41:15,950 [INFO] Pass: UnitarySynthesis - 0.00453 (ms)
2026-07-13 09:41:15,950 [INFO] Pass: ContainsInstruction - 0.00763 (ms)
2026-07-13 09:41:15,950 [INFO] Pass: InverseCancellation - 0.17214 (ms)
2026-07-13 09:41:15,950 [INFO] Pass: UnitarySynthesis - 0.00429 (ms)
2026-07-13 09:41:15,951 [INFO] Pass: BasisTranslator - 0.78273 (ms)
2026-07-13 09:41:15,951 [INFO] Pass: Depth - 0.15998 (ms)
2026-07-13 09:41:15,951 [INFO] Pass: FixedPoint - 0.00763 (ms)
2026-07-13 09:41:15,951 [INFO] Pass: Size - 0.05770 (ms)
2026-07-13 09:41:15,951 [INFO] Pass: FixedPoint - 0.00453 (ms)
2026-07-13 09:41:15,951 [INFO] Pass: HighLevelSynthesis - 1.24717 (ms)
2026-07-13 09:41:15,952 [INFO] Pass: HighLevelSynthesis - 1.26576 (ms)
2026-07-13 09:41:15,952 [INFO] Pass: Optimize1qGatesDecomposition - 0.90432 (ms)
2026-07-13 09:41:15,952 [INFO] Pass: BasisTranslator - 0.82445 (ms)
2026-07-13 09:41:15,952 [INFO] Pass: InverseCancellation - 0.15140 (ms)
2026-07-13 09:41:15,952 [INFO] Pass: BasisTranslator - 0.68784 (ms)
2026-07-13 09:41:15,952 [INFO] Pass: Depth - 0.16737 (ms)
2026-07-13 09:41:15,952 [INFO] Pass: FixedPoint - 0.00930 (ms)
2026-07-13 09:41:15,953 [INFO] Pass: Size - 0.05817 (ms)
2026-07-13 09:41:15,953 [INFO] Pass: Depth - 0.16308 (ms)
2026-07-13 09:41:15,953 [INFO] Pass: FixedPoint - 0.00453 (ms)
2026-07-13 09:41:15,953 [INFO] Pass: FixedPoint - 0.00763 (ms)
2026-07-13 09:41:15,953 [INFO] Pass: Size - 0.05841 (ms)
2026-07-13 09:41:15,953 [INFO] Pass: FixedPoint - 0.00453 (ms)
2026-07-13 09:41:15,953 [INFO] Pass: GatesInBasis - 0.66304 (ms)
2026-07-13 09:41:15,953 [INFO] Pass: Depth - 0.15330 (ms)
2026-07-13 09:41:15,953 [INFO] Pass: FixedPoint - 0.00548 (ms)
2026-07-13 09:41:15,953 [INFO] Pass: Size - 0.05436 (ms)
2026-07-13 09:41:15,953 [INFO] Pass: FixedPoint - 0.00429 (ms)
2026-07-13 09:41:15,953 [INFO] Pass: ContainsInstruction - 0.00477 (ms)
2026-07-13 09:41:15,954 [INFO] Pass: ContainsInstruction - 0.00787 (ms)
2026-07-13 09:41:15,954 [INFO] Pass: Optimize1qGatesDecomposition - 1.00780 (ms)
2026-07-13 09:41:15,954 [INFO] Pass: InverseCancellation - 0.00787 (ms)
2026-07-13 09:41:15,954 [INFO] Pass: Optimize1qGatesDecomposition - 0.99730 (ms)
2026-07-13 09:41:15,954 [INFO] Pass: InverseCancellation - 0.00811 (ms)
2026-07-13 09:41:15,954 [INFO] Pass: InverseCancellation - 0.16546 (ms)
2026-07-13 09:41:15,954 [INFO] Pass: UnitarySynthesis - 0.00429 (ms)
2026-07-13 09:41:15,954 [INFO] Pass: GatesInBasis - 0.67806 (ms)
2026-07-13 09:41:15,955 [INFO] Total Transpile Time - 51.40138 (ms)
2026-07-13 09:41:15,955 [INFO] Pass: GatesInBasis - 0.67282 (ms)
2026-07-13 09:41:15,955 [INFO] Pass: Depth - 0.15163 (ms)
2026-07-13 09:41:15,955 [INFO] Pass: FixedPoint - 0.00596 (ms)
2026-07-13 09:41:15,955 [INFO] Pass: Size - 0.05555 (ms)
2026-07-13 09:41:15,955 [INFO] Pass: Depth - 0.15092 (ms)
2026-07-13 09:41:15,955 [INFO] Pass: FixedPoint - 0.00429 (ms)
2026-07-13 09:41:15,955 [INFO] Pass: FixedPoint - 0.00572 (ms)
2026-07-13 09:41:15,955 [INFO] Pass: ContainsInstruction - 0.00739 (ms)
2026-07-13 09:41:15,955 [INFO] Pass: ContainsInstruction - 0.00739 (ms)
2026-07-13 09:41:15,955 [INFO] Pass: Size - 0.05627 (ms)
2026-07-13 09:41:15,955 [INFO] Pass: FixedPoint - 0.00429 (ms)
2026-07-13 09:41:15,955 [INFO] Pass: InverseCancellation - 0.16761 (ms)
2026-07-13 09:41:15,955 [INFO] Pass: InverseCancellation - 0.16689 (ms)
2026-07-13 09:41:15,955 [INFO] Pass: UnitarySynthesis - 0.00501 (ms)
2026-07-13 09:41:15,955 [INFO] Pass: UnitarySynthesis - 0.00405 (ms)
2026-07-13 09:41:15,955 [INFO] Pass: HighLevelSynthesis - 1.28627 (ms)
2026-07-13 09:41:15,956 [INFO] Pass: Optimize1qGatesDecomposition - 0.82469 (ms)
2026-07-13 09:41:15,956 [INFO] Pass: InverseCancellation - 0.00715 (ms)
2026-07-13 09:41:15,956 [INFO] Pass: Optimize1qGatesDecomposition - 0.81444 (ms)
2026-07-13 09:41:15,956 [INFO] Pass: InverseCancellation - 0.00691 (ms)
2026-07-13 09:41:15,956 [INFO] Pass: BasisTranslator - 0.67973 (ms)
2026-07-13 09:41:15,956 [INFO] Pass: Depth - 0.16689 (ms)
2026-07-13 09:41:15,956 [INFO] Pass: FixedPoint - 0.00787 (ms)
2026-07-13 09:41:15,956 [INFO] Pass: Size - 0.05817 (ms)
2026-07-13 09:41:15,956 [INFO] Pass: FixedPoint - 0.00429 (ms)
2026-07-13 09:41:15,956 [INFO] Pass: GatesInBasis - 0.64301 (ms)
2026-07-13 09:41:15,956 [INFO] Pass: HighLevelSynthesis - 1.25933 (ms)
2026-07-13 09:41:15,956 [INFO] Pass: HighLevelSynthesis - 1.27363 (ms)
2026-07-13 09:41:15,957 [INFO] Pass: Depth - 0.14615 (ms)
2026-07-13 09:41:15,957 [INFO] Pass: GatesInBasis - 0.70405 (ms)
2026-07-13 09:41:15,957 [INFO] Pass: FixedPoint - 0.00548 (ms)
2026-07-13 09:41:15,957 [INFO] Pass: Size - 0.05388 (ms)
2026-07-13 09:41:15,957 [INFO] Pass: FixedPoint - 0.00429 (ms)
2026-07-13 09:41:15,957 [INFO] Pass: Depth - 0.14734 (ms)
2026-07-13 09:41:15,957 [INFO] Pass: ContainsInstruction - 0.00501 (ms)
2026-07-13 09:41:15,957 [INFO] Pass: FixedPoint - 0.00548 (ms)
2026-07-13 09:41:15,957 [INFO] Pass: Size - 0.05603 (ms)
2026-07-13 09:41:15,957 [INFO] Pass: FixedPoint - 0.00405 (ms)
2026-07-13 09:41:15,957 [INFO] Pass: ContainsInstruction - 0.00525 (ms)
2026-07-13 09:41:15,957 [INFO] Pass: BasisTranslator - 0.69451 (ms)
2026-07-13 09:41:15,957 [INFO] Pass: BasisTranslator - 0.69571 (ms)
2026-07-13 09:41:15,957 [INFO] Pass: Depth - 0.16308 (ms)
2026-07-13 09:41:15,957 [INFO] Pass: Optimize1qGatesDecomposition - 0.99850 (ms)
2026-07-13 09:41:15,957 [INFO] Pass: Depth - 0.16332 (ms)
2026-07-13 09:41:15,957 [INFO] Pass: FixedPoint - 0.00715 (ms)
2026-07-13 09:41:15,957 [INFO] Pass: InverseCancellation - 0.00811 (ms)
2026-07-13 09:41:15,957 [INFO] Pass: FixedPoint - 0.00763 (ms)
2026-07-13 09:41:15,958 [INFO] Pass: Size - 0.05722 (ms)
2026-07-13 09:41:15,958 [INFO] Pass: Size - 0.05913 (ms)
2026-07-13 09:41:15,958 [INFO] Pass: FixedPoint - 0.00477 (ms)
2026-07-13 09:41:15,958 [INFO] Pass: FixedPoint - 0.00429 (ms)
2026-07-13 09:41:15,958 [INFO] Total Transpile Time - 53.04146 (ms)
2026-07-13 09:41:15,958 [INFO] Total Transpile Time - 53.26033 (ms)
2026-07-13 09:41:15,958 [INFO] Pass: GatesInBasis - 0.65875 (ms)
2026-07-13 09:41:15,958 [INFO] Pass: ContainsInstruction - 0.00763 (ms)
2026-07-13 09:41:15,958 [INFO] Pass: Depth - 0.15283 (ms)
2026-07-13 09:41:15,958 [INFO] Pass: FixedPoint - 0.00596 (ms)
2026-07-13 09:41:15,958 [INFO] Pass: InverseCancellation - 0.17047 (ms)
2026-07-13 09:41:15,958 [INFO] Pass: Size - 0.05484 (ms)
2026-07-13 09:41:15,958 [INFO] Pass: UnitarySynthesis - 0.00453 (ms)
2026-07-13 09:41:15,959 [INFO] Pass: FixedPoint - 0.00453 (ms)
2026-07-13 09:41:15,959 [INFO] Pass: Optimize1qGatesDecomposition - 1.00875 (ms)
2026-07-13 09:41:15,959 [INFO] Pass: Optimize1qGatesDecomposition - 1.00183 (ms)
2026-07-13 09:41:15,959 [INFO] Pass: InverseCancellation - 0.00787 (ms)
2026-07-13 09:41:15,959 [INFO] Pass: InverseCancellation - 0.00787 (ms)
2026-07-13 09:41:15,959 [INFO] Pass: Optimize1qGatesDecomposition - 0.81134 (ms)
2026-07-13 09:41:15,959 [INFO] Pass: GatesInBasis - 0.65422 (ms)
2026-07-13 09:41:15,959 [INFO] Pass: GatesInBasis - 0.65875 (ms)
2026-07-13 09:41:15,959 [INFO] Pass: InverseCancellation - 0.00715 (ms)
2026-07-13 09:41:15,960 [INFO] Pass: Depth - 0.14973 (ms)
2026-07-13 09:41:15,960 [INFO] Pass: Depth - 0.15116 (ms)
2026-07-13 09:41:15,960 [INFO] Pass: FixedPoint - 0.00596 (ms)
2026-07-13 09:41:15,960 [INFO] Pass: FixedPoint - 0.00596 (ms)
2026-07-13 09:41:15,960 [INFO] Pass: ContainsInstruction - 0.00834 (ms)
2026-07-13 09:41:15,960 [INFO] Pass: Size - 0.05412 (ms)
2026-07-13 09:41:15,960 [INFO] Pass: Size - 0.05436 (ms)
2026-07-13 09:41:15,960 [INFO] Pass: FixedPoint - 0.00453 (ms)
2026-07-13 09:41:15,960 [INFO] Pass: FixedPoint - 0.00477 (ms)
2026-07-13 09:41:15,960 [INFO] Pass: HighLevelSynthesis - 1.25790 (ms)
2026-07-13 09:41:15,960 [INFO] Pass: InverseCancellation - 0.17118 (ms)
2026-07-13 09:41:15,960 [INFO] Pass: UnitarySynthesis - 0.00477 (ms)
2026-07-13 09:41:15,960 [INFO] Pass: GatesInBasis - 0.71454 (ms)
2026-07-13 09:41:15,960 [INFO] Pass: Depth - 0.14639 (ms)
2026-07-13 09:41:15,960 [INFO] Pass: FixedPoint - 0.00548 (ms)
2026-07-13 09:41:15,960 [INFO] Pass: Size - 0.05388 (ms)
2026-07-13 09:41:15,961 [INFO] Pass: FixedPoint - 0.00429 (ms)
2026-07-13 09:41:15,961 [INFO] Pass: BasisTranslator - 0.69261 (ms)
2026-07-13 09:41:15,961 [INFO] Pass: ContainsInstruction - 0.00501 (ms)
2026-07-13 09:41:15,961 [INFO] Pass: Optimize1qGatesDecomposition - 0.81921 (ms)
2026-07-13 09:41:15,961 [INFO] Pass: Optimize1qGatesDecomposition - 0.82874 (ms)
2026-07-13 09:41:15,961 [INFO] Pass: InverseCancellation - 0.00668 (ms)
2026-07-13 09:41:15,961 [INFO] Pass: InverseCancellation - 0.00691 (ms)
2026-07-13 09:41:15,961 [INFO] Pass: Depth - 0.16356 (ms)
2026-07-13 09:41:15,961 [INFO] Pass: FixedPoint - 0.00763 (ms)
2026-07-13 09:41:15,961 [INFO] Pass: Size - 0.05794 (ms)
2026-07-13 09:41:15,961 [INFO] Pass: FixedPoint - 0.00453 (ms)
2026-07-13 09:41:15,961 [INFO] Pass: HighLevelSynthesis - 1.24526 (ms)
2026-07-13 09:41:15,961 [INFO] Pass: GatesInBasis - 0.70405 (ms)
2026-07-13 09:41:15,961 [INFO] Pass: GatesInBasis - 0.70524 (ms)
2026-07-13 09:41:15,962 [INFO] Pass: Depth - 0.14639 (ms)
2026-07-13 09:41:15,962 [INFO] Pass: Depth - 0.14949 (ms)
2026-07-13 09:41:15,962 [INFO] Pass: FixedPoint - 0.00548 (ms)
2026-07-13 09:41:15,962 [INFO] Pass: FixedPoint - 0.00596 (ms)
2026-07-13 09:41:15,962 [INFO] Pass: Size - 0.05436 (ms)
2026-07-13 09:41:15,962 [INFO] Pass: FixedPoint - 0.00405 (ms)
2026-07-13 09:41:15,962 [INFO] Pass: Size - 0.05603 (ms)
2026-07-13 09:41:15,962 [INFO] Total Transpile Time - 53.17044 (ms)
2026-07-13 09:41:15,962 [INFO] Pass: ContainsInstruction - 0.00501 (ms)
2026-07-13 09:41:15,962 [INFO] Pass: FixedPoint - 0.00453 (ms)
2026-07-13 09:41:15,962 [INFO] Pass: ContainsInstruction - 0.00596 (ms)
2026-07-13 09:41:15,962 [INFO] Pass: Optimize1qGatesDecomposition - 0.99730 (ms)
2026-07-13 09:41:15,962 [INFO] Pass: InverseCancellation - 0.00739 (ms)
2026-07-13 09:41:15,962 [INFO] Pass: BasisTranslator - 0.82445 (ms)
2026-07-13 09:41:15,962 [INFO] Pass: ContainsInstruction - 0.00858 (ms)
2026-07-13 09:41:15,962 [INFO] Pass: Depth - 0.16761 (ms)
2026-07-13 09:41:15,962 [INFO] Pass: FixedPoint - 0.00834 (ms)
2026-07-13 09:41:15,962 [INFO] Pass: Size - 0.05937 (ms)
2026-07-13 09:41:15,962 [INFO] Pass: InverseCancellation - 0.16785 (ms)
2026-07-13 09:41:15,963 [INFO] Pass: FixedPoint - 0.00429 (ms)
2026-07-13 09:41:15,963 [INFO] Pass: UnitarySynthesis - 0.00429 (ms)
2026-07-13 09:41:15,963 [INFO] Pass: GatesInBasis - 0.65470 (ms)
2026-07-13 09:41:15,963 [INFO] Pass: Depth - 0.15092 (ms)
2026-07-13 09:41:15,963 [INFO] Pass: FixedPoint - 0.00572 (ms)
2026-07-13 09:41:15,963 [INFO] Total Transpile Time - 53.18594 (ms)
2026-07-13 09:41:15,963 [INFO] Total Transpile Time - 53.17974 (ms)
2026-07-13 09:41:15,963 [INFO] Pass: Size - 0.05436 (ms)
2026-07-13 09:41:15,963 [INFO] Pass: FixedPoint - 0.00429 (ms)
2026-07-13 09:41:15,964 [INFO] Pass: Optimize1qGatesDecomposition - 1.01376 (ms)
2026-07-13 09:41:15,964 [INFO] Pass: InverseCancellation - 0.00858 (ms)
2026-07-13 09:41:15,964 [INFO] Pass: HighLevelSynthesis - 1.27435 (ms)
2026-07-13 09:41:15,964 [INFO] Pass: Optimize1qGatesDecomposition - 0.81277 (ms)
2026-07-13 09:41:15,964 [INFO] Pass: InverseCancellation - 0.00668 (ms)
2026-07-13 09:41:15,964 [INFO] Pass: GatesInBasis - 0.68259 (ms)
2026-07-13 09:41:15,965 [INFO] Pass: Depth - 0.15116 (ms)
2026-07-13 09:41:15,965 [INFO] Pass: BasisTranslator - 0.69380 (ms)
2026-07-13 09:41:15,965 [INFO] Pass: FixedPoint - 0.00596 (ms)
2026-07-13 09:41:15,965 [INFO] Pass: Size - 0.05603 (ms)
2026-07-13 09:41:15,965 [INFO] Pass: FixedPoint - 0.00501 (ms)
2026-07-13 09:41:15,965 [INFO] Pass: GatesInBasis - 0.74267 (ms)
2026-07-13 09:41:15,965 [INFO] Pass: Depth - 0.16618 (ms)
2026-07-13 09:41:15,965 [INFO] Pass: FixedPoint - 0.00787 (ms)
2026-07-13 09:41:15,965 [INFO] Pass: Size - 0.05794 (ms)
2026-07-13 09:41:15,965 [INFO] Pass: Depth - 0.15044 (ms)
2026-07-13 09:41:15,965 [INFO] Pass: FixedPoint - 0.00477 (ms)
2026-07-13 09:41:15,965 [INFO] Pass: FixedPoint - 0.00596 (ms)
2026-07-13 09:41:15,965 [INFO] Pass: Size - 0.05412 (ms)
2026-07-13 09:41:15,965 [INFO] Pass: FixedPoint - 0.00453 (ms)
2026-07-13 09:41:15,965 [INFO] Pass: ContainsInstruction - 0.00548 (ms)
2026-07-13 09:41:15,966 [INFO] Pass: Optimize1qGatesDecomposition - 0.82350 (ms)
2026-07-13 09:41:15,966 [INFO] Pass: InverseCancellation - 0.00739 (ms)
2026-07-13 09:41:15,966 [INFO] Pass: ContainsInstruction - 0.00811 (ms)
2026-07-13 09:41:15,966 [INFO] Pass: InverseCancellation - 0.16689 (ms)
2026-07-13 09:41:15,966 [INFO] Pass: Optimize1qGatesDecomposition - 1.00756 (ms)
2026-07-13 09:41:15,966 [INFO] Pass: UnitarySynthesis - 0.00429 (ms)
2026-07-13 09:41:15,966 [INFO] Pass: InverseCancellation - 0.00739 (ms)
2026-07-13 09:41:15,966 [INFO] Total Transpile Time - 53.20716 (ms)
2026-07-13 09:41:15,966 [INFO] Pass: GatesInBasis - 0.67139 (ms)
2026-07-13 09:41:15,967 [INFO] Pass: Depth - 0.14544 (ms)
2026-07-13 09:41:15,967 [INFO] Pass: FixedPoint - 0.00501 (ms)
2026-07-13 09:41:15,967 [INFO] Pass: Size - 0.05555 (ms)
2026-07-13 09:41:15,967 [INFO] Pass: FixedPoint - 0.00429 (ms)
2026-07-13 09:41:15,967 [INFO] Pass: ContainsInstruction - 0.00477 (ms)
2026-07-13 09:41:15,967 [INFO] Pass: GatesInBasis - 0.68331 (ms)
2026-07-13 09:41:15,967 [INFO] Pass: Depth - 0.15163 (ms)
2026-07-13 09:41:15,967 [INFO] Pass: FixedPoint - 0.00572 (ms)
2026-07-13 09:41:15,967 [INFO] Pass: Size - 0.05460 (ms)
2026-07-13 09:41:15,967 [INFO] Pass: FixedPoint - 0.00453 (ms)
2026-07-13 09:41:15,967 [INFO] Pass: HighLevelSynthesis - 1.27101 (ms)
2026-07-13 09:41:15,968 [INFO] Total Transpile Time - 53.06172 (ms)
2026-07-13 09:41:15,968 [INFO] Pass: Optimize1qGatesDecomposition - 0.81706 (ms)
2026-07-13 09:41:15,968 [INFO] Pass: InverseCancellation - 0.00715 (ms)
2026-07-13 09:41:15,968 [INFO] Pass: BasisTranslator - 0.68617 (ms)
2026-07-13 09:41:15,968 [INFO] Pass: Depth - 0.17047 (ms)
2026-07-13 09:41:15,968 [INFO] Pass: FixedPoint - 0.00858 (ms)
2026-07-13 09:41:15,968 [INFO] Pass: Size - 0.05865 (ms)
2026-07-13 09:41:15,968 [INFO] Pass: FixedPoint - 0.00453 (ms)
2026-07-13 09:41:15,969 [INFO] Pass: GatesInBasis - 0.72503 (ms)
2026-07-13 09:41:15,969 [INFO] Pass: Depth - 0.14806 (ms)
2026-07-13 09:41:15,969 [INFO] Pass: FixedPoint - 0.00525 (ms)
2026-07-13 09:41:15,969 [INFO] Pass: Size - 0.05889 (ms)
2026-07-13 09:41:15,969 [INFO] Pass: FixedPoint - 0.00429 (ms)
2026-07-13 09:41:15,969 [INFO] Pass: ContainsInstruction - 0.00501 (ms)
2026-07-13 09:41:15,969 [INFO] Pass: Optimize1qGatesDecomposition - 1.00327 (ms)
2026-07-13 09:41:15,970 [INFO] Pass: InverseCancellation - 0.00906 (ms)
2026-07-13 09:41:15,970 [INFO] Pass: ContainsInstruction - 0.01121 (ms)
2026-07-13 09:41:15,970 [INFO] Pass: GatesInBasis - 0.67449 (ms)
2026-07-13 09:41:15,970 [INFO] Pass: InverseCancellation - 0.17095 (ms)
2026-07-13 09:41:15,970 [INFO] Total Transpile Time - 53.10249 (ms)
2026-07-13 09:41:15,970 [INFO] Pass: UnitarySynthesis - 0.00453 (ms)
2026-07-13 09:41:15,970 [INFO] Pass: Depth - 0.15092 (ms)
2026-07-13 09:41:15,971 [INFO] Pass: FixedPoint - 0.00596 (ms)
2026-07-13 09:41:15,971 [INFO] Pass: Size - 0.05436 (ms)
2026-07-13 09:41:15,971 [INFO] Pass: FixedPoint - 0.00429 (ms)
2026-07-13 09:41:15,971 [INFO] Pass: Optimize1qGatesDecomposition - 0.81968 (ms)
2026-07-13 09:41:15,972 [INFO] Pass: InverseCancellation - 0.00715 (ms)
2026-07-13 09:41:15,972 [INFO] Pass: HighLevelSynthesis - 1.28293 (ms)
2026-07-13 09:41:15,972 [INFO] Pass: GatesInBasis - 0.73743 (ms)
2026-07-13 09:41:15,973 [INFO] Pass: Depth - 0.14973 (ms)
2026-07-13 09:41:15,973 [INFO] Pass: FixedPoint - 0.00548 (ms)
2026-07-13 09:41:15,973 [INFO] Pass: BasisTranslator - 0.83542 (ms)
2026-07-13 09:41:15,973 [INFO] Pass: Size - 0.05460 (ms)
2026-07-13 09:41:15,973 [INFO] Pass: FixedPoint - 0.00453 (ms)
2026-07-13 09:41:15,973 [INFO] Pass: ContainsInstruction - 0.00596 (ms)
2026-07-13 09:41:15,973 [INFO] Pass: Depth - 0.16427 (ms)
2026-07-13 09:41:15,973 [INFO] Pass: FixedPoint - 0.01025 (ms)
2026-07-13 09:41:15,973 [INFO] Pass: Size - 0.05865 (ms)
2026-07-13 09:41:15,973 [INFO] Pass: FixedPoint - 0.00453 (ms)
2026-07-13 09:41:15,974 [INFO] Total Transpile Time - 53.26605 (ms)
2026-07-13 09:41:15,974 [INFO] Pass: ContainsInstruction - 0.01073 (ms)
2026-07-13 09:41:15,974 [INFO] Pass: Optimize1qGatesDecomposition - 1.00303 (ms)
2026-07-13 09:41:15,974 [INFO] Pass: InverseCancellation - 0.00834 (ms)
2026-07-13 09:41:15,974 [INFO] Pass: InverseCancellation - 0.17595 (ms)
2026-07-13 09:41:15,974 [INFO] Pass: UnitarySynthesis - 0.00477 (ms)
2026-07-13 09:41:15,975 [INFO] Pass: GatesInBasis - 0.64874 (ms)
2026-07-13 09:41:15,975 [INFO] Pass: Depth - 0.14949 (ms)
2026-07-13 09:41:15,975 [INFO] Pass: FixedPoint - 0.00596 (ms)
2026-07-13 09:41:15,975 [INFO] Pass: Size - 0.06056 (ms)
2026-07-13 09:41:15,975 [INFO] Pass: FixedPoint - 0.00453 (ms)
2026-07-13 09:41:15,976 [INFO] Pass: HighLevelSynthesis - 1.27864 (ms)
2026-07-13 09:41:15,976 [INFO] Pass: Optimize1qGatesDecomposition - 0.81229 (ms)
2026-07-13 09:41:15,976 [INFO] Pass: InverseCancellation - 0.00739 (ms)
2026-07-13 09:41:15,976 [INFO] Pass: BasisTranslator - 0.83947 (ms)
2026-07-13 09:41:15,976 [INFO] Pass: ContainsInstruction - 0.00954 (ms)
2026-07-13 09:41:15,977 [INFO] Pass: Depth - 0.16451 (ms)
2026-07-13 09:41:15,977 [INFO] Pass: FixedPoint - 0.01097 (ms)
2026-07-13 09:41:15,977 [INFO] Pass: InverseCancellation - 0.16761 (ms)
2026-07-13 09:41:15,977 [INFO] Pass: GatesInBasis - 0.63133 (ms)
2026-07-13 09:41:15,977 [INFO] Pass: Size - 0.05889 (ms)
2026-07-13 09:41:15,977 [INFO] Pass: UnitarySynthesis - 0.00405 (ms)
2026-07-13 09:41:15,977 [INFO] Pass: FixedPoint - 0.00453 (ms)
2026-07-13 09:41:15,977 [INFO] Pass: Depth - 0.14687 (ms)
2026-07-13 09:41:15,977 [INFO] Pass: FixedPoint - 0.00501 (ms)
2026-07-13 09:41:15,977 [INFO] Pass: Size - 0.05364 (ms)
2026-07-13 09:41:15,977 [INFO] Pass: FixedPoint - 0.00429 (ms)
2026-07-13 09:41:15,977 [INFO] Pass: ContainsInstruction - 0.00930 (ms)
2026-07-13 09:41:15,978 [INFO] Pass: Optimize1qGatesDecomposition - 1.00803 (ms)
2026-07-13 09:41:15,978 [INFO] Pass: InverseCancellation - 0.00811 (ms)
2026-07-13 09:41:15,978 [INFO] Pass: HighLevelSynthesis - 1.25456 (ms)
2026-07-13 09:41:15,978 [INFO] Total Transpile Time - 53.93958 (ms)
2026-07-13 09:41:15,979 [INFO] Pass: GatesInBasis - 0.65494 (ms)
2026-07-13 09:41:15,979 [INFO] Pass: Depth - 0.14949 (ms)
2026-07-13 09:41:15,979 [INFO] Pass: FixedPoint - 0.00596 (ms)
2026-07-13 09:41:15,979 [INFO] Pass: Size - 0.05388 (ms)
2026-07-13 09:41:15,979 [INFO] Pass: BasisTranslator - 0.82636 (ms)
2026-07-13 09:41:15,979 [INFO] Pass: FixedPoint - 0.00429 (ms)
2026-07-13 09:41:15,979 [INFO] Pass: Depth - 0.17142 (ms)
2026-07-13 09:41:15,979 [INFO] Pass: FixedPoint - 0.00834 (ms)
2026-07-13 09:41:15,979 [INFO] Pass: ContainsInstruction - 0.00882 (ms)
2026-07-13 09:41:15,979 [INFO] Pass: Size - 0.05865 (ms)
2026-07-13 09:41:15,979 [INFO] Pass: FixedPoint - 0.00453 (ms)
2026-07-13 09:41:15,980 [INFO] Pass: InverseCancellation - 0.17190 (ms)
2026-07-13 09:41:15,980 [INFO] Pass: UnitarySynthesis - 0.00477 (ms)
2026-07-13 09:41:15,980 [INFO] Pass: Optimize1qGatesDecomposition - 0.81348 (ms)
2026-07-13 09:41:15,980 [INFO] Pass: InverseCancellation - 0.00763 (ms)
2026-07-13 09:41:15,980 [INFO] Pass: Optimize1qGatesDecomposition - 1.00780 (ms)
2026-07-13 09:41:15,980 [INFO] Pass: InverseCancellation - 0.00787 (ms)
2026-07-13 09:41:15,981 [INFO] Pass: GatesInBasis - 0.63944 (ms)
2026-07-13 09:41:15,981 [INFO] Pass: Depth - 0.14806 (ms)
2026-07-13 09:41:15,981 [INFO] Pass: FixedPoint - 0.00548 (ms)
2026-07-13 09:41:15,981 [INFO] Pass: Size - 0.05460 (ms)
2026-07-13 09:41:15,981 [INFO] Pass: FixedPoint - 0.00429 (ms)
2026-07-13 09:41:15,981 [INFO] Pass: HighLevelSynthesis - 1.27268 (ms)
2026-07-13 09:41:15,981 [INFO] Pass: ContainsInstruction - 0.00501 (ms)
2026-07-13 09:41:15,981 [INFO] Pass: GatesInBasis - 0.65732 (ms)
2026-07-13 09:41:15,981 [INFO] Pass: Depth - 0.15020 (ms)
2026-07-13 09:41:15,981 [INFO] Pass: FixedPoint - 0.00596 (ms)
2026-07-13 09:41:15,981 [INFO] Pass: Size - 0.05460 (ms)
2026-07-13 09:41:15,982 [INFO] Pass: FixedPoint - 0.00405 (ms)
2026-07-13 09:41:15,982 [INFO] Pass: BasisTranslator - 0.83113 (ms)
2026-07-13 09:41:15,982 [INFO] Pass: Depth - 0.16594 (ms)
2026-07-13 09:41:15,982 [INFO] Pass: FixedPoint - 0.00787 (ms)
2026-07-13 09:41:15,982 [INFO] Total Transpile Time - 53.34592 (ms)
2026-07-13 09:41:15,982 [INFO] Pass: Size - 0.06270 (ms)
2026-07-13 09:41:15,982 [INFO] Pass: FixedPoint - 0.00453 (ms)
2026-07-13 09:41:15,982 [INFO] Pass: Optimize1qGatesDecomposition - 0.81420 (ms)
2026-07-13 09:41:15,982 [INFO] Pass: InverseCancellation - 0.00620 (ms)
2026-07-13 09:41:15,983 [INFO] Pass: GatesInBasis - 0.62799 (ms)
2026-07-13 09:41:15,983 [INFO] Pass: Optimize1qGatesDecomposition - 1.01495 (ms)
2026-07-13 09:41:15,983 [INFO] Pass: Depth - 0.14830 (ms)
2026-07-13 09:41:15,983 [INFO] Pass: InverseCancellation - 0.00834 (ms)
2026-07-13 09:41:15,983 [INFO] Pass: FixedPoint - 0.00525 (ms)
2026-07-13 09:41:15,983 [INFO] Pass: Size - 0.05555 (ms)
2026-07-13 09:41:15,983 [INFO] Pass: FixedPoint - 0.00405 (ms)
2026-07-13 09:41:15,983 [INFO] Pass: ContainsInstruction - 0.00525 (ms)
2026-07-13 09:41:15,984 [INFO] Pass: ContainsInstruction - 0.00787 (ms)
2026-07-13 09:41:15,984 [INFO] Pass: InverseCancellation - 0.16999 (ms)
2026-07-13 09:41:15,984 [INFO] Pass: UnitarySynthesis - 0.00477 (ms)
2026-07-13 09:41:15,984 [INFO] Pass: GatesInBasis - 0.65064 (ms)
2026-07-13 09:41:15,984 [INFO] Pass: Depth - 0.15855 (ms)
2026-07-13 09:41:15,984 [INFO] Pass: FixedPoint - 0.00596 (ms)
2026-07-13 09:41:15,984 [INFO] Pass: Size - 0.05484 (ms)
2026-07-13 09:41:15,984 [INFO] Pass: FixedPoint - 0.00429 (ms)
2026-07-13 09:41:15,985 [INFO] Total Transpile Time - 53.10965 (ms)
2026-07-13 09:41:15,985 [INFO] Pass: HighLevelSynthesis - 1.26791 (ms)
2026-07-13 09:41:15,985 [INFO] Pass: Optimize1qGatesDecomposition - 0.82183 (ms)
2026-07-13 09:41:15,985 [INFO] Pass: InverseCancellation - 0.00668 (ms)
2026-07-13 09:41:15,986 [INFO] Pass: GatesInBasis - 0.63491 (ms)
2026-07-13 09:41:15,986 [INFO] Pass: BasisTranslator - 0.82827 (ms)
2026-07-13 09:41:15,986 [INFO] Pass: Depth - 0.17047 (ms)
2026-07-13 09:41:15,986 [INFO] Pass: FixedPoint - 0.00548 (ms)
2026-07-13 09:41:15,986 [INFO] Pass: Depth - 0.17357 (ms)
2026-07-13 09:41:15,986 [INFO] Pass: Size - 0.05460 (ms)
2026-07-13 09:41:15,986 [INFO] Pass: FixedPoint - 0.00858 (ms)
2026-07-13 09:41:15,986 [INFO] Pass: FixedPoint - 0.00429 (ms)
2026-07-13 09:41:15,986 [INFO] Pass: ContainsInstruction - 0.00596 (ms)
2026-07-13 09:41:15,986 [INFO] Pass: Size - 0.05960 (ms)
2026-07-13 09:41:15,986 [INFO] Pass: FixedPoint - 0.00453 (ms)
2026-07-13 09:41:15,987 [INFO] Pass: Optimize1qGatesDecomposition - 1.00875 (ms)
2026-07-13 09:41:15,988 [INFO] Pass: InverseCancellation - 0.00811 (ms)
2026-07-13 09:41:15,988 [INFO] Total Transpile Time - 53.27225 (ms)
2026-07-13 09:41:15,988 [INFO] Pass: GatesInBasis - 0.67163 (ms)
2026-07-13 09:41:15,988 [INFO] Pass: Depth - 0.15163 (ms)
2026-07-13 09:41:15,988 [INFO] Pass: FixedPoint - 0.00644 (ms)
2026-07-13 09:41:15,989 [INFO] Pass: Size - 0.05555 (ms)
2026-07-13 09:41:15,989 [INFO] Pass: FixedPoint - 0.00429 (ms)
2026-07-13 09:41:15,989 [INFO] Pass: Optimize1qGatesDecomposition - 0.81468 (ms)
2026-07-13 09:41:15,990 [INFO] Pass: InverseCancellation - 0.00715 (ms)
2026-07-13 09:41:15,990 [INFO] Pass: GatesInBasis - 0.65970 (ms)
2026-07-13 09:41:15,990 [INFO] Pass: Depth - 0.14830 (ms)
2026-07-13 09:41:15,990 [INFO] Pass: FixedPoint - 0.00572 (ms)
2026-07-13 09:41:15,991 [INFO] Pass: Size - 0.05412 (ms)
2026-07-13 09:41:15,991 [INFO] Pass: FixedPoint - 0.00405 (ms)
2026-07-13 09:41:15,991 [INFO] Pass: ContainsInstruction - 0.00525 (ms)
2026-07-13 09:41:15,991 [INFO] Pass: ContainsInstruction - 0.00882 (ms)
2026-07-13 09:41:15,991 [INFO] Pass: InverseCancellation - 0.16999 (ms)
2026-07-13 09:41:15,991 [INFO] Pass: UnitarySynthesis - 0.00429 (ms)
2026-07-13 09:41:15,992 [INFO] Total Transpile Time - 53.19285 (ms)
2026-07-13 09:41:15,992 [INFO] Pass: HighLevelSynthesis - 1.26648 (ms)
2026-07-13 09:41:15,993 [INFO] Pass: BasisTranslator - 0.83280 (ms)
2026-07-13 09:41:15,993 [INFO] Pass: Depth - 0.16475 (ms)
2026-07-13 09:41:15,993 [INFO] Pass: FixedPoint - 0.00858 (ms)
2026-07-13 09:41:15,994 [INFO] Pass: Size - 0.05817 (ms)
2026-07-13 09:41:15,994 [INFO] Pass: FixedPoint - 0.00477 (ms)
2026-07-13 09:41:15,995 [INFO] Pass: Optimize1qGatesDecomposition - 1.01089 (ms)
2026-07-13 09:41:15,995 [INFO] Pass: InverseCancellation - 0.00811 (ms)
2026-07-13 09:41:15,995 [INFO] Pass: GatesInBasis - 0.65327 (ms)
2026-07-13 09:41:15,996 [INFO] Pass: Depth - 0.14877 (ms)
2026-07-13 09:41:15,996 [INFO] Pass: FixedPoint - 0.00596 (ms)
2026-07-13 09:41:15,996 [INFO] Pass: Size - 0.05460 (ms)
2026-07-13 09:41:15,996 [INFO] Pass: FixedPoint - 0.00405 (ms)
2026-07-13 09:41:15,997 [INFO] Pass: Optimize1qGatesDecomposition - 0.81730 (ms)
2026-07-13 09:41:15,997 [INFO] Pass: InverseCancellation - 0.00691 (ms)
2026-07-13 09:41:15,997 [INFO] Pass: GatesInBasis - 0.63753 (ms)
2026-07-13 09:41:15,998 [INFO] Pass: Depth - 0.14567 (ms)
2026-07-13 09:41:15,998 [INFO] Pass: FixedPoint - 0.00525 (ms)
2026-07-13 09:41:15,998 [INFO] Pass: Size - 0.05460 (ms)
2026-07-13 09:41:15,998 [INFO] Pass: FixedPoint - 0.00405 (ms)
2026-07-13 09:41:15,998 [INFO] Pass: ContainsInstruction - 0.00548 (ms)
2026-07-13 09:41:15,999 [INFO] Total Transpile Time - 53.23768 (ms)
2026-07-13 09:41:16,000 [INFO] Pass: ContainsInstruction - 0.00906 (ms)
2026-07-13 09:41:16,000 [INFO] Pass: InverseCancellation - 0.17023 (ms)
2026-07-13 09:41:16,000 [INFO] Pass: UnitarySynthesis - 0.00477 (ms)
2026-07-13 09:41:16,001 [INFO] Pass: HighLevelSynthesis - 1.25456 (ms)
2026-07-13 09:41:16,002 [INFO] Pass: BasisTranslator - 0.82898 (ms)
2026-07-13 09:41:16,002 [INFO] Pass: Depth - 0.16689 (ms)
2026-07-13 09:41:16,002 [INFO] Pass: FixedPoint - 0.00858 (ms)
2026-07-13 09:41:16,003 [INFO] Pass: Size - 0.05817 (ms)
2026-07-13 09:41:16,003 [INFO] Pass: FixedPoint - 0.00453 (ms)
2026-07-13 09:41:16,004 [INFO] Pass: Optimize1qGatesDecomposition - 1.00970 (ms)
2026-07-13 09:41:16,004 [INFO] Pass: InverseCancellation - 0.00834 (ms)
2026-07-13 09:41:16,004 [INFO] Pass: GatesInBasis - 0.65327 (ms)
2026-07-13 09:41:16,005 [INFO] Pass: Depth - 0.15259 (ms)
2026-07-13 09:41:16,005 [INFO] Pass: FixedPoint - 0.00596 (ms)
2026-07-13 09:41:16,005 [INFO] Pass: Size - 0.05484 (ms)
2026-07-13 09:41:16,005 [INFO] Pass: FixedPoint - 0.00405 (ms)
2026-07-13 09:41:16,006 [INFO] Pass: Optimize1qGatesDecomposition - 0.81778 (ms)
2026-07-13 09:41:16,006 [INFO] Pass: InverseCancellation - 0.00668 (ms)
2026-07-13 09:41:16,006 [INFO] Pass: GatesInBasis - 0.66566 (ms)
2026-07-13 09:41:16,007 [INFO] Pass: Depth - 0.14544 (ms)
2026-07-13 09:41:16,007 [INFO] Pass: FixedPoint - 0.00548 (ms)
2026-07-13 09:41:16,007 [INFO] Pass: Size - 0.05388 (ms)
2026-07-13 09:41:16,007 [INFO] Pass: FixedPoint - 0.00429 (ms)
2026-07-13 09:41:16,007 [INFO] Pass: ContainsInstruction - 0.00525 (ms)
2026-07-13 09:41:16,008 [INFO] Total Transpile Time - 53.29919 (ms)
2026-07-13 09:42:43,138 [INFO] [PCE] Aer metadata (1a ejecucion de este proceso): device=CPU method=matrix_product_state shots=8192 fusion_enabled=False
2026-07-13 09:42:43,265 [INFO] [PCE] Aer metadata (1a ejecucion de este proceso): device=CPU method=matrix_product_state shots=8192 fusion_enabled=False
2026-07-13 09:42:43,343 [INFO] [PCE] Aer metadata (1a ejecucion de este proceso): device=CPU method=matrix_product_state shots=8192 fusion_enabled=False
2026-07-13 09:42:43,379 [INFO] [PCE] Aer metadata (1a ejecucion de este proceso): device=CPU method=matrix_product_state shots=8192 fusion_enabled=False
2026-07-13 09:42:43,392 [INFO] [PCE] Aer metadata (1a ejecucion de este proceso): device=CPU method=matrix_product_state shots=8192 fusion_enabled=False
2026-07-13 09:42:43,533 [INFO] [PCE] Aer metadata (1a ejecucion de este proceso): device=CPU method=matrix_product_state shots=8192 fusion_enabled=False
2026-07-13 09:42:43,566 [INFO] [PCE] Aer metadata (1a ejecucion de este proceso): device=CPU method=matrix_product_state shots=8192 fusion_enabled=False
2026-07-13 09:42:43,577 [INFO] [PCE] Aer metadata (1a ejecucion de este proceso): device=CPU method=matrix_product_state shots=8192 fusion_enabled=False
2026-07-13 09:42:43,626 [INFO] [PCE] Aer metadata (1a ejecucion de este proceso): device=CPU method=matrix_product_state shots=8192 fusion_enabled=False
2026-07-13 09:42:43,626 [INFO] [PCE] Aer metadata (1a ejecucion de este proceso): device=CPU method=matrix_product_state shots=8192 fusion_enabled=False
2026-07-13 09:42:43,639 [INFO] [PCE] Aer metadata (1a ejecucion de este proceso): device=CPU method=matrix_product_state shots=8192 fusion_enabled=False
2026-07-13 09:42:43,653 [INFO] [PCE] Aer metadata (1a ejecucion de este proceso): device=CPU method=matrix_product_state shots=8192 fusion_enabled=False
2026-07-13 09:42:43,682 [INFO] [PCE] Aer metadata (1a ejecucion de este proceso): device=CPU method=matrix_product_state shots=8192 fusion_enabled=False
2026-07-13 09:42:43,698 [INFO] [PCE] Aer metadata (1a ejecucion de este proceso): device=CPU method=matrix_product_state shots=8192 fusion_enabled=False
2026-07-13 09:42:43,698 [INFO] [PCE] Aer metadata (1a ejecucion de este proceso): device=CPU method=matrix_product_state shots=8192 fusion_enabled=False
2026-07-13 09:42:43,719 [INFO] [PCE] Aer metadata (1a ejecucion de este proceso): device=CPU method=matrix_product_state shots=8192 fusion_enabled=False
slurmstepd: error: *** JOB 8424884 ON ilk-255 CANCELLED AT 2026-07-14T09:41:28 DUE TO TIME LIMIT ***
