gcc/system unloaded
gcccore/system unloaded
cesga/2022 unloaded
rust/1.75.0 unloaded
imkl/2022.0.1 unloaded
numpy/1.26.4 unloaded
scipy/1.13.1 unloaded
flint/2.8.4 unloaded
symengine/0.11.1 unloaded
symengine-python/0.11.0 unloaded
spdlog/1.9.2 unloaded
pylatexenc/2.10 unloaded
qiskit/1.2.4-aer-gpu-cu11 unloaded
        Preparing the environment for use of the CESGA 2022 software stack.
        Please rebuild modules cache: module --ignore-cache avail
     
cesga/2022 loaded
rust/1.75.0 loaded

imkl/2023.2.0 loaded
numpy/1.26.4 loaded
scipy/1.13.1 loaded
imkl/2023.2.0 unloaded

imkl/2022.0.1 loaded
flint/2.8.4 loaded
symengine/0.11.1 loaded
symengine-python/0.11.0 loaded
spdlog/1.9.2 loaded
pylatexenc/2.10 loaded
gcccore/system loaded
gcc/system loaded
qiskit/1.2.4-aer-gpu-cu11 loaded
2026-07-13 09:38:10,972 [INFO] [PCE] n=200 chunk 3/4: 25 instancias [2, 6, 10, 14, 18, 22, 26, 30, 34, 38, 42, 46, 50, 54, 58, 62, 66, 70, 74, 78, 82, 86, 90, 94, 98], num_workers=16, qubits=13
2026-07-13 09:38:10,972 [INFO] [PCE] n=200 paralelizando 25 instancias entre 16 workers (max_parallel_threads=1 fijo, independiente de num_workers)
2026-07-13 09:38:11,095 [INFO] Pass: ContainsInstruction - 0.01335 (ms)
2026-07-13 09:38:11,096 [INFO] Pass: InverseCancellation - 0.01907 (ms)
2026-07-13 09:38:11,096 [INFO] Pass: UnitarySynthesis - 0.00525 (ms)
2026-07-13 09:38:11,097 [INFO] Pass: HighLevelSynthesis - 1.07074 (ms)
2026-07-13 09:38:11,097 [INFO] Pass: BasisTranslator - 0.54312 (ms)
2026-07-13 09:38:11,097 [INFO] Pass: ContainsInstruction - 0.01597 (ms)
2026-07-13 09:38:11,097 [INFO] Pass: InverseCancellation - 0.01860 (ms)
2026-07-13 09:38:11,098 [INFO] Pass: UnitarySynthesis - 0.00525 (ms)
2026-07-13 09:38:11,098 [INFO] Pass: Depth - 0.15783 (ms)
2026-07-13 09:38:11,098 [INFO] Pass: FixedPoint - 0.01144 (ms)
2026-07-13 09:38:11,098 [INFO] Pass: Size - 0.04768 (ms)
2026-07-13 09:38:11,098 [INFO] Pass: FixedPoint - 0.00453 (ms)
2026-07-13 09:38:11,098 [INFO] Pass: Optimize1qGatesDecomposition - 0.12589 (ms)
2026-07-13 09:38:11,098 [INFO] Pass: InverseCancellation - 0.00787 (ms)
2026-07-13 09:38:11,099 [INFO] Pass: GatesInBasis - 0.58985 (ms)
2026-07-13 09:38:11,099 [INFO] Pass: HighLevelSynthesis - 1.05214 (ms)
2026-07-13 09:38:11,099 [INFO] Pass: Depth - 0.12136 (ms)
2026-07-13 09:38:11,099 [INFO] Pass: FixedPoint - 0.00501 (ms)
2026-07-13 09:38:11,099 [INFO] Pass: Size - 0.04506 (ms)
2026-07-13 09:38:11,099 [INFO] Pass: FixedPoint - 0.00453 (ms)
2026-07-13 09:38:11,099 [INFO] Pass: ContainsInstruction - 0.00477 (ms)
2026-07-13 09:38:11,099 [INFO] Pass: BasisTranslator - 0.54121 (ms)
2026-07-13 09:38:11,099 [INFO] Pass: Depth - 0.15283 (ms)
2026-07-13 09:38:11,099 [INFO] Pass: FixedPoint - 0.01287 (ms)
2026-07-13 09:38:11,100 [INFO] Pass: Size - 0.05078 (ms)
2026-07-13 09:38:11,100 [INFO] Pass: FixedPoint - 0.00477 (ms)
2026-07-13 09:38:11,100 [INFO] Pass: Optimize1qGatesDecomposition - 0.12016 (ms)
2026-07-13 09:38:11,100 [INFO] Pass: InverseCancellation - 0.00834 (ms)
2026-07-13 09:38:11,100 [INFO] Total Transpile Time - 73.23217 (ms)
2026-07-13 09:38:11,100 [INFO] Pass: GatesInBasis - 0.60034 (ms)
2026-07-13 09:38:11,101 [INFO] Pass: Depth - 0.11969 (ms)
2026-07-13 09:38:11,101 [INFO] Pass: FixedPoint - 0.00501 (ms)
2026-07-13 09:38:11,101 [INFO] Pass: ContainsInstruction - 0.01669 (ms)
2026-07-13 09:38:11,101 [INFO] Pass: Size - 0.04554 (ms)
2026-07-13 09:38:11,101 [INFO] Pass: FixedPoint - 0.00453 (ms)
2026-07-13 09:38:11,101 [INFO] Pass: InverseCancellation - 0.01836 (ms)
2026-07-13 09:38:11,101 [INFO] Pass: ContainsInstruction - 0.00596 (ms)
2026-07-13 09:38:11,101 [INFO] Pass: ContainsInstruction - 0.01335 (ms)
2026-07-13 09:38:11,101 [INFO] Pass: UnitarySynthesis - 0.00477 (ms)
2026-07-13 09:38:11,101 [INFO] Pass: InverseCancellation - 0.01884 (ms)
2026-07-13 09:38:11,101 [INFO] Pass: UnitarySynthesis - 0.00572 (ms)
2026-07-13 09:38:11,102 [INFO] Pass: HighLevelSynthesis - 1.07050 (ms)
2026-07-13 09:38:11,102 [INFO] Total Transpile Time - 71.39492 (ms)
2026-07-13 09:38:11,102 [INFO] Pass: HighLevelSynthesis - 1.07789 (ms)
2026-07-13 09:38:11,103 [INFO] Pass: BasisTranslator - 0.54574 (ms)
2026-07-13 09:38:11,103 [INFO] Pass: BasisTranslator - 0.52905 (ms)
2026-07-13 09:38:11,103 [INFO] Pass: Depth - 0.15450 (ms)
2026-07-13 09:38:11,103 [INFO] Pass: FixedPoint - 0.01144 (ms)
2026-07-13 09:38:11,103 [INFO] Pass: Depth - 0.15426 (ms)
2026-07-13 09:38:11,103 [INFO] Pass: Size - 0.04721 (ms)
2026-07-13 09:38:11,103 [INFO] Pass: FixedPoint - 0.00453 (ms)
2026-07-13 09:38:11,103 [INFO] Pass: FixedPoint - 0.01216 (ms)
2026-07-13 09:38:11,103 [INFO] Pass: Size - 0.04768 (ms)
2026-07-13 09:38:11,103 [INFO] Pass: FixedPoint - 0.00453 (ms)
2026-07-13 09:38:11,103 [INFO] Pass: Optimize1qGatesDecomposition - 0.13018 (ms)
2026-07-13 09:38:11,103 [INFO] Pass: InverseCancellation - 0.00811 (ms)
2026-07-13 09:38:11,103 [INFO] Pass: Optimize1qGatesDecomposition - 0.11683 (ms)
2026-07-13 09:38:11,103 [INFO] Pass: InverseCancellation - 0.00763 (ms)
2026-07-13 09:38:11,104 [INFO] Pass: GatesInBasis - 0.56267 (ms)
2026-07-13 09:38:11,104 [INFO] Pass: GatesInBasis - 0.57602 (ms)
2026-07-13 09:38:11,104 [INFO] Pass: Depth - 0.12088 (ms)
2026-07-13 09:38:11,104 [INFO] Pass: FixedPoint - 0.00525 (ms)
2026-07-13 09:38:11,104 [INFO] Pass: Size - 0.04506 (ms)
2026-07-13 09:38:11,104 [INFO] Pass: Depth - 0.12064 (ms)
2026-07-13 09:38:11,104 [INFO] Pass: FixedPoint - 0.00429 (ms)
2026-07-13 09:38:11,104 [INFO] Pass: FixedPoint - 0.00548 (ms)
2026-07-13 09:38:11,104 [INFO] Pass: ContainsInstruction - 0.00453 (ms)
2026-07-13 09:38:11,104 [INFO] Pass: Size - 0.04506 (ms)
2026-07-13 09:38:11,104 [INFO] Pass: FixedPoint - 0.00429 (ms)
2026-07-13 09:38:11,104 [INFO] Pass: ContainsInstruction - 0.00525 (ms)
2026-07-13 09:38:11,105 [INFO] Total Transpile Time - 71.32626 (ms)
2026-07-13 09:38:11,105 [INFO] Pass: ContainsInstruction - 0.01669 (ms)
2026-07-13 09:38:11,105 [INFO] Total Transpile Time - 72.25394 (ms)
2026-07-13 09:38:11,105 [INFO] Pass: InverseCancellation - 0.02193 (ms)
2026-07-13 09:38:11,106 [INFO] Pass: UnitarySynthesis - 0.00477 (ms)
2026-07-13 09:38:11,107 [INFO] Pass: HighLevelSynthesis - 1.06788 (ms)
2026-07-13 09:38:11,107 [INFO] Pass: BasisTranslator - 0.54693 (ms)
2026-07-13 09:38:11,107 [INFO] Pass: Depth - 0.15116 (ms)
2026-07-13 09:38:11,107 [INFO] Pass: FixedPoint - 0.01144 (ms)
2026-07-13 09:38:11,108 [INFO] Pass: Size - 0.05007 (ms)
2026-07-13 09:38:11,108 [INFO] Pass: FixedPoint - 0.00453 (ms)
2026-07-13 09:38:11,108 [INFO] Pass: Optimize1qGatesDecomposition - 0.12207 (ms)
2026-07-13 09:38:11,108 [INFO] Pass: InverseCancellation - 0.00858 (ms)
2026-07-13 09:38:11,108 [INFO] Pass: GatesInBasis - 0.57077 (ms)
2026-07-13 09:38:11,109 [INFO] Pass: Depth - 0.11945 (ms)
2026-07-13 09:38:11,109 [INFO] Pass: FixedPoint - 0.00525 (ms)
2026-07-13 09:38:11,109 [INFO] Pass: Size - 0.04482 (ms)
2026-07-13 09:38:11,109 [INFO] Pass: FixedPoint - 0.00477 (ms)
2026-07-13 09:38:11,109 [INFO] Pass: ContainsInstruction - 0.01597 (ms)
2026-07-13 09:38:11,109 [INFO] Pass: ContainsInstruction - 0.00501 (ms)
2026-07-13 09:38:11,109 [INFO] Pass: InverseCancellation - 0.02527 (ms)
2026-07-13 09:38:11,109 [INFO] Pass: UnitarySynthesis - 0.00525 (ms)
2026-07-13 09:38:11,109 [INFO] Pass: ContainsInstruction - 0.01621 (ms)
2026-07-13 09:38:11,110 [INFO] Pass: InverseCancellation - 0.02265 (ms)
2026-07-13 09:38:11,110 [INFO] Pass: UnitarySynthesis - 0.00548 (ms)
2026-07-13 09:38:11,110 [INFO] Total Transpile Time - 72.58296 (ms)
2026-07-13 09:38:11,110 [INFO] Pass: HighLevelSynthesis - 1.05453 (ms)
2026-07-13 09:38:11,111 [INFO] Pass: BasisTranslator - 0.53549 (ms)
2026-07-13 09:38:11,111 [INFO] Pass: Depth - 0.15450 (ms)
2026-07-13 09:38:11,111 [INFO] Pass: HighLevelSynthesis - 1.06883 (ms)
2026-07-13 09:38:11,111 [INFO] Pass: FixedPoint - 0.01121 (ms)
2026-07-13 09:38:11,111 [INFO] Pass: Size - 0.05031 (ms)
2026-07-13 09:38:11,111 [INFO] Pass: FixedPoint - 0.00477 (ms)
2026-07-13 09:38:11,111 [INFO] Pass: Optimize1qGatesDecomposition - 0.12589 (ms)
2026-07-13 09:38:11,111 [INFO] Pass: InverseCancellation - 0.00787 (ms)
2026-07-13 09:38:11,111 [INFO] Pass: BasisTranslator - 0.60129 (ms)
2026-07-13 09:38:11,112 [INFO] Pass: Depth - 0.15116 (ms)
2026-07-13 09:38:11,112 [INFO] Pass: FixedPoint - 0.01144 (ms)
2026-07-13 09:38:11,112 [INFO] Pass: Size - 0.04697 (ms)
2026-07-13 09:38:11,112 [INFO] Pass: GatesInBasis - 0.59032 (ms)
2026-07-13 09:38:11,112 [INFO] Pass: FixedPoint - 0.00453 (ms)
2026-07-13 09:38:11,112 [INFO] Pass: Depth - 0.12422 (ms)
2026-07-13 09:38:11,112 [INFO] Pass: Optimize1qGatesDecomposition - 0.11992 (ms)
2026-07-13 09:38:11,112 [INFO] Pass: FixedPoint - 0.00525 (ms)
2026-07-13 09:38:11,112 [INFO] Pass: InverseCancellation - 0.00763 (ms)
2026-07-13 09:38:11,112 [INFO] Pass: Size - 0.05221 (ms)
2026-07-13 09:38:11,112 [INFO] Pass: FixedPoint - 0.00429 (ms)
2026-07-13 09:38:11,112 [INFO] Pass: ContainsInstruction - 0.00477 (ms)
2026-07-13 09:38:11,113 [INFO] Pass: GatesInBasis - 0.54550 (ms)
2026-07-13 09:38:11,113 [INFO] Pass: Depth - 0.12040 (ms)
2026-07-13 09:38:11,113 [INFO] Pass: FixedPoint - 0.00525 (ms)
2026-07-13 09:38:11,113 [INFO] Pass: Size - 0.04482 (ms)
2026-07-13 09:38:11,113 [INFO] Pass: FixedPoint - 0.00453 (ms)
2026-07-13 09:38:11,113 [INFO] Pass: ContainsInstruction - 0.00501 (ms)
2026-07-13 09:38:11,113 [INFO] Pass: ContainsInstruction - 0.01645 (ms)
2026-07-13 09:38:11,113 [INFO] Pass: InverseCancellation - 0.01955 (ms)
2026-07-13 09:38:11,113 [INFO] Pass: UnitarySynthesis - 0.00572 (ms)
2026-07-13 09:38:11,113 [INFO] Total Transpile Time - 72.49546 (ms)
2026-07-13 09:38:11,114 [INFO] Total Transpile Time - 69.77677 (ms)
2026-07-13 09:38:11,114 [INFO] Pass: HighLevelSynthesis - 1.06525 (ms)
2026-07-13 09:38:11,115 [INFO] Pass: BasisTranslator - 0.59342 (ms)
2026-07-13 09:38:11,115 [INFO] Pass: Depth - 0.16499 (ms)
2026-07-13 09:38:11,115 [INFO] Pass: FixedPoint - 0.01240 (ms)
2026-07-13 09:38:11,115 [INFO] Pass: Size - 0.04721 (ms)
2026-07-13 09:38:11,115 [INFO] Pass: FixedPoint - 0.00477 (ms)
2026-07-13 09:38:11,115 [INFO] Pass: Optimize1qGatesDecomposition - 0.12326 (ms)
2026-07-13 09:38:11,116 [INFO] Pass: InverseCancellation - 0.00811 (ms)
2026-07-13 09:38:11,116 [INFO] Pass: GatesInBasis - 0.53549 (ms)
2026-07-13 09:38:11,116 [INFO] Pass: Depth - 0.12016 (ms)
2026-07-13 09:38:11,116 [INFO] Pass: FixedPoint - 0.00501 (ms)
2026-07-13 09:38:11,116 [INFO] Pass: Size - 0.04578 (ms)
2026-07-13 09:38:11,116 [INFO] Pass: FixedPoint - 0.00429 (ms)
2026-07-13 09:38:11,116 [INFO] Pass: ContainsInstruction - 0.00477 (ms)
2026-07-13 09:38:11,117 [INFO] Pass: ContainsInstruction - 0.01550 (ms)
2026-07-13 09:38:11,117 [INFO] Pass: InverseCancellation - 0.02098 (ms)
2026-07-13 09:38:11,117 [INFO] Pass: UnitarySynthesis - 0.00572 (ms)
2026-07-13 09:38:11,118 [INFO] Total Transpile Time - 69.56720 (ms)
2026-07-13 09:38:11,118 [INFO] Pass: HighLevelSynthesis - 1.05977 (ms)
2026-07-13 09:38:11,118 [INFO] Pass: BasisTranslator - 0.59080 (ms)
2026-07-13 09:38:11,119 [INFO] Pass: Depth - 0.14949 (ms)
2026-07-13 09:38:11,119 [INFO] Pass: FixedPoint - 0.01097 (ms)
2026-07-13 09:38:11,119 [INFO] Pass: Size - 0.04697 (ms)
2026-07-13 09:38:11,119 [INFO] Pass: FixedPoint - 0.00453 (ms)
2026-07-13 09:38:11,119 [INFO] Pass: Optimize1qGatesDecomposition - 0.12040 (ms)
2026-07-13 09:38:11,119 [INFO] Pass: InverseCancellation - 0.00954 (ms)
2026-07-13 09:38:11,120 [INFO] Pass: GatesInBasis - 0.51665 (ms)
2026-07-13 09:38:11,120 [INFO] Pass: ContainsInstruction - 0.01740 (ms)
2026-07-13 09:38:11,120 [INFO] Pass: Depth - 0.12207 (ms)
2026-07-13 09:38:11,120 [INFO] Pass: InverseCancellation - 0.01907 (ms)
2026-07-13 09:38:11,120 [INFO] Pass: FixedPoint - 0.00525 (ms)
2026-07-13 09:38:11,120 [INFO] Pass: UnitarySynthesis - 0.00501 (ms)
2026-07-13 09:38:11,120 [INFO] Pass: Size - 0.04530 (ms)
2026-07-13 09:38:11,120 [INFO] Pass: FixedPoint - 0.00453 (ms)
2026-07-13 09:38:11,120 [INFO] Pass: ContainsInstruction - 0.00501 (ms)
2026-07-13 09:38:11,121 [INFO] Pass: HighLevelSynthesis - 1.05405 (ms)
2026-07-13 09:38:11,121 [INFO] Total Transpile Time - 69.52786 (ms)
2026-07-13 09:38:11,122 [INFO] Pass: BasisTranslator - 0.53763 (ms)
2026-07-13 09:38:11,122 [INFO] Pass: Depth - 0.15187 (ms)
2026-07-13 09:38:11,122 [INFO] Pass: FixedPoint - 0.01264 (ms)
2026-07-13 09:38:11,122 [INFO] Pass: Size - 0.05150 (ms)
2026-07-13 09:38:11,122 [INFO] Pass: FixedPoint - 0.00477 (ms)
2026-07-13 09:38:11,122 [INFO] Pass: Optimize1qGatesDecomposition - 0.12589 (ms)
2026-07-13 09:38:11,122 [INFO] Pass: InverseCancellation - 0.00811 (ms)
2026-07-13 09:38:11,123 [INFO] Pass: GatesInBasis - 0.58675 (ms)
2026-07-13 09:38:11,123 [INFO] Pass: Depth - 0.12040 (ms)
2026-07-13 09:38:11,123 [INFO] Pass: FixedPoint - 0.00525 (ms)
2026-07-13 09:38:11,123 [INFO] Pass: Size - 0.05102 (ms)
2026-07-13 09:38:11,123 [INFO] Pass: FixedPoint - 0.00429 (ms)
2026-07-13 09:38:11,123 [INFO] Pass: ContainsInstruction - 0.00501 (ms)
2026-07-13 09:38:11,124 [INFO] Pass: ContainsInstruction - 0.01478 (ms)
2026-07-13 09:38:11,124 [INFO] Pass: InverseCancellation - 0.02027 (ms)
2026-07-13 09:38:11,124 [INFO] Pass: UnitarySynthesis - 0.00501 (ms)
2026-07-13 09:38:11,124 [INFO] Total Transpile Time - 69.23199 (ms)
2026-07-13 09:38:11,125 [INFO] Pass: HighLevelSynthesis - 1.05810 (ms)
2026-07-13 09:38:11,125 [INFO] Pass: BasisTranslator - 0.54455 (ms)
2026-07-13 09:38:11,126 [INFO] Pass: Depth - 0.15092 (ms)
2026-07-13 09:38:11,126 [INFO] Pass: FixedPoint - 0.01121 (ms)
2026-07-13 09:38:11,126 [INFO] Pass: Size - 0.04983 (ms)
2026-07-13 09:38:11,126 [INFO] Pass: FixedPoint - 0.00453 (ms)
2026-07-13 09:38:11,126 [INFO] Pass: Optimize1qGatesDecomposition - 0.11969 (ms)
2026-07-13 09:38:11,126 [INFO] Pass: InverseCancellation - 0.00811 (ms)
2026-07-13 09:38:11,127 [INFO] Pass: GatesInBasis - 0.56100 (ms)
2026-07-13 09:38:11,127 [INFO] Pass: Depth - 0.12136 (ms)
2026-07-13 09:38:11,127 [INFO] Pass: FixedPoint - 0.00548 (ms)
2026-07-13 09:38:11,127 [INFO] Pass: Size - 0.04458 (ms)
2026-07-13 09:38:11,127 [INFO] Pass: FixedPoint - 0.00429 (ms)
2026-07-13 09:38:11,127 [INFO] Pass: ContainsInstruction - 0.00477 (ms)
2026-07-13 09:38:11,128 [INFO] Total Transpile Time - 69.55075 (ms)
2026-07-13 09:38:11,129 [INFO] Pass: ContainsInstruction - 0.01502 (ms)
2026-07-13 09:38:11,129 [INFO] Pass: InverseCancellation - 0.02027 (ms)
2026-07-13 09:38:11,129 [INFO] Pass: UnitarySynthesis - 0.00525 (ms)
2026-07-13 09:38:11,130 [INFO] Pass: HighLevelSynthesis - 1.05381 (ms)
2026-07-13 09:38:11,131 [INFO] Pass: BasisTranslator - 0.59748 (ms)
2026-07-13 09:38:11,131 [INFO] Pass: Depth - 0.15068 (ms)
2026-07-13 09:38:11,131 [INFO] Pass: FixedPoint - 0.01144 (ms)
2026-07-13 09:38:11,131 [INFO] Pass: Size - 0.04816 (ms)
2026-07-13 09:38:11,131 [INFO] Pass: FixedPoint - 0.00453 (ms)
2026-07-13 09:38:11,131 [INFO] Pass: Optimize1qGatesDecomposition - 0.12660 (ms)
2026-07-13 09:38:11,131 [INFO] Pass: InverseCancellation - 0.00811 (ms)
2026-07-13 09:38:11,132 [INFO] Pass: GatesInBasis - 0.52047 (ms)
2026-07-13 09:38:11,132 [INFO] Pass: Depth - 0.11897 (ms)
2026-07-13 09:38:11,132 [INFO] Pass: FixedPoint - 0.00501 (ms)
2026-07-13 09:38:11,132 [INFO] Pass: Size - 0.04506 (ms)
2026-07-13 09:38:11,132 [INFO] Pass: FixedPoint - 0.00405 (ms)
2026-07-13 09:38:11,132 [INFO] Pass: ContainsInstruction - 0.00453 (ms)
2026-07-13 09:38:11,132 [INFO] Pass: ContainsInstruction - 0.01645 (ms)
2026-07-13 09:38:11,132 [INFO] Pass: InverseCancellation - 0.02146 (ms)
2026-07-13 09:38:11,132 [INFO] Pass: UnitarySynthesis - 0.00548 (ms)
2026-07-13 09:38:11,133 [INFO] Total Transpile Time - 70.25909 (ms)
2026-07-13 09:38:11,134 [INFO] Pass: HighLevelSynthesis - 1.10102 (ms)
2026-07-13 09:38:11,134 [INFO] Pass: BasisTranslator - 0.54479 (ms)
2026-07-13 09:38:11,134 [INFO] Pass: Depth - 0.15020 (ms)
2026-07-13 09:38:11,134 [INFO] Pass: FixedPoint - 0.01192 (ms)
2026-07-13 09:38:11,135 [INFO] Pass: Size - 0.04792 (ms)
2026-07-13 09:38:11,135 [INFO] Pass: FixedPoint - 0.00501 (ms)
2026-07-13 09:38:11,135 [INFO] Pass: Optimize1qGatesDecomposition - 0.12040 (ms)
2026-07-13 09:38:11,135 [INFO] Pass: InverseCancellation - 0.00787 (ms)
2026-07-13 09:38:11,135 [INFO] Pass: GatesInBasis - 0.54812 (ms)
2026-07-13 09:38:11,136 [INFO] Pass: Depth - 0.11945 (ms)
2026-07-13 09:38:11,136 [INFO] Pass: FixedPoint - 0.00525 (ms)
2026-07-13 09:38:11,136 [INFO] Pass: Size - 0.04506 (ms)
2026-07-13 09:38:11,136 [INFO] Pass: FixedPoint - 0.00453 (ms)
2026-07-13 09:38:11,136 [INFO] Pass: ContainsInstruction - 0.00453 (ms)
2026-07-13 09:38:11,136 [INFO] Pass: ContainsInstruction - 0.01574 (ms)
2026-07-13 09:38:11,137 [INFO] Pass: InverseCancellation - 0.02074 (ms)
2026-07-13 09:38:11,137 [INFO] Pass: UnitarySynthesis - 0.00572 (ms)
2026-07-13 09:38:11,137 [INFO] Total Transpile Time - 69.42940 (ms)
2026-07-13 09:38:11,138 [INFO] Pass: HighLevelSynthesis - 1.05143 (ms)
2026-07-13 09:38:11,138 [INFO] Pass: BasisTranslator - 0.54789 (ms)
2026-07-13 09:38:11,139 [INFO] Pass: Depth - 0.15330 (ms)
2026-07-13 09:38:11,139 [INFO] Pass: FixedPoint - 0.01121 (ms)
2026-07-13 09:38:11,139 [INFO] Pass: Size - 0.04721 (ms)
2026-07-13 09:38:11,139 [INFO] Pass: FixedPoint - 0.00453 (ms)
2026-07-13 09:38:11,139 [INFO] Pass: Optimize1qGatesDecomposition - 0.11826 (ms)
2026-07-13 09:38:11,139 [INFO] Pass: InverseCancellation - 0.00715 (ms)
2026-07-13 09:38:11,140 [INFO] Pass: GatesInBasis - 0.58484 (ms)
2026-07-13 09:38:11,140 [INFO] Pass: Depth - 0.11969 (ms)
2026-07-13 09:38:11,140 [INFO] Pass: FixedPoint - 0.00525 (ms)
2026-07-13 09:38:11,140 [INFO] Pass: Size - 0.04458 (ms)
2026-07-13 09:38:11,140 [INFO] Pass: FixedPoint - 0.00405 (ms)
2026-07-13 09:38:11,140 [INFO] Pass: ContainsInstruction - 0.00453 (ms)
2026-07-13 09:38:11,141 [INFO] Total Transpile Time - 68.84408 (ms)
2026-07-13 09:38:11,146 [INFO] Pass: ContainsInstruction - 0.00715 (ms)
2026-07-13 09:38:11,146 [INFO] Pass: ContainsInstruction - 0.01478 (ms)
2026-07-13 09:38:11,146 [INFO] Pass: InverseCancellation - 0.15497 (ms)
2026-07-13 09:38:11,146 [INFO] Pass: UnitarySynthesis - 0.00429 (ms)
2026-07-13 09:38:11,146 [INFO] Pass: InverseCancellation - 0.02122 (ms)
2026-07-13 09:38:11,146 [INFO] Pass: UnitarySynthesis - 0.00572 (ms)
2026-07-13 09:38:11,147 [INFO] Pass: HighLevelSynthesis - 1.00517 (ms)
2026-07-13 09:38:11,147 [INFO] Pass: HighLevelSynthesis - 1.08981 (ms)
2026-07-13 09:38:11,148 [INFO] Pass: ContainsInstruction - 0.00763 (ms)
2026-07-13 09:38:11,148 [INFO] Pass: BasisTranslator - 0.68355 (ms)
2026-07-13 09:38:11,148 [INFO] Pass: BasisTranslator - 0.53144 (ms)
2026-07-13 09:38:11,148 [INFO] Pass: InverseCancellation - 0.15235 (ms)
2026-07-13 09:38:11,148 [INFO] Pass: UnitarySynthesis - 0.00525 (ms)
2026-07-13 09:38:11,148 [INFO] Pass: Depth - 0.13590 (ms)
2026-07-13 09:38:11,148 [INFO] Pass: Depth - 0.15044 (ms)
2026-07-13 09:38:11,148 [INFO] Pass: FixedPoint - 0.00811 (ms)
2026-07-13 09:38:11,148 [INFO] Pass: FixedPoint - 0.01240 (ms)
2026-07-13 09:38:11,148 [INFO] Pass: Size - 0.05412 (ms)
2026-07-13 09:38:11,148 [INFO] Pass: Size - 0.04721 (ms)
2026-07-13 09:38:11,148 [INFO] Pass: FixedPoint - 0.00429 (ms)
2026-07-13 09:38:11,148 [INFO] Pass: FixedPoint - 0.00453 (ms)
2026-07-13 09:38:11,148 [INFO] Pass: Optimize1qGatesDecomposition - 0.12136 (ms)
2026-07-13 09:38:11,148 [INFO] Pass: InverseCancellation - 0.00787 (ms)
2026-07-13 09:38:11,149 [INFO] Pass: GatesInBasis - 0.51618 (ms)
2026-07-13 09:38:11,149 [INFO] Pass: HighLevelSynthesis - 0.99587 (ms)
2026-07-13 09:38:11,149 [INFO] Pass: Optimize1qGatesDecomposition - 0.85902 (ms)
2026-07-13 09:38:11,149 [INFO] Pass: Depth - 0.12469 (ms)
2026-07-13 09:38:11,149 [INFO] Pass: FixedPoint - 0.00501 (ms)
2026-07-13 09:38:11,149 [INFO] Pass: Size - 0.04578 (ms)
2026-07-13 09:38:11,149 [INFO] Pass: InverseCancellation - 0.13280 (ms)
2026-07-13 09:38:11,149 [INFO] Pass: FixedPoint - 0.00429 (ms)
2026-07-13 09:38:11,149 [INFO] Pass: ContainsInstruction - 0.00548 (ms)
2026-07-13 09:38:11,150 [INFO] Pass: BasisTranslator - 0.68951 (ms)
2026-07-13 09:38:11,150 [INFO] Pass: GatesInBasis - 0.55933 (ms)
2026-07-13 09:38:11,150 [INFO] Pass: Depth - 0.13566 (ms)
2026-07-13 09:38:11,150 [INFO] Pass: FixedPoint - 0.00811 (ms)
2026-07-13 09:38:11,150 [INFO] Pass: Size - 0.04840 (ms)
2026-07-13 09:38:11,150 [INFO] Pass: Depth - 0.12612 (ms)
2026-07-13 09:38:11,150 [INFO] Pass: FixedPoint - 0.00477 (ms)
2026-07-13 09:38:11,150 [INFO] Pass: FixedPoint - 0.00548 (ms)
2026-07-13 09:38:11,150 [INFO] Pass: Size - 0.04673 (ms)
2026-07-13 09:38:11,150 [INFO] Pass: FixedPoint - 0.00429 (ms)
2026-07-13 09:38:11,150 [INFO] Pass: ContainsInstruction - 0.00477 (ms)
2026-07-13 09:38:11,150 [INFO] Total Transpile Time - 68.94803 (ms)
2026-07-13 09:38:11,151 [INFO] Pass: Optimize1qGatesDecomposition - 0.84853 (ms)
2026-07-13 09:38:11,151 [INFO] Pass: ContainsInstruction - 0.00739 (ms)
2026-07-13 09:38:11,151 [INFO] Pass: InverseCancellation - 0.14067 (ms)
2026-07-13 09:38:11,151 [INFO] Pass: ContainsInstruction - 0.00739 (ms)
2026-07-13 09:38:11,151 [INFO] Total Transpile Time - 51.01013 (ms)
2026-07-13 09:38:11,151 [INFO] Pass: InverseCancellation - 0.15450 (ms)
2026-07-13 09:38:11,151 [INFO] Pass: UnitarySynthesis - 0.00429 (ms)
2026-07-13 09:38:11,151 [INFO] Pass: InverseCancellation - 0.15569 (ms)
2026-07-13 09:38:11,151 [INFO] Pass: UnitarySynthesis - 0.00501 (ms)
2026-07-13 09:38:11,152 [INFO] Pass: GatesInBasis - 0.55170 (ms)
2026-07-13 09:38:11,152 [INFO] Pass: Depth - 0.12636 (ms)
2026-07-13 09:38:11,152 [INFO] Pass: FixedPoint - 0.00548 (ms)
2026-07-13 09:38:11,152 [INFO] Pass: Size - 0.04673 (ms)
2026-07-13 09:38:11,152 [INFO] Pass: FixedPoint - 0.00429 (ms)
2026-07-13 09:38:11,152 [INFO] Pass: ContainsInstruction - 0.00501 (ms)
2026-07-13 09:38:11,152 [INFO] Pass: HighLevelSynthesis - 1.02305 (ms)
2026-07-13 09:38:11,152 [INFO] Pass: HighLevelSynthesis - 1.00470 (ms)
2026-07-13 09:38:11,153 [INFO] Pass: BasisTranslator - 0.68688 (ms)
2026-07-13 09:38:11,153 [INFO] Total Transpile Time - 51.03207 (ms)
2026-07-13 09:38:11,153 [INFO] Pass: BasisTranslator - 0.69308 (ms)
2026-07-13 09:38:11,153 [INFO] Pass: Depth - 0.13614 (ms)
2026-07-13 09:38:11,153 [INFO] Pass: FixedPoint - 0.00763 (ms)
2026-07-13 09:38:11,153 [INFO] Pass: Size - 0.04888 (ms)
2026-07-13 09:38:11,153 [INFO] Pass: Depth - 0.13328 (ms)
2026-07-13 09:38:11,153 [INFO] Pass: FixedPoint - 0.00453 (ms)
2026-07-13 09:38:11,153 [INFO] Pass: FixedPoint - 0.00811 (ms)
2026-07-13 09:38:11,154 [INFO] Pass: Size - 0.04840 (ms)
2026-07-13 09:38:11,154 [INFO] Pass: FixedPoint - 0.00453 (ms)
2026-07-13 09:38:11,154 [INFO] Pass: Optimize1qGatesDecomposition - 0.85449 (ms)
2026-07-13 09:38:11,154 [INFO] Pass: Optimize1qGatesDecomposition - 0.85640 (ms)
2026-07-13 09:38:11,155 [INFO] Pass: InverseCancellation - 0.13280 (ms)
2026-07-13 09:38:11,155 [INFO] Pass: InverseCancellation - 0.13065 (ms)
2026-07-13 09:38:11,155 [INFO] Pass: GatesInBasis - 0.55838 (ms)
2026-07-13 09:38:11,155 [INFO] Pass: GatesInBasis - 0.58556 (ms)
2026-07-13 09:38:11,155 [INFO] Pass: Depth - 0.12708 (ms)
2026-07-13 09:38:11,155 [INFO] Pass: FixedPoint - 0.00596 (ms)
2026-07-13 09:38:11,155 [INFO] Pass: Size - 0.04792 (ms)
2026-07-13 09:38:11,155 [INFO] Pass: Depth - 0.12612 (ms)
2026-07-13 09:38:11,155 [INFO] Pass: FixedPoint - 0.00453 (ms)
2026-07-13 09:38:11,155 [INFO] Pass: FixedPoint - 0.00525 (ms)
2026-07-13 09:38:11,156 [INFO] Pass: ContainsInstruction - 0.00477 (ms)
2026-07-13 09:38:11,156 [INFO] Pass: Size - 0.04792 (ms)
2026-07-13 09:38:11,156 [INFO] Pass: FixedPoint - 0.00453 (ms)
2026-07-13 09:38:11,156 [INFO] Pass: ContainsInstruction - 0.00763 (ms)
2026-07-13 09:38:11,156 [INFO] Pass: ContainsInstruction - 0.00477 (ms)
2026-07-13 09:38:11,156 [INFO] Pass: InverseCancellation - 0.15283 (ms)
2026-07-13 09:38:11,156 [INFO] Pass: UnitarySynthesis - 0.00453 (ms)
2026-07-13 09:38:11,157 [INFO] Total Transpile Time - 51.19896 (ms)
2026-07-13 09:38:11,157 [INFO] Total Transpile Time - 51.21326 (ms)
2026-07-13 09:38:11,157 [INFO] Pass: HighLevelSynthesis - 1.00827 (ms)
2026-07-13 09:38:11,157 [INFO] Pass: ContainsInstruction - 0.01431 (ms)
2026-07-13 09:38:11,158 [INFO] Pass: InverseCancellation - 0.02003 (ms)
2026-07-13 09:38:11,158 [INFO] Pass: UnitarySynthesis - 0.00548 (ms)
2026-07-13 09:38:11,158 [INFO] Pass: BasisTranslator - 0.68617 (ms)
2026-07-13 09:38:11,158 [INFO] Pass: Depth - 0.13518 (ms)
2026-07-13 09:38:11,158 [INFO] Pass: FixedPoint - 0.00763 (ms)
2026-07-13 09:38:11,158 [INFO] Pass: Size - 0.04888 (ms)
2026-07-13 09:38:11,158 [INFO] Pass: FixedPoint - 0.00906 (ms)
2026-07-13 09:38:11,159 [INFO] Pass: HighLevelSynthesis - 1.05619 (ms)
2026-07-13 09:38:11,159 [INFO] Pass: Optimize1qGatesDecomposition - 0.84448 (ms)
2026-07-13 09:38:11,159 [INFO] Pass: ContainsInstruction - 0.00715 (ms)
2026-07-13 09:38:11,159 [INFO] Pass: InverseCancellation - 0.13828 (ms)
2026-07-13 09:38:11,159 [INFO] Pass: InverseCancellation - 0.15402 (ms)
2026-07-13 09:38:11,159 [INFO] Pass: UnitarySynthesis - 0.00429 (ms)
2026-07-13 09:38:11,159 [INFO] Pass: BasisTranslator - 0.58389 (ms)
2026-07-13 09:38:11,159 [INFO] Pass: Depth - 0.14925 (ms)
2026-07-13 09:38:11,160 [INFO] Pass: FixedPoint - 0.01144 (ms)
2026-07-13 09:38:11,160 [INFO] Pass: Size - 0.04697 (ms)
2026-07-13 09:38:11,160 [INFO] Pass: FixedPoint - 0.00453 (ms)
2026-07-13 09:38:11,160 [INFO] Pass: GatesInBasis - 0.55242 (ms)
2026-07-13 09:38:11,160 [INFO] Pass: ContainsInstruction - 0.00787 (ms)
2026-07-13 09:38:11,160 [INFO] Pass: Optimize1qGatesDecomposition - 0.12088 (ms)
2026-07-13 09:38:11,160 [INFO] Pass: InverseCancellation - 0.00739 (ms)
2026-07-13 09:38:11,160 [INFO] Pass: Depth - 0.12732 (ms)
2026-07-13 09:38:11,160 [INFO] Pass: FixedPoint - 0.00572 (ms)
2026-07-13 09:38:11,160 [INFO] Pass: Size - 0.04697 (ms)
2026-07-13 09:38:11,160 [INFO] Pass: InverseCancellation - 0.15163 (ms)
2026-07-13 09:38:11,160 [INFO] Pass: FixedPoint - 0.00453 (ms)
2026-07-13 09:38:11,160 [INFO] Pass: UnitarySynthesis - 0.00453 (ms)
2026-07-13 09:38:11,160 [INFO] Pass: ContainsInstruction - 0.00501 (ms)
2026-07-13 09:38:11,160 [INFO] Pass: HighLevelSynthesis - 1.00565 (ms)
2026-07-13 09:38:11,160 [INFO] Pass: GatesInBasis - 0.55146 (ms)
2026-07-13 09:38:11,161 [INFO] Pass: Depth - 0.11969 (ms)
2026-07-13 09:38:11,161 [INFO] Pass: FixedPoint - 0.00501 (ms)
2026-07-13 09:38:11,161 [INFO] Pass: Size - 0.04625 (ms)
2026-07-13 09:38:11,161 [INFO] Pass: FixedPoint - 0.00429 (ms)
2026-07-13 09:38:11,161 [INFO] Pass: ContainsInstruction - 0.00453 (ms)
2026-07-13 09:38:11,161 [INFO] Pass: BasisTranslator - 0.68521 (ms)
2026-07-13 09:38:11,161 [INFO] Total Transpile Time - 51.09072 (ms)
2026-07-13 09:38:11,161 [INFO] Pass: HighLevelSynthesis - 1.00660 (ms)
2026-07-13 09:38:11,161 [INFO] Pass: Depth - 0.13542 (ms)
2026-07-13 09:38:11,161 [INFO] Pass: FixedPoint - 0.00811 (ms)
2026-07-13 09:38:11,161 [INFO] Pass: Size - 0.04792 (ms)
2026-07-13 09:38:11,161 [INFO] Pass: FixedPoint - 0.00477 (ms)
2026-07-13 09:38:11,162 [INFO] Pass: BasisTranslator - 0.68688 (ms)
2026-07-13 09:38:11,162 [INFO] Total Transpile Time - 68.60852 (ms)
2026-07-13 09:38:11,162 [INFO] Pass: Depth - 0.14329 (ms)
2026-07-13 09:38:11,162 [INFO] Pass: FixedPoint - 0.00834 (ms)
2026-07-13 09:38:11,162 [INFO] Pass: Size - 0.04888 (ms)
2026-07-13 09:38:11,162 [INFO] Pass: FixedPoint - 0.00429 (ms)
2026-07-13 09:38:11,162 [INFO] Pass: Optimize1qGatesDecomposition - 0.85163 (ms)
2026-07-13 09:38:11,162 [INFO] Pass: InverseCancellation - 0.13232 (ms)
2026-07-13 09:38:11,163 [INFO] Pass: GatesInBasis - 0.55742 (ms)
2026-07-13 09:38:11,163 [INFO] Pass: Optimize1qGatesDecomposition - 0.88549 (ms)
2026-07-13 09:38:11,163 [INFO] Pass: Depth - 0.12755 (ms)
2026-07-13 09:38:11,163 [INFO] Pass: ContainsInstruction - 0.00763 (ms)
2026-07-13 09:38:11,163 [INFO] Pass: FixedPoint - 0.00572 (ms)
2026-07-13 09:38:11,163 [INFO] Pass: InverseCancellation - 0.13375 (ms)
2026-07-13 09:38:11,163 [INFO] Pass: Size - 0.04792 (ms)
2026-07-13 09:38:11,163 [INFO] Pass: FixedPoint - 0.00453 (ms)
2026-07-13 09:38:11,163 [INFO] Pass: ContainsInstruction - 0.00453 (ms)
2026-07-13 09:38:11,163 [INFO] Pass: InverseCancellation - 0.15283 (ms)
2026-07-13 09:38:11,164 [INFO] Pass: UnitarySynthesis - 0.00453 (ms)
2026-07-13 09:38:11,164 [INFO] Pass: GatesInBasis - 0.57864 (ms)
2026-07-13 09:38:11,164 [INFO] Pass: Depth - 0.13208 (ms)
2026-07-13 09:38:11,164 [INFO] Pass: FixedPoint - 0.00572 (ms)
2026-07-13 09:38:11,164 [INFO] Pass: Size - 0.04816 (ms)
2026-07-13 09:38:11,164 [INFO] Pass: FixedPoint - 0.00429 (ms)
2026-07-13 09:38:11,164 [INFO] Pass: ContainsInstruction - 0.00501 (ms)
2026-07-13 09:38:11,164 [INFO] Total Transpile Time - 51.09048 (ms)
2026-07-13 09:38:11,165 [INFO] Pass: HighLevelSynthesis - 0.99993 (ms)
2026-07-13 09:38:11,165 [INFO] Pass: BasisTranslator - 0.67711 (ms)
2026-07-13 09:38:11,165 [INFO] Total Transpile Time - 51.14007 (ms)
2026-07-13 09:38:11,165 [INFO] Pass: Depth - 0.13447 (ms)
2026-07-13 09:38:11,166 [INFO] Pass: FixedPoint - 0.00787 (ms)
2026-07-13 09:38:11,166 [INFO] Pass: Size - 0.04864 (ms)
2026-07-13 09:38:11,166 [INFO] Pass: FixedPoint - 0.00477 (ms)
2026-07-13 09:38:11,167 [INFO] Pass: Optimize1qGatesDecomposition - 0.87166 (ms)
2026-07-13 09:38:11,167 [INFO] Pass: InverseCancellation - 0.13375 (ms)
2026-07-13 09:38:11,167 [INFO] Pass: ContainsInstruction - 0.00739 (ms)
2026-07-13 09:38:11,167 [INFO] Pass: InverseCancellation - 0.15569 (ms)
2026-07-13 09:38:11,167 [INFO] Pass: UnitarySynthesis - 0.00477 (ms)
2026-07-13 09:38:11,167 [INFO] Pass: GatesInBasis - 0.58794 (ms)
2026-07-13 09:38:11,168 [INFO] Pass: Depth - 0.12732 (ms)
2026-07-13 09:38:11,168 [INFO] Pass: FixedPoint - 0.00572 (ms)
2026-07-13 09:38:11,168 [INFO] Pass: Size - 0.04721 (ms)
2026-07-13 09:38:11,168 [INFO] Pass: FixedPoint - 0.00477 (ms)
2026-07-13 09:38:11,168 [INFO] Pass: ContainsInstruction - 0.00477 (ms)
2026-07-13 09:38:11,168 [INFO] Pass: HighLevelSynthesis - 0.99707 (ms)
2026-07-13 09:38:11,169 [INFO] Total Transpile Time - 51.07355 (ms)
2026-07-13 09:38:11,169 [INFO] Pass: BasisTranslator - 0.68593 (ms)
2026-07-13 09:38:11,169 [INFO] Pass: Depth - 0.14114 (ms)
2026-07-13 09:38:11,169 [INFO] Pass: FixedPoint - 0.00811 (ms)
2026-07-13 09:38:11,169 [INFO] Pass: Size - 0.04888 (ms)
2026-07-13 09:38:11,169 [INFO] Pass: FixedPoint - 0.00477 (ms)
2026-07-13 09:38:11,170 [INFO] Pass: ContainsInstruction - 0.00739 (ms)
2026-07-13 09:38:11,170 [INFO] Pass: Optimize1qGatesDecomposition - 0.85115 (ms)
2026-07-13 09:38:11,170 [INFO] Pass: InverseCancellation - 0.15783 (ms)
2026-07-13 09:38:11,170 [INFO] Pass: UnitarySynthesis - 0.00405 (ms)
2026-07-13 09:38:11,170 [INFO] Pass: InverseCancellation - 0.13256 (ms)
2026-07-13 09:38:11,171 [INFO] Pass: GatesInBasis - 0.57650 (ms)
2026-07-13 09:38:11,171 [INFO] Pass: Depth - 0.13351 (ms)
2026-07-13 09:38:11,171 [INFO] Pass: FixedPoint - 0.00572 (ms)
2026-07-13 09:38:11,171 [INFO] Pass: Size - 0.04745 (ms)
2026-07-13 09:38:11,171 [INFO] Pass: FixedPoint - 0.00453 (ms)
2026-07-13 09:38:11,171 [INFO] Pass: ContainsInstruction - 0.00477 (ms)
2026-07-13 09:38:11,171 [INFO] Pass: HighLevelSynthesis - 1.01519 (ms)
2026-07-13 09:38:11,172 [INFO] Pass: BasisTranslator - 0.68569 (ms)
2026-07-13 09:38:11,172 [INFO] Pass: Depth - 0.13542 (ms)
2026-07-13 09:38:11,172 [INFO] Pass: FixedPoint - 0.00739 (ms)
2026-07-13 09:38:11,172 [INFO] Pass: Size - 0.04840 (ms)
2026-07-13 09:38:11,172 [INFO] Total Transpile Time - 51.15414 (ms)
2026-07-13 09:38:11,172 [INFO] Pass: FixedPoint - 0.00477 (ms)
2026-07-13 09:38:11,173 [INFO] Pass: Optimize1qGatesDecomposition - 0.85306 (ms)
2026-07-13 09:38:11,173 [INFO] Pass: InverseCancellation - 0.13471 (ms)
2026-07-13 09:38:11,174 [INFO] Pass: ContainsInstruction - 0.00787 (ms)
2026-07-13 09:38:11,174 [INFO] Pass: GatesInBasis - 0.58675 (ms)
2026-07-13 09:38:11,174 [INFO] Pass: Depth - 0.12732 (ms)
2026-07-13 09:38:11,174 [INFO] Pass: InverseCancellation - 0.15998 (ms)
2026-07-13 09:38:11,174 [INFO] Pass: FixedPoint - 0.00548 (ms)
2026-07-13 09:38:11,174 [INFO] Pass: UnitarySynthesis - 0.00501 (ms)
2026-07-13 09:38:11,174 [INFO] Pass: Size - 0.04721 (ms)
2026-07-13 09:38:11,174 [INFO] Pass: FixedPoint - 0.00405 (ms)
2026-07-13 09:38:11,174 [INFO] Pass: ContainsInstruction - 0.00453 (ms)
2026-07-13 09:38:11,175 [INFO] Pass: HighLevelSynthesis - 1.00589 (ms)
2026-07-13 09:38:11,175 [INFO] Total Transpile Time - 51.11599 (ms)
2026-07-13 09:38:11,176 [INFO] Pass: BasisTranslator - 0.69928 (ms)
2026-07-13 09:38:11,176 [INFO] Pass: Depth - 0.13709 (ms)
2026-07-13 09:38:11,176 [INFO] Pass: FixedPoint - 0.00811 (ms)
2026-07-13 09:38:11,176 [INFO] Pass: Size - 0.04911 (ms)
2026-07-13 09:38:11,176 [INFO] Pass: FixedPoint - 0.00453 (ms)
2026-07-13 09:38:11,177 [INFO] Pass: Optimize1qGatesDecomposition - 0.86427 (ms)
2026-07-13 09:38:11,178 [INFO] Pass: InverseCancellation - 0.13542 (ms)
2026-07-13 09:38:11,178 [INFO] Pass: GatesInBasis - 0.55885 (ms)
2026-07-13 09:38:11,178 [INFO] Pass: Depth - 0.12708 (ms)
2026-07-13 09:38:11,178 [INFO] Pass: FixedPoint - 0.00596 (ms)
2026-07-13 09:38:11,178 [INFO] Pass: Size - 0.04864 (ms)
2026-07-13 09:38:11,179 [INFO] Pass: FixedPoint - 0.00429 (ms)
2026-07-13 09:38:11,179 [INFO] Pass: ContainsInstruction - 0.00501 (ms)
2026-07-13 09:38:11,179 [INFO] Pass: ContainsInstruction - 0.01192 (ms)
2026-07-13 09:38:11,179 [INFO] Pass: InverseCancellation - 0.15569 (ms)
2026-07-13 09:38:11,179 [INFO] Pass: UnitarySynthesis - 0.00429 (ms)
2026-07-13 09:38:11,180 [INFO] Total Transpile Time - 51.35918 (ms)
2026-07-13 09:38:11,180 [INFO] Pass: HighLevelSynthesis - 0.99564 (ms)
2026-07-13 09:38:11,181 [INFO] Pass: BasisTranslator - 0.68045 (ms)
2026-07-13 09:38:11,181 [INFO] Pass: Depth - 0.13471 (ms)
2026-07-13 09:38:11,181 [INFO] Pass: FixedPoint - 0.01073 (ms)
2026-07-13 09:38:11,181 [INFO] Pass: Size - 0.04888 (ms)
2026-07-13 09:38:11,181 [INFO] Pass: FixedPoint - 0.00477 (ms)
2026-07-13 09:38:11,182 [INFO] Pass: Optimize1qGatesDecomposition - 0.88573 (ms)
2026-07-13 09:38:11,182 [INFO] Pass: InverseCancellation - 0.13280 (ms)
2026-07-13 09:38:11,182 [INFO] Pass: ContainsInstruction - 0.00739 (ms)
2026-07-13 09:38:11,183 [INFO] Pass: InverseCancellation - 0.15283 (ms)
2026-07-13 09:38:11,183 [INFO] Pass: GatesInBasis - 0.55361 (ms)
2026-07-13 09:38:11,183 [INFO] Pass: UnitarySynthesis - 0.00477 (ms)
2026-07-13 09:38:11,183 [INFO] Pass: Depth - 0.12612 (ms)
2026-07-13 09:38:11,183 [INFO] Pass: FixedPoint - 0.00548 (ms)
2026-07-13 09:38:11,183 [INFO] Pass: Size - 0.05198 (ms)
2026-07-13 09:38:11,183 [INFO] Pass: FixedPoint - 0.00429 (ms)
2026-07-13 09:38:11,183 [INFO] Pass: ContainsInstruction - 0.00453 (ms)
2026-07-13 09:38:11,184 [INFO] Pass: HighLevelSynthesis - 0.99683 (ms)
2026-07-13 09:38:11,184 [INFO] Total Transpile Time - 50.95506 (ms)
2026-07-13 09:38:11,185 [INFO] Pass: BasisTranslator - 0.69857 (ms)
2026-07-13 09:38:11,185 [INFO] Pass: Depth - 0.13542 (ms)
2026-07-13 09:38:11,185 [INFO] Pass: FixedPoint - 0.00763 (ms)
2026-07-13 09:38:11,185 [INFO] Pass: Size - 0.04840 (ms)
2026-07-13 09:38:11,185 [INFO] Pass: FixedPoint - 0.00453 (ms)
2026-07-13 09:38:11,186 [INFO] Pass: Optimize1qGatesDecomposition - 0.85187 (ms)
2026-07-13 09:38:11,186 [INFO] Pass: InverseCancellation - 0.13208 (ms)
2026-07-13 09:38:11,187 [INFO] Pass: GatesInBasis - 0.55051 (ms)
2026-07-13 09:38:11,187 [INFO] Pass: ContainsInstruction - 0.00739 (ms)
2026-07-13 09:38:11,187 [INFO] Pass: Depth - 0.12732 (ms)
2026-07-13 09:38:11,187 [INFO] Pass: FixedPoint - 0.00572 (ms)
2026-07-13 09:38:11,187 [INFO] Pass: InverseCancellation - 0.15163 (ms)
2026-07-13 09:38:11,187 [INFO] Pass: UnitarySynthesis - 0.00477 (ms)
2026-07-13 09:38:11,187 [INFO] Pass: Size - 0.04721 (ms)
2026-07-13 09:38:11,187 [INFO] Pass: FixedPoint - 0.00405 (ms)
2026-07-13 09:38:11,187 [INFO] Pass: ContainsInstruction - 0.00453 (ms)
2026-07-13 09:38:11,188 [INFO] Pass: HighLevelSynthesis - 1.00827 (ms)
2026-07-13 09:38:11,188 [INFO] Total Transpile Time - 51.04804 (ms)
2026-07-13 09:38:11,189 [INFO] Pass: BasisTranslator - 0.68784 (ms)
2026-07-13 09:38:11,189 [INFO] Pass: Depth - 0.13375 (ms)
2026-07-13 09:38:11,189 [INFO] Pass: FixedPoint - 0.00787 (ms)
2026-07-13 09:38:11,189 [INFO] Pass: Size - 0.04792 (ms)
2026-07-13 09:38:11,189 [INFO] Pass: FixedPoint - 0.00477 (ms)
2026-07-13 09:38:11,190 [INFO] Pass: Optimize1qGatesDecomposition - 0.84972 (ms)
2026-07-13 09:38:11,190 [INFO] Pass: InverseCancellation - 0.13876 (ms)
2026-07-13 09:38:11,191 [INFO] Pass: GatesInBasis - 0.55695 (ms)
2026-07-13 09:38:11,191 [INFO] Pass: Depth - 0.12660 (ms)
2026-07-13 09:38:11,191 [INFO] Pass: FixedPoint - 0.00572 (ms)
2026-07-13 09:38:11,191 [INFO] Pass: Size - 0.04721 (ms)
2026-07-13 09:38:11,191 [INFO] Pass: FixedPoint - 0.00453 (ms)
2026-07-13 09:38:11,191 [INFO] Pass: ContainsInstruction - 0.00501 (ms)
2026-07-13 09:38:11,192 [INFO] Total Transpile Time - 50.99201 (ms)
2026-07-13 09:38:11,196 [INFO] Pass: ContainsInstruction - 0.00739 (ms)
2026-07-13 09:38:11,196 [INFO] Pass: ContainsInstruction - 0.00715 (ms)
2026-07-13 09:38:11,196 [INFO] Pass: InverseCancellation - 0.15950 (ms)
2026-07-13 09:38:11,196 [INFO] Pass: UnitarySynthesis - 0.00548 (ms)
2026-07-13 09:38:11,196 [INFO] Pass: InverseCancellation - 0.15020 (ms)
2026-07-13 09:38:11,196 [INFO] Pass: UnitarySynthesis - 0.00429 (ms)
2026-07-13 09:38:11,197 [INFO] Pass: HighLevelSynthesis - 0.99969 (ms)
2026-07-13 09:38:11,197 [INFO] Pass: HighLevelSynthesis - 1.08671 (ms)
2026-07-13 09:38:11,198 [INFO] Pass: BasisTranslator - 0.68903 (ms)
2026-07-13 09:38:11,198 [INFO] Pass: Depth - 0.13638 (ms)
2026-07-13 09:38:11,198 [INFO] Pass: ContainsInstruction - 0.00763 (ms)
2026-07-13 09:38:11,198 [INFO] Pass: FixedPoint - 0.00811 (ms)
2026-07-13 09:38:11,198 [INFO] Pass: BasisTranslator - 0.72312 (ms)
2026-07-13 09:38:11,198 [INFO] Pass: Size - 0.04911 (ms)
2026-07-13 09:38:11,198 [INFO] Pass: FixedPoint - 0.00453 (ms)
2026-07-13 09:38:11,198 [INFO] Pass: InverseCancellation - 0.14687 (ms)
2026-07-13 09:38:11,198 [INFO] Pass: Depth - 0.14544 (ms)
2026-07-13 09:38:11,198 [INFO] Pass: FixedPoint - 0.00763 (ms)
2026-07-13 09:38:11,198 [INFO] Pass: UnitarySynthesis - 0.00453 (ms)
2026-07-13 09:38:11,198 [INFO] Pass: Size - 0.05078 (ms)
2026-07-13 09:38:11,199 [INFO] Pass: FixedPoint - 0.00477 (ms)
2026-07-13 09:38:11,199 [INFO] Pass: Optimize1qGatesDecomposition - 0.85020 (ms)
2026-07-13 09:38:11,199 [INFO] Pass: InverseCancellation - 0.13256 (ms)
2026-07-13 09:38:11,200 [INFO] Pass: HighLevelSynthesis - 1.06907 (ms)
2026-07-13 09:38:11,200 [INFO] Pass: Optimize1qGatesDecomposition - 0.95749 (ms)
2026-07-13 09:38:11,200 [INFO] Pass: InverseCancellation - 0.00787 (ms)
2026-07-13 09:38:11,200 [INFO] Pass: GatesInBasis - 0.55003 (ms)
2026-07-13 09:38:11,200 [INFO] Pass: Depth - 0.13423 (ms)
2026-07-13 09:38:11,200 [INFO] Pass: FixedPoint - 0.00572 (ms)
2026-07-13 09:38:11,200 [INFO] Pass: GatesInBasis - 0.55552 (ms)
2026-07-13 09:38:11,200 [INFO] Pass: Size - 0.04768 (ms)
2026-07-13 09:38:11,200 [INFO] Pass: FixedPoint - 0.00453 (ms)
2026-07-13 09:38:11,200 [INFO] Pass: BasisTranslator - 0.73338 (ms)
2026-07-13 09:38:11,200 [INFO] Pass: ContainsInstruction - 0.00501 (ms)
2026-07-13 09:38:11,200 [INFO] Pass: Depth - 0.12732 (ms)
2026-07-13 09:38:11,200 [INFO] Pass: FixedPoint - 0.00548 (ms)
2026-07-13 09:38:11,200 [INFO] Pass: Size - 0.04745 (ms)
2026-07-13 09:38:11,200 [INFO] Pass: Depth - 0.14257 (ms)
2026-07-13 09:38:11,200 [INFO] Pass: FixedPoint - 0.00453 (ms)
2026-07-13 09:38:11,201 [INFO] Pass: FixedPoint - 0.00739 (ms)
2026-07-13 09:38:11,201 [INFO] Pass: Size - 0.05007 (ms)
2026-07-13 09:38:11,201 [INFO] Pass: FixedPoint - 0.00453 (ms)
2026-07-13 09:38:11,201 [INFO] Pass: Optimize1qGatesDecomposition - 0.75889 (ms)
2026-07-13 09:38:11,201 [INFO] Total Transpile Time - 50.82393 (ms)
2026-07-13 09:38:11,201 [INFO] Pass: InverseCancellation - 0.00691 (ms)
2026-07-13 09:38:11,201 [INFO] Pass: ContainsInstruction - 0.00811 (ms)
2026-07-13 09:38:11,202 [INFO] Pass: InverseCancellation - 0.15044 (ms)
2026-07-13 09:38:11,202 [INFO] Pass: ContainsInstruction - 0.00834 (ms)
2026-07-13 09:38:11,202 [INFO] Pass: UnitarySynthesis - 0.00453 (ms)
2026-07-13 09:38:11,202 [INFO] Pass: Optimize1qGatesDecomposition - 0.94891 (ms)
2026-07-13 09:38:11,202 [INFO] Pass: InverseCancellation - 0.00787 (ms)
2026-07-13 09:38:11,202 [INFO] Pass: InverseCancellation - 0.14925 (ms)
2026-07-13 09:38:11,202 [INFO] Pass: UnitarySynthesis - 0.00477 (ms)
2026-07-13 09:38:11,202 [INFO] Pass: GatesInBasis - 0.56672 (ms)
2026-07-13 09:38:11,202 [INFO] Pass: Depth - 0.12970 (ms)
2026-07-13 09:38:11,202 [INFO] Pass: FixedPoint - 0.00525 (ms)
2026-07-13 09:38:11,202 [INFO] Pass: Size - 0.04673 (ms)
2026-07-13 09:38:11,202 [INFO] Pass: FixedPoint - 0.00405 (ms)
2026-07-13 09:38:11,202 [INFO] Pass: GatesInBasis - 0.55814 (ms)
2026-07-13 09:38:11,202 [INFO] Pass: ContainsInstruction - 0.00477 (ms)
2026-07-13 09:38:11,202 [INFO] Pass: Depth - 0.13041 (ms)
2026-07-13 09:38:11,203 [INFO] Pass: FixedPoint - 0.00572 (ms)
2026-07-13 09:38:11,203 [INFO] Pass: Size - 0.04768 (ms)
2026-07-13 09:38:11,203 [INFO] Pass: FixedPoint - 0.00405 (ms)
2026-07-13 09:38:11,203 [INFO] Pass: HighLevelSynthesis - 1.06668 (ms)
2026-07-13 09:38:11,203 [INFO] Pass: HighLevelSynthesis - 1.09267 (ms)
2026-07-13 09:38:11,203 [INFO] Total Transpile Time - 52.00267 (ms)
2026-07-13 09:38:11,203 [INFO] Pass: Optimize1qGatesDecomposition - 0.76485 (ms)
2026-07-13 09:38:11,203 [INFO] Pass: InverseCancellation - 0.00715 (ms)
2026-07-13 09:38:11,203 [INFO] Pass: BasisTranslator - 0.72765 (ms)
2026-07-13 09:38:11,204 [INFO] Pass: Depth - 0.14353 (ms)
2026-07-13 09:38:11,204 [INFO] Pass: FixedPoint - 0.00763 (ms)
2026-07-13 09:38:11,204 [INFO] Pass: BasisTranslator - 0.72980 (ms)
2026-07-13 09:38:11,204 [INFO] Pass: Size - 0.05102 (ms)
2026-07-13 09:38:11,204 [INFO] Pass: FixedPoint - 0.00453 (ms)
2026-07-13 09:38:11,204 [INFO] Pass: Depth - 0.14448 (ms)
2026-07-13 09:38:11,204 [INFO] Pass: FixedPoint - 0.00787 (ms)
2026-07-13 09:38:11,204 [INFO] Pass: Size - 0.05722 (ms)
2026-07-13 09:38:11,204 [INFO] Pass: GatesInBasis - 0.56815 (ms)
2026-07-13 09:38:11,204 [INFO] Pass: FixedPoint - 0.00477 (ms)
2026-07-13 09:38:11,204 [INFO] Pass: Depth - 0.12732 (ms)
2026-07-13 09:38:11,204 [INFO] Pass: FixedPoint - 0.00501 (ms)
2026-07-13 09:38:11,204 [INFO] Pass: Size - 0.04745 (ms)
2026-07-13 09:38:11,204 [INFO] Pass: FixedPoint - 0.00405 (ms)
2026-07-13 09:38:11,204 [INFO] Pass: ContainsInstruction - 0.00477 (ms)
2026-07-13 09:38:11,205 [INFO] Pass: Optimize1qGatesDecomposition - 0.94938 (ms)
2026-07-13 09:38:11,205 [INFO] Pass: InverseCancellation - 0.00811 (ms)
2026-07-13 09:38:11,205 [INFO] Pass: Optimize1qGatesDecomposition - 0.94724 (ms)
2026-07-13 09:38:11,205 [INFO] Pass: InverseCancellation - 0.00763 (ms)
2026-07-13 09:38:11,205 [INFO] Total Transpile Time - 52.27327 (ms)
2026-07-13 09:38:11,206 [INFO] Pass: GatesInBasis - 0.59247 (ms)
2026-07-13 09:38:11,206 [INFO] Pass: Depth - 0.13208 (ms)
2026-07-13 09:38:11,206 [INFO] Pass: FixedPoint - 0.00548 (ms)
2026-07-13 09:38:11,206 [INFO] Pass: GatesInBasis - 0.55361 (ms)
2026-07-13 09:38:11,206 [INFO] Pass: Size - 0.04721 (ms)
2026-07-13 09:38:11,206 [INFO] Pass: FixedPoint - 0.00429 (ms)
2026-07-13 09:38:11,206 [INFO] Pass: Depth - 0.13137 (ms)
2026-07-13 09:38:11,206 [INFO] Pass: FixedPoint - 0.00548 (ms)
2026-07-13 09:38:11,206 [INFO] Pass: ContainsInstruction - 0.00715 (ms)
2026-07-13 09:38:11,206 [INFO] Pass: Size - 0.05317 (ms)
2026-07-13 09:38:11,206 [INFO] Pass: FixedPoint - 0.00453 (ms)
2026-07-13 09:38:11,206 [INFO] Pass: InverseCancellation - 0.14997 (ms)
2026-07-13 09:38:11,206 [INFO] Pass: UnitarySynthesis - 0.00453 (ms)
2026-07-13 09:38:11,207 [INFO] Pass: Optimize1qGatesDecomposition - 0.76056 (ms)
2026-07-13 09:38:11,207 [INFO] Pass: InverseCancellation - 0.00763 (ms)
2026-07-13 09:38:11,207 [INFO] Pass: Optimize1qGatesDecomposition - 0.76175 (ms)
2026-07-13 09:38:11,207 [INFO] Pass: InverseCancellation - 0.00739 (ms)
2026-07-13 09:38:11,207 [INFO] Pass: GatesInBasis - 0.54336 (ms)
2026-07-13 09:38:11,207 [INFO] Pass: HighLevelSynthesis - 1.08123 (ms)
2026-07-13 09:38:11,207 [INFO] Pass: ContainsInstruction - 0.00763 (ms)
2026-07-13 09:38:11,207 [INFO] Pass: Depth - 0.12708 (ms)
2026-07-13 09:38:11,208 [INFO] Pass: FixedPoint - 0.00525 (ms)
2026-07-13 09:38:11,208 [INFO] Pass: GatesInBasis - 0.56314 (ms)
2026-07-13 09:38:11,208 [INFO] Pass: Size - 0.04697 (ms)
2026-07-13 09:38:11,208 [INFO] Pass: FixedPoint - 0.00429 (ms)
2026-07-13 09:38:11,208 [INFO] Pass: ContainsInstruction - 0.00525 (ms)
2026-07-13 09:38:11,208 [INFO] Pass: InverseCancellation - 0.15306 (ms)
2026-07-13 09:38:11,208 [INFO] Pass: Depth - 0.12422 (ms)
2026-07-13 09:38:11,208 [INFO] Pass: UnitarySynthesis - 0.00429 (ms)
2026-07-13 09:38:11,208 [INFO] Pass: FixedPoint - 0.00525 (ms)
2026-07-13 09:38:11,208 [INFO] Pass: Size - 0.04697 (ms)
2026-07-13 09:38:11,208 [INFO] Pass: FixedPoint - 0.00405 (ms)
2026-07-13 09:38:11,208 [INFO] Pass: ContainsInstruction - 0.00453 (ms)
2026-07-13 09:38:11,208 [INFO] Pass: BasisTranslator - 0.73028 (ms)
2026-07-13 09:38:11,208 [INFO] Pass: Depth - 0.14424 (ms)
2026-07-13 09:38:11,208 [INFO] Pass: FixedPoint - 0.00811 (ms)
2026-07-13 09:38:11,208 [INFO] Pass: Size - 0.05078 (ms)
2026-07-13 09:38:11,209 [INFO] Pass: FixedPoint - 0.00429 (ms)
2026-07-13 09:38:11,209 [INFO] Total Transpile Time - 52.03819 (ms)
2026-07-13 09:38:11,209 [INFO] Pass: HighLevelSynthesis - 0.99945 (ms)
2026-07-13 09:38:11,209 [INFO] Total Transpile Time - 52.16670 (ms)
2026-07-13 09:38:11,209 [INFO] Pass: ContainsInstruction - 0.00739 (ms)
2026-07-13 09:38:11,209 [INFO] Pass: BasisTranslator - 0.68855 (ms)
2026-07-13 09:38:11,209 [INFO] Pass: Optimize1qGatesDecomposition - 0.95439 (ms)
2026-07-13 09:38:11,210 [INFO] Pass: InverseCancellation - 0.00787 (ms)
2026-07-13 09:38:11,210 [INFO] Pass: InverseCancellation - 0.15020 (ms)
2026-07-13 09:38:11,210 [INFO] Pass: UnitarySynthesis - 0.00477 (ms)
2026-07-13 09:38:11,210 [INFO] Pass: Depth - 0.13494 (ms)
2026-07-13 09:38:11,210 [INFO] Pass: FixedPoint - 0.00787 (ms)
2026-07-13 09:38:11,210 [INFO] Pass: Size - 0.04816 (ms)
2026-07-13 09:38:11,210 [INFO] Pass: FixedPoint - 0.00477 (ms)
2026-07-13 09:38:11,210 [INFO] Pass: GatesInBasis - 0.56505 (ms)
2026-07-13 09:38:11,210 [INFO] Pass: ContainsInstruction - 0.00763 (ms)
2026-07-13 09:38:11,210 [INFO] Pass: Depth - 0.12946 (ms)
2026-07-13 09:38:11,210 [INFO] Pass: FixedPoint - 0.00548 (ms)
2026-07-13 09:38:11,210 [INFO] Pass: InverseCancellation - 0.15402 (ms)
2026-07-13 09:38:11,210 [INFO] Pass: Size - 0.04745 (ms)
2026-07-13 09:38:11,210 [INFO] Pass: UnitarySynthesis - 0.00501 (ms)
2026-07-13 09:38:11,210 [INFO] Pass: FixedPoint - 0.00453 (ms)
2026-07-13 09:38:11,211 [INFO] Pass: HighLevelSynthesis - 1.08767 (ms)
2026-07-13 09:38:11,211 [INFO] Pass: Optimize1qGatesDecomposition - 0.90337 (ms)
2026-07-13 09:38:11,211 [INFO] Pass: InverseCancellation - 0.13423 (ms)
2026-07-13 09:38:11,211 [INFO] Pass: Optimize1qGatesDecomposition - 0.76580 (ms)
2026-07-13 09:38:11,211 [INFO] Pass: InverseCancellation - 0.00691 (ms)
2026-07-13 09:38:11,212 [INFO] Pass: BasisTranslator - 0.73814 (ms)
2026-07-13 09:38:11,212 [INFO] Pass: HighLevelSynthesis - 1.08457 (ms)
2026-07-13 09:38:11,212 [INFO] Pass: GatesInBasis - 0.58436 (ms)
2026-07-13 09:38:11,212 [INFO] Pass: Depth - 0.14305 (ms)
2026-07-13 09:38:11,212 [INFO] Pass: Depth - 0.12755 (ms)
2026-07-13 09:38:11,212 [INFO] Pass: FixedPoint - 0.00811 (ms)
2026-07-13 09:38:11,212 [INFO] Pass: FixedPoint - 0.00596 (ms)
2026-07-13 09:38:11,212 [INFO] Pass: Size - 0.05102 (ms)
2026-07-13 09:38:11,212 [INFO] Pass: Size - 0.04792 (ms)
2026-07-13 09:38:11,212 [INFO] Pass: FixedPoint - 0.00453 (ms)
2026-07-13 09:38:11,212 [INFO] Pass: FixedPoint - 0.00429 (ms)
2026-07-13 09:38:11,212 [INFO] Pass: GatesInBasis - 0.57435 (ms)
2026-07-13 09:38:11,212 [INFO] Pass: ContainsInstruction - 0.00477 (ms)
2026-07-13 09:38:11,212 [INFO] Pass: Depth - 0.12970 (ms)
2026-07-13 09:38:11,212 [INFO] Pass: FixedPoint - 0.00525 (ms)
2026-07-13 09:38:11,212 [INFO] Pass: Size - 0.04792 (ms)
2026-07-13 09:38:11,212 [INFO] Pass: FixedPoint - 0.00405 (ms)
2026-07-13 09:38:11,212 [INFO] Pass: ContainsInstruction - 0.00453 (ms)
2026-07-13 09:38:11,212 [INFO] Pass: BasisTranslator - 0.72932 (ms)
2026-07-13 09:38:11,213 [INFO] Pass: Depth - 0.14377 (ms)
2026-07-13 09:38:11,213 [INFO] Pass: FixedPoint - 0.00787 (ms)
2026-07-13 09:38:11,213 [INFO] Pass: Size - 0.05150 (ms)
2026-07-13 09:38:11,213 [INFO] Pass: FixedPoint - 0.00453 (ms)
2026-07-13 09:38:11,213 [INFO] Pass: Optimize1qGatesDecomposition - 0.95510 (ms)
2026-07-13 09:38:11,213 [INFO] Pass: InverseCancellation - 0.00811 (ms)
2026-07-13 09:38:11,213 [INFO] Total Transpile Time - 50.95506 (ms)
2026-07-13 09:38:11,213 [INFO] Total Transpile Time - 52.14000 (ms)
2026-07-13 09:38:11,213 [INFO] Pass: ContainsInstruction - 0.00715 (ms)
2026-07-13 09:38:11,214 [INFO] Pass: GatesInBasis - 0.55861 (ms)
2026-07-13 09:38:11,214 [INFO] Pass: Optimize1qGatesDecomposition - 0.95367 (ms)
2026-07-13 09:38:11,214 [INFO] Pass: InverseCancellation - 0.15044 (ms)
2026-07-13 09:38:11,214 [INFO] Pass: Depth - 0.13161 (ms)
2026-07-13 09:38:11,214 [INFO] Pass: InverseCancellation - 0.00763 (ms)
2026-07-13 09:38:11,214 [INFO] Pass: FixedPoint - 0.00525 (ms)
2026-07-13 09:38:11,214 [INFO] Pass: UnitarySynthesis - 0.00477 (ms)
2026-07-13 09:38:11,214 [INFO] Pass: Size - 0.04792 (ms)
2026-07-13 09:38:11,214 [INFO] Pass: FixedPoint - 0.00453 (ms)
2026-07-13 09:38:11,214 [INFO] Pass: GatesInBasis - 0.56481 (ms)
2026-07-13 09:38:11,215 [INFO] Pass: Depth - 0.12851 (ms)
2026-07-13 09:38:11,215 [INFO] Pass: FixedPoint - 0.00620 (ms)
2026-07-13 09:38:11,215 [INFO] Pass: Size - 0.04768 (ms)
2026-07-13 09:38:11,215 [INFO] Pass: FixedPoint - 0.00429 (ms)
2026-07-13 09:38:11,215 [INFO] Pass: Optimize1qGatesDecomposition - 0.76103 (ms)
2026-07-13 09:38:11,215 [INFO] Pass: InverseCancellation - 0.00668 (ms)
2026-07-13 09:38:11,215 [INFO] Pass: HighLevelSynthesis - 1.09673 (ms)
2026-07-13 09:38:11,215 [INFO] Pass: GatesInBasis - 0.54717 (ms)
2026-07-13 09:38:11,216 [INFO] Pass: Depth - 0.12541 (ms)
2026-07-13 09:38:11,216 [INFO] Pass: Optimize1qGatesDecomposition - 0.76461 (ms)
2026-07-13 09:38:11,216 [INFO] Pass: FixedPoint - 0.00525 (ms)
2026-07-13 09:38:11,216 [INFO] Pass: InverseCancellation - 0.00715 (ms)
2026-07-13 09:38:11,216 [INFO] Pass: Size - 0.04649 (ms)
2026-07-13 09:38:11,216 [INFO] Pass: FixedPoint - 0.00429 (ms)
2026-07-13 09:38:11,216 [INFO] Pass: ContainsInstruction - 0.00477 (ms)
2026-07-13 09:38:11,216 [INFO] Pass: BasisTranslator - 0.72122 (ms)
2026-07-13 09:38:11,216 [INFO] Pass: Depth - 0.14639 (ms)
2026-07-13 09:38:11,216 [INFO] Pass: FixedPoint - 0.00858 (ms)
2026-07-13 09:38:11,216 [INFO] Pass: Size - 0.05507 (ms)
2026-07-13 09:38:11,216 [INFO] Pass: FixedPoint - 0.00453 (ms)
2026-07-13 09:38:11,216 [INFO] Pass: GatesInBasis - 0.54455 (ms)
2026-07-13 09:38:11,216 [INFO] Pass: Depth - 0.12636 (ms)
2026-07-13 09:38:11,216 [INFO] Pass: FixedPoint - 0.00525 (ms)
2026-07-13 09:38:11,216 [INFO] Pass: Size - 0.04768 (ms)
2026-07-13 09:38:11,216 [INFO] Pass: FixedPoint - 0.00405 (ms)
2026-07-13 09:38:11,217 [INFO] Pass: ContainsInstruction - 0.00501 (ms)
2026-07-13 09:38:11,217 [INFO] Total Transpile Time - 52.14643 (ms)
2026-07-13 09:38:11,217 [INFO] Pass: Optimize1qGatesDecomposition - 0.95820 (ms)
2026-07-13 09:38:11,217 [INFO] Pass: InverseCancellation - 0.00858 (ms)
2026-07-13 09:38:11,217 [INFO] Pass: ContainsInstruction - 0.00858 (ms)
2026-07-13 09:38:11,217 [INFO] Pass: InverseCancellation - 0.15116 (ms)
2026-07-13 09:38:11,217 [INFO] Pass: UnitarySynthesis - 0.00477 (ms)
2026-07-13 09:38:11,218 [INFO] Total Transpile Time - 52.10781 (ms)
2026-07-13 09:38:11,218 [INFO] Pass: GatesInBasis - 0.55432 (ms)
2026-07-13 09:38:11,218 [INFO] Pass: Depth - 0.12994 (ms)
2026-07-13 09:38:11,218 [INFO] Pass: FixedPoint - 0.00572 (ms)
2026-07-13 09:38:11,218 [INFO] Pass: Size - 0.04768 (ms)
2026-07-13 09:38:11,218 [INFO] Pass: FixedPoint - 0.00429 (ms)
2026-07-13 09:38:11,219 [INFO] Pass: HighLevelSynthesis - 1.08528 (ms)
2026-07-13 09:38:11,219 [INFO] Pass: Optimize1qGatesDecomposition - 0.75579 (ms)
2026-07-13 09:38:11,219 [INFO] Pass: InverseCancellation - 0.00715 (ms)
2026-07-13 09:38:11,219 [INFO] Pass: BasisTranslator - 0.72432 (ms)
2026-07-13 09:38:11,220 [INFO] Pass: GatesInBasis - 0.57054 (ms)
2026-07-13 09:38:11,220 [INFO] Pass: Depth - 0.14400 (ms)
2026-07-13 09:38:11,220 [INFO] Pass: FixedPoint - 0.00858 (ms)
2026-07-13 09:38:11,220 [INFO] Pass: Depth - 0.12493 (ms)
2026-07-13 09:38:11,220 [INFO] Pass: Size - 0.05126 (ms)
2026-07-13 09:38:11,220 [INFO] Pass: FixedPoint - 0.00501 (ms)
2026-07-13 09:38:11,220 [INFO] Pass: FixedPoint - 0.00453 (ms)
2026-07-13 09:38:11,220 [INFO] Pass: Size - 0.04745 (ms)
2026-07-13 09:38:11,220 [INFO] Pass: FixedPoint - 0.00405 (ms)
2026-07-13 09:38:11,220 [INFO] Pass: ContainsInstruction - 0.00548 (ms)
2026-07-13 09:38:11,220 [INFO] Pass: ContainsInstruction - 0.01001 (ms)
2026-07-13 09:38:11,221 [INFO] Pass: InverseCancellation - 0.14925 (ms)
2026-07-13 09:38:11,221 [INFO] Pass: UnitarySynthesis - 0.00453 (ms)
2026-07-13 09:38:11,221 [INFO] Pass: Optimize1qGatesDecomposition - 0.95415 (ms)
2026-07-13 09:38:11,221 [INFO] Pass: InverseCancellation - 0.00834 (ms)
2026-07-13 09:38:11,221 [INFO] Total Transpile Time - 52.07944 (ms)
2026-07-13 09:38:11,221 [INFO] Pass: GatesInBasis - 0.56100 (ms)
2026-07-13 09:38:11,222 [INFO] Pass: Depth - 0.13113 (ms)
2026-07-13 09:38:11,222 [INFO] Pass: FixedPoint - 0.00548 (ms)
2026-07-13 09:38:11,222 [INFO] Pass: Size - 0.04768 (ms)
2026-07-13 09:38:11,222 [INFO] Pass: HighLevelSynthesis - 1.09029 (ms)
2026-07-13 09:38:11,222 [INFO] Pass: FixedPoint - 0.00429 (ms)
2026-07-13 09:38:11,222 [INFO] Pass: BasisTranslator - 0.73361 (ms)
2026-07-13 09:38:11,223 [INFO] Pass: Optimize1qGatesDecomposition - 0.76199 (ms)
2026-07-13 09:38:11,223 [INFO] Pass: InverseCancellation - 0.00715 (ms)
2026-07-13 09:38:11,223 [INFO] Pass: Depth - 0.14305 (ms)
2026-07-13 09:38:11,223 [INFO] Pass: FixedPoint - 0.01192 (ms)
2026-07-13 09:38:11,223 [INFO] Pass: Size - 0.05150 (ms)
2026-07-13 09:38:11,223 [INFO] Pass: FixedPoint - 0.00477 (ms)
2026-07-13 09:38:11,223 [INFO] Pass: GatesInBasis - 0.56863 (ms)
2026-07-13 09:38:11,223 [INFO] Pass: Depth - 0.12517 (ms)
2026-07-13 09:38:11,223 [INFO] Pass: FixedPoint - 0.00548 (ms)
2026-07-13 09:38:11,223 [INFO] Pass: Size - 0.04840 (ms)
2026-07-13 09:38:11,223 [INFO] Pass: FixedPoint - 0.00405 (ms)
2026-07-13 09:38:11,224 [INFO] Pass: ContainsInstruction - 0.00525 (ms)
2026-07-13 09:38:11,224 [INFO] Pass: Optimize1qGatesDecomposition - 0.94318 (ms)
2026-07-13 09:38:11,224 [INFO] Pass: InverseCancellation - 0.00811 (ms)
2026-07-13 09:38:11,225 [INFO] Pass: GatesInBasis - 0.58413 (ms)
2026-07-13 09:38:11,225 [INFO] Total Transpile Time - 52.08802 (ms)
2026-07-13 09:38:11,225 [INFO] Pass: ContainsInstruction - 0.01121 (ms)
2026-07-13 09:38:11,225 [INFO] Pass: Depth - 0.12875 (ms)
2026-07-13 09:38:11,225 [INFO] Pass: FixedPoint - 0.00596 (ms)
2026-07-13 09:38:11,225 [INFO] Pass: Size - 0.04745 (ms)
2026-07-13 09:38:11,225 [INFO] Pass: FixedPoint - 0.00477 (ms)
2026-07-13 09:38:11,225 [INFO] Pass: InverseCancellation - 0.15211 (ms)
2026-07-13 09:38:11,225 [INFO] Pass: UnitarySynthesis - 0.00501 (ms)
2026-07-13 09:38:11,226 [INFO] Pass: Optimize1qGatesDecomposition - 0.76413 (ms)
2026-07-13 09:38:11,226 [INFO] Pass: InverseCancellation - 0.00787 (ms)
2026-07-13 09:38:11,226 [INFO] Pass: HighLevelSynthesis - 1.08862 (ms)
2026-07-13 09:38:11,226 [INFO] Pass: GatesInBasis - 0.57340 (ms)
2026-07-13 09:38:11,226 [INFO] Pass: Depth - 0.12541 (ms)
2026-07-13 09:38:11,227 [INFO] Pass: FixedPoint - 0.00525 (ms)
2026-07-13 09:38:11,227 [INFO] Pass: Size - 0.04697 (ms)
2026-07-13 09:38:11,227 [INFO] Pass: FixedPoint - 0.00429 (ms)
2026-07-13 09:38:11,227 [INFO] Pass: ContainsInstruction - 0.00477 (ms)
2026-07-13 09:38:11,227 [INFO] Pass: BasisTranslator - 0.72336 (ms)
2026-07-13 09:38:11,227 [INFO] Pass: Depth - 0.14663 (ms)
2026-07-13 09:38:11,227 [INFO] Pass: FixedPoint - 0.01192 (ms)
2026-07-13 09:38:11,227 [INFO] Pass: Size - 0.05174 (ms)
2026-07-13 09:38:11,227 [INFO] Pass: FixedPoint - 0.00477 (ms)
2026-07-13 09:38:11,228 [INFO] Total Transpile Time - 52.11902 (ms)
2026-07-13 09:38:11,228 [INFO] Pass: Optimize1qGatesDecomposition - 0.96560 (ms)
2026-07-13 09:38:11,228 [INFO] Pass: InverseCancellation - 0.00834 (ms)
2026-07-13 09:38:11,229 [INFO] Pass: GatesInBasis - 0.55861 (ms)
2026-07-13 09:38:11,229 [INFO] Pass: Depth - 0.13137 (ms)
2026-07-13 09:38:11,229 [INFO] Pass: FixedPoint - 0.00572 (ms)
2026-07-13 09:38:11,229 [INFO] Pass: ContainsInstruction - 0.01168 (ms)
2026-07-13 09:38:11,229 [INFO] Pass: Size - 0.04816 (ms)
2026-07-13 09:38:11,229 [INFO] Pass: FixedPoint - 0.00453 (ms)
2026-07-13 09:38:11,229 [INFO] Pass: InverseCancellation - 0.15473 (ms)
2026-07-13 09:38:11,229 [INFO] Pass: UnitarySynthesis - 0.00453 (ms)
2026-07-13 09:38:11,230 [INFO] Pass: Optimize1qGatesDecomposition - 0.76318 (ms)
2026-07-13 09:38:11,230 [INFO] Pass: InverseCancellation - 0.00668 (ms)
2026-07-13 09:38:11,231 [INFO] Pass: HighLevelSynthesis - 1.08695 (ms)
2026-07-13 09:38:11,231 [INFO] Pass: GatesInBasis - 0.56100 (ms)
2026-07-13 09:38:11,231 [INFO] Pass: Depth - 0.12636 (ms)
2026-07-13 09:38:11,231 [INFO] Pass: FixedPoint - 0.00525 (ms)
2026-07-13 09:38:11,231 [INFO] Pass: Size - 0.04673 (ms)
2026-07-13 09:38:11,231 [INFO] Pass: FixedPoint - 0.00405 (ms)
2026-07-13 09:38:11,231 [INFO] Pass: ContainsInstruction - 0.00501 (ms)
2026-07-13 09:38:11,231 [INFO] Pass: BasisTranslator - 0.72932 (ms)
2026-07-13 09:38:11,231 [INFO] Pass: Depth - 0.14496 (ms)
2026-07-13 09:38:11,232 [INFO] Pass: FixedPoint - 0.01216 (ms)
2026-07-13 09:38:11,232 [INFO] Pass: Size - 0.05150 (ms)
2026-07-13 09:38:11,232 [INFO] Pass: FixedPoint - 0.00453 (ms)
2026-07-13 09:38:11,232 [INFO] Total Transpile Time - 52.34885 (ms)
2026-07-13 09:38:11,233 [INFO] Pass: Optimize1qGatesDecomposition - 0.96178 (ms)
2026-07-13 09:38:11,233 [INFO] Pass: InverseCancellation - 0.00858 (ms)
2026-07-13 09:38:11,233 [INFO] Pass: ContainsInstruction - 0.00834 (ms)
2026-07-13 09:38:11,233 [INFO] Pass: InverseCancellation - 0.15521 (ms)
2026-07-13 09:38:11,233 [INFO] Pass: UnitarySynthesis - 0.00477 (ms)
2026-07-13 09:38:11,233 [INFO] Pass: GatesInBasis - 0.58889 (ms)
2026-07-13 09:38:11,234 [INFO] Pass: Depth - 0.13041 (ms)
2026-07-13 09:38:11,234 [INFO] Pass: FixedPoint - 0.00548 (ms)
2026-07-13 09:38:11,234 [INFO] Pass: Size - 0.04745 (ms)
2026-07-13 09:38:11,234 [INFO] Pass: FixedPoint - 0.00429 (ms)
2026-07-13 09:38:11,234 [INFO] Pass: HighLevelSynthesis - 1.08600 (ms)
2026-07-13 09:38:11,234 [INFO] Pass: Optimize1qGatesDecomposition - 0.76747 (ms)
2026-07-13 09:38:11,235 [INFO] Pass: InverseCancellation - 0.00715 (ms)
2026-07-13 09:38:11,235 [INFO] Pass: BasisTranslator - 0.72622 (ms)
2026-07-13 09:38:11,235 [INFO] Pass: GatesInBasis - 0.57364 (ms)
2026-07-13 09:38:11,235 [INFO] Pass: Depth - 0.14544 (ms)
2026-07-13 09:38:11,235 [INFO] Pass: FixedPoint - 0.00763 (ms)
2026-07-13 09:38:11,235 [INFO] Pass: Depth - 0.12612 (ms)
2026-07-13 09:38:11,235 [INFO] Pass: Size - 0.05174 (ms)
2026-07-13 09:38:11,235 [INFO] Pass: FixedPoint - 0.00548 (ms)
2026-07-13 09:38:11,235 [INFO] Pass: FixedPoint - 0.00453 (ms)
2026-07-13 09:38:11,235 [INFO] Pass: Size - 0.04697 (ms)
2026-07-13 09:38:11,235 [INFO] Pass: FixedPoint - 0.00429 (ms)
2026-07-13 09:38:11,235 [INFO] Pass: ContainsInstruction - 0.00477 (ms)
2026-07-13 09:38:11,236 [INFO] Pass: Optimize1qGatesDecomposition - 0.96393 (ms)
2026-07-13 09:38:11,236 [INFO] Pass: InverseCancellation - 0.00763 (ms)
2026-07-13 09:38:11,237 [INFO] Total Transpile Time - 52.25778 (ms)
2026-07-13 09:38:11,237 [INFO] Pass: ContainsInstruction - 0.00834 (ms)
2026-07-13 09:38:11,237 [INFO] Pass: GatesInBasis - 0.55909 (ms)
2026-07-13 09:38:11,237 [INFO] Pass: InverseCancellation - 0.15783 (ms)
2026-07-13 09:38:11,237 [INFO] Pass: Depth - 0.13232 (ms)
2026-07-13 09:38:11,237 [INFO] Pass: UnitarySynthesis - 0.00477 (ms)
2026-07-13 09:38:11,237 [INFO] Pass: FixedPoint - 0.00596 (ms)
2026-07-13 09:38:11,237 [INFO] Pass: Size - 0.04792 (ms)
2026-07-13 09:38:11,237 [INFO] Pass: FixedPoint - 0.00405 (ms)
2026-07-13 09:38:11,238 [INFO] Pass: Optimize1qGatesDecomposition - 0.76222 (ms)
2026-07-13 09:38:11,238 [INFO] Pass: InverseCancellation - 0.00739 (ms)
2026-07-13 09:38:11,238 [INFO] Pass: HighLevelSynthesis - 1.08290 (ms)
2026-07-13 09:38:11,239 [INFO] Pass: GatesInBasis - 0.56100 (ms)
2026-07-13 09:38:11,239 [INFO] Pass: Depth - 0.12589 (ms)
2026-07-13 09:38:11,239 [INFO] Pass: FixedPoint - 0.00501 (ms)
2026-07-13 09:38:11,239 [INFO] Pass: Size - 0.04745 (ms)
2026-07-13 09:38:11,239 [INFO] Pass: FixedPoint - 0.00429 (ms)
2026-07-13 09:38:11,239 [INFO] Pass: BasisTranslator - 0.73528 (ms)
2026-07-13 09:38:11,239 [INFO] Pass: ContainsInstruction - 0.00548 (ms)
2026-07-13 09:38:11,239 [INFO] Pass: Depth - 0.14448 (ms)
2026-07-13 09:38:11,239 [INFO] Pass: FixedPoint - 0.00811 (ms)
2026-07-13 09:38:11,239 [INFO] Pass: Size - 0.05102 (ms)
2026-07-13 09:38:11,239 [INFO] Pass: FixedPoint - 0.00477 (ms)
2026-07-13 09:38:11,240 [INFO] Total Transpile Time - 52.13857 (ms)
2026-07-13 09:38:11,241 [INFO] Pass: Optimize1qGatesDecomposition - 0.96655 (ms)
2026-07-13 09:38:11,241 [INFO] Pass: InverseCancellation - 0.00858 (ms)
2026-07-13 09:38:11,241 [INFO] Pass: GatesInBasis - 0.56982 (ms)
2026-07-13 09:38:11,241 [INFO] Pass: Depth - 0.13280 (ms)
2026-07-13 09:38:11,241 [INFO] Pass: FixedPoint - 0.00548 (ms)
2026-07-13 09:38:11,241 [INFO] Pass: Size - 0.04816 (ms)
2026-07-13 09:38:11,242 [INFO] Pass: FixedPoint - 0.00429 (ms)
2026-07-13 09:38:11,242 [INFO] Pass: Optimize1qGatesDecomposition - 0.76556 (ms)
2026-07-13 09:38:11,242 [INFO] Pass: InverseCancellation - 0.00763 (ms)
2026-07-13 09:38:11,243 [INFO] Pass: GatesInBasis - 0.55504 (ms)
2026-07-13 09:38:11,243 [INFO] Pass: Depth - 0.13185 (ms)
2026-07-13 09:38:11,243 [INFO] Pass: FixedPoint - 0.00477 (ms)
2026-07-13 09:38:11,243 [INFO] Pass: Size - 0.04768 (ms)
2026-07-13 09:38:11,243 [INFO] Pass: FixedPoint - 0.00429 (ms)
2026-07-13 09:38:11,243 [INFO] Pass: ContainsInstruction - 0.00525 (ms)
2026-07-13 09:38:11,244 [INFO] Total Transpile Time - 52.23584 (ms)
2026-07-13 09:38:11,246 [INFO] Pass: ContainsInstruction - 0.00811 (ms)
2026-07-13 09:38:11,247 [INFO] Pass: InverseCancellation - 0.15354 (ms)
2026-07-13 09:38:11,247 [INFO] Pass: UnitarySynthesis - 0.00477 (ms)
2026-07-13 09:38:11,248 [INFO] Pass: HighLevelSynthesis - 1.06835 (ms)
2026-07-13 09:38:11,248 [INFO] Pass: BasisTranslator - 0.74005 (ms)
2026-07-13 09:38:11,249 [INFO] Pass: Depth - 0.14591 (ms)
2026-07-13 09:38:11,249 [INFO] Pass: FixedPoint - 0.00858 (ms)
2026-07-13 09:38:11,249 [INFO] Pass: Size - 0.05126 (ms)
2026-07-13 09:38:11,249 [INFO] Pass: FixedPoint - 0.00453 (ms)
2026-07-13 09:38:11,250 [INFO] Pass: Optimize1qGatesDecomposition - 0.97466 (ms)
2026-07-13 09:38:11,250 [INFO] Pass: InverseCancellation - 0.00906 (ms)
2026-07-13 09:38:11,251 [INFO] Pass: GatesInBasis - 0.56076 (ms)
2026-07-13 09:38:11,251 [INFO] Pass: Depth - 0.13304 (ms)
2026-07-13 09:38:11,251 [INFO] Pass: FixedPoint - 0.00572 (ms)
2026-07-13 09:38:11,251 [INFO] Pass: Size - 0.04745 (ms)
2026-07-13 09:38:11,251 [INFO] Pass: FixedPoint - 0.00405 (ms)
2026-07-13 09:38:11,252 [INFO] Pass: Optimize1qGatesDecomposition - 0.76509 (ms)
2026-07-13 09:38:11,252 [INFO] Pass: InverseCancellation - 0.00715 (ms)
2026-07-13 09:38:11,252 [INFO] Pass: GatesInBasis - 0.57530 (ms)
2026-07-13 09:38:11,252 [INFO] Pass: Depth - 0.12612 (ms)
2026-07-13 09:38:11,253 [INFO] Pass: FixedPoint - 0.00501 (ms)
2026-07-13 09:38:11,253 [INFO] Pass: Size - 0.04721 (ms)
2026-07-13 09:38:11,253 [INFO] Pass: FixedPoint - 0.00429 (ms)
2026-07-13 09:38:11,253 [INFO] Pass: ContainsInstruction - 0.00525 (ms)
2026-07-13 09:38:11,254 [INFO] Total Transpile Time - 52.31953 (ms)
2026-07-13 09:38:11,258 [INFO] Pass: ContainsInstruction - 0.00834 (ms)
2026-07-13 09:38:11,258 [INFO] Pass: InverseCancellation - 0.15450 (ms)
2026-07-13 09:38:11,258 [INFO] Pass: UnitarySynthesis - 0.00477 (ms)
2026-07-13 09:38:11,259 [INFO] Pass: HighLevelSynthesis - 1.08504 (ms)
2026-07-13 09:38:11,260 [INFO] Pass: BasisTranslator - 0.73481 (ms)
2026-07-13 09:38:11,260 [INFO] Pass: Depth - 0.14329 (ms)
2026-07-13 09:38:11,260 [INFO] Pass: FixedPoint - 0.00763 (ms)
2026-07-13 09:38:11,261 [INFO] Pass: Size - 0.05078 (ms)
2026-07-13 09:38:11,261 [INFO] Pass: FixedPoint - 0.00453 (ms)
2026-07-13 09:38:11,262 [INFO] Pass: Optimize1qGatesDecomposition - 0.96869 (ms)
2026-07-13 09:38:11,262 [INFO] Pass: InverseCancellation - 0.00787 (ms)
2026-07-13 09:38:11,262 [INFO] Pass: GatesInBasis - 0.55766 (ms)
2026-07-13 09:38:11,262 [INFO] Pass: Depth - 0.13089 (ms)
2026-07-13 09:38:11,262 [INFO] Pass: FixedPoint - 0.00548 (ms)
2026-07-13 09:38:11,263 [INFO] Pass: Size - 0.04745 (ms)
2026-07-13 09:38:11,263 [INFO] Pass: FixedPoint - 0.00453 (ms)
2026-07-13 09:38:11,263 [INFO] Pass: Optimize1qGatesDecomposition - 0.76461 (ms)
2026-07-13 09:38:11,263 [INFO] Pass: InverseCancellation - 0.00715 (ms)
2026-07-13 09:38:11,264 [INFO] Pass: GatesInBasis - 0.56005 (ms)
2026-07-13 09:38:11,264 [INFO] Pass: Depth - 0.12493 (ms)
2026-07-13 09:38:11,264 [INFO] Pass: FixedPoint - 0.00501 (ms)
2026-07-13 09:38:11,264 [INFO] Pass: Size - 0.04768 (ms)
2026-07-13 09:38:11,264 [INFO] Pass: FixedPoint - 0.00429 (ms)
2026-07-13 09:38:11,264 [INFO] Pass: ContainsInstruction - 0.00572 (ms)
2026-07-13 09:38:11,265 [INFO] Total Transpile Time - 52.36769 (ms)
2026-07-13 09:38:55,748 [INFO] [PCE] Aer metadata (1a ejecucion de este proceso): device=CPU method=matrix_product_state shots=8192 fusion_enabled=False
2026-07-13 09:38:55,760 [INFO] [PCE] Aer metadata (1a ejecucion de este proceso): device=CPU method=matrix_product_state shots=8192 fusion_enabled=False
2026-07-13 09:38:55,768 [INFO] [PCE] Aer metadata (1a ejecucion de este proceso): device=CPU method=matrix_product_state shots=8192 fusion_enabled=False
2026-07-13 09:38:55,797 [INFO] [PCE] Aer metadata (1a ejecucion de este proceso): device=CPU method=matrix_product_state shots=8192 fusion_enabled=False
2026-07-13 09:38:55,861 [INFO] [PCE] Aer metadata (1a ejecucion de este proceso): device=CPU method=matrix_product_state shots=8192 fusion_enabled=False
2026-07-13 09:38:55,869 [INFO] [PCE] Aer metadata (1a ejecucion de este proceso): device=CPU method=matrix_product_state shots=8192 fusion_enabled=False
2026-07-13 09:38:55,881 [INFO] [PCE] Aer metadata (1a ejecucion de este proceso): device=CPU method=matrix_product_state shots=8192 fusion_enabled=False
2026-07-13 09:38:55,910 [INFO] [PCE] Aer metadata (1a ejecucion de este proceso): device=CPU method=matrix_product_state shots=8192 fusion_enabled=False
2026-07-13 09:38:55,918 [INFO] [PCE] Aer metadata (1a ejecucion de este proceso): device=CPU method=matrix_product_state shots=8192 fusion_enabled=False
2026-07-13 09:38:55,918 [INFO] [PCE] Aer metadata (1a ejecucion de este proceso): device=CPU method=matrix_product_state shots=8192 fusion_enabled=False
2026-07-13 09:38:55,943 [INFO] [PCE] Aer metadata (1a ejecucion de este proceso): device=CPU method=matrix_product_state shots=8192 fusion_enabled=False
2026-07-13 09:38:55,947 [INFO] [PCE] Aer metadata (1a ejecucion de este proceso): device=CPU method=matrix_product_state shots=8192 fusion_enabled=False
2026-07-13 09:38:55,991 [INFO] [PCE] Aer metadata (1a ejecucion de este proceso): device=CPU method=matrix_product_state shots=8192 fusion_enabled=False
2026-07-13 09:38:56,011 [INFO] [PCE] Aer metadata (1a ejecucion de este proceso): device=CPU method=matrix_product_state shots=8192 fusion_enabled=False
2026-07-13 09:38:56,027 [INFO] [PCE] Aer metadata (1a ejecucion de este proceso): device=CPU method=matrix_product_state shots=8192 fusion_enabled=False
2026-07-13 09:38:56,274 [INFO] [PCE] Aer metadata (1a ejecucion de este proceso): device=CPU method=matrix_product_state shots=8192 fusion_enabled=False
slurmstepd: error: *** JOB 8424857 ON ilk-199 CANCELLED AT 2026-07-14T09:38:23 DUE TO TIME LIMIT ***
