gcc/system unloaded
gcccore/system unloaded
cesga/2022 unloaded
rust/1.75.0 unloaded
imkl/2022.0.1 unloaded
numpy/1.26.4 unloaded
scipy/1.13.1 unloaded
flint/2.8.4 unloaded
symengine/0.11.1 unloaded
symengine-python/0.11.0 unloaded
spdlog/1.9.2 unloaded
pylatexenc/2.10 unloaded
qiskit/1.2.4-aer-gpu-cu11 unloaded
        Preparing the environment for use of the CESGA 2022 software stack.
        Please rebuild modules cache: module --ignore-cache avail
     
cesga/2022 loaded
rust/1.75.0 loaded

imkl/2023.2.0 loaded
numpy/1.26.4 loaded
scipy/1.13.1 loaded
imkl/2023.2.0 unloaded

imkl/2022.0.1 loaded
flint/2.8.4 loaded
symengine/0.11.1 loaded
symengine-python/0.11.0 loaded
spdlog/1.9.2 loaded
pylatexenc/2.10 loaded
gcccore/system loaded
gcc/system loaded
qiskit/1.2.4-aer-gpu-cu11 loaded
2026-07-13 09:53:00,955 [INFO] [PCE] n=250 chunk 4/5: 20 instancias [3, 8, 13, 18, 23, 28, 33, 38, 43, 48, 53, 58, 63, 68, 73, 78, 83, 88, 93, 98], num_workers=16, qubits=14
2026-07-13 09:53:00,955 [INFO] [PCE] n=250 paralelizando 20 instancias entre 16 workers (max_parallel_threads=1 fijo, independiente de num_workers)
2026-07-13 09:53:01,092 [INFO] Pass: ContainsInstruction - 0.01550 (ms)
2026-07-13 09:53:01,092 [INFO] Pass: InverseCancellation - 0.01836 (ms)
2026-07-13 09:53:01,092 [INFO] Pass: UnitarySynthesis - 0.00954 (ms)
2026-07-13 09:53:01,093 [INFO] Pass: HighLevelSynthesis - 1.29652 (ms)
2026-07-13 09:53:01,093 [INFO] Pass: ContainsInstruction - 0.01526 (ms)
2026-07-13 09:53:01,094 [INFO] Pass: InverseCancellation - 0.01836 (ms)
2026-07-13 09:53:01,094 [INFO] Pass: UnitarySynthesis - 0.00596 (ms)
2026-07-13 09:53:01,094 [INFO] Pass: BasisTranslator - 0.67568 (ms)
2026-07-13 09:53:01,094 [INFO] Pass: Depth - 0.18239 (ms)
2026-07-13 09:53:01,094 [INFO] Pass: FixedPoint - 0.01216 (ms)
2026-07-13 09:53:01,095 [INFO] Pass: Size - 0.05841 (ms)
2026-07-13 09:53:01,095 [INFO] Pass: FixedPoint - 0.00477 (ms)
2026-07-13 09:53:01,095 [INFO] Pass: Optimize1qGatesDecomposition - 0.14186 (ms)
2026-07-13 09:53:01,095 [INFO] Pass: InverseCancellation - 0.00811 (ms)
2026-07-13 09:53:01,095 [INFO] Pass: HighLevelSynthesis - 1.35946 (ms)
2026-07-13 09:53:01,095 [INFO] Pass: GatesInBasis - 0.62227 (ms)
2026-07-13 09:53:01,096 [INFO] Pass: ContainsInstruction - 0.01383 (ms)
2026-07-13 09:53:01,096 [INFO] Pass: Depth - 0.14114 (ms)
2026-07-13 09:53:01,096 [INFO] Pass: FixedPoint - 0.00501 (ms)
2026-07-13 09:53:01,096 [INFO] Pass: BasisTranslator - 0.62799 (ms)
2026-07-13 09:53:01,096 [INFO] Pass: InverseCancellation - 0.01860 (ms)
2026-07-13 09:53:01,096 [INFO] Pass: Size - 0.05269 (ms)
2026-07-13 09:53:01,096 [INFO] Pass: UnitarySynthesis - 0.00882 (ms)
2026-07-13 09:53:01,096 [INFO] Pass: FixedPoint - 0.00429 (ms)
2026-07-13 09:53:01,096 [INFO] Pass: ContainsInstruction - 0.00596 (ms)
2026-07-13 09:53:01,096 [INFO] Pass: Depth - 0.17476 (ms)
2026-07-13 09:53:01,096 [INFO] Pass: FixedPoint - 0.01240 (ms)
2026-07-13 09:53:01,096 [INFO] Pass: Size - 0.05746 (ms)
2026-07-13 09:53:01,096 [INFO] Pass: FixedPoint - 0.00453 (ms)
2026-07-13 09:53:01,096 [INFO] Pass: Optimize1qGatesDecomposition - 0.13947 (ms)
2026-07-13 09:53:01,096 [INFO] Pass: InverseCancellation - 0.00739 (ms)
2026-07-13 09:53:01,097 [INFO] Pass: GatesInBasis - 0.61536 (ms)
2026-07-13 09:53:01,097 [INFO] Pass: HighLevelSynthesis - 1.29867 (ms)
2026-07-13 09:53:01,097 [INFO] Total Transpile Time - 73.46654 (ms)
2026-07-13 09:53:01,097 [INFO] Pass: Depth - 0.14472 (ms)
2026-07-13 09:53:01,097 [INFO] Pass: FixedPoint - 0.00501 (ms)
2026-07-13 09:53:01,097 [INFO] Pass: Size - 0.05245 (ms)
2026-07-13 09:53:01,097 [INFO] Pass: FixedPoint - 0.00429 (ms)
2026-07-13 09:53:01,097 [INFO] Pass: ContainsInstruction - 0.00525 (ms)
2026-07-13 09:53:01,098 [INFO] Pass: BasisTranslator - 0.67854 (ms)
2026-07-13 09:53:01,098 [INFO] Pass: Depth - 0.17405 (ms)
2026-07-13 09:53:01,098 [INFO] Pass: FixedPoint - 0.01168 (ms)
2026-07-13 09:53:01,098 [INFO] Pass: Size - 0.06676 (ms)
2026-07-13 09:53:01,098 [INFO] Pass: FixedPoint - 0.00501 (ms)
2026-07-13 09:53:01,098 [INFO] Pass: ContainsInstruction - 0.01383 (ms)
2026-07-13 09:53:01,098 [INFO] Pass: InverseCancellation - 0.01693 (ms)
2026-07-13 09:53:01,098 [INFO] Pass: UnitarySynthesis - 0.00882 (ms)
2026-07-13 09:53:01,098 [INFO] Pass: Optimize1qGatesDecomposition - 0.14544 (ms)
2026-07-13 09:53:01,099 [INFO] Pass: InverseCancellation - 0.00739 (ms)
2026-07-13 09:53:01,099 [INFO] Total Transpile Time - 70.64843 (ms)
2026-07-13 09:53:01,099 [INFO] Pass: GatesInBasis - 0.61727 (ms)
2026-07-13 09:53:01,099 [INFO] Pass: Depth - 0.14114 (ms)
2026-07-13 09:53:01,099 [INFO] Pass: FixedPoint - 0.00548 (ms)
2026-07-13 09:53:01,099 [INFO] Pass: Size - 0.05293 (ms)
2026-07-13 09:53:01,100 [INFO] Pass: FixedPoint - 0.00405 (ms)
2026-07-13 09:53:01,100 [INFO] Pass: ContainsInstruction - 0.00620 (ms)
2026-07-13 09:53:01,100 [INFO] Pass: HighLevelSynthesis - 1.25885 (ms)
2026-07-13 09:53:01,100 [INFO] Pass: BasisTranslator - 0.68402 (ms)
2026-07-13 09:53:01,101 [INFO] Pass: Depth - 0.17834 (ms)
2026-07-13 09:53:01,101 [INFO] Pass: FixedPoint - 0.01216 (ms)
2026-07-13 09:53:01,101 [INFO] Pass: Size - 0.05817 (ms)
2026-07-13 09:53:01,101 [INFO] Total Transpile Time - 69.95463 (ms)
2026-07-13 09:53:01,101 [INFO] Pass: FixedPoint - 0.00501 (ms)
2026-07-13 09:53:01,101 [INFO] Pass: Optimize1qGatesDecomposition - 0.13018 (ms)
2026-07-13 09:53:01,101 [INFO] Pass: InverseCancellation - 0.00715 (ms)
2026-07-13 09:53:01,102 [INFO] Pass: GatesInBasis - 0.66447 (ms)
2026-07-13 09:53:01,102 [INFO] Pass: Depth - 0.13971 (ms)
2026-07-13 09:53:01,102 [INFO] Pass: FixedPoint - 0.00572 (ms)
2026-07-13 09:53:01,102 [INFO] Pass: ContainsInstruction - 0.01454 (ms)
2026-07-13 09:53:01,102 [INFO] Pass: Size - 0.05341 (ms)
2026-07-13 09:53:01,102 [INFO] Pass: InverseCancellation - 0.02170 (ms)
2026-07-13 09:53:01,102 [INFO] Pass: FixedPoint - 0.00429 (ms)
2026-07-13 09:53:01,102 [INFO] Pass: ContainsInstruction - 0.00596 (ms)
2026-07-13 09:53:01,102 [INFO] Pass: UnitarySynthesis - 0.00811 (ms)
2026-07-13 09:53:01,103 [INFO] Total Transpile Time - 70.04809 (ms)
2026-07-13 09:53:01,104 [INFO] Pass: HighLevelSynthesis - 1.31989 (ms)
2026-07-13 09:53:01,104 [INFO] Pass: BasisTranslator - 0.62656 (ms)
2026-07-13 09:53:01,104 [INFO] Pass: Depth - 0.17643 (ms)
2026-07-13 09:53:01,105 [INFO] Pass: FixedPoint - 0.01240 (ms)
2026-07-13 09:53:01,105 [INFO] Pass: Size - 0.05770 (ms)
2026-07-13 09:53:01,105 [INFO] Pass: FixedPoint - 0.00453 (ms)
2026-07-13 09:53:01,105 [INFO] Pass: Optimize1qGatesDecomposition - 0.13137 (ms)
2026-07-13 09:53:01,105 [INFO] Pass: InverseCancellation - 0.00739 (ms)
2026-07-13 09:53:01,106 [INFO] Pass: GatesInBasis - 0.62084 (ms)
2026-07-13 09:53:01,106 [INFO] Pass: Depth - 0.13924 (ms)
2026-07-13 09:53:01,106 [INFO] Pass: FixedPoint - 0.00477 (ms)
2026-07-13 09:53:01,106 [INFO] Pass: ContainsInstruction - 0.01383 (ms)
2026-07-13 09:53:01,106 [INFO] Pass: Size - 0.05245 (ms)
2026-07-13 09:53:01,106 [INFO] Pass: FixedPoint - 0.00405 (ms)
2026-07-13 09:53:01,106 [INFO] Pass: InverseCancellation - 0.02003 (ms)
2026-07-13 09:53:01,106 [INFO] Pass: ContainsInstruction - 0.00525 (ms)
2026-07-13 09:53:01,106 [INFO] Pass: UnitarySynthesis - 0.00739 (ms)
2026-07-13 09:53:01,107 [INFO] Total Transpile Time - 70.11199 (ms)
2026-07-13 09:53:01,107 [INFO] Pass: HighLevelSynthesis - 1.27316 (ms)
2026-07-13 09:53:01,108 [INFO] Pass: BasisTranslator - 0.62037 (ms)
2026-07-13 09:53:01,108 [INFO] Pass: Depth - 0.18668 (ms)
2026-07-13 09:53:01,108 [INFO] Pass: FixedPoint - 0.01144 (ms)
2026-07-13 09:53:01,108 [INFO] Pass: Size - 0.05770 (ms)
2026-07-13 09:53:01,108 [INFO] Pass: FixedPoint - 0.00453 (ms)
2026-07-13 09:53:01,109 [INFO] Pass: Optimize1qGatesDecomposition - 0.13089 (ms)
2026-07-13 09:53:01,109 [INFO] Pass: InverseCancellation - 0.00787 (ms)
2026-07-13 09:53:01,109 [INFO] Pass: ContainsInstruction - 0.01478 (ms)
2026-07-13 09:53:01,109 [INFO] Pass: InverseCancellation - 0.02003 (ms)
2026-07-13 09:53:01,109 [INFO] Pass: UnitarySynthesis - 0.00978 (ms)
2026-07-13 09:53:01,109 [INFO] Pass: GatesInBasis - 0.67186 (ms)
2026-07-13 09:53:01,109 [INFO] Pass: Depth - 0.13947 (ms)
2026-07-13 09:53:01,110 [INFO] Pass: FixedPoint - 0.00525 (ms)
2026-07-13 09:53:01,110 [INFO] Pass: Size - 0.05341 (ms)
2026-07-13 09:53:01,110 [INFO] Pass: FixedPoint - 0.00429 (ms)
2026-07-13 09:53:01,110 [INFO] Pass: ContainsInstruction - 0.00548 (ms)
2026-07-13 09:53:01,110 [INFO] Pass: HighLevelSynthesis - 1.37258 (ms)
2026-07-13 09:53:01,111 [INFO] Pass: BasisTranslator - 0.62490 (ms)
2026-07-13 09:53:01,111 [INFO] Total Transpile Time - 70.68801 (ms)
2026-07-13 09:53:01,111 [INFO] Pass: Depth - 0.17238 (ms)
2026-07-13 09:53:01,111 [INFO] Pass: FixedPoint - 0.01192 (ms)
2026-07-13 09:53:01,111 [INFO] Pass: Size - 0.05674 (ms)
2026-07-13 09:53:01,111 [INFO] Pass: FixedPoint - 0.00453 (ms)
2026-07-13 09:53:01,112 [INFO] Pass: Optimize1qGatesDecomposition - 0.13161 (ms)
2026-07-13 09:53:01,112 [INFO] Pass: InverseCancellation - 0.00834 (ms)
2026-07-13 09:53:01,112 [INFO] Pass: GatesInBasis - 0.62561 (ms)
2026-07-13 09:53:01,112 [INFO] Pass: Depth - 0.13947 (ms)
2026-07-13 09:53:01,112 [INFO] Pass: FixedPoint - 0.00525 (ms)
2026-07-13 09:53:01,113 [INFO] Pass: Size - 0.05221 (ms)
2026-07-13 09:53:01,113 [INFO] Pass: FixedPoint - 0.00429 (ms)
2026-07-13 09:53:01,113 [INFO] Pass: ContainsInstruction - 0.00525 (ms)
2026-07-13 09:53:01,113 [INFO] Pass: ContainsInstruction - 0.01502 (ms)
2026-07-13 09:53:01,113 [INFO] Pass: InverseCancellation - 0.01955 (ms)
2026-07-13 09:53:01,113 [INFO] Pass: UnitarySynthesis - 0.00882 (ms)
2026-07-13 09:53:01,114 [INFO] Total Transpile Time - 70.44315 (ms)
2026-07-13 09:53:01,114 [INFO] Pass: HighLevelSynthesis - 1.25456 (ms)
2026-07-13 09:53:01,115 [INFO] Pass: BasisTranslator - 0.63229 (ms)
2026-07-13 09:53:01,115 [INFO] Pass: Depth - 0.17619 (ms)
2026-07-13 09:53:01,115 [INFO] Pass: FixedPoint - 0.01216 (ms)
2026-07-13 09:53:01,115 [INFO] Pass: ContainsInstruction - 0.01478 (ms)
2026-07-13 09:53:01,115 [INFO] Pass: Size - 0.05794 (ms)
2026-07-13 09:53:01,115 [INFO] Pass: FixedPoint - 0.00453 (ms)
2026-07-13 09:53:01,115 [INFO] Pass: InverseCancellation - 0.02027 (ms)
2026-07-13 09:53:01,115 [INFO] Pass: UnitarySynthesis - 0.00811 (ms)
2026-07-13 09:53:01,115 [INFO] Pass: Optimize1qGatesDecomposition - 0.13208 (ms)
2026-07-13 09:53:01,115 [INFO] Pass: InverseCancellation - 0.00715 (ms)
2026-07-13 09:53:01,116 [INFO] Pass: GatesInBasis - 0.65303 (ms)
2026-07-13 09:53:01,116 [INFO] Pass: Depth - 0.14687 (ms)
2026-07-13 09:53:01,116 [INFO] Pass: FixedPoint - 0.00501 (ms)
2026-07-13 09:53:01,116 [INFO] Pass: Size - 0.05174 (ms)
2026-07-13 09:53:01,116 [INFO] Pass: FixedPoint - 0.00429 (ms)
2026-07-13 09:53:01,116 [INFO] Pass: ContainsInstruction - 0.00572 (ms)
2026-07-13 09:53:01,117 [INFO] Pass: HighLevelSynthesis - 1.26648 (ms)
2026-07-13 09:53:01,117 [INFO] Pass: BasisTranslator - 0.67258 (ms)
2026-07-13 09:53:01,118 [INFO] Pass: Depth - 0.17452 (ms)
2026-07-13 09:53:01,118 [INFO] Pass: FixedPoint - 0.01216 (ms)
2026-07-13 09:53:01,118 [INFO] Pass: Size - 0.05794 (ms)
2026-07-13 09:53:01,118 [INFO] Pass: FixedPoint - 0.00429 (ms)
2026-07-13 09:53:01,118 [INFO] Total Transpile Time - 70.67728 (ms)
2026-07-13 09:53:01,118 [INFO] Pass: Optimize1qGatesDecomposition - 0.12803 (ms)
2026-07-13 09:53:01,118 [INFO] Pass: InverseCancellation - 0.01025 (ms)
2026-07-13 09:53:01,119 [INFO] Pass: GatesInBasis - 0.62060 (ms)
2026-07-13 09:53:01,119 [INFO] Pass: Depth - 0.13876 (ms)
2026-07-13 09:53:01,119 [INFO] Pass: FixedPoint - 0.00501 (ms)
2026-07-13 09:53:01,119 [INFO] Pass: Size - 0.05174 (ms)
2026-07-13 09:53:01,119 [INFO] Pass: FixedPoint - 0.00453 (ms)
2026-07-13 09:53:01,119 [INFO] Pass: ContainsInstruction - 0.00548 (ms)
2026-07-13 09:53:01,119 [INFO] Pass: ContainsInstruction - 0.01478 (ms)
2026-07-13 09:53:01,119 [INFO] Pass: InverseCancellation - 0.01955 (ms)
2026-07-13 09:53:01,119 [INFO] Pass: UnitarySynthesis - 0.00811 (ms)
2026-07-13 09:53:01,120 [INFO] Total Transpile Time - 70.12677 (ms)
2026-07-13 09:53:01,121 [INFO] Pass: HighLevelSynthesis - 1.28293 (ms)
2026-07-13 09:53:01,121 [INFO] Pass: BasisTranslator - 0.67973 (ms)
2026-07-13 09:53:01,122 [INFO] Pass: Depth - 0.17643 (ms)
2026-07-13 09:53:01,122 [INFO] Pass: FixedPoint - 0.01192 (ms)
2026-07-13 09:53:01,122 [INFO] Pass: Size - 0.05722 (ms)
2026-07-13 09:53:01,122 [INFO] Pass: FixedPoint - 0.00453 (ms)
2026-07-13 09:53:01,122 [INFO] Pass: Optimize1qGatesDecomposition - 0.13280 (ms)
2026-07-13 09:53:01,122 [INFO] Pass: InverseCancellation - 0.00715 (ms)
2026-07-13 09:53:01,122 [INFO] Pass: ContainsInstruction - 0.01359 (ms)
2026-07-13 09:53:01,122 [INFO] Pass: InverseCancellation - 0.01884 (ms)
2026-07-13 09:53:01,122 [INFO] Pass: UnitarySynthesis - 0.00906 (ms)
2026-07-13 09:53:01,123 [INFO] Pass: GatesInBasis - 0.62251 (ms)
2026-07-13 09:53:01,123 [INFO] Pass: Depth - 0.13995 (ms)
2026-07-13 09:53:01,123 [INFO] Pass: FixedPoint - 0.00501 (ms)
2026-07-13 09:53:01,123 [INFO] Pass: Size - 0.05245 (ms)
2026-07-13 09:53:01,123 [INFO] Pass: FixedPoint - 0.00453 (ms)
2026-07-13 09:53:01,123 [INFO] Pass: ContainsInstruction - 0.00525 (ms)
2026-07-13 09:53:01,123 [INFO] Pass: HighLevelSynthesis - 1.24717 (ms)
2026-07-13 09:53:01,124 [INFO] Pass: BasisTranslator - 0.66710 (ms)
2026-07-13 09:53:01,124 [INFO] Total Transpile Time - 70.49680 (ms)
2026-07-13 09:53:01,124 [INFO] Pass: Depth - 0.17881 (ms)
2026-07-13 09:53:01,124 [INFO] Pass: FixedPoint - 0.01144 (ms)
2026-07-13 09:53:01,124 [INFO] Pass: Size - 0.05746 (ms)
2026-07-13 09:53:01,125 [INFO] Pass: FixedPoint - 0.00453 (ms)
2026-07-13 09:53:01,125 [INFO] Pass: Optimize1qGatesDecomposition - 0.13065 (ms)
2026-07-13 09:53:01,125 [INFO] Pass: InverseCancellation - 0.00787 (ms)
2026-07-13 09:53:01,125 [INFO] Pass: GatesInBasis - 0.63658 (ms)
2026-07-13 09:53:01,126 [INFO] Pass: Depth - 0.13781 (ms)
2026-07-13 09:53:01,126 [INFO] Pass: FixedPoint - 0.00501 (ms)
2026-07-13 09:53:01,126 [INFO] Pass: Size - 0.05174 (ms)
2026-07-13 09:53:01,126 [INFO] Pass: FixedPoint - 0.00429 (ms)
2026-07-13 09:53:01,126 [INFO] Pass: ContainsInstruction - 0.00548 (ms)
2026-07-13 09:53:01,127 [INFO] Pass: ContainsInstruction - 0.01407 (ms)
2026-07-13 09:53:01,127 [INFO] Total Transpile Time - 70.01066 (ms)
2026-07-13 09:53:01,127 [INFO] Pass: InverseCancellation - 0.01812 (ms)
2026-07-13 09:53:01,127 [INFO] Pass: UnitarySynthesis - 0.00858 (ms)
2026-07-13 09:53:01,128 [INFO] Pass: HighLevelSynthesis - 1.26481 (ms)
2026-07-13 09:53:01,129 [INFO] Pass: BasisTranslator - 0.68116 (ms)
2026-07-13 09:53:01,129 [INFO] Pass: Depth - 0.17858 (ms)
2026-07-13 09:53:01,129 [INFO] Pass: FixedPoint - 0.01192 (ms)
2026-07-13 09:53:01,130 [INFO] Pass: Size - 0.05674 (ms)
2026-07-13 09:53:01,130 [INFO] Pass: FixedPoint - 0.00477 (ms)
2026-07-13 09:53:01,130 [INFO] Pass: ContainsInstruction - 0.01526 (ms)
2026-07-13 09:53:01,130 [INFO] Pass: InverseCancellation - 0.01836 (ms)
2026-07-13 09:53:01,130 [INFO] Pass: Optimize1qGatesDecomposition - 0.12946 (ms)
2026-07-13 09:53:01,130 [INFO] Pass: UnitarySynthesis - 0.00787 (ms)
2026-07-13 09:53:01,130 [INFO] Pass: InverseCancellation - 0.00787 (ms)
2026-07-13 09:53:01,131 [INFO] Pass: GatesInBasis - 0.62442 (ms)
2026-07-13 09:53:01,131 [INFO] Pass: Depth - 0.13924 (ms)
2026-07-13 09:53:01,131 [INFO] Pass: FixedPoint - 0.00477 (ms)
2026-07-13 09:53:01,131 [INFO] Pass: Size - 0.05174 (ms)
2026-07-13 09:53:01,131 [INFO] Pass: FixedPoint - 0.00429 (ms)
2026-07-13 09:53:01,131 [INFO] Pass: ContainsInstruction - 0.00548 (ms)
2026-07-13 09:53:01,131 [INFO] Pass: HighLevelSynthesis - 1.26410 (ms)
2026-07-13 09:53:01,132 [INFO] Pass: BasisTranslator - 0.67353 (ms)
2026-07-13 09:53:01,132 [INFO] Pass: Depth - 0.17500 (ms)
2026-07-13 09:53:01,132 [INFO] Pass: FixedPoint - 0.01168 (ms)
2026-07-13 09:53:01,132 [INFO] Total Transpile Time - 71.23971 (ms)
2026-07-13 09:53:01,132 [INFO] Pass: Size - 0.06437 (ms)
2026-07-13 09:53:01,132 [INFO] Pass: FixedPoint - 0.00477 (ms)
2026-07-13 09:53:01,132 [INFO] Pass: Optimize1qGatesDecomposition - 0.12803 (ms)
2026-07-13 09:53:01,132 [INFO] Pass: InverseCancellation - 0.00763 (ms)
2026-07-13 09:53:01,133 [INFO] Pass: GatesInBasis - 0.62299 (ms)
2026-07-13 09:53:01,133 [INFO] Pass: Depth - 0.13900 (ms)
2026-07-13 09:53:01,133 [INFO] Pass: FixedPoint - 0.00501 (ms)
2026-07-13 09:53:01,133 [INFO] Pass: Size - 0.05269 (ms)
2026-07-13 09:53:01,134 [INFO] Pass: FixedPoint - 0.00453 (ms)
2026-07-13 09:53:01,134 [INFO] Pass: ContainsInstruction - 0.00548 (ms)
2026-07-13 09:53:01,134 [INFO] Pass: ContainsInstruction - 0.01526 (ms)
2026-07-13 09:53:01,134 [INFO] Pass: InverseCancellation - 0.01955 (ms)
2026-07-13 09:53:01,134 [INFO] Pass: UnitarySynthesis - 0.00763 (ms)
2026-07-13 09:53:01,135 [INFO] Total Transpile Time - 70.61338 (ms)
2026-07-13 09:53:01,135 [INFO] Pass: HighLevelSynthesis - 1.26743 (ms)
2026-07-13 09:53:01,136 [INFO] Pass: BasisTranslator - 0.67735 (ms)
2026-07-13 09:53:01,136 [INFO] Pass: Depth - 0.17667 (ms)
2026-07-13 09:53:01,136 [INFO] Pass: FixedPoint - 0.01121 (ms)
2026-07-13 09:53:01,136 [INFO] Pass: Size - 0.05674 (ms)
2026-07-13 09:53:01,136 [INFO] Pass: FixedPoint - 0.00453 (ms)
2026-07-13 09:53:01,136 [INFO] Pass: Optimize1qGatesDecomposition - 0.12898 (ms)
2026-07-13 09:53:01,137 [INFO] Pass: InverseCancellation - 0.00739 (ms)
2026-07-13 09:53:01,137 [INFO] Pass: GatesInBasis - 0.64754 (ms)
2026-07-13 09:53:01,137 [INFO] Pass: Depth - 0.13804 (ms)
2026-07-13 09:53:01,137 [INFO] Pass: FixedPoint - 0.00525 (ms)
2026-07-13 09:53:01,138 [INFO] Pass: Size - 0.05293 (ms)
2026-07-13 09:53:01,138 [INFO] Pass: FixedPoint - 0.00429 (ms)
2026-07-13 09:53:01,138 [INFO] Pass: ContainsInstruction - 0.00525 (ms)
2026-07-13 09:53:01,138 [INFO] Pass: ContainsInstruction - 0.01335 (ms)
2026-07-13 09:53:01,138 [INFO] Pass: InverseCancellation - 0.01907 (ms)
2026-07-13 09:53:01,138 [INFO] Pass: UnitarySynthesis - 0.00763 (ms)
2026-07-13 09:53:01,139 [INFO] Total Transpile Time - 70.37830 (ms)
2026-07-13 09:53:01,140 [INFO] Pass: HighLevelSynthesis - 1.24717 (ms)
2026-07-13 09:53:01,140 [INFO] Pass: ContainsInstruction - 0.01454 (ms)
2026-07-13 09:53:01,140 [INFO] Pass: InverseCancellation - 0.02003 (ms)
2026-07-13 09:53:01,140 [INFO] Pass: UnitarySynthesis - 0.00739 (ms)
2026-07-13 09:53:01,140 [INFO] Pass: BasisTranslator - 0.67353 (ms)
2026-07-13 09:53:01,141 [INFO] Pass: Depth - 0.17190 (ms)
2026-07-13 09:53:01,141 [INFO] Pass: FixedPoint - 0.01097 (ms)
2026-07-13 09:53:01,141 [INFO] Pass: Size - 0.05651 (ms)
2026-07-13 09:53:01,141 [INFO] Pass: FixedPoint - 0.00453 (ms)
2026-07-13 09:53:01,141 [INFO] Pass: Optimize1qGatesDecomposition - 0.12684 (ms)
2026-07-13 09:53:01,141 [INFO] Pass: InverseCancellation - 0.00763 (ms)
2026-07-13 09:53:01,141 [INFO] Pass: HighLevelSynthesis - 1.24359 (ms)
2026-07-13 09:53:01,142 [INFO] Pass: GatesInBasis - 0.62799 (ms)
2026-07-13 09:53:01,142 [INFO] Pass: Depth - 0.13685 (ms)
2026-07-13 09:53:01,142 [INFO] Pass: FixedPoint - 0.00501 (ms)
2026-07-13 09:53:01,142 [INFO] Pass: Size - 0.05150 (ms)
2026-07-13 09:53:01,142 [INFO] Pass: FixedPoint - 0.00453 (ms)
2026-07-13 09:53:01,142 [INFO] Pass: BasisTranslator - 0.61512 (ms)
2026-07-13 09:53:01,142 [INFO] Pass: ContainsInstruction - 0.00548 (ms)
2026-07-13 09:53:01,142 [INFO] Pass: Depth - 0.17786 (ms)
2026-07-13 09:53:01,142 [INFO] Pass: FixedPoint - 0.01097 (ms)
2026-07-13 09:53:01,142 [INFO] Pass: ContainsInstruction - 0.00763 (ms)
2026-07-13 09:53:01,142 [INFO] Pass: Size - 0.05937 (ms)
2026-07-13 09:53:01,142 [INFO] Pass: FixedPoint - 0.00477 (ms)
2026-07-13 09:53:01,143 [INFO] Pass: InverseCancellation - 0.16785 (ms)
2026-07-13 09:53:01,143 [INFO] Pass: Optimize1qGatesDecomposition - 0.12922 (ms)
2026-07-13 09:53:01,143 [INFO] Pass: UnitarySynthesis - 0.00429 (ms)
2026-07-13 09:53:01,143 [INFO] Pass: InverseCancellation - 0.00739 (ms)
2026-07-13 09:53:01,143 [INFO] Total Transpile Time - 69.40198 (ms)
2026-07-13 09:53:01,143 [INFO] Pass: GatesInBasis - 0.67067 (ms)
2026-07-13 09:53:01,144 [INFO] Pass: Depth - 0.14019 (ms)
2026-07-13 09:53:01,144 [INFO] Pass: FixedPoint - 0.00525 (ms)
2026-07-13 09:53:01,144 [INFO] Pass: Size - 0.05198 (ms)
2026-07-13 09:53:01,144 [INFO] Pass: FixedPoint - 0.00429 (ms)
2026-07-13 09:53:01,144 [INFO] Pass: ContainsInstruction - 0.00525 (ms)
2026-07-13 09:53:01,144 [INFO] Pass: HighLevelSynthesis - 1.24955 (ms)
2026-07-13 09:53:01,144 [INFO] Pass: ContainsInstruction - 0.00811 (ms)
2026-07-13 09:53:01,144 [INFO] Pass: InverseCancellation - 0.17619 (ms)
2026-07-13 09:53:01,144 [INFO] Pass: UnitarySynthesis - 0.00405 (ms)
2026-07-13 09:53:01,145 [INFO] Pass: BasisTranslator - 0.77081 (ms)
2026-07-13 09:53:01,145 [INFO] Pass: Depth - 0.15545 (ms)
2026-07-13 09:53:01,145 [INFO] Pass: FixedPoint - 0.00787 (ms)
2026-07-13 09:53:01,145 [INFO] Total Transpile Time - 69.89241 (ms)
2026-07-13 09:53:01,145 [INFO] Pass: Size - 0.05579 (ms)
2026-07-13 09:53:01,145 [INFO] Pass: FixedPoint - 0.00477 (ms)
2026-07-13 09:53:01,146 [INFO] Pass: HighLevelSynthesis - 1.23262 (ms)
2026-07-13 09:53:01,146 [INFO] Pass: ContainsInstruction - 0.00834 (ms)
2026-07-13 09:53:01,146 [INFO] Pass: InverseCancellation - 0.17834 (ms)
2026-07-13 09:53:01,146 [INFO] Pass: UnitarySynthesis - 0.00453 (ms)
2026-07-13 09:53:01,146 [INFO] Pass: BasisTranslator - 0.64254 (ms)
2026-07-13 09:53:01,147 [INFO] Pass: Depth - 0.15235 (ms)
2026-07-13 09:53:01,147 [INFO] Pass: FixedPoint - 0.00763 (ms)
2026-07-13 09:53:01,147 [INFO] Pass: Size - 0.05627 (ms)
2026-07-13 09:53:01,147 [INFO] Pass: FixedPoint - 0.00477 (ms)
2026-07-13 09:53:01,147 [INFO] Pass: Optimize1qGatesDecomposition - 1.61791 (ms)
2026-07-13 09:53:01,147 [INFO] Pass: InverseCancellation - 0.15235 (ms)
2026-07-13 09:53:01,148 [INFO] Pass: HighLevelSynthesis - 1.22356 (ms)
2026-07-13 09:53:01,148 [INFO] Pass: GatesInBasis - 0.66328 (ms)
2026-07-13 09:53:01,148 [INFO] Pass: Optimize1qGatesDecomposition - 0.92077 (ms)
2026-07-13 09:53:01,148 [INFO] Pass: Depth - 0.14925 (ms)
2026-07-13 09:53:01,148 [INFO] Pass: InverseCancellation - 0.14544 (ms)
2026-07-13 09:53:01,148 [INFO] Pass: FixedPoint - 0.00572 (ms)
2026-07-13 09:53:01,148 [INFO] Pass: Size - 0.05531 (ms)
2026-07-13 09:53:01,148 [INFO] Pass: FixedPoint - 0.00453 (ms)
2026-07-13 09:53:01,148 [INFO] Pass: ContainsInstruction - 0.00548 (ms)
2026-07-13 09:53:01,148 [INFO] Pass: BasisTranslator - 0.77677 (ms)
2026-07-13 09:53:01,148 [INFO] Pass: ContainsInstruction - 0.00811 (ms)
2026-07-13 09:53:01,149 [INFO] Pass: GatesInBasis - 0.64778 (ms)
2026-07-13 09:53:01,149 [INFO] Pass: Depth - 0.15879 (ms)
2026-07-13 09:53:01,149 [INFO] Pass: FixedPoint - 0.00858 (ms)
2026-07-13 09:53:01,149 [INFO] Pass: InverseCancellation - 0.18477 (ms)
2026-07-13 09:53:01,149 [INFO] Pass: Size - 0.05627 (ms)
2026-07-13 09:53:01,149 [INFO] Pass: UnitarySynthesis - 0.00429 (ms)
2026-07-13 09:53:01,149 [INFO] Pass: FixedPoint - 0.00453 (ms)
2026-07-13 09:53:01,149 [INFO] Pass: Depth - 0.14615 (ms)
2026-07-13 09:53:01,149 [INFO] Pass: FixedPoint - 0.00548 (ms)
2026-07-13 09:53:01,149 [INFO] Pass: Size - 0.05388 (ms)
2026-07-13 09:53:01,149 [INFO] Pass: FixedPoint - 0.00405 (ms)
2026-07-13 09:53:01,149 [INFO] Pass: ContainsInstruction - 0.00501 (ms)
2026-07-13 09:53:01,149 [INFO] Total Transpile Time - 52.00148 (ms)
2026-07-13 09:53:01,150 [INFO] Pass: Optimize1qGatesDecomposition - 0.92411 (ms)
2026-07-13 09:53:01,150 [INFO] Pass: InverseCancellation - 0.14329 (ms)
2026-07-13 09:53:01,150 [INFO] Pass: HighLevelSynthesis - 1.22261 (ms)
2026-07-13 09:53:01,150 [INFO] Total Transpile Time - 51.38302 (ms)
2026-07-13 09:53:01,151 [INFO] Pass: GatesInBasis - 0.65494 (ms)
2026-07-13 09:53:01,151 [INFO] Pass: Depth - 0.14567 (ms)
2026-07-13 09:53:01,151 [INFO] Pass: BasisTranslator - 0.78535 (ms)
2026-07-13 09:53:01,151 [INFO] Pass: FixedPoint - 0.00596 (ms)
2026-07-13 09:53:01,151 [INFO] Pass: Size - 0.05603 (ms)
2026-07-13 09:53:01,151 [INFO] Pass: FixedPoint - 0.00453 (ms)
2026-07-13 09:53:01,151 [INFO] Pass: ContainsInstruction - 0.00525 (ms)
2026-07-13 09:53:01,151 [INFO] Pass: Depth - 0.15473 (ms)
2026-07-13 09:53:01,151 [INFO] Pass: FixedPoint - 0.00763 (ms)
2026-07-13 09:53:01,151 [INFO] Pass: Size - 0.06056 (ms)
2026-07-13 09:53:01,151 [INFO] Pass: FixedPoint - 0.00477 (ms)
2026-07-13 09:53:01,152 [INFO] Pass: Optimize1qGatesDecomposition - 0.89502 (ms)
2026-07-13 09:53:01,152 [INFO] Total Transpile Time - 51.24998 (ms)
2026-07-13 09:53:01,152 [INFO] Pass: InverseCancellation - 0.14520 (ms)
2026-07-13 09:53:01,153 [INFO] Pass: ContainsInstruction - 0.00978 (ms)
2026-07-13 09:53:01,153 [INFO] Pass: InverseCancellation - 0.16785 (ms)
2026-07-13 09:53:01,153 [INFO] Pass: GatesInBasis - 0.64015 (ms)
2026-07-13 09:53:01,153 [INFO] Pass: UnitarySynthesis - 0.00453 (ms)
2026-07-13 09:53:01,153 [INFO] Pass: Depth - 0.15068 (ms)
2026-07-13 09:53:01,153 [INFO] Pass: FixedPoint - 0.00548 (ms)
2026-07-13 09:53:01,153 [INFO] Pass: Size - 0.05460 (ms)
2026-07-13 09:53:01,153 [INFO] Pass: FixedPoint - 0.00429 (ms)
2026-07-13 09:53:01,153 [INFO] Pass: ContainsInstruction - 0.00548 (ms)
2026-07-13 09:53:01,154 [INFO] Pass: HighLevelSynthesis - 1.23787 (ms)
2026-07-13 09:53:01,155 [INFO] Total Transpile Time - 51.06449 (ms)
2026-07-13 09:53:01,155 [INFO] Pass: BasisTranslator - 0.63634 (ms)
2026-07-13 09:53:01,155 [INFO] Pass: Depth - 0.15998 (ms)
2026-07-13 09:53:01,155 [INFO] Pass: FixedPoint - 0.00763 (ms)
2026-07-13 09:53:01,155 [INFO] Pass: Size - 0.05698 (ms)
2026-07-13 09:53:01,155 [INFO] Pass: FixedPoint - 0.00453 (ms)
2026-07-13 09:53:01,156 [INFO] Pass: ContainsInstruction - 0.00787 (ms)
2026-07-13 09:53:01,156 [INFO] Pass: Optimize1qGatesDecomposition - 0.91028 (ms)
2026-07-13 09:53:01,156 [INFO] Pass: InverseCancellation - 0.18525 (ms)
2026-07-13 09:53:01,156 [INFO] Pass: UnitarySynthesis - 0.00405 (ms)
2026-07-13 09:53:01,157 [INFO] Pass: InverseCancellation - 0.14424 (ms)
2026-07-13 09:53:01,157 [INFO] Pass: GatesInBasis - 0.64707 (ms)
2026-07-13 09:53:01,157 [INFO] Pass: Depth - 0.14639 (ms)
2026-07-13 09:53:01,157 [INFO] Pass: FixedPoint - 0.00572 (ms)
2026-07-13 09:53:01,158 [INFO] Pass: Size - 0.05507 (ms)
2026-07-13 09:53:01,158 [INFO] Pass: FixedPoint - 0.00405 (ms)
2026-07-13 09:53:01,158 [INFO] Pass: ContainsInstruction - 0.00501 (ms)
2026-07-13 09:53:01,158 [INFO] Pass: HighLevelSynthesis - 1.20330 (ms)
2026-07-13 09:53:01,159 [INFO] Pass: BasisTranslator - 0.78201 (ms)
2026-07-13 09:53:01,159 [INFO] Pass: Depth - 0.15640 (ms)
2026-07-13 09:53:01,159 [INFO] Pass: FixedPoint - 0.00858 (ms)
2026-07-13 09:53:01,159 [INFO] Total Transpile Time - 51.51868 (ms)
2026-07-13 09:53:01,159 [INFO] Pass: Size - 0.05579 (ms)
2026-07-13 09:53:01,159 [INFO] Pass: FixedPoint - 0.00477 (ms)
2026-07-13 09:53:01,159 [INFO] Pass: ContainsInstruction - 0.00811 (ms)
2026-07-13 09:53:01,159 [INFO] Pass: InverseCancellation - 0.16809 (ms)
2026-07-13 09:53:01,159 [INFO] Pass: UnitarySynthesis - 0.00405 (ms)
2026-07-13 09:53:01,160 [INFO] Pass: Optimize1qGatesDecomposition - 0.90122 (ms)
2026-07-13 09:53:01,160 [INFO] Pass: InverseCancellation - 0.14257 (ms)
2026-07-13 09:53:01,161 [INFO] Pass: GatesInBasis - 0.65303 (ms)
2026-07-13 09:53:01,161 [INFO] Pass: HighLevelSynthesis - 1.23572 (ms)
2026-07-13 09:53:01,161 [INFO] Pass: Depth - 0.14639 (ms)
2026-07-13 09:53:01,161 [INFO] Pass: FixedPoint - 0.00548 (ms)
2026-07-13 09:53:01,161 [INFO] Pass: Size - 0.05579 (ms)
2026-07-13 09:53:01,161 [INFO] Pass: FixedPoint - 0.00429 (ms)
2026-07-13 09:53:01,161 [INFO] Pass: ContainsInstruction - 0.00548 (ms)
2026-07-13 09:53:01,161 [INFO] Pass: BasisTranslator - 0.65470 (ms)
2026-07-13 09:53:01,162 [INFO] Pass: Depth - 0.15545 (ms)
2026-07-13 09:53:01,162 [INFO] Pass: FixedPoint - 0.00787 (ms)
2026-07-13 09:53:01,162 [INFO] Pass: Size - 0.05651 (ms)
2026-07-13 09:53:01,162 [INFO] Pass: FixedPoint - 0.00453 (ms)
2026-07-13 09:53:01,162 [INFO] Total Transpile Time - 51.21469 (ms)
2026-07-13 09:53:01,163 [INFO] Pass: Optimize1qGatesDecomposition - 0.89574 (ms)
2026-07-13 09:53:01,163 [INFO] Pass: InverseCancellation - 0.14377 (ms)
2026-07-13 09:53:01,163 [INFO] Pass: ContainsInstruction - 0.00811 (ms)
2026-07-13 09:53:01,163 [INFO] Pass: InverseCancellation - 0.17405 (ms)
2026-07-13 09:53:01,163 [INFO] Pass: UnitarySynthesis - 0.00429 (ms)
2026-07-13 09:53:01,164 [INFO] Pass: GatesInBasis - 0.65231 (ms)
2026-07-13 09:53:01,164 [INFO] Pass: Depth - 0.14544 (ms)
2026-07-13 09:53:01,164 [INFO] Pass: FixedPoint - 0.00572 (ms)
2026-07-13 09:53:01,164 [INFO] Pass: Size - 0.05484 (ms)
2026-07-13 09:53:01,164 [INFO] Pass: FixedPoint - 0.00405 (ms)
2026-07-13 09:53:01,164 [INFO] Pass: ContainsInstruction - 0.00548 (ms)
2026-07-13 09:53:01,165 [INFO] Pass: HighLevelSynthesis - 1.22094 (ms)
2026-07-13 09:53:01,165 [INFO] Total Transpile Time - 51.25117 (ms)
2026-07-13 09:53:01,165 [INFO] Pass: BasisTranslator - 0.77796 (ms)
2026-07-13 09:53:01,165 [INFO] Pass: ContainsInstruction - 0.00763 (ms)
2026-07-13 09:53:01,166 [INFO] Pass: Depth - 0.15736 (ms)
2026-07-13 09:53:01,166 [INFO] Pass: FixedPoint - 0.00787 (ms)
2026-07-13 09:53:01,166 [INFO] Pass: InverseCancellation - 0.16689 (ms)
2026-07-13 09:53:01,166 [INFO] Pass: Size - 0.05531 (ms)
2026-07-13 09:53:01,166 [INFO] Pass: UnitarySynthesis - 0.00477 (ms)
2026-07-13 09:53:01,166 [INFO] Pass: FixedPoint - 0.00429 (ms)
2026-07-13 09:53:01,167 [INFO] Pass: Optimize1qGatesDecomposition - 0.90241 (ms)
2026-07-13 09:53:01,167 [INFO] Pass: InverseCancellation - 0.15283 (ms)
2026-07-13 09:53:01,167 [INFO] Pass: HighLevelSynthesis - 1.23596 (ms)
2026-07-13 09:53:01,168 [INFO] Pass: GatesInBasis - 0.64874 (ms)
2026-07-13 09:53:01,168 [INFO] Pass: Depth - 0.14591 (ms)
2026-07-13 09:53:01,168 [INFO] Pass: BasisTranslator - 0.77462 (ms)
2026-07-13 09:53:01,168 [INFO] Pass: FixedPoint - 0.00596 (ms)
2026-07-13 09:53:01,168 [INFO] Pass: Size - 0.05507 (ms)
2026-07-13 09:53:01,168 [INFO] Pass: FixedPoint - 0.00429 (ms)
2026-07-13 09:53:01,168 [INFO] Pass: ContainsInstruction - 0.00572 (ms)
2026-07-13 09:53:01,168 [INFO] Pass: Depth - 0.15497 (ms)
2026-07-13 09:53:01,168 [INFO] Pass: FixedPoint - 0.00811 (ms)
2026-07-13 09:53:01,168 [INFO] Pass: Size - 0.05674 (ms)
2026-07-13 09:53:01,168 [INFO] Pass: FixedPoint - 0.00453 (ms)
2026-07-13 09:53:01,169 [INFO] Total Transpile Time - 51.24521 (ms)
2026-07-13 09:53:01,169 [INFO] Pass: Optimize1qGatesDecomposition - 0.89574 (ms)
2026-07-13 09:53:01,169 [INFO] Pass: InverseCancellation - 0.14806 (ms)
2026-07-13 09:53:01,170 [INFO] Pass: ContainsInstruction - 0.00978 (ms)
2026-07-13 09:53:01,170 [INFO] Pass: InverseCancellation - 0.16904 (ms)
2026-07-13 09:53:01,170 [INFO] Pass: UnitarySynthesis - 0.00429 (ms)
2026-07-13 09:53:01,170 [INFO] Pass: GatesInBasis - 0.63634 (ms)
2026-07-13 09:53:01,170 [INFO] Pass: Depth - 0.14496 (ms)
2026-07-13 09:53:01,170 [INFO] Pass: FixedPoint - 0.00572 (ms)
2026-07-13 09:53:01,170 [INFO] Pass: Size - 0.05579 (ms)
2026-07-13 09:53:01,170 [INFO] Pass: FixedPoint - 0.00429 (ms)
2026-07-13 09:53:01,170 [INFO] Pass: ContainsInstruction - 0.00477 (ms)
2026-07-13 09:53:01,171 [INFO] Pass: HighLevelSynthesis - 1.22190 (ms)
2026-07-13 09:53:01,172 [INFO] Total Transpile Time - 51.21589 (ms)
2026-07-13 09:53:01,172 [INFO] Pass: BasisTranslator - 0.76699 (ms)
2026-07-13 09:53:01,172 [INFO] Pass: ContainsInstruction - 0.00954 (ms)
2026-07-13 09:53:01,172 [INFO] Pass: Depth - 0.15974 (ms)
2026-07-13 09:53:01,172 [INFO] Pass: FixedPoint - 0.01264 (ms)
2026-07-13 09:53:01,172 [INFO] Pass: Size - 0.05794 (ms)
2026-07-13 09:53:01,172 [INFO] Pass: InverseCancellation - 0.17285 (ms)
2026-07-13 09:53:01,172 [INFO] Pass: FixedPoint - 0.00429 (ms)
2026-07-13 09:53:01,172 [INFO] Pass: UnitarySynthesis - 0.00429 (ms)
2026-07-13 09:53:01,173 [INFO] Pass: Optimize1qGatesDecomposition - 0.90480 (ms)
2026-07-13 09:53:01,174 [INFO] Pass: InverseCancellation - 0.14353 (ms)
2026-07-13 09:53:01,174 [INFO] Pass: HighLevelSynthesis - 1.20974 (ms)
2026-07-13 09:53:01,174 [INFO] Pass: GatesInBasis - 0.64373 (ms)
2026-07-13 09:53:01,174 [INFO] Pass: Depth - 0.14567 (ms)
2026-07-13 09:53:01,174 [INFO] Pass: FixedPoint - 0.00548 (ms)
2026-07-13 09:53:01,174 [INFO] Pass: BasisTranslator - 0.78344 (ms)
2026-07-13 09:53:01,175 [INFO] Pass: Size - 0.05412 (ms)
2026-07-13 09:53:01,175 [INFO] Pass: FixedPoint - 0.00453 (ms)
2026-07-13 09:53:01,175 [INFO] Pass: ContainsInstruction - 0.00811 (ms)
2026-07-13 09:53:01,175 [INFO] Pass: Depth - 0.15497 (ms)
2026-07-13 09:53:01,175 [INFO] Pass: FixedPoint - 0.01168 (ms)
2026-07-13 09:53:01,175 [INFO] Pass: Size - 0.05698 (ms)
2026-07-13 09:53:01,175 [INFO] Pass: FixedPoint - 0.00429 (ms)
2026-07-13 09:53:01,176 [INFO] Total Transpile Time - 51.38636 (ms)
2026-07-13 09:53:01,176 [INFO] Pass: Optimize1qGatesDecomposition - 0.89765 (ms)
2026-07-13 09:53:01,176 [INFO] Pass: InverseCancellation - 0.16165 (ms)
2026-07-13 09:53:01,177 [INFO] Pass: GatesInBasis - 0.65613 (ms)
2026-07-13 09:53:01,177 [INFO] Pass: Depth - 0.14639 (ms)
2026-07-13 09:53:01,177 [INFO] Pass: FixedPoint - 0.00572 (ms)
2026-07-13 09:53:01,177 [INFO] Pass: Size - 0.05603 (ms)
2026-07-13 09:53:01,177 [INFO] Pass: FixedPoint - 0.00429 (ms)
2026-07-13 09:53:01,177 [INFO] Pass: ContainsInstruction - 0.00548 (ms)
2026-07-13 09:53:01,177 [INFO] Pass: ContainsInstruction - 0.01121 (ms)
2026-07-13 09:53:01,177 [INFO] Pass: InverseCancellation - 0.16522 (ms)
2026-07-13 09:53:01,178 [INFO] Pass: UnitarySynthesis - 0.00453 (ms)
2026-07-13 09:53:01,178 [INFO] Total Transpile Time - 51.12982 (ms)
2026-07-13 09:53:01,179 [INFO] Pass: HighLevelSynthesis - 1.21546 (ms)
2026-07-13 09:53:01,180 [INFO] Pass: BasisTranslator - 0.77343 (ms)
2026-07-13 09:53:01,180 [INFO] Pass: Depth - 0.15473 (ms)
2026-07-13 09:53:01,180 [INFO] Pass: FixedPoint - 0.01431 (ms)
2026-07-13 09:53:01,180 [INFO] Pass: ContainsInstruction - 0.00811 (ms)
2026-07-13 09:53:01,180 [INFO] Pass: Size - 0.05627 (ms)
2026-07-13 09:53:01,180 [INFO] Pass: FixedPoint - 0.00477 (ms)
2026-07-13 09:53:01,180 [INFO] Pass: InverseCancellation - 0.16665 (ms)
2026-07-13 09:53:01,180 [INFO] Pass: UnitarySynthesis - 0.00453 (ms)
2026-07-13 09:53:01,181 [INFO] Pass: Optimize1qGatesDecomposition - 0.90241 (ms)
2026-07-13 09:53:01,181 [INFO] Pass: InverseCancellation - 0.14114 (ms)
2026-07-13 09:53:01,181 [INFO] Pass: HighLevelSynthesis - 1.20425 (ms)
2026-07-13 09:53:01,182 [INFO] Pass: GatesInBasis - 0.64921 (ms)
2026-07-13 09:53:01,182 [INFO] Pass: Depth - 0.14901 (ms)
2026-07-13 09:53:01,182 [INFO] Pass: FixedPoint - 0.00572 (ms)
2026-07-13 09:53:01,182 [INFO] Pass: Size - 0.05460 (ms)
2026-07-13 09:53:01,182 [INFO] Pass: FixedPoint - 0.00453 (ms)
2026-07-13 09:53:01,182 [INFO] Pass: BasisTranslator - 0.76604 (ms)
2026-07-13 09:53:01,182 [INFO] Pass: ContainsInstruction - 0.00548 (ms)
2026-07-13 09:53:01,182 [INFO] Pass: Depth - 0.15688 (ms)
2026-07-13 09:53:01,182 [INFO] Pass: FixedPoint - 0.00811 (ms)
2026-07-13 09:53:01,183 [INFO] Pass: Size - 0.05579 (ms)
2026-07-13 09:53:01,183 [INFO] Pass: FixedPoint - 0.00453 (ms)
2026-07-13 09:53:01,183 [INFO] Total Transpile Time - 51.13816 (ms)
2026-07-13 09:53:01,184 [INFO] Pass: Optimize1qGatesDecomposition - 0.90027 (ms)
2026-07-13 09:53:01,184 [INFO] Pass: InverseCancellation - 0.14472 (ms)
2026-07-13 09:53:01,184 [INFO] Pass: ContainsInstruction - 0.00978 (ms)
2026-07-13 09:53:01,184 [INFO] Pass: InverseCancellation - 0.16642 (ms)
2026-07-13 09:53:01,184 [INFO] Pass: UnitarySynthesis - 0.00405 (ms)
2026-07-13 09:53:01,184 [INFO] Pass: GatesInBasis - 0.65041 (ms)
2026-07-13 09:53:01,185 [INFO] Pass: Depth - 0.14567 (ms)
2026-07-13 09:53:01,185 [INFO] Pass: FixedPoint - 0.00572 (ms)
2026-07-13 09:53:01,185 [INFO] Pass: Size - 0.05579 (ms)
2026-07-13 09:53:01,185 [INFO] Pass: FixedPoint - 0.00429 (ms)
2026-07-13 09:53:01,185 [INFO] Pass: ContainsInstruction - 0.00548 (ms)
2026-07-13 09:53:01,185 [INFO] Pass: HighLevelSynthesis - 1.22380 (ms)
2026-07-13 09:53:01,186 [INFO] Total Transpile Time - 51.08333 (ms)
2026-07-13 09:53:01,186 [INFO] Pass: BasisTranslator - 0.77105 (ms)
2026-07-13 09:53:01,187 [INFO] Pass: Depth - 0.15473 (ms)
2026-07-13 09:53:01,187 [INFO] Pass: FixedPoint - 0.00763 (ms)
2026-07-13 09:53:01,187 [INFO] Pass: Size - 0.05531 (ms)
2026-07-13 09:53:01,187 [INFO] Pass: FixedPoint - 0.00429 (ms)
2026-07-13 09:53:01,188 [INFO] Pass: Optimize1qGatesDecomposition - 0.89908 (ms)
2026-07-13 09:53:01,188 [INFO] Pass: InverseCancellation - 0.16332 (ms)
2026-07-13 09:53:01,188 [INFO] Pass: ContainsInstruction - 0.00644 (ms)
2026-07-13 09:53:01,188 [INFO] Pass: InverseCancellation - 0.16284 (ms)
2026-07-13 09:53:01,188 [INFO] Pass: UnitarySynthesis - 0.00405 (ms)
2026-07-13 09:53:01,189 [INFO] Pass: GatesInBasis - 0.67139 (ms)
2026-07-13 09:53:01,189 [INFO] Pass: Depth - 0.14400 (ms)
2026-07-13 09:53:01,189 [INFO] Pass: FixedPoint - 0.00548 (ms)
2026-07-13 09:53:01,189 [INFO] Pass: Size - 0.05436 (ms)
2026-07-13 09:53:01,189 [INFO] Pass: FixedPoint - 0.00477 (ms)
2026-07-13 09:53:01,189 [INFO] Pass: ContainsInstruction - 0.00525 (ms)
2026-07-13 09:53:01,189 [INFO] Pass: HighLevelSynthesis - 1.23334 (ms)
2026-07-13 09:53:01,190 [INFO] Total Transpile Time - 51.20325 (ms)
2026-07-13 09:53:01,190 [INFO] Pass: ContainsInstruction - 0.00787 (ms)
2026-07-13 09:53:01,190 [INFO] Pass: BasisTranslator - 0.76985 (ms)
2026-07-13 09:53:01,190 [INFO] Pass: InverseCancellation - 0.16451 (ms)
2026-07-13 09:53:01,190 [INFO] Pass: Depth - 0.15116 (ms)
2026-07-13 09:53:01,190 [INFO] Pass: UnitarySynthesis - 0.00429 (ms)
2026-07-13 09:53:01,191 [INFO] Pass: FixedPoint - 0.00739 (ms)
2026-07-13 09:53:01,191 [INFO] Pass: Size - 0.05579 (ms)
2026-07-13 09:53:01,191 [INFO] Pass: FixedPoint - 0.00453 (ms)
2026-07-13 09:53:01,192 [INFO] Pass: Optimize1qGatesDecomposition - 0.89073 (ms)
2026-07-13 09:53:01,192 [INFO] Pass: HighLevelSynthesis - 1.22571 (ms)
2026-07-13 09:53:01,192 [INFO] Pass: InverseCancellation - 0.14353 (ms)
2026-07-13 09:53:01,192 [INFO] Pass: GatesInBasis - 0.65422 (ms)
2026-07-13 09:53:01,193 [INFO] Pass: BasisTranslator - 0.78273 (ms)
2026-07-13 09:53:01,193 [INFO] Pass: Depth - 0.14591 (ms)
2026-07-13 09:53:01,193 [INFO] Pass: FixedPoint - 0.00548 (ms)
2026-07-13 09:53:01,193 [INFO] Pass: Depth - 0.15736 (ms)
2026-07-13 09:53:01,193 [INFO] Pass: Size - 0.05460 (ms)
2026-07-13 09:53:01,193 [INFO] Pass: FixedPoint - 0.00453 (ms)
2026-07-13 09:53:01,193 [INFO] Pass: FixedPoint - 0.00787 (ms)
2026-07-13 09:53:01,193 [INFO] Pass: ContainsInstruction - 0.00548 (ms)
2026-07-13 09:53:01,193 [INFO] Pass: Size - 0.05746 (ms)
2026-07-13 09:53:01,193 [INFO] Pass: FixedPoint - 0.00453 (ms)
2026-07-13 09:53:01,194 [INFO] Pass: Optimize1qGatesDecomposition - 0.90814 (ms)
2026-07-13 09:53:01,194 [INFO] Total Transpile Time - 50.65465 (ms)
2026-07-13 09:53:01,194 [INFO] Pass: InverseCancellation - 0.14257 (ms)
2026-07-13 09:53:01,195 [INFO] Pass: GatesInBasis - 0.67210 (ms)
2026-07-13 09:53:01,195 [INFO] Pass: ContainsInstruction - 0.00811 (ms)
2026-07-13 09:53:01,195 [INFO] Pass: Depth - 0.14901 (ms)
2026-07-13 09:53:01,195 [INFO] Pass: FixedPoint - 0.00548 (ms)
2026-07-13 09:53:01,195 [INFO] Pass: InverseCancellation - 0.16904 (ms)
2026-07-13 09:53:01,195 [INFO] Pass: UnitarySynthesis - 0.00453 (ms)
2026-07-13 09:53:01,195 [INFO] Pass: Size - 0.05507 (ms)
2026-07-13 09:53:01,195 [INFO] Pass: FixedPoint - 0.00429 (ms)
2026-07-13 09:53:01,195 [INFO] Pass: ContainsInstruction - 0.00525 (ms)
2026-07-13 09:53:01,195 [INFO] Pass: ContainsInstruction - 0.00763 (ms)
2026-07-13 09:53:01,195 [INFO] Pass: InverseCancellation - 0.16713 (ms)
2026-07-13 09:53:01,196 [INFO] Pass: UnitarySynthesis - 0.00429 (ms)
2026-07-13 09:53:01,196 [INFO] Total Transpile Time - 51.32246 (ms)
2026-07-13 09:53:01,196 [INFO] Pass: HighLevelSynthesis - 1.30773 (ms)
2026-07-13 09:53:01,197 [INFO] Pass: HighLevelSynthesis - 1.30415 (ms)
2026-07-13 09:53:01,197 [INFO] Pass: ContainsInstruction - 0.00811 (ms)
2026-07-13 09:53:01,197 [INFO] Pass: InverseCancellation - 0.17071 (ms)
2026-07-13 09:53:01,197 [INFO] Pass: UnitarySynthesis - 0.00405 (ms)
2026-07-13 09:53:01,197 [INFO] Pass: BasisTranslator - 0.83303 (ms)
2026-07-13 09:53:01,198 [INFO] Pass: Depth - 0.16475 (ms)
2026-07-13 09:53:01,198 [INFO] Pass: FixedPoint - 0.00930 (ms)
2026-07-13 09:53:01,198 [INFO] Pass: BasisTranslator - 0.68378 (ms)
2026-07-13 09:53:01,198 [INFO] Pass: Size - 0.05913 (ms)
2026-07-13 09:53:01,198 [INFO] Pass: FixedPoint - 0.00501 (ms)
2026-07-13 09:53:01,198 [INFO] Pass: Depth - 0.16308 (ms)
2026-07-13 09:53:01,198 [INFO] Pass: FixedPoint - 0.00763 (ms)
2026-07-13 09:53:01,198 [INFO] Pass: Size - 0.05817 (ms)
2026-07-13 09:53:01,198 [INFO] Pass: FixedPoint - 0.00453 (ms)
2026-07-13 09:53:01,199 [INFO] Pass: HighLevelSynthesis - 1.30081 (ms)
2026-07-13 09:53:01,199 [INFO] Pass: Optimize1qGatesDecomposition - 1.01113 (ms)
2026-07-13 09:53:01,199 [INFO] Pass: InverseCancellation - 0.00811 (ms)
2026-07-13 09:53:01,199 [INFO] Pass: Optimize1qGatesDecomposition - 1.01042 (ms)
2026-07-13 09:53:01,199 [INFO] Pass: InverseCancellation - 0.00787 (ms)
2026-07-13 09:53:01,199 [INFO] Pass: ContainsInstruction - 0.00787 (ms)
2026-07-13 09:53:01,199 [INFO] Pass: BasisTranslator - 0.81801 (ms)
2026-07-13 09:53:01,200 [INFO] Pass: GatesInBasis - 0.65613 (ms)
2026-07-13 09:53:01,200 [INFO] Pass: InverseCancellation - 0.16332 (ms)
2026-07-13 09:53:01,200 [INFO] Pass: UnitarySynthesis - 0.00477 (ms)
2026-07-13 09:53:01,200 [INFO] Pass: Depth - 0.16260 (ms)
2026-07-13 09:53:01,200 [INFO] Pass: Depth - 0.15044 (ms)
2026-07-13 09:53:01,200 [INFO] Pass: FixedPoint - 0.00834 (ms)
2026-07-13 09:53:01,200 [INFO] Pass: FixedPoint - 0.00548 (ms)
2026-07-13 09:53:01,200 [INFO] Pass: GatesInBasis - 0.65088 (ms)
2026-07-13 09:53:01,200 [INFO] Pass: Size - 0.05841 (ms)
2026-07-13 09:53:01,200 [INFO] Pass: Size - 0.05484 (ms)
2026-07-13 09:53:01,200 [INFO] Pass: FixedPoint - 0.00453 (ms)
2026-07-13 09:53:01,200 [INFO] Pass: FixedPoint - 0.00429 (ms)
2026-07-13 09:53:01,200 [INFO] Pass: Depth - 0.15092 (ms)
2026-07-13 09:53:01,200 [INFO] Pass: FixedPoint - 0.00548 (ms)
2026-07-13 09:53:01,200 [INFO] Pass: Size - 0.05603 (ms)
2026-07-13 09:53:01,200 [INFO] Pass: FixedPoint - 0.00429 (ms)
2026-07-13 09:53:01,201 [INFO] Pass: Optimize1qGatesDecomposition - 0.81134 (ms)
2026-07-13 09:53:01,201 [INFO] Pass: InverseCancellation - 0.00691 (ms)
2026-07-13 09:53:01,201 [INFO] Pass: Optimize1qGatesDecomposition - 1.01662 (ms)
2026-07-13 09:53:01,201 [INFO] Pass: HighLevelSynthesis - 1.30129 (ms)
2026-07-13 09:53:01,201 [INFO] Pass: InverseCancellation - 0.00739 (ms)
2026-07-13 09:53:01,201 [INFO] Pass: Optimize1qGatesDecomposition - 0.80919 (ms)
2026-07-13 09:53:01,201 [INFO] Pass: InverseCancellation - 0.00691 (ms)
2026-07-13 09:53:01,201 [INFO] Pass: GatesInBasis - 0.63014 (ms)
2026-07-13 09:53:01,202 [INFO] Pass: Depth - 0.14806 (ms)
2026-07-13 09:53:01,202 [INFO] Pass: GatesInBasis - 0.64206 (ms)
2026-07-13 09:53:01,202 [INFO] Pass: FixedPoint - 0.00477 (ms)
2026-07-13 09:53:01,202 [INFO] Pass: Size - 0.05412 (ms)
2026-07-13 09:53:01,202 [INFO] Pass: GatesInBasis - 0.69189 (ms)
2026-07-13 09:53:01,202 [INFO] Pass: FixedPoint - 0.00429 (ms)
2026-07-13 09:53:01,202 [INFO] Pass: ContainsInstruction - 0.00572 (ms)
2026-07-13 09:53:01,202 [INFO] Pass: BasisTranslator - 0.82326 (ms)
2026-07-13 09:53:01,202 [INFO] Pass: Depth - 0.14949 (ms)
2026-07-13 09:53:01,202 [INFO] Pass: FixedPoint - 0.00525 (ms)
2026-07-13 09:53:01,202 [INFO] Pass: Depth - 0.14877 (ms)
2026-07-13 09:53:01,202 [INFO] Pass: Size - 0.05579 (ms)
2026-07-13 09:53:01,202 [INFO] Pass: FixedPoint - 0.00548 (ms)
2026-07-13 09:53:01,202 [INFO] Pass: FixedPoint - 0.00453 (ms)
2026-07-13 09:53:01,202 [INFO] Pass: Depth - 0.16212 (ms)
2026-07-13 09:53:01,202 [INFO] Pass: Size - 0.05412 (ms)
2026-07-13 09:53:01,202 [INFO] Pass: FixedPoint - 0.00763 (ms)
2026-07-13 09:53:01,202 [INFO] Pass: FixedPoint - 0.00429 (ms)
2026-07-13 09:53:01,202 [INFO] Pass: ContainsInstruction - 0.00596 (ms)
2026-07-13 09:53:01,202 [INFO] Pass: Size - 0.06366 (ms)
2026-07-13 09:53:01,202 [INFO] Pass: FixedPoint - 0.00453 (ms)
2026-07-13 09:53:01,203 [INFO] Pass: Optimize1qGatesDecomposition - 0.82493 (ms)
2026-07-13 09:53:01,203 [INFO] Pass: InverseCancellation - 0.00715 (ms)
2026-07-13 09:53:01,203 [INFO] Total Transpile Time - 53.71237 (ms)
2026-07-13 09:53:01,203 [INFO] Pass: Optimize1qGatesDecomposition - 0.99993 (ms)
2026-07-13 09:53:01,203 [INFO] Pass: InverseCancellation - 0.00787 (ms)
2026-07-13 09:53:01,203 [INFO] Total Transpile Time - 53.11394 (ms)
2026-07-13 09:53:01,204 [INFO] Pass: GatesInBasis - 0.62513 (ms)
2026-07-13 09:53:01,204 [INFO] Pass: Depth - 0.14782 (ms)
2026-07-13 09:53:01,204 [INFO] Pass: FixedPoint - 0.00525 (ms)
2026-07-13 09:53:01,204 [INFO] Pass: Size - 0.05674 (ms)
2026-07-13 09:53:01,204 [INFO] Pass: FixedPoint - 0.00453 (ms)
2026-07-13 09:53:01,204 [INFO] Pass: ContainsInstruction - 0.00834 (ms)
2026-07-13 09:53:01,204 [INFO] Pass: ContainsInstruction - 0.00572 (ms)
2026-07-13 09:53:01,204 [INFO] Pass: GatesInBasis - 0.66519 (ms)
2026-07-13 09:53:01,204 [INFO] Pass: InverseCancellation - 0.17357 (ms)
2026-07-13 09:53:01,204 [INFO] Pass: Depth - 0.15664 (ms)
2026-07-13 09:53:01,204 [INFO] Pass: UnitarySynthesis - 0.00405 (ms)
2026-07-13 09:53:01,204 [INFO] Pass: FixedPoint - 0.00525 (ms)
2026-07-13 09:53:01,204 [INFO] Pass: Size - 0.05555 (ms)
2026-07-13 09:53:01,204 [INFO] Pass: FixedPoint - 0.00405 (ms)
2026-07-13 09:53:01,205 [INFO] Total Transpile Time - 52.90127 (ms)
2026-07-13 09:53:01,205 [INFO] Pass: Optimize1qGatesDecomposition - 0.86427 (ms)
2026-07-13 09:53:01,205 [INFO] Pass: InverseCancellation - 0.00739 (ms)
2026-07-13 09:53:01,206 [INFO] Pass: HighLevelSynthesis - 1.30653 (ms)
2026-07-13 09:53:01,206 [INFO] Pass: GatesInBasis - 0.62609 (ms)
2026-07-13 09:53:01,206 [INFO] Pass: Depth - 0.15497 (ms)
2026-07-13 09:53:01,206 [INFO] Pass: FixedPoint - 0.00548 (ms)
2026-07-13 09:53:01,206 [INFO] Pass: Size - 0.05484 (ms)
2026-07-13 09:53:01,206 [INFO] Pass: BasisTranslator - 0.69308 (ms)
2026-07-13 09:53:01,206 [INFO] Pass: FixedPoint - 0.00405 (ms)
2026-07-13 09:53:01,206 [INFO] Pass: ContainsInstruction - 0.00548 (ms)
2026-07-13 09:53:01,207 [INFO] Pass: Depth - 0.16117 (ms)
2026-07-13 09:53:01,207 [INFO] Pass: FixedPoint - 0.00858 (ms)
2026-07-13 09:53:01,207 [INFO] Pass: Size - 0.05865 (ms)
2026-07-13 09:53:01,207 [INFO] Pass: FixedPoint - 0.00477 (ms)
2026-07-13 09:53:01,207 [INFO] Pass: ContainsInstruction - 0.00787 (ms)
2026-07-13 09:53:01,207 [INFO] Pass: InverseCancellation - 0.19145 (ms)
2026-07-13 09:53:01,207 [INFO] Pass: UnitarySynthesis - 0.00453 (ms)
2026-07-13 09:53:01,208 [INFO] Total Transpile Time - 52.92296 (ms)
2026-07-13 09:53:01,208 [INFO] Pass: Optimize1qGatesDecomposition - 1.02329 (ms)
2026-07-13 09:53:01,208 [INFO] Pass: InverseCancellation - 0.00787 (ms)
2026-07-13 09:53:01,209 [INFO] Pass: GatesInBasis - 0.65088 (ms)
2026-07-13 09:53:01,209 [INFO] Pass: HighLevelSynthesis - 1.28961 (ms)
2026-07-13 09:53:01,209 [INFO] Pass: Depth - 0.15545 (ms)
2026-07-13 09:53:01,209 [INFO] Pass: FixedPoint - 0.00572 (ms)
2026-07-13 09:53:01,209 [INFO] Pass: Size - 0.05436 (ms)
2026-07-13 09:53:01,209 [INFO] Pass: FixedPoint - 0.00477 (ms)
2026-07-13 09:53:01,210 [INFO] Pass: BasisTranslator - 0.81515 (ms)
2026-07-13 09:53:01,210 [INFO] Pass: Optimize1qGatesDecomposition - 0.81873 (ms)
2026-07-13 09:53:01,210 [INFO] Pass: Depth - 0.16379 (ms)
2026-07-13 09:53:01,210 [INFO] Pass: InverseCancellation - 0.00691 (ms)
2026-07-13 09:53:01,210 [INFO] Pass: FixedPoint - 0.00834 (ms)
2026-07-13 09:53:01,210 [INFO] Pass: Size - 0.05937 (ms)
2026-07-13 09:53:01,210 [INFO] Pass: FixedPoint - 0.00477 (ms)
2026-07-13 09:53:01,210 [INFO] Pass: ContainsInstruction - 0.00811 (ms)
2026-07-13 09:53:01,210 [INFO] Pass: InverseCancellation - 0.16761 (ms)
2026-07-13 09:53:01,211 [INFO] Pass: UnitarySynthesis - 0.00429 (ms)
2026-07-13 09:53:01,211 [INFO] Pass: GatesInBasis - 0.69833 (ms)
2026-07-13 09:53:01,211 [INFO] Pass: Depth - 0.14663 (ms)
2026-07-13 09:53:01,211 [INFO] Pass: FixedPoint - 0.00548 (ms)
2026-07-13 09:53:01,211 [INFO] Pass: Size - 0.05412 (ms)
2026-07-13 09:53:01,211 [INFO] Pass: FixedPoint - 0.00453 (ms)
2026-07-13 09:53:01,211 [INFO] Pass: ContainsInstruction - 0.00596 (ms)
2026-07-13 09:53:01,211 [INFO] Pass: Optimize1qGatesDecomposition - 1.00017 (ms)
2026-07-13 09:53:01,211 [INFO] Pass: InverseCancellation - 0.00787 (ms)
2026-07-13 09:53:01,212 [INFO] Pass: GatesInBasis - 0.66543 (ms)
2026-07-13 09:53:01,212 [INFO] Pass: HighLevelSynthesis - 1.30844 (ms)
2026-07-13 09:53:01,212 [INFO] Pass: Depth - 0.14973 (ms)
2026-07-13 09:53:01,212 [INFO] Pass: FixedPoint - 0.00596 (ms)
2026-07-13 09:53:01,212 [INFO] Pass: Size - 0.05460 (ms)
2026-07-13 09:53:01,212 [INFO] Total Transpile Time - 53.26509 (ms)
2026-07-13 09:53:01,212 [INFO] Pass: FixedPoint - 0.00429 (ms)
2026-07-13 09:53:01,213 [INFO] Pass: BasisTranslator - 0.68927 (ms)
2026-07-13 09:53:01,213 [INFO] Pass: Depth - 0.16546 (ms)
2026-07-13 09:53:01,213 [INFO] Pass: FixedPoint - 0.00834 (ms)
2026-07-13 09:53:01,213 [INFO] Pass: Size - 0.05841 (ms)
2026-07-13 09:53:01,213 [INFO] Pass: FixedPoint - 0.00501 (ms)
2026-07-13 09:53:01,213 [INFO] Pass: Optimize1qGatesDecomposition - 0.81062 (ms)
2026-07-13 09:53:01,213 [INFO] Pass: InverseCancellation - 0.00715 (ms)
2026-07-13 09:53:01,214 [INFO] Pass: GatesInBasis - 0.62823 (ms)
2026-07-13 09:53:01,214 [INFO] Pass: Depth - 0.14687 (ms)
2026-07-13 09:53:01,214 [INFO] Pass: FixedPoint - 0.00477 (ms)
2026-07-13 09:53:01,214 [INFO] Pass: ContainsInstruction - 0.00834 (ms)
2026-07-13 09:53:01,214 [INFO] Pass: Size - 0.05603 (ms)
2026-07-13 09:53:01,214 [INFO] Pass: Optimize1qGatesDecomposition - 1.01566 (ms)
2026-07-13 09:53:01,214 [INFO] Pass: FixedPoint - 0.00453 (ms)
2026-07-13 09:53:01,214 [INFO] Pass: ContainsInstruction - 0.00572 (ms)
2026-07-13 09:53:01,214 [INFO] Pass: InverseCancellation - 0.00787 (ms)
2026-07-13 09:53:01,214 [INFO] Pass: InverseCancellation - 0.17333 (ms)
2026-07-13 09:53:01,214 [INFO] Pass: UnitarySynthesis - 0.00477 (ms)
2026-07-13 09:53:01,215 [INFO] Pass: GatesInBasis - 0.64754 (ms)
2026-07-13 09:53:01,215 [INFO] Pass: Depth - 0.15354 (ms)
2026-07-13 09:53:01,215 [INFO] Pass: FixedPoint - 0.00548 (ms)
2026-07-13 09:53:01,215 [INFO] Pass: Size - 0.05460 (ms)
2026-07-13 09:53:01,215 [INFO] Pass: FixedPoint - 0.00429 (ms)
2026-07-13 09:53:01,215 [INFO] Total Transpile Time - 52.93274 (ms)
2026-07-13 09:53:01,216 [INFO] Pass: HighLevelSynthesis - 1.28317 (ms)
2026-07-13 09:53:01,216 [INFO] Pass: Optimize1qGatesDecomposition - 0.80752 (ms)
2026-07-13 09:53:01,216 [INFO] Pass: InverseCancellation - 0.00668 (ms)
2026-07-13 09:53:01,217 [INFO] Pass: BasisTranslator - 0.82970 (ms)
2026-07-13 09:53:01,217 [INFO] Pass: ContainsInstruction - 0.00834 (ms)
2026-07-13 09:53:01,217 [INFO] Pass: Depth - 0.16475 (ms)
2026-07-13 09:53:01,217 [INFO] Pass: FixedPoint - 0.00858 (ms)
2026-07-13 09:53:01,217 [INFO] Pass: InverseCancellation - 0.18644 (ms)
2026-07-13 09:53:01,217 [INFO] Pass: GatesInBasis - 0.69547 (ms)
2026-07-13 09:53:01,217 [INFO] Pass: UnitarySynthesis - 0.00429 (ms)
2026-07-13 09:53:01,217 [INFO] Pass: Size - 0.05960 (ms)
2026-07-13 09:53:01,217 [INFO] Pass: FixedPoint - 0.00453 (ms)
2026-07-13 09:53:01,217 [INFO] Pass: Depth - 0.14544 (ms)
2026-07-13 09:53:01,217 [INFO] Pass: FixedPoint - 0.00525 (ms)
2026-07-13 09:53:01,217 [INFO] Pass: Size - 0.05436 (ms)
2026-07-13 09:53:01,217 [INFO] Pass: FixedPoint - 0.00834 (ms)
2026-07-13 09:53:01,217 [INFO] Pass: ContainsInstruction - 0.00620 (ms)
2026-07-13 09:53:01,218 [INFO] Pass: Optimize1qGatesDecomposition - 1.00517 (ms)
2026-07-13 09:53:01,218 [INFO] Pass: InverseCancellation - 0.00834 (ms)
2026-07-13 09:53:01,218 [INFO] Pass: HighLevelSynthesis - 1.30677 (ms)
2026-07-13 09:53:01,218 [INFO] Total Transpile Time - 53.09248 (ms)
2026-07-13 09:53:01,219 [INFO] Pass: GatesInBasis - 0.64039 (ms)
2026-07-13 09:53:01,219 [INFO] Pass: Depth - 0.14806 (ms)
2026-07-13 09:53:01,219 [INFO] Pass: FixedPoint - 0.00548 (ms)
2026-07-13 09:53:01,219 [INFO] Pass: Size - 0.05531 (ms)
2026-07-13 09:53:01,219 [INFO] Pass: FixedPoint - 0.00429 (ms)
2026-07-13 09:53:01,219 [INFO] Pass: BasisTranslator - 0.82445 (ms)
2026-07-13 09:53:01,219 [INFO] Pass: Depth - 0.16999 (ms)
2026-07-13 09:53:01,219 [INFO] Pass: FixedPoint - 0.00811 (ms)
2026-07-13 09:53:01,219 [INFO] Pass: Size - 0.05889 (ms)
2026-07-13 09:53:01,219 [INFO] Pass: FixedPoint - 0.00453 (ms)
2026-07-13 09:53:01,220 [INFO] Pass: Optimize1qGatesDecomposition - 0.81205 (ms)
2026-07-13 09:53:01,220 [INFO] Pass: InverseCancellation - 0.00668 (ms)
2026-07-13 09:53:01,221 [INFO] Pass: Optimize1qGatesDecomposition - 1.00994 (ms)
2026-07-13 09:53:01,221 [INFO] Pass: InverseCancellation - 0.00787 (ms)
2026-07-13 09:53:01,221 [INFO] Pass: GatesInBasis - 0.62704 (ms)
2026-07-13 09:53:01,221 [INFO] Pass: ContainsInstruction - 0.01049 (ms)
2026-07-13 09:53:01,221 [INFO] Pass: Depth - 0.14567 (ms)
2026-07-13 09:53:01,221 [INFO] Pass: FixedPoint - 0.00501 (ms)
2026-07-13 09:53:01,221 [INFO] Pass: Size - 0.05436 (ms)
2026-07-13 09:53:01,221 [INFO] Pass: InverseCancellation - 0.16880 (ms)
2026-07-13 09:53:01,221 [INFO] Pass: FixedPoint - 0.00405 (ms)
2026-07-13 09:53:01,221 [INFO] Pass: UnitarySynthesis - 0.00429 (ms)
2026-07-13 09:53:01,221 [INFO] Pass: ContainsInstruction - 0.00572 (ms)
2026-07-13 09:53:01,221 [INFO] Pass: GatesInBasis - 0.64516 (ms)
2026-07-13 09:53:01,221 [INFO] Pass: Depth - 0.14830 (ms)
2026-07-13 09:53:01,221 [INFO] Pass: FixedPoint - 0.00525 (ms)
2026-07-13 09:53:01,222 [INFO] Pass: Size - 0.05460 (ms)
2026-07-13 09:53:01,222 [INFO] Pass: FixedPoint - 0.00453 (ms)
2026-07-13 09:53:01,222 [INFO] Total Transpile Time - 52.98901 (ms)
2026-07-13 09:53:01,222 [INFO] Pass: HighLevelSynthesis - 1.32251 (ms)
2026-07-13 09:53:01,222 [INFO] Pass: Optimize1qGatesDecomposition - 0.81062 (ms)
2026-07-13 09:53:01,223 [INFO] Pass: InverseCancellation - 0.00668 (ms)
2026-07-13 09:53:01,223 [INFO] Pass: ContainsInstruction - 0.01073 (ms)
2026-07-13 09:53:01,223 [INFO] Pass: GatesInBasis - 0.62227 (ms)
2026-07-13 09:53:01,223 [INFO] Pass: BasisTranslator - 0.82898 (ms)
2026-07-13 09:53:01,223 [INFO] Pass: Depth - 0.14424 (ms)
2026-07-13 09:53:01,223 [INFO] Pass: InverseCancellation - 0.17262 (ms)
2026-07-13 09:53:01,223 [INFO] Pass: FixedPoint - 0.00501 (ms)
2026-07-13 09:53:01,223 [INFO] Pass: UnitarySynthesis - 0.00477 (ms)
2026-07-13 09:53:01,223 [INFO] Pass: Depth - 0.16308 (ms)
2026-07-13 09:53:01,223 [INFO] Pass: Size - 0.05484 (ms)
2026-07-13 09:53:01,223 [INFO] Pass: FixedPoint - 0.01049 (ms)
2026-07-13 09:53:01,224 [INFO] Pass: FixedPoint - 0.00405 (ms)
2026-07-13 09:53:01,224 [INFO] Pass: ContainsInstruction - 0.00644 (ms)
2026-07-13 09:53:01,224 [INFO] Pass: Size - 0.05984 (ms)
2026-07-13 09:53:01,224 [INFO] Pass: FixedPoint - 0.00429 (ms)
2026-07-13 09:53:01,225 [INFO] Pass: Optimize1qGatesDecomposition - 1.00231 (ms)
2026-07-13 09:53:01,225 [INFO] Pass: InverseCancellation - 0.00763 (ms)
2026-07-13 09:53:01,225 [INFO] Pass: HighLevelSynthesis - 1.29151 (ms)
2026-07-13 09:53:01,225 [INFO] Total Transpile Time - 53.13730 (ms)
2026-07-13 09:53:01,225 [INFO] Pass: GatesInBasis - 0.63920 (ms)
2026-07-13 09:53:01,226 [INFO] Pass: Depth - 0.15259 (ms)
2026-07-13 09:53:01,226 [INFO] Pass: BasisTranslator - 0.82874 (ms)
2026-07-13 09:53:01,226 [INFO] Pass: FixedPoint - 0.00548 (ms)
2026-07-13 09:53:01,226 [INFO] Pass: Size - 0.05746 (ms)
2026-07-13 09:53:01,226 [INFO] Pass: FixedPoint - 0.00429 (ms)
2026-07-13 09:53:01,226 [INFO] Pass: Depth - 0.16522 (ms)
2026-07-13 09:53:01,226 [INFO] Pass: FixedPoint - 0.01097 (ms)
2026-07-13 09:53:01,226 [INFO] Pass: Size - 0.05865 (ms)
2026-07-13 09:53:01,226 [INFO] Pass: FixedPoint - 0.00453 (ms)
2026-07-13 09:53:01,227 [INFO] Pass: Optimize1qGatesDecomposition - 0.82159 (ms)
2026-07-13 09:53:01,227 [INFO] Pass: InverseCancellation - 0.00715 (ms)
2026-07-13 09:53:01,227 [INFO] Pass: Optimize1qGatesDecomposition - 1.00541 (ms)
2026-07-13 09:53:01,227 [INFO] Pass: InverseCancellation - 0.00858 (ms)
2026-07-13 09:53:01,227 [INFO] Pass: GatesInBasis - 0.62990 (ms)
2026-07-13 09:53:01,228 [INFO] Pass: Depth - 0.14615 (ms)
2026-07-13 09:53:01,228 [INFO] Pass: FixedPoint - 0.00501 (ms)
2026-07-13 09:53:01,228 [INFO] Pass: Size - 0.05555 (ms)
2026-07-13 09:53:01,228 [INFO] Pass: FixedPoint - 0.00381 (ms)
2026-07-13 09:53:01,228 [INFO] Pass: ContainsInstruction - 0.00596 (ms)
2026-07-13 09:53:01,228 [INFO] Pass: GatesInBasis - 0.64039 (ms)
2026-07-13 09:53:01,228 [INFO] Pass: Depth - 0.15044 (ms)
2026-07-13 09:53:01,228 [INFO] Pass: FixedPoint - 0.00548 (ms)
2026-07-13 09:53:01,228 [INFO] Pass: Size - 0.05484 (ms)
2026-07-13 09:53:01,228 [INFO] Pass: FixedPoint - 0.00429 (ms)
2026-07-13 09:53:01,228 [INFO] Pass: ContainsInstruction - 0.01144 (ms)
2026-07-13 09:53:01,229 [INFO] Pass: InverseCancellation - 0.17238 (ms)
2026-07-13 09:53:01,229 [INFO] Pass: UnitarySynthesis - 0.00429 (ms)
2026-07-13 09:53:01,229 [INFO] Total Transpile Time - 53.11847 (ms)
2026-07-13 09:53:01,229 [INFO] Pass: Optimize1qGatesDecomposition - 0.81062 (ms)
2026-07-13 09:53:01,229 [INFO] Pass: InverseCancellation - 0.00691 (ms)
2026-07-13 09:53:01,230 [INFO] Pass: GatesInBasis - 0.62704 (ms)
2026-07-13 09:53:01,230 [INFO] Pass: Depth - 0.14472 (ms)
2026-07-13 09:53:01,230 [INFO] Pass: HighLevelSynthesis - 1.29271 (ms)
2026-07-13 09:53:01,230 [INFO] Pass: FixedPoint - 0.00477 (ms)
2026-07-13 09:53:01,230 [INFO] Pass: Size - 0.05436 (ms)
2026-07-13 09:53:01,230 [INFO] Pass: FixedPoint - 0.00429 (ms)
2026-07-13 09:53:01,230 [INFO] Pass: ContainsInstruction - 0.00548 (ms)
2026-07-13 09:53:01,231 [INFO] Pass: BasisTranslator - 0.84543 (ms)
2026-07-13 09:53:01,231 [INFO] Pass: ContainsInstruction - 0.00811 (ms)
2026-07-13 09:53:01,231 [INFO] Pass: Depth - 0.16379 (ms)
2026-07-13 09:53:01,231 [INFO] Pass: InverseCancellation - 0.16999 (ms)
2026-07-13 09:53:01,231 [INFO] Pass: FixedPoint - 0.01121 (ms)
2026-07-13 09:53:01,231 [INFO] Pass: UnitarySynthesis - 0.00477 (ms)
2026-07-13 09:53:01,231 [INFO] Pass: Size - 0.06509 (ms)
2026-07-13 09:53:01,231 [INFO] Pass: FixedPoint - 0.00501 (ms)
2026-07-13 09:53:01,231 [INFO] Total Transpile Time - 52.99163 (ms)
2026-07-13 09:53:01,232 [INFO] Pass: Optimize1qGatesDecomposition - 1.00970 (ms)
2026-07-13 09:53:01,232 [INFO] Pass: InverseCancellation - 0.00811 (ms)
2026-07-13 09:53:01,233 [INFO] Pass: HighLevelSynthesis - 1.30582 (ms)
2026-07-13 09:53:01,233 [INFO] Pass: GatesInBasis - 0.64588 (ms)
2026-07-13 09:53:01,233 [INFO] Pass: Depth - 0.15545 (ms)
2026-07-13 09:53:01,233 [INFO] Pass: FixedPoint - 0.00572 (ms)
2026-07-13 09:53:01,233 [INFO] Pass: Size - 0.05555 (ms)
2026-07-13 09:53:01,233 [INFO] Pass: BasisTranslator - 0.82207 (ms)
2026-07-13 09:53:01,233 [INFO] Pass: FixedPoint - 0.00429 (ms)
2026-07-13 09:53:01,234 [INFO] Pass: Depth - 0.16379 (ms)
2026-07-13 09:53:01,234 [INFO] Pass: FixedPoint - 0.00930 (ms)
2026-07-13 09:53:01,234 [INFO] Pass: Size - 0.06032 (ms)
2026-07-13 09:53:01,234 [INFO] Pass: FixedPoint - 0.00477 (ms)
2026-07-13 09:53:01,234 [INFO] Pass: Optimize1qGatesDecomposition - 0.80705 (ms)
2026-07-13 09:53:01,234 [INFO] Pass: InverseCancellation - 0.00739 (ms)
2026-07-13 09:53:01,235 [INFO] Pass: Optimize1qGatesDecomposition - 1.01781 (ms)
2026-07-13 09:53:01,235 [INFO] Pass: InverseCancellation - 0.00787 (ms)
2026-07-13 09:53:01,235 [INFO] Pass: GatesInBasis - 0.62370 (ms)
2026-07-13 09:53:01,235 [INFO] Pass: Depth - 0.14710 (ms)
2026-07-13 09:53:01,235 [INFO] Pass: FixedPoint - 0.00525 (ms)
2026-07-13 09:53:01,235 [INFO] Pass: Size - 0.05388 (ms)
2026-07-13 09:53:01,235 [INFO] Pass: ContainsInstruction - 0.00834 (ms)
2026-07-13 09:53:01,235 [INFO] Pass: FixedPoint - 0.00405 (ms)
2026-07-13 09:53:01,235 [INFO] Pass: ContainsInstruction - 0.00644 (ms)
2026-07-13 09:53:01,236 [INFO] Pass: InverseCancellation - 0.16761 (ms)
2026-07-13 09:53:01,236 [INFO] Pass: UnitarySynthesis - 0.00429 (ms)
2026-07-13 09:53:01,236 [INFO] Pass: GatesInBasis - 0.64731 (ms)
2026-07-13 09:53:01,236 [INFO] Pass: Depth - 0.15092 (ms)
2026-07-13 09:53:01,236 [INFO] Pass: FixedPoint - 0.00644 (ms)
2026-07-13 09:53:01,236 [INFO] Pass: Size - 0.05651 (ms)
2026-07-13 09:53:01,236 [INFO] Pass: FixedPoint - 0.00429 (ms)
2026-07-13 09:53:01,237 [INFO] Total Transpile Time - 53.08557 (ms)
2026-07-13 09:53:01,237 [INFO] Pass: Optimize1qGatesDecomposition - 0.80824 (ms)
2026-07-13 09:53:01,237 [INFO] Pass: InverseCancellation - 0.00691 (ms)
2026-07-13 09:53:01,237 [INFO] Pass: HighLevelSynthesis - 1.28722 (ms)
2026-07-13 09:53:01,237 [INFO] Pass: GatesInBasis - 0.62370 (ms)
2026-07-13 09:53:01,238 [INFO] Pass: Depth - 0.14520 (ms)
2026-07-13 09:53:01,238 [INFO] Pass: FixedPoint - 0.00501 (ms)
2026-07-13 09:53:01,238 [INFO] Pass: BasisTranslator - 0.82636 (ms)
2026-07-13 09:53:01,238 [INFO] Pass: Size - 0.05555 (ms)
2026-07-13 09:53:01,238 [INFO] Pass: FixedPoint - 0.00453 (ms)
2026-07-13 09:53:01,238 [INFO] Pass: ContainsInstruction - 0.00572 (ms)
2026-07-13 09:53:01,238 [INFO] Pass: Depth - 0.16379 (ms)
2026-07-13 09:53:01,238 [INFO] Pass: FixedPoint - 0.00834 (ms)
2026-07-13 09:53:01,238 [INFO] Pass: Size - 0.05913 (ms)
2026-07-13 09:53:01,238 [INFO] Pass: FixedPoint - 0.00453 (ms)
2026-07-13 09:53:01,238 [INFO] Pass: ContainsInstruction - 0.00668 (ms)
2026-07-13 09:53:01,239 [INFO] Pass: InverseCancellation - 0.16475 (ms)
2026-07-13 09:53:01,239 [INFO] Pass: UnitarySynthesis - 0.00453 (ms)
2026-07-13 09:53:01,239 [INFO] Total Transpile Time - 53.02000 (ms)
2026-07-13 09:53:01,239 [INFO] Pass: Optimize1qGatesDecomposition - 1.00851 (ms)
2026-07-13 09:53:01,239 [INFO] Pass: InverseCancellation - 0.00834 (ms)
2026-07-13 09:53:01,240 [INFO] Pass: GatesInBasis - 0.63276 (ms)
2026-07-13 09:53:01,240 [INFO] Pass: HighLevelSynthesis - 1.29199 (ms)
2026-07-13 09:53:01,240 [INFO] Pass: Depth - 0.15044 (ms)
2026-07-13 09:53:01,240 [INFO] Pass: FixedPoint - 0.00978 (ms)
2026-07-13 09:53:01,240 [INFO] Pass: Size - 0.05507 (ms)
2026-07-13 09:53:01,240 [INFO] Pass: FixedPoint - 0.00453 (ms)
2026-07-13 09:53:01,241 [INFO] Pass: BasisTranslator - 0.81801 (ms)
2026-07-13 09:53:01,241 [INFO] Pass: Depth - 0.16665 (ms)
2026-07-13 09:53:01,241 [INFO] Pass: Optimize1qGatesDecomposition - 0.85425 (ms)
2026-07-13 09:53:01,241 [INFO] Pass: FixedPoint - 0.00739 (ms)
2026-07-13 09:53:01,241 [INFO] Pass: InverseCancellation - 0.00811 (ms)
2026-07-13 09:53:01,241 [INFO] Pass: Size - 0.05817 (ms)
2026-07-13 09:53:01,241 [INFO] Pass: ContainsInstruction - 0.00811 (ms)
2026-07-13 09:53:01,241 [INFO] Pass: FixedPoint - 0.00453 (ms)
2026-07-13 09:53:01,242 [INFO] Pass: InverseCancellation - 0.18811 (ms)
2026-07-13 09:53:01,242 [INFO] Pass: UnitarySynthesis - 0.00453 (ms)
2026-07-13 09:53:01,242 [INFO] Pass: GatesInBasis - 0.69761 (ms)
2026-07-13 09:53:01,242 [INFO] Pass: Depth - 0.15211 (ms)
2026-07-13 09:53:01,242 [INFO] Pass: FixedPoint - 0.00548 (ms)
2026-07-13 09:53:01,242 [INFO] Pass: Size - 0.05579 (ms)
2026-07-13 09:53:01,242 [INFO] Pass: FixedPoint - 0.00453 (ms)
2026-07-13 09:53:01,242 [INFO] Pass: ContainsInstruction - 0.00572 (ms)
2026-07-13 09:53:01,242 [INFO] Pass: Optimize1qGatesDecomposition - 1.00136 (ms)
2026-07-13 09:53:01,242 [INFO] Pass: InverseCancellation - 0.00763 (ms)
2026-07-13 09:53:01,243 [INFO] Pass: HighLevelSynthesis - 1.29223 (ms)
2026-07-13 09:53:01,243 [INFO] Pass: GatesInBasis - 0.63658 (ms)
2026-07-13 09:53:01,243 [INFO] Pass: Depth - 0.15211 (ms)
2026-07-13 09:53:01,243 [INFO] Pass: FixedPoint - 0.00525 (ms)
2026-07-13 09:53:01,243 [INFO] Pass: Size - 0.05460 (ms)
2026-07-13 09:53:01,244 [INFO] Pass: FixedPoint - 0.00429 (ms)
2026-07-13 09:53:01,244 [INFO] Total Transpile Time - 53.37143 (ms)
2026-07-13 09:53:01,244 [INFO] Pass: BasisTranslator - 0.82588 (ms)
2026-07-13 09:53:01,244 [INFO] Pass: Depth - 0.16403 (ms)
2026-07-13 09:53:01,244 [INFO] Pass: FixedPoint - 0.00882 (ms)
2026-07-13 09:53:01,244 [INFO] Pass: Size - 0.06413 (ms)
2026-07-13 09:53:01,244 [INFO] Pass: FixedPoint - 0.00477 (ms)
2026-07-13 09:53:01,244 [INFO] Pass: Optimize1qGatesDecomposition - 0.81301 (ms)
2026-07-13 09:53:01,244 [INFO] Pass: InverseCancellation - 0.00763 (ms)
2026-07-13 09:53:01,245 [INFO] Pass: GatesInBasis - 0.61846 (ms)
2026-07-13 09:53:01,245 [INFO] Pass: Depth - 0.14853 (ms)
2026-07-13 09:53:01,245 [INFO] Pass: FixedPoint - 0.00501 (ms)
2026-07-13 09:53:01,245 [INFO] Pass: Optimize1qGatesDecomposition - 1.01590 (ms)
2026-07-13 09:53:01,245 [INFO] Pass: InverseCancellation - 0.00930 (ms)
2026-07-13 09:53:01,245 [INFO] Pass: Size - 0.05531 (ms)
2026-07-13 09:53:01,245 [INFO] Pass: FixedPoint - 0.00477 (ms)
2026-07-13 09:53:01,245 [INFO] Pass: ContainsInstruction - 0.00525 (ms)
2026-07-13 09:53:01,246 [INFO] Pass: GatesInBasis - 0.63586 (ms)
2026-07-13 09:53:01,246 [INFO] Pass: Depth - 0.15950 (ms)
2026-07-13 09:53:01,246 [INFO] Pass: FixedPoint - 0.00572 (ms)
2026-07-13 09:53:01,246 [INFO] Pass: Size - 0.05531 (ms)
2026-07-13 09:53:01,246 [INFO] Pass: FixedPoint - 0.00429 (ms)
2026-07-13 09:53:01,247 [INFO] Total Transpile Time - 52.57511 (ms)
2026-07-13 09:53:01,247 [INFO] Pass: Optimize1qGatesDecomposition - 0.82254 (ms)
2026-07-13 09:53:01,247 [INFO] Pass: InverseCancellation - 0.00691 (ms)
2026-07-13 09:53:01,248 [INFO] Pass: GatesInBasis - 0.62156 (ms)
2026-07-13 09:53:01,248 [INFO] Pass: Depth - 0.14615 (ms)
2026-07-13 09:53:01,248 [INFO] Pass: FixedPoint - 0.00501 (ms)
2026-07-13 09:53:01,248 [INFO] Pass: Size - 0.05507 (ms)
2026-07-13 09:53:01,248 [INFO] Pass: FixedPoint - 0.00405 (ms)
2026-07-13 09:53:01,248 [INFO] Pass: ContainsInstruction - 0.00620 (ms)
2026-07-13 09:53:01,250 [INFO] Total Transpile Time - 53.13945 (ms)
2026-07-13 09:54:28,399 [INFO] [PCE] Aer metadata (1a ejecucion de este proceso): device=CPU method=matrix_product_state shots=8192 fusion_enabled=False
2026-07-13 09:54:28,433 [INFO] [PCE] Aer metadata (1a ejecucion de este proceso): device=CPU method=matrix_product_state shots=8192 fusion_enabled=False
2026-07-13 09:54:28,512 [INFO] [PCE] Aer metadata (1a ejecucion de este proceso): device=CPU method=matrix_product_state shots=8192 fusion_enabled=False
2026-07-13 09:54:28,585 [INFO] [PCE] Aer metadata (1a ejecucion de este proceso): device=CPU method=matrix_product_state shots=8192 fusion_enabled=False
2026-07-13 09:54:28,648 [INFO] [PCE] Aer metadata (1a ejecucion de este proceso): device=CPU method=matrix_product_state shots=8192 fusion_enabled=False
2026-07-13 09:54:28,672 [INFO] [PCE] Aer metadata (1a ejecucion de este proceso): device=CPU method=matrix_product_state shots=8192 fusion_enabled=False
2026-07-13 09:54:28,673 [INFO] [PCE] Aer metadata (1a ejecucion de este proceso): device=CPU method=matrix_product_state shots=8192 fusion_enabled=False
2026-07-13 09:54:28,709 [INFO] [PCE] Aer metadata (1a ejecucion de este proceso): device=CPU method=matrix_product_state shots=8192 fusion_enabled=False
2026-07-13 09:54:28,739 [INFO] [PCE] Aer metadata (1a ejecucion de este proceso): device=CPU method=matrix_product_state shots=8192 fusion_enabled=False
2026-07-13 09:54:28,779 [INFO] [PCE] Aer metadata (1a ejecucion de este proceso): device=CPU method=matrix_product_state shots=8192 fusion_enabled=False
2026-07-13 09:54:28,835 [INFO] [PCE] Aer metadata (1a ejecucion de este proceso): device=CPU method=matrix_product_state shots=8192 fusion_enabled=False
2026-07-13 09:54:28,925 [INFO] [PCE] Aer metadata (1a ejecucion de este proceso): device=CPU method=matrix_product_state shots=8192 fusion_enabled=False
2026-07-13 09:54:28,925 [INFO] [PCE] Aer metadata (1a ejecucion de este proceso): device=CPU method=matrix_product_state shots=8192 fusion_enabled=False
2026-07-13 09:54:28,948 [INFO] [PCE] Aer metadata (1a ejecucion de este proceso): device=CPU method=matrix_product_state shots=8192 fusion_enabled=False
2026-07-13 09:54:28,958 [INFO] [PCE] Aer metadata (1a ejecucion de este proceso): device=CPU method=matrix_product_state shots=8192 fusion_enabled=False
2026-07-13 09:54:29,038 [INFO] [PCE] Aer metadata (1a ejecucion de este proceso): device=CPU method=matrix_product_state shots=8192 fusion_enabled=False
slurmstepd: error: *** JOB 8425193 ON ilk-47 CANCELLED AT 2026-07-14T09:53:11 DUE TO TIME LIMIT ***
