slurmstepd: info: Setting TMPDIR to /scratch/8424854. Previous errors about TMPDIR can be discarded
==============================
RUN_ID: 20260713-093625
Array ID: 3  (entrada: 175:3:4)
num_nodes: 175   chunk: 4/4
num_instances (total del n): 100
num_workers: 16   cpus-per-task: 32
OMP_NUM_THREADS=1 OPENBLAS_NUM_THREADS=1 MKL_NUM_THREADS=1
device: CPU   optimizer: DIFFERENTIALEVOLUTION   maxiter: 25   k: 2
backend: AER   shots: 8192
==============================

==============================
num_nodes     = 175
num_instances = 100 (total del n)
chunk         = 4/4
num_workers   = 16
k             = 2
optimizer     = DIFFERENTIALEVOLUTION
maxiter       = 25
backend       = AER
outdir        = Resultados/PCE/20260713-093625/chunks
==============================

