gcc/system unloaded
gcccore/system unloaded
cesga/2022 unloaded
rust/1.75.0 unloaded
imkl/2022.0.1 unloaded
numpy/1.26.4 unloaded
scipy/1.13.1 unloaded
flint/2.8.4 unloaded
symengine/0.11.1 unloaded
symengine-python/0.11.0 unloaded
spdlog/1.9.2 unloaded
pylatexenc/2.10 unloaded
qiskit/1.2.4-aer-gpu-cu11 unloaded
        Preparing the environment for use of the CESGA 2022 software stack.
        Please rebuild modules cache: module --ignore-cache avail
     
cesga/2022 loaded
rust/1.75.0 loaded

imkl/2023.2.0 loaded
numpy/1.26.4 loaded
scipy/1.13.1 loaded
imkl/2023.2.0 unloaded

imkl/2022.0.1 loaded
flint/2.8.4 loaded
symengine/0.11.1 loaded
symengine-python/0.11.0 loaded
spdlog/1.9.2 loaded
pylatexenc/2.10 loaded
gcccore/system loaded
gcc/system loaded
qiskit/1.2.4-aer-gpu-cu11 loaded
2026-07-13 09:41:15,705 [INFO] [PCE] n=250 chunk 1/5: 20 instancias [0, 5, 10, 15, 20, 25, 30, 35, 40, 45, 50, 55, 60, 65, 70, 75, 80, 85, 90, 95], num_workers=16, qubits=14
2026-07-13 09:41:15,705 [INFO] [PCE] n=250 paralelizando 20 instancias entre 16 workers (max_parallel_threads=1 fijo, independiente de num_workers)
2026-07-13 09:41:15,848 [INFO] Pass: ContainsInstruction - 0.01335 (ms)
2026-07-13 09:41:15,848 [INFO] Pass: ContainsInstruction - 0.01192 (ms)
2026-07-13 09:41:15,848 [INFO] Pass: InverseCancellation - 0.01645 (ms)
2026-07-13 09:41:15,848 [INFO] Pass: InverseCancellation - 0.01574 (ms)
2026-07-13 09:41:15,848 [INFO] Pass: UnitarySynthesis - 0.00882 (ms)
2026-07-13 09:41:15,848 [INFO] Pass: UnitarySynthesis - 0.00739 (ms)
2026-07-13 09:41:15,849 [INFO] Pass: HighLevelSynthesis - 1.27912 (ms)
2026-07-13 09:41:15,849 [INFO] Pass: HighLevelSynthesis - 1.29628 (ms)
2026-07-13 09:41:15,850 [INFO] Pass: BasisTranslator - 0.63062 (ms)
2026-07-13 09:41:15,850 [INFO] Pass: BasisTranslator - 0.62656 (ms)
2026-07-13 09:41:15,850 [INFO] Pass: ContainsInstruction - 0.01383 (ms)
2026-07-13 09:41:15,850 [INFO] Pass: Depth - 0.17905 (ms)
2026-07-13 09:41:15,850 [INFO] Pass: Depth - 0.19360 (ms)
2026-07-13 09:41:15,850 [INFO] Pass: InverseCancellation - 0.01597 (ms)
2026-07-13 09:41:15,850 [INFO] Pass: FixedPoint - 0.01168 (ms)
2026-07-13 09:41:15,850 [INFO] Pass: FixedPoint - 0.01121 (ms)
2026-07-13 09:41:15,850 [INFO] Pass: UnitarySynthesis - 0.00572 (ms)
2026-07-13 09:41:15,850 [INFO] Pass: Size - 0.06533 (ms)
2026-07-13 09:41:15,850 [INFO] Pass: Size - 0.06390 (ms)
2026-07-13 09:41:15,850 [INFO] Pass: FixedPoint - 0.00501 (ms)
2026-07-13 09:41:15,850 [INFO] Pass: FixedPoint - 0.00501 (ms)
2026-07-13 09:41:15,850 [INFO] Pass: Optimize1qGatesDecomposition - 0.14186 (ms)
2026-07-13 09:41:15,850 [INFO] Pass: Optimize1qGatesDecomposition - 0.14400 (ms)
2026-07-13 09:41:15,850 [INFO] Pass: InverseCancellation - 0.00739 (ms)
2026-07-13 09:41:15,850 [INFO] Pass: InverseCancellation - 0.00763 (ms)
2026-07-13 09:41:15,851 [INFO] Pass: GatesInBasis - 0.61250 (ms)
2026-07-13 09:41:15,851 [INFO] Pass: GatesInBasis - 0.62633 (ms)
2026-07-13 09:41:15,851 [INFO] Pass: Depth - 0.14091 (ms)
2026-07-13 09:41:15,851 [INFO] Pass: Depth - 0.13876 (ms)
2026-07-13 09:41:15,851 [INFO] Pass: FixedPoint - 0.00548 (ms)
2026-07-13 09:41:15,851 [INFO] Pass: FixedPoint - 0.00501 (ms)
2026-07-13 09:41:15,851 [INFO] Pass: Size - 0.05221 (ms)
2026-07-13 09:41:15,851 [INFO] Pass: Size - 0.05746 (ms)
2026-07-13 09:41:15,851 [INFO] Pass: FixedPoint - 0.00453 (ms)
2026-07-13 09:41:15,851 [INFO] Pass: FixedPoint - 0.00453 (ms)
2026-07-13 09:41:15,851 [INFO] Pass: HighLevelSynthesis - 1.30320 (ms)
2026-07-13 09:41:15,851 [INFO] Pass: ContainsInstruction - 0.00525 (ms)
2026-07-13 09:41:15,851 [INFO] Pass: ContainsInstruction - 0.00501 (ms)
2026-07-13 09:41:15,852 [INFO] Pass: BasisTranslator - 0.63658 (ms)
2026-07-13 09:41:15,852 [INFO] Pass: Depth - 0.17858 (ms)
2026-07-13 09:41:15,852 [INFO] Pass: FixedPoint - 0.01168 (ms)
2026-07-13 09:41:15,853 [INFO] Pass: Size - 0.05913 (ms)
2026-07-13 09:41:15,853 [INFO] Pass: FixedPoint - 0.00453 (ms)
2026-07-13 09:41:15,853 [INFO] Pass: Optimize1qGatesDecomposition - 0.13137 (ms)
2026-07-13 09:41:15,853 [INFO] Total Transpile Time - 73.70400 (ms)
2026-07-13 09:41:15,853 [INFO] Pass: InverseCancellation - 0.00739 (ms)
2026-07-13 09:41:15,853 [INFO] Total Transpile Time - 73.74668 (ms)
2026-07-13 09:41:15,853 [INFO] Pass: GatesInBasis - 0.65279 (ms)
2026-07-13 09:41:15,853 [INFO] Pass: ContainsInstruction - 0.01740 (ms)
2026-07-13 09:41:15,854 [INFO] Pass: InverseCancellation - 0.01740 (ms)
2026-07-13 09:41:15,854 [INFO] Pass: UnitarySynthesis - 0.00548 (ms)
2026-07-13 09:41:15,854 [INFO] Pass: Depth - 0.13971 (ms)
2026-07-13 09:41:15,854 [INFO] Pass: FixedPoint - 0.00548 (ms)
2026-07-13 09:41:15,854 [INFO] Pass: Size - 0.05174 (ms)
2026-07-13 09:41:15,854 [INFO] Pass: FixedPoint - 0.00429 (ms)
2026-07-13 09:41:15,854 [INFO] Pass: ContainsInstruction - 0.00501 (ms)
2026-07-13 09:41:15,855 [INFO] Pass: ContainsInstruction - 0.01335 (ms)
2026-07-13 09:41:15,855 [INFO] Pass: HighLevelSynthesis - 1.32465 (ms)
2026-07-13 09:41:15,855 [INFO] Pass: InverseCancellation - 0.01884 (ms)
2026-07-13 09:41:15,855 [INFO] Pass: UnitarySynthesis - 0.00525 (ms)
2026-07-13 09:41:15,855 [INFO] Total Transpile Time - 72.00623 (ms)
2026-07-13 09:41:15,856 [INFO] Pass: BasisTranslator - 0.63634 (ms)
2026-07-13 09:41:15,856 [INFO] Pass: Depth - 0.18167 (ms)
2026-07-13 09:41:15,856 [INFO] Pass: FixedPoint - 0.01121 (ms)
2026-07-13 09:41:15,856 [INFO] Pass: Size - 0.05770 (ms)
2026-07-13 09:41:15,856 [INFO] Pass: FixedPoint - 0.00477 (ms)
2026-07-13 09:41:15,856 [INFO] Pass: Optimize1qGatesDecomposition - 0.13328 (ms)
2026-07-13 09:41:15,856 [INFO] Pass: InverseCancellation - 0.00834 (ms)
2026-07-13 09:41:15,856 [INFO] Pass: HighLevelSynthesis - 1.27816 (ms)
2026-07-13 09:41:15,857 [INFO] Pass: GatesInBasis - 0.62466 (ms)
2026-07-13 09:41:15,857 [INFO] Pass: BasisTranslator - 0.62823 (ms)
2026-07-13 09:41:15,857 [INFO] Pass: Depth - 0.14639 (ms)
2026-07-13 09:41:15,857 [INFO] Pass: FixedPoint - 0.00525 (ms)
2026-07-13 09:41:15,857 [INFO] Pass: Size - 0.05293 (ms)
2026-07-13 09:41:15,857 [INFO] Pass: Depth - 0.17619 (ms)
2026-07-13 09:41:15,857 [INFO] Pass: FixedPoint - 0.00429 (ms)
2026-07-13 09:41:15,857 [INFO] Pass: ContainsInstruction - 0.00525 (ms)
2026-07-13 09:41:15,857 [INFO] Pass: FixedPoint - 0.01168 (ms)
2026-07-13 09:41:15,857 [INFO] Pass: Size - 0.05770 (ms)
2026-07-13 09:41:15,858 [INFO] Pass: FixedPoint - 0.00501 (ms)
2026-07-13 09:41:15,858 [INFO] Pass: Optimize1qGatesDecomposition - 0.12970 (ms)
2026-07-13 09:41:15,858 [INFO] Pass: InverseCancellation - 0.00739 (ms)
2026-07-13 09:41:15,858 [INFO] Pass: GatesInBasis - 0.61727 (ms)
2026-07-13 09:41:15,859 [INFO] Pass: Depth - 0.13971 (ms)
2026-07-13 09:41:15,859 [INFO] Pass: FixedPoint - 0.00525 (ms)
2026-07-13 09:41:15,859 [INFO] Total Transpile Time - 73.00448 (ms)
2026-07-13 09:41:15,859 [INFO] Pass: Size - 0.05317 (ms)
2026-07-13 09:41:15,859 [INFO] Pass: FixedPoint - 0.00453 (ms)
2026-07-13 09:41:15,859 [INFO] Pass: ContainsInstruction - 0.00525 (ms)
2026-07-13 09:41:15,860 [INFO] Pass: ContainsInstruction - 0.01931 (ms)
2026-07-13 09:41:15,860 [INFO] Pass: InverseCancellation - 0.01740 (ms)
2026-07-13 09:41:15,860 [INFO] Pass: UnitarySynthesis - 0.00548 (ms)
2026-07-13 09:41:15,860 [INFO] Total Transpile Time - 71.20657 (ms)
2026-07-13 09:41:15,861 [INFO] Pass: HighLevelSynthesis - 1.37329 (ms)
2026-07-13 09:41:15,862 [INFO] Pass: ContainsInstruction - 0.01121 (ms)
2026-07-13 09:41:15,862 [INFO] Pass: BasisTranslator - 0.66853 (ms)
2026-07-13 09:41:15,862 [INFO] Pass: InverseCancellation - 0.02074 (ms)
2026-07-13 09:41:15,862 [INFO] Pass: UnitarySynthesis - 0.00525 (ms)
2026-07-13 09:41:15,862 [INFO] Pass: Depth - 0.19574 (ms)
2026-07-13 09:41:15,862 [INFO] Pass: FixedPoint - 0.01168 (ms)
2026-07-13 09:41:15,862 [INFO] Pass: Size - 0.05722 (ms)
2026-07-13 09:41:15,862 [INFO] Pass: FixedPoint - 0.00501 (ms)
2026-07-13 09:41:15,863 [INFO] Pass: Optimize1qGatesDecomposition - 0.14424 (ms)
2026-07-13 09:41:15,863 [INFO] Pass: InverseCancellation - 0.00811 (ms)
2026-07-13 09:41:15,863 [INFO] Pass: HighLevelSynthesis - 1.23906 (ms)
2026-07-13 09:41:15,863 [INFO] Pass: GatesInBasis - 0.68808 (ms)
2026-07-13 09:41:15,864 [INFO] Pass: Depth - 0.14782 (ms)
2026-07-13 09:41:15,864 [INFO] Pass: FixedPoint - 0.00548 (ms)
2026-07-13 09:41:15,864 [INFO] Pass: Size - 0.05174 (ms)
2026-07-13 09:41:15,864 [INFO] Pass: FixedPoint - 0.00429 (ms)
2026-07-13 09:41:15,864 [INFO] Pass: ContainsInstruction - 0.00501 (ms)
2026-07-13 09:41:15,864 [INFO] Pass: BasisTranslator - 0.68593 (ms)
2026-07-13 09:41:15,864 [INFO] Pass: Depth - 0.18287 (ms)
2026-07-13 09:41:15,864 [INFO] Pass: FixedPoint - 0.01097 (ms)
2026-07-13 09:41:15,865 [INFO] Pass: Size - 0.05770 (ms)
2026-07-13 09:41:15,865 [INFO] Pass: FixedPoint - 0.00501 (ms)
2026-07-13 09:41:15,865 [INFO] Pass: Optimize1qGatesDecomposition - 0.13304 (ms)
2026-07-13 09:41:15,865 [INFO] Pass: InverseCancellation - 0.00739 (ms)
2026-07-13 09:41:15,865 [INFO] Total Transpile Time - 72.94250 (ms)
2026-07-13 09:41:15,865 [INFO] Pass: GatesInBasis - 0.63229 (ms)
2026-07-13 09:41:15,866 [INFO] Pass: Depth - 0.13852 (ms)
2026-07-13 09:41:15,866 [INFO] Pass: FixedPoint - 0.00548 (ms)
2026-07-13 09:41:15,866 [INFO] Pass: Size - 0.05126 (ms)
2026-07-13 09:41:15,866 [INFO] Pass: FixedPoint - 0.00429 (ms)
2026-07-13 09:41:15,866 [INFO] Pass: ContainsInstruction - 0.00477 (ms)
2026-07-13 09:41:15,867 [INFO] Total Transpile Time - 71.10524 (ms)
2026-07-13 09:41:15,868 [INFO] Pass: ContainsInstruction - 0.01216 (ms)
2026-07-13 09:41:15,868 [INFO] Pass: InverseCancellation - 0.03028 (ms)
2026-07-13 09:41:15,868 [INFO] Pass: UnitarySynthesis - 0.00548 (ms)
2026-07-13 09:41:15,869 [INFO] Pass: ContainsInstruction - 0.01264 (ms)
2026-07-13 09:41:15,870 [INFO] Pass: HighLevelSynthesis - 1.26863 (ms)
2026-07-13 09:41:15,870 [INFO] Pass: InverseCancellation - 0.01740 (ms)
2026-07-13 09:41:15,870 [INFO] Pass: UnitarySynthesis - 0.00548 (ms)
2026-07-13 09:41:15,870 [INFO] Pass: BasisTranslator - 0.70286 (ms)
2026-07-13 09:41:15,871 [INFO] Pass: Depth - 0.18048 (ms)
2026-07-13 09:41:15,871 [INFO] Pass: FixedPoint - 0.01168 (ms)
2026-07-13 09:41:15,871 [INFO] Pass: Size - 0.05794 (ms)
2026-07-13 09:41:15,871 [INFO] Pass: FixedPoint - 0.00501 (ms)
2026-07-13 09:41:15,871 [INFO] Pass: Optimize1qGatesDecomposition - 0.12922 (ms)
2026-07-13 09:41:15,871 [INFO] Pass: InverseCancellation - 0.00763 (ms)
2026-07-13 09:41:15,871 [INFO] Pass: HighLevelSynthesis - 1.24526 (ms)
2026-07-13 09:41:15,872 [INFO] Pass: GatesInBasis - 0.63658 (ms)
2026-07-13 09:41:15,872 [INFO] Pass: BasisTranslator - 0.64683 (ms)
2026-07-13 09:41:15,872 [INFO] Pass: Depth - 0.13900 (ms)
2026-07-13 09:41:15,872 [INFO] Pass: FixedPoint - 0.00501 (ms)
2026-07-13 09:41:15,872 [INFO] Pass: Depth - 0.17881 (ms)
2026-07-13 09:41:15,872 [INFO] Pass: Size - 0.05341 (ms)
2026-07-13 09:41:15,872 [INFO] Pass: FixedPoint - 0.00453 (ms)
2026-07-13 09:41:15,872 [INFO] Pass: FixedPoint - 0.01192 (ms)
2026-07-13 09:41:15,872 [INFO] Pass: ContainsInstruction - 0.00477 (ms)
2026-07-13 09:41:15,872 [INFO] Pass: Size - 0.05794 (ms)
2026-07-13 09:41:15,872 [INFO] Pass: FixedPoint - 0.00477 (ms)
2026-07-13 09:41:15,872 [INFO] Pass: Optimize1qGatesDecomposition - 0.13518 (ms)
2026-07-13 09:41:15,872 [INFO] Pass: InverseCancellation - 0.00906 (ms)
2026-07-13 09:41:15,873 [INFO] Pass: GatesInBasis - 0.66876 (ms)
2026-07-13 09:41:15,873 [INFO] Pass: Depth - 0.14901 (ms)
2026-07-13 09:41:15,873 [INFO] Pass: FixedPoint - 0.00548 (ms)
2026-07-13 09:41:15,873 [INFO] Total Transpile Time - 73.37976 (ms)
2026-07-13 09:41:15,873 [INFO] Pass: Size - 0.05198 (ms)
2026-07-13 09:41:15,873 [INFO] Pass: FixedPoint - 0.00477 (ms)
2026-07-13 09:41:15,873 [INFO] Pass: ContainsInstruction - 0.00548 (ms)
2026-07-13 09:41:15,874 [INFO] Pass: ContainsInstruction - 0.01168 (ms)
2026-07-13 09:41:15,874 [INFO] Pass: InverseCancellation - 0.01812 (ms)
2026-07-13 09:41:15,874 [INFO] Pass: UnitarySynthesis - 0.00525 (ms)
2026-07-13 09:41:15,875 [INFO] Total Transpile Time - 71.45548 (ms)
2026-07-13 09:41:15,876 [INFO] Pass: HighLevelSynthesis - 1.21188 (ms)
2026-07-13 09:41:15,876 [INFO] Pass: BasisTranslator - 0.64707 (ms)
2026-07-13 09:41:15,876 [INFO] Pass: Depth - 0.17810 (ms)
2026-07-13 09:41:15,877 [INFO] Pass: FixedPoint - 0.01097 (ms)
2026-07-13 09:41:15,877 [INFO] Pass: Size - 0.05889 (ms)
2026-07-13 09:41:15,877 [INFO] Pass: FixedPoint - 0.00501 (ms)
2026-07-13 09:41:15,877 [INFO] Pass: Optimize1qGatesDecomposition - 0.12970 (ms)
2026-07-13 09:41:15,877 [INFO] Pass: InverseCancellation - 0.00715 (ms)
2026-07-13 09:41:15,877 [INFO] Pass: ContainsInstruction - 0.01502 (ms)
2026-07-13 09:41:15,877 [INFO] Pass: InverseCancellation - 0.01788 (ms)
2026-07-13 09:41:15,877 [INFO] Pass: UnitarySynthesis - 0.00525 (ms)
2026-07-13 09:41:15,878 [INFO] Pass: GatesInBasis - 0.66018 (ms)
2026-07-13 09:41:15,878 [INFO] Pass: Depth - 0.13924 (ms)
2026-07-13 09:41:15,878 [INFO] Pass: FixedPoint - 0.00501 (ms)
2026-07-13 09:41:15,878 [INFO] Pass: Size - 0.05174 (ms)
2026-07-13 09:41:15,878 [INFO] Pass: FixedPoint - 0.00429 (ms)
2026-07-13 09:41:15,878 [INFO] Pass: ContainsInstruction - 0.00501 (ms)
2026-07-13 09:41:15,878 [INFO] Pass: HighLevelSynthesis - 1.24502 (ms)
2026-07-13 09:41:15,879 [INFO] Pass: BasisTranslator - 0.67544 (ms)
2026-07-13 09:41:15,879 [INFO] Total Transpile Time - 72.05391 (ms)
2026-07-13 09:41:15,879 [INFO] Pass: Depth - 0.18620 (ms)
2026-07-13 09:41:15,879 [INFO] Pass: FixedPoint - 0.01121 (ms)
2026-07-13 09:41:15,879 [INFO] Pass: Size - 0.05794 (ms)
2026-07-13 09:41:15,879 [INFO] Pass: FixedPoint - 0.00501 (ms)
2026-07-13 09:41:15,880 [INFO] Pass: Optimize1qGatesDecomposition - 0.13089 (ms)
2026-07-13 09:41:15,880 [INFO] Pass: InverseCancellation - 0.00739 (ms)
2026-07-13 09:41:15,880 [INFO] Pass: ContainsInstruction - 0.01216 (ms)
2026-07-13 09:41:15,880 [INFO] Pass: InverseCancellation - 0.01574 (ms)
2026-07-13 09:41:15,880 [INFO] Pass: UnitarySynthesis - 0.00525 (ms)
2026-07-13 09:41:15,880 [INFO] Pass: GatesInBasis - 0.61917 (ms)
2026-07-13 09:41:15,881 [INFO] Pass: Depth - 0.13900 (ms)
2026-07-13 09:41:15,881 [INFO] Pass: FixedPoint - 0.00525 (ms)
2026-07-13 09:41:15,881 [INFO] Pass: Size - 0.05198 (ms)
2026-07-13 09:41:15,881 [INFO] Pass: FixedPoint - 0.00429 (ms)
2026-07-13 09:41:15,881 [INFO] Pass: ContainsInstruction - 0.00453 (ms)
2026-07-13 09:41:15,881 [INFO] Pass: HighLevelSynthesis - 1.20139 (ms)
2026-07-13 09:41:15,882 [INFO] Pass: BasisTranslator - 0.67163 (ms)
2026-07-13 09:41:15,882 [INFO] Total Transpile Time - 70.87612 (ms)
2026-07-13 09:41:15,882 [INFO] Pass: Depth - 0.17142 (ms)
2026-07-13 09:41:15,882 [INFO] Pass: FixedPoint - 0.01097 (ms)
2026-07-13 09:41:15,882 [INFO] Pass: Size - 0.05746 (ms)
2026-07-13 09:41:15,882 [INFO] Pass: FixedPoint - 0.00501 (ms)
2026-07-13 09:41:15,882 [INFO] Pass: Optimize1qGatesDecomposition - 0.12493 (ms)
2026-07-13 09:41:15,882 [INFO] Pass: InverseCancellation - 0.00691 (ms)
2026-07-13 09:41:15,883 [INFO] Pass: GatesInBasis - 0.60940 (ms)
2026-07-13 09:41:15,883 [INFO] Pass: Depth - 0.13781 (ms)
2026-07-13 09:41:15,883 [INFO] Pass: FixedPoint - 0.00525 (ms)
2026-07-13 09:41:15,883 [INFO] Pass: Size - 0.05341 (ms)
2026-07-13 09:41:15,883 [INFO] Pass: FixedPoint - 0.00429 (ms)
2026-07-13 09:41:15,883 [INFO] Pass: ContainsInstruction - 0.00453 (ms)
2026-07-13 09:41:15,884 [INFO] Pass: ContainsInstruction - 0.01121 (ms)
2026-07-13 09:41:15,884 [INFO] Pass: InverseCancellation - 0.01669 (ms)
2026-07-13 09:41:15,884 [INFO] Pass: UnitarySynthesis - 0.00477 (ms)
2026-07-13 09:41:15,885 [INFO] Total Transpile Time - 70.24527 (ms)
2026-07-13 09:41:15,886 [INFO] Pass: HighLevelSynthesis - 1.19829 (ms)
2026-07-13 09:41:15,886 [INFO] Pass: BasisTranslator - 0.62680 (ms)
2026-07-13 09:41:15,886 [INFO] Pass: Depth - 0.17214 (ms)
2026-07-13 09:41:15,886 [INFO] Pass: FixedPoint - 0.01025 (ms)
2026-07-13 09:41:15,887 [INFO] Pass: Size - 0.05794 (ms)
2026-07-13 09:41:15,887 [INFO] Pass: FixedPoint - 0.00501 (ms)
2026-07-13 09:41:15,887 [INFO] Pass: Optimize1qGatesDecomposition - 0.12660 (ms)
2026-07-13 09:41:15,887 [INFO] Pass: InverseCancellation - 0.00668 (ms)
2026-07-13 09:41:15,888 [INFO] Pass: GatesInBasis - 0.66733 (ms)
2026-07-13 09:41:15,888 [INFO] Pass: Depth - 0.14067 (ms)
2026-07-13 09:41:15,888 [INFO] Pass: FixedPoint - 0.00548 (ms)
2026-07-13 09:41:15,888 [INFO] Pass: Size - 0.05198 (ms)
2026-07-13 09:41:15,888 [INFO] Pass: FixedPoint - 0.00453 (ms)
2026-07-13 09:41:15,888 [INFO] Pass: ContainsInstruction - 0.00453 (ms)
2026-07-13 09:41:15,889 [INFO] Pass: ContainsInstruction - 0.01216 (ms)
2026-07-13 09:41:15,889 [INFO] Pass: InverseCancellation - 0.01645 (ms)
2026-07-13 09:41:15,889 [INFO] Pass: UnitarySynthesis - 0.00548 (ms)
2026-07-13 09:41:15,889 [INFO] Total Transpile Time - 71.14029 (ms)
2026-07-13 09:41:15,890 [INFO] Pass: HighLevelSynthesis - 1.21903 (ms)
2026-07-13 09:41:15,891 [INFO] Pass: BasisTranslator - 0.68307 (ms)
2026-07-13 09:41:15,891 [INFO] Pass: Depth - 0.17667 (ms)
2026-07-13 09:41:15,891 [INFO] Pass: FixedPoint - 0.01121 (ms)
2026-07-13 09:41:15,891 [INFO] Pass: Size - 0.05984 (ms)
2026-07-13 09:41:15,891 [INFO] Pass: FixedPoint - 0.00501 (ms)
2026-07-13 09:41:15,891 [INFO] Pass: Optimize1qGatesDecomposition - 0.12684 (ms)
2026-07-13 09:41:15,891 [INFO] Pass: InverseCancellation - 0.00715 (ms)
2026-07-13 09:41:15,892 [INFO] Pass: GatesInBasis - 0.64588 (ms)
2026-07-13 09:41:15,892 [INFO] Pass: Depth - 0.14281 (ms)
2026-07-13 09:41:15,892 [INFO] Pass: ContainsInstruction - 0.01097 (ms)
2026-07-13 09:41:15,892 [INFO] Pass: FixedPoint - 0.00548 (ms)
2026-07-13 09:41:15,892 [INFO] Pass: InverseCancellation - 0.01693 (ms)
2026-07-13 09:41:15,892 [INFO] Pass: Size - 0.05078 (ms)
2026-07-13 09:41:15,892 [INFO] Pass: FixedPoint - 0.00453 (ms)
2026-07-13 09:41:15,892 [INFO] Pass: UnitarySynthesis - 0.00525 (ms)
2026-07-13 09:41:15,892 [INFO] Pass: ContainsInstruction - 0.00453 (ms)
2026-07-13 09:41:15,894 [INFO] Pass: HighLevelSynthesis - 1.21140 (ms)
2026-07-13 09:41:15,894 [INFO] Total Transpile Time - 70.68586 (ms)
2026-07-13 09:41:15,894 [INFO] Pass: BasisTranslator - 0.68069 (ms)
2026-07-13 09:41:15,895 [INFO] Pass: Depth - 0.17667 (ms)
2026-07-13 09:41:15,895 [INFO] Pass: FixedPoint - 0.01025 (ms)
2026-07-13 09:41:15,895 [INFO] Pass: Size - 0.06056 (ms)
2026-07-13 09:41:15,895 [INFO] Pass: FixedPoint - 0.00501 (ms)
2026-07-13 09:41:15,895 [INFO] Pass: Optimize1qGatesDecomposition - 0.12732 (ms)
2026-07-13 09:41:15,895 [INFO] Pass: InverseCancellation - 0.00715 (ms)
2026-07-13 09:41:15,896 [INFO] Pass: GatesInBasis - 0.61727 (ms)
2026-07-13 09:41:15,896 [INFO] Pass: Depth - 0.13828 (ms)
2026-07-13 09:41:15,896 [INFO] Pass: FixedPoint - 0.00525 (ms)
2026-07-13 09:41:15,896 [INFO] Pass: Size - 0.05484 (ms)
2026-07-13 09:41:15,896 [INFO] Pass: FixedPoint - 0.00453 (ms)
2026-07-13 09:41:15,896 [INFO] Pass: ContainsInstruction - 0.00453 (ms)
2026-07-13 09:41:15,897 [INFO] Pass: ContainsInstruction - 0.01025 (ms)
2026-07-13 09:41:15,897 [INFO] Pass: InverseCancellation - 0.01621 (ms)
2026-07-13 09:41:15,897 [INFO] Pass: UnitarySynthesis - 0.00501 (ms)
2026-07-13 09:41:15,897 [INFO] Total Transpile Time - 70.50061 (ms)
2026-07-13 09:41:15,898 [INFO] Pass: HighLevelSynthesis - 1.21641 (ms)
2026-07-13 09:41:15,899 [INFO] Pass: ContainsInstruction - 0.00763 (ms)
2026-07-13 09:41:15,899 [INFO] Pass: ContainsInstruction - 0.00715 (ms)
2026-07-13 09:41:15,899 [INFO] Pass: InverseCancellation - 0.16689 (ms)
2026-07-13 09:41:15,899 [INFO] Pass: UnitarySynthesis - 0.00477 (ms)
2026-07-13 09:41:15,899 [INFO] Pass: BasisTranslator - 0.62013 (ms)
2026-07-13 09:41:15,899 [INFO] Pass: InverseCancellation - 0.17571 (ms)
2026-07-13 09:41:15,899 [INFO] Pass: UnitarySynthesis - 0.00429 (ms)
2026-07-13 09:41:15,899 [INFO] Pass: Depth - 0.17548 (ms)
2026-07-13 09:41:15,899 [INFO] Pass: FixedPoint - 0.01168 (ms)
2026-07-13 09:41:15,899 [INFO] Pass: Size - 0.05794 (ms)
2026-07-13 09:41:15,899 [INFO] Pass: FixedPoint - 0.00525 (ms)
2026-07-13 09:41:15,900 [INFO] Pass: Optimize1qGatesDecomposition - 0.12708 (ms)
2026-07-13 09:41:15,900 [INFO] Pass: InverseCancellation - 0.00739 (ms)
2026-07-13 09:41:15,900 [INFO] Pass: HighLevelSynthesis - 1.18995 (ms)
2026-07-13 09:41:15,900 [INFO] Pass: GatesInBasis - 0.66781 (ms)
2026-07-13 09:41:15,900 [INFO] Pass: HighLevelSynthesis - 1.17493 (ms)
2026-07-13 09:41:15,901 [INFO] Pass: Depth - 0.14043 (ms)
2026-07-13 09:41:15,901 [INFO] Pass: FixedPoint - 0.00525 (ms)
2026-07-13 09:41:15,901 [INFO] Pass: Size - 0.05221 (ms)
2026-07-13 09:41:15,901 [INFO] Pass: FixedPoint - 0.00453 (ms)
2026-07-13 09:41:15,901 [INFO] Pass: ContainsInstruction - 0.00453 (ms)
2026-07-13 09:41:15,901 [INFO] Pass: BasisTranslator - 0.65422 (ms)
2026-07-13 09:41:15,901 [INFO] Pass: BasisTranslator - 0.64492 (ms)
2026-07-13 09:41:15,901 [INFO] Pass: Depth - 0.15998 (ms)
2026-07-13 09:41:15,901 [INFO] Pass: FixedPoint - 0.00715 (ms)
2026-07-13 09:41:15,901 [INFO] Pass: ContainsInstruction - 0.00811 (ms)
2026-07-13 09:41:15,901 [INFO] Pass: Size - 0.05531 (ms)
2026-07-13 09:41:15,901 [INFO] Pass: FixedPoint - 0.00453 (ms)
2026-07-13 09:41:15,901 [INFO] Pass: Depth - 0.15688 (ms)
2026-07-13 09:41:15,901 [INFO] Pass: FixedPoint - 0.00715 (ms)
2026-07-13 09:41:15,901 [INFO] Pass: InverseCancellation - 0.16665 (ms)
2026-07-13 09:41:15,901 [INFO] Pass: Size - 0.05674 (ms)
2026-07-13 09:41:15,901 [INFO] Pass: UnitarySynthesis - 0.00453 (ms)
2026-07-13 09:41:15,901 [INFO] Pass: FixedPoint - 0.00453 (ms)
2026-07-13 09:41:15,902 [INFO] Total Transpile Time - 70.44649 (ms)
2026-07-13 09:41:15,902 [INFO] Pass: Optimize1qGatesDecomposition - 0.92316 (ms)
2026-07-13 09:41:15,902 [INFO] Pass: Optimize1qGatesDecomposition - 0.92459 (ms)
2026-07-13 09:41:15,902 [INFO] Pass: InverseCancellation - 0.14591 (ms)
2026-07-13 09:41:15,903 [INFO] Pass: InverseCancellation - 0.14615 (ms)
2026-07-13 09:41:15,903 [INFO] Pass: HighLevelSynthesis - 1.20544 (ms)
2026-07-13 09:41:15,903 [INFO] Pass: GatesInBasis - 0.65684 (ms)
2026-07-13 09:41:15,903 [INFO] Pass: Depth - 0.14496 (ms)
2026-07-13 09:41:15,903 [INFO] Pass: GatesInBasis - 0.67210 (ms)
2026-07-13 09:41:15,903 [INFO] Pass: FixedPoint - 0.00572 (ms)
2026-07-13 09:41:15,903 [INFO] Pass: BasisTranslator - 0.64850 (ms)
2026-07-13 09:41:15,903 [INFO] Pass: Size - 0.05531 (ms)
2026-07-13 09:41:15,904 [INFO] Pass: FixedPoint - 0.00429 (ms)
2026-07-13 09:41:15,904 [INFO] Pass: ContainsInstruction - 0.00453 (ms)
2026-07-13 09:41:15,904 [INFO] Pass: Depth - 0.14663 (ms)
2026-07-13 09:41:15,904 [INFO] Pass: Depth - 0.15545 (ms)
2026-07-13 09:41:15,904 [INFO] Pass: FixedPoint - 0.00572 (ms)
2026-07-13 09:41:15,904 [INFO] Pass: FixedPoint - 0.00739 (ms)
2026-07-13 09:41:15,904 [INFO] Pass: Size - 0.05412 (ms)
2026-07-13 09:41:15,904 [INFO] Pass: FixedPoint - 0.00477 (ms)
2026-07-13 09:41:15,904 [INFO] Pass: Size - 0.05531 (ms)
2026-07-13 09:41:15,904 [INFO] Pass: ContainsInstruction - 0.00477 (ms)
2026-07-13 09:41:15,904 [INFO] Pass: FixedPoint - 0.00477 (ms)
2026-07-13 09:41:15,905 [INFO] Total Transpile Time - 51.84865 (ms)
2026-07-13 09:41:15,905 [INFO] Pass: Optimize1qGatesDecomposition - 0.91004 (ms)
2026-07-13 09:41:15,905 [INFO] Pass: InverseCancellation - 0.15044 (ms)
2026-07-13 09:41:15,905 [INFO] Total Transpile Time - 52.04535 (ms)
2026-07-13 09:41:15,905 [INFO] Pass: ContainsInstruction - 0.01001 (ms)
2026-07-13 09:41:15,906 [INFO] Pass: GatesInBasis - 0.65517 (ms)
2026-07-13 09:41:15,906 [INFO] Pass: InverseCancellation - 0.16713 (ms)
2026-07-13 09:41:15,906 [INFO] Pass: UnitarySynthesis - 0.00429 (ms)
2026-07-13 09:41:15,906 [INFO] Pass: Depth - 0.14901 (ms)
2026-07-13 09:41:15,906 [INFO] Pass: ContainsInstruction - 0.00739 (ms)
2026-07-13 09:41:15,906 [INFO] Pass: FixedPoint - 0.00644 (ms)
2026-07-13 09:41:15,906 [INFO] Pass: Size - 0.05436 (ms)
2026-07-13 09:41:15,906 [INFO] Pass: FixedPoint - 0.00477 (ms)
2026-07-13 09:41:15,906 [INFO] Pass: ContainsInstruction - 0.00501 (ms)
2026-07-13 09:41:15,906 [INFO] Pass: InverseCancellation - 0.16284 (ms)
2026-07-13 09:41:15,906 [INFO] Pass: UnitarySynthesis - 0.00429 (ms)
2026-07-13 09:41:15,907 [INFO] Pass: HighLevelSynthesis - 1.17302 (ms)
2026-07-13 09:41:15,907 [INFO] Total Transpile Time - 51.92709 (ms)
2026-07-13 09:41:15,907 [INFO] Pass: HighLevelSynthesis - 1.18899 (ms)
2026-07-13 09:41:15,908 [INFO] Pass: BasisTranslator - 0.64802 (ms)
2026-07-13 09:41:15,908 [INFO] Pass: Depth - 0.15545 (ms)
2026-07-13 09:41:15,908 [INFO] Pass: FixedPoint - 0.00715 (ms)
2026-07-13 09:41:15,908 [INFO] Pass: Size - 0.05555 (ms)
2026-07-13 09:41:15,908 [INFO] Pass: FixedPoint - 0.00477 (ms)
2026-07-13 09:41:15,908 [INFO] Pass: BasisTranslator - 0.63992 (ms)
2026-07-13 09:41:15,908 [INFO] Pass: Depth - 0.15950 (ms)
2026-07-13 09:41:15,908 [INFO] Pass: FixedPoint - 0.00739 (ms)
2026-07-13 09:41:15,908 [INFO] Pass: Size - 0.05579 (ms)
2026-07-13 09:41:15,908 [INFO] Pass: FixedPoint - 0.00501 (ms)
2026-07-13 09:41:15,909 [INFO] Pass: Optimize1qGatesDecomposition - 0.91290 (ms)
2026-07-13 09:41:15,909 [INFO] Pass: InverseCancellation - 0.15163 (ms)
2026-07-13 09:41:15,909 [INFO] Pass: Optimize1qGatesDecomposition - 0.90480 (ms)
2026-07-13 09:41:15,910 [INFO] Pass: InverseCancellation - 0.14710 (ms)
2026-07-13 09:41:15,910 [INFO] Pass: GatesInBasis - 0.65589 (ms)
2026-07-13 09:41:15,910 [INFO] Pass: Depth - 0.15140 (ms)
2026-07-13 09:41:15,910 [INFO] Pass: FixedPoint - 0.00620 (ms)
2026-07-13 09:41:15,910 [INFO] Pass: Size - 0.05889 (ms)
2026-07-13 09:41:15,910 [INFO] Pass: FixedPoint - 0.00429 (ms)
2026-07-13 09:41:15,910 [INFO] Pass: ContainsInstruction - 0.00501 (ms)
2026-07-13 09:41:15,910 [INFO] Pass: GatesInBasis - 0.65756 (ms)
2026-07-13 09:41:15,910 [INFO] Pass: Depth - 0.14806 (ms)
2026-07-13 09:41:15,911 [INFO] Pass: FixedPoint - 0.00596 (ms)
2026-07-13 09:41:15,911 [INFO] Pass: Size - 0.05484 (ms)
2026-07-13 09:41:15,911 [INFO] Pass: FixedPoint - 0.00453 (ms)
2026-07-13 09:41:15,911 [INFO] Pass: ContainsInstruction - 0.00477 (ms)
2026-07-13 09:41:15,911 [INFO] Total Transpile Time - 52.68955 (ms)
2026-07-13 09:41:15,912 [INFO] Total Transpile Time - 51.71752 (ms)
2026-07-13 09:41:15,912 [INFO] Pass: ContainsInstruction - 0.00763 (ms)
2026-07-13 09:41:15,912 [INFO] Pass: InverseCancellation - 0.17071 (ms)
2026-07-13 09:41:15,912 [INFO] Pass: UnitarySynthesis - 0.00429 (ms)
2026-07-13 09:41:15,913 [INFO] Pass: ContainsInstruction - 0.00691 (ms)
2026-07-13 09:41:15,913 [INFO] Pass: InverseCancellation - 0.17023 (ms)
2026-07-13 09:41:15,913 [INFO] Pass: UnitarySynthesis - 0.00429 (ms)
2026-07-13 09:41:15,913 [INFO] Pass: HighLevelSynthesis - 1.16253 (ms)
2026-07-13 09:41:15,914 [INFO] Pass: BasisTranslator - 0.63968 (ms)
2026-07-13 09:41:15,914 [INFO] Pass: Depth - 0.15402 (ms)
2026-07-13 09:41:15,914 [INFO] Pass: FixedPoint - 0.00739 (ms)
2026-07-13 09:41:15,914 [INFO] Pass: HighLevelSynthesis - 1.17445 (ms)
2026-07-13 09:41:15,914 [INFO] Pass: Size - 0.05555 (ms)
2026-07-13 09:41:15,914 [INFO] Pass: FixedPoint - 0.00477 (ms)
2026-07-13 09:41:15,915 [INFO] Pass: BasisTranslator - 0.77844 (ms)
2026-07-13 09:41:15,915 [INFO] Pass: Optimize1qGatesDecomposition - 0.90837 (ms)
2026-07-13 09:41:15,915 [INFO] Pass: Depth - 0.15473 (ms)
2026-07-13 09:41:15,916 [INFO] Pass: FixedPoint - 0.00715 (ms)
2026-07-13 09:41:15,916 [INFO] Pass: Size - 0.05651 (ms)
2026-07-13 09:41:15,916 [INFO] Pass: FixedPoint - 0.00501 (ms)
2026-07-13 09:41:15,916 [INFO] Pass: InverseCancellation - 0.14615 (ms)
2026-07-13 09:41:15,916 [INFO] Pass: GatesInBasis - 0.69928 (ms)
2026-07-13 09:41:15,917 [INFO] Pass: Depth - 0.14663 (ms)
2026-07-13 09:41:15,917 [INFO] Pass: Optimize1qGatesDecomposition - 0.91076 (ms)
2026-07-13 09:41:15,917 [INFO] Pass: FixedPoint - 0.00548 (ms)
2026-07-13 09:41:15,917 [INFO] Pass: Size - 0.05388 (ms)
2026-07-13 09:41:15,917 [INFO] Pass: FixedPoint - 0.00453 (ms)
2026-07-13 09:41:15,917 [INFO] Pass: ContainsInstruction - 0.00477 (ms)
2026-07-13 09:41:15,917 [INFO] Pass: InverseCancellation - 0.14472 (ms)
2026-07-13 09:41:15,917 [INFO] Pass: GatesInBasis - 0.66686 (ms)
2026-07-13 09:41:15,918 [INFO] Pass: Depth - 0.14663 (ms)
2026-07-13 09:41:15,918 [INFO] Pass: FixedPoint - 0.00596 (ms)
2026-07-13 09:41:15,918 [INFO] Pass: Size - 0.05460 (ms)
2026-07-13 09:41:15,918 [INFO] Pass: FixedPoint - 0.00453 (ms)
2026-07-13 09:41:15,918 [INFO] Pass: ContainsInstruction - 0.00477 (ms)
2026-07-13 09:41:15,918 [INFO] Total Transpile Time - 52.68884 (ms)
2026-07-13 09:41:15,919 [INFO] Total Transpile Time - 51.82409 (ms)
2026-07-13 09:41:15,920 [INFO] Pass: ContainsInstruction - 0.00691 (ms)
2026-07-13 09:41:15,920 [INFO] Pass: InverseCancellation - 0.16785 (ms)
2026-07-13 09:41:15,920 [INFO] Pass: UnitarySynthesis - 0.00477 (ms)
2026-07-13 09:41:15,920 [INFO] Pass: ContainsInstruction - 0.00739 (ms)
2026-07-13 09:41:15,921 [INFO] Pass: InverseCancellation - 0.16522 (ms)
2026-07-13 09:41:15,921 [INFO] Pass: UnitarySynthesis - 0.00501 (ms)
2026-07-13 09:41:15,921 [INFO] Pass: HighLevelSynthesis - 1.16706 (ms)
2026-07-13 09:41:15,922 [INFO] Pass: HighLevelSynthesis - 1.16801 (ms)
2026-07-13 09:41:15,922 [INFO] Pass: BasisTranslator - 0.78583 (ms)
2026-07-13 09:41:15,922 [INFO] Pass: Depth - 0.15616 (ms)
2026-07-13 09:41:15,922 [INFO] Pass: FixedPoint - 0.00715 (ms)
2026-07-13 09:41:15,923 [INFO] Pass: Size - 0.05603 (ms)
2026-07-13 09:41:15,923 [INFO] Pass: FixedPoint - 0.00477 (ms)
2026-07-13 09:41:15,923 [INFO] Pass: BasisTranslator - 0.77319 (ms)
2026-07-13 09:41:15,923 [INFO] Pass: Depth - 0.15521 (ms)
2026-07-13 09:41:15,923 [INFO] Pass: FixedPoint - 0.00739 (ms)
2026-07-13 09:41:15,923 [INFO] Pass: Size - 0.05555 (ms)
2026-07-13 09:41:15,923 [INFO] Pass: FixedPoint - 0.00429 (ms)
2026-07-13 09:41:15,924 [INFO] Pass: Optimize1qGatesDecomposition - 0.91219 (ms)
2026-07-13 09:41:15,924 [INFO] Pass: InverseCancellation - 0.14782 (ms)
2026-07-13 09:41:15,924 [INFO] Pass: Optimize1qGatesDecomposition - 0.91505 (ms)
2026-07-13 09:41:15,924 [INFO] Pass: InverseCancellation - 0.14901 (ms)
2026-07-13 09:41:15,924 [INFO] Pass: GatesInBasis - 0.66161 (ms)
2026-07-13 09:41:15,925 [INFO] Pass: Depth - 0.14853 (ms)
2026-07-13 09:41:15,925 [INFO] Pass: FixedPoint - 0.00596 (ms)
2026-07-13 09:41:15,925 [INFO] Pass: Size - 0.05460 (ms)
2026-07-13 09:41:15,925 [INFO] Pass: FixedPoint - 0.00429 (ms)
2026-07-13 09:41:15,925 [INFO] Pass: ContainsInstruction - 0.00477 (ms)
2026-07-13 09:41:15,925 [INFO] Pass: GatesInBasis - 0.65994 (ms)
2026-07-13 09:41:15,925 [INFO] Pass: ContainsInstruction - 0.00906 (ms)
2026-07-13 09:41:15,925 [INFO] Pass: Depth - 0.14544 (ms)
2026-07-13 09:41:15,925 [INFO] Pass: FixedPoint - 0.00596 (ms)
2026-07-13 09:41:15,925 [INFO] Pass: InverseCancellation - 0.16952 (ms)
2026-07-13 09:41:15,925 [INFO] Pass: Size - 0.06461 (ms)
2026-07-13 09:41:15,925 [INFO] Pass: UnitarySynthesis - 0.00453 (ms)
2026-07-13 09:41:15,925 [INFO] Pass: FixedPoint - 0.00453 (ms)
2026-07-13 09:41:15,925 [INFO] Pass: ContainsInstruction - 0.00477 (ms)
2026-07-13 09:41:15,926 [INFO] Total Transpile Time - 52.66833 (ms)
2026-07-13 09:41:15,926 [INFO] Total Transpile Time - 51.67246 (ms)
2026-07-13 09:41:15,926 [INFO] Pass: HighLevelSynthesis - 1.16873 (ms)
2026-07-13 09:41:15,927 [INFO] Pass: BasisTranslator - 0.77510 (ms)
2026-07-13 09:41:15,927 [INFO] Pass: Depth - 0.15616 (ms)
2026-07-13 09:41:15,927 [INFO] Pass: FixedPoint - 0.00834 (ms)
2026-07-13 09:41:15,928 [INFO] Pass: Size - 0.05555 (ms)
2026-07-13 09:41:15,928 [INFO] Pass: FixedPoint - 0.00477 (ms)
2026-07-13 09:41:15,928 [INFO] Pass: ContainsInstruction - 0.00930 (ms)
2026-07-13 09:41:15,928 [INFO] Pass: InverseCancellation - 0.16570 (ms)
2026-07-13 09:41:15,928 [INFO] Pass: UnitarySynthesis - 0.00501 (ms)
2026-07-13 09:41:15,929 [INFO] Pass: Optimize1qGatesDecomposition - 0.90790 (ms)
2026-07-13 09:41:15,929 [INFO] Pass: InverseCancellation - 0.14639 (ms)
2026-07-13 09:41:15,929 [INFO] Pass: HighLevelSynthesis - 1.18732 (ms)
2026-07-13 09:41:15,929 [INFO] Pass: GatesInBasis - 0.66757 (ms)
2026-07-13 09:41:15,930 [INFO] Pass: Depth - 0.14734 (ms)
2026-07-13 09:41:15,930 [INFO] Pass: FixedPoint - 0.00572 (ms)
2026-07-13 09:41:15,930 [INFO] Pass: Size - 0.05412 (ms)
2026-07-13 09:41:15,930 [INFO] Pass: FixedPoint - 0.00477 (ms)
2026-07-13 09:41:15,930 [INFO] Pass: ContainsInstruction - 0.00739 (ms)
2026-07-13 09:41:15,930 [INFO] Pass: BasisTranslator - 0.77724 (ms)
2026-07-13 09:41:15,930 [INFO] Pass: ContainsInstruction - 0.00811 (ms)
2026-07-13 09:41:15,930 [INFO] Pass: Depth - 0.16141 (ms)
2026-07-13 09:41:15,930 [INFO] Pass: FixedPoint - 0.00715 (ms)
2026-07-13 09:41:15,930 [INFO] Pass: InverseCancellation - 0.16522 (ms)
2026-07-13 09:41:15,930 [INFO] Pass: Size - 0.05579 (ms)
2026-07-13 09:41:15,930 [INFO] Pass: UnitarySynthesis - 0.00453 (ms)
2026-07-13 09:41:15,930 [INFO] Pass: FixedPoint - 0.00477 (ms)
2026-07-13 09:41:15,931 [INFO] Total Transpile Time - 51.70918 (ms)
2026-07-13 09:41:15,931 [INFO] Pass: Optimize1qGatesDecomposition - 0.91004 (ms)
2026-07-13 09:41:15,931 [INFO] Pass: InverseCancellation - 0.14377 (ms)
2026-07-13 09:41:15,932 [INFO] Pass: HighLevelSynthesis - 1.16611 (ms)
2026-07-13 09:41:15,932 [INFO] Pass: GatesInBasis - 0.66161 (ms)
2026-07-13 09:41:15,932 [INFO] Pass: BasisTranslator - 0.76747 (ms)
2026-07-13 09:41:15,932 [INFO] Pass: Depth - 0.14567 (ms)
2026-07-13 09:41:15,932 [INFO] Pass: FixedPoint - 0.00620 (ms)
2026-07-13 09:41:15,932 [INFO] Pass: Size - 0.05436 (ms)
2026-07-13 09:41:15,933 [INFO] Pass: FixedPoint - 0.00429 (ms)
2026-07-13 09:41:15,933 [INFO] Pass: Depth - 0.15140 (ms)
2026-07-13 09:41:15,933 [INFO] Pass: ContainsInstruction - 0.00787 (ms)
2026-07-13 09:41:15,933 [INFO] Pass: FixedPoint - 0.01097 (ms)
2026-07-13 09:41:15,933 [INFO] Pass: Size - 0.05651 (ms)
2026-07-13 09:41:15,933 [INFO] Pass: FixedPoint - 0.00477 (ms)
2026-07-13 09:41:15,934 [INFO] Pass: Optimize1qGatesDecomposition - 0.90480 (ms)
2026-07-13 09:41:15,934 [INFO] Total Transpile Time - 51.63693 (ms)
2026-07-13 09:41:15,934 [INFO] Pass: InverseCancellation - 0.14567 (ms)
2026-07-13 09:41:15,934 [INFO] Pass: ContainsInstruction - 0.00644 (ms)
2026-07-13 09:41:15,935 [INFO] Pass: GatesInBasis - 0.66996 (ms)
2026-07-13 09:41:15,935 [INFO] Pass: InverseCancellation - 0.16642 (ms)
2026-07-13 09:41:15,935 [INFO] Pass: UnitarySynthesis - 0.00453 (ms)
2026-07-13 09:41:15,935 [INFO] Pass: Depth - 0.14544 (ms)
2026-07-13 09:41:15,935 [INFO] Pass: FixedPoint - 0.00620 (ms)
2026-07-13 09:41:15,935 [INFO] Pass: Size - 0.05484 (ms)
2026-07-13 09:41:15,935 [INFO] Pass: FixedPoint - 0.00453 (ms)
2026-07-13 09:41:15,935 [INFO] Pass: ContainsInstruction - 0.00668 (ms)
2026-07-13 09:41:15,936 [INFO] Pass: HighLevelSynthesis - 1.18208 (ms)
2026-07-13 09:41:15,936 [INFO] Total Transpile Time - 51.30506 (ms)
2026-07-13 09:41:15,937 [INFO] Pass: BasisTranslator - 0.76842 (ms)
2026-07-13 09:41:15,937 [INFO] Pass: Depth - 0.15283 (ms)
2026-07-13 09:41:15,937 [INFO] Pass: FixedPoint - 0.00691 (ms)
2026-07-13 09:41:15,937 [INFO] Pass: Size - 0.05603 (ms)
2026-07-13 09:41:15,937 [INFO] Pass: FixedPoint - 0.00525 (ms)
2026-07-13 09:41:15,938 [INFO] Pass: Optimize1qGatesDecomposition - 0.89073 (ms)
2026-07-13 09:41:15,938 [INFO] Pass: InverseCancellation - 0.15187 (ms)
2026-07-13 09:41:15,939 [INFO] Pass: GatesInBasis - 0.68235 (ms)
2026-07-13 09:41:15,939 [INFO] Pass: Depth - 0.14901 (ms)
2026-07-13 09:41:15,939 [INFO] Pass: FixedPoint - 0.00596 (ms)
2026-07-13 09:41:15,939 [INFO] Pass: Size - 0.05412 (ms)
2026-07-13 09:41:15,939 [INFO] Pass: ContainsInstruction - 0.00811 (ms)
2026-07-13 09:41:15,939 [INFO] Pass: FixedPoint - 0.00429 (ms)
2026-07-13 09:41:15,939 [INFO] Pass: ContainsInstruction - 0.00453 (ms)
2026-07-13 09:41:15,940 [INFO] Pass: InverseCancellation - 0.16665 (ms)
2026-07-13 09:41:15,940 [INFO] Pass: UnitarySynthesis - 0.00429 (ms)
2026-07-13 09:41:15,940 [INFO] Total Transpile Time - 51.28121 (ms)
2026-07-13 09:41:15,941 [INFO] Pass: HighLevelSynthesis - 1.19090 (ms)
2026-07-13 09:41:15,942 [INFO] Pass: BasisTranslator - 0.79250 (ms)
2026-07-13 09:41:15,942 [INFO] Pass: Depth - 0.15378 (ms)
2026-07-13 09:41:15,942 [INFO] Pass: FixedPoint - 0.00763 (ms)
2026-07-13 09:41:15,942 [INFO] Pass: Size - 0.05531 (ms)
2026-07-13 09:41:15,942 [INFO] Pass: FixedPoint - 0.00453 (ms)
2026-07-13 09:41:15,943 [INFO] Pass: ContainsInstruction - 0.00739 (ms)
2026-07-13 09:41:15,943 [INFO] Pass: InverseCancellation - 0.16832 (ms)
2026-07-13 09:41:15,943 [INFO] Pass: Optimize1qGatesDecomposition - 0.90480 (ms)
2026-07-13 09:41:15,943 [INFO] Pass: UnitarySynthesis - 0.00453 (ms)
2026-07-13 09:41:15,943 [INFO] Pass: InverseCancellation - 0.15378 (ms)
2026-07-13 09:41:15,944 [INFO] Pass: GatesInBasis - 0.66066 (ms)
2026-07-13 09:41:15,944 [INFO] Pass: Depth - 0.14758 (ms)
2026-07-13 09:41:15,944 [INFO] Pass: FixedPoint - 0.00620 (ms)
2026-07-13 09:41:15,944 [INFO] Pass: Size - 0.05460 (ms)
2026-07-13 09:41:15,944 [INFO] Pass: HighLevelSynthesis - 1.18160 (ms)
2026-07-13 09:41:15,944 [INFO] Pass: FixedPoint - 0.00477 (ms)
2026-07-13 09:41:15,944 [INFO] Pass: ContainsInstruction - 0.00501 (ms)
2026-07-13 09:41:15,945 [INFO] Pass: BasisTranslator - 0.77868 (ms)
2026-07-13 09:41:15,945 [INFO] Pass: Depth - 0.16522 (ms)
2026-07-13 09:41:15,945 [INFO] Pass: FixedPoint - 0.00787 (ms)
2026-07-13 09:41:15,945 [INFO] Pass: Size - 0.05674 (ms)
2026-07-13 09:41:15,945 [INFO] Total Transpile Time - 51.71824 (ms)
2026-07-13 09:41:15,945 [INFO] Pass: FixedPoint - 0.00477 (ms)
2026-07-13 09:41:15,946 [INFO] Pass: Optimize1qGatesDecomposition - 0.89884 (ms)
2026-07-13 09:41:15,947 [INFO] Pass: InverseCancellation - 0.14472 (ms)
2026-07-13 09:41:15,947 [INFO] Pass: GatesInBasis - 0.65804 (ms)
2026-07-13 09:41:15,947 [INFO] Pass: Depth - 0.14496 (ms)
2026-07-13 09:41:15,948 [INFO] Pass: FixedPoint - 0.00572 (ms)
2026-07-13 09:41:15,948 [INFO] Pass: Size - 0.05341 (ms)
2026-07-13 09:41:15,948 [INFO] Pass: FixedPoint - 0.00477 (ms)
2026-07-13 09:41:15,948 [INFO] Pass: ContainsInstruction - 0.00477 (ms)
2026-07-13 09:41:15,948 [INFO] Pass: ContainsInstruction - 0.00691 (ms)
2026-07-13 09:41:15,948 [INFO] Pass: InverseCancellation - 0.16451 (ms)
2026-07-13 09:41:15,948 [INFO] Pass: UnitarySynthesis - 0.00453 (ms)
2026-07-13 09:41:15,949 [INFO] Total Transpile Time - 51.51415 (ms)
2026-07-13 09:41:15,949 [INFO] Pass: HighLevelSynthesis - 1.18494 (ms)
2026-07-13 09:41:15,950 [INFO] Pass: BasisTranslator - 0.76962 (ms)
2026-07-13 09:41:15,950 [INFO] Pass: Depth - 0.16117 (ms)
2026-07-13 09:41:15,950 [INFO] Pass: FixedPoint - 0.00739 (ms)
2026-07-13 09:41:15,950 [INFO] Pass: ContainsInstruction - 0.00715 (ms)
2026-07-13 09:41:15,950 [INFO] Pass: Size - 0.05603 (ms)
2026-07-13 09:41:15,950 [INFO] Pass: FixedPoint - 0.00453 (ms)
2026-07-13 09:41:15,950 [INFO] Pass: ContainsInstruction - 0.00715 (ms)
2026-07-13 09:41:15,951 [INFO] Pass: InverseCancellation - 0.16618 (ms)
2026-07-13 09:41:15,951 [INFO] Pass: UnitarySynthesis - 0.00429 (ms)
2026-07-13 09:41:15,951 [INFO] Pass: InverseCancellation - 0.16522 (ms)
2026-07-13 09:41:15,951 [INFO] Pass: UnitarySynthesis - 0.00477 (ms)
2026-07-13 09:41:15,951 [INFO] Pass: Optimize1qGatesDecomposition - 0.90194 (ms)
2026-07-13 09:41:15,952 [INFO] Pass: InverseCancellation - 0.14591 (ms)
2026-07-13 09:41:15,952 [INFO] Pass: HighLevelSynthesis - 1.25718 (ms)
2026-07-13 09:41:15,952 [INFO] Pass: HighLevelSynthesis - 1.26219 (ms)
2026-07-13 09:41:15,952 [INFO] Pass: GatesInBasis - 0.66471 (ms)
2026-07-13 09:41:15,952 [INFO] Pass: Depth - 0.14687 (ms)
2026-07-13 09:41:15,952 [INFO] Pass: FixedPoint - 0.00620 (ms)
2026-07-13 09:41:15,953 [INFO] Pass: Size - 0.05412 (ms)
2026-07-13 09:41:15,953 [INFO] Pass: FixedPoint - 0.00477 (ms)
2026-07-13 09:41:15,953 [INFO] Pass: BasisTranslator - 0.69594 (ms)
2026-07-13 09:41:15,953 [INFO] Pass: ContainsInstruction - 0.00477 (ms)
2026-07-13 09:41:15,953 [INFO] Pass: ContainsInstruction - 0.00739 (ms)
2026-07-13 09:41:15,953 [INFO] Pass: BasisTranslator - 0.69690 (ms)
2026-07-13 09:41:15,953 [INFO] Pass: Depth - 0.16475 (ms)
2026-07-13 09:41:15,953 [INFO] Pass: InverseCancellation - 0.16475 (ms)
2026-07-13 09:41:15,953 [INFO] Pass: FixedPoint - 0.00739 (ms)
2026-07-13 09:41:15,953 [INFO] Pass: UnitarySynthesis - 0.00477 (ms)
2026-07-13 09:41:15,953 [INFO] Pass: Size - 0.05817 (ms)
2026-07-13 09:41:15,953 [INFO] Pass: FixedPoint - 0.00453 (ms)
2026-07-13 09:41:15,953 [INFO] Pass: Depth - 0.16546 (ms)
2026-07-13 09:41:15,953 [INFO] Pass: FixedPoint - 0.00691 (ms)
2026-07-13 09:41:15,953 [INFO] Pass: Size - 0.06342 (ms)
2026-07-13 09:41:15,953 [INFO] Pass: FixedPoint - 0.00501 (ms)
2026-07-13 09:41:15,954 [INFO] Total Transpile Time - 51.63550 (ms)
2026-07-13 09:41:15,954 [INFO] Pass: Optimize1qGatesDecomposition - 1.01161 (ms)
2026-07-13 09:41:15,954 [INFO] Pass: InverseCancellation - 0.00787 (ms)
2026-07-13 09:41:15,954 [INFO] Pass: HighLevelSynthesis - 1.25527 (ms)
2026-07-13 09:41:15,954 [INFO] Pass: Optimize1qGatesDecomposition - 1.01209 (ms)
2026-07-13 09:41:15,954 [INFO] Pass: InverseCancellation - 0.00834 (ms)
2026-07-13 09:41:15,955 [INFO] Pass: GatesInBasis - 0.65160 (ms)
2026-07-13 09:41:15,955 [INFO] Pass: BasisTranslator - 0.68092 (ms)
2026-07-13 09:41:15,955 [INFO] Pass: Depth - 0.14853 (ms)
2026-07-13 09:41:15,955 [INFO] Pass: GatesInBasis - 0.64373 (ms)
2026-07-13 09:41:15,955 [INFO] Pass: FixedPoint - 0.00548 (ms)
2026-07-13 09:41:15,955 [INFO] Pass: Size - 0.05460 (ms)
2026-07-13 09:41:15,955 [INFO] Pass: Depth - 0.16260 (ms)
2026-07-13 09:41:15,955 [INFO] Pass: FixedPoint - 0.00405 (ms)
2026-07-13 09:41:15,955 [INFO] Pass: FixedPoint - 0.00691 (ms)
2026-07-13 09:41:15,955 [INFO] Pass: Depth - 0.15306 (ms)
2026-07-13 09:41:15,955 [INFO] Pass: FixedPoint - 0.00572 (ms)
2026-07-13 09:41:15,955 [INFO] Pass: Size - 0.05865 (ms)
2026-07-13 09:41:15,955 [INFO] Pass: FixedPoint - 0.00453 (ms)
2026-07-13 09:41:15,955 [INFO] Pass: Size - 0.05388 (ms)
2026-07-13 09:41:15,955 [INFO] Pass: FixedPoint - 0.00429 (ms)
2026-07-13 09:41:15,956 [INFO] Pass: Optimize1qGatesDecomposition - 0.81372 (ms)
2026-07-13 09:41:15,956 [INFO] Pass: InverseCancellation - 0.00763 (ms)
2026-07-13 09:41:15,956 [INFO] Pass: Optimize1qGatesDecomposition - 0.81205 (ms)
2026-07-13 09:41:15,956 [INFO] Pass: InverseCancellation - 0.00691 (ms)
2026-07-13 09:41:15,956 [INFO] Pass: Optimize1qGatesDecomposition - 1.00613 (ms)
2026-07-13 09:41:15,956 [INFO] Pass: InverseCancellation - 0.00763 (ms)
2026-07-13 09:41:15,957 [INFO] Pass: GatesInBasis - 0.70810 (ms)
2026-07-13 09:41:15,957 [INFO] Pass: Depth - 0.14925 (ms)
2026-07-13 09:41:15,957 [INFO] Pass: GatesInBasis - 0.70000 (ms)
2026-07-13 09:41:15,957 [INFO] Pass: FixedPoint - 0.00548 (ms)
2026-07-13 09:41:15,957 [INFO] Pass: GatesInBasis - 0.64635 (ms)
2026-07-13 09:41:15,957 [INFO] Pass: ContainsInstruction - 0.00787 (ms)
2026-07-13 09:41:15,957 [INFO] Pass: Size - 0.05817 (ms)
2026-07-13 09:41:15,957 [INFO] Pass: FixedPoint - 0.00477 (ms)
2026-07-13 09:41:15,957 [INFO] Pass: Depth - 0.15092 (ms)
2026-07-13 09:41:15,957 [INFO] Pass: ContainsInstruction - 0.00477 (ms)
2026-07-13 09:41:15,957 [INFO] Pass: FixedPoint - 0.00525 (ms)
2026-07-13 09:41:15,957 [INFO] Pass: ContainsInstruction - 0.00739 (ms)
2026-07-13 09:41:15,957 [INFO] Pass: Depth - 0.15140 (ms)
2026-07-13 09:41:15,957 [INFO] Pass: Size - 0.05436 (ms)
2026-07-13 09:41:15,957 [INFO] Pass: FixedPoint - 0.00548 (ms)
2026-07-13 09:41:15,957 [INFO] Pass: FixedPoint - 0.00453 (ms)
2026-07-13 09:41:15,957 [INFO] Pass: InverseCancellation - 0.16832 (ms)
2026-07-13 09:41:15,957 [INFO] Pass: ContainsInstruction - 0.00477 (ms)
2026-07-13 09:41:15,957 [INFO] Pass: UnitarySynthesis - 0.00453 (ms)
2026-07-13 09:41:15,957 [INFO] Pass: Size - 0.05484 (ms)
2026-07-13 09:41:15,957 [INFO] Pass: FixedPoint - 0.00453 (ms)
2026-07-13 09:41:15,957 [INFO] Pass: InverseCancellation - 0.16689 (ms)
2026-07-13 09:41:15,958 [INFO] Pass: UnitarySynthesis - 0.00429 (ms)
2026-07-13 09:41:15,958 [INFO] Pass: Optimize1qGatesDecomposition - 0.81372 (ms)
2026-07-13 09:41:15,958 [INFO] Pass: InverseCancellation - 0.00763 (ms)
2026-07-13 09:41:15,958 [INFO] Total Transpile Time - 53.57885 (ms)
2026-07-13 09:41:15,959 [INFO] Total Transpile Time - 53.56288 (ms)
2026-07-13 09:41:15,959 [INFO] Pass: HighLevelSynthesis - 1.26290 (ms)
2026-07-13 09:41:15,959 [INFO] Pass: HighLevelSynthesis - 1.27268 (ms)
2026-07-13 09:41:15,959 [INFO] Pass: GatesInBasis - 0.70047 (ms)
2026-07-13 09:41:15,959 [INFO] Pass: Depth - 0.14901 (ms)
2026-07-13 09:41:15,959 [INFO] Pass: FixedPoint - 0.00596 (ms)
2026-07-13 09:41:15,959 [INFO] Pass: Size - 0.05460 (ms)
2026-07-13 09:41:15,959 [INFO] Pass: FixedPoint - 0.00453 (ms)
2026-07-13 09:41:15,959 [INFO] Pass: BasisTranslator - 0.69928 (ms)
2026-07-13 09:41:15,959 [INFO] Pass: ContainsInstruction - 0.00572 (ms)
2026-07-13 09:41:15,960 [INFO] Pass: BasisTranslator - 0.68927 (ms)
2026-07-13 09:41:15,960 [INFO] Pass: Depth - 0.16618 (ms)
2026-07-13 09:41:15,960 [INFO] Pass: FixedPoint - 0.00787 (ms)
2026-07-13 09:41:15,960 [INFO] Pass: Depth - 0.16427 (ms)
2026-07-13 09:41:15,960 [INFO] Pass: Size - 0.05913 (ms)
2026-07-13 09:41:15,960 [INFO] Pass: FixedPoint - 0.00715 (ms)
2026-07-13 09:41:15,960 [INFO] Pass: FixedPoint - 0.00525 (ms)
2026-07-13 09:41:15,960 [INFO] Pass: Size - 0.05960 (ms)
2026-07-13 09:41:15,960 [INFO] Pass: FixedPoint - 0.00477 (ms)
2026-07-13 09:41:15,961 [INFO] Total Transpile Time - 53.43175 (ms)
2026-07-13 09:41:15,961 [INFO] Pass: Optimize1qGatesDecomposition - 1.02782 (ms)
2026-07-13 09:41:15,961 [INFO] Pass: InverseCancellation - 0.00954 (ms)
2026-07-13 09:41:15,961 [INFO] Pass: Optimize1qGatesDecomposition - 1.00875 (ms)
2026-07-13 09:41:15,961 [INFO] Pass: InverseCancellation - 0.00834 (ms)
2026-07-13 09:41:15,962 [INFO] Pass: GatesInBasis - 0.68998 (ms)
2026-07-13 09:41:15,962 [INFO] Pass: GatesInBasis - 0.65923 (ms)
2026-07-13 09:41:15,962 [INFO] Pass: Depth - 0.15688 (ms)
2026-07-13 09:41:15,962 [INFO] Pass: FixedPoint - 0.00572 (ms)
2026-07-13 09:41:15,962 [INFO] Pass: Depth - 0.15640 (ms)
2026-07-13 09:41:15,962 [INFO] Pass: FixedPoint - 0.00620 (ms)
2026-07-13 09:41:15,962 [INFO] Pass: Size - 0.05436 (ms)
2026-07-13 09:41:15,962 [INFO] Pass: FixedPoint - 0.00453 (ms)
2026-07-13 09:41:15,962 [INFO] Pass: Size - 0.05484 (ms)
2026-07-13 09:41:15,962 [INFO] Pass: FixedPoint - 0.00501 (ms)
2026-07-13 09:41:15,963 [INFO] Pass: Optimize1qGatesDecomposition - 0.81635 (ms)
2026-07-13 09:41:15,963 [INFO] Pass: InverseCancellation - 0.00739 (ms)
2026-07-13 09:41:15,963 [INFO] Pass: Optimize1qGatesDecomposition - 0.81325 (ms)
2026-07-13 09:41:15,963 [INFO] Pass: InverseCancellation - 0.00763 (ms)
2026-07-13 09:41:15,963 [INFO] Pass: ContainsInstruction - 0.00715 (ms)
2026-07-13 09:41:15,964 [INFO] Pass: InverseCancellation - 0.16952 (ms)
2026-07-13 09:41:15,964 [INFO] Pass: GatesInBasis - 0.74458 (ms)
2026-07-13 09:41:15,964 [INFO] Pass: UnitarySynthesis - 0.00453 (ms)
2026-07-13 09:41:15,964 [INFO] Pass: GatesInBasis - 0.71335 (ms)
2026-07-13 09:41:15,964 [INFO] Pass: Depth - 0.14782 (ms)
2026-07-13 09:41:15,964 [INFO] Pass: FixedPoint - 0.00548 (ms)
2026-07-13 09:41:15,964 [INFO] Pass: Depth - 0.14544 (ms)
2026-07-13 09:41:15,964 [INFO] Pass: FixedPoint - 0.00548 (ms)
2026-07-13 09:41:15,964 [INFO] Pass: Size - 0.05460 (ms)
2026-07-13 09:41:15,964 [INFO] Pass: FixedPoint - 0.00429 (ms)
2026-07-13 09:41:15,964 [INFO] Pass: Size - 0.05436 (ms)
2026-07-13 09:41:15,964 [INFO] Pass: FixedPoint - 0.00453 (ms)
2026-07-13 09:41:15,964 [INFO] Pass: ContainsInstruction - 0.00548 (ms)
2026-07-13 09:41:15,964 [INFO] Pass: ContainsInstruction - 0.00501 (ms)
2026-07-13 09:41:15,964 [INFO] Pass: ContainsInstruction - 0.00834 (ms)
2026-07-13 09:41:15,965 [INFO] Pass: InverseCancellation - 0.16379 (ms)
2026-07-13 09:41:15,965 [INFO] Pass: UnitarySynthesis - 0.00477 (ms)
2026-07-13 09:41:15,965 [INFO] Pass: HighLevelSynthesis - 1.25051 (ms)
2026-07-13 09:41:15,965 [INFO] Total Transpile Time - 53.47562 (ms)
2026-07-13 09:41:15,965 [INFO] Total Transpile Time - 53.86186 (ms)
2026-07-13 09:41:15,966 [INFO] Pass: BasisTranslator - 0.68307 (ms)
2026-07-13 09:41:15,966 [INFO] Pass: HighLevelSynthesis - 1.27053 (ms)
2026-07-13 09:41:15,966 [INFO] Pass: Depth - 0.16236 (ms)
2026-07-13 09:41:15,966 [INFO] Pass: FixedPoint - 0.00739 (ms)
2026-07-13 09:41:15,966 [INFO] Pass: Size - 0.06437 (ms)
2026-07-13 09:41:15,966 [INFO] Pass: FixedPoint - 0.00501 (ms)
2026-07-13 09:41:15,967 [INFO] Pass: BasisTranslator - 0.82374 (ms)
2026-07-13 09:41:15,967 [INFO] Pass: Depth - 0.16594 (ms)
2026-07-13 09:41:15,967 [INFO] Pass: FixedPoint - 0.00763 (ms)
2026-07-13 09:41:15,967 [INFO] Pass: Size - 0.06127 (ms)
2026-07-13 09:41:15,967 [INFO] Pass: FixedPoint - 0.00501 (ms)
2026-07-13 09:41:15,967 [INFO] Pass: Optimize1qGatesDecomposition - 1.01924 (ms)
2026-07-13 09:41:15,967 [INFO] Pass: InverseCancellation - 0.00834 (ms)
2026-07-13 09:41:15,968 [INFO] Pass: GatesInBasis - 0.65947 (ms)
2026-07-13 09:41:15,968 [INFO] Pass: Depth - 0.15497 (ms)
2026-07-13 09:41:15,968 [INFO] Pass: FixedPoint - 0.00572 (ms)
2026-07-13 09:41:15,968 [INFO] Pass: Optimize1qGatesDecomposition - 1.01948 (ms)
2026-07-13 09:41:15,968 [INFO] Pass: Size - 0.05627 (ms)
2026-07-13 09:41:15,968 [INFO] Pass: InverseCancellation - 0.00858 (ms)
2026-07-13 09:41:15,968 [INFO] Pass: FixedPoint - 0.00453 (ms)
2026-07-13 09:41:15,969 [INFO] Pass: GatesInBasis - 0.67115 (ms)
2026-07-13 09:41:15,969 [INFO] Pass: Optimize1qGatesDecomposition - 0.81468 (ms)
2026-07-13 09:41:15,969 [INFO] Pass: Depth - 0.15020 (ms)
2026-07-13 09:41:15,969 [INFO] Pass: InverseCancellation - 0.00691 (ms)
2026-07-13 09:41:15,969 [INFO] Pass: FixedPoint - 0.00572 (ms)
2026-07-13 09:41:15,969 [INFO] Pass: Size - 0.05651 (ms)
2026-07-13 09:41:15,969 [INFO] Pass: FixedPoint - 0.00429 (ms)
2026-07-13 09:41:15,970 [INFO] Pass: GatesInBasis - 0.71025 (ms)
2026-07-13 09:41:15,970 [INFO] Pass: Depth - 0.15020 (ms)
2026-07-13 09:41:15,970 [INFO] Pass: FixedPoint - 0.00548 (ms)
2026-07-13 09:41:15,970 [INFO] Pass: Optimize1qGatesDecomposition - 0.81515 (ms)
2026-07-13 09:41:15,970 [INFO] Pass: InverseCancellation - 0.00668 (ms)
2026-07-13 09:41:15,970 [INFO] Pass: Size - 0.05412 (ms)
2026-07-13 09:41:15,970 [INFO] Pass: FixedPoint - 0.00405 (ms)
2026-07-13 09:41:15,970 [INFO] Pass: ContainsInstruction - 0.00548 (ms)
2026-07-13 09:41:15,971 [INFO] Pass: GatesInBasis - 0.63181 (ms)
2026-07-13 09:41:15,971 [INFO] Pass: Depth - 0.14853 (ms)
2026-07-13 09:41:15,971 [INFO] Pass: FixedPoint - 0.00501 (ms)
2026-07-13 09:41:15,971 [INFO] Pass: Size - 0.05388 (ms)
2026-07-13 09:41:15,971 [INFO] Pass: FixedPoint - 0.00453 (ms)
2026-07-13 09:41:15,971 [INFO] Pass: ContainsInstruction - 0.00525 (ms)
2026-07-13 09:41:15,972 [INFO] Total Transpile Time - 53.62797 (ms)
2026-07-13 09:41:15,972 [INFO] Pass: ContainsInstruction - 0.00787 (ms)
2026-07-13 09:41:15,972 [INFO] Pass: InverseCancellation - 0.16522 (ms)
2026-07-13 09:41:15,972 [INFO] Pass: UnitarySynthesis - 0.00453 (ms)
2026-07-13 09:41:15,972 [INFO] Pass: ContainsInstruction - 0.00787 (ms)
2026-07-13 09:41:15,972 [INFO] Pass: InverseCancellation - 0.16785 (ms)
2026-07-13 09:41:15,972 [INFO] Pass: UnitarySynthesis - 0.00477 (ms)
2026-07-13 09:41:15,973 [INFO] Total Transpile Time - 53.49922 (ms)
2026-07-13 09:41:15,973 [INFO] Pass: HighLevelSynthesis - 1.27506 (ms)
2026-07-13 09:41:15,974 [INFO] Pass: HighLevelSynthesis - 1.25480 (ms)
2026-07-13 09:41:15,974 [INFO] Pass: BasisTranslator - 0.83828 (ms)
2026-07-13 09:41:15,974 [INFO] Pass: Depth - 0.16475 (ms)
2026-07-13 09:41:15,975 [INFO] Pass: FixedPoint - 0.00739 (ms)
2026-07-13 09:41:15,975 [INFO] Pass: BasisTranslator - 0.83613 (ms)
2026-07-13 09:41:15,975 [INFO] Pass: Size - 0.06104 (ms)
2026-07-13 09:41:15,975 [INFO] Pass: FixedPoint - 0.00477 (ms)
2026-07-13 09:41:15,975 [INFO] Pass: Depth - 0.16403 (ms)
2026-07-13 09:41:15,975 [INFO] Pass: FixedPoint - 0.00787 (ms)
2026-07-13 09:41:15,975 [INFO] Pass: Size - 0.05841 (ms)
2026-07-13 09:41:15,975 [INFO] Pass: FixedPoint - 0.00477 (ms)
2026-07-13 09:41:15,976 [INFO] Pass: Optimize1qGatesDecomposition - 1.02568 (ms)
2026-07-13 09:41:15,976 [INFO] Pass: InverseCancellation - 0.00811 (ms)
2026-07-13 09:41:15,976 [INFO] Pass: Optimize1qGatesDecomposition - 1.01566 (ms)
2026-07-13 09:41:15,976 [INFO] Pass: InverseCancellation - 0.00787 (ms)
2026-07-13 09:41:15,976 [INFO] Pass: ContainsInstruction - 0.01121 (ms)
2026-07-13 09:41:15,976 [INFO] Pass: GatesInBasis - 0.66447 (ms)
2026-07-13 09:41:15,977 [INFO] Pass: InverseCancellation - 0.16522 (ms)
2026-07-13 09:41:15,977 [INFO] Pass: Depth - 0.15187 (ms)
2026-07-13 09:41:15,977 [INFO] Pass: UnitarySynthesis - 0.00429 (ms)
2026-07-13 09:41:15,977 [INFO] Pass: FixedPoint - 0.00620 (ms)
2026-07-13 09:41:15,977 [INFO] Pass: GatesInBasis - 0.68307 (ms)
2026-07-13 09:41:15,977 [INFO] Pass: Size - 0.05484 (ms)
2026-07-13 09:41:15,977 [INFO] Pass: FixedPoint - 0.00429 (ms)
2026-07-13 09:41:15,977 [INFO] Pass: Depth - 0.15044 (ms)
2026-07-13 09:41:15,977 [INFO] Pass: FixedPoint - 0.00596 (ms)
2026-07-13 09:41:15,977 [INFO] Pass: Size - 0.05579 (ms)
2026-07-13 09:41:15,977 [INFO] Pass: FixedPoint - 0.00429 (ms)
2026-07-13 09:41:15,978 [INFO] Pass: Optimize1qGatesDecomposition - 0.81611 (ms)
2026-07-13 09:41:15,978 [INFO] Pass: InverseCancellation - 0.00715 (ms)
2026-07-13 09:41:15,978 [INFO] Pass: Optimize1qGatesDecomposition - 0.82040 (ms)
2026-07-13 09:41:15,978 [INFO] Pass: HighLevelSynthesis - 1.25337 (ms)
2026-07-13 09:41:15,978 [INFO] Pass: InverseCancellation - 0.00715 (ms)
2026-07-13 09:41:15,978 [INFO] Pass: GatesInBasis - 0.67019 (ms)
2026-07-13 09:41:15,979 [INFO] Pass: Depth - 0.14710 (ms)
2026-07-13 09:41:15,979 [INFO] Pass: FixedPoint - 0.00525 (ms)
2026-07-13 09:41:15,979 [INFO] Pass: GatesInBasis - 0.64087 (ms)
2026-07-13 09:41:15,979 [INFO] Pass: Size - 0.05436 (ms)
2026-07-13 09:41:15,979 [INFO] Pass: FixedPoint - 0.00477 (ms)
2026-07-13 09:41:15,979 [INFO] Pass: ContainsInstruction - 0.00572 (ms)
2026-07-13 09:41:15,979 [INFO] Pass: BasisTranslator - 0.82803 (ms)
2026-07-13 09:41:15,979 [INFO] Pass: Depth - 0.14544 (ms)
2026-07-13 09:41:15,979 [INFO] Pass: FixedPoint - 0.00501 (ms)
2026-07-13 09:41:15,979 [INFO] Pass: Size - 0.05388 (ms)
2026-07-13 09:41:15,979 [INFO] Pass: FixedPoint - 0.00429 (ms)
2026-07-13 09:41:15,979 [INFO] Pass: ContainsInstruction - 0.01144 (ms)
2026-07-13 09:41:15,979 [INFO] Pass: Depth - 0.16642 (ms)
2026-07-13 09:41:15,979 [INFO] Pass: ContainsInstruction - 0.00572 (ms)
2026-07-13 09:41:15,979 [INFO] Pass: FixedPoint - 0.01240 (ms)
2026-07-13 09:41:15,979 [INFO] Pass: Size - 0.05817 (ms)
2026-07-13 09:41:15,979 [INFO] Pass: FixedPoint - 0.00477 (ms)
2026-07-13 09:41:15,979 [INFO] Pass: InverseCancellation - 0.17166 (ms)
2026-07-13 09:41:15,979 [INFO] Pass: UnitarySynthesis - 0.00453 (ms)
2026-07-13 09:41:15,980 [INFO] Total Transpile Time - 53.57218 (ms)
2026-07-13 09:41:15,980 [INFO] Total Transpile Time - 54.21877 (ms)
2026-07-13 09:41:15,980 [INFO] Pass: Optimize1qGatesDecomposition - 1.01280 (ms)
2026-07-13 09:41:15,980 [INFO] Pass: InverseCancellation - 0.00811 (ms)
2026-07-13 09:41:15,981 [INFO] Pass: HighLevelSynthesis - 1.26553 (ms)
2026-07-13 09:41:15,981 [INFO] Pass: GatesInBasis - 0.65327 (ms)
2026-07-13 09:41:15,981 [INFO] Pass: ContainsInstruction - 0.00954 (ms)
2026-07-13 09:41:15,981 [INFO] Pass: Depth - 0.15521 (ms)
2026-07-13 09:41:15,981 [INFO] Pass: FixedPoint - 0.00596 (ms)
2026-07-13 09:41:15,981 [INFO] Pass: Size - 0.05460 (ms)
2026-07-13 09:41:15,981 [INFO] Pass: FixedPoint - 0.00453 (ms)
2026-07-13 09:41:15,981 [INFO] Pass: InverseCancellation - 0.16570 (ms)
2026-07-13 09:41:15,981 [INFO] Pass: UnitarySynthesis - 0.00453 (ms)
2026-07-13 09:41:15,982 [INFO] Pass: BasisTranslator - 0.83852 (ms)
2026-07-13 09:41:15,982 [INFO] Pass: Depth - 0.16832 (ms)
2026-07-13 09:41:15,982 [INFO] Pass: FixedPoint - 0.01025 (ms)
2026-07-13 09:41:15,982 [INFO] Pass: Size - 0.06032 (ms)
2026-07-13 09:41:15,982 [INFO] Pass: FixedPoint - 0.00453 (ms)
2026-07-13 09:41:15,982 [INFO] Pass: Optimize1qGatesDecomposition - 0.81635 (ms)
2026-07-13 09:41:15,982 [INFO] Pass: InverseCancellation - 0.00739 (ms)
2026-07-13 09:41:15,983 [INFO] Pass: HighLevelSynthesis - 1.27649 (ms)
2026-07-13 09:41:15,983 [INFO] Pass: Optimize1qGatesDecomposition - 1.01542 (ms)
2026-07-13 09:41:15,983 [INFO] Pass: GatesInBasis - 0.63562 (ms)
2026-07-13 09:41:15,983 [INFO] Pass: InverseCancellation - 0.00811 (ms)
2026-07-13 09:41:15,983 [INFO] Pass: Depth - 0.15259 (ms)
2026-07-13 09:41:15,983 [INFO] Pass: FixedPoint - 0.00572 (ms)
2026-07-13 09:41:15,983 [INFO] Pass: Size - 0.05460 (ms)
2026-07-13 09:41:15,983 [INFO] Pass: FixedPoint - 0.00429 (ms)
2026-07-13 09:41:15,983 [INFO] Pass: ContainsInstruction - 0.00620 (ms)
2026-07-13 09:41:15,984 [INFO] Pass: BasisTranslator - 0.81801 (ms)
2026-07-13 09:41:15,984 [INFO] Pass: GatesInBasis - 0.66757 (ms)
2026-07-13 09:41:15,984 [INFO] Pass: Depth - 0.16236 (ms)
2026-07-13 09:41:15,984 [INFO] Pass: FixedPoint - 0.00930 (ms)
2026-07-13 09:41:15,984 [INFO] Pass: Depth - 0.15140 (ms)
2026-07-13 09:41:15,984 [INFO] Pass: FixedPoint - 0.00548 (ms)
2026-07-13 09:41:15,984 [INFO] Pass: Size - 0.05889 (ms)
2026-07-13 09:41:15,984 [INFO] Pass: FixedPoint - 0.00477 (ms)
2026-07-13 09:41:15,984 [INFO] Pass: Size - 0.05460 (ms)
2026-07-13 09:41:15,984 [INFO] Pass: FixedPoint - 0.00453 (ms)
2026-07-13 09:41:15,985 [INFO] Total Transpile Time - 53.54261 (ms)
2026-07-13 09:41:15,985 [INFO] Pass: Optimize1qGatesDecomposition - 0.80514 (ms)
2026-07-13 09:41:15,985 [INFO] Pass: InverseCancellation - 0.00715 (ms)
2026-07-13 09:41:15,985 [INFO] Pass: Optimize1qGatesDecomposition - 0.99874 (ms)
2026-07-13 09:41:15,985 [INFO] Pass: InverseCancellation - 0.00858 (ms)
2026-07-13 09:41:15,986 [INFO] Pass: ContainsInstruction - 0.00668 (ms)
2026-07-13 09:41:15,986 [INFO] Pass: GatesInBasis - 0.64039 (ms)
2026-07-13 09:41:15,986 [INFO] Pass: InverseCancellation - 0.16451 (ms)
2026-07-13 09:41:15,986 [INFO] Pass: GatesInBasis - 0.68402 (ms)
2026-07-13 09:41:15,986 [INFO] Pass: Depth - 0.14639 (ms)
2026-07-13 09:41:15,986 [INFO] Pass: UnitarySynthesis - 0.00429 (ms)
2026-07-13 09:41:15,986 [INFO] Pass: FixedPoint - 0.00548 (ms)
2026-07-13 09:41:15,986 [INFO] Pass: Size - 0.05436 (ms)
2026-07-13 09:41:15,986 [INFO] Pass: FixedPoint - 0.00453 (ms)
2026-07-13 09:41:15,986 [INFO] Pass: Depth - 0.15283 (ms)
2026-07-13 09:41:15,986 [INFO] Pass: ContainsInstruction - 0.00525 (ms)
2026-07-13 09:41:15,986 [INFO] Pass: FixedPoint - 0.00572 (ms)
2026-07-13 09:41:15,986 [INFO] Pass: Size - 0.05507 (ms)
2026-07-13 09:41:15,986 [INFO] Pass: FixedPoint - 0.00501 (ms)
2026-07-13 09:41:15,987 [INFO] Pass: Optimize1qGatesDecomposition - 0.80347 (ms)
2026-07-13 09:41:15,987 [INFO] Pass: InverseCancellation - 0.00763 (ms)
2026-07-13 09:41:15,987 [INFO] Pass: HighLevelSynthesis - 1.26553 (ms)
2026-07-13 09:41:15,987 [INFO] Total Transpile Time - 53.49541 (ms)
2026-07-13 09:41:15,988 [INFO] Pass: GatesInBasis - 0.63729 (ms)
2026-07-13 09:41:15,988 [INFO] Pass: Depth - 0.14782 (ms)
2026-07-13 09:41:15,988 [INFO] Pass: FixedPoint - 0.00572 (ms)
2026-07-13 09:41:15,988 [INFO] Pass: BasisTranslator - 0.81873 (ms)
2026-07-13 09:41:15,988 [INFO] Pass: Size - 0.05937 (ms)
2026-07-13 09:41:15,988 [INFO] Pass: FixedPoint - 0.00453 (ms)
2026-07-13 09:41:15,988 [INFO] Pass: ContainsInstruction - 0.00477 (ms)
2026-07-13 09:41:15,988 [INFO] Pass: Depth - 0.16332 (ms)
2026-07-13 09:41:15,988 [INFO] Pass: FixedPoint - 0.00715 (ms)
2026-07-13 09:41:15,988 [INFO] Pass: Size - 0.05841 (ms)
2026-07-13 09:41:15,988 [INFO] Pass: FixedPoint - 0.00453 (ms)
2026-07-13 09:41:15,989 [INFO] Total Transpile Time - 53.21240 (ms)
2026-07-13 09:41:15,990 [INFO] Pass: Optimize1qGatesDecomposition - 1.00183 (ms)
2026-07-13 09:41:15,990 [INFO] Pass: InverseCancellation - 0.00811 (ms)
2026-07-13 09:41:15,990 [INFO] Pass: GatesInBasis - 0.65279 (ms)
2026-07-13 09:41:15,990 [INFO] Pass: Depth - 0.14877 (ms)
2026-07-13 09:41:15,991 [INFO] Pass: FixedPoint - 0.00572 (ms)
2026-07-13 09:41:15,991 [INFO] Pass: Size - 0.05388 (ms)
2026-07-13 09:41:15,991 [INFO] Pass: FixedPoint - 0.00429 (ms)
2026-07-13 09:41:15,991 [INFO] Pass: ContainsInstruction - 0.00787 (ms)
2026-07-13 09:41:15,991 [INFO] Pass: InverseCancellation - 0.16975 (ms)
2026-07-13 09:41:15,991 [INFO] Pass: UnitarySynthesis - 0.00477 (ms)
2026-07-13 09:41:15,991 [INFO] Pass: Optimize1qGatesDecomposition - 0.81229 (ms)
2026-07-13 09:41:15,992 [INFO] Pass: InverseCancellation - 0.00715 (ms)
2026-07-13 09:41:15,992 [INFO] Pass: GatesInBasis - 0.63729 (ms)
2026-07-13 09:41:15,992 [INFO] Pass: HighLevelSynthesis - 1.27649 (ms)
2026-07-13 09:41:15,992 [INFO] Pass: Depth - 0.14520 (ms)
2026-07-13 09:41:15,992 [INFO] Pass: FixedPoint - 0.00525 (ms)
2026-07-13 09:41:15,993 [INFO] Pass: Size - 0.05436 (ms)
2026-07-13 09:41:15,993 [INFO] Pass: FixedPoint - 0.00429 (ms)
2026-07-13 09:41:15,993 [INFO] Pass: ContainsInstruction - 0.00501 (ms)
2026-07-13 09:41:15,993 [INFO] Pass: BasisTranslator - 0.83065 (ms)
2026-07-13 09:41:15,993 [INFO] Pass: Depth - 0.16451 (ms)
2026-07-13 09:41:15,993 [INFO] Pass: FixedPoint - 0.00811 (ms)
2026-07-13 09:41:15,994 [INFO] Pass: Size - 0.05817 (ms)
2026-07-13 09:41:15,994 [INFO] Pass: FixedPoint - 0.00453 (ms)
2026-07-13 09:41:15,994 [INFO] Total Transpile Time - 53.17402 (ms)
2026-07-13 09:41:15,994 [INFO] Pass: ContainsInstruction - 0.01073 (ms)
2026-07-13 09:41:15,994 [INFO] Pass: InverseCancellation - 0.16999 (ms)
2026-07-13 09:41:15,994 [INFO] Pass: UnitarySynthesis - 0.00501 (ms)
2026-07-13 09:41:15,995 [INFO] Pass: Optimize1qGatesDecomposition - 1.01376 (ms)
2026-07-13 09:41:15,995 [INFO] Pass: InverseCancellation - 0.00834 (ms)
2026-07-13 09:41:15,995 [INFO] Pass: GatesInBasis - 0.65303 (ms)
2026-07-13 09:41:15,996 [INFO] Pass: Depth - 0.14853 (ms)
2026-07-13 09:41:15,996 [INFO] Pass: FixedPoint - 0.00525 (ms)
2026-07-13 09:41:15,996 [INFO] Pass: Size - 0.05460 (ms)
2026-07-13 09:41:15,996 [INFO] Pass: FixedPoint - 0.00429 (ms)
2026-07-13 09:41:15,996 [INFO] Pass: HighLevelSynthesis - 1.25694 (ms)
2026-07-13 09:41:15,997 [INFO] Pass: Optimize1qGatesDecomposition - 0.81277 (ms)
2026-07-13 09:41:15,997 [INFO] Pass: BasisTranslator - 0.82827 (ms)
2026-07-13 09:41:15,997 [INFO] Pass: InverseCancellation - 0.00739 (ms)
2026-07-13 09:41:15,997 [INFO] Pass: Depth - 0.16689 (ms)
2026-07-13 09:41:15,997 [INFO] Pass: FixedPoint - 0.00834 (ms)
2026-07-13 09:41:15,997 [INFO] Pass: Size - 0.06104 (ms)
2026-07-13 09:41:15,997 [INFO] Pass: FixedPoint - 0.00453 (ms)
2026-07-13 09:41:15,997 [INFO] Pass: GatesInBasis - 0.63944 (ms)
2026-07-13 09:41:15,998 [INFO] Pass: Depth - 0.14377 (ms)
2026-07-13 09:41:15,998 [INFO] Pass: FixedPoint - 0.00501 (ms)
2026-07-13 09:41:15,998 [INFO] Pass: Size - 0.05412 (ms)
2026-07-13 09:41:15,998 [INFO] Pass: FixedPoint - 0.00429 (ms)
2026-07-13 09:41:15,998 [INFO] Pass: ContainsInstruction - 0.00548 (ms)
2026-07-13 09:41:15,998 [INFO] Pass: Optimize1qGatesDecomposition - 1.01542 (ms)
2026-07-13 09:41:15,998 [INFO] Pass: InverseCancellation - 0.00882 (ms)
2026-07-13 09:41:15,999 [INFO] Pass: GatesInBasis - 0.64373 (ms)
2026-07-13 09:41:15,999 [INFO] Total Transpile Time - 53.36952 (ms)
2026-07-13 09:41:15,999 [INFO] Pass: Depth - 0.14901 (ms)
2026-07-13 09:41:15,999 [INFO] Pass: FixedPoint - 0.00572 (ms)
2026-07-13 09:41:15,999 [INFO] Pass: Size - 0.05865 (ms)
2026-07-13 09:41:15,999 [INFO] Pass: ContainsInstruction - 0.00811 (ms)
2026-07-13 09:41:15,999 [INFO] Pass: FixedPoint - 0.00453 (ms)
2026-07-13 09:41:15,999 [INFO] Pass: InverseCancellation - 0.16832 (ms)
2026-07-13 09:41:15,999 [INFO] Pass: UnitarySynthesis - 0.00477 (ms)
2026-07-13 09:41:16,000 [INFO] Pass: Optimize1qGatesDecomposition - 0.80490 (ms)
2026-07-13 09:41:16,000 [INFO] Pass: InverseCancellation - 0.00739 (ms)
2026-07-13 09:41:16,001 [INFO] Pass: HighLevelSynthesis - 1.24240 (ms)
2026-07-13 09:41:16,001 [INFO] Pass: GatesInBasis - 0.63491 (ms)
2026-07-13 09:41:16,001 [INFO] Pass: Depth - 0.14496 (ms)
2026-07-13 09:41:16,001 [INFO] Pass: FixedPoint - 0.00525 (ms)
2026-07-13 09:41:16,001 [INFO] Pass: Size - 0.05364 (ms)
2026-07-13 09:41:16,001 [INFO] Pass: FixedPoint - 0.00906 (ms)
2026-07-13 09:41:16,001 [INFO] Pass: ContainsInstruction - 0.00501 (ms)
2026-07-13 09:41:16,002 [INFO] Pass: BasisTranslator - 0.82660 (ms)
2026-07-13 09:41:16,002 [INFO] Pass: Depth - 0.16499 (ms)
2026-07-13 09:41:16,002 [INFO] Pass: FixedPoint - 0.00739 (ms)
2026-07-13 09:41:16,002 [INFO] Pass: Size - 0.05913 (ms)
2026-07-13 09:41:16,002 [INFO] Pass: FixedPoint - 0.00477 (ms)
2026-07-13 09:41:16,002 [INFO] Total Transpile Time - 53.44081 (ms)
2026-07-13 09:41:16,003 [INFO] Pass: Optimize1qGatesDecomposition - 1.01376 (ms)
2026-07-13 09:41:16,003 [INFO] Pass: InverseCancellation - 0.00858 (ms)
2026-07-13 09:41:16,004 [INFO] Pass: GatesInBasis - 0.64659 (ms)
2026-07-13 09:41:16,004 [INFO] Pass: Depth - 0.15163 (ms)
2026-07-13 09:41:16,004 [INFO] Pass: FixedPoint - 0.00596 (ms)
2026-07-13 09:41:16,004 [INFO] Pass: Size - 0.05817 (ms)
2026-07-13 09:41:16,004 [INFO] Pass: FixedPoint - 0.00429 (ms)
2026-07-13 09:41:16,005 [INFO] Pass: Optimize1qGatesDecomposition - 0.81277 (ms)
2026-07-13 09:41:16,005 [INFO] Pass: InverseCancellation - 0.00691 (ms)
2026-07-13 09:41:16,006 [INFO] Pass: GatesInBasis - 0.66853 (ms)
2026-07-13 09:41:16,006 [INFO] Pass: Depth - 0.14448 (ms)
2026-07-13 09:41:16,006 [INFO] Pass: FixedPoint - 0.00501 (ms)
2026-07-13 09:41:16,006 [INFO] Pass: Size - 0.05603 (ms)
2026-07-13 09:41:16,006 [INFO] Pass: FixedPoint - 0.00429 (ms)
2026-07-13 09:41:16,006 [INFO] Pass: ContainsInstruction - 0.00477 (ms)
2026-07-13 09:41:16,007 [INFO] Total Transpile Time - 53.50471 (ms)
2026-07-13 09:42:42,656 [INFO] [PCE] Aer metadata (1a ejecucion de este proceso): device=CPU method=matrix_product_state shots=8192 fusion_enabled=False
2026-07-13 09:42:42,692 [INFO] [PCE] Aer metadata (1a ejecucion de este proceso): device=CPU method=matrix_product_state shots=8192 fusion_enabled=False
2026-07-13 09:42:42,801 [INFO] [PCE] Aer metadata (1a ejecucion de este proceso): device=CPU method=matrix_product_state shots=8192 fusion_enabled=False
2026-07-13 09:42:42,869 [INFO] [PCE] Aer metadata (1a ejecucion de este proceso): device=CPU method=matrix_product_state shots=8192 fusion_enabled=False
2026-07-13 09:42:42,926 [INFO] [PCE] Aer metadata (1a ejecucion de este proceso): device=CPU method=matrix_product_state shots=8192 fusion_enabled=False
2026-07-13 09:42:42,931 [INFO] [PCE] Aer metadata (1a ejecucion de este proceso): device=CPU method=matrix_product_state shots=8192 fusion_enabled=False
2026-07-13 09:42:42,936 [INFO] [PCE] Aer metadata (1a ejecucion de este proceso): device=CPU method=matrix_product_state shots=8192 fusion_enabled=False
2026-07-13 09:42:42,944 [INFO] [PCE] Aer metadata (1a ejecucion de este proceso): device=CPU method=matrix_product_state shots=8192 fusion_enabled=False
2026-07-13 09:42:42,991 [INFO] [PCE] Aer metadata (1a ejecucion de este proceso): device=CPU method=matrix_product_state shots=8192 fusion_enabled=False
2026-07-13 09:42:43,015 [INFO] [PCE] Aer metadata (1a ejecucion de este proceso): device=CPU method=matrix_product_state shots=8192 fusion_enabled=False
2026-07-13 09:42:43,018 [INFO] [PCE] Aer metadata (1a ejecucion de este proceso): device=CPU method=matrix_product_state shots=8192 fusion_enabled=False
2026-07-13 09:42:43,173 [INFO] [PCE] Aer metadata (1a ejecucion de este proceso): device=CPU method=matrix_product_state shots=8192 fusion_enabled=False
2026-07-13 09:42:43,180 [INFO] [PCE] Aer metadata (1a ejecucion de este proceso): device=CPU method=matrix_product_state shots=8192 fusion_enabled=False
2026-07-13 09:42:43,183 [INFO] [PCE] Aer metadata (1a ejecucion de este proceso): device=CPU method=matrix_product_state shots=8192 fusion_enabled=False
2026-07-13 09:42:43,323 [INFO] [PCE] Aer metadata (1a ejecucion de este proceso): device=CPU method=matrix_product_state shots=8192 fusion_enabled=False
2026-07-13 09:42:43,324 [INFO] [PCE] Aer metadata (1a ejecucion de este proceso): device=CPU method=matrix_product_state shots=8192 fusion_enabled=False
slurmstepd: error: *** JOB 8424883 ON ilk-255 CANCELLED AT 2026-07-14T09:41:28 DUE TO TIME LIMIT ***
