gcc/system unloaded
gcccore/system unloaded
cesga/2022 unloaded
rust/1.75.0 unloaded
imkl/2022.0.1 unloaded
numpy/1.26.4 unloaded
scipy/1.13.1 unloaded
flint/2.8.4 unloaded
symengine/0.11.1 unloaded
symengine-python/0.11.0 unloaded
spdlog/1.9.2 unloaded
pylatexenc/2.10 unloaded
qiskit/1.2.4-aer-gpu-cu11 unloaded
        Preparing the environment for use of the CESGA 2022 software stack.
        Please rebuild modules cache: module --ignore-cache avail
     
cesga/2022 loaded
rust/1.75.0 loaded

imkl/2023.2.0 loaded
numpy/1.26.4 loaded
scipy/1.13.1 loaded
imkl/2023.2.0 unloaded

imkl/2022.0.1 loaded
flint/2.8.4 loaded
symengine/0.11.1 loaded
symengine-python/0.11.0 loaded
spdlog/1.9.2 loaded
pylatexenc/2.10 loaded
gcccore/system loaded
gcc/system loaded
qiskit/1.2.4-aer-gpu-cu11 loaded
2026-07-13 09:38:10,971 [INFO] [PCE] n=200 chunk 4/4: 25 instancias [3, 7, 11, 15, 19, 23, 27, 31, 35, 39, 43, 47, 51, 55, 59, 63, 67, 71, 75, 79, 83, 87, 91, 95, 99], num_workers=16, qubits=13
2026-07-13 09:38:10,971 [INFO] [PCE] n=200 paralelizando 25 instancias entre 16 workers (max_parallel_threads=1 fijo, independiente de num_workers)
2026-07-13 09:38:11,092 [INFO] Pass: ContainsInstruction - 0.01621 (ms)
2026-07-13 09:38:11,092 [INFO] Pass: ContainsInstruction - 0.01574 (ms)
2026-07-13 09:38:11,092 [INFO] Pass: InverseCancellation - 0.01669 (ms)
2026-07-13 09:38:11,092 [INFO] Pass: InverseCancellation - 0.01860 (ms)
2026-07-13 09:38:11,092 [INFO] Pass: UnitarySynthesis - 0.00548 (ms)
2026-07-13 09:38:11,092 [INFO] Pass: UnitarySynthesis - 0.00596 (ms)
2026-07-13 09:38:11,093 [INFO] Pass: ContainsInstruction - 0.01359 (ms)
2026-07-13 09:38:11,093 [INFO] Pass: InverseCancellation - 0.01550 (ms)
2026-07-13 09:38:11,093 [INFO] Pass: UnitarySynthesis - 0.00572 (ms)
2026-07-13 09:38:11,093 [INFO] Pass: HighLevelSynthesis - 1.09220 (ms)
2026-07-13 09:38:11,093 [INFO] Pass: HighLevelSynthesis - 1.12700 (ms)
2026-07-13 09:38:11,094 [INFO] Pass: BasisTranslator - 0.54431 (ms)
2026-07-13 09:38:11,094 [INFO] Pass: BasisTranslator - 0.54216 (ms)
2026-07-13 09:38:11,094 [INFO] Pass: Depth - 0.15426 (ms)
2026-07-13 09:38:11,094 [INFO] Pass: HighLevelSynthesis - 1.08027 (ms)
2026-07-13 09:38:11,094 [INFO] Pass: Depth - 0.15473 (ms)
2026-07-13 09:38:11,094 [INFO] Pass: FixedPoint - 0.01287 (ms)
2026-07-13 09:38:11,094 [INFO] Pass: FixedPoint - 0.01097 (ms)
2026-07-13 09:38:11,094 [INFO] Pass: Size - 0.04792 (ms)
2026-07-13 09:38:11,094 [INFO] Pass: FixedPoint - 0.00429 (ms)
2026-07-13 09:38:11,094 [INFO] Pass: Size - 0.04816 (ms)
2026-07-13 09:38:11,094 [INFO] Pass: FixedPoint - 0.00477 (ms)
2026-07-13 09:38:11,094 [INFO] Pass: Optimize1qGatesDecomposition - 0.12016 (ms)
2026-07-13 09:38:11,095 [INFO] Pass: Optimize1qGatesDecomposition - 0.11611 (ms)
2026-07-13 09:38:11,095 [INFO] Pass: InverseCancellation - 0.00691 (ms)
2026-07-13 09:38:11,095 [INFO] Pass: InverseCancellation - 0.00691 (ms)
2026-07-13 09:38:11,095 [INFO] Pass: BasisTranslator - 0.58532 (ms)
2026-07-13 09:38:11,095 [INFO] Pass: Depth - 0.15140 (ms)
2026-07-13 09:38:11,095 [INFO] Pass: FixedPoint - 0.01097 (ms)
2026-07-13 09:38:11,095 [INFO] Pass: Size - 0.04768 (ms)
2026-07-13 09:38:11,095 [INFO] Pass: ContainsInstruction - 0.01359 (ms)
2026-07-13 09:38:11,095 [INFO] Pass: GatesInBasis - 0.59295 (ms)
2026-07-13 09:38:11,095 [INFO] Pass: FixedPoint - 0.00453 (ms)
2026-07-13 09:38:11,095 [INFO] Pass: GatesInBasis - 0.59175 (ms)
2026-07-13 09:38:11,095 [INFO] Pass: InverseCancellation - 0.01717 (ms)
2026-07-13 09:38:11,095 [INFO] Pass: UnitarySynthesis - 0.00525 (ms)
2026-07-13 09:38:11,095 [INFO] Pass: Optimize1qGatesDecomposition - 0.11539 (ms)
2026-07-13 09:38:11,095 [INFO] Pass: Depth - 0.12207 (ms)
2026-07-13 09:38:11,095 [INFO] Pass: Depth - 0.12040 (ms)
2026-07-13 09:38:11,095 [INFO] Pass: FixedPoint - 0.00572 (ms)
2026-07-13 09:38:11,095 [INFO] Pass: InverseCancellation - 0.00715 (ms)
2026-07-13 09:38:11,095 [INFO] Pass: FixedPoint - 0.00525 (ms)
2026-07-13 09:38:11,095 [INFO] Pass: Size - 0.04601 (ms)
2026-07-13 09:38:11,095 [INFO] Pass: Size - 0.04530 (ms)
2026-07-13 09:38:11,095 [INFO] Pass: FixedPoint - 0.00405 (ms)
2026-07-13 09:38:11,096 [INFO] Pass: FixedPoint - 0.00429 (ms)
2026-07-13 09:38:11,096 [INFO] Pass: ContainsInstruction - 0.00525 (ms)
2026-07-13 09:38:11,096 [INFO] Pass: ContainsInstruction - 0.00477 (ms)
2026-07-13 09:38:11,096 [INFO] Pass: GatesInBasis - 0.54693 (ms)
2026-07-13 09:38:11,096 [INFO] Pass: Depth - 0.12016 (ms)
2026-07-13 09:38:11,096 [INFO] Pass: FixedPoint - 0.00501 (ms)
2026-07-13 09:38:11,096 [INFO] Pass: Size - 0.04530 (ms)
2026-07-13 09:38:11,096 [INFO] Pass: FixedPoint - 0.00405 (ms)
2026-07-13 09:38:11,096 [INFO] Pass: ContainsInstruction - 0.00477 (ms)
2026-07-13 09:38:11,096 [INFO] Pass: HighLevelSynthesis - 1.14441 (ms)
2026-07-13 09:38:11,097 [INFO] Total Transpile Time - 71.68770 (ms)
2026-07-13 09:38:11,097 [INFO] Total Transpile Time - 69.11016 (ms)
2026-07-13 09:38:11,097 [INFO] Pass: BasisTranslator - 0.53525 (ms)
2026-07-13 09:38:11,097 [INFO] Pass: Depth - 0.15450 (ms)
2026-07-13 09:38:11,097 [INFO] Pass: FixedPoint - 0.01121 (ms)
2026-07-13 09:38:11,097 [INFO] Pass: Size - 0.04768 (ms)
2026-07-13 09:38:11,097 [INFO] Pass: FixedPoint - 0.00477 (ms)
2026-07-13 09:38:11,097 [INFO] Total Transpile Time - 69.51952 (ms)
2026-07-13 09:38:11,098 [INFO] Pass: Optimize1qGatesDecomposition - 0.11683 (ms)
2026-07-13 09:38:11,098 [INFO] Pass: InverseCancellation - 0.00691 (ms)
2026-07-13 09:38:11,098 [INFO] Pass: ContainsInstruction - 0.01335 (ms)
2026-07-13 09:38:11,098 [INFO] Pass: GatesInBasis - 0.58961 (ms)
2026-07-13 09:38:11,098 [INFO] Pass: InverseCancellation - 0.02146 (ms)
2026-07-13 09:38:11,098 [INFO] Pass: UnitarySynthesis - 0.00572 (ms)
2026-07-13 09:38:11,098 [INFO] Pass: Depth - 0.12445 (ms)
2026-07-13 09:38:11,098 [INFO] Pass: FixedPoint - 0.00548 (ms)
2026-07-13 09:38:11,099 [INFO] Pass: Size - 0.04649 (ms)
2026-07-13 09:38:11,099 [INFO] Pass: FixedPoint - 0.00477 (ms)
2026-07-13 09:38:11,099 [INFO] Pass: ContainsInstruction - 0.00501 (ms)
2026-07-13 09:38:11,099 [INFO] Pass: HighLevelSynthesis - 1.08361 (ms)
2026-07-13 09:38:11,100 [INFO] Total Transpile Time - 68.97306 (ms)
2026-07-13 09:38:11,100 [INFO] Pass: BasisTranslator - 0.59080 (ms)
2026-07-13 09:38:11,100 [INFO] Pass: Depth - 0.15306 (ms)
2026-07-13 09:38:11,100 [INFO] Pass: FixedPoint - 0.01144 (ms)
2026-07-13 09:38:11,100 [INFO] Pass: Size - 0.04721 (ms)
2026-07-13 09:38:11,101 [INFO] Pass: FixedPoint - 0.00477 (ms)
2026-07-13 09:38:11,101 [INFO] Pass: Optimize1qGatesDecomposition - 0.11539 (ms)
2026-07-13 09:38:11,101 [INFO] Pass: InverseCancellation - 0.00763 (ms)
2026-07-13 09:38:11,101 [INFO] Pass: GatesInBasis - 0.54717 (ms)
2026-07-13 09:38:11,101 [INFO] Pass: Depth - 0.11921 (ms)
2026-07-13 09:38:11,102 [INFO] Pass: FixedPoint - 0.00525 (ms)
2026-07-13 09:38:11,102 [INFO] Pass: Size - 0.04649 (ms)
2026-07-13 09:38:11,102 [INFO] Pass: FixedPoint - 0.00429 (ms)
2026-07-13 09:38:11,102 [INFO] Pass: ContainsInstruction - 0.00453 (ms)
2026-07-13 09:38:11,102 [INFO] Pass: ContainsInstruction - 0.01407 (ms)
2026-07-13 09:38:11,103 [INFO] Pass: InverseCancellation - 0.02074 (ms)
2026-07-13 09:38:11,103 [INFO] Pass: UnitarySynthesis - 0.00548 (ms)
2026-07-13 09:38:11,103 [INFO] Pass: ContainsInstruction - 0.01240 (ms)
2026-07-13 09:38:11,103 [INFO] Total Transpile Time - 69.01264 (ms)
2026-07-13 09:38:11,103 [INFO] Pass: InverseCancellation - 0.01907 (ms)
2026-07-13 09:38:11,103 [INFO] Pass: UnitarySynthesis - 0.00525 (ms)
2026-07-13 09:38:11,104 [INFO] Pass: HighLevelSynthesis - 1.12414 (ms)
2026-07-13 09:38:11,104 [INFO] Pass: HighLevelSynthesis - 1.08385 (ms)
2026-07-13 09:38:11,104 [INFO] Pass: BasisTranslator - 0.53024 (ms)
2026-07-13 09:38:11,105 [INFO] Pass: Depth - 0.15521 (ms)
2026-07-13 09:38:11,105 [INFO] Pass: FixedPoint - 0.01192 (ms)
2026-07-13 09:38:11,105 [INFO] Pass: BasisTranslator - 0.57530 (ms)
2026-07-13 09:38:11,105 [INFO] Pass: Size - 0.04697 (ms)
2026-07-13 09:38:11,105 [INFO] Pass: FixedPoint - 0.00429 (ms)
2026-07-13 09:38:11,105 [INFO] Pass: Depth - 0.15736 (ms)
2026-07-13 09:38:11,105 [INFO] Pass: Optimize1qGatesDecomposition - 0.12469 (ms)
2026-07-13 09:38:11,105 [INFO] Pass: FixedPoint - 0.01073 (ms)
2026-07-13 09:38:11,105 [INFO] Pass: InverseCancellation - 0.00787 (ms)
2026-07-13 09:38:11,105 [INFO] Pass: Size - 0.04768 (ms)
2026-07-13 09:38:11,105 [INFO] Pass: FixedPoint - 0.00453 (ms)
2026-07-13 09:38:11,105 [INFO] Pass: Optimize1qGatesDecomposition - 0.11849 (ms)
2026-07-13 09:38:11,105 [INFO] Pass: InverseCancellation - 0.00715 (ms)
2026-07-13 09:38:11,106 [INFO] Pass: GatesInBasis - 0.54026 (ms)
2026-07-13 09:38:11,106 [INFO] Pass: Depth - 0.11992 (ms)
2026-07-13 09:38:11,106 [INFO] Pass: FixedPoint - 0.00525 (ms)
2026-07-13 09:38:11,106 [INFO] Pass: Size - 0.04911 (ms)
2026-07-13 09:38:11,106 [INFO] Pass: GatesInBasis - 0.54717 (ms)
2026-07-13 09:38:11,106 [INFO] Pass: FixedPoint - 0.00429 (ms)
2026-07-13 09:38:11,106 [INFO] Pass: ContainsInstruction - 0.00501 (ms)
2026-07-13 09:38:11,106 [INFO] Pass: Depth - 0.11897 (ms)
2026-07-13 09:38:11,106 [INFO] Pass: FixedPoint - 0.00477 (ms)
2026-07-13 09:38:11,106 [INFO] Pass: Size - 0.04458 (ms)
2026-07-13 09:38:11,106 [INFO] Pass: FixedPoint - 0.00405 (ms)
2026-07-13 09:38:11,106 [INFO] Pass: ContainsInstruction - 0.00453 (ms)
2026-07-13 09:38:11,106 [INFO] Pass: ContainsInstruction - 0.01454 (ms)
2026-07-13 09:38:11,107 [INFO] Pass: InverseCancellation - 0.02074 (ms)
2026-07-13 09:38:11,107 [INFO] Pass: UnitarySynthesis - 0.00548 (ms)
2026-07-13 09:38:11,107 [INFO] Total Transpile Time - 69.53526 (ms)
2026-07-13 09:38:11,107 [INFO] Total Transpile Time - 68.54153 (ms)
2026-07-13 09:38:11,108 [INFO] Pass: HighLevelSynthesis - 1.07145 (ms)
2026-07-13 09:38:11,108 [INFO] Pass: BasisTranslator - 0.58126 (ms)
2026-07-13 09:38:11,109 [INFO] Pass: Depth - 0.15593 (ms)
2026-07-13 09:38:11,109 [INFO] Pass: FixedPoint - 0.01097 (ms)
2026-07-13 09:38:11,109 [INFO] Pass: Size - 0.04649 (ms)
2026-07-13 09:38:11,109 [INFO] Pass: FixedPoint - 0.00453 (ms)
2026-07-13 09:38:11,109 [INFO] Pass: Optimize1qGatesDecomposition - 0.12040 (ms)
2026-07-13 09:38:11,109 [INFO] Pass: InverseCancellation - 0.00668 (ms)
2026-07-13 09:38:11,110 [INFO] Pass: GatesInBasis - 0.53978 (ms)
2026-07-13 09:38:11,110 [INFO] Pass: Depth - 0.12016 (ms)
2026-07-13 09:38:11,110 [INFO] Pass: FixedPoint - 0.00525 (ms)
2026-07-13 09:38:11,110 [INFO] Pass: Size - 0.04506 (ms)
2026-07-13 09:38:11,110 [INFO] Pass: FixedPoint - 0.00429 (ms)
2026-07-13 09:38:11,110 [INFO] Pass: ContainsInstruction - 0.00453 (ms)
2026-07-13 09:38:11,111 [INFO] Pass: ContainsInstruction - 0.01311 (ms)
2026-07-13 09:38:11,111 [INFO] Pass: InverseCancellation - 0.01860 (ms)
2026-07-13 09:38:11,111 [INFO] Pass: UnitarySynthesis - 0.00572 (ms)
2026-07-13 09:38:11,111 [INFO] Total Transpile Time - 68.16149 (ms)
2026-07-13 09:38:11,112 [INFO] Pass: HighLevelSynthesis - 1.10197 (ms)
2026-07-13 09:38:11,113 [INFO] Pass: BasisTranslator - 0.57840 (ms)
2026-07-13 09:38:11,113 [INFO] Pass: Depth - 0.15998 (ms)
2026-07-13 09:38:11,113 [INFO] Pass: FixedPoint - 0.01144 (ms)
2026-07-13 09:38:11,113 [INFO] Pass: Size - 0.04673 (ms)
2026-07-13 09:38:11,113 [INFO] Pass: FixedPoint - 0.00453 (ms)
2026-07-13 09:38:11,113 [INFO] Pass: ContainsInstruction - 0.01550 (ms)
2026-07-13 09:38:11,113 [INFO] Pass: InverseCancellation - 0.01764 (ms)
2026-07-13 09:38:11,113 [INFO] Pass: UnitarySynthesis - 0.00548 (ms)
2026-07-13 09:38:11,113 [INFO] Pass: Optimize1qGatesDecomposition - 0.11468 (ms)
2026-07-13 09:38:11,113 [INFO] Pass: InverseCancellation - 0.00906 (ms)
2026-07-13 09:38:11,114 [INFO] Pass: GatesInBasis - 0.54312 (ms)
2026-07-13 09:38:11,114 [INFO] Pass: Depth - 0.12183 (ms)
2026-07-13 09:38:11,114 [INFO] Pass: FixedPoint - 0.00525 (ms)
2026-07-13 09:38:11,114 [INFO] Pass: Size - 0.04458 (ms)
2026-07-13 09:38:11,114 [INFO] Pass: FixedPoint - 0.00405 (ms)
2026-07-13 09:38:11,114 [INFO] Pass: ContainsInstruction - 0.00453 (ms)
2026-07-13 09:38:11,114 [INFO] Pass: HighLevelSynthesis - 1.07598 (ms)
2026-07-13 09:38:11,115 [INFO] Pass: ContainsInstruction - 0.01264 (ms)
2026-07-13 09:38:11,115 [INFO] Pass: InverseCancellation - 0.02503 (ms)
2026-07-13 09:38:11,115 [INFO] Pass: UnitarySynthesis - 0.00525 (ms)
2026-07-13 09:38:11,115 [INFO] Pass: BasisTranslator - 0.58365 (ms)
2026-07-13 09:38:11,115 [INFO] Pass: Depth - 0.15569 (ms)
2026-07-13 09:38:11,115 [INFO] Pass: FixedPoint - 0.01121 (ms)
2026-07-13 09:38:11,115 [INFO] Pass: Size - 0.04768 (ms)
2026-07-13 09:38:11,115 [INFO] Pass: FixedPoint - 0.00453 (ms)
2026-07-13 09:38:11,115 [INFO] Total Transpile Time - 69.17834 (ms)
2026-07-13 09:38:11,115 [INFO] Pass: Optimize1qGatesDecomposition - 0.11444 (ms)
2026-07-13 09:38:11,116 [INFO] Pass: InverseCancellation - 0.00668 (ms)
2026-07-13 09:38:11,116 [INFO] Pass: HighLevelSynthesis - 1.06001 (ms)
2026-07-13 09:38:11,116 [INFO] Pass: GatesInBasis - 0.54598 (ms)
2026-07-13 09:38:11,116 [INFO] Pass: Depth - 0.11992 (ms)
2026-07-13 09:38:11,116 [INFO] Pass: FixedPoint - 0.00501 (ms)
2026-07-13 09:38:11,116 [INFO] Pass: Size - 0.04530 (ms)
2026-07-13 09:38:11,116 [INFO] Pass: FixedPoint - 0.00429 (ms)
2026-07-13 09:38:11,116 [INFO] Pass: ContainsInstruction - 0.00429 (ms)
2026-07-13 09:38:11,117 [INFO] Pass: BasisTranslator - 0.53000 (ms)
2026-07-13 09:38:11,117 [INFO] Pass: Depth - 0.15092 (ms)
2026-07-13 09:38:11,117 [INFO] Pass: FixedPoint - 0.01907 (ms)
2026-07-13 09:38:11,117 [INFO] Pass: Size - 0.04697 (ms)
2026-07-13 09:38:11,117 [INFO] Pass: FixedPoint - 0.00453 (ms)
2026-07-13 09:38:11,117 [INFO] Pass: Optimize1qGatesDecomposition - 0.11277 (ms)
2026-07-13 09:38:11,117 [INFO] Pass: InverseCancellation - 0.00668 (ms)
2026-07-13 09:38:11,118 [INFO] Total Transpile Time - 68.34960 (ms)
2026-07-13 09:38:11,118 [INFO] Pass: GatesInBasis - 0.58579 (ms)
2026-07-13 09:38:11,118 [INFO] Pass: Depth - 0.12112 (ms)
2026-07-13 09:38:11,118 [INFO] Pass: FixedPoint - 0.00525 (ms)
2026-07-13 09:38:11,118 [INFO] Pass: Size - 0.04530 (ms)
2026-07-13 09:38:11,118 [INFO] Pass: FixedPoint - 0.00405 (ms)
2026-07-13 09:38:11,118 [INFO] Pass: ContainsInstruction - 0.00453 (ms)
2026-07-13 09:38:11,119 [INFO] Total Transpile Time - 67.42072 (ms)
2026-07-13 09:38:11,120 [INFO] Pass: ContainsInstruction - 0.01335 (ms)
2026-07-13 09:38:11,120 [INFO] Pass: InverseCancellation - 0.02456 (ms)
2026-07-13 09:38:11,121 [INFO] Pass: UnitarySynthesis - 0.00572 (ms)
2026-07-13 09:38:11,122 [INFO] Pass: HighLevelSynthesis - 1.13344 (ms)
2026-07-13 09:38:11,122 [INFO] Pass: BasisTranslator - 0.54002 (ms)
2026-07-13 09:38:11,122 [INFO] Pass: Depth - 0.15116 (ms)
2026-07-13 09:38:11,123 [INFO] Pass: FixedPoint - 0.01264 (ms)
2026-07-13 09:38:11,123 [INFO] Pass: Size - 0.04768 (ms)
2026-07-13 09:38:11,123 [INFO] Pass: FixedPoint - 0.00453 (ms)
2026-07-13 09:38:11,123 [INFO] Pass: Optimize1qGatesDecomposition - 0.11539 (ms)
2026-07-13 09:38:11,123 [INFO] Pass: InverseCancellation - 0.00739 (ms)
2026-07-13 09:38:11,123 [INFO] Pass: ContainsInstruction - 0.01311 (ms)
2026-07-13 09:38:11,123 [INFO] Pass: InverseCancellation - 0.01931 (ms)
2026-07-13 09:38:11,123 [INFO] Pass: UnitarySynthesis - 0.00596 (ms)
2026-07-13 09:38:11,123 [INFO] Pass: GatesInBasis - 0.54288 (ms)
2026-07-13 09:38:11,124 [INFO] Pass: Depth - 0.11921 (ms)
2026-07-13 09:38:11,124 [INFO] Pass: FixedPoint - 0.00525 (ms)
2026-07-13 09:38:11,124 [INFO] Pass: Size - 0.04601 (ms)
2026-07-13 09:38:11,124 [INFO] Pass: FixedPoint - 0.00429 (ms)
2026-07-13 09:38:11,124 [INFO] Pass: ContainsInstruction - 0.00429 (ms)
2026-07-13 09:38:11,124 [INFO] Pass: HighLevelSynthesis - 1.07002 (ms)
2026-07-13 09:38:11,125 [INFO] Pass: BasisTranslator - 0.58198 (ms)
2026-07-13 09:38:11,125 [INFO] Total Transpile Time - 68.24660 (ms)
2026-07-13 09:38:11,125 [INFO] Pass: Depth - 0.15497 (ms)
2026-07-13 09:38:11,125 [INFO] Pass: FixedPoint - 0.01049 (ms)
2026-07-13 09:38:11,125 [INFO] Pass: Size - 0.04864 (ms)
2026-07-13 09:38:11,125 [INFO] Pass: FixedPoint - 0.00453 (ms)
2026-07-13 09:38:11,125 [INFO] Pass: Optimize1qGatesDecomposition - 0.11587 (ms)
2026-07-13 09:38:11,125 [INFO] Pass: InverseCancellation - 0.00691 (ms)
2026-07-13 09:38:11,126 [INFO] Pass: GatesInBasis - 0.54717 (ms)
2026-07-13 09:38:11,126 [INFO] Pass: Depth - 0.12159 (ms)
2026-07-13 09:38:11,126 [INFO] Pass: FixedPoint - 0.00501 (ms)
2026-07-13 09:38:11,126 [INFO] Pass: Size - 0.04578 (ms)
2026-07-13 09:38:11,126 [INFO] Pass: FixedPoint - 0.00429 (ms)
2026-07-13 09:38:11,126 [INFO] Pass: ContainsInstruction - 0.00429 (ms)
2026-07-13 09:38:11,127 [INFO] Pass: ContainsInstruction - 0.01311 (ms)
2026-07-13 09:38:11,127 [INFO] Pass: InverseCancellation - 0.02003 (ms)
2026-07-13 09:38:11,127 [INFO] Pass: UnitarySynthesis - 0.00548 (ms)
2026-07-13 09:38:11,127 [INFO] Total Transpile Time - 68.10045 (ms)
2026-07-13 09:38:11,129 [INFO] Pass: HighLevelSynthesis - 1.11938 (ms)
2026-07-13 09:38:11,129 [INFO] Pass: BasisTranslator - 0.53310 (ms)
2026-07-13 09:38:11,129 [INFO] Pass: Depth - 0.15235 (ms)
2026-07-13 09:38:11,129 [INFO] Pass: FixedPoint - 0.01168 (ms)
2026-07-13 09:38:11,130 [INFO] Pass: Size - 0.04649 (ms)
2026-07-13 09:38:11,130 [INFO] Pass: FixedPoint - 0.00429 (ms)
2026-07-13 09:38:11,130 [INFO] Pass: Optimize1qGatesDecomposition - 0.11373 (ms)
2026-07-13 09:38:11,130 [INFO] Pass: InverseCancellation - 0.00691 (ms)
2026-07-13 09:38:11,130 [INFO] Pass: GatesInBasis - 0.54526 (ms)
2026-07-13 09:38:11,130 [INFO] Pass: ContainsInstruction - 0.01359 (ms)
2026-07-13 09:38:11,130 [INFO] Pass: InverseCancellation - 0.01955 (ms)
2026-07-13 09:38:11,131 [INFO] Pass: UnitarySynthesis - 0.00548 (ms)
2026-07-13 09:38:11,131 [INFO] Pass: Depth - 0.11873 (ms)
2026-07-13 09:38:11,131 [INFO] Pass: FixedPoint - 0.00501 (ms)
2026-07-13 09:38:11,131 [INFO] Pass: Size - 0.04578 (ms)
2026-07-13 09:38:11,131 [INFO] Pass: FixedPoint - 0.00405 (ms)
2026-07-13 09:38:11,131 [INFO] Pass: ContainsInstruction - 0.00429 (ms)
2026-07-13 09:38:11,132 [INFO] Pass: HighLevelSynthesis - 1.11938 (ms)
2026-07-13 09:38:11,132 [INFO] Total Transpile Time - 68.30168 (ms)
2026-07-13 09:38:11,132 [INFO] Pass: BasisTranslator - 0.54479 (ms)
2026-07-13 09:38:11,132 [INFO] Pass: Depth - 0.15521 (ms)
2026-07-13 09:38:11,133 [INFO] Pass: FixedPoint - 0.01049 (ms)
2026-07-13 09:38:11,133 [INFO] Pass: Size - 0.04768 (ms)
2026-07-13 09:38:11,133 [INFO] Pass: FixedPoint - 0.00453 (ms)
2026-07-13 09:38:11,133 [INFO] Pass: Optimize1qGatesDecomposition - 0.11587 (ms)
2026-07-13 09:38:11,133 [INFO] Pass: InverseCancellation - 0.00691 (ms)
2026-07-13 09:38:11,133 [INFO] Pass: GatesInBasis - 0.54073 (ms)
2026-07-13 09:38:11,134 [INFO] Pass: Depth - 0.11969 (ms)
2026-07-13 09:38:11,134 [INFO] Pass: FixedPoint - 0.00501 (ms)
2026-07-13 09:38:11,134 [INFO] Pass: Size - 0.04506 (ms)
2026-07-13 09:38:11,134 [INFO] Pass: FixedPoint - 0.00405 (ms)
2026-07-13 09:38:11,134 [INFO] Pass: ContainsInstruction - 0.00429 (ms)
2026-07-13 09:38:11,135 [INFO] Total Transpile Time - 67.25144 (ms)
2026-07-13 09:38:11,135 [INFO] Pass: ContainsInstruction - 0.01287 (ms)
2026-07-13 09:38:11,135 [INFO] Pass: InverseCancellation - 0.01693 (ms)
2026-07-13 09:38:11,135 [INFO] Pass: UnitarySynthesis - 0.00548 (ms)
2026-07-13 09:38:11,137 [INFO] Pass: HighLevelSynthesis - 1.07241 (ms)
2026-07-13 09:38:11,137 [INFO] Pass: BasisTranslator - 0.57793 (ms)
2026-07-13 09:38:11,137 [INFO] Pass: Depth - 0.15187 (ms)
2026-07-13 09:38:11,137 [INFO] Pass: FixedPoint - 0.01049 (ms)
2026-07-13 09:38:11,138 [INFO] Pass: Size - 0.04697 (ms)
2026-07-13 09:38:11,138 [INFO] Pass: FixedPoint - 0.00453 (ms)
2026-07-13 09:38:11,138 [INFO] Pass: Optimize1qGatesDecomposition - 0.11492 (ms)
2026-07-13 09:38:11,138 [INFO] Pass: InverseCancellation - 0.00715 (ms)
2026-07-13 09:38:11,138 [INFO] Pass: GatesInBasis - 0.54264 (ms)
2026-07-13 09:38:11,139 [INFO] Pass: Depth - 0.11945 (ms)
2026-07-13 09:38:11,139 [INFO] Pass: FixedPoint - 0.00477 (ms)
2026-07-13 09:38:11,139 [INFO] Pass: Size - 0.04554 (ms)
2026-07-13 09:38:11,139 [INFO] Pass: FixedPoint - 0.00453 (ms)
2026-07-13 09:38:11,139 [INFO] Pass: ContainsInstruction - 0.00429 (ms)
2026-07-13 09:38:11,140 [INFO] Total Transpile Time - 67.38019 (ms)
2026-07-13 09:38:11,142 [INFO] Pass: ContainsInstruction - 0.00763 (ms)
2026-07-13 09:38:11,142 [INFO] Pass: ContainsInstruction - 0.00739 (ms)
2026-07-13 09:38:11,142 [INFO] Pass: InverseCancellation - 0.15211 (ms)
2026-07-13 09:38:11,142 [INFO] Pass: InverseCancellation - 0.15688 (ms)
2026-07-13 09:38:11,142 [INFO] Pass: UnitarySynthesis - 0.00477 (ms)
2026-07-13 09:38:11,142 [INFO] Pass: UnitarySynthesis - 0.00501 (ms)
2026-07-13 09:38:11,143 [INFO] Pass: ContainsInstruction - 0.00811 (ms)
2026-07-13 09:38:11,143 [INFO] Pass: InverseCancellation - 0.15450 (ms)
2026-07-13 09:38:11,143 [INFO] Pass: UnitarySynthesis - 0.00453 (ms)
2026-07-13 09:38:11,143 [INFO] Pass: HighLevelSynthesis - 1.02568 (ms)
2026-07-13 09:38:11,143 [INFO] Pass: HighLevelSynthesis - 1.02592 (ms)
2026-07-13 09:38:11,144 [INFO] Pass: BasisTranslator - 0.67949 (ms)
2026-07-13 09:38:11,144 [INFO] Pass: BasisTranslator - 0.68998 (ms)
2026-07-13 09:38:11,144 [INFO] Pass: Depth - 0.13995 (ms)
2026-07-13 09:38:11,144 [INFO] Pass: Depth - 0.14138 (ms)
2026-07-13 09:38:11,144 [INFO] Pass: FixedPoint - 0.00763 (ms)
2026-07-13 09:38:11,144 [INFO] Pass: HighLevelSynthesis - 1.01042 (ms)
2026-07-13 09:38:11,144 [INFO] Pass: FixedPoint - 0.00787 (ms)
2026-07-13 09:38:11,144 [INFO] Pass: Size - 0.05007 (ms)
2026-07-13 09:38:11,144 [INFO] Pass: Size - 0.04911 (ms)
2026-07-13 09:38:11,144 [INFO] Pass: FixedPoint - 0.00477 (ms)
2026-07-13 09:38:11,144 [INFO] Pass: FixedPoint - 0.00453 (ms)
2026-07-13 09:38:11,145 [INFO] Pass: ContainsInstruction - 0.00763 (ms)
2026-07-13 09:38:11,145 [INFO] Pass: BasisTranslator - 0.68498 (ms)
2026-07-13 09:38:11,145 [INFO] Pass: InverseCancellation - 0.14997 (ms)
2026-07-13 09:38:11,145 [INFO] Pass: UnitarySynthesis - 0.00477 (ms)
2026-07-13 09:38:11,145 [INFO] Pass: Depth - 0.13614 (ms)
2026-07-13 09:38:11,145 [INFO] Pass: FixedPoint - 0.00787 (ms)
2026-07-13 09:38:11,145 [INFO] Pass: Size - 0.04864 (ms)
2026-07-13 09:38:11,145 [INFO] Pass: FixedPoint - 0.00429 (ms)
2026-07-13 09:38:11,145 [INFO] Pass: Optimize1qGatesDecomposition - 1.08075 (ms)
2026-07-13 09:38:11,145 [INFO] Pass: Optimize1qGatesDecomposition - 1.10745 (ms)
2026-07-13 09:38:11,146 [INFO] Pass: InverseCancellation - 0.13185 (ms)
2026-07-13 09:38:11,146 [INFO] Pass: InverseCancellation - 0.12994 (ms)
2026-07-13 09:38:11,146 [INFO] Pass: HighLevelSynthesis - 1.03259 (ms)
2026-07-13 09:38:11,146 [INFO] Pass: Optimize1qGatesDecomposition - 0.84996 (ms)
2026-07-13 09:38:11,146 [INFO] Pass: GatesInBasis - 0.58508 (ms)
2026-07-13 09:38:11,146 [INFO] Pass: GatesInBasis - 0.58985 (ms)
2026-07-13 09:38:11,146 [INFO] Pass: InverseCancellation - 0.13018 (ms)
2026-07-13 09:38:11,146 [INFO] Pass: Depth - 0.12755 (ms)
2026-07-13 09:38:11,146 [INFO] Pass: Depth - 0.12827 (ms)
2026-07-13 09:38:11,146 [INFO] Pass: FixedPoint - 0.00548 (ms)
2026-07-13 09:38:11,146 [INFO] Pass: FixedPoint - 0.00548 (ms)
2026-07-13 09:38:11,147 [INFO] Pass: Size - 0.04816 (ms)
2026-07-13 09:38:11,147 [INFO] Pass: Size - 0.04745 (ms)
2026-07-13 09:38:11,147 [INFO] Pass: FixedPoint - 0.00405 (ms)
2026-07-13 09:38:11,147 [INFO] Pass: FixedPoint - 0.00405 (ms)
2026-07-13 09:38:11,147 [INFO] Pass: ContainsInstruction - 0.00453 (ms)
2026-07-13 09:38:11,147 [INFO] Pass: ContainsInstruction - 0.00429 (ms)
2026-07-13 09:38:11,147 [INFO] Pass: GatesInBasis - 0.58508 (ms)
2026-07-13 09:38:11,147 [INFO] Pass: Depth - 0.12779 (ms)
2026-07-13 09:38:11,147 [INFO] Pass: FixedPoint - 0.00572 (ms)
2026-07-13 09:38:11,147 [INFO] Pass: BasisTranslator - 0.98348 (ms)
2026-07-13 09:38:11,147 [INFO] Pass: Size - 0.04816 (ms)
2026-07-13 09:38:11,147 [INFO] Pass: FixedPoint - 0.00405 (ms)
2026-07-13 09:38:11,147 [INFO] Pass: ContainsInstruction - 0.00429 (ms)
2026-07-13 09:38:11,147 [INFO] Pass: Depth - 0.14138 (ms)
2026-07-13 09:38:11,147 [INFO] Pass: FixedPoint - 0.00763 (ms)
2026-07-13 09:38:11,148 [INFO] Pass: Size - 0.04959 (ms)
2026-07-13 09:38:11,148 [INFO] Pass: FixedPoint - 0.00429 (ms)
2026-07-13 09:38:11,148 [INFO] Total Transpile Time - 50.83132 (ms)
2026-07-13 09:38:11,148 [INFO] Total Transpile Time - 50.87829 (ms)
2026-07-13 09:38:11,148 [INFO] Pass: ContainsInstruction - 0.00787 (ms)
2026-07-13 09:38:11,148 [INFO] Total Transpile Time - 50.82536 (ms)
2026-07-13 09:38:11,148 [INFO] Pass: Optimize1qGatesDecomposition - 0.84496 (ms)
2026-07-13 09:38:11,149 [INFO] Pass: InverseCancellation - 0.15211 (ms)
2026-07-13 09:38:11,149 [INFO] Pass: InverseCancellation - 0.13018 (ms)
2026-07-13 09:38:11,149 [INFO] Pass: UnitarySynthesis - 0.00477 (ms)
2026-07-13 09:38:11,149 [INFO] Pass: GatesInBasis - 0.58079 (ms)
2026-07-13 09:38:11,149 [INFO] Pass: Depth - 0.12827 (ms)
2026-07-13 09:38:11,149 [INFO] Pass: FixedPoint - 0.00525 (ms)
2026-07-13 09:38:11,150 [INFO] Pass: Size - 0.04768 (ms)
2026-07-13 09:38:11,150 [INFO] Pass: FixedPoint - 0.00405 (ms)
2026-07-13 09:38:11,150 [INFO] Pass: ContainsInstruction - 0.00429 (ms)
2026-07-13 09:38:11,150 [INFO] Pass: HighLevelSynthesis - 1.02425 (ms)
2026-07-13 09:38:11,150 [INFO] Pass: BasisTranslator - 0.69046 (ms)
2026-07-13 09:38:11,151 [INFO] Pass: Depth - 0.13828 (ms)
2026-07-13 09:38:11,151 [INFO] Total Transpile Time - 50.75526 (ms)
2026-07-13 09:38:11,151 [INFO] Pass: FixedPoint - 0.00763 (ms)
2026-07-13 09:38:11,151 [INFO] Pass: Size - 0.04888 (ms)
2026-07-13 09:38:11,151 [INFO] Pass: FixedPoint - 0.00429 (ms)
2026-07-13 09:38:11,152 [INFO] Pass: Optimize1qGatesDecomposition - 0.85449 (ms)
2026-07-13 09:38:11,152 [INFO] Pass: InverseCancellation - 0.13781 (ms)
2026-07-13 09:38:11,152 [INFO] Pass: ContainsInstruction - 0.00691 (ms)
2026-07-13 09:38:11,152 [INFO] Pass: ContainsInstruction - 0.00787 (ms)
2026-07-13 09:38:11,152 [INFO] Pass: InverseCancellation - 0.14949 (ms)
2026-07-13 09:38:11,152 [INFO] Pass: UnitarySynthesis - 0.00453 (ms)
2026-07-13 09:38:11,152 [INFO] Pass: InverseCancellation - 0.15068 (ms)
2026-07-13 09:38:11,152 [INFO] Pass: UnitarySynthesis - 0.00501 (ms)
2026-07-13 09:38:11,153 [INFO] Pass: GatesInBasis - 0.57292 (ms)
2026-07-13 09:38:11,153 [INFO] Pass: Depth - 0.12803 (ms)
2026-07-13 09:38:11,153 [INFO] Pass: FixedPoint - 0.00572 (ms)
2026-07-13 09:38:11,153 [INFO] Pass: Size - 0.04745 (ms)
2026-07-13 09:38:11,153 [INFO] Pass: FixedPoint - 0.00429 (ms)
2026-07-13 09:38:11,153 [INFO] Pass: ContainsInstruction - 0.00453 (ms)
2026-07-13 09:38:11,153 [INFO] Pass: HighLevelSynthesis - 1.02639 (ms)
2026-07-13 09:38:11,153 [INFO] Pass: HighLevelSynthesis - 1.01709 (ms)
2026-07-13 09:38:11,154 [INFO] Total Transpile Time - 51.00513 (ms)
2026-07-13 09:38:11,154 [INFO] Pass: BasisTranslator - 0.68712 (ms)
2026-07-13 09:38:11,154 [INFO] Pass: BasisTranslator - 0.69857 (ms)
2026-07-13 09:38:11,154 [INFO] Pass: Depth - 0.13876 (ms)
2026-07-13 09:38:11,154 [INFO] Pass: FixedPoint - 0.00668 (ms)
2026-07-13 09:38:11,154 [INFO] Pass: Depth - 0.13590 (ms)
2026-07-13 09:38:11,154 [INFO] Pass: FixedPoint - 0.00715 (ms)
2026-07-13 09:38:11,154 [INFO] Pass: Size - 0.04911 (ms)
2026-07-13 09:38:11,154 [INFO] Pass: FixedPoint - 0.00429 (ms)
2026-07-13 09:38:11,155 [INFO] Pass: Size - 0.04911 (ms)
2026-07-13 09:38:11,155 [INFO] Pass: FixedPoint - 0.00453 (ms)
2026-07-13 09:38:11,155 [INFO] Pass: Optimize1qGatesDecomposition - 0.84972 (ms)
2026-07-13 09:38:11,155 [INFO] Pass: Optimize1qGatesDecomposition - 0.84996 (ms)
2026-07-13 09:38:11,156 [INFO] Pass: InverseCancellation - 0.13375 (ms)
2026-07-13 09:38:11,156 [INFO] Pass: InverseCancellation - 0.13232 (ms)
2026-07-13 09:38:11,156 [INFO] Pass: GatesInBasis - 0.58627 (ms)
2026-07-13 09:38:11,156 [INFO] Pass: GatesInBasis - 0.58007 (ms)
2026-07-13 09:38:11,156 [INFO] Pass: ContainsInstruction - 0.00811 (ms)
2026-07-13 09:38:11,156 [INFO] Pass: Depth - 0.12803 (ms)
2026-07-13 09:38:11,156 [INFO] Pass: FixedPoint - 0.00548 (ms)
2026-07-13 09:38:11,156 [INFO] Pass: Depth - 0.12827 (ms)
2026-07-13 09:38:11,156 [INFO] Pass: FixedPoint - 0.00572 (ms)
2026-07-13 09:38:11,156 [INFO] Pass: Size - 0.04745 (ms)
2026-07-13 09:38:11,157 [INFO] Pass: FixedPoint - 0.00429 (ms)
2026-07-13 09:38:11,157 [INFO] Pass: Size - 0.04792 (ms)
2026-07-13 09:38:11,157 [INFO] Pass: ContainsInstruction - 0.00477 (ms)
2026-07-13 09:38:11,157 [INFO] Pass: InverseCancellation - 0.15402 (ms)
2026-07-13 09:38:11,157 [INFO] Pass: FixedPoint - 0.00405 (ms)
2026-07-13 09:38:11,157 [INFO] Pass: UnitarySynthesis - 0.00477 (ms)
2026-07-13 09:38:11,157 [INFO] Pass: ContainsInstruction - 0.00477 (ms)
2026-07-13 09:38:11,158 [INFO] Total Transpile Time - 50.15922 (ms)
2026-07-13 09:38:11,158 [INFO] Total Transpile Time - 50.46153 (ms)
2026-07-13 09:38:11,158 [INFO] Pass: HighLevelSynthesis - 1.02305 (ms)
2026-07-13 09:38:11,158 [INFO] Pass: BasisTranslator - 0.69237 (ms)
2026-07-13 09:38:11,159 [INFO] Pass: Depth - 0.13494 (ms)
2026-07-13 09:38:11,159 [INFO] Pass: FixedPoint - 0.00739 (ms)
2026-07-13 09:38:11,159 [INFO] Pass: Size - 0.04935 (ms)
2026-07-13 09:38:11,159 [INFO] Pass: FixedPoint - 0.00477 (ms)
2026-07-13 09:38:11,160 [INFO] Pass: Optimize1qGatesDecomposition - 0.84734 (ms)
2026-07-13 09:38:11,160 [INFO] Pass: InverseCancellation - 0.13089 (ms)
2026-07-13 09:38:11,160 [INFO] Pass: GatesInBasis - 0.57745 (ms)
2026-07-13 09:38:11,161 [INFO] Pass: Depth - 0.12732 (ms)
2026-07-13 09:38:11,161 [INFO] Pass: ContainsInstruction - 0.00811 (ms)
2026-07-13 09:38:11,161 [INFO] Pass: FixedPoint - 0.00525 (ms)
2026-07-13 09:38:11,161 [INFO] Pass: Size - 0.04792 (ms)
2026-07-13 09:38:11,161 [INFO] Pass: FixedPoint - 0.00429 (ms)
2026-07-13 09:38:11,161 [INFO] Pass: ContainsInstruction - 0.00453 (ms)
2026-07-13 09:38:11,161 [INFO] Pass: InverseCancellation - 0.15378 (ms)
2026-07-13 09:38:11,161 [INFO] Pass: UnitarySynthesis - 0.00453 (ms)
2026-07-13 09:38:11,162 [INFO] Total Transpile Time - 50.74167 (ms)
2026-07-13 09:38:11,162 [INFO] Pass: HighLevelSynthesis - 1.02687 (ms)
2026-07-13 09:38:11,163 [INFO] Pass: BasisTranslator - 0.68521 (ms)
2026-07-13 09:38:11,163 [INFO] Pass: ContainsInstruction - 0.01025 (ms)
2026-07-13 09:38:11,163 [INFO] Pass: Depth - 0.14067 (ms)
2026-07-13 09:38:11,163 [INFO] Pass: FixedPoint - 0.00787 (ms)
2026-07-13 09:38:11,163 [INFO] Pass: InverseCancellation - 0.15283 (ms)
2026-07-13 09:38:11,163 [INFO] Pass: Size - 0.04935 (ms)
2026-07-13 09:38:11,163 [INFO] Pass: UnitarySynthesis - 0.00501 (ms)
2026-07-13 09:38:11,163 [INFO] Pass: FixedPoint - 0.00429 (ms)
2026-07-13 09:38:11,164 [INFO] Pass: Optimize1qGatesDecomposition - 0.85235 (ms)
2026-07-13 09:38:11,164 [INFO] Pass: HighLevelSynthesis - 1.02258 (ms)
2026-07-13 09:38:11,164 [INFO] Pass: ContainsInstruction - 0.00691 (ms)
2026-07-13 09:38:11,164 [INFO] Pass: InverseCancellation - 0.13137 (ms)
2026-07-13 09:38:11,164 [INFO] Pass: InverseCancellation - 0.14949 (ms)
2026-07-13 09:38:11,164 [INFO] Pass: UnitarySynthesis - 0.00477 (ms)
2026-07-13 09:38:11,165 [INFO] Pass: GatesInBasis - 0.57721 (ms)
2026-07-13 09:38:11,165 [INFO] Pass: BasisTranslator - 0.68331 (ms)
2026-07-13 09:38:11,165 [INFO] Pass: Depth - 0.14377 (ms)
2026-07-13 09:38:11,165 [INFO] Pass: FixedPoint - 0.00548 (ms)
2026-07-13 09:38:11,165 [INFO] Pass: Depth - 0.14091 (ms)
2026-07-13 09:38:11,165 [INFO] Pass: Size - 0.04745 (ms)
2026-07-13 09:38:11,165 [INFO] Pass: FixedPoint - 0.01073 (ms)
2026-07-13 09:38:11,165 [INFO] Pass: FixedPoint - 0.00405 (ms)
2026-07-13 09:38:11,165 [INFO] Pass: ContainsInstruction - 0.00501 (ms)
2026-07-13 09:38:11,165 [INFO] Pass: Size - 0.04983 (ms)
2026-07-13 09:38:11,165 [INFO] Pass: FixedPoint - 0.00453 (ms)
2026-07-13 09:38:11,165 [INFO] Pass: HighLevelSynthesis - 1.02639 (ms)
2026-07-13 09:38:11,166 [INFO] Pass: Optimize1qGatesDecomposition - 0.84043 (ms)
2026-07-13 09:38:11,166 [INFO] Total Transpile Time - 50.77720 (ms)
2026-07-13 09:38:11,166 [INFO] Pass: BasisTranslator - 0.67234 (ms)
2026-07-13 09:38:11,166 [INFO] Pass: InverseCancellation - 0.13089 (ms)
2026-07-13 09:38:11,166 [INFO] Pass: Depth - 0.13328 (ms)
2026-07-13 09:38:11,166 [INFO] Pass: FixedPoint - 0.00715 (ms)
2026-07-13 09:38:11,167 [INFO] Pass: Size - 0.04911 (ms)
2026-07-13 09:38:11,167 [INFO] Pass: FixedPoint - 0.00453 (ms)
2026-07-13 09:38:11,167 [INFO] Pass: GatesInBasis - 0.58174 (ms)
2026-07-13 09:38:11,167 [INFO] Pass: Depth - 0.12732 (ms)
2026-07-13 09:38:11,167 [INFO] Pass: FixedPoint - 0.00572 (ms)
2026-07-13 09:38:11,167 [INFO] Pass: Size - 0.04697 (ms)
2026-07-13 09:38:11,167 [INFO] Pass: FixedPoint - 0.00381 (ms)
2026-07-13 09:38:11,167 [INFO] Pass: ContainsInstruction - 0.00453 (ms)
2026-07-13 09:38:11,167 [INFO] Pass: Optimize1qGatesDecomposition - 0.83995 (ms)
2026-07-13 09:38:11,168 [INFO] Pass: InverseCancellation - 0.13185 (ms)
2026-07-13 09:38:11,168 [INFO] Pass: GatesInBasis - 0.58103 (ms)
2026-07-13 09:38:11,168 [INFO] Total Transpile Time - 50.66752 (ms)
2026-07-13 09:38:11,168 [INFO] Pass: Depth - 0.12708 (ms)
2026-07-13 09:38:11,168 [INFO] Pass: FixedPoint - 0.00572 (ms)
2026-07-13 09:38:11,169 [INFO] Pass: Size - 0.04721 (ms)
2026-07-13 09:38:11,169 [INFO] Pass: FixedPoint - 0.00429 (ms)
2026-07-13 09:38:11,169 [INFO] Pass: ContainsInstruction - 0.00501 (ms)
2026-07-13 09:38:11,170 [INFO] Total Transpile Time - 50.30537 (ms)
2026-07-13 09:38:11,170 [INFO] Pass: ContainsInstruction - 0.00882 (ms)
2026-07-13 09:38:11,170 [INFO] Pass: InverseCancellation - 0.15306 (ms)
2026-07-13 09:38:11,170 [INFO] Pass: UnitarySynthesis - 0.00477 (ms)
2026-07-13 09:38:11,172 [INFO] Pass: HighLevelSynthesis - 1.03736 (ms)
2026-07-13 09:38:11,172 [INFO] Pass: BasisTranslator - 0.69571 (ms)
2026-07-13 09:38:11,172 [INFO] Pass: Depth - 0.13471 (ms)
2026-07-13 09:38:11,173 [INFO] Pass: FixedPoint - 0.01192 (ms)
2026-07-13 09:38:11,173 [INFO] Pass: Size - 0.04911 (ms)
2026-07-13 09:38:11,173 [INFO] Pass: ContainsInstruction - 0.00763 (ms)
2026-07-13 09:38:11,173 [INFO] Pass: FixedPoint - 0.00453 (ms)
2026-07-13 09:38:11,173 [INFO] Pass: InverseCancellation - 0.14877 (ms)
2026-07-13 09:38:11,173 [INFO] Pass: UnitarySynthesis - 0.00477 (ms)
2026-07-13 09:38:11,174 [INFO] Pass: Optimize1qGatesDecomposition - 0.85235 (ms)
2026-07-13 09:38:11,174 [INFO] Pass: InverseCancellation - 0.13447 (ms)
2026-07-13 09:38:11,174 [INFO] Pass: HighLevelSynthesis - 1.00613 (ms)
2026-07-13 09:38:11,174 [INFO] Pass: GatesInBasis - 0.58460 (ms)
2026-07-13 09:38:11,175 [INFO] Pass: Depth - 0.13113 (ms)
2026-07-13 09:38:11,175 [INFO] Pass: FixedPoint - 0.00572 (ms)
2026-07-13 09:38:11,175 [INFO] Pass: Size - 0.04745 (ms)
2026-07-13 09:38:11,175 [INFO] Pass: BasisTranslator - 0.68474 (ms)
2026-07-13 09:38:11,175 [INFO] Pass: FixedPoint - 0.00429 (ms)
2026-07-13 09:38:11,175 [INFO] Pass: ContainsInstruction - 0.00477 (ms)
2026-07-13 09:38:11,175 [INFO] Pass: Depth - 0.14019 (ms)
2026-07-13 09:38:11,175 [INFO] Pass: FixedPoint - 0.00787 (ms)
2026-07-13 09:38:11,175 [INFO] Pass: Size - 0.04888 (ms)
2026-07-13 09:38:11,175 [INFO] Pass: FixedPoint - 0.00453 (ms)
2026-07-13 09:38:11,176 [INFO] Total Transpile Time - 50.70066 (ms)
2026-07-13 09:38:11,176 [INFO] Pass: Optimize1qGatesDecomposition - 0.84686 (ms)
2026-07-13 09:38:11,176 [INFO] Pass: InverseCancellation - 0.13113 (ms)
2026-07-13 09:38:11,177 [INFO] Pass: GatesInBasis - 0.57673 (ms)
2026-07-13 09:38:11,177 [INFO] Pass: Depth - 0.13161 (ms)
2026-07-13 09:38:11,177 [INFO] Pass: FixedPoint - 0.00548 (ms)
2026-07-13 09:38:11,177 [INFO] Pass: Size - 0.04745 (ms)
2026-07-13 09:38:11,177 [INFO] Pass: ContainsInstruction - 0.00739 (ms)
2026-07-13 09:38:11,177 [INFO] Pass: FixedPoint - 0.00453 (ms)
2026-07-13 09:38:11,177 [INFO] Pass: ContainsInstruction - 0.00429 (ms)
2026-07-13 09:38:11,177 [INFO] Pass: InverseCancellation - 0.15259 (ms)
2026-07-13 09:38:11,177 [INFO] Pass: UnitarySynthesis - 0.00453 (ms)
2026-07-13 09:38:11,178 [INFO] Total Transpile Time - 50.49849 (ms)
2026-07-13 09:38:11,178 [INFO] Pass: HighLevelSynthesis - 1.01542 (ms)
2026-07-13 09:38:11,179 [INFO] Pass: BasisTranslator - 0.69857 (ms)
2026-07-13 09:38:11,179 [INFO] Pass: Depth - 0.13590 (ms)
2026-07-13 09:38:11,179 [INFO] Pass: FixedPoint - 0.00763 (ms)
2026-07-13 09:38:11,179 [INFO] Pass: Size - 0.04888 (ms)
2026-07-13 09:38:11,179 [INFO] Pass: FixedPoint - 0.00429 (ms)
2026-07-13 09:38:11,180 [INFO] Pass: ContainsInstruction - 0.00787 (ms)
2026-07-13 09:38:11,180 [INFO] Pass: InverseCancellation - 0.14877 (ms)
2026-07-13 09:38:11,180 [INFO] Pass: UnitarySynthesis - 0.00477 (ms)
2026-07-13 09:38:11,180 [INFO] Pass: Optimize1qGatesDecomposition - 0.84615 (ms)
2026-07-13 09:38:11,180 [INFO] Pass: InverseCancellation - 0.13065 (ms)
2026-07-13 09:38:11,181 [INFO] Pass: GatesInBasis - 0.58031 (ms)
2026-07-13 09:38:11,181 [INFO] Pass: HighLevelSynthesis - 1.00803 (ms)
2026-07-13 09:38:11,181 [INFO] Pass: Depth - 0.12732 (ms)
2026-07-13 09:38:11,181 [INFO] Pass: FixedPoint - 0.00548 (ms)
2026-07-13 09:38:11,181 [INFO] Pass: Size - 0.04721 (ms)
2026-07-13 09:38:11,181 [INFO] Pass: FixedPoint - 0.00405 (ms)
2026-07-13 09:38:11,181 [INFO] Pass: ContainsInstruction - 0.00429 (ms)
2026-07-13 09:38:11,182 [INFO] Pass: BasisTranslator - 0.68903 (ms)
2026-07-13 09:38:11,182 [INFO] Pass: Depth - 0.13638 (ms)
2026-07-13 09:38:11,182 [INFO] Pass: FixedPoint - 0.00739 (ms)
2026-07-13 09:38:11,182 [INFO] Pass: Size - 0.04959 (ms)
2026-07-13 09:38:11,182 [INFO] Pass: FixedPoint - 0.00429 (ms)
2026-07-13 09:38:11,182 [INFO] Total Transpile Time - 50.58908 (ms)
2026-07-13 09:38:11,183 [INFO] Pass: Optimize1qGatesDecomposition - 0.84424 (ms)
2026-07-13 09:38:11,183 [INFO] Pass: InverseCancellation - 0.12946 (ms)
2026-07-13 09:38:11,184 [INFO] Pass: GatesInBasis - 0.57936 (ms)
2026-07-13 09:38:11,184 [INFO] Pass: Depth - 0.12636 (ms)
2026-07-13 09:38:11,184 [INFO] Pass: FixedPoint - 0.00548 (ms)
2026-07-13 09:38:11,184 [INFO] Pass: Size - 0.04721 (ms)
2026-07-13 09:38:11,184 [INFO] Pass: FixedPoint - 0.00453 (ms)
2026-07-13 09:38:11,184 [INFO] Pass: ContainsInstruction - 0.00501 (ms)
2026-07-13 09:38:11,185 [INFO] Pass: ContainsInstruction - 0.00763 (ms)
2026-07-13 09:38:11,185 [INFO] Pass: InverseCancellation - 0.14973 (ms)
2026-07-13 09:38:11,185 [INFO] Pass: UnitarySynthesis - 0.00429 (ms)
2026-07-13 09:38:11,185 [INFO] Total Transpile Time - 50.35567 (ms)
2026-07-13 09:38:11,186 [INFO] Pass: HighLevelSynthesis - 1.02091 (ms)
2026-07-13 09:38:11,187 [INFO] Pass: BasisTranslator - 0.67353 (ms)
2026-07-13 09:38:11,187 [INFO] Pass: Depth - 0.13518 (ms)
2026-07-13 09:38:11,187 [INFO] Pass: FixedPoint - 0.00715 (ms)
2026-07-13 09:38:11,187 [INFO] Pass: Size - 0.04983 (ms)
2026-07-13 09:38:11,187 [INFO] Pass: FixedPoint - 0.00453 (ms)
2026-07-13 09:38:11,188 [INFO] Pass: Optimize1qGatesDecomposition - 0.84496 (ms)
2026-07-13 09:38:11,188 [INFO] Pass: InverseCancellation - 0.13208 (ms)
2026-07-13 09:38:11,189 [INFO] Pass: GatesInBasis - 0.58365 (ms)
2026-07-13 09:38:11,189 [INFO] Pass: Depth - 0.12946 (ms)
2026-07-13 09:38:11,189 [INFO] Pass: FixedPoint - 0.00596 (ms)
2026-07-13 09:38:11,189 [INFO] Pass: Size - 0.04768 (ms)
2026-07-13 09:38:11,189 [INFO] Pass: FixedPoint - 0.00429 (ms)
2026-07-13 09:38:11,189 [INFO] Pass: ContainsInstruction - 0.00429 (ms)
2026-07-13 09:38:11,190 [INFO] Total Transpile Time - 50.47870 (ms)
2026-07-13 09:38:11,192 [INFO] Pass: ContainsInstruction - 0.00715 (ms)
2026-07-13 09:38:11,192 [INFO] Pass: ContainsInstruction - 0.00763 (ms)
2026-07-13 09:38:11,192 [INFO] Pass: InverseCancellation - 0.14758 (ms)
2026-07-13 09:38:11,192 [INFO] Pass: UnitarySynthesis - 0.00477 (ms)
2026-07-13 09:38:11,192 [INFO] Pass: InverseCancellation - 0.14901 (ms)
2026-07-13 09:38:11,192 [INFO] Pass: UnitarySynthesis - 0.00477 (ms)
2026-07-13 09:38:11,193 [INFO] Pass: ContainsInstruction - 0.00715 (ms)
2026-07-13 09:38:11,193 [INFO] Pass: InverseCancellation - 0.14973 (ms)
2026-07-13 09:38:11,193 [INFO] Pass: UnitarySynthesis - 0.00477 (ms)
2026-07-13 09:38:11,193 [INFO] Pass: HighLevelSynthesis - 1.12224 (ms)
2026-07-13 09:38:11,193 [INFO] Pass: HighLevelSynthesis - 1.09839 (ms)
2026-07-13 09:38:11,194 [INFO] Pass: BasisTranslator - 0.73552 (ms)
2026-07-13 09:38:11,194 [INFO] Pass: BasisTranslator - 0.72050 (ms)
2026-07-13 09:38:11,194 [INFO] Pass: HighLevelSynthesis - 1.09720 (ms)
2026-07-13 09:38:11,194 [INFO] Pass: Depth - 0.14424 (ms)
2026-07-13 09:38:11,194 [INFO] Pass: FixedPoint - 0.00739 (ms)
2026-07-13 09:38:11,194 [INFO] Pass: Depth - 0.14091 (ms)
2026-07-13 09:38:11,194 [INFO] Pass: FixedPoint - 0.00715 (ms)
2026-07-13 09:38:11,194 [INFO] Pass: Size - 0.05126 (ms)
2026-07-13 09:38:11,195 [INFO] Pass: FixedPoint - 0.00477 (ms)
2026-07-13 09:38:11,195 [INFO] Pass: Size - 0.05078 (ms)
2026-07-13 09:38:11,195 [INFO] Pass: FixedPoint - 0.00477 (ms)
2026-07-13 09:38:11,195 [INFO] Pass: BasisTranslator - 0.72408 (ms)
2026-07-13 09:38:11,195 [INFO] Pass: ContainsInstruction - 0.00739 (ms)
2026-07-13 09:38:11,195 [INFO] Pass: Depth - 0.14377 (ms)
2026-07-13 09:38:11,195 [INFO] Pass: FixedPoint - 0.00763 (ms)
2026-07-13 09:38:11,195 [INFO] Pass: InverseCancellation - 0.14877 (ms)
2026-07-13 09:38:11,195 [INFO] Pass: Size - 0.05126 (ms)
2026-07-13 09:38:11,195 [INFO] Pass: UnitarySynthesis - 0.00477 (ms)
2026-07-13 09:38:11,195 [INFO] Pass: FixedPoint - 0.00429 (ms)
2026-07-13 09:38:11,195 [INFO] Pass: Optimize1qGatesDecomposition - 0.93937 (ms)
2026-07-13 09:38:11,196 [INFO] Pass: Optimize1qGatesDecomposition - 0.93102 (ms)
2026-07-13 09:38:11,196 [INFO] Pass: InverseCancellation - 0.00787 (ms)
2026-07-13 09:38:11,196 [INFO] Pass: InverseCancellation - 0.00906 (ms)
2026-07-13 09:38:11,196 [INFO] Pass: GatesInBasis - 0.58103 (ms)
2026-07-13 09:38:11,196 [INFO] Pass: GatesInBasis - 0.59199 (ms)
2026-07-13 09:38:11,196 [INFO] Pass: Depth - 0.13256 (ms)
2026-07-13 09:38:11,196 [INFO] Pass: Optimize1qGatesDecomposition - 0.93198 (ms)
2026-07-13 09:38:11,196 [INFO] Pass: FixedPoint - 0.00596 (ms)
2026-07-13 09:38:11,196 [INFO] Pass: Depth - 0.13161 (ms)
2026-07-13 09:38:11,196 [INFO] Pass: InverseCancellation - 0.00763 (ms)
2026-07-13 09:38:11,196 [INFO] Pass: FixedPoint - 0.00548 (ms)
2026-07-13 09:38:11,196 [INFO] Pass: Size - 0.04768 (ms)
2026-07-13 09:38:11,197 [INFO] Pass: FixedPoint - 0.00405 (ms)
2026-07-13 09:38:11,197 [INFO] Pass: Size - 0.04816 (ms)
2026-07-13 09:38:11,197 [INFO] Pass: HighLevelSynthesis - 1.11556 (ms)
2026-07-13 09:38:11,197 [INFO] Pass: FixedPoint - 0.00429 (ms)
2026-07-13 09:38:11,197 [INFO] Pass: GatesInBasis - 0.58341 (ms)
2026-07-13 09:38:11,197 [INFO] Pass: Depth - 0.13018 (ms)
2026-07-13 09:38:11,197 [INFO] Pass: FixedPoint - 0.00548 (ms)
2026-07-13 09:38:11,197 [INFO] Pass: Optimize1qGatesDecomposition - 0.74649 (ms)
2026-07-13 09:38:11,197 [INFO] Pass: BasisTranslator - 0.73218 (ms)
2026-07-13 09:38:11,197 [INFO] Pass: Size - 0.04745 (ms)
2026-07-13 09:38:11,197 [INFO] Pass: InverseCancellation - 0.00668 (ms)
2026-07-13 09:38:11,197 [INFO] Pass: Optimize1qGatesDecomposition - 0.75126 (ms)
2026-07-13 09:38:11,197 [INFO] Pass: FixedPoint - 0.00405 (ms)
2026-07-13 09:38:11,197 [INFO] Pass: InverseCancellation - 0.00691 (ms)
2026-07-13 09:38:11,198 [INFO] Pass: Depth - 0.14234 (ms)
2026-07-13 09:38:11,198 [INFO] Pass: FixedPoint - 0.00739 (ms)
2026-07-13 09:38:11,198 [INFO] Pass: Size - 0.05150 (ms)
2026-07-13 09:38:11,198 [INFO] Pass: FixedPoint - 0.00429 (ms)
2026-07-13 09:38:11,198 [INFO] Pass: GatesInBasis - 0.57125 (ms)
2026-07-13 09:38:11,198 [INFO] Pass: GatesInBasis - 0.57554 (ms)
2026-07-13 09:38:11,198 [INFO] Pass: Depth - 0.12636 (ms)
2026-07-13 09:38:11,198 [INFO] Pass: Optimize1qGatesDecomposition - 0.74363 (ms)
2026-07-13 09:38:11,198 [INFO] Pass: FixedPoint - 0.00477 (ms)
2026-07-13 09:38:11,198 [INFO] Pass: Depth - 0.12589 (ms)
2026-07-13 09:38:11,198 [INFO] Pass: InverseCancellation - 0.00691 (ms)
2026-07-13 09:38:11,198 [INFO] Pass: FixedPoint - 0.00501 (ms)
2026-07-13 09:38:11,198 [INFO] Pass: Size - 0.04697 (ms)
2026-07-13 09:38:11,198 [INFO] Pass: FixedPoint - 0.00405 (ms)
2026-07-13 09:38:11,198 [INFO] Pass: Size - 0.04721 (ms)
2026-07-13 09:38:11,198 [INFO] Pass: ContainsInstruction - 0.00429 (ms)
2026-07-13 09:38:11,198 [INFO] Pass: ContainsInstruction - 0.00787 (ms)
2026-07-13 09:38:11,198 [INFO] Pass: FixedPoint - 0.00405 (ms)
2026-07-13 09:38:11,198 [INFO] Pass: ContainsInstruction - 0.00477 (ms)
2026-07-13 09:38:11,199 [INFO] Pass: InverseCancellation - 0.14758 (ms)
2026-07-13 09:38:11,199 [INFO] Pass: UnitarySynthesis - 0.00429 (ms)
2026-07-13 09:38:11,199 [INFO] Pass: Optimize1qGatesDecomposition - 0.92816 (ms)
2026-07-13 09:38:11,199 [INFO] Pass: InverseCancellation - 0.00811 (ms)
2026-07-13 09:38:11,199 [INFO] Pass: GatesInBasis - 0.56529 (ms)
2026-07-13 09:38:11,199 [INFO] Pass: Depth - 0.12445 (ms)
2026-07-13 09:38:11,199 [INFO] Pass: FixedPoint - 0.00501 (ms)
2026-07-13 09:38:11,199 [INFO] Pass: Size - 0.04768 (ms)
2026-07-13 09:38:11,199 [INFO] Pass: FixedPoint - 0.00405 (ms)
2026-07-13 09:38:11,199 [INFO] Pass: ContainsInstruction - 0.00501 (ms)
2026-07-13 09:38:11,199 [INFO] Total Transpile Time - 51.63455 (ms)
2026-07-13 09:38:11,199 [INFO] Pass: GatesInBasis - 0.58389 (ms)
2026-07-13 09:38:11,199 [INFO] Total Transpile Time - 51.65505 (ms)
2026-07-13 09:38:11,200 [INFO] Pass: Depth - 0.12970 (ms)
2026-07-13 09:38:11,200 [INFO] Pass: FixedPoint - 0.00525 (ms)
2026-07-13 09:38:11,200 [INFO] Pass: Size - 0.04840 (ms)
2026-07-13 09:38:11,200 [INFO] Pass: FixedPoint - 0.00453 (ms)
2026-07-13 09:38:11,200 [INFO] Pass: HighLevelSynthesis - 1.12510 (ms)
2026-07-13 09:38:11,200 [INFO] Total Transpile Time - 51.72920 (ms)
2026-07-13 09:38:11,200 [INFO] Pass: Optimize1qGatesDecomposition - 0.75173 (ms)
2026-07-13 09:38:11,201 [INFO] Pass: InverseCancellation - 0.00668 (ms)
2026-07-13 09:38:11,201 [INFO] Pass: BasisTranslator - 0.73195 (ms)
2026-07-13 09:38:11,201 [INFO] Pass: Depth - 0.14377 (ms)
2026-07-13 09:38:11,201 [INFO] Pass: FixedPoint - 0.00715 (ms)
2026-07-13 09:38:11,201 [INFO] Pass: Size - 0.05484 (ms)
2026-07-13 09:38:11,201 [INFO] Pass: FixedPoint - 0.00453 (ms)
2026-07-13 09:38:11,201 [INFO] Pass: GatesInBasis - 0.59223 (ms)
2026-07-13 09:38:11,201 [INFO] Pass: Depth - 0.12755 (ms)
2026-07-13 09:38:11,201 [INFO] Pass: FixedPoint - 0.00548 (ms)
2026-07-13 09:38:11,201 [INFO] Pass: Size - 0.04697 (ms)
2026-07-13 09:38:11,201 [INFO] Pass: FixedPoint - 0.00405 (ms)
2026-07-13 09:38:11,202 [INFO] Pass: ContainsInstruction - 0.00477 (ms)
2026-07-13 09:38:11,202 [INFO] Pass: ContainsInstruction - 0.00644 (ms)
2026-07-13 09:38:11,202 [INFO] Pass: Optimize1qGatesDecomposition - 0.94056 (ms)
2026-07-13 09:38:11,202 [INFO] Pass: InverseCancellation - 0.14973 (ms)
2026-07-13 09:38:11,202 [INFO] Pass: InverseCancellation - 0.00834 (ms)
2026-07-13 09:38:11,202 [INFO] Pass: UnitarySynthesis - 0.00429 (ms)
2026-07-13 09:38:11,202 [INFO] Pass: ContainsInstruction - 0.00811 (ms)
2026-07-13 09:38:11,202 [INFO] Pass: InverseCancellation - 0.15068 (ms)
2026-07-13 09:38:11,202 [INFO] Pass: UnitarySynthesis - 0.00477 (ms)
2026-07-13 09:38:11,203 [INFO] Total Transpile Time - 51.81217 (ms)
2026-07-13 09:38:11,203 [INFO] Pass: GatesInBasis - 0.58031 (ms)
2026-07-13 09:38:11,203 [INFO] Pass: Depth - 0.13065 (ms)
2026-07-13 09:38:11,203 [INFO] Pass: FixedPoint - 0.00572 (ms)
2026-07-13 09:38:11,203 [INFO] Pass: Size - 0.05293 (ms)
2026-07-13 09:38:11,203 [INFO] Pass: FixedPoint - 0.00405 (ms)
2026-07-13 09:38:11,203 [INFO] Pass: HighLevelSynthesis - 1.09196 (ms)
2026-07-13 09:38:11,203 [INFO] Pass: HighLevelSynthesis - 1.09720 (ms)
2026-07-13 09:38:11,204 [INFO] Pass: Optimize1qGatesDecomposition - 0.74720 (ms)
2026-07-13 09:38:11,204 [INFO] Pass: InverseCancellation - 0.00668 (ms)
2026-07-13 09:38:11,204 [INFO] Pass: BasisTranslator - 0.71883 (ms)
2026-07-13 09:38:11,204 [INFO] Pass: Depth - 0.14138 (ms)
2026-07-13 09:38:11,204 [INFO] Pass: FixedPoint - 0.00691 (ms)
2026-07-13 09:38:11,204 [INFO] Pass: Size - 0.05150 (ms)
2026-07-13 09:38:11,204 [INFO] Pass: FixedPoint - 0.00453 (ms)
2026-07-13 09:38:11,204 [INFO] Pass: BasisTranslator - 0.72765 (ms)
2026-07-13 09:38:11,204 [INFO] Pass: GatesInBasis - 0.57244 (ms)
2026-07-13 09:38:11,204 [INFO] Pass: Depth - 0.14448 (ms)
2026-07-13 09:38:11,204 [INFO] Pass: FixedPoint - 0.00715 (ms)
2026-07-13 09:38:11,204 [INFO] Pass: Depth - 0.12517 (ms)
2026-07-13 09:38:11,205 [INFO] Pass: FixedPoint - 0.00525 (ms)
2026-07-13 09:38:11,205 [INFO] Pass: Size - 0.05102 (ms)
2026-07-13 09:38:11,205 [INFO] Pass: FixedPoint - 0.00429 (ms)
2026-07-13 09:38:11,205 [INFO] Pass: Size - 0.04721 (ms)
2026-07-13 09:38:11,205 [INFO] Pass: FixedPoint - 0.00429 (ms)
2026-07-13 09:38:11,205 [INFO] Pass: ContainsInstruction - 0.00548 (ms)
2026-07-13 09:38:11,205 [INFO] Pass: Optimize1qGatesDecomposition - 0.92149 (ms)
2026-07-13 09:38:11,205 [INFO] Pass: InverseCancellation - 0.00763 (ms)
2026-07-13 09:38:11,206 [INFO] Pass: Optimize1qGatesDecomposition - 0.93055 (ms)
2026-07-13 09:38:11,206 [INFO] Pass: InverseCancellation - 0.00739 (ms)
2026-07-13 09:38:11,206 [INFO] Total Transpile Time - 51.73755 (ms)
2026-07-13 09:38:11,206 [INFO] Pass: GatesInBasis - 0.58246 (ms)
2026-07-13 09:38:11,206 [INFO] Pass: Depth - 0.12898 (ms)
2026-07-13 09:38:11,206 [INFO] Pass: FixedPoint - 0.00548 (ms)
2026-07-13 09:38:11,206 [INFO] Pass: Size - 0.04792 (ms)
2026-07-13 09:38:11,206 [INFO] Pass: FixedPoint - 0.00405 (ms)
2026-07-13 09:38:11,206 [INFO] Pass: GatesInBasis - 0.58293 (ms)
2026-07-13 09:38:11,206 [INFO] Pass: Depth - 0.13018 (ms)
2026-07-13 09:38:11,206 [INFO] Pass: FixedPoint - 0.00572 (ms)
2026-07-13 09:38:11,207 [INFO] Pass: Size - 0.04792 (ms)
2026-07-13 09:38:11,207 [INFO] Pass: FixedPoint - 0.00405 (ms)
2026-07-13 09:38:11,207 [INFO] Pass: ContainsInstruction - 0.00811 (ms)
2026-07-13 09:38:11,207 [INFO] Pass: Optimize1qGatesDecomposition - 0.75030 (ms)
2026-07-13 09:38:11,207 [INFO] Pass: InverseCancellation - 0.15473 (ms)
2026-07-13 09:38:11,207 [INFO] Pass: InverseCancellation - 0.00691 (ms)
2026-07-13 09:38:11,207 [INFO] Pass: UnitarySynthesis - 0.00477 (ms)
2026-07-13 09:38:11,207 [INFO] Pass: Optimize1qGatesDecomposition - 0.76318 (ms)
2026-07-13 09:38:11,207 [INFO] Pass: InverseCancellation - 0.00691 (ms)
2026-07-13 09:38:11,208 [INFO] Pass: GatesInBasis - 0.56601 (ms)
2026-07-13 09:38:11,208 [INFO] Pass: Depth - 0.12565 (ms)
2026-07-13 09:38:11,208 [INFO] Pass: FixedPoint - 0.00477 (ms)
2026-07-13 09:38:11,208 [INFO] Pass: Size - 0.04745 (ms)
2026-07-13 09:38:11,208 [INFO] Pass: FixedPoint - 0.00405 (ms)
2026-07-13 09:38:11,208 [INFO] Pass: ContainsInstruction - 0.00453 (ms)
2026-07-13 09:38:11,208 [INFO] Pass: GatesInBasis - 0.56982 (ms)
2026-07-13 09:38:11,208 [INFO] Pass: HighLevelSynthesis - 1.09625 (ms)
2026-07-13 09:38:11,208 [INFO] Pass: Depth - 0.12565 (ms)
2026-07-13 09:38:11,208 [INFO] Pass: FixedPoint - 0.00477 (ms)
2026-07-13 09:38:11,208 [INFO] Pass: Size - 0.04721 (ms)
2026-07-13 09:38:11,208 [INFO] Pass: FixedPoint - 0.00429 (ms)
2026-07-13 09:38:11,208 [INFO] Pass: ContainsInstruction - 0.00477 (ms)
2026-07-13 09:38:11,209 [INFO] Total Transpile Time - 51.35608 (ms)
2026-07-13 09:38:11,209 [INFO] Pass: BasisTranslator - 0.73028 (ms)
2026-07-13 09:38:11,209 [INFO] Pass: Depth - 0.14305 (ms)
2026-07-13 09:38:11,209 [INFO] Pass: FixedPoint - 0.00787 (ms)
2026-07-13 09:38:11,209 [INFO] Pass: Size - 0.05126 (ms)
2026-07-13 09:38:11,209 [INFO] Pass: FixedPoint - 0.00453 (ms)
2026-07-13 09:38:11,209 [INFO] Total Transpile Time - 51.74470 (ms)
2026-07-13 09:38:11,210 [INFO] Pass: Optimize1qGatesDecomposition - 0.93985 (ms)
2026-07-13 09:38:11,210 [INFO] Pass: InverseCancellation - 0.00811 (ms)
2026-07-13 09:38:11,211 [INFO] Pass: ContainsInstruction - 0.00739 (ms)
2026-07-13 09:38:11,211 [INFO] Pass: InverseCancellation - 0.15450 (ms)
2026-07-13 09:38:11,211 [INFO] Pass: UnitarySynthesis - 0.00525 (ms)
2026-07-13 09:38:11,211 [INFO] Pass: GatesInBasis - 0.58579 (ms)
2026-07-13 09:38:11,211 [INFO] Pass: Depth - 0.13351 (ms)
2026-07-13 09:38:11,211 [INFO] Pass: FixedPoint - 0.00572 (ms)
2026-07-13 09:38:11,211 [INFO] Pass: Size - 0.04768 (ms)
2026-07-13 09:38:11,211 [INFO] Pass: FixedPoint - 0.00429 (ms)
2026-07-13 09:38:11,212 [INFO] Pass: Optimize1qGatesDecomposition - 0.74625 (ms)
2026-07-13 09:38:11,212 [INFO] Pass: HighLevelSynthesis - 1.11508 (ms)
2026-07-13 09:38:11,212 [INFO] Pass: InverseCancellation - 0.00691 (ms)
2026-07-13 09:38:11,213 [INFO] Pass: GatesInBasis - 0.56291 (ms)
2026-07-13 09:38:11,213 [INFO] Pass: ContainsInstruction - 0.01287 (ms)
2026-07-13 09:38:11,213 [INFO] Pass: BasisTranslator - 0.72765 (ms)
2026-07-13 09:38:11,213 [INFO] Pass: Depth - 0.12875 (ms)
2026-07-13 09:38:11,213 [INFO] Pass: FixedPoint - 0.00525 (ms)
2026-07-13 09:38:11,213 [INFO] Pass: Size - 0.04721 (ms)
2026-07-13 09:38:11,213 [INFO] Pass: FixedPoint - 0.00405 (ms)
2026-07-13 09:38:11,213 [INFO] Pass: InverseCancellation - 0.15020 (ms)
2026-07-13 09:38:11,213 [INFO] Pass: Depth - 0.14710 (ms)
2026-07-13 09:38:11,213 [INFO] Pass: ContainsInstruction - 0.00477 (ms)
2026-07-13 09:38:11,213 [INFO] Pass: UnitarySynthesis - 0.00453 (ms)
2026-07-13 09:38:11,213 [INFO] Pass: FixedPoint - 0.00739 (ms)
2026-07-13 09:38:11,213 [INFO] Pass: Size - 0.05245 (ms)
2026-07-13 09:38:11,213 [INFO] Pass: FixedPoint - 0.00477 (ms)
2026-07-13 09:38:11,214 [INFO] Pass: ContainsInstruction - 0.00954 (ms)
2026-07-13 09:38:11,214 [INFO] Pass: InverseCancellation - 0.14949 (ms)
2026-07-13 09:38:11,214 [INFO] Pass: UnitarySynthesis - 0.00477 (ms)
2026-07-13 09:38:11,214 [INFO] Total Transpile Time - 52.20532 (ms)
2026-07-13 09:38:11,214 [INFO] Pass: Optimize1qGatesDecomposition - 0.94533 (ms)
2026-07-13 09:38:11,214 [INFO] Pass: HighLevelSynthesis - 1.09696 (ms)
2026-07-13 09:38:11,214 [INFO] Pass: InverseCancellation - 0.00834 (ms)
2026-07-13 09:38:11,215 [INFO] Pass: GatesInBasis - 0.58579 (ms)
2026-07-13 09:38:11,215 [INFO] Pass: BasisTranslator - 0.73671 (ms)
2026-07-13 09:38:11,215 [INFO] Pass: Depth - 0.13161 (ms)
2026-07-13 09:38:11,215 [INFO] Pass: FixedPoint - 0.00572 (ms)
2026-07-13 09:38:11,215 [INFO] Pass: HighLevelSynthesis - 1.10435 (ms)
2026-07-13 09:38:11,215 [INFO] Pass: Size - 0.04792 (ms)
2026-07-13 09:38:11,215 [INFO] Pass: Depth - 0.14591 (ms)
2026-07-13 09:38:11,215 [INFO] Pass: FixedPoint - 0.00405 (ms)
2026-07-13 09:38:11,215 [INFO] Pass: FixedPoint - 0.01287 (ms)
2026-07-13 09:38:11,215 [INFO] Pass: Size - 0.05174 (ms)
2026-07-13 09:38:11,215 [INFO] Pass: FixedPoint - 0.00477 (ms)
2026-07-13 09:38:11,216 [INFO] Pass: BasisTranslator - 0.71979 (ms)
2026-07-13 09:38:11,216 [INFO] Pass: Optimize1qGatesDecomposition - 0.74744 (ms)
2026-07-13 09:38:11,216 [INFO] Pass: InverseCancellation - 0.00668 (ms)
2026-07-13 09:38:11,216 [INFO] Pass: Depth - 0.14091 (ms)
2026-07-13 09:38:11,216 [INFO] Pass: FixedPoint - 0.00691 (ms)
2026-07-13 09:38:11,216 [INFO] Pass: Size - 0.05126 (ms)
2026-07-13 09:38:11,216 [INFO] Pass: FixedPoint - 0.00477 (ms)
2026-07-13 09:38:11,216 [INFO] Pass: Optimize1qGatesDecomposition - 0.93937 (ms)
2026-07-13 09:38:11,216 [INFO] Pass: InverseCancellation - 0.00811 (ms)
2026-07-13 09:38:11,217 [INFO] Pass: GatesInBasis - 0.57077 (ms)
2026-07-13 09:38:11,217 [INFO] Pass: Depth - 0.13018 (ms)
2026-07-13 09:38:11,217 [INFO] Pass: FixedPoint - 0.00477 (ms)
2026-07-13 09:38:11,217 [INFO] Pass: Size - 0.04697 (ms)
2026-07-13 09:38:11,217 [INFO] Pass: FixedPoint - 0.00405 (ms)
2026-07-13 09:38:11,217 [INFO] Pass: ContainsInstruction - 0.00453 (ms)
2026-07-13 09:38:11,217 [INFO] Pass: GatesInBasis - 0.59915 (ms)
2026-07-13 09:38:11,217 [INFO] Pass: Depth - 0.13065 (ms)
2026-07-13 09:38:11,217 [INFO] Pass: Optimize1qGatesDecomposition - 0.92196 (ms)
2026-07-13 09:38:11,217 [INFO] Pass: FixedPoint - 0.00572 (ms)
2026-07-13 09:38:11,217 [INFO] Pass: InverseCancellation - 0.00882 (ms)
2026-07-13 09:38:11,217 [INFO] Pass: Size - 0.04745 (ms)
2026-07-13 09:38:11,217 [INFO] Pass: FixedPoint - 0.00405 (ms)
2026-07-13 09:38:11,218 [INFO] Pass: GatesInBasis - 0.58031 (ms)
2026-07-13 09:38:11,218 [INFO] Total Transpile Time - 51.85366 (ms)
2026-07-13 09:38:11,218 [INFO] Pass: Depth - 0.13041 (ms)
2026-07-13 09:38:11,218 [INFO] Pass: FixedPoint - 0.00548 (ms)
2026-07-13 09:38:11,218 [INFO] Pass: Optimize1qGatesDecomposition - 0.74816 (ms)
2026-07-13 09:38:11,218 [INFO] Pass: InverseCancellation - 0.00668 (ms)
2026-07-13 09:38:11,218 [INFO] Pass: Size - 0.04768 (ms)
2026-07-13 09:38:11,218 [INFO] Pass: FixedPoint - 0.00405 (ms)
2026-07-13 09:38:11,219 [INFO] Pass: GatesInBasis - 0.58341 (ms)
2026-07-13 09:38:11,219 [INFO] Pass: Depth - 0.12493 (ms)
2026-07-13 09:38:11,219 [INFO] Pass: FixedPoint - 0.00501 (ms)
2026-07-13 09:38:11,219 [INFO] Pass: Optimize1qGatesDecomposition - 0.75054 (ms)
2026-07-13 09:38:11,219 [INFO] Pass: InverseCancellation - 0.00668 (ms)
2026-07-13 09:38:11,219 [INFO] Pass: Size - 0.04768 (ms)
2026-07-13 09:38:11,219 [INFO] Pass: FixedPoint - 0.00405 (ms)
2026-07-13 09:38:11,219 [INFO] Pass: ContainsInstruction - 0.00501 (ms)
2026-07-13 09:38:11,220 [INFO] Pass: GatesInBasis - 0.56624 (ms)
2026-07-13 09:38:11,220 [INFO] Pass: Depth - 0.13161 (ms)
2026-07-13 09:38:11,220 [INFO] Pass: FixedPoint - 0.00453 (ms)
2026-07-13 09:38:11,220 [INFO] Pass: Size - 0.04697 (ms)
2026-07-13 09:38:11,220 [INFO] Pass: FixedPoint - 0.00405 (ms)
2026-07-13 09:38:11,220 [INFO] Pass: ContainsInstruction - 0.00477 (ms)
2026-07-13 09:38:11,220 [INFO] Total Transpile Time - 51.90063 (ms)
2026-07-13 09:38:11,220 [INFO] Pass: ContainsInstruction - 0.01001 (ms)
2026-07-13 09:38:11,221 [INFO] Pass: InverseCancellation - 0.15211 (ms)
2026-07-13 09:38:11,221 [INFO] Pass: UnitarySynthesis - 0.00525 (ms)
2026-07-13 09:38:11,221 [INFO] Total Transpile Time - 51.43690 (ms)
2026-07-13 09:38:11,222 [INFO] Pass: HighLevelSynthesis - 1.10483 (ms)
2026-07-13 09:38:11,223 [INFO] Pass: BasisTranslator - 0.72765 (ms)
2026-07-13 09:38:11,223 [INFO] Pass: ContainsInstruction - 0.00906 (ms)
2026-07-13 09:38:11,223 [INFO] Pass: Depth - 0.14186 (ms)
2026-07-13 09:38:11,223 [INFO] Pass: FixedPoint - 0.01240 (ms)
2026-07-13 09:38:11,223 [INFO] Pass: InverseCancellation - 0.14830 (ms)
2026-07-13 09:38:11,223 [INFO] Pass: Size - 0.05674 (ms)
2026-07-13 09:38:11,223 [INFO] Pass: UnitarySynthesis - 0.00525 (ms)
2026-07-13 09:38:11,223 [INFO] Pass: FixedPoint - 0.00477 (ms)
2026-07-13 09:38:11,224 [INFO] Pass: Optimize1qGatesDecomposition - 0.94509 (ms)
2026-07-13 09:38:11,224 [INFO] Pass: InverseCancellation - 0.00834 (ms)
2026-07-13 09:38:11,224 [INFO] Pass: HighLevelSynthesis - 1.10102 (ms)
2026-07-13 09:38:11,225 [INFO] Pass: GatesInBasis - 0.58222 (ms)
2026-07-13 09:38:11,225 [INFO] Pass: Depth - 0.13065 (ms)
2026-07-13 09:38:11,225 [INFO] Pass: FixedPoint - 0.00572 (ms)
2026-07-13 09:38:11,225 [INFO] Pass: BasisTranslator - 0.72742 (ms)
2026-07-13 09:38:11,225 [INFO] Pass: Size - 0.05269 (ms)
2026-07-13 09:38:11,225 [INFO] Pass: FixedPoint - 0.00405 (ms)
2026-07-13 09:38:11,225 [INFO] Pass: Depth - 0.15140 (ms)
2026-07-13 09:38:11,225 [INFO] Pass: FixedPoint - 0.00834 (ms)
2026-07-13 09:38:11,225 [INFO] Pass: Size - 0.05341 (ms)
2026-07-13 09:38:11,225 [INFO] Pass: FixedPoint - 0.00453 (ms)
2026-07-13 09:38:11,226 [INFO] Pass: Optimize1qGatesDecomposition - 0.74244 (ms)
2026-07-13 09:38:11,226 [INFO] Pass: InverseCancellation - 0.00691 (ms)
2026-07-13 09:38:11,226 [INFO] Pass: Optimize1qGatesDecomposition - 0.94557 (ms)
2026-07-13 09:38:11,226 [INFO] Pass: InverseCancellation - 0.00834 (ms)
2026-07-13 09:38:11,226 [INFO] Pass: GatesInBasis - 0.57101 (ms)
2026-07-13 09:38:11,226 [INFO] Pass: Depth - 0.12445 (ms)
2026-07-13 09:38:11,227 [INFO] Pass: FixedPoint - 0.00501 (ms)
2026-07-13 09:38:11,227 [INFO] Pass: Size - 0.04768 (ms)
2026-07-13 09:38:11,227 [INFO] Pass: FixedPoint - 0.00405 (ms)
2026-07-13 09:38:11,227 [INFO] Pass: ContainsInstruction - 0.00477 (ms)
2026-07-13 09:38:11,227 [INFO] Pass: GatesInBasis - 0.57960 (ms)
2026-07-13 09:38:11,227 [INFO] Pass: Depth - 0.13208 (ms)
2026-07-13 09:38:11,227 [INFO] Pass: FixedPoint - 0.00572 (ms)
2026-07-13 09:38:11,227 [INFO] Pass: Size - 0.04768 (ms)
2026-07-13 09:38:11,227 [INFO] Pass: FixedPoint - 0.00405 (ms)
2026-07-13 09:38:11,227 [INFO] Pass: ContainsInstruction - 0.00811 (ms)
2026-07-13 09:38:11,227 [INFO] Pass: InverseCancellation - 0.14925 (ms)
2026-07-13 09:38:11,227 [INFO] Pass: UnitarySynthesis - 0.00525 (ms)
2026-07-13 09:38:11,228 [INFO] Total Transpile Time - 51.95069 (ms)
2026-07-13 09:38:11,228 [INFO] Pass: Optimize1qGatesDecomposition - 0.74792 (ms)
2026-07-13 09:38:11,228 [INFO] Pass: InverseCancellation - 0.00668 (ms)
2026-07-13 09:38:11,229 [INFO] Pass: GatesInBasis - 0.57125 (ms)
2026-07-13 09:38:11,229 [INFO] Pass: HighLevelSynthesis - 1.09673 (ms)
2026-07-13 09:38:11,229 [INFO] Pass: Depth - 0.12708 (ms)
2026-07-13 09:38:11,229 [INFO] Pass: FixedPoint - 0.00477 (ms)
2026-07-13 09:38:11,229 [INFO] Pass: Size - 0.05174 (ms)
2026-07-13 09:38:11,229 [INFO] Pass: FixedPoint - 0.00429 (ms)
2026-07-13 09:38:11,229 [INFO] Pass: ContainsInstruction - 0.00548 (ms)
2026-07-13 09:38:11,229 [INFO] Pass: BasisTranslator - 0.74339 (ms)
2026-07-13 09:38:11,230 [INFO] Pass: Depth - 0.14448 (ms)
2026-07-13 09:38:11,230 [INFO] Pass: FixedPoint - 0.00811 (ms)
2026-07-13 09:38:11,230 [INFO] Pass: Size - 0.05198 (ms)
2026-07-13 09:38:11,230 [INFO] Pass: FixedPoint - 0.00477 (ms)
2026-07-13 09:38:11,230 [INFO] Total Transpile Time - 51.84698 (ms)
2026-07-13 09:38:11,230 [INFO] Pass: ContainsInstruction - 0.00787 (ms)
2026-07-13 09:38:11,230 [INFO] Pass: InverseCancellation - 0.15235 (ms)
2026-07-13 09:38:11,230 [INFO] Pass: UnitarySynthesis - 0.00525 (ms)
2026-07-13 09:38:11,231 [INFO] Pass: Optimize1qGatesDecomposition - 0.94128 (ms)
2026-07-13 09:38:11,231 [INFO] Pass: InverseCancellation - 0.00834 (ms)
2026-07-13 09:38:11,231 [INFO] Pass: GatesInBasis - 0.58031 (ms)
2026-07-13 09:38:11,231 [INFO] Pass: HighLevelSynthesis - 1.09577 (ms)
2026-07-13 09:38:11,232 [INFO] Pass: Depth - 0.13256 (ms)
2026-07-13 09:38:11,232 [INFO] Pass: FixedPoint - 0.00572 (ms)
2026-07-13 09:38:11,232 [INFO] Pass: Size - 0.04768 (ms)
2026-07-13 09:38:11,232 [INFO] Pass: FixedPoint - 0.00405 (ms)
2026-07-13 09:38:11,232 [INFO] Pass: BasisTranslator - 0.74577 (ms)
2026-07-13 09:38:11,232 [INFO] Pass: Depth - 0.14472 (ms)
2026-07-13 09:38:11,232 [INFO] Pass: FixedPoint - 0.00787 (ms)
2026-07-13 09:38:11,233 [INFO] Pass: Optimize1qGatesDecomposition - 0.76294 (ms)
2026-07-13 09:38:11,233 [INFO] Pass: Size - 0.05174 (ms)
2026-07-13 09:38:11,233 [INFO] Pass: FixedPoint - 0.00453 (ms)
2026-07-13 09:38:11,233 [INFO] Pass: InverseCancellation - 0.00644 (ms)
2026-07-13 09:38:11,233 [INFO] Pass: GatesInBasis - 0.57125 (ms)
2026-07-13 09:38:11,233 [INFO] Pass: Depth - 0.12469 (ms)
2026-07-13 09:38:11,233 [INFO] Pass: FixedPoint - 0.00525 (ms)
2026-07-13 09:38:11,233 [INFO] Pass: Size - 0.04649 (ms)
2026-07-13 09:38:11,234 [INFO] Pass: FixedPoint - 0.00381 (ms)
2026-07-13 09:38:11,234 [INFO] Pass: ContainsInstruction - 0.00477 (ms)
2026-07-13 09:38:11,234 [INFO] Pass: Optimize1qGatesDecomposition - 0.93365 (ms)
2026-07-13 09:38:11,234 [INFO] Pass: InverseCancellation - 0.00787 (ms)
2026-07-13 09:38:11,234 [INFO] Pass: GatesInBasis - 0.58579 (ms)
2026-07-13 09:38:11,234 [INFO] Pass: Depth - 0.13089 (ms)
2026-07-13 09:38:11,234 [INFO] Pass: FixedPoint - 0.00548 (ms)
2026-07-13 09:38:11,235 [INFO] Pass: Size - 0.04721 (ms)
2026-07-13 09:38:11,235 [INFO] Pass: FixedPoint - 0.00429 (ms)
2026-07-13 09:38:11,235 [INFO] Total Transpile Time - 52.03390 (ms)
2026-07-13 09:38:11,235 [INFO] Pass: ContainsInstruction - 0.00906 (ms)
2026-07-13 09:38:11,235 [INFO] Pass: InverseCancellation - 0.15402 (ms)
2026-07-13 09:38:11,235 [INFO] Pass: UnitarySynthesis - 0.00501 (ms)
2026-07-13 09:38:11,235 [INFO] Pass: Optimize1qGatesDecomposition - 0.75650 (ms)
2026-07-13 09:38:11,235 [INFO] Pass: InverseCancellation - 0.00668 (ms)
2026-07-13 09:38:11,236 [INFO] Pass: GatesInBasis - 0.57292 (ms)
2026-07-13 09:38:11,236 [INFO] Pass: Depth - 0.12636 (ms)
2026-07-13 09:38:11,236 [INFO] Pass: FixedPoint - 0.00525 (ms)
2026-07-13 09:38:11,236 [INFO] Pass: Size - 0.04697 (ms)
2026-07-13 09:38:11,236 [INFO] Pass: FixedPoint - 0.00405 (ms)
2026-07-13 09:38:11,236 [INFO] Pass: ContainsInstruction - 0.00501 (ms)
2026-07-13 09:38:11,237 [INFO] Pass: HighLevelSynthesis - 1.11365 (ms)
2026-07-13 09:38:11,237 [INFO] Pass: BasisTranslator - 0.73981 (ms)
2026-07-13 09:38:11,237 [INFO] Total Transpile Time - 52.05417 (ms)
2026-07-13 09:38:11,238 [INFO] Pass: Depth - 0.14424 (ms)
2026-07-13 09:38:11,238 [INFO] Pass: FixedPoint - 0.00811 (ms)
2026-07-13 09:38:11,238 [INFO] Pass: Size - 0.05198 (ms)
2026-07-13 09:38:11,238 [INFO] Pass: FixedPoint - 0.00477 (ms)
2026-07-13 09:38:11,239 [INFO] Pass: Optimize1qGatesDecomposition - 0.96750 (ms)
2026-07-13 09:38:11,239 [INFO] Pass: InverseCancellation - 0.00858 (ms)
2026-07-13 09:38:11,239 [INFO] Pass: GatesInBasis - 0.59414 (ms)
2026-07-13 09:38:11,240 [INFO] Pass: Depth - 0.13590 (ms)
2026-07-13 09:38:11,240 [INFO] Pass: FixedPoint - 0.00572 (ms)
2026-07-13 09:38:11,240 [INFO] Pass: Size - 0.04768 (ms)
2026-07-13 09:38:11,240 [INFO] Pass: FixedPoint - 0.00429 (ms)
2026-07-13 09:38:11,241 [INFO] Pass: Optimize1qGatesDecomposition - 0.76342 (ms)
2026-07-13 09:38:11,241 [INFO] Pass: InverseCancellation - 0.00763 (ms)
2026-07-13 09:38:11,241 [INFO] Pass: GatesInBasis - 0.57197 (ms)
2026-07-13 09:38:11,241 [INFO] Pass: Depth - 0.12755 (ms)
2026-07-13 09:38:11,241 [INFO] Pass: FixedPoint - 0.00525 (ms)
2026-07-13 09:38:11,241 [INFO] Pass: Size - 0.04840 (ms)
2026-07-13 09:38:11,242 [INFO] Pass: FixedPoint - 0.00405 (ms)
2026-07-13 09:38:11,242 [INFO] Pass: ContainsInstruction - 0.00572 (ms)
2026-07-13 09:38:11,243 [INFO] Total Transpile Time - 52.19531 (ms)
2026-07-13 09:38:55,697 [INFO] [PCE] Aer metadata (1a ejecucion de este proceso): device=CPU method=matrix_product_state shots=8192 fusion_enabled=False
2026-07-13 09:38:55,724 [INFO] [PCE] Aer metadata (1a ejecucion de este proceso): device=CPU method=matrix_product_state shots=8192 fusion_enabled=False
2026-07-13 09:38:55,748 [INFO] [PCE] Aer metadata (1a ejecucion de este proceso): device=CPU method=matrix_product_state shots=8192 fusion_enabled=False
2026-07-13 09:38:55,757 [INFO] [PCE] Aer metadata (1a ejecucion de este proceso): device=CPU method=matrix_product_state shots=8192 fusion_enabled=False
2026-07-13 09:38:55,784 [INFO] [PCE] Aer metadata (1a ejecucion de este proceso): device=CPU method=matrix_product_state shots=8192 fusion_enabled=False
2026-07-13 09:38:55,793 [INFO] [PCE] Aer metadata (1a ejecucion de este proceso): device=CPU method=matrix_product_state shots=8192 fusion_enabled=False
2026-07-13 09:38:55,805 [INFO] [PCE] Aer metadata (1a ejecucion de este proceso): device=CPU method=matrix_product_state shots=8192 fusion_enabled=False
2026-07-13 09:38:55,812 [INFO] [PCE] Aer metadata (1a ejecucion de este proceso): device=CPU method=matrix_product_state shots=8192 fusion_enabled=False
2026-07-13 09:38:55,830 [INFO] [PCE] Aer metadata (1a ejecucion de este proceso): device=CPU method=matrix_product_state shots=8192 fusion_enabled=False
2026-07-13 09:38:55,858 [INFO] [PCE] Aer metadata (1a ejecucion de este proceso): device=CPU method=matrix_product_state shots=8192 fusion_enabled=False
2026-07-13 09:38:55,858 [INFO] [PCE] Aer metadata (1a ejecucion de este proceso): device=CPU method=matrix_product_state shots=8192 fusion_enabled=False
2026-07-13 09:38:55,866 [INFO] [PCE] Aer metadata (1a ejecucion de este proceso): device=CPU method=matrix_product_state shots=8192 fusion_enabled=False
2026-07-13 09:38:55,886 [INFO] [PCE] Aer metadata (1a ejecucion de este proceso): device=CPU method=matrix_product_state shots=8192 fusion_enabled=False
2026-07-13 09:38:55,902 [INFO] [PCE] Aer metadata (1a ejecucion de este proceso): device=CPU method=matrix_product_state shots=8192 fusion_enabled=False
2026-07-13 09:38:55,932 [INFO] [PCE] Aer metadata (1a ejecucion de este proceso): device=CPU method=matrix_product_state shots=8192 fusion_enabled=False
2026-07-13 09:38:55,975 [INFO] [PCE] Aer metadata (1a ejecucion de este proceso): device=CPU method=matrix_product_state shots=8192 fusion_enabled=False
slurmstepd: error: *** JOB 8424858 ON ilk-200 CANCELLED AT 2026-07-14T09:38:23 DUE TO TIME LIMIT ***
