gcc/system unloaded
gcccore/system unloaded
cesga/2022 unloaded
rust/1.75.0 unloaded
imkl/2022.0.1 unloaded
numpy/1.26.4 unloaded
scipy/1.13.1 unloaded
flint/2.8.4 unloaded
symengine/0.11.1 unloaded
symengine-python/0.11.0 unloaded
spdlog/1.9.2 unloaded
pylatexenc/2.10 unloaded
qiskit/1.2.4-aer-gpu-cu11 unloaded
        Preparing the environment for use of the CESGA 2022 software stack.
        Please rebuild modules cache: module --ignore-cache avail
     
cesga/2022 loaded
rust/1.75.0 loaded

imkl/2023.2.0 loaded
numpy/1.26.4 loaded
scipy/1.13.1 loaded
imkl/2023.2.0 unloaded

imkl/2022.0.1 loaded
flint/2.8.4 loaded
symengine/0.11.1 loaded
symengine-python/0.11.0 loaded
spdlog/1.9.2 loaded
pylatexenc/2.10 loaded
gcccore/system loaded
gcc/system loaded
qiskit/1.2.4-aer-gpu-cu11 loaded
2026-07-13 09:38:10,972 [INFO] [PCE] n=225 chunk 2/4: 25 instancias [1, 5, 9, 13, 17, 21, 25, 29, 33, 37, 41, 45, 49, 53, 57, 61, 65, 69, 73, 77, 81, 85, 89, 93, 97], num_workers=16, qubits=13
2026-07-13 09:38:10,972 [INFO] [PCE] n=225 paralelizando 25 instancias entre 16 workers (max_parallel_threads=1 fijo, independiente de num_workers)
2026-07-13 09:38:11,104 [INFO] Pass: ContainsInstruction - 0.01955 (ms)
2026-07-13 09:38:11,105 [INFO] Pass: InverseCancellation - 0.01884 (ms)
2026-07-13 09:38:11,105 [INFO] Pass: ContainsInstruction - 0.01597 (ms)
2026-07-13 09:38:11,105 [INFO] Pass: UnitarySynthesis - 0.00620 (ms)
2026-07-13 09:38:11,105 [INFO] Pass: InverseCancellation - 0.01550 (ms)
2026-07-13 09:38:11,105 [INFO] Pass: UnitarySynthesis - 0.00572 (ms)
2026-07-13 09:38:11,105 [INFO] Pass: ContainsInstruction - 0.01764 (ms)
2026-07-13 09:38:11,105 [INFO] Pass: InverseCancellation - 0.01526 (ms)
2026-07-13 09:38:11,105 [INFO] Pass: UnitarySynthesis - 0.00548 (ms)
2026-07-13 09:38:11,106 [INFO] Pass: HighLevelSynthesis - 1.09506 (ms)
2026-07-13 09:38:11,106 [INFO] Pass: HighLevelSynthesis - 1.07765 (ms)
2026-07-13 09:38:11,106 [INFO] Pass: HighLevelSynthesis - 1.07551 (ms)
2026-07-13 09:38:11,106 [INFO] Pass: BasisTranslator - 0.59962 (ms)
2026-07-13 09:38:11,106 [INFO] Pass: BasisTranslator - 0.54097 (ms)
2026-07-13 09:38:11,107 [INFO] Pass: Depth - 0.15879 (ms)
2026-07-13 09:38:11,107 [INFO] Pass: Depth - 0.15450 (ms)
2026-07-13 09:38:11,107 [INFO] Pass: FixedPoint - 0.01216 (ms)
2026-07-13 09:38:11,107 [INFO] Pass: FixedPoint - 0.01192 (ms)
2026-07-13 09:38:11,107 [INFO] Pass: Size - 0.05054 (ms)
2026-07-13 09:38:11,107 [INFO] Pass: Size - 0.04792 (ms)
2026-07-13 09:38:11,107 [INFO] Pass: FixedPoint - 0.00453 (ms)
2026-07-13 09:38:11,107 [INFO] Pass: FixedPoint - 0.00501 (ms)
2026-07-13 09:38:11,107 [INFO] Pass: BasisTranslator - 0.52619 (ms)
2026-07-13 09:38:11,107 [INFO] Pass: Optimize1qGatesDecomposition - 0.12183 (ms)
2026-07-13 09:38:11,107 [INFO] Pass: Optimize1qGatesDecomposition - 0.11683 (ms)
2026-07-13 09:38:11,107 [INFO] Pass: InverseCancellation - 0.00811 (ms)
2026-07-13 09:38:11,107 [INFO] Pass: InverseCancellation - 0.00811 (ms)
2026-07-13 09:38:11,107 [INFO] Pass: Depth - 0.16212 (ms)
2026-07-13 09:38:11,107 [INFO] Pass: FixedPoint - 0.01073 (ms)
2026-07-13 09:38:11,107 [INFO] Pass: Size - 0.05126 (ms)
2026-07-13 09:38:11,107 [INFO] Pass: FixedPoint - 0.00501 (ms)
2026-07-13 09:38:11,107 [INFO] Pass: ContainsInstruction - 0.01621 (ms)
2026-07-13 09:38:11,107 [INFO] Pass: InverseCancellation - 0.01502 (ms)
2026-07-13 09:38:11,107 [INFO] Pass: Optimize1qGatesDecomposition - 0.11396 (ms)
2026-07-13 09:38:11,107 [INFO] Pass: UnitarySynthesis - 0.00548 (ms)
2026-07-13 09:38:11,108 [INFO] Pass: InverseCancellation - 0.00787 (ms)
2026-07-13 09:38:11,108 [INFO] Pass: GatesInBasis - 0.54574 (ms)
2026-07-13 09:38:11,108 [INFO] Pass: GatesInBasis - 0.56624 (ms)
2026-07-13 09:38:11,108 [INFO] Pass: Depth - 0.11945 (ms)
2026-07-13 09:38:11,108 [INFO] Pass: FixedPoint - 0.00501 (ms)
2026-07-13 09:38:11,108 [INFO] Pass: Depth - 0.13375 (ms)
2026-07-13 09:38:11,108 [INFO] Pass: FixedPoint - 0.00525 (ms)
2026-07-13 09:38:11,108 [INFO] Pass: Size - 0.04530 (ms)
2026-07-13 09:38:11,108 [INFO] Pass: FixedPoint - 0.00429 (ms)
2026-07-13 09:38:11,108 [INFO] Pass: Size - 0.04601 (ms)
2026-07-13 09:38:11,108 [INFO] Pass: ContainsInstruction - 0.00548 (ms)
2026-07-13 09:38:11,108 [INFO] Pass: FixedPoint - 0.00477 (ms)
2026-07-13 09:38:11,108 [INFO] Pass: ContainsInstruction - 0.00572 (ms)
2026-07-13 09:38:11,108 [INFO] Pass: GatesInBasis - 0.55861 (ms)
2026-07-13 09:38:11,108 [INFO] Pass: Depth - 0.12660 (ms)
2026-07-13 09:38:11,108 [INFO] Pass: FixedPoint - 0.00548 (ms)
2026-07-13 09:38:11,108 [INFO] Pass: Size - 0.04625 (ms)
2026-07-13 09:38:11,108 [INFO] Pass: FixedPoint - 0.00453 (ms)
2026-07-13 09:38:11,109 [INFO] Pass: ContainsInstruction - 0.00548 (ms)
2026-07-13 09:38:11,109 [INFO] Pass: HighLevelSynthesis - 1.07288 (ms)
2026-07-13 09:38:11,109 [INFO] Total Transpile Time - 73.73476 (ms)
2026-07-13 09:38:11,109 [INFO] Pass: BasisTranslator - 0.58103 (ms)
2026-07-13 09:38:11,109 [INFO] Total Transpile Time - 73.78221 (ms)
2026-07-13 09:38:11,109 [INFO] Pass: Depth - 0.15807 (ms)
2026-07-13 09:38:11,110 [INFO] Pass: FixedPoint - 0.01144 (ms)
2026-07-13 09:38:11,110 [INFO] Pass: Size - 0.04816 (ms)
2026-07-13 09:38:11,110 [INFO] Pass: FixedPoint - 0.00477 (ms)
2026-07-13 09:38:11,110 [INFO] Total Transpile Time - 69.91506 (ms)
2026-07-13 09:38:11,110 [INFO] Pass: Optimize1qGatesDecomposition - 0.11230 (ms)
2026-07-13 09:38:11,110 [INFO] Pass: InverseCancellation - 0.00763 (ms)
2026-07-13 09:38:11,110 [INFO] Pass: GatesInBasis - 0.53930 (ms)
2026-07-13 09:38:11,111 [INFO] Pass: Depth - 0.12064 (ms)
2026-07-13 09:38:11,111 [INFO] Pass: FixedPoint - 0.00596 (ms)
2026-07-13 09:38:11,111 [INFO] Pass: Size - 0.04625 (ms)
2026-07-13 09:38:11,111 [INFO] Pass: FixedPoint - 0.00405 (ms)
2026-07-13 09:38:11,111 [INFO] Pass: ContainsInstruction - 0.00548 (ms)
2026-07-13 09:38:11,112 [INFO] Pass: ContainsInstruction - 0.01693 (ms)
2026-07-13 09:38:11,112 [INFO] Pass: InverseCancellation - 0.01717 (ms)
2026-07-13 09:38:11,112 [INFO] Pass: UnitarySynthesis - 0.00548 (ms)
2026-07-13 09:38:11,112 [INFO] Total Transpile Time - 69.63539 (ms)
2026-07-13 09:38:11,113 [INFO] Pass: HighLevelSynthesis - 1.12247 (ms)
2026-07-13 09:38:11,113 [INFO] Pass: ContainsInstruction - 0.01717 (ms)
2026-07-13 09:38:11,114 [INFO] Pass: InverseCancellation - 0.01621 (ms)
2026-07-13 09:38:11,114 [INFO] Pass: UnitarySynthesis - 0.00525 (ms)
2026-07-13 09:38:11,114 [INFO] Pass: BasisTranslator - 0.59319 (ms)
2026-07-13 09:38:11,114 [INFO] Pass: Depth - 0.16022 (ms)
2026-07-13 09:38:11,114 [INFO] Pass: FixedPoint - 0.01144 (ms)
2026-07-13 09:38:11,114 [INFO] Pass: Size - 0.04816 (ms)
2026-07-13 09:38:11,114 [INFO] Pass: FixedPoint - 0.00477 (ms)
2026-07-13 09:38:11,114 [INFO] Pass: Optimize1qGatesDecomposition - 0.11611 (ms)
2026-07-13 09:38:11,114 [INFO] Pass: InverseCancellation - 0.00739 (ms)
2026-07-13 09:38:11,115 [INFO] Pass: HighLevelSynthesis - 1.07741 (ms)
2026-07-13 09:38:11,115 [INFO] Pass: GatesInBasis - 0.51284 (ms)
2026-07-13 09:38:11,115 [INFO] Pass: Depth - 0.11969 (ms)
2026-07-13 09:38:11,115 [INFO] Pass: FixedPoint - 0.00501 (ms)
2026-07-13 09:38:11,115 [INFO] Pass: Size - 0.04601 (ms)
2026-07-13 09:38:11,115 [INFO] Pass: FixedPoint - 0.00405 (ms)
2026-07-13 09:38:11,115 [INFO] Pass: ContainsInstruction - 0.00525 (ms)
2026-07-13 09:38:11,115 [INFO] Pass: BasisTranslator - 0.59247 (ms)
2026-07-13 09:38:11,116 [INFO] Pass: Depth - 0.15783 (ms)
2026-07-13 09:38:11,116 [INFO] Pass: FixedPoint - 0.01049 (ms)
2026-07-13 09:38:11,116 [INFO] Pass: Size - 0.04768 (ms)
2026-07-13 09:38:11,116 [INFO] Pass: FixedPoint - 0.00453 (ms)
2026-07-13 09:38:11,116 [INFO] Pass: Optimize1qGatesDecomposition - 0.11420 (ms)
2026-07-13 09:38:11,116 [INFO] Pass: InverseCancellation - 0.00715 (ms)
2026-07-13 09:38:11,116 [INFO] Total Transpile Time - 70.75596 (ms)
2026-07-13 09:38:11,117 [INFO] Pass: GatesInBasis - 0.53787 (ms)
2026-07-13 09:38:11,117 [INFO] Pass: Depth - 0.12040 (ms)
2026-07-13 09:38:11,117 [INFO] Pass: ContainsInstruction - 0.01669 (ms)
2026-07-13 09:38:11,117 [INFO] Pass: FixedPoint - 0.00501 (ms)
2026-07-13 09:38:11,117 [INFO] Pass: InverseCancellation - 0.01550 (ms)
2026-07-13 09:38:11,117 [INFO] Pass: Size - 0.04482 (ms)
2026-07-13 09:38:11,117 [INFO] Pass: UnitarySynthesis - 0.00548 (ms)
2026-07-13 09:38:11,117 [INFO] Pass: FixedPoint - 0.00477 (ms)
2026-07-13 09:38:11,117 [INFO] Pass: ContainsInstruction - 0.00501 (ms)
2026-07-13 09:38:11,118 [INFO] Pass: HighLevelSynthesis - 1.07074 (ms)
2026-07-13 09:38:11,118 [INFO] Total Transpile Time - 69.70167 (ms)
2026-07-13 09:38:11,119 [INFO] Pass: BasisTranslator - 0.58794 (ms)
2026-07-13 09:38:11,119 [INFO] Pass: Depth - 0.15640 (ms)
2026-07-13 09:38:11,119 [INFO] Pass: FixedPoint - 0.01168 (ms)
2026-07-13 09:38:11,119 [INFO] Pass: Size - 0.04768 (ms)
2026-07-13 09:38:11,119 [INFO] Pass: FixedPoint - 0.00453 (ms)
2026-07-13 09:38:11,119 [INFO] Pass: Optimize1qGatesDecomposition - 0.11539 (ms)
2026-07-13 09:38:11,119 [INFO] Pass: InverseCancellation - 0.00763 (ms)
2026-07-13 09:38:11,120 [INFO] Pass: GatesInBasis - 0.52953 (ms)
2026-07-13 09:38:11,120 [INFO] Pass: Depth - 0.12016 (ms)
2026-07-13 09:38:11,120 [INFO] Pass: FixedPoint - 0.00525 (ms)
2026-07-13 09:38:11,120 [INFO] Pass: Size - 0.04554 (ms)
2026-07-13 09:38:11,120 [INFO] Pass: FixedPoint - 0.00453 (ms)
2026-07-13 09:38:11,120 [INFO] Pass: ContainsInstruction - 0.00477 (ms)
2026-07-13 09:38:11,121 [INFO] Total Transpile Time - 69.20409 (ms)
2026-07-13 09:38:11,121 [INFO] Pass: ContainsInstruction - 0.01764 (ms)
2026-07-13 09:38:11,121 [INFO] Pass: InverseCancellation - 0.01669 (ms)
2026-07-13 09:38:11,122 [INFO] Pass: UnitarySynthesis - 0.00525 (ms)
2026-07-13 09:38:11,123 [INFO] Pass: HighLevelSynthesis - 1.07002 (ms)
2026-07-13 09:38:11,123 [INFO] Pass: BasisTranslator - 0.59080 (ms)
2026-07-13 09:38:11,123 [INFO] Pass: Depth - 0.16022 (ms)
2026-07-13 09:38:11,124 [INFO] Pass: FixedPoint - 0.01144 (ms)
2026-07-13 09:38:11,124 [INFO] Pass: Size - 0.04911 (ms)
2026-07-13 09:38:11,124 [INFO] Pass: FixedPoint - 0.00477 (ms)
2026-07-13 09:38:11,124 [INFO] Pass: Optimize1qGatesDecomposition - 0.11539 (ms)
2026-07-13 09:38:11,124 [INFO] Pass: InverseCancellation - 0.00763 (ms)
2026-07-13 09:38:11,124 [INFO] Pass: GatesInBasis - 0.53930 (ms)
2026-07-13 09:38:11,125 [INFO] Pass: Depth - 0.11969 (ms)
2026-07-13 09:38:11,125 [INFO] Pass: FixedPoint - 0.00501 (ms)
2026-07-13 09:38:11,125 [INFO] Pass: Size - 0.04601 (ms)
2026-07-13 09:38:11,125 [INFO] Pass: FixedPoint - 0.00429 (ms)
2026-07-13 09:38:11,125 [INFO] Pass: ContainsInstruction - 0.00501 (ms)
2026-07-13 09:38:11,125 [INFO] Pass: ContainsInstruction - 0.01669 (ms)
2026-07-13 09:38:11,125 [INFO] Pass: InverseCancellation - 0.01526 (ms)
2026-07-13 09:38:11,125 [INFO] Pass: UnitarySynthesis - 0.00596 (ms)
2026-07-13 09:38:11,126 [INFO] Total Transpile Time - 69.89908 (ms)
2026-07-13 09:38:11,126 [INFO] Pass: HighLevelSynthesis - 1.06192 (ms)
2026-07-13 09:38:11,127 [INFO] Pass: BasisTranslator - 0.58460 (ms)
2026-07-13 09:38:11,127 [INFO] Pass: Depth - 0.15974 (ms)
2026-07-13 09:38:11,127 [INFO] Pass: FixedPoint - 0.01121 (ms)
2026-07-13 09:38:11,127 [INFO] Pass: Size - 0.04768 (ms)
2026-07-13 09:38:11,127 [INFO] Pass: FixedPoint - 0.00477 (ms)
2026-07-13 09:38:11,127 [INFO] Pass: Optimize1qGatesDecomposition - 0.11325 (ms)
2026-07-13 09:38:11,127 [INFO] Pass: InverseCancellation - 0.00954 (ms)
2026-07-13 09:38:11,128 [INFO] Pass: GatesInBasis - 0.51188 (ms)
2026-07-13 09:38:11,128 [INFO] Pass: Depth - 0.11945 (ms)
2026-07-13 09:38:11,128 [INFO] Pass: FixedPoint - 0.00548 (ms)
2026-07-13 09:38:11,128 [INFO] Pass: Size - 0.04458 (ms)
2026-07-13 09:38:11,128 [INFO] Pass: FixedPoint - 0.00453 (ms)
2026-07-13 09:38:11,128 [INFO] Pass: ContainsInstruction - 0.00501 (ms)
2026-07-13 09:38:11,129 [INFO] Total Transpile Time - 69.88525 (ms)
2026-07-13 09:38:11,131 [INFO] Pass: ContainsInstruction - 0.02217 (ms)
2026-07-13 09:38:11,131 [INFO] Pass: InverseCancellation - 0.01836 (ms)
2026-07-13 09:38:11,131 [INFO] Pass: UnitarySynthesis - 0.00572 (ms)
2026-07-13 09:38:11,132 [INFO] Pass: ContainsInstruction - 0.01478 (ms)
2026-07-13 09:38:11,132 [INFO] Pass: InverseCancellation - 0.01740 (ms)
2026-07-13 09:38:11,132 [INFO] Pass: UnitarySynthesis - 0.00548 (ms)
2026-07-13 09:38:11,133 [INFO] Pass: HighLevelSynthesis - 1.06001 (ms)
2026-07-13 09:38:11,133 [INFO] Pass: BasisTranslator - 0.58913 (ms)
2026-07-13 09:38:11,133 [INFO] Pass: HighLevelSynthesis - 1.17493 (ms)
2026-07-13 09:38:11,133 [INFO] Pass: Depth - 0.16165 (ms)
2026-07-13 09:38:11,134 [INFO] Pass: FixedPoint - 0.01144 (ms)
2026-07-13 09:38:11,134 [INFO] Pass: Size - 0.04792 (ms)
2026-07-13 09:38:11,134 [INFO] Pass: FixedPoint - 0.00501 (ms)
2026-07-13 09:38:11,134 [INFO] Pass: Optimize1qGatesDecomposition - 0.11587 (ms)
2026-07-13 09:38:11,134 [INFO] Pass: InverseCancellation - 0.00739 (ms)
2026-07-13 09:38:11,134 [INFO] Pass: BasisTranslator - 0.55552 (ms)
2026-07-13 09:38:11,134 [INFO] Pass: Depth - 0.16260 (ms)
2026-07-13 09:38:11,134 [INFO] Pass: FixedPoint - 0.01240 (ms)
2026-07-13 09:38:11,134 [INFO] Pass: Size - 0.04840 (ms)
2026-07-13 09:38:11,134 [INFO] Pass: FixedPoint - 0.00525 (ms)
2026-07-13 09:38:11,134 [INFO] Pass: GatesInBasis - 0.52834 (ms)
2026-07-13 09:38:11,134 [INFO] Pass: Optimize1qGatesDecomposition - 0.12326 (ms)
2026-07-13 09:38:11,134 [INFO] Pass: InverseCancellation - 0.00787 (ms)
2026-07-13 09:38:11,135 [INFO] Pass: Depth - 0.12279 (ms)
2026-07-13 09:38:11,135 [INFO] Pass: FixedPoint - 0.00501 (ms)
2026-07-13 09:38:11,135 [INFO] Pass: Size - 0.04554 (ms)
2026-07-13 09:38:11,135 [INFO] Pass: FixedPoint - 0.00429 (ms)
2026-07-13 09:38:11,135 [INFO] Pass: ContainsInstruction - 0.00525 (ms)
2026-07-13 09:38:11,135 [INFO] Pass: GatesInBasis - 0.53024 (ms)
2026-07-13 09:38:11,135 [INFO] Pass: ContainsInstruction - 0.01574 (ms)
2026-07-13 09:38:11,135 [INFO] Pass: InverseCancellation - 0.01597 (ms)
2026-07-13 09:38:11,135 [INFO] Pass: Depth - 0.12112 (ms)
2026-07-13 09:38:11,135 [INFO] Pass: UnitarySynthesis - 0.01216 (ms)
2026-07-13 09:38:11,135 [INFO] Pass: FixedPoint - 0.00525 (ms)
2026-07-13 09:38:11,135 [INFO] Pass: Size - 0.04530 (ms)
2026-07-13 09:38:11,135 [INFO] Pass: FixedPoint - 0.00477 (ms)
2026-07-13 09:38:11,135 [INFO] Pass: ContainsInstruction - 0.00572 (ms)
2026-07-13 09:38:11,136 [INFO] Total Transpile Time - 69.27419 (ms)
2026-07-13 09:38:11,136 [INFO] Pass: HighLevelSynthesis - 1.06907 (ms)
2026-07-13 09:38:11,137 [INFO] Total Transpile Time - 73.49801 (ms)
2026-07-13 09:38:11,137 [INFO] Pass: BasisTranslator - 0.58436 (ms)
2026-07-13 09:38:11,137 [INFO] Pass: Depth - 0.15736 (ms)
2026-07-13 09:38:11,137 [INFO] Pass: FixedPoint - 0.01121 (ms)
2026-07-13 09:38:11,137 [INFO] Pass: Size - 0.04864 (ms)
2026-07-13 09:38:11,137 [INFO] Pass: FixedPoint - 0.00477 (ms)
2026-07-13 09:38:11,138 [INFO] Pass: Optimize1qGatesDecomposition - 0.11587 (ms)
2026-07-13 09:38:11,138 [INFO] Pass: InverseCancellation - 0.00787 (ms)
2026-07-13 09:38:11,138 [INFO] Pass: GatesInBasis - 0.51546 (ms)
2026-07-13 09:38:11,138 [INFO] Pass: Depth - 0.12732 (ms)
2026-07-13 09:38:11,138 [INFO] Pass: FixedPoint - 0.00525 (ms)
2026-07-13 09:38:11,138 [INFO] Pass: Size - 0.04530 (ms)
2026-07-13 09:38:11,138 [INFO] Pass: FixedPoint - 0.00429 (ms)
2026-07-13 09:38:11,138 [INFO] Pass: ContainsInstruction - 0.00477 (ms)
2026-07-13 09:38:11,139 [INFO] Pass: ContainsInstruction - 0.01621 (ms)
2026-07-13 09:38:11,139 [INFO] Pass: InverseCancellation - 0.01597 (ms)
2026-07-13 09:38:11,139 [INFO] Pass: UnitarySynthesis - 0.00548 (ms)
2026-07-13 09:38:11,140 [INFO] Total Transpile Time - 68.88843 (ms)
2026-07-13 09:38:11,140 [INFO] Pass: HighLevelSynthesis - 1.13106 (ms)
2026-07-13 09:38:11,141 [INFO] Pass: BasisTranslator - 0.53644 (ms)
2026-07-13 09:38:11,141 [INFO] Pass: Depth - 0.15497 (ms)
2026-07-13 09:38:11,141 [INFO] Pass: FixedPoint - 0.01144 (ms)
2026-07-13 09:38:11,141 [INFO] Pass: Size - 0.04864 (ms)
2026-07-13 09:38:11,141 [INFO] Pass: FixedPoint - 0.00477 (ms)
2026-07-13 09:38:11,141 [INFO] Pass: Optimize1qGatesDecomposition - 0.11373 (ms)
2026-07-13 09:38:11,141 [INFO] Pass: InverseCancellation - 0.00763 (ms)
2026-07-13 09:38:11,142 [INFO] Pass: GatesInBasis - 0.53525 (ms)
2026-07-13 09:38:11,142 [INFO] Pass: Depth - 0.11826 (ms)
2026-07-13 09:38:11,142 [INFO] Pass: FixedPoint - 0.00501 (ms)
2026-07-13 09:38:11,142 [INFO] Pass: Size - 0.04530 (ms)
2026-07-13 09:38:11,142 [INFO] Pass: FixedPoint - 0.00453 (ms)
2026-07-13 09:38:11,142 [INFO] Pass: ContainsInstruction - 0.00501 (ms)
2026-07-13 09:38:11,144 [INFO] Total Transpile Time - 69.09418 (ms)
2026-07-13 09:38:11,144 [INFO] Pass: ContainsInstruction - 0.01669 (ms)
2026-07-13 09:38:11,144 [INFO] Pass: InverseCancellation - 0.01597 (ms)
2026-07-13 09:38:11,144 [INFO] Pass: UnitarySynthesis - 0.00525 (ms)
2026-07-13 09:38:11,145 [INFO] Pass: HighLevelSynthesis - 1.06692 (ms)
2026-07-13 09:38:11,146 [INFO] Pass: BasisTranslator - 0.58389 (ms)
2026-07-13 09:38:11,146 [INFO] Pass: Depth - 0.15354 (ms)
2026-07-13 09:38:11,146 [INFO] Pass: FixedPoint - 0.01025 (ms)
2026-07-13 09:38:11,146 [INFO] Pass: Size - 0.04792 (ms)
2026-07-13 09:38:11,146 [INFO] Pass: FixedPoint - 0.00453 (ms)
2026-07-13 09:38:11,146 [INFO] Pass: Optimize1qGatesDecomposition - 0.12326 (ms)
2026-07-13 09:38:11,146 [INFO] Pass: InverseCancellation - 0.00715 (ms)
2026-07-13 09:38:11,147 [INFO] Pass: GatesInBasis - 0.53239 (ms)
2026-07-13 09:38:11,147 [INFO] Pass: Depth - 0.11849 (ms)
2026-07-13 09:38:11,147 [INFO] Pass: FixedPoint - 0.00548 (ms)
2026-07-13 09:38:11,147 [INFO] Pass: Size - 0.04554 (ms)
2026-07-13 09:38:11,147 [INFO] Pass: FixedPoint - 0.00405 (ms)
2026-07-13 09:38:11,147 [INFO] Pass: ContainsInstruction - 0.00453 (ms)
2026-07-13 09:38:11,148 [INFO] Total Transpile Time - 68.77398 (ms)
2026-07-13 09:38:11,150 [INFO] Pass: ContainsInstruction - 0.01669 (ms)
2026-07-13 09:38:11,150 [INFO] Pass: InverseCancellation - 0.01597 (ms)
2026-07-13 09:38:11,150 [INFO] Pass: UnitarySynthesis - 0.00525 (ms)
2026-07-13 09:38:11,151 [INFO] Pass: ContainsInstruction - 0.01454 (ms)
2026-07-13 09:38:11,151 [INFO] Pass: InverseCancellation - 0.01645 (ms)
2026-07-13 09:38:11,152 [INFO] Pass: HighLevelSynthesis - 1.07026 (ms)
2026-07-13 09:38:11,152 [INFO] Pass: UnitarySynthesis - 0.00525 (ms)
2026-07-13 09:38:11,152 [INFO] Pass: BasisTranslator - 0.52786 (ms)
2026-07-13 09:38:11,152 [INFO] Pass: Depth - 0.16403 (ms)
2026-07-13 09:38:11,152 [INFO] Pass: FixedPoint - 0.01335 (ms)
2026-07-13 09:38:11,152 [INFO] Pass: Size - 0.04697 (ms)
2026-07-13 09:38:11,152 [INFO] Pass: FixedPoint - 0.00501 (ms)
2026-07-13 09:38:11,153 [INFO] Pass: Optimize1qGatesDecomposition - 0.11134 (ms)
2026-07-13 09:38:11,153 [INFO] Pass: HighLevelSynthesis - 1.03664 (ms)
2026-07-13 09:38:11,153 [INFO] Pass: InverseCancellation - 0.00715 (ms)
2026-07-13 09:38:11,153 [INFO] Pass: BasisTranslator - 0.57673 (ms)
2026-07-13 09:38:11,153 [INFO] Pass: GatesInBasis - 0.56338 (ms)
2026-07-13 09:38:11,153 [INFO] Pass: Depth - 0.11945 (ms)
2026-07-13 09:38:11,153 [INFO] Pass: Depth - 0.15187 (ms)
2026-07-13 09:38:11,153 [INFO] Pass: FixedPoint - 0.00548 (ms)
2026-07-13 09:38:11,154 [INFO] Pass: FixedPoint - 0.00978 (ms)
2026-07-13 09:38:11,154 [INFO] Pass: Size - 0.04506 (ms)
2026-07-13 09:38:11,154 [INFO] Pass: Size - 0.04768 (ms)
2026-07-13 09:38:11,154 [INFO] Pass: FixedPoint - 0.00429 (ms)
2026-07-13 09:38:11,154 [INFO] Pass: FixedPoint - 0.00477 (ms)
2026-07-13 09:38:11,154 [INFO] Pass: ContainsInstruction - 0.00477 (ms)
2026-07-13 09:38:11,154 [INFO] Pass: Optimize1qGatesDecomposition - 0.10872 (ms)
2026-07-13 09:38:11,154 [INFO] Pass: InverseCancellation - 0.00715 (ms)
2026-07-13 09:38:11,154 [INFO] Pass: ContainsInstruction - 0.00715 (ms)
2026-07-13 09:38:11,154 [INFO] Pass: GatesInBasis - 0.52214 (ms)
2026-07-13 09:38:11,155 [INFO] Pass: Depth - 0.11849 (ms)
2026-07-13 09:38:11,155 [INFO] Pass: FixedPoint - 0.00525 (ms)
2026-07-13 09:38:11,155 [INFO] Pass: InverseCancellation - 0.15235 (ms)
2026-07-13 09:38:11,155 [INFO] Pass: UnitarySynthesis - 0.00429 (ms)
2026-07-13 09:38:11,155 [INFO] Pass: ContainsInstruction - 0.00787 (ms)
2026-07-13 09:38:11,155 [INFO] Pass: Size - 0.04506 (ms)
2026-07-13 09:38:11,155 [INFO] Pass: FixedPoint - 0.00453 (ms)
2026-07-13 09:38:11,155 [INFO] Pass: ContainsInstruction - 0.00477 (ms)
2026-07-13 09:38:11,155 [INFO] Total Transpile Time - 69.23199 (ms)
2026-07-13 09:38:11,155 [INFO] Pass: InverseCancellation - 0.15640 (ms)
2026-07-13 09:38:11,155 [INFO] Pass: UnitarySynthesis - 0.00453 (ms)
2026-07-13 09:38:11,155 [INFO] Pass: ContainsInstruction - 0.00763 (ms)
2026-07-13 09:38:11,155 [INFO] Pass: InverseCancellation - 0.15473 (ms)
2026-07-13 09:38:11,155 [INFO] Pass: UnitarySynthesis - 0.00477 (ms)
2026-07-13 09:38:11,156 [INFO] Pass: HighLevelSynthesis - 1.00207 (ms)
2026-07-13 09:38:11,156 [INFO] Total Transpile Time - 67.25860 (ms)
2026-07-13 09:38:11,156 [INFO] Pass: HighLevelSynthesis - 1.00636 (ms)
2026-07-13 09:38:11,156 [INFO] Pass: HighLevelSynthesis - 1.02210 (ms)
2026-07-13 09:38:11,156 [INFO] Pass: BasisTranslator - 0.69189 (ms)
2026-07-13 09:38:11,157 [INFO] Pass: Depth - 0.13185 (ms)
2026-07-13 09:38:11,157 [INFO] Pass: FixedPoint - 0.00763 (ms)
2026-07-13 09:38:11,157 [INFO] Pass: BasisTranslator - 0.68021 (ms)
2026-07-13 09:38:11,157 [INFO] Pass: Size - 0.04864 (ms)
2026-07-13 09:38:11,157 [INFO] Pass: FixedPoint - 0.00477 (ms)
2026-07-13 09:38:11,157 [INFO] Pass: Depth - 0.13661 (ms)
2026-07-13 09:38:11,157 [INFO] Pass: FixedPoint - 0.00834 (ms)
2026-07-13 09:38:11,157 [INFO] Pass: Size - 0.04983 (ms)
2026-07-13 09:38:11,157 [INFO] Pass: FixedPoint - 0.00477 (ms)
2026-07-13 09:38:11,157 [INFO] Pass: BasisTranslator - 0.68402 (ms)
2026-07-13 09:38:11,157 [INFO] Pass: Depth - 0.14043 (ms)
2026-07-13 09:38:11,157 [INFO] Pass: FixedPoint - 0.00787 (ms)
2026-07-13 09:38:11,157 [INFO] Pass: Size - 0.04888 (ms)
2026-07-13 09:38:11,157 [INFO] Pass: FixedPoint - 0.00453 (ms)
2026-07-13 09:38:11,157 [INFO] Pass: ContainsInstruction - 0.00763 (ms)
2026-07-13 09:38:11,158 [INFO] Pass: InverseCancellation - 0.15426 (ms)
2026-07-13 09:38:11,158 [INFO] Pass: UnitarySynthesis - 0.00477 (ms)
2026-07-13 09:38:11,158 [INFO] Pass: Optimize1qGatesDecomposition - 0.98062 (ms)
2026-07-13 09:38:11,158 [INFO] Pass: Optimize1qGatesDecomposition - 1.26648 (ms)
2026-07-13 09:38:11,158 [INFO] Pass: InverseCancellation - 0.14043 (ms)
2026-07-13 09:38:11,158 [INFO] Pass: InverseCancellation - 0.14448 (ms)
2026-07-13 09:38:11,158 [INFO] Pass: Optimize1qGatesDecomposition - 0.86498 (ms)
2026-07-13 09:38:11,159 [INFO] Pass: InverseCancellation - 0.13208 (ms)
2026-07-13 09:38:11,159 [INFO] Pass: HighLevelSynthesis - 1.02258 (ms)
2026-07-13 09:38:11,159 [INFO] Pass: GatesInBasis - 0.54717 (ms)
2026-07-13 09:38:11,159 [INFO] Pass: GatesInBasis - 0.55742 (ms)
2026-07-13 09:38:11,159 [INFO] Pass: Depth - 0.12589 (ms)
2026-07-13 09:38:11,159 [INFO] Pass: Depth - 0.12636 (ms)
2026-07-13 09:38:11,159 [INFO] Pass: FixedPoint - 0.00596 (ms)
2026-07-13 09:38:11,159 [INFO] Pass: FixedPoint - 0.00644 (ms)
2026-07-13 09:38:11,159 [INFO] Pass: GatesInBasis - 0.54908 (ms)
2026-07-13 09:38:11,159 [INFO] Pass: Size - 0.04816 (ms)
2026-07-13 09:38:11,159 [INFO] Pass: Size - 0.04840 (ms)
2026-07-13 09:38:11,159 [INFO] Pass: FixedPoint - 0.00429 (ms)
2026-07-13 09:38:11,159 [INFO] Pass: FixedPoint - 0.00429 (ms)
2026-07-13 09:38:11,159 [INFO] Pass: ContainsInstruction - 0.00477 (ms)
2026-07-13 09:38:11,159 [INFO] Pass: ContainsInstruction - 0.00501 (ms)
2026-07-13 09:38:11,159 [INFO] Pass: Depth - 0.13065 (ms)
2026-07-13 09:38:11,159 [INFO] Pass: FixedPoint - 0.00572 (ms)
2026-07-13 09:38:11,159 [INFO] Pass: Size - 0.04792 (ms)
2026-07-13 09:38:11,159 [INFO] Pass: FixedPoint - 0.00405 (ms)
2026-07-13 09:38:11,159 [INFO] Pass: ContainsInstruction - 0.00525 (ms)
2026-07-13 09:38:11,160 [INFO] Pass: BasisTranslator - 0.69094 (ms)
2026-07-13 09:38:11,160 [INFO] Pass: Depth - 0.13661 (ms)
2026-07-13 09:38:11,160 [INFO] Pass: FixedPoint - 0.00739 (ms)
2026-07-13 09:38:11,160 [INFO] Pass: Size - 0.04840 (ms)
2026-07-13 09:38:11,160 [INFO] Pass: FixedPoint - 0.00429 (ms)
2026-07-13 09:38:11,160 [INFO] Total Transpile Time - 50.87113 (ms)
2026-07-13 09:38:11,160 [INFO] Total Transpile Time - 50.99463 (ms)
2026-07-13 09:38:11,161 [INFO] Total Transpile Time - 50.76766 (ms)
2026-07-13 09:38:11,161 [INFO] Pass: Optimize1qGatesDecomposition - 0.86522 (ms)
2026-07-13 09:38:11,161 [INFO] Pass: InverseCancellation - 0.13256 (ms)
2026-07-13 09:38:11,162 [INFO] Pass: GatesInBasis - 0.55528 (ms)
2026-07-13 09:38:11,162 [INFO] Pass: ContainsInstruction - 0.00787 (ms)
2026-07-13 09:38:11,162 [INFO] Pass: Depth - 0.12755 (ms)
2026-07-13 09:38:11,162 [INFO] Pass: FixedPoint - 0.00596 (ms)
2026-07-13 09:38:11,162 [INFO] Pass: InverseCancellation - 0.15569 (ms)
2026-07-13 09:38:11,162 [INFO] Pass: Size - 0.04816 (ms)
2026-07-13 09:38:11,162 [INFO] Pass: FixedPoint - 0.00405 (ms)
2026-07-13 09:38:11,162 [INFO] Pass: UnitarySynthesis - 0.00429 (ms)
2026-07-13 09:38:11,162 [INFO] Pass: ContainsInstruction - 0.00525 (ms)
2026-07-13 09:38:11,163 [INFO] Total Transpile Time - 50.94695 (ms)
2026-07-13 09:38:11,163 [INFO] Pass: HighLevelSynthesis - 1.10292 (ms)
2026-07-13 09:38:11,163 [INFO] Pass: ContainsInstruction - 0.00739 (ms)
2026-07-13 09:38:11,163 [INFO] Pass: InverseCancellation - 0.15426 (ms)
2026-07-13 09:38:11,164 [INFO] Pass: UnitarySynthesis - 0.00429 (ms)
2026-07-13 09:38:11,164 [INFO] Pass: BasisTranslator - 0.71692 (ms)
2026-07-13 09:38:11,164 [INFO] Pass: Depth - 0.14019 (ms)
2026-07-13 09:38:11,164 [INFO] Pass: FixedPoint - 0.00834 (ms)
2026-07-13 09:38:11,164 [INFO] Pass: Size - 0.05674 (ms)
2026-07-13 09:38:11,164 [INFO] Pass: FixedPoint - 0.00501 (ms)
2026-07-13 09:38:11,165 [INFO] Pass: HighLevelSynthesis - 1.00303 (ms)
2026-07-13 09:38:11,165 [INFO] Pass: Optimize1qGatesDecomposition - 0.87333 (ms)
2026-07-13 09:38:11,165 [INFO] Pass: BasisTranslator - 0.69380 (ms)
2026-07-13 09:38:11,165 [INFO] Pass: InverseCancellation - 0.13924 (ms)
2026-07-13 09:38:11,166 [INFO] Pass: Depth - 0.13328 (ms)
2026-07-13 09:38:11,166 [INFO] Pass: FixedPoint - 0.00811 (ms)
2026-07-13 09:38:11,166 [INFO] Pass: Size - 0.04935 (ms)
2026-07-13 09:38:11,166 [INFO] Pass: FixedPoint - 0.00453 (ms)
2026-07-13 09:38:11,166 [INFO] Pass: GatesInBasis - 0.55289 (ms)
2026-07-13 09:38:11,166 [INFO] Pass: ContainsInstruction - 0.00811 (ms)
2026-07-13 09:38:11,166 [INFO] Pass: Depth - 0.12851 (ms)
2026-07-13 09:38:11,166 [INFO] Pass: FixedPoint - 0.00620 (ms)
2026-07-13 09:38:11,166 [INFO] Pass: Size - 0.04935 (ms)
2026-07-13 09:38:11,166 [INFO] Pass: FixedPoint - 0.00429 (ms)
2026-07-13 09:38:11,166 [INFO] Pass: ContainsInstruction - 0.00501 (ms)
2026-07-13 09:38:11,166 [INFO] Pass: InverseCancellation - 0.16117 (ms)
2026-07-13 09:38:11,166 [INFO] Pass: UnitarySynthesis - 0.00501 (ms)
2026-07-13 09:38:11,167 [INFO] Pass: Optimize1qGatesDecomposition - 0.85497 (ms)
2026-07-13 09:38:11,167 [INFO] Pass: InverseCancellation - 0.12898 (ms)
2026-07-13 09:38:11,167 [INFO] Pass: GatesInBasis - 0.55432 (ms)
2026-07-13 09:38:11,167 [INFO] Total Transpile Time - 51.01848 (ms)
2026-07-13 09:38:11,167 [INFO] Pass: HighLevelSynthesis - 1.02615 (ms)
2026-07-13 09:38:11,168 [INFO] Pass: Depth - 0.12565 (ms)
2026-07-13 09:38:11,168 [INFO] Pass: FixedPoint - 0.00525 (ms)
2026-07-13 09:38:11,168 [INFO] Pass: Size - 0.04721 (ms)
2026-07-13 09:38:11,168 [INFO] Pass: FixedPoint - 0.00429 (ms)
2026-07-13 09:38:11,168 [INFO] Pass: ContainsInstruction - 0.00477 (ms)
2026-07-13 09:38:11,168 [INFO] Pass: BasisTranslator - 0.68283 (ms)
2026-07-13 09:38:11,168 [INFO] Pass: Depth - 0.13113 (ms)
2026-07-13 09:38:11,168 [INFO] Pass: FixedPoint - 0.00763 (ms)
2026-07-13 09:38:11,169 [INFO] Pass: Size - 0.04888 (ms)
2026-07-13 09:38:11,169 [INFO] Pass: FixedPoint - 0.00453 (ms)
2026-07-13 09:38:11,169 [INFO] Total Transpile Time - 50.62437 (ms)
2026-07-13 09:38:11,169 [INFO] Pass: Optimize1qGatesDecomposition - 0.85020 (ms)
2026-07-13 09:38:11,170 [INFO] Pass: InverseCancellation - 0.13089 (ms)
2026-07-13 09:38:11,170 [INFO] Pass: GatesInBasis - 0.55170 (ms)
2026-07-13 09:38:11,170 [INFO] Pass: Depth - 0.12493 (ms)
2026-07-13 09:38:11,170 [INFO] Pass: FixedPoint - 0.00548 (ms)
2026-07-13 09:38:11,171 [INFO] Pass: Size - 0.04745 (ms)
2026-07-13 09:38:11,171 [INFO] Pass: FixedPoint - 0.00453 (ms)
2026-07-13 09:38:11,171 [INFO] Pass: ContainsInstruction - 0.00501 (ms)
2026-07-13 09:38:11,171 [INFO] Pass: ContainsInstruction - 0.00763 (ms)
2026-07-13 09:38:11,171 [INFO] Pass: InverseCancellation - 0.15235 (ms)
2026-07-13 09:38:11,171 [INFO] Pass: UnitarySynthesis - 0.00477 (ms)
2026-07-13 09:38:11,172 [INFO] Total Transpile Time - 50.31323 (ms)
2026-07-13 09:38:11,172 [INFO] Pass: HighLevelSynthesis - 1.01829 (ms)
2026-07-13 09:38:11,173 [INFO] Pass: BasisTranslator - 0.68951 (ms)
2026-07-13 09:38:11,173 [INFO] Pass: Depth - 0.13733 (ms)
2026-07-13 09:38:11,173 [INFO] Pass: FixedPoint - 0.00739 (ms)
2026-07-13 09:38:11,173 [INFO] Pass: Size - 0.04959 (ms)
2026-07-13 09:38:11,173 [INFO] Pass: FixedPoint - 0.00453 (ms)
2026-07-13 09:38:11,174 [INFO] Pass: Optimize1qGatesDecomposition - 0.85425 (ms)
2026-07-13 09:38:11,174 [INFO] Pass: ContainsInstruction - 0.00763 (ms)
2026-07-13 09:38:11,174 [INFO] Pass: InverseCancellation - 0.13137 (ms)
2026-07-13 09:38:11,175 [INFO] Pass: InverseCancellation - 0.15450 (ms)
2026-07-13 09:38:11,175 [INFO] Pass: UnitarySynthesis - 0.00453 (ms)
2026-07-13 09:38:11,175 [INFO] Pass: GatesInBasis - 0.57149 (ms)
2026-07-13 09:38:11,175 [INFO] Pass: Depth - 0.13161 (ms)
2026-07-13 09:38:11,175 [INFO] Pass: FixedPoint - 0.00572 (ms)
2026-07-13 09:38:11,175 [INFO] Pass: Size - 0.04768 (ms)
2026-07-13 09:38:11,175 [INFO] Pass: FixedPoint - 0.00453 (ms)
2026-07-13 09:38:11,175 [INFO] Pass: ContainsInstruction - 0.00453 (ms)
2026-07-13 09:38:11,176 [INFO] Pass: HighLevelSynthesis - 1.01209 (ms)
2026-07-13 09:38:11,176 [INFO] Pass: BasisTranslator - 0.68426 (ms)
2026-07-13 09:38:11,177 [INFO] Total Transpile Time - 50.49062 (ms)
2026-07-13 09:38:11,177 [INFO] Pass: Depth - 0.13208 (ms)
2026-07-13 09:38:11,177 [INFO] Pass: FixedPoint - 0.00739 (ms)
2026-07-13 09:38:11,177 [INFO] Pass: Size - 0.04911 (ms)
2026-07-13 09:38:11,177 [INFO] Pass: FixedPoint - 0.00453 (ms)
2026-07-13 09:38:11,178 [INFO] Pass: Optimize1qGatesDecomposition - 0.85211 (ms)
2026-07-13 09:38:11,178 [INFO] Pass: InverseCancellation - 0.13137 (ms)
2026-07-13 09:38:11,178 [INFO] Pass: GatesInBasis - 0.57650 (ms)
2026-07-13 09:38:11,179 [INFO] Pass: Depth - 0.12541 (ms)
2026-07-13 09:38:11,179 [INFO] Pass: FixedPoint - 0.00572 (ms)
2026-07-13 09:38:11,179 [INFO] Pass: Size - 0.04816 (ms)
2026-07-13 09:38:11,179 [INFO] Pass: FixedPoint - 0.00405 (ms)
2026-07-13 09:38:11,179 [INFO] Pass: ContainsInstruction - 0.00501 (ms)
2026-07-13 09:38:11,180 [INFO] Total Transpile Time - 50.38047 (ms)
2026-07-13 09:38:11,181 [INFO] Pass: ContainsInstruction - 0.00882 (ms)
2026-07-13 09:38:11,181 [INFO] Pass: InverseCancellation - 0.15306 (ms)
2026-07-13 09:38:11,181 [INFO] Pass: UnitarySynthesis - 0.00453 (ms)
2026-07-13 09:38:11,182 [INFO] Pass: ContainsInstruction - 0.00954 (ms)
2026-07-13 09:38:11,182 [INFO] Pass: InverseCancellation - 0.15235 (ms)
2026-07-13 09:38:11,182 [INFO] Pass: UnitarySynthesis - 0.00477 (ms)
2026-07-13 09:38:11,182 [INFO] Pass: HighLevelSynthesis - 1.00803 (ms)
2026-07-13 09:38:11,183 [INFO] Pass: BasisTranslator - 0.67568 (ms)
2026-07-13 09:38:11,183 [INFO] Pass: Depth - 0.13995 (ms)
2026-07-13 09:38:11,183 [INFO] Pass: HighLevelSynthesis - 1.01399 (ms)
2026-07-13 09:38:11,183 [INFO] Pass: FixedPoint - 0.01121 (ms)
2026-07-13 09:38:11,183 [INFO] Pass: Size - 0.05531 (ms)
2026-07-13 09:38:11,183 [INFO] Pass: FixedPoint - 0.00477 (ms)
2026-07-13 09:38:11,184 [INFO] Pass: BasisTranslator - 0.69666 (ms)
2026-07-13 09:38:11,184 [INFO] Pass: Depth - 0.13185 (ms)
2026-07-13 09:38:11,184 [INFO] Pass: FixedPoint - 0.00763 (ms)
2026-07-13 09:38:11,184 [INFO] Pass: Optimize1qGatesDecomposition - 0.84686 (ms)
2026-07-13 09:38:11,184 [INFO] Pass: Size - 0.04888 (ms)
2026-07-13 09:38:11,184 [INFO] Pass: FixedPoint - 0.00501 (ms)
2026-07-13 09:38:11,184 [INFO] Pass: InverseCancellation - 0.12994 (ms)
2026-07-13 09:38:11,185 [INFO] Pass: ContainsInstruction - 0.00930 (ms)
2026-07-13 09:38:11,185 [INFO] Pass: InverseCancellation - 0.15283 (ms)
2026-07-13 09:38:11,185 [INFO] Pass: UnitarySynthesis - 0.00429 (ms)
2026-07-13 09:38:11,185 [INFO] Pass: GatesInBasis - 0.54836 (ms)
2026-07-13 09:38:11,185 [INFO] Pass: Depth - 0.12589 (ms)
2026-07-13 09:38:11,185 [INFO] Pass: Optimize1qGatesDecomposition - 0.85115 (ms)
2026-07-13 09:38:11,185 [INFO] Pass: FixedPoint - 0.00572 (ms)
2026-07-13 09:38:11,185 [INFO] Pass: Size - 0.05293 (ms)
2026-07-13 09:38:11,185 [INFO] Pass: FixedPoint - 0.00453 (ms)
2026-07-13 09:38:11,185 [INFO] Pass: ContainsInstruction - 0.00787 (ms)
2026-07-13 09:38:11,185 [INFO] Pass: InverseCancellation - 0.13566 (ms)
2026-07-13 09:38:11,186 [INFO] Pass: HighLevelSynthesis - 1.05000 (ms)
2026-07-13 09:38:11,186 [INFO] Pass: GatesInBasis - 0.54669 (ms)
2026-07-13 09:38:11,186 [INFO] Pass: Depth - 0.12517 (ms)
2026-07-13 09:38:11,186 [INFO] Pass: FixedPoint - 0.00572 (ms)
2026-07-13 09:38:11,186 [INFO] Pass: Size - 0.04816 (ms)
2026-07-13 09:38:11,186 [INFO] Pass: FixedPoint - 0.00429 (ms)
2026-07-13 09:38:11,186 [INFO] Pass: ContainsInstruction - 0.00906 (ms)
2026-07-13 09:38:11,186 [INFO] Total Transpile Time - 50.40598 (ms)
2026-07-13 09:38:11,187 [INFO] Pass: BasisTranslator - 0.68951 (ms)
2026-07-13 09:38:11,187 [INFO] Pass: Depth - 0.13137 (ms)
2026-07-13 09:38:11,187 [INFO] Pass: FixedPoint - 0.01240 (ms)
2026-07-13 09:38:11,187 [INFO] Pass: Size - 0.04935 (ms)
2026-07-13 09:38:11,187 [INFO] Pass: FixedPoint - 0.00453 (ms)
2026-07-13 09:38:11,187 [INFO] Total Transpile Time - 50.66609 (ms)
2026-07-13 09:38:11,188 [INFO] Pass: Optimize1qGatesDecomposition - 0.85807 (ms)
2026-07-13 09:38:11,188 [INFO] Pass: InverseCancellation - 0.12994 (ms)
2026-07-13 09:38:11,188 [INFO] Pass: ContainsInstruction - 0.00763 (ms)
2026-07-13 09:38:11,189 [INFO] Pass: GatesInBasis - 0.55885 (ms)
2026-07-13 09:38:11,189 [INFO] Pass: InverseCancellation - 0.15140 (ms)
2026-07-13 09:38:11,189 [INFO] Pass: UnitarySynthesis - 0.00453 (ms)
2026-07-13 09:38:11,189 [INFO] Pass: Depth - 0.12517 (ms)
2026-07-13 09:38:11,189 [INFO] Pass: FixedPoint - 0.00596 (ms)
2026-07-13 09:38:11,189 [INFO] Pass: Size - 0.04768 (ms)
2026-07-13 09:38:11,189 [INFO] Pass: FixedPoint - 0.00429 (ms)
2026-07-13 09:38:11,189 [INFO] Pass: ContainsInstruction - 0.00787 (ms)
2026-07-13 09:38:11,190 [INFO] Pass: HighLevelSynthesis - 1.01876 (ms)
2026-07-13 09:38:11,190 [INFO] Total Transpile Time - 50.39263 (ms)
2026-07-13 09:38:11,191 [INFO] Pass: BasisTranslator - 0.69594 (ms)
2026-07-13 09:38:11,191 [INFO] Pass: Depth - 0.13494 (ms)
2026-07-13 09:38:11,191 [INFO] Pass: FixedPoint - 0.00763 (ms)
2026-07-13 09:38:11,191 [INFO] Pass: Size - 0.04959 (ms)
2026-07-13 09:38:11,191 [INFO] Pass: FixedPoint - 0.00501 (ms)
2026-07-13 09:38:11,192 [INFO] Pass: Optimize1qGatesDecomposition - 0.85497 (ms)
2026-07-13 09:38:11,192 [INFO] Pass: InverseCancellation - 0.13161 (ms)
2026-07-13 09:38:11,193 [INFO] Pass: GatesInBasis - 0.55432 (ms)
2026-07-13 09:38:11,193 [INFO] Pass: Depth - 0.12517 (ms)
2026-07-13 09:38:11,193 [INFO] Pass: FixedPoint - 0.00525 (ms)
2026-07-13 09:38:11,193 [INFO] Pass: Size - 0.04768 (ms)
2026-07-13 09:38:11,193 [INFO] Pass: FixedPoint - 0.00429 (ms)
2026-07-13 09:38:11,193 [INFO] Pass: ContainsInstruction - 0.00477 (ms)
2026-07-13 09:38:11,193 [INFO] Pass: ContainsInstruction - 0.00763 (ms)
2026-07-13 09:38:11,193 [INFO] Pass: InverseCancellation - 0.15402 (ms)
2026-07-13 09:38:11,193 [INFO] Pass: UnitarySynthesis - 0.00477 (ms)
2026-07-13 09:38:11,194 [INFO] Total Transpile Time - 50.41003 (ms)
2026-07-13 09:38:11,195 [INFO] Pass: HighLevelSynthesis - 1.00899 (ms)
2026-07-13 09:38:11,195 [INFO] Pass: BasisTranslator - 0.68879 (ms)
2026-07-13 09:38:11,195 [INFO] Pass: Depth - 0.13447 (ms)
2026-07-13 09:38:11,195 [INFO] Pass: FixedPoint - 0.00715 (ms)
2026-07-13 09:38:11,196 [INFO] Pass: Size - 0.04935 (ms)
2026-07-13 09:38:11,196 [INFO] Pass: FixedPoint - 0.00477 (ms)
2026-07-13 09:38:11,197 [INFO] Pass: Optimize1qGatesDecomposition - 0.85831 (ms)
2026-07-13 09:38:11,197 [INFO] Pass: InverseCancellation - 0.13328 (ms)
2026-07-13 09:38:11,197 [INFO] Pass: GatesInBasis - 0.55742 (ms)
2026-07-13 09:38:11,197 [INFO] Pass: Depth - 0.12922 (ms)
2026-07-13 09:38:11,198 [INFO] Pass: FixedPoint - 0.00596 (ms)
2026-07-13 09:38:11,198 [INFO] Pass: Size - 0.04816 (ms)
2026-07-13 09:38:11,198 [INFO] Pass: FixedPoint - 0.00429 (ms)
2026-07-13 09:38:11,198 [INFO] Pass: ContainsInstruction - 0.00501 (ms)
2026-07-13 09:38:11,199 [INFO] Total Transpile Time - 50.25935 (ms)
2026-07-13 09:38:11,200 [INFO] Pass: ContainsInstruction - 0.00668 (ms)
2026-07-13 09:38:11,200 [INFO] Pass: InverseCancellation - 0.15450 (ms)
2026-07-13 09:38:11,200 [INFO] Pass: UnitarySynthesis - 0.00429 (ms)
2026-07-13 09:38:11,200 [INFO] Pass: ContainsInstruction - 0.00644 (ms)
2026-07-13 09:38:11,200 [INFO] Pass: InverseCancellation - 0.15140 (ms)
2026-07-13 09:38:11,201 [INFO] Pass: UnitarySynthesis - 0.00429 (ms)
2026-07-13 09:38:11,201 [INFO] Pass: HighLevelSynthesis - 1.01376 (ms)
2026-07-13 09:38:11,202 [INFO] Pass: HighLevelSynthesis - 0.99444 (ms)
2026-07-13 09:38:11,202 [INFO] Pass: BasisTranslator - 0.69022 (ms)
2026-07-13 09:38:11,202 [INFO] Pass: Depth - 0.13423 (ms)
2026-07-13 09:38:11,202 [INFO] Pass: FixedPoint - 0.00715 (ms)
2026-07-13 09:38:11,202 [INFO] Pass: Size - 0.04911 (ms)
2026-07-13 09:38:11,202 [INFO] Pass: FixedPoint - 0.00501 (ms)
2026-07-13 09:38:11,202 [INFO] Pass: BasisTranslator - 0.67353 (ms)
2026-07-13 09:38:11,202 [INFO] Pass: Depth - 0.13113 (ms)
2026-07-13 09:38:11,203 [INFO] Pass: FixedPoint - 0.00691 (ms)
2026-07-13 09:38:11,203 [INFO] Pass: Size - 0.04911 (ms)
2026-07-13 09:38:11,203 [INFO] Pass: FixedPoint - 0.00477 (ms)
2026-07-13 09:38:11,203 [INFO] Pass: Optimize1qGatesDecomposition - 0.85926 (ms)
2026-07-13 09:38:11,203 [INFO] Pass: InverseCancellation - 0.13161 (ms)
2026-07-13 09:38:11,204 [INFO] Pass: Optimize1qGatesDecomposition - 0.84591 (ms)
2026-07-13 09:38:11,204 [INFO] Pass: InverseCancellation - 0.13065 (ms)
2026-07-13 09:38:11,204 [INFO] Pass: GatesInBasis - 0.54884 (ms)
2026-07-13 09:38:11,204 [INFO] Pass: Depth - 0.12732 (ms)
2026-07-13 09:38:11,204 [INFO] Pass: FixedPoint - 0.00596 (ms)
2026-07-13 09:38:11,204 [INFO] Pass: Size - 0.04768 (ms)
2026-07-13 09:38:11,204 [INFO] Pass: FixedPoint - 0.00429 (ms)
2026-07-13 09:38:11,204 [INFO] Pass: ContainsInstruction - 0.00477 (ms)
2026-07-13 09:38:11,204 [INFO] Pass: GatesInBasis - 0.55242 (ms)
2026-07-13 09:38:11,204 [INFO] Pass: Depth - 0.12589 (ms)
2026-07-13 09:38:11,205 [INFO] Pass: FixedPoint - 0.00572 (ms)
2026-07-13 09:38:11,205 [INFO] Pass: Size - 0.04697 (ms)
2026-07-13 09:38:11,205 [INFO] Pass: FixedPoint - 0.00405 (ms)
2026-07-13 09:38:11,205 [INFO] Pass: ContainsInstruction - 0.00477 (ms)
2026-07-13 09:38:11,205 [INFO] Pass: ContainsInstruction - 0.00763 (ms)
2026-07-13 09:38:11,205 [INFO] Pass: ContainsInstruction - 0.00739 (ms)
2026-07-13 09:38:11,205 [INFO] Pass: InverseCancellation - 0.14997 (ms)
2026-07-13 09:38:11,205 [INFO] Pass: UnitarySynthesis - 0.00453 (ms)
2026-07-13 09:38:11,205 [INFO] Total Transpile Time - 50.40193 (ms)
2026-07-13 09:38:11,205 [INFO] Pass: ContainsInstruction - 0.00739 (ms)
2026-07-13 09:38:11,205 [INFO] Pass: InverseCancellation - 0.15593 (ms)
2026-07-13 09:38:11,205 [INFO] Pass: UnitarySynthesis - 0.00429 (ms)
2026-07-13 09:38:11,206 [INFO] Pass: InverseCancellation - 0.15020 (ms)
2026-07-13 09:38:11,206 [INFO] Pass: UnitarySynthesis - 0.00501 (ms)
2026-07-13 09:38:11,206 [INFO] Total Transpile Time - 49.79587 (ms)
2026-07-13 09:38:11,206 [INFO] Pass: HighLevelSynthesis - 1.07765 (ms)
2026-07-13 09:38:11,207 [INFO] Pass: HighLevelSynthesis - 1.09053 (ms)
2026-07-13 09:38:11,207 [INFO] Pass: HighLevelSynthesis - 1.07574 (ms)
2026-07-13 09:38:11,207 [INFO] Pass: BasisTranslator - 0.71740 (ms)
2026-07-13 09:38:11,207 [INFO] Pass: BasisTranslator - 0.91434 (ms)
2026-07-13 09:38:11,207 [INFO] Pass: Depth - 0.14234 (ms)
2026-07-13 09:38:11,207 [INFO] Pass: BasisTranslator - 0.71526 (ms)
2026-07-13 09:38:11,208 [INFO] Pass: Depth - 0.14567 (ms)
2026-07-13 09:38:11,208 [INFO] Pass: FixedPoint - 0.00739 (ms)
2026-07-13 09:38:11,208 [INFO] Pass: FixedPoint - 0.00715 (ms)
2026-07-13 09:38:11,208 [INFO] Pass: Size - 0.05102 (ms)
2026-07-13 09:38:11,208 [INFO] Pass: Size - 0.05078 (ms)
2026-07-13 09:38:11,208 [INFO] Pass: FixedPoint - 0.00453 (ms)
2026-07-13 09:38:11,208 [INFO] Pass: Depth - 0.14281 (ms)
2026-07-13 09:38:11,208 [INFO] Pass: FixedPoint - 0.00453 (ms)
2026-07-13 09:38:11,208 [INFO] Pass: FixedPoint - 0.00691 (ms)
2026-07-13 09:38:11,208 [INFO] Pass: Size - 0.05198 (ms)
2026-07-13 09:38:11,208 [INFO] Pass: FixedPoint - 0.00501 (ms)
2026-07-13 09:38:11,208 [INFO] Pass: ContainsInstruction - 0.00715 (ms)
2026-07-13 09:38:11,208 [INFO] Pass: InverseCancellation - 0.15020 (ms)
2026-07-13 09:38:11,208 [INFO] Pass: UnitarySynthesis - 0.01049 (ms)
2026-07-13 09:38:11,209 [INFO] Pass: Optimize1qGatesDecomposition - 0.95415 (ms)
2026-07-13 09:38:11,209 [INFO] Pass: Optimize1qGatesDecomposition - 0.94199 (ms)
2026-07-13 09:38:11,209 [INFO] Pass: InverseCancellation - 0.00787 (ms)
2026-07-13 09:38:11,209 [INFO] Pass: InverseCancellation - 0.00811 (ms)
2026-07-13 09:38:11,209 [INFO] Pass: Optimize1qGatesDecomposition - 0.94795 (ms)
2026-07-13 09:38:11,209 [INFO] Pass: InverseCancellation - 0.00787 (ms)
2026-07-13 09:38:11,209 [INFO] Pass: GatesInBasis - 0.55909 (ms)
2026-07-13 09:38:11,209 [INFO] Pass: GatesInBasis - 0.58270 (ms)
2026-07-13 09:38:11,209 [INFO] Pass: HighLevelSynthesis - 1.08862 (ms)
2026-07-13 09:38:11,209 [INFO] Pass: Depth - 0.13018 (ms)
2026-07-13 09:38:11,209 [INFO] Pass: FixedPoint - 0.00596 (ms)
2026-07-13 09:38:11,209 [INFO] Pass: Depth - 0.12708 (ms)
2026-07-13 09:38:11,209 [INFO] Pass: GatesInBasis - 0.58103 (ms)
2026-07-13 09:38:11,210 [INFO] Pass: FixedPoint - 0.00572 (ms)
2026-07-13 09:38:11,210 [INFO] Pass: Size - 0.04792 (ms)
2026-07-13 09:38:11,210 [INFO] Pass: FixedPoint - 0.00429 (ms)
2026-07-13 09:38:11,210 [INFO] Pass: Size - 0.04792 (ms)
2026-07-13 09:38:11,210 [INFO] Pass: FixedPoint - 0.00453 (ms)
2026-07-13 09:38:11,210 [INFO] Pass: Depth - 0.12970 (ms)
2026-07-13 09:38:11,210 [INFO] Pass: FixedPoint - 0.00596 (ms)
2026-07-13 09:38:11,210 [INFO] Pass: Size - 0.04816 (ms)
2026-07-13 09:38:11,210 [INFO] Pass: FixedPoint - 0.00429 (ms)
2026-07-13 09:38:11,210 [INFO] Pass: BasisTranslator - 0.72074 (ms)
2026-07-13 09:38:11,210 [INFO] Pass: Depth - 0.14734 (ms)
2026-07-13 09:38:11,210 [INFO] Pass: FixedPoint - 0.00811 (ms)
2026-07-13 09:38:11,210 [INFO] Pass: Optimize1qGatesDecomposition - 0.75650 (ms)
2026-07-13 09:38:11,210 [INFO] Pass: Optimize1qGatesDecomposition - 0.75150 (ms)
2026-07-13 09:38:11,210 [INFO] Pass: InverseCancellation - 0.00668 (ms)
2026-07-13 09:38:11,210 [INFO] Pass: Size - 0.05198 (ms)
2026-07-13 09:38:11,210 [INFO] Pass: InverseCancellation - 0.00668 (ms)
2026-07-13 09:38:11,211 [INFO] Pass: FixedPoint - 0.00477 (ms)
2026-07-13 09:38:11,211 [INFO] Pass: Optimize1qGatesDecomposition - 0.76699 (ms)
2026-07-13 09:38:11,211 [INFO] Pass: InverseCancellation - 0.00715 (ms)
2026-07-13 09:38:11,211 [INFO] Pass: GatesInBasis - 0.53763 (ms)
2026-07-13 09:38:11,211 [INFO] Pass: GatesInBasis - 0.54622 (ms)
2026-07-13 09:38:11,211 [INFO] Pass: Depth - 0.12541 (ms)
2026-07-13 09:38:11,211 [INFO] Pass: FixedPoint - 0.00525 (ms)
2026-07-13 09:38:11,211 [INFO] Pass: Depth - 0.12898 (ms)
2026-07-13 09:38:11,211 [INFO] Pass: GatesInBasis - 0.54193 (ms)
2026-07-13 09:38:11,211 [INFO] Pass: FixedPoint - 0.00548 (ms)
2026-07-13 09:38:11,211 [INFO] Pass: Size - 0.04816 (ms)
2026-07-13 09:38:11,211 [INFO] Pass: FixedPoint - 0.00429 (ms)
2026-07-13 09:38:11,211 [INFO] Pass: Size - 0.04792 (ms)
2026-07-13 09:38:11,211 [INFO] Pass: ContainsInstruction - 0.00525 (ms)
2026-07-13 09:38:11,211 [INFO] Pass: FixedPoint - 0.00429 (ms)
2026-07-13 09:38:11,211 [INFO] Pass: Depth - 0.12636 (ms)
2026-07-13 09:38:11,211 [INFO] Pass: ContainsInstruction - 0.00501 (ms)
2026-07-13 09:38:11,211 [INFO] Pass: FixedPoint - 0.00572 (ms)
2026-07-13 09:38:11,211 [INFO] Pass: Optimize1qGatesDecomposition - 0.94080 (ms)
2026-07-13 09:38:11,212 [INFO] Pass: InverseCancellation - 0.00787 (ms)
2026-07-13 09:38:11,212 [INFO] Pass: Size - 0.04768 (ms)
2026-07-13 09:38:11,212 [INFO] Pass: FixedPoint - 0.00405 (ms)
2026-07-13 09:38:11,212 [INFO] Pass: ContainsInstruction - 0.00501 (ms)
2026-07-13 09:38:11,212 [INFO] Pass: GatesInBasis - 0.57173 (ms)
2026-07-13 09:38:11,212 [INFO] Pass: Depth - 0.13304 (ms)
2026-07-13 09:38:11,212 [INFO] Pass: FixedPoint - 0.00596 (ms)
2026-07-13 09:38:11,212 [INFO] Total Transpile Time - 52.03772 (ms)
2026-07-13 09:38:11,212 [INFO] Pass: Size - 0.04792 (ms)
2026-07-13 09:38:11,212 [INFO] Total Transpile Time - 52.09279 (ms)
2026-07-13 09:38:11,212 [INFO] Pass: FixedPoint - 0.00477 (ms)
2026-07-13 09:38:11,212 [INFO] Pass: ContainsInstruction - 0.00811 (ms)
2026-07-13 09:38:11,213 [INFO] Total Transpile Time - 52.01745 (ms)
2026-07-13 09:38:11,213 [INFO] Pass: InverseCancellation - 0.15497 (ms)
2026-07-13 09:38:11,213 [INFO] Pass: UnitarySynthesis - 0.00525 (ms)
2026-07-13 09:38:11,213 [INFO] Pass: Optimize1qGatesDecomposition - 0.75769 (ms)
2026-07-13 09:38:11,213 [INFO] Pass: ContainsInstruction - 0.00787 (ms)
2026-07-13 09:38:11,213 [INFO] Pass: InverseCancellation - 0.00668 (ms)
2026-07-13 09:38:11,214 [INFO] Pass: InverseCancellation - 0.15926 (ms)
2026-07-13 09:38:11,214 [INFO] Pass: UnitarySynthesis - 0.00477 (ms)
2026-07-13 09:38:11,214 [INFO] Pass: HighLevelSynthesis - 1.09911 (ms)
2026-07-13 09:38:11,214 [INFO] Pass: GatesInBasis - 0.53310 (ms)
2026-07-13 09:38:11,214 [INFO] Pass: Depth - 0.13971 (ms)
2026-07-13 09:38:11,214 [INFO] Pass: FixedPoint - 0.00525 (ms)
2026-07-13 09:38:11,214 [INFO] Pass: Size - 0.04721 (ms)
2026-07-13 09:38:11,214 [INFO] Pass: FixedPoint - 0.00429 (ms)
2026-07-13 09:38:11,214 [INFO] Pass: ContainsInstruction - 0.00548 (ms)
2026-07-13 09:38:11,215 [INFO] Pass: BasisTranslator - 0.72813 (ms)
2026-07-13 09:38:11,215 [INFO] Pass: HighLevelSynthesis - 1.09577 (ms)
2026-07-13 09:38:11,215 [INFO] Pass: Depth - 0.14472 (ms)
2026-07-13 09:38:11,215 [INFO] Pass: FixedPoint - 0.00787 (ms)
2026-07-13 09:38:11,215 [INFO] Pass: Size - 0.05221 (ms)
2026-07-13 09:38:11,215 [INFO] Pass: FixedPoint - 0.00453 (ms)
2026-07-13 09:38:11,215 [INFO] Total Transpile Time - 52.27709 (ms)
2026-07-13 09:38:11,216 [INFO] Pass: BasisTranslator - 0.93317 (ms)
2026-07-13 09:38:11,216 [INFO] Pass: Depth - 0.14400 (ms)
2026-07-13 09:38:11,216 [INFO] Pass: FixedPoint - 0.00763 (ms)
2026-07-13 09:38:11,216 [INFO] Pass: Optimize1qGatesDecomposition - 0.95797 (ms)
2026-07-13 09:38:11,216 [INFO] Pass: Size - 0.05245 (ms)
2026-07-13 09:38:11,216 [INFO] Pass: FixedPoint - 0.00453 (ms)
2026-07-13 09:38:11,216 [INFO] Pass: InverseCancellation - 0.00834 (ms)
2026-07-13 09:38:11,216 [INFO] Pass: ContainsInstruction - 0.00811 (ms)
2026-07-13 09:38:11,217 [INFO] Pass: InverseCancellation - 0.15140 (ms)
2026-07-13 09:38:11,217 [INFO] Pass: UnitarySynthesis - 0.00477 (ms)
2026-07-13 09:38:11,217 [INFO] Pass: GatesInBasis - 0.55575 (ms)
2026-07-13 09:38:11,217 [INFO] Pass: Depth - 0.12922 (ms)
2026-07-13 09:38:11,217 [INFO] Pass: FixedPoint - 0.00596 (ms)
2026-07-13 09:38:11,217 [INFO] Pass: Size - 0.04864 (ms)
2026-07-13 09:38:11,217 [INFO] Pass: FixedPoint - 0.00453 (ms)
2026-07-13 09:38:11,217 [INFO] Pass: Optimize1qGatesDecomposition - 0.95320 (ms)
2026-07-13 09:38:11,217 [INFO] Pass: InverseCancellation - 0.00763 (ms)
2026-07-13 09:38:11,218 [INFO] Pass: HighLevelSynthesis - 1.09982 (ms)
2026-07-13 09:38:11,218 [INFO] Pass: GatesInBasis - 0.58079 (ms)
2026-07-13 09:38:11,218 [INFO] Pass: Optimize1qGatesDecomposition - 0.76461 (ms)
2026-07-13 09:38:11,218 [INFO] Pass: InverseCancellation - 0.00739 (ms)
2026-07-13 09:38:11,218 [INFO] Pass: Depth - 0.12684 (ms)
2026-07-13 09:38:11,218 [INFO] Pass: FixedPoint - 0.00548 (ms)
2026-07-13 09:38:11,218 [INFO] Pass: Size - 0.04816 (ms)
2026-07-13 09:38:11,218 [INFO] Pass: FixedPoint - 0.00453 (ms)
2026-07-13 09:38:11,218 [INFO] Pass: GatesInBasis - 0.54073 (ms)
2026-07-13 09:38:11,219 [INFO] Pass: Depth - 0.12541 (ms)
2026-07-13 09:38:11,219 [INFO] Pass: FixedPoint - 0.00501 (ms)
2026-07-13 09:38:11,219 [INFO] Pass: BasisTranslator - 0.93603 (ms)
2026-07-13 09:38:11,219 [INFO] Pass: Size - 0.04768 (ms)
2026-07-13 09:38:11,219 [INFO] Pass: FixedPoint - 0.00429 (ms)
2026-07-13 09:38:11,219 [INFO] Pass: ContainsInstruction - 0.00525 (ms)
2026-07-13 09:38:11,219 [INFO] Pass: Optimize1qGatesDecomposition - 0.75841 (ms)
2026-07-13 09:38:11,219 [INFO] Pass: Depth - 0.14520 (ms)
2026-07-13 09:38:11,219 [INFO] Pass: InverseCancellation - 0.00691 (ms)
2026-07-13 09:38:11,219 [INFO] Pass: FixedPoint - 0.00715 (ms)
2026-07-13 09:38:11,219 [INFO] Pass: Size - 0.05126 (ms)
2026-07-13 09:38:11,219 [INFO] Pass: FixedPoint - 0.00453 (ms)
2026-07-13 09:38:11,220 [INFO] Pass: GatesInBasis - 0.54789 (ms)
2026-07-13 09:38:11,220 [INFO] Pass: Depth - 0.12422 (ms)
2026-07-13 09:38:11,220 [INFO] Pass: FixedPoint - 0.00525 (ms)
2026-07-13 09:38:11,220 [INFO] Pass: Size - 0.04697 (ms)
2026-07-13 09:38:11,220 [INFO] Pass: FixedPoint - 0.00453 (ms)
2026-07-13 09:38:11,220 [INFO] Pass: ContainsInstruction - 0.00525 (ms)
2026-07-13 09:38:11,220 [INFO] Total Transpile Time - 52.31595 (ms)
2026-07-13 09:38:11,220 [INFO] Pass: Optimize1qGatesDecomposition - 0.94557 (ms)
2026-07-13 09:38:11,220 [INFO] Pass: InverseCancellation - 0.00763 (ms)
2026-07-13 09:38:11,221 [INFO] Pass: GatesInBasis - 0.55337 (ms)
2026-07-13 09:38:11,221 [INFO] Total Transpile Time - 52.06919 (ms)
2026-07-13 09:38:11,221 [INFO] Pass: Depth - 0.13113 (ms)
2026-07-13 09:38:11,221 [INFO] Pass: FixedPoint - 0.00548 (ms)
2026-07-13 09:38:11,221 [INFO] Pass: Size - 0.04840 (ms)
2026-07-13 09:38:11,221 [INFO] Pass: FixedPoint - 0.00429 (ms)
2026-07-13 09:38:11,221 [INFO] Pass: ContainsInstruction - 0.00834 (ms)
2026-07-13 09:38:11,222 [INFO] Pass: InverseCancellation - 0.14997 (ms)
2026-07-13 09:38:11,222 [INFO] Pass: UnitarySynthesis - 0.00453 (ms)
2026-07-13 09:38:11,222 [INFO] Pass: Optimize1qGatesDecomposition - 0.75912 (ms)
2026-07-13 09:38:11,222 [INFO] Pass: InverseCancellation - 0.00668 (ms)
2026-07-13 09:38:11,223 [INFO] Pass: GatesInBasis - 0.55194 (ms)
2026-07-13 09:38:11,223 [INFO] Pass: Depth - 0.12589 (ms)
2026-07-13 09:38:11,223 [INFO] Pass: FixedPoint - 0.00548 (ms)
2026-07-13 09:38:11,223 [INFO] Pass: Size - 0.04768 (ms)
2026-07-13 09:38:11,223 [INFO] Pass: HighLevelSynthesis - 1.09291 (ms)
2026-07-13 09:38:11,223 [INFO] Pass: FixedPoint - 0.00405 (ms)
2026-07-13 09:38:11,223 [INFO] Pass: ContainsInstruction - 0.00525 (ms)
2026-07-13 09:38:11,224 [INFO] Pass: BasisTranslator - 0.71859 (ms)
2026-07-13 09:38:11,224 [INFO] Pass: Depth - 0.14353 (ms)
2026-07-13 09:38:11,224 [INFO] Pass: FixedPoint - 0.00763 (ms)
2026-07-13 09:38:11,224 [INFO] Pass: Size - 0.05221 (ms)
2026-07-13 09:38:11,224 [INFO] Total Transpile Time - 52.16384 (ms)
2026-07-13 09:38:11,224 [INFO] Pass: FixedPoint - 0.00453 (ms)
2026-07-13 09:38:11,225 [INFO] Pass: ContainsInstruction - 0.00834 (ms)
2026-07-13 09:38:11,225 [INFO] Pass: InverseCancellation - 0.15140 (ms)
2026-07-13 09:38:11,225 [INFO] Pass: UnitarySynthesis - 0.00477 (ms)
2026-07-13 09:38:11,225 [INFO] Pass: Optimize1qGatesDecomposition - 0.95487 (ms)
2026-07-13 09:38:11,225 [INFO] Pass: InverseCancellation - 0.00787 (ms)
2026-07-13 09:38:11,226 [INFO] Pass: GatesInBasis - 0.56148 (ms)
2026-07-13 09:38:11,226 [INFO] Pass: Depth - 0.12684 (ms)
2026-07-13 09:38:11,226 [INFO] Pass: FixedPoint - 0.00548 (ms)
2026-07-13 09:38:11,226 [INFO] Pass: Size - 0.04816 (ms)
2026-07-13 09:38:11,226 [INFO] Pass: FixedPoint - 0.00429 (ms)
2026-07-13 09:38:11,226 [INFO] Pass: HighLevelSynthesis - 1.07932 (ms)
2026-07-13 09:38:11,227 [INFO] Pass: Optimize1qGatesDecomposition - 0.76413 (ms)
2026-07-13 09:38:11,227 [INFO] Pass: InverseCancellation - 0.00668 (ms)
2026-07-13 09:38:11,227 [INFO] Pass: BasisTranslator - 0.72241 (ms)
2026-07-13 09:38:11,227 [INFO] Pass: Depth - 0.14162 (ms)
2026-07-13 09:38:11,227 [INFO] Pass: FixedPoint - 0.00787 (ms)
2026-07-13 09:38:11,227 [INFO] Pass: Size - 0.05126 (ms)
2026-07-13 09:38:11,227 [INFO] Pass: FixedPoint - 0.00477 (ms)
2026-07-13 09:38:11,227 [INFO] Pass: GatesInBasis - 0.54288 (ms)
2026-07-13 09:38:11,228 [INFO] Pass: Depth - 0.12636 (ms)
2026-07-13 09:38:11,228 [INFO] Pass: FixedPoint - 0.00548 (ms)
2026-07-13 09:38:11,228 [INFO] Pass: Size - 0.04745 (ms)
2026-07-13 09:38:11,228 [INFO] Pass: FixedPoint - 0.00405 (ms)
2026-07-13 09:38:11,228 [INFO] Pass: ContainsInstruction - 0.00525 (ms)
2026-07-13 09:38:11,228 [INFO] Pass: Optimize1qGatesDecomposition - 0.94914 (ms)
2026-07-13 09:38:11,228 [INFO] Pass: InverseCancellation - 0.01335 (ms)
2026-07-13 09:38:11,229 [INFO] Total Transpile Time - 52.17862 (ms)
2026-07-13 09:38:11,229 [INFO] Pass: GatesInBasis - 0.54932 (ms)
2026-07-13 09:38:11,229 [INFO] Pass: Depth - 0.12851 (ms)
2026-07-13 09:38:11,229 [INFO] Pass: FixedPoint - 0.00596 (ms)
2026-07-13 09:38:11,229 [INFO] Pass: Size - 0.04864 (ms)
2026-07-13 09:38:11,229 [INFO] Pass: FixedPoint - 0.00453 (ms)
2026-07-13 09:38:11,230 [INFO] Pass: Optimize1qGatesDecomposition - 0.77367 (ms)
2026-07-13 09:38:11,230 [INFO] Pass: InverseCancellation - 0.00715 (ms)
2026-07-13 09:38:11,231 [INFO] Pass: GatesInBasis - 0.56052 (ms)
2026-07-13 09:38:11,231 [INFO] Pass: Depth - 0.12469 (ms)
2026-07-13 09:38:11,231 [INFO] Pass: FixedPoint - 0.00548 (ms)
2026-07-13 09:38:11,231 [INFO] Pass: Size - 0.04673 (ms)
2026-07-13 09:38:11,231 [INFO] Pass: FixedPoint - 0.00453 (ms)
2026-07-13 09:38:11,231 [INFO] Pass: ContainsInstruction - 0.00525 (ms)
2026-07-13 09:38:11,231 [INFO] Pass: ContainsInstruction - 0.00787 (ms)
2026-07-13 09:38:11,231 [INFO] Pass: InverseCancellation - 0.15163 (ms)
2026-07-13 09:38:11,231 [INFO] Pass: UnitarySynthesis - 0.00477 (ms)
2026-07-13 09:38:11,232 [INFO] Total Transpile Time - 52.12379 (ms)
2026-07-13 09:38:11,232 [INFO] Pass: ContainsInstruction - 0.01431 (ms)
2026-07-13 09:38:11,232 [INFO] Pass: InverseCancellation - 0.15926 (ms)
2026-07-13 09:38:11,232 [INFO] Pass: UnitarySynthesis - 0.00453 (ms)
2026-07-13 09:38:11,233 [INFO] Pass: HighLevelSynthesis - 1.07884 (ms)
2026-07-13 09:38:11,233 [INFO] Pass: BasisTranslator - 0.72145 (ms)
2026-07-13 09:38:11,234 [INFO] Pass: Depth - 0.14257 (ms)
2026-07-13 09:38:11,234 [INFO] Pass: HighLevelSynthesis - 1.08528 (ms)
2026-07-13 09:38:11,234 [INFO] Pass: FixedPoint - 0.00763 (ms)
2026-07-13 09:38:11,234 [INFO] Pass: Size - 0.05078 (ms)
2026-07-13 09:38:11,234 [INFO] Pass: FixedPoint - 0.00477 (ms)
2026-07-13 09:38:11,235 [INFO] Pass: BasisTranslator - 0.95320 (ms)
2026-07-13 09:38:11,235 [INFO] Pass: Optimize1qGatesDecomposition - 0.94700 (ms)
2026-07-13 09:38:11,235 [INFO] Pass: InverseCancellation - 0.00787 (ms)
2026-07-13 09:38:11,235 [INFO] Pass: Depth - 0.14639 (ms)
2026-07-13 09:38:11,235 [INFO] Pass: FixedPoint - 0.00739 (ms)
2026-07-13 09:38:11,235 [INFO] Pass: Size - 0.05150 (ms)
2026-07-13 09:38:11,235 [INFO] Pass: FixedPoint - 0.00501 (ms)
2026-07-13 09:38:11,235 [INFO] Pass: ContainsInstruction - 0.00811 (ms)
2026-07-13 09:38:11,235 [INFO] Pass: InverseCancellation - 0.14734 (ms)
2026-07-13 09:38:11,235 [INFO] Pass: UnitarySynthesis - 0.00501 (ms)
2026-07-13 09:38:11,235 [INFO] Pass: GatesInBasis - 0.58007 (ms)
2026-07-13 09:38:11,236 [INFO] Pass: Depth - 0.12755 (ms)
2026-07-13 09:38:11,236 [INFO] Pass: FixedPoint - 0.00572 (ms)
2026-07-13 09:38:11,236 [INFO] Pass: Size - 0.04721 (ms)
2026-07-13 09:38:11,236 [INFO] Pass: FixedPoint - 0.00453 (ms)
2026-07-13 09:38:11,236 [INFO] Pass: Optimize1qGatesDecomposition - 0.95487 (ms)
2026-07-13 09:38:11,236 [INFO] Pass: InverseCancellation - 0.00811 (ms)
2026-07-13 09:38:11,236 [INFO] Pass: HighLevelSynthesis - 1.08671 (ms)
2026-07-13 09:38:11,237 [INFO] Pass: Optimize1qGatesDecomposition - 0.75579 (ms)
2026-07-13 09:38:11,237 [INFO] Pass: InverseCancellation - 0.00691 (ms)
2026-07-13 09:38:11,237 [INFO] Pass: GatesInBasis - 0.56624 (ms)
2026-07-13 09:38:11,237 [INFO] Pass: Depth - 0.12875 (ms)
2026-07-13 09:38:11,237 [INFO] Pass: FixedPoint - 0.00572 (ms)
2026-07-13 09:38:11,237 [INFO] Pass: Size - 0.04840 (ms)
2026-07-13 09:38:11,237 [INFO] Pass: FixedPoint - 0.00405 (ms)
2026-07-13 09:38:11,237 [INFO] Pass: GatesInBasis - 0.53430 (ms)
2026-07-13 09:38:11,237 [INFO] Pass: BasisTranslator - 0.71955 (ms)
2026-07-13 09:38:11,237 [INFO] Pass: Depth - 0.13089 (ms)
2026-07-13 09:38:11,237 [INFO] Pass: FixedPoint - 0.00548 (ms)
2026-07-13 09:38:11,237 [INFO] Pass: Depth - 0.14639 (ms)
2026-07-13 09:38:11,237 [INFO] Pass: Size - 0.04745 (ms)
2026-07-13 09:38:11,237 [INFO] Pass: FixedPoint - 0.00763 (ms)
2026-07-13 09:38:11,237 [INFO] Pass: FixedPoint - 0.00453 (ms)
2026-07-13 09:38:11,237 [INFO] Pass: ContainsInstruction - 0.00548 (ms)
2026-07-13 09:38:11,238 [INFO] Pass: Size - 0.05126 (ms)
2026-07-13 09:38:11,238 [INFO] Pass: FixedPoint - 0.00453 (ms)
2026-07-13 09:38:11,238 [INFO] Pass: Optimize1qGatesDecomposition - 0.76008 (ms)
2026-07-13 09:38:11,238 [INFO] Pass: InverseCancellation - 0.00668 (ms)
2026-07-13 09:38:11,238 [INFO] Pass: GatesInBasis - 0.55957 (ms)
2026-07-13 09:38:11,238 [INFO] Pass: ContainsInstruction - 0.00763 (ms)
2026-07-13 09:38:11,239 [INFO] Pass: Depth - 0.12565 (ms)
2026-07-13 09:38:11,239 [INFO] Total Transpile Time - 52.05107 (ms)
2026-07-13 09:38:11,239 [INFO] Pass: Optimize1qGatesDecomposition - 0.95677 (ms)
2026-07-13 09:38:11,239 [INFO] Pass: FixedPoint - 0.00572 (ms)
2026-07-13 09:38:11,239 [INFO] Pass: InverseCancellation - 0.00787 (ms)
2026-07-13 09:38:11,239 [INFO] Pass: Size - 0.04721 (ms)
2026-07-13 09:38:11,239 [INFO] Pass: FixedPoint - 0.00429 (ms)
2026-07-13 09:38:11,239 [INFO] Pass: ContainsInstruction - 0.00525 (ms)
2026-07-13 09:38:11,239 [INFO] Pass: InverseCancellation - 0.15283 (ms)
2026-07-13 09:38:11,239 [INFO] Pass: UnitarySynthesis - 0.00501 (ms)
2026-07-13 09:38:11,239 [INFO] Pass: GatesInBasis - 0.55289 (ms)
2026-07-13 09:38:11,239 [INFO] Pass: Depth - 0.12875 (ms)
2026-07-13 09:38:11,239 [INFO] Pass: FixedPoint - 0.00572 (ms)
2026-07-13 09:38:11,240 [INFO] Pass: Size - 0.04816 (ms)
2026-07-13 09:38:11,240 [INFO] Pass: FixedPoint - 0.00453 (ms)
2026-07-13 09:38:11,240 [INFO] Total Transpile Time - 52.38223 (ms)
2026-07-13 09:38:11,240 [INFO] Pass: HighLevelSynthesis - 1.08361 (ms)
2026-07-13 09:38:11,240 [INFO] Pass: Optimize1qGatesDecomposition - 0.76294 (ms)
2026-07-13 09:38:11,240 [INFO] Pass: InverseCancellation - 0.00668 (ms)
2026-07-13 09:38:11,241 [INFO] Pass: BasisTranslator - 0.95701 (ms)
2026-07-13 09:38:11,241 [INFO] Pass: GatesInBasis - 0.53763 (ms)
2026-07-13 09:38:11,241 [INFO] Pass: Depth - 0.14520 (ms)
2026-07-13 09:38:11,241 [INFO] Pass: Depth - 0.12469 (ms)
2026-07-13 09:38:11,241 [INFO] Pass: FixedPoint - 0.00834 (ms)
2026-07-13 09:38:11,241 [INFO] Pass: FixedPoint - 0.00525 (ms)
2026-07-13 09:38:11,241 [INFO] Pass: Size - 0.05245 (ms)
2026-07-13 09:38:11,241 [INFO] Pass: Size - 0.05794 (ms)
2026-07-13 09:38:11,241 [INFO] Pass: FixedPoint - 0.00453 (ms)
2026-07-13 09:38:11,241 [INFO] Pass: FixedPoint - 0.00501 (ms)
2026-07-13 09:38:11,241 [INFO] Pass: ContainsInstruction - 0.00572 (ms)
2026-07-13 09:38:11,242 [INFO] Pass: Optimize1qGatesDecomposition - 0.95701 (ms)
2026-07-13 09:38:11,242 [INFO] Pass: InverseCancellation - 0.00834 (ms)
2026-07-13 09:38:11,242 [INFO] Total Transpile Time - 52.24085 (ms)
2026-07-13 09:38:11,243 [INFO] Pass: GatesInBasis - 0.57173 (ms)
2026-07-13 09:38:11,243 [INFO] Pass: Depth - 0.12970 (ms)
2026-07-13 09:38:11,243 [INFO] Pass: FixedPoint - 0.00572 (ms)
2026-07-13 09:38:11,243 [INFO] Pass: Size - 0.05341 (ms)
2026-07-13 09:38:11,243 [INFO] Pass: FixedPoint - 0.00453 (ms)
2026-07-13 09:38:11,244 [INFO] Pass: ContainsInstruction - 0.00811 (ms)
2026-07-13 09:38:11,244 [INFO] Pass: InverseCancellation - 0.15402 (ms)
2026-07-13 09:38:11,244 [INFO] Pass: UnitarySynthesis - 0.00477 (ms)
2026-07-13 09:38:11,244 [INFO] Pass: Optimize1qGatesDecomposition - 0.75269 (ms)
2026-07-13 09:38:11,244 [INFO] Pass: InverseCancellation - 0.00739 (ms)
2026-07-13 09:38:11,245 [INFO] Pass: GatesInBasis - 0.53811 (ms)
2026-07-13 09:38:11,245 [INFO] Pass: Depth - 0.12589 (ms)
2026-07-13 09:38:11,245 [INFO] Pass: FixedPoint - 0.00501 (ms)
2026-07-13 09:38:11,245 [INFO] Pass: Size - 0.04792 (ms)
2026-07-13 09:38:11,245 [INFO] Pass: FixedPoint - 0.00405 (ms)
2026-07-13 09:38:11,245 [INFO] Pass: ContainsInstruction - 0.00548 (ms)
2026-07-13 09:38:11,245 [INFO] Pass: HighLevelSynthesis - 1.08933 (ms)
2026-07-13 09:38:11,246 [INFO] Pass: BasisTranslator - 0.72980 (ms)
2026-07-13 09:38:11,246 [INFO] Pass: Depth - 0.14424 (ms)
2026-07-13 09:38:11,246 [INFO] Pass: FixedPoint - 0.00811 (ms)
2026-07-13 09:38:11,246 [INFO] Total Transpile Time - 52.06037 (ms)
2026-07-13 09:38:11,246 [INFO] Pass: Size - 0.05198 (ms)
2026-07-13 09:38:11,246 [INFO] Pass: FixedPoint - 0.00453 (ms)
2026-07-13 09:38:11,247 [INFO] Pass: Optimize1qGatesDecomposition - 0.96750 (ms)
2026-07-13 09:38:11,247 [INFO] Pass: InverseCancellation - 0.00834 (ms)
2026-07-13 09:38:11,248 [INFO] Pass: GatesInBasis - 0.54884 (ms)
2026-07-13 09:38:11,248 [INFO] Pass: Depth - 0.13065 (ms)
2026-07-13 09:38:11,248 [INFO] Pass: FixedPoint - 0.00596 (ms)
2026-07-13 09:38:11,248 [INFO] Pass: Size - 0.04816 (ms)
2026-07-13 09:38:11,248 [INFO] Pass: FixedPoint - 0.00453 (ms)
2026-07-13 09:38:11,249 [INFO] Pass: Optimize1qGatesDecomposition - 0.76151 (ms)
2026-07-13 09:38:11,249 [INFO] Pass: InverseCancellation - 0.00715 (ms)
2026-07-13 09:38:11,250 [INFO] Pass: GatesInBasis - 0.54383 (ms)
2026-07-13 09:38:11,250 [INFO] Pass: Depth - 0.12565 (ms)
2026-07-13 09:38:11,250 [INFO] Pass: FixedPoint - 0.00525 (ms)
2026-07-13 09:38:11,250 [INFO] Pass: Size - 0.04840 (ms)
2026-07-13 09:38:11,250 [INFO] Pass: FixedPoint - 0.00405 (ms)
2026-07-13 09:38:11,250 [INFO] Pass: ContainsInstruction - 0.00572 (ms)
2026-07-13 09:38:11,250 [INFO] Pass: ContainsInstruction - 0.00691 (ms)
2026-07-13 09:38:11,250 [INFO] Pass: ContainsInstruction - 0.00668 (ms)
2026-07-13 09:38:11,250 [INFO] Pass: InverseCancellation - 0.15545 (ms)
2026-07-13 09:38:11,250 [INFO] Pass: UnitarySynthesis - 0.00477 (ms)
2026-07-13 09:38:11,250 [INFO] Pass: InverseCancellation - 0.14901 (ms)
2026-07-13 09:38:11,251 [INFO] Pass: UnitarySynthesis - 0.00453 (ms)
2026-07-13 09:38:11,251 [INFO] Total Transpile Time - 52.30737 (ms)
2026-07-13 09:38:11,252 [INFO] Pass: HighLevelSynthesis - 1.09315 (ms)
2026-07-13 09:38:11,252 [INFO] Pass: HighLevelSynthesis - 1.08743 (ms)
2026-07-13 09:38:11,252 [INFO] Pass: BasisTranslator - 0.72646 (ms)
2026-07-13 09:38:11,252 [INFO] Pass: BasisTranslator - 0.71669 (ms)
2026-07-13 09:38:11,252 [INFO] Pass: Depth - 0.14210 (ms)
2026-07-13 09:38:11,253 [INFO] Pass: FixedPoint - 0.00715 (ms)
2026-07-13 09:38:11,253 [INFO] Pass: Depth - 0.14091 (ms)
2026-07-13 09:38:11,253 [INFO] Pass: Size - 0.05102 (ms)
2026-07-13 09:38:11,253 [INFO] Pass: FixedPoint - 0.00691 (ms)
2026-07-13 09:38:11,253 [INFO] Pass: FixedPoint - 0.00453 (ms)
2026-07-13 09:38:11,253 [INFO] Pass: Size - 0.05150 (ms)
2026-07-13 09:38:11,253 [INFO] Pass: FixedPoint - 0.00501 (ms)
2026-07-13 09:38:11,254 [INFO] Pass: Optimize1qGatesDecomposition - 0.95224 (ms)
2026-07-13 09:38:11,254 [INFO] Pass: InverseCancellation - 0.00811 (ms)
2026-07-13 09:38:11,254 [INFO] Pass: Optimize1qGatesDecomposition - 0.93627 (ms)
2026-07-13 09:38:11,254 [INFO] Pass: InverseCancellation - 0.00811 (ms)
2026-07-13 09:38:11,254 [INFO] Pass: GatesInBasis - 0.57817 (ms)
2026-07-13 09:38:11,254 [INFO] Pass: GatesInBasis - 0.55456 (ms)
2026-07-13 09:38:11,255 [INFO] Pass: Depth - 0.12898 (ms)
2026-07-13 09:38:11,255 [INFO] Pass: FixedPoint - 0.00596 (ms)
2026-07-13 09:38:11,255 [INFO] Pass: Depth - 0.12827 (ms)
2026-07-13 09:38:11,255 [INFO] Pass: FixedPoint - 0.00596 (ms)
2026-07-13 09:38:11,255 [INFO] Pass: Size - 0.04792 (ms)
2026-07-13 09:38:11,255 [INFO] Pass: FixedPoint - 0.00429 (ms)
2026-07-13 09:38:11,255 [INFO] Pass: Size - 0.04792 (ms)
2026-07-13 09:38:11,255 [INFO] Pass: FixedPoint - 0.00429 (ms)
2026-07-13 09:38:11,255 [INFO] Pass: Optimize1qGatesDecomposition - 0.76199 (ms)
2026-07-13 09:38:11,256 [INFO] Pass: InverseCancellation - 0.00668 (ms)
2026-07-13 09:38:11,256 [INFO] Pass: Optimize1qGatesDecomposition - 0.75746 (ms)
2026-07-13 09:38:11,256 [INFO] Pass: InverseCancellation - 0.00668 (ms)
2026-07-13 09:38:11,256 [INFO] Pass: GatesInBasis - 0.53549 (ms)
2026-07-13 09:38:11,256 [INFO] Pass: GatesInBasis - 0.53358 (ms)
2026-07-13 09:38:11,256 [INFO] Pass: Depth - 0.13089 (ms)
2026-07-13 09:38:11,256 [INFO] Pass: FixedPoint - 0.00525 (ms)
2026-07-13 09:38:11,256 [INFO] Pass: Depth - 0.12851 (ms)
2026-07-13 09:38:11,256 [INFO] Pass: FixedPoint - 0.00548 (ms)
2026-07-13 09:38:11,256 [INFO] Pass: Size - 0.04697 (ms)
2026-07-13 09:38:11,256 [INFO] Pass: FixedPoint - 0.00429 (ms)
2026-07-13 09:38:11,256 [INFO] Pass: Size - 0.04697 (ms)
2026-07-13 09:38:11,256 [INFO] Pass: ContainsInstruction - 0.00477 (ms)
2026-07-13 09:38:11,256 [INFO] Pass: FixedPoint - 0.00405 (ms)
2026-07-13 09:38:11,257 [INFO] Pass: ContainsInstruction - 0.00525 (ms)
2026-07-13 09:38:11,258 [INFO] Total Transpile Time - 51.78809 (ms)
2026-07-13 09:38:11,258 [INFO] Total Transpile Time - 52.20270 (ms)
2026-07-13 09:38:55,731 [INFO] [PCE] Aer metadata (1a ejecucion de este proceso): device=CPU method=matrix_product_state shots=8192 fusion_enabled=False
2026-07-13 09:38:55,807 [INFO] [PCE] Aer metadata (1a ejecucion de este proceso): device=CPU method=matrix_product_state shots=8192 fusion_enabled=False
2026-07-13 09:38:55,837 [INFO] [PCE] Aer metadata (1a ejecucion de este proceso): device=CPU method=matrix_product_state shots=8192 fusion_enabled=False
2026-07-13 09:38:55,864 [INFO] [PCE] Aer metadata (1a ejecucion de este proceso): device=CPU method=matrix_product_state shots=8192 fusion_enabled=False
2026-07-13 09:38:55,882 [INFO] [PCE] Aer metadata (1a ejecucion de este proceso): device=CPU method=matrix_product_state shots=8192 fusion_enabled=False
2026-07-13 09:38:55,911 [INFO] [PCE] Aer metadata (1a ejecucion de este proceso): device=CPU method=matrix_product_state shots=8192 fusion_enabled=False
2026-07-13 09:38:55,918 [INFO] [PCE] Aer metadata (1a ejecucion de este proceso): device=CPU method=matrix_product_state shots=8192 fusion_enabled=False
2026-07-13 09:38:55,946 [INFO] [PCE] Aer metadata (1a ejecucion de este proceso): device=CPU method=matrix_product_state shots=8192 fusion_enabled=False
2026-07-13 09:38:55,946 [INFO] [PCE] Aer metadata (1a ejecucion de este proceso): device=CPU method=matrix_product_state shots=8192 fusion_enabled=False
2026-07-13 09:38:55,974 [INFO] [PCE] Aer metadata (1a ejecucion de este proceso): device=CPU method=matrix_product_state shots=8192 fusion_enabled=False
2026-07-13 09:38:55,979 [INFO] [PCE] Aer metadata (1a ejecucion de este proceso): device=CPU method=matrix_product_state shots=8192 fusion_enabled=False
2026-07-13 09:38:56,021 [INFO] [PCE] Aer metadata (1a ejecucion de este proceso): device=CPU method=matrix_product_state shots=8192 fusion_enabled=False
2026-07-13 09:38:56,069 [INFO] [PCE] Aer metadata (1a ejecucion de este proceso): device=CPU method=matrix_product_state shots=8192 fusion_enabled=False
2026-07-13 09:38:56,086 [INFO] [PCE] Aer metadata (1a ejecucion de este proceso): device=CPU method=matrix_product_state shots=8192 fusion_enabled=False
2026-07-13 09:38:56,087 [INFO] [PCE] Aer metadata (1a ejecucion de este proceso): device=CPU method=matrix_product_state shots=8192 fusion_enabled=False
2026-07-13 09:38:56,427 [INFO] [PCE] Aer metadata (1a ejecucion de este proceso): device=CPU method=matrix_product_state shots=8192 fusion_enabled=False
slurmstepd: error: *** JOB 8424860 ON ilk-203 CANCELLED AT 2026-07-14T09:38:23 DUE TO TIME LIMIT ***
