gcc/system unloaded
gcccore/system unloaded
cesga/2022 unloaded
rust/1.75.0 unloaded
imkl/2022.0.1 unloaded
numpy/1.26.4 unloaded
scipy/1.13.1 unloaded
flint/2.8.4 unloaded
symengine/0.11.1 unloaded
symengine-python/0.11.0 unloaded
spdlog/1.9.2 unloaded
pylatexenc/2.10 unloaded
qiskit/1.2.4-aer-gpu-cu11 unloaded
        Preparing the environment for use of the CESGA 2022 software stack.
        Please rebuild modules cache: module --ignore-cache avail
     
cesga/2022 loaded
rust/1.75.0 loaded

imkl/2023.2.0 loaded
numpy/1.26.4 loaded
scipy/1.13.1 loaded
imkl/2023.2.0 unloaded

imkl/2022.0.1 loaded
flint/2.8.4 loaded
symengine/0.11.1 loaded
symengine-python/0.11.0 loaded
spdlog/1.9.2 loaded
pylatexenc/2.10 loaded
gcccore/system loaded
gcc/system loaded
qiskit/1.2.4-aer-gpu-cu11 loaded
2026-07-13 09:53:00,955 [INFO] [PCE] n=250 chunk 3/5: 20 instancias [2, 7, 12, 17, 22, 27, 32, 37, 42, 47, 52, 57, 62, 67, 72, 77, 82, 87, 92, 97], num_workers=16, qubits=14
2026-07-13 09:53:00,955 [INFO] [PCE] n=250 paralelizando 20 instancias entre 16 workers (max_parallel_threads=1 fijo, independiente de num_workers)
2026-07-13 09:53:01,092 [INFO] Pass: ContainsInstruction - 0.01407 (ms)
2026-07-13 09:53:01,092 [INFO] Pass: InverseCancellation - 0.02217 (ms)
2026-07-13 09:53:01,093 [INFO] Pass: UnitarySynthesis - 0.00572 (ms)
2026-07-13 09:53:01,094 [INFO] Pass: HighLevelSynthesis - 1.29843 (ms)
2026-07-13 09:53:01,095 [INFO] Pass: BasisTranslator - 0.69141 (ms)
2026-07-13 09:53:01,095 [INFO] Pass: Depth - 0.18024 (ms)
2026-07-13 09:53:01,095 [INFO] Pass: FixedPoint - 0.01168 (ms)
2026-07-13 09:53:01,095 [INFO] Pass: Size - 0.05627 (ms)
2026-07-13 09:53:01,095 [INFO] Pass: FixedPoint - 0.00453 (ms)
2026-07-13 09:53:01,095 [INFO] Pass: Optimize1qGatesDecomposition - 0.14281 (ms)
2026-07-13 09:53:01,095 [INFO] Pass: InverseCancellation - 0.00739 (ms)
2026-07-13 09:53:01,096 [INFO] Pass: GatesInBasis - 0.61107 (ms)
2026-07-13 09:53:01,096 [INFO] Pass: Depth - 0.14067 (ms)
2026-07-13 09:53:01,096 [INFO] Pass: FixedPoint - 0.00525 (ms)
2026-07-13 09:53:01,096 [INFO] Pass: ContainsInstruction - 0.01359 (ms)
2026-07-13 09:53:01,096 [INFO] Pass: Size - 0.05341 (ms)
2026-07-13 09:53:01,096 [INFO] Pass: InverseCancellation - 0.02098 (ms)
2026-07-13 09:53:01,096 [INFO] Pass: FixedPoint - 0.00429 (ms)
2026-07-13 09:53:01,096 [INFO] Pass: ContainsInstruction - 0.00548 (ms)
2026-07-13 09:53:01,096 [INFO] Pass: UnitarySynthesis - 0.00525 (ms)
2026-07-13 09:53:01,097 [INFO] Pass: ContainsInstruction - 0.01454 (ms)
2026-07-13 09:53:01,097 [INFO] Pass: InverseCancellation - 0.02718 (ms)
2026-07-13 09:53:01,097 [INFO] Pass: UnitarySynthesis - 0.00572 (ms)
2026-07-13 09:53:01,098 [INFO] Total Transpile Time - 70.90688 (ms)
2026-07-13 09:53:01,098 [INFO] Pass: HighLevelSynthesis - 1.31321 (ms)
2026-07-13 09:53:01,098 [INFO] Pass: BasisTranslator - 0.64015 (ms)
2026-07-13 09:53:01,099 [INFO] Pass: Depth - 0.17786 (ms)
2026-07-13 09:53:01,099 [INFO] Pass: FixedPoint - 0.01359 (ms)
2026-07-13 09:53:01,099 [INFO] Pass: Size - 0.05364 (ms)
2026-07-13 09:53:01,099 [INFO] Pass: FixedPoint - 0.00429 (ms)
2026-07-13 09:53:01,099 [INFO] Pass: HighLevelSynthesis - 1.41430 (ms)
2026-07-13 09:53:01,099 [INFO] Pass: Optimize1qGatesDecomposition - 0.14615 (ms)
2026-07-13 09:53:01,099 [INFO] Pass: InverseCancellation - 0.00715 (ms)
2026-07-13 09:53:01,099 [INFO] Pass: ContainsInstruction - 0.01335 (ms)
2026-07-13 09:53:01,100 [INFO] Pass: BasisTranslator - 0.65207 (ms)
2026-07-13 09:53:01,100 [INFO] Pass: InverseCancellation - 0.01931 (ms)
2026-07-13 09:53:01,100 [INFO] Pass: UnitarySynthesis - 0.00572 (ms)
2026-07-13 09:53:01,100 [INFO] Pass: GatesInBasis - 0.64087 (ms)
2026-07-13 09:53:01,100 [INFO] Pass: Depth - 0.19073 (ms)
2026-07-13 09:53:01,100 [INFO] Pass: FixedPoint - 0.01407 (ms)
2026-07-13 09:53:01,100 [INFO] Pass: Depth - 0.14186 (ms)
2026-07-13 09:53:01,100 [INFO] Pass: FixedPoint - 0.00548 (ms)
2026-07-13 09:53:01,100 [INFO] Pass: Size - 0.05627 (ms)
2026-07-13 09:53:01,100 [INFO] Pass: FixedPoint - 0.00501 (ms)
2026-07-13 09:53:01,100 [INFO] Pass: Size - 0.05841 (ms)
2026-07-13 09:53:01,100 [INFO] Pass: FixedPoint - 0.00715 (ms)
2026-07-13 09:53:01,100 [INFO] Pass: ContainsInstruction - 0.00572 (ms)
2026-07-13 09:53:01,100 [INFO] Pass: Optimize1qGatesDecomposition - 0.12875 (ms)
2026-07-13 09:53:01,100 [INFO] Pass: InverseCancellation - 0.00811 (ms)
2026-07-13 09:53:01,101 [INFO] Pass: GatesInBasis - 0.66209 (ms)
2026-07-13 09:53:01,101 [INFO] Pass: HighLevelSynthesis - 1.31130 (ms)
2026-07-13 09:53:01,101 [INFO] Pass: Depth - 0.15521 (ms)
2026-07-13 09:53:01,101 [INFO] Pass: FixedPoint - 0.00525 (ms)
2026-07-13 09:53:01,101 [INFO] Pass: Size - 0.05293 (ms)
2026-07-13 09:53:01,101 [INFO] Pass: FixedPoint - 0.01311 (ms)
2026-07-13 09:53:01,101 [INFO] Pass: ContainsInstruction - 0.01049 (ms)
2026-07-13 09:53:01,101 [INFO] Total Transpile Time - 70.98818 (ms)
2026-07-13 09:53:01,101 [INFO] Pass: ContainsInstruction - 0.01240 (ms)
2026-07-13 09:53:01,102 [INFO] Pass: InverseCancellation - 0.01907 (ms)
2026-07-13 09:53:01,102 [INFO] Pass: BasisTranslator - 0.63586 (ms)
2026-07-13 09:53:01,102 [INFO] Pass: UnitarySynthesis - 0.00548 (ms)
2026-07-13 09:53:01,102 [INFO] Pass: Depth - 0.17643 (ms)
2026-07-13 09:53:01,102 [INFO] Pass: FixedPoint - 0.01407 (ms)
2026-07-13 09:53:01,102 [INFO] Pass: Size - 0.05484 (ms)
2026-07-13 09:53:01,102 [INFO] Pass: FixedPoint - 0.00501 (ms)
2026-07-13 09:53:01,102 [INFO] Pass: Optimize1qGatesDecomposition - 0.14043 (ms)
2026-07-13 09:53:01,102 [INFO] Pass: InverseCancellation - 0.00739 (ms)
2026-07-13 09:53:01,103 [INFO] Total Transpile Time - 72.18671 (ms)
2026-07-13 09:53:01,103 [INFO] Pass: GatesInBasis - 0.61107 (ms)
2026-07-13 09:53:01,103 [INFO] Pass: HighLevelSynthesis - 1.29128 (ms)
2026-07-13 09:53:01,103 [INFO] Pass: Depth - 0.13947 (ms)
2026-07-13 09:53:01,103 [INFO] Pass: FixedPoint - 0.00477 (ms)
2026-07-13 09:53:01,103 [INFO] Pass: Size - 0.05174 (ms)
2026-07-13 09:53:01,103 [INFO] Pass: FixedPoint - 0.00429 (ms)
2026-07-13 09:53:01,103 [INFO] Pass: ContainsInstruction - 0.00501 (ms)
2026-07-13 09:53:01,104 [INFO] Pass: BasisTranslator - 0.61989 (ms)
2026-07-13 09:53:01,104 [INFO] Pass: Depth - 0.17786 (ms)
2026-07-13 09:53:01,104 [INFO] Pass: FixedPoint - 0.01383 (ms)
2026-07-13 09:53:01,104 [INFO] Pass: Size - 0.05484 (ms)
2026-07-13 09:53:01,104 [INFO] Pass: FixedPoint - 0.00453 (ms)
2026-07-13 09:53:01,104 [INFO] Pass: Optimize1qGatesDecomposition - 0.13828 (ms)
2026-07-13 09:53:01,104 [INFO] Pass: InverseCancellation - 0.00787 (ms)
2026-07-13 09:53:01,105 [INFO] Total Transpile Time - 70.07027 (ms)
2026-07-13 09:53:01,105 [INFO] Pass: GatesInBasis - 0.63181 (ms)
2026-07-13 09:53:01,105 [INFO] Pass: Depth - 0.14377 (ms)
2026-07-13 09:53:01,105 [INFO] Pass: FixedPoint - 0.00548 (ms)
2026-07-13 09:53:01,105 [INFO] Pass: ContainsInstruction - 0.01383 (ms)
2026-07-13 09:53:01,105 [INFO] Pass: Size - 0.05221 (ms)
2026-07-13 09:53:01,105 [INFO] Pass: InverseCancellation - 0.02098 (ms)
2026-07-13 09:53:01,105 [INFO] Pass: FixedPoint - 0.00429 (ms)
2026-07-13 09:53:01,105 [INFO] Pass: UnitarySynthesis - 0.00548 (ms)
2026-07-13 09:53:01,105 [INFO] Pass: ContainsInstruction - 0.00572 (ms)
2026-07-13 09:53:01,107 [INFO] Total Transpile Time - 70.19401 (ms)
2026-07-13 09:53:01,107 [INFO] Pass: HighLevelSynthesis - 1.29628 (ms)
2026-07-13 09:53:01,107 [INFO] Pass: BasisTranslator - 0.62037 (ms)
2026-07-13 09:53:01,108 [INFO] Pass: Depth - 0.17858 (ms)
2026-07-13 09:53:01,108 [INFO] Pass: FixedPoint - 0.01335 (ms)
2026-07-13 09:53:01,108 [INFO] Pass: Size - 0.05412 (ms)
2026-07-13 09:53:01,108 [INFO] Pass: FixedPoint - 0.00453 (ms)
2026-07-13 09:53:01,108 [INFO] Pass: Optimize1qGatesDecomposition - 0.12994 (ms)
2026-07-13 09:53:01,108 [INFO] Pass: InverseCancellation - 0.00763 (ms)
2026-07-13 09:53:01,109 [INFO] Pass: GatesInBasis - 0.62442 (ms)
2026-07-13 09:53:01,109 [INFO] Pass: Depth - 0.14257 (ms)
2026-07-13 09:53:01,109 [INFO] Pass: FixedPoint - 0.00501 (ms)
2026-07-13 09:53:01,109 [INFO] Pass: Size - 0.05412 (ms)
2026-07-13 09:53:01,109 [INFO] Pass: FixedPoint - 0.00429 (ms)
2026-07-13 09:53:01,109 [INFO] Pass: ContainsInstruction - 0.00596 (ms)
2026-07-13 09:53:01,110 [INFO] Pass: ContainsInstruction - 0.01335 (ms)
2026-07-13 09:53:01,110 [INFO] Pass: InverseCancellation - 0.02074 (ms)
2026-07-13 09:53:01,110 [INFO] Pass: UnitarySynthesis - 0.00572 (ms)
2026-07-13 09:53:01,110 [INFO] Total Transpile Time - 70.21236 (ms)
2026-07-13 09:53:01,111 [INFO] Pass: HighLevelSynthesis - 1.22905 (ms)
2026-07-13 09:53:01,112 [INFO] Pass: BasisTranslator - 0.68235 (ms)
2026-07-13 09:53:01,112 [INFO] Pass: Depth - 0.17881 (ms)
2026-07-13 09:53:01,112 [INFO] Pass: FixedPoint - 0.01335 (ms)
2026-07-13 09:53:01,112 [INFO] Pass: Size - 0.05960 (ms)
2026-07-13 09:53:01,112 [INFO] Pass: FixedPoint - 0.00477 (ms)
2026-07-13 09:53:01,112 [INFO] Pass: Optimize1qGatesDecomposition - 0.13518 (ms)
2026-07-13 09:53:01,112 [INFO] Pass: InverseCancellation - 0.00715 (ms)
2026-07-13 09:53:01,113 [INFO] Pass: ContainsInstruction - 0.01311 (ms)
2026-07-13 09:53:01,113 [INFO] Pass: InverseCancellation - 0.02003 (ms)
2026-07-13 09:53:01,113 [INFO] Pass: UnitarySynthesis - 0.00596 (ms)
2026-07-13 09:53:01,113 [INFO] Pass: GatesInBasis - 0.61178 (ms)
2026-07-13 09:53:01,113 [INFO] Pass: Depth - 0.14591 (ms)
2026-07-13 09:53:01,113 [INFO] Pass: FixedPoint - 0.00548 (ms)
2026-07-13 09:53:01,113 [INFO] Pass: Size - 0.05174 (ms)
2026-07-13 09:53:01,113 [INFO] Pass: FixedPoint - 0.00405 (ms)
2026-07-13 09:53:01,114 [INFO] Pass: ContainsInstruction - 0.00525 (ms)
2026-07-13 09:53:01,114 [INFO] Pass: HighLevelSynthesis - 1.29747 (ms)
2026-07-13 09:53:01,115 [INFO] Total Transpile Time - 70.90688 (ms)
2026-07-13 09:53:01,115 [INFO] Pass: BasisTranslator - 0.61011 (ms)
2026-07-13 09:53:01,115 [INFO] Pass: Depth - 0.18024 (ms)
2026-07-13 09:53:01,115 [INFO] Pass: FixedPoint - 0.01311 (ms)
2026-07-13 09:53:01,115 [INFO] Pass: Size - 0.05555 (ms)
2026-07-13 09:53:01,115 [INFO] Pass: FixedPoint - 0.00453 (ms)
2026-07-13 09:53:01,116 [INFO] Pass: Optimize1qGatesDecomposition - 0.13208 (ms)
2026-07-13 09:53:01,116 [INFO] Pass: InverseCancellation - 0.00739 (ms)
2026-07-13 09:53:01,116 [INFO] Pass: GatesInBasis - 0.61989 (ms)
2026-07-13 09:53:01,117 [INFO] Pass: Depth - 0.13733 (ms)
2026-07-13 09:53:01,117 [INFO] Pass: FixedPoint - 0.00525 (ms)
2026-07-13 09:53:01,117 [INFO] Pass: Size - 0.05150 (ms)
2026-07-13 09:53:01,117 [INFO] Pass: ContainsInstruction - 0.01502 (ms)
2026-07-13 09:53:01,117 [INFO] Pass: FixedPoint - 0.00429 (ms)
2026-07-13 09:53:01,117 [INFO] Pass: ContainsInstruction - 0.00501 (ms)
2026-07-13 09:53:01,117 [INFO] Pass: InverseCancellation - 0.02003 (ms)
2026-07-13 09:53:01,117 [INFO] Pass: UnitarySynthesis - 0.00548 (ms)
2026-07-13 09:53:01,118 [INFO] Total Transpile Time - 71.07067 (ms)
2026-07-13 09:53:01,118 [INFO] Pass: HighLevelSynthesis - 1.24788 (ms)
2026-07-13 09:53:01,119 [INFO] Pass: BasisTranslator - 0.68116 (ms)
2026-07-13 09:53:01,119 [INFO] Pass: Depth - 0.17738 (ms)
2026-07-13 09:53:01,119 [INFO] Pass: FixedPoint - 0.01359 (ms)
2026-07-13 09:53:01,119 [INFO] Pass: Size - 0.05984 (ms)
2026-07-13 09:53:01,119 [INFO] Pass: ContainsInstruction - 0.01311 (ms)
2026-07-13 09:53:01,119 [INFO] Pass: FixedPoint - 0.00501 (ms)
2026-07-13 09:53:01,119 [INFO] Pass: InverseCancellation - 0.01955 (ms)
2026-07-13 09:53:01,119 [INFO] Pass: UnitarySynthesis - 0.00548 (ms)
2026-07-13 09:53:01,119 [INFO] Pass: Optimize1qGatesDecomposition - 0.13041 (ms)
2026-07-13 09:53:01,119 [INFO] Pass: InverseCancellation - 0.01478 (ms)
2026-07-13 09:53:01,120 [INFO] Pass: GatesInBasis - 0.61488 (ms)
2026-07-13 09:53:01,120 [INFO] Pass: Depth - 0.14639 (ms)
2026-07-13 09:53:01,120 [INFO] Pass: FixedPoint - 0.00525 (ms)
2026-07-13 09:53:01,120 [INFO] Pass: Size - 0.05150 (ms)
2026-07-13 09:53:01,120 [INFO] Pass: FixedPoint - 0.00429 (ms)
2026-07-13 09:53:01,121 [INFO] Pass: ContainsInstruction - 0.00501 (ms)
2026-07-13 09:53:01,121 [INFO] Pass: HighLevelSynthesis - 1.30558 (ms)
2026-07-13 09:53:01,121 [INFO] Pass: BasisTranslator - 0.62203 (ms)
2026-07-13 09:53:01,122 [INFO] Pass: Depth - 0.17691 (ms)
2026-07-13 09:53:01,122 [INFO] Pass: FixedPoint - 0.01287 (ms)
2026-07-13 09:53:01,122 [INFO] Total Transpile Time - 71.17391 (ms)
2026-07-13 09:53:01,122 [INFO] Pass: Size - 0.05436 (ms)
2026-07-13 09:53:01,122 [INFO] Pass: FixedPoint - 0.00477 (ms)
2026-07-13 09:53:01,122 [INFO] Pass: Optimize1qGatesDecomposition - 0.13113 (ms)
2026-07-13 09:53:01,122 [INFO] Pass: InverseCancellation - 0.00739 (ms)
2026-07-13 09:53:01,123 [INFO] Pass: GatesInBasis - 0.62251 (ms)
2026-07-13 09:53:01,123 [INFO] Pass: Depth - 0.13947 (ms)
2026-07-13 09:53:01,123 [INFO] Pass: FixedPoint - 0.00525 (ms)
2026-07-13 09:53:01,123 [INFO] Pass: Size - 0.05150 (ms)
2026-07-13 09:53:01,123 [INFO] Pass: FixedPoint - 0.00429 (ms)
2026-07-13 09:53:01,123 [INFO] Pass: ContainsInstruction - 0.00548 (ms)
2026-07-13 09:53:01,124 [INFO] Pass: ContainsInstruction - 0.01264 (ms)
2026-07-13 09:53:01,124 [INFO] Pass: InverseCancellation - 0.02027 (ms)
2026-07-13 09:53:01,124 [INFO] Pass: UnitarySynthesis - 0.00548 (ms)
2026-07-13 09:53:01,124 [INFO] Total Transpile Time - 70.16158 (ms)
2026-07-13 09:53:01,125 [INFO] Pass: HighLevelSynthesis - 1.19591 (ms)
2026-07-13 09:53:01,126 [INFO] Pass: BasisTranslator - 0.66757 (ms)
2026-07-13 09:53:01,126 [INFO] Pass: Depth - 0.16809 (ms)
2026-07-13 09:53:01,126 [INFO] Pass: ContainsInstruction - 0.01240 (ms)
2026-07-13 09:53:01,126 [INFO] Pass: FixedPoint - 0.01478 (ms)
2026-07-13 09:53:01,126 [INFO] Pass: InverseCancellation - 0.02098 (ms)
2026-07-13 09:53:01,126 [INFO] Pass: Size - 0.05627 (ms)
2026-07-13 09:53:01,126 [INFO] Pass: UnitarySynthesis - 0.00501 (ms)
2026-07-13 09:53:01,126 [INFO] Pass: FixedPoint - 0.00453 (ms)
2026-07-13 09:53:01,126 [INFO] Pass: Optimize1qGatesDecomposition - 0.14329 (ms)
2026-07-13 09:53:01,126 [INFO] Pass: InverseCancellation - 0.00715 (ms)
2026-07-13 09:53:01,127 [INFO] Pass: GatesInBasis - 0.63443 (ms)
2026-07-13 09:53:01,127 [INFO] Pass: Depth - 0.14997 (ms)
2026-07-13 09:53:01,127 [INFO] Pass: FixedPoint - 0.00548 (ms)
2026-07-13 09:53:01,127 [INFO] Pass: Size - 0.05150 (ms)
2026-07-13 09:53:01,127 [INFO] Pass: FixedPoint - 0.00429 (ms)
2026-07-13 09:53:01,127 [INFO] Pass: ContainsInstruction - 0.00525 (ms)
2026-07-13 09:53:01,127 [INFO] Pass: HighLevelSynthesis - 1.28460 (ms)
2026-07-13 09:53:01,128 [INFO] Pass: BasisTranslator - 0.61297 (ms)
2026-07-13 09:53:01,128 [INFO] Pass: Depth - 0.17357 (ms)
2026-07-13 09:53:01,128 [INFO] Pass: FixedPoint - 0.01287 (ms)
2026-07-13 09:53:01,128 [INFO] Pass: Size - 0.05388 (ms)
2026-07-13 09:53:01,129 [INFO] Pass: FixedPoint - 0.00453 (ms)
2026-07-13 09:53:01,129 [INFO] Total Transpile Time - 70.58525 (ms)
2026-07-13 09:53:01,129 [INFO] Pass: Optimize1qGatesDecomposition - 0.12708 (ms)
2026-07-13 09:53:01,129 [INFO] Pass: InverseCancellation - 0.00691 (ms)
2026-07-13 09:53:01,129 [INFO] Pass: GatesInBasis - 0.62180 (ms)
2026-07-13 09:53:01,130 [INFO] Pass: Depth - 0.13828 (ms)
2026-07-13 09:53:01,130 [INFO] Pass: FixedPoint - 0.00525 (ms)
2026-07-13 09:53:01,130 [INFO] Pass: Size - 0.05198 (ms)
2026-07-13 09:53:01,130 [INFO] Pass: FixedPoint - 0.00429 (ms)
2026-07-13 09:53:01,130 [INFO] Pass: ContainsInstruction - 0.00501 (ms)
2026-07-13 09:53:01,130 [INFO] Pass: ContainsInstruction - 0.01359 (ms)
2026-07-13 09:53:01,130 [INFO] Pass: InverseCancellation - 0.01931 (ms)
2026-07-13 09:53:01,130 [INFO] Pass: UnitarySynthesis - 0.00548 (ms)
2026-07-13 09:53:01,131 [INFO] Total Transpile Time - 69.94367 (ms)
2026-07-13 09:53:01,132 [INFO] Pass: HighLevelSynthesis - 1.22118 (ms)
2026-07-13 09:53:01,132 [INFO] Pass: BasisTranslator - 0.67186 (ms)
2026-07-13 09:53:01,133 [INFO] Pass: Depth - 0.17023 (ms)
2026-07-13 09:53:01,133 [INFO] Pass: FixedPoint - 0.01240 (ms)
2026-07-13 09:53:01,133 [INFO] Pass: Size - 0.05412 (ms)
2026-07-13 09:53:01,133 [INFO] Pass: FixedPoint - 0.00477 (ms)
2026-07-13 09:53:01,133 [INFO] Pass: Optimize1qGatesDecomposition - 0.13232 (ms)
2026-07-13 09:53:01,133 [INFO] Pass: InverseCancellation - 0.00691 (ms)
2026-07-13 09:53:01,134 [INFO] Pass: GatesInBasis - 0.63086 (ms)
2026-07-13 09:53:01,134 [INFO] Pass: Depth - 0.13971 (ms)
2026-07-13 09:53:01,134 [INFO] Pass: FixedPoint - 0.00548 (ms)
2026-07-13 09:53:01,134 [INFO] Pass: Size - 0.05293 (ms)
2026-07-13 09:53:01,134 [INFO] Pass: FixedPoint - 0.00429 (ms)
2026-07-13 09:53:01,134 [INFO] Pass: ContainsInstruction - 0.00501 (ms)
2026-07-13 09:53:01,134 [INFO] Pass: ContainsInstruction - 0.01335 (ms)
2026-07-13 09:53:01,135 [INFO] Pass: InverseCancellation - 0.02384 (ms)
2026-07-13 09:53:01,135 [INFO] Pass: UnitarySynthesis - 0.00525 (ms)
2026-07-13 09:53:01,135 [INFO] Total Transpile Time - 69.96465 (ms)
2026-07-13 09:53:01,136 [INFO] Pass: HighLevelSynthesis - 1.24812 (ms)
2026-07-13 09:53:01,137 [INFO] Pass: BasisTranslator - 0.68426 (ms)
2026-07-13 09:53:01,137 [INFO] Pass: Depth - 0.17166 (ms)
2026-07-13 09:53:01,137 [INFO] Pass: FixedPoint - 0.01359 (ms)
2026-07-13 09:53:01,137 [INFO] Pass: Size - 0.05627 (ms)
2026-07-13 09:53:01,137 [INFO] Pass: FixedPoint - 0.00453 (ms)
2026-07-13 09:53:01,137 [INFO] Pass: Optimize1qGatesDecomposition - 0.13709 (ms)
2026-07-13 09:53:01,137 [INFO] Pass: InverseCancellation - 0.00691 (ms)
2026-07-13 09:53:01,138 [INFO] Pass: GatesInBasis - 0.64969 (ms)
2026-07-13 09:53:01,138 [INFO] Pass: Depth - 0.13995 (ms)
2026-07-13 09:53:01,138 [INFO] Pass: FixedPoint - 0.00525 (ms)
2026-07-13 09:53:01,138 [INFO] Pass: Size - 0.05293 (ms)
2026-07-13 09:53:01,138 [INFO] Pass: FixedPoint - 0.00453 (ms)
2026-07-13 09:53:01,138 [INFO] Pass: ContainsInstruction - 0.00501 (ms)
2026-07-13 09:53:01,139 [INFO] Pass: ContainsInstruction - 0.01216 (ms)
2026-07-13 09:53:01,139 [INFO] Pass: InverseCancellation - 0.01860 (ms)
2026-07-13 09:53:01,139 [INFO] Pass: UnitarySynthesis - 0.00501 (ms)
2026-07-13 09:53:01,140 [INFO] Total Transpile Time - 70.14942 (ms)
2026-07-13 09:53:01,140 [INFO] Pass: HighLevelSynthesis - 1.22809 (ms)
2026-07-13 09:53:01,141 [INFO] Pass: BasisTranslator - 0.66900 (ms)
2026-07-13 09:53:01,141 [INFO] Pass: Depth - 0.17667 (ms)
2026-07-13 09:53:01,141 [INFO] Pass: FixedPoint - 0.01431 (ms)
2026-07-13 09:53:01,141 [INFO] Pass: Size - 0.05436 (ms)
2026-07-13 09:53:01,141 [INFO] Pass: FixedPoint - 0.00453 (ms)
2026-07-13 09:53:01,141 [INFO] Pass: Optimize1qGatesDecomposition - 0.13876 (ms)
2026-07-13 09:53:01,141 [INFO] Pass: InverseCancellation - 0.00715 (ms)
2026-07-13 09:53:01,142 [INFO] Pass: GatesInBasis - 0.60868 (ms)
2026-07-13 09:53:01,142 [INFO] Pass: Depth - 0.13757 (ms)
2026-07-13 09:53:01,142 [INFO] Pass: FixedPoint - 0.00501 (ms)
2026-07-13 09:53:01,142 [INFO] Pass: ContainsInstruction - 0.01955 (ms)
2026-07-13 09:53:01,142 [INFO] Pass: Size - 0.05150 (ms)
2026-07-13 09:53:01,142 [INFO] Pass: FixedPoint - 0.00429 (ms)
2026-07-13 09:53:01,142 [INFO] Pass: ContainsInstruction - 0.00525 (ms)
2026-07-13 09:53:01,142 [INFO] Pass: InverseCancellation - 0.01884 (ms)
2026-07-13 09:53:01,142 [INFO] Pass: UnitarySynthesis - 0.00525 (ms)
2026-07-13 09:53:01,143 [INFO] Pass: ContainsInstruction - 0.00858 (ms)
2026-07-13 09:53:01,143 [INFO] Pass: InverseCancellation - 0.16880 (ms)
2026-07-13 09:53:01,143 [INFO] Pass: UnitarySynthesis - 0.00525 (ms)
2026-07-13 09:53:01,144 [INFO] Total Transpile Time - 70.29080 (ms)
2026-07-13 09:53:01,144 [INFO] Pass: HighLevelSynthesis - 1.24574 (ms)
2026-07-13 09:53:01,144 [INFO] Pass: HighLevelSynthesis - 1.21498 (ms)
2026-07-13 09:53:01,144 [INFO] Pass: BasisTranslator - 0.67067 (ms)
2026-07-13 09:53:01,145 [INFO] Pass: Depth - 0.16785 (ms)
2026-07-13 09:53:01,145 [INFO] Pass: FixedPoint - 0.01502 (ms)
2026-07-13 09:53:01,145 [INFO] Pass: Size - 0.05531 (ms)
2026-07-13 09:53:01,145 [INFO] Pass: FixedPoint - 0.00429 (ms)
2026-07-13 09:53:01,145 [INFO] Pass: Optimize1qGatesDecomposition - 0.12803 (ms)
2026-07-13 09:53:01,145 [INFO] Pass: InverseCancellation - 0.00715 (ms)
2026-07-13 09:53:01,145 [INFO] Pass: BasisTranslator - 0.76890 (ms)
2026-07-13 09:53:01,145 [INFO] Pass: Depth - 0.15569 (ms)
2026-07-13 09:53:01,145 [INFO] Pass: FixedPoint - 0.00763 (ms)
2026-07-13 09:53:01,146 [INFO] Pass: Size - 0.05484 (ms)
2026-07-13 09:53:01,146 [INFO] Pass: FixedPoint - 0.00429 (ms)
2026-07-13 09:53:01,146 [INFO] Pass: GatesInBasis - 0.63181 (ms)
2026-07-13 09:53:01,146 [INFO] Pass: Depth - 0.14019 (ms)
2026-07-13 09:53:01,146 [INFO] Pass: FixedPoint - 0.00501 (ms)
2026-07-13 09:53:01,146 [INFO] Pass: Size - 0.05269 (ms)
2026-07-13 09:53:01,146 [INFO] Pass: FixedPoint - 0.00405 (ms)
2026-07-13 09:53:01,146 [INFO] Pass: ContainsInstruction - 0.00548 (ms)
2026-07-13 09:53:01,147 [INFO] Pass: Optimize1qGatesDecomposition - 1.15848 (ms)
2026-07-13 09:53:01,147 [INFO] Pass: InverseCancellation - 0.14591 (ms)
2026-07-13 09:53:01,147 [INFO] Pass: ContainsInstruction - 0.00787 (ms)
2026-07-13 09:53:01,147 [INFO] Pass: InverseCancellation - 0.17166 (ms)
2026-07-13 09:53:01,147 [INFO] Total Transpile Time - 69.90814 (ms)
2026-07-13 09:53:01,147 [INFO] Pass: UnitarySynthesis - 0.00429 (ms)
2026-07-13 09:53:01,148 [INFO] Pass: GatesInBasis - 0.65160 (ms)
2026-07-13 09:53:01,148 [INFO] Pass: Depth - 0.14544 (ms)
2026-07-13 09:53:01,148 [INFO] Pass: FixedPoint - 0.00548 (ms)
2026-07-13 09:53:01,148 [INFO] Pass: Size - 0.05412 (ms)
2026-07-13 09:53:01,148 [INFO] Pass: FixedPoint - 0.00405 (ms)
2026-07-13 09:53:01,148 [INFO] Pass: ContainsInstruction - 0.00525 (ms)
2026-07-13 09:53:01,149 [INFO] Pass: HighLevelSynthesis - 1.18971 (ms)
2026-07-13 09:53:01,149 [INFO] Total Transpile Time - 51.48625 (ms)
2026-07-13 09:53:01,149 [INFO] Pass: BasisTranslator - 0.64683 (ms)
2026-07-13 09:53:01,150 [INFO] Pass: Depth - 0.15783 (ms)
2026-07-13 09:53:01,150 [INFO] Pass: FixedPoint - 0.00715 (ms)
2026-07-13 09:53:01,150 [INFO] Pass: ContainsInstruction - 0.00739 (ms)
2026-07-13 09:53:01,150 [INFO] Pass: Size - 0.05651 (ms)
2026-07-13 09:53:01,150 [INFO] Pass: FixedPoint - 0.00453 (ms)
2026-07-13 09:53:01,150 [INFO] Pass: InverseCancellation - 0.16546 (ms)
2026-07-13 09:53:01,150 [INFO] Pass: UnitarySynthesis - 0.00477 (ms)
2026-07-13 09:53:01,150 [INFO] Pass: ContainsInstruction - 0.00787 (ms)
2026-07-13 09:53:01,150 [INFO] Pass: InverseCancellation - 0.16570 (ms)
2026-07-13 09:53:01,150 [INFO] Pass: UnitarySynthesis - 0.00501 (ms)
2026-07-13 09:53:01,151 [INFO] Pass: Optimize1qGatesDecomposition - 0.92626 (ms)
2026-07-13 09:53:01,151 [INFO] Pass: InverseCancellation - 0.14615 (ms)
2026-07-13 09:53:01,151 [INFO] Pass: HighLevelSynthesis - 1.21188 (ms)
2026-07-13 09:53:01,151 [INFO] Pass: HighLevelSynthesis - 1.20735 (ms)
2026-07-13 09:53:01,152 [INFO] Pass: GatesInBasis - 0.65303 (ms)
2026-07-13 09:53:01,152 [INFO] Pass: Depth - 0.14567 (ms)
2026-07-13 09:53:01,152 [INFO] Pass: FixedPoint - 0.00596 (ms)
2026-07-13 09:53:01,152 [INFO] Pass: ContainsInstruction - 0.00739 (ms)
2026-07-13 09:53:01,152 [INFO] Pass: BasisTranslator - 0.64826 (ms)
2026-07-13 09:53:01,152 [INFO] Pass: Size - 0.05436 (ms)
2026-07-13 09:53:01,152 [INFO] Pass: FixedPoint - 0.00453 (ms)
2026-07-13 09:53:01,152 [INFO] Pass: ContainsInstruction - 0.00477 (ms)
2026-07-13 09:53:01,152 [INFO] Pass: Depth - 0.15306 (ms)
2026-07-13 09:53:01,152 [INFO] Pass: InverseCancellation - 0.16594 (ms)
2026-07-13 09:53:01,152 [INFO] Pass: FixedPoint - 0.00811 (ms)
2026-07-13 09:53:01,152 [INFO] Pass: UnitarySynthesis - 0.00477 (ms)
2026-07-13 09:53:01,152 [INFO] Pass: Size - 0.05507 (ms)
2026-07-13 09:53:01,152 [INFO] Pass: BasisTranslator - 0.63491 (ms)
2026-07-13 09:53:01,152 [INFO] Pass: FixedPoint - 0.00429 (ms)
2026-07-13 09:53:01,152 [INFO] Pass: Depth - 0.15831 (ms)
2026-07-13 09:53:01,152 [INFO] Pass: FixedPoint - 0.00691 (ms)
2026-07-13 09:53:01,152 [INFO] Pass: Size - 0.05555 (ms)
2026-07-13 09:53:01,153 [INFO] Pass: FixedPoint - 0.00429 (ms)
2026-07-13 09:53:01,153 [INFO] Total Transpile Time - 51.59259 (ms)
2026-07-13 09:53:01,153 [INFO] Pass: Optimize1qGatesDecomposition - 0.93985 (ms)
2026-07-13 09:53:01,153 [INFO] Pass: HighLevelSynthesis - 1.20997 (ms)
2026-07-13 09:53:01,153 [INFO] Pass: InverseCancellation - 0.14424 (ms)
2026-07-13 09:53:01,153 [INFO] Pass: Optimize1qGatesDecomposition - 0.90432 (ms)
2026-07-13 09:53:01,154 [INFO] Pass: InverseCancellation - 0.14400 (ms)
2026-07-13 09:53:01,154 [INFO] Pass: BasisTranslator - 0.63515 (ms)
2026-07-13 09:53:01,154 [INFO] Pass: GatesInBasis - 0.66161 (ms)
2026-07-13 09:53:01,154 [INFO] Pass: Depth - 0.16332 (ms)
2026-07-13 09:53:01,154 [INFO] Pass: Depth - 0.15068 (ms)
2026-07-13 09:53:01,154 [INFO] Pass: FixedPoint - 0.00715 (ms)
2026-07-13 09:53:01,154 [INFO] Pass: FixedPoint - 0.00548 (ms)
2026-07-13 09:53:01,154 [INFO] Pass: Size - 0.05603 (ms)
2026-07-13 09:53:01,154 [INFO] Pass: GatesInBasis - 0.65207 (ms)
2026-07-13 09:53:01,154 [INFO] Pass: FixedPoint - 0.00453 (ms)
2026-07-13 09:53:01,154 [INFO] Pass: Size - 0.05555 (ms)
2026-07-13 09:53:01,154 [INFO] Pass: FixedPoint - 0.00429 (ms)
2026-07-13 09:53:01,154 [INFO] Pass: ContainsInstruction - 0.00548 (ms)
2026-07-13 09:53:01,155 [INFO] Pass: Depth - 0.14544 (ms)
2026-07-13 09:53:01,155 [INFO] Pass: FixedPoint - 0.00501 (ms)
2026-07-13 09:53:01,155 [INFO] Pass: Size - 0.05460 (ms)
2026-07-13 09:53:01,155 [INFO] Pass: FixedPoint - 0.00405 (ms)
2026-07-13 09:53:01,155 [INFO] Pass: ContainsInstruction - 0.00525 (ms)
2026-07-13 09:53:01,155 [INFO] Pass: Optimize1qGatesDecomposition - 0.90432 (ms)
2026-07-13 09:53:01,156 [INFO] Pass: InverseCancellation - 0.14329 (ms)
2026-07-13 09:53:01,156 [INFO] Total Transpile Time - 52.84500 (ms)
2026-07-13 09:53:01,156 [INFO] Pass: ContainsInstruction - 0.00811 (ms)
2026-07-13 09:53:01,156 [INFO] Pass: InverseCancellation - 0.16427 (ms)
2026-07-13 09:53:01,156 [INFO] Total Transpile Time - 51.23162 (ms)
2026-07-13 09:53:01,156 [INFO] Pass: UnitarySynthesis - 0.00453 (ms)
2026-07-13 09:53:01,156 [INFO] Pass: GatesInBasis - 0.66447 (ms)
2026-07-13 09:53:01,156 [INFO] Pass: Depth - 0.14639 (ms)
2026-07-13 09:53:01,156 [INFO] Pass: FixedPoint - 0.00572 (ms)
2026-07-13 09:53:01,157 [INFO] Pass: Size - 0.05388 (ms)
2026-07-13 09:53:01,157 [INFO] Pass: FixedPoint - 0.00429 (ms)
2026-07-13 09:53:01,157 [INFO] Pass: ContainsInstruction - 0.00525 (ms)
2026-07-13 09:53:01,157 [INFO] Pass: HighLevelSynthesis - 1.19209 (ms)
2026-07-13 09:53:01,158 [INFO] Total Transpile Time - 51.04375 (ms)
2026-07-13 09:53:01,158 [INFO] Pass: BasisTranslator - 0.62704 (ms)
2026-07-13 09:53:01,158 [INFO] Pass: Depth - 0.15521 (ms)
2026-07-13 09:53:01,158 [INFO] Pass: FixedPoint - 0.00739 (ms)
2026-07-13 09:53:01,158 [INFO] Pass: Size - 0.05555 (ms)
2026-07-13 09:53:01,158 [INFO] Pass: FixedPoint - 0.00477 (ms)
2026-07-13 09:53:01,159 [INFO] Pass: Optimize1qGatesDecomposition - 0.90265 (ms)
2026-07-13 09:53:01,159 [INFO] Pass: InverseCancellation - 0.14687 (ms)
2026-07-13 09:53:01,160 [INFO] Pass: ContainsInstruction - 0.00739 (ms)
2026-07-13 09:53:01,160 [INFO] Pass: GatesInBasis - 0.64540 (ms)
2026-07-13 09:53:01,160 [INFO] Pass: InverseCancellation - 0.16594 (ms)
2026-07-13 09:53:01,160 [INFO] Pass: UnitarySynthesis - 0.00477 (ms)
2026-07-13 09:53:01,160 [INFO] Pass: Depth - 0.14997 (ms)
2026-07-13 09:53:01,160 [INFO] Pass: FixedPoint - 0.00548 (ms)
2026-07-13 09:53:01,160 [INFO] Pass: Size - 0.05460 (ms)
2026-07-13 09:53:01,160 [INFO] Pass: FixedPoint - 0.00453 (ms)
2026-07-13 09:53:01,160 [INFO] Pass: ContainsInstruction - 0.00501 (ms)
2026-07-13 09:53:01,161 [INFO] Pass: HighLevelSynthesis - 1.19853 (ms)
2026-07-13 09:53:01,162 [INFO] Total Transpile Time - 51.14245 (ms)
2026-07-13 09:53:01,162 [INFO] Pass: BasisTranslator - 0.76938 (ms)
2026-07-13 09:53:01,162 [INFO] Pass: Depth - 0.15736 (ms)
2026-07-13 09:53:01,163 [INFO] Pass: FixedPoint - 0.00763 (ms)
2026-07-13 09:53:01,163 [INFO] Pass: Size - 0.05603 (ms)
2026-07-13 09:53:01,163 [INFO] Pass: FixedPoint - 0.00453 (ms)
2026-07-13 09:53:01,163 [INFO] Pass: ContainsInstruction - 0.00763 (ms)
2026-07-13 09:53:01,163 [INFO] Pass: InverseCancellation - 0.16809 (ms)
2026-07-13 09:53:01,163 [INFO] Pass: UnitarySynthesis - 0.00453 (ms)
2026-07-13 09:53:01,164 [INFO] Pass: Optimize1qGatesDecomposition - 0.91004 (ms)
2026-07-13 09:53:01,164 [INFO] Pass: InverseCancellation - 0.14472 (ms)
2026-07-13 09:53:01,164 [INFO] Pass: GatesInBasis - 0.65064 (ms)
2026-07-13 09:53:01,165 [INFO] Pass: HighLevelSynthesis - 1.18375 (ms)
2026-07-13 09:53:01,165 [INFO] Pass: Depth - 0.14663 (ms)
2026-07-13 09:53:01,165 [INFO] Pass: FixedPoint - 0.00548 (ms)
2026-07-13 09:53:01,165 [INFO] Pass: Size - 0.05388 (ms)
2026-07-13 09:53:01,165 [INFO] Pass: FixedPoint - 0.00429 (ms)
2026-07-13 09:53:01,165 [INFO] Pass: ContainsInstruction - 0.00525 (ms)
2026-07-13 09:53:01,165 [INFO] Pass: BasisTranslator - 0.63658 (ms)
2026-07-13 09:53:01,165 [INFO] Pass: Depth - 0.15688 (ms)
2026-07-13 09:53:01,166 [INFO] Pass: FixedPoint - 0.00715 (ms)
2026-07-13 09:53:01,166 [INFO] Pass: Size - 0.05746 (ms)
2026-07-13 09:53:01,166 [INFO] Pass: FixedPoint - 0.00477 (ms)
2026-07-13 09:53:01,166 [INFO] Total Transpile Time - 51.20397 (ms)
2026-07-13 09:53:01,167 [INFO] Pass: Optimize1qGatesDecomposition - 0.94128 (ms)
2026-07-13 09:53:01,167 [INFO] Pass: InverseCancellation - 0.14448 (ms)
2026-07-13 09:53:01,167 [INFO] Pass: ContainsInstruction - 0.00715 (ms)
2026-07-13 09:53:01,167 [INFO] Pass: InverseCancellation - 0.17023 (ms)
2026-07-13 09:53:01,167 [INFO] Pass: UnitarySynthesis - 0.00477 (ms)
2026-07-13 09:53:01,168 [INFO] Pass: GatesInBasis - 0.65613 (ms)
2026-07-13 09:53:01,168 [INFO] Pass: Depth - 0.14615 (ms)
2026-07-13 09:53:01,168 [INFO] Pass: FixedPoint - 0.00572 (ms)
2026-07-13 09:53:01,168 [INFO] Pass: Size - 0.05507 (ms)
2026-07-13 09:53:01,168 [INFO] Pass: FixedPoint - 0.00405 (ms)
2026-07-13 09:53:01,168 [INFO] Pass: ContainsInstruction - 0.00501 (ms)
2026-07-13 09:53:01,169 [INFO] Pass: HighLevelSynthesis - 1.20044 (ms)
2026-07-13 09:53:01,169 [INFO] Total Transpile Time - 51.05448 (ms)
2026-07-13 09:53:01,169 [INFO] Pass: ContainsInstruction - 0.00834 (ms)
2026-07-13 09:53:01,169 [INFO] Pass: BasisTranslator - 0.76652 (ms)
2026-07-13 09:53:01,169 [INFO] Pass: InverseCancellation - 0.16046 (ms)
2026-07-13 09:53:01,169 [INFO] Pass: UnitarySynthesis - 0.00453 (ms)
2026-07-13 09:53:01,170 [INFO] Pass: Depth - 0.15640 (ms)
2026-07-13 09:53:01,170 [INFO] Pass: FixedPoint - 0.00739 (ms)
2026-07-13 09:53:01,170 [INFO] Pass: Size - 0.05603 (ms)
2026-07-13 09:53:01,170 [INFO] Pass: FixedPoint - 0.00429 (ms)
2026-07-13 09:53:01,171 [INFO] Pass: Optimize1qGatesDecomposition - 0.92793 (ms)
2026-07-13 09:53:01,171 [INFO] Pass: HighLevelSynthesis - 1.18423 (ms)
2026-07-13 09:53:01,171 [INFO] Pass: InverseCancellation - 0.14591 (ms)
2026-07-13 09:53:01,171 [INFO] Pass: BasisTranslator - 0.63729 (ms)
2026-07-13 09:53:01,172 [INFO] Pass: Depth - 0.15259 (ms)
2026-07-13 09:53:01,172 [INFO] Pass: GatesInBasis - 0.65875 (ms)
2026-07-13 09:53:01,172 [INFO] Pass: FixedPoint - 0.00978 (ms)
2026-07-13 09:53:01,172 [INFO] Pass: Size - 0.05627 (ms)
2026-07-13 09:53:01,172 [INFO] Pass: FixedPoint - 0.00453 (ms)
2026-07-13 09:53:01,172 [INFO] Pass: Depth - 0.14567 (ms)
2026-07-13 09:53:01,172 [INFO] Pass: FixedPoint - 0.00572 (ms)
2026-07-13 09:53:01,172 [INFO] Pass: Size - 0.05364 (ms)
2026-07-13 09:53:01,172 [INFO] Pass: FixedPoint - 0.00405 (ms)
2026-07-13 09:53:01,172 [INFO] Pass: ContainsInstruction - 0.00501 (ms)
2026-07-13 09:53:01,173 [INFO] Pass: Optimize1qGatesDecomposition - 0.90575 (ms)
2026-07-13 09:53:01,173 [INFO] Pass: InverseCancellation - 0.14210 (ms)
2026-07-13 09:53:01,173 [INFO] Total Transpile Time - 51.30768 (ms)
2026-07-13 09:53:01,174 [INFO] Pass: GatesInBasis - 0.65160 (ms)
2026-07-13 09:53:01,174 [INFO] Pass: ContainsInstruction - 0.00882 (ms)
2026-07-13 09:53:01,174 [INFO] Pass: Depth - 0.14615 (ms)
2026-07-13 09:53:01,174 [INFO] Pass: FixedPoint - 0.00572 (ms)
2026-07-13 09:53:01,174 [INFO] Pass: InverseCancellation - 0.16475 (ms)
2026-07-13 09:53:01,174 [INFO] Pass: UnitarySynthesis - 0.00453 (ms)
2026-07-13 09:53:01,174 [INFO] Pass: Size - 0.05364 (ms)
2026-07-13 09:53:01,174 [INFO] Pass: FixedPoint - 0.00405 (ms)
2026-07-13 09:53:01,174 [INFO] Pass: ContainsInstruction - 0.00763 (ms)
2026-07-13 09:53:01,175 [INFO] Total Transpile Time - 50.74739 (ms)
2026-07-13 09:53:01,175 [INFO] Pass: HighLevelSynthesis - 1.18613 (ms)
2026-07-13 09:53:01,176 [INFO] Pass: BasisTranslator - 0.76437 (ms)
2026-07-13 09:53:01,176 [INFO] Pass: ContainsInstruction - 0.00834 (ms)
2026-07-13 09:53:01,176 [INFO] Pass: Depth - 0.15640 (ms)
2026-07-13 09:53:01,176 [INFO] Pass: InverseCancellation - 0.16165 (ms)
2026-07-13 09:53:01,176 [INFO] Pass: FixedPoint - 0.00763 (ms)
2026-07-13 09:53:01,176 [INFO] Pass: UnitarySynthesis - 0.00501 (ms)
2026-07-13 09:53:01,176 [INFO] Pass: Size - 0.05698 (ms)
2026-07-13 09:53:01,176 [INFO] Pass: FixedPoint - 0.00429 (ms)
2026-07-13 09:53:01,177 [INFO] Pass: Optimize1qGatesDecomposition - 0.91219 (ms)
2026-07-13 09:53:01,177 [INFO] Pass: HighLevelSynthesis - 1.18542 (ms)
2026-07-13 09:53:01,177 [INFO] Pass: InverseCancellation - 0.14520 (ms)
2026-07-13 09:53:01,178 [INFO] Pass: BasisTranslator - 0.63014 (ms)
2026-07-13 09:53:01,178 [INFO] Pass: GatesInBasis - 0.65303 (ms)
2026-07-13 09:53:01,178 [INFO] Pass: Depth - 0.15354 (ms)
2026-07-13 09:53:01,178 [INFO] Pass: Depth - 0.14496 (ms)
2026-07-13 09:53:01,178 [INFO] Pass: FixedPoint - 0.00858 (ms)
2026-07-13 09:53:01,178 [INFO] Pass: FixedPoint - 0.00572 (ms)
2026-07-13 09:53:01,178 [INFO] Pass: Size - 0.05770 (ms)
2026-07-13 09:53:01,179 [INFO] Pass: Size - 0.05388 (ms)
2026-07-13 09:53:01,179 [INFO] Pass: FixedPoint - 0.00429 (ms)
2026-07-13 09:53:01,179 [INFO] Pass: FixedPoint - 0.00453 (ms)
2026-07-13 09:53:01,179 [INFO] Pass: ContainsInstruction - 0.00811 (ms)
2026-07-13 09:53:01,179 [INFO] Pass: Optimize1qGatesDecomposition - 0.90122 (ms)
2026-07-13 09:53:01,180 [INFO] Total Transpile Time - 50.98128 (ms)
2026-07-13 09:53:01,180 [INFO] Pass: InverseCancellation - 0.14496 (ms)
2026-07-13 09:53:01,180 [INFO] Pass: ContainsInstruction - 0.00644 (ms)
2026-07-13 09:53:01,180 [INFO] Pass: InverseCancellation - 0.16379 (ms)
2026-07-13 09:53:01,180 [INFO] Pass: UnitarySynthesis - 0.00429 (ms)
2026-07-13 09:53:01,180 [INFO] Pass: GatesInBasis - 0.65041 (ms)
2026-07-13 09:53:01,181 [INFO] Pass: Depth - 0.14567 (ms)
2026-07-13 09:53:01,181 [INFO] Pass: FixedPoint - 0.00572 (ms)
2026-07-13 09:53:01,181 [INFO] Pass: Size - 0.05460 (ms)
2026-07-13 09:53:01,181 [INFO] Pass: FixedPoint - 0.00453 (ms)
2026-07-13 09:53:01,181 [INFO] Pass: ContainsInstruction - 0.00811 (ms)
2026-07-13 09:53:01,181 [INFO] Pass: HighLevelSynthesis - 1.19638 (ms)
2026-07-13 09:53:01,182 [INFO] Total Transpile Time - 50.83275 (ms)
2026-07-13 09:53:01,182 [INFO] Pass: BasisTranslator - 0.76842 (ms)
2026-07-13 09:53:01,182 [INFO] Pass: Depth - 0.15259 (ms)
2026-07-13 09:53:01,183 [INFO] Pass: FixedPoint - 0.00668 (ms)
2026-07-13 09:53:01,183 [INFO] Pass: Size - 0.05531 (ms)
2026-07-13 09:53:01,183 [INFO] Pass: FixedPoint - 0.00501 (ms)
2026-07-13 09:53:01,184 [INFO] Pass: Optimize1qGatesDecomposition - 0.90122 (ms)
2026-07-13 09:53:01,184 [INFO] Pass: InverseCancellation - 0.14544 (ms)
2026-07-13 09:53:01,184 [INFO] Pass: GatesInBasis - 0.64850 (ms)
2026-07-13 09:53:01,184 [INFO] Pass: ContainsInstruction - 0.00763 (ms)
2026-07-13 09:53:01,185 [INFO] Pass: Depth - 0.14472 (ms)
2026-07-13 09:53:01,185 [INFO] Pass: FixedPoint - 0.00572 (ms)
2026-07-13 09:53:01,185 [INFO] Pass: InverseCancellation - 0.16284 (ms)
2026-07-13 09:53:01,185 [INFO] Pass: UnitarySynthesis - 0.00453 (ms)
2026-07-13 09:53:01,185 [INFO] Pass: Size - 0.05412 (ms)
2026-07-13 09:53:01,185 [INFO] Pass: FixedPoint - 0.00477 (ms)
2026-07-13 09:53:01,185 [INFO] Pass: ContainsInstruction - 0.00525 (ms)
2026-07-13 09:53:01,186 [INFO] Total Transpile Time - 50.69089 (ms)
2026-07-13 09:53:01,186 [INFO] Pass: HighLevelSynthesis - 1.19853 (ms)
2026-07-13 09:53:01,187 [INFO] Pass: BasisTranslator - 0.77581 (ms)
2026-07-13 09:53:01,187 [INFO] Pass: Depth - 0.15616 (ms)
2026-07-13 09:53:01,187 [INFO] Pass: FixedPoint - 0.00715 (ms)
2026-07-13 09:53:01,187 [INFO] Pass: Size - 0.06008 (ms)
2026-07-13 09:53:01,187 [INFO] Pass: FixedPoint - 0.00477 (ms)
2026-07-13 09:53:01,188 [INFO] Pass: Optimize1qGatesDecomposition - 0.89526 (ms)
2026-07-13 09:53:01,188 [INFO] Pass: InverseCancellation - 0.14567 (ms)
2026-07-13 09:53:01,189 [INFO] Pass: ContainsInstruction - 0.00739 (ms)
2026-07-13 09:53:01,189 [INFO] Pass: InverseCancellation - 0.16260 (ms)
2026-07-13 09:53:01,189 [INFO] Pass: UnitarySynthesis - 0.00477 (ms)
2026-07-13 09:53:01,189 [INFO] Pass: GatesInBasis - 0.64778 (ms)
2026-07-13 09:53:01,189 [INFO] Pass: Depth - 0.16093 (ms)
2026-07-13 09:53:01,189 [INFO] Pass: FixedPoint - 0.00572 (ms)
2026-07-13 09:53:01,189 [INFO] Pass: Size - 0.05460 (ms)
2026-07-13 09:53:01,189 [INFO] Pass: FixedPoint - 0.00453 (ms)
2026-07-13 09:53:01,189 [INFO] Pass: ContainsInstruction - 0.00525 (ms)
2026-07-13 09:53:01,190 [INFO] Pass: HighLevelSynthesis - 1.19781 (ms)
2026-07-13 09:53:01,191 [INFO] Total Transpile Time - 51.01442 (ms)
2026-07-13 09:53:01,191 [INFO] Pass: BasisTranslator - 0.76914 (ms)
2026-07-13 09:53:01,191 [INFO] Pass: Depth - 0.15545 (ms)
2026-07-13 09:53:01,191 [INFO] Pass: FixedPoint - 0.00763 (ms)
2026-07-13 09:53:01,191 [INFO] Pass: Size - 0.05674 (ms)
2026-07-13 09:53:01,191 [INFO] Pass: FixedPoint - 0.00453 (ms)
2026-07-13 09:53:01,192 [INFO] Pass: Optimize1qGatesDecomposition - 0.90528 (ms)
2026-07-13 09:53:01,192 [INFO] Pass: ContainsInstruction - 0.00644 (ms)
2026-07-13 09:53:01,193 [INFO] Pass: InverseCancellation - 0.14567 (ms)
2026-07-13 09:53:01,193 [INFO] Pass: InverseCancellation - 0.16475 (ms)
2026-07-13 09:53:01,193 [INFO] Pass: UnitarySynthesis - 0.00429 (ms)
2026-07-13 09:53:01,193 [INFO] Pass: GatesInBasis - 0.65756 (ms)
2026-07-13 09:53:01,193 [INFO] Pass: Depth - 0.14591 (ms)
2026-07-13 09:53:01,193 [INFO] Pass: FixedPoint - 0.00548 (ms)
2026-07-13 09:53:01,194 [INFO] Pass: Size - 0.05436 (ms)
2026-07-13 09:53:01,194 [INFO] Pass: FixedPoint - 0.00453 (ms)
2026-07-13 09:53:01,194 [INFO] Pass: ContainsInstruction - 0.00548 (ms)
2026-07-13 09:53:01,194 [INFO] Pass: HighLevelSynthesis - 1.18446 (ms)
2026-07-13 09:53:01,194 [INFO] Pass: ContainsInstruction - 0.00691 (ms)
2026-07-13 09:53:01,194 [INFO] Pass: InverseCancellation - 0.16570 (ms)
2026-07-13 09:53:01,194 [INFO] Pass: UnitarySynthesis - 0.00501 (ms)
2026-07-13 09:53:01,195 [INFO] Pass: BasisTranslator - 0.76938 (ms)
2026-07-13 09:53:01,195 [INFO] Total Transpile Time - 51.04780 (ms)
2026-07-13 09:53:01,195 [INFO] Pass: Depth - 0.15712 (ms)
2026-07-13 09:53:01,195 [INFO] Pass: FixedPoint - 0.00763 (ms)
2026-07-13 09:53:01,195 [INFO] Pass: Size - 0.05698 (ms)
2026-07-13 09:53:01,195 [INFO] Pass: FixedPoint - 0.00453 (ms)
2026-07-13 09:53:01,196 [INFO] Pass: HighLevelSynthesis - 1.30248 (ms)
2026-07-13 09:53:01,196 [INFO] Pass: Optimize1qGatesDecomposition - 0.95224 (ms)
2026-07-13 09:53:01,196 [INFO] Pass: InverseCancellation - 0.15020 (ms)
2026-07-13 09:53:01,196 [INFO] Pass: BasisTranslator - 0.82850 (ms)
2026-07-13 09:53:01,197 [INFO] Pass: Depth - 0.16189 (ms)
2026-07-13 09:53:01,197 [INFO] Pass: FixedPoint - 0.00691 (ms)
2026-07-13 09:53:01,197 [INFO] Pass: Size - 0.05770 (ms)
2026-07-13 09:53:01,197 [INFO] Pass: FixedPoint - 0.00429 (ms)
2026-07-13 09:53:01,197 [INFO] Pass: GatesInBasis - 0.65041 (ms)
2026-07-13 09:53:01,197 [INFO] Pass: Depth - 0.14567 (ms)
2026-07-13 09:53:01,197 [INFO] Pass: FixedPoint - 0.00596 (ms)
2026-07-13 09:53:01,197 [INFO] Pass: Size - 0.05436 (ms)
2026-07-13 09:53:01,197 [INFO] Pass: FixedPoint - 0.00429 (ms)
2026-07-13 09:53:01,197 [INFO] Pass: ContainsInstruction - 0.00501 (ms)
2026-07-13 09:53:01,198 [INFO] Pass: Optimize1qGatesDecomposition - 1.02258 (ms)
2026-07-13 09:53:01,198 [INFO] Pass: InverseCancellation - 0.00787 (ms)
2026-07-13 09:53:01,198 [INFO] Pass: ContainsInstruction - 0.00739 (ms)
2026-07-13 09:53:01,198 [INFO] Pass: InverseCancellation - 0.16975 (ms)
2026-07-13 09:53:01,198 [INFO] Pass: UnitarySynthesis - 0.00429 (ms)
2026-07-13 09:53:01,199 [INFO] Total Transpile Time - 51.10264 (ms)
2026-07-13 09:53:01,199 [INFO] Pass: GatesInBasis - 0.64492 (ms)
2026-07-13 09:53:01,199 [INFO] Pass: Depth - 0.14853 (ms)
2026-07-13 09:53:01,199 [INFO] Pass: FixedPoint - 0.00572 (ms)
2026-07-13 09:53:01,199 [INFO] Pass: Size - 0.05603 (ms)
2026-07-13 09:53:01,199 [INFO] Pass: FixedPoint - 0.00453 (ms)
2026-07-13 09:53:01,200 [INFO] Pass: HighLevelSynthesis - 1.27149 (ms)
2026-07-13 09:53:01,200 [INFO] Pass: Optimize1qGatesDecomposition - 0.82231 (ms)
2026-07-13 09:53:01,200 [INFO] Pass: InverseCancellation - 0.00787 (ms)
2026-07-13 09:53:01,200 [INFO] Pass: BasisTranslator - 0.69642 (ms)
2026-07-13 09:53:01,201 [INFO] Pass: Depth - 0.16427 (ms)
2026-07-13 09:53:01,201 [INFO] Pass: FixedPoint - 0.00691 (ms)
2026-07-13 09:53:01,201 [INFO] Pass: GatesInBasis - 0.63086 (ms)
2026-07-13 09:53:01,201 [INFO] Pass: Size - 0.05960 (ms)
2026-07-13 09:53:01,201 [INFO] Pass: ContainsInstruction - 0.00715 (ms)
2026-07-13 09:53:01,201 [INFO] Pass: FixedPoint - 0.00453 (ms)
2026-07-13 09:53:01,201 [INFO] Pass: ContainsInstruction - 0.00739 (ms)
2026-07-13 09:53:01,201 [INFO] Pass: Depth - 0.14520 (ms)
2026-07-13 09:53:01,201 [INFO] Pass: FixedPoint - 0.00548 (ms)
2026-07-13 09:53:01,201 [INFO] Pass: Size - 0.05555 (ms)
2026-07-13 09:53:01,201 [INFO] Pass: InverseCancellation - 0.16618 (ms)
2026-07-13 09:53:01,201 [INFO] Pass: InverseCancellation - 0.16546 (ms)
2026-07-13 09:53:01,201 [INFO] Pass: FixedPoint - 0.00453 (ms)
2026-07-13 09:53:01,201 [INFO] Pass: UnitarySynthesis - 0.00453 (ms)
2026-07-13 09:53:01,201 [INFO] Pass: ContainsInstruction - 0.00501 (ms)
2026-07-13 09:53:01,201 [INFO] Pass: UnitarySynthesis - 0.00477 (ms)
2026-07-13 09:53:01,202 [INFO] Pass: Optimize1qGatesDecomposition - 1.01900 (ms)
2026-07-13 09:53:01,202 [INFO] Pass: InverseCancellation - 0.00787 (ms)
2026-07-13 09:53:01,202 [INFO] Total Transpile Time - 52.86479 (ms)
2026-07-13 09:53:01,202 [INFO] Pass: HighLevelSynthesis - 1.26266 (ms)
2026-07-13 09:53:01,202 [INFO] Pass: HighLevelSynthesis - 1.28794 (ms)
2026-07-13 09:53:01,203 [INFO] Pass: GatesInBasis - 0.64826 (ms)
2026-07-13 09:53:01,203 [INFO] Pass: ContainsInstruction - 0.00691 (ms)
2026-07-13 09:53:01,203 [INFO] Pass: Depth - 0.14997 (ms)
2026-07-13 09:53:01,203 [INFO] Pass: FixedPoint - 0.00525 (ms)
2026-07-13 09:53:01,203 [INFO] Pass: Size - 0.05412 (ms)
2026-07-13 09:53:01,203 [INFO] Pass: FixedPoint - 0.00453 (ms)
2026-07-13 09:53:01,203 [INFO] Pass: InverseCancellation - 0.16618 (ms)
2026-07-13 09:53:01,203 [INFO] Pass: UnitarySynthesis - 0.00477 (ms)
2026-07-13 09:53:01,203 [INFO] Pass: BasisTranslator - 0.68665 (ms)
2026-07-13 09:53:01,203 [INFO] Pass: BasisTranslator - 0.67782 (ms)
2026-07-13 09:53:01,203 [INFO] Pass: Depth - 0.16570 (ms)
2026-07-13 09:53:01,203 [INFO] Pass: FixedPoint - 0.00739 (ms)
2026-07-13 09:53:01,203 [INFO] Pass: Depth - 0.16904 (ms)
2026-07-13 09:53:01,203 [INFO] Pass: FixedPoint - 0.00715 (ms)
2026-07-13 09:53:01,203 [INFO] Pass: Size - 0.05746 (ms)
2026-07-13 09:53:01,203 [INFO] Pass: FixedPoint - 0.00453 (ms)
2026-07-13 09:53:01,203 [INFO] Pass: Size - 0.05913 (ms)
2026-07-13 09:53:01,203 [INFO] Pass: FixedPoint - 0.00405 (ms)
2026-07-13 09:53:01,204 [INFO] Pass: Optimize1qGatesDecomposition - 0.81515 (ms)
2026-07-13 09:53:01,204 [INFO] Pass: InverseCancellation - 0.00668 (ms)
2026-07-13 09:53:01,204 [INFO] Pass: HighLevelSynthesis - 1.27292 (ms)
2026-07-13 09:53:01,204 [INFO] Pass: Optimize1qGatesDecomposition - 1.02520 (ms)
2026-07-13 09:53:01,205 [INFO] Pass: Optimize1qGatesDecomposition - 1.01709 (ms)
2026-07-13 09:53:01,205 [INFO] Pass: InverseCancellation - 0.00787 (ms)
2026-07-13 09:53:01,205 [INFO] Pass: InverseCancellation - 0.00834 (ms)
2026-07-13 09:53:01,205 [INFO] Pass: GatesInBasis - 0.73600 (ms)
2026-07-13 09:53:01,205 [INFO] Pass: Depth - 0.14663 (ms)
2026-07-13 09:53:01,205 [INFO] Pass: FixedPoint - 0.00525 (ms)
2026-07-13 09:53:01,205 [INFO] Pass: Size - 0.05436 (ms)
2026-07-13 09:53:01,205 [INFO] Pass: FixedPoint - 0.00429 (ms)
2026-07-13 09:53:01,205 [INFO] Pass: ContainsInstruction - 0.00620 (ms)
2026-07-13 09:53:01,205 [INFO] Pass: BasisTranslator - 0.67973 (ms)
2026-07-13 09:53:01,205 [INFO] Pass: GatesInBasis - 0.65088 (ms)
2026-07-13 09:53:01,205 [INFO] Pass: Depth - 0.17095 (ms)
2026-07-13 09:53:01,205 [INFO] Pass: GatesInBasis - 0.64754 (ms)
2026-07-13 09:53:01,205 [INFO] Pass: FixedPoint - 0.00763 (ms)
2026-07-13 09:53:01,205 [INFO] Pass: Size - 0.05841 (ms)
2026-07-13 09:53:01,205 [INFO] Pass: Depth - 0.15140 (ms)
2026-07-13 09:53:01,205 [INFO] Pass: FixedPoint - 0.00453 (ms)
2026-07-13 09:53:01,205 [INFO] Pass: Depth - 0.14853 (ms)
2026-07-13 09:53:01,205 [INFO] Pass: FixedPoint - 0.00548 (ms)
2026-07-13 09:53:01,205 [INFO] Pass: FixedPoint - 0.00525 (ms)
2026-07-13 09:53:01,206 [INFO] Pass: Size - 0.05388 (ms)
2026-07-13 09:53:01,206 [INFO] Pass: Size - 0.05436 (ms)
2026-07-13 09:53:01,206 [INFO] Pass: FixedPoint - 0.00405 (ms)
2026-07-13 09:53:01,206 [INFO] Pass: FixedPoint - 0.00429 (ms)
2026-07-13 09:53:01,206 [INFO] Total Transpile Time - 52.96206 (ms)
2026-07-13 09:53:01,206 [INFO] Pass: ContainsInstruction - 0.00763 (ms)
2026-07-13 09:53:01,206 [INFO] Pass: Optimize1qGatesDecomposition - 0.81992 (ms)
2026-07-13 09:53:01,206 [INFO] Pass: Optimize1qGatesDecomposition - 0.80919 (ms)
2026-07-13 09:53:01,206 [INFO] Pass: Optimize1qGatesDecomposition - 1.01805 (ms)
2026-07-13 09:53:01,206 [INFO] Pass: InverseCancellation - 0.00668 (ms)
2026-07-13 09:53:01,207 [INFO] Pass: InverseCancellation - 0.00739 (ms)
2026-07-13 09:53:01,207 [INFO] Pass: InverseCancellation - 0.00739 (ms)
2026-07-13 09:53:01,207 [INFO] Pass: InverseCancellation - 0.16356 (ms)
2026-07-13 09:53:01,207 [INFO] Pass: UnitarySynthesis - 0.00453 (ms)
2026-07-13 09:53:01,207 [INFO] Pass: GatesInBasis - 0.70119 (ms)
2026-07-13 09:53:01,207 [INFO] Pass: GatesInBasis - 0.65541 (ms)
2026-07-13 09:53:01,207 [INFO] Pass: GatesInBasis - 0.69785 (ms)
2026-07-13 09:53:01,207 [INFO] Pass: Depth - 0.14710 (ms)
2026-07-13 09:53:01,207 [INFO] Pass: Depth - 0.15068 (ms)
2026-07-13 09:53:01,207 [INFO] Pass: Depth - 0.14567 (ms)
2026-07-13 09:53:01,207 [INFO] Pass: FixedPoint - 0.00525 (ms)
2026-07-13 09:53:01,207 [INFO] Pass: FixedPoint - 0.00548 (ms)
2026-07-13 09:53:01,207 [INFO] Pass: FixedPoint - 0.00525 (ms)
2026-07-13 09:53:01,208 [INFO] Pass: Size - 0.05317 (ms)
2026-07-13 09:53:01,208 [INFO] Pass: Size - 0.05388 (ms)
2026-07-13 09:53:01,208 [INFO] Pass: Size - 0.05579 (ms)
2026-07-13 09:53:01,208 [INFO] Pass: FixedPoint - 0.00405 (ms)
2026-07-13 09:53:01,208 [INFO] Pass: FixedPoint - 0.00429 (ms)
2026-07-13 09:53:01,208 [INFO] Pass: FixedPoint - 0.00429 (ms)
2026-07-13 09:53:01,208 [INFO] Pass: ContainsInstruction - 0.00525 (ms)
2026-07-13 09:53:01,208 [INFO] Pass: ContainsInstruction - 0.00548 (ms)
2026-07-13 09:53:01,208 [INFO] Pass: HighLevelSynthesis - 1.27363 (ms)
2026-07-13 09:53:01,208 [INFO] Pass: Optimize1qGatesDecomposition - 0.82088 (ms)
2026-07-13 09:53:01,209 [INFO] Pass: InverseCancellation - 0.00668 (ms)
2026-07-13 09:53:01,209 [INFO] Pass: BasisTranslator - 0.67949 (ms)
2026-07-13 09:53:01,209 [INFO] Total Transpile Time - 53.09939 (ms)
2026-07-13 09:53:01,209 [INFO] Total Transpile Time - 52.81520 (ms)
2026-07-13 09:53:01,209 [INFO] Pass: Depth - 0.16403 (ms)
2026-07-13 09:53:01,209 [INFO] Pass: FixedPoint - 0.00691 (ms)
2026-07-13 09:53:01,209 [INFO] Pass: Size - 0.05913 (ms)
2026-07-13 09:53:01,209 [INFO] Pass: FixedPoint - 0.00453 (ms)
2026-07-13 09:53:01,209 [INFO] Pass: GatesInBasis - 0.70357 (ms)
2026-07-13 09:53:01,209 [INFO] Pass: Depth - 0.15020 (ms)
2026-07-13 09:53:01,209 [INFO] Pass: FixedPoint - 0.00548 (ms)
2026-07-13 09:53:01,210 [INFO] Pass: Size - 0.05436 (ms)
2026-07-13 09:53:01,210 [INFO] Pass: FixedPoint - 0.00429 (ms)
2026-07-13 09:53:01,210 [INFO] Pass: ContainsInstruction - 0.00548 (ms)
2026-07-13 09:53:01,210 [INFO] Pass: Optimize1qGatesDecomposition - 1.01590 (ms)
2026-07-13 09:53:01,210 [INFO] Pass: InverseCancellation - 0.00811 (ms)
2026-07-13 09:53:01,211 [INFO] Total Transpile Time - 52.94251 (ms)
2026-07-13 09:53:01,211 [INFO] Pass: GatesInBasis - 0.65279 (ms)
2026-07-13 09:53:01,211 [INFO] Pass: ContainsInstruction - 0.00739 (ms)
2026-07-13 09:53:01,211 [INFO] Pass: Depth - 0.15163 (ms)
2026-07-13 09:53:01,211 [INFO] Pass: FixedPoint - 0.00978 (ms)
2026-07-13 09:53:01,211 [INFO] Pass: Size - 0.05555 (ms)
2026-07-13 09:53:01,211 [INFO] Pass: FixedPoint - 0.00453 (ms)
2026-07-13 09:53:01,211 [INFO] Pass: InverseCancellation - 0.17381 (ms)
2026-07-13 09:53:01,211 [INFO] Pass: UnitarySynthesis - 0.00501 (ms)
2026-07-13 09:53:01,212 [INFO] Pass: Optimize1qGatesDecomposition - 0.81635 (ms)
2026-07-13 09:53:01,212 [INFO] Pass: InverseCancellation - 0.00715 (ms)
2026-07-13 09:53:01,213 [INFO] Pass: HighLevelSynthesis - 1.28698 (ms)
2026-07-13 09:53:01,213 [INFO] Pass: GatesInBasis - 0.69523 (ms)
2026-07-13 09:53:01,213 [INFO] Pass: Depth - 0.14734 (ms)
2026-07-13 09:53:01,213 [INFO] Pass: FixedPoint - 0.00548 (ms)
2026-07-13 09:53:01,213 [INFO] Pass: Size - 0.05460 (ms)
2026-07-13 09:53:01,213 [INFO] Pass: FixedPoint - 0.00453 (ms)
2026-07-13 09:53:01,213 [INFO] Pass: ContainsInstruction - 0.00620 (ms)
2026-07-13 09:53:01,214 [INFO] Pass: BasisTranslator - 0.82922 (ms)
2026-07-13 09:53:01,214 [INFO] Pass: Depth - 0.16332 (ms)
2026-07-13 09:53:01,214 [INFO] Pass: FixedPoint - 0.00763 (ms)
2026-07-13 09:53:01,214 [INFO] Pass: Size - 0.05841 (ms)
2026-07-13 09:53:01,214 [INFO] Pass: FixedPoint - 0.00453 (ms)
2026-07-13 09:53:01,214 [INFO] Pass: ContainsInstruction - 0.00763 (ms)
2026-07-13 09:53:01,214 [INFO] Pass: InverseCancellation - 0.17142 (ms)
2026-07-13 09:53:01,214 [INFO] Pass: UnitarySynthesis - 0.00453 (ms)
2026-07-13 09:53:01,215 [INFO] Total Transpile Time - 52.87147 (ms)
2026-07-13 09:53:01,215 [INFO] Pass: Optimize1qGatesDecomposition - 1.01733 (ms)
2026-07-13 09:53:01,215 [INFO] Pass: InverseCancellation - 0.00763 (ms)
2026-07-13 09:53:01,216 [INFO] Pass: HighLevelSynthesis - 1.27387 (ms)
2026-07-13 09:53:01,216 [INFO] Pass: GatesInBasis - 0.65637 (ms)
2026-07-13 09:53:01,216 [INFO] Pass: Depth - 0.14782 (ms)
2026-07-13 09:53:01,216 [INFO] Pass: FixedPoint - 0.00548 (ms)
2026-07-13 09:53:01,216 [INFO] Pass: Size - 0.05603 (ms)
2026-07-13 09:53:01,216 [INFO] Pass: FixedPoint - 0.00477 (ms)
2026-07-13 09:53:01,216 [INFO] Pass: BasisTranslator - 0.68164 (ms)
2026-07-13 09:53:01,217 [INFO] Pass: Depth - 0.16403 (ms)
2026-07-13 09:53:01,217 [INFO] Pass: FixedPoint - 0.00739 (ms)
2026-07-13 09:53:01,217 [INFO] Pass: Size - 0.05937 (ms)
2026-07-13 09:53:01,217 [INFO] Pass: FixedPoint - 0.00477 (ms)
2026-07-13 09:53:01,217 [INFO] Pass: Optimize1qGatesDecomposition - 0.81182 (ms)
2026-07-13 09:53:01,217 [INFO] Pass: InverseCancellation - 0.00691 (ms)
2026-07-13 09:53:01,218 [INFO] Pass: GatesInBasis - 0.63372 (ms)
2026-07-13 09:53:01,218 [INFO] Pass: Optimize1qGatesDecomposition - 1.02735 (ms)
2026-07-13 09:53:01,218 [INFO] Pass: InverseCancellation - 0.00787 (ms)
2026-07-13 09:53:01,218 [INFO] Pass: Depth - 0.14758 (ms)
2026-07-13 09:53:01,218 [INFO] Pass: FixedPoint - 0.00477 (ms)
2026-07-13 09:53:01,218 [INFO] Pass: Size - 0.05531 (ms)
2026-07-13 09:53:01,218 [INFO] Pass: FixedPoint - 0.00453 (ms)
2026-07-13 09:53:01,218 [INFO] Pass: ContainsInstruction - 0.00548 (ms)
2026-07-13 09:53:01,218 [INFO] Pass: ContainsInstruction - 0.00858 (ms)
2026-07-13 09:53:01,219 [INFO] Pass: GatesInBasis - 0.65374 (ms)
2026-07-13 09:53:01,219 [INFO] Pass: InverseCancellation - 0.17118 (ms)
2026-07-13 09:53:01,219 [INFO] Pass: Depth - 0.15116 (ms)
2026-07-13 09:53:01,219 [INFO] Pass: UnitarySynthesis - 0.00525 (ms)
2026-07-13 09:53:01,219 [INFO] Pass: FixedPoint - 0.00572 (ms)
2026-07-13 09:53:01,219 [INFO] Pass: Size - 0.05507 (ms)
2026-07-13 09:53:01,219 [INFO] Pass: FixedPoint - 0.00429 (ms)
2026-07-13 09:53:01,219 [INFO] Total Transpile Time - 53.18093 (ms)
2026-07-13 09:53:01,220 [INFO] Pass: Optimize1qGatesDecomposition - 0.82135 (ms)
2026-07-13 09:53:01,220 [INFO] Pass: InverseCancellation - 0.00715 (ms)
2026-07-13 09:53:01,220 [INFO] Pass: ContainsInstruction - 0.00834 (ms)
2026-07-13 09:53:01,220 [INFO] Pass: InverseCancellation - 0.16427 (ms)
2026-07-13 09:53:01,220 [INFO] Pass: HighLevelSynthesis - 1.27769 (ms)
2026-07-13 09:53:01,220 [INFO] Pass: UnitarySynthesis - 0.00453 (ms)
2026-07-13 09:53:01,221 [INFO] Pass: GatesInBasis - 0.70119 (ms)
2026-07-13 09:53:01,221 [INFO] Pass: Depth - 0.14472 (ms)
2026-07-13 09:53:01,221 [INFO] Pass: FixedPoint - 0.00548 (ms)
2026-07-13 09:53:01,221 [INFO] Pass: Size - 0.05412 (ms)
2026-07-13 09:53:01,221 [INFO] Pass: FixedPoint - 0.00405 (ms)
2026-07-13 09:53:01,221 [INFO] Pass: ContainsInstruction - 0.00572 (ms)
2026-07-13 09:53:01,221 [INFO] Pass: BasisTranslator - 0.83423 (ms)
2026-07-13 09:53:01,221 [INFO] Pass: Depth - 0.16451 (ms)
2026-07-13 09:53:01,221 [INFO] Pass: FixedPoint - 0.00715 (ms)
2026-07-13 09:53:01,221 [INFO] Pass: Size - 0.05984 (ms)
2026-07-13 09:53:01,221 [INFO] Pass: FixedPoint - 0.00453 (ms)
2026-07-13 09:53:01,221 [INFO] Pass: HighLevelSynthesis - 1.25718 (ms)
2026-07-13 09:53:01,222 [INFO] Total Transpile Time - 52.93369 (ms)
2026-07-13 09:53:01,222 [INFO] Pass: BasisTranslator - 0.67401 (ms)
2026-07-13 09:53:01,222 [INFO] Pass: Depth - 0.17023 (ms)
2026-07-13 09:53:01,222 [INFO] Pass: FixedPoint - 0.00858 (ms)
2026-07-13 09:53:01,222 [INFO] Pass: Optimize1qGatesDecomposition - 1.01924 (ms)
2026-07-13 09:53:01,222 [INFO] Pass: InverseCancellation - 0.00906 (ms)
2026-07-13 09:53:01,222 [INFO] Pass: Size - 0.05984 (ms)
2026-07-13 09:53:01,223 [INFO] Pass: FixedPoint - 0.00429 (ms)
2026-07-13 09:53:01,223 [INFO] Pass: GatesInBasis - 0.64135 (ms)
2026-07-13 09:53:01,223 [INFO] Pass: Depth - 0.15163 (ms)
2026-07-13 09:53:01,223 [INFO] Pass: FixedPoint - 0.00620 (ms)
2026-07-13 09:53:01,223 [INFO] Pass: Size - 0.05460 (ms)
2026-07-13 09:53:01,224 [INFO] Pass: FixedPoint - 0.00429 (ms)
2026-07-13 09:53:01,224 [INFO] Pass: Optimize1qGatesDecomposition - 1.01447 (ms)
2026-07-13 09:53:01,224 [INFO] Pass: InverseCancellation - 0.00787 (ms)
2026-07-13 09:53:01,224 [INFO] Pass: GatesInBasis - 0.64993 (ms)
2026-07-13 09:53:01,224 [INFO] Pass: Optimize1qGatesDecomposition - 0.82469 (ms)
2026-07-13 09:53:01,224 [INFO] Pass: InverseCancellation - 0.00691 (ms)
2026-07-13 09:53:01,224 [INFO] Pass: ContainsInstruction - 0.00930 (ms)
2026-07-13 09:53:01,225 [INFO] Pass: Depth - 0.14925 (ms)
2026-07-13 09:53:01,225 [INFO] Pass: FixedPoint - 0.00572 (ms)
2026-07-13 09:53:01,225 [INFO] Pass: Size - 0.05555 (ms)
2026-07-13 09:53:01,225 [INFO] Pass: InverseCancellation - 0.16332 (ms)
2026-07-13 09:53:01,225 [INFO] Pass: FixedPoint - 0.00429 (ms)
2026-07-13 09:53:01,225 [INFO] Pass: UnitarySynthesis - 0.00477 (ms)
2026-07-13 09:53:01,225 [INFO] Pass: GatesInBasis - 0.62728 (ms)
2026-07-13 09:53:01,225 [INFO] Pass: Depth - 0.15020 (ms)
2026-07-13 09:53:01,225 [INFO] Pass: FixedPoint - 0.00501 (ms)
2026-07-13 09:53:01,225 [INFO] Pass: Size - 0.05412 (ms)
2026-07-13 09:53:01,225 [INFO] Pass: FixedPoint - 0.00405 (ms)
2026-07-13 09:53:01,226 [INFO] Pass: ContainsInstruction - 0.00620 (ms)
2026-07-13 09:53:01,226 [INFO] Pass: Optimize1qGatesDecomposition - 0.81277 (ms)
2026-07-13 09:53:01,226 [INFO] Pass: InverseCancellation - 0.00668 (ms)
2026-07-13 09:53:01,226 [INFO] Pass: HighLevelSynthesis - 1.26362 (ms)
2026-07-13 09:53:01,226 [INFO] Pass: GatesInBasis - 0.69284 (ms)
2026-07-13 09:53:01,227 [INFO] Pass: Depth - 0.14496 (ms)
2026-07-13 09:53:01,227 [INFO] Pass: FixedPoint - 0.00548 (ms)
2026-07-13 09:53:01,227 [INFO] Pass: ContainsInstruction - 0.00906 (ms)
2026-07-13 09:53:01,227 [INFO] Pass: Size - 0.05460 (ms)
2026-07-13 09:53:01,227 [INFO] Total Transpile Time - 53.47323 (ms)
2026-07-13 09:53:01,227 [INFO] Pass: FixedPoint - 0.00453 (ms)
2026-07-13 09:53:01,227 [INFO] Pass: ContainsInstruction - 0.00548 (ms)
2026-07-13 09:53:01,227 [INFO] Pass: InverseCancellation - 0.16522 (ms)
2026-07-13 09:53:01,227 [INFO] Pass: UnitarySynthesis - 0.00477 (ms)
2026-07-13 09:53:01,227 [INFO] Pass: BasisTranslator - 0.81158 (ms)
2026-07-13 09:53:01,227 [INFO] Pass: Depth - 0.16665 (ms)
2026-07-13 09:53:01,227 [INFO] Pass: FixedPoint - 0.01025 (ms)
2026-07-13 09:53:01,227 [INFO] Pass: Size - 0.05984 (ms)
2026-07-13 09:53:01,227 [INFO] Pass: FixedPoint - 0.00453 (ms)
2026-07-13 09:53:01,228 [INFO] Total Transpile Time - 52.69885 (ms)
2026-07-13 09:53:01,228 [INFO] Pass: HighLevelSynthesis - 1.26171 (ms)
2026-07-13 09:53:01,228 [INFO] Pass: Optimize1qGatesDecomposition - 1.01066 (ms)
2026-07-13 09:53:01,228 [INFO] Pass: InverseCancellation - 0.00739 (ms)
2026-07-13 09:53:01,229 [INFO] Pass: BasisTranslator - 0.67401 (ms)
2026-07-13 09:53:01,229 [INFO] Pass: GatesInBasis - 0.64731 (ms)
2026-07-13 09:53:01,229 [INFO] Pass: Depth - 0.16594 (ms)
2026-07-13 09:53:01,229 [INFO] Pass: FixedPoint - 0.00906 (ms)
2026-07-13 09:53:01,229 [INFO] Pass: Size - 0.06032 (ms)
2026-07-13 09:53:01,229 [INFO] Pass: FixedPoint - 0.00453 (ms)
2026-07-13 09:53:01,229 [INFO] Pass: Depth - 0.15450 (ms)
2026-07-13 09:53:01,229 [INFO] Pass: FixedPoint - 0.00596 (ms)
2026-07-13 09:53:01,229 [INFO] Pass: Size - 0.05555 (ms)
2026-07-13 09:53:01,229 [INFO] Pass: FixedPoint - 0.00429 (ms)
2026-07-13 09:53:01,230 [INFO] Pass: Optimize1qGatesDecomposition - 0.81420 (ms)
2026-07-13 09:53:01,230 [INFO] Pass: Optimize1qGatesDecomposition - 1.01352 (ms)
2026-07-13 09:53:01,230 [INFO] Pass: InverseCancellation - 0.00739 (ms)
2026-07-13 09:53:01,230 [INFO] Pass: InverseCancellation - 0.00763 (ms)
2026-07-13 09:53:01,231 [INFO] Pass: ContainsInstruction - 0.00620 (ms)
2026-07-13 09:53:01,231 [INFO] Pass: InverseCancellation - 0.16403 (ms)
2026-07-13 09:53:01,231 [INFO] Pass: UnitarySynthesis - 0.00429 (ms)
2026-07-13 09:53:01,231 [INFO] Pass: GatesInBasis - 0.62728 (ms)
2026-07-13 09:53:01,231 [INFO] Pass: GatesInBasis - 0.64421 (ms)
2026-07-13 09:53:01,231 [INFO] Pass: Depth - 0.15330 (ms)
2026-07-13 09:53:01,231 [INFO] Pass: FixedPoint - 0.00525 (ms)
2026-07-13 09:53:01,231 [INFO] Pass: Depth - 0.15378 (ms)
2026-07-13 09:53:01,231 [INFO] Pass: FixedPoint - 0.00525 (ms)
2026-07-13 09:53:01,231 [INFO] Pass: Size - 0.05531 (ms)
2026-07-13 09:53:01,231 [INFO] Pass: FixedPoint - 0.00453 (ms)
2026-07-13 09:53:01,231 [INFO] Pass: Size - 0.05484 (ms)
2026-07-13 09:53:01,231 [INFO] Pass: ContainsInstruction - 0.00548 (ms)
2026-07-13 09:53:01,231 [INFO] Pass: FixedPoint - 0.00429 (ms)
2026-07-13 09:53:01,232 [INFO] Pass: HighLevelSynthesis - 1.27387 (ms)
2026-07-13 09:53:01,232 [INFO] Pass: Optimize1qGatesDecomposition - 0.85139 (ms)
2026-07-13 09:53:01,232 [INFO] Pass: InverseCancellation - 0.00811 (ms)
2026-07-13 09:53:01,233 [INFO] Total Transpile Time - 52.82593 (ms)
2026-07-13 09:53:01,233 [INFO] Pass: BasisTranslator - 0.80824 (ms)
2026-07-13 09:53:01,233 [INFO] Pass: Depth - 0.16904 (ms)
2026-07-13 09:53:01,233 [INFO] Pass: GatesInBasis - 0.78535 (ms)
2026-07-13 09:53:01,233 [INFO] Pass: FixedPoint - 0.00739 (ms)
2026-07-13 09:53:01,233 [INFO] Pass: Size - 0.05984 (ms)
2026-07-13 09:53:01,233 [INFO] Pass: FixedPoint - 0.00429 (ms)
2026-07-13 09:53:01,233 [INFO] Pass: Depth - 0.15020 (ms)
2026-07-13 09:53:01,233 [INFO] Pass: FixedPoint - 0.00572 (ms)
2026-07-13 09:53:01,234 [INFO] Pass: Size - 0.05436 (ms)
2026-07-13 09:53:01,234 [INFO] Pass: FixedPoint - 0.00429 (ms)
2026-07-13 09:53:01,234 [INFO] Pass: ContainsInstruction - 0.00596 (ms)
2026-07-13 09:53:01,234 [INFO] Pass: Optimize1qGatesDecomposition - 1.00946 (ms)
2026-07-13 09:53:01,235 [INFO] Pass: InverseCancellation - 0.00739 (ms)
2026-07-13 09:53:01,235 [INFO] Total Transpile Time - 52.83451 (ms)
2026-07-13 09:53:01,235 [INFO] Pass: GatesInBasis - 0.64039 (ms)
2026-07-13 09:53:01,235 [INFO] Pass: Depth - 0.14973 (ms)
2026-07-13 09:53:01,235 [INFO] Pass: FixedPoint - 0.00572 (ms)
2026-07-13 09:53:01,235 [INFO] Pass: ContainsInstruction - 0.00715 (ms)
2026-07-13 09:53:01,236 [INFO] Pass: Size - 0.05579 (ms)
2026-07-13 09:53:01,236 [INFO] Pass: FixedPoint - 0.00405 (ms)
2026-07-13 09:53:01,236 [INFO] Pass: InverseCancellation - 0.16475 (ms)
2026-07-13 09:53:01,236 [INFO] Pass: UnitarySynthesis - 0.00501 (ms)
2026-07-13 09:53:01,236 [INFO] Pass: Optimize1qGatesDecomposition - 0.81325 (ms)
2026-07-13 09:53:01,236 [INFO] Pass: InverseCancellation - 0.00668 (ms)
2026-07-13 09:53:01,237 [INFO] Pass: HighLevelSynthesis - 1.27411 (ms)
2026-07-13 09:53:01,237 [INFO] Pass: GatesInBasis - 0.62275 (ms)
2026-07-13 09:53:01,237 [INFO] Pass: Depth - 0.15259 (ms)
2026-07-13 09:53:01,237 [INFO] Pass: FixedPoint - 0.00572 (ms)
2026-07-13 09:53:01,237 [INFO] Pass: Size - 0.05341 (ms)
2026-07-13 09:53:01,237 [INFO] Pass: FixedPoint - 0.00429 (ms)
2026-07-13 09:53:01,238 [INFO] Pass: ContainsInstruction - 0.00548 (ms)
2026-07-13 09:53:01,238 [INFO] Pass: BasisTranslator - 0.82970 (ms)
2026-07-13 09:53:01,238 [INFO] Pass: Depth - 0.16880 (ms)
2026-07-13 09:53:01,238 [INFO] Pass: FixedPoint - 0.00787 (ms)
2026-07-13 09:53:01,238 [INFO] Pass: Size - 0.06080 (ms)
2026-07-13 09:53:01,238 [INFO] Pass: FixedPoint - 0.00429 (ms)
2026-07-13 09:53:01,239 [INFO] Total Transpile Time - 52.59657 (ms)
2026-07-13 09:53:01,239 [INFO] Pass: Optimize1qGatesDecomposition - 1.02162 (ms)
2026-07-13 09:53:01,239 [INFO] Pass: InverseCancellation - 0.00834 (ms)
2026-07-13 09:53:01,240 [INFO] Pass: ContainsInstruction - 0.00763 (ms)
2026-07-13 09:53:01,240 [INFO] Pass: InverseCancellation - 0.16546 (ms)
2026-07-13 09:53:01,240 [INFO] Pass: UnitarySynthesis - 0.00501 (ms)
2026-07-13 09:53:01,240 [INFO] Pass: GatesInBasis - 0.64468 (ms)
2026-07-13 09:53:01,240 [INFO] Pass: Depth - 0.15068 (ms)
2026-07-13 09:53:01,240 [INFO] Pass: FixedPoint - 0.00572 (ms)
2026-07-13 09:53:01,240 [INFO] Pass: Size - 0.05460 (ms)
2026-07-13 09:53:01,241 [INFO] Pass: FixedPoint - 0.00429 (ms)
2026-07-13 09:53:01,241 [INFO] Pass: HighLevelSynthesis - 1.27482 (ms)
2026-07-13 09:53:01,241 [INFO] Pass: Optimize1qGatesDecomposition - 0.81301 (ms)
2026-07-13 09:53:01,241 [INFO] Pass: InverseCancellation - 0.00691 (ms)
2026-07-13 09:53:01,242 [INFO] Pass: BasisTranslator - 0.81372 (ms)
2026-07-13 09:53:01,242 [INFO] Pass: GatesInBasis - 0.62680 (ms)
2026-07-13 09:53:01,242 [INFO] Pass: Depth - 0.17428 (ms)
2026-07-13 09:53:01,242 [INFO] Pass: Depth - 0.15306 (ms)
2026-07-13 09:53:01,242 [INFO] Pass: FixedPoint - 0.00739 (ms)
2026-07-13 09:53:01,242 [INFO] Pass: FixedPoint - 0.00501 (ms)
2026-07-13 09:53:01,242 [INFO] Pass: Size - 0.06008 (ms)
2026-07-13 09:53:01,242 [INFO] Pass: Size - 0.05341 (ms)
2026-07-13 09:53:01,242 [INFO] Pass: FixedPoint - 0.00453 (ms)
2026-07-13 09:53:01,242 [INFO] Pass: FixedPoint - 0.00405 (ms)
2026-07-13 09:53:01,242 [INFO] Pass: ContainsInstruction - 0.00548 (ms)
2026-07-13 09:53:01,243 [INFO] Pass: ContainsInstruction - 0.00763 (ms)
2026-07-13 09:53:01,243 [INFO] Pass: Optimize1qGatesDecomposition - 1.01662 (ms)
2026-07-13 09:53:01,244 [INFO] Pass: InverseCancellation - 0.00763 (ms)
2026-07-13 09:53:01,244 [INFO] Pass: InverseCancellation - 0.16665 (ms)
2026-07-13 09:53:01,244 [INFO] Total Transpile Time - 52.94418 (ms)
2026-07-13 09:53:01,244 [INFO] Pass: UnitarySynthesis - 0.00477 (ms)
2026-07-13 09:53:01,244 [INFO] Pass: GatesInBasis - 0.64301 (ms)
2026-07-13 09:53:01,244 [INFO] Pass: Depth - 0.14973 (ms)
2026-07-13 09:53:01,244 [INFO] Pass: FixedPoint - 0.00572 (ms)
2026-07-13 09:53:01,245 [INFO] Pass: Size - 0.05412 (ms)
2026-07-13 09:53:01,245 [INFO] Pass: FixedPoint - 0.00429 (ms)
2026-07-13 09:53:01,245 [INFO] Pass: HighLevelSynthesis - 1.25456 (ms)
2026-07-13 09:53:01,245 [INFO] Pass: Optimize1qGatesDecomposition - 0.81944 (ms)
2026-07-13 09:53:01,246 [INFO] Pass: InverseCancellation - 0.00739 (ms)
2026-07-13 09:53:01,246 [INFO] Pass: BasisTranslator - 0.81539 (ms)
2026-07-13 09:53:01,246 [INFO] Pass: Depth - 0.16832 (ms)
2026-07-13 09:53:01,246 [INFO] Pass: FixedPoint - 0.00763 (ms)
2026-07-13 09:53:01,246 [INFO] Pass: GatesInBasis - 0.62847 (ms)
2026-07-13 09:53:01,246 [INFO] Pass: Size - 0.06294 (ms)
2026-07-13 09:53:01,246 [INFO] Pass: FixedPoint - 0.00429 (ms)
2026-07-13 09:53:01,246 [INFO] Pass: Depth - 0.14520 (ms)
2026-07-13 09:53:01,246 [INFO] Pass: FixedPoint - 0.00548 (ms)
2026-07-13 09:53:01,246 [INFO] Pass: Size - 0.05436 (ms)
2026-07-13 09:53:01,247 [INFO] Pass: FixedPoint - 0.00429 (ms)
2026-07-13 09:53:01,247 [INFO] Pass: ContainsInstruction - 0.00501 (ms)
2026-07-13 09:53:01,247 [INFO] Pass: Optimize1qGatesDecomposition - 1.02091 (ms)
2026-07-13 09:53:01,247 [INFO] Pass: InverseCancellation - 0.00811 (ms)
2026-07-13 09:53:01,248 [INFO] Total Transpile Time - 52.91200 (ms)
2026-07-13 09:53:01,248 [INFO] Pass: GatesInBasis - 0.64182 (ms)
2026-07-13 09:53:01,248 [INFO] Pass: Depth - 0.15283 (ms)
2026-07-13 09:53:01,248 [INFO] Pass: FixedPoint - 0.00548 (ms)
2026-07-13 09:53:01,248 [INFO] Pass: Size - 0.05579 (ms)
2026-07-13 09:53:01,248 [INFO] Pass: FixedPoint - 0.00429 (ms)
2026-07-13 09:53:01,249 [INFO] Pass: Optimize1qGatesDecomposition - 0.82588 (ms)
2026-07-13 09:53:01,249 [INFO] Pass: InverseCancellation - 0.00691 (ms)
2026-07-13 09:53:01,250 [INFO] Pass: GatesInBasis - 0.63062 (ms)
2026-07-13 09:53:01,250 [INFO] Pass: Depth - 0.14997 (ms)
2026-07-13 09:53:01,250 [INFO] Pass: FixedPoint - 0.00548 (ms)
2026-07-13 09:53:01,250 [INFO] Pass: Size - 0.05364 (ms)
2026-07-13 09:53:01,250 [INFO] Pass: FixedPoint - 0.00429 (ms)
2026-07-13 09:53:01,250 [INFO] Pass: ContainsInstruction - 0.00572 (ms)
2026-07-13 09:53:01,252 [INFO] Total Transpile Time - 52.96874 (ms)
2026-07-13 09:54:27,982 [INFO] [PCE] Aer metadata (1a ejecucion de este proceso): device=CPU method=matrix_product_state shots=8192 fusion_enabled=False
2026-07-13 09:54:28,156 [INFO] [PCE] Aer metadata (1a ejecucion de este proceso): device=CPU method=matrix_product_state shots=8192 fusion_enabled=False
2026-07-13 09:54:28,247 [INFO] [PCE] Aer metadata (1a ejecucion de este proceso): device=CPU method=matrix_product_state shots=8192 fusion_enabled=False
2026-07-13 09:54:28,275 [INFO] [PCE] Aer metadata (1a ejecucion de este proceso): device=CPU method=matrix_product_state shots=8192 fusion_enabled=False
2026-07-13 09:54:28,311 [INFO] [PCE] Aer metadata (1a ejecucion de este proceso): device=CPU method=matrix_product_state shots=8192 fusion_enabled=False
2026-07-13 09:54:28,345 [INFO] [PCE] Aer metadata (1a ejecucion de este proceso): device=CPU method=matrix_product_state shots=8192 fusion_enabled=False
2026-07-13 09:54:28,366 [INFO] [PCE] Aer metadata (1a ejecucion de este proceso): device=CPU method=matrix_product_state shots=8192 fusion_enabled=False
2026-07-13 09:54:28,396 [INFO] [PCE] Aer metadata (1a ejecucion de este proceso): device=CPU method=matrix_product_state shots=8192 fusion_enabled=False
2026-07-13 09:54:28,456 [INFO] [PCE] Aer metadata (1a ejecucion de este proceso): device=CPU method=matrix_product_state shots=8192 fusion_enabled=False
2026-07-13 09:54:28,464 [INFO] [PCE] Aer metadata (1a ejecucion de este proceso): device=CPU method=matrix_product_state shots=8192 fusion_enabled=False
2026-07-13 09:54:28,630 [INFO] [PCE] Aer metadata (1a ejecucion de este proceso): device=CPU method=matrix_product_state shots=8192 fusion_enabled=False
2026-07-13 09:54:28,671 [INFO] [PCE] Aer metadata (1a ejecucion de este proceso): device=CPU method=matrix_product_state shots=8192 fusion_enabled=False
2026-07-13 09:54:28,756 [INFO] [PCE] Aer metadata (1a ejecucion de este proceso): device=CPU method=matrix_product_state shots=8192 fusion_enabled=False
2026-07-13 09:54:28,768 [INFO] [PCE] Aer metadata (1a ejecucion de este proceso): device=CPU method=matrix_product_state shots=8192 fusion_enabled=False
2026-07-13 09:54:29,009 [INFO] [PCE] Aer metadata (1a ejecucion de este proceso): device=CPU method=matrix_product_state shots=8192 fusion_enabled=False
2026-07-13 09:54:29,095 [INFO] [PCE] Aer metadata (1a ejecucion de este proceso): device=CPU method=matrix_product_state shots=8192 fusion_enabled=False
slurmstepd: error: *** JOB 8425192 ON ilk-47 CANCELLED AT 2026-07-14T09:53:11 DUE TO TIME LIMIT ***
