gcc/system unloaded
gcccore/system unloaded
cesga/2022 unloaded
rust/1.75.0 unloaded
imkl/2022.0.1 unloaded
numpy/1.26.4 unloaded
scipy/1.13.1 unloaded
flint/2.8.4 unloaded
symengine/0.11.1 unloaded
symengine-python/0.11.0 unloaded
spdlog/1.9.2 unloaded
pylatexenc/2.10 unloaded
qiskit/1.2.4-aer-gpu-cu11 unloaded
        Preparing the environment for use of the CESGA 2022 software stack.
        Please rebuild modules cache: module --ignore-cache avail
     
cesga/2022 loaded
rust/1.75.0 loaded

imkl/2023.2.0 loaded
numpy/1.26.4 loaded
scipy/1.13.1 loaded
imkl/2023.2.0 unloaded

imkl/2022.0.1 loaded
flint/2.8.4 loaded
symengine/0.11.1 loaded
symengine-python/0.11.0 loaded
spdlog/1.9.2 loaded
pylatexenc/2.10 loaded
gcccore/system loaded
gcc/system loaded
qiskit/1.2.4-aer-gpu-cu11 loaded
2026-07-13 09:38:03,491 [INFO] [PCE] n=225 chunk 4/4: 25 instancias [3, 7, 11, 15, 19, 23, 27, 31, 35, 39, 43, 47, 51, 55, 59, 63, 67, 71, 75, 79, 83, 87, 91, 95, 99], num_workers=16, qubits=13
2026-07-13 09:38:03,491 [INFO] [PCE] n=225 paralelizando 25 instancias entre 16 workers (max_parallel_threads=1 fijo, independiente de num_workers)
2026-07-13 09:38:03,622 [INFO] Pass: ContainsInstruction - 0.01335 (ms)
2026-07-13 09:38:03,622 [INFO] Pass: InverseCancellation - 0.01502 (ms)
2026-07-13 09:38:03,622 [INFO] Pass: UnitarySynthesis - 0.00548 (ms)
2026-07-13 09:38:03,623 [INFO] Pass: ContainsInstruction - 0.01359 (ms)
2026-07-13 09:38:03,623 [INFO] Pass: InverseCancellation - 0.01550 (ms)
2026-07-13 09:38:03,623 [INFO] Pass: UnitarySynthesis - 0.00525 (ms)
2026-07-13 09:38:03,624 [INFO] Pass: HighLevelSynthesis - 1.08147 (ms)
2026-07-13 09:38:03,624 [INFO] Pass: ContainsInstruction - 0.01478 (ms)
2026-07-13 09:38:03,624 [INFO] Pass: InverseCancellation - 0.01645 (ms)
2026-07-13 09:38:03,624 [INFO] Pass: UnitarySynthesis - 0.00525 (ms)
2026-07-13 09:38:03,624 [INFO] Pass: BasisTranslator - 0.58508 (ms)
2026-07-13 09:38:03,624 [INFO] Pass: HighLevelSynthesis - 1.06454 (ms)
2026-07-13 09:38:03,624 [INFO] Pass: Depth - 0.15926 (ms)
2026-07-13 09:38:03,624 [INFO] Pass: FixedPoint - 0.01359 (ms)
2026-07-13 09:38:03,625 [INFO] Pass: Size - 0.05007 (ms)
2026-07-13 09:38:03,625 [INFO] Pass: FixedPoint - 0.00501 (ms)
2026-07-13 09:38:03,625 [INFO] Pass: Optimize1qGatesDecomposition - 0.11897 (ms)
2026-07-13 09:38:03,625 [INFO] Pass: InverseCancellation - 0.00787 (ms)
2026-07-13 09:38:03,625 [INFO] Pass: HighLevelSynthesis - 1.07312 (ms)
2026-07-13 09:38:03,625 [INFO] Pass: BasisTranslator - 0.59152 (ms)
2026-07-13 09:38:03,625 [INFO] Pass: Depth - 0.15306 (ms)
2026-07-13 09:38:03,625 [INFO] Pass: FixedPoint - 0.01311 (ms)
2026-07-13 09:38:03,625 [INFO] Pass: Size - 0.04840 (ms)
2026-07-13 09:38:03,625 [INFO] Pass: GatesInBasis - 0.54693 (ms)
2026-07-13 09:38:03,625 [INFO] Pass: FixedPoint - 0.00453 (ms)
2026-07-13 09:38:03,625 [INFO] Pass: BasisTranslator - 0.58532 (ms)
2026-07-13 09:38:03,626 [INFO] Pass: Optimize1qGatesDecomposition - 0.11039 (ms)
2026-07-13 09:38:03,626 [INFO] Pass: Depth - 0.11921 (ms)
2026-07-13 09:38:03,626 [INFO] Pass: FixedPoint - 0.00525 (ms)
2026-07-13 09:38:03,626 [INFO] Pass: InverseCancellation - 0.00834 (ms)
2026-07-13 09:38:03,626 [INFO] Pass: Size - 0.04530 (ms)
2026-07-13 09:38:03,626 [INFO] Pass: Depth - 0.15473 (ms)
2026-07-13 09:38:03,626 [INFO] Pass: FixedPoint - 0.00453 (ms)
2026-07-13 09:38:03,626 [INFO] Pass: FixedPoint - 0.01216 (ms)
2026-07-13 09:38:03,626 [INFO] Pass: ContainsInstruction - 0.00525 (ms)
2026-07-13 09:38:03,626 [INFO] Pass: Size - 0.04864 (ms)
2026-07-13 09:38:03,626 [INFO] Pass: FixedPoint - 0.00453 (ms)
2026-07-13 09:38:03,626 [INFO] Pass: Optimize1qGatesDecomposition - 0.11015 (ms)
2026-07-13 09:38:03,626 [INFO] Pass: ContainsInstruction - 0.01383 (ms)
2026-07-13 09:38:03,626 [INFO] Pass: InverseCancellation - 0.00763 (ms)
2026-07-13 09:38:03,626 [INFO] Pass: InverseCancellation - 0.01502 (ms)
2026-07-13 09:38:03,626 [INFO] Pass: UnitarySynthesis - 0.00501 (ms)
2026-07-13 09:38:03,626 [INFO] Pass: GatesInBasis - 0.54288 (ms)
2026-07-13 09:38:03,626 [INFO] Pass: Depth - 0.11969 (ms)
2026-07-13 09:38:03,626 [INFO] Pass: FixedPoint - 0.00525 (ms)
2026-07-13 09:38:03,626 [INFO] Pass: Size - 0.04578 (ms)
2026-07-13 09:38:03,626 [INFO] Pass: FixedPoint - 0.00429 (ms)
2026-07-13 09:38:03,627 [INFO] Pass: ContainsInstruction - 0.00525 (ms)
2026-07-13 09:38:03,627 [INFO] Pass: GatesInBasis - 0.54932 (ms)
2026-07-13 09:38:03,627 [INFO] Pass: Depth - 0.12016 (ms)
2026-07-13 09:38:03,627 [INFO] Pass: FixedPoint - 0.00525 (ms)
2026-07-13 09:38:03,627 [INFO] Total Transpile Time - 73.65227 (ms)
2026-07-13 09:38:03,627 [INFO] Pass: Size - 0.04506 (ms)
2026-07-13 09:38:03,627 [INFO] Pass: FixedPoint - 0.00405 (ms)
2026-07-13 09:38:03,627 [INFO] Pass: ContainsInstruction - 0.00453 (ms)
2026-07-13 09:38:03,627 [INFO] Pass: HighLevelSynthesis - 1.07694 (ms)
2026-07-13 09:38:03,628 [INFO] Total Transpile Time - 71.00940 (ms)
2026-07-13 09:38:03,628 [INFO] Pass: BasisTranslator - 0.53072 (ms)
2026-07-13 09:38:03,628 [INFO] Pass: Depth - 0.15497 (ms)
2026-07-13 09:38:03,628 [INFO] Pass: FixedPoint - 0.01240 (ms)
2026-07-13 09:38:03,628 [INFO] Total Transpile Time - 70.99509 (ms)
2026-07-13 09:38:03,628 [INFO] Pass: Size - 0.04959 (ms)
2026-07-13 09:38:03,628 [INFO] Pass: FixedPoint - 0.00501 (ms)
2026-07-13 09:38:03,628 [INFO] Pass: Optimize1qGatesDecomposition - 0.10872 (ms)
2026-07-13 09:38:03,628 [INFO] Pass: InverseCancellation - 0.00763 (ms)
2026-07-13 09:38:03,629 [INFO] Pass: GatesInBasis - 0.58532 (ms)
2026-07-13 09:38:03,629 [INFO] Pass: ContainsInstruction - 0.01192 (ms)
2026-07-13 09:38:03,629 [INFO] Pass: Depth - 0.12565 (ms)
2026-07-13 09:38:03,629 [INFO] Pass: FixedPoint - 0.00501 (ms)
2026-07-13 09:38:03,629 [INFO] Pass: InverseCancellation - 0.01836 (ms)
2026-07-13 09:38:03,629 [INFO] Pass: UnitarySynthesis - 0.00501 (ms)
2026-07-13 09:38:03,629 [INFO] Pass: Size - 0.04554 (ms)
2026-07-13 09:38:03,629 [INFO] Pass: FixedPoint - 0.00453 (ms)
2026-07-13 09:38:03,629 [INFO] Pass: ContainsInstruction - 0.00501 (ms)
2026-07-13 09:38:03,630 [INFO] Pass: HighLevelSynthesis - 1.06454 (ms)
2026-07-13 09:38:03,631 [INFO] Total Transpile Time - 69.62752 (ms)
2026-07-13 09:38:03,631 [INFO] Pass: BasisTranslator - 0.52786 (ms)
2026-07-13 09:38:03,631 [INFO] Pass: Depth - 0.15640 (ms)
2026-07-13 09:38:03,631 [INFO] Pass: FixedPoint - 0.01264 (ms)
2026-07-13 09:38:03,631 [INFO] Pass: Size - 0.04816 (ms)
2026-07-13 09:38:03,631 [INFO] Pass: FixedPoint - 0.00429 (ms)
2026-07-13 09:38:03,632 [INFO] Pass: Optimize1qGatesDecomposition - 0.10490 (ms)
2026-07-13 09:38:03,632 [INFO] Pass: InverseCancellation - 0.00763 (ms)
2026-07-13 09:38:03,632 [INFO] Pass: GatesInBasis - 0.54240 (ms)
2026-07-13 09:38:03,632 [INFO] Pass: Depth - 0.12445 (ms)
2026-07-13 09:38:03,632 [INFO] Pass: FixedPoint - 0.00501 (ms)
2026-07-13 09:38:03,632 [INFO] Pass: Size - 0.04506 (ms)
2026-07-13 09:38:03,632 [INFO] Pass: FixedPoint - 0.00453 (ms)
2026-07-13 09:38:03,633 [INFO] Pass: ContainsInstruction - 0.00501 (ms)
2026-07-13 09:38:03,634 [INFO] Total Transpile Time - 69.46158 (ms)
2026-07-13 09:38:03,644 [INFO] Pass: ContainsInstruction - 0.01144 (ms)
2026-07-13 09:38:03,644 [INFO] Pass: InverseCancellation - 0.01931 (ms)
2026-07-13 09:38:03,644 [INFO] Pass: UnitarySynthesis - 0.00572 (ms)
2026-07-13 09:38:03,646 [INFO] Pass: HighLevelSynthesis - 1.05786 (ms)
2026-07-13 09:38:03,646 [INFO] Pass: BasisTranslator - 0.58341 (ms)
2026-07-13 09:38:03,646 [INFO] Pass: Depth - 0.17142 (ms)
2026-07-13 09:38:03,646 [INFO] Pass: FixedPoint - 0.01478 (ms)
2026-07-13 09:38:03,647 [INFO] Pass: Size - 0.04864 (ms)
2026-07-13 09:38:03,647 [INFO] Pass: FixedPoint - 0.00453 (ms)
2026-07-13 09:38:03,647 [INFO] Pass: Optimize1qGatesDecomposition - 0.11396 (ms)
2026-07-13 09:38:03,647 [INFO] Pass: InverseCancellation - 0.00787 (ms)
2026-07-13 09:38:03,647 [INFO] Pass: GatesInBasis - 0.54908 (ms)
2026-07-13 09:38:03,647 [INFO] Pass: Depth - 0.12136 (ms)
2026-07-13 09:38:03,648 [INFO] Pass: FixedPoint - 0.00501 (ms)
2026-07-13 09:38:03,648 [INFO] Pass: Size - 0.04506 (ms)
2026-07-13 09:38:03,648 [INFO] Pass: FixedPoint - 0.00453 (ms)
2026-07-13 09:38:03,648 [INFO] Pass: ContainsInstruction - 0.00501 (ms)
2026-07-13 09:38:03,649 [INFO] Total Transpile Time - 70.85586 (ms)
2026-07-13 09:38:03,650 [INFO] Pass: ContainsInstruction - 0.01192 (ms)
2026-07-13 09:38:03,650 [INFO] Pass: InverseCancellation - 0.01693 (ms)
2026-07-13 09:38:03,650 [INFO] Pass: UnitarySynthesis - 0.00501 (ms)
2026-07-13 09:38:03,650 [INFO] Pass: ContainsInstruction - 0.01216 (ms)
2026-07-13 09:38:03,650 [INFO] Pass: ContainsInstruction - 0.01121 (ms)
2026-07-13 09:38:03,650 [INFO] Pass: InverseCancellation - 0.01431 (ms)
2026-07-13 09:38:03,650 [INFO] Pass: UnitarySynthesis - 0.00525 (ms)
2026-07-13 09:38:03,650 [INFO] Pass: InverseCancellation - 0.01860 (ms)
2026-07-13 09:38:03,650 [INFO] Pass: UnitarySynthesis - 0.00525 (ms)
2026-07-13 09:38:03,650 [INFO] Pass: ContainsInstruction - 0.01192 (ms)
2026-07-13 09:38:03,650 [INFO] Pass: InverseCancellation - 0.01860 (ms)
2026-07-13 09:38:03,650 [INFO] Pass: UnitarySynthesis - 0.00525 (ms)
2026-07-13 09:38:03,650 [INFO] Pass: ContainsInstruction - 0.01240 (ms)
2026-07-13 09:38:03,651 [INFO] Pass: InverseCancellation - 0.01574 (ms)
2026-07-13 09:38:03,651 [INFO] Pass: UnitarySynthesis - 0.00548 (ms)
2026-07-13 09:38:03,651 [INFO] Pass: HighLevelSynthesis - 1.05524 (ms)
2026-07-13 09:38:03,651 [INFO] Pass: HighLevelSynthesis - 1.04070 (ms)
2026-07-13 09:38:03,651 [INFO] Pass: HighLevelSynthesis - 1.05858 (ms)
2026-07-13 09:38:03,652 [INFO] Pass: BasisTranslator - 0.54002 (ms)
2026-07-13 09:38:03,652 [INFO] Pass: HighLevelSynthesis - 1.04308 (ms)
2026-07-13 09:38:03,652 [INFO] Pass: Depth - 0.16117 (ms)
2026-07-13 09:38:03,652 [INFO] Pass: HighLevelSynthesis - 1.04070 (ms)
2026-07-13 09:38:03,652 [INFO] Pass: FixedPoint - 0.01240 (ms)
2026-07-13 09:38:03,652 [INFO] Pass: Size - 0.05078 (ms)
2026-07-13 09:38:03,652 [INFO] Pass: FixedPoint - 0.00477 (ms)
2026-07-13 09:38:03,652 [INFO] Pass: BasisTranslator - 0.59104 (ms)
2026-07-13 09:38:03,652 [INFO] Pass: BasisTranslator - 0.58293 (ms)
2026-07-13 09:38:03,652 [INFO] Pass: Optimize1qGatesDecomposition - 0.11158 (ms)
2026-07-13 09:38:03,652 [INFO] Pass: InverseCancellation - 0.00763 (ms)
2026-07-13 09:38:03,652 [INFO] Pass: BasisTranslator - 0.53167 (ms)
2026-07-13 09:38:03,652 [INFO] Pass: Depth - 0.15664 (ms)
2026-07-13 09:38:03,652 [INFO] Pass: FixedPoint - 0.01287 (ms)
2026-07-13 09:38:03,652 [INFO] Pass: Depth - 0.16403 (ms)
2026-07-13 09:38:03,652 [INFO] Pass: FixedPoint - 0.01240 (ms)
2026-07-13 09:38:03,652 [INFO] Pass: Size - 0.04792 (ms)
2026-07-13 09:38:03,652 [INFO] Pass: FixedPoint - 0.00477 (ms)
2026-07-13 09:38:03,652 [INFO] Pass: Depth - 0.15998 (ms)
2026-07-13 09:38:03,652 [INFO] Pass: BasisTranslator - 0.53954 (ms)
2026-07-13 09:38:03,652 [INFO] Pass: Size - 0.04840 (ms)
2026-07-13 09:38:03,652 [INFO] Pass: FixedPoint - 0.01216 (ms)
2026-07-13 09:38:03,652 [INFO] Pass: FixedPoint - 0.00477 (ms)
2026-07-13 09:38:03,652 [INFO] Pass: Size - 0.04983 (ms)
2026-07-13 09:38:03,652 [INFO] Pass: Optimize1qGatesDecomposition - 0.11992 (ms)
2026-07-13 09:38:03,653 [INFO] Pass: FixedPoint - 0.00477 (ms)
2026-07-13 09:38:03,653 [INFO] Pass: InverseCancellation - 0.00787 (ms)
2026-07-13 09:38:03,653 [INFO] Pass: Depth - 0.15521 (ms)
2026-07-13 09:38:03,653 [INFO] Pass: Optimize1qGatesDecomposition - 0.10991 (ms)
2026-07-13 09:38:03,653 [INFO] Pass: FixedPoint - 0.01192 (ms)
2026-07-13 09:38:03,653 [INFO] Pass: InverseCancellation - 0.01097 (ms)
2026-07-13 09:38:03,653 [INFO] Pass: Optimize1qGatesDecomposition - 0.10777 (ms)
2026-07-13 09:38:03,653 [INFO] Pass: Size - 0.05102 (ms)
2026-07-13 09:38:03,653 [INFO] Pass: InverseCancellation - 0.00763 (ms)
2026-07-13 09:38:03,653 [INFO] Pass: FixedPoint - 0.00477 (ms)
2026-07-13 09:38:03,653 [INFO] Pass: GatesInBasis - 0.58842 (ms)
2026-07-13 09:38:03,653 [INFO] Pass: Optimize1qGatesDecomposition - 0.10920 (ms)
2026-07-13 09:38:03,653 [INFO] Pass: Depth - 0.11992 (ms)
2026-07-13 09:38:03,653 [INFO] Pass: InverseCancellation - 0.00763 (ms)
2026-07-13 09:38:03,653 [INFO] Pass: FixedPoint - 0.00525 (ms)
2026-07-13 09:38:03,653 [INFO] Pass: Size - 0.04625 (ms)
2026-07-13 09:38:03,653 [INFO] Pass: FixedPoint - 0.00453 (ms)
2026-07-13 09:38:03,653 [INFO] Pass: ContainsInstruction - 0.00525 (ms)
2026-07-13 09:38:03,653 [INFO] Pass: GatesInBasis - 0.54407 (ms)
2026-07-13 09:38:03,653 [INFO] Pass: GatesInBasis - 0.53692 (ms)
2026-07-13 09:38:03,653 [INFO] Pass: Depth - 0.12803 (ms)
2026-07-13 09:38:03,653 [INFO] Pass: GatesInBasis - 0.59056 (ms)
2026-07-13 09:38:03,653 [INFO] Pass: FixedPoint - 0.00501 (ms)
2026-07-13 09:38:03,653 [INFO] Pass: Depth - 0.11945 (ms)
2026-07-13 09:38:03,653 [INFO] Pass: FixedPoint - 0.00525 (ms)
2026-07-13 09:38:03,653 [INFO] Pass: Size - 0.04530 (ms)
2026-07-13 09:38:03,653 [INFO] Pass: FixedPoint - 0.00429 (ms)
2026-07-13 09:38:03,653 [INFO] Pass: Size - 0.04530 (ms)
2026-07-13 09:38:03,653 [INFO] Pass: ContainsInstruction - 0.00477 (ms)
2026-07-13 09:38:03,654 [INFO] Pass: Depth - 0.12040 (ms)
2026-07-13 09:38:03,654 [INFO] Pass: FixedPoint - 0.00453 (ms)
2026-07-13 09:38:03,654 [INFO] Pass: FixedPoint - 0.00501 (ms)
2026-07-13 09:38:03,654 [INFO] Pass: GatesInBasis - 0.58842 (ms)
2026-07-13 09:38:03,654 [INFO] Pass: ContainsInstruction - 0.00525 (ms)
2026-07-13 09:38:03,654 [INFO] Pass: Size - 0.04554 (ms)
2026-07-13 09:38:03,654 [INFO] Pass: FixedPoint - 0.00429 (ms)
2026-07-13 09:38:03,654 [INFO] Pass: ContainsInstruction - 0.00525 (ms)
2026-07-13 09:38:03,654 [INFO] Pass: Depth - 0.11969 (ms)
2026-07-13 09:38:03,654 [INFO] Pass: FixedPoint - 0.00477 (ms)
2026-07-13 09:38:03,654 [INFO] Pass: Size - 0.04530 (ms)
2026-07-13 09:38:03,654 [INFO] Pass: FixedPoint - 0.00405 (ms)
2026-07-13 09:38:03,654 [INFO] Pass: ContainsInstruction - 0.00477 (ms)
2026-07-13 09:38:03,654 [INFO] Total Transpile Time - 70.32204 (ms)
2026-07-13 09:38:03,655 [INFO] Total Transpile Time - 70.34111 (ms)
2026-07-13 09:38:03,655 [INFO] Total Transpile Time - 69.57245 (ms)
2026-07-13 09:38:03,655 [INFO] Total Transpile Time - 69.97108 (ms)
2026-07-13 09:38:03,655 [INFO] Total Transpile Time - 70.19973 (ms)
2026-07-13 09:38:03,666 [INFO] Pass: ContainsInstruction - 0.01097 (ms)
2026-07-13 09:38:03,667 [INFO] Pass: InverseCancellation - 0.01550 (ms)
2026-07-13 09:38:03,667 [INFO] Pass: UnitarySynthesis - 0.00548 (ms)
2026-07-13 09:38:03,668 [INFO] Pass: HighLevelSynthesis - 1.05476 (ms)
2026-07-13 09:38:03,668 [INFO] Pass: BasisTranslator - 0.54932 (ms)
2026-07-13 09:38:03,669 [INFO] Pass: Depth - 0.15712 (ms)
2026-07-13 09:38:03,669 [INFO] Pass: FixedPoint - 0.01216 (ms)
2026-07-13 09:38:03,669 [INFO] Pass: Size - 0.04983 (ms)
2026-07-13 09:38:03,669 [INFO] Pass: FixedPoint - 0.00453 (ms)
2026-07-13 09:38:03,669 [INFO] Pass: Optimize1qGatesDecomposition - 0.11373 (ms)
2026-07-13 09:38:03,669 [INFO] Pass: InverseCancellation - 0.00787 (ms)
2026-07-13 09:38:03,669 [INFO] Pass: ContainsInstruction - 0.01216 (ms)
2026-07-13 09:38:03,669 [INFO] Pass: InverseCancellation - 0.01550 (ms)
2026-07-13 09:38:03,669 [INFO] Pass: UnitarySynthesis - 0.00548 (ms)
2026-07-13 09:38:03,670 [INFO] Pass: GatesInBasis - 0.59438 (ms)
2026-07-13 09:38:03,670 [INFO] Pass: Depth - 0.11945 (ms)
2026-07-13 09:38:03,670 [INFO] Pass: FixedPoint - 0.00525 (ms)
2026-07-13 09:38:03,670 [INFO] Pass: Size - 0.04506 (ms)
2026-07-13 09:38:03,670 [INFO] Pass: FixedPoint - 0.00453 (ms)
2026-07-13 09:38:03,670 [INFO] Pass: ContainsInstruction - 0.00501 (ms)
2026-07-13 09:38:03,670 [INFO] Pass: HighLevelSynthesis - 1.06430 (ms)
2026-07-13 09:38:03,671 [INFO] Total Transpile Time - 68.56418 (ms)
2026-07-13 09:38:03,671 [INFO] Pass: BasisTranslator - 0.57983 (ms)
2026-07-13 09:38:03,671 [INFO] Pass: Depth - 0.16284 (ms)
2026-07-13 09:38:03,671 [INFO] Pass: FixedPoint - 0.01144 (ms)
2026-07-13 09:38:03,671 [INFO] Pass: Size - 0.04721 (ms)
2026-07-13 09:38:03,671 [INFO] Pass: FixedPoint - 0.00453 (ms)
2026-07-13 09:38:03,672 [INFO] Pass: Optimize1qGatesDecomposition - 0.10633 (ms)
2026-07-13 09:38:03,672 [INFO] Pass: InverseCancellation - 0.00739 (ms)
2026-07-13 09:38:03,672 [INFO] Pass: ContainsInstruction - 0.00930 (ms)
2026-07-13 09:38:03,672 [INFO] Pass: InverseCancellation - 0.15330 (ms)
2026-07-13 09:38:03,672 [INFO] Pass: UnitarySynthesis - 0.00453 (ms)
2026-07-13 09:38:03,672 [INFO] Pass: GatesInBasis - 0.54717 (ms)
2026-07-13 09:38:03,672 [INFO] Pass: ContainsInstruction - 0.01168 (ms)
2026-07-13 09:38:03,672 [INFO] Pass: Depth - 0.11873 (ms)
2026-07-13 09:38:03,672 [INFO] Pass: FixedPoint - 0.00477 (ms)
2026-07-13 09:38:03,673 [INFO] Pass: InverseCancellation - 0.01955 (ms)
2026-07-13 09:38:03,673 [INFO] Pass: Size - 0.04482 (ms)
2026-07-13 09:38:03,673 [INFO] Pass: UnitarySynthesis - 0.00525 (ms)
2026-07-13 09:38:03,673 [INFO] Pass: FixedPoint - 0.00405 (ms)
2026-07-13 09:38:03,673 [INFO] Pass: ContainsInstruction - 0.00501 (ms)
2026-07-13 09:38:03,673 [INFO] Pass: ContainsInstruction - 0.00930 (ms)
2026-07-13 09:38:03,673 [INFO] Pass: InverseCancellation - 0.15378 (ms)
2026-07-13 09:38:03,673 [INFO] Pass: UnitarySynthesis - 0.00453 (ms)
2026-07-13 09:38:03,673 [INFO] Pass: HighLevelSynthesis - 1.02735 (ms)
2026-07-13 09:38:03,673 [INFO] Pass: ContainsInstruction - 0.00930 (ms)
2026-07-13 09:38:03,674 [INFO] Pass: InverseCancellation - 0.15068 (ms)
2026-07-13 09:38:03,674 [INFO] Pass: UnitarySynthesis - 0.00477 (ms)
2026-07-13 09:38:03,674 [INFO] Pass: HighLevelSynthesis - 1.05739 (ms)
2026-07-13 09:38:03,674 [INFO] Total Transpile Time - 68.05444 (ms)
2026-07-13 09:38:03,674 [INFO] Pass: HighLevelSynthesis - 0.99850 (ms)
2026-07-13 09:38:03,674 [INFO] Pass: BasisTranslator - 0.68831 (ms)
2026-07-13 09:38:03,674 [INFO] Pass: Depth - 0.14257 (ms)
2026-07-13 09:38:03,674 [INFO] Pass: FixedPoint - 0.00787 (ms)
2026-07-13 09:38:03,674 [INFO] Pass: BasisTranslator - 0.59009 (ms)
2026-07-13 09:38:03,674 [INFO] Pass: Size - 0.04983 (ms)
2026-07-13 09:38:03,674 [INFO] Pass: FixedPoint - 0.00477 (ms)
2026-07-13 09:38:03,675 [INFO] Pass: Depth - 0.15783 (ms)
2026-07-13 09:38:03,675 [INFO] Pass: FixedPoint - 0.01454 (ms)
2026-07-13 09:38:03,675 [INFO] Pass: Size - 0.04864 (ms)
2026-07-13 09:38:03,675 [INFO] Pass: HighLevelSynthesis - 0.99421 (ms)
2026-07-13 09:38:03,675 [INFO] Pass: FixedPoint - 0.00453 (ms)
2026-07-13 09:38:03,675 [INFO] Pass: BasisTranslator - 0.70381 (ms)
2026-07-13 09:38:03,675 [INFO] Pass: Optimize1qGatesDecomposition - 0.11182 (ms)
2026-07-13 09:38:03,675 [INFO] Pass: InverseCancellation - 0.00739 (ms)
2026-07-13 09:38:03,675 [INFO] Pass: Depth - 0.13494 (ms)
2026-07-13 09:38:03,675 [INFO] Pass: FixedPoint - 0.00739 (ms)
2026-07-13 09:38:03,675 [INFO] Pass: Size - 0.05007 (ms)
2026-07-13 09:38:03,675 [INFO] Pass: FixedPoint - 0.00453 (ms)
2026-07-13 09:38:03,675 [INFO] Pass: Optimize1qGatesDecomposition - 0.86880 (ms)
2026-07-13 09:38:03,675 [INFO] Pass: BasisTranslator - 0.68736 (ms)
2026-07-13 09:38:03,675 [INFO] Pass: GatesInBasis - 0.54860 (ms)
2026-07-13 09:38:03,676 [INFO] Pass: InverseCancellation - 0.13328 (ms)
2026-07-13 09:38:03,676 [INFO] Pass: Depth - 0.13399 (ms)
2026-07-13 09:38:03,676 [INFO] Pass: FixedPoint - 0.00763 (ms)
2026-07-13 09:38:03,676 [INFO] Pass: Depth - 0.12064 (ms)
2026-07-13 09:38:03,676 [INFO] Pass: ContainsInstruction - 0.00930 (ms)
2026-07-13 09:38:03,676 [INFO] Pass: FixedPoint - 0.00501 (ms)
2026-07-13 09:38:03,676 [INFO] Pass: Size - 0.04983 (ms)
2026-07-13 09:38:03,676 [INFO] Pass: FixedPoint - 0.00429 (ms)
2026-07-13 09:38:03,676 [INFO] Pass: Size - 0.04554 (ms)
2026-07-13 09:38:03,676 [INFO] Pass: FixedPoint - 0.00405 (ms)
2026-07-13 09:38:03,676 [INFO] Pass: ContainsInstruction - 0.00525 (ms)
2026-07-13 09:38:03,676 [INFO] Pass: InverseCancellation - 0.15306 (ms)
2026-07-13 09:38:03,676 [INFO] Pass: UnitarySynthesis - 0.00429 (ms)
2026-07-13 09:38:03,676 [INFO] Pass: Optimize1qGatesDecomposition - 0.86379 (ms)
2026-07-13 09:38:03,676 [INFO] Pass: GatesInBasis - 0.58317 (ms)
2026-07-13 09:38:03,676 [INFO] Pass: InverseCancellation - 0.13900 (ms)
2026-07-13 09:38:03,676 [INFO] Pass: Depth - 0.13399 (ms)
2026-07-13 09:38:03,676 [INFO] Pass: FixedPoint - 0.00572 (ms)
2026-07-13 09:38:03,676 [INFO] Pass: Size - 0.04792 (ms)
2026-07-13 09:38:03,676 [INFO] Pass: FixedPoint - 0.00429 (ms)
2026-07-13 09:38:03,677 [INFO] Pass: ContainsInstruction - 0.00525 (ms)
2026-07-13 09:38:03,677 [INFO] Pass: ContainsInstruction - 0.01121 (ms)
2026-07-13 09:38:03,677 [INFO] Pass: Optimize1qGatesDecomposition - 0.85592 (ms)
2026-07-13 09:38:03,677 [INFO] Pass: InverseCancellation - 0.01717 (ms)
2026-07-13 09:38:03,677 [INFO] Pass: UnitarySynthesis - 0.00525 (ms)
2026-07-13 09:38:03,677 [INFO] Pass: InverseCancellation - 0.13232 (ms)
2026-07-13 09:38:03,677 [INFO] Pass: GatesInBasis - 0.58270 (ms)
2026-07-13 09:38:03,677 [INFO] Pass: HighLevelSynthesis - 1.00255 (ms)
2026-07-13 09:38:03,677 [INFO] Total Transpile Time - 68.67743 (ms)
2026-07-13 09:38:03,677 [INFO] Pass: Depth - 0.12684 (ms)
2026-07-13 09:38:03,677 [INFO] Pass: FixedPoint - 0.00668 (ms)
2026-07-13 09:38:03,677 [INFO] Pass: Size - 0.04792 (ms)
2026-07-13 09:38:03,677 [INFO] Pass: FixedPoint - 0.00429 (ms)
2026-07-13 09:38:03,677 [INFO] Pass: ContainsInstruction - 0.00501 (ms)
2026-07-13 09:38:03,677 [INFO] Pass: GatesInBasis - 0.58270 (ms)
2026-07-13 09:38:03,678 [INFO] Total Transpile Time - 50.66037 (ms)
2026-07-13 09:38:03,678 [INFO] Pass: Depth - 0.12708 (ms)
2026-07-13 09:38:03,678 [INFO] Pass: FixedPoint - 0.00572 (ms)
2026-07-13 09:38:03,678 [INFO] Pass: BasisTranslator - 0.69118 (ms)
2026-07-13 09:38:03,678 [INFO] Pass: Size - 0.04768 (ms)
2026-07-13 09:38:03,678 [INFO] Pass: FixedPoint - 0.00429 (ms)
2026-07-13 09:38:03,678 [INFO] Pass: ContainsInstruction - 0.00501 (ms)
2026-07-13 09:38:03,678 [INFO] Pass: Depth - 0.13232 (ms)
2026-07-13 09:38:03,678 [INFO] Pass: HighLevelSynthesis - 1.07098 (ms)
2026-07-13 09:38:03,678 [INFO] Pass: FixedPoint - 0.00763 (ms)
2026-07-13 09:38:03,678 [INFO] Pass: Size - 0.04959 (ms)
2026-07-13 09:38:03,678 [INFO] Pass: FixedPoint - 0.00453 (ms)
2026-07-13 09:38:03,678 [INFO] Total Transpile Time - 50.57001 (ms)
2026-07-13 09:38:03,679 [INFO] Pass: BasisTranslator - 0.59891 (ms)
2026-07-13 09:38:03,679 [INFO] Pass: ContainsInstruction - 0.00834 (ms)
2026-07-13 09:38:03,679 [INFO] Pass: Depth - 0.15450 (ms)
2026-07-13 09:38:03,679 [INFO] Pass: FixedPoint - 0.01264 (ms)
2026-07-13 09:38:03,679 [INFO] Pass: Size - 0.04840 (ms)
2026-07-13 09:38:03,679 [INFO] Total Transpile Time - 50.73047 (ms)
2026-07-13 09:38:03,679 [INFO] Pass: FixedPoint - 0.00453 (ms)
2026-07-13 09:38:03,679 [INFO] Pass: Optimize1qGatesDecomposition - 0.85688 (ms)
2026-07-13 09:38:03,679 [INFO] Pass: InverseCancellation - 0.15259 (ms)
2026-07-13 09:38:03,679 [INFO] Pass: UnitarySynthesis - 0.00429 (ms)
2026-07-13 09:38:03,679 [INFO] Pass: Optimize1qGatesDecomposition - 0.11039 (ms)
2026-07-13 09:38:03,679 [INFO] Pass: InverseCancellation - 0.00787 (ms)
2026-07-13 09:38:03,679 [INFO] Pass: InverseCancellation - 0.13423 (ms)
2026-07-13 09:38:03,680 [INFO] Pass: GatesInBasis - 0.55051 (ms)
2026-07-13 09:38:03,680 [INFO] Pass: GatesInBasis - 0.58746 (ms)
2026-07-13 09:38:03,680 [INFO] Pass: Depth - 0.11969 (ms)
2026-07-13 09:38:03,680 [INFO] Pass: FixedPoint - 0.00477 (ms)
2026-07-13 09:38:03,680 [INFO] Pass: Depth - 0.12660 (ms)
2026-07-13 09:38:03,680 [INFO] Pass: FixedPoint - 0.00572 (ms)
2026-07-13 09:38:03,680 [INFO] Pass: Size - 0.04506 (ms)
2026-07-13 09:38:03,680 [INFO] Pass: FixedPoint - 0.00405 (ms)
2026-07-13 09:38:03,680 [INFO] Pass: Size - 0.04768 (ms)
2026-07-13 09:38:03,680 [INFO] Pass: ContainsInstruction - 0.00501 (ms)
2026-07-13 09:38:03,680 [INFO] Pass: ContainsInstruction - 0.01121 (ms)
2026-07-13 09:38:03,680 [INFO] Pass: HighLevelSynthesis - 1.01900 (ms)
2026-07-13 09:38:03,680 [INFO] Pass: FixedPoint - 0.00453 (ms)
2026-07-13 09:38:03,680 [INFO] Pass: ContainsInstruction - 0.00548 (ms)
2026-07-13 09:38:03,680 [INFO] Pass: InverseCancellation - 0.01693 (ms)
2026-07-13 09:38:03,680 [INFO] Pass: UnitarySynthesis - 0.01192 (ms)
2026-07-13 09:38:03,681 [INFO] Pass: BasisTranslator - 0.69380 (ms)
2026-07-13 09:38:03,681 [INFO] Pass: Depth - 0.13232 (ms)
2026-07-13 09:38:03,681 [INFO] Pass: FixedPoint - 0.00739 (ms)
2026-07-13 09:38:03,681 [INFO] Pass: Size - 0.04888 (ms)
2026-07-13 09:38:03,681 [INFO] Pass: FixedPoint - 0.00477 (ms)
2026-07-13 09:38:03,681 [INFO] Total Transpile Time - 68.15314 (ms)
2026-07-13 09:38:03,681 [INFO] Total Transpile Time - 50.56691 (ms)
2026-07-13 09:38:03,681 [INFO] Pass: HighLevelSynthesis - 1.05119 (ms)
2026-07-13 09:38:03,682 [INFO] Pass: BasisTranslator - 0.58317 (ms)
2026-07-13 09:38:03,682 [INFO] Pass: Optimize1qGatesDecomposition - 0.84925 (ms)
2026-07-13 09:38:03,682 [INFO] Pass: Depth - 0.15688 (ms)
2026-07-13 09:38:03,682 [INFO] Pass: FixedPoint - 0.01788 (ms)
2026-07-13 09:38:03,682 [INFO] Pass: InverseCancellation - 0.13518 (ms)
2026-07-13 09:38:03,682 [INFO] Pass: Size - 0.04792 (ms)
2026-07-13 09:38:03,682 [INFO] Pass: FixedPoint - 0.00453 (ms)
2026-07-13 09:38:03,682 [INFO] Pass: Optimize1qGatesDecomposition - 0.10800 (ms)
2026-07-13 09:38:03,683 [INFO] Pass: InverseCancellation - 0.00834 (ms)
2026-07-13 09:38:03,683 [INFO] Pass: GatesInBasis - 0.57697 (ms)
2026-07-13 09:38:03,683 [INFO] Pass: Depth - 0.12517 (ms)
2026-07-13 09:38:03,683 [INFO] Pass: FixedPoint - 0.00572 (ms)
2026-07-13 09:38:03,683 [INFO] Pass: GatesInBasis - 0.54193 (ms)
2026-07-13 09:38:03,683 [INFO] Pass: Size - 0.04792 (ms)
2026-07-13 09:38:03,683 [INFO] Pass: FixedPoint - 0.00453 (ms)
2026-07-13 09:38:03,683 [INFO] Pass: ContainsInstruction - 0.00477 (ms)
2026-07-13 09:38:03,683 [INFO] Pass: Depth - 0.12469 (ms)
2026-07-13 09:38:03,683 [INFO] Pass: FixedPoint - 0.00501 (ms)
2026-07-13 09:38:03,683 [INFO] Pass: Size - 0.04506 (ms)
2026-07-13 09:38:03,683 [INFO] Pass: FixedPoint - 0.00429 (ms)
2026-07-13 09:38:03,683 [INFO] Pass: ContainsInstruction - 0.00525 (ms)
2026-07-13 09:38:03,684 [INFO] Total Transpile Time - 50.53997 (ms)
2026-07-13 09:38:03,685 [INFO] Total Transpile Time - 69.21792 (ms)
2026-07-13 09:38:03,694 [INFO] Pass: ContainsInstruction - 0.00787 (ms)
2026-07-13 09:38:03,694 [INFO] Pass: InverseCancellation - 0.15140 (ms)
2026-07-13 09:38:03,694 [INFO] Pass: UnitarySynthesis - 0.00405 (ms)
2026-07-13 09:38:03,695 [INFO] Pass: HighLevelSynthesis - 1.00946 (ms)
2026-07-13 09:38:03,696 [INFO] Pass: BasisTranslator - 0.69094 (ms)
2026-07-13 09:38:03,696 [INFO] Pass: Depth - 0.13065 (ms)
2026-07-13 09:38:03,696 [INFO] Pass: FixedPoint - 0.00763 (ms)
2026-07-13 09:38:03,696 [INFO] Pass: Size - 0.04959 (ms)
2026-07-13 09:38:03,696 [INFO] Pass: FixedPoint - 0.00453 (ms)
2026-07-13 09:38:03,697 [INFO] Pass: Optimize1qGatesDecomposition - 0.86856 (ms)
2026-07-13 09:38:03,697 [INFO] Pass: InverseCancellation - 0.13900 (ms)
2026-07-13 09:38:03,698 [INFO] Pass: GatesInBasis - 0.58341 (ms)
2026-07-13 09:38:03,698 [INFO] Pass: Depth - 0.12684 (ms)
2026-07-13 09:38:03,698 [INFO] Pass: FixedPoint - 0.00596 (ms)
2026-07-13 09:38:03,698 [INFO] Pass: Size - 0.04816 (ms)
2026-07-13 09:38:03,698 [INFO] Pass: FixedPoint - 0.00429 (ms)
2026-07-13 09:38:03,698 [INFO] Pass: ContainsInstruction - 0.00501 (ms)
2026-07-13 09:38:03,699 [INFO] Total Transpile Time - 50.41337 (ms)
2026-07-13 09:38:03,699 [INFO] Pass: ContainsInstruction - 0.00739 (ms)
2026-07-13 09:38:03,699 [INFO] Pass: ContainsInstruction - 0.00834 (ms)
2026-07-13 09:38:03,700 [INFO] Pass: InverseCancellation - 0.15450 (ms)
2026-07-13 09:38:03,700 [INFO] Pass: InverseCancellation - 0.14877 (ms)
2026-07-13 09:38:03,700 [INFO] Pass: UnitarySynthesis - 0.00453 (ms)
2026-07-13 09:38:03,700 [INFO] Pass: ContainsInstruction - 0.00787 (ms)
2026-07-13 09:38:03,700 [INFO] Pass: UnitarySynthesis - 0.00429 (ms)
2026-07-13 09:38:03,700 [INFO] Pass: InverseCancellation - 0.15306 (ms)
2026-07-13 09:38:03,700 [INFO] Pass: UnitarySynthesis - 0.00453 (ms)
2026-07-13 09:38:03,700 [INFO] Pass: ContainsInstruction - 0.01001 (ms)
2026-07-13 09:38:03,700 [INFO] Pass: ContainsInstruction - 0.01025 (ms)
2026-07-13 09:38:03,700 [INFO] Pass: InverseCancellation - 0.15163 (ms)
2026-07-13 09:38:03,700 [INFO] Pass: InverseCancellation - 0.15092 (ms)
2026-07-13 09:38:03,700 [INFO] Pass: UnitarySynthesis - 0.00429 (ms)
2026-07-13 09:38:03,700 [INFO] Pass: UnitarySynthesis - 0.00453 (ms)
2026-07-13 09:38:03,701 [INFO] Pass: HighLevelSynthesis - 1.00231 (ms)
2026-07-13 09:38:03,701 [INFO] Pass: HighLevelSynthesis - 1.01399 (ms)
2026-07-13 09:38:03,701 [INFO] Pass: HighLevelSynthesis - 1.00183 (ms)
2026-07-13 09:38:03,701 [INFO] Pass: HighLevelSynthesis - 0.99087 (ms)
2026-07-13 09:38:03,701 [INFO] Pass: HighLevelSynthesis - 0.98968 (ms)
2026-07-13 09:38:03,701 [INFO] Pass: BasisTranslator - 0.68569 (ms)
2026-07-13 09:38:03,702 [INFO] Pass: BasisTranslator - 0.69785 (ms)
2026-07-13 09:38:03,702 [INFO] Pass: Depth - 0.13208 (ms)
2026-07-13 09:38:03,702 [INFO] Pass: Depth - 0.13018 (ms)
2026-07-13 09:38:03,702 [INFO] Pass: FixedPoint - 0.00715 (ms)
2026-07-13 09:38:03,702 [INFO] Pass: FixedPoint - 0.00739 (ms)
2026-07-13 09:38:03,702 [INFO] Pass: BasisTranslator - 0.69213 (ms)
2026-07-13 09:38:03,702 [INFO] Pass: Size - 0.04911 (ms)
2026-07-13 09:38:03,702 [INFO] Pass: FixedPoint - 0.00429 (ms)
2026-07-13 09:38:03,702 [INFO] Pass: Size - 0.04935 (ms)
2026-07-13 09:38:03,702 [INFO] Pass: FixedPoint - 0.00453 (ms)
2026-07-13 09:38:03,702 [INFO] Pass: Depth - 0.13185 (ms)
2026-07-13 09:38:03,702 [INFO] Pass: FixedPoint - 0.00691 (ms)
2026-07-13 09:38:03,702 [INFO] Pass: BasisTranslator - 0.67735 (ms)
2026-07-13 09:38:03,702 [INFO] Pass: BasisTranslator - 0.67973 (ms)
2026-07-13 09:38:03,702 [INFO] Pass: Size - 0.04888 (ms)
2026-07-13 09:38:03,702 [INFO] Pass: FixedPoint - 0.00453 (ms)
2026-07-13 09:38:03,702 [INFO] Pass: Depth - 0.13113 (ms)
2026-07-13 09:38:03,702 [INFO] Pass: Depth - 0.12994 (ms)
2026-07-13 09:38:03,702 [INFO] Pass: FixedPoint - 0.01073 (ms)
2026-07-13 09:38:03,702 [INFO] Pass: FixedPoint - 0.01073 (ms)
2026-07-13 09:38:03,702 [INFO] Pass: Size - 0.04935 (ms)
2026-07-13 09:38:03,702 [INFO] Pass: Size - 0.04959 (ms)
2026-07-13 09:38:03,702 [INFO] Pass: FixedPoint - 0.00477 (ms)
2026-07-13 09:38:03,702 [INFO] Pass: FixedPoint - 0.00477 (ms)
2026-07-13 09:38:03,703 [INFO] Pass: Optimize1qGatesDecomposition - 0.85402 (ms)
2026-07-13 09:38:03,703 [INFO] Pass: Optimize1qGatesDecomposition - 0.86474 (ms)
2026-07-13 09:38:03,703 [INFO] Pass: InverseCancellation - 0.13304 (ms)
2026-07-13 09:38:03,703 [INFO] Pass: InverseCancellation - 0.13256 (ms)
2026-07-13 09:38:03,703 [INFO] Pass: Optimize1qGatesDecomposition - 0.85878 (ms)
2026-07-13 09:38:03,703 [INFO] Pass: InverseCancellation - 0.13280 (ms)
2026-07-13 09:38:03,703 [INFO] Pass: Optimize1qGatesDecomposition - 0.84233 (ms)
2026-07-13 09:38:03,703 [INFO] Pass: Optimize1qGatesDecomposition - 0.84376 (ms)
2026-07-13 09:38:03,703 [INFO] Pass: InverseCancellation - 0.13137 (ms)
2026-07-13 09:38:03,703 [INFO] Pass: InverseCancellation - 0.13089 (ms)
2026-07-13 09:38:03,704 [INFO] Pass: GatesInBasis - 0.58317 (ms)
2026-07-13 09:38:03,704 [INFO] Pass: GatesInBasis - 0.58389 (ms)
2026-07-13 09:38:03,704 [INFO] Pass: Depth - 0.12612 (ms)
2026-07-13 09:38:03,704 [INFO] Pass: FixedPoint - 0.00572 (ms)
2026-07-13 09:38:03,704 [INFO] Pass: Depth - 0.12732 (ms)
2026-07-13 09:38:03,704 [INFO] Pass: FixedPoint - 0.00548 (ms)
2026-07-13 09:38:03,704 [INFO] Pass: GatesInBasis - 0.57817 (ms)
2026-07-13 09:38:03,704 [INFO] Pass: Size - 0.04816 (ms)
2026-07-13 09:38:03,704 [INFO] Pass: FixedPoint - 0.00405 (ms)
2026-07-13 09:38:03,704 [INFO] Pass: Size - 0.04768 (ms)
2026-07-13 09:38:03,704 [INFO] Pass: ContainsInstruction - 0.00477 (ms)
2026-07-13 09:38:03,704 [INFO] Pass: FixedPoint - 0.00429 (ms)
2026-07-13 09:38:03,704 [INFO] Pass: ContainsInstruction - 0.00501 (ms)
2026-07-13 09:38:03,704 [INFO] Pass: Depth - 0.12636 (ms)
2026-07-13 09:38:03,704 [INFO] Pass: FixedPoint - 0.00525 (ms)
2026-07-13 09:38:03,704 [INFO] Pass: GatesInBasis - 0.57697 (ms)
2026-07-13 09:38:03,704 [INFO] Pass: GatesInBasis - 0.57459 (ms)
2026-07-13 09:38:03,704 [INFO] Pass: Size - 0.04721 (ms)
2026-07-13 09:38:03,704 [INFO] Pass: FixedPoint - 0.00429 (ms)
2026-07-13 09:38:03,704 [INFO] Pass: ContainsInstruction - 0.00453 (ms)
2026-07-13 09:38:03,704 [INFO] Pass: Depth - 0.12970 (ms)
2026-07-13 09:38:03,704 [INFO] Pass: Depth - 0.12994 (ms)
2026-07-13 09:38:03,704 [INFO] Pass: FixedPoint - 0.00548 (ms)
2026-07-13 09:38:03,704 [INFO] Pass: FixedPoint - 0.00548 (ms)
2026-07-13 09:38:03,704 [INFO] Pass: Size - 0.04745 (ms)
2026-07-13 09:38:03,704 [INFO] Pass: Size - 0.04792 (ms)
2026-07-13 09:38:03,704 [INFO] Pass: FixedPoint - 0.00453 (ms)
2026-07-13 09:38:03,704 [INFO] Pass: FixedPoint - 0.00429 (ms)
2026-07-13 09:38:03,704 [INFO] Pass: ContainsInstruction - 0.00834 (ms)
2026-07-13 09:38:03,704 [INFO] Pass: ContainsInstruction - 0.00834 (ms)
2026-07-13 09:38:03,705 [INFO] Total Transpile Time - 50.65870 (ms)
2026-07-13 09:38:03,705 [INFO] Total Transpile Time - 50.32730 (ms)
2026-07-13 09:38:03,705 [INFO] Total Transpile Time - 50.49682 (ms)
2026-07-13 09:38:03,705 [INFO] Total Transpile Time - 50.59791 (ms)
2026-07-13 09:38:03,705 [INFO] Total Transpile Time - 50.37212 (ms)
2026-07-13 09:38:03,716 [INFO] Pass: ContainsInstruction - 0.00787 (ms)
2026-07-13 09:38:03,716 [INFO] Pass: InverseCancellation - 0.14806 (ms)
2026-07-13 09:38:03,716 [INFO] Pass: UnitarySynthesis - 0.00381 (ms)
2026-07-13 09:38:03,717 [INFO] Pass: HighLevelSynthesis - 0.98443 (ms)
2026-07-13 09:38:03,718 [INFO] Pass: BasisTranslator - 0.67878 (ms)
2026-07-13 09:38:03,718 [INFO] Pass: Depth - 0.13065 (ms)
2026-07-13 09:38:03,718 [INFO] Pass: FixedPoint - 0.00715 (ms)
2026-07-13 09:38:03,718 [INFO] Pass: Size - 0.05412 (ms)
2026-07-13 09:38:03,718 [INFO] Pass: FixedPoint - 0.00453 (ms)
2026-07-13 09:38:03,719 [INFO] Pass: ContainsInstruction - 0.00715 (ms)
2026-07-13 09:38:03,719 [INFO] Pass: InverseCancellation - 0.14901 (ms)
2026-07-13 09:38:03,719 [INFO] Pass: UnitarySynthesis - 0.00405 (ms)
2026-07-13 09:38:03,719 [INFO] Pass: Optimize1qGatesDecomposition - 0.84043 (ms)
2026-07-13 09:38:03,719 [INFO] Pass: InverseCancellation - 0.13566 (ms)
2026-07-13 09:38:03,720 [INFO] Pass: HighLevelSynthesis - 0.98944 (ms)
2026-07-13 09:38:03,720 [INFO] Pass: GatesInBasis - 0.57578 (ms)
2026-07-13 09:38:03,720 [INFO] Pass: Depth - 0.12493 (ms)
2026-07-13 09:38:03,720 [INFO] Pass: FixedPoint - 0.00548 (ms)
2026-07-13 09:38:03,720 [INFO] Pass: Size - 0.05269 (ms)
2026-07-13 09:38:03,720 [INFO] Pass: FixedPoint - 0.00429 (ms)
2026-07-13 09:38:03,720 [INFO] Pass: ContainsInstruction - 0.00429 (ms)
2026-07-13 09:38:03,721 [INFO] Pass: BasisTranslator - 0.68188 (ms)
2026-07-13 09:38:03,721 [INFO] Pass: Depth - 0.13089 (ms)
2026-07-13 09:38:03,721 [INFO] Pass: FixedPoint - 0.00691 (ms)
2026-07-13 09:38:03,721 [INFO] Pass: Size - 0.04983 (ms)
2026-07-13 09:38:03,721 [INFO] Pass: FixedPoint - 0.00453 (ms)
2026-07-13 09:38:03,721 [INFO] Total Transpile Time - 50.28439 (ms)
2026-07-13 09:38:03,722 [INFO] Pass: Optimize1qGatesDecomposition - 0.84949 (ms)
2026-07-13 09:38:03,722 [INFO] Pass: InverseCancellation - 0.13065 (ms)
2026-07-13 09:38:03,722 [INFO] Pass: ContainsInstruction - 0.00858 (ms)
2026-07-13 09:38:03,722 [INFO] Pass: InverseCancellation - 0.15450 (ms)
2026-07-13 09:38:03,722 [INFO] Pass: UnitarySynthesis - 0.00453 (ms)
2026-07-13 09:38:03,722 [INFO] Pass: ContainsInstruction - 0.00882 (ms)
2026-07-13 09:38:03,723 [INFO] Pass: GatesInBasis - 0.58651 (ms)
2026-07-13 09:38:03,723 [INFO] Pass: InverseCancellation - 0.15068 (ms)
2026-07-13 09:38:03,723 [INFO] Pass: UnitarySynthesis - 0.00429 (ms)
2026-07-13 09:38:03,723 [INFO] Pass: Depth - 0.12541 (ms)
2026-07-13 09:38:03,723 [INFO] Pass: FixedPoint - 0.00548 (ms)
2026-07-13 09:38:03,723 [INFO] Pass: Size - 0.04721 (ms)
2026-07-13 09:38:03,723 [INFO] Pass: FixedPoint - 0.00453 (ms)
2026-07-13 09:38:03,723 [INFO] Pass: ContainsInstruction - 0.00477 (ms)
2026-07-13 09:38:03,723 [INFO] Pass: ContainsInstruction - 0.00930 (ms)
2026-07-13 09:38:03,723 [INFO] Pass: InverseCancellation - 0.15807 (ms)
2026-07-13 09:38:03,723 [INFO] Pass: UnitarySynthesis - 0.00453 (ms)
2026-07-13 09:38:03,723 [INFO] Pass: HighLevelSynthesis - 1.00064 (ms)
2026-07-13 09:38:03,724 [INFO] Pass: ContainsInstruction - 0.00858 (ms)
2026-07-13 09:38:03,724 [INFO] Pass: HighLevelSynthesis - 1.08647 (ms)
2026-07-13 09:38:03,724 [INFO] Pass: InverseCancellation - 0.14782 (ms)
2026-07-13 09:38:03,724 [INFO] Pass: UnitarySynthesis - 0.00453 (ms)
2026-07-13 09:38:03,724 [INFO] Total Transpile Time - 50.21763 (ms)
2026-07-13 09:38:03,724 [INFO] Pass: BasisTranslator - 0.68021 (ms)
2026-07-13 09:38:03,724 [INFO] Pass: Depth - 0.13518 (ms)
2026-07-13 09:38:03,724 [INFO] Pass: FixedPoint - 0.00739 (ms)
2026-07-13 09:38:03,725 [INFO] Pass: HighLevelSynthesis - 1.09196 (ms)
2026-07-13 09:38:03,725 [INFO] Pass: Size - 0.04959 (ms)
2026-07-13 09:38:03,725 [INFO] Pass: FixedPoint - 0.00477 (ms)
2026-07-13 09:38:03,725 [INFO] Pass: BasisTranslator - 0.93460 (ms)
2026-07-13 09:38:03,725 [INFO] Pass: Depth - 0.14615 (ms)
2026-07-13 09:38:03,725 [INFO] Pass: FixedPoint - 0.00811 (ms)
2026-07-13 09:38:03,725 [INFO] Pass: HighLevelSynthesis - 1.07503 (ms)
2026-07-13 09:38:03,725 [INFO] Pass: Size - 0.05174 (ms)
2026-07-13 09:38:03,725 [INFO] Pass: FixedPoint - 0.00453 (ms)
2026-07-13 09:38:03,725 [INFO] Pass: Optimize1qGatesDecomposition - 0.86713 (ms)
2026-07-13 09:38:03,726 [INFO] Pass: BasisTranslator - 0.95129 (ms)
2026-07-13 09:38:03,726 [INFO] Pass: InverseCancellation - 0.13328 (ms)
2026-07-13 09:38:03,726 [INFO] Pass: Depth - 0.14639 (ms)
2026-07-13 09:38:03,726 [INFO] Pass: FixedPoint - 0.00739 (ms)
2026-07-13 09:38:03,726 [INFO] Pass: Size - 0.05221 (ms)
2026-07-13 09:38:03,726 [INFO] Pass: FixedPoint - 0.00477 (ms)
2026-07-13 09:38:03,726 [INFO] Pass: BasisTranslator - 0.93865 (ms)
2026-07-13 09:38:03,726 [INFO] Pass: Optimize1qGatesDecomposition - 0.96393 (ms)
2026-07-13 09:38:03,726 [INFO] Pass: GatesInBasis - 0.58389 (ms)
2026-07-13 09:38:03,726 [INFO] Pass: InverseCancellation - 0.00882 (ms)
2026-07-13 09:38:03,726 [INFO] Pass: Depth - 0.14973 (ms)
2026-07-13 09:38:03,726 [INFO] Pass: ContainsInstruction - 0.00882 (ms)
2026-07-13 09:38:03,726 [INFO] Pass: FixedPoint - 0.00858 (ms)
2026-07-13 09:38:03,726 [INFO] Pass: ContainsInstruction - 0.01287 (ms)
2026-07-13 09:38:03,726 [INFO] Pass: Size - 0.05245 (ms)
2026-07-13 09:38:03,726 [INFO] Pass: Depth - 0.12827 (ms)
2026-07-13 09:38:03,726 [INFO] Pass: FixedPoint - 0.00477 (ms)
2026-07-13 09:38:03,726 [INFO] Pass: FixedPoint - 0.00525 (ms)
2026-07-13 09:38:03,727 [INFO] Pass: InverseCancellation - 0.14973 (ms)
2026-07-13 09:38:03,727 [INFO] Pass: Size - 0.04721 (ms)
2026-07-13 09:38:03,727 [INFO] Pass: InverseCancellation - 0.15211 (ms)
2026-07-13 09:38:03,727 [INFO] Pass: UnitarySynthesis - 0.00429 (ms)
2026-07-13 09:38:03,727 [INFO] Pass: FixedPoint - 0.00405 (ms)
2026-07-13 09:38:03,727 [INFO] Pass: UnitarySynthesis - 0.00429 (ms)
2026-07-13 09:38:03,727 [INFO] Pass: ContainsInstruction - 0.00501 (ms)
2026-07-13 09:38:03,727 [INFO] Pass: Optimize1qGatesDecomposition - 0.96202 (ms)
2026-07-13 09:38:03,727 [INFO] Pass: GatesInBasis - 0.58222 (ms)
2026-07-13 09:38:03,727 [INFO] Pass: InverseCancellation - 0.00834 (ms)
2026-07-13 09:38:03,727 [INFO] Pass: Depth - 0.13137 (ms)
2026-07-13 09:38:03,727 [INFO] Pass: FixedPoint - 0.00525 (ms)
2026-07-13 09:38:03,727 [INFO] Pass: Size - 0.05436 (ms)
2026-07-13 09:38:03,727 [INFO] Pass: FixedPoint - 0.00453 (ms)
2026-07-13 09:38:03,727 [INFO] Pass: Optimize1qGatesDecomposition - 0.95534 (ms)
2026-07-13 09:38:03,728 [INFO] Pass: InverseCancellation - 0.00906 (ms)
2026-07-13 09:38:03,728 [INFO] Pass: GatesInBasis - 0.59056 (ms)
2026-07-13 09:38:03,728 [INFO] Pass: HighLevelSynthesis - 1.00946 (ms)
2026-07-13 09:38:03,728 [INFO] Pass: HighLevelSynthesis - 1.08933 (ms)
2026-07-13 09:38:03,728 [INFO] Total Transpile Time - 50.65370 (ms)
2026-07-13 09:38:03,728 [INFO] Pass: Depth - 0.13137 (ms)
2026-07-13 09:38:03,728 [INFO] Pass: FixedPoint - 0.00596 (ms)
2026-07-13 09:38:03,728 [INFO] Pass: Size - 0.04816 (ms)
2026-07-13 09:38:03,728 [INFO] Pass: FixedPoint - 0.00429 (ms)
2026-07-13 09:38:03,728 [INFO] Pass: Optimize1qGatesDecomposition - 0.75483 (ms)
2026-07-13 09:38:03,728 [INFO] Pass: InverseCancellation - 0.00668 (ms)
2026-07-13 09:38:03,728 [INFO] Pass: GatesInBasis - 0.58246 (ms)
2026-07-13 09:38:03,728 [INFO] Pass: Depth - 0.13423 (ms)
2026-07-13 09:38:03,728 [INFO] Pass: FixedPoint - 0.00525 (ms)
2026-07-13 09:38:03,728 [INFO] Pass: BasisTranslator - 0.68569 (ms)
2026-07-13 09:38:03,728 [INFO] Pass: Size - 0.04768 (ms)
2026-07-13 09:38:03,728 [INFO] Pass: FixedPoint - 0.00453 (ms)
2026-07-13 09:38:03,728 [INFO] Pass: BasisTranslator - 0.72050 (ms)
2026-07-13 09:38:03,729 [INFO] Pass: Depth - 0.13399 (ms)
2026-07-13 09:38:03,729 [INFO] Pass: FixedPoint - 0.00787 (ms)
2026-07-13 09:38:03,729 [INFO] Pass: Depth - 0.14639 (ms)
2026-07-13 09:38:03,729 [INFO] Pass: GatesInBasis - 0.57459 (ms)
2026-07-13 09:38:03,729 [INFO] Pass: Optimize1qGatesDecomposition - 0.76485 (ms)
2026-07-13 09:38:03,729 [INFO] Pass: Size - 0.04983 (ms)
2026-07-13 09:38:03,729 [INFO] Pass: FixedPoint - 0.00787 (ms)
2026-07-13 09:38:03,729 [INFO] Pass: FixedPoint - 0.00501 (ms)
2026-07-13 09:38:03,729 [INFO] Pass: InverseCancellation - 0.00787 (ms)
2026-07-13 09:38:03,729 [INFO] Pass: Size - 0.05269 (ms)
2026-07-13 09:38:03,729 [INFO] Pass: FixedPoint - 0.00453 (ms)
2026-07-13 09:38:03,729 [INFO] Pass: Depth - 0.12445 (ms)
2026-07-13 09:38:03,729 [INFO] Pass: FixedPoint - 0.00453 (ms)
2026-07-13 09:38:03,729 [INFO] Pass: Size - 0.04673 (ms)
2026-07-13 09:38:03,729 [INFO] Pass: FixedPoint - 0.00405 (ms)
2026-07-13 09:38:03,729 [INFO] Pass: ContainsInstruction - 0.00548 (ms)
2026-07-13 09:38:03,729 [INFO] Pass: Optimize1qGatesDecomposition - 0.76246 (ms)
2026-07-13 09:38:03,729 [INFO] Pass: InverseCancellation - 0.00763 (ms)
2026-07-13 09:38:03,729 [INFO] Pass: GatesInBasis - 0.57530 (ms)
2026-07-13 09:38:03,730 [INFO] Pass: Depth - 0.12422 (ms)
2026-07-13 09:38:03,730 [INFO] Pass: FixedPoint - 0.00501 (ms)
2026-07-13 09:38:03,730 [INFO] Pass: Size - 0.04768 (ms)
2026-07-13 09:38:03,730 [INFO] Pass: Optimize1qGatesDecomposition - 0.85545 (ms)
2026-07-13 09:38:03,730 [INFO] Pass: FixedPoint - 0.00405 (ms)
2026-07-13 09:38:03,730 [INFO] Pass: ContainsInstruction - 0.00548 (ms)
2026-07-13 09:38:03,730 [INFO] Pass: ContainsInstruction - 0.00858 (ms)
2026-07-13 09:38:03,730 [INFO] Pass: InverseCancellation - 0.13065 (ms)
2026-07-13 09:38:03,730 [INFO] Pass: Optimize1qGatesDecomposition - 0.95820 (ms)
2026-07-13 09:38:03,730 [INFO] Pass: InverseCancellation - 0.00882 (ms)
2026-07-13 09:38:03,730 [INFO] Pass: GatesInBasis - 0.56529 (ms)
2026-07-13 09:38:03,730 [INFO] Pass: InverseCancellation - 0.15378 (ms)
2026-07-13 09:38:03,730 [INFO] Pass: UnitarySynthesis - 0.00405 (ms)
2026-07-13 09:38:03,730 [INFO] Pass: Depth - 0.12612 (ms)
2026-07-13 09:38:03,730 [INFO] Total Transpile Time - 52.42229 (ms)
2026-07-13 09:38:03,730 [INFO] Pass: ContainsInstruction - 0.00882 (ms)
2026-07-13 09:38:03,730 [INFO] Pass: FixedPoint - 0.00548 (ms)
2026-07-13 09:38:03,730 [INFO] Pass: Size - 0.05269 (ms)
2026-07-13 09:38:03,730 [INFO] Pass: FixedPoint - 0.00405 (ms)
2026-07-13 09:38:03,730 [INFO] Pass: ContainsInstruction - 0.00525 (ms)
2026-07-13 09:38:03,730 [INFO] Pass: InverseCancellation - 0.15879 (ms)
2026-07-13 09:38:03,730 [INFO] Pass: UnitarySynthesis - 0.00453 (ms)
2026-07-13 09:38:03,730 [INFO] Pass: GatesInBasis - 0.58270 (ms)
2026-07-13 09:38:03,731 [INFO] Pass: GatesInBasis - 0.59080 (ms)
2026-07-13 09:38:03,731 [INFO] Pass: Depth - 0.12755 (ms)
2026-07-13 09:38:03,731 [INFO] Pass: FixedPoint - 0.00572 (ms)
2026-07-13 09:38:03,731 [INFO] Pass: Depth - 0.12898 (ms)
2026-07-13 09:38:03,731 [INFO] Pass: Size - 0.04840 (ms)
2026-07-13 09:38:03,731 [INFO] Pass: FixedPoint - 0.00548 (ms)
2026-07-13 09:38:03,731 [INFO] Total Transpile Time - 52.37389 (ms)
2026-07-13 09:38:03,731 [INFO] Pass: FixedPoint - 0.00405 (ms)
2026-07-13 09:38:03,731 [INFO] Pass: ContainsInstruction - 0.00811 (ms)
2026-07-13 09:38:03,731 [INFO] Pass: Size - 0.04840 (ms)
2026-07-13 09:38:03,731 [INFO] Pass: FixedPoint - 0.00429 (ms)
2026-07-13 09:38:03,731 [INFO] Pass: HighLevelSynthesis - 1.01686 (ms)
2026-07-13 09:38:03,731 [INFO] Total Transpile Time - 52.34742 (ms)
2026-07-13 09:38:03,732 [INFO] Pass: HighLevelSynthesis - 1.09386 (ms)
2026-07-13 09:38:03,732 [INFO] Pass: Optimize1qGatesDecomposition - 0.76413 (ms)
2026-07-13 09:38:03,732 [INFO] Pass: InverseCancellation - 0.00715 (ms)
2026-07-13 09:38:03,732 [INFO] Pass: BasisTranslator - 0.69118 (ms)
2026-07-13 09:38:03,732 [INFO] Total Transpile Time - 50.63701 (ms)
2026-07-13 09:38:03,732 [INFO] Pass: Depth - 0.13161 (ms)
2026-07-13 09:38:03,732 [INFO] Pass: FixedPoint - 0.00787 (ms)
2026-07-13 09:38:03,732 [INFO] Pass: Size - 0.04959 (ms)
2026-07-13 09:38:03,732 [INFO] Pass: FixedPoint - 0.00501 (ms)
2026-07-13 09:38:03,732 [INFO] Pass: BasisTranslator - 0.73695 (ms)
2026-07-13 09:38:03,732 [INFO] Pass: GatesInBasis - 0.56982 (ms)
2026-07-13 09:38:03,732 [INFO] Pass: Depth - 0.12445 (ms)
2026-07-13 09:38:03,733 [INFO] Pass: Depth - 0.14377 (ms)
2026-07-13 09:38:03,733 [INFO] Pass: FixedPoint - 0.00453 (ms)
2026-07-13 09:38:03,733 [INFO] Pass: FixedPoint - 0.00787 (ms)
2026-07-13 09:38:03,733 [INFO] Pass: Size - 0.04745 (ms)
2026-07-13 09:38:03,733 [INFO] Pass: Size - 0.05174 (ms)
2026-07-13 09:38:03,733 [INFO] Pass: FixedPoint - 0.00405 (ms)
2026-07-13 09:38:03,733 [INFO] Pass: FixedPoint - 0.00453 (ms)
2026-07-13 09:38:03,733 [INFO] Pass: ContainsInstruction - 0.00548 (ms)
2026-07-13 09:38:03,733 [INFO] Pass: Optimize1qGatesDecomposition - 0.84996 (ms)
2026-07-13 09:38:03,733 [INFO] Pass: InverseCancellation - 0.13733 (ms)
2026-07-13 09:38:03,734 [INFO] Pass: Optimize1qGatesDecomposition - 0.95677 (ms)
2026-07-13 09:38:03,734 [INFO] Total Transpile Time - 52.43063 (ms)
2026-07-13 09:38:03,734 [INFO] Pass: InverseCancellation - 0.00954 (ms)
2026-07-13 09:38:03,734 [INFO] Pass: GatesInBasis - 0.58174 (ms)
2026-07-13 09:38:03,734 [INFO] Pass: Depth - 0.12565 (ms)
2026-07-13 09:38:03,734 [INFO] Pass: FixedPoint - 0.00525 (ms)
2026-07-13 09:38:03,734 [INFO] Pass: Size - 0.04745 (ms)
2026-07-13 09:38:03,734 [INFO] Pass: FixedPoint - 0.00429 (ms)
2026-07-13 09:38:03,734 [INFO] Pass: ContainsInstruction - 0.00501 (ms)
2026-07-13 09:38:03,734 [INFO] Pass: GatesInBasis - 0.59104 (ms)
2026-07-13 09:38:03,735 [INFO] Pass: Depth - 0.13065 (ms)
2026-07-13 09:38:03,735 [INFO] Pass: FixedPoint - 0.00525 (ms)
2026-07-13 09:38:03,735 [INFO] Pass: Size - 0.04792 (ms)
2026-07-13 09:38:03,735 [INFO] Pass: FixedPoint - 0.00429 (ms)
2026-07-13 09:38:03,735 [INFO] Total Transpile Time - 50.66466 (ms)
2026-07-13 09:38:03,736 [INFO] Pass: Optimize1qGatesDecomposition - 0.76890 (ms)
2026-07-13 09:38:03,736 [INFO] Pass: InverseCancellation - 0.00763 (ms)
2026-07-13 09:38:03,736 [INFO] Pass: GatesInBasis - 0.57125 (ms)
2026-07-13 09:38:03,736 [INFO] Pass: Depth - 0.12493 (ms)
2026-07-13 09:38:03,736 [INFO] Pass: FixedPoint - 0.00525 (ms)
2026-07-13 09:38:03,736 [INFO] Pass: Size - 0.04721 (ms)
2026-07-13 09:38:03,736 [INFO] Pass: FixedPoint - 0.00429 (ms)
2026-07-13 09:38:03,737 [INFO] Pass: ContainsInstruction - 0.00548 (ms)
2026-07-13 09:38:03,738 [INFO] Total Transpile Time - 53.18046 (ms)
2026-07-13 09:38:03,744 [INFO] Pass: ContainsInstruction - 0.00763 (ms)
2026-07-13 09:38:03,744 [INFO] Pass: InverseCancellation - 0.14687 (ms)
2026-07-13 09:38:03,744 [INFO] Pass: UnitarySynthesis - 0.00405 (ms)
2026-07-13 09:38:03,746 [INFO] Pass: HighLevelSynthesis - 1.06716 (ms)
2026-07-13 09:38:03,746 [INFO] Pass: BasisTranslator - 0.71836 (ms)
2026-07-13 09:38:03,746 [INFO] Pass: Depth - 0.14448 (ms)
2026-07-13 09:38:03,747 [INFO] Pass: FixedPoint - 0.00691 (ms)
2026-07-13 09:38:03,747 [INFO] Pass: Size - 0.05150 (ms)
2026-07-13 09:38:03,747 [INFO] Pass: FixedPoint - 0.00477 (ms)
2026-07-13 09:38:03,748 [INFO] Pass: Optimize1qGatesDecomposition - 0.94414 (ms)
2026-07-13 09:38:03,748 [INFO] Pass: InverseCancellation - 0.00906 (ms)
2026-07-13 09:38:03,748 [INFO] Pass: GatesInBasis - 0.58532 (ms)
2026-07-13 09:38:03,749 [INFO] Pass: Depth - 0.12946 (ms)
2026-07-13 09:38:03,749 [INFO] Pass: FixedPoint - 0.00548 (ms)
2026-07-13 09:38:03,749 [INFO] Pass: Size - 0.04816 (ms)
2026-07-13 09:38:03,749 [INFO] Pass: FixedPoint - 0.00477 (ms)
2026-07-13 09:38:03,749 [INFO] Pass: Optimize1qGatesDecomposition - 0.77081 (ms)
2026-07-13 09:38:03,750 [INFO] Pass: InverseCancellation - 0.00763 (ms)
2026-07-13 09:38:03,750 [INFO] Pass: ContainsInstruction - 0.00763 (ms)
2026-07-13 09:38:03,750 [INFO] Pass: InverseCancellation - 0.14591 (ms)
2026-07-13 09:38:03,750 [INFO] Pass: UnitarySynthesis - 0.00405 (ms)
2026-07-13 09:38:03,750 [INFO] Pass: ContainsInstruction - 0.00787 (ms)
2026-07-13 09:38:03,750 [INFO] Pass: GatesInBasis - 0.57030 (ms)
2026-07-13 09:38:03,750 [INFO] Pass: ContainsInstruction - 0.00787 (ms)
2026-07-13 09:38:03,750 [INFO] Pass: InverseCancellation - 0.15259 (ms)
2026-07-13 09:38:03,750 [INFO] Pass: Depth - 0.12970 (ms)
2026-07-13 09:38:03,750 [INFO] Pass: UnitarySynthesis - 0.00501 (ms)
2026-07-13 09:38:03,750 [INFO] Pass: FixedPoint - 0.00477 (ms)
2026-07-13 09:38:03,750 [INFO] Pass: InverseCancellation - 0.14853 (ms)
2026-07-13 09:38:03,750 [INFO] Pass: Size - 0.04816 (ms)
2026-07-13 09:38:03,750 [INFO] Pass: UnitarySynthesis - 0.00405 (ms)
2026-07-13 09:38:03,750 [INFO] Pass: FixedPoint - 0.00405 (ms)
2026-07-13 09:38:03,750 [INFO] Pass: ContainsInstruction - 0.00501 (ms)
2026-07-13 09:38:03,751 [INFO] Pass: ContainsInstruction - 0.00763 (ms)
2026-07-13 09:38:03,751 [INFO] Pass: ContainsInstruction - 0.00763 (ms)
2026-07-13 09:38:03,751 [INFO] Pass: InverseCancellation - 0.14710 (ms)
2026-07-13 09:38:03,751 [INFO] Pass: InverseCancellation - 0.14663 (ms)
2026-07-13 09:38:03,751 [INFO] Pass: UnitarySynthesis - 0.00429 (ms)
2026-07-13 09:38:03,751 [INFO] Pass: UnitarySynthesis - 0.00429 (ms)
2026-07-13 09:38:03,751 [INFO] Pass: HighLevelSynthesis - 1.08147 (ms)
2026-07-13 09:38:03,751 [INFO] Pass: HighLevelSynthesis - 1.06430 (ms)
2026-07-13 09:38:03,751 [INFO] Total Transpile Time - 52.06752 (ms)
2026-07-13 09:38:03,752 [INFO] Pass: HighLevelSynthesis - 1.09005 (ms)
2026-07-13 09:38:03,752 [INFO] Pass: HighLevelSynthesis - 1.07265 (ms)
2026-07-13 09:38:03,752 [INFO] Pass: HighLevelSynthesis - 1.07622 (ms)
2026-07-13 09:38:03,752 [INFO] Pass: BasisTranslator - 0.92101 (ms)
2026-07-13 09:38:03,752 [INFO] Pass: Depth - 0.14830 (ms)
2026-07-13 09:38:03,752 [INFO] Pass: FixedPoint - 0.00715 (ms)
2026-07-13 09:38:03,752 [INFO] Pass: BasisTranslator - 0.72336 (ms)
2026-07-13 09:38:03,752 [INFO] Pass: Size - 0.05078 (ms)
2026-07-13 09:38:03,752 [INFO] Pass: BasisTranslator - 0.91791 (ms)
2026-07-13 09:38:03,752 [INFO] Pass: FixedPoint - 0.00453 (ms)
2026-07-13 09:38:03,753 [INFO] Pass: Depth - 0.14281 (ms)
2026-07-13 09:38:03,753 [INFO] Pass: FixedPoint - 0.00763 (ms)
2026-07-13 09:38:03,753 [INFO] Pass: Depth - 0.14329 (ms)
2026-07-13 09:38:03,753 [INFO] Pass: FixedPoint - 0.00763 (ms)
2026-07-13 09:38:03,753 [INFO] Pass: Size - 0.05102 (ms)
2026-07-13 09:38:03,753 [INFO] Pass: FixedPoint - 0.00453 (ms)
2026-07-13 09:38:03,753 [INFO] Pass: BasisTranslator - 0.72074 (ms)
2026-07-13 09:38:03,753 [INFO] Pass: Size - 0.05174 (ms)
2026-07-13 09:38:03,753 [INFO] Pass: BasisTranslator - 0.72360 (ms)
2026-07-13 09:38:03,753 [INFO] Pass: FixedPoint - 0.00453 (ms)
2026-07-13 09:38:03,753 [INFO] Pass: Depth - 0.14353 (ms)
2026-07-13 09:38:03,753 [INFO] Pass: Depth - 0.14162 (ms)
2026-07-13 09:38:03,753 [INFO] Pass: FixedPoint - 0.00691 (ms)
2026-07-13 09:38:03,753 [INFO] Pass: FixedPoint - 0.00691 (ms)
2026-07-13 09:38:03,753 [INFO] Pass: Size - 0.05102 (ms)
2026-07-13 09:38:03,753 [INFO] Pass: FixedPoint - 0.00477 (ms)
2026-07-13 09:38:03,753 [INFO] Pass: Size - 0.05054 (ms)
2026-07-13 09:38:03,753 [INFO] Pass: FixedPoint - 0.00453 (ms)
2026-07-13 09:38:03,753 [INFO] Pass: Optimize1qGatesDecomposition - 0.93985 (ms)
2026-07-13 09:38:03,753 [INFO] Pass: InverseCancellation - 0.00858 (ms)
2026-07-13 09:38:03,754 [INFO] Pass: Optimize1qGatesDecomposition - 0.95820 (ms)
2026-07-13 09:38:03,754 [INFO] Pass: InverseCancellation - 0.00834 (ms)
2026-07-13 09:38:03,754 [INFO] Pass: Optimize1qGatesDecomposition - 0.95272 (ms)
2026-07-13 09:38:03,754 [INFO] Pass: InverseCancellation - 0.00882 (ms)
2026-07-13 09:38:03,754 [INFO] Pass: Optimize1qGatesDecomposition - 0.94819 (ms)
2026-07-13 09:38:03,754 [INFO] Pass: GatesInBasis - 0.57864 (ms)
2026-07-13 09:38:03,754 [INFO] Pass: Optimize1qGatesDecomposition - 0.95463 (ms)
2026-07-13 09:38:03,754 [INFO] Pass: InverseCancellation - 0.00882 (ms)
2026-07-13 09:38:03,754 [INFO] Pass: InverseCancellation - 0.00834 (ms)
2026-07-13 09:38:03,754 [INFO] Pass: Depth - 0.13137 (ms)
2026-07-13 09:38:03,754 [INFO] Pass: FixedPoint - 0.00548 (ms)
2026-07-13 09:38:03,754 [INFO] Pass: Size - 0.04792 (ms)
2026-07-13 09:38:03,754 [INFO] Pass: GatesInBasis - 0.58651 (ms)
2026-07-13 09:38:03,754 [INFO] Pass: FixedPoint - 0.00453 (ms)
2026-07-13 09:38:03,754 [INFO] Pass: GatesInBasis - 0.58389 (ms)
2026-07-13 09:38:03,755 [INFO] Pass: Depth - 0.12851 (ms)
2026-07-13 09:38:03,755 [INFO] Pass: FixedPoint - 0.00548 (ms)
2026-07-13 09:38:03,755 [INFO] Pass: Depth - 0.12970 (ms)
2026-07-13 09:38:03,755 [INFO] Pass: FixedPoint - 0.00572 (ms)
2026-07-13 09:38:03,755 [INFO] Pass: Size - 0.04745 (ms)
2026-07-13 09:38:03,755 [INFO] Pass: FixedPoint - 0.00429 (ms)
2026-07-13 09:38:03,755 [INFO] Pass: GatesInBasis - 0.58675 (ms)
2026-07-13 09:38:03,755 [INFO] Pass: Size - 0.04816 (ms)
2026-07-13 09:38:03,755 [INFO] Pass: GatesInBasis - 0.58413 (ms)
2026-07-13 09:38:03,755 [INFO] Pass: FixedPoint - 0.00429 (ms)
2026-07-13 09:38:03,755 [INFO] Pass: Depth - 0.12827 (ms)
2026-07-13 09:38:03,755 [INFO] Pass: FixedPoint - 0.00548 (ms)
2026-07-13 09:38:03,755 [INFO] Pass: Depth - 0.12875 (ms)
2026-07-13 09:38:03,755 [INFO] Pass: FixedPoint - 0.00548 (ms)
2026-07-13 09:38:03,755 [INFO] Pass: Size - 0.04792 (ms)
2026-07-13 09:38:03,755 [INFO] Pass: FixedPoint - 0.00429 (ms)
2026-07-13 09:38:03,755 [INFO] Pass: Size - 0.04792 (ms)
2026-07-13 09:38:03,755 [INFO] Pass: FixedPoint - 0.00429 (ms)
2026-07-13 09:38:03,755 [INFO] Pass: Optimize1qGatesDecomposition - 0.75889 (ms)
2026-07-13 09:38:03,755 [INFO] Pass: InverseCancellation - 0.00668 (ms)
2026-07-13 09:38:03,756 [INFO] Pass: Optimize1qGatesDecomposition - 0.77558 (ms)
2026-07-13 09:38:03,756 [INFO] Pass: InverseCancellation - 0.00715 (ms)
2026-07-13 09:38:03,756 [INFO] Pass: Optimize1qGatesDecomposition - 0.76914 (ms)
2026-07-13 09:38:03,756 [INFO] Pass: InverseCancellation - 0.00691 (ms)
2026-07-13 09:38:03,756 [INFO] Pass: Optimize1qGatesDecomposition - 0.75984 (ms)
2026-07-13 09:38:03,756 [INFO] Pass: GatesInBasis - 0.56791 (ms)
2026-07-13 09:38:03,756 [INFO] Pass: InverseCancellation - 0.00715 (ms)
2026-07-13 09:38:03,756 [INFO] Pass: Optimize1qGatesDecomposition - 0.76580 (ms)
2026-07-13 09:38:03,756 [INFO] Pass: InverseCancellation - 0.00787 (ms)
2026-07-13 09:38:03,756 [INFO] Pass: Depth - 0.12517 (ms)
2026-07-13 09:38:03,756 [INFO] Pass: FixedPoint - 0.00501 (ms)
2026-07-13 09:38:03,756 [INFO] Pass: Size - 0.04721 (ms)
2026-07-13 09:38:03,756 [INFO] Pass: GatesInBasis - 0.56839 (ms)
2026-07-13 09:38:03,756 [INFO] Pass: FixedPoint - 0.00429 (ms)
2026-07-13 09:38:03,756 [INFO] Pass: ContainsInstruction - 0.00525 (ms)
2026-07-13 09:38:03,756 [INFO] Pass: GatesInBasis - 0.57459 (ms)
2026-07-13 09:38:03,756 [INFO] Pass: Depth - 0.13137 (ms)
2026-07-13 09:38:03,756 [INFO] Pass: FixedPoint - 0.00525 (ms)
2026-07-13 09:38:03,756 [INFO] Pass: Depth - 0.12589 (ms)
2026-07-13 09:38:03,756 [INFO] Pass: FixedPoint - 0.00525 (ms)
2026-07-13 09:38:03,756 [INFO] Pass: Size - 0.04768 (ms)
2026-07-13 09:38:03,756 [INFO] Pass: FixedPoint - 0.00429 (ms)
2026-07-13 09:38:03,756 [INFO] Pass: GatesInBasis - 0.57054 (ms)
2026-07-13 09:38:03,757 [INFO] Pass: Size - 0.04768 (ms)
2026-07-13 09:38:03,757 [INFO] Pass: ContainsInstruction - 0.00501 (ms)
2026-07-13 09:38:03,757 [INFO] Pass: FixedPoint - 0.00453 (ms)
2026-07-13 09:38:03,757 [INFO] Pass: GatesInBasis - 0.57578 (ms)
2026-07-13 09:38:03,757 [INFO] Pass: ContainsInstruction - 0.00501 (ms)
2026-07-13 09:38:03,757 [INFO] Pass: Depth - 0.12565 (ms)
2026-07-13 09:38:03,757 [INFO] Pass: FixedPoint - 0.00501 (ms)
2026-07-13 09:38:03,757 [INFO] Pass: Depth - 0.12612 (ms)
2026-07-13 09:38:03,757 [INFO] Pass: FixedPoint - 0.00501 (ms)
2026-07-13 09:38:03,757 [INFO] Pass: Size - 0.04768 (ms)
2026-07-13 09:38:03,757 [INFO] Pass: FixedPoint - 0.00405 (ms)
2026-07-13 09:38:03,757 [INFO] Pass: Size - 0.04745 (ms)
2026-07-13 09:38:03,757 [INFO] Pass: ContainsInstruction - 0.00501 (ms)
2026-07-13 09:38:03,757 [INFO] Pass: FixedPoint - 0.00405 (ms)
2026-07-13 09:38:03,757 [INFO] Pass: ContainsInstruction - 0.00525 (ms)
2026-07-13 09:38:03,757 [INFO] Total Transpile Time - 52.12164 (ms)
2026-07-13 09:38:03,758 [INFO] Total Transpile Time - 52.46997 (ms)
2026-07-13 09:38:03,758 [INFO] Total Transpile Time - 52.27351 (ms)
2026-07-13 09:38:03,758 [INFO] Total Transpile Time - 52.30570 (ms)
2026-07-13 09:38:03,758 [INFO] Total Transpile Time - 52.36483 (ms)
2026-07-13 09:38:03,766 [INFO] Pass: ContainsInstruction - 0.00739 (ms)
2026-07-13 09:38:03,767 [INFO] Pass: InverseCancellation - 0.14544 (ms)
2026-07-13 09:38:03,767 [INFO] Pass: UnitarySynthesis - 0.00405 (ms)
2026-07-13 09:38:03,768 [INFO] Pass: HighLevelSynthesis - 1.07884 (ms)
2026-07-13 09:38:03,768 [INFO] Pass: BasisTranslator - 0.71716 (ms)
2026-07-13 09:38:03,769 [INFO] Pass: Depth - 0.14138 (ms)
2026-07-13 09:38:03,769 [INFO] Pass: FixedPoint - 0.00668 (ms)
2026-07-13 09:38:03,769 [INFO] Pass: Size - 0.05174 (ms)
2026-07-13 09:38:03,769 [INFO] Pass: FixedPoint - 0.00477 (ms)
2026-07-13 09:38:03,769 [INFO] Pass: ContainsInstruction - 0.00715 (ms)
2026-07-13 09:38:03,769 [INFO] Pass: InverseCancellation - 0.14710 (ms)
2026-07-13 09:38:03,769 [INFO] Pass: UnitarySynthesis - 0.00405 (ms)
2026-07-13 09:38:03,770 [INFO] Pass: Optimize1qGatesDecomposition - 0.94795 (ms)
2026-07-13 09:38:03,770 [INFO] Pass: InverseCancellation - 0.00834 (ms)
2026-07-13 09:38:03,770 [INFO] Pass: HighLevelSynthesis - 1.07670 (ms)
2026-07-13 09:38:03,770 [INFO] Pass: GatesInBasis - 0.58675 (ms)
2026-07-13 09:38:03,771 [INFO] Pass: Depth - 0.12946 (ms)
2026-07-13 09:38:03,771 [INFO] Pass: FixedPoint - 0.00525 (ms)
2026-07-13 09:38:03,771 [INFO] Pass: Size - 0.04792 (ms)
2026-07-13 09:38:03,771 [INFO] Pass: FixedPoint - 0.00405 (ms)
2026-07-13 09:38:03,771 [INFO] Pass: BasisTranslator - 0.70977 (ms)
2026-07-13 09:38:03,771 [INFO] Pass: Depth - 0.14496 (ms)
2026-07-13 09:38:03,771 [INFO] Pass: FixedPoint - 0.00715 (ms)
2026-07-13 09:38:03,771 [INFO] Pass: Size - 0.05102 (ms)
2026-07-13 09:38:03,771 [INFO] Pass: FixedPoint - 0.00453 (ms)
2026-07-13 09:38:03,772 [INFO] Pass: Optimize1qGatesDecomposition - 0.77391 (ms)
2026-07-13 09:38:03,772 [INFO] Pass: InverseCancellation - 0.00763 (ms)
2026-07-13 09:38:03,772 [INFO] Pass: GatesInBasis - 0.56720 (ms)
2026-07-13 09:38:03,772 [INFO] Pass: Optimize1qGatesDecomposition - 0.94676 (ms)
2026-07-13 09:38:03,772 [INFO] Pass: Depth - 0.12517 (ms)
2026-07-13 09:38:03,772 [INFO] Pass: FixedPoint - 0.00477 (ms)
2026-07-13 09:38:03,772 [INFO] Pass: InverseCancellation - 0.00858 (ms)
2026-07-13 09:38:03,773 [INFO] Pass: Size - 0.04745 (ms)
2026-07-13 09:38:03,773 [INFO] Pass: FixedPoint - 0.00405 (ms)
2026-07-13 09:38:03,773 [INFO] Pass: ContainsInstruction - 0.00501 (ms)
2026-07-13 09:38:03,773 [INFO] Pass: GatesInBasis - 0.58270 (ms)
2026-07-13 09:38:03,773 [INFO] Pass: ContainsInstruction - 0.00906 (ms)
2026-07-13 09:38:03,773 [INFO] Pass: Depth - 0.13256 (ms)
2026-07-13 09:38:03,773 [INFO] Pass: FixedPoint - 0.00548 (ms)
2026-07-13 09:38:03,773 [INFO] Pass: InverseCancellation - 0.15712 (ms)
2026-07-13 09:38:03,773 [INFO] Pass: UnitarySynthesis - 0.00405 (ms)
2026-07-13 09:38:03,773 [INFO] Pass: Size - 0.04792 (ms)
2026-07-13 09:38:03,773 [INFO] Pass: FixedPoint - 0.00405 (ms)
2026-07-13 09:38:03,774 [INFO] Total Transpile Time - 52.16122 (ms)
2026-07-13 09:38:03,774 [INFO] Pass: Optimize1qGatesDecomposition - 0.77033 (ms)
2026-07-13 09:38:03,774 [INFO] Pass: InverseCancellation - 0.00787 (ms)
2026-07-13 09:38:03,775 [INFO] Pass: HighLevelSynthesis - 1.09577 (ms)
2026-07-13 09:38:03,775 [INFO] Pass: GatesInBasis - 0.56744 (ms)
2026-07-13 09:38:03,775 [INFO] Pass: Depth - 0.12445 (ms)
2026-07-13 09:38:03,775 [INFO] Pass: FixedPoint - 0.00477 (ms)
2026-07-13 09:38:03,775 [INFO] Pass: Size - 0.04792 (ms)
2026-07-13 09:38:03,775 [INFO] Pass: FixedPoint - 0.00811 (ms)
2026-07-13 09:38:03,775 [INFO] Pass: ContainsInstruction - 0.00525 (ms)
2026-07-13 09:38:03,775 [INFO] Pass: BasisTranslator - 0.72837 (ms)
2026-07-13 09:38:03,775 [INFO] Pass: Depth - 0.14663 (ms)
2026-07-13 09:38:03,776 [INFO] Pass: FixedPoint - 0.00763 (ms)
2026-07-13 09:38:03,776 [INFO] Pass: Size - 0.05174 (ms)
2026-07-13 09:38:03,776 [INFO] Pass: FixedPoint - 0.00453 (ms)
2026-07-13 09:38:03,776 [INFO] Total Transpile Time - 52.15216 (ms)
2026-07-13 09:38:03,777 [INFO] Pass: Optimize1qGatesDecomposition - 0.96416 (ms)
2026-07-13 09:38:03,777 [INFO] Pass: InverseCancellation - 0.00882 (ms)
2026-07-13 09:38:03,777 [INFO] Pass: ContainsInstruction - 0.00930 (ms)
2026-07-13 09:38:03,777 [INFO] Pass: GatesInBasis - 0.59271 (ms)
2026-07-13 09:38:03,778 [INFO] Pass: InverseCancellation - 0.15044 (ms)
2026-07-13 09:38:03,778 [INFO] Pass: Depth - 0.13161 (ms)
2026-07-13 09:38:03,778 [INFO] Pass: UnitarySynthesis - 0.00429 (ms)
2026-07-13 09:38:03,778 [INFO] Pass: FixedPoint - 0.00548 (ms)
2026-07-13 09:38:03,778 [INFO] Pass: Size - 0.04911 (ms)
2026-07-13 09:38:03,778 [INFO] Pass: FixedPoint - 0.00429 (ms)
2026-07-13 09:38:03,778 [INFO] Pass: Optimize1qGatesDecomposition - 0.76962 (ms)
2026-07-13 09:38:03,779 [INFO] Pass: InverseCancellation - 0.00763 (ms)
2026-07-13 09:38:03,779 [INFO] Pass: HighLevelSynthesis - 1.09363 (ms)
2026-07-13 09:38:03,779 [INFO] Pass: GatesInBasis - 0.56958 (ms)
2026-07-13 09:38:03,779 [INFO] Pass: Depth - 0.13113 (ms)
2026-07-13 09:38:03,779 [INFO] Pass: FixedPoint - 0.00525 (ms)
2026-07-13 09:38:03,779 [INFO] Pass: Size - 0.04768 (ms)
2026-07-13 09:38:03,779 [INFO] Pass: FixedPoint - 0.00429 (ms)
2026-07-13 09:38:03,779 [INFO] Pass: BasisTranslator - 0.73218 (ms)
2026-07-13 09:38:03,780 [INFO] Pass: ContainsInstruction - 0.00548 (ms)
2026-07-13 09:38:03,780 [INFO] Pass: Depth - 0.14567 (ms)
2026-07-13 09:38:03,780 [INFO] Pass: FixedPoint - 0.00811 (ms)
2026-07-13 09:38:03,780 [INFO] Pass: Size - 0.05150 (ms)
2026-07-13 09:38:03,780 [INFO] Pass: FixedPoint - 0.00477 (ms)
2026-07-13 09:38:03,781 [INFO] Total Transpile Time - 52.77014 (ms)
2026-07-13 09:38:03,781 [INFO] Pass: ContainsInstruction - 0.00882 (ms)
2026-07-13 09:38:03,781 [INFO] Pass: InverseCancellation - 0.14830 (ms)
2026-07-13 09:38:03,781 [INFO] Pass: Optimize1qGatesDecomposition - 0.96321 (ms)
2026-07-13 09:38:03,781 [INFO] Pass: UnitarySynthesis - 0.00405 (ms)
2026-07-13 09:38:03,781 [INFO] Pass: InverseCancellation - 0.00882 (ms)
2026-07-13 09:38:03,782 [INFO] Pass: GatesInBasis - 0.58579 (ms)
2026-07-13 09:38:03,782 [INFO] Pass: Depth - 0.13280 (ms)
2026-07-13 09:38:03,782 [INFO] Pass: FixedPoint - 0.00572 (ms)
2026-07-13 09:38:03,782 [INFO] Pass: Size - 0.04792 (ms)
2026-07-13 09:38:03,782 [INFO] Pass: FixedPoint - 0.00429 (ms)
2026-07-13 09:38:03,782 [INFO] Pass: HighLevelSynthesis - 1.10364 (ms)
2026-07-13 09:38:03,783 [INFO] Pass: Optimize1qGatesDecomposition - 0.76389 (ms)
2026-07-13 09:38:03,783 [INFO] Pass: InverseCancellation - 0.00739 (ms)
2026-07-13 09:38:03,783 [INFO] Pass: BasisTranslator - 0.74100 (ms)
2026-07-13 09:38:03,783 [INFO] Pass: Depth - 0.14663 (ms)
2026-07-13 09:38:03,783 [INFO] Pass: FixedPoint - 0.00787 (ms)
2026-07-13 09:38:03,783 [INFO] Pass: Size - 0.05198 (ms)
2026-07-13 09:38:03,783 [INFO] Pass: FixedPoint - 0.00477 (ms)
2026-07-13 09:38:03,783 [INFO] Pass: GatesInBasis - 0.57030 (ms)
2026-07-13 09:38:03,783 [INFO] Pass: Depth - 0.12517 (ms)
2026-07-13 09:38:03,784 [INFO] Pass: FixedPoint - 0.00501 (ms)
2026-07-13 09:38:03,784 [INFO] Pass: Size - 0.04745 (ms)
2026-07-13 09:38:03,784 [INFO] Pass: FixedPoint - 0.00405 (ms)
2026-07-13 09:38:03,784 [INFO] Pass: ContainsInstruction - 0.00572 (ms)
2026-07-13 09:38:03,784 [INFO] Pass: Optimize1qGatesDecomposition - 0.95844 (ms)
2026-07-13 09:38:03,784 [INFO] Pass: InverseCancellation - 0.00834 (ms)
2026-07-13 09:38:03,785 [INFO] Total Transpile Time - 52.76084 (ms)
2026-07-13 09:38:03,785 [INFO] Pass: GatesInBasis - 0.58031 (ms)
2026-07-13 09:38:03,785 [INFO] Pass: Depth - 0.12922 (ms)
2026-07-13 09:38:03,785 [INFO] Pass: FixedPoint - 0.00501 (ms)
2026-07-13 09:38:03,785 [INFO] Pass: Size - 0.04816 (ms)
2026-07-13 09:38:03,785 [INFO] Pass: FixedPoint - 0.00429 (ms)
2026-07-13 09:38:03,786 [INFO] Pass: Optimize1qGatesDecomposition - 0.76389 (ms)
2026-07-13 09:38:03,786 [INFO] Pass: InverseCancellation - 0.00763 (ms)
2026-07-13 09:38:03,787 [INFO] Pass: GatesInBasis - 0.57292 (ms)
2026-07-13 09:38:03,787 [INFO] Pass: Depth - 0.12469 (ms)
2026-07-13 09:38:03,787 [INFO] Pass: FixedPoint - 0.00453 (ms)
2026-07-13 09:38:03,787 [INFO] Pass: Size - 0.04768 (ms)
2026-07-13 09:38:03,787 [INFO] Pass: FixedPoint - 0.00381 (ms)
2026-07-13 09:38:03,787 [INFO] Pass: ContainsInstruction - 0.00572 (ms)
2026-07-13 09:38:03,788 [INFO] Total Transpile Time - 52.62518 (ms)
2026-07-13 09:38:48,039 [INFO] [PCE] Aer metadata (1a ejecucion de este proceso): device=CPU method=matrix_product_state shots=8192 fusion_enabled=False
2026-07-13 09:38:48,046 [INFO] [PCE] Aer metadata (1a ejecucion de este proceso): device=CPU method=matrix_product_state shots=8192 fusion_enabled=False
2026-07-13 09:38:48,075 [INFO] [PCE] Aer metadata (1a ejecucion de este proceso): device=CPU method=matrix_product_state shots=8192 fusion_enabled=False
2026-07-13 09:38:48,083 [INFO] [PCE] Aer metadata (1a ejecucion de este proceso): device=CPU method=matrix_product_state shots=8192 fusion_enabled=False
2026-07-13 09:38:48,099 [INFO] [PCE] Aer metadata (1a ejecucion de este proceso): device=CPU method=matrix_product_state shots=8192 fusion_enabled=False
2026-07-13 09:38:48,108 [INFO] [PCE] Aer metadata (1a ejecucion de este proceso): device=CPU method=matrix_product_state shots=8192 fusion_enabled=False
2026-07-13 09:38:48,110 [INFO] [PCE] Aer metadata (1a ejecucion de este proceso): device=CPU method=matrix_product_state shots=8192 fusion_enabled=False
2026-07-13 09:38:48,111 [INFO] [PCE] Aer metadata (1a ejecucion de este proceso): device=CPU method=matrix_product_state shots=8192 fusion_enabled=False
2026-07-13 09:38:48,119 [INFO] [PCE] Aer metadata (1a ejecucion de este proceso): device=CPU method=matrix_product_state shots=8192 fusion_enabled=False
2026-07-13 09:38:48,131 [INFO] [PCE] Aer metadata (1a ejecucion de este proceso): device=CPU method=matrix_product_state shots=8192 fusion_enabled=False
2026-07-13 09:38:48,157 [INFO] [PCE] Aer metadata (1a ejecucion de este proceso): device=CPU method=matrix_product_state shots=8192 fusion_enabled=False
2026-07-13 09:38:48,185 [INFO] [PCE] Aer metadata (1a ejecucion de este proceso): device=CPU method=matrix_product_state shots=8192 fusion_enabled=False
2026-07-13 09:38:48,196 [INFO] [PCE] Aer metadata (1a ejecucion de este proceso): device=CPU method=matrix_product_state shots=8192 fusion_enabled=False
2026-07-13 09:38:48,216 [INFO] [PCE] Aer metadata (1a ejecucion de este proceso): device=CPU method=matrix_product_state shots=8192 fusion_enabled=False
2026-07-13 09:38:48,268 [INFO] [PCE] Aer metadata (1a ejecucion de este proceso): device=CPU method=matrix_product_state shots=8192 fusion_enabled=False
2026-07-13 09:38:48,271 [INFO] [PCE] Aer metadata (1a ejecucion de este proceso): device=CPU method=matrix_product_state shots=8192 fusion_enabled=False
slurmstepd: error: *** JOB 8424862 ON ilk-223 CANCELLED AT 2026-07-14T09:38:23 DUE TO TIME LIMIT ***
