gcc/system unloaded
gcccore/system unloaded
cesga/2022 unloaded
rust/1.75.0 unloaded
imkl/2022.0.1 unloaded
numpy/1.26.4 unloaded
scipy/1.13.1 unloaded
flint/2.8.4 unloaded
symengine/0.11.1 unloaded
symengine-python/0.11.0 unloaded
spdlog/1.9.2 unloaded
pylatexenc/2.10 unloaded
qiskit/1.2.4-aer-gpu-cu11 unloaded
        Preparing the environment for use of the CESGA 2022 software stack.
        Please rebuild modules cache: module --ignore-cache avail
     
cesga/2022 loaded
rust/1.75.0 loaded

imkl/2023.2.0 loaded
numpy/1.26.4 loaded
scipy/1.13.1 loaded
imkl/2023.2.0 unloaded

imkl/2022.0.1 loaded
flint/2.8.4 loaded
symengine/0.11.1 loaded
symengine-python/0.11.0 loaded
spdlog/1.9.2 loaded
pylatexenc/2.10 loaded
gcccore/system loaded
gcc/system loaded
qiskit/1.2.4-aer-gpu-cu11 loaded
2026-07-13 09:38:04,035 [INFO] [PCE] n=175 chunk 4/4: 25 instancias [3, 7, 11, 15, 19, 23, 27, 31, 35, 39, 43, 47, 51, 55, 59, 63, 67, 71, 75, 79, 83, 87, 91, 95, 99], num_workers=16, qubits=12
2026-07-13 09:38:04,036 [INFO] [PCE] n=175 paralelizando 25 instancias entre 16 workers (max_parallel_threads=1 fijo, independiente de num_workers)
2026-07-13 09:38:04,148 [INFO] Pass: ContainsInstruction - 0.01287 (ms)
2026-07-13 09:38:04,148 [INFO] Pass: InverseCancellation - 0.01979 (ms)
2026-07-13 09:38:04,148 [INFO] Pass: UnitarySynthesis - 0.00572 (ms)
2026-07-13 09:38:04,149 [INFO] Pass: HighLevelSynthesis - 0.98825 (ms)
2026-07-13 09:38:04,149 [INFO] Pass: BasisTranslator - 0.55337 (ms)
2026-07-13 09:38:04,150 [INFO] Pass: Depth - 0.15020 (ms)
2026-07-13 09:38:04,150 [INFO] Pass: FixedPoint - 0.01192 (ms)
2026-07-13 09:38:04,150 [INFO] Pass: Size - 0.04768 (ms)
2026-07-13 09:38:04,150 [INFO] Pass: FixedPoint - 0.00453 (ms)
2026-07-13 09:38:04,150 [INFO] Pass: Optimize1qGatesDecomposition - 0.11182 (ms)
2026-07-13 09:38:04,150 [INFO] Pass: InverseCancellation - 0.00811 (ms)
2026-07-13 09:38:04,151 [INFO] Pass: GatesInBasis - 0.49233 (ms)
2026-07-13 09:38:04,151 [INFO] Pass: Depth - 0.11086 (ms)
2026-07-13 09:38:04,151 [INFO] Pass: FixedPoint - 0.00477 (ms)
2026-07-13 09:38:04,151 [INFO] Pass: Size - 0.04220 (ms)
2026-07-13 09:38:04,151 [INFO] Pass: FixedPoint - 0.00405 (ms)
2026-07-13 09:38:04,151 [INFO] Pass: ContainsInstruction - 0.00501 (ms)
2026-07-13 09:38:04,152 [INFO] Total Transpile Time - 69.85021 (ms)
2026-07-13 09:38:04,154 [INFO] Pass: ContainsInstruction - 0.01240 (ms)
2026-07-13 09:38:04,154 [INFO] Pass: ContainsInstruction - 0.01287 (ms)
2026-07-13 09:38:04,155 [INFO] Pass: InverseCancellation - 0.02074 (ms)
2026-07-13 09:38:04,155 [INFO] Pass: InverseCancellation - 0.01884 (ms)
2026-07-13 09:38:04,155 [INFO] Pass: UnitarySynthesis - 0.00572 (ms)
2026-07-13 09:38:04,155 [INFO] Pass: UnitarySynthesis - 0.00620 (ms)
2026-07-13 09:38:04,156 [INFO] Pass: HighLevelSynthesis - 0.99063 (ms)
2026-07-13 09:38:04,156 [INFO] Pass: HighLevelSynthesis - 0.98419 (ms)
2026-07-13 09:38:04,156 [INFO] Pass: BasisTranslator - 0.49782 (ms)
2026-07-13 09:38:04,156 [INFO] Pass: BasisTranslator - 0.54860 (ms)
2026-07-13 09:38:04,156 [INFO] Pass: Depth - 0.15020 (ms)
2026-07-13 09:38:04,156 [INFO] Pass: Depth - 0.14496 (ms)
2026-07-13 09:38:04,156 [INFO] Pass: FixedPoint - 0.01144 (ms)
2026-07-13 09:38:04,157 [INFO] Pass: FixedPoint - 0.01168 (ms)
2026-07-13 09:38:04,157 [INFO] Pass: Size - 0.04768 (ms)
2026-07-13 09:38:04,157 [INFO] Pass: Size - 0.04458 (ms)
2026-07-13 09:38:04,157 [INFO] Pass: FixedPoint - 0.00477 (ms)
2026-07-13 09:38:04,157 [INFO] Pass: FixedPoint - 0.00453 (ms)
2026-07-13 09:38:04,157 [INFO] Pass: Optimize1qGatesDecomposition - 0.11063 (ms)
2026-07-13 09:38:04,157 [INFO] Pass: Optimize1qGatesDecomposition - 0.11182 (ms)
2026-07-13 09:38:04,157 [INFO] Pass: InverseCancellation - 0.00763 (ms)
2026-07-13 09:38:04,157 [INFO] Pass: InverseCancellation - 0.00834 (ms)
2026-07-13 09:38:04,157 [INFO] Pass: GatesInBasis - 0.50259 (ms)
2026-07-13 09:38:04,157 [INFO] Pass: GatesInBasis - 0.55289 (ms)
2026-07-13 09:38:04,158 [INFO] Pass: Depth - 0.11444 (ms)
2026-07-13 09:38:04,157 [INFO] Pass: ContainsInstruction - 0.01287 (ms)
2026-07-13 09:38:04,158 [INFO] Pass: Depth - 0.11349 (ms)
2026-07-13 09:38:04,158 [INFO] Pass: FixedPoint - 0.00501 (ms)
2026-07-13 09:38:04,158 [INFO] Pass: FixedPoint - 0.00548 (ms)
2026-07-13 09:38:04,158 [INFO] Pass: InverseCancellation - 0.01788 (ms)
2026-07-13 09:38:04,158 [INFO] Pass: Size - 0.04339 (ms)
2026-07-13 09:38:04,158 [INFO] Pass: Size - 0.04315 (ms)
2026-07-13 09:38:04,158 [INFO] Pass: UnitarySynthesis - 0.00572 (ms)
2026-07-13 09:38:04,158 [INFO] Pass: FixedPoint - 0.00405 (ms)
2026-07-13 09:38:04,158 [INFO] Pass: FixedPoint - 0.00405 (ms)
2026-07-13 09:38:04,158 [INFO] Pass: ContainsInstruction - 0.00548 (ms)
2026-07-13 09:38:04,158 [INFO] Pass: ContainsInstruction - 0.00548 (ms)
2026-07-13 09:38:04,158 [INFO] Pass: ContainsInstruction - 0.01240 (ms)
2026-07-13 09:38:04,158 [INFO] Pass: InverseCancellation - 0.02122 (ms)
2026-07-13 09:38:04,158 [INFO] Pass: UnitarySynthesis - 0.00620 (ms)
2026-07-13 09:38:04,159 [INFO] Pass: HighLevelSynthesis - 0.99874 (ms)
2026-07-13 09:38:04,159 [INFO] Total Transpile Time - 70.76263 (ms)
2026-07-13 09:38:04,159 [INFO] Total Transpile Time - 70.74642 (ms)
2026-07-13 09:38:04,159 [INFO] Pass: HighLevelSynthesis - 1.00064 (ms)
2026-07-13 09:38:04,159 [INFO] Pass: BasisTranslator - 0.51856 (ms)
2026-07-13 09:38:04,160 [INFO] Pass: Depth - 0.15640 (ms)
2026-07-13 09:38:04,160 [INFO] Pass: FixedPoint - 0.01144 (ms)
2026-07-13 09:38:04,160 [INFO] Pass: Size - 0.05007 (ms)
2026-07-13 09:38:04,160 [INFO] Pass: FixedPoint - 0.00477 (ms)
2026-07-13 09:38:04,160 [INFO] Pass: Optimize1qGatesDecomposition - 0.11301 (ms)
2026-07-13 09:38:04,160 [INFO] Pass: InverseCancellation - 0.00811 (ms)
2026-07-13 09:38:04,160 [INFO] Pass: BasisTranslator - 0.55337 (ms)
2026-07-13 09:38:04,160 [INFO] Pass: Depth - 0.15831 (ms)
2026-07-13 09:38:04,160 [INFO] Pass: FixedPoint - 0.01144 (ms)
2026-07-13 09:38:04,160 [INFO] Pass: Size - 0.04506 (ms)
2026-07-13 09:38:04,160 [INFO] Pass: FixedPoint - 0.00453 (ms)
2026-07-13 09:38:04,160 [INFO] Pass: Optimize1qGatesDecomposition - 0.10610 (ms)
2026-07-13 09:38:04,160 [INFO] Pass: GatesInBasis - 0.54622 (ms)
2026-07-13 09:38:04,160 [INFO] Pass: InverseCancellation - 0.00858 (ms)
2026-07-13 09:38:04,161 [INFO] Pass: Depth - 0.11373 (ms)
2026-07-13 09:38:04,161 [INFO] Pass: FixedPoint - 0.00525 (ms)
2026-07-13 09:38:04,161 [INFO] Pass: Size - 0.04292 (ms)
2026-07-13 09:38:04,161 [INFO] Pass: FixedPoint - 0.00453 (ms)
2026-07-13 09:38:04,161 [INFO] Pass: ContainsInstruction - 0.01574 (ms)
2026-07-13 09:38:04,161 [INFO] Pass: ContainsInstruction - 0.00525 (ms)
2026-07-13 09:38:04,161 [INFO] Pass: InverseCancellation - 0.01812 (ms)
2026-07-13 09:38:04,161 [INFO] Pass: UnitarySynthesis - 0.00620 (ms)
2026-07-13 09:38:04,161 [INFO] Pass: GatesInBasis - 0.49305 (ms)
2026-07-13 09:38:04,161 [INFO] Pass: Depth - 0.11301 (ms)
2026-07-13 09:38:04,161 [INFO] Pass: FixedPoint - 0.00525 (ms)
2026-07-13 09:38:04,161 [INFO] Pass: Size - 0.04721 (ms)
2026-07-13 09:38:04,161 [INFO] Pass: FixedPoint - 0.00429 (ms)
2026-07-13 09:38:04,161 [INFO] Pass: ContainsInstruction - 0.00501 (ms)
2026-07-13 09:38:04,162 [INFO] Total Transpile Time - 71.12908 (ms)
2026-07-13 09:38:04,162 [INFO] Pass: HighLevelSynthesis - 0.97799 (ms)
2026-07-13 09:38:04,162 [INFO] Total Transpile Time - 70.71996 (ms)
2026-07-13 09:38:04,163 [INFO] Pass: BasisTranslator - 0.54073 (ms)
2026-07-13 09:38:04,163 [INFO] Pass: Depth - 0.14710 (ms)
2026-07-13 09:38:04,163 [INFO] Pass: FixedPoint - 0.01216 (ms)
2026-07-13 09:38:04,163 [INFO] Pass: Size - 0.04601 (ms)
2026-07-13 09:38:04,163 [INFO] Pass: FixedPoint - 0.00477 (ms)
2026-07-13 09:38:04,163 [INFO] Pass: Optimize1qGatesDecomposition - 0.11587 (ms)
2026-07-13 09:38:04,163 [INFO] Pass: InverseCancellation - 0.00787 (ms)
2026-07-13 09:38:04,164 [INFO] Pass: GatesInBasis - 0.46825 (ms)
2026-07-13 09:38:04,164 [INFO] Pass: Depth - 0.11325 (ms)
2026-07-13 09:38:04,164 [INFO] Pass: FixedPoint - 0.00525 (ms)
2026-07-13 09:38:04,164 [INFO] Pass: Size - 0.04196 (ms)
2026-07-13 09:38:04,164 [INFO] Pass: FixedPoint - 0.00405 (ms)
2026-07-13 09:38:04,164 [INFO] Pass: ContainsInstruction - 0.00501 (ms)
2026-07-13 09:38:04,165 [INFO] Pass: ContainsInstruction - 0.01431 (ms)
2026-07-13 09:38:04,165 [INFO] Pass: InverseCancellation - 0.01884 (ms)
2026-07-13 09:38:04,165 [INFO] Pass: UnitarySynthesis - 0.00548 (ms)
2026-07-13 09:38:04,165 [INFO] Total Transpile Time - 69.64660 (ms)
2026-07-13 09:38:04,166 [INFO] Pass: HighLevelSynthesis - 0.97466 (ms)
2026-07-13 09:38:04,167 [INFO] Pass: BasisTranslator - 0.55146 (ms)
2026-07-13 09:38:04,167 [INFO] Pass: Depth - 0.14901 (ms)
2026-07-13 09:38:04,167 [INFO] Pass: FixedPoint - 0.01121 (ms)
2026-07-13 09:38:04,167 [INFO] Pass: Size - 0.04506 (ms)
2026-07-13 09:38:04,167 [INFO] Pass: FixedPoint - 0.00477 (ms)
2026-07-13 09:38:04,167 [INFO] Pass: Optimize1qGatesDecomposition - 0.11516 (ms)
2026-07-13 09:38:04,167 [INFO] Pass: InverseCancellation - 0.00739 (ms)
2026-07-13 09:38:04,168 [INFO] Pass: ContainsInstruction - 0.01192 (ms)
2026-07-13 09:38:04,168 [INFO] Pass: GatesInBasis - 0.49233 (ms)
2026-07-13 09:38:04,168 [INFO] Pass: InverseCancellation - 0.01669 (ms)
2026-07-13 09:38:04,168 [INFO] Pass: UnitarySynthesis - 0.00572 (ms)
2026-07-13 09:38:04,168 [INFO] Pass: Depth - 0.11611 (ms)
2026-07-13 09:38:04,168 [INFO] Pass: FixedPoint - 0.00501 (ms)
2026-07-13 09:38:04,168 [INFO] Pass: Size - 0.05245 (ms)
2026-07-13 09:38:04,168 [INFO] Pass: FixedPoint - 0.00429 (ms)
2026-07-13 09:38:04,168 [INFO] Pass: ContainsInstruction - 0.00501 (ms)
2026-07-13 09:38:04,169 [INFO] Pass: HighLevelSynthesis - 0.98753 (ms)
2026-07-13 09:38:04,169 [INFO] Total Transpile Time - 71.03133 (ms)
2026-07-13 09:38:04,169 [INFO] Pass: BasisTranslator - 0.54860 (ms)
2026-07-13 09:38:04,170 [INFO] Pass: Depth - 0.14853 (ms)
2026-07-13 09:38:04,170 [INFO] Pass: FixedPoint - 0.01264 (ms)
2026-07-13 09:38:04,170 [INFO] Pass: Size - 0.04482 (ms)
2026-07-13 09:38:04,170 [INFO] Pass: FixedPoint - 0.00453 (ms)
2026-07-13 09:38:04,170 [INFO] Pass: Optimize1qGatesDecomposition - 0.10610 (ms)
2026-07-13 09:38:04,170 [INFO] Pass: InverseCancellation - 0.00787 (ms)
2026-07-13 09:38:04,171 [INFO] Pass: GatesInBasis - 0.49853 (ms)
2026-07-13 09:38:04,171 [INFO] Pass: Depth - 0.11563 (ms)
2026-07-13 09:38:04,171 [INFO] Pass: FixedPoint - 0.00501 (ms)
2026-07-13 09:38:04,171 [INFO] Pass: Size - 0.04244 (ms)
2026-07-13 09:38:04,171 [INFO] Pass: FixedPoint - 0.00429 (ms)
2026-07-13 09:38:04,171 [INFO] Pass: ContainsInstruction - 0.00477 (ms)
2026-07-13 09:38:04,171 [INFO] Pass: ContainsInstruction - 0.01240 (ms)
2026-07-13 09:38:04,172 [INFO] Pass: InverseCancellation - 0.01740 (ms)
2026-07-13 09:38:04,172 [INFO] Pass: UnitarySynthesis - 0.00572 (ms)
2026-07-13 09:38:04,172 [INFO] Total Transpile Time - 69.85688 (ms)
2026-07-13 09:38:04,173 [INFO] Pass: HighLevelSynthesis - 0.99683 (ms)
2026-07-13 09:38:04,173 [INFO] Pass: BasisTranslator - 0.49591 (ms)
2026-07-13 09:38:04,173 [INFO] Pass: Depth - 0.14710 (ms)
2026-07-13 09:38:04,173 [INFO] Pass: FixedPoint - 0.01121 (ms)
2026-07-13 09:38:04,174 [INFO] Pass: Size - 0.04792 (ms)
2026-07-13 09:38:04,174 [INFO] Pass: FixedPoint - 0.00477 (ms)
2026-07-13 09:38:04,174 [INFO] Pass: Optimize1qGatesDecomposition - 0.10490 (ms)
2026-07-13 09:38:04,174 [INFO] Pass: InverseCancellation - 0.00739 (ms)
2026-07-13 09:38:04,174 [INFO] Pass: GatesInBasis - 0.55170 (ms)
2026-07-13 09:38:04,174 [INFO] Pass: Depth - 0.11563 (ms)
2026-07-13 09:38:04,175 [INFO] Pass: FixedPoint - 0.00501 (ms)
2026-07-13 09:38:04,175 [INFO] Pass: Size - 0.04196 (ms)
2026-07-13 09:38:04,175 [INFO] Pass: FixedPoint - 0.00429 (ms)
2026-07-13 09:38:04,175 [INFO] Pass: ContainsInstruction - 0.00453 (ms)
2026-07-13 09:38:04,176 [INFO] Total Transpile Time - 70.04499 (ms)
2026-07-13 09:38:04,179 [INFO] Pass: ContainsInstruction - 0.01168 (ms)
2026-07-13 09:38:04,179 [INFO] Pass: ContainsInstruction - 0.01359 (ms)
2026-07-13 09:38:04,179 [INFO] Pass: InverseCancellation - 0.01717 (ms)
2026-07-13 09:38:04,179 [INFO] Pass: UnitarySynthesis - 0.00525 (ms)
2026-07-13 09:38:04,179 [INFO] Pass: InverseCancellation - 0.01740 (ms)
2026-07-13 09:38:04,180 [INFO] Pass: UnitarySynthesis - 0.00548 (ms)
2026-07-13 09:38:04,181 [INFO] Pass: HighLevelSynthesis - 0.98252 (ms)
2026-07-13 09:38:04,181 [INFO] Pass: HighLevelSynthesis - 1.05429 (ms)
2026-07-13 09:38:04,181 [INFO] Pass: BasisTranslator - 0.54312 (ms)
2026-07-13 09:38:04,181 [INFO] Pass: BasisTranslator - 0.51641 (ms)
2026-07-13 09:38:04,181 [INFO] Pass: Depth - 0.14758 (ms)
2026-07-13 09:38:04,181 [INFO] Pass: FixedPoint - 0.01144 (ms)
2026-07-13 09:38:04,181 [INFO] Pass: Size - 0.04458 (ms)
2026-07-13 09:38:04,181 [INFO] Pass: FixedPoint - 0.00477 (ms)
2026-07-13 09:38:04,181 [INFO] Pass: Depth - 0.15807 (ms)
2026-07-13 09:38:04,182 [INFO] Pass: FixedPoint - 0.01168 (ms)
2026-07-13 09:38:04,182 [INFO] Pass: Size - 0.04840 (ms)
2026-07-13 09:38:04,182 [INFO] Pass: Optimize1qGatesDecomposition - 0.11015 (ms)
2026-07-13 09:38:04,182 [INFO] Pass: FixedPoint - 0.00453 (ms)
2026-07-13 09:38:04,182 [INFO] Pass: InverseCancellation - 0.00739 (ms)
2026-07-13 09:38:04,182 [INFO] Pass: Optimize1qGatesDecomposition - 0.10800 (ms)
2026-07-13 09:38:04,182 [INFO] Pass: InverseCancellation - 0.01502 (ms)
2026-07-13 09:38:04,182 [INFO] Pass: GatesInBasis - 0.47731 (ms)
2026-07-13 09:38:04,182 [INFO] Pass: Depth - 0.11253 (ms)
2026-07-13 09:38:04,182 [INFO] Pass: FixedPoint - 0.00501 (ms)
2026-07-13 09:38:04,182 [INFO] Pass: Size - 0.04387 (ms)
2026-07-13 09:38:04,182 [INFO] Pass: FixedPoint - 0.00381 (ms)
2026-07-13 09:38:04,182 [INFO] Pass: GatesInBasis - 0.57077 (ms)
2026-07-13 09:38:04,183 [INFO] Pass: ContainsInstruction - 0.00453 (ms)
2026-07-13 09:38:04,183 [INFO] Pass: Depth - 0.11444 (ms)
2026-07-13 09:38:04,183 [INFO] Pass: FixedPoint - 0.00501 (ms)
2026-07-13 09:38:04,183 [INFO] Pass: Size - 0.04888 (ms)
2026-07-13 09:38:04,183 [INFO] Pass: FixedPoint - 0.00405 (ms)
2026-07-13 09:38:04,183 [INFO] Pass: ContainsInstruction - 0.00501 (ms)
2026-07-13 09:38:04,184 [INFO] Total Transpile Time - 70.39762 (ms)
2026-07-13 09:38:04,184 [INFO] Pass: ContainsInstruction - 0.01192 (ms)
2026-07-13 09:38:04,184 [INFO] Total Transpile Time - 73.84825 (ms)
2026-07-13 09:38:04,184 [INFO] Pass: InverseCancellation - 0.01812 (ms)
2026-07-13 09:38:04,184 [INFO] Pass: UnitarySynthesis - 0.00572 (ms)
2026-07-13 09:38:04,185 [INFO] Pass: HighLevelSynthesis - 0.96226 (ms)
2026-07-13 09:38:04,186 [INFO] Pass: BasisTranslator - 0.48614 (ms)
2026-07-13 09:38:04,186 [INFO] Pass: Depth - 0.14710 (ms)
2026-07-13 09:38:04,186 [INFO] Pass: FixedPoint - 0.01240 (ms)
2026-07-13 09:38:04,186 [INFO] Pass: Size - 0.04864 (ms)
2026-07-13 09:38:04,186 [INFO] Pass: FixedPoint - 0.00501 (ms)
2026-07-13 09:38:04,186 [INFO] Pass: Optimize1qGatesDecomposition - 0.11635 (ms)
2026-07-13 09:38:04,186 [INFO] Pass: InverseCancellation - 0.00787 (ms)
2026-07-13 09:38:04,187 [INFO] Pass: GatesInBasis - 0.51570 (ms)
2026-07-13 09:38:04,187 [INFO] Pass: Depth - 0.11325 (ms)
2026-07-13 09:38:04,187 [INFO] Pass: FixedPoint - 0.00501 (ms)
2026-07-13 09:38:04,187 [INFO] Pass: Size - 0.04292 (ms)
2026-07-13 09:38:04,187 [INFO] Pass: FixedPoint - 0.00429 (ms)
2026-07-13 09:38:04,187 [INFO] Pass: ContainsInstruction - 0.00501 (ms)
2026-07-13 09:38:04,188 [INFO] Pass: ContainsInstruction - 0.01287 (ms)
2026-07-13 09:38:04,188 [INFO] Pass: InverseCancellation - 0.01669 (ms)
2026-07-13 09:38:04,188 [INFO] Pass: UnitarySynthesis - 0.00548 (ms)
2026-07-13 09:38:04,188 [INFO] Total Transpile Time - 70.45650 (ms)
2026-07-13 09:38:04,189 [INFO] Pass: HighLevelSynthesis - 0.97394 (ms)
2026-07-13 09:38:04,189 [INFO] Pass: BasisTranslator - 0.54908 (ms)
2026-07-13 09:38:04,190 [INFO] Pass: Depth - 0.14448 (ms)
2026-07-13 09:38:04,190 [INFO] Pass: FixedPoint - 0.01073 (ms)
2026-07-13 09:38:04,190 [INFO] Pass: Size - 0.04649 (ms)
2026-07-13 09:38:04,190 [INFO] Pass: FixedPoint - 0.00477 (ms)
2026-07-13 09:38:04,190 [INFO] Pass: Optimize1qGatesDecomposition - 0.10800 (ms)
2026-07-13 09:38:04,190 [INFO] Pass: InverseCancellation - 0.00739 (ms)
2026-07-13 09:38:04,190 [INFO] Pass: GatesInBasis - 0.49376 (ms)
2026-07-13 09:38:04,191 [INFO] Pass: Depth - 0.11325 (ms)
2026-07-13 09:38:04,191 [INFO] Pass: FixedPoint - 0.00477 (ms)
2026-07-13 09:38:04,191 [INFO] Pass: Size - 0.04196 (ms)
2026-07-13 09:38:04,191 [INFO] Pass: FixedPoint - 0.00429 (ms)
2026-07-13 09:38:04,191 [INFO] Pass: ContainsInstruction - 0.00477 (ms)
2026-07-13 09:38:04,192 [INFO] Total Transpile Time - 69.79513 (ms)
2026-07-13 09:38:04,194 [INFO] Pass: ContainsInstruction - 0.01121 (ms)
2026-07-13 09:38:04,194 [INFO] Pass: InverseCancellation - 0.01860 (ms)
2026-07-13 09:38:04,194 [INFO] Pass: UnitarySynthesis - 0.00596 (ms)
2026-07-13 09:38:04,195 [INFO] Pass: HighLevelSynthesis - 0.96941 (ms)
2026-07-13 09:38:04,195 [INFO] Pass: BasisTranslator - 0.49138 (ms)
2026-07-13 09:38:04,196 [INFO] Pass: Depth - 0.14734 (ms)
2026-07-13 09:38:04,196 [INFO] Pass: FixedPoint - 0.01097 (ms)
2026-07-13 09:38:04,196 [INFO] Pass: Size - 0.04792 (ms)
2026-07-13 09:38:04,196 [INFO] Pass: FixedPoint - 0.00453 (ms)
2026-07-13 09:38:04,196 [INFO] Pass: Optimize1qGatesDecomposition - 0.10896 (ms)
2026-07-13 09:38:04,196 [INFO] Pass: InverseCancellation - 0.00787 (ms)
2026-07-13 09:38:04,197 [INFO] Pass: GatesInBasis - 0.52452 (ms)
2026-07-13 09:38:04,197 [INFO] Pass: Depth - 0.11373 (ms)
2026-07-13 09:38:04,197 [INFO] Pass: FixedPoint - 0.00501 (ms)
2026-07-13 09:38:04,197 [INFO] Pass: Size - 0.04196 (ms)
2026-07-13 09:38:04,197 [INFO] Pass: FixedPoint - 0.00429 (ms)
2026-07-13 09:38:04,197 [INFO] Pass: ContainsInstruction - 0.00477 (ms)
2026-07-13 09:38:04,198 [INFO] Total Transpile Time - 70.94669 (ms)
2026-07-13 09:38:04,199 [INFO] Pass: ContainsInstruction - 0.00811 (ms)
2026-07-13 09:38:04,199 [INFO] Pass: InverseCancellation - 0.14567 (ms)
2026-07-13 09:38:04,199 [INFO] Pass: UnitarySynthesis - 0.00477 (ms)
2026-07-13 09:38:04,200 [INFO] Pass: ContainsInstruction - 0.01097 (ms)
2026-07-13 09:38:04,200 [INFO] Pass: InverseCancellation - 0.01812 (ms)
2026-07-13 09:38:04,200 [INFO] Pass: UnitarySynthesis - 0.00596 (ms)
2026-07-13 09:38:04,200 [INFO] Pass: HighLevelSynthesis - 0.91600 (ms)
2026-07-13 09:38:04,201 [INFO] Pass: BasisTranslator - 0.65041 (ms)
2026-07-13 09:38:04,201 [INFO] Pass: Depth - 0.12708 (ms)
2026-07-13 09:38:04,201 [INFO] Pass: FixedPoint - 0.00787 (ms)
2026-07-13 09:38:04,201 [INFO] Pass: HighLevelSynthesis - 0.95606 (ms)
2026-07-13 09:38:04,201 [INFO] Pass: Size - 0.04625 (ms)
2026-07-13 09:38:04,201 [INFO] Pass: FixedPoint - 0.00429 (ms)
2026-07-13 09:38:04,201 [INFO] Pass: ContainsInstruction - 0.01240 (ms)
2026-07-13 09:38:04,202 [INFO] Pass: InverseCancellation - 0.01717 (ms)
2026-07-13 09:38:04,202 [INFO] Pass: UnitarySynthesis - 0.00548 (ms)
2026-07-13 09:38:04,202 [INFO] Pass: BasisTranslator - 0.54574 (ms)
2026-07-13 09:38:04,202 [INFO] Pass: Depth - 0.14567 (ms)
2026-07-13 09:38:04,202 [INFO] Pass: FixedPoint - 0.01192 (ms)
2026-07-13 09:38:04,202 [INFO] Pass: Optimize1qGatesDecomposition - 0.79083 (ms)
2026-07-13 09:38:04,202 [INFO] Pass: Size - 0.04530 (ms)
2026-07-13 09:38:04,202 [INFO] Pass: FixedPoint - 0.00477 (ms)
2026-07-13 09:38:04,202 [INFO] Pass: InverseCancellation - 0.12541 (ms)
2026-07-13 09:38:04,202 [INFO] Pass: Optimize1qGatesDecomposition - 0.11420 (ms)
2026-07-13 09:38:04,202 [INFO] Pass: InverseCancellation - 0.00739 (ms)
2026-07-13 09:38:04,203 [INFO] Pass: HighLevelSynthesis - 0.95153 (ms)
2026-07-13 09:38:04,203 [INFO] Pass: GatesInBasis - 0.52428 (ms)
2026-07-13 09:38:04,203 [INFO] Pass: GatesInBasis - 0.49520 (ms)
2026-07-13 09:38:04,203 [INFO] Pass: Depth - 0.11802 (ms)
2026-07-13 09:38:04,203 [INFO] Pass: FixedPoint - 0.00548 (ms)
2026-07-13 09:38:04,203 [INFO] Pass: Depth - 0.11373 (ms)
2026-07-13 09:38:04,203 [INFO] Pass: FixedPoint - 0.00477 (ms)
2026-07-13 09:38:04,203 [INFO] Pass: Size - 0.04458 (ms)
2026-07-13 09:38:04,203 [INFO] Pass: FixedPoint - 0.00405 (ms)
2026-07-13 09:38:04,203 [INFO] Pass: Size - 0.04387 (ms)
2026-07-13 09:38:04,203 [INFO] Pass: ContainsInstruction - 0.00453 (ms)
2026-07-13 09:38:04,203 [INFO] Pass: FixedPoint - 0.00405 (ms)
2026-07-13 09:38:04,203 [INFO] Pass: ContainsInstruction - 0.00477 (ms)
2026-07-13 09:38:04,203 [INFO] Pass: BasisTranslator - 0.53358 (ms)
2026-07-13 09:38:04,203 [INFO] Pass: Depth - 0.14377 (ms)
2026-07-13 09:38:04,203 [INFO] Pass: FixedPoint - 0.01097 (ms)
2026-07-13 09:38:04,204 [INFO] Pass: Size - 0.04649 (ms)
2026-07-13 09:38:04,204 [INFO] Pass: FixedPoint - 0.00477 (ms)
2026-07-13 09:38:04,204 [INFO] Pass: Optimize1qGatesDecomposition - 0.10371 (ms)
2026-07-13 09:38:04,204 [INFO] Pass: InverseCancellation - 0.00715 (ms)
2026-07-13 09:38:04,204 [INFO] Pass: ContainsInstruction - 0.00787 (ms)
2026-07-13 09:38:04,204 [INFO] Pass: InverseCancellation - 0.14353 (ms)
2026-07-13 09:38:04,204 [INFO] Pass: UnitarySynthesis - 0.00453 (ms)
2026-07-13 09:38:04,204 [INFO] Total Transpile Time - 51.96238 (ms)
2026-07-13 09:38:04,204 [INFO] Total Transpile Time - 71.34843 (ms)
2026-07-13 09:38:04,204 [INFO] Pass: GatesInBasis - 0.49591 (ms)
2026-07-13 09:38:04,204 [INFO] Pass: Depth - 0.11516 (ms)
2026-07-13 09:38:04,204 [INFO] Pass: FixedPoint - 0.00525 (ms)
2026-07-13 09:38:04,205 [INFO] Pass: Size - 0.04220 (ms)
2026-07-13 09:38:04,205 [INFO] Pass: FixedPoint - 0.00381 (ms)
2026-07-13 09:38:04,205 [INFO] Pass: ContainsInstruction - 0.00477 (ms)
2026-07-13 09:38:04,205 [INFO] Pass: ContainsInstruction - 0.00858 (ms)
2026-07-13 09:38:04,205 [INFO] Pass: HighLevelSynthesis - 0.91696 (ms)
2026-07-13 09:38:04,205 [INFO] Pass: InverseCancellation - 0.15569 (ms)
2026-07-13 09:38:04,205 [INFO] Pass: UnitarySynthesis - 0.00501 (ms)
2026-07-13 09:38:04,206 [INFO] Total Transpile Time - 69.12923 (ms)
2026-07-13 09:38:04,206 [INFO] Pass: BasisTranslator - 0.63610 (ms)
2026-07-13 09:38:04,206 [INFO] Pass: Depth - 0.12541 (ms)
2026-07-13 09:38:04,206 [INFO] Pass: FixedPoint - 0.00787 (ms)
2026-07-13 09:38:04,206 [INFO] Pass: Size - 0.04530 (ms)
2026-07-13 09:38:04,206 [INFO] Pass: FixedPoint - 0.00429 (ms)
2026-07-13 09:38:04,206 [INFO] Pass: HighLevelSynthesis - 0.93532 (ms)
2026-07-13 09:38:04,207 [INFO] Pass: Optimize1qGatesDecomposition - 0.79250 (ms)
2026-07-13 09:38:04,207 [INFO] Pass: ContainsInstruction - 0.00763 (ms)
2026-07-13 09:38:04,207 [INFO] Pass: BasisTranslator - 0.63968 (ms)
2026-07-13 09:38:04,207 [INFO] Pass: InverseCancellation - 0.12088 (ms)
2026-07-13 09:38:04,207 [INFO] Pass: InverseCancellation - 0.14877 (ms)
2026-07-13 09:38:04,207 [INFO] Pass: Depth - 0.13399 (ms)
2026-07-13 09:38:04,207 [INFO] Pass: FixedPoint - 0.00811 (ms)
2026-07-13 09:38:04,207 [INFO] Pass: UnitarySynthesis - 0.00405 (ms)
2026-07-13 09:38:04,207 [INFO] Pass: Size - 0.04506 (ms)
2026-07-13 09:38:04,207 [INFO] Pass: FixedPoint - 0.00405 (ms)
2026-07-13 09:38:04,207 [INFO] Pass: ContainsInstruction - 0.00811 (ms)
2026-07-13 09:38:04,207 [INFO] Pass: InverseCancellation - 0.14496 (ms)
2026-07-13 09:38:04,208 [INFO] Pass: UnitarySynthesis - 0.00453 (ms)
2026-07-13 09:38:04,208 [INFO] Pass: GatesInBasis - 0.51141 (ms)
2026-07-13 09:38:04,208 [INFO] Pass: Depth - 0.12255 (ms)
2026-07-13 09:38:04,208 [INFO] Pass: FixedPoint - 0.00572 (ms)
2026-07-13 09:38:04,208 [INFO] Pass: Size - 0.04482 (ms)
2026-07-13 09:38:04,208 [INFO] Pass: FixedPoint - 0.00405 (ms)
2026-07-13 09:38:04,208 [INFO] Pass: ContainsInstruction - 0.00453 (ms)
2026-07-13 09:38:04,208 [INFO] Pass: HighLevelSynthesis - 0.90790 (ms)
2026-07-13 09:38:04,208 [INFO] Pass: Optimize1qGatesDecomposition - 0.81515 (ms)
2026-07-13 09:38:04,208 [INFO] Pass: InverseCancellation - 0.12136 (ms)
2026-07-13 09:38:04,208 [INFO] Pass: HighLevelSynthesis - 0.90909 (ms)
2026-07-13 09:38:04,209 [INFO] Pass: BasisTranslator - 0.63324 (ms)
2026-07-13 09:38:04,209 [INFO] Pass: GatesInBasis - 0.52357 (ms)
2026-07-13 09:38:04,209 [INFO] Pass: Depth - 0.12565 (ms)
2026-07-13 09:38:04,209 [INFO] Total Transpile Time - 49.97849 (ms)
2026-07-13 09:38:04,209 [INFO] Pass: FixedPoint - 0.00787 (ms)
2026-07-13 09:38:04,209 [INFO] Pass: Depth - 0.11897 (ms)
2026-07-13 09:38:04,209 [INFO] Pass: FixedPoint - 0.00572 (ms)
2026-07-13 09:38:04,209 [INFO] Pass: Size - 0.05221 (ms)
2026-07-13 09:38:04,209 [INFO] Pass: FixedPoint - 0.00477 (ms)
2026-07-13 09:38:04,209 [INFO] Pass: Size - 0.04506 (ms)
2026-07-13 09:38:04,209 [INFO] Pass: FixedPoint - 0.00405 (ms)
2026-07-13 09:38:04,209 [INFO] Pass: BasisTranslator - 0.64278 (ms)
2026-07-13 09:38:04,209 [INFO] Pass: ContainsInstruction - 0.00453 (ms)
2026-07-13 09:38:04,209 [INFO] Pass: Depth - 0.12636 (ms)
2026-07-13 09:38:04,209 [INFO] Pass: FixedPoint - 0.00834 (ms)
2026-07-13 09:38:04,209 [INFO] Pass: Size - 0.04554 (ms)
2026-07-13 09:38:04,209 [INFO] Pass: FixedPoint - 0.00477 (ms)
2026-07-13 09:38:04,210 [INFO] Pass: Optimize1qGatesDecomposition - 0.78750 (ms)
2026-07-13 09:38:04,210 [INFO] Pass: InverseCancellation - 0.12755 (ms)
2026-07-13 09:38:04,210 [INFO] Pass: ContainsInstruction - 0.00834 (ms)
2026-07-13 09:38:04,210 [INFO] Total Transpile Time - 51.26214 (ms)
2026-07-13 09:38:04,210 [INFO] Pass: InverseCancellation - 0.14830 (ms)
2026-07-13 09:38:04,210 [INFO] Pass: Optimize1qGatesDecomposition - 0.79274 (ms)
2026-07-13 09:38:04,210 [INFO] Pass: UnitarySynthesis - 0.00477 (ms)
2026-07-13 09:38:04,210 [INFO] Pass: InverseCancellation - 0.12398 (ms)
2026-07-13 09:38:04,211 [INFO] Pass: GatesInBasis - 0.52881 (ms)
2026-07-13 09:38:04,211 [INFO] Pass: Depth - 0.12016 (ms)
2026-07-13 09:38:04,211 [INFO] Pass: FixedPoint - 0.00548 (ms)
2026-07-13 09:38:04,211 [INFO] Pass: Size - 0.04482 (ms)
2026-07-13 09:38:04,211 [INFO] Pass: FixedPoint - 0.00381 (ms)
2026-07-13 09:38:04,211 [INFO] Pass: ContainsInstruction - 0.00453 (ms)
2026-07-13 09:38:04,211 [INFO] Pass: GatesInBasis - 0.51808 (ms)
2026-07-13 09:38:04,211 [INFO] Pass: Depth - 0.11992 (ms)
2026-07-13 09:38:04,211 [INFO] Pass: FixedPoint - 0.00572 (ms)
2026-07-13 09:38:04,211 [INFO] Pass: HighLevelSynthesis - 0.91624 (ms)
2026-07-13 09:38:04,211 [INFO] Pass: Size - 0.04482 (ms)
2026-07-13 09:38:04,211 [INFO] Pass: FixedPoint - 0.00429 (ms)
2026-07-13 09:38:04,211 [INFO] Pass: ContainsInstruction - 0.00429 (ms)
2026-07-13 09:38:04,212 [INFO] Pass: BasisTranslator - 0.64206 (ms)
2026-07-13 09:38:04,212 [INFO] Total Transpile Time - 50.01640 (ms)
2026-07-13 09:38:04,212 [INFO] Pass: Depth - 0.12684 (ms)
2026-07-13 09:38:04,212 [INFO] Pass: FixedPoint - 0.00763 (ms)
2026-07-13 09:38:04,212 [INFO] Pass: Size - 0.04745 (ms)
2026-07-13 09:38:04,212 [INFO] Pass: FixedPoint - 0.00429 (ms)
2026-07-13 09:38:04,212 [INFO] Total Transpile Time - 49.88623 (ms)
2026-07-13 09:38:04,213 [INFO] Pass: Optimize1qGatesDecomposition - 0.79179 (ms)
2026-07-13 09:38:04,213 [INFO] Pass: InverseCancellation - 0.12183 (ms)
2026-07-13 09:38:04,214 [INFO] Pass: GatesInBasis - 0.50426 (ms)
2026-07-13 09:38:04,214 [INFO] Pass: Depth - 0.12469 (ms)
2026-07-13 09:38:04,214 [INFO] Pass: FixedPoint - 0.00548 (ms)
2026-07-13 09:38:04,214 [INFO] Pass: Size - 0.04458 (ms)
2026-07-13 09:38:04,214 [INFO] Pass: FixedPoint - 0.00405 (ms)
2026-07-13 09:38:04,214 [INFO] Pass: ContainsInstruction - 0.00525 (ms)
2026-07-13 09:38:04,214 [INFO] Pass: ContainsInstruction - 0.00787 (ms)
2026-07-13 09:38:04,215 [INFO] Pass: InverseCancellation - 0.14329 (ms)
2026-07-13 09:38:04,215 [INFO] Pass: UnitarySynthesis - 0.00501 (ms)
2026-07-13 09:38:04,215 [INFO] Total Transpile Time - 50.10200 (ms)
2026-07-13 09:38:04,216 [INFO] Pass: HighLevelSynthesis - 0.91577 (ms)
2026-07-13 09:38:04,216 [INFO] Pass: BasisTranslator - 0.63848 (ms)
2026-07-13 09:38:04,216 [INFO] Pass: Depth - 0.12589 (ms)
2026-07-13 09:38:04,216 [INFO] Pass: FixedPoint - 0.00834 (ms)
2026-07-13 09:38:04,217 [INFO] Pass: Size - 0.04649 (ms)
2026-07-13 09:38:04,217 [INFO] Pass: FixedPoint - 0.00453 (ms)
2026-07-13 09:38:04,217 [INFO] Pass: ContainsInstruction - 0.00834 (ms)
2026-07-13 09:38:04,217 [INFO] Pass: InverseCancellation - 0.14544 (ms)
2026-07-13 09:38:04,217 [INFO] Pass: UnitarySynthesis - 0.00477 (ms)
2026-07-13 09:38:04,217 [INFO] Pass: Optimize1qGatesDecomposition - 0.79036 (ms)
2026-07-13 09:38:04,218 [INFO] Pass: InverseCancellation - 0.12159 (ms)
2026-07-13 09:38:04,218 [INFO] Pass: HighLevelSynthesis - 0.91839 (ms)
2026-07-13 09:38:04,218 [INFO] Pass: GatesInBasis - 0.53334 (ms)
2026-07-13 09:38:04,218 [INFO] Pass: Depth - 0.12064 (ms)
2026-07-13 09:38:04,218 [INFO] Pass: FixedPoint - 0.00525 (ms)
2026-07-13 09:38:04,218 [INFO] Pass: Size - 0.04578 (ms)
2026-07-13 09:38:04,218 [INFO] Pass: FixedPoint - 0.00429 (ms)
2026-07-13 09:38:04,219 [INFO] Pass: ContainsInstruction - 0.00453 (ms)
2026-07-13 09:38:04,219 [INFO] Pass: BasisTranslator - 0.63896 (ms)
2026-07-13 09:38:04,219 [INFO] Pass: Depth - 0.12541 (ms)
2026-07-13 09:38:04,219 [INFO] Pass: FixedPoint - 0.00787 (ms)
2026-07-13 09:38:04,219 [INFO] Pass: Size - 0.04601 (ms)
2026-07-13 09:38:04,219 [INFO] Pass: FixedPoint - 0.00429 (ms)
2026-07-13 09:38:04,220 [INFO] Total Transpile Time - 50.27533 (ms)
2026-07-13 09:38:04,220 [INFO] Pass: Optimize1qGatesDecomposition - 0.78654 (ms)
2026-07-13 09:38:04,220 [INFO] Pass: InverseCancellation - 0.12207 (ms)
2026-07-13 09:38:04,221 [INFO] Pass: GatesInBasis - 0.52190 (ms)
2026-07-13 09:38:04,221 [INFO] Pass: ContainsInstruction - 0.00739 (ms)
2026-07-13 09:38:04,221 [INFO] Pass: Depth - 0.12159 (ms)
2026-07-13 09:38:04,221 [INFO] Pass: FixedPoint - 0.00572 (ms)
2026-07-13 09:38:04,221 [INFO] Pass: Size - 0.04506 (ms)
2026-07-13 09:38:04,221 [INFO] Pass: FixedPoint - 0.00405 (ms)
2026-07-13 09:38:04,221 [INFO] Pass: ContainsInstruction - 0.00501 (ms)
2026-07-13 09:38:04,221 [INFO] Pass: InverseCancellation - 0.14377 (ms)
2026-07-13 09:38:04,221 [INFO] Pass: UnitarySynthesis - 0.00453 (ms)
2026-07-13 09:38:04,222 [INFO] Pass: HighLevelSynthesis - 0.90337 (ms)
2026-07-13 09:38:04,222 [INFO] Total Transpile Time - 49.87907 (ms)
2026-07-13 09:38:04,223 [INFO] Pass: BasisTranslator - 0.65184 (ms)
2026-07-13 09:38:04,223 [INFO] Pass: Depth - 0.12565 (ms)
2026-07-13 09:38:04,223 [INFO] Pass: FixedPoint - 0.00763 (ms)
2026-07-13 09:38:04,223 [INFO] Pass: Size - 0.04601 (ms)
2026-07-13 09:38:04,223 [INFO] Pass: FixedPoint - 0.00429 (ms)
2026-07-13 09:38:04,224 [INFO] Pass: Optimize1qGatesDecomposition - 0.81062 (ms)
2026-07-13 09:38:04,224 [INFO] Pass: InverseCancellation - 0.12398 (ms)
2026-07-13 09:38:04,225 [INFO] Pass: GatesInBasis - 0.52857 (ms)
2026-07-13 09:38:04,225 [INFO] Pass: Depth - 0.11992 (ms)
2026-07-13 09:38:04,225 [INFO] Pass: FixedPoint - 0.00572 (ms)
2026-07-13 09:38:04,225 [INFO] Pass: Size - 0.04530 (ms)
2026-07-13 09:38:04,225 [INFO] Pass: FixedPoint - 0.00405 (ms)
2026-07-13 09:38:04,225 [INFO] Pass: ContainsInstruction - 0.00501 (ms)
2026-07-13 09:38:04,226 [INFO] Total Transpile Time - 50.16208 (ms)
2026-07-13 09:38:04,228 [INFO] Pass: ContainsInstruction - 0.00954 (ms)
2026-07-13 09:38:04,228 [INFO] Pass: InverseCancellation - 0.14210 (ms)
2026-07-13 09:38:04,229 [INFO] Pass: UnitarySynthesis - 0.00453 (ms)
2026-07-13 09:38:04,229 [INFO] Pass: ContainsInstruction - 0.00930 (ms)
2026-07-13 09:38:04,229 [INFO] Pass: InverseCancellation - 0.14567 (ms)
2026-07-13 09:38:04,229 [INFO] Pass: UnitarySynthesis - 0.00453 (ms)
2026-07-13 09:38:04,230 [INFO] Pass: HighLevelSynthesis - 0.92292 (ms)
2026-07-13 09:38:04,230 [INFO] Pass: BasisTranslator - 0.63753 (ms)
2026-07-13 09:38:04,230 [INFO] Pass: HighLevelSynthesis - 0.91529 (ms)
2026-07-13 09:38:04,230 [INFO] Pass: Depth - 0.12708 (ms)
2026-07-13 09:38:04,230 [INFO] Pass: FixedPoint - 0.00787 (ms)
2026-07-13 09:38:04,230 [INFO] Pass: Size - 0.04697 (ms)
2026-07-13 09:38:04,231 [INFO] Pass: FixedPoint - 0.00429 (ms)
2026-07-13 09:38:04,231 [INFO] Pass: BasisTranslator - 0.62990 (ms)
2026-07-13 09:38:04,231 [INFO] Pass: Depth - 0.12565 (ms)
2026-07-13 09:38:04,231 [INFO] Pass: FixedPoint - 0.01168 (ms)
2026-07-13 09:38:04,231 [INFO] Pass: Size - 0.04625 (ms)
2026-07-13 09:38:04,231 [INFO] Pass: FixedPoint - 0.00429 (ms)
2026-07-13 09:38:04,231 [INFO] Pass: Optimize1qGatesDecomposition - 0.78845 (ms)
2026-07-13 09:38:04,232 [INFO] Pass: InverseCancellation - 0.12302 (ms)
2026-07-13 09:38:04,232 [INFO] Pass: GatesInBasis - 0.53239 (ms)
2026-07-13 09:38:04,232 [INFO] Pass: Optimize1qGatesDecomposition - 0.78440 (ms)
2026-07-13 09:38:04,232 [INFO] Pass: Depth - 0.12112 (ms)
2026-07-13 09:38:04,232 [INFO] Pass: FixedPoint - 0.00548 (ms)
2026-07-13 09:38:04,232 [INFO] Pass: InverseCancellation - 0.12422 (ms)
2026-07-13 09:38:04,232 [INFO] Pass: Size - 0.04530 (ms)
2026-07-13 09:38:04,232 [INFO] Pass: FixedPoint - 0.00429 (ms)
2026-07-13 09:38:04,232 [INFO] Pass: ContainsInstruction - 0.00882 (ms)
2026-07-13 09:38:04,233 [INFO] Pass: ContainsInstruction - 0.00978 (ms)
2026-07-13 09:38:04,233 [INFO] Pass: GatesInBasis - 0.52381 (ms)
2026-07-13 09:38:04,233 [INFO] Pass: InverseCancellation - 0.14138 (ms)
2026-07-13 09:38:04,233 [INFO] Pass: UnitarySynthesis - 0.00477 (ms)
2026-07-13 09:38:04,233 [INFO] Pass: Depth - 0.12946 (ms)
2026-07-13 09:38:04,233 [INFO] Pass: FixedPoint - 0.00572 (ms)
2026-07-13 09:38:04,233 [INFO] Pass: Size - 0.04506 (ms)
2026-07-13 09:38:04,233 [INFO] Pass: FixedPoint - 0.00429 (ms)
2026-07-13 09:38:04,233 [INFO] Pass: ContainsInstruction - 0.00858 (ms)
2026-07-13 09:38:04,234 [INFO] Total Transpile Time - 49.83282 (ms)
2026-07-13 09:38:04,234 [INFO] Pass: HighLevelSynthesis - 0.90337 (ms)
2026-07-13 09:38:04,234 [INFO] Total Transpile Time - 50.30513 (ms)
2026-07-13 09:38:04,235 [INFO] Pass: BasisTranslator - 0.63396 (ms)
2026-07-13 09:38:04,235 [INFO] Pass: Depth - 0.12493 (ms)
2026-07-13 09:38:04,235 [INFO] Pass: FixedPoint - 0.01264 (ms)
2026-07-13 09:38:04,235 [INFO] Pass: Size - 0.04625 (ms)
2026-07-13 09:38:04,235 [INFO] Pass: FixedPoint - 0.00429 (ms)
2026-07-13 09:38:04,236 [INFO] Pass: Optimize1qGatesDecomposition - 0.82350 (ms)
2026-07-13 09:38:04,236 [INFO] Pass: InverseCancellation - 0.12851 (ms)
2026-07-13 09:38:04,237 [INFO] Pass: ContainsInstruction - 0.00739 (ms)
2026-07-13 09:38:04,237 [INFO] Pass: GatesInBasis - 0.52500 (ms)
2026-07-13 09:38:04,237 [INFO] Pass: InverseCancellation - 0.14114 (ms)
2026-07-13 09:38:04,237 [INFO] Pass: Depth - 0.12016 (ms)
2026-07-13 09:38:04,237 [INFO] Pass: UnitarySynthesis - 0.00453 (ms)
2026-07-13 09:38:04,237 [INFO] Pass: FixedPoint - 0.00572 (ms)
2026-07-13 09:38:04,237 [INFO] Pass: Size - 0.04578 (ms)
2026-07-13 09:38:04,237 [INFO] Pass: FixedPoint - 0.00381 (ms)
2026-07-13 09:38:04,237 [INFO] Pass: ContainsInstruction - 0.00882 (ms)
2026-07-13 09:38:04,238 [INFO] Pass: HighLevelSynthesis - 0.90456 (ms)
2026-07-13 09:38:04,238 [INFO] Total Transpile Time - 49.84403 (ms)
2026-07-13 09:38:04,238 [INFO] Pass: BasisTranslator - 0.64921 (ms)
2026-07-13 09:38:04,239 [INFO] Pass: Depth - 0.12660 (ms)
2026-07-13 09:38:04,239 [INFO] Pass: FixedPoint - 0.00787 (ms)
2026-07-13 09:38:04,239 [INFO] Pass: Size - 0.04578 (ms)
2026-07-13 09:38:04,239 [INFO] Pass: FixedPoint - 0.00429 (ms)
2026-07-13 09:38:04,240 [INFO] Pass: Optimize1qGatesDecomposition - 0.78750 (ms)
2026-07-13 09:38:04,240 [INFO] Pass: InverseCancellation - 0.12088 (ms)
2026-07-13 09:38:04,240 [INFO] Pass: GatesInBasis - 0.53334 (ms)
2026-07-13 09:38:04,241 [INFO] Pass: Depth - 0.12493 (ms)
2026-07-13 09:38:04,241 [INFO] Pass: FixedPoint - 0.00548 (ms)
2026-07-13 09:38:04,241 [INFO] Pass: Size - 0.04482 (ms)
2026-07-13 09:38:04,241 [INFO] Pass: FixedPoint - 0.00405 (ms)
2026-07-13 09:38:04,241 [INFO] Pass: ContainsInstruction - 0.00453 (ms)
2026-07-13 09:38:04,242 [INFO] Total Transpile Time - 49.78085 (ms)
2026-07-13 09:38:04,243 [INFO] Pass: ContainsInstruction - 0.00715 (ms)
2026-07-13 09:38:04,243 [INFO] Pass: InverseCancellation - 0.14162 (ms)
2026-07-13 09:38:04,243 [INFO] Pass: UnitarySynthesis - 0.00453 (ms)
2026-07-13 09:38:04,244 [INFO] Pass: HighLevelSynthesis - 0.91743 (ms)
2026-07-13 09:38:04,244 [INFO] Pass: BasisTranslator - 0.64278 (ms)
2026-07-13 09:38:04,245 [INFO] Pass: Depth - 0.12589 (ms)
2026-07-13 09:38:04,245 [INFO] Pass: FixedPoint - 0.00739 (ms)
2026-07-13 09:38:04,245 [INFO] Pass: Size - 0.04578 (ms)
2026-07-13 09:38:04,245 [INFO] Pass: FixedPoint - 0.00429 (ms)
2026-07-13 09:38:04,246 [INFO] Pass: Optimize1qGatesDecomposition - 0.78821 (ms)
2026-07-13 09:38:04,246 [INFO] Pass: InverseCancellation - 0.12112 (ms)
2026-07-13 09:38:04,246 [INFO] Pass: GatesInBasis - 0.52857 (ms)
2026-07-13 09:38:04,247 [INFO] Pass: Depth - 0.12136 (ms)
2026-07-13 09:38:04,247 [INFO] Pass: FixedPoint - 0.00548 (ms)
2026-07-13 09:38:04,247 [INFO] Pass: Size - 0.04578 (ms)
2026-07-13 09:38:04,247 [INFO] Pass: FixedPoint - 0.00405 (ms)
2026-07-13 09:38:04,247 [INFO] Pass: ContainsInstruction - 0.00453 (ms)
2026-07-13 09:38:04,248 [INFO] Total Transpile Time - 49.74532 (ms)
2026-07-13 09:38:04,248 [INFO] Pass: ContainsInstruction - 0.00739 (ms)
2026-07-13 09:38:04,249 [INFO] Pass: InverseCancellation - 0.14257 (ms)
2026-07-13 09:38:04,249 [INFO] Pass: UnitarySynthesis - 0.00453 (ms)
2026-07-13 09:38:04,249 [INFO] Pass: ContainsInstruction - 0.00668 (ms)
2026-07-13 09:38:04,249 [INFO] Pass: InverseCancellation - 0.14567 (ms)
2026-07-13 09:38:04,249 [INFO] Pass: UnitarySynthesis - 0.00429 (ms)
2026-07-13 09:38:04,250 [INFO] Pass: HighLevelSynthesis - 0.97609 (ms)
2026-07-13 09:38:04,250 [INFO] Pass: HighLevelSynthesis - 0.92745 (ms)
2026-07-13 09:38:04,250 [INFO] Pass: ContainsInstruction - 0.00596 (ms)
2026-07-13 09:38:04,250 [INFO] Pass: InverseCancellation - 0.14114 (ms)
2026-07-13 09:38:04,250 [INFO] Pass: UnitarySynthesis - 0.00453 (ms)
2026-07-13 09:38:04,250 [INFO] Pass: BasisTranslator - 0.68355 (ms)
2026-07-13 09:38:04,251 [INFO] Pass: Depth - 0.13471 (ms)
2026-07-13 09:38:04,251 [INFO] Pass: FixedPoint - 0.00834 (ms)
2026-07-13 09:38:04,251 [INFO] Pass: BasisTranslator - 0.63992 (ms)
2026-07-13 09:38:04,251 [INFO] Pass: Size - 0.04816 (ms)
2026-07-13 09:38:04,251 [INFO] Pass: FixedPoint - 0.00405 (ms)
2026-07-13 09:38:04,251 [INFO] Pass: Depth - 0.12517 (ms)
2026-07-13 09:38:04,251 [INFO] Pass: FixedPoint - 0.00763 (ms)
2026-07-13 09:38:04,251 [INFO] Pass: Size - 0.04649 (ms)
2026-07-13 09:38:04,251 [INFO] Pass: FixedPoint - 0.00405 (ms)
2026-07-13 09:38:04,252 [INFO] Pass: HighLevelSynthesis - 1.11485 (ms)
2026-07-13 09:38:04,252 [INFO] Pass: Optimize1qGatesDecomposition - 0.89169 (ms)
2026-07-13 09:38:04,252 [INFO] Pass: InverseCancellation - 0.00834 (ms)
2026-07-13 09:38:04,252 [INFO] Pass: Optimize1qGatesDecomposition - 0.78702 (ms)
2026-07-13 09:38:04,252 [INFO] Pass: InverseCancellation - 0.12040 (ms)
2026-07-13 09:38:04,252 [INFO] Pass: BasisTranslator - 0.64993 (ms)
2026-07-13 09:38:04,252 [INFO] Pass: GatesInBasis - 0.50950 (ms)
2026-07-13 09:38:04,252 [INFO] Pass: Depth - 0.12684 (ms)
2026-07-13 09:38:04,252 [INFO] Pass: FixedPoint - 0.00763 (ms)
2026-07-13 09:38:04,252 [INFO] Pass: Depth - 0.12493 (ms)
2026-07-13 09:38:04,252 [INFO] Pass: FixedPoint - 0.00548 (ms)
2026-07-13 09:38:04,253 [INFO] Pass: Size - 0.04601 (ms)
2026-07-13 09:38:04,253 [INFO] Pass: FixedPoint - 0.00429 (ms)
2026-07-13 09:38:04,253 [INFO] Pass: Size - 0.04458 (ms)
2026-07-13 09:38:04,253 [INFO] Pass: FixedPoint - 0.00429 (ms)
2026-07-13 09:38:04,253 [INFO] Pass: GatesInBasis - 0.52452 (ms)
2026-07-13 09:38:04,253 [INFO] Pass: Depth - 0.11945 (ms)
2026-07-13 09:38:04,253 [INFO] Pass: FixedPoint - 0.00572 (ms)
2026-07-13 09:38:04,253 [INFO] Pass: Size - 0.04482 (ms)
2026-07-13 09:38:04,253 [INFO] Pass: FixedPoint - 0.00405 (ms)
2026-07-13 09:38:04,253 [INFO] Pass: ContainsInstruction - 0.00453 (ms)
2026-07-13 09:38:04,253 [INFO] Pass: Optimize1qGatesDecomposition - 0.70024 (ms)
2026-07-13 09:38:04,253 [INFO] Pass: InverseCancellation - 0.00715 (ms)
2026-07-13 09:38:04,253 [INFO] Pass: Optimize1qGatesDecomposition - 0.78511 (ms)
2026-07-13 09:38:04,253 [INFO] Pass: ContainsInstruction - 0.00763 (ms)
2026-07-13 09:38:04,254 [INFO] Pass: InverseCancellation - 0.12493 (ms)
2026-07-13 09:38:04,254 [INFO] Pass: InverseCancellation - 0.14019 (ms)
2026-07-13 09:38:04,254 [INFO] Pass: UnitarySynthesis - 0.00453 (ms)
2026-07-13 09:38:04,254 [INFO] Pass: GatesInBasis - 0.50020 (ms)
2026-07-13 09:38:04,254 [INFO] Total Transpile Time - 49.77465 (ms)
2026-07-13 09:38:04,254 [INFO] Pass: Depth - 0.12207 (ms)
2026-07-13 09:38:04,254 [INFO] Pass: FixedPoint - 0.00477 (ms)
2026-07-13 09:38:04,254 [INFO] Pass: GatesInBasis - 0.53644 (ms)
2026-07-13 09:38:04,254 [INFO] Pass: Size - 0.04482 (ms)
2026-07-13 09:38:04,254 [INFO] Pass: FixedPoint - 0.00405 (ms)
2026-07-13 09:38:04,254 [INFO] Pass: ContainsInstruction - 0.00453 (ms)
2026-07-13 09:38:04,254 [INFO] Pass: Depth - 0.11992 (ms)
2026-07-13 09:38:04,254 [INFO] Pass: FixedPoint - 0.00525 (ms)
2026-07-13 09:38:04,254 [INFO] Pass: Size - 0.04482 (ms)
2026-07-13 09:38:04,254 [INFO] Pass: FixedPoint - 0.00405 (ms)
2026-07-13 09:38:04,254 [INFO] Pass: ContainsInstruction - 0.00453 (ms)
2026-07-13 09:38:04,255 [INFO] Pass: HighLevelSynthesis - 0.96989 (ms)
2026-07-13 09:38:04,255 [INFO] Pass: ContainsInstruction - 0.00739 (ms)
2026-07-13 09:38:04,255 [INFO] Pass: InverseCancellation - 0.14329 (ms)
2026-07-13 09:38:04,255 [INFO] Pass: UnitarySynthesis - 0.00477 (ms)
2026-07-13 09:38:04,255 [INFO] Total Transpile Time - 51.15581 (ms)
2026-07-13 09:38:04,255 [INFO] Pass: BasisTranslator - 0.67472 (ms)
2026-07-13 09:38:04,255 [INFO] Total Transpile Time - 49.76344 (ms)
2026-07-13 09:38:04,256 [INFO] Pass: Depth - 0.13185 (ms)
2026-07-13 09:38:04,256 [INFO] Pass: FixedPoint - 0.00787 (ms)
2026-07-13 09:38:04,256 [INFO] Pass: Size - 0.04816 (ms)
2026-07-13 09:38:04,256 [INFO] Pass: FixedPoint - 0.00453 (ms)
2026-07-13 09:38:04,256 [INFO] Pass: HighLevelSynthesis - 0.98920 (ms)
2026-07-13 09:38:04,256 [INFO] Pass: ContainsInstruction - 0.00787 (ms)
2026-07-13 09:38:04,257 [INFO] Pass: InverseCancellation - 0.14329 (ms)
2026-07-13 09:38:04,257 [INFO] Pass: UnitarySynthesis - 0.00453 (ms)
2026-07-13 09:38:04,257 [INFO] Pass: Optimize1qGatesDecomposition - 0.88525 (ms)
2026-07-13 09:38:04,257 [INFO] Pass: BasisTranslator - 0.67186 (ms)
2026-07-13 09:38:04,257 [INFO] Pass: InverseCancellation - 0.00834 (ms)
2026-07-13 09:38:04,257 [INFO] Pass: Depth - 0.13518 (ms)
2026-07-13 09:38:04,257 [INFO] Pass: FixedPoint - 0.00739 (ms)
2026-07-13 09:38:04,257 [INFO] Pass: ContainsInstruction - 0.00691 (ms)
2026-07-13 09:38:04,257 [INFO] Pass: Size - 0.04888 (ms)
2026-07-13 09:38:04,257 [INFO] Pass: FixedPoint - 0.00429 (ms)
2026-07-13 09:38:04,257 [INFO] Pass: InverseCancellation - 0.14806 (ms)
2026-07-13 09:38:04,257 [INFO] Pass: UnitarySynthesis - 0.00429 (ms)
2026-07-13 09:38:04,257 [INFO] Pass: GatesInBasis - 0.53334 (ms)
2026-07-13 09:38:04,257 [INFO] Pass: Depth - 0.12136 (ms)
2026-07-13 09:38:04,257 [INFO] Pass: FixedPoint - 0.00572 (ms)
2026-07-13 09:38:04,258 [INFO] Pass: Size - 0.04625 (ms)
2026-07-13 09:38:04,258 [INFO] Pass: FixedPoint - 0.00453 (ms)
2026-07-13 09:38:04,258 [INFO] Pass: HighLevelSynthesis - 0.98014 (ms)
2026-07-13 09:38:04,258 [INFO] Pass: Optimize1qGatesDecomposition - 0.88000 (ms)
2026-07-13 09:38:04,258 [INFO] Pass: InverseCancellation - 0.00834 (ms)
2026-07-13 09:38:04,258 [INFO] Pass: HighLevelSynthesis - 0.98658 (ms)
2026-07-13 09:38:04,258 [INFO] Pass: Optimize1qGatesDecomposition - 0.69308 (ms)
2026-07-13 09:38:04,258 [INFO] Pass: BasisTranslator - 0.67902 (ms)
2026-07-13 09:38:04,258 [INFO] Pass: InverseCancellation - 0.00763 (ms)
2026-07-13 09:38:04,259 [INFO] Pass: Depth - 0.12922 (ms)
2026-07-13 09:38:04,259 [INFO] Pass: GatesInBasis - 0.50855 (ms)
2026-07-13 09:38:04,259 [INFO] Pass: FixedPoint - 0.00763 (ms)
2026-07-13 09:38:04,259 [INFO] Pass: Size - 0.04792 (ms)
2026-07-13 09:38:04,259 [INFO] Pass: FixedPoint - 0.00429 (ms)
2026-07-13 09:38:04,259 [INFO] Pass: Depth - 0.12136 (ms)
2026-07-13 09:38:04,259 [INFO] Pass: FixedPoint - 0.00548 (ms)
2026-07-13 09:38:04,259 [INFO] Pass: Size - 0.04458 (ms)
2026-07-13 09:38:04,259 [INFO] Pass: FixedPoint - 0.00453 (ms)
2026-07-13 09:38:04,259 [INFO] Pass: BasisTranslator - 0.67163 (ms)
2026-07-13 09:38:04,259 [INFO] Pass: GatesInBasis - 0.52357 (ms)
2026-07-13 09:38:04,259 [INFO] Pass: Depth - 0.13685 (ms)
2026-07-13 09:38:04,259 [INFO] Pass: Depth - 0.12279 (ms)
2026-07-13 09:38:04,259 [INFO] Pass: FixedPoint - 0.00477 (ms)
2026-07-13 09:38:04,259 [INFO] Pass: FixedPoint - 0.00763 (ms)
2026-07-13 09:38:04,259 [INFO] Pass: Size - 0.04458 (ms)
2026-07-13 09:38:04,259 [INFO] Pass: Size - 0.04792 (ms)
2026-07-13 09:38:04,259 [INFO] Pass: FixedPoint - 0.00405 (ms)
2026-07-13 09:38:04,259 [INFO] Pass: FixedPoint - 0.00429 (ms)
2026-07-13 09:38:04,259 [INFO] Pass: ContainsInstruction - 0.00501 (ms)
2026-07-13 09:38:04,260 [INFO] Pass: Optimize1qGatesDecomposition - 0.69880 (ms)
2026-07-13 09:38:04,260 [INFO] Pass: Optimize1qGatesDecomposition - 0.88525 (ms)
2026-07-13 09:38:04,260 [INFO] Pass: InverseCancellation - 0.00739 (ms)
2026-07-13 09:38:04,260 [INFO] Pass: InverseCancellation - 0.00787 (ms)
2026-07-13 09:38:04,260 [INFO] Pass: ContainsInstruction - 0.00763 (ms)
2026-07-13 09:38:04,260 [INFO] Pass: InverseCancellation - 0.14186 (ms)
2026-07-13 09:38:04,260 [INFO] Pass: UnitarySynthesis - 0.00477 (ms)
2026-07-13 09:38:04,260 [INFO] Pass: Optimize1qGatesDecomposition - 0.87523 (ms)
2026-07-13 09:38:04,260 [INFO] Pass: GatesInBasis - 0.51212 (ms)
2026-07-13 09:38:04,260 [INFO] Pass: GatesInBasis - 0.53263 (ms)
2026-07-13 09:38:04,260 [INFO] Pass: InverseCancellation - 0.00787 (ms)
2026-07-13 09:38:04,260 [INFO] Total Transpile Time - 51.26143 (ms)
2026-07-13 09:38:04,260 [INFO] Pass: Depth - 0.11659 (ms)
2026-07-13 09:38:04,260 [INFO] Pass: Depth - 0.12207 (ms)
2026-07-13 09:38:04,260 [INFO] Pass: FixedPoint - 0.00477 (ms)
2026-07-13 09:38:04,260 [INFO] Pass: FixedPoint - 0.00501 (ms)
2026-07-13 09:38:04,261 [INFO] Pass: Size - 0.04530 (ms)
2026-07-13 09:38:04,261 [INFO] Pass: Size - 0.04506 (ms)
2026-07-13 09:38:04,261 [INFO] Pass: FixedPoint - 0.00429 (ms)
2026-07-13 09:38:04,261 [INFO] Pass: FixedPoint - 0.00453 (ms)
2026-07-13 09:38:04,261 [INFO] Pass: ContainsInstruction - 0.00501 (ms)
2026-07-13 09:38:04,261 [INFO] Pass: GatesInBasis - 0.52452 (ms)
2026-07-13 09:38:04,261 [INFO] Pass: Depth - 0.12612 (ms)
2026-07-13 09:38:04,261 [INFO] Pass: FixedPoint - 0.00548 (ms)
2026-07-13 09:38:04,261 [INFO] Pass: HighLevelSynthesis - 0.97609 (ms)
2026-07-13 09:38:04,261 [INFO] Pass: Size - 0.04697 (ms)
2026-07-13 09:38:04,261 [INFO] Pass: FixedPoint - 0.00429 (ms)
2026-07-13 09:38:04,261 [INFO] Pass: Optimize1qGatesDecomposition - 0.69857 (ms)
2026-07-13 09:38:04,261 [INFO] Pass: InverseCancellation - 0.00715 (ms)
2026-07-13 09:38:04,262 [INFO] Total Transpile Time - 51.25976 (ms)
2026-07-13 09:38:04,262 [INFO] Pass: BasisTranslator - 0.66781 (ms)
2026-07-13 09:38:04,262 [INFO] Pass: Optimize1qGatesDecomposition - 0.69451 (ms)
2026-07-13 09:38:04,262 [INFO] Pass: GatesInBasis - 0.50139 (ms)
2026-07-13 09:38:04,262 [INFO] Pass: Depth - 0.12970 (ms)
2026-07-13 09:38:04,262 [INFO] Pass: InverseCancellation - 0.00763 (ms)
2026-07-13 09:38:04,262 [INFO] Pass: FixedPoint - 0.00739 (ms)
2026-07-13 09:38:04,262 [INFO] Pass: Depth - 0.11683 (ms)
2026-07-13 09:38:04,262 [INFO] Pass: Size - 0.05293 (ms)
2026-07-13 09:38:04,262 [INFO] Pass: FixedPoint - 0.00453 (ms)
2026-07-13 09:38:04,262 [INFO] Pass: FixedPoint - 0.00429 (ms)
2026-07-13 09:38:04,262 [INFO] Pass: Size - 0.04506 (ms)
2026-07-13 09:38:04,262 [INFO] Pass: FixedPoint - 0.00405 (ms)
2026-07-13 09:38:04,262 [INFO] Pass: ContainsInstruction - 0.00477 (ms)
2026-07-13 09:38:04,262 [INFO] Pass: GatesInBasis - 0.50926 (ms)
2026-07-13 09:38:04,263 [INFO] Pass: Depth - 0.11921 (ms)
2026-07-13 09:38:04,263 [INFO] Pass: FixedPoint - 0.00525 (ms)
2026-07-13 09:38:04,263 [INFO] Pass: Size - 0.04435 (ms)
2026-07-13 09:38:04,263 [INFO] Pass: FixedPoint - 0.00429 (ms)
2026-07-13 09:38:04,263 [INFO] Pass: ContainsInstruction - 0.00501 (ms)
2026-07-13 09:38:04,263 [INFO] Pass: Optimize1qGatesDecomposition - 0.88263 (ms)
2026-07-13 09:38:04,263 [INFO] Pass: InverseCancellation - 0.00834 (ms)
2026-07-13 09:38:04,263 [INFO] Total Transpile Time - 51.06640 (ms)
2026-07-13 09:38:04,264 [INFO] Pass: GatesInBasis - 0.52643 (ms)
2026-07-13 09:38:04,264 [INFO] Pass: Depth - 0.12064 (ms)
2026-07-13 09:38:04,264 [INFO] Total Transpile Time - 51.27168 (ms)
2026-07-13 09:38:04,264 [INFO] Pass: FixedPoint - 0.00525 (ms)
2026-07-13 09:38:04,264 [INFO] Pass: ContainsInstruction - 0.00811 (ms)
2026-07-13 09:38:04,264 [INFO] Pass: Size - 0.04482 (ms)
2026-07-13 09:38:04,264 [INFO] Pass: FixedPoint - 0.00453 (ms)
2026-07-13 09:38:04,264 [INFO] Pass: InverseCancellation - 0.14639 (ms)
2026-07-13 09:38:04,264 [INFO] Pass: UnitarySynthesis - 0.00477 (ms)
2026-07-13 09:38:04,265 [INFO] Pass: Optimize1qGatesDecomposition - 0.69523 (ms)
2026-07-13 09:38:04,265 [INFO] Pass: InverseCancellation - 0.00739 (ms)
2026-07-13 09:38:04,265 [INFO] Pass: HighLevelSynthesis - 0.98968 (ms)
2026-07-13 09:38:04,265 [INFO] Pass: GatesInBasis - 0.52762 (ms)
2026-07-13 09:38:04,265 [INFO] Pass: Depth - 0.11635 (ms)
2026-07-13 09:38:04,265 [INFO] Pass: FixedPoint - 0.00477 (ms)
2026-07-13 09:38:04,266 [INFO] Pass: Size - 0.04411 (ms)
2026-07-13 09:38:04,266 [INFO] Pass: FixedPoint - 0.00405 (ms)
2026-07-13 09:38:04,266 [INFO] Pass: ContainsInstruction - 0.00477 (ms)
2026-07-13 09:38:04,266 [INFO] Pass: BasisTranslator - 0.66757 (ms)
2026-07-13 09:38:04,266 [INFO] Pass: Depth - 0.13638 (ms)
2026-07-13 09:38:04,266 [INFO] Pass: FixedPoint - 0.00834 (ms)
2026-07-13 09:38:04,266 [INFO] Pass: Size - 0.04983 (ms)
2026-07-13 09:38:04,266 [INFO] Pass: FixedPoint - 0.00453 (ms)
2026-07-13 09:38:04,266 [INFO] Pass: ContainsInstruction - 0.00811 (ms)
2026-07-13 09:38:04,266 [INFO] Pass: InverseCancellation - 0.14186 (ms)
2026-07-13 09:38:04,267 [INFO] Pass: UnitarySynthesis - 0.00501 (ms)
2026-07-13 09:38:04,267 [INFO] Total Transpile Time - 51.29218 (ms)
2026-07-13 09:38:04,267 [INFO] Pass: Optimize1qGatesDecomposition - 0.89335 (ms)
2026-07-13 09:38:04,267 [INFO] Pass: InverseCancellation - 0.00906 (ms)
2026-07-13 09:38:04,268 [INFO] Pass: HighLevelSynthesis - 0.98705 (ms)
2026-07-13 09:38:04,268 [INFO] Pass: GatesInBasis - 0.53000 (ms)
2026-07-13 09:38:04,268 [INFO] Pass: Depth - 0.12207 (ms)
2026-07-13 09:38:04,268 [INFO] Pass: FixedPoint - 0.00501 (ms)
2026-07-13 09:38:04,268 [INFO] Pass: Size - 0.04578 (ms)
2026-07-13 09:38:04,268 [INFO] Pass: FixedPoint - 0.00429 (ms)
2026-07-13 09:38:04,268 [INFO] Pass: BasisTranslator - 0.68688 (ms)
2026-07-13 09:38:04,268 [INFO] Pass: Depth - 0.13328 (ms)
2026-07-13 09:38:04,269 [INFO] Pass: FixedPoint - 0.00811 (ms)
2026-07-13 09:38:04,269 [INFO] Pass: Size - 0.04840 (ms)
2026-07-13 09:38:04,269 [INFO] Pass: FixedPoint - 0.00429 (ms)
2026-07-13 09:38:04,269 [INFO] Pass: Optimize1qGatesDecomposition - 0.69237 (ms)
2026-07-13 09:38:04,269 [INFO] Pass: InverseCancellation - 0.00715 (ms)
2026-07-13 09:38:04,269 [INFO] Pass: GatesInBasis - 0.52619 (ms)
2026-07-13 09:38:04,270 [INFO] Pass: Optimize1qGatesDecomposition - 0.88573 (ms)
2026-07-13 09:38:04,270 [INFO] Pass: InverseCancellation - 0.00787 (ms)
2026-07-13 09:38:04,270 [INFO] Pass: Depth - 0.11969 (ms)
2026-07-13 09:38:04,270 [INFO] Pass: FixedPoint - 0.00477 (ms)
2026-07-13 09:38:04,270 [INFO] Pass: Size - 0.04554 (ms)
2026-07-13 09:38:04,270 [INFO] Pass: FixedPoint - 0.00405 (ms)
2026-07-13 09:38:04,270 [INFO] Pass: ContainsInstruction - 0.00477 (ms)
2026-07-13 09:38:04,270 [INFO] Pass: GatesInBasis - 0.53239 (ms)
2026-07-13 09:38:04,270 [INFO] Pass: ContainsInstruction - 0.00787 (ms)
2026-07-13 09:38:04,270 [INFO] Pass: Depth - 0.13041 (ms)
2026-07-13 09:38:04,270 [INFO] Pass: FixedPoint - 0.00572 (ms)
2026-07-13 09:38:04,270 [INFO] Pass: Size - 0.04506 (ms)
2026-07-13 09:38:04,271 [INFO] Pass: FixedPoint - 0.00453 (ms)
2026-07-13 09:38:04,271 [INFO] Pass: InverseCancellation - 0.14234 (ms)
2026-07-13 09:38:04,271 [INFO] Pass: UnitarySynthesis - 0.00453 (ms)
2026-07-13 09:38:04,271 [INFO] Total Transpile Time - 51.17297 (ms)
2026-07-13 09:38:04,271 [INFO] Pass: Optimize1qGatesDecomposition - 0.70596 (ms)
2026-07-13 09:38:04,271 [INFO] Pass: InverseCancellation - 0.00739 (ms)
2026-07-13 09:38:04,272 [INFO] Pass: HighLevelSynthesis - 0.99826 (ms)
2026-07-13 09:38:04,272 [INFO] Pass: GatesInBasis - 0.52738 (ms)
2026-07-13 09:38:04,272 [INFO] Pass: Depth - 0.12016 (ms)
2026-07-13 09:38:04,272 [INFO] Pass: FixedPoint - 0.00477 (ms)
2026-07-13 09:38:04,272 [INFO] Pass: Size - 0.04554 (ms)
2026-07-13 09:38:04,272 [INFO] Pass: FixedPoint - 0.00405 (ms)
2026-07-13 09:38:04,272 [INFO] Pass: ContainsInstruction - 0.00525 (ms)
2026-07-13 09:38:04,272 [INFO] Pass: BasisTranslator - 0.69404 (ms)
2026-07-13 09:38:04,273 [INFO] Pass: Depth - 0.13351 (ms)
2026-07-13 09:38:04,273 [INFO] Pass: FixedPoint - 0.00858 (ms)
2026-07-13 09:38:04,273 [INFO] Pass: Size - 0.04840 (ms)
2026-07-13 09:38:04,273 [INFO] Pass: FixedPoint - 0.00429 (ms)
2026-07-13 09:38:04,273 [INFO] Total Transpile Time - 51.12457 (ms)
2026-07-13 09:38:04,274 [INFO] Pass: Optimize1qGatesDecomposition - 0.87690 (ms)
2026-07-13 09:38:04,274 [INFO] Pass: InverseCancellation - 0.00930 (ms)
2026-07-13 09:38:04,274 [INFO] Pass: GatesInBasis - 0.52786 (ms)
2026-07-13 09:38:04,274 [INFO] Pass: Depth - 0.12302 (ms)
2026-07-13 09:38:04,274 [INFO] Pass: FixedPoint - 0.00548 (ms)
2026-07-13 09:38:04,275 [INFO] Pass: Size - 0.04458 (ms)
2026-07-13 09:38:04,275 [INFO] Pass: FixedPoint - 0.00429 (ms)
2026-07-13 09:38:04,275 [INFO] Pass: Optimize1qGatesDecomposition - 0.70143 (ms)
2026-07-13 09:38:04,275 [INFO] Pass: InverseCancellation - 0.00787 (ms)
2026-07-13 09:38:04,276 [INFO] Pass: GatesInBasis - 0.52333 (ms)
2026-07-13 09:38:04,276 [INFO] Pass: Depth - 0.12350 (ms)
2026-07-13 09:38:04,276 [INFO] Pass: FixedPoint - 0.00477 (ms)
2026-07-13 09:38:04,276 [INFO] Pass: Size - 0.04554 (ms)
2026-07-13 09:38:04,276 [INFO] Pass: FixedPoint - 0.00405 (ms)
2026-07-13 09:38:04,276 [INFO] Pass: ContainsInstruction - 0.00477 (ms)
2026-07-13 09:38:04,277 [INFO] Total Transpile Time - 51.23448 (ms)
2026-07-13 09:38:04,278 [INFO] Pass: ContainsInstruction - 0.01192 (ms)
2026-07-13 09:38:04,278 [INFO] Pass: InverseCancellation - 0.14997 (ms)
2026-07-13 09:38:04,278 [INFO] Pass: UnitarySynthesis - 0.00572 (ms)
2026-07-13 09:38:04,279 [INFO] Pass: ContainsInstruction - 0.01049 (ms)
2026-07-13 09:38:04,279 [INFO] Pass: HighLevelSynthesis - 0.98920 (ms)
2026-07-13 09:38:04,279 [INFO] Pass: InverseCancellation - 0.14710 (ms)
2026-07-13 09:38:04,279 [INFO] Pass: UnitarySynthesis - 0.00501 (ms)
2026-07-13 09:38:04,280 [INFO] Pass: BasisTranslator - 0.67735 (ms)
2026-07-13 09:38:04,280 [INFO] Pass: Depth - 0.13924 (ms)
2026-07-13 09:38:04,280 [INFO] Pass: FixedPoint - 0.01192 (ms)
2026-07-13 09:38:04,280 [INFO] Pass: Size - 0.04935 (ms)
2026-07-13 09:38:04,280 [INFO] Pass: FixedPoint - 0.00453 (ms)
2026-07-13 09:38:04,281 [INFO] Pass: HighLevelSynthesis - 1.03951 (ms)
2026-07-13 09:38:04,281 [INFO] Pass: Optimize1qGatesDecomposition - 0.90671 (ms)
2026-07-13 09:38:04,281 [INFO] Pass: InverseCancellation - 0.00858 (ms)
2026-07-13 09:38:04,281 [INFO] Pass: BasisTranslator - 0.71716 (ms)
2026-07-13 09:38:04,282 [INFO] Pass: Depth - 0.14210 (ms)
2026-07-13 09:38:04,282 [INFO] Pass: FixedPoint - 0.01264 (ms)
2026-07-13 09:38:04,282 [INFO] Pass: Size - 0.05555 (ms)
2026-07-13 09:38:04,282 [INFO] Pass: FixedPoint - 0.00429 (ms)
2026-07-13 09:38:04,282 [INFO] Pass: GatesInBasis - 0.53024 (ms)
2026-07-13 09:38:04,282 [INFO] Pass: Depth - 0.12231 (ms)
2026-07-13 09:38:04,282 [INFO] Pass: FixedPoint - 0.00548 (ms)
2026-07-13 09:38:04,282 [INFO] Pass: Size - 0.04506 (ms)
2026-07-13 09:38:04,282 [INFO] Pass: FixedPoint - 0.00405 (ms)
2026-07-13 09:38:04,282 [INFO] Pass: ContainsInstruction - 0.01049 (ms)
2026-07-13 09:38:04,283 [INFO] Pass: InverseCancellation - 0.14329 (ms)
2026-07-13 09:38:04,283 [INFO] Pass: UnitarySynthesis - 0.00477 (ms)
2026-07-13 09:38:04,283 [INFO] Pass: Optimize1qGatesDecomposition - 0.96560 (ms)
2026-07-13 09:38:04,283 [INFO] Pass: InverseCancellation - 0.01025 (ms)
2026-07-13 09:38:04,283 [INFO] Pass: Optimize1qGatesDecomposition - 0.69451 (ms)
2026-07-13 09:38:04,283 [INFO] Pass: InverseCancellation - 0.00715 (ms)
2026-07-13 09:38:04,283 [INFO] Pass: GatesInBasis - 0.56243 (ms)
2026-07-13 09:38:04,284 [INFO] Pass: GatesInBasis - 0.53144 (ms)
2026-07-13 09:38:04,284 [INFO] Pass: Depth - 0.12589 (ms)
2026-07-13 09:38:04,284 [INFO] Pass: FixedPoint - 0.00548 (ms)
2026-07-13 09:38:04,284 [INFO] Pass: Depth - 0.11706 (ms)
2026-07-13 09:38:04,284 [INFO] Pass: Size - 0.04578 (ms)
2026-07-13 09:38:04,284 [INFO] Pass: HighLevelSynthesis - 0.98324 (ms)
2026-07-13 09:38:04,284 [INFO] Pass: FixedPoint - 0.00477 (ms)
2026-07-13 09:38:04,284 [INFO] Pass: FixedPoint - 0.00429 (ms)
2026-07-13 09:38:04,284 [INFO] Pass: Size - 0.04578 (ms)
2026-07-13 09:38:04,284 [INFO] Pass: FixedPoint - 0.00405 (ms)
2026-07-13 09:38:04,284 [INFO] Pass: ContainsInstruction - 0.00525 (ms)
2026-07-13 09:38:04,284 [INFO] Pass: BasisTranslator - 0.70262 (ms)
2026-07-13 09:38:04,285 [INFO] Pass: Optimize1qGatesDecomposition - 0.73290 (ms)
2026-07-13 09:38:04,285 [INFO] Pass: InverseCancellation - 0.00739 (ms)
2026-07-13 09:38:04,285 [INFO] Pass: Depth - 0.13256 (ms)
2026-07-13 09:38:04,285 [INFO] Pass: FixedPoint - 0.01264 (ms)
2026-07-13 09:38:04,285 [INFO] Pass: Size - 0.04888 (ms)
2026-07-13 09:38:04,285 [INFO] Pass: FixedPoint - 0.00453 (ms)
2026-07-13 09:38:04,285 [INFO] Total Transpile Time - 51.33390 (ms)
2026-07-13 09:38:04,285 [INFO] Pass: GatesInBasis - 0.55623 (ms)
2026-07-13 09:38:04,285 [INFO] Pass: Depth - 0.12660 (ms)
2026-07-13 09:38:04,285 [INFO] Pass: FixedPoint - 0.00501 (ms)
2026-07-13 09:38:04,285 [INFO] Pass: Size - 0.04458 (ms)
2026-07-13 09:38:04,286 [INFO] Pass: FixedPoint - 0.00453 (ms)
2026-07-13 09:38:04,286 [INFO] Pass: ContainsInstruction - 0.00572 (ms)
2026-07-13 09:38:04,286 [INFO] Pass: Optimize1qGatesDecomposition - 0.89931 (ms)
2026-07-13 09:38:04,286 [INFO] Pass: InverseCancellation - 0.00954 (ms)
2026-07-13 09:38:04,286 [INFO] Pass: ContainsInstruction - 0.00811 (ms)
2026-07-13 09:38:04,286 [INFO] Pass: InverseCancellation - 0.15402 (ms)
2026-07-13 09:38:04,286 [INFO] Pass: GatesInBasis - 0.51522 (ms)
2026-07-13 09:38:04,286 [INFO] Pass: UnitarySynthesis - 0.00525 (ms)
2026-07-13 09:38:04,287 [INFO] Pass: Depth - 0.12374 (ms)
2026-07-13 09:38:04,287 [INFO] Pass: FixedPoint - 0.00596 (ms)
2026-07-13 09:38:04,287 [INFO] Pass: Size - 0.04530 (ms)
2026-07-13 09:38:04,287 [INFO] Total Transpile Time - 52.25301 (ms)
2026-07-13 09:38:04,287 [INFO] Pass: FixedPoint - 0.00429 (ms)
2026-07-13 09:38:04,287 [INFO] Pass: Optimize1qGatesDecomposition - 0.70286 (ms)
2026-07-13 09:38:04,287 [INFO] Pass: HighLevelSynthesis - 1.00517 (ms)
2026-07-13 09:38:04,287 [INFO] Pass: InverseCancellation - 0.00763 (ms)
2026-07-13 09:38:04,288 [INFO] Pass: GatesInBasis - 0.53596 (ms)
2026-07-13 09:38:04,288 [INFO] Pass: BasisTranslator - 0.69857 (ms)
2026-07-13 09:38:04,288 [INFO] Pass: Depth - 0.11826 (ms)
2026-07-13 09:38:04,288 [INFO] Pass: FixedPoint - 0.00525 (ms)
2026-07-13 09:38:04,288 [INFO] Pass: Size - 0.04458 (ms)
2026-07-13 09:38:04,288 [INFO] Pass: FixedPoint - 0.00381 (ms)
2026-07-13 09:38:04,288 [INFO] Pass: Depth - 0.13399 (ms)
2026-07-13 09:38:04,288 [INFO] Pass: ContainsInstruction - 0.00548 (ms)
2026-07-13 09:38:04,288 [INFO] Pass: FixedPoint - 0.00834 (ms)
2026-07-13 09:38:04,289 [INFO] Pass: Size - 0.05484 (ms)
2026-07-13 09:38:04,289 [INFO] Pass: FixedPoint - 0.00429 (ms)
2026-07-13 09:38:04,289 [INFO] Total Transpile Time - 51.33700 (ms)
2026-07-13 09:38:04,289 [INFO] Pass: Optimize1qGatesDecomposition - 0.90075 (ms)
2026-07-13 09:38:04,290 [INFO] Pass: InverseCancellation - 0.00858 (ms)
2026-07-13 09:38:04,290 [INFO] Pass: GatesInBasis - 0.51403 (ms)
2026-07-13 09:38:04,290 [INFO] Pass: Depth - 0.12231 (ms)
2026-07-13 09:38:04,290 [INFO] Pass: FixedPoint - 0.00572 (ms)
2026-07-13 09:38:04,290 [INFO] Pass: Size - 0.04482 (ms)
2026-07-13 09:38:04,290 [INFO] Pass: FixedPoint - 0.00453 (ms)
2026-07-13 09:38:04,291 [INFO] Pass: Optimize1qGatesDecomposition - 0.71168 (ms)
2026-07-13 09:38:04,291 [INFO] Pass: InverseCancellation - 0.00811 (ms)
2026-07-13 09:38:04,292 [INFO] Pass: GatesInBasis - 0.52786 (ms)
2026-07-13 09:38:04,292 [INFO] Pass: Depth - 0.11778 (ms)
2026-07-13 09:38:04,292 [INFO] Pass: FixedPoint - 0.00501 (ms)
2026-07-13 09:38:04,292 [INFO] Pass: Size - 0.05054 (ms)
2026-07-13 09:38:04,292 [INFO] Pass: FixedPoint - 0.00429 (ms)
2026-07-13 09:38:04,292 [INFO] Pass: ContainsInstruction - 0.00787 (ms)
2026-07-13 09:38:04,292 [INFO] Pass: ContainsInstruction - 0.00501 (ms)
2026-07-13 09:38:04,292 [INFO] Pass: InverseCancellation - 0.14257 (ms)
2026-07-13 09:38:04,292 [INFO] Pass: UnitarySynthesis - 0.00501 (ms)
2026-07-13 09:38:04,293 [INFO] Total Transpile Time - 51.35083 (ms)
2026-07-13 09:38:04,293 [INFO] Pass: HighLevelSynthesis - 0.98419 (ms)
2026-07-13 09:38:04,294 [INFO] Pass: BasisTranslator - 0.68998 (ms)
2026-07-13 09:38:04,294 [INFO] Pass: Depth - 0.13232 (ms)
2026-07-13 09:38:04,294 [INFO] Pass: FixedPoint - 0.00858 (ms)
2026-07-13 09:38:04,294 [INFO] Pass: Size - 0.04745 (ms)
2026-07-13 09:38:04,295 [INFO] Pass: FixedPoint - 0.00453 (ms)
2026-07-13 09:38:04,295 [INFO] Pass: Optimize1qGatesDecomposition - 0.89502 (ms)
2026-07-13 09:38:04,296 [INFO] Pass: InverseCancellation - 0.00954 (ms)
2026-07-13 09:38:04,296 [INFO] Pass: GatesInBasis - 0.51141 (ms)
2026-07-13 09:38:04,296 [INFO] Pass: Depth - 0.12398 (ms)
2026-07-13 09:38:04,296 [INFO] Pass: FixedPoint - 0.00525 (ms)
2026-07-13 09:38:04,296 [INFO] Pass: Size - 0.04673 (ms)
2026-07-13 09:38:04,296 [INFO] Pass: FixedPoint - 0.00453 (ms)
2026-07-13 09:38:04,297 [INFO] Pass: Optimize1qGatesDecomposition - 0.70548 (ms)
2026-07-13 09:38:04,297 [INFO] Pass: InverseCancellation - 0.00739 (ms)
2026-07-13 09:38:04,298 [INFO] Pass: GatesInBasis - 0.52524 (ms)
2026-07-13 09:38:04,298 [INFO] Pass: Depth - 0.11921 (ms)
2026-07-13 09:38:04,298 [INFO] Pass: FixedPoint - 0.00477 (ms)
2026-07-13 09:38:04,298 [INFO] Pass: Size - 0.04435 (ms)
2026-07-13 09:38:04,298 [INFO] Pass: FixedPoint - 0.00429 (ms)
2026-07-13 09:38:04,298 [INFO] Pass: ContainsInstruction - 0.00525 (ms)
2026-07-13 09:38:04,298 [INFO] Pass: ContainsInstruction - 0.00668 (ms)
2026-07-13 09:38:04,299 [INFO] Pass: InverseCancellation - 0.14424 (ms)
2026-07-13 09:38:04,299 [INFO] Pass: UnitarySynthesis - 0.00525 (ms)
2026-07-13 09:38:04,299 [INFO] Total Transpile Time - 51.24545 (ms)
2026-07-13 09:38:04,300 [INFO] Pass: ContainsInstruction - 0.00668 (ms)
2026-07-13 09:38:04,300 [INFO] Pass: HighLevelSynthesis - 0.97823 (ms)
2026-07-13 09:38:04,300 [INFO] Pass: InverseCancellation - 0.13971 (ms)
2026-07-13 09:38:04,300 [INFO] Pass: UnitarySynthesis - 0.00477 (ms)
2026-07-13 09:38:04,300 [INFO] Pass: BasisTranslator - 0.69427 (ms)
2026-07-13 09:38:04,301 [INFO] Pass: Depth - 0.13328 (ms)
2026-07-13 09:38:04,301 [INFO] Pass: FixedPoint - 0.00811 (ms)
2026-07-13 09:38:04,301 [INFO] Pass: Size - 0.04911 (ms)
2026-07-13 09:38:04,301 [INFO] Pass: FixedPoint - 0.00453 (ms)
2026-07-13 09:38:04,301 [INFO] Pass: HighLevelSynthesis - 0.97561 (ms)
2026-07-13 09:38:04,302 [INFO] Pass: BasisTranslator - 0.67115 (ms)
2026-07-13 09:38:04,302 [INFO] Pass: Optimize1qGatesDecomposition - 0.88310 (ms)
2026-07-13 09:38:04,302 [INFO] Pass: InverseCancellation - 0.00882 (ms)
2026-07-13 09:38:04,302 [INFO] Pass: Depth - 0.13041 (ms)
2026-07-13 09:38:04,302 [INFO] Pass: FixedPoint - 0.00739 (ms)
2026-07-13 09:38:04,302 [INFO] Pass: Size - 0.04888 (ms)
2026-07-13 09:38:04,302 [INFO] Pass: FixedPoint - 0.00453 (ms)
2026-07-13 09:38:04,302 [INFO] Pass: GatesInBasis - 0.53239 (ms)
2026-07-13 09:38:04,302 [INFO] Pass: Depth - 0.12112 (ms)
2026-07-13 09:38:04,302 [INFO] Pass: FixedPoint - 0.00548 (ms)
2026-07-13 09:38:04,303 [INFO] Pass: Size - 0.04625 (ms)
2026-07-13 09:38:04,303 [INFO] Pass: FixedPoint - 0.00405 (ms)
2026-07-13 09:38:04,303 [INFO] Pass: Optimize1qGatesDecomposition - 0.88263 (ms)
2026-07-13 09:38:04,303 [INFO] Pass: InverseCancellation - 0.00834 (ms)
2026-07-13 09:38:04,303 [INFO] Pass: Optimize1qGatesDecomposition - 0.70739 (ms)
2026-07-13 09:38:04,303 [INFO] Pass: InverseCancellation - 0.00715 (ms)
2026-07-13 09:38:04,304 [INFO] Pass: GatesInBasis - 0.53596 (ms)
2026-07-13 09:38:04,304 [INFO] Pass: Depth - 0.12493 (ms)
2026-07-13 09:38:04,304 [INFO] Pass: FixedPoint - 0.00525 (ms)
2026-07-13 09:38:04,304 [INFO] Pass: Size - 0.04435 (ms)
2026-07-13 09:38:04,304 [INFO] Pass: FixedPoint - 0.00429 (ms)
2026-07-13 09:38:04,304 [INFO] Pass: GatesInBasis - 0.52667 (ms)
2026-07-13 09:38:04,304 [INFO] Pass: Depth - 0.12493 (ms)
2026-07-13 09:38:04,304 [INFO] Pass: FixedPoint - 0.00525 (ms)
2026-07-13 09:38:04,304 [INFO] Pass: Size - 0.04649 (ms)
2026-07-13 09:38:04,304 [INFO] Pass: FixedPoint - 0.00429 (ms)
2026-07-13 09:38:04,304 [INFO] Pass: ContainsInstruction - 0.00525 (ms)
2026-07-13 09:38:04,305 [INFO] Pass: Optimize1qGatesDecomposition - 0.70524 (ms)
2026-07-13 09:38:04,305 [INFO] Pass: InverseCancellation - 0.00787 (ms)
2026-07-13 09:38:04,305 [INFO] Pass: GatesInBasis - 0.53096 (ms)
2026-07-13 09:38:04,305 [INFO] Pass: Depth - 0.11778 (ms)
2026-07-13 09:38:04,305 [INFO] Total Transpile Time - 51.28932 (ms)
2026-07-13 09:38:04,305 [INFO] Pass: FixedPoint - 0.00453 (ms)
2026-07-13 09:38:04,305 [INFO] Pass: Size - 0.04458 (ms)
2026-07-13 09:38:04,306 [INFO] Pass: FixedPoint - 0.00405 (ms)
2026-07-13 09:38:04,306 [INFO] Pass: ContainsInstruction - 0.00548 (ms)
2026-07-13 09:38:04,307 [INFO] Total Transpile Time - 50.94028 (ms)
2026-07-13 09:38:33,651 [INFO] [PCE] Aer metadata (1a ejecucion de este proceso): device=CPU method=matrix_product_state shots=8192 fusion_enabled=False
2026-07-13 09:38:33,659 [INFO] [PCE] Aer metadata (1a ejecucion de este proceso): device=CPU method=matrix_product_state shots=8192 fusion_enabled=False
2026-07-13 09:38:33,676 [INFO] [PCE] Aer metadata (1a ejecucion de este proceso): device=CPU method=matrix_product_state shots=8192 fusion_enabled=False
2026-07-13 09:38:33,676 [INFO] [PCE] Aer metadata (1a ejecucion de este proceso): device=CPU method=matrix_product_state shots=8192 fusion_enabled=False
2026-07-13 09:38:33,676 [INFO] [PCE] Aer metadata (1a ejecucion de este proceso): device=CPU method=matrix_product_state shots=8192 fusion_enabled=False
2026-07-13 09:38:33,680 [INFO] [PCE] Aer metadata (1a ejecucion de este proceso): device=CPU method=matrix_product_state shots=8192 fusion_enabled=False
2026-07-13 09:38:33,682 [INFO] [PCE] Aer metadata (1a ejecucion de este proceso): device=CPU method=matrix_product_state shots=8192 fusion_enabled=False
2026-07-13 09:38:33,702 [INFO] [PCE] Aer metadata (1a ejecucion de este proceso): device=CPU method=matrix_product_state shots=8192 fusion_enabled=False
2026-07-13 09:38:33,705 [INFO] [PCE] Aer metadata (1a ejecucion de este proceso): device=CPU method=matrix_product_state shots=8192 fusion_enabled=False
2026-07-13 09:38:33,714 [INFO] [PCE] Aer metadata (1a ejecucion de este proceso): device=CPU method=matrix_product_state shots=8192 fusion_enabled=False
2026-07-13 09:38:33,720 [INFO] [PCE] Aer metadata (1a ejecucion de este proceso): device=CPU method=matrix_product_state shots=8192 fusion_enabled=False
2026-07-13 09:38:33,720 [INFO] [PCE] Aer metadata (1a ejecucion de este proceso): device=CPU method=matrix_product_state shots=8192 fusion_enabled=False
2026-07-13 09:38:33,721 [INFO] [PCE] Aer metadata (1a ejecucion de este proceso): device=CPU method=matrix_product_state shots=8192 fusion_enabled=False
2026-07-13 09:38:33,763 [INFO] [PCE] Aer metadata (1a ejecucion de este proceso): device=CPU method=matrix_product_state shots=8192 fusion_enabled=False
2026-07-13 09:38:33,771 [INFO] [PCE] Aer metadata (1a ejecucion de este proceso): device=CPU method=matrix_product_state shots=8192 fusion_enabled=False
2026-07-13 09:38:33,805 [INFO] [PCE] Aer metadata (1a ejecucion de este proceso): device=CPU method=matrix_product_state shots=8192 fusion_enabled=False
slurmstepd: error: *** JOB 8424854 ON ilk-198 CANCELLED AT 2026-07-14T09:38:23 DUE TO TIME LIMIT ***
