slurmstepd: info: Setting TMPDIR to /scratch/513605. Previous errors about TMPDIR can be discarded
==============================
RUN_ID: 20260708-092600
Array ID: 1
num_nodes: 25
num_instances: 100
optimizer: DIFFERENTIALEVOLUTION
cpus_per_task: 16
sim_device: CPU
sim_method: statevector
==============================

==============================
num_nodes    = 25
num_instances= 100
k            = 3
optimizer    = DIFFERENTIALEVOLUTION
maxiter      = 25
outdir       = Resultados/PCE/20260708-092600
shots        = 2048
==============================


✔ n=25 beta=0.7654 ± 0.0247 (PASSED) shots=2048
✔ Resultado guardado en: Resultados/PCE/20260708-092600/n_25.h5
Fecha fin: Thu Jul  9 00:28:08 CEST 2026

*****************************************************************************
*                                                                           *
*                    JOB EFFICIENCY REPORT (seff 513605)                   *
*                                                                           *
*****************************************************************************

Job ID: 513605
Array Job ID: 513534_1
Cluster: qmio
User/Group: tec_app6/cesga
State: COMPLETED (exit code 0)
Nodes: 1
Cores per node: 16
CPU Utilized: 09:38:25
CPU Efficiency: 99.18% of 09:43:12 core-walltime
Job Wall-clock time: 00:36:27
Memory Utilized: 218.11 MB
Memory Efficiency: 1.33% of 16.00 GB

 +++++++++++++++++++++++++++++++++++++++++++++++++++++++++++++++++++++++++++
 ++   Memory Efficiency is too small. Please review the requested memory. ++
 ++ It seems that you do not need that much memory so we recommend        ++
 ++ requesting less memory in other similar jobs.                         ++
 +++++++++++++++++++++++++++++++++++++++++++++++++++++++++++++++++++++++++++
 
*****************************************************************************

