slurmstepd: info: Setting TMPDIR to /scratch/513613. Previous errors about TMPDIR can be discarded
==============================
RUN_ID: 20260708-092600
Array ID: 6
num_nodes: 150
num_instances: 100
optimizer: DIFFERENTIALEVOLUTION
cpus_per_task: 16
sim_device: CPU
sim_method: statevector
==============================

==============================
num_nodes    = 150
num_instances= 100
k            = 3
optimizer    = DIFFERENTIALEVOLUTION
maxiter      = 25
outdir       = Resultados/PCE/20260708-092600
shots        = 2048
==============================


✔ n=150 beta=0.3347 ± 0.0105 (PASSED) shots=2048
✔ Resultado guardado en: Resultados/PCE/20260708-092600/n_150.h5
Fecha fin: Fri Jul 10 08:02:33 CEST 2026

*****************************************************************************
*                                                                           *
*                    JOB EFFICIENCY REPORT (seff 513613)                   *
*                                                                           *
*****************************************************************************

Job ID: 513613
Array Job ID: 513534_6
Cluster: qmio
User/Group: tec_app6/cesga
State: COMPLETED (exit code 0)
Nodes: 1
Cores per node: 16
CPU Utilized: 14-15:03:38
CPU Efficiency: 98.55% of 14-20:13:36 core-walltime
Job Wall-clock time: 22:15:51
Memory Utilized: 762.89 MB
Memory Efficiency: 4.66% of 16.00 GB

 +++++++++++++++++++++++++++++++++++++++++++++++++++++++++++++++++++++++++++
 ++   Memory Efficiency is too small. Please review the requested memory. ++
 ++ It seems that you do not need that much memory so we recommend        ++
 ++ requesting less memory in other similar jobs.                         ++
 +++++++++++++++++++++++++++++++++++++++++++++++++++++++++++++++++++++++++++
 
*****************************************************************************

