slurmstepd: info: Setting TMPDIR to /scratch/513607. Previous errors about TMPDIR can be discarded
==============================
RUN_ID: 20260708-092600
Array ID: 3
num_nodes: 75
num_instances: 100
optimizer: DIFFERENTIALEVOLUTION
cpus_per_task: 16
sim_device: CPU
sim_method: statevector
==============================

==============================
num_nodes    = 75
num_instances= 100
k            = 3
optimizer    = DIFFERENTIALEVOLUTION
maxiter      = 25
outdir       = Resultados/PCE/20260708-092600
shots        = 2048
==============================


✔ n=75 beta=0.4898 ± 0.0127 (PASSED) shots=2048
✔ Resultado guardado en: Resultados/PCE/20260708-092600/n_75.h5
Fecha fin: Thu Jul  9 06:56:18 CEST 2026

*****************************************************************************
*                                                                           *
*                    JOB EFFICIENCY REPORT (seff 513607)                   *
*                                                                           *
*****************************************************************************

Job ID: 513607
Array Job ID: 513534_3
Cluster: qmio
User/Group: tec_app6/cesga
State: COMPLETED (exit code 0)
Nodes: 1
Cores per node: 16
CPU Utilized: 2-18:56:01
CPU Efficiency: 99.18% of 2-19:29:04 core-walltime
Job Wall-clock time: 04:13:04
Memory Utilized: 374.54 MB
Memory Efficiency: 2.29% of 16.00 GB

 +++++++++++++++++++++++++++++++++++++++++++++++++++++++++++++++++++++++++++
 ++   Memory Efficiency is too small. Please review the requested memory. ++
 ++ It seems that you do not need that much memory so we recommend        ++
 ++ requesting less memory in other similar jobs.                         ++
 +++++++++++++++++++++++++++++++++++++++++++++++++++++++++++++++++++++++++++
 
*****************************************************************************

