slurmstepd: info: Setting TMPDIR to /scratch/513604. Previous errors about TMPDIR can be discarded
==============================
RUN_ID: 20260708-092600
Array ID: 0
num_nodes: 10
num_instances: 100
optimizer: DIFFERENTIALEVOLUTION
cpus_per_task: 16
sim_device: CPU
sim_method: statevector
==============================

==============================
num_nodes    = 10
num_instances= 100
k            = 3
optimizer    = DIFFERENTIALEVOLUTION
maxiter      = 25
outdir       = Resultados/PCE/20260708-092600
shots        = 2048
==============================


✔ n=10 beta=0.9167 ± 0.0332 (PASSED) shots=2048
✔ Resultado guardado en: Resultados/PCE/20260708-092600/n_10.h5
Fecha fin: Wed Jul  8 23:51:41 CEST 2026

*****************************************************************************
*                                                                           *
*                    JOB EFFICIENCY REPORT (seff 513604)                   *
*                                                                           *
*****************************************************************************

Job ID: 513604
Array Job ID: 513534_0
Cluster: qmio
User/Group: tec_app6/cesga
State: COMPLETED (exit code 0)
Nodes: 1
Cores per node: 16
CPU Utilized: 03:53:18
CPU Efficiency: 98.41% of 03:57:04 core-walltime
Job Wall-clock time: 00:14:49
Memory Utilized: 156.28 MB
Memory Efficiency: 0.95% of 16.00 GB

 +++++++++++++++++++++++++++++++++++++++++++++++++++++++++++++++++++++++++++
 ++   Memory Efficiency is too small. Please review the requested memory. ++
 ++ It seems that you do not need that much memory so we recommend        ++
 ++ requesting less memory in other similar jobs.                         ++
 +++++++++++++++++++++++++++++++++++++++++++++++++++++++++++++++++++++++++++
 
*****************************************************************************

